mkdir -p build/release && \
cd build/release && \
cmake -G "Ninja" -DFORCE_COLORED_OUTPUT=1        -DBUILD_PARQUET_EXTENSION=TRUE -DCMAKE_BUILD_TYPE=Release ../.. && \
cmake --build . --config Release
Re-run cmake no build system arguments
-- The C compiler identification is GNU 12.2.0
-- The CXX compiler identification is GNU 12.2.0
-- Detecting C compiler ABI info
-- Detecting C compiler ABI info - done
-- Check for working C compiler: /usr/bin/cc - skipped
-- Detecting C compile features
-- Detecting C compile features - done
-- Detecting CXX compiler ABI info
-- Detecting CXX compiler ABI info - done
-- Check for working CXX compiler: /usr/bin/c++ - skipped
-- Detecting CXX compile features
-- Detecting CXX compile features - done
-- Performing Test CMAKE_HAVE_LIBC_PTHREAD
-- Performing Test CMAKE_HAVE_LIBC_PTHREAD - Success
-- Found Threads: TRUE  
-- Found Git: /usr/bin/git (found version "2.39.5") 
fatal: No names found, cannot describe anything.
fatal: No names found, cannot describe anything.
-- git hash 1d59222073, version v..1-dev
-- Configuring done
-- Generating done
-- Build files have been written to: /home/bita/Project/duckdb-polr/build/release
[1/376] /usr/bin/c++ -DDUCKDB -DDUCKDB_BUILD_LIBRARY -DDUCKDB_MAIN_LIBRARY -DENABLE_CROSS_PRODUCT_REWRITE=0 -DENABLE_DEBUG_PRINT=0 -DENABLE_MEASURE_EXE_TIME=0 -DENABLE_MERGE_BACK_PLAN=0 -DENABLE_PARALLEL_EXECUTION=0 -DENABLE_QUERY_SPLIT=0 -DENABLE_SPECIFY_EST_STAT=0 -I/home/bita/Project/duckdb-polr/src/include -I/home/bita/Project/duckdb-polr/third_party/fsst -I/home/bita/Project/duckdb-polr/third_party/fmt/include -I/home/bita/Project/duckdb-polr/third_party/hyperloglog -I/home/bita/Project/duckdb-polr/third_party/fastpforlib -I/home/bita/Project/duckdb-polr/third_party/fast_float -I/home/bita/Project/duckdb-polr/third_party/re2 -I/home/bita/Project/duckdb-polr/third_party/miniz -I/home/bita/Project/duckdb-polr/third_party/utf8proc/include -I/home/bita/Project/duckdb-polr/third_party/miniparquet -I/home/bita/Project/duckdb-polr/third_party/concurrentqueue -I/home/bita/Project/duckdb-polr/third_party/pcg -I/home/bita/Project/duckdb-polr/third_party/tdigest -I/home/bita/Project/duckdb-polr/third_party/mbedtls/include -I/home/bita/Project/duckdb-polr/third_party/jaro_winkler -O3 -DNDEBUG -O3 -DNDEBUG   -fPIC -fdiagnostics-color=always -std=c++11 -MD -MT src/optimizer/pullup/CMakeFiles/duckdb_optimizer_pullup.dir/ub_duckdb_optimizer_pullup.cpp.o -MF src/optimizer/pullup/CMakeFiles/duckdb_optimizer_pullup.dir/ub_duckdb_optimizer_pullup.cpp.o.d -o src/optimizer/pullup/CMakeFiles/duckdb_optimizer_pullup.dir/ub_duckdb_optimizer_pullup.cpp.o -c /home/bita/Project/duckdb-polr/build/release/src/optimizer/pullup/ub_duckdb_optimizer_pullup.cpp
[2/376] /usr/bin/c++ -DDUCKDB -DDUCKDB_BUILD_LIBRARY -DDUCKDB_MAIN_LIBRARY -DENABLE_CROSS_PRODUCT_REWRITE=0 -DENABLE_DEBUG_PRINT=0 -DENABLE_MEASURE_EXE_TIME=0 -DENABLE_MERGE_BACK_PLAN=0 -DENABLE_PARALLEL_EXECUTION=0 -DENABLE_QUERY_SPLIT=0 -DENABLE_SPECIFY_EST_STAT=0 -I/home/bita/Project/duckdb-polr/src/include -I/home/bita/Project/duckdb-polr/third_party/fsst -I/home/bita/Project/duckdb-polr/third_party/fmt/include -I/home/bita/Project/duckdb-polr/third_party/hyperloglog -I/home/bita/Project/duckdb-polr/third_party/fastpforlib -I/home/bita/Project/duckdb-polr/third_party/fast_float -I/home/bita/Project/duckdb-polr/third_party/re2 -I/home/bita/Project/duckdb-polr/third_party/miniz -I/home/bita/Project/duckdb-polr/third_party/utf8proc/include -I/home/bita/Project/duckdb-polr/third_party/miniparquet -I/home/bita/Project/duckdb-polr/third_party/concurrentqueue -I/home/bita/Project/duckdb-polr/third_party/pcg -I/home/bita/Project/duckdb-polr/third_party/tdigest -I/home/bita/Project/duckdb-polr/third_party/mbedtls/include -I/home/bita/Project/duckdb-polr/third_party/jaro_winkler -O3 -DNDEBUG -O3 -DNDEBUG   -fPIC -fdiagnostics-color=always -std=c++11 -MD -MT src/optimizer/statistics/operator/CMakeFiles/duckdb_optimizer_statistics_op.dir/ub_duckdb_optimizer_statistics_op.cpp.o -MF src/optimizer/statistics/operator/CMakeFiles/duckdb_optimizer_statistics_op.dir/ub_duckdb_optimizer_statistics_op.cpp.o.d -o src/optimizer/statistics/operator/CMakeFiles/duckdb_optimizer_statistics_op.dir/ub_duckdb_optimizer_statistics_op.cpp.o -c /home/bita/Project/duckdb-polr/build/release/src/optimizer/statistics/operator/ub_duckdb_optimizer_statistics_op.cpp
[3/376] /usr/bin/c++ -DDUCKDB -DDUCKDB_BUILD_LIBRARY -DDUCKDB_MAIN_LIBRARY -DENABLE_CROSS_PRODUCT_REWRITE=0 -DENABLE_DEBUG_PRINT=0 -DENABLE_MEASURE_EXE_TIME=0 -DENABLE_MERGE_BACK_PLAN=0 -DENABLE_PARALLEL_EXECUTION=0 -DENABLE_QUERY_SPLIT=0 -DENABLE_SPECIFY_EST_STAT=0 -I/home/bita/Project/duckdb-polr/src/include -I/home/bita/Project/duckdb-polr/third_party/fsst -I/home/bita/Project/duckdb-polr/third_party/fmt/include -I/home/bita/Project/duckdb-polr/third_party/hyperloglog -I/home/bita/Project/duckdb-polr/third_party/fastpforlib -I/home/bita/Project/duckdb-polr/third_party/fast_float -I/home/bita/Project/duckdb-polr/third_party/re2 -I/home/bita/Project/duckdb-polr/third_party/miniz -I/home/bita/Project/duckdb-polr/third_party/utf8proc/include -I/home/bita/Project/duckdb-polr/third_party/miniparquet -I/home/bita/Project/duckdb-polr/third_party/concurrentqueue -I/home/bita/Project/duckdb-polr/third_party/pcg -I/home/bita/Project/duckdb-polr/third_party/tdigest -I/home/bita/Project/duckdb-polr/third_party/mbedtls/include -I/home/bita/Project/duckdb-polr/third_party/jaro_winkler -O3 -DNDEBUG -O3 -DNDEBUG   -fPIC -fdiagnostics-color=always -std=c++11 -MD -MT src/optimizer/matcher/CMakeFiles/duckdb_optimizer_matcher.dir/ub_duckdb_optimizer_matcher.cpp.o -MF src/optimizer/matcher/CMakeFiles/duckdb_optimizer_matcher.dir/ub_duckdb_optimizer_matcher.cpp.o.d -o src/optimizer/matcher/CMakeFiles/duckdb_optimizer_matcher.dir/ub_duckdb_optimizer_matcher.cpp.o -c /home/bita/Project/duckdb-polr/build/release/src/optimizer/matcher/ub_duckdb_optimizer_matcher.cpp
[4/376] /usr/bin/c++ -DDUCKDB -DDUCKDB_BUILD_LIBRARY -DDUCKDB_MAIN_LIBRARY -DENABLE_CROSS_PRODUCT_REWRITE=0 -DENABLE_DEBUG_PRINT=0 -DENABLE_MEASURE_EXE_TIME=0 -DENABLE_MERGE_BACK_PLAN=0 -DENABLE_PARALLEL_EXECUTION=0 -DENABLE_QUERY_SPLIT=0 -DENABLE_SPECIFY_EST_STAT=0 -I/home/bita/Project/duckdb-polr/src/include -I/home/bita/Project/duckdb-polr/third_party/fsst -I/home/bita/Project/duckdb-polr/third_party/fmt/include -I/home/bita/Project/duckdb-polr/third_party/hyperloglog -I/home/bita/Project/duckdb-polr/third_party/fastpforlib -I/home/bita/Project/duckdb-polr/third_party/fast_float -I/home/bita/Project/duckdb-polr/third_party/re2 -I/home/bita/Project/duckdb-polr/third_party/miniz -I/home/bita/Project/duckdb-polr/third_party/utf8proc/include -I/home/bita/Project/duckdb-polr/third_party/miniparquet -I/home/bita/Project/duckdb-polr/third_party/concurrentqueue -I/home/bita/Project/duckdb-polr/third_party/pcg -I/home/bita/Project/duckdb-polr/third_party/tdigest -I/home/bita/Project/duckdb-polr/third_party/mbedtls/include -I/home/bita/Project/duckdb-polr/third_party/jaro_winkler -O3 -DNDEBUG -O3 -DNDEBUG   -fPIC -fdiagnostics-color=always -std=c++11 -MD -MT src/optimizer/statistics/expression/CMakeFiles/duckdb_optimizer_statistics_expr.dir/ub_duckdb_optimizer_statistics_expr.cpp.o -MF src/optimizer/statistics/expression/CMakeFiles/duckdb_optimizer_statistics_expr.dir/ub_duckdb_optimizer_statistics_expr.cpp.o.d -o src/optimizer/statistics/expression/CMakeFiles/duckdb_optimizer_statistics_expr.dir/ub_duckdb_optimizer_statistics_expr.cpp.o -c /home/bita/Project/duckdb-polr/build/release/src/optimizer/statistics/expression/ub_duckdb_optimizer_statistics_expr.cpp
[5/376] /usr/bin/c++ -DDUCKDB -DDUCKDB_BUILD_LIBRARY -DDUCKDB_MAIN_LIBRARY -DENABLE_CROSS_PRODUCT_REWRITE=0 -DENABLE_DEBUG_PRINT=0 -DENABLE_MEASURE_EXE_TIME=0 -DENABLE_MERGE_BACK_PLAN=0 -DENABLE_PARALLEL_EXECUTION=0 -DENABLE_QUERY_SPLIT=0 -DENABLE_SPECIFY_EST_STAT=0 -I/home/bita/Project/duckdb-polr/src/include -I/home/bita/Project/duckdb-polr/third_party/fsst -I/home/bita/Project/duckdb-polr/third_party/fmt/include -I/home/bita/Project/duckdb-polr/third_party/hyperloglog -I/home/bita/Project/duckdb-polr/third_party/fastpforlib -I/home/bita/Project/duckdb-polr/third_party/fast_float -I/home/bita/Project/duckdb-polr/third_party/re2 -I/home/bita/Project/duckdb-polr/third_party/miniz -I/home/bita/Project/duckdb-polr/third_party/utf8proc/include -I/home/bita/Project/duckdb-polr/third_party/miniparquet -I/home/bita/Project/duckdb-polr/third_party/concurrentqueue -I/home/bita/Project/duckdb-polr/third_party/pcg -I/home/bita/Project/duckdb-polr/third_party/tdigest -I/home/bita/Project/duckdb-polr/third_party/mbedtls/include -I/home/bita/Project/duckdb-polr/third_party/jaro_winkler -O3 -DNDEBUG -O3 -DNDEBUG   -fPIC -fdiagnostics-color=always -std=c++11 -MD -MT src/planner/filter/CMakeFiles/duckdb_planner_filter.dir/ub_duckdb_planner_filter.cpp.o -MF src/planner/filter/CMakeFiles/duckdb_planner_filter.dir/ub_duckdb_planner_filter.cpp.o.d -o src/planner/filter/CMakeFiles/duckdb_planner_filter.dir/ub_duckdb_planner_filter.cpp.o -c /home/bita/Project/duckdb-polr/build/release/src/planner/filter/ub_duckdb_planner_filter.cpp
[6/376] /usr/bin/c++ -DDUCKDB -DDUCKDB_BUILD_LIBRARY -DDUCKDB_MAIN_LIBRARY -DENABLE_CROSS_PRODUCT_REWRITE=0 -DENABLE_DEBUG_PRINT=0 -DENABLE_MEASURE_EXE_TIME=0 -DENABLE_MERGE_BACK_PLAN=0 -DENABLE_PARALLEL_EXECUTION=0 -DENABLE_QUERY_SPLIT=0 -DENABLE_SPECIFY_EST_STAT=0 -I/home/bita/Project/duckdb-polr/src/include -I/home/bita/Project/duckdb-polr/third_party/fsst -I/home/bita/Project/duckdb-polr/third_party/fmt/include -I/home/bita/Project/duckdb-polr/third_party/hyperloglog -I/home/bita/Project/duckdb-polr/third_party/fastpforlib -I/home/bita/Project/duckdb-polr/third_party/fast_float -I/home/bita/Project/duckdb-polr/third_party/re2 -I/home/bita/Project/duckdb-polr/third_party/miniz -I/home/bita/Project/duckdb-polr/third_party/utf8proc/include -I/home/bita/Project/duckdb-polr/third_party/miniparquet -I/home/bita/Project/duckdb-polr/third_party/concurrentqueue -I/home/bita/Project/duckdb-polr/third_party/pcg -I/home/bita/Project/duckdb-polr/third_party/tdigest -I/home/bita/Project/duckdb-polr/third_party/mbedtls/include -I/home/bita/Project/duckdb-polr/third_party/jaro_winkler -O3 -DNDEBUG -O3 -DNDEBUG   -fPIC -fdiagnostics-color=always -std=c++11 -MD -MT src/optimizer/rule/CMakeFiles/duckdb_optimizer_rules.dir/ub_duckdb_optimizer_rules.cpp.o -MF src/optimizer/rule/CMakeFiles/duckdb_optimizer_rules.dir/ub_duckdb_optimizer_rules.cpp.o.d -o src/optimizer/rule/CMakeFiles/duckdb_optimizer_rules.dir/ub_duckdb_optimizer_rules.cpp.o -c /home/bita/Project/duckdb-polr/build/release/src/optimizer/rule/ub_duckdb_optimizer_rules.cpp
[7/376] /usr/bin/c++ -DDUCKDB -DDUCKDB_BUILD_LIBRARY -DDUCKDB_MAIN_LIBRARY -DENABLE_CROSS_PRODUCT_REWRITE=0 -DENABLE_DEBUG_PRINT=0 -DENABLE_MEASURE_EXE_TIME=0 -DENABLE_MERGE_BACK_PLAN=0 -DENABLE_PARALLEL_EXECUTION=0 -DENABLE_QUERY_SPLIT=0 -DENABLE_SPECIFY_EST_STAT=0 -I/home/bita/Project/duckdb-polr/src/include -I/home/bita/Project/duckdb-polr/third_party/fsst -I/home/bita/Project/duckdb-polr/third_party/fmt/include -I/home/bita/Project/duckdb-polr/third_party/hyperloglog -I/home/bita/Project/duckdb-polr/third_party/fastpforlib -I/home/bita/Project/duckdb-polr/third_party/fast_float -I/home/bita/Project/duckdb-polr/third_party/re2 -I/home/bita/Project/duckdb-polr/third_party/miniz -I/home/bita/Project/duckdb-polr/third_party/utf8proc/include -I/home/bita/Project/duckdb-polr/third_party/miniparquet -I/home/bita/Project/duckdb-polr/third_party/concurrentqueue -I/home/bita/Project/duckdb-polr/third_party/pcg -I/home/bita/Project/duckdb-polr/third_party/tdigest -I/home/bita/Project/duckdb-polr/third_party/mbedtls/include -I/home/bita/Project/duckdb-polr/third_party/jaro_winkler -O3 -DNDEBUG -O3 -DNDEBUG   -fPIC -fdiagnostics-color=always -std=c++11 -MD -MT src/optimizer/pushdown/CMakeFiles/duckdb_optimizer_pushdown.dir/ub_duckdb_optimizer_pushdown.cpp.o -MF src/optimizer/pushdown/CMakeFiles/duckdb_optimizer_pushdown.dir/ub_duckdb_optimizer_pushdown.cpp.o.d -o src/optimizer/pushdown/CMakeFiles/duckdb_optimizer_pushdown.dir/ub_duckdb_optimizer_pushdown.cpp.o -c /home/bita/Project/duckdb-polr/build/release/src/optimizer/pushdown/ub_duckdb_optimizer_pushdown.cpp
[8/376] /usr/bin/c++ -DDUCKDB -DDUCKDB_BUILD_LIBRARY -DDUCKDB_MAIN_LIBRARY -DENABLE_CROSS_PRODUCT_REWRITE=0 -DENABLE_DEBUG_PRINT=0 -DENABLE_MEASURE_EXE_TIME=0 -DENABLE_MERGE_BACK_PLAN=0 -DENABLE_PARALLEL_EXECUTION=0 -DENABLE_QUERY_SPLIT=0 -DENABLE_SPECIFY_EST_STAT=0 -I/home/bita/Project/duckdb-polr/src/include -I/home/bita/Project/duckdb-polr/third_party/fsst -I/home/bita/Project/duckdb-polr/third_party/fmt/include -I/home/bita/Project/duckdb-polr/third_party/hyperloglog -I/home/bita/Project/duckdb-polr/third_party/fastpforlib -I/home/bita/Project/duckdb-polr/third_party/fast_float -I/home/bita/Project/duckdb-polr/third_party/re2 -I/home/bita/Project/duckdb-polr/third_party/miniz -I/home/bita/Project/duckdb-polr/third_party/utf8proc/include -I/home/bita/Project/duckdb-polr/third_party/miniparquet -I/home/bita/Project/duckdb-polr/third_party/concurrentqueue -I/home/bita/Project/duckdb-polr/third_party/pcg -I/home/bita/Project/duckdb-polr/third_party/tdigest -I/home/bita/Project/duckdb-polr/third_party/mbedtls/include -I/home/bita/Project/duckdb-polr/third_party/jaro_winkler -O3 -DNDEBUG -O3 -DNDEBUG   -fPIC -fdiagnostics-color=always -std=c++11 -MD -MT src/planner/expression/CMakeFiles/duckdb_planner_expression.dir/ub_duckdb_planner_expression.cpp.o -MF src/planner/expression/CMakeFiles/duckdb_planner_expression.dir/ub_duckdb_planner_expression.cpp.o.d -o src/planner/expression/CMakeFiles/duckdb_planner_expression.dir/ub_duckdb_planner_expression.cpp.o -c /home/bita/Project/duckdb-polr/build/release/src/planner/expression/ub_duckdb_planner_expression.cpp
[9/376] /usr/bin/c++ -DDUCKDB -DDUCKDB_BUILD_LIBRARY -DDUCKDB_MAIN_LIBRARY -DENABLE_CROSS_PRODUCT_REWRITE=0 -DENABLE_DEBUG_PRINT=0 -DENABLE_MEASURE_EXE_TIME=0 -DENABLE_MERGE_BACK_PLAN=0 -DENABLE_PARALLEL_EXECUTION=0 -DENABLE_QUERY_SPLIT=0 -DENABLE_SPECIFY_EST_STAT=0 -I/home/bita/Project/duckdb-polr/src/include -I/home/bita/Project/duckdb-polr/third_party/fsst -I/home/bita/Project/duckdb-polr/third_party/fmt/include -I/home/bita/Project/duckdb-polr/third_party/hyperloglog -I/home/bita/Project/duckdb-polr/third_party/fastpforlib -I/home/bita/Project/duckdb-polr/third_party/fast_float -I/home/bita/Project/duckdb-polr/third_party/re2 -I/home/bita/Project/duckdb-polr/third_party/miniz -I/home/bita/Project/duckdb-polr/third_party/utf8proc/include -I/home/bita/Project/duckdb-polr/third_party/miniparquet -I/home/bita/Project/duckdb-polr/third_party/concurrentqueue -I/home/bita/Project/duckdb-polr/third_party/pcg -I/home/bita/Project/duckdb-polr/third_party/tdigest -I/home/bita/Project/duckdb-polr/third_party/mbedtls/include -I/home/bita/Project/duckdb-polr/third_party/jaro_winkler -O3 -DNDEBUG -O3 -DNDEBUG   -fPIC -fdiagnostics-color=always -std=c++11 -MD -MT src/planner/expression_binder/CMakeFiles/duckdb_expression_binders.dir/ub_duckdb_expression_binders.cpp.o -MF src/planner/expression_binder/CMakeFiles/duckdb_expression_binders.dir/ub_duckdb_expression_binders.cpp.o.d -o src/planner/expression_binder/CMakeFiles/duckdb_expression_binders.dir/ub_duckdb_expression_binders.cpp.o -c /home/bita/Project/duckdb-polr/build/release/src/planner/expression_binder/ub_duckdb_expression_binders.cpp
[10/376] /usr/bin/c++ -DDUCKDB -DDUCKDB_BUILD_LIBRARY -DDUCKDB_MAIN_LIBRARY -DENABLE_CROSS_PRODUCT_REWRITE=0 -DENABLE_DEBUG_PRINT=0 -DENABLE_MEASURE_EXE_TIME=0 -DENABLE_MERGE_BACK_PLAN=0 -DENABLE_PARALLEL_EXECUTION=0 -DENABLE_QUERY_SPLIT=0 -DENABLE_SPECIFY_EST_STAT=0 -I/home/bita/Project/duckdb-polr/src/include -I/home/bita/Project/duckdb-polr/third_party/fsst -I/home/bita/Project/duckdb-polr/third_party/fmt/include -I/home/bita/Project/duckdb-polr/third_party/hyperloglog -I/home/bita/Project/duckdb-polr/third_party/fastpforlib -I/home/bita/Project/duckdb-polr/third_party/fast_float -I/home/bita/Project/duckdb-polr/third_party/re2 -I/home/bita/Project/duckdb-polr/third_party/miniz -I/home/bita/Project/duckdb-polr/third_party/utf8proc/include -I/home/bita/Project/duckdb-polr/third_party/miniparquet -I/home/bita/Project/duckdb-polr/third_party/concurrentqueue -I/home/bita/Project/duckdb-polr/third_party/pcg -I/home/bita/Project/duckdb-polr/third_party/tdigest -I/home/bita/Project/duckdb-polr/third_party/mbedtls/include -I/home/bita/Project/duckdb-polr/third_party/jaro_winkler -O3 -DNDEBUG -O3 -DNDEBUG   -fPIC -fdiagnostics-color=always -std=c++11 -MD -MT src/planner/parsed_data/CMakeFiles/duckdb_planner_parsed_data.dir/ub_duckdb_planner_parsed_data.cpp.o -MF src/planner/parsed_data/CMakeFiles/duckdb_planner_parsed_data.dir/ub_duckdb_planner_parsed_data.cpp.o.d -o src/planner/parsed_data/CMakeFiles/duckdb_planner_parsed_data.dir/ub_duckdb_planner_parsed_data.cpp.o -c /home/bita/Project/duckdb-polr/build/release/src/planner/parsed_data/ub_duckdb_planner_parsed_data.cpp
[11/376] /usr/bin/c++ -DDUCKDB -DDUCKDB_BUILD_LIBRARY -DDUCKDB_MAIN_LIBRARY -DENABLE_CROSS_PRODUCT_REWRITE=0 -DENABLE_DEBUG_PRINT=0 -DENABLE_MEASURE_EXE_TIME=0 -DENABLE_MERGE_BACK_PLAN=0 -DENABLE_PARALLEL_EXECUTION=0 -DENABLE_QUERY_SPLIT=0 -DENABLE_SPECIFY_EST_STAT=0 -I/home/bita/Project/duckdb-polr/src/include -I/home/bita/Project/duckdb-polr/third_party/fsst -I/home/bita/Project/duckdb-polr/third_party/fmt/include -I/home/bita/Project/duckdb-polr/third_party/hyperloglog -I/home/bita/Project/duckdb-polr/third_party/fastpforlib -I/home/bita/Project/duckdb-polr/third_party/fast_float -I/home/bita/Project/duckdb-polr/third_party/re2 -I/home/bita/Project/duckdb-polr/third_party/miniz -I/home/bita/Project/duckdb-polr/third_party/utf8proc/include -I/home/bita/Project/duckdb-polr/third_party/miniparquet -I/home/bita/Project/duckdb-polr/third_party/concurrentqueue -I/home/bita/Project/duckdb-polr/third_party/pcg -I/home/bita/Project/duckdb-polr/third_party/tdigest -I/home/bita/Project/duckdb-polr/third_party/mbedtls/include -I/home/bita/Project/duckdb-polr/third_party/jaro_winkler -I/home/bita/Project/duckdb-polr/src/parser/../../third_party/libpg_query/include -I/home/bita/Project/duckdb-polr/src/parser/../../third_party/libpg_query -O3 -DNDEBUG -O3 -DNDEBUG   -fPIC -fdiagnostics-color=always -std=c++11 -MD -MT src/parser/constraints/CMakeFiles/duckdb_constraints.dir/ub_duckdb_constraints.cpp.o -MF src/parser/constraints/CMakeFiles/duckdb_constraints.dir/ub_duckdb_constraints.cpp.o.d -o src/parser/constraints/CMakeFiles/duckdb_constraints.dir/ub_duckdb_constraints.cpp.o -c /home/bita/Project/duckdb-polr/build/release/src/parser/constraints/ub_duckdb_constraints.cpp
[12/376] /usr/bin/c++ -DDUCKDB -DDUCKDB_BUILD_LIBRARY -DDUCKDB_MAIN_LIBRARY -DENABLE_CROSS_PRODUCT_REWRITE=0 -DENABLE_DEBUG_PRINT=0 -DENABLE_MEASURE_EXE_TIME=0 -DENABLE_MERGE_BACK_PLAN=0 -DENABLE_PARALLEL_EXECUTION=0 -DENABLE_QUERY_SPLIT=0 -DENABLE_SPECIFY_EST_STAT=0 -I/home/bita/Project/duckdb-polr/src/include -I/home/bita/Project/duckdb-polr/third_party/fsst -I/home/bita/Project/duckdb-polr/third_party/fmt/include -I/home/bita/Project/duckdb-polr/third_party/hyperloglog -I/home/bita/Project/duckdb-polr/third_party/fastpforlib -I/home/bita/Project/duckdb-polr/third_party/fast_float -I/home/bita/Project/duckdb-polr/third_party/re2 -I/home/bita/Project/duckdb-polr/third_party/miniz -I/home/bita/Project/duckdb-polr/third_party/utf8proc/include -I/home/bita/Project/duckdb-polr/third_party/miniparquet -I/home/bita/Project/duckdb-polr/third_party/concurrentqueue -I/home/bita/Project/duckdb-polr/third_party/pcg -I/home/bita/Project/duckdb-polr/third_party/tdigest -I/home/bita/Project/duckdb-polr/third_party/mbedtls/include -I/home/bita/Project/duckdb-polr/third_party/jaro_winkler -O3 -DNDEBUG -O3 -DNDEBUG   -fPIC -fdiagnostics-color=always -std=c++11 -MD -MT src/planner/binder/expression/CMakeFiles/duckdb_bind_expression.dir/ub_duckdb_bind_expression.cpp.o -MF src/planner/binder/expression/CMakeFiles/duckdb_bind_expression.dir/ub_duckdb_bind_expression.cpp.o.d -o src/planner/binder/expression/CMakeFiles/duckdb_bind_expression.dir/ub_duckdb_bind_expression.cpp.o -c /home/bita/Project/duckdb-polr/build/release/src/planner/binder/expression/ub_duckdb_bind_expression.cpp
[13/376] /usr/bin/c++ -DDUCKDB -DDUCKDB_BUILD_LIBRARY -DDUCKDB_MAIN_LIBRARY -DENABLE_CROSS_PRODUCT_REWRITE=0 -DENABLE_DEBUG_PRINT=0 -DENABLE_MEASURE_EXE_TIME=0 -DENABLE_MERGE_BACK_PLAN=0 -DENABLE_PARALLEL_EXECUTION=0 -DENABLE_QUERY_SPLIT=0 -DENABLE_SPECIFY_EST_STAT=0 -I/home/bita/Project/duckdb-polr/src/include -I/home/bita/Project/duckdb-polr/third_party/fsst -I/home/bita/Project/duckdb-polr/third_party/fmt/include -I/home/bita/Project/duckdb-polr/third_party/hyperloglog -I/home/bita/Project/duckdb-polr/third_party/fastpforlib -I/home/bita/Project/duckdb-polr/third_party/fast_float -I/home/bita/Project/duckdb-polr/third_party/re2 -I/home/bita/Project/duckdb-polr/third_party/miniz -I/home/bita/Project/duckdb-polr/third_party/utf8proc/include -I/home/bita/Project/duckdb-polr/third_party/miniparquet -I/home/bita/Project/duckdb-polr/third_party/concurrentqueue -I/home/bita/Project/duckdb-polr/third_party/pcg -I/home/bita/Project/duckdb-polr/third_party/tdigest -I/home/bita/Project/duckdb-polr/third_party/mbedtls/include -I/home/bita/Project/duckdb-polr/third_party/jaro_winkler -O3 -DNDEBUG -O3 -DNDEBUG   -fPIC -fdiagnostics-color=always -std=c++11 -MD -MT src/optimizer/query_split/CMakeFiles/duckdb_optimizer_query_split.dir/ub_duckdb_optimizer_query_split.cpp.o -MF src/optimizer/query_split/CMakeFiles/duckdb_optimizer_query_split.dir/ub_duckdb_optimizer_query_split.cpp.o.d -o src/optimizer/query_split/CMakeFiles/duckdb_optimizer_query_split.dir/ub_duckdb_optimizer_query_split.cpp.o -c /home/bita/Project/duckdb-polr/build/release/src/optimizer/query_split/ub_duckdb_optimizer_query_split.cpp
In file included from /home/bita/Project/duckdb-polr/build/release/src/optimizer/query_split/ub_duckdb_optimizer_query_split.cpp:4:
/home/bita/Project/duckdb-polr/src/optimizer/query_split/foreign_key_center.cpp: In lambda function:
/home/bita/Project/duckdb-polr/src/optimizer/query_split/foreign_key_center.cpp:205:61: warning: init-statement in selection statements only available with ‘-std=c++17’ or ‘-std=gnu++17’ [-Wc++17-extensions]
  205 |                                                         if (auto find_left = std::find_if(
      |                                                             ^~~~
In file included from /home/bita/Project/duckdb-polr/build/release/src/optimizer/query_split/ub_duckdb_optimizer_query_split.cpp:3:
/home/bita/Project/duckdb-polr/src/optimizer/query_split/query_split_util.cpp: In function ‘duckdb::ColumnBinding& duckdb::GetRefColumnBinding(std::unique_ptr<Expression>&)’:
/home/bita/Project/duckdb-polr/src/optimizer/query_split/query_split_util.cpp:152:88: warning: control reaches end of non-void function [-Wreturn-type]
  152 |                 Printer::Print("Doesn't support " + ExpressionTypeToString(expr->type) + " in GetColumnBinding yet!");
      |                                ~~~~~~~~~~~~~~~~~~~~~~~~~~~~~~~~~~~~~~~~~~~~~~~~~~~~~~~~^~~~~~~~~~~~~~~~~~~~~~~~~~~~~
[14/376] /usr/bin/c++ -DDUCKDB -DDUCKDB_BUILD_LIBRARY -DDUCKDB_MAIN_LIBRARY -DENABLE_CROSS_PRODUCT_REWRITE=0 -DENABLE_DEBUG_PRINT=0 -DENABLE_MEASURE_EXE_TIME=0 -DENABLE_MERGE_BACK_PLAN=0 -DENABLE_PARALLEL_EXECUTION=0 -DENABLE_QUERY_SPLIT=0 -DENABLE_SPECIFY_EST_STAT=0 -I/home/bita/Project/duckdb-polr/src/include -I/home/bita/Project/duckdb-polr/third_party/fsst -I/home/bita/Project/duckdb-polr/third_party/fmt/include -I/home/bita/Project/duckdb-polr/third_party/hyperloglog -I/home/bita/Project/duckdb-polr/third_party/fastpforlib -I/home/bita/Project/duckdb-polr/third_party/fast_float -I/home/bita/Project/duckdb-polr/third_party/re2 -I/home/bita/Project/duckdb-polr/third_party/miniz -I/home/bita/Project/duckdb-polr/third_party/utf8proc/include -I/home/bita/Project/duckdb-polr/third_party/miniparquet -I/home/bita/Project/duckdb-polr/third_party/concurrentqueue -I/home/bita/Project/duckdb-polr/third_party/pcg -I/home/bita/Project/duckdb-polr/third_party/tdigest -I/home/bita/Project/duckdb-polr/third_party/mbedtls/include -I/home/bita/Project/duckdb-polr/third_party/jaro_winkler -O3 -DNDEBUG -O3 -DNDEBUG   -fPIC -fdiagnostics-color=always -std=c++11 -MD -MT src/optimizer/join_order/CMakeFiles/duckdb_optimizer_join_order.dir/ub_duckdb_optimizer_join_order.cpp.o -MF src/optimizer/join_order/CMakeFiles/duckdb_optimizer_join_order.dir/ub_duckdb_optimizer_join_order.cpp.o.d -o src/optimizer/join_order/CMakeFiles/duckdb_optimizer_join_order.dir/ub_duckdb_optimizer_join_order.cpp.o -c /home/bita/Project/duckdb-polr/build/release/src/optimizer/join_order/ub_duckdb_optimizer_join_order.cpp
[15/376] /usr/bin/c++ -DDUCKDB -DDUCKDB_BUILD_LIBRARY -DDUCKDB_MAIN_LIBRARY -DENABLE_CROSS_PRODUCT_REWRITE=0 -DENABLE_DEBUG_PRINT=0 -DENABLE_MEASURE_EXE_TIME=0 -DENABLE_MERGE_BACK_PLAN=0 -DENABLE_PARALLEL_EXECUTION=0 -DENABLE_QUERY_SPLIT=0 -DENABLE_SPECIFY_EST_STAT=0 -I/home/bita/Project/duckdb-polr/src/include -I/home/bita/Project/duckdb-polr/third_party/fsst -I/home/bita/Project/duckdb-polr/third_party/fmt/include -I/home/bita/Project/duckdb-polr/third_party/hyperloglog -I/home/bita/Project/duckdb-polr/third_party/fastpforlib -I/home/bita/Project/duckdb-polr/third_party/fast_float -I/home/bita/Project/duckdb-polr/third_party/re2 -I/home/bita/Project/duckdb-polr/third_party/miniz -I/home/bita/Project/duckdb-polr/third_party/utf8proc/include -I/home/bita/Project/duckdb-polr/third_party/miniparquet -I/home/bita/Project/duckdb-polr/third_party/concurrentqueue -I/home/bita/Project/duckdb-polr/third_party/pcg -I/home/bita/Project/duckdb-polr/third_party/tdigest -I/home/bita/Project/duckdb-polr/third_party/mbedtls/include -I/home/bita/Project/duckdb-polr/third_party/jaro_winkler -O3 -DNDEBUG -O3 -DNDEBUG   -fPIC -fdiagnostics-color=always -std=c++11 -MD -MT src/planner/binder/tableref/CMakeFiles/duckdb_bind_tableref.dir/ub_duckdb_bind_tableref.cpp.o -MF src/planner/binder/tableref/CMakeFiles/duckdb_bind_tableref.dir/ub_duckdb_bind_tableref.cpp.o.d -o src/planner/binder/tableref/CMakeFiles/duckdb_bind_tableref.dir/ub_duckdb_bind_tableref.cpp.o -c /home/bita/Project/duckdb-polr/build/release/src/planner/binder/tableref/ub_duckdb_bind_tableref.cpp
[16/376] /usr/bin/c++ -DDUCKDB -DDUCKDB_BUILD_LIBRARY -DDUCKDB_MAIN_LIBRARY -DENABLE_CROSS_PRODUCT_REWRITE=0 -DENABLE_DEBUG_PRINT=0 -DENABLE_MEASURE_EXE_TIME=0 -DENABLE_MERGE_BACK_PLAN=0 -DENABLE_PARALLEL_EXECUTION=0 -DENABLE_QUERY_SPLIT=0 -DENABLE_SPECIFY_EST_STAT=0 -I/home/bita/Project/duckdb-polr/src/include -I/home/bita/Project/duckdb-polr/third_party/fsst -I/home/bita/Project/duckdb-polr/third_party/fmt/include -I/home/bita/Project/duckdb-polr/third_party/hyperloglog -I/home/bita/Project/duckdb-polr/third_party/fastpforlib -I/home/bita/Project/duckdb-polr/third_party/fast_float -I/home/bita/Project/duckdb-polr/third_party/re2 -I/home/bita/Project/duckdb-polr/third_party/miniz -I/home/bita/Project/duckdb-polr/third_party/utf8proc/include -I/home/bita/Project/duckdb-polr/third_party/miniparquet -I/home/bita/Project/duckdb-polr/third_party/concurrentqueue -I/home/bita/Project/duckdb-polr/third_party/pcg -I/home/bita/Project/duckdb-polr/third_party/tdigest -I/home/bita/Project/duckdb-polr/third_party/mbedtls/include -I/home/bita/Project/duckdb-polr/third_party/jaro_winkler -O3 -DNDEBUG -O3 -DNDEBUG   -fPIC -fdiagnostics-color=always -std=c++11 -MD -MT src/planner/binder/query_node/CMakeFiles/duckdb_bind_query_node.dir/ub_duckdb_bind_query_node.cpp.o -MF src/planner/binder/query_node/CMakeFiles/duckdb_bind_query_node.dir/ub_duckdb_bind_query_node.cpp.o.d -o src/planner/binder/query_node/CMakeFiles/duckdb_bind_query_node.dir/ub_duckdb_bind_query_node.cpp.o -c /home/bita/Project/duckdb-polr/build/release/src/planner/binder/query_node/ub_duckdb_bind_query_node.cpp
[17/376] /usr/bin/c++ -DDUCKDB -DDUCKDB_BUILD_LIBRARY -DDUCKDB_MAIN_LIBRARY -DENABLE_CROSS_PRODUCT_REWRITE=0 -DENABLE_DEBUG_PRINT=0 -DENABLE_MEASURE_EXE_TIME=0 -DENABLE_MERGE_BACK_PLAN=0 -DENABLE_PARALLEL_EXECUTION=0 -DENABLE_QUERY_SPLIT=0 -DENABLE_SPECIFY_EST_STAT=0 -I/home/bita/Project/duckdb-polr/src/include -I/home/bita/Project/duckdb-polr/third_party/fsst -I/home/bita/Project/duckdb-polr/third_party/fmt/include -I/home/bita/Project/duckdb-polr/third_party/hyperloglog -I/home/bita/Project/duckdb-polr/third_party/fastpforlib -I/home/bita/Project/duckdb-polr/third_party/fast_float -I/home/bita/Project/duckdb-polr/third_party/re2 -I/home/bita/Project/duckdb-polr/third_party/miniz -I/home/bita/Project/duckdb-polr/third_party/utf8proc/include -I/home/bita/Project/duckdb-polr/third_party/miniparquet -I/home/bita/Project/duckdb-polr/third_party/concurrentqueue -I/home/bita/Project/duckdb-polr/third_party/pcg -I/home/bita/Project/duckdb-polr/third_party/tdigest -I/home/bita/Project/duckdb-polr/third_party/mbedtls/include -I/home/bita/Project/duckdb-polr/third_party/jaro_winkler -O3 -DNDEBUG -O3 -DNDEBUG   -fPIC -fdiagnostics-color=always -std=c++11 -MD -MT src/planner/subquery/CMakeFiles/duckdb_planner_subquery.dir/ub_duckdb_planner_subquery.cpp.o -MF src/planner/subquery/CMakeFiles/duckdb_planner_subquery.dir/ub_duckdb_planner_subquery.cpp.o.d -o src/planner/subquery/CMakeFiles/duckdb_planner_subquery.dir/ub_duckdb_planner_subquery.cpp.o -c /home/bita/Project/duckdb-polr/build/release/src/planner/subquery/ub_duckdb_planner_subquery.cpp
[18/376] /usr/bin/c++ -DDUCKDB -DDUCKDB_BUILD_LIBRARY -DDUCKDB_MAIN_LIBRARY -DENABLE_CROSS_PRODUCT_REWRITE=0 -DENABLE_DEBUG_PRINT=0 -DENABLE_MEASURE_EXE_TIME=0 -DENABLE_MERGE_BACK_PLAN=0 -DENABLE_PARALLEL_EXECUTION=0 -DENABLE_QUERY_SPLIT=0 -DENABLE_SPECIFY_EST_STAT=0 -I/home/bita/Project/duckdb-polr/src/include -I/home/bita/Project/duckdb-polr/third_party/fsst -I/home/bita/Project/duckdb-polr/third_party/fmt/include -I/home/bita/Project/duckdb-polr/third_party/hyperloglog -I/home/bita/Project/duckdb-polr/third_party/fastpforlib -I/home/bita/Project/duckdb-polr/third_party/fast_float -I/home/bita/Project/duckdb-polr/third_party/re2 -I/home/bita/Project/duckdb-polr/third_party/miniz -I/home/bita/Project/duckdb-polr/third_party/utf8proc/include -I/home/bita/Project/duckdb-polr/third_party/miniparquet -I/home/bita/Project/duckdb-polr/third_party/concurrentqueue -I/home/bita/Project/duckdb-polr/third_party/pcg -I/home/bita/Project/duckdb-polr/third_party/tdigest -I/home/bita/Project/duckdb-polr/third_party/mbedtls/include -I/home/bita/Project/duckdb-polr/third_party/jaro_winkler -I/home/bita/Project/duckdb-polr/src/parser/../../third_party/libpg_query/include -I/home/bita/Project/duckdb-polr/src/parser/../../third_party/libpg_query -O3 -DNDEBUG -O3 -DNDEBUG   -fPIC -fdiagnostics-color=always -std=c++11 -MD -MT src/parser/transform/constraint/CMakeFiles/duckdb_transformer_constraint.dir/ub_duckdb_transformer_constraint.cpp.o -MF src/parser/transform/constraint/CMakeFiles/duckdb_transformer_constraint.dir/ub_duckdb_transformer_constraint.cpp.o.d -o src/parser/transform/constraint/CMakeFiles/duckdb_transformer_constraint.dir/ub_duckdb_transformer_constraint.cpp.o -c /home/bita/Project/duckdb-polr/build/release/src/parser/transform/constraint/ub_duckdb_transformer_constraint.cpp
[19/376] /usr/bin/c++ -DDUCKDB -DDUCKDB_BUILD_LIBRARY -DDUCKDB_MAIN_LIBRARY -DENABLE_CROSS_PRODUCT_REWRITE=0 -DENABLE_DEBUG_PRINT=0 -DENABLE_MEASURE_EXE_TIME=0 -DENABLE_MERGE_BACK_PLAN=0 -DENABLE_PARALLEL_EXECUTION=0 -DENABLE_QUERY_SPLIT=0 -DENABLE_SPECIFY_EST_STAT=0 -I/home/bita/Project/duckdb-polr/src/include -I/home/bita/Project/duckdb-polr/third_party/fsst -I/home/bita/Project/duckdb-polr/third_party/fmt/include -I/home/bita/Project/duckdb-polr/third_party/hyperloglog -I/home/bita/Project/duckdb-polr/third_party/fastpforlib -I/home/bita/Project/duckdb-polr/third_party/fast_float -I/home/bita/Project/duckdb-polr/third_party/re2 -I/home/bita/Project/duckdb-polr/third_party/miniz -I/home/bita/Project/duckdb-polr/third_party/utf8proc/include -I/home/bita/Project/duckdb-polr/third_party/miniparquet -I/home/bita/Project/duckdb-polr/third_party/concurrentqueue -I/home/bita/Project/duckdb-polr/third_party/pcg -I/home/bita/Project/duckdb-polr/third_party/tdigest -I/home/bita/Project/duckdb-polr/third_party/mbedtls/include -I/home/bita/Project/duckdb-polr/third_party/jaro_winkler -I/home/bita/Project/duckdb-polr/src/parser/../../third_party/libpg_query/include -I/home/bita/Project/duckdb-polr/src/parser/../../third_party/libpg_query -O3 -DNDEBUG -O3 -DNDEBUG   -fPIC -fdiagnostics-color=always -std=c++11 -MD -MT src/parser/query_node/CMakeFiles/duckdb_query_node.dir/ub_duckdb_query_node.cpp.o -MF src/parser/query_node/CMakeFiles/duckdb_query_node.dir/ub_duckdb_query_node.cpp.o.d -o src/parser/query_node/CMakeFiles/duckdb_query_node.dir/ub_duckdb_query_node.cpp.o -c /home/bita/Project/duckdb-polr/build/release/src/parser/query_node/ub_duckdb_query_node.cpp
[20/376] /usr/bin/c++ -DDUCKDB -DDUCKDB_BUILD_LIBRARY -DDUCKDB_MAIN_LIBRARY -DENABLE_CROSS_PRODUCT_REWRITE=0 -DENABLE_DEBUG_PRINT=0 -DENABLE_MEASURE_EXE_TIME=0 -DENABLE_MERGE_BACK_PLAN=0 -DENABLE_PARALLEL_EXECUTION=0 -DENABLE_QUERY_SPLIT=0 -DENABLE_SPECIFY_EST_STAT=0 -I/home/bita/Project/duckdb-polr/src/include -I/home/bita/Project/duckdb-polr/third_party/fsst -I/home/bita/Project/duckdb-polr/third_party/fmt/include -I/home/bita/Project/duckdb-polr/third_party/hyperloglog -I/home/bita/Project/duckdb-polr/third_party/fastpforlib -I/home/bita/Project/duckdb-polr/third_party/fast_float -I/home/bita/Project/duckdb-polr/third_party/re2 -I/home/bita/Project/duckdb-polr/third_party/miniz -I/home/bita/Project/duckdb-polr/third_party/utf8proc/include -I/home/bita/Project/duckdb-polr/third_party/miniparquet -I/home/bita/Project/duckdb-polr/third_party/concurrentqueue -I/home/bita/Project/duckdb-polr/third_party/pcg -I/home/bita/Project/duckdb-polr/third_party/tdigest -I/home/bita/Project/duckdb-polr/third_party/mbedtls/include -I/home/bita/Project/duckdb-polr/third_party/jaro_winkler -I/home/bita/Project/duckdb-polr/src/parser/../../third_party/libpg_query/include -I/home/bita/Project/duckdb-polr/src/parser/../../third_party/libpg_query -O3 -DNDEBUG -O3 -DNDEBUG   -fPIC -fdiagnostics-color=always -std=c++11 -MD -MT src/parser/tableref/CMakeFiles/duckdb_parser_tableref.dir/ub_duckdb_parser_tableref.cpp.o -MF src/parser/tableref/CMakeFiles/duckdb_parser_tableref.dir/ub_duckdb_parser_tableref.cpp.o.d -o src/parser/tableref/CMakeFiles/duckdb_parser_tableref.dir/ub_duckdb_parser_tableref.cpp.o -c /home/bita/Project/duckdb-polr/build/release/src/parser/tableref/ub_duckdb_parser_tableref.cpp
[21/376] /usr/bin/c++ -DDUCKDB -DDUCKDB_BUILD_LIBRARY -DDUCKDB_MAIN_LIBRARY -DENABLE_CROSS_PRODUCT_REWRITE=0 -DENABLE_DEBUG_PRINT=0 -DENABLE_MEASURE_EXE_TIME=0 -DENABLE_MERGE_BACK_PLAN=0 -DENABLE_PARALLEL_EXECUTION=0 -DENABLE_QUERY_SPLIT=0 -DENABLE_SPECIFY_EST_STAT=0 -I/home/bita/Project/duckdb-polr/src/include -I/home/bita/Project/duckdb-polr/third_party/fsst -I/home/bita/Project/duckdb-polr/third_party/fmt/include -I/home/bita/Project/duckdb-polr/third_party/hyperloglog -I/home/bita/Project/duckdb-polr/third_party/fastpforlib -I/home/bita/Project/duckdb-polr/third_party/fast_float -I/home/bita/Project/duckdb-polr/third_party/re2 -I/home/bita/Project/duckdb-polr/third_party/miniz -I/home/bita/Project/duckdb-polr/third_party/utf8proc/include -I/home/bita/Project/duckdb-polr/third_party/miniparquet -I/home/bita/Project/duckdb-polr/third_party/concurrentqueue -I/home/bita/Project/duckdb-polr/third_party/pcg -I/home/bita/Project/duckdb-polr/third_party/tdigest -I/home/bita/Project/duckdb-polr/third_party/mbedtls/include -I/home/bita/Project/duckdb-polr/third_party/jaro_winkler -I/home/bita/Project/duckdb-polr/src/parser/../../third_party/libpg_query/include -I/home/bita/Project/duckdb-polr/src/parser/../../third_party/libpg_query -O3 -DNDEBUG -O3 -DNDEBUG   -fPIC -fdiagnostics-color=always -std=c++11 -MD -MT src/parser/transform/tableref/CMakeFiles/duckdb_transformer_tableref.dir/ub_duckdb_transformer_tableref.cpp.o -MF src/parser/transform/tableref/CMakeFiles/duckdb_transformer_tableref.dir/ub_duckdb_transformer_tableref.cpp.o.d -o src/parser/transform/tableref/CMakeFiles/duckdb_transformer_tableref.dir/ub_duckdb_transformer_tableref.cpp.o -c /home/bita/Project/duckdb-polr/build/release/src/parser/transform/tableref/ub_duckdb_transformer_tableref.cpp
[22/376] /usr/bin/c++ -DDUCKDB -DDUCKDB_BUILD_LIBRARY -DDUCKDB_MAIN_LIBRARY -DENABLE_CROSS_PRODUCT_REWRITE=0 -DENABLE_DEBUG_PRINT=0 -DENABLE_MEASURE_EXE_TIME=0 -DENABLE_MERGE_BACK_PLAN=0 -DENABLE_PARALLEL_EXECUTION=0 -DENABLE_QUERY_SPLIT=0 -DENABLE_SPECIFY_EST_STAT=0 -I/home/bita/Project/duckdb-polr/src/include -I/home/bita/Project/duckdb-polr/third_party/fsst -I/home/bita/Project/duckdb-polr/third_party/fmt/include -I/home/bita/Project/duckdb-polr/third_party/hyperloglog -I/home/bita/Project/duckdb-polr/third_party/fastpforlib -I/home/bita/Project/duckdb-polr/third_party/fast_float -I/home/bita/Project/duckdb-polr/third_party/re2 -I/home/bita/Project/duckdb-polr/third_party/miniz -I/home/bita/Project/duckdb-polr/third_party/utf8proc/include -I/home/bita/Project/duckdb-polr/third_party/miniparquet -I/home/bita/Project/duckdb-polr/third_party/concurrentqueue -I/home/bita/Project/duckdb-polr/third_party/pcg -I/home/bita/Project/duckdb-polr/third_party/tdigest -I/home/bita/Project/duckdb-polr/third_party/mbedtls/include -I/home/bita/Project/duckdb-polr/third_party/jaro_winkler -I/home/bita/Project/duckdb-polr/src/parser/../../third_party/libpg_query/include -I/home/bita/Project/duckdb-polr/src/parser/../../third_party/libpg_query -O3 -DNDEBUG -O3 -DNDEBUG   -fPIC -fdiagnostics-color=always -std=c++11 -MD -MT src/parser/expression/CMakeFiles/duckdb_expression.dir/ub_duckdb_expression.cpp.o -MF src/parser/expression/CMakeFiles/duckdb_expression.dir/ub_duckdb_expression.cpp.o.d -o src/parser/expression/CMakeFiles/duckdb_expression.dir/ub_duckdb_expression.cpp.o -c /home/bita/Project/duckdb-polr/build/release/src/parser/expression/ub_duckdb_expression.cpp
[23/376] /usr/bin/c++ -DDUCKDB -DDUCKDB_BUILD_LIBRARY -DDUCKDB_MAIN_LIBRARY -DENABLE_CROSS_PRODUCT_REWRITE=0 -DENABLE_DEBUG_PRINT=0 -DENABLE_MEASURE_EXE_TIME=0 -DENABLE_MERGE_BACK_PLAN=0 -DENABLE_PARALLEL_EXECUTION=0 -DENABLE_QUERY_SPLIT=0 -DENABLE_SPECIFY_EST_STAT=0 -I/home/bita/Project/duckdb-polr/src/include -I/home/bita/Project/duckdb-polr/third_party/fsst -I/home/bita/Project/duckdb-polr/third_party/fmt/include -I/home/bita/Project/duckdb-polr/third_party/hyperloglog -I/home/bita/Project/duckdb-polr/third_party/fastpforlib -I/home/bita/Project/duckdb-polr/third_party/fast_float -I/home/bita/Project/duckdb-polr/third_party/re2 -I/home/bita/Project/duckdb-polr/third_party/miniz -I/home/bita/Project/duckdb-polr/third_party/utf8proc/include -I/home/bita/Project/duckdb-polr/third_party/miniparquet -I/home/bita/Project/duckdb-polr/third_party/concurrentqueue -I/home/bita/Project/duckdb-polr/third_party/pcg -I/home/bita/Project/duckdb-polr/third_party/tdigest -I/home/bita/Project/duckdb-polr/third_party/mbedtls/include -I/home/bita/Project/duckdb-polr/third_party/jaro_winkler -I/home/bita/Project/duckdb-polr/src/parser/../../third_party/libpg_query/include -I/home/bita/Project/duckdb-polr/src/parser/../../third_party/libpg_query -O3 -DNDEBUG -O3 -DNDEBUG   -fPIC -fdiagnostics-color=always -std=c++11 -MD -MT src/parser/CMakeFiles/duckdb_parser.dir/ub_duckdb_parser.cpp.o -MF src/parser/CMakeFiles/duckdb_parser.dir/ub_duckdb_parser.cpp.o.d -o src/parser/CMakeFiles/duckdb_parser.dir/ub_duckdb_parser.cpp.o -c /home/bita/Project/duckdb-polr/build/release/src/parser/ub_duckdb_parser.cpp
[24/376] /usr/bin/c++ -DDUCKDB -DDUCKDB_BUILD_LIBRARY -DDUCKDB_MAIN_LIBRARY -DENABLE_CROSS_PRODUCT_REWRITE=0 -DENABLE_DEBUG_PRINT=0 -DENABLE_MEASURE_EXE_TIME=0 -DENABLE_MERGE_BACK_PLAN=0 -DENABLE_PARALLEL_EXECUTION=0 -DENABLE_QUERY_SPLIT=0 -DENABLE_SPECIFY_EST_STAT=0 -I/home/bita/Project/duckdb-polr/src/include -I/home/bita/Project/duckdb-polr/third_party/fsst -I/home/bita/Project/duckdb-polr/third_party/fmt/include -I/home/bita/Project/duckdb-polr/third_party/hyperloglog -I/home/bita/Project/duckdb-polr/third_party/fastpforlib -I/home/bita/Project/duckdb-polr/third_party/fast_float -I/home/bita/Project/duckdb-polr/third_party/re2 -I/home/bita/Project/duckdb-polr/third_party/miniz -I/home/bita/Project/duckdb-polr/third_party/utf8proc/include -I/home/bita/Project/duckdb-polr/third_party/miniparquet -I/home/bita/Project/duckdb-polr/third_party/concurrentqueue -I/home/bita/Project/duckdb-polr/third_party/pcg -I/home/bita/Project/duckdb-polr/third_party/tdigest -I/home/bita/Project/duckdb-polr/third_party/mbedtls/include -I/home/bita/Project/duckdb-polr/third_party/jaro_winkler -I/home/bita/Project/duckdb-polr/src/parser/../../third_party/libpg_query/include -I/home/bita/Project/duckdb-polr/src/parser/../../third_party/libpg_query -O3 -DNDEBUG -O3 -DNDEBUG   -fPIC -fdiagnostics-color=always -std=c++11 -MD -MT src/parser/transform/helpers/CMakeFiles/duckdb_transformer_helpers.dir/ub_duckdb_transformer_helpers.cpp.o -MF src/parser/transform/helpers/CMakeFiles/duckdb_transformer_helpers.dir/ub_duckdb_transformer_helpers.cpp.o.d -o src/parser/transform/helpers/CMakeFiles/duckdb_transformer_helpers.dir/ub_duckdb_transformer_helpers.cpp.o -c /home/bita/Project/duckdb-polr/build/release/src/parser/transform/helpers/ub_duckdb_transformer_helpers.cpp
[25/376] /usr/bin/c++ -DDUCKDB -DDUCKDB_BUILD_LIBRARY -DDUCKDB_MAIN_LIBRARY -DENABLE_CROSS_PRODUCT_REWRITE=0 -DENABLE_DEBUG_PRINT=0 -DENABLE_MEASURE_EXE_TIME=0 -DENABLE_MERGE_BACK_PLAN=0 -DENABLE_PARALLEL_EXECUTION=0 -DENABLE_QUERY_SPLIT=0 -DENABLE_SPECIFY_EST_STAT=0 -I/home/bita/Project/duckdb-polr/src/include -I/home/bita/Project/duckdb-polr/third_party/fsst -I/home/bita/Project/duckdb-polr/third_party/fmt/include -I/home/bita/Project/duckdb-polr/third_party/hyperloglog -I/home/bita/Project/duckdb-polr/third_party/fastpforlib -I/home/bita/Project/duckdb-polr/third_party/fast_float -I/home/bita/Project/duckdb-polr/third_party/re2 -I/home/bita/Project/duckdb-polr/third_party/miniz -I/home/bita/Project/duckdb-polr/third_party/utf8proc/include -I/home/bita/Project/duckdb-polr/third_party/miniparquet -I/home/bita/Project/duckdb-polr/third_party/concurrentqueue -I/home/bita/Project/duckdb-polr/third_party/pcg -I/home/bita/Project/duckdb-polr/third_party/tdigest -I/home/bita/Project/duckdb-polr/third_party/mbedtls/include -I/home/bita/Project/duckdb-polr/third_party/jaro_winkler -I/home/bita/Project/duckdb-polr/src/parser/../../third_party/libpg_query/include -I/home/bita/Project/duckdb-polr/src/parser/../../third_party/libpg_query -O3 -DNDEBUG -O3 -DNDEBUG   -fPIC -fdiagnostics-color=always -std=c++11 -MD -MT src/parser/transform/expression/CMakeFiles/duckdb_transformer_expression.dir/ub_duckdb_transformer_expression.cpp.o -MF src/parser/transform/expression/CMakeFiles/duckdb_transformer_expression.dir/ub_duckdb_transformer_expression.cpp.o.d -o src/parser/transform/expression/CMakeFiles/duckdb_transformer_expression.dir/ub_duckdb_transformer_expression.cpp.o -c /home/bita/Project/duckdb-polr/build/release/src/parser/transform/expression/ub_duckdb_transformer_expression.cpp
[26/376] /usr/bin/c++ -DDUCKDB -DDUCKDB_BUILD_LIBRARY -DDUCKDB_MAIN_LIBRARY -DENABLE_CROSS_PRODUCT_REWRITE=0 -DENABLE_DEBUG_PRINT=0 -DENABLE_MEASURE_EXE_TIME=0 -DENABLE_MERGE_BACK_PLAN=0 -DENABLE_PARALLEL_EXECUTION=0 -DENABLE_QUERY_SPLIT=0 -DENABLE_SPECIFY_EST_STAT=0 -I/home/bita/Project/duckdb-polr/src/include -I/home/bita/Project/duckdb-polr/third_party/fsst -I/home/bita/Project/duckdb-polr/third_party/fmt/include -I/home/bita/Project/duckdb-polr/third_party/hyperloglog -I/home/bita/Project/duckdb-polr/third_party/fastpforlib -I/home/bita/Project/duckdb-polr/third_party/fast_float -I/home/bita/Project/duckdb-polr/third_party/re2 -I/home/bita/Project/duckdb-polr/third_party/miniz -I/home/bita/Project/duckdb-polr/third_party/utf8proc/include -I/home/bita/Project/duckdb-polr/third_party/miniparquet -I/home/bita/Project/duckdb-polr/third_party/concurrentqueue -I/home/bita/Project/duckdb-polr/third_party/pcg -I/home/bita/Project/duckdb-polr/third_party/tdigest -I/home/bita/Project/duckdb-polr/third_party/mbedtls/include -I/home/bita/Project/duckdb-polr/third_party/jaro_winkler -O3 -DNDEBUG -O3 -DNDEBUG   -fPIC -fdiagnostics-color=always -std=c++11 -MD -MT src/planner/CMakeFiles/duckdb_planner.dir/ub_duckdb_planner.cpp.o -MF src/planner/CMakeFiles/duckdb_planner.dir/ub_duckdb_planner.cpp.o.d -o src/planner/CMakeFiles/duckdb_planner.dir/ub_duckdb_planner.cpp.o -c /home/bita/Project/duckdb-polr/build/release/src/planner/ub_duckdb_planner.cpp
[27/376] /usr/bin/c++ -DDUCKDB -DDUCKDB_BUILD_LIBRARY -DDUCKDB_MAIN_LIBRARY -DENABLE_CROSS_PRODUCT_REWRITE=0 -DENABLE_DEBUG_PRINT=0 -DENABLE_MEASURE_EXE_TIME=0 -DENABLE_MERGE_BACK_PLAN=0 -DENABLE_PARALLEL_EXECUTION=0 -DENABLE_QUERY_SPLIT=0 -DENABLE_SPECIFY_EST_STAT=0 -I/home/bita/Project/duckdb-polr/src/include -I/home/bita/Project/duckdb-polr/third_party/fsst -I/home/bita/Project/duckdb-polr/third_party/fmt/include -I/home/bita/Project/duckdb-polr/third_party/hyperloglog -I/home/bita/Project/duckdb-polr/third_party/fastpforlib -I/home/bita/Project/duckdb-polr/third_party/fast_float -I/home/bita/Project/duckdb-polr/third_party/re2 -I/home/bita/Project/duckdb-polr/third_party/miniz -I/home/bita/Project/duckdb-polr/third_party/utf8proc/include -I/home/bita/Project/duckdb-polr/third_party/miniparquet -I/home/bita/Project/duckdb-polr/third_party/concurrentqueue -I/home/bita/Project/duckdb-polr/third_party/pcg -I/home/bita/Project/duckdb-polr/third_party/tdigest -I/home/bita/Project/duckdb-polr/third_party/mbedtls/include -I/home/bita/Project/duckdb-polr/third_party/jaro_winkler -I/home/bita/Project/duckdb-polr/src/parser/../../third_party/libpg_query/include -I/home/bita/Project/duckdb-polr/src/parser/../../third_party/libpg_query -O3 -DNDEBUG -O3 -DNDEBUG   -fPIC -fdiagnostics-color=always -std=c++11 -MD -MT src/parser/parsed_data/CMakeFiles/duckdb_parsed_data.dir/ub_duckdb_parsed_data.cpp.o -MF src/parser/parsed_data/CMakeFiles/duckdb_parsed_data.dir/ub_duckdb_parsed_data.cpp.o.d -o src/parser/parsed_data/CMakeFiles/duckdb_parsed_data.dir/ub_duckdb_parsed_data.cpp.o -c /home/bita/Project/duckdb-polr/build/release/src/parser/parsed_data/ub_duckdb_parsed_data.cpp
[28/376] /usr/bin/c++ -DDUCKDB -DDUCKDB_BUILD_LIBRARY -DDUCKDB_MAIN_LIBRARY -DENABLE_CROSS_PRODUCT_REWRITE=0 -DENABLE_DEBUG_PRINT=0 -DENABLE_MEASURE_EXE_TIME=0 -DENABLE_MERGE_BACK_PLAN=0 -DENABLE_PARALLEL_EXECUTION=0 -DENABLE_QUERY_SPLIT=0 -DENABLE_SPECIFY_EST_STAT=0 -I/home/bita/Project/duckdb-polr/src/include -I/home/bita/Project/duckdb-polr/third_party/fsst -I/home/bita/Project/duckdb-polr/third_party/fmt/include -I/home/bita/Project/duckdb-polr/third_party/hyperloglog -I/home/bita/Project/duckdb-polr/third_party/fastpforlib -I/home/bita/Project/duckdb-polr/third_party/fast_float -I/home/bita/Project/duckdb-polr/third_party/re2 -I/home/bita/Project/duckdb-polr/third_party/miniz -I/home/bita/Project/duckdb-polr/third_party/utf8proc/include -I/home/bita/Project/duckdb-polr/third_party/miniparquet -I/home/bita/Project/duckdb-polr/third_party/concurrentqueue -I/home/bita/Project/duckdb-polr/third_party/pcg -I/home/bita/Project/duckdb-polr/third_party/tdigest -I/home/bita/Project/duckdb-polr/third_party/mbedtls/include -I/home/bita/Project/duckdb-polr/third_party/jaro_winkler -O3 -DNDEBUG -O3 -DNDEBUG   -fPIC -fdiagnostics-color=always -std=c++11 -MD -MT src/optimizer/CMakeFiles/duckdb_optimizer.dir/ub_duckdb_optimizer.cpp.o -MF src/optimizer/CMakeFiles/duckdb_optimizer.dir/ub_duckdb_optimizer.cpp.o.d -o src/optimizer/CMakeFiles/duckdb_optimizer.dir/ub_duckdb_optimizer.cpp.o -c /home/bita/Project/duckdb-polr/build/release/src/optimizer/ub_duckdb_optimizer.cpp
[29/376] /usr/bin/c++ -DDUCKDB -DDUCKDB_BUILD_LIBRARY -DDUCKDB_MAIN_LIBRARY -DENABLE_CROSS_PRODUCT_REWRITE=0 -DENABLE_DEBUG_PRINT=0 -DENABLE_MEASURE_EXE_TIME=0 -DENABLE_MERGE_BACK_PLAN=0 -DENABLE_PARALLEL_EXECUTION=0 -DENABLE_QUERY_SPLIT=0 -DENABLE_SPECIFY_EST_STAT=0 -I/home/bita/Project/duckdb-polr/src/include -I/home/bita/Project/duckdb-polr/third_party/fsst -I/home/bita/Project/duckdb-polr/third_party/fmt/include -I/home/bita/Project/duckdb-polr/third_party/hyperloglog -I/home/bita/Project/duckdb-polr/third_party/fastpforlib -I/home/bita/Project/duckdb-polr/third_party/fast_float -I/home/bita/Project/duckdb-polr/third_party/re2 -I/home/bita/Project/duckdb-polr/third_party/miniz -I/home/bita/Project/duckdb-polr/third_party/utf8proc/include -I/home/bita/Project/duckdb-polr/third_party/miniparquet -I/home/bita/Project/duckdb-polr/third_party/concurrentqueue -I/home/bita/Project/duckdb-polr/third_party/pcg -I/home/bita/Project/duckdb-polr/third_party/tdigest -I/home/bita/Project/duckdb-polr/third_party/mbedtls/include -I/home/bita/Project/duckdb-polr/third_party/jaro_winkler -O3 -DNDEBUG -O3 -DNDEBUG   -fPIC -fdiagnostics-color=always -std=c++11 -MD -MT src/planner/operator/CMakeFiles/duckdb_planner_operator.dir/ub_duckdb_planner_operator.cpp.o -MF src/planner/operator/CMakeFiles/duckdb_planner_operator.dir/ub_duckdb_planner_operator.cpp.o.d -o src/planner/operator/CMakeFiles/duckdb_planner_operator.dir/ub_duckdb_planner_operator.cpp.o -c /home/bita/Project/duckdb-polr/build/release/src/planner/operator/ub_duckdb_planner_operator.cpp
[30/376] /usr/bin/c++ -DDUCKDB -DDUCKDB_BUILD_LIBRARY -DDUCKDB_MAIN_LIBRARY -DENABLE_CROSS_PRODUCT_REWRITE=0 -DENABLE_DEBUG_PRINT=0 -DENABLE_MEASURE_EXE_TIME=0 -DENABLE_MERGE_BACK_PLAN=0 -DENABLE_PARALLEL_EXECUTION=0 -DENABLE_QUERY_SPLIT=0 -DENABLE_SPECIFY_EST_STAT=0 -I/home/bita/Project/duckdb-polr/src/include -I/home/bita/Project/duckdb-polr/third_party/fsst -I/home/bita/Project/duckdb-polr/third_party/fmt/include -I/home/bita/Project/duckdb-polr/third_party/hyperloglog -I/home/bita/Project/duckdb-polr/third_party/fastpforlib -I/home/bita/Project/duckdb-polr/third_party/fast_float -I/home/bita/Project/duckdb-polr/third_party/re2 -I/home/bita/Project/duckdb-polr/third_party/miniz -I/home/bita/Project/duckdb-polr/third_party/utf8proc/include -I/home/bita/Project/duckdb-polr/third_party/miniparquet -I/home/bita/Project/duckdb-polr/third_party/concurrentqueue -I/home/bita/Project/duckdb-polr/third_party/pcg -I/home/bita/Project/duckdb-polr/third_party/tdigest -I/home/bita/Project/duckdb-polr/third_party/mbedtls/include -I/home/bita/Project/duckdb-polr/third_party/jaro_winkler -O3 -DNDEBUG -O3 -DNDEBUG   -fPIC -fdiagnostics-color=always -std=c++11 -MD -MT src/function/scalar/CMakeFiles/duckdb_func_scalar.dir/ub_duckdb_func_scalar.cpp.o -MF src/function/scalar/CMakeFiles/duckdb_func_scalar.dir/ub_duckdb_func_scalar.cpp.o.d -o src/function/scalar/CMakeFiles/duckdb_func_scalar.dir/ub_duckdb_func_scalar.cpp.o -c /home/bita/Project/duckdb-polr/build/release/src/function/scalar/ub_duckdb_func_scalar.cpp
[31/376] /usr/bin/c++ -DDUCKDB -DDUCKDB_BUILD_LIBRARY -DDUCKDB_MAIN_LIBRARY -DENABLE_CROSS_PRODUCT_REWRITE=0 -DENABLE_DEBUG_PRINT=0 -DENABLE_MEASURE_EXE_TIME=0 -DENABLE_MERGE_BACK_PLAN=0 -DENABLE_PARALLEL_EXECUTION=0 -DENABLE_QUERY_SPLIT=0 -DENABLE_SPECIFY_EST_STAT=0 -I/home/bita/Project/duckdb-polr/src/include -I/home/bita/Project/duckdb-polr/third_party/fsst -I/home/bita/Project/duckdb-polr/third_party/fmt/include -I/home/bita/Project/duckdb-polr/third_party/hyperloglog -I/home/bita/Project/duckdb-polr/third_party/fastpforlib -I/home/bita/Project/duckdb-polr/third_party/fast_float -I/home/bita/Project/duckdb-polr/third_party/re2 -I/home/bita/Project/duckdb-polr/third_party/miniz -I/home/bita/Project/duckdb-polr/third_party/utf8proc/include -I/home/bita/Project/duckdb-polr/third_party/miniparquet -I/home/bita/Project/duckdb-polr/third_party/concurrentqueue -I/home/bita/Project/duckdb-polr/third_party/pcg -I/home/bita/Project/duckdb-polr/third_party/tdigest -I/home/bita/Project/duckdb-polr/third_party/mbedtls/include -I/home/bita/Project/duckdb-polr/third_party/jaro_winkler -O3 -DNDEBUG -O3 -DNDEBUG   -fPIC -fdiagnostics-color=always -std=c++11 -MD -MT src/planner/binder/statement/CMakeFiles/duckdb_bind_statement.dir/ub_duckdb_bind_statement.cpp.o -MF src/planner/binder/statement/CMakeFiles/duckdb_bind_statement.dir/ub_duckdb_bind_statement.cpp.o.d -o src/planner/binder/statement/CMakeFiles/duckdb_bind_statement.dir/ub_duckdb_bind_statement.cpp.o -c /home/bita/Project/duckdb-polr/build/release/src/planner/binder/statement/ub_duckdb_bind_statement.cpp
[32/376] /usr/bin/c++ -DDUCKDB -DDUCKDB_BUILD_LIBRARY -DDUCKDB_MAIN_LIBRARY -DENABLE_CROSS_PRODUCT_REWRITE=0 -DENABLE_DEBUG_PRINT=0 -DENABLE_MEASURE_EXE_TIME=0 -DENABLE_MERGE_BACK_PLAN=0 -DENABLE_PARALLEL_EXECUTION=0 -DENABLE_QUERY_SPLIT=0 -DENABLE_SPECIFY_EST_STAT=0 -I/home/bita/Project/duckdb-polr/src/include -I/home/bita/Project/duckdb-polr/third_party/fsst -I/home/bita/Project/duckdb-polr/third_party/fmt/include -I/home/bita/Project/duckdb-polr/third_party/hyperloglog -I/home/bita/Project/duckdb-polr/third_party/fastpforlib -I/home/bita/Project/duckdb-polr/third_party/fast_float -I/home/bita/Project/duckdb-polr/third_party/re2 -I/home/bita/Project/duckdb-polr/third_party/miniz -I/home/bita/Project/duckdb-polr/third_party/utf8proc/include -I/home/bita/Project/duckdb-polr/third_party/miniparquet -I/home/bita/Project/duckdb-polr/third_party/concurrentqueue -I/home/bita/Project/duckdb-polr/third_party/pcg -I/home/bita/Project/duckdb-polr/third_party/tdigest -I/home/bita/Project/duckdb-polr/third_party/mbedtls/include -I/home/bita/Project/duckdb-polr/third_party/jaro_winkler -I/home/bita/Project/duckdb-polr/src/parser/../../third_party/libpg_query/include -I/home/bita/Project/duckdb-polr/src/parser/../../third_party/libpg_query -O3 -DNDEBUG -O3 -DNDEBUG   -fPIC -fdiagnostics-color=always -std=c++11 -MD -MT src/parser/statement/CMakeFiles/duckdb_statement.dir/ub_duckdb_statement.cpp.o -MF src/parser/statement/CMakeFiles/duckdb_statement.dir/ub_duckdb_statement.cpp.o.d -o src/parser/statement/CMakeFiles/duckdb_statement.dir/ub_duckdb_statement.cpp.o -c /home/bita/Project/duckdb-polr/build/release/src/parser/statement/ub_duckdb_statement.cpp
[33/376] /usr/bin/c++ -DDUCKDB -DDUCKDB_BUILD_LIBRARY -DDUCKDB_MAIN_LIBRARY -DENABLE_CROSS_PRODUCT_REWRITE=0 -DENABLE_DEBUG_PRINT=0 -DENABLE_MEASURE_EXE_TIME=0 -DENABLE_MERGE_BACK_PLAN=0 -DENABLE_PARALLEL_EXECUTION=0 -DENABLE_QUERY_SPLIT=0 -DENABLE_SPECIFY_EST_STAT=0 -I/home/bita/Project/duckdb-polr/src/include -I/home/bita/Project/duckdb-polr/third_party/fsst -I/home/bita/Project/duckdb-polr/third_party/fmt/include -I/home/bita/Project/duckdb-polr/third_party/hyperloglog -I/home/bita/Project/duckdb-polr/third_party/fastpforlib -I/home/bita/Project/duckdb-polr/third_party/fast_float -I/home/bita/Project/duckdb-polr/third_party/re2 -I/home/bita/Project/duckdb-polr/third_party/miniz -I/home/bita/Project/duckdb-polr/third_party/utf8proc/include -I/home/bita/Project/duckdb-polr/third_party/miniparquet -I/home/bita/Project/duckdb-polr/third_party/concurrentqueue -I/home/bita/Project/duckdb-polr/third_party/pcg -I/home/bita/Project/duckdb-polr/third_party/tdigest -I/home/bita/Project/duckdb-polr/third_party/mbedtls/include -I/home/bita/Project/duckdb-polr/third_party/jaro_winkler -O3 -DNDEBUG -O3 -DNDEBUG   -fPIC -fdiagnostics-color=always -std=c++11 -MD -MT src/function/scalar/blob/CMakeFiles/duckdb_func_blob.dir/ub_duckdb_func_blob.cpp.o -MF src/function/scalar/blob/CMakeFiles/duckdb_func_blob.dir/ub_duckdb_func_blob.cpp.o.d -o src/function/scalar/blob/CMakeFiles/duckdb_func_blob.dir/ub_duckdb_func_blob.cpp.o -c /home/bita/Project/duckdb-polr/build/release/src/function/scalar/blob/ub_duckdb_func_blob.cpp
[34/376] /usr/bin/c++ -DDUCKDB -DDUCKDB_BUILD_LIBRARY -DDUCKDB_MAIN_LIBRARY -DENABLE_CROSS_PRODUCT_REWRITE=0 -DENABLE_DEBUG_PRINT=0 -DENABLE_MEASURE_EXE_TIME=0 -DENABLE_MERGE_BACK_PLAN=0 -DENABLE_PARALLEL_EXECUTION=0 -DENABLE_QUERY_SPLIT=0 -DENABLE_SPECIFY_EST_STAT=0 -I/home/bita/Project/duckdb-polr/src/include -I/home/bita/Project/duckdb-polr/third_party/fsst -I/home/bita/Project/duckdb-polr/third_party/fmt/include -I/home/bita/Project/duckdb-polr/third_party/hyperloglog -I/home/bita/Project/duckdb-polr/third_party/fastpforlib -I/home/bita/Project/duckdb-polr/third_party/fast_float -I/home/bita/Project/duckdb-polr/third_party/re2 -I/home/bita/Project/duckdb-polr/third_party/miniz -I/home/bita/Project/duckdb-polr/third_party/utf8proc/include -I/home/bita/Project/duckdb-polr/third_party/miniparquet -I/home/bita/Project/duckdb-polr/third_party/concurrentqueue -I/home/bita/Project/duckdb-polr/third_party/pcg -I/home/bita/Project/duckdb-polr/third_party/tdigest -I/home/bita/Project/duckdb-polr/third_party/mbedtls/include -I/home/bita/Project/duckdb-polr/third_party/jaro_winkler -O3 -DNDEBUG -O3 -DNDEBUG   -fPIC -fdiagnostics-color=always -std=c++11 -MD -MT src/function/aggregate/algebraic/CMakeFiles/duckdb_aggr_algebraic.dir/ub_duckdb_aggr_algebraic.cpp.o -MF src/function/aggregate/algebraic/CMakeFiles/duckdb_aggr_algebraic.dir/ub_duckdb_aggr_algebraic.cpp.o.d -o src/function/aggregate/algebraic/CMakeFiles/duckdb_aggr_algebraic.dir/ub_duckdb_aggr_algebraic.cpp.o -c /home/bita/Project/duckdb-polr/build/release/src/function/aggregate/algebraic/ub_duckdb_aggr_algebraic.cpp
[35/376] /usr/bin/c++ -DDUCKDB -DDUCKDB_BUILD_LIBRARY -DDUCKDB_MAIN_LIBRARY -DENABLE_CROSS_PRODUCT_REWRITE=0 -DENABLE_DEBUG_PRINT=0 -DENABLE_MEASURE_EXE_TIME=0 -DENABLE_MERGE_BACK_PLAN=0 -DENABLE_PARALLEL_EXECUTION=0 -DENABLE_QUERY_SPLIT=0 -DENABLE_SPECIFY_EST_STAT=0 -I/home/bita/Project/duckdb-polr/src/include -I/home/bita/Project/duckdb-polr/third_party/fsst -I/home/bita/Project/duckdb-polr/third_party/fmt/include -I/home/bita/Project/duckdb-polr/third_party/hyperloglog -I/home/bita/Project/duckdb-polr/third_party/fastpforlib -I/home/bita/Project/duckdb-polr/third_party/fast_float -I/home/bita/Project/duckdb-polr/third_party/re2 -I/home/bita/Project/duckdb-polr/third_party/miniz -I/home/bita/Project/duckdb-polr/third_party/utf8proc/include -I/home/bita/Project/duckdb-polr/third_party/miniparquet -I/home/bita/Project/duckdb-polr/third_party/concurrentqueue -I/home/bita/Project/duckdb-polr/third_party/pcg -I/home/bita/Project/duckdb-polr/third_party/tdigest -I/home/bita/Project/duckdb-polr/third_party/mbedtls/include -I/home/bita/Project/duckdb-polr/third_party/jaro_winkler -O3 -DNDEBUG -O3 -DNDEBUG   -fPIC -fdiagnostics-color=always -std=c++11 -MD -MT src/function/aggregate/CMakeFiles/duckdb_func_aggr.dir/ub_duckdb_func_aggr.cpp.o -MF src/function/aggregate/CMakeFiles/duckdb_func_aggr.dir/ub_duckdb_func_aggr.cpp.o.d -o src/function/aggregate/CMakeFiles/duckdb_func_aggr.dir/ub_duckdb_func_aggr.cpp.o -c /home/bita/Project/duckdb-polr/build/release/src/function/aggregate/ub_duckdb_func_aggr.cpp
[36/376] /usr/bin/c++ -DDUCKDB -DDUCKDB_BUILD_LIBRARY -DDUCKDB_MAIN_LIBRARY -DENABLE_CROSS_PRODUCT_REWRITE=0 -DENABLE_DEBUG_PRINT=0 -DENABLE_MEASURE_EXE_TIME=0 -DENABLE_MERGE_BACK_PLAN=0 -DENABLE_PARALLEL_EXECUTION=0 -DENABLE_QUERY_SPLIT=0 -DENABLE_SPECIFY_EST_STAT=0 -I/home/bita/Project/duckdb-polr/src/include -I/home/bita/Project/duckdb-polr/third_party/fsst -I/home/bita/Project/duckdb-polr/third_party/fmt/include -I/home/bita/Project/duckdb-polr/third_party/hyperloglog -I/home/bita/Project/duckdb-polr/third_party/fastpforlib -I/home/bita/Project/duckdb-polr/third_party/fast_float -I/home/bita/Project/duckdb-polr/third_party/re2 -I/home/bita/Project/duckdb-polr/third_party/miniz -I/home/bita/Project/duckdb-polr/third_party/utf8proc/include -I/home/bita/Project/duckdb-polr/third_party/miniparquet -I/home/bita/Project/duckdb-polr/third_party/concurrentqueue -I/home/bita/Project/duckdb-polr/third_party/pcg -I/home/bita/Project/duckdb-polr/third_party/tdigest -I/home/bita/Project/duckdb-polr/third_party/mbedtls/include -I/home/bita/Project/duckdb-polr/third_party/jaro_winkler -O3 -DNDEBUG -O3 -DNDEBUG   -fPIC -fdiagnostics-color=always -std=c++11 -MD -MT src/function/CMakeFiles/duckdb_function.dir/ub_duckdb_function.cpp.o -MF src/function/CMakeFiles/duckdb_function.dir/ub_duckdb_function.cpp.o.d -o src/function/CMakeFiles/duckdb_function.dir/ub_duckdb_function.cpp.o -c /home/bita/Project/duckdb-polr/build/release/src/function/ub_duckdb_function.cpp
[37/376] /usr/bin/c++ -DDUCKDB -DDUCKDB_BUILD_LIBRARY -DDUCKDB_MAIN_LIBRARY -DENABLE_CROSS_PRODUCT_REWRITE=0 -DENABLE_DEBUG_PRINT=0 -DENABLE_MEASURE_EXE_TIME=0 -DENABLE_MERGE_BACK_PLAN=0 -DENABLE_PARALLEL_EXECUTION=0 -DENABLE_QUERY_SPLIT=0 -DENABLE_SPECIFY_EST_STAT=0 -I/home/bita/Project/duckdb-polr/src/include -I/home/bita/Project/duckdb-polr/third_party/fsst -I/home/bita/Project/duckdb-polr/third_party/fmt/include -I/home/bita/Project/duckdb-polr/third_party/hyperloglog -I/home/bita/Project/duckdb-polr/third_party/fastpforlib -I/home/bita/Project/duckdb-polr/third_party/fast_float -I/home/bita/Project/duckdb-polr/third_party/re2 -I/home/bita/Project/duckdb-polr/third_party/miniz -I/home/bita/Project/duckdb-polr/third_party/utf8proc/include -I/home/bita/Project/duckdb-polr/third_party/miniparquet -I/home/bita/Project/duckdb-polr/third_party/concurrentqueue -I/home/bita/Project/duckdb-polr/third_party/pcg -I/home/bita/Project/duckdb-polr/third_party/tdigest -I/home/bita/Project/duckdb-polr/third_party/mbedtls/include -I/home/bita/Project/duckdb-polr/third_party/jaro_winkler -O3 -DNDEBUG -O3 -DNDEBUG   -fPIC -fdiagnostics-color=always -std=c++11 -MD -MT src/function/aggregate/regression/CMakeFiles/duckdb_aggr_regr.dir/ub_duckdb_aggr_regr.cpp.o -MF src/function/aggregate/regression/CMakeFiles/duckdb_aggr_regr.dir/ub_duckdb_aggr_regr.cpp.o.d -o src/function/aggregate/regression/CMakeFiles/duckdb_aggr_regr.dir/ub_duckdb_aggr_regr.cpp.o -c /home/bita/Project/duckdb-polr/build/release/src/function/aggregate/regression/ub_duckdb_aggr_regr.cpp
[38/376] /usr/bin/c++ -DDUCKDB -DDUCKDB_BUILD_LIBRARY -DDUCKDB_MAIN_LIBRARY -DENABLE_CROSS_PRODUCT_REWRITE=0 -DENABLE_DEBUG_PRINT=0 -DENABLE_MEASURE_EXE_TIME=0 -DENABLE_MERGE_BACK_PLAN=0 -DENABLE_PARALLEL_EXECUTION=0 -DENABLE_QUERY_SPLIT=0 -DENABLE_SPECIFY_EST_STAT=0 -I/home/bita/Project/duckdb-polr/src/include -I/home/bita/Project/duckdb-polr/third_party/fsst -I/home/bita/Project/duckdb-polr/third_party/fmt/include -I/home/bita/Project/duckdb-polr/third_party/hyperloglog -I/home/bita/Project/duckdb-polr/third_party/fastpforlib -I/home/bita/Project/duckdb-polr/third_party/fast_float -I/home/bita/Project/duckdb-polr/third_party/re2 -I/home/bita/Project/duckdb-polr/third_party/miniz -I/home/bita/Project/duckdb-polr/third_party/utf8proc/include -I/home/bita/Project/duckdb-polr/third_party/miniparquet -I/home/bita/Project/duckdb-polr/third_party/concurrentqueue -I/home/bita/Project/duckdb-polr/third_party/pcg -I/home/bita/Project/duckdb-polr/third_party/tdigest -I/home/bita/Project/duckdb-polr/third_party/mbedtls/include -I/home/bita/Project/duckdb-polr/third_party/jaro_winkler -O3 -DNDEBUG -O3 -DNDEBUG   -fPIC -fdiagnostics-color=always -std=c++11 -MD -MT src/function/pragma/CMakeFiles/duckdb_func_pragma.dir/ub_duckdb_func_pragma.cpp.o -MF src/function/pragma/CMakeFiles/duckdb_func_pragma.dir/ub_duckdb_func_pragma.cpp.o.d -o src/function/pragma/CMakeFiles/duckdb_func_pragma.dir/ub_duckdb_func_pragma.cpp.o -c /home/bita/Project/duckdb-polr/build/release/src/function/pragma/ub_duckdb_func_pragma.cpp
[39/376] /usr/bin/c++ -DDUCKDB -DDUCKDB_BUILD_LIBRARY -DDUCKDB_MAIN_LIBRARY -DENABLE_CROSS_PRODUCT_REWRITE=0 -DENABLE_DEBUG_PRINT=0 -DENABLE_MEASURE_EXE_TIME=0 -DENABLE_MERGE_BACK_PLAN=0 -DENABLE_PARALLEL_EXECUTION=0 -DENABLE_QUERY_SPLIT=0 -DENABLE_SPECIFY_EST_STAT=0 -I/home/bita/Project/duckdb-polr/src/include -I/home/bita/Project/duckdb-polr/third_party/fsst -I/home/bita/Project/duckdb-polr/third_party/fmt/include -I/home/bita/Project/duckdb-polr/third_party/hyperloglog -I/home/bita/Project/duckdb-polr/third_party/fastpforlib -I/home/bita/Project/duckdb-polr/third_party/fast_float -I/home/bita/Project/duckdb-polr/third_party/re2 -I/home/bita/Project/duckdb-polr/third_party/miniz -I/home/bita/Project/duckdb-polr/third_party/utf8proc/include -I/home/bita/Project/duckdb-polr/third_party/miniparquet -I/home/bita/Project/duckdb-polr/third_party/concurrentqueue -I/home/bita/Project/duckdb-polr/third_party/pcg -I/home/bita/Project/duckdb-polr/third_party/tdigest -I/home/bita/Project/duckdb-polr/third_party/mbedtls/include -I/home/bita/Project/duckdb-polr/third_party/jaro_winkler -O3 -DNDEBUG -O3 -DNDEBUG   -fPIC -fdiagnostics-color=always -std=c++11 -MD -MT src/function/scalar/map/CMakeFiles/duckdb_func_map_nested.dir/ub_duckdb_func_map_nested.cpp.o -MF src/function/scalar/map/CMakeFiles/duckdb_func_map_nested.dir/ub_duckdb_func_map_nested.cpp.o.d -o src/function/scalar/map/CMakeFiles/duckdb_func_map_nested.dir/ub_duckdb_func_map_nested.cpp.o -c /home/bita/Project/duckdb-polr/build/release/src/function/scalar/map/ub_duckdb_func_map_nested.cpp
[40/376] /usr/bin/c++ -DDUCKDB -DDUCKDB_BUILD_LIBRARY -DDUCKDB_MAIN_LIBRARY -DENABLE_CROSS_PRODUCT_REWRITE=0 -DENABLE_DEBUG_PRINT=0 -DENABLE_MEASURE_EXE_TIME=0 -DENABLE_MERGE_BACK_PLAN=0 -DENABLE_PARALLEL_EXECUTION=0 -DENABLE_QUERY_SPLIT=0 -DENABLE_SPECIFY_EST_STAT=0 -I/home/bita/Project/duckdb-polr/src/include -I/home/bita/Project/duckdb-polr/third_party/fsst -I/home/bita/Project/duckdb-polr/third_party/fmt/include -I/home/bita/Project/duckdb-polr/third_party/hyperloglog -I/home/bita/Project/duckdb-polr/third_party/fastpforlib -I/home/bita/Project/duckdb-polr/third_party/fast_float -I/home/bita/Project/duckdb-polr/third_party/re2 -I/home/bita/Project/duckdb-polr/third_party/miniz -I/home/bita/Project/duckdb-polr/third_party/utf8proc/include -I/home/bita/Project/duckdb-polr/third_party/miniparquet -I/home/bita/Project/duckdb-polr/third_party/concurrentqueue -I/home/bita/Project/duckdb-polr/third_party/pcg -I/home/bita/Project/duckdb-polr/third_party/tdigest -I/home/bita/Project/duckdb-polr/third_party/mbedtls/include -I/home/bita/Project/duckdb-polr/third_party/jaro_winkler -I/home/bita/Project/duckdb-polr/src/parser/../../third_party/libpg_query/include -I/home/bita/Project/duckdb-polr/src/parser/../../third_party/libpg_query -O3 -DNDEBUG -O3 -DNDEBUG   -fPIC -fdiagnostics-color=always -std=c++11 -MD -MT src/parser/transform/statement/CMakeFiles/duckdb_transformer_statement.dir/ub_duckdb_transformer_statement.cpp.o -MF src/parser/transform/statement/CMakeFiles/duckdb_transformer_statement.dir/ub_duckdb_transformer_statement.cpp.o.d -o src/parser/transform/statement/CMakeFiles/duckdb_transformer_statement.dir/ub_duckdb_transformer_statement.cpp.o -c /home/bita/Project/duckdb-polr/build/release/src/parser/transform/statement/ub_duckdb_transformer_statement.cpp
[41/376] /usr/bin/c++ -DDUCKDB -DDUCKDB_BUILD_LIBRARY -DDUCKDB_MAIN_LIBRARY -DENABLE_CROSS_PRODUCT_REWRITE=0 -DENABLE_DEBUG_PRINT=0 -DENABLE_MEASURE_EXE_TIME=0 -DENABLE_MERGE_BACK_PLAN=0 -DENABLE_PARALLEL_EXECUTION=0 -DENABLE_QUERY_SPLIT=0 -DENABLE_SPECIFY_EST_STAT=0 -I/home/bita/Project/duckdb-polr/src/include -I/home/bita/Project/duckdb-polr/third_party/fsst -I/home/bita/Project/duckdb-polr/third_party/fmt/include -I/home/bita/Project/duckdb-polr/third_party/hyperloglog -I/home/bita/Project/duckdb-polr/third_party/fastpforlib -I/home/bita/Project/duckdb-polr/third_party/fast_float -I/home/bita/Project/duckdb-polr/third_party/re2 -I/home/bita/Project/duckdb-polr/third_party/miniz -I/home/bita/Project/duckdb-polr/third_party/utf8proc/include -I/home/bita/Project/duckdb-polr/third_party/miniparquet -I/home/bita/Project/duckdb-polr/third_party/concurrentqueue -I/home/bita/Project/duckdb-polr/third_party/pcg -I/home/bita/Project/duckdb-polr/third_party/tdigest -I/home/bita/Project/duckdb-polr/third_party/mbedtls/include -I/home/bita/Project/duckdb-polr/third_party/jaro_winkler -O3 -DNDEBUG -O3 -DNDEBUG   -fPIC -fdiagnostics-color=always -std=c++11 -MD -MT src/function/scalar/sequence/CMakeFiles/duckdb_func_seq.dir/ub_duckdb_func_seq.cpp.o -MF src/function/scalar/sequence/CMakeFiles/duckdb_func_seq.dir/ub_duckdb_func_seq.cpp.o.d -o src/function/scalar/sequence/CMakeFiles/duckdb_func_seq.dir/ub_duckdb_func_seq.cpp.o -c /home/bita/Project/duckdb-polr/build/release/src/function/scalar/sequence/ub_duckdb_func_seq.cpp
[42/376] /usr/bin/c++ -DDUCKDB -DDUCKDB_BUILD_LIBRARY -DDUCKDB_MAIN_LIBRARY -DENABLE_CROSS_PRODUCT_REWRITE=0 -DENABLE_DEBUG_PRINT=0 -DENABLE_MEASURE_EXE_TIME=0 -DENABLE_MERGE_BACK_PLAN=0 -DENABLE_PARALLEL_EXECUTION=0 -DENABLE_QUERY_SPLIT=0 -DENABLE_SPECIFY_EST_STAT=0 -I/home/bita/Project/duckdb-polr/src/include -I/home/bita/Project/duckdb-polr/third_party/fsst -I/home/bita/Project/duckdb-polr/third_party/fmt/include -I/home/bita/Project/duckdb-polr/third_party/hyperloglog -I/home/bita/Project/duckdb-polr/third_party/fastpforlib -I/home/bita/Project/duckdb-polr/third_party/fast_float -I/home/bita/Project/duckdb-polr/third_party/re2 -I/home/bita/Project/duckdb-polr/third_party/miniz -I/home/bita/Project/duckdb-polr/third_party/utf8proc/include -I/home/bita/Project/duckdb-polr/third_party/miniparquet -I/home/bita/Project/duckdb-polr/third_party/concurrentqueue -I/home/bita/Project/duckdb-polr/third_party/pcg -I/home/bita/Project/duckdb-polr/third_party/tdigest -I/home/bita/Project/duckdb-polr/third_party/mbedtls/include -I/home/bita/Project/duckdb-polr/third_party/jaro_winkler -O3 -DNDEBUG -O3 -DNDEBUG   -fPIC -fdiagnostics-color=always -std=c++11 -MD -MT src/function/scalar/generic/CMakeFiles/duckdb_func_generic.dir/ub_duckdb_func_generic.cpp.o -MF src/function/scalar/generic/CMakeFiles/duckdb_func_generic.dir/ub_duckdb_func_generic.cpp.o.d -o src/function/scalar/generic/CMakeFiles/duckdb_func_generic.dir/ub_duckdb_func_generic.cpp.o -c /home/bita/Project/duckdb-polr/build/release/src/function/scalar/generic/ub_duckdb_func_generic.cpp
[43/376] /usr/bin/c++ -DDUCKDB -DDUCKDB_BUILD_LIBRARY -DDUCKDB_MAIN_LIBRARY -DENABLE_CROSS_PRODUCT_REWRITE=0 -DENABLE_DEBUG_PRINT=0 -DENABLE_MEASURE_EXE_TIME=0 -DENABLE_MERGE_BACK_PLAN=0 -DENABLE_PARALLEL_EXECUTION=0 -DENABLE_QUERY_SPLIT=0 -DENABLE_SPECIFY_EST_STAT=0 -I/home/bita/Project/duckdb-polr/src/include -I/home/bita/Project/duckdb-polr/third_party/fsst -I/home/bita/Project/duckdb-polr/third_party/fmt/include -I/home/bita/Project/duckdb-polr/third_party/hyperloglog -I/home/bita/Project/duckdb-polr/third_party/fastpforlib -I/home/bita/Project/duckdb-polr/third_party/fast_float -I/home/bita/Project/duckdb-polr/third_party/re2 -I/home/bita/Project/duckdb-polr/third_party/miniz -I/home/bita/Project/duckdb-polr/third_party/utf8proc/include -I/home/bita/Project/duckdb-polr/third_party/miniparquet -I/home/bita/Project/duckdb-polr/third_party/concurrentqueue -I/home/bita/Project/duckdb-polr/third_party/pcg -I/home/bita/Project/duckdb-polr/third_party/tdigest -I/home/bita/Project/duckdb-polr/third_party/mbedtls/include -I/home/bita/Project/duckdb-polr/third_party/jaro_winkler -O3 -DNDEBUG -O3 -DNDEBUG   -fPIC -fdiagnostics-color=always -std=c++11 -MD -MT src/function/scalar/struct/CMakeFiles/duckdb_func_struct.dir/ub_duckdb_func_struct.cpp.o -MF src/function/scalar/struct/CMakeFiles/duckdb_func_struct.dir/ub_duckdb_func_struct.cpp.o.d -o src/function/scalar/struct/CMakeFiles/duckdb_func_struct.dir/ub_duckdb_func_struct.cpp.o -c /home/bita/Project/duckdb-polr/build/release/src/function/scalar/struct/ub_duckdb_func_struct.cpp
[44/376] /usr/bin/c++ -DDUCKDB -DDUCKDB_BUILD_LIBRARY -DDUCKDB_MAIN_LIBRARY -DENABLE_CROSS_PRODUCT_REWRITE=0 -DENABLE_DEBUG_PRINT=0 -DENABLE_MEASURE_EXE_TIME=0 -DENABLE_MERGE_BACK_PLAN=0 -DENABLE_PARALLEL_EXECUTION=0 -DENABLE_QUERY_SPLIT=0 -DENABLE_SPECIFY_EST_STAT=0 -I/home/bita/Project/duckdb-polr/src/include -I/home/bita/Project/duckdb-polr/third_party/fsst -I/home/bita/Project/duckdb-polr/third_party/fmt/include -I/home/bita/Project/duckdb-polr/third_party/hyperloglog -I/home/bita/Project/duckdb-polr/third_party/fastpforlib -I/home/bita/Project/duckdb-polr/third_party/fast_float -I/home/bita/Project/duckdb-polr/third_party/re2 -I/home/bita/Project/duckdb-polr/third_party/miniz -I/home/bita/Project/duckdb-polr/third_party/utf8proc/include -I/home/bita/Project/duckdb-polr/third_party/miniparquet -I/home/bita/Project/duckdb-polr/third_party/concurrentqueue -I/home/bita/Project/duckdb-polr/third_party/pcg -I/home/bita/Project/duckdb-polr/third_party/tdigest -I/home/bita/Project/duckdb-polr/third_party/mbedtls/include -I/home/bita/Project/duckdb-polr/third_party/jaro_winkler -O3 -DNDEBUG -O3 -DNDEBUG   -fPIC -fdiagnostics-color=always -std=c++11 -MD -MT src/function/scalar/enum/CMakeFiles/duckdb_func_enum.dir/ub_duckdb_func_enum.cpp.o -MF src/function/scalar/enum/CMakeFiles/duckdb_func_enum.dir/ub_duckdb_func_enum.cpp.o.d -o src/function/scalar/enum/CMakeFiles/duckdb_func_enum.dir/ub_duckdb_func_enum.cpp.o -c /home/bita/Project/duckdb-polr/build/release/src/function/scalar/enum/ub_duckdb_func_enum.cpp
[45/376] /usr/bin/c++ -DDUCKDB -DDUCKDB_BUILD_LIBRARY -DDUCKDB_MAIN_LIBRARY -DENABLE_CROSS_PRODUCT_REWRITE=0 -DENABLE_DEBUG_PRINT=0 -DENABLE_MEASURE_EXE_TIME=0 -DENABLE_MERGE_BACK_PLAN=0 -DENABLE_PARALLEL_EXECUTION=0 -DENABLE_QUERY_SPLIT=0 -DENABLE_SPECIFY_EST_STAT=0 -I/home/bita/Project/duckdb-polr/src/include -I/home/bita/Project/duckdb-polr/third_party/fsst -I/home/bita/Project/duckdb-polr/third_party/fmt/include -I/home/bita/Project/duckdb-polr/third_party/hyperloglog -I/home/bita/Project/duckdb-polr/third_party/fastpforlib -I/home/bita/Project/duckdb-polr/third_party/fast_float -I/home/bita/Project/duckdb-polr/third_party/re2 -I/home/bita/Project/duckdb-polr/third_party/miniz -I/home/bita/Project/duckdb-polr/third_party/utf8proc/include -I/home/bita/Project/duckdb-polr/third_party/miniparquet -I/home/bita/Project/duckdb-polr/third_party/concurrentqueue -I/home/bita/Project/duckdb-polr/third_party/pcg -I/home/bita/Project/duckdb-polr/third_party/tdigest -I/home/bita/Project/duckdb-polr/third_party/mbedtls/include -I/home/bita/Project/duckdb-polr/third_party/jaro_winkler -O3 -DNDEBUG -O3 -DNDEBUG   -fPIC -fdiagnostics-color=always -std=c++11 -MD -MT src/function/scalar/system/CMakeFiles/duckdb_func_system.dir/ub_duckdb_func_system.cpp.o -MF src/function/scalar/system/CMakeFiles/duckdb_func_system.dir/ub_duckdb_func_system.cpp.o.d -o src/function/scalar/system/CMakeFiles/duckdb_func_system.dir/ub_duckdb_func_system.cpp.o -c /home/bita/Project/duckdb-polr/build/release/src/function/scalar/system/ub_duckdb_func_system.cpp
[46/376] /usr/bin/c++ -DDUCKDB -DDUCKDB_BUILD_LIBRARY -DDUCKDB_MAIN_LIBRARY -DENABLE_CROSS_PRODUCT_REWRITE=0 -DENABLE_DEBUG_PRINT=0 -DENABLE_MEASURE_EXE_TIME=0 -DENABLE_MERGE_BACK_PLAN=0 -DENABLE_PARALLEL_EXECUTION=0 -DENABLE_QUERY_SPLIT=0 -DENABLE_SPECIFY_EST_STAT=0 -I/home/bita/Project/duckdb-polr/src/include -I/home/bita/Project/duckdb-polr/third_party/fsst -I/home/bita/Project/duckdb-polr/third_party/fmt/include -I/home/bita/Project/duckdb-polr/third_party/hyperloglog -I/home/bita/Project/duckdb-polr/third_party/fastpforlib -I/home/bita/Project/duckdb-polr/third_party/fast_float -I/home/bita/Project/duckdb-polr/third_party/re2 -I/home/bita/Project/duckdb-polr/third_party/miniz -I/home/bita/Project/duckdb-polr/third_party/utf8proc/include -I/home/bita/Project/duckdb-polr/third_party/miniparquet -I/home/bita/Project/duckdb-polr/third_party/concurrentqueue -I/home/bita/Project/duckdb-polr/third_party/pcg -I/home/bita/Project/duckdb-polr/third_party/tdigest -I/home/bita/Project/duckdb-polr/third_party/mbedtls/include -I/home/bita/Project/duckdb-polr/third_party/jaro_winkler -O3 -DNDEBUG -O3 -DNDEBUG   -fPIC -fdiagnostics-color=always -std=c++11 -MD -MT src/function/scalar/union/CMakeFiles/duckdb_func_union.dir/ub_duckdb_func_union.cpp.o -MF src/function/scalar/union/CMakeFiles/duckdb_func_union.dir/ub_duckdb_func_union.cpp.o.d -o src/function/scalar/union/CMakeFiles/duckdb_func_union.dir/ub_duckdb_func_union.cpp.o -c /home/bita/Project/duckdb-polr/build/release/src/function/scalar/union/ub_duckdb_func_union.cpp
[47/376] /usr/bin/c++ -DDUCKDB -DDUCKDB_BUILD_LIBRARY -DDUCKDB_MAIN_LIBRARY -DDUCKDB_SOURCE_ID=\"\"\"1d59222073\"\"\" -DDUCKDB_VERSION=\"\"\"v..1-dev\"\"\" -DENABLE_CROSS_PRODUCT_REWRITE=0 -DENABLE_DEBUG_PRINT=0 -DENABLE_MEASURE_EXE_TIME=0 -DENABLE_MERGE_BACK_PLAN=0 -DENABLE_PARALLEL_EXECUTION=0 -DENABLE_QUERY_SPLIT=0 -DENABLE_SPECIFY_EST_STAT=0 -I/home/bita/Project/duckdb-polr/src/include -I/home/bita/Project/duckdb-polr/third_party/fsst -I/home/bita/Project/duckdb-polr/third_party/fmt/include -I/home/bita/Project/duckdb-polr/third_party/hyperloglog -I/home/bita/Project/duckdb-polr/third_party/fastpforlib -I/home/bita/Project/duckdb-polr/third_party/fast_float -I/home/bita/Project/duckdb-polr/third_party/re2 -I/home/bita/Project/duckdb-polr/third_party/miniz -I/home/bita/Project/duckdb-polr/third_party/utf8proc/include -I/home/bita/Project/duckdb-polr/third_party/miniparquet -I/home/bita/Project/duckdb-polr/third_party/concurrentqueue -I/home/bita/Project/duckdb-polr/third_party/pcg -I/home/bita/Project/duckdb-polr/third_party/tdigest -I/home/bita/Project/duckdb-polr/third_party/mbedtls/include -I/home/bita/Project/duckdb-polr/third_party/jaro_winkler -O3 -DNDEBUG -O3 -DNDEBUG   -fPIC -fdiagnostics-color=always -std=c++11 -MD -MT src/function/table/version/CMakeFiles/duckdb_func_table_version.dir/ub_duckdb_func_table_version.cpp.o -MF src/function/table/version/CMakeFiles/duckdb_func_table_version.dir/ub_duckdb_func_table_version.cpp.o.d -o src/function/table/version/CMakeFiles/duckdb_func_table_version.dir/ub_duckdb_func_table_version.cpp.o -c /home/bita/Project/duckdb-polr/build/release/src/function/table/version/ub_duckdb_func_table_version.cpp
[48/376] /usr/bin/c++ -DDUCKDB -DDUCKDB_BUILD_LIBRARY -DDUCKDB_MAIN_LIBRARY -DENABLE_CROSS_PRODUCT_REWRITE=0 -DENABLE_DEBUG_PRINT=0 -DENABLE_MEASURE_EXE_TIME=0 -DENABLE_MERGE_BACK_PLAN=0 -DENABLE_PARALLEL_EXECUTION=0 -DENABLE_QUERY_SPLIT=0 -DENABLE_SPECIFY_EST_STAT=0 -I/home/bita/Project/duckdb-polr/src/include -I/home/bita/Project/duckdb-polr/third_party/fsst -I/home/bita/Project/duckdb-polr/third_party/fmt/include -I/home/bita/Project/duckdb-polr/third_party/hyperloglog -I/home/bita/Project/duckdb-polr/third_party/fastpforlib -I/home/bita/Project/duckdb-polr/third_party/fast_float -I/home/bita/Project/duckdb-polr/third_party/re2 -I/home/bita/Project/duckdb-polr/third_party/miniz -I/home/bita/Project/duckdb-polr/third_party/utf8proc/include -I/home/bita/Project/duckdb-polr/third_party/miniparquet -I/home/bita/Project/duckdb-polr/third_party/concurrentqueue -I/home/bita/Project/duckdb-polr/third_party/pcg -I/home/bita/Project/duckdb-polr/third_party/tdigest -I/home/bita/Project/duckdb-polr/third_party/mbedtls/include -I/home/bita/Project/duckdb-polr/third_party/jaro_winkler -O3 -DNDEBUG -O3 -DNDEBUG   -fPIC -fdiagnostics-color=always -std=c++11 -MD -MT src/function/aggregate/nested/CMakeFiles/duckdb_aggr_nested.dir/ub_duckdb_aggr_nested.cpp.o -MF src/function/aggregate/nested/CMakeFiles/duckdb_aggr_nested.dir/ub_duckdb_aggr_nested.cpp.o.d -o src/function/aggregate/nested/CMakeFiles/duckdb_aggr_nested.dir/ub_duckdb_aggr_nested.cpp.o -c /home/bita/Project/duckdb-polr/build/release/src/function/aggregate/nested/ub_duckdb_aggr_nested.cpp
[49/376] /usr/bin/c++ -DDUCKDB -DDUCKDB_BUILD_LIBRARY -DDUCKDB_MAIN_LIBRARY -DENABLE_CROSS_PRODUCT_REWRITE=0 -DENABLE_DEBUG_PRINT=0 -DENABLE_MEASURE_EXE_TIME=0 -DENABLE_MERGE_BACK_PLAN=0 -DENABLE_PARALLEL_EXECUTION=0 -DENABLE_QUERY_SPLIT=0 -DENABLE_SPECIFY_EST_STAT=0 -I/home/bita/Project/duckdb-polr/src/include -I/home/bita/Project/duckdb-polr/third_party/fsst -I/home/bita/Project/duckdb-polr/third_party/fmt/include -I/home/bita/Project/duckdb-polr/third_party/hyperloglog -I/home/bita/Project/duckdb-polr/third_party/fastpforlib -I/home/bita/Project/duckdb-polr/third_party/fast_float -I/home/bita/Project/duckdb-polr/third_party/re2 -I/home/bita/Project/duckdb-polr/third_party/miniz -I/home/bita/Project/duckdb-polr/third_party/utf8proc/include -I/home/bita/Project/duckdb-polr/third_party/miniparquet -I/home/bita/Project/duckdb-polr/third_party/concurrentqueue -I/home/bita/Project/duckdb-polr/third_party/pcg -I/home/bita/Project/duckdb-polr/third_party/tdigest -I/home/bita/Project/duckdb-polr/third_party/mbedtls/include -I/home/bita/Project/duckdb-polr/third_party/jaro_winkler -O3 -DNDEBUG -O3 -DNDEBUG   -fPIC -fdiagnostics-color=always -std=c++11 -MD -MT src/catalog/default/CMakeFiles/duckdb_catalog_default_entries.dir/ub_duckdb_catalog_default_entries.cpp.o -MF src/catalog/default/CMakeFiles/duckdb_catalog_default_entries.dir/ub_duckdb_catalog_default_entries.cpp.o.d -o src/catalog/default/CMakeFiles/duckdb_catalog_default_entries.dir/ub_duckdb_catalog_default_entries.cpp.o -c /home/bita/Project/duckdb-polr/build/release/src/catalog/default/ub_duckdb_catalog_default_entries.cpp
[50/376] /usr/bin/c++ -DDUCKDB -DDUCKDB_BUILD_LIBRARY -DDUCKDB_MAIN_LIBRARY -DENABLE_CROSS_PRODUCT_REWRITE=0 -DENABLE_DEBUG_PRINT=0 -DENABLE_MEASURE_EXE_TIME=0 -DENABLE_MERGE_BACK_PLAN=0 -DENABLE_PARALLEL_EXECUTION=0 -DENABLE_QUERY_SPLIT=0 -DENABLE_SPECIFY_EST_STAT=0 -I/home/bita/Project/duckdb-polr/src/include -I/home/bita/Project/duckdb-polr/third_party/fsst -I/home/bita/Project/duckdb-polr/third_party/fmt/include -I/home/bita/Project/duckdb-polr/third_party/hyperloglog -I/home/bita/Project/duckdb-polr/third_party/fastpforlib -I/home/bita/Project/duckdb-polr/third_party/fast_float -I/home/bita/Project/duckdb-polr/third_party/re2 -I/home/bita/Project/duckdb-polr/third_party/miniz -I/home/bita/Project/duckdb-polr/third_party/utf8proc/include -I/home/bita/Project/duckdb-polr/third_party/miniparquet -I/home/bita/Project/duckdb-polr/third_party/concurrentqueue -I/home/bita/Project/duckdb-polr/third_party/pcg -I/home/bita/Project/duckdb-polr/third_party/tdigest -I/home/bita/Project/duckdb-polr/third_party/mbedtls/include -I/home/bita/Project/duckdb-polr/third_party/jaro_winkler -O3 -DNDEBUG -O3 -DNDEBUG   -fPIC -fdiagnostics-color=always -std=c++11 -MD -MT src/function/scalar/list/CMakeFiles/duckdb_func_list.dir/ub_duckdb_func_list.cpp.o -MF src/function/scalar/list/CMakeFiles/duckdb_func_list.dir/ub_duckdb_func_list.cpp.o.d -o src/function/scalar/list/CMakeFiles/duckdb_func_list.dir/ub_duckdb_func_list.cpp.o -c /home/bita/Project/duckdb-polr/build/release/src/function/scalar/list/ub_duckdb_func_list.cpp
[51/376] /usr/bin/c++ -DDUCKDB -DDUCKDB_BUILD_LIBRARY -DDUCKDB_MAIN_LIBRARY -DENABLE_CROSS_PRODUCT_REWRITE=0 -DENABLE_DEBUG_PRINT=0 -DENABLE_MEASURE_EXE_TIME=0 -DENABLE_MERGE_BACK_PLAN=0 -DENABLE_PARALLEL_EXECUTION=0 -DENABLE_QUERY_SPLIT=0 -DENABLE_SPECIFY_EST_STAT=0 -I/home/bita/Project/duckdb-polr/src/include -I/home/bita/Project/duckdb-polr/third_party/fsst -I/home/bita/Project/duckdb-polr/third_party/fmt/include -I/home/bita/Project/duckdb-polr/third_party/hyperloglog -I/home/bita/Project/duckdb-polr/third_party/fastpforlib -I/home/bita/Project/duckdb-polr/third_party/fast_float -I/home/bita/Project/duckdb-polr/third_party/re2 -I/home/bita/Project/duckdb-polr/third_party/miniz -I/home/bita/Project/duckdb-polr/third_party/utf8proc/include -I/home/bita/Project/duckdb-polr/third_party/miniparquet -I/home/bita/Project/duckdb-polr/third_party/concurrentqueue -I/home/bita/Project/duckdb-polr/third_party/pcg -I/home/bita/Project/duckdb-polr/third_party/tdigest -I/home/bita/Project/duckdb-polr/third_party/mbedtls/include -I/home/bita/Project/duckdb-polr/third_party/jaro_winkler -O3 -DNDEBUG -O3 -DNDEBUG   -fPIC -fdiagnostics-color=always -std=c++11 -MD -MT src/function/scalar/math/CMakeFiles/duckdb_func_math.dir/ub_duckdb_func_math.cpp.o -MF src/function/scalar/math/CMakeFiles/duckdb_func_math.dir/ub_duckdb_func_math.cpp.o.d -o src/function/scalar/math/CMakeFiles/duckdb_func_math.dir/ub_duckdb_func_math.cpp.o -c /home/bita/Project/duckdb-polr/build/release/src/function/scalar/math/ub_duckdb_func_math.cpp
[52/376] /usr/bin/c++ -DDUCKDB -DDUCKDB_BUILD_LIBRARY -DDUCKDB_MAIN_LIBRARY -DENABLE_CROSS_PRODUCT_REWRITE=0 -DENABLE_DEBUG_PRINT=0 -DENABLE_MEASURE_EXE_TIME=0 -DENABLE_MERGE_BACK_PLAN=0 -DENABLE_PARALLEL_EXECUTION=0 -DENABLE_QUERY_SPLIT=0 -DENABLE_SPECIFY_EST_STAT=0 -I/home/bita/Project/duckdb-polr/src/include -I/home/bita/Project/duckdb-polr/third_party/fsst -I/home/bita/Project/duckdb-polr/third_party/fmt/include -I/home/bita/Project/duckdb-polr/third_party/hyperloglog -I/home/bita/Project/duckdb-polr/third_party/fastpforlib -I/home/bita/Project/duckdb-polr/third_party/fast_float -I/home/bita/Project/duckdb-polr/third_party/re2 -I/home/bita/Project/duckdb-polr/third_party/miniz -I/home/bita/Project/duckdb-polr/third_party/utf8proc/include -I/home/bita/Project/duckdb-polr/third_party/miniparquet -I/home/bita/Project/duckdb-polr/third_party/concurrentqueue -I/home/bita/Project/duckdb-polr/third_party/pcg -I/home/bita/Project/duckdb-polr/third_party/tdigest -I/home/bita/Project/duckdb-polr/third_party/mbedtls/include -I/home/bita/Project/duckdb-polr/third_party/jaro_winkler -O3 -DNDEBUG -O3 -DNDEBUG   -fPIC -fdiagnostics-color=always -std=c++11 -MD -MT src/common/crypto/CMakeFiles/duckdb_common_crypto.dir/ub_duckdb_common_crypto.cpp.o -MF src/common/crypto/CMakeFiles/duckdb_common_crypto.dir/ub_duckdb_common_crypto.cpp.o.d -o src/common/crypto/CMakeFiles/duckdb_common_crypto.dir/ub_duckdb_common_crypto.cpp.o -c /home/bita/Project/duckdb-polr/build/release/src/common/crypto/ub_duckdb_common_crypto.cpp
[53/376] /usr/bin/c++ -DDUCKDB -DDUCKDB_BUILD_LIBRARY -DDUCKDB_MAIN_LIBRARY -DENABLE_CROSS_PRODUCT_REWRITE=0 -DENABLE_DEBUG_PRINT=0 -DENABLE_MEASURE_EXE_TIME=0 -DENABLE_MERGE_BACK_PLAN=0 -DENABLE_PARALLEL_EXECUTION=0 -DENABLE_QUERY_SPLIT=0 -DENABLE_SPECIFY_EST_STAT=0 -I/home/bita/Project/duckdb-polr/src/include -I/home/bita/Project/duckdb-polr/third_party/fsst -I/home/bita/Project/duckdb-polr/third_party/fmt/include -I/home/bita/Project/duckdb-polr/third_party/hyperloglog -I/home/bita/Project/duckdb-polr/third_party/fastpforlib -I/home/bita/Project/duckdb-polr/third_party/fast_float -I/home/bita/Project/duckdb-polr/third_party/re2 -I/home/bita/Project/duckdb-polr/third_party/miniz -I/home/bita/Project/duckdb-polr/third_party/utf8proc/include -I/home/bita/Project/duckdb-polr/third_party/miniparquet -I/home/bita/Project/duckdb-polr/third_party/concurrentqueue -I/home/bita/Project/duckdb-polr/third_party/pcg -I/home/bita/Project/duckdb-polr/third_party/tdigest -I/home/bita/Project/duckdb-polr/third_party/mbedtls/include -I/home/bita/Project/duckdb-polr/third_party/jaro_winkler -O3 -DNDEBUG -O3 -DNDEBUG   -fPIC -fdiagnostics-color=always -std=c++11 -MD -MT src/common/enums/CMakeFiles/duckdb_common_enums.dir/ub_duckdb_common_enums.cpp.o -MF src/common/enums/CMakeFiles/duckdb_common_enums.dir/ub_duckdb_common_enums.cpp.o.d -o src/common/enums/CMakeFiles/duckdb_common_enums.dir/ub_duckdb_common_enums.cpp.o -c /home/bita/Project/duckdb-polr/build/release/src/common/enums/ub_duckdb_common_enums.cpp
[54/376] /usr/bin/c++ -DDUCKDB -DDUCKDB_BUILD_LIBRARY -DDUCKDB_MAIN_LIBRARY -DENABLE_CROSS_PRODUCT_REWRITE=0 -DENABLE_DEBUG_PRINT=0 -DENABLE_MEASURE_EXE_TIME=0 -DENABLE_MERGE_BACK_PLAN=0 -DENABLE_PARALLEL_EXECUTION=0 -DENABLE_QUERY_SPLIT=0 -DENABLE_SPECIFY_EST_STAT=0 -I/home/bita/Project/duckdb-polr/src/include -I/home/bita/Project/duckdb-polr/third_party/fsst -I/home/bita/Project/duckdb-polr/third_party/fmt/include -I/home/bita/Project/duckdb-polr/third_party/hyperloglog -I/home/bita/Project/duckdb-polr/third_party/fastpforlib -I/home/bita/Project/duckdb-polr/third_party/fast_float -I/home/bita/Project/duckdb-polr/third_party/re2 -I/home/bita/Project/duckdb-polr/third_party/miniz -I/home/bita/Project/duckdb-polr/third_party/utf8proc/include -I/home/bita/Project/duckdb-polr/third_party/miniparquet -I/home/bita/Project/duckdb-polr/third_party/concurrentqueue -I/home/bita/Project/duckdb-polr/third_party/pcg -I/home/bita/Project/duckdb-polr/third_party/tdigest -I/home/bita/Project/duckdb-polr/third_party/mbedtls/include -I/home/bita/Project/duckdb-polr/third_party/jaro_winkler -O3 -DNDEBUG -O3 -DNDEBUG   -fPIC -fdiagnostics-color=always -std=c++11 -MD -MT src/common/arrow/CMakeFiles/duckdb_common_arrow.dir/ub_duckdb_common_arrow.cpp.o -MF src/common/arrow/CMakeFiles/duckdb_common_arrow.dir/ub_duckdb_common_arrow.cpp.o.d -o src/common/arrow/CMakeFiles/duckdb_common_arrow.dir/ub_duckdb_common_arrow.cpp.o -c /home/bita/Project/duckdb-polr/build/release/src/common/arrow/ub_duckdb_common_arrow.cpp
[55/376] /usr/bin/c++ -DDUCKDB -DDUCKDB_BUILD_LIBRARY -DDUCKDB_MAIN_LIBRARY -DENABLE_CROSS_PRODUCT_REWRITE=0 -DENABLE_DEBUG_PRINT=0 -DENABLE_MEASURE_EXE_TIME=0 -DENABLE_MERGE_BACK_PLAN=0 -DENABLE_PARALLEL_EXECUTION=0 -DENABLE_QUERY_SPLIT=0 -DENABLE_SPECIFY_EST_STAT=0 -I/home/bita/Project/duckdb-polr/src/include -I/home/bita/Project/duckdb-polr/third_party/fsst -I/home/bita/Project/duckdb-polr/third_party/fmt/include -I/home/bita/Project/duckdb-polr/third_party/hyperloglog -I/home/bita/Project/duckdb-polr/third_party/fastpforlib -I/home/bita/Project/duckdb-polr/third_party/fast_float -I/home/bita/Project/duckdb-polr/third_party/re2 -I/home/bita/Project/duckdb-polr/third_party/miniz -I/home/bita/Project/duckdb-polr/third_party/utf8proc/include -I/home/bita/Project/duckdb-polr/third_party/miniparquet -I/home/bita/Project/duckdb-polr/third_party/concurrentqueue -I/home/bita/Project/duckdb-polr/third_party/pcg -I/home/bita/Project/duckdb-polr/third_party/tdigest -I/home/bita/Project/duckdb-polr/third_party/mbedtls/include -I/home/bita/Project/duckdb-polr/third_party/jaro_winkler -O3 -DNDEBUG -O3 -DNDEBUG   -fPIC -fdiagnostics-color=always -std=c++11 -MD -MT src/common/progress_bar/CMakeFiles/duckdb_progress_bar.dir/ub_duckdb_progress_bar.cpp.o -MF src/common/progress_bar/CMakeFiles/duckdb_progress_bar.dir/ub_duckdb_progress_bar.cpp.o.d -o src/common/progress_bar/CMakeFiles/duckdb_progress_bar.dir/ub_duckdb_progress_bar.cpp.o -c /home/bita/Project/duckdb-polr/build/release/src/common/progress_bar/ub_duckdb_progress_bar.cpp
[56/376] /usr/bin/c++ -DDUCKDB -DDUCKDB_BUILD_LIBRARY -DDUCKDB_MAIN_LIBRARY -DENABLE_CROSS_PRODUCT_REWRITE=0 -DENABLE_DEBUG_PRINT=0 -DENABLE_MEASURE_EXE_TIME=0 -DENABLE_MERGE_BACK_PLAN=0 -DENABLE_PARALLEL_EXECUTION=0 -DENABLE_QUERY_SPLIT=0 -DENABLE_SPECIFY_EST_STAT=0 -I/home/bita/Project/duckdb-polr/src/include -I/home/bita/Project/duckdb-polr/third_party/fsst -I/home/bita/Project/duckdb-polr/third_party/fmt/include -I/home/bita/Project/duckdb-polr/third_party/hyperloglog -I/home/bita/Project/duckdb-polr/third_party/fastpforlib -I/home/bita/Project/duckdb-polr/third_party/fast_float -I/home/bita/Project/duckdb-polr/third_party/re2 -I/home/bita/Project/duckdb-polr/third_party/miniz -I/home/bita/Project/duckdb-polr/third_party/utf8proc/include -I/home/bita/Project/duckdb-polr/third_party/miniparquet -I/home/bita/Project/duckdb-polr/third_party/concurrentqueue -I/home/bita/Project/duckdb-polr/third_party/pcg -I/home/bita/Project/duckdb-polr/third_party/tdigest -I/home/bita/Project/duckdb-polr/third_party/mbedtls/include -I/home/bita/Project/duckdb-polr/third_party/jaro_winkler -O3 -DNDEBUG -O3 -DNDEBUG   -fPIC -fdiagnostics-color=always -std=c++11 -MD -MT src/common/serializer/CMakeFiles/duckdb_common_serializer.dir/ub_duckdb_common_serializer.cpp.o -MF src/common/serializer/CMakeFiles/duckdb_common_serializer.dir/ub_duckdb_common_serializer.cpp.o.d -o src/common/serializer/CMakeFiles/duckdb_common_serializer.dir/ub_duckdb_common_serializer.cpp.o -c /home/bita/Project/duckdb-polr/build/release/src/common/serializer/ub_duckdb_common_serializer.cpp
[57/376] /usr/bin/c++ -DDUCKDB -DDUCKDB_BUILD_LIBRARY -DDUCKDB_MAIN_LIBRARY -DENABLE_CROSS_PRODUCT_REWRITE=0 -DENABLE_DEBUG_PRINT=0 -DENABLE_MEASURE_EXE_TIME=0 -DENABLE_MERGE_BACK_PLAN=0 -DENABLE_PARALLEL_EXECUTION=0 -DENABLE_QUERY_SPLIT=0 -DENABLE_SPECIFY_EST_STAT=0 -I/home/bita/Project/duckdb-polr/src/include -I/home/bita/Project/duckdb-polr/third_party/fsst -I/home/bita/Project/duckdb-polr/third_party/fmt/include -I/home/bita/Project/duckdb-polr/third_party/hyperloglog -I/home/bita/Project/duckdb-polr/third_party/fastpforlib -I/home/bita/Project/duckdb-polr/third_party/fast_float -I/home/bita/Project/duckdb-polr/third_party/re2 -I/home/bita/Project/duckdb-polr/third_party/miniz -I/home/bita/Project/duckdb-polr/third_party/utf8proc/include -I/home/bita/Project/duckdb-polr/third_party/miniparquet -I/home/bita/Project/duckdb-polr/third_party/concurrentqueue -I/home/bita/Project/duckdb-polr/third_party/pcg -I/home/bita/Project/duckdb-polr/third_party/tdigest -I/home/bita/Project/duckdb-polr/third_party/mbedtls/include -I/home/bita/Project/duckdb-polr/third_party/jaro_winkler -O3 -DNDEBUG -O3 -DNDEBUG   -fPIC -fdiagnostics-color=always -std=c++11 -MD -MT src/catalog/CMakeFiles/duckdb_catalog.dir/ub_duckdb_catalog.cpp.o -MF src/catalog/CMakeFiles/duckdb_catalog.dir/ub_duckdb_catalog.cpp.o.d -o src/catalog/CMakeFiles/duckdb_catalog.dir/ub_duckdb_catalog.cpp.o -c /home/bita/Project/duckdb-polr/build/release/src/catalog/ub_duckdb_catalog.cpp
[58/376] /usr/bin/c++ -DDUCKDB -DDUCKDB_BUILD_LIBRARY -DDUCKDB_MAIN_LIBRARY -DENABLE_CROSS_PRODUCT_REWRITE=0 -DENABLE_DEBUG_PRINT=0 -DENABLE_MEASURE_EXE_TIME=0 -DENABLE_MERGE_BACK_PLAN=0 -DENABLE_PARALLEL_EXECUTION=0 -DENABLE_QUERY_SPLIT=0 -DENABLE_SPECIFY_EST_STAT=0 -I/home/bita/Project/duckdb-polr/src/include -I/home/bita/Project/duckdb-polr/third_party/fsst -I/home/bita/Project/duckdb-polr/third_party/fmt/include -I/home/bita/Project/duckdb-polr/third_party/hyperloglog -I/home/bita/Project/duckdb-polr/third_party/fastpforlib -I/home/bita/Project/duckdb-polr/third_party/fast_float -I/home/bita/Project/duckdb-polr/third_party/re2 -I/home/bita/Project/duckdb-polr/third_party/miniz -I/home/bita/Project/duckdb-polr/third_party/utf8proc/include -I/home/bita/Project/duckdb-polr/third_party/miniparquet -I/home/bita/Project/duckdb-polr/third_party/concurrentqueue -I/home/bita/Project/duckdb-polr/third_party/pcg -I/home/bita/Project/duckdb-polr/third_party/tdigest -I/home/bita/Project/duckdb-polr/third_party/mbedtls/include -I/home/bita/Project/duckdb-polr/third_party/jaro_winkler -O3 -DNDEBUG -O3 -DNDEBUG   -fPIC -fdiagnostics-color=always -std=c++11 -MD -MT src/catalog/catalog_entry/CMakeFiles/duckdb_catalog_entries.dir/ub_duckdb_catalog_entries.cpp.o -MF src/catalog/catalog_entry/CMakeFiles/duckdb_catalog_entries.dir/ub_duckdb_catalog_entries.cpp.o.d -o src/catalog/catalog_entry/CMakeFiles/duckdb_catalog_entries.dir/ub_duckdb_catalog_entries.cpp.o -c /home/bita/Project/duckdb-polr/build/release/src/catalog/catalog_entry/ub_duckdb_catalog_entries.cpp
[59/376] /usr/bin/c++ -DDUCKDB -DDUCKDB_BUILD_LIBRARY -DDUCKDB_MAIN_LIBRARY -DENABLE_CROSS_PRODUCT_REWRITE=0 -DENABLE_DEBUG_PRINT=0 -DENABLE_MEASURE_EXE_TIME=0 -DENABLE_MERGE_BACK_PLAN=0 -DENABLE_PARALLEL_EXECUTION=0 -DENABLE_QUERY_SPLIT=0 -DENABLE_SPECIFY_EST_STAT=0 -I/home/bita/Project/duckdb-polr/src/include -I/home/bita/Project/duckdb-polr/third_party/fsst -I/home/bita/Project/duckdb-polr/third_party/fmt/include -I/home/bita/Project/duckdb-polr/third_party/hyperloglog -I/home/bita/Project/duckdb-polr/third_party/fastpforlib -I/home/bita/Project/duckdb-polr/third_party/fast_float -I/home/bita/Project/duckdb-polr/third_party/re2 -I/home/bita/Project/duckdb-polr/third_party/miniz -I/home/bita/Project/duckdb-polr/third_party/utf8proc/include -I/home/bita/Project/duckdb-polr/third_party/miniparquet -I/home/bita/Project/duckdb-polr/third_party/concurrentqueue -I/home/bita/Project/duckdb-polr/third_party/pcg -I/home/bita/Project/duckdb-polr/third_party/tdigest -I/home/bita/Project/duckdb-polr/third_party/mbedtls/include -I/home/bita/Project/duckdb-polr/third_party/jaro_winkler -O3 -DNDEBUG -O3 -DNDEBUG   -fPIC -fdiagnostics-color=always -std=c++11 -MD -MT src/function/table/system/CMakeFiles/duckdb_table_func_system.dir/ub_duckdb_table_func_system.cpp.o -MF src/function/table/system/CMakeFiles/duckdb_table_func_system.dir/ub_duckdb_table_func_system.cpp.o.d -o src/function/table/system/CMakeFiles/duckdb_table_func_system.dir/ub_duckdb_table_func_system.cpp.o -c /home/bita/Project/duckdb-polr/build/release/src/function/table/system/ub_duckdb_table_func_system.cpp
[60/376] /usr/bin/c++ -DDUCKDB -DDUCKDB_BUILD_LIBRARY -DDUCKDB_MAIN_LIBRARY -DENABLE_CROSS_PRODUCT_REWRITE=0 -DENABLE_DEBUG_PRINT=0 -DENABLE_MEASURE_EXE_TIME=0 -DENABLE_MERGE_BACK_PLAN=0 -DENABLE_PARALLEL_EXECUTION=0 -DENABLE_QUERY_SPLIT=0 -DENABLE_SPECIFY_EST_STAT=0 -I/home/bita/Project/duckdb-polr/src/include -I/home/bita/Project/duckdb-polr/third_party/fsst -I/home/bita/Project/duckdb-polr/third_party/fmt/include -I/home/bita/Project/duckdb-polr/third_party/hyperloglog -I/home/bita/Project/duckdb-polr/third_party/fastpforlib -I/home/bita/Project/duckdb-polr/third_party/fast_float -I/home/bita/Project/duckdb-polr/third_party/re2 -I/home/bita/Project/duckdb-polr/third_party/miniz -I/home/bita/Project/duckdb-polr/third_party/utf8proc/include -I/home/bita/Project/duckdb-polr/third_party/miniparquet -I/home/bita/Project/duckdb-polr/third_party/concurrentqueue -I/home/bita/Project/duckdb-polr/third_party/pcg -I/home/bita/Project/duckdb-polr/third_party/tdigest -I/home/bita/Project/duckdb-polr/third_party/mbedtls/include -I/home/bita/Project/duckdb-polr/third_party/jaro_winkler -O3 -DNDEBUG -O3 -DNDEBUG   -fPIC -fdiagnostics-color=always -std=c++11 -MD -MT src/common/value_operations/CMakeFiles/duckdb_value_operations.dir/ub_duckdb_value_operations.cpp.o -MF src/common/value_operations/CMakeFiles/duckdb_value_operations.dir/ub_duckdb_value_operations.cpp.o.d -o src/common/value_operations/CMakeFiles/duckdb_value_operations.dir/ub_duckdb_value_operations.cpp.o -c /home/bita/Project/duckdb-polr/build/release/src/common/value_operations/ub_duckdb_value_operations.cpp
[61/376] /usr/bin/c++ -DDUCKDB -DDUCKDB_BUILD_LIBRARY -DDUCKDB_MAIN_LIBRARY -DENABLE_CROSS_PRODUCT_REWRITE=0 -DENABLE_DEBUG_PRINT=0 -DENABLE_MEASURE_EXE_TIME=0 -DENABLE_MERGE_BACK_PLAN=0 -DENABLE_PARALLEL_EXECUTION=0 -DENABLE_QUERY_SPLIT=0 -DENABLE_SPECIFY_EST_STAT=0 -I/home/bita/Project/duckdb-polr/src/include -I/home/bita/Project/duckdb-polr/third_party/fsst -I/home/bita/Project/duckdb-polr/third_party/fmt/include -I/home/bita/Project/duckdb-polr/third_party/hyperloglog -I/home/bita/Project/duckdb-polr/third_party/fastpforlib -I/home/bita/Project/duckdb-polr/third_party/fast_float -I/home/bita/Project/duckdb-polr/third_party/re2 -I/home/bita/Project/duckdb-polr/third_party/miniz -I/home/bita/Project/duckdb-polr/third_party/utf8proc/include -I/home/bita/Project/duckdb-polr/third_party/miniparquet -I/home/bita/Project/duckdb-polr/third_party/concurrentqueue -I/home/bita/Project/duckdb-polr/third_party/pcg -I/home/bita/Project/duckdb-polr/third_party/tdigest -I/home/bita/Project/duckdb-polr/third_party/mbedtls/include -I/home/bita/Project/duckdb-polr/third_party/jaro_winkler -O3 -DNDEBUG -O3 -DNDEBUG   -fPIC -fdiagnostics-color=always -std=c++11 -MD -MT src/common/vector_operations/CMakeFiles/duckdb_vector_operations.dir/boolean_operators.cpp.o -MF src/common/vector_operations/CMakeFiles/duckdb_vector_operations.dir/boolean_operators.cpp.o.d -o src/common/vector_operations/CMakeFiles/duckdb_vector_operations.dir/boolean_operators.cpp.o -c /home/bita/Project/duckdb-polr/src/common/vector_operations/boolean_operators.cpp
[62/376] /usr/bin/c++ -DDUCKDB -DDUCKDB_BUILD_LIBRARY -DDUCKDB_MAIN_LIBRARY -DENABLE_CROSS_PRODUCT_REWRITE=0 -DENABLE_DEBUG_PRINT=0 -DENABLE_MEASURE_EXE_TIME=0 -DENABLE_MERGE_BACK_PLAN=0 -DENABLE_PARALLEL_EXECUTION=0 -DENABLE_QUERY_SPLIT=0 -DENABLE_SPECIFY_EST_STAT=0 -I/home/bita/Project/duckdb-polr/src/include -I/home/bita/Project/duckdb-polr/third_party/fsst -I/home/bita/Project/duckdb-polr/third_party/fmt/include -I/home/bita/Project/duckdb-polr/third_party/hyperloglog -I/home/bita/Project/duckdb-polr/third_party/fastpforlib -I/home/bita/Project/duckdb-polr/third_party/fast_float -I/home/bita/Project/duckdb-polr/third_party/re2 -I/home/bita/Project/duckdb-polr/third_party/miniz -I/home/bita/Project/duckdb-polr/third_party/utf8proc/include -I/home/bita/Project/duckdb-polr/third_party/miniparquet -I/home/bita/Project/duckdb-polr/third_party/concurrentqueue -I/home/bita/Project/duckdb-polr/third_party/pcg -I/home/bita/Project/duckdb-polr/third_party/tdigest -I/home/bita/Project/duckdb-polr/third_party/mbedtls/include -I/home/bita/Project/duckdb-polr/third_party/jaro_winkler -O3 -DNDEBUG -O3 -DNDEBUG   -fPIC -fdiagnostics-color=always -std=c++11 -MD -MT src/common/vector_operations/CMakeFiles/duckdb_vector_operations.dir/vector_cast.cpp.o -MF src/common/vector_operations/CMakeFiles/duckdb_vector_operations.dir/vector_cast.cpp.o.d -o src/common/vector_operations/CMakeFiles/duckdb_vector_operations.dir/vector_cast.cpp.o -c /home/bita/Project/duckdb-polr/src/common/vector_operations/vector_cast.cpp
[63/376] /usr/bin/c++ -DDUCKDB -DDUCKDB_BUILD_LIBRARY -DDUCKDB_MAIN_LIBRARY -DENABLE_CROSS_PRODUCT_REWRITE=0 -DENABLE_DEBUG_PRINT=0 -DENABLE_MEASURE_EXE_TIME=0 -DENABLE_MERGE_BACK_PLAN=0 -DENABLE_PARALLEL_EXECUTION=0 -DENABLE_QUERY_SPLIT=0 -DENABLE_SPECIFY_EST_STAT=0 -I/home/bita/Project/duckdb-polr/src/include -I/home/bita/Project/duckdb-polr/third_party/fsst -I/home/bita/Project/duckdb-polr/third_party/fmt/include -I/home/bita/Project/duckdb-polr/third_party/hyperloglog -I/home/bita/Project/duckdb-polr/third_party/fastpforlib -I/home/bita/Project/duckdb-polr/third_party/fast_float -I/home/bita/Project/duckdb-polr/third_party/re2 -I/home/bita/Project/duckdb-polr/third_party/miniz -I/home/bita/Project/duckdb-polr/third_party/utf8proc/include -I/home/bita/Project/duckdb-polr/third_party/miniparquet -I/home/bita/Project/duckdb-polr/third_party/concurrentqueue -I/home/bita/Project/duckdb-polr/third_party/pcg -I/home/bita/Project/duckdb-polr/third_party/tdigest -I/home/bita/Project/duckdb-polr/third_party/mbedtls/include -I/home/bita/Project/duckdb-polr/third_party/jaro_winkler -O3 -DNDEBUG -O3 -DNDEBUG   -fPIC -fdiagnostics-color=always -std=c++11 -MD -MT src/function/table/CMakeFiles/duckdb_func_table.dir/ub_duckdb_func_table.cpp.o -MF src/function/table/CMakeFiles/duckdb_func_table.dir/ub_duckdb_func_table.cpp.o.d -o src/function/table/CMakeFiles/duckdb_func_table.dir/ub_duckdb_func_table.cpp.o -c /home/bita/Project/duckdb-polr/build/release/src/function/table/ub_duckdb_func_table.cpp
[64/376] /usr/bin/c++ -DDUCKDB -DDUCKDB_BUILD_LIBRARY -DDUCKDB_MAIN_LIBRARY -DENABLE_CROSS_PRODUCT_REWRITE=0 -DENABLE_DEBUG_PRINT=0 -DENABLE_MEASURE_EXE_TIME=0 -DENABLE_MERGE_BACK_PLAN=0 -DENABLE_PARALLEL_EXECUTION=0 -DENABLE_QUERY_SPLIT=0 -DENABLE_SPECIFY_EST_STAT=0 -I/home/bita/Project/duckdb-polr/src/include -I/home/bita/Project/duckdb-polr/third_party/fsst -I/home/bita/Project/duckdb-polr/third_party/fmt/include -I/home/bita/Project/duckdb-polr/third_party/hyperloglog -I/home/bita/Project/duckdb-polr/third_party/fastpforlib -I/home/bita/Project/duckdb-polr/third_party/fast_float -I/home/bita/Project/duckdb-polr/third_party/re2 -I/home/bita/Project/duckdb-polr/third_party/miniz -I/home/bita/Project/duckdb-polr/third_party/utf8proc/include -I/home/bita/Project/duckdb-polr/third_party/miniparquet -I/home/bita/Project/duckdb-polr/third_party/concurrentqueue -I/home/bita/Project/duckdb-polr/third_party/pcg -I/home/bita/Project/duckdb-polr/third_party/tdigest -I/home/bita/Project/duckdb-polr/third_party/mbedtls/include -I/home/bita/Project/duckdb-polr/third_party/jaro_winkler -O3 -DNDEBUG -O3 -DNDEBUG   -fPIC -fdiagnostics-color=always -std=c++11 -MD -MT src/common/vector_operations/CMakeFiles/duckdb_vector_operations.dir/generators.cpp.o -MF src/common/vector_operations/CMakeFiles/duckdb_vector_operations.dir/generators.cpp.o.d -o src/common/vector_operations/CMakeFiles/duckdb_vector_operations.dir/generators.cpp.o -c /home/bita/Project/duckdb-polr/src/common/vector_operations/generators.cpp
[65/376] /usr/bin/c++ -DDUCKDB -DDUCKDB_BUILD_LIBRARY -DDUCKDB_MAIN_LIBRARY -DENABLE_CROSS_PRODUCT_REWRITE=0 -DENABLE_DEBUG_PRINT=0 -DENABLE_MEASURE_EXE_TIME=0 -DENABLE_MERGE_BACK_PLAN=0 -DENABLE_PARALLEL_EXECUTION=0 -DENABLE_QUERY_SPLIT=0 -DENABLE_SPECIFY_EST_STAT=0 -I/home/bita/Project/duckdb-polr/src/include -I/home/bita/Project/duckdb-polr/third_party/fsst -I/home/bita/Project/duckdb-polr/third_party/fmt/include -I/home/bita/Project/duckdb-polr/third_party/hyperloglog -I/home/bita/Project/duckdb-polr/third_party/fastpforlib -I/home/bita/Project/duckdb-polr/third_party/fast_float -I/home/bita/Project/duckdb-polr/third_party/re2 -I/home/bita/Project/duckdb-polr/third_party/miniz -I/home/bita/Project/duckdb-polr/third_party/utf8proc/include -I/home/bita/Project/duckdb-polr/third_party/miniparquet -I/home/bita/Project/duckdb-polr/third_party/concurrentqueue -I/home/bita/Project/duckdb-polr/third_party/pcg -I/home/bita/Project/duckdb-polr/third_party/tdigest -I/home/bita/Project/duckdb-polr/third_party/mbedtls/include -I/home/bita/Project/duckdb-polr/third_party/jaro_winkler -O3 -DNDEBUG -O3 -DNDEBUG   -fPIC -fdiagnostics-color=always -std=c++11 -MD -MT src/common/operator/CMakeFiles/duckdb_common_operators.dir/ub_duckdb_common_operators.cpp.o -MF src/common/operator/CMakeFiles/duckdb_common_operators.dir/ub_duckdb_common_operators.cpp.o.d -o src/common/operator/CMakeFiles/duckdb_common_operators.dir/ub_duckdb_common_operators.cpp.o -c /home/bita/Project/duckdb-polr/build/release/src/common/operator/ub_duckdb_common_operators.cpp
[66/376] /usr/bin/c++ -DDUCKDB -DDUCKDB_BUILD_LIBRARY -DDUCKDB_MAIN_LIBRARY -DENABLE_CROSS_PRODUCT_REWRITE=0 -DENABLE_DEBUG_PRINT=0 -DENABLE_MEASURE_EXE_TIME=0 -DENABLE_MERGE_BACK_PLAN=0 -DENABLE_PARALLEL_EXECUTION=0 -DENABLE_QUERY_SPLIT=0 -DENABLE_SPECIFY_EST_STAT=0 -I/home/bita/Project/duckdb-polr/src/include -I/home/bita/Project/duckdb-polr/third_party/fsst -I/home/bita/Project/duckdb-polr/third_party/fmt/include -I/home/bita/Project/duckdb-polr/third_party/hyperloglog -I/home/bita/Project/duckdb-polr/third_party/fastpforlib -I/home/bita/Project/duckdb-polr/third_party/fast_float -I/home/bita/Project/duckdb-polr/third_party/re2 -I/home/bita/Project/duckdb-polr/third_party/miniz -I/home/bita/Project/duckdb-polr/third_party/utf8proc/include -I/home/bita/Project/duckdb-polr/third_party/miniparquet -I/home/bita/Project/duckdb-polr/third_party/concurrentqueue -I/home/bita/Project/duckdb-polr/third_party/pcg -I/home/bita/Project/duckdb-polr/third_party/tdigest -I/home/bita/Project/duckdb-polr/third_party/mbedtls/include -I/home/bita/Project/duckdb-polr/third_party/jaro_winkler -O3 -DNDEBUG -O3 -DNDEBUG   -fPIC -fdiagnostics-color=always -std=c++11 -MD -MT src/common/sort/CMakeFiles/duckdb_sort.dir/ub_duckdb_sort.cpp.o -MF src/common/sort/CMakeFiles/duckdb_sort.dir/ub_duckdb_sort.cpp.o.d -o src/common/sort/CMakeFiles/duckdb_sort.dir/ub_duckdb_sort.cpp.o -c /home/bita/Project/duckdb-polr/build/release/src/common/sort/ub_duckdb_sort.cpp
[67/376] /usr/bin/c++ -DDUCKDB -DDUCKDB_BUILD_LIBRARY -DDUCKDB_MAIN_LIBRARY -DENABLE_CROSS_PRODUCT_REWRITE=0 -DENABLE_DEBUG_PRINT=0 -DENABLE_MEASURE_EXE_TIME=0 -DENABLE_MERGE_BACK_PLAN=0 -DENABLE_PARALLEL_EXECUTION=0 -DENABLE_QUERY_SPLIT=0 -DENABLE_SPECIFY_EST_STAT=0 -I/home/bita/Project/duckdb-polr/src/include -I/home/bita/Project/duckdb-polr/third_party/fsst -I/home/bita/Project/duckdb-polr/third_party/fmt/include -I/home/bita/Project/duckdb-polr/third_party/hyperloglog -I/home/bita/Project/duckdb-polr/third_party/fastpforlib -I/home/bita/Project/duckdb-polr/third_party/fast_float -I/home/bita/Project/duckdb-polr/third_party/re2 -I/home/bita/Project/duckdb-polr/third_party/miniz -I/home/bita/Project/duckdb-polr/third_party/utf8proc/include -I/home/bita/Project/duckdb-polr/third_party/miniparquet -I/home/bita/Project/duckdb-polr/third_party/concurrentqueue -I/home/bita/Project/duckdb-polr/third_party/pcg -I/home/bita/Project/duckdb-polr/third_party/tdigest -I/home/bita/Project/duckdb-polr/third_party/mbedtls/include -I/home/bita/Project/duckdb-polr/third_party/jaro_winkler -O3 -DNDEBUG -O3 -DNDEBUG   -fPIC -fdiagnostics-color=always -std=c++11 -MD -MT src/function/scalar/string/CMakeFiles/duckdb_func_string.dir/ub_duckdb_func_string.cpp.o -MF src/function/scalar/string/CMakeFiles/duckdb_func_string.dir/ub_duckdb_func_string.cpp.o.d -o src/function/scalar/string/CMakeFiles/duckdb_func_string.dir/ub_duckdb_func_string.cpp.o -c /home/bita/Project/duckdb-polr/build/release/src/function/scalar/string/ub_duckdb_func_string.cpp
[68/376] /usr/bin/c++ -DDUCKDB -DDUCKDB_BUILD_LIBRARY -DDUCKDB_MAIN_LIBRARY -DENABLE_CROSS_PRODUCT_REWRITE=0 -DENABLE_DEBUG_PRINT=0 -DENABLE_MEASURE_EXE_TIME=0 -DENABLE_MERGE_BACK_PLAN=0 -DENABLE_PARALLEL_EXECUTION=0 -DENABLE_QUERY_SPLIT=0 -DENABLE_SPECIFY_EST_STAT=0 -I/home/bita/Project/duckdb-polr/src/include -I/home/bita/Project/duckdb-polr/third_party/fsst -I/home/bita/Project/duckdb-polr/third_party/fmt/include -I/home/bita/Project/duckdb-polr/third_party/hyperloglog -I/home/bita/Project/duckdb-polr/third_party/fastpforlib -I/home/bita/Project/duckdb-polr/third_party/fast_float -I/home/bita/Project/duckdb-polr/third_party/re2 -I/home/bita/Project/duckdb-polr/third_party/miniz -I/home/bita/Project/duckdb-polr/third_party/utf8proc/include -I/home/bita/Project/duckdb-polr/third_party/miniparquet -I/home/bita/Project/duckdb-polr/third_party/concurrentqueue -I/home/bita/Project/duckdb-polr/third_party/pcg -I/home/bita/Project/duckdb-polr/third_party/tdigest -I/home/bita/Project/duckdb-polr/third_party/mbedtls/include -I/home/bita/Project/duckdb-polr/third_party/jaro_winkler -O3 -DNDEBUG -O3 -DNDEBUG   -fPIC -fdiagnostics-color=always -std=c++11 -MD -MT src/common/vector_operations/CMakeFiles/duckdb_vector_operations.dir/vector_copy.cpp.o -MF src/common/vector_operations/CMakeFiles/duckdb_vector_operations.dir/vector_copy.cpp.o.d -o src/common/vector_operations/CMakeFiles/duckdb_vector_operations.dir/vector_copy.cpp.o -c /home/bita/Project/duckdb-polr/src/common/vector_operations/vector_copy.cpp
[69/376] /usr/bin/c++ -DDUCKDB -DDUCKDB_BUILD_LIBRARY -DDUCKDB_MAIN_LIBRARY -DENABLE_CROSS_PRODUCT_REWRITE=0 -DENABLE_DEBUG_PRINT=0 -DENABLE_MEASURE_EXE_TIME=0 -DENABLE_MERGE_BACK_PLAN=0 -DENABLE_PARALLEL_EXECUTION=0 -DENABLE_QUERY_SPLIT=0 -DENABLE_SPECIFY_EST_STAT=0 -I/home/bita/Project/duckdb-polr/src/include -I/home/bita/Project/duckdb-polr/third_party/fsst -I/home/bita/Project/duckdb-polr/third_party/fmt/include -I/home/bita/Project/duckdb-polr/third_party/hyperloglog -I/home/bita/Project/duckdb-polr/third_party/fastpforlib -I/home/bita/Project/duckdb-polr/third_party/fast_float -I/home/bita/Project/duckdb-polr/third_party/re2 -I/home/bita/Project/duckdb-polr/third_party/miniz -I/home/bita/Project/duckdb-polr/third_party/utf8proc/include -I/home/bita/Project/duckdb-polr/third_party/miniparquet -I/home/bita/Project/duckdb-polr/third_party/concurrentqueue -I/home/bita/Project/duckdb-polr/third_party/pcg -I/home/bita/Project/duckdb-polr/third_party/tdigest -I/home/bita/Project/duckdb-polr/third_party/mbedtls/include -I/home/bita/Project/duckdb-polr/third_party/jaro_winkler -O3 -DNDEBUG -O3 -DNDEBUG   -fPIC -fdiagnostics-color=always -std=c++11 -MD -MT src/common/vector_operations/CMakeFiles/duckdb_vector_operations.dir/vector_storage.cpp.o -MF src/common/vector_operations/CMakeFiles/duckdb_vector_operations.dir/vector_storage.cpp.o.d -o src/common/vector_operations/CMakeFiles/duckdb_vector_operations.dir/vector_storage.cpp.o -c /home/bita/Project/duckdb-polr/src/common/vector_operations/vector_storage.cpp
[70/376] /usr/bin/c++ -DDUCKDB -DDUCKDB_BUILD_LIBRARY -DDUCKDB_MAIN_LIBRARY -DENABLE_CROSS_PRODUCT_REWRITE=0 -DENABLE_DEBUG_PRINT=0 -DENABLE_MEASURE_EXE_TIME=0 -DENABLE_MERGE_BACK_PLAN=0 -DENABLE_PARALLEL_EXECUTION=0 -DENABLE_QUERY_SPLIT=0 -DENABLE_SPECIFY_EST_STAT=0 -I/home/bita/Project/duckdb-polr/src/include -I/home/bita/Project/duckdb-polr/third_party/fsst -I/home/bita/Project/duckdb-polr/third_party/fmt/include -I/home/bita/Project/duckdb-polr/third_party/hyperloglog -I/home/bita/Project/duckdb-polr/third_party/fastpforlib -I/home/bita/Project/duckdb-polr/third_party/fast_float -I/home/bita/Project/duckdb-polr/third_party/re2 -I/home/bita/Project/duckdb-polr/third_party/miniz -I/home/bita/Project/duckdb-polr/third_party/utf8proc/include -I/home/bita/Project/duckdb-polr/third_party/miniparquet -I/home/bita/Project/duckdb-polr/third_party/concurrentqueue -I/home/bita/Project/duckdb-polr/third_party/pcg -I/home/bita/Project/duckdb-polr/third_party/tdigest -I/home/bita/Project/duckdb-polr/third_party/mbedtls/include -I/home/bita/Project/duckdb-polr/third_party/jaro_winkler -O3 -DNDEBUG -O3 -DNDEBUG   -fPIC -fdiagnostics-color=always -std=c++11 -MD -MT src/common/vector_operations/CMakeFiles/duckdb_vector_operations.dir/null_operations.cpp.o -MF src/common/vector_operations/CMakeFiles/duckdb_vector_operations.dir/null_operations.cpp.o.d -o src/common/vector_operations/CMakeFiles/duckdb_vector_operations.dir/null_operations.cpp.o -c /home/bita/Project/duckdb-polr/src/common/vector_operations/null_operations.cpp
[71/376] /usr/bin/c++ -DDUCKDB -DDUCKDB_BUILD_LIBRARY -DDUCKDB_MAIN_LIBRARY -DENABLE_CROSS_PRODUCT_REWRITE=0 -DENABLE_DEBUG_PRINT=0 -DENABLE_MEASURE_EXE_TIME=0 -DENABLE_MERGE_BACK_PLAN=0 -DENABLE_PARALLEL_EXECUTION=0 -DENABLE_QUERY_SPLIT=0 -DENABLE_SPECIFY_EST_STAT=0 -I/home/bita/Project/duckdb-polr/src/include -I/home/bita/Project/duckdb-polr/third_party/fsst -I/home/bita/Project/duckdb-polr/third_party/fmt/include -I/home/bita/Project/duckdb-polr/third_party/hyperloglog -I/home/bita/Project/duckdb-polr/third_party/fastpforlib -I/home/bita/Project/duckdb-polr/third_party/fast_float -I/home/bita/Project/duckdb-polr/third_party/re2 -I/home/bita/Project/duckdb-polr/third_party/miniz -I/home/bita/Project/duckdb-polr/third_party/utf8proc/include -I/home/bita/Project/duckdb-polr/third_party/miniparquet -I/home/bita/Project/duckdb-polr/third_party/concurrentqueue -I/home/bita/Project/duckdb-polr/third_party/pcg -I/home/bita/Project/duckdb-polr/third_party/tdigest -I/home/bita/Project/duckdb-polr/third_party/mbedtls/include -I/home/bita/Project/duckdb-polr/third_party/jaro_winkler -O3 -DNDEBUG -O3 -DNDEBUG   -fPIC -fdiagnostics-color=always -std=c++11 -MD -MT src/common/vector_operations/CMakeFiles/duckdb_vector_operations.dir/numeric_inplace_operators.cpp.o -MF src/common/vector_operations/CMakeFiles/duckdb_vector_operations.dir/numeric_inplace_operators.cpp.o.d -o src/common/vector_operations/CMakeFiles/duckdb_vector_operations.dir/numeric_inplace_operators.cpp.o -c /home/bita/Project/duckdb-polr/src/common/vector_operations/numeric_inplace_operators.cpp
[72/376] /usr/bin/c++ -DDUCKDB -DDUCKDB_BUILD_LIBRARY -DDUCKDB_MAIN_LIBRARY -DENABLE_CROSS_PRODUCT_REWRITE=0 -DENABLE_DEBUG_PRINT=0 -DENABLE_MEASURE_EXE_TIME=0 -DENABLE_MERGE_BACK_PLAN=0 -DENABLE_PARALLEL_EXECUTION=0 -DENABLE_QUERY_SPLIT=0 -DENABLE_SPECIFY_EST_STAT=0 -I/home/bita/Project/duckdb-polr/src/include -I/home/bita/Project/duckdb-polr/third_party/fsst -I/home/bita/Project/duckdb-polr/third_party/fmt/include -I/home/bita/Project/duckdb-polr/third_party/hyperloglog -I/home/bita/Project/duckdb-polr/third_party/fastpforlib -I/home/bita/Project/duckdb-polr/third_party/fast_float -I/home/bita/Project/duckdb-polr/third_party/re2 -I/home/bita/Project/duckdb-polr/third_party/miniz -I/home/bita/Project/duckdb-polr/third_party/utf8proc/include -I/home/bita/Project/duckdb-polr/third_party/miniparquet -I/home/bita/Project/duckdb-polr/third_party/concurrentqueue -I/home/bita/Project/duckdb-polr/third_party/pcg -I/home/bita/Project/duckdb-polr/third_party/tdigest -I/home/bita/Project/duckdb-polr/third_party/mbedtls/include -I/home/bita/Project/duckdb-polr/third_party/jaro_winkler -O3 -DNDEBUG -O3 -DNDEBUG   -fPIC -fdiagnostics-color=always -std=c++11 -MD -MT src/common/row_operations/CMakeFiles/duckdb_row_operations.dir/ub_duckdb_row_operations.cpp.o -MF src/common/row_operations/CMakeFiles/duckdb_row_operations.dir/ub_duckdb_row_operations.cpp.o.d -o src/common/row_operations/CMakeFiles/duckdb_row_operations.dir/ub_duckdb_row_operations.cpp.o -c /home/bita/Project/duckdb-polr/build/release/src/common/row_operations/ub_duckdb_row_operations.cpp
[73/376] /usr/bin/c++ -DDUCKDB -DDUCKDB_BUILD_LIBRARY -DDUCKDB_MAIN_LIBRARY -DENABLE_CROSS_PRODUCT_REWRITE=0 -DENABLE_DEBUG_PRINT=0 -DENABLE_MEASURE_EXE_TIME=0 -DENABLE_MERGE_BACK_PLAN=0 -DENABLE_PARALLEL_EXECUTION=0 -DENABLE_QUERY_SPLIT=0 -DENABLE_SPECIFY_EST_STAT=0 -I/home/bita/Project/duckdb-polr/src/include -I/home/bita/Project/duckdb-polr/third_party/fsst -I/home/bita/Project/duckdb-polr/third_party/fmt/include -I/home/bita/Project/duckdb-polr/third_party/hyperloglog -I/home/bita/Project/duckdb-polr/third_party/fastpforlib -I/home/bita/Project/duckdb-polr/third_party/fast_float -I/home/bita/Project/duckdb-polr/third_party/re2 -I/home/bita/Project/duckdb-polr/third_party/miniz -I/home/bita/Project/duckdb-polr/third_party/utf8proc/include -I/home/bita/Project/duckdb-polr/third_party/miniparquet -I/home/bita/Project/duckdb-polr/third_party/concurrentqueue -I/home/bita/Project/duckdb-polr/third_party/pcg -I/home/bita/Project/duckdb-polr/third_party/tdigest -I/home/bita/Project/duckdb-polr/third_party/mbedtls/include -I/home/bita/Project/duckdb-polr/third_party/jaro_winkler -O3 -DNDEBUG -O3 -DNDEBUG   -fPIC -fdiagnostics-color=always -std=c++11 -MD -MT src/common/vector_operations/CMakeFiles/duckdb_vector_operations.dir/vector_hash.cpp.o -MF src/common/vector_operations/CMakeFiles/duckdb_vector_operations.dir/vector_hash.cpp.o.d -o src/common/vector_operations/CMakeFiles/duckdb_vector_operations.dir/vector_hash.cpp.o -c /home/bita/Project/duckdb-polr/src/common/vector_operations/vector_hash.cpp
[74/376] /usr/bin/c++ -DDUCKDB -DDUCKDB_BUILD_LIBRARY -DDUCKDB_MAIN_LIBRARY -DENABLE_CROSS_PRODUCT_REWRITE=0 -DENABLE_DEBUG_PRINT=0 -DENABLE_MEASURE_EXE_TIME=0 -DENABLE_MERGE_BACK_PLAN=0 -DENABLE_PARALLEL_EXECUTION=0 -DENABLE_QUERY_SPLIT=0 -DENABLE_SPECIFY_EST_STAT=0 -I/home/bita/Project/duckdb-polr/src/include -I/home/bita/Project/duckdb-polr/third_party/fsst -I/home/bita/Project/duckdb-polr/third_party/fmt/include -I/home/bita/Project/duckdb-polr/third_party/hyperloglog -I/home/bita/Project/duckdb-polr/third_party/fastpforlib -I/home/bita/Project/duckdb-polr/third_party/fast_float -I/home/bita/Project/duckdb-polr/third_party/re2 -I/home/bita/Project/duckdb-polr/third_party/miniz -I/home/bita/Project/duckdb-polr/third_party/utf8proc/include -I/home/bita/Project/duckdb-polr/third_party/miniparquet -I/home/bita/Project/duckdb-polr/third_party/concurrentqueue -I/home/bita/Project/duckdb-polr/third_party/pcg -I/home/bita/Project/duckdb-polr/third_party/tdigest -I/home/bita/Project/duckdb-polr/third_party/mbedtls/include -I/home/bita/Project/duckdb-polr/third_party/jaro_winkler -O3 -DNDEBUG -O3 -DNDEBUG   -fPIC -fdiagnostics-color=always -std=c++11 -MD -MT src/execution/operator/filter/CMakeFiles/duckdb_operator_filter.dir/ub_duckdb_operator_filter.cpp.o -MF src/execution/operator/filter/CMakeFiles/duckdb_operator_filter.dir/ub_duckdb_operator_filter.cpp.o.d -o src/execution/operator/filter/CMakeFiles/duckdb_operator_filter.dir/ub_duckdb_operator_filter.cpp.o -c /home/bita/Project/duckdb-polr/build/release/src/execution/operator/filter/ub_duckdb_operator_filter.cpp
[75/376] /usr/bin/c++ -DDUCKDB -DDUCKDB_BUILD_LIBRARY -DDUCKDB_MAIN_LIBRARY -DENABLE_CROSS_PRODUCT_REWRITE=0 -DENABLE_DEBUG_PRINT=0 -DENABLE_MEASURE_EXE_TIME=0 -DENABLE_MERGE_BACK_PLAN=0 -DENABLE_PARALLEL_EXECUTION=0 -DENABLE_QUERY_SPLIT=0 -DENABLE_SPECIFY_EST_STAT=0 -I/home/bita/Project/duckdb-polr/src/include -I/home/bita/Project/duckdb-polr/third_party/fsst -I/home/bita/Project/duckdb-polr/third_party/fmt/include -I/home/bita/Project/duckdb-polr/third_party/hyperloglog -I/home/bita/Project/duckdb-polr/third_party/fastpforlib -I/home/bita/Project/duckdb-polr/third_party/fast_float -I/home/bita/Project/duckdb-polr/third_party/re2 -I/home/bita/Project/duckdb-polr/third_party/miniz -I/home/bita/Project/duckdb-polr/third_party/utf8proc/include -I/home/bita/Project/duckdb-polr/third_party/miniparquet -I/home/bita/Project/duckdb-polr/third_party/concurrentqueue -I/home/bita/Project/duckdb-polr/third_party/pcg -I/home/bita/Project/duckdb-polr/third_party/tdigest -I/home/bita/Project/duckdb-polr/third_party/mbedtls/include -I/home/bita/Project/duckdb-polr/third_party/jaro_winkler -O3 -DNDEBUG -O3 -DNDEBUG   -fPIC -fdiagnostics-color=always -std=c++11 -MD -MT src/function/aggregate/distributive/CMakeFiles/duckdb_aggr_distr.dir/ub_duckdb_aggr_distr.cpp.o -MF src/function/aggregate/distributive/CMakeFiles/duckdb_aggr_distr.dir/ub_duckdb_aggr_distr.cpp.o.d -o src/function/aggregate/distributive/CMakeFiles/duckdb_aggr_distr.dir/ub_duckdb_aggr_distr.cpp.o -c /home/bita/Project/duckdb-polr/build/release/src/function/aggregate/distributive/ub_duckdb_aggr_distr.cpp
[76/376] /usr/bin/c++ -DDUCKDB -DDUCKDB_BUILD_LIBRARY -DDUCKDB_MAIN_LIBRARY -DENABLE_CROSS_PRODUCT_REWRITE=0 -DENABLE_DEBUG_PRINT=0 -DENABLE_MEASURE_EXE_TIME=0 -DENABLE_MERGE_BACK_PLAN=0 -DENABLE_PARALLEL_EXECUTION=0 -DENABLE_QUERY_SPLIT=0 -DENABLE_SPECIFY_EST_STAT=0 -I/home/bita/Project/duckdb-polr/src/include -I/home/bita/Project/duckdb-polr/third_party/fsst -I/home/bita/Project/duckdb-polr/third_party/fmt/include -I/home/bita/Project/duckdb-polr/third_party/hyperloglog -I/home/bita/Project/duckdb-polr/third_party/fastpforlib -I/home/bita/Project/duckdb-polr/third_party/fast_float -I/home/bita/Project/duckdb-polr/third_party/re2 -I/home/bita/Project/duckdb-polr/third_party/miniz -I/home/bita/Project/duckdb-polr/third_party/utf8proc/include -I/home/bita/Project/duckdb-polr/third_party/miniparquet -I/home/bita/Project/duckdb-polr/third_party/concurrentqueue -I/home/bita/Project/duckdb-polr/third_party/pcg -I/home/bita/Project/duckdb-polr/third_party/tdigest -I/home/bita/Project/duckdb-polr/third_party/mbedtls/include -I/home/bita/Project/duckdb-polr/third_party/jaro_winkler -O3 -DNDEBUG -O3 -DNDEBUG   -fPIC -fdiagnostics-color=always -std=c++11 -MD -MT src/function/aggregate/holistic/CMakeFiles/duckdb_aggr_holistic.dir/ub_duckdb_aggr_holistic.cpp.o -MF src/function/aggregate/holistic/CMakeFiles/duckdb_aggr_holistic.dir/ub_duckdb_aggr_holistic.cpp.o.d -o src/function/aggregate/holistic/CMakeFiles/duckdb_aggr_holistic.dir/ub_duckdb_aggr_holistic.cpp.o -c /home/bita/Project/duckdb-polr/build/release/src/function/aggregate/holistic/ub_duckdb_aggr_holistic.cpp
[77/376] /usr/bin/c++ -DDUCKDB -DDUCKDB_BUILD_LIBRARY -DDUCKDB_MAIN_LIBRARY -DENABLE_CROSS_PRODUCT_REWRITE=0 -DENABLE_DEBUG_PRINT=0 -DENABLE_MEASURE_EXE_TIME=0 -DENABLE_MERGE_BACK_PLAN=0 -DENABLE_PARALLEL_EXECUTION=0 -DENABLE_QUERY_SPLIT=0 -DENABLE_SPECIFY_EST_STAT=0 -I/home/bita/Project/duckdb-polr/src/include -I/home/bita/Project/duckdb-polr/third_party/fsst -I/home/bita/Project/duckdb-polr/third_party/fmt/include -I/home/bita/Project/duckdb-polr/third_party/hyperloglog -I/home/bita/Project/duckdb-polr/third_party/fastpforlib -I/home/bita/Project/duckdb-polr/third_party/fast_float -I/home/bita/Project/duckdb-polr/third_party/re2 -I/home/bita/Project/duckdb-polr/third_party/miniz -I/home/bita/Project/duckdb-polr/third_party/utf8proc/include -I/home/bita/Project/duckdb-polr/third_party/miniparquet -I/home/bita/Project/duckdb-polr/third_party/concurrentqueue -I/home/bita/Project/duckdb-polr/third_party/pcg -I/home/bita/Project/duckdb-polr/third_party/tdigest -I/home/bita/Project/duckdb-polr/third_party/mbedtls/include -I/home/bita/Project/duckdb-polr/third_party/jaro_winkler -O3 -DNDEBUG -O3 -DNDEBUG   -fPIC -fdiagnostics-color=always -std=c++11 -MD -MT src/function/scalar/date/CMakeFiles/duckdb_func_date.dir/ub_duckdb_func_date.cpp.o -MF src/function/scalar/date/CMakeFiles/duckdb_func_date.dir/ub_duckdb_func_date.cpp.o.d -o src/function/scalar/date/CMakeFiles/duckdb_func_date.dir/ub_duckdb_func_date.cpp.o -c /home/bita/Project/duckdb-polr/build/release/src/function/scalar/date/ub_duckdb_func_date.cpp
[78/376] /usr/bin/c++ -DDUCKDB -DDUCKDB_BUILD_LIBRARY -DDUCKDB_MAIN_LIBRARY -DENABLE_CROSS_PRODUCT_REWRITE=0 -DENABLE_DEBUG_PRINT=0 -DENABLE_MEASURE_EXE_TIME=0 -DENABLE_MERGE_BACK_PLAN=0 -DENABLE_PARALLEL_EXECUTION=0 -DENABLE_QUERY_SPLIT=0 -DENABLE_SPECIFY_EST_STAT=0 -I/home/bita/Project/duckdb-polr/src/include -I/home/bita/Project/duckdb-polr/third_party/fsst -I/home/bita/Project/duckdb-polr/third_party/fmt/include -I/home/bita/Project/duckdb-polr/third_party/hyperloglog -I/home/bita/Project/duckdb-polr/third_party/fastpforlib -I/home/bita/Project/duckdb-polr/third_party/fast_float -I/home/bita/Project/duckdb-polr/third_party/re2 -I/home/bita/Project/duckdb-polr/third_party/miniz -I/home/bita/Project/duckdb-polr/third_party/utf8proc/include -I/home/bita/Project/duckdb-polr/third_party/miniparquet -I/home/bita/Project/duckdb-polr/third_party/concurrentqueue -I/home/bita/Project/duckdb-polr/third_party/pcg -I/home/bita/Project/duckdb-polr/third_party/tdigest -I/home/bita/Project/duckdb-polr/third_party/mbedtls/include -I/home/bita/Project/duckdb-polr/third_party/jaro_winkler -O3 -DNDEBUG -O3 -DNDEBUG   -fPIC -fdiagnostics-color=always -std=c++11 -MD -MT src/function/scalar/operators/CMakeFiles/duckdb_func_ops.dir/ub_duckdb_func_ops.cpp.o -MF src/function/scalar/operators/CMakeFiles/duckdb_func_ops.dir/ub_duckdb_func_ops.cpp.o.d -o src/function/scalar/operators/CMakeFiles/duckdb_func_ops.dir/ub_duckdb_func_ops.cpp.o -c /home/bita/Project/duckdb-polr/build/release/src/function/scalar/operators/ub_duckdb_func_ops.cpp
[79/376] /usr/bin/c++ -DDUCKDB -DDUCKDB_BUILD_LIBRARY -DDUCKDB_MAIN_LIBRARY -DENABLE_CROSS_PRODUCT_REWRITE=0 -DENABLE_DEBUG_PRINT=0 -DENABLE_MEASURE_EXE_TIME=0 -DENABLE_MERGE_BACK_PLAN=0 -DENABLE_PARALLEL_EXECUTION=0 -DENABLE_QUERY_SPLIT=0 -DENABLE_SPECIFY_EST_STAT=0 -I/home/bita/Project/duckdb-polr/src/include -I/home/bita/Project/duckdb-polr/third_party/fsst -I/home/bita/Project/duckdb-polr/third_party/fmt/include -I/home/bita/Project/duckdb-polr/third_party/hyperloglog -I/home/bita/Project/duckdb-polr/third_party/fastpforlib -I/home/bita/Project/duckdb-polr/third_party/fast_float -I/home/bita/Project/duckdb-polr/third_party/re2 -I/home/bita/Project/duckdb-polr/third_party/miniz -I/home/bita/Project/duckdb-polr/third_party/utf8proc/include -I/home/bita/Project/duckdb-polr/third_party/miniparquet -I/home/bita/Project/duckdb-polr/third_party/concurrentqueue -I/home/bita/Project/duckdb-polr/third_party/pcg -I/home/bita/Project/duckdb-polr/third_party/tdigest -I/home/bita/Project/duckdb-polr/third_party/mbedtls/include -I/home/bita/Project/duckdb-polr/third_party/jaro_winkler -O3 -DNDEBUG -O3 -DNDEBUG   -fPIC -fdiagnostics-color=always -std=c++11 -MD -MT src/execution/nested_loop_join/CMakeFiles/duckdb_nested_loop_join.dir/ub_duckdb_nested_loop_join.cpp.o -MF src/execution/nested_loop_join/CMakeFiles/duckdb_nested_loop_join.dir/ub_duckdb_nested_loop_join.cpp.o.d -o src/execution/nested_loop_join/CMakeFiles/duckdb_nested_loop_join.dir/ub_duckdb_nested_loop_join.cpp.o -c /home/bita/Project/duckdb-polr/build/release/src/execution/nested_loop_join/ub_duckdb_nested_loop_join.cpp
[80/376] /usr/bin/c++ -DDUCKDB -DDUCKDB_BUILD_LIBRARY -DDUCKDB_MAIN_LIBRARY -DENABLE_CROSS_PRODUCT_REWRITE=0 -DENABLE_DEBUG_PRINT=0 -DENABLE_MEASURE_EXE_TIME=0 -DENABLE_MERGE_BACK_PLAN=0 -DENABLE_PARALLEL_EXECUTION=0 -DENABLE_QUERY_SPLIT=0 -DENABLE_SPECIFY_EST_STAT=0 -I/home/bita/Project/duckdb-polr/src/include -I/home/bita/Project/duckdb-polr/third_party/fsst -I/home/bita/Project/duckdb-polr/third_party/fmt/include -I/home/bita/Project/duckdb-polr/third_party/hyperloglog -I/home/bita/Project/duckdb-polr/third_party/fastpforlib -I/home/bita/Project/duckdb-polr/third_party/fast_float -I/home/bita/Project/duckdb-polr/third_party/re2 -I/home/bita/Project/duckdb-polr/third_party/miniz -I/home/bita/Project/duckdb-polr/third_party/utf8proc/include -I/home/bita/Project/duckdb-polr/third_party/miniparquet -I/home/bita/Project/duckdb-polr/third_party/concurrentqueue -I/home/bita/Project/duckdb-polr/third_party/pcg -I/home/bita/Project/duckdb-polr/third_party/tdigest -I/home/bita/Project/duckdb-polr/third_party/mbedtls/include -I/home/bita/Project/duckdb-polr/third_party/jaro_winkler -O3 -DNDEBUG -O3 -DNDEBUG   -fPIC -fdiagnostics-color=always -std=c++11 -MD -MT src/function/cast/CMakeFiles/duckdb_func_cast.dir/ub_duckdb_func_cast.cpp.o -MF src/function/cast/CMakeFiles/duckdb_func_cast.dir/ub_duckdb_func_cast.cpp.o.d -o src/function/cast/CMakeFiles/duckdb_func_cast.dir/ub_duckdb_func_cast.cpp.o -c /home/bita/Project/duckdb-polr/build/release/src/function/cast/ub_duckdb_func_cast.cpp
[81/376] /usr/bin/c++ -DDUCKDB -DDUCKDB_BUILD_LIBRARY -DDUCKDB_MAIN_LIBRARY -DENABLE_CROSS_PRODUCT_REWRITE=0 -DENABLE_DEBUG_PRINT=0 -DENABLE_MEASURE_EXE_TIME=0 -DENABLE_MERGE_BACK_PLAN=0 -DENABLE_PARALLEL_EXECUTION=0 -DENABLE_QUERY_SPLIT=0 -DENABLE_SPECIFY_EST_STAT=0 -I/home/bita/Project/duckdb-polr/src/include -I/home/bita/Project/duckdb-polr/third_party/fsst -I/home/bita/Project/duckdb-polr/third_party/fmt/include -I/home/bita/Project/duckdb-polr/third_party/hyperloglog -I/home/bita/Project/duckdb-polr/third_party/fastpforlib -I/home/bita/Project/duckdb-polr/third_party/fast_float -I/home/bita/Project/duckdb-polr/third_party/re2 -I/home/bita/Project/duckdb-polr/third_party/miniz -I/home/bita/Project/duckdb-polr/third_party/utf8proc/include -I/home/bita/Project/duckdb-polr/third_party/miniparquet -I/home/bita/Project/duckdb-polr/third_party/concurrentqueue -I/home/bita/Project/duckdb-polr/third_party/pcg -I/home/bita/Project/duckdb-polr/third_party/tdigest -I/home/bita/Project/duckdb-polr/third_party/mbedtls/include -I/home/bita/Project/duckdb-polr/third_party/jaro_winkler -O3 -DNDEBUG -O3 -DNDEBUG   -fPIC -fdiagnostics-color=always -std=c++11 -MD -MT src/execution/CMakeFiles/duckdb_execution.dir/ub_duckdb_execution.cpp.o -MF src/execution/CMakeFiles/duckdb_execution.dir/ub_duckdb_execution.cpp.o.d -o src/execution/CMakeFiles/duckdb_execution.dir/ub_duckdb_execution.cpp.o -c /home/bita/Project/duckdb-polr/build/release/src/execution/ub_duckdb_execution.cpp
[82/376] /usr/bin/c++ -DBUILD_JEMALLOC_EXTENSION=ON -DDUCKDB -DDUCKDB_BUILD_LIBRARY -DDUCKDB_MAIN_LIBRARY -DENABLE_CROSS_PRODUCT_REWRITE=0 -DENABLE_DEBUG_PRINT=0 -DENABLE_MEASURE_EXE_TIME=0 -DENABLE_MERGE_BACK_PLAN=0 -DENABLE_PARALLEL_EXECUTION=0 -DENABLE_QUERY_SPLIT=0 -DENABLE_SPECIFY_EST_STAT=0 -I/home/bita/Project/duckdb-polr/src/include -I/home/bita/Project/duckdb-polr/third_party/fsst -I/home/bita/Project/duckdb-polr/third_party/fmt/include -I/home/bita/Project/duckdb-polr/third_party/hyperloglog -I/home/bita/Project/duckdb-polr/third_party/fastpforlib -I/home/bita/Project/duckdb-polr/third_party/fast_float -I/home/bita/Project/duckdb-polr/third_party/re2 -I/home/bita/Project/duckdb-polr/third_party/miniz -I/home/bita/Project/duckdb-polr/third_party/utf8proc/include -I/home/bita/Project/duckdb-polr/third_party/miniparquet -I/home/bita/Project/duckdb-polr/third_party/concurrentqueue -I/home/bita/Project/duckdb-polr/third_party/pcg -I/home/bita/Project/duckdb-polr/third_party/tdigest -I/home/bita/Project/duckdb-polr/third_party/mbedtls/include -I/home/bita/Project/duckdb-polr/third_party/jaro_winkler -I/home/bita/Project/duckdb-polr/extension/jemalloc/include -O3 -DNDEBUG -O3 -DNDEBUG   -fPIC -fdiagnostics-color=always -std=c++11 -MD -MT src/common/CMakeFiles/duckdb_common.dir/ub_duckdb_common.cpp.o -MF src/common/CMakeFiles/duckdb_common.dir/ub_duckdb_common.cpp.o.d -o src/common/CMakeFiles/duckdb_common.dir/ub_duckdb_common.cpp.o -c /home/bita/Project/duckdb-polr/build/release/src/common/ub_duckdb_common.cpp
[83/376] /usr/bin/c++ -DDUCKDB -DDUCKDB_BUILD_LIBRARY -DDUCKDB_MAIN_LIBRARY -DENABLE_CROSS_PRODUCT_REWRITE=0 -DENABLE_DEBUG_PRINT=0 -DENABLE_MEASURE_EXE_TIME=0 -DENABLE_MERGE_BACK_PLAN=0 -DENABLE_PARALLEL_EXECUTION=0 -DENABLE_QUERY_SPLIT=0 -DENABLE_SPECIFY_EST_STAT=0 -I/home/bita/Project/duckdb-polr/src/include -I/home/bita/Project/duckdb-polr/third_party/fsst -I/home/bita/Project/duckdb-polr/third_party/fmt/include -I/home/bita/Project/duckdb-polr/third_party/hyperloglog -I/home/bita/Project/duckdb-polr/third_party/fastpforlib -I/home/bita/Project/duckdb-polr/third_party/fast_float -I/home/bita/Project/duckdb-polr/third_party/re2 -I/home/bita/Project/duckdb-polr/third_party/miniz -I/home/bita/Project/duckdb-polr/third_party/utf8proc/include -I/home/bita/Project/duckdb-polr/third_party/miniparquet -I/home/bita/Project/duckdb-polr/third_party/concurrentqueue -I/home/bita/Project/duckdb-polr/third_party/pcg -I/home/bita/Project/duckdb-polr/third_party/tdigest -I/home/bita/Project/duckdb-polr/third_party/mbedtls/include -I/home/bita/Project/duckdb-polr/third_party/jaro_winkler -O3 -DNDEBUG -O3 -DNDEBUG   -fPIC -fdiagnostics-color=always -std=c++11 -MD -MT src/execution/operator/projection/CMakeFiles/duckdb_operator_projection.dir/ub_duckdb_operator_projection.cpp.o -MF src/execution/operator/projection/CMakeFiles/duckdb_operator_projection.dir/ub_duckdb_operator_projection.cpp.o.d -o src/execution/operator/projection/CMakeFiles/duckdb_operator_projection.dir/ub_duckdb_operator_projection.cpp.o -c /home/bita/Project/duckdb-polr/build/release/src/execution/operator/projection/ub_duckdb_operator_projection.cpp
[84/376] /usr/bin/c++ -DDUCKDB -DDUCKDB_BUILD_LIBRARY -DDUCKDB_MAIN_LIBRARY -DENABLE_CROSS_PRODUCT_REWRITE=0 -DENABLE_DEBUG_PRINT=0 -DENABLE_MEASURE_EXE_TIME=0 -DENABLE_MERGE_BACK_PLAN=0 -DENABLE_PARALLEL_EXECUTION=0 -DENABLE_QUERY_SPLIT=0 -DENABLE_SPECIFY_EST_STAT=0 -I/home/bita/Project/duckdb-polr/src/include -I/home/bita/Project/duckdb-polr/third_party/fsst -I/home/bita/Project/duckdb-polr/third_party/fmt/include -I/home/bita/Project/duckdb-polr/third_party/hyperloglog -I/home/bita/Project/duckdb-polr/third_party/fastpforlib -I/home/bita/Project/duckdb-polr/third_party/fast_float -I/home/bita/Project/duckdb-polr/third_party/re2 -I/home/bita/Project/duckdb-polr/third_party/miniz -I/home/bita/Project/duckdb-polr/third_party/utf8proc/include -I/home/bita/Project/duckdb-polr/third_party/miniparquet -I/home/bita/Project/duckdb-polr/third_party/concurrentqueue -I/home/bita/Project/duckdb-polr/third_party/pcg -I/home/bita/Project/duckdb-polr/third_party/tdigest -I/home/bita/Project/duckdb-polr/third_party/mbedtls/include -I/home/bita/Project/duckdb-polr/third_party/jaro_winkler -O3 -DNDEBUG -O3 -DNDEBUG   -fPIC -fdiagnostics-color=always -std=c++11 -MD -MT src/execution/operator/helper/CMakeFiles/duckdb_operator_helper.dir/ub_duckdb_operator_helper.cpp.o -MF src/execution/operator/helper/CMakeFiles/duckdb_operator_helper.dir/ub_duckdb_operator_helper.cpp.o.d -o src/execution/operator/helper/CMakeFiles/duckdb_operator_helper.dir/ub_duckdb_operator_helper.cpp.o -c /home/bita/Project/duckdb-polr/build/release/src/execution/operator/helper/ub_duckdb_operator_helper.cpp
[85/376] /usr/bin/c++ -DDUCKDB -DDUCKDB_BUILD_LIBRARY -DDUCKDB_MAIN_LIBRARY -DENABLE_CROSS_PRODUCT_REWRITE=0 -DENABLE_DEBUG_PRINT=0 -DENABLE_MEASURE_EXE_TIME=0 -DENABLE_MERGE_BACK_PLAN=0 -DENABLE_PARALLEL_EXECUTION=0 -DENABLE_QUERY_SPLIT=0 -DENABLE_SPECIFY_EST_STAT=0 -I/home/bita/Project/duckdb-polr/src/include -I/home/bita/Project/duckdb-polr/third_party/fsst -I/home/bita/Project/duckdb-polr/third_party/fmt/include -I/home/bita/Project/duckdb-polr/third_party/hyperloglog -I/home/bita/Project/duckdb-polr/third_party/fastpforlib -I/home/bita/Project/duckdb-polr/third_party/fast_float -I/home/bita/Project/duckdb-polr/third_party/re2 -I/home/bita/Project/duckdb-polr/third_party/miniz -I/home/bita/Project/duckdb-polr/third_party/utf8proc/include -I/home/bita/Project/duckdb-polr/third_party/miniparquet -I/home/bita/Project/duckdb-polr/third_party/concurrentqueue -I/home/bita/Project/duckdb-polr/third_party/pcg -I/home/bita/Project/duckdb-polr/third_party/tdigest -I/home/bita/Project/duckdb-polr/third_party/mbedtls/include -I/home/bita/Project/duckdb-polr/third_party/jaro_winkler -O3 -DNDEBUG -O3 -DNDEBUG   -fPIC -fdiagnostics-color=always -std=c++11 -MD -MT src/common/vector_operations/CMakeFiles/duckdb_vector_operations.dir/comparison_operators.cpp.o -MF src/common/vector_operations/CMakeFiles/duckdb_vector_operations.dir/comparison_operators.cpp.o.d -o src/common/vector_operations/CMakeFiles/duckdb_vector_operations.dir/comparison_operators.cpp.o -c /home/bita/Project/duckdb-polr/src/common/vector_operations/comparison_operators.cpp
[86/376] /usr/bin/c++ -DDUCKDB -DDUCKDB_BUILD_LIBRARY -DDUCKDB_MAIN_LIBRARY -DENABLE_CROSS_PRODUCT_REWRITE=0 -DENABLE_DEBUG_PRINT=0 -DENABLE_MEASURE_EXE_TIME=0 -DENABLE_MERGE_BACK_PLAN=0 -DENABLE_PARALLEL_EXECUTION=0 -DENABLE_QUERY_SPLIT=0 -DENABLE_SPECIFY_EST_STAT=0 -I/home/bita/Project/duckdb-polr/src/include -I/home/bita/Project/duckdb-polr/third_party/fsst -I/home/bita/Project/duckdb-polr/third_party/fmt/include -I/home/bita/Project/duckdb-polr/third_party/hyperloglog -I/home/bita/Project/duckdb-polr/third_party/fastpforlib -I/home/bita/Project/duckdb-polr/third_party/fast_float -I/home/bita/Project/duckdb-polr/third_party/re2 -I/home/bita/Project/duckdb-polr/third_party/miniz -I/home/bita/Project/duckdb-polr/third_party/utf8proc/include -I/home/bita/Project/duckdb-polr/third_party/miniparquet -I/home/bita/Project/duckdb-polr/third_party/concurrentqueue -I/home/bita/Project/duckdb-polr/third_party/pcg -I/home/bita/Project/duckdb-polr/third_party/tdigest -I/home/bita/Project/duckdb-polr/third_party/mbedtls/include -I/home/bita/Project/duckdb-polr/third_party/jaro_winkler -O3 -DNDEBUG -O3 -DNDEBUG   -fPIC -fdiagnostics-color=always -std=c++11 -MD -MT src/execution/operator/order/CMakeFiles/duckdb_operator_order.dir/ub_duckdb_operator_order.cpp.o -MF src/execution/operator/order/CMakeFiles/duckdb_operator_order.dir/ub_duckdb_operator_order.cpp.o.d -o src/execution/operator/order/CMakeFiles/duckdb_operator_order.dir/ub_duckdb_operator_order.cpp.o -c /home/bita/Project/duckdb-polr/build/release/src/execution/operator/order/ub_duckdb_operator_order.cpp
[87/376] /usr/bin/c++ -DDUCKDB -DDUCKDB_BUILD_LIBRARY -DDUCKDB_MAIN_LIBRARY -DENABLE_CROSS_PRODUCT_REWRITE=0 -DENABLE_DEBUG_PRINT=0 -DENABLE_MEASURE_EXE_TIME=0 -DENABLE_MERGE_BACK_PLAN=0 -DENABLE_PARALLEL_EXECUTION=0 -DENABLE_QUERY_SPLIT=0 -DENABLE_SPECIFY_EST_STAT=0 -I/home/bita/Project/duckdb-polr/src/include -I/home/bita/Project/duckdb-polr/third_party/fsst -I/home/bita/Project/duckdb-polr/third_party/fmt/include -I/home/bita/Project/duckdb-polr/third_party/hyperloglog -I/home/bita/Project/duckdb-polr/third_party/fastpforlib -I/home/bita/Project/duckdb-polr/third_party/fast_float -I/home/bita/Project/duckdb-polr/third_party/re2 -I/home/bita/Project/duckdb-polr/third_party/miniz -I/home/bita/Project/duckdb-polr/third_party/utf8proc/include -I/home/bita/Project/duckdb-polr/third_party/miniparquet -I/home/bita/Project/duckdb-polr/third_party/concurrentqueue -I/home/bita/Project/duckdb-polr/third_party/pcg -I/home/bita/Project/duckdb-polr/third_party/tdigest -I/home/bita/Project/duckdb-polr/third_party/mbedtls/include -I/home/bita/Project/duckdb-polr/third_party/jaro_winkler -O3 -DNDEBUG -O3 -DNDEBUG   -fPIC -fdiagnostics-color=always -std=c++11 -MD -MT src/execution/operator/scan/CMakeFiles/duckdb_operator_scan.dir/ub_duckdb_operator_scan.cpp.o -MF src/execution/operator/scan/CMakeFiles/duckdb_operator_scan.dir/ub_duckdb_operator_scan.cpp.o.d -o src/execution/operator/scan/CMakeFiles/duckdb_operator_scan.dir/ub_duckdb_operator_scan.cpp.o -c /home/bita/Project/duckdb-polr/build/release/src/execution/operator/scan/ub_duckdb_operator_scan.cpp
[88/376] /usr/bin/c++ -DDUCKDB -DDUCKDB_BUILD_LIBRARY -DDUCKDB_MAIN_LIBRARY -DENABLE_CROSS_PRODUCT_REWRITE=0 -DENABLE_DEBUG_PRINT=0 -DENABLE_MEASURE_EXE_TIME=0 -DENABLE_MERGE_BACK_PLAN=0 -DENABLE_PARALLEL_EXECUTION=0 -DENABLE_QUERY_SPLIT=0 -DENABLE_SPECIFY_EST_STAT=0 -I/home/bita/Project/duckdb-polr/src/include -I/home/bita/Project/duckdb-polr/third_party/fsst -I/home/bita/Project/duckdb-polr/third_party/fmt/include -I/home/bita/Project/duckdb-polr/third_party/hyperloglog -I/home/bita/Project/duckdb-polr/third_party/fastpforlib -I/home/bita/Project/duckdb-polr/third_party/fast_float -I/home/bita/Project/duckdb-polr/third_party/re2 -I/home/bita/Project/duckdb-polr/third_party/miniz -I/home/bita/Project/duckdb-polr/third_party/utf8proc/include -I/home/bita/Project/duckdb-polr/third_party/miniparquet -I/home/bita/Project/duckdb-polr/third_party/concurrentqueue -I/home/bita/Project/duckdb-polr/third_party/pcg -I/home/bita/Project/duckdb-polr/third_party/tdigest -I/home/bita/Project/duckdb-polr/third_party/mbedtls/include -I/home/bita/Project/duckdb-polr/third_party/jaro_winkler -O3 -DNDEBUG -O3 -DNDEBUG   -fPIC -fdiagnostics-color=always -std=c++11 -MD -MT src/common/types/CMakeFiles/duckdb_common_types.dir/ub_duckdb_common_types.cpp.o -MF src/common/types/CMakeFiles/duckdb_common_types.dir/ub_duckdb_common_types.cpp.o.d -o src/common/types/CMakeFiles/duckdb_common_types.dir/ub_duckdb_common_types.cpp.o -c /home/bita/Project/duckdb-polr/build/release/src/common/types/ub_duckdb_common_types.cpp
[89/376] /usr/bin/c++ -DDUCKDB -DDUCKDB_BUILD_LIBRARY -DDUCKDB_MAIN_LIBRARY -DENABLE_CROSS_PRODUCT_REWRITE=0 -DENABLE_DEBUG_PRINT=0 -DENABLE_MEASURE_EXE_TIME=0 -DENABLE_MERGE_BACK_PLAN=0 -DENABLE_PARALLEL_EXECUTION=0 -DENABLE_QUERY_SPLIT=0 -DENABLE_SPECIFY_EST_STAT=0 -I/home/bita/Project/duckdb-polr/src/include -I/home/bita/Project/duckdb-polr/third_party/fsst -I/home/bita/Project/duckdb-polr/third_party/fmt/include -I/home/bita/Project/duckdb-polr/third_party/hyperloglog -I/home/bita/Project/duckdb-polr/third_party/fastpforlib -I/home/bita/Project/duckdb-polr/third_party/fast_float -I/home/bita/Project/duckdb-polr/third_party/re2 -I/home/bita/Project/duckdb-polr/third_party/miniz -I/home/bita/Project/duckdb-polr/third_party/utf8proc/include -I/home/bita/Project/duckdb-polr/third_party/miniparquet -I/home/bita/Project/duckdb-polr/third_party/concurrentqueue -I/home/bita/Project/duckdb-polr/third_party/pcg -I/home/bita/Project/duckdb-polr/third_party/tdigest -I/home/bita/Project/duckdb-polr/third_party/mbedtls/include -I/home/bita/Project/duckdb-polr/third_party/jaro_winkler -O3 -DNDEBUG -O3 -DNDEBUG   -fPIC -fdiagnostics-color=always -std=c++11 -MD -MT src/execution/operator/set/CMakeFiles/duckdb_operator_set.dir/ub_duckdb_operator_set.cpp.o -MF src/execution/operator/set/CMakeFiles/duckdb_operator_set.dir/ub_duckdb_operator_set.cpp.o.d -o src/execution/operator/set/CMakeFiles/duckdb_operator_set.dir/ub_duckdb_operator_set.cpp.o -c /home/bita/Project/duckdb-polr/build/release/src/execution/operator/set/ub_duckdb_operator_set.cpp
[90/376] /usr/bin/c++ -DDUCKDB -DDUCKDB_BUILD_LIBRARY -DDUCKDB_MAIN_LIBRARY -DENABLE_CROSS_PRODUCT_REWRITE=0 -DENABLE_DEBUG_PRINT=0 -DENABLE_MEASURE_EXE_TIME=0 -DENABLE_MERGE_BACK_PLAN=0 -DENABLE_PARALLEL_EXECUTION=0 -DENABLE_QUERY_SPLIT=0 -DENABLE_SPECIFY_EST_STAT=0 -I/home/bita/Project/duckdb-polr/src/include -I/home/bita/Project/duckdb-polr/third_party/fsst -I/home/bita/Project/duckdb-polr/third_party/fmt/include -I/home/bita/Project/duckdb-polr/third_party/hyperloglog -I/home/bita/Project/duckdb-polr/third_party/fastpforlib -I/home/bita/Project/duckdb-polr/third_party/fast_float -I/home/bita/Project/duckdb-polr/third_party/re2 -I/home/bita/Project/duckdb-polr/third_party/miniz -I/home/bita/Project/duckdb-polr/third_party/utf8proc/include -I/home/bita/Project/duckdb-polr/third_party/miniparquet -I/home/bita/Project/duckdb-polr/third_party/concurrentqueue -I/home/bita/Project/duckdb-polr/third_party/pcg -I/home/bita/Project/duckdb-polr/third_party/tdigest -I/home/bita/Project/duckdb-polr/third_party/mbedtls/include -I/home/bita/Project/duckdb-polr/third_party/jaro_winkler -O3 -DNDEBUG -O3 -DNDEBUG   -fPIC -fdiagnostics-color=always -std=c++11 -MD -MT src/execution/operator/aggregate/CMakeFiles/duckdb_operator_aggregate.dir/ub_duckdb_operator_aggregate.cpp.o -MF src/execution/operator/aggregate/CMakeFiles/duckdb_operator_aggregate.dir/ub_duckdb_operator_aggregate.cpp.o.d -o src/execution/operator/aggregate/CMakeFiles/duckdb_operator_aggregate.dir/ub_duckdb_operator_aggregate.cpp.o -c /home/bita/Project/duckdb-polr/build/release/src/execution/operator/aggregate/ub_duckdb_operator_aggregate.cpp
[91/376] /usr/bin/c++ -DDUCKDB -DDUCKDB_BUILD_LIBRARY -DDUCKDB_MAIN_LIBRARY -DENABLE_CROSS_PRODUCT_REWRITE=0 -DENABLE_DEBUG_PRINT=0 -DENABLE_MEASURE_EXE_TIME=0 -DENABLE_MERGE_BACK_PLAN=0 -DENABLE_PARALLEL_EXECUTION=0 -DENABLE_QUERY_SPLIT=0 -DENABLE_SPECIFY_EST_STAT=0 -I/home/bita/Project/duckdb-polr/src/include -I/home/bita/Project/duckdb-polr/third_party/fsst -I/home/bita/Project/duckdb-polr/third_party/fmt/include -I/home/bita/Project/duckdb-polr/third_party/hyperloglog -I/home/bita/Project/duckdb-polr/third_party/fastpforlib -I/home/bita/Project/duckdb-polr/third_party/fast_float -I/home/bita/Project/duckdb-polr/third_party/re2 -I/home/bita/Project/duckdb-polr/third_party/miniz -I/home/bita/Project/duckdb-polr/third_party/utf8proc/include -I/home/bita/Project/duckdb-polr/third_party/miniparquet -I/home/bita/Project/duckdb-polr/third_party/concurrentqueue -I/home/bita/Project/duckdb-polr/third_party/pcg -I/home/bita/Project/duckdb-polr/third_party/tdigest -I/home/bita/Project/duckdb-polr/third_party/mbedtls/include -I/home/bita/Project/duckdb-polr/third_party/jaro_winkler -O3 -DNDEBUG -O3 -DNDEBUG   -fPIC -fdiagnostics-color=always -std=c++11 -MD -MT src/main/capi/cast/CMakeFiles/duckdb_main_capi_cast.dir/ub_duckdb_main_capi_cast.cpp.o -MF src/main/capi/cast/CMakeFiles/duckdb_main_capi_cast.dir/ub_duckdb_main_capi_cast.cpp.o.d -o src/main/capi/cast/CMakeFiles/duckdb_main_capi_cast.dir/ub_duckdb_main_capi_cast.cpp.o -c /home/bita/Project/duckdb-polr/build/release/src/main/capi/cast/ub_duckdb_main_capi_cast.cpp
[92/376] /usr/bin/c++ -DDUCKDB -DDUCKDB_BUILD_LIBRARY -DDUCKDB_MAIN_LIBRARY -DENABLE_CROSS_PRODUCT_REWRITE=0 -DENABLE_DEBUG_PRINT=0 -DENABLE_MEASURE_EXE_TIME=0 -DENABLE_MERGE_BACK_PLAN=0 -DENABLE_PARALLEL_EXECUTION=0 -DENABLE_QUERY_SPLIT=0 -DENABLE_SPECIFY_EST_STAT=0 -I/home/bita/Project/duckdb-polr/src/include -I/home/bita/Project/duckdb-polr/third_party/fsst -I/home/bita/Project/duckdb-polr/third_party/fmt/include -I/home/bita/Project/duckdb-polr/third_party/hyperloglog -I/home/bita/Project/duckdb-polr/third_party/fastpforlib -I/home/bita/Project/duckdb-polr/third_party/fast_float -I/home/bita/Project/duckdb-polr/third_party/re2 -I/home/bita/Project/duckdb-polr/third_party/miniz -I/home/bita/Project/duckdb-polr/third_party/utf8proc/include -I/home/bita/Project/duckdb-polr/third_party/miniparquet -I/home/bita/Project/duckdb-polr/third_party/concurrentqueue -I/home/bita/Project/duckdb-polr/third_party/pcg -I/home/bita/Project/duckdb-polr/third_party/tdigest -I/home/bita/Project/duckdb-polr/third_party/mbedtls/include -I/home/bita/Project/duckdb-polr/third_party/jaro_winkler -O3 -DNDEBUG -O3 -DNDEBUG   -fPIC -fdiagnostics-color=always -std=c++11 -MD -MT src/execution/operator/schema/CMakeFiles/duckdb_operator_schema.dir/ub_duckdb_operator_schema.cpp.o -MF src/execution/operator/schema/CMakeFiles/duckdb_operator_schema.dir/ub_duckdb_operator_schema.cpp.o.d -o src/execution/operator/schema/CMakeFiles/duckdb_operator_schema.dir/ub_duckdb_operator_schema.cpp.o -c /home/bita/Project/duckdb-polr/build/release/src/execution/operator/schema/ub_duckdb_operator_schema.cpp
[93/376] /usr/bin/c++ -DDUCKDB -DDUCKDB_BUILD_LIBRARY -DDUCKDB_MAIN_LIBRARY -DENABLE_CROSS_PRODUCT_REWRITE=0 -DENABLE_DEBUG_PRINT=0 -DENABLE_MEASURE_EXE_TIME=0 -DENABLE_MERGE_BACK_PLAN=0 -DENABLE_PARALLEL_EXECUTION=0 -DENABLE_QUERY_SPLIT=0 -DENABLE_SPECIFY_EST_STAT=0 -I/home/bita/Project/duckdb-polr/src/include -I/home/bita/Project/duckdb-polr/third_party/fsst -I/home/bita/Project/duckdb-polr/third_party/fmt/include -I/home/bita/Project/duckdb-polr/third_party/hyperloglog -I/home/bita/Project/duckdb-polr/third_party/fastpforlib -I/home/bita/Project/duckdb-polr/third_party/fast_float -I/home/bita/Project/duckdb-polr/third_party/re2 -I/home/bita/Project/duckdb-polr/third_party/miniz -I/home/bita/Project/duckdb-polr/third_party/utf8proc/include -I/home/bita/Project/duckdb-polr/third_party/miniparquet -I/home/bita/Project/duckdb-polr/third_party/concurrentqueue -I/home/bita/Project/duckdb-polr/third_party/pcg -I/home/bita/Project/duckdb-polr/third_party/tdigest -I/home/bita/Project/duckdb-polr/third_party/mbedtls/include -I/home/bita/Project/duckdb-polr/third_party/jaro_winkler -O3 -DNDEBUG -O3 -DNDEBUG   -fPIC -fdiagnostics-color=always -std=c++11 -MD -MT src/storage/buffer/CMakeFiles/duckdb_storage_buffer.dir/ub_duckdb_storage_buffer.cpp.o -MF src/storage/buffer/CMakeFiles/duckdb_storage_buffer.dir/ub_duckdb_storage_buffer.cpp.o.d -o src/storage/buffer/CMakeFiles/duckdb_storage_buffer.dir/ub_duckdb_storage_buffer.cpp.o -c /home/bita/Project/duckdb-polr/build/release/src/storage/buffer/ub_duckdb_storage_buffer.cpp
[94/376] /usr/bin/c++ -DDUCKDB -DDUCKDB_BUILD_LIBRARY -DDUCKDB_MAIN_LIBRARY -DENABLE_CROSS_PRODUCT_REWRITE=0 -DENABLE_DEBUG_PRINT=0 -DENABLE_MEASURE_EXE_TIME=0 -DENABLE_MERGE_BACK_PLAN=0 -DENABLE_PARALLEL_EXECUTION=0 -DENABLE_QUERY_SPLIT=0 -DENABLE_SPECIFY_EST_STAT=0 -I/home/bita/Project/duckdb-polr/src/include -I/home/bita/Project/duckdb-polr/third_party/fsst -I/home/bita/Project/duckdb-polr/third_party/fmt/include -I/home/bita/Project/duckdb-polr/third_party/hyperloglog -I/home/bita/Project/duckdb-polr/third_party/fastpforlib -I/home/bita/Project/duckdb-polr/third_party/fast_float -I/home/bita/Project/duckdb-polr/third_party/re2 -I/home/bita/Project/duckdb-polr/third_party/miniz -I/home/bita/Project/duckdb-polr/third_party/utf8proc/include -I/home/bita/Project/duckdb-polr/third_party/miniparquet -I/home/bita/Project/duckdb-polr/third_party/concurrentqueue -I/home/bita/Project/duckdb-polr/third_party/pcg -I/home/bita/Project/duckdb-polr/third_party/tdigest -I/home/bita/Project/duckdb-polr/third_party/mbedtls/include -I/home/bita/Project/duckdb-polr/third_party/jaro_winkler -O3 -DNDEBUG -O3 -DNDEBUG   -fPIC -fdiagnostics-color=always -std=c++11 -MD -MT src/execution/index/art/CMakeFiles/duckdb_art_index_execution.dir/ub_duckdb_art_index_execution.cpp.o -MF src/execution/index/art/CMakeFiles/duckdb_art_index_execution.dir/ub_duckdb_art_index_execution.cpp.o.d -o src/execution/index/art/CMakeFiles/duckdb_art_index_execution.dir/ub_duckdb_art_index_execution.cpp.o -c /home/bita/Project/duckdb-polr/build/release/src/execution/index/art/ub_duckdb_art_index_execution.cpp
[95/376] /usr/bin/c++ -DDUCKDB -DDUCKDB_BUILD_LIBRARY -DDUCKDB_MAIN_LIBRARY -DENABLE_CROSS_PRODUCT_REWRITE=0 -DENABLE_DEBUG_PRINT=0 -DENABLE_MEASURE_EXE_TIME=0 -DENABLE_MERGE_BACK_PLAN=0 -DENABLE_PARALLEL_EXECUTION=0 -DENABLE_QUERY_SPLIT=0 -DENABLE_SPECIFY_EST_STAT=0 -I/home/bita/Project/duckdb-polr/src/include -I/home/bita/Project/duckdb-polr/third_party/fsst -I/home/bita/Project/duckdb-polr/third_party/fmt/include -I/home/bita/Project/duckdb-polr/third_party/hyperloglog -I/home/bita/Project/duckdb-polr/third_party/fastpforlib -I/home/bita/Project/duckdb-polr/third_party/fast_float -I/home/bita/Project/duckdb-polr/third_party/re2 -I/home/bita/Project/duckdb-polr/third_party/miniz -I/home/bita/Project/duckdb-polr/third_party/utf8proc/include -I/home/bita/Project/duckdb-polr/third_party/miniparquet -I/home/bita/Project/duckdb-polr/third_party/concurrentqueue -I/home/bita/Project/duckdb-polr/third_party/pcg -I/home/bita/Project/duckdb-polr/third_party/tdigest -I/home/bita/Project/duckdb-polr/third_party/mbedtls/include -I/home/bita/Project/duckdb-polr/third_party/jaro_winkler -O3 -DNDEBUG -O3 -DNDEBUG   -fPIC -fdiagnostics-color=always -std=c++11 -MD -MT src/execution/operator/join/CMakeFiles/duckdb_operator_join.dir/ub_duckdb_operator_join.cpp.o -MF src/execution/operator/join/CMakeFiles/duckdb_operator_join.dir/ub_duckdb_operator_join.cpp.o.d -o src/execution/operator/join/CMakeFiles/duckdb_operator_join.dir/ub_duckdb_operator_join.cpp.o -c /home/bita/Project/duckdb-polr/build/release/src/execution/operator/join/ub_duckdb_operator_join.cpp
[96/376] /usr/bin/c++ -DDUCKDB -DDUCKDB_BUILD_LIBRARY -DDUCKDB_MAIN_LIBRARY -DENABLE_CROSS_PRODUCT_REWRITE=0 -DENABLE_DEBUG_PRINT=0 -DENABLE_MEASURE_EXE_TIME=0 -DENABLE_MERGE_BACK_PLAN=0 -DENABLE_PARALLEL_EXECUTION=0 -DENABLE_QUERY_SPLIT=0 -DENABLE_SPECIFY_EST_STAT=0 -I/home/bita/Project/duckdb-polr/src/include -I/home/bita/Project/duckdb-polr/third_party/fsst -I/home/bita/Project/duckdb-polr/third_party/fmt/include -I/home/bita/Project/duckdb-polr/third_party/hyperloglog -I/home/bita/Project/duckdb-polr/third_party/fastpforlib -I/home/bita/Project/duckdb-polr/third_party/fast_float -I/home/bita/Project/duckdb-polr/third_party/re2 -I/home/bita/Project/duckdb-polr/third_party/miniz -I/home/bita/Project/duckdb-polr/third_party/utf8proc/include -I/home/bita/Project/duckdb-polr/third_party/miniparquet -I/home/bita/Project/duckdb-polr/third_party/concurrentqueue -I/home/bita/Project/duckdb-polr/third_party/pcg -I/home/bita/Project/duckdb-polr/third_party/tdigest -I/home/bita/Project/duckdb-polr/third_party/mbedtls/include -I/home/bita/Project/duckdb-polr/third_party/jaro_winkler -O3 -DNDEBUG -O3 -DNDEBUG   -fPIC -fdiagnostics-color=always -std=c++11 -MD -MT src/main/settings/CMakeFiles/duckdb_main_settings.dir/ub_duckdb_main_settings.cpp.o -MF src/main/settings/CMakeFiles/duckdb_main_settings.dir/ub_duckdb_main_settings.cpp.o.d -o src/main/settings/CMakeFiles/duckdb_main_settings.dir/ub_duckdb_main_settings.cpp.o -c /home/bita/Project/duckdb-polr/build/release/src/main/settings/ub_duckdb_main_settings.cpp
[97/376] /usr/bin/c++ -DDUCKDB -DDUCKDB_BUILD_LIBRARY -DDUCKDB_MAIN_LIBRARY -DENABLE_CROSS_PRODUCT_REWRITE=0 -DENABLE_DEBUG_PRINT=0 -DENABLE_MEASURE_EXE_TIME=0 -DENABLE_MERGE_BACK_PLAN=0 -DENABLE_PARALLEL_EXECUTION=0 -DENABLE_QUERY_SPLIT=0 -DENABLE_SPECIFY_EST_STAT=0 -I/home/bita/Project/duckdb-polr/src/include -I/home/bita/Project/duckdb-polr/third_party/fsst -I/home/bita/Project/duckdb-polr/third_party/fmt/include -I/home/bita/Project/duckdb-polr/third_party/hyperloglog -I/home/bita/Project/duckdb-polr/third_party/fastpforlib -I/home/bita/Project/duckdb-polr/third_party/fast_float -I/home/bita/Project/duckdb-polr/third_party/re2 -I/home/bita/Project/duckdb-polr/third_party/miniz -I/home/bita/Project/duckdb-polr/third_party/utf8proc/include -I/home/bita/Project/duckdb-polr/third_party/miniparquet -I/home/bita/Project/duckdb-polr/third_party/concurrentqueue -I/home/bita/Project/duckdb-polr/third_party/pcg -I/home/bita/Project/duckdb-polr/third_party/tdigest -I/home/bita/Project/duckdb-polr/third_party/mbedtls/include -I/home/bita/Project/duckdb-polr/third_party/jaro_winkler -O3 -DNDEBUG -O3 -DNDEBUG   -fPIC -fdiagnostics-color=always -std=c++11 -MD -MT src/main/capi/CMakeFiles/duckdb_main_capi.dir/ub_duckdb_main_capi.cpp.o -MF src/main/capi/CMakeFiles/duckdb_main_capi.dir/ub_duckdb_main_capi.cpp.o.d -o src/main/capi/CMakeFiles/duckdb_main_capi.dir/ub_duckdb_main_capi.cpp.o -c /home/bita/Project/duckdb-polr/build/release/src/main/capi/ub_duckdb_main_capi.cpp
[98/376] /usr/bin/c++ -DDUCKDB -DDUCKDB_BUILD_LIBRARY -DDUCKDB_MAIN_LIBRARY -DENABLE_CROSS_PRODUCT_REWRITE=0 -DENABLE_DEBUG_PRINT=0 -DENABLE_MEASURE_EXE_TIME=0 -DENABLE_MERGE_BACK_PLAN=0 -DENABLE_PARALLEL_EXECUTION=0 -DENABLE_QUERY_SPLIT=0 -DENABLE_SPECIFY_EST_STAT=0 -I/home/bita/Project/duckdb-polr/src/include -I/home/bita/Project/duckdb-polr/third_party/fsst -I/home/bita/Project/duckdb-polr/third_party/fmt/include -I/home/bita/Project/duckdb-polr/third_party/hyperloglog -I/home/bita/Project/duckdb-polr/third_party/fastpforlib -I/home/bita/Project/duckdb-polr/third_party/fast_float -I/home/bita/Project/duckdb-polr/third_party/re2 -I/home/bita/Project/duckdb-polr/third_party/miniz -I/home/bita/Project/duckdb-polr/third_party/utf8proc/include -I/home/bita/Project/duckdb-polr/third_party/miniparquet -I/home/bita/Project/duckdb-polr/third_party/concurrentqueue -I/home/bita/Project/duckdb-polr/third_party/pcg -I/home/bita/Project/duckdb-polr/third_party/tdigest -I/home/bita/Project/duckdb-polr/third_party/mbedtls/include -I/home/bita/Project/duckdb-polr/third_party/jaro_winkler -O3 -DNDEBUG -O3 -DNDEBUG   -fPIC -fdiagnostics-color=always -std=c++11 -MD -MT src/main/relation/CMakeFiles/duckdb_main_relation.dir/ub_duckdb_main_relation.cpp.o -MF src/main/relation/CMakeFiles/duckdb_main_relation.dir/ub_duckdb_main_relation.cpp.o.d -o src/main/relation/CMakeFiles/duckdb_main_relation.dir/ub_duckdb_main_relation.cpp.o -c /home/bita/Project/duckdb-polr/build/release/src/main/relation/ub_duckdb_main_relation.cpp
[99/376] /usr/bin/c++ -DDUCKDB -DDUCKDB_BUILD_LIBRARY -DDUCKDB_MAIN_LIBRARY -DENABLE_CROSS_PRODUCT_REWRITE=0 -DENABLE_DEBUG_PRINT=0 -DENABLE_MEASURE_EXE_TIME=0 -DENABLE_MERGE_BACK_PLAN=0 -DENABLE_PARALLEL_EXECUTION=0 -DENABLE_QUERY_SPLIT=0 -DENABLE_SPECIFY_EST_STAT=0 -I/home/bita/Project/duckdb-polr/src/include -I/home/bita/Project/duckdb-polr/third_party/fsst -I/home/bita/Project/duckdb-polr/third_party/fmt/include -I/home/bita/Project/duckdb-polr/third_party/hyperloglog -I/home/bita/Project/duckdb-polr/third_party/fastpforlib -I/home/bita/Project/duckdb-polr/third_party/fast_float -I/home/bita/Project/duckdb-polr/third_party/re2 -I/home/bita/Project/duckdb-polr/third_party/miniz -I/home/bita/Project/duckdb-polr/third_party/utf8proc/include -I/home/bita/Project/duckdb-polr/third_party/miniparquet -I/home/bita/Project/duckdb-polr/third_party/concurrentqueue -I/home/bita/Project/duckdb-polr/third_party/pcg -I/home/bita/Project/duckdb-polr/third_party/tdigest -I/home/bita/Project/duckdb-polr/third_party/mbedtls/include -I/home/bita/Project/duckdb-polr/third_party/jaro_winkler -O3 -DNDEBUG -O3 -DNDEBUG   -fPIC -fdiagnostics-color=always -std=c++11 -MD -MT src/storage/checkpoint/CMakeFiles/duckdb_storage_checkpoint.dir/ub_duckdb_storage_checkpoint.cpp.o -MF src/storage/checkpoint/CMakeFiles/duckdb_storage_checkpoint.dir/ub_duckdb_storage_checkpoint.cpp.o.d -o src/storage/checkpoint/CMakeFiles/duckdb_storage_checkpoint.dir/ub_duckdb_storage_checkpoint.cpp.o -c /home/bita/Project/duckdb-polr/build/release/src/storage/checkpoint/ub_duckdb_storage_checkpoint.cpp
[100/376] /usr/bin/c++ -DDUCKDB -DDUCKDB_BUILD_LIBRARY -DDUCKDB_MAIN_LIBRARY -DENABLE_CROSS_PRODUCT_REWRITE=0 -DENABLE_DEBUG_PRINT=0 -DENABLE_MEASURE_EXE_TIME=0 -DENABLE_MERGE_BACK_PLAN=0 -DENABLE_PARALLEL_EXECUTION=0 -DENABLE_QUERY_SPLIT=0 -DENABLE_SPECIFY_EST_STAT=0 -I/home/bita/Project/duckdb-polr/src/include -I/home/bita/Project/duckdb-polr/third_party/fsst -I/home/bita/Project/duckdb-polr/third_party/fmt/include -I/home/bita/Project/duckdb-polr/third_party/hyperloglog -I/home/bita/Project/duckdb-polr/third_party/fastpforlib -I/home/bita/Project/duckdb-polr/third_party/fast_float -I/home/bita/Project/duckdb-polr/third_party/re2 -I/home/bita/Project/duckdb-polr/third_party/miniz -I/home/bita/Project/duckdb-polr/third_party/utf8proc/include -I/home/bita/Project/duckdb-polr/third_party/miniparquet -I/home/bita/Project/duckdb-polr/third_party/concurrentqueue -I/home/bita/Project/duckdb-polr/third_party/pcg -I/home/bita/Project/duckdb-polr/third_party/tdigest -I/home/bita/Project/duckdb-polr/third_party/mbedtls/include -I/home/bita/Project/duckdb-polr/third_party/jaro_winkler -O3 -DNDEBUG -O3 -DNDEBUG   -fPIC -fdiagnostics-color=always -std=c++11 -MD -MT src/storage/statistics/CMakeFiles/duckdb_storage_statistics.dir/ub_duckdb_storage_statistics.cpp.o -MF src/storage/statistics/CMakeFiles/duckdb_storage_statistics.dir/ub_duckdb_storage_statistics.cpp.o.d -o src/storage/statistics/CMakeFiles/duckdb_storage_statistics.dir/ub_duckdb_storage_statistics.cpp.o -c /home/bita/Project/duckdb-polr/build/release/src/storage/statistics/ub_duckdb_storage_statistics.cpp
[101/376] /usr/bin/c++ -DDUCKDB -DDUCKDB_BUILD_LIBRARY -DDUCKDB_MAIN_LIBRARY -DENABLE_CROSS_PRODUCT_REWRITE=0 -DENABLE_DEBUG_PRINT=0 -DENABLE_MEASURE_EXE_TIME=0 -DENABLE_MERGE_BACK_PLAN=0 -DENABLE_PARALLEL_EXECUTION=0 -DENABLE_QUERY_SPLIT=0 -DENABLE_SPECIFY_EST_STAT=0 -I/home/bita/Project/duckdb-polr/src/include -I/home/bita/Project/duckdb-polr/third_party/fsst -I/home/bita/Project/duckdb-polr/third_party/fmt/include -I/home/bita/Project/duckdb-polr/third_party/hyperloglog -I/home/bita/Project/duckdb-polr/third_party/fastpforlib -I/home/bita/Project/duckdb-polr/third_party/fast_float -I/home/bita/Project/duckdb-polr/third_party/re2 -I/home/bita/Project/duckdb-polr/third_party/miniz -I/home/bita/Project/duckdb-polr/third_party/utf8proc/include -I/home/bita/Project/duckdb-polr/third_party/miniparquet -I/home/bita/Project/duckdb-polr/third_party/concurrentqueue -I/home/bita/Project/duckdb-polr/third_party/pcg -I/home/bita/Project/duckdb-polr/third_party/tdigest -I/home/bita/Project/duckdb-polr/third_party/mbedtls/include -I/home/bita/Project/duckdb-polr/third_party/jaro_winkler -O3 -DNDEBUG -O3 -DNDEBUG   -fPIC -fdiagnostics-color=always -std=c++11 -MD -MT src/execution/physical_plan/CMakeFiles/duckdb_physical_plan.dir/ub_duckdb_physical_plan.cpp.o -MF src/execution/physical_plan/CMakeFiles/duckdb_physical_plan.dir/ub_duckdb_physical_plan.cpp.o.d -o src/execution/physical_plan/CMakeFiles/duckdb_physical_plan.dir/ub_duckdb_physical_plan.cpp.o -c /home/bita/Project/duckdb-polr/build/release/src/execution/physical_plan/ub_duckdb_physical_plan.cpp
[102/376] /usr/bin/c++ -DDUCKDB -DDUCKDB_BUILD_LIBRARY -DDUCKDB_MAIN_LIBRARY -DENABLE_CROSS_PRODUCT_REWRITE=0 -DENABLE_DEBUG_PRINT=0 -DENABLE_MEASURE_EXE_TIME=0 -DENABLE_MERGE_BACK_PLAN=0 -DENABLE_PARALLEL_EXECUTION=0 -DENABLE_QUERY_SPLIT=0 -DENABLE_SPECIFY_EST_STAT=0 -I/home/bita/Project/duckdb-polr/src/include -I/home/bita/Project/duckdb-polr/third_party/fsst -I/home/bita/Project/duckdb-polr/third_party/fmt/include -I/home/bita/Project/duckdb-polr/third_party/hyperloglog -I/home/bita/Project/duckdb-polr/third_party/fastpforlib -I/home/bita/Project/duckdb-polr/third_party/fast_float -I/home/bita/Project/duckdb-polr/third_party/re2 -I/home/bita/Project/duckdb-polr/third_party/miniz -I/home/bita/Project/duckdb-polr/third_party/utf8proc/include -I/home/bita/Project/duckdb-polr/third_party/miniparquet -I/home/bita/Project/duckdb-polr/third_party/concurrentqueue -I/home/bita/Project/duckdb-polr/third_party/pcg -I/home/bita/Project/duckdb-polr/third_party/tdigest -I/home/bita/Project/duckdb-polr/third_party/mbedtls/include -I/home/bita/Project/duckdb-polr/third_party/jaro_winkler -O3 -DNDEBUG -O3 -DNDEBUG   -fPIC -fdiagnostics-color=always -std=c++11 -MD -MT src/execution/operator/persistent/CMakeFiles/duckdb_operator_persistent.dir/ub_duckdb_operator_persistent.cpp.o -MF src/execution/operator/persistent/CMakeFiles/duckdb_operator_persistent.dir/ub_duckdb_operator_persistent.cpp.o.d -o src/execution/operator/persistent/CMakeFiles/duckdb_operator_persistent.dir/ub_duckdb_operator_persistent.cpp.o -c /home/bita/Project/duckdb-polr/build/release/src/execution/operator/persistent/ub_duckdb_operator_persistent.cpp
[103/376] /usr/bin/c++ -DDUCKDB -DDUCKDB_BUILD_LIBRARY -DDUCKDB_MAIN_LIBRARY -DENABLE_CROSS_PRODUCT_REWRITE=0 -DENABLE_DEBUG_PRINT=0 -DENABLE_MEASURE_EXE_TIME=0 -DENABLE_MERGE_BACK_PLAN=0 -DENABLE_PARALLEL_EXECUTION=0 -DENABLE_QUERY_SPLIT=0 -DENABLE_SPECIFY_EST_STAT=0 -I/home/bita/Project/duckdb-polr/src/include -I/home/bita/Project/duckdb-polr/third_party/fsst -I/home/bita/Project/duckdb-polr/third_party/fmt/include -I/home/bita/Project/duckdb-polr/third_party/hyperloglog -I/home/bita/Project/duckdb-polr/third_party/fastpforlib -I/home/bita/Project/duckdb-polr/third_party/fast_float -I/home/bita/Project/duckdb-polr/third_party/re2 -I/home/bita/Project/duckdb-polr/third_party/miniz -I/home/bita/Project/duckdb-polr/third_party/utf8proc/include -I/home/bita/Project/duckdb-polr/third_party/miniparquet -I/home/bita/Project/duckdb-polr/third_party/concurrentqueue -I/home/bita/Project/duckdb-polr/third_party/pcg -I/home/bita/Project/duckdb-polr/third_party/tdigest -I/home/bita/Project/duckdb-polr/third_party/mbedtls/include -I/home/bita/Project/duckdb-polr/third_party/jaro_winkler -O3 -DNDEBUG -O3 -DNDEBUG   -fPIC -fdiagnostics-color=always -std=c++11 -MD -MT src/verification/CMakeFiles/duckdb_verification.dir/copied_statement_verifier.cpp.o -MF src/verification/CMakeFiles/duckdb_verification.dir/copied_statement_verifier.cpp.o.d -o src/verification/CMakeFiles/duckdb_verification.dir/copied_statement_verifier.cpp.o -c /home/bita/Project/duckdb-polr/src/verification/copied_statement_verifier.cpp
[104/376] /usr/bin/c++ -DDUCKDB -DDUCKDB_BUILD_LIBRARY -DDUCKDB_MAIN_LIBRARY -DENABLE_CROSS_PRODUCT_REWRITE=0 -DENABLE_DEBUG_PRINT=0 -DENABLE_MEASURE_EXE_TIME=0 -DENABLE_MERGE_BACK_PLAN=0 -DENABLE_PARALLEL_EXECUTION=0 -DENABLE_QUERY_SPLIT=0 -DENABLE_SPECIFY_EST_STAT=0 -I/home/bita/Project/duckdb-polr/src/include -I/home/bita/Project/duckdb-polr/third_party/fsst -I/home/bita/Project/duckdb-polr/third_party/fmt/include -I/home/bita/Project/duckdb-polr/third_party/hyperloglog -I/home/bita/Project/duckdb-polr/third_party/fastpforlib -I/home/bita/Project/duckdb-polr/third_party/fast_float -I/home/bita/Project/duckdb-polr/third_party/re2 -I/home/bita/Project/duckdb-polr/third_party/miniz -I/home/bita/Project/duckdb-polr/third_party/utf8proc/include -I/home/bita/Project/duckdb-polr/third_party/miniparquet -I/home/bita/Project/duckdb-polr/third_party/concurrentqueue -I/home/bita/Project/duckdb-polr/third_party/pcg -I/home/bita/Project/duckdb-polr/third_party/tdigest -I/home/bita/Project/duckdb-polr/third_party/mbedtls/include -I/home/bita/Project/duckdb-polr/third_party/jaro_winkler -O3 -DNDEBUG -O3 -DNDEBUG   -fPIC -fdiagnostics-color=always -std=c++11 -MD -MT src/storage/compression/chimp/CMakeFiles/duckdb_storage_compression_chimp.dir/ub_duckdb_storage_compression_chimp.cpp.o -MF src/storage/compression/chimp/CMakeFiles/duckdb_storage_compression_chimp.dir/ub_duckdb_storage_compression_chimp.cpp.o.d -o src/storage/compression/chimp/CMakeFiles/duckdb_storage_compression_chimp.dir/ub_duckdb_storage_compression_chimp.cpp.o -c /home/bita/Project/duckdb-polr/build/release/src/storage/compression/chimp/ub_duckdb_storage_compression_chimp.cpp
[105/376] /usr/bin/c++ -DDUCKDB -DDUCKDB_BUILD_LIBRARY -DDUCKDB_MAIN_LIBRARY -DENABLE_CROSS_PRODUCT_REWRITE=0 -DENABLE_DEBUG_PRINT=0 -DENABLE_MEASURE_EXE_TIME=0 -DENABLE_MERGE_BACK_PLAN=0 -DENABLE_PARALLEL_EXECUTION=0 -DENABLE_QUERY_SPLIT=0 -DENABLE_SPECIFY_EST_STAT=0 -I/home/bita/Project/duckdb-polr/src/include -I/home/bita/Project/duckdb-polr/third_party/fsst -I/home/bita/Project/duckdb-polr/third_party/fmt/include -I/home/bita/Project/duckdb-polr/third_party/hyperloglog -I/home/bita/Project/duckdb-polr/third_party/fastpforlib -I/home/bita/Project/duckdb-polr/third_party/fast_float -I/home/bita/Project/duckdb-polr/third_party/re2 -I/home/bita/Project/duckdb-polr/third_party/miniz -I/home/bita/Project/duckdb-polr/third_party/utf8proc/include -I/home/bita/Project/duckdb-polr/third_party/miniparquet -I/home/bita/Project/duckdb-polr/third_party/concurrentqueue -I/home/bita/Project/duckdb-polr/third_party/pcg -I/home/bita/Project/duckdb-polr/third_party/tdigest -I/home/bita/Project/duckdb-polr/third_party/mbedtls/include -I/home/bita/Project/duckdb-polr/third_party/jaro_winkler -O3 -DNDEBUG -O3 -DNDEBUG   -fPIC -fdiagnostics-color=always -std=c++11 -MD -MT src/parallel/CMakeFiles/duckdb_parallel.dir/ub_duckdb_parallel.cpp.o -MF src/parallel/CMakeFiles/duckdb_parallel.dir/ub_duckdb_parallel.cpp.o.d -o src/parallel/CMakeFiles/duckdb_parallel.dir/ub_duckdb_parallel.cpp.o -c /home/bita/Project/duckdb-polr/build/release/src/parallel/ub_duckdb_parallel.cpp
[106/376] /usr/bin/c++ -DBUILD_JEMALLOC_EXTENSION=ON -DBUILD_PARQUET_EXTENSION=TRUE -DDUCKDB -DDUCKDB_BUILD_LIBRARY -DDUCKDB_MAIN_LIBRARY -DENABLE_CROSS_PRODUCT_REWRITE=0 -DENABLE_DEBUG_PRINT=0 -DENABLE_MEASURE_EXE_TIME=0 -DENABLE_MERGE_BACK_PLAN=0 -DENABLE_PARALLEL_EXECUTION=0 -DENABLE_QUERY_SPLIT=0 -DENABLE_SPECIFY_EST_STAT=0 -I/home/bita/Project/duckdb-polr/src/include -I/home/bita/Project/duckdb-polr/third_party/fsst -I/home/bita/Project/duckdb-polr/third_party/fmt/include -I/home/bita/Project/duckdb-polr/third_party/hyperloglog -I/home/bita/Project/duckdb-polr/third_party/fastpforlib -I/home/bita/Project/duckdb-polr/third_party/fast_float -I/home/bita/Project/duckdb-polr/third_party/re2 -I/home/bita/Project/duckdb-polr/third_party/miniz -I/home/bita/Project/duckdb-polr/third_party/utf8proc/include -I/home/bita/Project/duckdb-polr/third_party/miniparquet -I/home/bita/Project/duckdb-polr/third_party/concurrentqueue -I/home/bita/Project/duckdb-polr/third_party/pcg -I/home/bita/Project/duckdb-polr/third_party/tdigest -I/home/bita/Project/duckdb-polr/third_party/mbedtls/include -I/home/bita/Project/duckdb-polr/third_party/jaro_winkler -I/home/bita/Project/duckdb-polr/src/main/extension/../../../third_party/httplib -I/home/bita/Project/duckdb-polr/extension -I/home/bita/Project/duckdb-polr/extension/parquet/include -I/home/bita/Project/duckdb-polr/extension/jemalloc/include -O3 -DNDEBUG -O3 -DNDEBUG   -fPIC -fdiagnostics-color=always -std=c++11 -MD -MT src/main/extension/CMakeFiles/duckdb_main_extension.dir/ub_duckdb_main_extension.cpp.o -MF src/main/extension/CMakeFiles/duckdb_main_extension.dir/ub_duckdb_main_extension.cpp.o.d -o src/main/extension/CMakeFiles/duckdb_main_extension.dir/ub_duckdb_main_extension.cpp.o -c /home/bita/Project/duckdb-polr/build/release/src/main/extension/ub_duckdb_main_extension.cpp
[107/376] /usr/bin/c++ -DDUCKDB -DDUCKDB_BUILD_LIBRARY -DDUCKDB_MAIN_LIBRARY -DENABLE_CROSS_PRODUCT_REWRITE=0 -DENABLE_DEBUG_PRINT=0 -DENABLE_MEASURE_EXE_TIME=0 -DENABLE_MERGE_BACK_PLAN=0 -DENABLE_PARALLEL_EXECUTION=0 -DENABLE_QUERY_SPLIT=0 -DENABLE_SPECIFY_EST_STAT=0 -I/home/bita/Project/duckdb-polr/src/include -I/home/bita/Project/duckdb-polr/third_party/fsst -I/home/bita/Project/duckdb-polr/third_party/fmt/include -I/home/bita/Project/duckdb-polr/third_party/hyperloglog -I/home/bita/Project/duckdb-polr/third_party/fastpforlib -I/home/bita/Project/duckdb-polr/third_party/fast_float -I/home/bita/Project/duckdb-polr/third_party/re2 -I/home/bita/Project/duckdb-polr/third_party/miniz -I/home/bita/Project/duckdb-polr/third_party/utf8proc/include -I/home/bita/Project/duckdb-polr/third_party/miniparquet -I/home/bita/Project/duckdb-polr/third_party/concurrentqueue -I/home/bita/Project/duckdb-polr/third_party/pcg -I/home/bita/Project/duckdb-polr/third_party/tdigest -I/home/bita/Project/duckdb-polr/third_party/mbedtls/include -I/home/bita/Project/duckdb-polr/third_party/jaro_winkler -O3 -DNDEBUG -O3 -DNDEBUG   -fPIC -fdiagnostics-color=always -std=c++11 -MD -MT src/verification/CMakeFiles/duckdb_verification.dir/external_statement_verifier.cpp.o -MF src/verification/CMakeFiles/duckdb_verification.dir/external_statement_verifier.cpp.o.d -o src/verification/CMakeFiles/duckdb_verification.dir/external_statement_verifier.cpp.o -c /home/bita/Project/duckdb-polr/src/verification/external_statement_verifier.cpp
[108/376] /usr/bin/c++ -DDUCKDB -DDUCKDB_BUILD_LIBRARY -DDUCKDB_MAIN_LIBRARY -DENABLE_CROSS_PRODUCT_REWRITE=0 -DENABLE_DEBUG_PRINT=0 -DENABLE_MEASURE_EXE_TIME=0 -DENABLE_MERGE_BACK_PLAN=0 -DENABLE_PARALLEL_EXECUTION=0 -DENABLE_QUERY_SPLIT=0 -DENABLE_SPECIFY_EST_STAT=0 -I/home/bita/Project/duckdb-polr/src/include -I/home/bita/Project/duckdb-polr/third_party/fsst -I/home/bita/Project/duckdb-polr/third_party/fmt/include -I/home/bita/Project/duckdb-polr/third_party/hyperloglog -I/home/bita/Project/duckdb-polr/third_party/fastpforlib -I/home/bita/Project/duckdb-polr/third_party/fast_float -I/home/bita/Project/duckdb-polr/third_party/re2 -I/home/bita/Project/duckdb-polr/third_party/miniz -I/home/bita/Project/duckdb-polr/third_party/utf8proc/include -I/home/bita/Project/duckdb-polr/third_party/miniparquet -I/home/bita/Project/duckdb-polr/third_party/concurrentqueue -I/home/bita/Project/duckdb-polr/third_party/pcg -I/home/bita/Project/duckdb-polr/third_party/tdigest -I/home/bita/Project/duckdb-polr/third_party/mbedtls/include -I/home/bita/Project/duckdb-polr/third_party/jaro_winkler -O3 -DNDEBUG -O3 -DNDEBUG   -fPIC -fdiagnostics-color=always -std=c++11 -MD -MT src/verification/CMakeFiles/duckdb_verification.dir/deserialized_statement_verifier.cpp.o -MF src/verification/CMakeFiles/duckdb_verification.dir/deserialized_statement_verifier.cpp.o.d -o src/verification/CMakeFiles/duckdb_verification.dir/deserialized_statement_verifier.cpp.o -c /home/bita/Project/duckdb-polr/src/verification/deserialized_statement_verifier.cpp
[109/376] /usr/bin/c++ -DDUCKDB -DDUCKDB_BUILD_LIBRARY -DDUCKDB_MAIN_LIBRARY -DENABLE_CROSS_PRODUCT_REWRITE=0 -DENABLE_DEBUG_PRINT=0 -DENABLE_MEASURE_EXE_TIME=0 -DENABLE_MERGE_BACK_PLAN=0 -DENABLE_PARALLEL_EXECUTION=0 -DENABLE_QUERY_SPLIT=0 -DENABLE_SPECIFY_EST_STAT=0 -I/home/bita/Project/duckdb-polr/src/include -I/home/bita/Project/duckdb-polr/third_party/fsst -I/home/bita/Project/duckdb-polr/third_party/fmt/include -I/home/bita/Project/duckdb-polr/third_party/hyperloglog -I/home/bita/Project/duckdb-polr/third_party/fastpforlib -I/home/bita/Project/duckdb-polr/third_party/fast_float -I/home/bita/Project/duckdb-polr/third_party/re2 -I/home/bita/Project/duckdb-polr/third_party/miniz -I/home/bita/Project/duckdb-polr/third_party/utf8proc/include -I/home/bita/Project/duckdb-polr/third_party/miniparquet -I/home/bita/Project/duckdb-polr/third_party/concurrentqueue -I/home/bita/Project/duckdb-polr/third_party/pcg -I/home/bita/Project/duckdb-polr/third_party/tdigest -I/home/bita/Project/duckdb-polr/third_party/mbedtls/include -I/home/bita/Project/duckdb-polr/third_party/jaro_winkler -O3 -DNDEBUG -O3 -DNDEBUG   -fPIC -fdiagnostics-color=always -std=c++11 -MD -MT src/verification/CMakeFiles/duckdb_verification.dir/prepared_statement_verifier.cpp.o -MF src/verification/CMakeFiles/duckdb_verification.dir/prepared_statement_verifier.cpp.o.d -o src/verification/CMakeFiles/duckdb_verification.dir/prepared_statement_verifier.cpp.o -c /home/bita/Project/duckdb-polr/src/verification/prepared_statement_verifier.cpp
[110/376] /usr/bin/c++ -DDUCKDB -DDUCKDB_BUILD_LIBRARY -DDUCKDB_MAIN_LIBRARY -DENABLE_CROSS_PRODUCT_REWRITE=0 -DENABLE_DEBUG_PRINT=0 -DENABLE_MEASURE_EXE_TIME=0 -DENABLE_MERGE_BACK_PLAN=0 -DENABLE_PARALLEL_EXECUTION=0 -DENABLE_QUERY_SPLIT=0 -DENABLE_SPECIFY_EST_STAT=0 -I/home/bita/Project/duckdb-polr/src/include -I/home/bita/Project/duckdb-polr/third_party/fsst -I/home/bita/Project/duckdb-polr/third_party/fmt/include -I/home/bita/Project/duckdb-polr/third_party/hyperloglog -I/home/bita/Project/duckdb-polr/third_party/fastpforlib -I/home/bita/Project/duckdb-polr/third_party/fast_float -I/home/bita/Project/duckdb-polr/third_party/re2 -I/home/bita/Project/duckdb-polr/third_party/miniz -I/home/bita/Project/duckdb-polr/third_party/utf8proc/include -I/home/bita/Project/duckdb-polr/third_party/miniparquet -I/home/bita/Project/duckdb-polr/third_party/concurrentqueue -I/home/bita/Project/duckdb-polr/third_party/pcg -I/home/bita/Project/duckdb-polr/third_party/tdigest -I/home/bita/Project/duckdb-polr/third_party/mbedtls/include -I/home/bita/Project/duckdb-polr/third_party/jaro_winkler -O3 -DNDEBUG -O3 -DNDEBUG   -fPIC -fdiagnostics-color=always -std=c++11 -MD -MT src/verification/CMakeFiles/duckdb_verification.dir/parsed_statement_verifier.cpp.o -MF src/verification/CMakeFiles/duckdb_verification.dir/parsed_statement_verifier.cpp.o.d -o src/verification/CMakeFiles/duckdb_verification.dir/parsed_statement_verifier.cpp.o -c /home/bita/Project/duckdb-polr/src/verification/parsed_statement_verifier.cpp
[111/376] /usr/bin/c++ -DDUCKDB -DDUCKDB_BUILD_LIBRARY -DDUCKDB_MAIN_LIBRARY -DENABLE_CROSS_PRODUCT_REWRITE=0 -DENABLE_DEBUG_PRINT=0 -DENABLE_MEASURE_EXE_TIME=0 -DENABLE_MERGE_BACK_PLAN=0 -DENABLE_PARALLEL_EXECUTION=0 -DENABLE_QUERY_SPLIT=0 -DENABLE_SPECIFY_EST_STAT=0 -I/home/bita/Project/duckdb-polr/src/include -I/home/bita/Project/duckdb-polr/third_party/fsst -I/home/bita/Project/duckdb-polr/third_party/fmt/include -I/home/bita/Project/duckdb-polr/third_party/hyperloglog -I/home/bita/Project/duckdb-polr/third_party/fastpforlib -I/home/bita/Project/duckdb-polr/third_party/fast_float -I/home/bita/Project/duckdb-polr/third_party/re2 -I/home/bita/Project/duckdb-polr/third_party/miniz -I/home/bita/Project/duckdb-polr/third_party/utf8proc/include -I/home/bita/Project/duckdb-polr/third_party/miniparquet -I/home/bita/Project/duckdb-polr/third_party/concurrentqueue -I/home/bita/Project/duckdb-polr/third_party/pcg -I/home/bita/Project/duckdb-polr/third_party/tdigest -I/home/bita/Project/duckdb-polr/third_party/mbedtls/include -I/home/bita/Project/duckdb-polr/third_party/jaro_winkler -O3 -DNDEBUG -O3 -DNDEBUG   -fPIC -fdiagnostics-color=always -std=c++11 -MD -MT src/verification/CMakeFiles/duckdb_verification.dir/statement_verifier.cpp.o -MF src/verification/CMakeFiles/duckdb_verification.dir/statement_verifier.cpp.o.d -o src/verification/CMakeFiles/duckdb_verification.dir/statement_verifier.cpp.o -c /home/bita/Project/duckdb-polr/src/verification/statement_verifier.cpp
[112/376] /usr/bin/c++ -DDUCKDB -DDUCKDB_BUILD_LIBRARY -DDUCKDB_MAIN_LIBRARY -DENABLE_CROSS_PRODUCT_REWRITE=0 -DENABLE_DEBUG_PRINT=0 -DENABLE_MEASURE_EXE_TIME=0 -DENABLE_MERGE_BACK_PLAN=0 -DENABLE_PARALLEL_EXECUTION=0 -DENABLE_QUERY_SPLIT=0 -DENABLE_SPECIFY_EST_STAT=0 -I/home/bita/Project/duckdb-polr/src/include -I/home/bita/Project/duckdb-polr/third_party/fsst -I/home/bita/Project/duckdb-polr/third_party/fmt/include -I/home/bita/Project/duckdb-polr/third_party/hyperloglog -I/home/bita/Project/duckdb-polr/third_party/fastpforlib -I/home/bita/Project/duckdb-polr/third_party/fast_float -I/home/bita/Project/duckdb-polr/third_party/re2 -I/home/bita/Project/duckdb-polr/third_party/miniz -I/home/bita/Project/duckdb-polr/third_party/utf8proc/include -I/home/bita/Project/duckdb-polr/third_party/miniparquet -I/home/bita/Project/duckdb-polr/third_party/concurrentqueue -I/home/bita/Project/duckdb-polr/third_party/pcg -I/home/bita/Project/duckdb-polr/third_party/tdigest -I/home/bita/Project/duckdb-polr/third_party/mbedtls/include -I/home/bita/Project/duckdb-polr/third_party/jaro_winkler -O3 -DNDEBUG -O3 -DNDEBUG   -fPIC -fdiagnostics-color=always -std=c++11 -MD -MT src/verification/CMakeFiles/duckdb_verification.dir/unoptimized_statement_verifier.cpp.o -MF src/verification/CMakeFiles/duckdb_verification.dir/unoptimized_statement_verifier.cpp.o.d -o src/verification/CMakeFiles/duckdb_verification.dir/unoptimized_statement_verifier.cpp.o -c /home/bita/Project/duckdb-polr/src/verification/unoptimized_statement_verifier.cpp
[113/376] /usr/bin/cc -DDUCKDB_BUILD_LIBRARY -DENABLE_CROSS_PRODUCT_REWRITE=0 -DENABLE_DEBUG_PRINT=0 -DENABLE_MEASURE_EXE_TIME=0 -DENABLE_MERGE_BACK_PLAN=0 -DENABLE_PARALLEL_EXECUTION=0 -DENABLE_QUERY_SPLIT=0 -DENABLE_SPECIFY_EST_STAT=0 -DUSE_DUCKDB_SHELL_WRAPPER -I/home/bita/Project/duckdb-polr/src/include -I/home/bita/Project/duckdb-polr/third_party/fsst -I/home/bita/Project/duckdb-polr/third_party/fmt/include -I/home/bita/Project/duckdb-polr/third_party/hyperloglog -I/home/bita/Project/duckdb-polr/third_party/fastpforlib -I/home/bita/Project/duckdb-polr/third_party/fast_float -I/home/bita/Project/duckdb-polr/third_party/re2 -I/home/bita/Project/duckdb-polr/third_party/miniz -I/home/bita/Project/duckdb-polr/third_party/utf8proc/include -I/home/bita/Project/duckdb-polr/third_party/miniparquet -I/home/bita/Project/duckdb-polr/third_party/concurrentqueue -I/home/bita/Project/duckdb-polr/third_party/pcg -I/home/bita/Project/duckdb-polr/third_party/tdigest -I/home/bita/Project/duckdb-polr/third_party/mbedtls/include -I/home/bita/Project/duckdb-polr/third_party/jaro_winkler -I/home/bita/Project/duckdb-polr/tools/sqlite3_api_wrapper/include -O3 -DNDEBUG -O3 -DNDEBUG   -fPIC -fdiagnostics-color=always -MD -MT tools/sqlite3_api_wrapper/sqlite3/CMakeFiles/sqlite3_api_wrapper_sqlite3.dir/printf.c.o -MF tools/sqlite3_api_wrapper/sqlite3/CMakeFiles/sqlite3_api_wrapper_sqlite3.dir/printf.c.o.d -o tools/sqlite3_api_wrapper/sqlite3/CMakeFiles/sqlite3_api_wrapper_sqlite3.dir/printf.c.o -c /home/bita/Project/duckdb-polr/tools/sqlite3_api_wrapper/sqlite3/printf.c
[114/376] /usr/bin/cc -DDUCKDB_BUILD_LIBRARY -DENABLE_CROSS_PRODUCT_REWRITE=0 -DENABLE_DEBUG_PRINT=0 -DENABLE_MEASURE_EXE_TIME=0 -DENABLE_MERGE_BACK_PLAN=0 -DENABLE_PARALLEL_EXECUTION=0 -DENABLE_QUERY_SPLIT=0 -DENABLE_SPECIFY_EST_STAT=0 -DUSE_DUCKDB_SHELL_WRAPPER -I/home/bita/Project/duckdb-polr/src/include -I/home/bita/Project/duckdb-polr/third_party/fsst -I/home/bita/Project/duckdb-polr/third_party/fmt/include -I/home/bita/Project/duckdb-polr/third_party/hyperloglog -I/home/bita/Project/duckdb-polr/third_party/fastpforlib -I/home/bita/Project/duckdb-polr/third_party/fast_float -I/home/bita/Project/duckdb-polr/third_party/re2 -I/home/bita/Project/duckdb-polr/third_party/miniz -I/home/bita/Project/duckdb-polr/third_party/utf8proc/include -I/home/bita/Project/duckdb-polr/third_party/miniparquet -I/home/bita/Project/duckdb-polr/third_party/concurrentqueue -I/home/bita/Project/duckdb-polr/third_party/pcg -I/home/bita/Project/duckdb-polr/third_party/tdigest -I/home/bita/Project/duckdb-polr/third_party/mbedtls/include -I/home/bita/Project/duckdb-polr/third_party/jaro_winkler -I/home/bita/Project/duckdb-polr/tools/sqlite3_api_wrapper/include -O3 -DNDEBUG -O3 -DNDEBUG   -fPIC -fdiagnostics-color=always -MD -MT tools/sqlite3_api_wrapper/sqlite3/CMakeFiles/sqlite3_api_wrapper_sqlite3.dir/strglob.c.o -MF tools/sqlite3_api_wrapper/sqlite3/CMakeFiles/sqlite3_api_wrapper_sqlite3.dir/strglob.c.o.d -o tools/sqlite3_api_wrapper/sqlite3/CMakeFiles/sqlite3_api_wrapper_sqlite3.dir/strglob.c.o -c /home/bita/Project/duckdb-polr/tools/sqlite3_api_wrapper/sqlite3/strglob.c
[115/376] /usr/bin/c++ -DDUCKDB -DDUCKDB_BUILD_LIBRARY -DDUCKDB_MAIN_LIBRARY -DENABLE_CROSS_PRODUCT_REWRITE=0 -DENABLE_DEBUG_PRINT=0 -DENABLE_MEASURE_EXE_TIME=0 -DENABLE_MERGE_BACK_PLAN=0 -DENABLE_PARALLEL_EXECUTION=0 -DENABLE_QUERY_SPLIT=0 -DENABLE_SPECIFY_EST_STAT=0 -I/home/bita/Project/duckdb-polr/src/include -I/home/bita/Project/duckdb-polr/third_party/fsst -I/home/bita/Project/duckdb-polr/third_party/fmt/include -I/home/bita/Project/duckdb-polr/third_party/hyperloglog -I/home/bita/Project/duckdb-polr/third_party/fastpforlib -I/home/bita/Project/duckdb-polr/third_party/fast_float -I/home/bita/Project/duckdb-polr/third_party/re2 -I/home/bita/Project/duckdb-polr/third_party/miniz -I/home/bita/Project/duckdb-polr/third_party/utf8proc/include -I/home/bita/Project/duckdb-polr/third_party/miniparquet -I/home/bita/Project/duckdb-polr/third_party/concurrentqueue -I/home/bita/Project/duckdb-polr/third_party/pcg -I/home/bita/Project/duckdb-polr/third_party/tdigest -I/home/bita/Project/duckdb-polr/third_party/mbedtls/include -I/home/bita/Project/duckdb-polr/third_party/jaro_winkler -O3 -DNDEBUG -O3 -DNDEBUG   -fPIC -fdiagnostics-color=always -std=c++11 -MD -MT src/transaction/CMakeFiles/duckdb_transaction.dir/ub_duckdb_transaction.cpp.o -MF src/transaction/CMakeFiles/duckdb_transaction.dir/ub_duckdb_transaction.cpp.o.d -o src/transaction/CMakeFiles/duckdb_transaction.dir/ub_duckdb_transaction.cpp.o -c /home/bita/Project/duckdb-polr/build/release/src/transaction/ub_duckdb_transaction.cpp
[116/376] /usr/bin/c++ -DBUILD_JEMALLOC_EXTENSION=ON -DBUILD_PARQUET_EXTENSION=TRUE -DDUCKDB_BUILD_LIBRARY -DENABLE_CROSS_PRODUCT_REWRITE=0 -DENABLE_DEBUG_PRINT=0 -DENABLE_MEASURE_EXE_TIME=0 -DENABLE_MERGE_BACK_PLAN=0 -DENABLE_PARALLEL_EXECUTION=0 -DENABLE_QUERY_SPLIT=0 -DENABLE_SPECIFY_EST_STAT=0 -DSQLITE_SHELL_IS_UTF8 -DUSE_DUCKDB_SHELL_WRAPPER -I/home/bita/Project/duckdb-polr/src/include -I/home/bita/Project/duckdb-polr/third_party/fsst -I/home/bita/Project/duckdb-polr/third_party/fmt/include -I/home/bita/Project/duckdb-polr/third_party/hyperloglog -I/home/bita/Project/duckdb-polr/third_party/fastpforlib -I/home/bita/Project/duckdb-polr/third_party/fast_float -I/home/bita/Project/duckdb-polr/third_party/re2 -I/home/bita/Project/duckdb-polr/third_party/miniz -I/home/bita/Project/duckdb-polr/third_party/utf8proc/include -I/home/bita/Project/duckdb-polr/third_party/miniparquet -I/home/bita/Project/duckdb-polr/third_party/concurrentqueue -I/home/bita/Project/duckdb-polr/third_party/pcg -I/home/bita/Project/duckdb-polr/third_party/tdigest -I/home/bita/Project/duckdb-polr/third_party/mbedtls/include -I/home/bita/Project/duckdb-polr/third_party/jaro_winkler -I/home/bita/Project/duckdb-polr/tools/sqlite3_api_wrapper/include -I/home/bita/Project/duckdb-polr/tools/sqlite3_api_wrapper/sqlite3_udf_api/include -I/home/bita/Project/duckdb-polr/extension -I/home/bita/Project/duckdb-polr/extension/parquet/include -I/home/bita/Project/duckdb-polr/extension/jemalloc/include -I/home/bita/Project/duckdb-polr/tools/sqlite3_api_wrapper/../../third_party/utf8proc/include -I/home/bita/Project/duckdb-polr/tools/sqlite3_api_wrapper/../../third_party/catch -I/home/bita/Project/duckdb-polr/tools/sqlite3_api_wrapper/test/include -I/home/bita/Project/duckdb-polr/third_party/libpg_query/include -O3 -DNDEBUG -O3 -DNDEBUG   -fPIC -fdiagnostics-color=always -std=c++11 -MD -MT tools/sqlite3_api_wrapper/CMakeFiles/sqlite3_api_wrapper_static.dir/sqlite3_api_wrapper.cpp.o -MF tools/sqlite3_api_wrapper/CMakeFiles/sqlite3_api_wrapper_static.dir/sqlite3_api_wrapper.cpp.o.d -o tools/sqlite3_api_wrapper/CMakeFiles/sqlite3_api_wrapper_static.dir/sqlite3_api_wrapper.cpp.o -c /home/bita/Project/duckdb-polr/tools/sqlite3_api_wrapper/sqlite3_api_wrapper.cpp
[117/376] /usr/bin/c++ -DBUILD_JEMALLOC_EXTENSION=ON -DBUILD_PARQUET_EXTENSION=TRUE -DDUCKDB_BUILD_LIBRARY -DENABLE_CROSS_PRODUCT_REWRITE=0 -DENABLE_DEBUG_PRINT=0 -DENABLE_MEASURE_EXE_TIME=0 -DENABLE_MERGE_BACK_PLAN=0 -DENABLE_PARALLEL_EXECUTION=0 -DENABLE_QUERY_SPLIT=0 -DENABLE_SPECIFY_EST_STAT=0 -DSQLITE_SHELL_IS_UTF8 -DUSE_DUCKDB_SHELL_WRAPPER -Dsqlite3_api_wrapper_EXPORTS -I/home/bita/Project/duckdb-polr/src/include -I/home/bita/Project/duckdb-polr/third_party/fsst -I/home/bita/Project/duckdb-polr/third_party/fmt/include -I/home/bita/Project/duckdb-polr/third_party/hyperloglog -I/home/bita/Project/duckdb-polr/third_party/fastpforlib -I/home/bita/Project/duckdb-polr/third_party/fast_float -I/home/bita/Project/duckdb-polr/third_party/re2 -I/home/bita/Project/duckdb-polr/third_party/miniz -I/home/bita/Project/duckdb-polr/third_party/utf8proc/include -I/home/bita/Project/duckdb-polr/third_party/miniparquet -I/home/bita/Project/duckdb-polr/third_party/concurrentqueue -I/home/bita/Project/duckdb-polr/third_party/pcg -I/home/bita/Project/duckdb-polr/third_party/tdigest -I/home/bita/Project/duckdb-polr/third_party/mbedtls/include -I/home/bita/Project/duckdb-polr/third_party/jaro_winkler -I/home/bita/Project/duckdb-polr/tools/sqlite3_api_wrapper/include -I/home/bita/Project/duckdb-polr/tools/sqlite3_api_wrapper/sqlite3_udf_api/include -I/home/bita/Project/duckdb-polr/extension -I/home/bita/Project/duckdb-polr/extension/parquet/include -I/home/bita/Project/duckdb-polr/extension/jemalloc/include -I/home/bita/Project/duckdb-polr/tools/sqlite3_api_wrapper/../../third_party/utf8proc/include -I/home/bita/Project/duckdb-polr/tools/sqlite3_api_wrapper/../../third_party/catch -I/home/bita/Project/duckdb-polr/tools/sqlite3_api_wrapper/test/include -I/home/bita/Project/duckdb-polr/third_party/libpg_query/include -O3 -DNDEBUG -O3 -DNDEBUG   -fPIC -fdiagnostics-color=always -std=c++11 -MD -MT tools/sqlite3_api_wrapper/CMakeFiles/sqlite3_api_wrapper.dir/sqlite3_api_wrapper.cpp.o -MF tools/sqlite3_api_wrapper/CMakeFiles/sqlite3_api_wrapper.dir/sqlite3_api_wrapper.cpp.o.d -o tools/sqlite3_api_wrapper/CMakeFiles/sqlite3_api_wrapper.dir/sqlite3_api_wrapper.cpp.o -c /home/bita/Project/duckdb-polr/tools/sqlite3_api_wrapper/sqlite3_api_wrapper.cpp
[118/376] /usr/bin/c++ -DBUILD_JEMALLOC_EXTENSION=ON -DBUILD_PARQUET_EXTENSION=TRUE -DDUCKDB_BUILD_LIBRARY -DENABLE_CROSS_PRODUCT_REWRITE=0 -DENABLE_DEBUG_PRINT=0 -DENABLE_MEASURE_EXE_TIME=0 -DENABLE_MERGE_BACK_PLAN=0 -DENABLE_PARALLEL_EXECUTION=0 -DENABLE_QUERY_SPLIT=0 -DENABLE_SPECIFY_EST_STAT=0 -DSQLITE_SHELL_IS_UTF8 -DUSE_DUCKDB_SHELL_WRAPPER -I/home/bita/Project/duckdb-polr/src/include -I/home/bita/Project/duckdb-polr/third_party/fsst -I/home/bita/Project/duckdb-polr/third_party/fmt/include -I/home/bita/Project/duckdb-polr/third_party/hyperloglog -I/home/bita/Project/duckdb-polr/third_party/fastpforlib -I/home/bita/Project/duckdb-polr/third_party/fast_float -I/home/bita/Project/duckdb-polr/third_party/re2 -I/home/bita/Project/duckdb-polr/third_party/miniz -I/home/bita/Project/duckdb-polr/third_party/utf8proc/include -I/home/bita/Project/duckdb-polr/third_party/miniparquet -I/home/bita/Project/duckdb-polr/third_party/concurrentqueue -I/home/bita/Project/duckdb-polr/third_party/pcg -I/home/bita/Project/duckdb-polr/third_party/tdigest -I/home/bita/Project/duckdb-polr/third_party/mbedtls/include -I/home/bita/Project/duckdb-polr/third_party/jaro_winkler -I/home/bita/Project/duckdb-polr/tools/sqlite3_api_wrapper/include -I/home/bita/Project/duckdb-polr/tools/sqlite3_api_wrapper/sqlite3_udf_api/include -I/home/bita/Project/duckdb-polr/extension -I/home/bita/Project/duckdb-polr/extension/parquet/include -I/home/bita/Project/duckdb-polr/extension/jemalloc/include -I/home/bita/Project/duckdb-polr/tools/sqlite3_api_wrapper/../../third_party/utf8proc/include -I/home/bita/Project/duckdb-polr/tools/sqlite3_api_wrapper/../../third_party/catch -I/home/bita/Project/duckdb-polr/tools/sqlite3_api_wrapper/test/include -I/home/bita/Project/duckdb-polr/third_party/libpg_query/include -O3 -DNDEBUG -O3 -DNDEBUG   -fPIC -fdiagnostics-color=always -std=c++11 -MD -MT tools/sqlite3_api_wrapper/CMakeFiles/sqlite3_api_wrapper_static.dir/sql_auto_complete_extension.cpp.o -MF tools/sqlite3_api_wrapper/CMakeFiles/sqlite3_api_wrapper_static.dir/sql_auto_complete_extension.cpp.o.d -o tools/sqlite3_api_wrapper/CMakeFiles/sqlite3_api_wrapper_static.dir/sql_auto_complete_extension.cpp.o -c /home/bita/Project/duckdb-polr/tools/sqlite3_api_wrapper/sql_auto_complete_extension.cpp
[119/376] /usr/bin/c++ -DDUCKDB_BUILD_LIBRARY -DENABLE_CROSS_PRODUCT_REWRITE=0 -DENABLE_DEBUG_PRINT=0 -DENABLE_MEASURE_EXE_TIME=0 -DENABLE_MERGE_BACK_PLAN=0 -DENABLE_PARALLEL_EXECUTION=0 -DENABLE_QUERY_SPLIT=0 -DENABLE_SPECIFY_EST_STAT=0 -I/home/bita/Project/duckdb-polr/src/include -I/home/bita/Project/duckdb-polr/third_party/fsst -I/home/bita/Project/duckdb-polr/third_party/fmt/include -I/home/bita/Project/duckdb-polr/third_party/hyperloglog -I/home/bita/Project/duckdb-polr/third_party/fastpforlib -I/home/bita/Project/duckdb-polr/third_party/fast_float -I/home/bita/Project/duckdb-polr/third_party/re2 -I/home/bita/Project/duckdb-polr/third_party/miniz -I/home/bita/Project/duckdb-polr/third_party/utf8proc/include -I/home/bita/Project/duckdb-polr/third_party/miniparquet -I/home/bita/Project/duckdb-polr/third_party/concurrentqueue -I/home/bita/Project/duckdb-polr/third_party/pcg -I/home/bita/Project/duckdb-polr/third_party/tdigest -I/home/bita/Project/duckdb-polr/third_party/mbedtls/include -I/home/bita/Project/duckdb-polr/third_party/jaro_winkler -I/home/bita/Project/duckdb-polr/tools/sqlite3_api_wrapper/include -I/home/bita/Project/duckdb-polr/tools/sqlite3_api_wrapper/sqlite3_udf_api/include -O3 -DNDEBUG -O3 -DNDEBUG   -fPIC -fdiagnostics-color=always -std=c++11 -MD -MT tools/sqlite3_api_wrapper/sqlite3_udf_api/CMakeFiles/sqlite3_udf_api.dir/sqlite3_udf_wrapper.cpp.o -MF tools/sqlite3_api_wrapper/sqlite3_udf_api/CMakeFiles/sqlite3_udf_api.dir/sqlite3_udf_wrapper.cpp.o.d -o tools/sqlite3_api_wrapper/sqlite3_udf_api/CMakeFiles/sqlite3_udf_api.dir/sqlite3_udf_wrapper.cpp.o -c /home/bita/Project/duckdb-polr/tools/sqlite3_api_wrapper/sqlite3_udf_api/sqlite3_udf_wrapper.cpp
[120/376] /usr/bin/c++ -DDUCKDB_BUILD_LIBRARY -DENABLE_CROSS_PRODUCT_REWRITE=0 -DENABLE_DEBUG_PRINT=0 -DENABLE_MEASURE_EXE_TIME=0 -DENABLE_MERGE_BACK_PLAN=0 -DENABLE_PARALLEL_EXECUTION=0 -DENABLE_QUERY_SPLIT=0 -DENABLE_SPECIFY_EST_STAT=0 -I/home/bita/Project/duckdb-polr/src/include -I/home/bita/Project/duckdb-polr/third_party/fsst -I/home/bita/Project/duckdb-polr/third_party/fmt/include -I/home/bita/Project/duckdb-polr/third_party/hyperloglog -I/home/bita/Project/duckdb-polr/third_party/fastpforlib -I/home/bita/Project/duckdb-polr/third_party/fast_float -I/home/bita/Project/duckdb-polr/third_party/re2 -I/home/bita/Project/duckdb-polr/third_party/miniz -I/home/bita/Project/duckdb-polr/third_party/utf8proc/include -I/home/bita/Project/duckdb-polr/third_party/miniparquet -I/home/bita/Project/duckdb-polr/third_party/concurrentqueue -I/home/bita/Project/duckdb-polr/third_party/pcg -I/home/bita/Project/duckdb-polr/third_party/tdigest -I/home/bita/Project/duckdb-polr/third_party/mbedtls/include -I/home/bita/Project/duckdb-polr/third_party/jaro_winkler -I/home/bita/Project/duckdb-polr/tools/sqlite3_api_wrapper/include -I/home/bita/Project/duckdb-polr/tools/sqlite3_api_wrapper/sqlite3_udf_api/include -O3 -DNDEBUG -O3 -DNDEBUG   -fPIC -fdiagnostics-color=always -std=c++11 -MD -MT tools/sqlite3_api_wrapper/sqlite3_udf_api/CMakeFiles/sqlite3_udf_api.dir/cast_sqlite.cpp.o -MF tools/sqlite3_api_wrapper/sqlite3_udf_api/CMakeFiles/sqlite3_udf_api.dir/cast_sqlite.cpp.o.d -o tools/sqlite3_api_wrapper/sqlite3_udf_api/CMakeFiles/sqlite3_udf_api.dir/cast_sqlite.cpp.o -c /home/bita/Project/duckdb-polr/tools/sqlite3_api_wrapper/sqlite3_udf_api/cast_sqlite.cpp
[121/376] /usr/bin/c++ -DBUILD_JEMALLOC_EXTENSION=ON -DBUILD_PARQUET_EXTENSION=TRUE -DDUCKDB_BUILD_LIBRARY -DENABLE_CROSS_PRODUCT_REWRITE=0 -DENABLE_DEBUG_PRINT=0 -DENABLE_MEASURE_EXE_TIME=0 -DENABLE_MERGE_BACK_PLAN=0 -DENABLE_PARALLEL_EXECUTION=0 -DENABLE_QUERY_SPLIT=0 -DENABLE_SPECIFY_EST_STAT=0 -DSQLITE_SHELL_IS_UTF8 -DUSE_DUCKDB_SHELL_WRAPPER -Dsqlite3_api_wrapper_EXPORTS -I/home/bita/Project/duckdb-polr/src/include -I/home/bita/Project/duckdb-polr/third_party/fsst -I/home/bita/Project/duckdb-polr/third_party/fmt/include -I/home/bita/Project/duckdb-polr/third_party/hyperloglog -I/home/bita/Project/duckdb-polr/third_party/fastpforlib -I/home/bita/Project/duckdb-polr/third_party/fast_float -I/home/bita/Project/duckdb-polr/third_party/re2 -I/home/bita/Project/duckdb-polr/third_party/miniz -I/home/bita/Project/duckdb-polr/third_party/utf8proc/include -I/home/bita/Project/duckdb-polr/third_party/miniparquet -I/home/bita/Project/duckdb-polr/third_party/concurrentqueue -I/home/bita/Project/duckdb-polr/third_party/pcg -I/home/bita/Project/duckdb-polr/third_party/tdigest -I/home/bita/Project/duckdb-polr/third_party/mbedtls/include -I/home/bita/Project/duckdb-polr/third_party/jaro_winkler -I/home/bita/Project/duckdb-polr/tools/sqlite3_api_wrapper/include -I/home/bita/Project/duckdb-polr/tools/sqlite3_api_wrapper/sqlite3_udf_api/include -I/home/bita/Project/duckdb-polr/extension -I/home/bita/Project/duckdb-polr/extension/parquet/include -I/home/bita/Project/duckdb-polr/extension/jemalloc/include -I/home/bita/Project/duckdb-polr/tools/sqlite3_api_wrapper/../../third_party/utf8proc/include -I/home/bita/Project/duckdb-polr/tools/sqlite3_api_wrapper/../../third_party/catch -I/home/bita/Project/duckdb-polr/tools/sqlite3_api_wrapper/test/include -I/home/bita/Project/duckdb-polr/third_party/libpg_query/include -O3 -DNDEBUG -O3 -DNDEBUG   -fPIC -fdiagnostics-color=always -std=c++11 -MD -MT tools/sqlite3_api_wrapper/CMakeFiles/sqlite3_api_wrapper.dir/sql_auto_complete_extension.cpp.o -MF tools/sqlite3_api_wrapper/CMakeFiles/sqlite3_api_wrapper.dir/sql_auto_complete_extension.cpp.o.d -o tools/sqlite3_api_wrapper/CMakeFiles/sqlite3_api_wrapper.dir/sql_auto_complete_extension.cpp.o -c /home/bita/Project/duckdb-polr/tools/sqlite3_api_wrapper/sql_auto_complete_extension.cpp
[122/376] /usr/bin/c++ -DDUCKDB -DDUCKDB_BUILD_LIBRARY -DDUCKDB_MAIN_LIBRARY -DENABLE_CROSS_PRODUCT_REWRITE=0 -DENABLE_DEBUG_PRINT=0 -DENABLE_MEASURE_EXE_TIME=0 -DENABLE_MERGE_BACK_PLAN=0 -DENABLE_PARALLEL_EXECUTION=0 -DENABLE_QUERY_SPLIT=0 -DENABLE_SPECIFY_EST_STAT=0 -I/home/bita/Project/duckdb-polr/src/include -I/home/bita/Project/duckdb-polr/third_party/fsst -I/home/bita/Project/duckdb-polr/third_party/fmt/include -I/home/bita/Project/duckdb-polr/third_party/hyperloglog -I/home/bita/Project/duckdb-polr/third_party/fastpforlib -I/home/bita/Project/duckdb-polr/third_party/fast_float -I/home/bita/Project/duckdb-polr/third_party/re2 -I/home/bita/Project/duckdb-polr/third_party/miniz -I/home/bita/Project/duckdb-polr/third_party/utf8proc/include -I/home/bita/Project/duckdb-polr/third_party/miniparquet -I/home/bita/Project/duckdb-polr/third_party/concurrentqueue -I/home/bita/Project/duckdb-polr/third_party/pcg -I/home/bita/Project/duckdb-polr/third_party/tdigest -I/home/bita/Project/duckdb-polr/third_party/mbedtls/include -I/home/bita/Project/duckdb-polr/third_party/jaro_winkler -O3 -DNDEBUG -O3 -DNDEBUG   -fPIC -fdiagnostics-color=always -std=c++11 -MD -MT src/storage/CMakeFiles/duckdb_storage.dir/ub_duckdb_storage.cpp.o -MF src/storage/CMakeFiles/duckdb_storage.dir/ub_duckdb_storage.cpp.o.d -o src/storage/CMakeFiles/duckdb_storage.dir/ub_duckdb_storage.cpp.o -c /home/bita/Project/duckdb-polr/build/release/src/storage/ub_duckdb_storage.cpp
[123/376] /usr/bin/c++ -DDUCKDB_BUILD_LIBRARY -DENABLE_CROSS_PRODUCT_REWRITE=0 -DENABLE_DEBUG_PRINT=0 -DENABLE_MEASURE_EXE_TIME=0 -DENABLE_MERGE_BACK_PLAN=0 -DENABLE_PARALLEL_EXECUTION=0 -DENABLE_QUERY_SPLIT=0 -DENABLE_SPECIFY_EST_STAT=0 -DHAVE_LINENOISE=1 -DSQLITE_OMIT_LOAD_EXTENSION=1 -I/home/bita/Project/duckdb-polr/src/include -I/home/bita/Project/duckdb-polr/third_party/fsst -I/home/bita/Project/duckdb-polr/third_party/fmt/include -I/home/bita/Project/duckdb-polr/third_party/hyperloglog -I/home/bita/Project/duckdb-polr/third_party/fastpforlib -I/home/bita/Project/duckdb-polr/third_party/fast_float -I/home/bita/Project/duckdb-polr/third_party/re2 -I/home/bita/Project/duckdb-polr/third_party/miniz -I/home/bita/Project/duckdb-polr/third_party/utf8proc/include -I/home/bita/Project/duckdb-polr/third_party/miniparquet -I/home/bita/Project/duckdb-polr/third_party/concurrentqueue -I/home/bita/Project/duckdb-polr/third_party/pcg -I/home/bita/Project/duckdb-polr/third_party/tdigest -I/home/bita/Project/duckdb-polr/third_party/mbedtls/include -I/home/bita/Project/duckdb-polr/third_party/jaro_winkler -I/home/bita/Project/duckdb-polr/tools/shell/../../third_party/utf8proc/include -I/home/bita/Project/duckdb-polr/tools/shell/include -I/home/bita/Project/duckdb-polr/tools/shell/../sqlite3_api_wrapper/include -I/home/bita/Project/duckdb-polr/third_party/libpg_query/include -O3 -DNDEBUG -O3 -DNDEBUG   -fPIE -fdiagnostics-color=always -std=c++11 -MD -MT tools/shell/CMakeFiles/shell.dir/linenoise.cpp.o -MF tools/shell/CMakeFiles/shell.dir/linenoise.cpp.o.d -o tools/shell/CMakeFiles/shell.dir/linenoise.cpp.o -c /home/bita/Project/duckdb-polr/tools/shell/linenoise.cpp
[124/376] /usr/bin/c++ -DBUILD_JEMALLOC_EXTENSION=ON -DBUILD_PARQUET_EXTENSION=TRUE -DDUCKDB_BUILD_LIBRARY -DENABLE_CROSS_PRODUCT_REWRITE=0 -DENABLE_DEBUG_PRINT=0 -DENABLE_MEASURE_EXE_TIME=0 -DENABLE_MERGE_BACK_PLAN=0 -DENABLE_PARALLEL_EXECUTION=0 -DENABLE_QUERY_SPLIT=0 -DENABLE_SPECIFY_EST_STAT=0 -DSQLITE_SHELL_IS_UTF8 -DUSE_DUCKDB_SHELL_WRAPPER -I/home/bita/Project/duckdb-polr/src/include -I/home/bita/Project/duckdb-polr/third_party/fsst -I/home/bita/Project/duckdb-polr/third_party/fmt/include -I/home/bita/Project/duckdb-polr/third_party/hyperloglog -I/home/bita/Project/duckdb-polr/third_party/fastpforlib -I/home/bita/Project/duckdb-polr/third_party/fast_float -I/home/bita/Project/duckdb-polr/third_party/re2 -I/home/bita/Project/duckdb-polr/third_party/miniz -I/home/bita/Project/duckdb-polr/third_party/utf8proc/include -I/home/bita/Project/duckdb-polr/third_party/miniparquet -I/home/bita/Project/duckdb-polr/third_party/concurrentqueue -I/home/bita/Project/duckdb-polr/third_party/pcg -I/home/bita/Project/duckdb-polr/third_party/tdigest -I/home/bita/Project/duckdb-polr/third_party/mbedtls/include -I/home/bita/Project/duckdb-polr/third_party/jaro_winkler -I/home/bita/Project/duckdb-polr/tools/sqlite3_api_wrapper/include -I/home/bita/Project/duckdb-polr/tools/sqlite3_api_wrapper/sqlite3_udf_api/include -I/home/bita/Project/duckdb-polr/extension -I/home/bita/Project/duckdb-polr/extension/parquet/include -I/home/bita/Project/duckdb-polr/extension/jemalloc/include -I/home/bita/Project/duckdb-polr/tools/sqlite3_api_wrapper/../../third_party/utf8proc/include -I/home/bita/Project/duckdb-polr/tools/sqlite3_api_wrapper/../../third_party/catch -I/home/bita/Project/duckdb-polr/tools/sqlite3_api_wrapper/test/include -I/home/bita/Project/duckdb-polr/third_party/libpg_query/include -O3 -DNDEBUG -O3 -DNDEBUG   -fPIE -fdiagnostics-color=always -std=c++11 -MD -MT tools/sqlite3_api_wrapper/CMakeFiles/test_sqlite3_api_wrapper.dir/test/test_sqlite3_udf_api_wrapper.cpp.o -MF tools/sqlite3_api_wrapper/CMakeFiles/test_sqlite3_api_wrapper.dir/test/test_sqlite3_udf_api_wrapper.cpp.o.d -o tools/sqlite3_api_wrapper/CMakeFiles/test_sqlite3_api_wrapper.dir/test/test_sqlite3_udf_api_wrapper.cpp.o -c /home/bita/Project/duckdb-polr/tools/sqlite3_api_wrapper/test/test_sqlite3_udf_api_wrapper.cpp
[125/376] /usr/bin/c++ -DDUCKDB_BUILD_LIBRARY -DENABLE_CROSS_PRODUCT_REWRITE=0 -DENABLE_DEBUG_PRINT=0 -DENABLE_MEASURE_EXE_TIME=0 -DENABLE_MERGE_BACK_PLAN=0 -DENABLE_PARALLEL_EXECUTION=0 -DENABLE_QUERY_SPLIT=0 -DENABLE_SPECIFY_EST_STAT=0 -I/home/bita/Project/duckdb-polr/src/include -I/home/bita/Project/duckdb-polr/third_party/fsst -I/home/bita/Project/duckdb-polr/third_party/fmt/include -I/home/bita/Project/duckdb-polr/third_party/hyperloglog -I/home/bita/Project/duckdb-polr/third_party/fastpforlib -I/home/bita/Project/duckdb-polr/third_party/fast_float -I/home/bita/Project/duckdb-polr/third_party/re2 -I/home/bita/Project/duckdb-polr/third_party/miniz -I/home/bita/Project/duckdb-polr/third_party/utf8proc/include -I/home/bita/Project/duckdb-polr/third_party/miniparquet -I/home/bita/Project/duckdb-polr/third_party/concurrentqueue -I/home/bita/Project/duckdb-polr/third_party/pcg -I/home/bita/Project/duckdb-polr/third_party/tdigest -I/home/bita/Project/duckdb-polr/third_party/mbedtls/include -I/home/bita/Project/duckdb-polr/third_party/jaro_winkler -I/home/bita/Project/duckdb-polr/extension/parquet/include -I/home/bita/Project/duckdb-polr/extension/parquet/../../third_party/parquet -I/home/bita/Project/duckdb-polr/extension/parquet/../../third_party/snappy -I/home/bita/Project/duckdb-polr/extension/parquet/../../third_party/miniz -I/home/bita/Project/duckdb-polr/extension/parquet/../../third_party/thrift -I/home/bita/Project/duckdb-polr/extension/parquet/../../third_party/zstd/include -O3 -DNDEBUG -O3 -DNDEBUG   -fPIC -fdiagnostics-color=always -std=c++11 -MD -MT extension/parquet/CMakeFiles/parquet_extension.dir/parquet_timestamp.cpp.o -MF extension/parquet/CMakeFiles/parquet_extension.dir/parquet_timestamp.cpp.o.d -o extension/parquet/CMakeFiles/parquet_extension.dir/parquet_timestamp.cpp.o -c /home/bita/Project/duckdb-polr/extension/parquet/parquet_timestamp.cpp
[126/376] /usr/bin/c++ -DDUCKDB -DDUCKDB_BUILD_LIBRARY -DDUCKDB_MAIN_LIBRARY -DENABLE_CROSS_PRODUCT_REWRITE=0 -DENABLE_DEBUG_PRINT=0 -DENABLE_MEASURE_EXE_TIME=0 -DENABLE_MERGE_BACK_PLAN=0 -DENABLE_PARALLEL_EXECUTION=0 -DENABLE_QUERY_SPLIT=0 -DENABLE_SPECIFY_EST_STAT=0 -I/home/bita/Project/duckdb-polr/src/include -I/home/bita/Project/duckdb-polr/third_party/fsst -I/home/bita/Project/duckdb-polr/third_party/fmt/include -I/home/bita/Project/duckdb-polr/third_party/hyperloglog -I/home/bita/Project/duckdb-polr/third_party/fastpforlib -I/home/bita/Project/duckdb-polr/third_party/fast_float -I/home/bita/Project/duckdb-polr/third_party/re2 -I/home/bita/Project/duckdb-polr/third_party/miniz -I/home/bita/Project/duckdb-polr/third_party/utf8proc/include -I/home/bita/Project/duckdb-polr/third_party/miniparquet -I/home/bita/Project/duckdb-polr/third_party/concurrentqueue -I/home/bita/Project/duckdb-polr/third_party/pcg -I/home/bita/Project/duckdb-polr/third_party/tdigest -I/home/bita/Project/duckdb-polr/third_party/mbedtls/include -I/home/bita/Project/duckdb-polr/third_party/jaro_winkler -O3 -DNDEBUG -O3 -DNDEBUG   -fPIC -fdiagnostics-color=always -std=c++11 -MD -MT src/storage/compression/CMakeFiles/duckdb_storage_compression.dir/ub_duckdb_storage_compression.cpp.o -MF src/storage/compression/CMakeFiles/duckdb_storage_compression.dir/ub_duckdb_storage_compression.cpp.o.d -o src/storage/compression/CMakeFiles/duckdb_storage_compression.dir/ub_duckdb_storage_compression.cpp.o -c /home/bita/Project/duckdb-polr/build/release/src/storage/compression/ub_duckdb_storage_compression.cpp
[127/376] /usr/bin/cc -DDUCKDB_BUILD_LIBRARY -DENABLE_CROSS_PRODUCT_REWRITE=0 -DENABLE_DEBUG_PRINT=0 -DENABLE_MEASURE_EXE_TIME=0 -DENABLE_MERGE_BACK_PLAN=0 -DENABLE_PARALLEL_EXECUTION=0 -DENABLE_QUERY_SPLIT=0 -DENABLE_SPECIFY_EST_STAT=0 -DHAVE_LINENOISE=1 -DSQLITE_OMIT_LOAD_EXTENSION=1 -I/home/bita/Project/duckdb-polr/src/include -I/home/bita/Project/duckdb-polr/third_party/fsst -I/home/bita/Project/duckdb-polr/third_party/fmt/include -I/home/bita/Project/duckdb-polr/third_party/hyperloglog -I/home/bita/Project/duckdb-polr/third_party/fastpforlib -I/home/bita/Project/duckdb-polr/third_party/fast_float -I/home/bita/Project/duckdb-polr/third_party/re2 -I/home/bita/Project/duckdb-polr/third_party/miniz -I/home/bita/Project/duckdb-polr/third_party/utf8proc/include -I/home/bita/Project/duckdb-polr/third_party/miniparquet -I/home/bita/Project/duckdb-polr/third_party/concurrentqueue -I/home/bita/Project/duckdb-polr/third_party/pcg -I/home/bita/Project/duckdb-polr/third_party/tdigest -I/home/bita/Project/duckdb-polr/third_party/mbedtls/include -I/home/bita/Project/duckdb-polr/third_party/jaro_winkler -I/home/bita/Project/duckdb-polr/tools/shell/../../third_party/utf8proc/include -I/home/bita/Project/duckdb-polr/tools/shell/include -I/home/bita/Project/duckdb-polr/tools/shell/../sqlite3_api_wrapper/include -I/home/bita/Project/duckdb-polr/third_party/libpg_query/include -O3 -DNDEBUG -O3 -DNDEBUG   -fPIE -fdiagnostics-color=always -MD -MT tools/shell/CMakeFiles/shell.dir/shell.c.o -MF tools/shell/CMakeFiles/shell.dir/shell.c.o.d -o tools/shell/CMakeFiles/shell.dir/shell.c.o -c /home/bita/Project/duckdb-polr/tools/shell/shell.c
[128/376] /usr/bin/c++ -DDUCKDB_BUILD_LIBRARY -DENABLE_CROSS_PRODUCT_REWRITE=0 -DENABLE_DEBUG_PRINT=0 -DENABLE_MEASURE_EXE_TIME=0 -DENABLE_MERGE_BACK_PLAN=0 -DENABLE_PARALLEL_EXECUTION=0 -DENABLE_QUERY_SPLIT=0 -DENABLE_SPECIFY_EST_STAT=0 -I/home/bita/Project/duckdb-polr/src/include -I/home/bita/Project/duckdb-polr/third_party/fsst -I/home/bita/Project/duckdb-polr/third_party/fmt/include -I/home/bita/Project/duckdb-polr/third_party/hyperloglog -I/home/bita/Project/duckdb-polr/third_party/fastpforlib -I/home/bita/Project/duckdb-polr/third_party/fast_float -I/home/bita/Project/duckdb-polr/third_party/re2 -I/home/bita/Project/duckdb-polr/third_party/miniz -I/home/bita/Project/duckdb-polr/third_party/utf8proc/include -I/home/bita/Project/duckdb-polr/third_party/miniparquet -I/home/bita/Project/duckdb-polr/third_party/concurrentqueue -I/home/bita/Project/duckdb-polr/third_party/pcg -I/home/bita/Project/duckdb-polr/third_party/tdigest -I/home/bita/Project/duckdb-polr/third_party/mbedtls/include -I/home/bita/Project/duckdb-polr/third_party/jaro_winkler -I/home/bita/Project/duckdb-polr/extension/parquet/include -I/home/bita/Project/duckdb-polr/extension/parquet/../../third_party/parquet -I/home/bita/Project/duckdb-polr/extension/parquet/../../third_party/snappy -I/home/bita/Project/duckdb-polr/extension/parquet/../../third_party/miniz -I/home/bita/Project/duckdb-polr/extension/parquet/../../third_party/thrift -I/home/bita/Project/duckdb-polr/extension/parquet/../../third_party/zstd/include -O3 -DNDEBUG -O3 -DNDEBUG   -fPIC -fdiagnostics-color=always -std=c++11 -MD -MT extension/parquet/CMakeFiles/parquet_extension.dir/__/__/third_party/parquet/parquet_constants.cpp.o -MF extension/parquet/CMakeFiles/parquet_extension.dir/__/__/third_party/parquet/parquet_constants.cpp.o.d -o extension/parquet/CMakeFiles/parquet_extension.dir/__/__/third_party/parquet/parquet_constants.cpp.o -c /home/bita/Project/duckdb-polr/third_party/parquet/parquet_constants.cpp
[129/376] /usr/bin/c++ -DDUCKDB_BUILD_LIBRARY -DENABLE_CROSS_PRODUCT_REWRITE=0 -DENABLE_DEBUG_PRINT=0 -DENABLE_MEASURE_EXE_TIME=0 -DENABLE_MERGE_BACK_PLAN=0 -DENABLE_PARALLEL_EXECUTION=0 -DENABLE_QUERY_SPLIT=0 -DENABLE_SPECIFY_EST_STAT=0 -I/home/bita/Project/duckdb-polr/src/include -I/home/bita/Project/duckdb-polr/third_party/fsst -I/home/bita/Project/duckdb-polr/third_party/fmt/include -I/home/bita/Project/duckdb-polr/third_party/hyperloglog -I/home/bita/Project/duckdb-polr/third_party/fastpforlib -I/home/bita/Project/duckdb-polr/third_party/fast_float -I/home/bita/Project/duckdb-polr/third_party/re2 -I/home/bita/Project/duckdb-polr/third_party/miniz -I/home/bita/Project/duckdb-polr/third_party/utf8proc/include -I/home/bita/Project/duckdb-polr/third_party/miniparquet -I/home/bita/Project/duckdb-polr/third_party/concurrentqueue -I/home/bita/Project/duckdb-polr/third_party/pcg -I/home/bita/Project/duckdb-polr/third_party/tdigest -I/home/bita/Project/duckdb-polr/third_party/mbedtls/include -I/home/bita/Project/duckdb-polr/third_party/jaro_winkler -I/home/bita/Project/duckdb-polr/extension/parquet/include -I/home/bita/Project/duckdb-polr/extension/parquet/../../third_party/parquet -I/home/bita/Project/duckdb-polr/extension/parquet/../../third_party/snappy -I/home/bita/Project/duckdb-polr/extension/parquet/../../third_party/miniz -I/home/bita/Project/duckdb-polr/extension/parquet/../../third_party/thrift -I/home/bita/Project/duckdb-polr/extension/parquet/../../third_party/zstd/include -O3 -DNDEBUG -O3 -DNDEBUG   -fPIC -fdiagnostics-color=always -std=c++11 -MD -MT extension/parquet/CMakeFiles/parquet_extension.dir/parquet_statistics.cpp.o -MF extension/parquet/CMakeFiles/parquet_extension.dir/parquet_statistics.cpp.o.d -o extension/parquet/CMakeFiles/parquet_extension.dir/parquet_statistics.cpp.o -c /home/bita/Project/duckdb-polr/extension/parquet/parquet_statistics.cpp
[130/376] /usr/bin/c++ -DDUCKDB_BUILD_LIBRARY -DENABLE_CROSS_PRODUCT_REWRITE=0 -DENABLE_DEBUG_PRINT=0 -DENABLE_MEASURE_EXE_TIME=0 -DENABLE_MERGE_BACK_PLAN=0 -DENABLE_PARALLEL_EXECUTION=0 -DENABLE_QUERY_SPLIT=0 -DENABLE_SPECIFY_EST_STAT=0 -I/home/bita/Project/duckdb-polr/src/include -I/home/bita/Project/duckdb-polr/third_party/fsst -I/home/bita/Project/duckdb-polr/third_party/fmt/include -I/home/bita/Project/duckdb-polr/third_party/hyperloglog -I/home/bita/Project/duckdb-polr/third_party/fastpforlib -I/home/bita/Project/duckdb-polr/third_party/fast_float -I/home/bita/Project/duckdb-polr/third_party/re2 -I/home/bita/Project/duckdb-polr/third_party/miniz -I/home/bita/Project/duckdb-polr/third_party/utf8proc/include -I/home/bita/Project/duckdb-polr/third_party/miniparquet -I/home/bita/Project/duckdb-polr/third_party/concurrentqueue -I/home/bita/Project/duckdb-polr/third_party/pcg -I/home/bita/Project/duckdb-polr/third_party/tdigest -I/home/bita/Project/duckdb-polr/third_party/mbedtls/include -I/home/bita/Project/duckdb-polr/third_party/jaro_winkler -I/home/bita/Project/duckdb-polr/extension/parquet/include -I/home/bita/Project/duckdb-polr/extension/parquet/../../third_party/parquet -I/home/bita/Project/duckdb-polr/extension/parquet/../../third_party/snappy -I/home/bita/Project/duckdb-polr/extension/parquet/../../third_party/miniz -I/home/bita/Project/duckdb-polr/extension/parquet/../../third_party/thrift -I/home/bita/Project/duckdb-polr/extension/parquet/../../third_party/zstd/include -O3 -DNDEBUG -O3 -DNDEBUG   -fPIC -fdiagnostics-color=always -std=c++11 -MD -MT extension/parquet/CMakeFiles/parquet_extension.dir/__/__/third_party/thrift/thrift/protocol/TProtocol.cpp.o -MF extension/parquet/CMakeFiles/parquet_extension.dir/__/__/third_party/thrift/thrift/protocol/TProtocol.cpp.o.d -o extension/parquet/CMakeFiles/parquet_extension.dir/__/__/third_party/thrift/thrift/protocol/TProtocol.cpp.o -c /home/bita/Project/duckdb-polr/third_party/thrift/thrift/protocol/TProtocol.cpp
[131/376] /usr/bin/c++ -DDUCKDB_BUILD_LIBRARY -DENABLE_CROSS_PRODUCT_REWRITE=0 -DENABLE_DEBUG_PRINT=0 -DENABLE_MEASURE_EXE_TIME=0 -DENABLE_MERGE_BACK_PLAN=0 -DENABLE_PARALLEL_EXECUTION=0 -DENABLE_QUERY_SPLIT=0 -DENABLE_SPECIFY_EST_STAT=0 -I/home/bita/Project/duckdb-polr/src/include -I/home/bita/Project/duckdb-polr/third_party/fsst -I/home/bita/Project/duckdb-polr/third_party/fmt/include -I/home/bita/Project/duckdb-polr/third_party/hyperloglog -I/home/bita/Project/duckdb-polr/third_party/fastpforlib -I/home/bita/Project/duckdb-polr/third_party/fast_float -I/home/bita/Project/duckdb-polr/third_party/re2 -I/home/bita/Project/duckdb-polr/third_party/miniz -I/home/bita/Project/duckdb-polr/third_party/utf8proc/include -I/home/bita/Project/duckdb-polr/third_party/miniparquet -I/home/bita/Project/duckdb-polr/third_party/concurrentqueue -I/home/bita/Project/duckdb-polr/third_party/pcg -I/home/bita/Project/duckdb-polr/third_party/tdigest -I/home/bita/Project/duckdb-polr/third_party/mbedtls/include -I/home/bita/Project/duckdb-polr/third_party/jaro_winkler -I/home/bita/Project/duckdb-polr/extension/parquet/include -I/home/bita/Project/duckdb-polr/extension/parquet/../../third_party/parquet -I/home/bita/Project/duckdb-polr/extension/parquet/../../third_party/snappy -I/home/bita/Project/duckdb-polr/extension/parquet/../../third_party/miniz -I/home/bita/Project/duckdb-polr/extension/parquet/../../third_party/thrift -I/home/bita/Project/duckdb-polr/extension/parquet/../../third_party/zstd/include -O3 -DNDEBUG -O3 -DNDEBUG   -fPIC -fdiagnostics-color=always -std=c++11 -MD -MT extension/parquet/CMakeFiles/parquet_extension.dir/parquet_metadata.cpp.o -MF extension/parquet/CMakeFiles/parquet_extension.dir/parquet_metadata.cpp.o.d -o extension/parquet/CMakeFiles/parquet_extension.dir/parquet_metadata.cpp.o -c /home/bita/Project/duckdb-polr/extension/parquet/parquet_metadata.cpp
[132/376] /usr/bin/c++ -DDUCKDB_BUILD_LIBRARY -DENABLE_CROSS_PRODUCT_REWRITE=0 -DENABLE_DEBUG_PRINT=0 -DENABLE_MEASURE_EXE_TIME=0 -DENABLE_MERGE_BACK_PLAN=0 -DENABLE_PARALLEL_EXECUTION=0 -DENABLE_QUERY_SPLIT=0 -DENABLE_SPECIFY_EST_STAT=0 -I/home/bita/Project/duckdb-polr/src/include -I/home/bita/Project/duckdb-polr/third_party/fsst -I/home/bita/Project/duckdb-polr/third_party/fmt/include -I/home/bita/Project/duckdb-polr/third_party/hyperloglog -I/home/bita/Project/duckdb-polr/third_party/fastpforlib -I/home/bita/Project/duckdb-polr/third_party/fast_float -I/home/bita/Project/duckdb-polr/third_party/re2 -I/home/bita/Project/duckdb-polr/third_party/miniz -I/home/bita/Project/duckdb-polr/third_party/utf8proc/include -I/home/bita/Project/duckdb-polr/third_party/miniparquet -I/home/bita/Project/duckdb-polr/third_party/concurrentqueue -I/home/bita/Project/duckdb-polr/third_party/pcg -I/home/bita/Project/duckdb-polr/third_party/tdigest -I/home/bita/Project/duckdb-polr/third_party/mbedtls/include -I/home/bita/Project/duckdb-polr/third_party/jaro_winkler -I/home/bita/Project/duckdb-polr/extension/parquet/include -I/home/bita/Project/duckdb-polr/extension/parquet/../../third_party/parquet -I/home/bita/Project/duckdb-polr/extension/parquet/../../third_party/snappy -I/home/bita/Project/duckdb-polr/extension/parquet/../../third_party/miniz -I/home/bita/Project/duckdb-polr/extension/parquet/../../third_party/thrift -I/home/bita/Project/duckdb-polr/extension/parquet/../../third_party/zstd/include -O3 -DNDEBUG -O3 -DNDEBUG   -fPIC -fdiagnostics-color=always -std=c++11 -MD -MT extension/parquet/CMakeFiles/parquet_extension.dir/__/__/third_party/thrift/thrift/transport/TTransportException.cpp.o -MF extension/parquet/CMakeFiles/parquet_extension.dir/__/__/third_party/thrift/thrift/transport/TTransportException.cpp.o.d -o extension/parquet/CMakeFiles/parquet_extension.dir/__/__/third_party/thrift/thrift/transport/TTransportException.cpp.o -c /home/bita/Project/duckdb-polr/third_party/thrift/thrift/transport/TTransportException.cpp
[133/376] /usr/bin/c++ -DDUCKDB_BUILD_LIBRARY -DENABLE_CROSS_PRODUCT_REWRITE=0 -DENABLE_DEBUG_PRINT=0 -DENABLE_MEASURE_EXE_TIME=0 -DENABLE_MERGE_BACK_PLAN=0 -DENABLE_PARALLEL_EXECUTION=0 -DENABLE_QUERY_SPLIT=0 -DENABLE_SPECIFY_EST_STAT=0 -I/home/bita/Project/duckdb-polr/src/include -I/home/bita/Project/duckdb-polr/third_party/fsst -I/home/bita/Project/duckdb-polr/third_party/fmt/include -I/home/bita/Project/duckdb-polr/third_party/hyperloglog -I/home/bita/Project/duckdb-polr/third_party/fastpforlib -I/home/bita/Project/duckdb-polr/third_party/fast_float -I/home/bita/Project/duckdb-polr/third_party/re2 -I/home/bita/Project/duckdb-polr/third_party/miniz -I/home/bita/Project/duckdb-polr/third_party/utf8proc/include -I/home/bita/Project/duckdb-polr/third_party/miniparquet -I/home/bita/Project/duckdb-polr/third_party/concurrentqueue -I/home/bita/Project/duckdb-polr/third_party/pcg -I/home/bita/Project/duckdb-polr/third_party/tdigest -I/home/bita/Project/duckdb-polr/third_party/mbedtls/include -I/home/bita/Project/duckdb-polr/third_party/jaro_winkler -I/home/bita/Project/duckdb-polr/extension/parquet/include -I/home/bita/Project/duckdb-polr/extension/parquet/../../third_party/parquet -I/home/bita/Project/duckdb-polr/extension/parquet/../../third_party/snappy -I/home/bita/Project/duckdb-polr/extension/parquet/../../third_party/miniz -I/home/bita/Project/duckdb-polr/extension/parquet/../../third_party/thrift -I/home/bita/Project/duckdb-polr/extension/parquet/../../third_party/zstd/include -O3 -DNDEBUG -O3 -DNDEBUG   -fPIC -fdiagnostics-color=always -std=c++11 -MD -MT extension/parquet/CMakeFiles/parquet_extension.dir/parquet_writer.cpp.o -MF extension/parquet/CMakeFiles/parquet_extension.dir/parquet_writer.cpp.o.d -o extension/parquet/CMakeFiles/parquet_extension.dir/parquet_writer.cpp.o -c /home/bita/Project/duckdb-polr/extension/parquet/parquet_writer.cpp
[134/376] /usr/bin/c++ -DDUCKDB_BUILD_LIBRARY -DENABLE_CROSS_PRODUCT_REWRITE=0 -DENABLE_DEBUG_PRINT=0 -DENABLE_MEASURE_EXE_TIME=0 -DENABLE_MERGE_BACK_PLAN=0 -DENABLE_PARALLEL_EXECUTION=0 -DENABLE_QUERY_SPLIT=0 -DENABLE_SPECIFY_EST_STAT=0 -I/home/bita/Project/duckdb-polr/src/include -I/home/bita/Project/duckdb-polr/third_party/fsst -I/home/bita/Project/duckdb-polr/third_party/fmt/include -I/home/bita/Project/duckdb-polr/third_party/hyperloglog -I/home/bita/Project/duckdb-polr/third_party/fastpforlib -I/home/bita/Project/duckdb-polr/third_party/fast_float -I/home/bita/Project/duckdb-polr/third_party/re2 -I/home/bita/Project/duckdb-polr/third_party/miniz -I/home/bita/Project/duckdb-polr/third_party/utf8proc/include -I/home/bita/Project/duckdb-polr/third_party/miniparquet -I/home/bita/Project/duckdb-polr/third_party/concurrentqueue -I/home/bita/Project/duckdb-polr/third_party/pcg -I/home/bita/Project/duckdb-polr/third_party/tdigest -I/home/bita/Project/duckdb-polr/third_party/mbedtls/include -I/home/bita/Project/duckdb-polr/third_party/jaro_winkler -I/home/bita/Project/duckdb-polr/extension/parquet/include -I/home/bita/Project/duckdb-polr/extension/parquet/../../third_party/parquet -I/home/bita/Project/duckdb-polr/extension/parquet/../../third_party/snappy -I/home/bita/Project/duckdb-polr/extension/parquet/../../third_party/miniz -I/home/bita/Project/duckdb-polr/extension/parquet/../../third_party/thrift -I/home/bita/Project/duckdb-polr/extension/parquet/../../third_party/zstd/include -O3 -DNDEBUG -O3 -DNDEBUG   -fPIC -fdiagnostics-color=always -std=c++11 -MD -MT extension/parquet/CMakeFiles/parquet_extension.dir/zstd_file_system.cpp.o -MF extension/parquet/CMakeFiles/parquet_extension.dir/zstd_file_system.cpp.o.d -o extension/parquet/CMakeFiles/parquet_extension.dir/zstd_file_system.cpp.o -c /home/bita/Project/duckdb-polr/extension/parquet/zstd_file_system.cpp
[135/376] /usr/bin/c++ -DDUCKDB_BUILD_LIBRARY -DENABLE_CROSS_PRODUCT_REWRITE=0 -DENABLE_DEBUG_PRINT=0 -DENABLE_MEASURE_EXE_TIME=0 -DENABLE_MERGE_BACK_PLAN=0 -DENABLE_PARALLEL_EXECUTION=0 -DENABLE_QUERY_SPLIT=0 -DENABLE_SPECIFY_EST_STAT=0 -I/home/bita/Project/duckdb-polr/src/include -I/home/bita/Project/duckdb-polr/third_party/fsst -I/home/bita/Project/duckdb-polr/third_party/fmt/include -I/home/bita/Project/duckdb-polr/third_party/hyperloglog -I/home/bita/Project/duckdb-polr/third_party/fastpforlib -I/home/bita/Project/duckdb-polr/third_party/fast_float -I/home/bita/Project/duckdb-polr/third_party/re2 -I/home/bita/Project/duckdb-polr/third_party/miniz -I/home/bita/Project/duckdb-polr/third_party/utf8proc/include -I/home/bita/Project/duckdb-polr/third_party/miniparquet -I/home/bita/Project/duckdb-polr/third_party/concurrentqueue -I/home/bita/Project/duckdb-polr/third_party/pcg -I/home/bita/Project/duckdb-polr/third_party/tdigest -I/home/bita/Project/duckdb-polr/third_party/mbedtls/include -I/home/bita/Project/duckdb-polr/third_party/jaro_winkler -I/home/bita/Project/duckdb-polr/extension/parquet/include -I/home/bita/Project/duckdb-polr/extension/parquet/../../third_party/parquet -I/home/bita/Project/duckdb-polr/extension/parquet/../../third_party/snappy -I/home/bita/Project/duckdb-polr/extension/parquet/../../third_party/miniz -I/home/bita/Project/duckdb-polr/extension/parquet/../../third_party/thrift -I/home/bita/Project/duckdb-polr/extension/parquet/../../third_party/zstd/include -O3 -DNDEBUG -O3 -DNDEBUG   -fPIC -fdiagnostics-color=always -std=c++11 -MD -MT extension/parquet/CMakeFiles/parquet_extension.dir/__/__/third_party/snappy/snappy-sinksource.cc.o -MF extension/parquet/CMakeFiles/parquet_extension.dir/__/__/third_party/snappy/snappy-sinksource.cc.o.d -o extension/parquet/CMakeFiles/parquet_extension.dir/__/__/third_party/snappy/snappy-sinksource.cc.o -c /home/bita/Project/duckdb-polr/third_party/snappy/snappy-sinksource.cc
[136/376] /usr/bin/c++ -DDUCKDB_BUILD_LIBRARY -DENABLE_CROSS_PRODUCT_REWRITE=0 -DENABLE_DEBUG_PRINT=0 -DENABLE_MEASURE_EXE_TIME=0 -DENABLE_MERGE_BACK_PLAN=0 -DENABLE_PARALLEL_EXECUTION=0 -DENABLE_QUERY_SPLIT=0 -DENABLE_SPECIFY_EST_STAT=0 -I/home/bita/Project/duckdb-polr/src/include -I/home/bita/Project/duckdb-polr/third_party/fsst -I/home/bita/Project/duckdb-polr/third_party/fmt/include -I/home/bita/Project/duckdb-polr/third_party/hyperloglog -I/home/bita/Project/duckdb-polr/third_party/fastpforlib -I/home/bita/Project/duckdb-polr/third_party/fast_float -I/home/bita/Project/duckdb-polr/third_party/re2 -I/home/bita/Project/duckdb-polr/third_party/miniz -I/home/bita/Project/duckdb-polr/third_party/utf8proc/include -I/home/bita/Project/duckdb-polr/third_party/miniparquet -I/home/bita/Project/duckdb-polr/third_party/concurrentqueue -I/home/bita/Project/duckdb-polr/third_party/pcg -I/home/bita/Project/duckdb-polr/third_party/tdigest -I/home/bita/Project/duckdb-polr/third_party/mbedtls/include -I/home/bita/Project/duckdb-polr/third_party/jaro_winkler -I/home/bita/Project/duckdb-polr/extension/parquet/include -I/home/bita/Project/duckdb-polr/extension/parquet/../../third_party/parquet -I/home/bita/Project/duckdb-polr/extension/parquet/../../third_party/snappy -I/home/bita/Project/duckdb-polr/extension/parquet/../../third_party/miniz -I/home/bita/Project/duckdb-polr/extension/parquet/../../third_party/thrift -I/home/bita/Project/duckdb-polr/extension/parquet/../../third_party/zstd/include -O3 -DNDEBUG -O3 -DNDEBUG   -fPIC -fdiagnostics-color=always -std=c++11 -MD -MT extension/parquet/CMakeFiles/parquet_extension.dir/__/__/third_party/thrift/thrift/transport/TBufferTransports.cpp.o -MF extension/parquet/CMakeFiles/parquet_extension.dir/__/__/third_party/thrift/thrift/transport/TBufferTransports.cpp.o.d -o extension/parquet/CMakeFiles/parquet_extension.dir/__/__/third_party/thrift/thrift/transport/TBufferTransports.cpp.o -c /home/bita/Project/duckdb-polr/third_party/thrift/thrift/transport/TBufferTransports.cpp
[137/376] /usr/bin/c++ -DDUCKDB_BUILD_LIBRARY -DENABLE_CROSS_PRODUCT_REWRITE=0 -DENABLE_DEBUG_PRINT=0 -DENABLE_MEASURE_EXE_TIME=0 -DENABLE_MERGE_BACK_PLAN=0 -DENABLE_PARALLEL_EXECUTION=0 -DENABLE_QUERY_SPLIT=0 -DENABLE_SPECIFY_EST_STAT=0 -I/home/bita/Project/duckdb-polr/src/include -I/home/bita/Project/duckdb-polr/third_party/fsst -I/home/bita/Project/duckdb-polr/third_party/fmt/include -I/home/bita/Project/duckdb-polr/third_party/hyperloglog -I/home/bita/Project/duckdb-polr/third_party/fastpforlib -I/home/bita/Project/duckdb-polr/third_party/fast_float -I/home/bita/Project/duckdb-polr/third_party/re2 -I/home/bita/Project/duckdb-polr/third_party/miniz -I/home/bita/Project/duckdb-polr/third_party/utf8proc/include -I/home/bita/Project/duckdb-polr/third_party/miniparquet -I/home/bita/Project/duckdb-polr/third_party/concurrentqueue -I/home/bita/Project/duckdb-polr/third_party/pcg -I/home/bita/Project/duckdb-polr/third_party/tdigest -I/home/bita/Project/duckdb-polr/third_party/mbedtls/include -I/home/bita/Project/duckdb-polr/third_party/jaro_winkler -I/home/bita/Project/duckdb-polr/extension/parquet/include -I/home/bita/Project/duckdb-polr/extension/parquet/../../third_party/parquet -I/home/bita/Project/duckdb-polr/extension/parquet/../../third_party/snappy -I/home/bita/Project/duckdb-polr/extension/parquet/../../third_party/miniz -I/home/bita/Project/duckdb-polr/extension/parquet/../../third_party/thrift -I/home/bita/Project/duckdb-polr/extension/parquet/../../third_party/zstd/include -O3 -DNDEBUG -O3 -DNDEBUG   -fPIC -fdiagnostics-color=always -std=c++11 -MD -MT extension/parquet/CMakeFiles/parquet_extension.dir/__/__/third_party/zstd/decompress/zstd_ddict.cpp.o -MF extension/parquet/CMakeFiles/parquet_extension.dir/__/__/third_party/zstd/decompress/zstd_ddict.cpp.o.d -o extension/parquet/CMakeFiles/parquet_extension.dir/__/__/third_party/zstd/decompress/zstd_ddict.cpp.o -c /home/bita/Project/duckdb-polr/third_party/zstd/decompress/zstd_ddict.cpp
[138/376] /usr/bin/c++ -DDUCKDB_BUILD_LIBRARY -DENABLE_CROSS_PRODUCT_REWRITE=0 -DENABLE_DEBUG_PRINT=0 -DENABLE_MEASURE_EXE_TIME=0 -DENABLE_MERGE_BACK_PLAN=0 -DENABLE_PARALLEL_EXECUTION=0 -DENABLE_QUERY_SPLIT=0 -DENABLE_SPECIFY_EST_STAT=0 -I/home/bita/Project/duckdb-polr/src/include -I/home/bita/Project/duckdb-polr/third_party/fsst -I/home/bita/Project/duckdb-polr/third_party/fmt/include -I/home/bita/Project/duckdb-polr/third_party/hyperloglog -I/home/bita/Project/duckdb-polr/third_party/fastpforlib -I/home/bita/Project/duckdb-polr/third_party/fast_float -I/home/bita/Project/duckdb-polr/third_party/re2 -I/home/bita/Project/duckdb-polr/third_party/miniz -I/home/bita/Project/duckdb-polr/third_party/utf8proc/include -I/home/bita/Project/duckdb-polr/third_party/miniparquet -I/home/bita/Project/duckdb-polr/third_party/concurrentqueue -I/home/bita/Project/duckdb-polr/third_party/pcg -I/home/bita/Project/duckdb-polr/third_party/tdigest -I/home/bita/Project/duckdb-polr/third_party/mbedtls/include -I/home/bita/Project/duckdb-polr/third_party/jaro_winkler -I/home/bita/Project/duckdb-polr/extension/parquet/include -I/home/bita/Project/duckdb-polr/extension/parquet/../../third_party/parquet -I/home/bita/Project/duckdb-polr/extension/parquet/../../third_party/snappy -I/home/bita/Project/duckdb-polr/extension/parquet/../../third_party/miniz -I/home/bita/Project/duckdb-polr/extension/parquet/../../third_party/thrift -I/home/bita/Project/duckdb-polr/extension/parquet/../../third_party/zstd/include -O3 -DNDEBUG -O3 -DNDEBUG   -fPIC -fdiagnostics-color=always -std=c++11 -MD -MT extension/parquet/CMakeFiles/parquet_extension.dir/__/__/third_party/zstd/decompress/zstd_decompress.cpp.o -MF extension/parquet/CMakeFiles/parquet_extension.dir/__/__/third_party/zstd/decompress/zstd_decompress.cpp.o.d -o extension/parquet/CMakeFiles/parquet_extension.dir/__/__/third_party/zstd/decompress/zstd_decompress.cpp.o -c /home/bita/Project/duckdb-polr/third_party/zstd/decompress/zstd_decompress.cpp
[139/376] /usr/bin/c++ -DDUCKDB_BUILD_LIBRARY -DENABLE_CROSS_PRODUCT_REWRITE=0 -DENABLE_DEBUG_PRINT=0 -DENABLE_MEASURE_EXE_TIME=0 -DENABLE_MERGE_BACK_PLAN=0 -DENABLE_PARALLEL_EXECUTION=0 -DENABLE_QUERY_SPLIT=0 -DENABLE_SPECIFY_EST_STAT=0 -I/home/bita/Project/duckdb-polr/src/include -I/home/bita/Project/duckdb-polr/third_party/fsst -I/home/bita/Project/duckdb-polr/third_party/fmt/include -I/home/bita/Project/duckdb-polr/third_party/hyperloglog -I/home/bita/Project/duckdb-polr/third_party/fastpforlib -I/home/bita/Project/duckdb-polr/third_party/fast_float -I/home/bita/Project/duckdb-polr/third_party/re2 -I/home/bita/Project/duckdb-polr/third_party/miniz -I/home/bita/Project/duckdb-polr/third_party/utf8proc/include -I/home/bita/Project/duckdb-polr/third_party/miniparquet -I/home/bita/Project/duckdb-polr/third_party/concurrentqueue -I/home/bita/Project/duckdb-polr/third_party/pcg -I/home/bita/Project/duckdb-polr/third_party/tdigest -I/home/bita/Project/duckdb-polr/third_party/mbedtls/include -I/home/bita/Project/duckdb-polr/third_party/jaro_winkler -I/home/bita/Project/duckdb-polr/extension/parquet/include -I/home/bita/Project/duckdb-polr/extension/parquet/../../third_party/parquet -I/home/bita/Project/duckdb-polr/extension/parquet/../../third_party/snappy -I/home/bita/Project/duckdb-polr/extension/parquet/../../third_party/miniz -I/home/bita/Project/duckdb-polr/extension/parquet/../../third_party/thrift -I/home/bita/Project/duckdb-polr/extension/parquet/../../third_party/zstd/include -O3 -DNDEBUG -O3 -DNDEBUG   -fPIC -fdiagnostics-color=always -std=c++11 -MD -MT extension/parquet/CMakeFiles/parquet_extension.dir/__/__/third_party/zstd/common/entropy_common.cpp.o -MF extension/parquet/CMakeFiles/parquet_extension.dir/__/__/third_party/zstd/common/entropy_common.cpp.o.d -o extension/parquet/CMakeFiles/parquet_extension.dir/__/__/third_party/zstd/common/entropy_common.cpp.o -c /home/bita/Project/duckdb-polr/third_party/zstd/common/entropy_common.cpp
[140/376] /usr/bin/c++ -DDUCKDB_BUILD_LIBRARY -DENABLE_CROSS_PRODUCT_REWRITE=0 -DENABLE_DEBUG_PRINT=0 -DENABLE_MEASURE_EXE_TIME=0 -DENABLE_MERGE_BACK_PLAN=0 -DENABLE_PARALLEL_EXECUTION=0 -DENABLE_QUERY_SPLIT=0 -DENABLE_SPECIFY_EST_STAT=0 -I/home/bita/Project/duckdb-polr/src/include -I/home/bita/Project/duckdb-polr/third_party/fsst -I/home/bita/Project/duckdb-polr/third_party/fmt/include -I/home/bita/Project/duckdb-polr/third_party/hyperloglog -I/home/bita/Project/duckdb-polr/third_party/fastpforlib -I/home/bita/Project/duckdb-polr/third_party/fast_float -I/home/bita/Project/duckdb-polr/third_party/re2 -I/home/bita/Project/duckdb-polr/third_party/miniz -I/home/bita/Project/duckdb-polr/third_party/utf8proc/include -I/home/bita/Project/duckdb-polr/third_party/miniparquet -I/home/bita/Project/duckdb-polr/third_party/concurrentqueue -I/home/bita/Project/duckdb-polr/third_party/pcg -I/home/bita/Project/duckdb-polr/third_party/tdigest -I/home/bita/Project/duckdb-polr/third_party/mbedtls/include -I/home/bita/Project/duckdb-polr/third_party/jaro_winkler -I/home/bita/Project/duckdb-polr/extension/parquet/include -I/home/bita/Project/duckdb-polr/extension/parquet/../../third_party/parquet -I/home/bita/Project/duckdb-polr/extension/parquet/../../third_party/snappy -I/home/bita/Project/duckdb-polr/extension/parquet/../../third_party/miniz -I/home/bita/Project/duckdb-polr/extension/parquet/../../third_party/thrift -I/home/bita/Project/duckdb-polr/extension/parquet/../../third_party/zstd/include -O3 -DNDEBUG -O3 -DNDEBUG   -fPIC -fdiagnostics-color=always -std=c++11 -MD -MT extension/parquet/CMakeFiles/parquet_extension.dir/column_writer.cpp.o -MF extension/parquet/CMakeFiles/parquet_extension.dir/column_writer.cpp.o.d -o extension/parquet/CMakeFiles/parquet_extension.dir/column_writer.cpp.o -c /home/bita/Project/duckdb-polr/extension/parquet/column_writer.cpp
[141/376] /usr/bin/c++ -DDUCKDB_BUILD_LIBRARY -DENABLE_CROSS_PRODUCT_REWRITE=0 -DENABLE_DEBUG_PRINT=0 -DENABLE_MEASURE_EXE_TIME=0 -DENABLE_MERGE_BACK_PLAN=0 -DENABLE_PARALLEL_EXECUTION=0 -DENABLE_QUERY_SPLIT=0 -DENABLE_SPECIFY_EST_STAT=0 -I/home/bita/Project/duckdb-polr/src/include -I/home/bita/Project/duckdb-polr/third_party/fsst -I/home/bita/Project/duckdb-polr/third_party/fmt/include -I/home/bita/Project/duckdb-polr/third_party/hyperloglog -I/home/bita/Project/duckdb-polr/third_party/fastpforlib -I/home/bita/Project/duckdb-polr/third_party/fast_float -I/home/bita/Project/duckdb-polr/third_party/re2 -I/home/bita/Project/duckdb-polr/third_party/miniz -I/home/bita/Project/duckdb-polr/third_party/utf8proc/include -I/home/bita/Project/duckdb-polr/third_party/miniparquet -I/home/bita/Project/duckdb-polr/third_party/concurrentqueue -I/home/bita/Project/duckdb-polr/third_party/pcg -I/home/bita/Project/duckdb-polr/third_party/tdigest -I/home/bita/Project/duckdb-polr/third_party/mbedtls/include -I/home/bita/Project/duckdb-polr/third_party/jaro_winkler -I/home/bita/Project/duckdb-polr/extension/parquet/include -I/home/bita/Project/duckdb-polr/extension/parquet/../../third_party/parquet -I/home/bita/Project/duckdb-polr/extension/parquet/../../third_party/snappy -I/home/bita/Project/duckdb-polr/extension/parquet/../../third_party/miniz -I/home/bita/Project/duckdb-polr/extension/parquet/../../third_party/thrift -I/home/bita/Project/duckdb-polr/extension/parquet/../../third_party/zstd/include -O3 -DNDEBUG -O3 -DNDEBUG   -fPIC -fdiagnostics-color=always -std=c++11 -MD -MT extension/parquet/CMakeFiles/parquet_extension.dir/__/__/third_party/zstd/common/zstd_common.cpp.o -MF extension/parquet/CMakeFiles/parquet_extension.dir/__/__/third_party/zstd/common/zstd_common.cpp.o.d -o extension/parquet/CMakeFiles/parquet_extension.dir/__/__/third_party/zstd/common/zstd_common.cpp.o -c /home/bita/Project/duckdb-polr/third_party/zstd/common/zstd_common.cpp
[142/376] /usr/bin/c++ -DDUCKDB_BUILD_LIBRARY -DENABLE_CROSS_PRODUCT_REWRITE=0 -DENABLE_DEBUG_PRINT=0 -DENABLE_MEASURE_EXE_TIME=0 -DENABLE_MERGE_BACK_PLAN=0 -DENABLE_PARALLEL_EXECUTION=0 -DENABLE_QUERY_SPLIT=0 -DENABLE_SPECIFY_EST_STAT=0 -I/home/bita/Project/duckdb-polr/src/include -I/home/bita/Project/duckdb-polr/third_party/fsst -I/home/bita/Project/duckdb-polr/third_party/fmt/include -I/home/bita/Project/duckdb-polr/third_party/hyperloglog -I/home/bita/Project/duckdb-polr/third_party/fastpforlib -I/home/bita/Project/duckdb-polr/third_party/fast_float -I/home/bita/Project/duckdb-polr/third_party/re2 -I/home/bita/Project/duckdb-polr/third_party/miniz -I/home/bita/Project/duckdb-polr/third_party/utf8proc/include -I/home/bita/Project/duckdb-polr/third_party/miniparquet -I/home/bita/Project/duckdb-polr/third_party/concurrentqueue -I/home/bita/Project/duckdb-polr/third_party/pcg -I/home/bita/Project/duckdb-polr/third_party/tdigest -I/home/bita/Project/duckdb-polr/third_party/mbedtls/include -I/home/bita/Project/duckdb-polr/third_party/jaro_winkler -I/home/bita/Project/duckdb-polr/extension/parquet/include -I/home/bita/Project/duckdb-polr/extension/parquet/../../third_party/parquet -I/home/bita/Project/duckdb-polr/extension/parquet/../../third_party/snappy -I/home/bita/Project/duckdb-polr/extension/parquet/../../third_party/miniz -I/home/bita/Project/duckdb-polr/extension/parquet/../../third_party/thrift -I/home/bita/Project/duckdb-polr/extension/parquet/../../third_party/zstd/include -O3 -DNDEBUG -O3 -DNDEBUG   -fPIC -fdiagnostics-color=always -std=c++11 -MD -MT extension/parquet/CMakeFiles/parquet_extension.dir/__/__/third_party/snappy/snappy.cc.o -MF extension/parquet/CMakeFiles/parquet_extension.dir/__/__/third_party/snappy/snappy.cc.o.d -o extension/parquet/CMakeFiles/parquet_extension.dir/__/__/third_party/snappy/snappy.cc.o -c /home/bita/Project/duckdb-polr/third_party/snappy/snappy.cc
[143/376] /usr/bin/c++ -DDUCKDB_BUILD_LIBRARY -DENABLE_CROSS_PRODUCT_REWRITE=0 -DENABLE_DEBUG_PRINT=0 -DENABLE_MEASURE_EXE_TIME=0 -DENABLE_MERGE_BACK_PLAN=0 -DENABLE_PARALLEL_EXECUTION=0 -DENABLE_QUERY_SPLIT=0 -DENABLE_SPECIFY_EST_STAT=0 -I/home/bita/Project/duckdb-polr/src/include -I/home/bita/Project/duckdb-polr/third_party/fsst -I/home/bita/Project/duckdb-polr/third_party/fmt/include -I/home/bita/Project/duckdb-polr/third_party/hyperloglog -I/home/bita/Project/duckdb-polr/third_party/fastpforlib -I/home/bita/Project/duckdb-polr/third_party/fast_float -I/home/bita/Project/duckdb-polr/third_party/re2 -I/home/bita/Project/duckdb-polr/third_party/miniz -I/home/bita/Project/duckdb-polr/third_party/utf8proc/include -I/home/bita/Project/duckdb-polr/third_party/miniparquet -I/home/bita/Project/duckdb-polr/third_party/concurrentqueue -I/home/bita/Project/duckdb-polr/third_party/pcg -I/home/bita/Project/duckdb-polr/third_party/tdigest -I/home/bita/Project/duckdb-polr/third_party/mbedtls/include -I/home/bita/Project/duckdb-polr/third_party/jaro_winkler -I/home/bita/Project/duckdb-polr/extension/parquet/include -I/home/bita/Project/duckdb-polr/extension/parquet/../../third_party/parquet -I/home/bita/Project/duckdb-polr/extension/parquet/../../third_party/snappy -I/home/bita/Project/duckdb-polr/extension/parquet/../../third_party/miniz -I/home/bita/Project/duckdb-polr/extension/parquet/../../third_party/thrift -I/home/bita/Project/duckdb-polr/extension/parquet/../../third_party/zstd/include -O3 -DNDEBUG -O3 -DNDEBUG   -fPIC -fdiagnostics-color=always -std=c++11 -MD -MT extension/parquet/CMakeFiles/parquet_extension.dir/__/__/third_party/zstd/common/fse_decompress.cpp.o -MF extension/parquet/CMakeFiles/parquet_extension.dir/__/__/third_party/zstd/common/fse_decompress.cpp.o.d -o extension/parquet/CMakeFiles/parquet_extension.dir/__/__/third_party/zstd/common/fse_decompress.cpp.o -c /home/bita/Project/duckdb-polr/third_party/zstd/common/fse_decompress.cpp
[144/376] /usr/bin/c++ -DDUCKDB_BUILD_LIBRARY -DENABLE_CROSS_PRODUCT_REWRITE=0 -DENABLE_DEBUG_PRINT=0 -DENABLE_MEASURE_EXE_TIME=0 -DENABLE_MERGE_BACK_PLAN=0 -DENABLE_PARALLEL_EXECUTION=0 -DENABLE_QUERY_SPLIT=0 -DENABLE_SPECIFY_EST_STAT=0 -I/home/bita/Project/duckdb-polr/src/include -I/home/bita/Project/duckdb-polr/third_party/fsst -I/home/bita/Project/duckdb-polr/third_party/fmt/include -I/home/bita/Project/duckdb-polr/third_party/hyperloglog -I/home/bita/Project/duckdb-polr/third_party/fastpforlib -I/home/bita/Project/duckdb-polr/third_party/fast_float -I/home/bita/Project/duckdb-polr/third_party/re2 -I/home/bita/Project/duckdb-polr/third_party/miniz -I/home/bita/Project/duckdb-polr/third_party/utf8proc/include -I/home/bita/Project/duckdb-polr/third_party/miniparquet -I/home/bita/Project/duckdb-polr/third_party/concurrentqueue -I/home/bita/Project/duckdb-polr/third_party/pcg -I/home/bita/Project/duckdb-polr/third_party/tdigest -I/home/bita/Project/duckdb-polr/third_party/mbedtls/include -I/home/bita/Project/duckdb-polr/third_party/jaro_winkler -I/home/bita/Project/duckdb-polr/extension/parquet/include -I/home/bita/Project/duckdb-polr/extension/parquet/../../third_party/parquet -I/home/bita/Project/duckdb-polr/extension/parquet/../../third_party/snappy -I/home/bita/Project/duckdb-polr/extension/parquet/../../third_party/miniz -I/home/bita/Project/duckdb-polr/extension/parquet/../../third_party/thrift -I/home/bita/Project/duckdb-polr/extension/parquet/../../third_party/zstd/include -O3 -DNDEBUG -O3 -DNDEBUG   -fPIC -fdiagnostics-color=always -std=c++11 -MD -MT extension/parquet/CMakeFiles/parquet_extension.dir/__/__/third_party/zstd/common/error_private.cpp.o -MF extension/parquet/CMakeFiles/parquet_extension.dir/__/__/third_party/zstd/common/error_private.cpp.o.d -o extension/parquet/CMakeFiles/parquet_extension.dir/__/__/third_party/zstd/common/error_private.cpp.o -c /home/bita/Project/duckdb-polr/third_party/zstd/common/error_private.cpp
[145/376] /usr/bin/c++ -DDUCKDB_BUILD_LIBRARY -DENABLE_CROSS_PRODUCT_REWRITE=0 -DENABLE_DEBUG_PRINT=0 -DENABLE_MEASURE_EXE_TIME=0 -DENABLE_MERGE_BACK_PLAN=0 -DENABLE_PARALLEL_EXECUTION=0 -DENABLE_QUERY_SPLIT=0 -DENABLE_SPECIFY_EST_STAT=0 -I/home/bita/Project/duckdb-polr/src/include -I/home/bita/Project/duckdb-polr/third_party/fsst -I/home/bita/Project/duckdb-polr/third_party/fmt/include -I/home/bita/Project/duckdb-polr/third_party/hyperloglog -I/home/bita/Project/duckdb-polr/third_party/fastpforlib -I/home/bita/Project/duckdb-polr/third_party/fast_float -I/home/bita/Project/duckdb-polr/third_party/re2 -I/home/bita/Project/duckdb-polr/third_party/miniz -I/home/bita/Project/duckdb-polr/third_party/utf8proc/include -I/home/bita/Project/duckdb-polr/third_party/miniparquet -I/home/bita/Project/duckdb-polr/third_party/concurrentqueue -I/home/bita/Project/duckdb-polr/third_party/pcg -I/home/bita/Project/duckdb-polr/third_party/tdigest -I/home/bita/Project/duckdb-polr/third_party/mbedtls/include -I/home/bita/Project/duckdb-polr/third_party/jaro_winkler -I/home/bita/Project/duckdb-polr/extension/parquet/include -I/home/bita/Project/duckdb-polr/extension/parquet/../../third_party/parquet -I/home/bita/Project/duckdb-polr/extension/parquet/../../third_party/snappy -I/home/bita/Project/duckdb-polr/extension/parquet/../../third_party/miniz -I/home/bita/Project/duckdb-polr/extension/parquet/../../third_party/thrift -I/home/bita/Project/duckdb-polr/extension/parquet/../../third_party/zstd/include -O3 -DNDEBUG -O3 -DNDEBUG   -fPIC -fdiagnostics-color=always -std=c++11 -MD -MT extension/parquet/CMakeFiles/parquet_extension.dir/__/__/third_party/zstd/decompress/zstd_decompress_block.cpp.o -MF extension/parquet/CMakeFiles/parquet_extension.dir/__/__/third_party/zstd/decompress/zstd_decompress_block.cpp.o.d -o extension/parquet/CMakeFiles/parquet_extension.dir/__/__/third_party/zstd/decompress/zstd_decompress_block.cpp.o -c /home/bita/Project/duckdb-polr/third_party/zstd/decompress/zstd_decompress_block.cpp
[146/376] /usr/bin/c++ -DDUCKDB_BUILD_LIBRARY -DENABLE_CROSS_PRODUCT_REWRITE=0 -DENABLE_DEBUG_PRINT=0 -DENABLE_MEASURE_EXE_TIME=0 -DENABLE_MERGE_BACK_PLAN=0 -DENABLE_PARALLEL_EXECUTION=0 -DENABLE_QUERY_SPLIT=0 -DENABLE_SPECIFY_EST_STAT=0 -I/home/bita/Project/duckdb-polr/src/include -I/home/bita/Project/duckdb-polr/third_party/fsst -I/home/bita/Project/duckdb-polr/third_party/fmt/include -I/home/bita/Project/duckdb-polr/third_party/hyperloglog -I/home/bita/Project/duckdb-polr/third_party/fastpforlib -I/home/bita/Project/duckdb-polr/third_party/fast_float -I/home/bita/Project/duckdb-polr/third_party/re2 -I/home/bita/Project/duckdb-polr/third_party/miniz -I/home/bita/Project/duckdb-polr/third_party/utf8proc/include -I/home/bita/Project/duckdb-polr/third_party/miniparquet -I/home/bita/Project/duckdb-polr/third_party/concurrentqueue -I/home/bita/Project/duckdb-polr/third_party/pcg -I/home/bita/Project/duckdb-polr/third_party/tdigest -I/home/bita/Project/duckdb-polr/third_party/mbedtls/include -I/home/bita/Project/duckdb-polr/third_party/jaro_winkler -I/home/bita/Project/duckdb-polr/extension/parquet/include -I/home/bita/Project/duckdb-polr/extension/parquet/../../third_party/parquet -I/home/bita/Project/duckdb-polr/extension/parquet/../../third_party/snappy -I/home/bita/Project/duckdb-polr/extension/parquet/../../third_party/miniz -I/home/bita/Project/duckdb-polr/extension/parquet/../../third_party/thrift -I/home/bita/Project/duckdb-polr/extension/parquet/../../third_party/zstd/include -O3 -DNDEBUG -O3 -DNDEBUG   -fPIC -fdiagnostics-color=always -std=c++11 -MD -MT extension/parquet/CMakeFiles/parquet_extension.dir/__/__/third_party/zstd/compress/hist.cpp.o -MF extension/parquet/CMakeFiles/parquet_extension.dir/__/__/third_party/zstd/compress/hist.cpp.o.d -o extension/parquet/CMakeFiles/parquet_extension.dir/__/__/third_party/zstd/compress/hist.cpp.o -c /home/bita/Project/duckdb-polr/third_party/zstd/compress/hist.cpp
[147/376] /usr/bin/c++ -DDUCKDB_BUILD_LIBRARY -DENABLE_CROSS_PRODUCT_REWRITE=0 -DENABLE_DEBUG_PRINT=0 -DENABLE_MEASURE_EXE_TIME=0 -DENABLE_MERGE_BACK_PLAN=0 -DENABLE_PARALLEL_EXECUTION=0 -DENABLE_QUERY_SPLIT=0 -DENABLE_SPECIFY_EST_STAT=0 -I/home/bita/Project/duckdb-polr/src/include -I/home/bita/Project/duckdb-polr/third_party/fsst -I/home/bita/Project/duckdb-polr/third_party/fmt/include -I/home/bita/Project/duckdb-polr/third_party/hyperloglog -I/home/bita/Project/duckdb-polr/third_party/fastpforlib -I/home/bita/Project/duckdb-polr/third_party/fast_float -I/home/bita/Project/duckdb-polr/third_party/re2 -I/home/bita/Project/duckdb-polr/third_party/miniz -I/home/bita/Project/duckdb-polr/third_party/utf8proc/include -I/home/bita/Project/duckdb-polr/third_party/miniparquet -I/home/bita/Project/duckdb-polr/third_party/concurrentqueue -I/home/bita/Project/duckdb-polr/third_party/pcg -I/home/bita/Project/duckdb-polr/third_party/tdigest -I/home/bita/Project/duckdb-polr/third_party/mbedtls/include -I/home/bita/Project/duckdb-polr/third_party/jaro_winkler -I/home/bita/Project/duckdb-polr/extension/parquet/include -I/home/bita/Project/duckdb-polr/extension/parquet/../../third_party/parquet -I/home/bita/Project/duckdb-polr/extension/parquet/../../third_party/snappy -I/home/bita/Project/duckdb-polr/extension/parquet/../../third_party/miniz -I/home/bita/Project/duckdb-polr/extension/parquet/../../third_party/thrift -I/home/bita/Project/duckdb-polr/extension/parquet/../../third_party/zstd/include -O3 -DNDEBUG -O3 -DNDEBUG   -fPIC -fdiagnostics-color=always -std=c++11 -MD -MT extension/parquet/CMakeFiles/parquet_extension.dir/__/__/third_party/zstd/common/xxhash.cpp.o -MF extension/parquet/CMakeFiles/parquet_extension.dir/__/__/third_party/zstd/common/xxhash.cpp.o.d -o extension/parquet/CMakeFiles/parquet_extension.dir/__/__/third_party/zstd/common/xxhash.cpp.o -c /home/bita/Project/duckdb-polr/third_party/zstd/common/xxhash.cpp
[148/376] /usr/bin/c++ -DDUCKDB -DDUCKDB_BUILD_LIBRARY -DDUCKDB_MAIN_LIBRARY -DENABLE_CROSS_PRODUCT_REWRITE=0 -DENABLE_DEBUG_PRINT=0 -DENABLE_MEASURE_EXE_TIME=0 -DENABLE_MERGE_BACK_PLAN=0 -DENABLE_PARALLEL_EXECUTION=0 -DENABLE_QUERY_SPLIT=0 -DENABLE_SPECIFY_EST_STAT=0 -I/home/bita/Project/duckdb-polr/src/include -I/home/bita/Project/duckdb-polr/third_party/fsst -I/home/bita/Project/duckdb-polr/third_party/fmt/include -I/home/bita/Project/duckdb-polr/third_party/hyperloglog -I/home/bita/Project/duckdb-polr/third_party/fastpforlib -I/home/bita/Project/duckdb-polr/third_party/fast_float -I/home/bita/Project/duckdb-polr/third_party/re2 -I/home/bita/Project/duckdb-polr/third_party/miniz -I/home/bita/Project/duckdb-polr/third_party/utf8proc/include -I/home/bita/Project/duckdb-polr/third_party/miniparquet -I/home/bita/Project/duckdb-polr/third_party/concurrentqueue -I/home/bita/Project/duckdb-polr/third_party/pcg -I/home/bita/Project/duckdb-polr/third_party/tdigest -I/home/bita/Project/duckdb-polr/third_party/mbedtls/include -I/home/bita/Project/duckdb-polr/third_party/jaro_winkler -O3 -DNDEBUG -O3 -DNDEBUG   -fPIC -fdiagnostics-color=always -std=c++11 -MD -MT src/storage/table/CMakeFiles/duckdb_storage_table.dir/ub_duckdb_storage_table.cpp.o -MF src/storage/table/CMakeFiles/duckdb_storage_table.dir/ub_duckdb_storage_table.cpp.o.d -o src/storage/table/CMakeFiles/duckdb_storage_table.dir/ub_duckdb_storage_table.cpp.o -c /home/bita/Project/duckdb-polr/build/release/src/storage/table/ub_duckdb_storage_table.cpp
[149/376] /usr/bin/c++ -DDUCKDB_BUILD_LIBRARY -DENABLE_CROSS_PRODUCT_REWRITE=0 -DENABLE_DEBUG_PRINT=0 -DENABLE_MEASURE_EXE_TIME=0 -DENABLE_MERGE_BACK_PLAN=0 -DENABLE_PARALLEL_EXECUTION=0 -DENABLE_QUERY_SPLIT=0 -DENABLE_SPECIFY_EST_STAT=0 -I/home/bita/Project/duckdb-polr/src/include -I/home/bita/Project/duckdb-polr/third_party/fsst -I/home/bita/Project/duckdb-polr/third_party/fmt/include -I/home/bita/Project/duckdb-polr/third_party/hyperloglog -I/home/bita/Project/duckdb-polr/third_party/fastpforlib -I/home/bita/Project/duckdb-polr/third_party/fast_float -I/home/bita/Project/duckdb-polr/third_party/re2 -I/home/bita/Project/duckdb-polr/third_party/miniz -I/home/bita/Project/duckdb-polr/third_party/utf8proc/include -I/home/bita/Project/duckdb-polr/third_party/miniparquet -I/home/bita/Project/duckdb-polr/third_party/concurrentqueue -I/home/bita/Project/duckdb-polr/third_party/pcg -I/home/bita/Project/duckdb-polr/third_party/tdigest -I/home/bita/Project/duckdb-polr/third_party/mbedtls/include -I/home/bita/Project/duckdb-polr/third_party/jaro_winkler -I/home/bita/Project/duckdb-polr/extension/parquet/include -I/home/bita/Project/duckdb-polr/extension/parquet/../../third_party/parquet -I/home/bita/Project/duckdb-polr/extension/parquet/../../third_party/snappy -I/home/bita/Project/duckdb-polr/extension/parquet/../../third_party/miniz -I/home/bita/Project/duckdb-polr/extension/parquet/../../third_party/thrift -I/home/bita/Project/duckdb-polr/extension/parquet/../../third_party/zstd/include -O3 -DNDEBUG -O3 -DNDEBUG   -fPIC -fdiagnostics-color=always -std=c++11 -MD -MT extension/parquet/CMakeFiles/parquet_extension.dir/__/__/third_party/zstd/decompress/huf_decompress.cpp.o -MF extension/parquet/CMakeFiles/parquet_extension.dir/__/__/third_party/zstd/decompress/huf_decompress.cpp.o.d -o extension/parquet/CMakeFiles/parquet_extension.dir/__/__/third_party/zstd/decompress/huf_decompress.cpp.o -c /home/bita/Project/duckdb-polr/third_party/zstd/decompress/huf_decompress.cpp
[150/376] /usr/bin/c++ -DDUCKDB_BUILD_LIBRARY -DENABLE_CROSS_PRODUCT_REWRITE=0 -DENABLE_DEBUG_PRINT=0 -DENABLE_MEASURE_EXE_TIME=0 -DENABLE_MERGE_BACK_PLAN=0 -DENABLE_PARALLEL_EXECUTION=0 -DENABLE_QUERY_SPLIT=0 -DENABLE_SPECIFY_EST_STAT=0 -I/home/bita/Project/duckdb-polr/src/include -I/home/bita/Project/duckdb-polr/third_party/fsst -I/home/bita/Project/duckdb-polr/third_party/fmt/include -I/home/bita/Project/duckdb-polr/third_party/hyperloglog -I/home/bita/Project/duckdb-polr/third_party/fastpforlib -I/home/bita/Project/duckdb-polr/third_party/fast_float -I/home/bita/Project/duckdb-polr/third_party/re2 -I/home/bita/Project/duckdb-polr/third_party/miniz -I/home/bita/Project/duckdb-polr/third_party/utf8proc/include -I/home/bita/Project/duckdb-polr/third_party/miniparquet -I/home/bita/Project/duckdb-polr/third_party/concurrentqueue -I/home/bita/Project/duckdb-polr/third_party/pcg -I/home/bita/Project/duckdb-polr/third_party/tdigest -I/home/bita/Project/duckdb-polr/third_party/mbedtls/include -I/home/bita/Project/duckdb-polr/third_party/jaro_winkler -I/home/bita/Project/duckdb-polr/extension/parquet/include -I/home/bita/Project/duckdb-polr/extension/parquet/../../third_party/parquet -I/home/bita/Project/duckdb-polr/extension/parquet/../../third_party/snappy -I/home/bita/Project/duckdb-polr/extension/parquet/../../third_party/miniz -I/home/bita/Project/duckdb-polr/extension/parquet/../../third_party/thrift -I/home/bita/Project/duckdb-polr/extension/parquet/../../third_party/zstd/include -O3 -DNDEBUG -O3 -DNDEBUG   -fPIC -fdiagnostics-color=always -std=c++11 -MD -MT extension/parquet/CMakeFiles/parquet_extension.dir/__/__/third_party/zstd/compress/zstd_compress_literals.cpp.o -MF extension/parquet/CMakeFiles/parquet_extension.dir/__/__/third_party/zstd/compress/zstd_compress_literals.cpp.o.d -o extension/parquet/CMakeFiles/parquet_extension.dir/__/__/third_party/zstd/compress/zstd_compress_literals.cpp.o -c /home/bita/Project/duckdb-polr/third_party/zstd/compress/zstd_compress_literals.cpp
[151/376] /usr/bin/c++ -DDUCKDB_BUILD_LIBRARY -DENABLE_CROSS_PRODUCT_REWRITE=0 -DENABLE_DEBUG_PRINT=0 -DENABLE_MEASURE_EXE_TIME=0 -DENABLE_MERGE_BACK_PLAN=0 -DENABLE_PARALLEL_EXECUTION=0 -DENABLE_QUERY_SPLIT=0 -DENABLE_SPECIFY_EST_STAT=0 -I/home/bita/Project/duckdb-polr/src/include -I/home/bita/Project/duckdb-polr/third_party/fsst -I/home/bita/Project/duckdb-polr/third_party/fmt/include -I/home/bita/Project/duckdb-polr/third_party/hyperloglog -I/home/bita/Project/duckdb-polr/third_party/fastpforlib -I/home/bita/Project/duckdb-polr/third_party/fast_float -I/home/bita/Project/duckdb-polr/third_party/re2 -I/home/bita/Project/duckdb-polr/third_party/miniz -I/home/bita/Project/duckdb-polr/third_party/utf8proc/include -I/home/bita/Project/duckdb-polr/third_party/miniparquet -I/home/bita/Project/duckdb-polr/third_party/concurrentqueue -I/home/bita/Project/duckdb-polr/third_party/pcg -I/home/bita/Project/duckdb-polr/third_party/tdigest -I/home/bita/Project/duckdb-polr/third_party/mbedtls/include -I/home/bita/Project/duckdb-polr/third_party/jaro_winkler -I/home/bita/Project/duckdb-polr/extension/parquet/include -I/home/bita/Project/duckdb-polr/extension/parquet/../../third_party/parquet -I/home/bita/Project/duckdb-polr/extension/parquet/../../third_party/snappy -I/home/bita/Project/duckdb-polr/extension/parquet/../../third_party/miniz -I/home/bita/Project/duckdb-polr/extension/parquet/../../third_party/thrift -I/home/bita/Project/duckdb-polr/extension/parquet/../../third_party/zstd/include -O3 -DNDEBUG -O3 -DNDEBUG   -fPIC -fdiagnostics-color=always -std=c++11 -MD -MT extension/parquet/CMakeFiles/parquet_extension.dir/__/__/third_party/zstd/compress/fse_compress.cpp.o -MF extension/parquet/CMakeFiles/parquet_extension.dir/__/__/third_party/zstd/compress/fse_compress.cpp.o.d -o extension/parquet/CMakeFiles/parquet_extension.dir/__/__/third_party/zstd/compress/fse_compress.cpp.o -c /home/bita/Project/duckdb-polr/third_party/zstd/compress/fse_compress.cpp
[152/376] /usr/bin/c++ -DDUCKDB_BUILD_LIBRARY -DENABLE_CROSS_PRODUCT_REWRITE=0 -DENABLE_DEBUG_PRINT=0 -DENABLE_MEASURE_EXE_TIME=0 -DENABLE_MERGE_BACK_PLAN=0 -DENABLE_PARALLEL_EXECUTION=0 -DENABLE_QUERY_SPLIT=0 -DENABLE_SPECIFY_EST_STAT=0 -I/home/bita/Project/duckdb-polr/src/include -I/home/bita/Project/duckdb-polr/third_party/fsst -I/home/bita/Project/duckdb-polr/third_party/fmt/include -I/home/bita/Project/duckdb-polr/third_party/hyperloglog -I/home/bita/Project/duckdb-polr/third_party/fastpforlib -I/home/bita/Project/duckdb-polr/third_party/fast_float -I/home/bita/Project/duckdb-polr/third_party/re2 -I/home/bita/Project/duckdb-polr/third_party/miniz -I/home/bita/Project/duckdb-polr/third_party/utf8proc/include -I/home/bita/Project/duckdb-polr/third_party/miniparquet -I/home/bita/Project/duckdb-polr/third_party/concurrentqueue -I/home/bita/Project/duckdb-polr/third_party/pcg -I/home/bita/Project/duckdb-polr/third_party/tdigest -I/home/bita/Project/duckdb-polr/third_party/mbedtls/include -I/home/bita/Project/duckdb-polr/third_party/jaro_winkler -I/home/bita/Project/duckdb-polr/extension/parquet/include -I/home/bita/Project/duckdb-polr/extension/parquet/../../third_party/parquet -I/home/bita/Project/duckdb-polr/extension/parquet/../../third_party/snappy -I/home/bita/Project/duckdb-polr/extension/parquet/../../third_party/miniz -I/home/bita/Project/duckdb-polr/extension/parquet/../../third_party/thrift -I/home/bita/Project/duckdb-polr/extension/parquet/../../third_party/zstd/include -O3 -DNDEBUG -O3 -DNDEBUG   -fPIC -fdiagnostics-color=always -std=c++11 -MD -MT extension/parquet/CMakeFiles/parquet_extension.dir/__/__/third_party/zstd/compress/zstd_compress_sequences.cpp.o -MF extension/parquet/CMakeFiles/parquet_extension.dir/__/__/third_party/zstd/compress/zstd_compress_sequences.cpp.o.d -o extension/parquet/CMakeFiles/parquet_extension.dir/__/__/third_party/zstd/compress/zstd_compress_sequences.cpp.o -c /home/bita/Project/duckdb-polr/third_party/zstd/compress/zstd_compress_sequences.cpp
[153/376] /usr/bin/c++ -DDUCKDB_BUILD_LIBRARY -DENABLE_CROSS_PRODUCT_REWRITE=0 -DENABLE_DEBUG_PRINT=0 -DENABLE_MEASURE_EXE_TIME=0 -DENABLE_MERGE_BACK_PLAN=0 -DENABLE_PARALLEL_EXECUTION=0 -DENABLE_QUERY_SPLIT=0 -DENABLE_SPECIFY_EST_STAT=0 -I/home/bita/Project/duckdb-polr/src/include -I/home/bita/Project/duckdb-polr/third_party/fsst -I/home/bita/Project/duckdb-polr/third_party/fmt/include -I/home/bita/Project/duckdb-polr/third_party/hyperloglog -I/home/bita/Project/duckdb-polr/third_party/fastpforlib -I/home/bita/Project/duckdb-polr/third_party/fast_float -I/home/bita/Project/duckdb-polr/third_party/re2 -I/home/bita/Project/duckdb-polr/third_party/miniz -I/home/bita/Project/duckdb-polr/third_party/utf8proc/include -I/home/bita/Project/duckdb-polr/third_party/miniparquet -I/home/bita/Project/duckdb-polr/third_party/concurrentqueue -I/home/bita/Project/duckdb-polr/third_party/pcg -I/home/bita/Project/duckdb-polr/third_party/tdigest -I/home/bita/Project/duckdb-polr/third_party/mbedtls/include -I/home/bita/Project/duckdb-polr/third_party/jaro_winkler -I/home/bita/Project/duckdb-polr/extension/parquet/include -I/home/bita/Project/duckdb-polr/extension/parquet/../../third_party/parquet -I/home/bita/Project/duckdb-polr/extension/parquet/../../third_party/snappy -I/home/bita/Project/duckdb-polr/extension/parquet/../../third_party/miniz -I/home/bita/Project/duckdb-polr/extension/parquet/../../third_party/thrift -I/home/bita/Project/duckdb-polr/extension/parquet/../../third_party/zstd/include -O3 -DNDEBUG -O3 -DNDEBUG   -fPIC -fdiagnostics-color=always -std=c++11 -MD -MT extension/parquet/CMakeFiles/parquet_extension.dir/__/__/third_party/zstd/compress/huf_compress.cpp.o -MF extension/parquet/CMakeFiles/parquet_extension.dir/__/__/third_party/zstd/compress/huf_compress.cpp.o.d -o extension/parquet/CMakeFiles/parquet_extension.dir/__/__/third_party/zstd/compress/huf_compress.cpp.o -c /home/bita/Project/duckdb-polr/third_party/zstd/compress/huf_compress.cpp
[154/376] /usr/bin/c++ -DDUCKDB_BUILD_LIBRARY -DENABLE_CROSS_PRODUCT_REWRITE=0 -DENABLE_DEBUG_PRINT=0 -DENABLE_MEASURE_EXE_TIME=0 -DENABLE_MERGE_BACK_PLAN=0 -DENABLE_PARALLEL_EXECUTION=0 -DENABLE_QUERY_SPLIT=0 -DENABLE_SPECIFY_EST_STAT=0 -I/home/bita/Project/duckdb-polr/src/include -I/home/bita/Project/duckdb-polr/third_party/fsst -I/home/bita/Project/duckdb-polr/third_party/fmt/include -I/home/bita/Project/duckdb-polr/third_party/hyperloglog -I/home/bita/Project/duckdb-polr/third_party/fastpforlib -I/home/bita/Project/duckdb-polr/third_party/fast_float -I/home/bita/Project/duckdb-polr/third_party/re2 -I/home/bita/Project/duckdb-polr/third_party/miniz -I/home/bita/Project/duckdb-polr/third_party/utf8proc/include -I/home/bita/Project/duckdb-polr/third_party/miniparquet -I/home/bita/Project/duckdb-polr/third_party/concurrentqueue -I/home/bita/Project/duckdb-polr/third_party/pcg -I/home/bita/Project/duckdb-polr/third_party/tdigest -I/home/bita/Project/duckdb-polr/third_party/mbedtls/include -I/home/bita/Project/duckdb-polr/third_party/jaro_winkler -I/home/bita/Project/duckdb-polr/extension/parquet/include -I/home/bita/Project/duckdb-polr/extension/parquet/../../third_party/parquet -I/home/bita/Project/duckdb-polr/extension/parquet/../../third_party/snappy -I/home/bita/Project/duckdb-polr/extension/parquet/../../third_party/miniz -I/home/bita/Project/duckdb-polr/extension/parquet/../../third_party/thrift -I/home/bita/Project/duckdb-polr/extension/parquet/../../third_party/zstd/include -O3 -DNDEBUG -O3 -DNDEBUG   -fPIC -fdiagnostics-color=always -std=c++11 -MD -MT extension/parquet/CMakeFiles/parquet_extension.dir/__/__/third_party/zstd/compress/zstd_compress_superblock.cpp.o -MF extension/parquet/CMakeFiles/parquet_extension.dir/__/__/third_party/zstd/compress/zstd_compress_superblock.cpp.o.d -o extension/parquet/CMakeFiles/parquet_extension.dir/__/__/third_party/zstd/compress/zstd_compress_superblock.cpp.o -c /home/bita/Project/duckdb-polr/third_party/zstd/compress/zstd_compress_superblock.cpp
[155/376] /usr/bin/c++ -DDUCKDB_BUILD_LIBRARY -DENABLE_CROSS_PRODUCT_REWRITE=0 -DENABLE_DEBUG_PRINT=0 -DENABLE_MEASURE_EXE_TIME=0 -DENABLE_MERGE_BACK_PLAN=0 -DENABLE_PARALLEL_EXECUTION=0 -DENABLE_QUERY_SPLIT=0 -DENABLE_SPECIFY_EST_STAT=0 -I/home/bita/Project/duckdb-polr/src/include -I/home/bita/Project/duckdb-polr/third_party/fsst -I/home/bita/Project/duckdb-polr/third_party/fmt/include -I/home/bita/Project/duckdb-polr/third_party/hyperloglog -I/home/bita/Project/duckdb-polr/third_party/fastpforlib -I/home/bita/Project/duckdb-polr/third_party/fast_float -I/home/bita/Project/duckdb-polr/third_party/re2 -I/home/bita/Project/duckdb-polr/third_party/miniz -I/home/bita/Project/duckdb-polr/third_party/utf8proc/include -I/home/bita/Project/duckdb-polr/third_party/miniparquet -I/home/bita/Project/duckdb-polr/third_party/concurrentqueue -I/home/bita/Project/duckdb-polr/third_party/pcg -I/home/bita/Project/duckdb-polr/third_party/tdigest -I/home/bita/Project/duckdb-polr/third_party/mbedtls/include -I/home/bita/Project/duckdb-polr/third_party/jaro_winkler -I/home/bita/Project/duckdb-polr/extension/parquet/include -I/home/bita/Project/duckdb-polr/extension/parquet/../../third_party/parquet -I/home/bita/Project/duckdb-polr/extension/parquet/../../third_party/snappy -I/home/bita/Project/duckdb-polr/extension/parquet/../../third_party/miniz -I/home/bita/Project/duckdb-polr/extension/parquet/../../third_party/thrift -I/home/bita/Project/duckdb-polr/extension/parquet/../../third_party/zstd/include -O3 -DNDEBUG -O3 -DNDEBUG   -fPIC -fdiagnostics-color=always -std=c++11 -MD -MT extension/parquet/CMakeFiles/parquet_extension.dir/parquet-extension.cpp.o -MF extension/parquet/CMakeFiles/parquet_extension.dir/parquet-extension.cpp.o.d -o extension/parquet/CMakeFiles/parquet_extension.dir/parquet-extension.cpp.o -c /home/bita/Project/duckdb-polr/extension/parquet/parquet-extension.cpp
[156/376] /usr/bin/c++ -DDUCKDB -DDUCKDB_BUILD_LIBRARY -DDUCKDB_MAIN_LIBRARY -DENABLE_CROSS_PRODUCT_REWRITE=0 -DENABLE_DEBUG_PRINT=0 -DENABLE_MEASURE_EXE_TIME=0 -DENABLE_MERGE_BACK_PLAN=0 -DENABLE_PARALLEL_EXECUTION=0 -DENABLE_QUERY_SPLIT=0 -DENABLE_SPECIFY_EST_STAT=0 -I/home/bita/Project/duckdb-polr/src/include -I/home/bita/Project/duckdb-polr/third_party/fsst -I/home/bita/Project/duckdb-polr/third_party/fmt/include -I/home/bita/Project/duckdb-polr/third_party/hyperloglog -I/home/bita/Project/duckdb-polr/third_party/fastpforlib -I/home/bita/Project/duckdb-polr/third_party/fast_float -I/home/bita/Project/duckdb-polr/third_party/re2 -I/home/bita/Project/duckdb-polr/third_party/miniz -I/home/bita/Project/duckdb-polr/third_party/utf8proc/include -I/home/bita/Project/duckdb-polr/third_party/miniparquet -I/home/bita/Project/duckdb-polr/third_party/concurrentqueue -I/home/bita/Project/duckdb-polr/third_party/pcg -I/home/bita/Project/duckdb-polr/third_party/tdigest -I/home/bita/Project/duckdb-polr/third_party/mbedtls/include -I/home/bita/Project/duckdb-polr/third_party/jaro_winkler -O3 -DNDEBUG -O3 -DNDEBUG   -fPIC -fdiagnostics-color=always -std=c++11 -MD -MT src/main/CMakeFiles/duckdb_main.dir/ub_duckdb_main.cpp.o -MF src/main/CMakeFiles/duckdb_main.dir/ub_duckdb_main.cpp.o.d -o src/main/CMakeFiles/duckdb_main.dir/ub_duckdb_main.cpp.o -c /home/bita/Project/duckdb-polr/build/release/src/main/ub_duckdb_main.cpp
[157/376] /usr/bin/c++ -DDUCKDB_BUILD_LIBRARY -DENABLE_CROSS_PRODUCT_REWRITE=0 -DENABLE_DEBUG_PRINT=0 -DENABLE_MEASURE_EXE_TIME=0 -DENABLE_MERGE_BACK_PLAN=0 -DENABLE_PARALLEL_EXECUTION=0 -DENABLE_QUERY_SPLIT=0 -DENABLE_SPECIFY_EST_STAT=0 -I/home/bita/Project/duckdb-polr/src/include -I/home/bita/Project/duckdb-polr/third_party/fsst -I/home/bita/Project/duckdb-polr/third_party/fmt/include -I/home/bita/Project/duckdb-polr/third_party/hyperloglog -I/home/bita/Project/duckdb-polr/third_party/fastpforlib -I/home/bita/Project/duckdb-polr/third_party/fast_float -I/home/bita/Project/duckdb-polr/third_party/re2 -I/home/bita/Project/duckdb-polr/third_party/miniz -I/home/bita/Project/duckdb-polr/third_party/utf8proc/include -I/home/bita/Project/duckdb-polr/third_party/miniparquet -I/home/bita/Project/duckdb-polr/third_party/concurrentqueue -I/home/bita/Project/duckdb-polr/third_party/pcg -I/home/bita/Project/duckdb-polr/third_party/tdigest -I/home/bita/Project/duckdb-polr/third_party/mbedtls/include -I/home/bita/Project/duckdb-polr/third_party/jaro_winkler -I/home/bita/Project/duckdb-polr/extension/parquet/include -I/home/bita/Project/duckdb-polr/extension/parquet/../../third_party/parquet -I/home/bita/Project/duckdb-polr/extension/parquet/../../third_party/snappy -I/home/bita/Project/duckdb-polr/extension/parquet/../../third_party/miniz -I/home/bita/Project/duckdb-polr/extension/parquet/../../third_party/thrift -I/home/bita/Project/duckdb-polr/extension/parquet/../../third_party/zstd/include -O3 -DNDEBUG -O3 -DNDEBUG   -fPIC -fdiagnostics-color=always -std=c++11 -MD -MT extension/parquet/CMakeFiles/parquet_extension.dir/__/__/third_party/zstd/compress/zstd_ldm.cpp.o -MF extension/parquet/CMakeFiles/parquet_extension.dir/__/__/third_party/zstd/compress/zstd_ldm.cpp.o.d -o extension/parquet/CMakeFiles/parquet_extension.dir/__/__/third_party/zstd/compress/zstd_ldm.cpp.o -c /home/bita/Project/duckdb-polr/third_party/zstd/compress/zstd_ldm.cpp
[158/376] /usr/bin/c++ -DDUCKDB_BUILD_LIBRARY -DENABLE_CROSS_PRODUCT_REWRITE=0 -DENABLE_DEBUG_PRINT=0 -DENABLE_MEASURE_EXE_TIME=0 -DENABLE_MERGE_BACK_PLAN=0 -DENABLE_PARALLEL_EXECUTION=0 -DENABLE_QUERY_SPLIT=0 -DENABLE_SPECIFY_EST_STAT=0 -I/home/bita/Project/duckdb-polr/src/include -I/home/bita/Project/duckdb-polr/third_party/fsst -I/home/bita/Project/duckdb-polr/third_party/fmt/include -I/home/bita/Project/duckdb-polr/third_party/hyperloglog -I/home/bita/Project/duckdb-polr/third_party/fastpforlib -I/home/bita/Project/duckdb-polr/third_party/fast_float -I/home/bita/Project/duckdb-polr/third_party/re2 -I/home/bita/Project/duckdb-polr/third_party/miniz -I/home/bita/Project/duckdb-polr/third_party/utf8proc/include -I/home/bita/Project/duckdb-polr/third_party/miniparquet -I/home/bita/Project/duckdb-polr/third_party/concurrentqueue -I/home/bita/Project/duckdb-polr/third_party/pcg -I/home/bita/Project/duckdb-polr/third_party/tdigest -I/home/bita/Project/duckdb-polr/third_party/mbedtls/include -I/home/bita/Project/duckdb-polr/third_party/jaro_winkler -I/home/bita/Project/duckdb-polr/extension/parquet/include -I/home/bita/Project/duckdb-polr/extension/parquet/../../third_party/parquet -I/home/bita/Project/duckdb-polr/extension/parquet/../../third_party/snappy -I/home/bita/Project/duckdb-polr/extension/parquet/../../third_party/miniz -I/home/bita/Project/duckdb-polr/extension/parquet/../../third_party/thrift -I/home/bita/Project/duckdb-polr/extension/parquet/../../third_party/zstd/include -O3 -DNDEBUG -O3 -DNDEBUG   -fPIC -fdiagnostics-color=always -std=c++11 -MD -MT extension/parquet/CMakeFiles/parquet_extension.dir/__/__/third_party/zstd/compress/zstd_compress.cpp.o -MF extension/parquet/CMakeFiles/parquet_extension.dir/__/__/third_party/zstd/compress/zstd_compress.cpp.o.d -o extension/parquet/CMakeFiles/parquet_extension.dir/__/__/third_party/zstd/compress/zstd_compress.cpp.o -c /home/bita/Project/duckdb-polr/third_party/zstd/compress/zstd_compress.cpp
[159/376] /usr/bin/c++ -DDUCKDB_BUILD_LIBRARY -DENABLE_CROSS_PRODUCT_REWRITE=0 -DENABLE_DEBUG_PRINT=0 -DENABLE_MEASURE_EXE_TIME=0 -DENABLE_MERGE_BACK_PLAN=0 -DENABLE_PARALLEL_EXECUTION=0 -DENABLE_QUERY_SPLIT=0 -DENABLE_SPECIFY_EST_STAT=0 -I/home/bita/Project/duckdb-polr/src/include -I/home/bita/Project/duckdb-polr/third_party/fsst -I/home/bita/Project/duckdb-polr/third_party/fmt/include -I/home/bita/Project/duckdb-polr/third_party/hyperloglog -I/home/bita/Project/duckdb-polr/third_party/fastpforlib -I/home/bita/Project/duckdb-polr/third_party/fast_float -I/home/bita/Project/duckdb-polr/third_party/re2 -I/home/bita/Project/duckdb-polr/third_party/miniz -I/home/bita/Project/duckdb-polr/third_party/utf8proc/include -I/home/bita/Project/duckdb-polr/third_party/miniparquet -I/home/bita/Project/duckdb-polr/third_party/concurrentqueue -I/home/bita/Project/duckdb-polr/third_party/pcg -I/home/bita/Project/duckdb-polr/third_party/tdigest -I/home/bita/Project/duckdb-polr/third_party/mbedtls/include -I/home/bita/Project/duckdb-polr/third_party/jaro_winkler -I/home/bita/Project/duckdb-polr/extension/parquet/include -I/home/bita/Project/duckdb-polr/extension/parquet/../../third_party/parquet -I/home/bita/Project/duckdb-polr/extension/parquet/../../third_party/snappy -I/home/bita/Project/duckdb-polr/extension/parquet/../../third_party/miniz -I/home/bita/Project/duckdb-polr/extension/parquet/../../third_party/thrift -I/home/bita/Project/duckdb-polr/extension/parquet/../../third_party/zstd/include -O3 -DNDEBUG -O3 -DNDEBUG   -fPIC -fdiagnostics-color=always -std=c++11 -MD -MT extension/parquet/CMakeFiles/parquet_extension.dir/parquet_reader.cpp.o -MF extension/parquet/CMakeFiles/parquet_extension.dir/parquet_reader.cpp.o.d -o extension/parquet/CMakeFiles/parquet_extension.dir/parquet_reader.cpp.o -c /home/bita/Project/duckdb-polr/extension/parquet/parquet_reader.cpp
[160/376] /usr/bin/c++ -DDUCKDB_BUILD_LIBRARY -DENABLE_CROSS_PRODUCT_REWRITE=0 -DENABLE_DEBUG_PRINT=0 -DENABLE_MEASURE_EXE_TIME=0 -DENABLE_MERGE_BACK_PLAN=0 -DENABLE_PARALLEL_EXECUTION=0 -DENABLE_QUERY_SPLIT=0 -DENABLE_SPECIFY_EST_STAT=0 -I/home/bita/Project/duckdb-polr/src/include -I/home/bita/Project/duckdb-polr/third_party/fsst -I/home/bita/Project/duckdb-polr/third_party/fmt/include -I/home/bita/Project/duckdb-polr/third_party/hyperloglog -I/home/bita/Project/duckdb-polr/third_party/fastpforlib -I/home/bita/Project/duckdb-polr/third_party/fast_float -I/home/bita/Project/duckdb-polr/third_party/re2 -I/home/bita/Project/duckdb-polr/third_party/miniz -I/home/bita/Project/duckdb-polr/third_party/utf8proc/include -I/home/bita/Project/duckdb-polr/third_party/miniparquet -I/home/bita/Project/duckdb-polr/third_party/concurrentqueue -I/home/bita/Project/duckdb-polr/third_party/pcg -I/home/bita/Project/duckdb-polr/third_party/tdigest -I/home/bita/Project/duckdb-polr/third_party/mbedtls/include -I/home/bita/Project/duckdb-polr/third_party/jaro_winkler -I/home/bita/Project/duckdb-polr/extension/parquet/include -I/home/bita/Project/duckdb-polr/extension/parquet/../../third_party/parquet -I/home/bita/Project/duckdb-polr/extension/parquet/../../third_party/snappy -I/home/bita/Project/duckdb-polr/extension/parquet/../../third_party/miniz -I/home/bita/Project/duckdb-polr/extension/parquet/../../third_party/thrift -I/home/bita/Project/duckdb-polr/extension/parquet/../../third_party/zstd/include -O3 -DNDEBUG -O3 -DNDEBUG   -fPIC -fdiagnostics-color=always -std=c++11 -MD -MT extension/parquet/CMakeFiles/parquet_extension.dir/__/__/third_party/zstd/compress/zstd_fast.cpp.o -MF extension/parquet/CMakeFiles/parquet_extension.dir/__/__/third_party/zstd/compress/zstd_fast.cpp.o.d -o extension/parquet/CMakeFiles/parquet_extension.dir/__/__/third_party/zstd/compress/zstd_fast.cpp.o -c /home/bita/Project/duckdb-polr/third_party/zstd/compress/zstd_fast.cpp
[161/376] /usr/bin/c++ -DDUCKDB_BUILD_LIBRARY -DENABLE_CROSS_PRODUCT_REWRITE=0 -DENABLE_DEBUG_PRINT=0 -DENABLE_MEASURE_EXE_TIME=0 -DENABLE_MERGE_BACK_PLAN=0 -DENABLE_PARALLEL_EXECUTION=0 -DENABLE_QUERY_SPLIT=0 -DENABLE_SPECIFY_EST_STAT=0 -I/home/bita/Project/duckdb-polr/src/include -I/home/bita/Project/duckdb-polr/third_party/fsst -I/home/bita/Project/duckdb-polr/third_party/fmt/include -I/home/bita/Project/duckdb-polr/third_party/hyperloglog -I/home/bita/Project/duckdb-polr/third_party/fastpforlib -I/home/bita/Project/duckdb-polr/third_party/fast_float -I/home/bita/Project/duckdb-polr/third_party/re2 -I/home/bita/Project/duckdb-polr/third_party/miniz -I/home/bita/Project/duckdb-polr/third_party/utf8proc/include -I/home/bita/Project/duckdb-polr/third_party/miniparquet -I/home/bita/Project/duckdb-polr/third_party/concurrentqueue -I/home/bita/Project/duckdb-polr/third_party/pcg -I/home/bita/Project/duckdb-polr/third_party/tdigest -I/home/bita/Project/duckdb-polr/third_party/mbedtls/include -I/home/bita/Project/duckdb-polr/third_party/jaro_winkler -I/home/bita/Project/duckdb-polr/extension/parquet/include -I/home/bita/Project/duckdb-polr/extension/parquet/../../third_party/parquet -I/home/bita/Project/duckdb-polr/extension/parquet/../../third_party/snappy -I/home/bita/Project/duckdb-polr/extension/parquet/../../third_party/miniz -I/home/bita/Project/duckdb-polr/extension/parquet/../../third_party/thrift -I/home/bita/Project/duckdb-polr/extension/parquet/../../third_party/zstd/include -O3 -DNDEBUG -O3 -DNDEBUG   -fPIC -fdiagnostics-color=always -std=c++11 -MD -MT extension/parquet/CMakeFiles/parquet_extension.dir/__/__/third_party/zstd/compress/zstd_double_fast.cpp.o -MF extension/parquet/CMakeFiles/parquet_extension.dir/__/__/third_party/zstd/compress/zstd_double_fast.cpp.o.d -o extension/parquet/CMakeFiles/parquet_extension.dir/__/__/third_party/zstd/compress/zstd_double_fast.cpp.o -c /home/bita/Project/duckdb-polr/third_party/zstd/compress/zstd_double_fast.cpp
[162/376] /usr/bin/c++ -DDUCKDB_BUILD_LIBRARY -DENABLE_CROSS_PRODUCT_REWRITE=0 -DENABLE_DEBUG_PRINT=0 -DENABLE_MEASURE_EXE_TIME=0 -DENABLE_MERGE_BACK_PLAN=0 -DENABLE_PARALLEL_EXECUTION=0 -DENABLE_QUERY_SPLIT=0 -DENABLE_SPECIFY_EST_STAT=0 -I/home/bita/Project/duckdb-polr/src/include -I/home/bita/Project/duckdb-polr/third_party/fsst -I/home/bita/Project/duckdb-polr/third_party/fmt/include -I/home/bita/Project/duckdb-polr/third_party/hyperloglog -I/home/bita/Project/duckdb-polr/third_party/fastpforlib -I/home/bita/Project/duckdb-polr/third_party/fast_float -I/home/bita/Project/duckdb-polr/third_party/re2 -I/home/bita/Project/duckdb-polr/third_party/miniz -I/home/bita/Project/duckdb-polr/third_party/utf8proc/include -I/home/bita/Project/duckdb-polr/third_party/miniparquet -I/home/bita/Project/duckdb-polr/third_party/concurrentqueue -I/home/bita/Project/duckdb-polr/third_party/pcg -I/home/bita/Project/duckdb-polr/third_party/tdigest -I/home/bita/Project/duckdb-polr/third_party/mbedtls/include -I/home/bita/Project/duckdb-polr/third_party/jaro_winkler -I/home/bita/Project/duckdb-polr/extension/parquet/include -I/home/bita/Project/duckdb-polr/extension/parquet/../../third_party/parquet -I/home/bita/Project/duckdb-polr/extension/parquet/../../third_party/snappy -I/home/bita/Project/duckdb-polr/extension/parquet/../../third_party/miniz -I/home/bita/Project/duckdb-polr/extension/parquet/../../third_party/thrift -I/home/bita/Project/duckdb-polr/extension/parquet/../../third_party/zstd/include -O3 -DNDEBUG -O3 -DNDEBUG   -fPIC -fdiagnostics-color=always -std=c++11 -MD -MT extension/parquet/CMakeFiles/parquet_extension.dir/column_reader.cpp.o -MF extension/parquet/CMakeFiles/parquet_extension.dir/column_reader.cpp.o.d -o extension/parquet/CMakeFiles/parquet_extension.dir/column_reader.cpp.o -c /home/bita/Project/duckdb-polr/extension/parquet/column_reader.cpp
[163/376] /usr/bin/c++ -DDUCKDB_BUILD_LIBRARY -DENABLE_CROSS_PRODUCT_REWRITE=0 -DENABLE_DEBUG_PRINT=0 -DENABLE_MEASURE_EXE_TIME=0 -DENABLE_MERGE_BACK_PLAN=0 -DENABLE_PARALLEL_EXECUTION=0 -DENABLE_QUERY_SPLIT=0 -DENABLE_SPECIFY_EST_STAT=0 -I/home/bita/Project/duckdb-polr/src/include -I/home/bita/Project/duckdb-polr/third_party/fsst -I/home/bita/Project/duckdb-polr/third_party/fmt/include -I/home/bita/Project/duckdb-polr/third_party/hyperloglog -I/home/bita/Project/duckdb-polr/third_party/fastpforlib -I/home/bita/Project/duckdb-polr/third_party/fast_float -I/home/bita/Project/duckdb-polr/third_party/re2 -I/home/bita/Project/duckdb-polr/third_party/miniz -I/home/bita/Project/duckdb-polr/third_party/utf8proc/include -I/home/bita/Project/duckdb-polr/third_party/miniparquet -I/home/bita/Project/duckdb-polr/third_party/concurrentqueue -I/home/bita/Project/duckdb-polr/third_party/pcg -I/home/bita/Project/duckdb-polr/third_party/tdigest -I/home/bita/Project/duckdb-polr/third_party/mbedtls/include -I/home/bita/Project/duckdb-polr/third_party/jaro_winkler -I/home/bita/Project/duckdb-polr/extension/parquet/include -I/home/bita/Project/duckdb-polr/extension/parquet/../../third_party/parquet -I/home/bita/Project/duckdb-polr/extension/parquet/../../third_party/snappy -I/home/bita/Project/duckdb-polr/extension/parquet/../../third_party/miniz -I/home/bita/Project/duckdb-polr/extension/parquet/../../third_party/thrift -I/home/bita/Project/duckdb-polr/extension/parquet/../../third_party/zstd/include -O3 -DNDEBUG -O3 -DNDEBUG   -fPIC -fdiagnostics-color=always -std=c++11 -MD -MT extension/parquet/CMakeFiles/parquet_extension.dir/__/__/third_party/zstd/compress/zstd_lazy.cpp.o -MF extension/parquet/CMakeFiles/parquet_extension.dir/__/__/third_party/zstd/compress/zstd_lazy.cpp.o.d -o extension/parquet/CMakeFiles/parquet_extension.dir/__/__/third_party/zstd/compress/zstd_lazy.cpp.o -c /home/bita/Project/duckdb-polr/third_party/zstd/compress/zstd_lazy.cpp
[164/376] /usr/bin/c++ -DDUCKDB_BUILD_LIBRARY -DDUCKDB_BUILD_LOADABLE_EXTENSION -DENABLE_CROSS_PRODUCT_REWRITE=0 -DENABLE_DEBUG_PRINT=0 -DENABLE_MEASURE_EXE_TIME=0 -DENABLE_MERGE_BACK_PLAN=0 -DENABLE_PARALLEL_EXECUTION=0 -DENABLE_QUERY_SPLIT=0 -DENABLE_SPECIFY_EST_STAT=0 -I/home/bita/Project/duckdb-polr/src/include -I/home/bita/Project/duckdb-polr/third_party/fsst -I/home/bita/Project/duckdb-polr/third_party/fmt/include -I/home/bita/Project/duckdb-polr/third_party/hyperloglog -I/home/bita/Project/duckdb-polr/third_party/fastpforlib -I/home/bita/Project/duckdb-polr/third_party/fast_float -I/home/bita/Project/duckdb-polr/third_party/re2 -I/home/bita/Project/duckdb-polr/third_party/miniz -I/home/bita/Project/duckdb-polr/third_party/utf8proc/include -I/home/bita/Project/duckdb-polr/third_party/miniparquet -I/home/bita/Project/duckdb-polr/third_party/concurrentqueue -I/home/bita/Project/duckdb-polr/third_party/pcg -I/home/bita/Project/duckdb-polr/third_party/tdigest -I/home/bita/Project/duckdb-polr/third_party/mbedtls/include -I/home/bita/Project/duckdb-polr/third_party/jaro_winkler -I/home/bita/Project/duckdb-polr/extension/parquet/include -I/home/bita/Project/duckdb-polr/extension/parquet/../../third_party/parquet -I/home/bita/Project/duckdb-polr/extension/parquet/../../third_party/snappy -I/home/bita/Project/duckdb-polr/extension/parquet/../../third_party/miniz -I/home/bita/Project/duckdb-polr/extension/parquet/../../third_party/thrift -I/home/bita/Project/duckdb-polr/extension/parquet/../../third_party/zstd/include -O3 -DNDEBUG -O3 -DNDEBUG   -fPIC -fdiagnostics-color=always -std=c++11 -MD -MT extension/parquet/CMakeFiles/parquet_loadable_extension.dir/parquet_timestamp.cpp.o -MF extension/parquet/CMakeFiles/parquet_loadable_extension.dir/parquet_timestamp.cpp.o.d -o extension/parquet/CMakeFiles/parquet_loadable_extension.dir/parquet_timestamp.cpp.o -c /home/bita/Project/duckdb-polr/extension/parquet/parquet_timestamp.cpp
[165/376] /usr/bin/c++ -DDUCKDB_BUILD_LIBRARY -DDUCKDB_BUILD_LOADABLE_EXTENSION -DENABLE_CROSS_PRODUCT_REWRITE=0 -DENABLE_DEBUG_PRINT=0 -DENABLE_MEASURE_EXE_TIME=0 -DENABLE_MERGE_BACK_PLAN=0 -DENABLE_PARALLEL_EXECUTION=0 -DENABLE_QUERY_SPLIT=0 -DENABLE_SPECIFY_EST_STAT=0 -I/home/bita/Project/duckdb-polr/src/include -I/home/bita/Project/duckdb-polr/third_party/fsst -I/home/bita/Project/duckdb-polr/third_party/fmt/include -I/home/bita/Project/duckdb-polr/third_party/hyperloglog -I/home/bita/Project/duckdb-polr/third_party/fastpforlib -I/home/bita/Project/duckdb-polr/third_party/fast_float -I/home/bita/Project/duckdb-polr/third_party/re2 -I/home/bita/Project/duckdb-polr/third_party/miniz -I/home/bita/Project/duckdb-polr/third_party/utf8proc/include -I/home/bita/Project/duckdb-polr/third_party/miniparquet -I/home/bita/Project/duckdb-polr/third_party/concurrentqueue -I/home/bita/Project/duckdb-polr/third_party/pcg -I/home/bita/Project/duckdb-polr/third_party/tdigest -I/home/bita/Project/duckdb-polr/third_party/mbedtls/include -I/home/bita/Project/duckdb-polr/third_party/jaro_winkler -I/home/bita/Project/duckdb-polr/extension/parquet/include -I/home/bita/Project/duckdb-polr/extension/parquet/../../third_party/parquet -I/home/bita/Project/duckdb-polr/extension/parquet/../../third_party/snappy -I/home/bita/Project/duckdb-polr/extension/parquet/../../third_party/miniz -I/home/bita/Project/duckdb-polr/extension/parquet/../../third_party/thrift -I/home/bita/Project/duckdb-polr/extension/parquet/../../third_party/zstd/include -O3 -DNDEBUG -O3 -DNDEBUG   -fPIC -fdiagnostics-color=always -std=c++11 -MD -MT extension/parquet/CMakeFiles/parquet_loadable_extension.dir/__/__/third_party/parquet/parquet_constants.cpp.o -MF extension/parquet/CMakeFiles/parquet_loadable_extension.dir/__/__/third_party/parquet/parquet_constants.cpp.o.d -o extension/parquet/CMakeFiles/parquet_loadable_extension.dir/__/__/third_party/parquet/parquet_constants.cpp.o -c /home/bita/Project/duckdb-polr/third_party/parquet/parquet_constants.cpp
[166/376] /usr/bin/c++ -DDUCKDB_BUILD_LIBRARY -DENABLE_CROSS_PRODUCT_REWRITE=0 -DENABLE_DEBUG_PRINT=0 -DENABLE_MEASURE_EXE_TIME=0 -DENABLE_MERGE_BACK_PLAN=0 -DENABLE_PARALLEL_EXECUTION=0 -DENABLE_QUERY_SPLIT=0 -DENABLE_SPECIFY_EST_STAT=0 -I/home/bita/Project/duckdb-polr/src/include -I/home/bita/Project/duckdb-polr/third_party/fsst -I/home/bita/Project/duckdb-polr/third_party/fmt/include -I/home/bita/Project/duckdb-polr/third_party/hyperloglog -I/home/bita/Project/duckdb-polr/third_party/fastpforlib -I/home/bita/Project/duckdb-polr/third_party/fast_float -I/home/bita/Project/duckdb-polr/third_party/re2 -I/home/bita/Project/duckdb-polr/third_party/miniz -I/home/bita/Project/duckdb-polr/third_party/utf8proc/include -I/home/bita/Project/duckdb-polr/third_party/miniparquet -I/home/bita/Project/duckdb-polr/third_party/concurrentqueue -I/home/bita/Project/duckdb-polr/third_party/pcg -I/home/bita/Project/duckdb-polr/third_party/tdigest -I/home/bita/Project/duckdb-polr/third_party/mbedtls/include -I/home/bita/Project/duckdb-polr/third_party/jaro_winkler -I/home/bita/Project/duckdb-polr/extension/parquet/include -I/home/bita/Project/duckdb-polr/extension/parquet/../../third_party/parquet -I/home/bita/Project/duckdb-polr/extension/parquet/../../third_party/snappy -I/home/bita/Project/duckdb-polr/extension/parquet/../../third_party/miniz -I/home/bita/Project/duckdb-polr/extension/parquet/../../third_party/thrift -I/home/bita/Project/duckdb-polr/extension/parquet/../../third_party/zstd/include -O3 -DNDEBUG -O3 -DNDEBUG   -fPIC -fdiagnostics-color=always -std=c++11 -MD -MT extension/parquet/CMakeFiles/parquet_extension.dir/__/__/third_party/parquet/parquet_types.cpp.o -MF extension/parquet/CMakeFiles/parquet_extension.dir/__/__/third_party/parquet/parquet_types.cpp.o.d -o extension/parquet/CMakeFiles/parquet_extension.dir/__/__/third_party/parquet/parquet_types.cpp.o -c /home/bita/Project/duckdb-polr/third_party/parquet/parquet_types.cpp
[167/376] /usr/bin/c++ -DDUCKDB_BUILD_LIBRARY -DDUCKDB_BUILD_LOADABLE_EXTENSION -DENABLE_CROSS_PRODUCT_REWRITE=0 -DENABLE_DEBUG_PRINT=0 -DENABLE_MEASURE_EXE_TIME=0 -DENABLE_MERGE_BACK_PLAN=0 -DENABLE_PARALLEL_EXECUTION=0 -DENABLE_QUERY_SPLIT=0 -DENABLE_SPECIFY_EST_STAT=0 -I/home/bita/Project/duckdb-polr/src/include -I/home/bita/Project/duckdb-polr/third_party/fsst -I/home/bita/Project/duckdb-polr/third_party/fmt/include -I/home/bita/Project/duckdb-polr/third_party/hyperloglog -I/home/bita/Project/duckdb-polr/third_party/fastpforlib -I/home/bita/Project/duckdb-polr/third_party/fast_float -I/home/bita/Project/duckdb-polr/third_party/re2 -I/home/bita/Project/duckdb-polr/third_party/miniz -I/home/bita/Project/duckdb-polr/third_party/utf8proc/include -I/home/bita/Project/duckdb-polr/third_party/miniparquet -I/home/bita/Project/duckdb-polr/third_party/concurrentqueue -I/home/bita/Project/duckdb-polr/third_party/pcg -I/home/bita/Project/duckdb-polr/third_party/tdigest -I/home/bita/Project/duckdb-polr/third_party/mbedtls/include -I/home/bita/Project/duckdb-polr/third_party/jaro_winkler -I/home/bita/Project/duckdb-polr/extension/parquet/include -I/home/bita/Project/duckdb-polr/extension/parquet/../../third_party/parquet -I/home/bita/Project/duckdb-polr/extension/parquet/../../third_party/snappy -I/home/bita/Project/duckdb-polr/extension/parquet/../../third_party/miniz -I/home/bita/Project/duckdb-polr/extension/parquet/../../third_party/thrift -I/home/bita/Project/duckdb-polr/extension/parquet/../../third_party/zstd/include -O3 -DNDEBUG -O3 -DNDEBUG   -fPIC -fdiagnostics-color=always -std=c++11 -MD -MT extension/parquet/CMakeFiles/parquet_loadable_extension.dir/__/__/third_party/thrift/thrift/protocol/TProtocol.cpp.o -MF extension/parquet/CMakeFiles/parquet_loadable_extension.dir/__/__/third_party/thrift/thrift/protocol/TProtocol.cpp.o.d -o extension/parquet/CMakeFiles/parquet_loadable_extension.dir/__/__/third_party/thrift/thrift/protocol/TProtocol.cpp.o -c /home/bita/Project/duckdb-polr/third_party/thrift/thrift/protocol/TProtocol.cpp
[168/376] /usr/bin/c++ -DDUCKDB_BUILD_LIBRARY -DDUCKDB_BUILD_LOADABLE_EXTENSION -DENABLE_CROSS_PRODUCT_REWRITE=0 -DENABLE_DEBUG_PRINT=0 -DENABLE_MEASURE_EXE_TIME=0 -DENABLE_MERGE_BACK_PLAN=0 -DENABLE_PARALLEL_EXECUTION=0 -DENABLE_QUERY_SPLIT=0 -DENABLE_SPECIFY_EST_STAT=0 -I/home/bita/Project/duckdb-polr/src/include -I/home/bita/Project/duckdb-polr/third_party/fsst -I/home/bita/Project/duckdb-polr/third_party/fmt/include -I/home/bita/Project/duckdb-polr/third_party/hyperloglog -I/home/bita/Project/duckdb-polr/third_party/fastpforlib -I/home/bita/Project/duckdb-polr/third_party/fast_float -I/home/bita/Project/duckdb-polr/third_party/re2 -I/home/bita/Project/duckdb-polr/third_party/miniz -I/home/bita/Project/duckdb-polr/third_party/utf8proc/include -I/home/bita/Project/duckdb-polr/third_party/miniparquet -I/home/bita/Project/duckdb-polr/third_party/concurrentqueue -I/home/bita/Project/duckdb-polr/third_party/pcg -I/home/bita/Project/duckdb-polr/third_party/tdigest -I/home/bita/Project/duckdb-polr/third_party/mbedtls/include -I/home/bita/Project/duckdb-polr/third_party/jaro_winkler -I/home/bita/Project/duckdb-polr/extension/parquet/include -I/home/bita/Project/duckdb-polr/extension/parquet/../../third_party/parquet -I/home/bita/Project/duckdb-polr/extension/parquet/../../third_party/snappy -I/home/bita/Project/duckdb-polr/extension/parquet/../../third_party/miniz -I/home/bita/Project/duckdb-polr/extension/parquet/../../third_party/thrift -I/home/bita/Project/duckdb-polr/extension/parquet/../../third_party/zstd/include -O3 -DNDEBUG -O3 -DNDEBUG   -fPIC -fdiagnostics-color=always -std=c++11 -MD -MT extension/parquet/CMakeFiles/parquet_loadable_extension.dir/parquet_metadata.cpp.o -MF extension/parquet/CMakeFiles/parquet_loadable_extension.dir/parquet_metadata.cpp.o.d -o extension/parquet/CMakeFiles/parquet_loadable_extension.dir/parquet_metadata.cpp.o -c /home/bita/Project/duckdb-polr/extension/parquet/parquet_metadata.cpp
[169/376] /usr/bin/c++ -DDUCKDB_BUILD_LIBRARY -DDUCKDB_BUILD_LOADABLE_EXTENSION -DENABLE_CROSS_PRODUCT_REWRITE=0 -DENABLE_DEBUG_PRINT=0 -DENABLE_MEASURE_EXE_TIME=0 -DENABLE_MERGE_BACK_PLAN=0 -DENABLE_PARALLEL_EXECUTION=0 -DENABLE_QUERY_SPLIT=0 -DENABLE_SPECIFY_EST_STAT=0 -I/home/bita/Project/duckdb-polr/src/include -I/home/bita/Project/duckdb-polr/third_party/fsst -I/home/bita/Project/duckdb-polr/third_party/fmt/include -I/home/bita/Project/duckdb-polr/third_party/hyperloglog -I/home/bita/Project/duckdb-polr/third_party/fastpforlib -I/home/bita/Project/duckdb-polr/third_party/fast_float -I/home/bita/Project/duckdb-polr/third_party/re2 -I/home/bita/Project/duckdb-polr/third_party/miniz -I/home/bita/Project/duckdb-polr/third_party/utf8proc/include -I/home/bita/Project/duckdb-polr/third_party/miniparquet -I/home/bita/Project/duckdb-polr/third_party/concurrentqueue -I/home/bita/Project/duckdb-polr/third_party/pcg -I/home/bita/Project/duckdb-polr/third_party/tdigest -I/home/bita/Project/duckdb-polr/third_party/mbedtls/include -I/home/bita/Project/duckdb-polr/third_party/jaro_winkler -I/home/bita/Project/duckdb-polr/extension/parquet/include -I/home/bita/Project/duckdb-polr/extension/parquet/../../third_party/parquet -I/home/bita/Project/duckdb-polr/extension/parquet/../../third_party/snappy -I/home/bita/Project/duckdb-polr/extension/parquet/../../third_party/miniz -I/home/bita/Project/duckdb-polr/extension/parquet/../../third_party/thrift -I/home/bita/Project/duckdb-polr/extension/parquet/../../third_party/zstd/include -O3 -DNDEBUG -O3 -DNDEBUG   -fPIC -fdiagnostics-color=always -std=c++11 -MD -MT extension/parquet/CMakeFiles/parquet_loadable_extension.dir/__/__/third_party/thrift/thrift/transport/TTransportException.cpp.o -MF extension/parquet/CMakeFiles/parquet_loadable_extension.dir/__/__/third_party/thrift/thrift/transport/TTransportException.cpp.o.d -o extension/parquet/CMakeFiles/parquet_loadable_extension.dir/__/__/third_party/thrift/thrift/transport/TTransportException.cpp.o -c /home/bita/Project/duckdb-polr/third_party/thrift/thrift/transport/TTransportException.cpp
[170/376] /usr/bin/c++ -DDUCKDB_BUILD_LIBRARY -DDUCKDB_BUILD_LOADABLE_EXTENSION -DENABLE_CROSS_PRODUCT_REWRITE=0 -DENABLE_DEBUG_PRINT=0 -DENABLE_MEASURE_EXE_TIME=0 -DENABLE_MERGE_BACK_PLAN=0 -DENABLE_PARALLEL_EXECUTION=0 -DENABLE_QUERY_SPLIT=0 -DENABLE_SPECIFY_EST_STAT=0 -I/home/bita/Project/duckdb-polr/src/include -I/home/bita/Project/duckdb-polr/third_party/fsst -I/home/bita/Project/duckdb-polr/third_party/fmt/include -I/home/bita/Project/duckdb-polr/third_party/hyperloglog -I/home/bita/Project/duckdb-polr/third_party/fastpforlib -I/home/bita/Project/duckdb-polr/third_party/fast_float -I/home/bita/Project/duckdb-polr/third_party/re2 -I/home/bita/Project/duckdb-polr/third_party/miniz -I/home/bita/Project/duckdb-polr/third_party/utf8proc/include -I/home/bita/Project/duckdb-polr/third_party/miniparquet -I/home/bita/Project/duckdb-polr/third_party/concurrentqueue -I/home/bita/Project/duckdb-polr/third_party/pcg -I/home/bita/Project/duckdb-polr/third_party/tdigest -I/home/bita/Project/duckdb-polr/third_party/mbedtls/include -I/home/bita/Project/duckdb-polr/third_party/jaro_winkler -I/home/bita/Project/duckdb-polr/extension/parquet/include -I/home/bita/Project/duckdb-polr/extension/parquet/../../third_party/parquet -I/home/bita/Project/duckdb-polr/extension/parquet/../../third_party/snappy -I/home/bita/Project/duckdb-polr/extension/parquet/../../third_party/miniz -I/home/bita/Project/duckdb-polr/extension/parquet/../../third_party/thrift -I/home/bita/Project/duckdb-polr/extension/parquet/../../third_party/zstd/include -O3 -DNDEBUG -O3 -DNDEBUG   -fPIC -fdiagnostics-color=always -std=c++11 -MD -MT extension/parquet/CMakeFiles/parquet_loadable_extension.dir/zstd_file_system.cpp.o -MF extension/parquet/CMakeFiles/parquet_loadable_extension.dir/zstd_file_system.cpp.o.d -o extension/parquet/CMakeFiles/parquet_loadable_extension.dir/zstd_file_system.cpp.o -c /home/bita/Project/duckdb-polr/extension/parquet/zstd_file_system.cpp
[171/376] /usr/bin/c++ -DDUCKDB_BUILD_LIBRARY -DDUCKDB_BUILD_LOADABLE_EXTENSION -DENABLE_CROSS_PRODUCT_REWRITE=0 -DENABLE_DEBUG_PRINT=0 -DENABLE_MEASURE_EXE_TIME=0 -DENABLE_MERGE_BACK_PLAN=0 -DENABLE_PARALLEL_EXECUTION=0 -DENABLE_QUERY_SPLIT=0 -DENABLE_SPECIFY_EST_STAT=0 -I/home/bita/Project/duckdb-polr/src/include -I/home/bita/Project/duckdb-polr/third_party/fsst -I/home/bita/Project/duckdb-polr/third_party/fmt/include -I/home/bita/Project/duckdb-polr/third_party/hyperloglog -I/home/bita/Project/duckdb-polr/third_party/fastpforlib -I/home/bita/Project/duckdb-polr/third_party/fast_float -I/home/bita/Project/duckdb-polr/third_party/re2 -I/home/bita/Project/duckdb-polr/third_party/miniz -I/home/bita/Project/duckdb-polr/third_party/utf8proc/include -I/home/bita/Project/duckdb-polr/third_party/miniparquet -I/home/bita/Project/duckdb-polr/third_party/concurrentqueue -I/home/bita/Project/duckdb-polr/third_party/pcg -I/home/bita/Project/duckdb-polr/third_party/tdigest -I/home/bita/Project/duckdb-polr/third_party/mbedtls/include -I/home/bita/Project/duckdb-polr/third_party/jaro_winkler -I/home/bita/Project/duckdb-polr/extension/parquet/include -I/home/bita/Project/duckdb-polr/extension/parquet/../../third_party/parquet -I/home/bita/Project/duckdb-polr/extension/parquet/../../third_party/snappy -I/home/bita/Project/duckdb-polr/extension/parquet/../../third_party/miniz -I/home/bita/Project/duckdb-polr/extension/parquet/../../third_party/thrift -I/home/bita/Project/duckdb-polr/extension/parquet/../../third_party/zstd/include -O3 -DNDEBUG -O3 -DNDEBUG   -fPIC -fdiagnostics-color=always -std=c++11 -MD -MT extension/parquet/CMakeFiles/parquet_loadable_extension.dir/__/__/third_party/thrift/thrift/transport/TBufferTransports.cpp.o -MF extension/parquet/CMakeFiles/parquet_loadable_extension.dir/__/__/third_party/thrift/thrift/transport/TBufferTransports.cpp.o.d -o extension/parquet/CMakeFiles/parquet_loadable_extension.dir/__/__/third_party/thrift/thrift/transport/TBufferTransports.cpp.o -c /home/bita/Project/duckdb-polr/third_party/thrift/thrift/transport/TBufferTransports.cpp
[172/376] /usr/bin/c++ -DDUCKDB_BUILD_LIBRARY -DDUCKDB_BUILD_LOADABLE_EXTENSION -DENABLE_CROSS_PRODUCT_REWRITE=0 -DENABLE_DEBUG_PRINT=0 -DENABLE_MEASURE_EXE_TIME=0 -DENABLE_MERGE_BACK_PLAN=0 -DENABLE_PARALLEL_EXECUTION=0 -DENABLE_QUERY_SPLIT=0 -DENABLE_SPECIFY_EST_STAT=0 -I/home/bita/Project/duckdb-polr/src/include -I/home/bita/Project/duckdb-polr/third_party/fsst -I/home/bita/Project/duckdb-polr/third_party/fmt/include -I/home/bita/Project/duckdb-polr/third_party/hyperloglog -I/home/bita/Project/duckdb-polr/third_party/fastpforlib -I/home/bita/Project/duckdb-polr/third_party/fast_float -I/home/bita/Project/duckdb-polr/third_party/re2 -I/home/bita/Project/duckdb-polr/third_party/miniz -I/home/bita/Project/duckdb-polr/third_party/utf8proc/include -I/home/bita/Project/duckdb-polr/third_party/miniparquet -I/home/bita/Project/duckdb-polr/third_party/concurrentqueue -I/home/bita/Project/duckdb-polr/third_party/pcg -I/home/bita/Project/duckdb-polr/third_party/tdigest -I/home/bita/Project/duckdb-polr/third_party/mbedtls/include -I/home/bita/Project/duckdb-polr/third_party/jaro_winkler -I/home/bita/Project/duckdb-polr/extension/parquet/include -I/home/bita/Project/duckdb-polr/extension/parquet/../../third_party/parquet -I/home/bita/Project/duckdb-polr/extension/parquet/../../third_party/snappy -I/home/bita/Project/duckdb-polr/extension/parquet/../../third_party/miniz -I/home/bita/Project/duckdb-polr/extension/parquet/../../third_party/thrift -I/home/bita/Project/duckdb-polr/extension/parquet/../../third_party/zstd/include -O3 -DNDEBUG -O3 -DNDEBUG   -fPIC -fdiagnostics-color=always -std=c++11 -MD -MT extension/parquet/CMakeFiles/parquet_loadable_extension.dir/__/__/third_party/snappy/snappy-sinksource.cc.o -MF extension/parquet/CMakeFiles/parquet_loadable_extension.dir/__/__/third_party/snappy/snappy-sinksource.cc.o.d -o extension/parquet/CMakeFiles/parquet_loadable_extension.dir/__/__/third_party/snappy/snappy-sinksource.cc.o -c /home/bita/Project/duckdb-polr/third_party/snappy/snappy-sinksource.cc
[173/376] /usr/bin/c++ -DDUCKDB_BUILD_LIBRARY -DDUCKDB_BUILD_LOADABLE_EXTENSION -DENABLE_CROSS_PRODUCT_REWRITE=0 -DENABLE_DEBUG_PRINT=0 -DENABLE_MEASURE_EXE_TIME=0 -DENABLE_MERGE_BACK_PLAN=0 -DENABLE_PARALLEL_EXECUTION=0 -DENABLE_QUERY_SPLIT=0 -DENABLE_SPECIFY_EST_STAT=0 -I/home/bita/Project/duckdb-polr/src/include -I/home/bita/Project/duckdb-polr/third_party/fsst -I/home/bita/Project/duckdb-polr/third_party/fmt/include -I/home/bita/Project/duckdb-polr/third_party/hyperloglog -I/home/bita/Project/duckdb-polr/third_party/fastpforlib -I/home/bita/Project/duckdb-polr/third_party/fast_float -I/home/bita/Project/duckdb-polr/third_party/re2 -I/home/bita/Project/duckdb-polr/third_party/miniz -I/home/bita/Project/duckdb-polr/third_party/utf8proc/include -I/home/bita/Project/duckdb-polr/third_party/miniparquet -I/home/bita/Project/duckdb-polr/third_party/concurrentqueue -I/home/bita/Project/duckdb-polr/third_party/pcg -I/home/bita/Project/duckdb-polr/third_party/tdigest -I/home/bita/Project/duckdb-polr/third_party/mbedtls/include -I/home/bita/Project/duckdb-polr/third_party/jaro_winkler -I/home/bita/Project/duckdb-polr/extension/parquet/include -I/home/bita/Project/duckdb-polr/extension/parquet/../../third_party/parquet -I/home/bita/Project/duckdb-polr/extension/parquet/../../third_party/snappy -I/home/bita/Project/duckdb-polr/extension/parquet/../../third_party/miniz -I/home/bita/Project/duckdb-polr/extension/parquet/../../third_party/thrift -I/home/bita/Project/duckdb-polr/extension/parquet/../../third_party/zstd/include -O3 -DNDEBUG -O3 -DNDEBUG   -fPIC -fdiagnostics-color=always -std=c++11 -MD -MT extension/parquet/CMakeFiles/parquet_loadable_extension.dir/parquet_statistics.cpp.o -MF extension/parquet/CMakeFiles/parquet_loadable_extension.dir/parquet_statistics.cpp.o.d -o extension/parquet/CMakeFiles/parquet_loadable_extension.dir/parquet_statistics.cpp.o -c /home/bita/Project/duckdb-polr/extension/parquet/parquet_statistics.cpp
[174/376] /usr/bin/c++ -DDUCKDB_BUILD_LIBRARY -DDUCKDB_BUILD_LOADABLE_EXTENSION -DENABLE_CROSS_PRODUCT_REWRITE=0 -DENABLE_DEBUG_PRINT=0 -DENABLE_MEASURE_EXE_TIME=0 -DENABLE_MERGE_BACK_PLAN=0 -DENABLE_PARALLEL_EXECUTION=0 -DENABLE_QUERY_SPLIT=0 -DENABLE_SPECIFY_EST_STAT=0 -I/home/bita/Project/duckdb-polr/src/include -I/home/bita/Project/duckdb-polr/third_party/fsst -I/home/bita/Project/duckdb-polr/third_party/fmt/include -I/home/bita/Project/duckdb-polr/third_party/hyperloglog -I/home/bita/Project/duckdb-polr/third_party/fastpforlib -I/home/bita/Project/duckdb-polr/third_party/fast_float -I/home/bita/Project/duckdb-polr/third_party/re2 -I/home/bita/Project/duckdb-polr/third_party/miniz -I/home/bita/Project/duckdb-polr/third_party/utf8proc/include -I/home/bita/Project/duckdb-polr/third_party/miniparquet -I/home/bita/Project/duckdb-polr/third_party/concurrentqueue -I/home/bita/Project/duckdb-polr/third_party/pcg -I/home/bita/Project/duckdb-polr/third_party/tdigest -I/home/bita/Project/duckdb-polr/third_party/mbedtls/include -I/home/bita/Project/duckdb-polr/third_party/jaro_winkler -I/home/bita/Project/duckdb-polr/extension/parquet/include -I/home/bita/Project/duckdb-polr/extension/parquet/../../third_party/parquet -I/home/bita/Project/duckdb-polr/extension/parquet/../../third_party/snappy -I/home/bita/Project/duckdb-polr/extension/parquet/../../third_party/miniz -I/home/bita/Project/duckdb-polr/extension/parquet/../../third_party/thrift -I/home/bita/Project/duckdb-polr/extension/parquet/../../third_party/zstd/include -O3 -DNDEBUG -O3 -DNDEBUG   -fPIC -fdiagnostics-color=always -std=c++11 -MD -MT extension/parquet/CMakeFiles/parquet_loadable_extension.dir/__/__/third_party/zstd/decompress/zstd_ddict.cpp.o -MF extension/parquet/CMakeFiles/parquet_loadable_extension.dir/__/__/third_party/zstd/decompress/zstd_ddict.cpp.o.d -o extension/parquet/CMakeFiles/parquet_loadable_extension.dir/__/__/third_party/zstd/decompress/zstd_ddict.cpp.o -c /home/bita/Project/duckdb-polr/third_party/zstd/decompress/zstd_ddict.cpp
[175/376] /usr/bin/c++ -DDUCKDB_BUILD_LIBRARY -DDUCKDB_BUILD_LOADABLE_EXTENSION -DENABLE_CROSS_PRODUCT_REWRITE=0 -DENABLE_DEBUG_PRINT=0 -DENABLE_MEASURE_EXE_TIME=0 -DENABLE_MERGE_BACK_PLAN=0 -DENABLE_PARALLEL_EXECUTION=0 -DENABLE_QUERY_SPLIT=0 -DENABLE_SPECIFY_EST_STAT=0 -I/home/bita/Project/duckdb-polr/src/include -I/home/bita/Project/duckdb-polr/third_party/fsst -I/home/bita/Project/duckdb-polr/third_party/fmt/include -I/home/bita/Project/duckdb-polr/third_party/hyperloglog -I/home/bita/Project/duckdb-polr/third_party/fastpforlib -I/home/bita/Project/duckdb-polr/third_party/fast_float -I/home/bita/Project/duckdb-polr/third_party/re2 -I/home/bita/Project/duckdb-polr/third_party/miniz -I/home/bita/Project/duckdb-polr/third_party/utf8proc/include -I/home/bita/Project/duckdb-polr/third_party/miniparquet -I/home/bita/Project/duckdb-polr/third_party/concurrentqueue -I/home/bita/Project/duckdb-polr/third_party/pcg -I/home/bita/Project/duckdb-polr/third_party/tdigest -I/home/bita/Project/duckdb-polr/third_party/mbedtls/include -I/home/bita/Project/duckdb-polr/third_party/jaro_winkler -I/home/bita/Project/duckdb-polr/extension/parquet/include -I/home/bita/Project/duckdb-polr/extension/parquet/../../third_party/parquet -I/home/bita/Project/duckdb-polr/extension/parquet/../../third_party/snappy -I/home/bita/Project/duckdb-polr/extension/parquet/../../third_party/miniz -I/home/bita/Project/duckdb-polr/extension/parquet/../../third_party/thrift -I/home/bita/Project/duckdb-polr/extension/parquet/../../third_party/zstd/include -O3 -DNDEBUG -O3 -DNDEBUG   -fPIC -fdiagnostics-color=always -std=c++11 -MD -MT extension/parquet/CMakeFiles/parquet_loadable_extension.dir/parquet_writer.cpp.o -MF extension/parquet/CMakeFiles/parquet_loadable_extension.dir/parquet_writer.cpp.o.d -o extension/parquet/CMakeFiles/parquet_loadable_extension.dir/parquet_writer.cpp.o -c /home/bita/Project/duckdb-polr/extension/parquet/parquet_writer.cpp
[176/376] /usr/bin/c++ -DDUCKDB_BUILD_LIBRARY -DDUCKDB_BUILD_LOADABLE_EXTENSION -DENABLE_CROSS_PRODUCT_REWRITE=0 -DENABLE_DEBUG_PRINT=0 -DENABLE_MEASURE_EXE_TIME=0 -DENABLE_MERGE_BACK_PLAN=0 -DENABLE_PARALLEL_EXECUTION=0 -DENABLE_QUERY_SPLIT=0 -DENABLE_SPECIFY_EST_STAT=0 -I/home/bita/Project/duckdb-polr/src/include -I/home/bita/Project/duckdb-polr/third_party/fsst -I/home/bita/Project/duckdb-polr/third_party/fmt/include -I/home/bita/Project/duckdb-polr/third_party/hyperloglog -I/home/bita/Project/duckdb-polr/third_party/fastpforlib -I/home/bita/Project/duckdb-polr/third_party/fast_float -I/home/bita/Project/duckdb-polr/third_party/re2 -I/home/bita/Project/duckdb-polr/third_party/miniz -I/home/bita/Project/duckdb-polr/third_party/utf8proc/include -I/home/bita/Project/duckdb-polr/third_party/miniparquet -I/home/bita/Project/duckdb-polr/third_party/concurrentqueue -I/home/bita/Project/duckdb-polr/third_party/pcg -I/home/bita/Project/duckdb-polr/third_party/tdigest -I/home/bita/Project/duckdb-polr/third_party/mbedtls/include -I/home/bita/Project/duckdb-polr/third_party/jaro_winkler -I/home/bita/Project/duckdb-polr/extension/parquet/include -I/home/bita/Project/duckdb-polr/extension/parquet/../../third_party/parquet -I/home/bita/Project/duckdb-polr/extension/parquet/../../third_party/snappy -I/home/bita/Project/duckdb-polr/extension/parquet/../../third_party/miniz -I/home/bita/Project/duckdb-polr/extension/parquet/../../third_party/thrift -I/home/bita/Project/duckdb-polr/extension/parquet/../../third_party/zstd/include -O3 -DNDEBUG -O3 -DNDEBUG   -fPIC -fdiagnostics-color=always -std=c++11 -MD -MT extension/parquet/CMakeFiles/parquet_loadable_extension.dir/__/__/third_party/zstd/decompress/zstd_decompress.cpp.o -MF extension/parquet/CMakeFiles/parquet_loadable_extension.dir/__/__/third_party/zstd/decompress/zstd_decompress.cpp.o.d -o extension/parquet/CMakeFiles/parquet_loadable_extension.dir/__/__/third_party/zstd/decompress/zstd_decompress.cpp.o -c /home/bita/Project/duckdb-polr/third_party/zstd/decompress/zstd_decompress.cpp
[177/376] /usr/bin/c++ -DDUCKDB_BUILD_LIBRARY -DDUCKDB_BUILD_LOADABLE_EXTENSION -DENABLE_CROSS_PRODUCT_REWRITE=0 -DENABLE_DEBUG_PRINT=0 -DENABLE_MEASURE_EXE_TIME=0 -DENABLE_MERGE_BACK_PLAN=0 -DENABLE_PARALLEL_EXECUTION=0 -DENABLE_QUERY_SPLIT=0 -DENABLE_SPECIFY_EST_STAT=0 -I/home/bita/Project/duckdb-polr/src/include -I/home/bita/Project/duckdb-polr/third_party/fsst -I/home/bita/Project/duckdb-polr/third_party/fmt/include -I/home/bita/Project/duckdb-polr/third_party/hyperloglog -I/home/bita/Project/duckdb-polr/third_party/fastpforlib -I/home/bita/Project/duckdb-polr/third_party/fast_float -I/home/bita/Project/duckdb-polr/third_party/re2 -I/home/bita/Project/duckdb-polr/third_party/miniz -I/home/bita/Project/duckdb-polr/third_party/utf8proc/include -I/home/bita/Project/duckdb-polr/third_party/miniparquet -I/home/bita/Project/duckdb-polr/third_party/concurrentqueue -I/home/bita/Project/duckdb-polr/third_party/pcg -I/home/bita/Project/duckdb-polr/third_party/tdigest -I/home/bita/Project/duckdb-polr/third_party/mbedtls/include -I/home/bita/Project/duckdb-polr/third_party/jaro_winkler -I/home/bita/Project/duckdb-polr/extension/parquet/include -I/home/bita/Project/duckdb-polr/extension/parquet/../../third_party/parquet -I/home/bita/Project/duckdb-polr/extension/parquet/../../third_party/snappy -I/home/bita/Project/duckdb-polr/extension/parquet/../../third_party/miniz -I/home/bita/Project/duckdb-polr/extension/parquet/../../third_party/thrift -I/home/bita/Project/duckdb-polr/extension/parquet/../../third_party/zstd/include -O3 -DNDEBUG -O3 -DNDEBUG   -fPIC -fdiagnostics-color=always -std=c++11 -MD -MT extension/parquet/CMakeFiles/parquet_loadable_extension.dir/__/__/third_party/zstd/common/entropy_common.cpp.o -MF extension/parquet/CMakeFiles/parquet_loadable_extension.dir/__/__/third_party/zstd/common/entropy_common.cpp.o.d -o extension/parquet/CMakeFiles/parquet_loadable_extension.dir/__/__/third_party/zstd/common/entropy_common.cpp.o -c /home/bita/Project/duckdb-polr/third_party/zstd/common/entropy_common.cpp
[178/376] /usr/bin/c++ -DDUCKDB_BUILD_LIBRARY -DDUCKDB_BUILD_LOADABLE_EXTENSION -DENABLE_CROSS_PRODUCT_REWRITE=0 -DENABLE_DEBUG_PRINT=0 -DENABLE_MEASURE_EXE_TIME=0 -DENABLE_MERGE_BACK_PLAN=0 -DENABLE_PARALLEL_EXECUTION=0 -DENABLE_QUERY_SPLIT=0 -DENABLE_SPECIFY_EST_STAT=0 -I/home/bita/Project/duckdb-polr/src/include -I/home/bita/Project/duckdb-polr/third_party/fsst -I/home/bita/Project/duckdb-polr/third_party/fmt/include -I/home/bita/Project/duckdb-polr/third_party/hyperloglog -I/home/bita/Project/duckdb-polr/third_party/fastpforlib -I/home/bita/Project/duckdb-polr/third_party/fast_float -I/home/bita/Project/duckdb-polr/third_party/re2 -I/home/bita/Project/duckdb-polr/third_party/miniz -I/home/bita/Project/duckdb-polr/third_party/utf8proc/include -I/home/bita/Project/duckdb-polr/third_party/miniparquet -I/home/bita/Project/duckdb-polr/third_party/concurrentqueue -I/home/bita/Project/duckdb-polr/third_party/pcg -I/home/bita/Project/duckdb-polr/third_party/tdigest -I/home/bita/Project/duckdb-polr/third_party/mbedtls/include -I/home/bita/Project/duckdb-polr/third_party/jaro_winkler -I/home/bita/Project/duckdb-polr/extension/parquet/include -I/home/bita/Project/duckdb-polr/extension/parquet/../../third_party/parquet -I/home/bita/Project/duckdb-polr/extension/parquet/../../third_party/snappy -I/home/bita/Project/duckdb-polr/extension/parquet/../../third_party/miniz -I/home/bita/Project/duckdb-polr/extension/parquet/../../third_party/thrift -I/home/bita/Project/duckdb-polr/extension/parquet/../../third_party/zstd/include -O3 -DNDEBUG -O3 -DNDEBUG   -fPIC -fdiagnostics-color=always -std=c++11 -MD -MT extension/parquet/CMakeFiles/parquet_loadable_extension.dir/__/__/third_party/zstd/common/zstd_common.cpp.o -MF extension/parquet/CMakeFiles/parquet_loadable_extension.dir/__/__/third_party/zstd/common/zstd_common.cpp.o.d -o extension/parquet/CMakeFiles/parquet_loadable_extension.dir/__/__/third_party/zstd/common/zstd_common.cpp.o -c /home/bita/Project/duckdb-polr/third_party/zstd/common/zstd_common.cpp
[179/376] /usr/bin/c++ -DDUCKDB_BUILD_LIBRARY -DDUCKDB_BUILD_LOADABLE_EXTENSION -DENABLE_CROSS_PRODUCT_REWRITE=0 -DENABLE_DEBUG_PRINT=0 -DENABLE_MEASURE_EXE_TIME=0 -DENABLE_MERGE_BACK_PLAN=0 -DENABLE_PARALLEL_EXECUTION=0 -DENABLE_QUERY_SPLIT=0 -DENABLE_SPECIFY_EST_STAT=0 -I/home/bita/Project/duckdb-polr/src/include -I/home/bita/Project/duckdb-polr/third_party/fsst -I/home/bita/Project/duckdb-polr/third_party/fmt/include -I/home/bita/Project/duckdb-polr/third_party/hyperloglog -I/home/bita/Project/duckdb-polr/third_party/fastpforlib -I/home/bita/Project/duckdb-polr/third_party/fast_float -I/home/bita/Project/duckdb-polr/third_party/re2 -I/home/bita/Project/duckdb-polr/third_party/miniz -I/home/bita/Project/duckdb-polr/third_party/utf8proc/include -I/home/bita/Project/duckdb-polr/third_party/miniparquet -I/home/bita/Project/duckdb-polr/third_party/concurrentqueue -I/home/bita/Project/duckdb-polr/third_party/pcg -I/home/bita/Project/duckdb-polr/third_party/tdigest -I/home/bita/Project/duckdb-polr/third_party/mbedtls/include -I/home/bita/Project/duckdb-polr/third_party/jaro_winkler -I/home/bita/Project/duckdb-polr/extension/parquet/include -I/home/bita/Project/duckdb-polr/extension/parquet/../../third_party/parquet -I/home/bita/Project/duckdb-polr/extension/parquet/../../third_party/snappy -I/home/bita/Project/duckdb-polr/extension/parquet/../../third_party/miniz -I/home/bita/Project/duckdb-polr/extension/parquet/../../third_party/thrift -I/home/bita/Project/duckdb-polr/extension/parquet/../../third_party/zstd/include -O3 -DNDEBUG -O3 -DNDEBUG   -fPIC -fdiagnostics-color=always -std=c++11 -MD -MT extension/parquet/CMakeFiles/parquet_loadable_extension.dir/__/__/third_party/zstd/common/error_private.cpp.o -MF extension/parquet/CMakeFiles/parquet_loadable_extension.dir/__/__/third_party/zstd/common/error_private.cpp.o.d -o extension/parquet/CMakeFiles/parquet_loadable_extension.dir/__/__/third_party/zstd/common/error_private.cpp.o -c /home/bita/Project/duckdb-polr/third_party/zstd/common/error_private.cpp
[180/376] /usr/bin/c++ -DDUCKDB_BUILD_LIBRARY -DDUCKDB_BUILD_LOADABLE_EXTENSION -DENABLE_CROSS_PRODUCT_REWRITE=0 -DENABLE_DEBUG_PRINT=0 -DENABLE_MEASURE_EXE_TIME=0 -DENABLE_MERGE_BACK_PLAN=0 -DENABLE_PARALLEL_EXECUTION=0 -DENABLE_QUERY_SPLIT=0 -DENABLE_SPECIFY_EST_STAT=0 -I/home/bita/Project/duckdb-polr/src/include -I/home/bita/Project/duckdb-polr/third_party/fsst -I/home/bita/Project/duckdb-polr/third_party/fmt/include -I/home/bita/Project/duckdb-polr/third_party/hyperloglog -I/home/bita/Project/duckdb-polr/third_party/fastpforlib -I/home/bita/Project/duckdb-polr/third_party/fast_float -I/home/bita/Project/duckdb-polr/third_party/re2 -I/home/bita/Project/duckdb-polr/third_party/miniz -I/home/bita/Project/duckdb-polr/third_party/utf8proc/include -I/home/bita/Project/duckdb-polr/third_party/miniparquet -I/home/bita/Project/duckdb-polr/third_party/concurrentqueue -I/home/bita/Project/duckdb-polr/third_party/pcg -I/home/bita/Project/duckdb-polr/third_party/tdigest -I/home/bita/Project/duckdb-polr/third_party/mbedtls/include -I/home/bita/Project/duckdb-polr/third_party/jaro_winkler -I/home/bita/Project/duckdb-polr/extension/parquet/include -I/home/bita/Project/duckdb-polr/extension/parquet/../../third_party/parquet -I/home/bita/Project/duckdb-polr/extension/parquet/../../third_party/snappy -I/home/bita/Project/duckdb-polr/extension/parquet/../../third_party/miniz -I/home/bita/Project/duckdb-polr/extension/parquet/../../third_party/thrift -I/home/bita/Project/duckdb-polr/extension/parquet/../../third_party/zstd/include -O3 -DNDEBUG -O3 -DNDEBUG   -fPIC -fdiagnostics-color=always -std=c++11 -MD -MT extension/parquet/CMakeFiles/parquet_loadable_extension.dir/__/__/third_party/zstd/common/fse_decompress.cpp.o -MF extension/parquet/CMakeFiles/parquet_loadable_extension.dir/__/__/third_party/zstd/common/fse_decompress.cpp.o.d -o extension/parquet/CMakeFiles/parquet_loadable_extension.dir/__/__/third_party/zstd/common/fse_decompress.cpp.o -c /home/bita/Project/duckdb-polr/third_party/zstd/common/fse_decompress.cpp
[181/376] /usr/bin/c++ -DDUCKDB_BUILD_LIBRARY -DDUCKDB_BUILD_LOADABLE_EXTENSION -DENABLE_CROSS_PRODUCT_REWRITE=0 -DENABLE_DEBUG_PRINT=0 -DENABLE_MEASURE_EXE_TIME=0 -DENABLE_MERGE_BACK_PLAN=0 -DENABLE_PARALLEL_EXECUTION=0 -DENABLE_QUERY_SPLIT=0 -DENABLE_SPECIFY_EST_STAT=0 -I/home/bita/Project/duckdb-polr/src/include -I/home/bita/Project/duckdb-polr/third_party/fsst -I/home/bita/Project/duckdb-polr/third_party/fmt/include -I/home/bita/Project/duckdb-polr/third_party/hyperloglog -I/home/bita/Project/duckdb-polr/third_party/fastpforlib -I/home/bita/Project/duckdb-polr/third_party/fast_float -I/home/bita/Project/duckdb-polr/third_party/re2 -I/home/bita/Project/duckdb-polr/third_party/miniz -I/home/bita/Project/duckdb-polr/third_party/utf8proc/include -I/home/bita/Project/duckdb-polr/third_party/miniparquet -I/home/bita/Project/duckdb-polr/third_party/concurrentqueue -I/home/bita/Project/duckdb-polr/third_party/pcg -I/home/bita/Project/duckdb-polr/third_party/tdigest -I/home/bita/Project/duckdb-polr/third_party/mbedtls/include -I/home/bita/Project/duckdb-polr/third_party/jaro_winkler -I/home/bita/Project/duckdb-polr/extension/parquet/include -I/home/bita/Project/duckdb-polr/extension/parquet/../../third_party/parquet -I/home/bita/Project/duckdb-polr/extension/parquet/../../third_party/snappy -I/home/bita/Project/duckdb-polr/extension/parquet/../../third_party/miniz -I/home/bita/Project/duckdb-polr/extension/parquet/../../third_party/thrift -I/home/bita/Project/duckdb-polr/extension/parquet/../../third_party/zstd/include -O3 -DNDEBUG -O3 -DNDEBUG   -fPIC -fdiagnostics-color=always -std=c++11 -MD -MT extension/parquet/CMakeFiles/parquet_loadable_extension.dir/__/__/third_party/snappy/snappy.cc.o -MF extension/parquet/CMakeFiles/parquet_loadable_extension.dir/__/__/third_party/snappy/snappy.cc.o.d -o extension/parquet/CMakeFiles/parquet_loadable_extension.dir/__/__/third_party/snappy/snappy.cc.o -c /home/bita/Project/duckdb-polr/third_party/snappy/snappy.cc
[182/376] /usr/bin/c++ -DDUCKDB_BUILD_LIBRARY -DDUCKDB_BUILD_LOADABLE_EXTENSION -DENABLE_CROSS_PRODUCT_REWRITE=0 -DENABLE_DEBUG_PRINT=0 -DENABLE_MEASURE_EXE_TIME=0 -DENABLE_MERGE_BACK_PLAN=0 -DENABLE_PARALLEL_EXECUTION=0 -DENABLE_QUERY_SPLIT=0 -DENABLE_SPECIFY_EST_STAT=0 -I/home/bita/Project/duckdb-polr/src/include -I/home/bita/Project/duckdb-polr/third_party/fsst -I/home/bita/Project/duckdb-polr/third_party/fmt/include -I/home/bita/Project/duckdb-polr/third_party/hyperloglog -I/home/bita/Project/duckdb-polr/third_party/fastpforlib -I/home/bita/Project/duckdb-polr/third_party/fast_float -I/home/bita/Project/duckdb-polr/third_party/re2 -I/home/bita/Project/duckdb-polr/third_party/miniz -I/home/bita/Project/duckdb-polr/third_party/utf8proc/include -I/home/bita/Project/duckdb-polr/third_party/miniparquet -I/home/bita/Project/duckdb-polr/third_party/concurrentqueue -I/home/bita/Project/duckdb-polr/third_party/pcg -I/home/bita/Project/duckdb-polr/third_party/tdigest -I/home/bita/Project/duckdb-polr/third_party/mbedtls/include -I/home/bita/Project/duckdb-polr/third_party/jaro_winkler -I/home/bita/Project/duckdb-polr/extension/parquet/include -I/home/bita/Project/duckdb-polr/extension/parquet/../../third_party/parquet -I/home/bita/Project/duckdb-polr/extension/parquet/../../third_party/snappy -I/home/bita/Project/duckdb-polr/extension/parquet/../../third_party/miniz -I/home/bita/Project/duckdb-polr/extension/parquet/../../third_party/thrift -I/home/bita/Project/duckdb-polr/extension/parquet/../../third_party/zstd/include -O3 -DNDEBUG -O3 -DNDEBUG   -fPIC -fdiagnostics-color=always -std=c++11 -MD -MT extension/parquet/CMakeFiles/parquet_loadable_extension.dir/__/__/third_party/zstd/decompress/zstd_decompress_block.cpp.o -MF extension/parquet/CMakeFiles/parquet_loadable_extension.dir/__/__/third_party/zstd/decompress/zstd_decompress_block.cpp.o.d -o extension/parquet/CMakeFiles/parquet_loadable_extension.dir/__/__/third_party/zstd/decompress/zstd_decompress_block.cpp.o -c /home/bita/Project/duckdb-polr/third_party/zstd/decompress/zstd_decompress_block.cpp
[183/376] /usr/bin/c++ -DDUCKDB_BUILD_LIBRARY -DDUCKDB_BUILD_LOADABLE_EXTENSION -DENABLE_CROSS_PRODUCT_REWRITE=0 -DENABLE_DEBUG_PRINT=0 -DENABLE_MEASURE_EXE_TIME=0 -DENABLE_MERGE_BACK_PLAN=0 -DENABLE_PARALLEL_EXECUTION=0 -DENABLE_QUERY_SPLIT=0 -DENABLE_SPECIFY_EST_STAT=0 -I/home/bita/Project/duckdb-polr/src/include -I/home/bita/Project/duckdb-polr/third_party/fsst -I/home/bita/Project/duckdb-polr/third_party/fmt/include -I/home/bita/Project/duckdb-polr/third_party/hyperloglog -I/home/bita/Project/duckdb-polr/third_party/fastpforlib -I/home/bita/Project/duckdb-polr/third_party/fast_float -I/home/bita/Project/duckdb-polr/third_party/re2 -I/home/bita/Project/duckdb-polr/third_party/miniz -I/home/bita/Project/duckdb-polr/third_party/utf8proc/include -I/home/bita/Project/duckdb-polr/third_party/miniparquet -I/home/bita/Project/duckdb-polr/third_party/concurrentqueue -I/home/bita/Project/duckdb-polr/third_party/pcg -I/home/bita/Project/duckdb-polr/third_party/tdigest -I/home/bita/Project/duckdb-polr/third_party/mbedtls/include -I/home/bita/Project/duckdb-polr/third_party/jaro_winkler -I/home/bita/Project/duckdb-polr/extension/parquet/include -I/home/bita/Project/duckdb-polr/extension/parquet/../../third_party/parquet -I/home/bita/Project/duckdb-polr/extension/parquet/../../third_party/snappy -I/home/bita/Project/duckdb-polr/extension/parquet/../../third_party/miniz -I/home/bita/Project/duckdb-polr/extension/parquet/../../third_party/thrift -I/home/bita/Project/duckdb-polr/extension/parquet/../../third_party/zstd/include -O3 -DNDEBUG -O3 -DNDEBUG   -fPIC -fdiagnostics-color=always -std=c++11 -MD -MT extension/parquet/CMakeFiles/parquet_loadable_extension.dir/__/__/third_party/zstd/common/xxhash.cpp.o -MF extension/parquet/CMakeFiles/parquet_loadable_extension.dir/__/__/third_party/zstd/common/xxhash.cpp.o.d -o extension/parquet/CMakeFiles/parquet_loadable_extension.dir/__/__/third_party/zstd/common/xxhash.cpp.o -c /home/bita/Project/duckdb-polr/third_party/zstd/common/xxhash.cpp
[184/376] /usr/bin/c++ -DDUCKDB_BUILD_LIBRARY -DDUCKDB_BUILD_LOADABLE_EXTENSION -DENABLE_CROSS_PRODUCT_REWRITE=0 -DENABLE_DEBUG_PRINT=0 -DENABLE_MEASURE_EXE_TIME=0 -DENABLE_MERGE_BACK_PLAN=0 -DENABLE_PARALLEL_EXECUTION=0 -DENABLE_QUERY_SPLIT=0 -DENABLE_SPECIFY_EST_STAT=0 -I/home/bita/Project/duckdb-polr/src/include -I/home/bita/Project/duckdb-polr/third_party/fsst -I/home/bita/Project/duckdb-polr/third_party/fmt/include -I/home/bita/Project/duckdb-polr/third_party/hyperloglog -I/home/bita/Project/duckdb-polr/third_party/fastpforlib -I/home/bita/Project/duckdb-polr/third_party/fast_float -I/home/bita/Project/duckdb-polr/third_party/re2 -I/home/bita/Project/duckdb-polr/third_party/miniz -I/home/bita/Project/duckdb-polr/third_party/utf8proc/include -I/home/bita/Project/duckdb-polr/third_party/miniparquet -I/home/bita/Project/duckdb-polr/third_party/concurrentqueue -I/home/bita/Project/duckdb-polr/third_party/pcg -I/home/bita/Project/duckdb-polr/third_party/tdigest -I/home/bita/Project/duckdb-polr/third_party/mbedtls/include -I/home/bita/Project/duckdb-polr/third_party/jaro_winkler -I/home/bita/Project/duckdb-polr/extension/parquet/include -I/home/bita/Project/duckdb-polr/extension/parquet/../../third_party/parquet -I/home/bita/Project/duckdb-polr/extension/parquet/../../third_party/snappy -I/home/bita/Project/duckdb-polr/extension/parquet/../../third_party/miniz -I/home/bita/Project/duckdb-polr/extension/parquet/../../third_party/thrift -I/home/bita/Project/duckdb-polr/extension/parquet/../../third_party/zstd/include -O3 -DNDEBUG -O3 -DNDEBUG   -fPIC -fdiagnostics-color=always -std=c++11 -MD -MT extension/parquet/CMakeFiles/parquet_loadable_extension.dir/__/__/third_party/zstd/compress/fse_compress.cpp.o -MF extension/parquet/CMakeFiles/parquet_loadable_extension.dir/__/__/third_party/zstd/compress/fse_compress.cpp.o.d -o extension/parquet/CMakeFiles/parquet_loadable_extension.dir/__/__/third_party/zstd/compress/fse_compress.cpp.o -c /home/bita/Project/duckdb-polr/third_party/zstd/compress/fse_compress.cpp
[185/376] /usr/bin/c++ -DDUCKDB_BUILD_LIBRARY -DDUCKDB_BUILD_LOADABLE_EXTENSION -DENABLE_CROSS_PRODUCT_REWRITE=0 -DENABLE_DEBUG_PRINT=0 -DENABLE_MEASURE_EXE_TIME=0 -DENABLE_MERGE_BACK_PLAN=0 -DENABLE_PARALLEL_EXECUTION=0 -DENABLE_QUERY_SPLIT=0 -DENABLE_SPECIFY_EST_STAT=0 -I/home/bita/Project/duckdb-polr/src/include -I/home/bita/Project/duckdb-polr/third_party/fsst -I/home/bita/Project/duckdb-polr/third_party/fmt/include -I/home/bita/Project/duckdb-polr/third_party/hyperloglog -I/home/bita/Project/duckdb-polr/third_party/fastpforlib -I/home/bita/Project/duckdb-polr/third_party/fast_float -I/home/bita/Project/duckdb-polr/third_party/re2 -I/home/bita/Project/duckdb-polr/third_party/miniz -I/home/bita/Project/duckdb-polr/third_party/utf8proc/include -I/home/bita/Project/duckdb-polr/third_party/miniparquet -I/home/bita/Project/duckdb-polr/third_party/concurrentqueue -I/home/bita/Project/duckdb-polr/third_party/pcg -I/home/bita/Project/duckdb-polr/third_party/tdigest -I/home/bita/Project/duckdb-polr/third_party/mbedtls/include -I/home/bita/Project/duckdb-polr/third_party/jaro_winkler -I/home/bita/Project/duckdb-polr/extension/parquet/include -I/home/bita/Project/duckdb-polr/extension/parquet/../../third_party/parquet -I/home/bita/Project/duckdb-polr/extension/parquet/../../third_party/snappy -I/home/bita/Project/duckdb-polr/extension/parquet/../../third_party/miniz -I/home/bita/Project/duckdb-polr/extension/parquet/../../third_party/thrift -I/home/bita/Project/duckdb-polr/extension/parquet/../../third_party/zstd/include -O3 -DNDEBUG -O3 -DNDEBUG   -fPIC -fdiagnostics-color=always -std=c++11 -MD -MT extension/parquet/CMakeFiles/parquet_loadable_extension.dir/__/__/third_party/zstd/compress/hist.cpp.o -MF extension/parquet/CMakeFiles/parquet_loadable_extension.dir/__/__/third_party/zstd/compress/hist.cpp.o.d -o extension/parquet/CMakeFiles/parquet_loadable_extension.dir/__/__/third_party/zstd/compress/hist.cpp.o -c /home/bita/Project/duckdb-polr/third_party/zstd/compress/hist.cpp
[186/376] /usr/bin/c++ -DDUCKDB_BUILD_LIBRARY -DDUCKDB_BUILD_LOADABLE_EXTENSION -DENABLE_CROSS_PRODUCT_REWRITE=0 -DENABLE_DEBUG_PRINT=0 -DENABLE_MEASURE_EXE_TIME=0 -DENABLE_MERGE_BACK_PLAN=0 -DENABLE_PARALLEL_EXECUTION=0 -DENABLE_QUERY_SPLIT=0 -DENABLE_SPECIFY_EST_STAT=0 -I/home/bita/Project/duckdb-polr/src/include -I/home/bita/Project/duckdb-polr/third_party/fsst -I/home/bita/Project/duckdb-polr/third_party/fmt/include -I/home/bita/Project/duckdb-polr/third_party/hyperloglog -I/home/bita/Project/duckdb-polr/third_party/fastpforlib -I/home/bita/Project/duckdb-polr/third_party/fast_float -I/home/bita/Project/duckdb-polr/third_party/re2 -I/home/bita/Project/duckdb-polr/third_party/miniz -I/home/bita/Project/duckdb-polr/third_party/utf8proc/include -I/home/bita/Project/duckdb-polr/third_party/miniparquet -I/home/bita/Project/duckdb-polr/third_party/concurrentqueue -I/home/bita/Project/duckdb-polr/third_party/pcg -I/home/bita/Project/duckdb-polr/third_party/tdigest -I/home/bita/Project/duckdb-polr/third_party/mbedtls/include -I/home/bita/Project/duckdb-polr/third_party/jaro_winkler -I/home/bita/Project/duckdb-polr/extension/parquet/include -I/home/bita/Project/duckdb-polr/extension/parquet/../../third_party/parquet -I/home/bita/Project/duckdb-polr/extension/parquet/../../third_party/snappy -I/home/bita/Project/duckdb-polr/extension/parquet/../../third_party/miniz -I/home/bita/Project/duckdb-polr/extension/parquet/../../third_party/thrift -I/home/bita/Project/duckdb-polr/extension/parquet/../../third_party/zstd/include -O3 -DNDEBUG -O3 -DNDEBUG   -fPIC -fdiagnostics-color=always -std=c++11 -MD -MT extension/parquet/CMakeFiles/parquet_loadable_extension.dir/__/__/third_party/zstd/compress/zstd_compress_literals.cpp.o -MF extension/parquet/CMakeFiles/parquet_loadable_extension.dir/__/__/third_party/zstd/compress/zstd_compress_literals.cpp.o.d -o extension/parquet/CMakeFiles/parquet_loadable_extension.dir/__/__/third_party/zstd/compress/zstd_compress_literals.cpp.o -c /home/bita/Project/duckdb-polr/third_party/zstd/compress/zstd_compress_literals.cpp
[187/376] /usr/bin/c++ -DDUCKDB_BUILD_LIBRARY -DDUCKDB_BUILD_LOADABLE_EXTENSION -DENABLE_CROSS_PRODUCT_REWRITE=0 -DENABLE_DEBUG_PRINT=0 -DENABLE_MEASURE_EXE_TIME=0 -DENABLE_MERGE_BACK_PLAN=0 -DENABLE_PARALLEL_EXECUTION=0 -DENABLE_QUERY_SPLIT=0 -DENABLE_SPECIFY_EST_STAT=0 -I/home/bita/Project/duckdb-polr/src/include -I/home/bita/Project/duckdb-polr/third_party/fsst -I/home/bita/Project/duckdb-polr/third_party/fmt/include -I/home/bita/Project/duckdb-polr/third_party/hyperloglog -I/home/bita/Project/duckdb-polr/third_party/fastpforlib -I/home/bita/Project/duckdb-polr/third_party/fast_float -I/home/bita/Project/duckdb-polr/third_party/re2 -I/home/bita/Project/duckdb-polr/third_party/miniz -I/home/bita/Project/duckdb-polr/third_party/utf8proc/include -I/home/bita/Project/duckdb-polr/third_party/miniparquet -I/home/bita/Project/duckdb-polr/third_party/concurrentqueue -I/home/bita/Project/duckdb-polr/third_party/pcg -I/home/bita/Project/duckdb-polr/third_party/tdigest -I/home/bita/Project/duckdb-polr/third_party/mbedtls/include -I/home/bita/Project/duckdb-polr/third_party/jaro_winkler -I/home/bita/Project/duckdb-polr/extension/parquet/include -I/home/bita/Project/duckdb-polr/extension/parquet/../../third_party/parquet -I/home/bita/Project/duckdb-polr/extension/parquet/../../third_party/snappy -I/home/bita/Project/duckdb-polr/extension/parquet/../../third_party/miniz -I/home/bita/Project/duckdb-polr/extension/parquet/../../third_party/thrift -I/home/bita/Project/duckdb-polr/extension/parquet/../../third_party/zstd/include -O3 -DNDEBUG -O3 -DNDEBUG   -fPIC -fdiagnostics-color=always -std=c++11 -MD -MT extension/parquet/CMakeFiles/parquet_loadable_extension.dir/__/__/third_party/zstd/decompress/huf_decompress.cpp.o -MF extension/parquet/CMakeFiles/parquet_loadable_extension.dir/__/__/third_party/zstd/decompress/huf_decompress.cpp.o.d -o extension/parquet/CMakeFiles/parquet_loadable_extension.dir/__/__/third_party/zstd/decompress/huf_decompress.cpp.o -c /home/bita/Project/duckdb-polr/third_party/zstd/decompress/huf_decompress.cpp
[188/376] /usr/bin/c++ -DDUCKDB_BUILD_LIBRARY -DDUCKDB_BUILD_LOADABLE_EXTENSION -DENABLE_CROSS_PRODUCT_REWRITE=0 -DENABLE_DEBUG_PRINT=0 -DENABLE_MEASURE_EXE_TIME=0 -DENABLE_MERGE_BACK_PLAN=0 -DENABLE_PARALLEL_EXECUTION=0 -DENABLE_QUERY_SPLIT=0 -DENABLE_SPECIFY_EST_STAT=0 -I/home/bita/Project/duckdb-polr/src/include -I/home/bita/Project/duckdb-polr/third_party/fsst -I/home/bita/Project/duckdb-polr/third_party/fmt/include -I/home/bita/Project/duckdb-polr/third_party/hyperloglog -I/home/bita/Project/duckdb-polr/third_party/fastpforlib -I/home/bita/Project/duckdb-polr/third_party/fast_float -I/home/bita/Project/duckdb-polr/third_party/re2 -I/home/bita/Project/duckdb-polr/third_party/miniz -I/home/bita/Project/duckdb-polr/third_party/utf8proc/include -I/home/bita/Project/duckdb-polr/third_party/miniparquet -I/home/bita/Project/duckdb-polr/third_party/concurrentqueue -I/home/bita/Project/duckdb-polr/third_party/pcg -I/home/bita/Project/duckdb-polr/third_party/tdigest -I/home/bita/Project/duckdb-polr/third_party/mbedtls/include -I/home/bita/Project/duckdb-polr/third_party/jaro_winkler -I/home/bita/Project/duckdb-polr/extension/parquet/include -I/home/bita/Project/duckdb-polr/extension/parquet/../../third_party/parquet -I/home/bita/Project/duckdb-polr/extension/parquet/../../third_party/snappy -I/home/bita/Project/duckdb-polr/extension/parquet/../../third_party/miniz -I/home/bita/Project/duckdb-polr/extension/parquet/../../third_party/thrift -I/home/bita/Project/duckdb-polr/extension/parquet/../../third_party/zstd/include -O3 -DNDEBUG -O3 -DNDEBUG   -fPIC -fdiagnostics-color=always -std=c++11 -MD -MT extension/parquet/CMakeFiles/parquet_loadable_extension.dir/__/__/third_party/zstd/compress/zstd_compress_sequences.cpp.o -MF extension/parquet/CMakeFiles/parquet_loadable_extension.dir/__/__/third_party/zstd/compress/zstd_compress_sequences.cpp.o.d -o extension/parquet/CMakeFiles/parquet_loadable_extension.dir/__/__/third_party/zstd/compress/zstd_compress_sequences.cpp.o -c /home/bita/Project/duckdb-polr/third_party/zstd/compress/zstd_compress_sequences.cpp
[189/376] /usr/bin/c++ -DDUCKDB_BUILD_LIBRARY -DDUCKDB_BUILD_LOADABLE_EXTENSION -DENABLE_CROSS_PRODUCT_REWRITE=0 -DENABLE_DEBUG_PRINT=0 -DENABLE_MEASURE_EXE_TIME=0 -DENABLE_MERGE_BACK_PLAN=0 -DENABLE_PARALLEL_EXECUTION=0 -DENABLE_QUERY_SPLIT=0 -DENABLE_SPECIFY_EST_STAT=0 -I/home/bita/Project/duckdb-polr/src/include -I/home/bita/Project/duckdb-polr/third_party/fsst -I/home/bita/Project/duckdb-polr/third_party/fmt/include -I/home/bita/Project/duckdb-polr/third_party/hyperloglog -I/home/bita/Project/duckdb-polr/third_party/fastpforlib -I/home/bita/Project/duckdb-polr/third_party/fast_float -I/home/bita/Project/duckdb-polr/third_party/re2 -I/home/bita/Project/duckdb-polr/third_party/miniz -I/home/bita/Project/duckdb-polr/third_party/utf8proc/include -I/home/bita/Project/duckdb-polr/third_party/miniparquet -I/home/bita/Project/duckdb-polr/third_party/concurrentqueue -I/home/bita/Project/duckdb-polr/third_party/pcg -I/home/bita/Project/duckdb-polr/third_party/tdigest -I/home/bita/Project/duckdb-polr/third_party/mbedtls/include -I/home/bita/Project/duckdb-polr/third_party/jaro_winkler -I/home/bita/Project/duckdb-polr/extension/parquet/include -I/home/bita/Project/duckdb-polr/extension/parquet/../../third_party/parquet -I/home/bita/Project/duckdb-polr/extension/parquet/../../third_party/snappy -I/home/bita/Project/duckdb-polr/extension/parquet/../../third_party/miniz -I/home/bita/Project/duckdb-polr/extension/parquet/../../third_party/thrift -I/home/bita/Project/duckdb-polr/extension/parquet/../../third_party/zstd/include -O3 -DNDEBUG -O3 -DNDEBUG   -fPIC -fdiagnostics-color=always -std=c++11 -MD -MT extension/parquet/CMakeFiles/parquet_loadable_extension.dir/__/__/third_party/zstd/compress/huf_compress.cpp.o -MF extension/parquet/CMakeFiles/parquet_loadable_extension.dir/__/__/third_party/zstd/compress/huf_compress.cpp.o.d -o extension/parquet/CMakeFiles/parquet_loadable_extension.dir/__/__/third_party/zstd/compress/huf_compress.cpp.o -c /home/bita/Project/duckdb-polr/third_party/zstd/compress/huf_compress.cpp
[190/376] /usr/bin/c++ -DDUCKDB_BUILD_LIBRARY -DDUCKDB_BUILD_LOADABLE_EXTENSION -DENABLE_CROSS_PRODUCT_REWRITE=0 -DENABLE_DEBUG_PRINT=0 -DENABLE_MEASURE_EXE_TIME=0 -DENABLE_MERGE_BACK_PLAN=0 -DENABLE_PARALLEL_EXECUTION=0 -DENABLE_QUERY_SPLIT=0 -DENABLE_SPECIFY_EST_STAT=0 -I/home/bita/Project/duckdb-polr/src/include -I/home/bita/Project/duckdb-polr/third_party/fsst -I/home/bita/Project/duckdb-polr/third_party/fmt/include -I/home/bita/Project/duckdb-polr/third_party/hyperloglog -I/home/bita/Project/duckdb-polr/third_party/fastpforlib -I/home/bita/Project/duckdb-polr/third_party/fast_float -I/home/bita/Project/duckdb-polr/third_party/re2 -I/home/bita/Project/duckdb-polr/third_party/miniz -I/home/bita/Project/duckdb-polr/third_party/utf8proc/include -I/home/bita/Project/duckdb-polr/third_party/miniparquet -I/home/bita/Project/duckdb-polr/third_party/concurrentqueue -I/home/bita/Project/duckdb-polr/third_party/pcg -I/home/bita/Project/duckdb-polr/third_party/tdigest -I/home/bita/Project/duckdb-polr/third_party/mbedtls/include -I/home/bita/Project/duckdb-polr/third_party/jaro_winkler -I/home/bita/Project/duckdb-polr/extension/parquet/include -I/home/bita/Project/duckdb-polr/extension/parquet/../../third_party/parquet -I/home/bita/Project/duckdb-polr/extension/parquet/../../third_party/snappy -I/home/bita/Project/duckdb-polr/extension/parquet/../../third_party/miniz -I/home/bita/Project/duckdb-polr/extension/parquet/../../third_party/thrift -I/home/bita/Project/duckdb-polr/extension/parquet/../../third_party/zstd/include -O3 -DNDEBUG -O3 -DNDEBUG   -fPIC -fdiagnostics-color=always -std=c++11 -MD -MT extension/parquet/CMakeFiles/parquet_loadable_extension.dir/__/__/third_party/zstd/compress/zstd_compress_superblock.cpp.o -MF extension/parquet/CMakeFiles/parquet_loadable_extension.dir/__/__/third_party/zstd/compress/zstd_compress_superblock.cpp.o.d -o extension/parquet/CMakeFiles/parquet_loadable_extension.dir/__/__/third_party/zstd/compress/zstd_compress_superblock.cpp.o -c /home/bita/Project/duckdb-polr/third_party/zstd/compress/zstd_compress_superblock.cpp
[191/376] /usr/bin/c++ -DDUCKDB_BUILD_LIBRARY -DDUCKDB_BUILD_LOADABLE_EXTENSION -DENABLE_CROSS_PRODUCT_REWRITE=0 -DENABLE_DEBUG_PRINT=0 -DENABLE_MEASURE_EXE_TIME=0 -DENABLE_MERGE_BACK_PLAN=0 -DENABLE_PARALLEL_EXECUTION=0 -DENABLE_QUERY_SPLIT=0 -DENABLE_SPECIFY_EST_STAT=0 -I/home/bita/Project/duckdb-polr/src/include -I/home/bita/Project/duckdb-polr/third_party/fsst -I/home/bita/Project/duckdb-polr/third_party/fmt/include -I/home/bita/Project/duckdb-polr/third_party/hyperloglog -I/home/bita/Project/duckdb-polr/third_party/fastpforlib -I/home/bita/Project/duckdb-polr/third_party/fast_float -I/home/bita/Project/duckdb-polr/third_party/re2 -I/home/bita/Project/duckdb-polr/third_party/miniz -I/home/bita/Project/duckdb-polr/third_party/utf8proc/include -I/home/bita/Project/duckdb-polr/third_party/miniparquet -I/home/bita/Project/duckdb-polr/third_party/concurrentqueue -I/home/bita/Project/duckdb-polr/third_party/pcg -I/home/bita/Project/duckdb-polr/third_party/tdigest -I/home/bita/Project/duckdb-polr/third_party/mbedtls/include -I/home/bita/Project/duckdb-polr/third_party/jaro_winkler -I/home/bita/Project/duckdb-polr/extension/parquet/include -I/home/bita/Project/duckdb-polr/extension/parquet/../../third_party/parquet -I/home/bita/Project/duckdb-polr/extension/parquet/../../third_party/snappy -I/home/bita/Project/duckdb-polr/extension/parquet/../../third_party/miniz -I/home/bita/Project/duckdb-polr/extension/parquet/../../third_party/thrift -I/home/bita/Project/duckdb-polr/extension/parquet/../../third_party/zstd/include -O3 -DNDEBUG -O3 -DNDEBUG   -fPIC -fdiagnostics-color=always -std=c++11 -MD -MT extension/parquet/CMakeFiles/parquet_loadable_extension.dir/column_writer.cpp.o -MF extension/parquet/CMakeFiles/parquet_loadable_extension.dir/column_writer.cpp.o.d -o extension/parquet/CMakeFiles/parquet_loadable_extension.dir/column_writer.cpp.o -c /home/bita/Project/duckdb-polr/extension/parquet/column_writer.cpp
[192/376] /usr/bin/c++ -DDUCKDB_BUILD_LIBRARY -DDUCKDB_BUILD_LOADABLE_EXTENSION -DENABLE_CROSS_PRODUCT_REWRITE=0 -DENABLE_DEBUG_PRINT=0 -DENABLE_MEASURE_EXE_TIME=0 -DENABLE_MERGE_BACK_PLAN=0 -DENABLE_PARALLEL_EXECUTION=0 -DENABLE_QUERY_SPLIT=0 -DENABLE_SPECIFY_EST_STAT=0 -I/home/bita/Project/duckdb-polr/src/include -I/home/bita/Project/duckdb-polr/third_party/fsst -I/home/bita/Project/duckdb-polr/third_party/fmt/include -I/home/bita/Project/duckdb-polr/third_party/hyperloglog -I/home/bita/Project/duckdb-polr/third_party/fastpforlib -I/home/bita/Project/duckdb-polr/third_party/fast_float -I/home/bita/Project/duckdb-polr/third_party/re2 -I/home/bita/Project/duckdb-polr/third_party/miniz -I/home/bita/Project/duckdb-polr/third_party/utf8proc/include -I/home/bita/Project/duckdb-polr/third_party/miniparquet -I/home/bita/Project/duckdb-polr/third_party/concurrentqueue -I/home/bita/Project/duckdb-polr/third_party/pcg -I/home/bita/Project/duckdb-polr/third_party/tdigest -I/home/bita/Project/duckdb-polr/third_party/mbedtls/include -I/home/bita/Project/duckdb-polr/third_party/jaro_winkler -I/home/bita/Project/duckdb-polr/extension/parquet/include -I/home/bita/Project/duckdb-polr/extension/parquet/../../third_party/parquet -I/home/bita/Project/duckdb-polr/extension/parquet/../../third_party/snappy -I/home/bita/Project/duckdb-polr/extension/parquet/../../third_party/miniz -I/home/bita/Project/duckdb-polr/extension/parquet/../../third_party/thrift -I/home/bita/Project/duckdb-polr/extension/parquet/../../third_party/zstd/include -O3 -DNDEBUG -O3 -DNDEBUG   -fPIC -fdiagnostics-color=always -std=c++11 -MD -MT extension/parquet/CMakeFiles/parquet_loadable_extension.dir/__/__/third_party/zstd/compress/zstd_ldm.cpp.o -MF extension/parquet/CMakeFiles/parquet_loadable_extension.dir/__/__/third_party/zstd/compress/zstd_ldm.cpp.o.d -o extension/parquet/CMakeFiles/parquet_loadable_extension.dir/__/__/third_party/zstd/compress/zstd_ldm.cpp.o -c /home/bita/Project/duckdb-polr/third_party/zstd/compress/zstd_ldm.cpp
[193/376] /usr/bin/c++ -DDUCKDB_BUILD_LIBRARY -DDUCKDB_BUILD_LOADABLE_EXTENSION -DENABLE_CROSS_PRODUCT_REWRITE=0 -DENABLE_DEBUG_PRINT=0 -DENABLE_MEASURE_EXE_TIME=0 -DENABLE_MERGE_BACK_PLAN=0 -DENABLE_PARALLEL_EXECUTION=0 -DENABLE_QUERY_SPLIT=0 -DENABLE_SPECIFY_EST_STAT=0 -I/home/bita/Project/duckdb-polr/src/include -I/home/bita/Project/duckdb-polr/third_party/fsst -I/home/bita/Project/duckdb-polr/third_party/fmt/include -I/home/bita/Project/duckdb-polr/third_party/hyperloglog -I/home/bita/Project/duckdb-polr/third_party/fastpforlib -I/home/bita/Project/duckdb-polr/third_party/fast_float -I/home/bita/Project/duckdb-polr/third_party/re2 -I/home/bita/Project/duckdb-polr/third_party/miniz -I/home/bita/Project/duckdb-polr/third_party/utf8proc/include -I/home/bita/Project/duckdb-polr/third_party/miniparquet -I/home/bita/Project/duckdb-polr/third_party/concurrentqueue -I/home/bita/Project/duckdb-polr/third_party/pcg -I/home/bita/Project/duckdb-polr/third_party/tdigest -I/home/bita/Project/duckdb-polr/third_party/mbedtls/include -I/home/bita/Project/duckdb-polr/third_party/jaro_winkler -I/home/bita/Project/duckdb-polr/extension/parquet/include -I/home/bita/Project/duckdb-polr/extension/parquet/../../third_party/parquet -I/home/bita/Project/duckdb-polr/extension/parquet/../../third_party/snappy -I/home/bita/Project/duckdb-polr/extension/parquet/../../third_party/miniz -I/home/bita/Project/duckdb-polr/extension/parquet/../../third_party/thrift -I/home/bita/Project/duckdb-polr/extension/parquet/../../third_party/zstd/include -O3 -DNDEBUG -O3 -DNDEBUG   -fPIC -fdiagnostics-color=always -std=c++11 -MD -MT extension/parquet/CMakeFiles/parquet_loadable_extension.dir/__/__/third_party/zstd/compress/zstd_compress.cpp.o -MF extension/parquet/CMakeFiles/parquet_loadable_extension.dir/__/__/third_party/zstd/compress/zstd_compress.cpp.o.d -o extension/parquet/CMakeFiles/parquet_loadable_extension.dir/__/__/third_party/zstd/compress/zstd_compress.cpp.o -c /home/bita/Project/duckdb-polr/third_party/zstd/compress/zstd_compress.cpp
[194/376] /usr/bin/c++ -DDUCKDB_BUILD_LIBRARY -DDUCKDB_BUILD_LOADABLE_EXTENSION -DENABLE_CROSS_PRODUCT_REWRITE=0 -DENABLE_DEBUG_PRINT=0 -DENABLE_MEASURE_EXE_TIME=0 -DENABLE_MERGE_BACK_PLAN=0 -DENABLE_PARALLEL_EXECUTION=0 -DENABLE_QUERY_SPLIT=0 -DENABLE_SPECIFY_EST_STAT=0 -I/home/bita/Project/duckdb-polr/src/include -I/home/bita/Project/duckdb-polr/third_party/fsst -I/home/bita/Project/duckdb-polr/third_party/fmt/include -I/home/bita/Project/duckdb-polr/third_party/hyperloglog -I/home/bita/Project/duckdb-polr/third_party/fastpforlib -I/home/bita/Project/duckdb-polr/third_party/fast_float -I/home/bita/Project/duckdb-polr/third_party/re2 -I/home/bita/Project/duckdb-polr/third_party/miniz -I/home/bita/Project/duckdb-polr/third_party/utf8proc/include -I/home/bita/Project/duckdb-polr/third_party/miniparquet -I/home/bita/Project/duckdb-polr/third_party/concurrentqueue -I/home/bita/Project/duckdb-polr/third_party/pcg -I/home/bita/Project/duckdb-polr/third_party/tdigest -I/home/bita/Project/duckdb-polr/third_party/mbedtls/include -I/home/bita/Project/duckdb-polr/third_party/jaro_winkler -I/home/bita/Project/duckdb-polr/extension/parquet/include -I/home/bita/Project/duckdb-polr/extension/parquet/../../third_party/parquet -I/home/bita/Project/duckdb-polr/extension/parquet/../../third_party/snappy -I/home/bita/Project/duckdb-polr/extension/parquet/../../third_party/miniz -I/home/bita/Project/duckdb-polr/extension/parquet/../../third_party/thrift -I/home/bita/Project/duckdb-polr/extension/parquet/../../third_party/zstd/include -O3 -DNDEBUG -O3 -DNDEBUG   -fPIC -fdiagnostics-color=always -std=c++11 -MD -MT extension/parquet/CMakeFiles/parquet_loadable_extension.dir/parquet-extension.cpp.o -MF extension/parquet/CMakeFiles/parquet_loadable_extension.dir/parquet-extension.cpp.o.d -o extension/parquet/CMakeFiles/parquet_loadable_extension.dir/parquet-extension.cpp.o -c /home/bita/Project/duckdb-polr/extension/parquet/parquet-extension.cpp
[195/376] /usr/bin/c++ -DDUCKDB_BUILD_LIBRARY -DDUCKDB_BUILD_LOADABLE_EXTENSION -DENABLE_CROSS_PRODUCT_REWRITE=0 -DENABLE_DEBUG_PRINT=0 -DENABLE_MEASURE_EXE_TIME=0 -DENABLE_MERGE_BACK_PLAN=0 -DENABLE_PARALLEL_EXECUTION=0 -DENABLE_QUERY_SPLIT=0 -DENABLE_SPECIFY_EST_STAT=0 -I/home/bita/Project/duckdb-polr/src/include -I/home/bita/Project/duckdb-polr/third_party/fsst -I/home/bita/Project/duckdb-polr/third_party/fmt/include -I/home/bita/Project/duckdb-polr/third_party/hyperloglog -I/home/bita/Project/duckdb-polr/third_party/fastpforlib -I/home/bita/Project/duckdb-polr/third_party/fast_float -I/home/bita/Project/duckdb-polr/third_party/re2 -I/home/bita/Project/duckdb-polr/third_party/miniz -I/home/bita/Project/duckdb-polr/third_party/utf8proc/include -I/home/bita/Project/duckdb-polr/third_party/miniparquet -I/home/bita/Project/duckdb-polr/third_party/concurrentqueue -I/home/bita/Project/duckdb-polr/third_party/pcg -I/home/bita/Project/duckdb-polr/third_party/tdigest -I/home/bita/Project/duckdb-polr/third_party/mbedtls/include -I/home/bita/Project/duckdb-polr/third_party/jaro_winkler -I/home/bita/Project/duckdb-polr/extension/parquet/include -I/home/bita/Project/duckdb-polr/extension/parquet/../../third_party/parquet -I/home/bita/Project/duckdb-polr/extension/parquet/../../third_party/snappy -I/home/bita/Project/duckdb-polr/extension/parquet/../../third_party/miniz -I/home/bita/Project/duckdb-polr/extension/parquet/../../third_party/thrift -I/home/bita/Project/duckdb-polr/extension/parquet/../../third_party/zstd/include -O3 -DNDEBUG -O3 -DNDEBUG   -fPIC -fdiagnostics-color=always -std=c++11 -MD -MT extension/parquet/CMakeFiles/parquet_loadable_extension.dir/__/__/third_party/zstd/compress/zstd_fast.cpp.o -MF extension/parquet/CMakeFiles/parquet_loadable_extension.dir/__/__/third_party/zstd/compress/zstd_fast.cpp.o.d -o extension/parquet/CMakeFiles/parquet_loadable_extension.dir/__/__/third_party/zstd/compress/zstd_fast.cpp.o -c /home/bita/Project/duckdb-polr/third_party/zstd/compress/zstd_fast.cpp
[196/376] /usr/bin/c++ -DDUCKDB_BUILD_LIBRARY -DDUCKDB_BUILD_LOADABLE_EXTENSION -DENABLE_CROSS_PRODUCT_REWRITE=0 -DENABLE_DEBUG_PRINT=0 -DENABLE_MEASURE_EXE_TIME=0 -DENABLE_MERGE_BACK_PLAN=0 -DENABLE_PARALLEL_EXECUTION=0 -DENABLE_QUERY_SPLIT=0 -DENABLE_SPECIFY_EST_STAT=0 -I/home/bita/Project/duckdb-polr/src/include -I/home/bita/Project/duckdb-polr/third_party/fsst -I/home/bita/Project/duckdb-polr/third_party/fmt/include -I/home/bita/Project/duckdb-polr/third_party/hyperloglog -I/home/bita/Project/duckdb-polr/third_party/fastpforlib -I/home/bita/Project/duckdb-polr/third_party/fast_float -I/home/bita/Project/duckdb-polr/third_party/re2 -I/home/bita/Project/duckdb-polr/third_party/miniz -I/home/bita/Project/duckdb-polr/third_party/utf8proc/include -I/home/bita/Project/duckdb-polr/third_party/miniparquet -I/home/bita/Project/duckdb-polr/third_party/concurrentqueue -I/home/bita/Project/duckdb-polr/third_party/pcg -I/home/bita/Project/duckdb-polr/third_party/tdigest -I/home/bita/Project/duckdb-polr/third_party/mbedtls/include -I/home/bita/Project/duckdb-polr/third_party/jaro_winkler -I/home/bita/Project/duckdb-polr/extension/parquet/include -I/home/bita/Project/duckdb-polr/extension/parquet/../../third_party/parquet -I/home/bita/Project/duckdb-polr/extension/parquet/../../third_party/snappy -I/home/bita/Project/duckdb-polr/extension/parquet/../../third_party/miniz -I/home/bita/Project/duckdb-polr/extension/parquet/../../third_party/thrift -I/home/bita/Project/duckdb-polr/extension/parquet/../../third_party/zstd/include -O3 -DNDEBUG -O3 -DNDEBUG   -fPIC -fdiagnostics-color=always -std=c++11 -MD -MT extension/parquet/CMakeFiles/parquet_loadable_extension.dir/parquet_reader.cpp.o -MF extension/parquet/CMakeFiles/parquet_loadable_extension.dir/parquet_reader.cpp.o.d -o extension/parquet/CMakeFiles/parquet_loadable_extension.dir/parquet_reader.cpp.o -c /home/bita/Project/duckdb-polr/extension/parquet/parquet_reader.cpp
[197/376] /usr/bin/c++ -DDUCKDB_BUILD_LIBRARY -DENABLE_CROSS_PRODUCT_REWRITE=0 -DENABLE_DEBUG_PRINT=0 -DENABLE_MEASURE_EXE_TIME=0 -DENABLE_MERGE_BACK_PLAN=0 -DENABLE_PARALLEL_EXECUTION=0 -DENABLE_QUERY_SPLIT=0 -DENABLE_SPECIFY_EST_STAT=0 -DJEMALLOC_NO_PRIVATE_NAMESPACE -DJEMALLOC_NO_RENAME -I/home/bita/Project/duckdb-polr/src/include -I/home/bita/Project/duckdb-polr/third_party/fsst -I/home/bita/Project/duckdb-polr/third_party/fmt/include -I/home/bita/Project/duckdb-polr/third_party/hyperloglog -I/home/bita/Project/duckdb-polr/third_party/fastpforlib -I/home/bita/Project/duckdb-polr/third_party/fast_float -I/home/bita/Project/duckdb-polr/third_party/re2 -I/home/bita/Project/duckdb-polr/third_party/miniz -I/home/bita/Project/duckdb-polr/third_party/utf8proc/include -I/home/bita/Project/duckdb-polr/third_party/miniparquet -I/home/bita/Project/duckdb-polr/third_party/concurrentqueue -I/home/bita/Project/duckdb-polr/third_party/pcg -I/home/bita/Project/duckdb-polr/third_party/tdigest -I/home/bita/Project/duckdb-polr/third_party/mbedtls/include -I/home/bita/Project/duckdb-polr/third_party/jaro_winkler -I/home/bita/Project/duckdb-polr/extension/jemalloc/include -I/home/bita/Project/duckdb-polr/extension/jemalloc/jemalloc/include -O3 -DNDEBUG -O3 -DNDEBUG   -fPIC -fdiagnostics-color=always -w -std=c++11 -MD -MT extension/jemalloc/jemalloc/CMakeFiles/jemalloc.dir/src/arena.cpp.o -MF extension/jemalloc/jemalloc/CMakeFiles/jemalloc.dir/src/arena.cpp.o.d -o extension/jemalloc/jemalloc/CMakeFiles/jemalloc.dir/src/arena.cpp.o -c /home/bita/Project/duckdb-polr/extension/jemalloc/jemalloc/src/arena.cpp
[198/376] /usr/bin/c++ -DDUCKDB_BUILD_LIBRARY -DENABLE_CROSS_PRODUCT_REWRITE=0 -DENABLE_DEBUG_PRINT=0 -DENABLE_MEASURE_EXE_TIME=0 -DENABLE_MERGE_BACK_PLAN=0 -DENABLE_PARALLEL_EXECUTION=0 -DENABLE_QUERY_SPLIT=0 -DENABLE_SPECIFY_EST_STAT=0 -DJEMALLOC_NO_PRIVATE_NAMESPACE -DJEMALLOC_NO_RENAME -I/home/bita/Project/duckdb-polr/src/include -I/home/bita/Project/duckdb-polr/third_party/fsst -I/home/bita/Project/duckdb-polr/third_party/fmt/include -I/home/bita/Project/duckdb-polr/third_party/hyperloglog -I/home/bita/Project/duckdb-polr/third_party/fastpforlib -I/home/bita/Project/duckdb-polr/third_party/fast_float -I/home/bita/Project/duckdb-polr/third_party/re2 -I/home/bita/Project/duckdb-polr/third_party/miniz -I/home/bita/Project/duckdb-polr/third_party/utf8proc/include -I/home/bita/Project/duckdb-polr/third_party/miniparquet -I/home/bita/Project/duckdb-polr/third_party/concurrentqueue -I/home/bita/Project/duckdb-polr/third_party/pcg -I/home/bita/Project/duckdb-polr/third_party/tdigest -I/home/bita/Project/duckdb-polr/third_party/mbedtls/include -I/home/bita/Project/duckdb-polr/third_party/jaro_winkler -I/home/bita/Project/duckdb-polr/extension/jemalloc/include -I/home/bita/Project/duckdb-polr/extension/jemalloc/jemalloc/include -O3 -DNDEBUG -O3 -DNDEBUG   -fPIC -fdiagnostics-color=always -w -std=c++11 -MD -MT extension/jemalloc/jemalloc/CMakeFiles/jemalloc.dir/src/background_thread.cpp.o -MF extension/jemalloc/jemalloc/CMakeFiles/jemalloc.dir/src/background_thread.cpp.o.d -o extension/jemalloc/jemalloc/CMakeFiles/jemalloc.dir/src/background_thread.cpp.o -c /home/bita/Project/duckdb-polr/extension/jemalloc/jemalloc/src/background_thread.cpp
[199/376] /usr/bin/c++ -DDUCKDB_BUILD_LIBRARY -DENABLE_CROSS_PRODUCT_REWRITE=0 -DENABLE_DEBUG_PRINT=0 -DENABLE_MEASURE_EXE_TIME=0 -DENABLE_MERGE_BACK_PLAN=0 -DENABLE_PARALLEL_EXECUTION=0 -DENABLE_QUERY_SPLIT=0 -DENABLE_SPECIFY_EST_STAT=0 -DJEMALLOC_NO_PRIVATE_NAMESPACE -DJEMALLOC_NO_RENAME -I/home/bita/Project/duckdb-polr/src/include -I/home/bita/Project/duckdb-polr/third_party/fsst -I/home/bita/Project/duckdb-polr/third_party/fmt/include -I/home/bita/Project/duckdb-polr/third_party/hyperloglog -I/home/bita/Project/duckdb-polr/third_party/fastpforlib -I/home/bita/Project/duckdb-polr/third_party/fast_float -I/home/bita/Project/duckdb-polr/third_party/re2 -I/home/bita/Project/duckdb-polr/third_party/miniz -I/home/bita/Project/duckdb-polr/third_party/utf8proc/include -I/home/bita/Project/duckdb-polr/third_party/miniparquet -I/home/bita/Project/duckdb-polr/third_party/concurrentqueue -I/home/bita/Project/duckdb-polr/third_party/pcg -I/home/bita/Project/duckdb-polr/third_party/tdigest -I/home/bita/Project/duckdb-polr/third_party/mbedtls/include -I/home/bita/Project/duckdb-polr/third_party/jaro_winkler -I/home/bita/Project/duckdb-polr/extension/jemalloc/include -I/home/bita/Project/duckdb-polr/extension/jemalloc/jemalloc/include -O3 -DNDEBUG -O3 -DNDEBUG   -fPIC -fdiagnostics-color=always -w -std=c++11 -MD -MT extension/jemalloc/jemalloc/CMakeFiles/jemalloc.dir/src/bin.cpp.o -MF extension/jemalloc/jemalloc/CMakeFiles/jemalloc.dir/src/bin.cpp.o.d -o extension/jemalloc/jemalloc/CMakeFiles/jemalloc.dir/src/bin.cpp.o -c /home/bita/Project/duckdb-polr/extension/jemalloc/jemalloc/src/bin.cpp
[200/376] /usr/bin/c++ -DDUCKDB_BUILD_LIBRARY -DENABLE_CROSS_PRODUCT_REWRITE=0 -DENABLE_DEBUG_PRINT=0 -DENABLE_MEASURE_EXE_TIME=0 -DENABLE_MERGE_BACK_PLAN=0 -DENABLE_PARALLEL_EXECUTION=0 -DENABLE_QUERY_SPLIT=0 -DENABLE_SPECIFY_EST_STAT=0 -DJEMALLOC_NO_PRIVATE_NAMESPACE -DJEMALLOC_NO_RENAME -I/home/bita/Project/duckdb-polr/src/include -I/home/bita/Project/duckdb-polr/third_party/fsst -I/home/bita/Project/duckdb-polr/third_party/fmt/include -I/home/bita/Project/duckdb-polr/third_party/hyperloglog -I/home/bita/Project/duckdb-polr/third_party/fastpforlib -I/home/bita/Project/duckdb-polr/third_party/fast_float -I/home/bita/Project/duckdb-polr/third_party/re2 -I/home/bita/Project/duckdb-polr/third_party/miniz -I/home/bita/Project/duckdb-polr/third_party/utf8proc/include -I/home/bita/Project/duckdb-polr/third_party/miniparquet -I/home/bita/Project/duckdb-polr/third_party/concurrentqueue -I/home/bita/Project/duckdb-polr/third_party/pcg -I/home/bita/Project/duckdb-polr/third_party/tdigest -I/home/bita/Project/duckdb-polr/third_party/mbedtls/include -I/home/bita/Project/duckdb-polr/third_party/jaro_winkler -I/home/bita/Project/duckdb-polr/extension/jemalloc/include -I/home/bita/Project/duckdb-polr/extension/jemalloc/jemalloc/include -O3 -DNDEBUG -O3 -DNDEBUG   -fPIC -fdiagnostics-color=always -w -std=c++11 -MD -MT extension/jemalloc/jemalloc/CMakeFiles/jemalloc.dir/src/base.cpp.o -MF extension/jemalloc/jemalloc/CMakeFiles/jemalloc.dir/src/base.cpp.o.d -o extension/jemalloc/jemalloc/CMakeFiles/jemalloc.dir/src/base.cpp.o -c /home/bita/Project/duckdb-polr/extension/jemalloc/jemalloc/src/base.cpp
[201/376] /usr/bin/c++ -DDUCKDB_BUILD_LIBRARY -DENABLE_CROSS_PRODUCT_REWRITE=0 -DENABLE_DEBUG_PRINT=0 -DENABLE_MEASURE_EXE_TIME=0 -DENABLE_MERGE_BACK_PLAN=0 -DENABLE_PARALLEL_EXECUTION=0 -DENABLE_QUERY_SPLIT=0 -DENABLE_SPECIFY_EST_STAT=0 -DJEMALLOC_NO_PRIVATE_NAMESPACE -DJEMALLOC_NO_RENAME -I/home/bita/Project/duckdb-polr/src/include -I/home/bita/Project/duckdb-polr/third_party/fsst -I/home/bita/Project/duckdb-polr/third_party/fmt/include -I/home/bita/Project/duckdb-polr/third_party/hyperloglog -I/home/bita/Project/duckdb-polr/third_party/fastpforlib -I/home/bita/Project/duckdb-polr/third_party/fast_float -I/home/bita/Project/duckdb-polr/third_party/re2 -I/home/bita/Project/duckdb-polr/third_party/miniz -I/home/bita/Project/duckdb-polr/third_party/utf8proc/include -I/home/bita/Project/duckdb-polr/third_party/miniparquet -I/home/bita/Project/duckdb-polr/third_party/concurrentqueue -I/home/bita/Project/duckdb-polr/third_party/pcg -I/home/bita/Project/duckdb-polr/third_party/tdigest -I/home/bita/Project/duckdb-polr/third_party/mbedtls/include -I/home/bita/Project/duckdb-polr/third_party/jaro_winkler -I/home/bita/Project/duckdb-polr/extension/jemalloc/include -I/home/bita/Project/duckdb-polr/extension/jemalloc/jemalloc/include -O3 -DNDEBUG -O3 -DNDEBUG   -fPIC -fdiagnostics-color=always -w -std=c++11 -MD -MT extension/jemalloc/jemalloc/CMakeFiles/jemalloc.dir/src/bin_info.cpp.o -MF extension/jemalloc/jemalloc/CMakeFiles/jemalloc.dir/src/bin_info.cpp.o.d -o extension/jemalloc/jemalloc/CMakeFiles/jemalloc.dir/src/bin_info.cpp.o -c /home/bita/Project/duckdb-polr/extension/jemalloc/jemalloc/src/bin_info.cpp
[202/376] /usr/bin/c++ -DDUCKDB_BUILD_LIBRARY -DENABLE_CROSS_PRODUCT_REWRITE=0 -DENABLE_DEBUG_PRINT=0 -DENABLE_MEASURE_EXE_TIME=0 -DENABLE_MERGE_BACK_PLAN=0 -DENABLE_PARALLEL_EXECUTION=0 -DENABLE_QUERY_SPLIT=0 -DENABLE_SPECIFY_EST_STAT=0 -I/home/bita/Project/duckdb-polr/src/include -I/home/bita/Project/duckdb-polr/third_party/fsst -I/home/bita/Project/duckdb-polr/third_party/fmt/include -I/home/bita/Project/duckdb-polr/third_party/hyperloglog -I/home/bita/Project/duckdb-polr/third_party/fastpforlib -I/home/bita/Project/duckdb-polr/third_party/fast_float -I/home/bita/Project/duckdb-polr/third_party/re2 -I/home/bita/Project/duckdb-polr/third_party/miniz -I/home/bita/Project/duckdb-polr/third_party/utf8proc/include -I/home/bita/Project/duckdb-polr/third_party/miniparquet -I/home/bita/Project/duckdb-polr/third_party/concurrentqueue -I/home/bita/Project/duckdb-polr/third_party/pcg -I/home/bita/Project/duckdb-polr/third_party/tdigest -I/home/bita/Project/duckdb-polr/third_party/mbedtls/include -I/home/bita/Project/duckdb-polr/third_party/jaro_winkler -I/home/bita/Project/duckdb-polr/extension/jemalloc/include -I/home/bita/Project/duckdb-polr/extension/jemalloc/jemalloc/include -O3 -DNDEBUG -O3 -DNDEBUG   -fPIC -fdiagnostics-color=always -std=c++11 -MD -MT extension/jemalloc/CMakeFiles/jemalloc_extension.dir/jemalloc-extension.cpp.o -MF extension/jemalloc/CMakeFiles/jemalloc_extension.dir/jemalloc-extension.cpp.o.d -o extension/jemalloc/CMakeFiles/jemalloc_extension.dir/jemalloc-extension.cpp.o -c /home/bita/Project/duckdb-polr/extension/jemalloc/jemalloc-extension.cpp
[203/376] /usr/bin/c++ -DDUCKDB_BUILD_LIBRARY -DENABLE_CROSS_PRODUCT_REWRITE=0 -DENABLE_DEBUG_PRINT=0 -DENABLE_MEASURE_EXE_TIME=0 -DENABLE_MERGE_BACK_PLAN=0 -DENABLE_PARALLEL_EXECUTION=0 -DENABLE_QUERY_SPLIT=0 -DENABLE_SPECIFY_EST_STAT=0 -DJEMALLOC_NO_PRIVATE_NAMESPACE -DJEMALLOC_NO_RENAME -I/home/bita/Project/duckdb-polr/src/include -I/home/bita/Project/duckdb-polr/third_party/fsst -I/home/bita/Project/duckdb-polr/third_party/fmt/include -I/home/bita/Project/duckdb-polr/third_party/hyperloglog -I/home/bita/Project/duckdb-polr/third_party/fastpforlib -I/home/bita/Project/duckdb-polr/third_party/fast_float -I/home/bita/Project/duckdb-polr/third_party/re2 -I/home/bita/Project/duckdb-polr/third_party/miniz -I/home/bita/Project/duckdb-polr/third_party/utf8proc/include -I/home/bita/Project/duckdb-polr/third_party/miniparquet -I/home/bita/Project/duckdb-polr/third_party/concurrentqueue -I/home/bita/Project/duckdb-polr/third_party/pcg -I/home/bita/Project/duckdb-polr/third_party/tdigest -I/home/bita/Project/duckdb-polr/third_party/mbedtls/include -I/home/bita/Project/duckdb-polr/third_party/jaro_winkler -I/home/bita/Project/duckdb-polr/extension/jemalloc/include -I/home/bita/Project/duckdb-polr/extension/jemalloc/jemalloc/include -O3 -DNDEBUG -O3 -DNDEBUG   -fPIC -fdiagnostics-color=always -w -std=c++11 -MD -MT extension/jemalloc/jemalloc/CMakeFiles/jemalloc.dir/src/bitmap.cpp.o -MF extension/jemalloc/jemalloc/CMakeFiles/jemalloc.dir/src/bitmap.cpp.o.d -o extension/jemalloc/jemalloc/CMakeFiles/jemalloc.dir/src/bitmap.cpp.o -c /home/bita/Project/duckdb-polr/extension/jemalloc/jemalloc/src/bitmap.cpp
[204/376] /usr/bin/c++ -DDUCKDB_BUILD_LIBRARY -DDUCKDB_BUILD_LOADABLE_EXTENSION -DENABLE_CROSS_PRODUCT_REWRITE=0 -DENABLE_DEBUG_PRINT=0 -DENABLE_MEASURE_EXE_TIME=0 -DENABLE_MERGE_BACK_PLAN=0 -DENABLE_PARALLEL_EXECUTION=0 -DENABLE_QUERY_SPLIT=0 -DENABLE_SPECIFY_EST_STAT=0 -I/home/bita/Project/duckdb-polr/src/include -I/home/bita/Project/duckdb-polr/third_party/fsst -I/home/bita/Project/duckdb-polr/third_party/fmt/include -I/home/bita/Project/duckdb-polr/third_party/hyperloglog -I/home/bita/Project/duckdb-polr/third_party/fastpforlib -I/home/bita/Project/duckdb-polr/third_party/fast_float -I/home/bita/Project/duckdb-polr/third_party/re2 -I/home/bita/Project/duckdb-polr/third_party/miniz -I/home/bita/Project/duckdb-polr/third_party/utf8proc/include -I/home/bita/Project/duckdb-polr/third_party/miniparquet -I/home/bita/Project/duckdb-polr/third_party/concurrentqueue -I/home/bita/Project/duckdb-polr/third_party/pcg -I/home/bita/Project/duckdb-polr/third_party/tdigest -I/home/bita/Project/duckdb-polr/third_party/mbedtls/include -I/home/bita/Project/duckdb-polr/third_party/jaro_winkler -I/home/bita/Project/duckdb-polr/extension/parquet/include -I/home/bita/Project/duckdb-polr/extension/parquet/../../third_party/parquet -I/home/bita/Project/duckdb-polr/extension/parquet/../../third_party/snappy -I/home/bita/Project/duckdb-polr/extension/parquet/../../third_party/miniz -I/home/bita/Project/duckdb-polr/extension/parquet/../../third_party/thrift -I/home/bita/Project/duckdb-polr/extension/parquet/../../third_party/zstd/include -O3 -DNDEBUG -O3 -DNDEBUG   -fPIC -fdiagnostics-color=always -std=c++11 -MD -MT extension/parquet/CMakeFiles/parquet_loadable_extension.dir/__/__/third_party/zstd/compress/zstd_double_fast.cpp.o -MF extension/parquet/CMakeFiles/parquet_loadable_extension.dir/__/__/third_party/zstd/compress/zstd_double_fast.cpp.o.d -o extension/parquet/CMakeFiles/parquet_loadable_extension.dir/__/__/third_party/zstd/compress/zstd_double_fast.cpp.o -c /home/bita/Project/duckdb-polr/third_party/zstd/compress/zstd_double_fast.cpp
[205/376] /usr/bin/c++ -DDUCKDB_BUILD_LIBRARY -DENABLE_CROSS_PRODUCT_REWRITE=0 -DENABLE_DEBUG_PRINT=0 -DENABLE_MEASURE_EXE_TIME=0 -DENABLE_MERGE_BACK_PLAN=0 -DENABLE_PARALLEL_EXECUTION=0 -DENABLE_QUERY_SPLIT=0 -DENABLE_SPECIFY_EST_STAT=0 -DJEMALLOC_NO_PRIVATE_NAMESPACE -DJEMALLOC_NO_RENAME -I/home/bita/Project/duckdb-polr/src/include -I/home/bita/Project/duckdb-polr/third_party/fsst -I/home/bita/Project/duckdb-polr/third_party/fmt/include -I/home/bita/Project/duckdb-polr/third_party/hyperloglog -I/home/bita/Project/duckdb-polr/third_party/fastpforlib -I/home/bita/Project/duckdb-polr/third_party/fast_float -I/home/bita/Project/duckdb-polr/third_party/re2 -I/home/bita/Project/duckdb-polr/third_party/miniz -I/home/bita/Project/duckdb-polr/third_party/utf8proc/include -I/home/bita/Project/duckdb-polr/third_party/miniparquet -I/home/bita/Project/duckdb-polr/third_party/concurrentqueue -I/home/bita/Project/duckdb-polr/third_party/pcg -I/home/bita/Project/duckdb-polr/third_party/tdigest -I/home/bita/Project/duckdb-polr/third_party/mbedtls/include -I/home/bita/Project/duckdb-polr/third_party/jaro_winkler -I/home/bita/Project/duckdb-polr/extension/jemalloc/include -I/home/bita/Project/duckdb-polr/extension/jemalloc/jemalloc/include -O3 -DNDEBUG -O3 -DNDEBUG   -fPIC -fdiagnostics-color=always -w -std=c++11 -MD -MT extension/jemalloc/jemalloc/CMakeFiles/jemalloc.dir/src/cache_bin.cpp.o -MF extension/jemalloc/jemalloc/CMakeFiles/jemalloc.dir/src/cache_bin.cpp.o.d -o extension/jemalloc/jemalloc/CMakeFiles/jemalloc.dir/src/cache_bin.cpp.o -c /home/bita/Project/duckdb-polr/extension/jemalloc/jemalloc/src/cache_bin.cpp
[206/376] /usr/bin/c++ -DDUCKDB_BUILD_LIBRARY -DENABLE_CROSS_PRODUCT_REWRITE=0 -DENABLE_DEBUG_PRINT=0 -DENABLE_MEASURE_EXE_TIME=0 -DENABLE_MERGE_BACK_PLAN=0 -DENABLE_PARALLEL_EXECUTION=0 -DENABLE_QUERY_SPLIT=0 -DENABLE_SPECIFY_EST_STAT=0 -DJEMALLOC_NO_PRIVATE_NAMESPACE -DJEMALLOC_NO_RENAME -I/home/bita/Project/duckdb-polr/src/include -I/home/bita/Project/duckdb-polr/third_party/fsst -I/home/bita/Project/duckdb-polr/third_party/fmt/include -I/home/bita/Project/duckdb-polr/third_party/hyperloglog -I/home/bita/Project/duckdb-polr/third_party/fastpforlib -I/home/bita/Project/duckdb-polr/third_party/fast_float -I/home/bita/Project/duckdb-polr/third_party/re2 -I/home/bita/Project/duckdb-polr/third_party/miniz -I/home/bita/Project/duckdb-polr/third_party/utf8proc/include -I/home/bita/Project/duckdb-polr/third_party/miniparquet -I/home/bita/Project/duckdb-polr/third_party/concurrentqueue -I/home/bita/Project/duckdb-polr/third_party/pcg -I/home/bita/Project/duckdb-polr/third_party/tdigest -I/home/bita/Project/duckdb-polr/third_party/mbedtls/include -I/home/bita/Project/duckdb-polr/third_party/jaro_winkler -I/home/bita/Project/duckdb-polr/extension/jemalloc/include -I/home/bita/Project/duckdb-polr/extension/jemalloc/jemalloc/include -O3 -DNDEBUG -O3 -DNDEBUG   -fPIC -fdiagnostics-color=always -w -std=c++11 -MD -MT extension/jemalloc/jemalloc/CMakeFiles/jemalloc.dir/src/buf_writer.cpp.o -MF extension/jemalloc/jemalloc/CMakeFiles/jemalloc.dir/src/buf_writer.cpp.o.d -o extension/jemalloc/jemalloc/CMakeFiles/jemalloc.dir/src/buf_writer.cpp.o -c /home/bita/Project/duckdb-polr/extension/jemalloc/jemalloc/src/buf_writer.cpp
[207/376] /usr/bin/c++ -DDUCKDB_BUILD_LIBRARY -DENABLE_CROSS_PRODUCT_REWRITE=0 -DENABLE_DEBUG_PRINT=0 -DENABLE_MEASURE_EXE_TIME=0 -DENABLE_MERGE_BACK_PLAN=0 -DENABLE_PARALLEL_EXECUTION=0 -DENABLE_QUERY_SPLIT=0 -DENABLE_SPECIFY_EST_STAT=0 -DJEMALLOC_NO_PRIVATE_NAMESPACE -DJEMALLOC_NO_RENAME -I/home/bita/Project/duckdb-polr/src/include -I/home/bita/Project/duckdb-polr/third_party/fsst -I/home/bita/Project/duckdb-polr/third_party/fmt/include -I/home/bita/Project/duckdb-polr/third_party/hyperloglog -I/home/bita/Project/duckdb-polr/third_party/fastpforlib -I/home/bita/Project/duckdb-polr/third_party/fast_float -I/home/bita/Project/duckdb-polr/third_party/re2 -I/home/bita/Project/duckdb-polr/third_party/miniz -I/home/bita/Project/duckdb-polr/third_party/utf8proc/include -I/home/bita/Project/duckdb-polr/third_party/miniparquet -I/home/bita/Project/duckdb-polr/third_party/concurrentqueue -I/home/bita/Project/duckdb-polr/third_party/pcg -I/home/bita/Project/duckdb-polr/third_party/tdigest -I/home/bita/Project/duckdb-polr/third_party/mbedtls/include -I/home/bita/Project/duckdb-polr/third_party/jaro_winkler -I/home/bita/Project/duckdb-polr/extension/jemalloc/include -I/home/bita/Project/duckdb-polr/extension/jemalloc/jemalloc/include -O3 -DNDEBUG -O3 -DNDEBUG   -fPIC -fdiagnostics-color=always -w -std=c++11 -MD -MT extension/jemalloc/jemalloc/CMakeFiles/jemalloc.dir/src/counter.cpp.o -MF extension/jemalloc/jemalloc/CMakeFiles/jemalloc.dir/src/counter.cpp.o.d -o extension/jemalloc/jemalloc/CMakeFiles/jemalloc.dir/src/counter.cpp.o -c /home/bita/Project/duckdb-polr/extension/jemalloc/jemalloc/src/counter.cpp
[208/376] /usr/bin/c++ -DDUCKDB_BUILD_LIBRARY -DENABLE_CROSS_PRODUCT_REWRITE=0 -DENABLE_DEBUG_PRINT=0 -DENABLE_MEASURE_EXE_TIME=0 -DENABLE_MERGE_BACK_PLAN=0 -DENABLE_PARALLEL_EXECUTION=0 -DENABLE_QUERY_SPLIT=0 -DENABLE_SPECIFY_EST_STAT=0 -I/home/bita/Project/duckdb-polr/src/include -I/home/bita/Project/duckdb-polr/third_party/fsst -I/home/bita/Project/duckdb-polr/third_party/fmt/include -I/home/bita/Project/duckdb-polr/third_party/hyperloglog -I/home/bita/Project/duckdb-polr/third_party/fastpforlib -I/home/bita/Project/duckdb-polr/third_party/fast_float -I/home/bita/Project/duckdb-polr/third_party/re2 -I/home/bita/Project/duckdb-polr/third_party/miniz -I/home/bita/Project/duckdb-polr/third_party/utf8proc/include -I/home/bita/Project/duckdb-polr/third_party/miniparquet -I/home/bita/Project/duckdb-polr/third_party/concurrentqueue -I/home/bita/Project/duckdb-polr/third_party/pcg -I/home/bita/Project/duckdb-polr/third_party/tdigest -I/home/bita/Project/duckdb-polr/third_party/mbedtls/include -I/home/bita/Project/duckdb-polr/third_party/jaro_winkler -I/home/bita/Project/duckdb-polr/extension/parquet/include -I/home/bita/Project/duckdb-polr/extension/parquet/../../third_party/parquet -I/home/bita/Project/duckdb-polr/extension/parquet/../../third_party/snappy -I/home/bita/Project/duckdb-polr/extension/parquet/../../third_party/miniz -I/home/bita/Project/duckdb-polr/extension/parquet/../../third_party/thrift -I/home/bita/Project/duckdb-polr/extension/parquet/../../third_party/zstd/include -I/home/bita/Project/duckdb-polr/third_party/libpg_query/include -O3 -DNDEBUG -O3 -DNDEBUG   -fPIE -fdiagnostics-color=always -std=c++11 -MD -MT extension/parquet/CMakeFiles/parquetcli.dir/parquetcli.cpp.o -MF extension/parquet/CMakeFiles/parquetcli.dir/parquetcli.cpp.o.d -o extension/parquet/CMakeFiles/parquetcli.dir/parquetcli.cpp.o -c /home/bita/Project/duckdb-polr/extension/parquet/parquetcli.cpp
[209/376] /usr/bin/c++ -DDUCKDB_BUILD_LIBRARY -DENABLE_CROSS_PRODUCT_REWRITE=0 -DENABLE_DEBUG_PRINT=0 -DENABLE_MEASURE_EXE_TIME=0 -DENABLE_MERGE_BACK_PLAN=0 -DENABLE_PARALLEL_EXECUTION=0 -DENABLE_QUERY_SPLIT=0 -DENABLE_SPECIFY_EST_STAT=0 -DJEMALLOC_NO_PRIVATE_NAMESPACE -DJEMALLOC_NO_RENAME -I/home/bita/Project/duckdb-polr/src/include -I/home/bita/Project/duckdb-polr/third_party/fsst -I/home/bita/Project/duckdb-polr/third_party/fmt/include -I/home/bita/Project/duckdb-polr/third_party/hyperloglog -I/home/bita/Project/duckdb-polr/third_party/fastpforlib -I/home/bita/Project/duckdb-polr/third_party/fast_float -I/home/bita/Project/duckdb-polr/third_party/re2 -I/home/bita/Project/duckdb-polr/third_party/miniz -I/home/bita/Project/duckdb-polr/third_party/utf8proc/include -I/home/bita/Project/duckdb-polr/third_party/miniparquet -I/home/bita/Project/duckdb-polr/third_party/concurrentqueue -I/home/bita/Project/duckdb-polr/third_party/pcg -I/home/bita/Project/duckdb-polr/third_party/tdigest -I/home/bita/Project/duckdb-polr/third_party/mbedtls/include -I/home/bita/Project/duckdb-polr/third_party/jaro_winkler -I/home/bita/Project/duckdb-polr/extension/jemalloc/include -I/home/bita/Project/duckdb-polr/extension/jemalloc/jemalloc/include -O3 -DNDEBUG -O3 -DNDEBUG   -fPIC -fdiagnostics-color=always -w -std=c++11 -MD -MT extension/jemalloc/jemalloc/CMakeFiles/jemalloc.dir/src/div.cpp.o -MF extension/jemalloc/jemalloc/CMakeFiles/jemalloc.dir/src/div.cpp.o.d -o extension/jemalloc/jemalloc/CMakeFiles/jemalloc.dir/src/div.cpp.o -c /home/bita/Project/duckdb-polr/extension/jemalloc/jemalloc/src/div.cpp
[210/376] /usr/bin/c++ -DDUCKDB_BUILD_LIBRARY -DENABLE_CROSS_PRODUCT_REWRITE=0 -DENABLE_DEBUG_PRINT=0 -DENABLE_MEASURE_EXE_TIME=0 -DENABLE_MERGE_BACK_PLAN=0 -DENABLE_PARALLEL_EXECUTION=0 -DENABLE_QUERY_SPLIT=0 -DENABLE_SPECIFY_EST_STAT=0 -DJEMALLOC_NO_PRIVATE_NAMESPACE -DJEMALLOC_NO_RENAME -I/home/bita/Project/duckdb-polr/src/include -I/home/bita/Project/duckdb-polr/third_party/fsst -I/home/bita/Project/duckdb-polr/third_party/fmt/include -I/home/bita/Project/duckdb-polr/third_party/hyperloglog -I/home/bita/Project/duckdb-polr/third_party/fastpforlib -I/home/bita/Project/duckdb-polr/third_party/fast_float -I/home/bita/Project/duckdb-polr/third_party/re2 -I/home/bita/Project/duckdb-polr/third_party/miniz -I/home/bita/Project/duckdb-polr/third_party/utf8proc/include -I/home/bita/Project/duckdb-polr/third_party/miniparquet -I/home/bita/Project/duckdb-polr/third_party/concurrentqueue -I/home/bita/Project/duckdb-polr/third_party/pcg -I/home/bita/Project/duckdb-polr/third_party/tdigest -I/home/bita/Project/duckdb-polr/third_party/mbedtls/include -I/home/bita/Project/duckdb-polr/third_party/jaro_winkler -I/home/bita/Project/duckdb-polr/extension/jemalloc/include -I/home/bita/Project/duckdb-polr/extension/jemalloc/jemalloc/include -O3 -DNDEBUG -O3 -DNDEBUG   -fPIC -fdiagnostics-color=always -w -std=c++11 -MD -MT extension/jemalloc/jemalloc/CMakeFiles/jemalloc.dir/src/decay.cpp.o -MF extension/jemalloc/jemalloc/CMakeFiles/jemalloc.dir/src/decay.cpp.o.d -o extension/jemalloc/jemalloc/CMakeFiles/jemalloc.dir/src/decay.cpp.o -c /home/bita/Project/duckdb-polr/extension/jemalloc/jemalloc/src/decay.cpp
[211/376] /usr/bin/c++ -DDUCKDB_BUILD_LIBRARY -DDUCKDB_BUILD_LOADABLE_EXTENSION -DENABLE_CROSS_PRODUCT_REWRITE=0 -DENABLE_DEBUG_PRINT=0 -DENABLE_MEASURE_EXE_TIME=0 -DENABLE_MERGE_BACK_PLAN=0 -DENABLE_PARALLEL_EXECUTION=0 -DENABLE_QUERY_SPLIT=0 -DENABLE_SPECIFY_EST_STAT=0 -I/home/bita/Project/duckdb-polr/src/include -I/home/bita/Project/duckdb-polr/third_party/fsst -I/home/bita/Project/duckdb-polr/third_party/fmt/include -I/home/bita/Project/duckdb-polr/third_party/hyperloglog -I/home/bita/Project/duckdb-polr/third_party/fastpforlib -I/home/bita/Project/duckdb-polr/third_party/fast_float -I/home/bita/Project/duckdb-polr/third_party/re2 -I/home/bita/Project/duckdb-polr/third_party/miniz -I/home/bita/Project/duckdb-polr/third_party/utf8proc/include -I/home/bita/Project/duckdb-polr/third_party/miniparquet -I/home/bita/Project/duckdb-polr/third_party/concurrentqueue -I/home/bita/Project/duckdb-polr/third_party/pcg -I/home/bita/Project/duckdb-polr/third_party/tdigest -I/home/bita/Project/duckdb-polr/third_party/mbedtls/include -I/home/bita/Project/duckdb-polr/third_party/jaro_winkler -I/home/bita/Project/duckdb-polr/extension/parquet/include -I/home/bita/Project/duckdb-polr/extension/parquet/../../third_party/parquet -I/home/bita/Project/duckdb-polr/extension/parquet/../../third_party/snappy -I/home/bita/Project/duckdb-polr/extension/parquet/../../third_party/miniz -I/home/bita/Project/duckdb-polr/extension/parquet/../../third_party/thrift -I/home/bita/Project/duckdb-polr/extension/parquet/../../third_party/zstd/include -O3 -DNDEBUG -O3 -DNDEBUG   -fPIC -fdiagnostics-color=always -std=c++11 -MD -MT extension/parquet/CMakeFiles/parquet_loadable_extension.dir/column_reader.cpp.o -MF extension/parquet/CMakeFiles/parquet_loadable_extension.dir/column_reader.cpp.o.d -o extension/parquet/CMakeFiles/parquet_loadable_extension.dir/column_reader.cpp.o -c /home/bita/Project/duckdb-polr/extension/parquet/column_reader.cpp
[212/376] /usr/bin/c++ -DDUCKDB_BUILD_LIBRARY -DENABLE_CROSS_PRODUCT_REWRITE=0 -DENABLE_DEBUG_PRINT=0 -DENABLE_MEASURE_EXE_TIME=0 -DENABLE_MERGE_BACK_PLAN=0 -DENABLE_PARALLEL_EXECUTION=0 -DENABLE_QUERY_SPLIT=0 -DENABLE_SPECIFY_EST_STAT=0 -DJEMALLOC_NO_PRIVATE_NAMESPACE -DJEMALLOC_NO_RENAME -I/home/bita/Project/duckdb-polr/src/include -I/home/bita/Project/duckdb-polr/third_party/fsst -I/home/bita/Project/duckdb-polr/third_party/fmt/include -I/home/bita/Project/duckdb-polr/third_party/hyperloglog -I/home/bita/Project/duckdb-polr/third_party/fastpforlib -I/home/bita/Project/duckdb-polr/third_party/fast_float -I/home/bita/Project/duckdb-polr/third_party/re2 -I/home/bita/Project/duckdb-polr/third_party/miniz -I/home/bita/Project/duckdb-polr/third_party/utf8proc/include -I/home/bita/Project/duckdb-polr/third_party/miniparquet -I/home/bita/Project/duckdb-polr/third_party/concurrentqueue -I/home/bita/Project/duckdb-polr/third_party/pcg -I/home/bita/Project/duckdb-polr/third_party/tdigest -I/home/bita/Project/duckdb-polr/third_party/mbedtls/include -I/home/bita/Project/duckdb-polr/third_party/jaro_winkler -I/home/bita/Project/duckdb-polr/extension/jemalloc/include -I/home/bita/Project/duckdb-polr/extension/jemalloc/jemalloc/include -O3 -DNDEBUG -O3 -DNDEBUG   -fPIC -fdiagnostics-color=always -w -std=c++11 -MD -MT extension/jemalloc/jemalloc/CMakeFiles/jemalloc.dir/src/ckh.cpp.o -MF extension/jemalloc/jemalloc/CMakeFiles/jemalloc.dir/src/ckh.cpp.o.d -o extension/jemalloc/jemalloc/CMakeFiles/jemalloc.dir/src/ckh.cpp.o -c /home/bita/Project/duckdb-polr/extension/jemalloc/jemalloc/src/ckh.cpp
[213/376] /usr/bin/c++ -DBUILD_JEMALLOC_EXTENSION=ON -DBUILD_PARQUET_EXTENSION=TRUE -DDUCKDB_BUILD_LIBRARY -DENABLE_CROSS_PRODUCT_REWRITE=0 -DENABLE_DEBUG_PRINT=0 -DENABLE_MEASURE_EXE_TIME=0 -DENABLE_MERGE_BACK_PLAN=0 -DENABLE_PARALLEL_EXECUTION=0 -DENABLE_QUERY_SPLIT=0 -DENABLE_SPECIFY_EST_STAT=0 -DSQLITE_SHELL_IS_UTF8 -DUSE_DUCKDB_SHELL_WRAPPER -I/home/bita/Project/duckdb-polr/src/include -I/home/bita/Project/duckdb-polr/third_party/fsst -I/home/bita/Project/duckdb-polr/third_party/fmt/include -I/home/bita/Project/duckdb-polr/third_party/hyperloglog -I/home/bita/Project/duckdb-polr/third_party/fastpforlib -I/home/bita/Project/duckdb-polr/third_party/fast_float -I/home/bita/Project/duckdb-polr/third_party/re2 -I/home/bita/Project/duckdb-polr/third_party/miniz -I/home/bita/Project/duckdb-polr/third_party/utf8proc/include -I/home/bita/Project/duckdb-polr/third_party/miniparquet -I/home/bita/Project/duckdb-polr/third_party/concurrentqueue -I/home/bita/Project/duckdb-polr/third_party/pcg -I/home/bita/Project/duckdb-polr/third_party/tdigest -I/home/bita/Project/duckdb-polr/third_party/mbedtls/include -I/home/bita/Project/duckdb-polr/third_party/jaro_winkler -I/home/bita/Project/duckdb-polr/tools/sqlite3_api_wrapper/include -I/home/bita/Project/duckdb-polr/tools/sqlite3_api_wrapper/sqlite3_udf_api/include -I/home/bita/Project/duckdb-polr/extension -I/home/bita/Project/duckdb-polr/extension/parquet/include -I/home/bita/Project/duckdb-polr/extension/jemalloc/include -I/home/bita/Project/duckdb-polr/tools/sqlite3_api_wrapper/../../third_party/utf8proc/include -I/home/bita/Project/duckdb-polr/tools/sqlite3_api_wrapper/../../third_party/catch -I/home/bita/Project/duckdb-polr/tools/sqlite3_api_wrapper/test/include -I/home/bita/Project/duckdb-polr/third_party/libpg_query/include -O3 -DNDEBUG -O3 -DNDEBUG   -fPIE -fdiagnostics-color=always -std=c++11 -MD -MT tools/sqlite3_api_wrapper/CMakeFiles/test_sqlite3_api_wrapper.dir/test/test_sqlite3_api_wrapper.cpp.o -MF tools/sqlite3_api_wrapper/CMakeFiles/test_sqlite3_api_wrapper.dir/test/test_sqlite3_api_wrapper.cpp.o.d -o tools/sqlite3_api_wrapper/CMakeFiles/test_sqlite3_api_wrapper.dir/test/test_sqlite3_api_wrapper.cpp.o -c /home/bita/Project/duckdb-polr/tools/sqlite3_api_wrapper/test/test_sqlite3_api_wrapper.cpp
[214/376] /usr/bin/c++ -DDUCKDB_BUILD_LIBRARY -DENABLE_CROSS_PRODUCT_REWRITE=0 -DENABLE_DEBUG_PRINT=0 -DENABLE_MEASURE_EXE_TIME=0 -DENABLE_MERGE_BACK_PLAN=0 -DENABLE_PARALLEL_EXECUTION=0 -DENABLE_QUERY_SPLIT=0 -DENABLE_SPECIFY_EST_STAT=0 -DJEMALLOC_NO_PRIVATE_NAMESPACE -DJEMALLOC_NO_RENAME -I/home/bita/Project/duckdb-polr/src/include -I/home/bita/Project/duckdb-polr/third_party/fsst -I/home/bita/Project/duckdb-polr/third_party/fmt/include -I/home/bita/Project/duckdb-polr/third_party/hyperloglog -I/home/bita/Project/duckdb-polr/third_party/fastpforlib -I/home/bita/Project/duckdb-polr/third_party/fast_float -I/home/bita/Project/duckdb-polr/third_party/re2 -I/home/bita/Project/duckdb-polr/third_party/miniz -I/home/bita/Project/duckdb-polr/third_party/utf8proc/include -I/home/bita/Project/duckdb-polr/third_party/miniparquet -I/home/bita/Project/duckdb-polr/third_party/concurrentqueue -I/home/bita/Project/duckdb-polr/third_party/pcg -I/home/bita/Project/duckdb-polr/third_party/tdigest -I/home/bita/Project/duckdb-polr/third_party/mbedtls/include -I/home/bita/Project/duckdb-polr/third_party/jaro_winkler -I/home/bita/Project/duckdb-polr/extension/jemalloc/include -I/home/bita/Project/duckdb-polr/extension/jemalloc/jemalloc/include -O3 -DNDEBUG -O3 -DNDEBUG   -fPIC -fdiagnostics-color=always -w -std=c++11 -MD -MT extension/jemalloc/jemalloc/CMakeFiles/jemalloc.dir/src/ecache.cpp.o -MF extension/jemalloc/jemalloc/CMakeFiles/jemalloc.dir/src/ecache.cpp.o.d -o extension/jemalloc/jemalloc/CMakeFiles/jemalloc.dir/src/ecache.cpp.o -c /home/bita/Project/duckdb-polr/extension/jemalloc/jemalloc/src/ecache.cpp
[215/376] /usr/bin/c++ -DDUCKDB_BUILD_LIBRARY -DENABLE_CROSS_PRODUCT_REWRITE=0 -DENABLE_DEBUG_PRINT=0 -DENABLE_MEASURE_EXE_TIME=0 -DENABLE_MERGE_BACK_PLAN=0 -DENABLE_PARALLEL_EXECUTION=0 -DENABLE_QUERY_SPLIT=0 -DENABLE_SPECIFY_EST_STAT=0 -I/home/bita/Project/duckdb-polr/src/include -I/home/bita/Project/duckdb-polr/third_party/fsst -I/home/bita/Project/duckdb-polr/third_party/fmt/include -I/home/bita/Project/duckdb-polr/third_party/hyperloglog -I/home/bita/Project/duckdb-polr/third_party/fastpforlib -I/home/bita/Project/duckdb-polr/third_party/fast_float -I/home/bita/Project/duckdb-polr/third_party/re2 -I/home/bita/Project/duckdb-polr/third_party/miniz -I/home/bita/Project/duckdb-polr/third_party/utf8proc/include -I/home/bita/Project/duckdb-polr/third_party/miniparquet -I/home/bita/Project/duckdb-polr/third_party/concurrentqueue -I/home/bita/Project/duckdb-polr/third_party/pcg -I/home/bita/Project/duckdb-polr/third_party/tdigest -I/home/bita/Project/duckdb-polr/third_party/mbedtls/include -I/home/bita/Project/duckdb-polr/third_party/jaro_winkler -I/home/bita/Project/duckdb-polr/extension/parquet/include -I/home/bita/Project/duckdb-polr/extension/parquet/../../third_party/parquet -I/home/bita/Project/duckdb-polr/extension/parquet/../../third_party/snappy -I/home/bita/Project/duckdb-polr/extension/parquet/../../third_party/miniz -I/home/bita/Project/duckdb-polr/extension/parquet/../../third_party/thrift -I/home/bita/Project/duckdb-polr/extension/parquet/../../third_party/zstd/include -O3 -DNDEBUG -O3 -DNDEBUG   -fPIC -fdiagnostics-color=always -std=c++11 -MD -MT extension/parquet/CMakeFiles/parquet_extension.dir/__/__/third_party/zstd/compress/zstd_opt.cpp.o -MF extension/parquet/CMakeFiles/parquet_extension.dir/__/__/third_party/zstd/compress/zstd_opt.cpp.o.d -o extension/parquet/CMakeFiles/parquet_extension.dir/__/__/third_party/zstd/compress/zstd_opt.cpp.o -c /home/bita/Project/duckdb-polr/third_party/zstd/compress/zstd_opt.cpp
[216/376] /usr/bin/c++ -DDUCKDB_BUILD_LIBRARY -DDUCKDB_BUILD_LOADABLE_EXTENSION -DENABLE_CROSS_PRODUCT_REWRITE=0 -DENABLE_DEBUG_PRINT=0 -DENABLE_MEASURE_EXE_TIME=0 -DENABLE_MERGE_BACK_PLAN=0 -DENABLE_PARALLEL_EXECUTION=0 -DENABLE_QUERY_SPLIT=0 -DENABLE_SPECIFY_EST_STAT=0 -I/home/bita/Project/duckdb-polr/src/include -I/home/bita/Project/duckdb-polr/third_party/fsst -I/home/bita/Project/duckdb-polr/third_party/fmt/include -I/home/bita/Project/duckdb-polr/third_party/hyperloglog -I/home/bita/Project/duckdb-polr/third_party/fastpforlib -I/home/bita/Project/duckdb-polr/third_party/fast_float -I/home/bita/Project/duckdb-polr/third_party/re2 -I/home/bita/Project/duckdb-polr/third_party/miniz -I/home/bita/Project/duckdb-polr/third_party/utf8proc/include -I/home/bita/Project/duckdb-polr/third_party/miniparquet -I/home/bita/Project/duckdb-polr/third_party/concurrentqueue -I/home/bita/Project/duckdb-polr/third_party/pcg -I/home/bita/Project/duckdb-polr/third_party/tdigest -I/home/bita/Project/duckdb-polr/third_party/mbedtls/include -I/home/bita/Project/duckdb-polr/third_party/jaro_winkler -I/home/bita/Project/duckdb-polr/extension/parquet/include -I/home/bita/Project/duckdb-polr/extension/parquet/../../third_party/parquet -I/home/bita/Project/duckdb-polr/extension/parquet/../../third_party/snappy -I/home/bita/Project/duckdb-polr/extension/parquet/../../third_party/miniz -I/home/bita/Project/duckdb-polr/extension/parquet/../../third_party/thrift -I/home/bita/Project/duckdb-polr/extension/parquet/../../third_party/zstd/include -O3 -DNDEBUG -O3 -DNDEBUG   -fPIC -fdiagnostics-color=always -std=c++11 -MD -MT extension/parquet/CMakeFiles/parquet_loadable_extension.dir/__/__/third_party/parquet/parquet_types.cpp.o -MF extension/parquet/CMakeFiles/parquet_loadable_extension.dir/__/__/third_party/parquet/parquet_types.cpp.o.d -o extension/parquet/CMakeFiles/parquet_loadable_extension.dir/__/__/third_party/parquet/parquet_types.cpp.o -c /home/bita/Project/duckdb-polr/third_party/parquet/parquet_types.cpp
[217/376] /usr/bin/c++ -DDUCKDB_BUILD_LIBRARY -DENABLE_CROSS_PRODUCT_REWRITE=0 -DENABLE_DEBUG_PRINT=0 -DENABLE_MEASURE_EXE_TIME=0 -DENABLE_MERGE_BACK_PLAN=0 -DENABLE_PARALLEL_EXECUTION=0 -DENABLE_QUERY_SPLIT=0 -DENABLE_SPECIFY_EST_STAT=0 -DJEMALLOC_NO_PRIVATE_NAMESPACE -DJEMALLOC_NO_RENAME -I/home/bita/Project/duckdb-polr/src/include -I/home/bita/Project/duckdb-polr/third_party/fsst -I/home/bita/Project/duckdb-polr/third_party/fmt/include -I/home/bita/Project/duckdb-polr/third_party/hyperloglog -I/home/bita/Project/duckdb-polr/third_party/fastpforlib -I/home/bita/Project/duckdb-polr/third_party/fast_float -I/home/bita/Project/duckdb-polr/third_party/re2 -I/home/bita/Project/duckdb-polr/third_party/miniz -I/home/bita/Project/duckdb-polr/third_party/utf8proc/include -I/home/bita/Project/duckdb-polr/third_party/miniparquet -I/home/bita/Project/duckdb-polr/third_party/concurrentqueue -I/home/bita/Project/duckdb-polr/third_party/pcg -I/home/bita/Project/duckdb-polr/third_party/tdigest -I/home/bita/Project/duckdb-polr/third_party/mbedtls/include -I/home/bita/Project/duckdb-polr/third_party/jaro_winkler -I/home/bita/Project/duckdb-polr/extension/jemalloc/include -I/home/bita/Project/duckdb-polr/extension/jemalloc/jemalloc/include -O3 -DNDEBUG -O3 -DNDEBUG   -fPIC -fdiagnostics-color=always -w -std=c++11 -MD -MT extension/jemalloc/jemalloc/CMakeFiles/jemalloc.dir/src/edata_cache.cpp.o -MF extension/jemalloc/jemalloc/CMakeFiles/jemalloc.dir/src/edata_cache.cpp.o.d -o extension/jemalloc/jemalloc/CMakeFiles/jemalloc.dir/src/edata_cache.cpp.o -c /home/bita/Project/duckdb-polr/extension/jemalloc/jemalloc/src/edata_cache.cpp
[218/376] /usr/bin/c++ -DDUCKDB_BUILD_LIBRARY -DENABLE_CROSS_PRODUCT_REWRITE=0 -DENABLE_DEBUG_PRINT=0 -DENABLE_MEASURE_EXE_TIME=0 -DENABLE_MERGE_BACK_PLAN=0 -DENABLE_PARALLEL_EXECUTION=0 -DENABLE_QUERY_SPLIT=0 -DENABLE_SPECIFY_EST_STAT=0 -DJEMALLOC_NO_PRIVATE_NAMESPACE -DJEMALLOC_NO_RENAME -I/home/bita/Project/duckdb-polr/src/include -I/home/bita/Project/duckdb-polr/third_party/fsst -I/home/bita/Project/duckdb-polr/third_party/fmt/include -I/home/bita/Project/duckdb-polr/third_party/hyperloglog -I/home/bita/Project/duckdb-polr/third_party/fastpforlib -I/home/bita/Project/duckdb-polr/third_party/fast_float -I/home/bita/Project/duckdb-polr/third_party/re2 -I/home/bita/Project/duckdb-polr/third_party/miniz -I/home/bita/Project/duckdb-polr/third_party/utf8proc/include -I/home/bita/Project/duckdb-polr/third_party/miniparquet -I/home/bita/Project/duckdb-polr/third_party/concurrentqueue -I/home/bita/Project/duckdb-polr/third_party/pcg -I/home/bita/Project/duckdb-polr/third_party/tdigest -I/home/bita/Project/duckdb-polr/third_party/mbedtls/include -I/home/bita/Project/duckdb-polr/third_party/jaro_winkler -I/home/bita/Project/duckdb-polr/extension/jemalloc/include -I/home/bita/Project/duckdb-polr/extension/jemalloc/jemalloc/include -O3 -DNDEBUG -O3 -DNDEBUG   -fPIC -fdiagnostics-color=always -w -std=c++11 -MD -MT extension/jemalloc/jemalloc/CMakeFiles/jemalloc.dir/src/exp_grow.cpp.o -MF extension/jemalloc/jemalloc/CMakeFiles/jemalloc.dir/src/exp_grow.cpp.o.d -o extension/jemalloc/jemalloc/CMakeFiles/jemalloc.dir/src/exp_grow.cpp.o -c /home/bita/Project/duckdb-polr/extension/jemalloc/jemalloc/src/exp_grow.cpp
[219/376] /usr/bin/c++ -DDUCKDB_BUILD_LIBRARY -DENABLE_CROSS_PRODUCT_REWRITE=0 -DENABLE_DEBUG_PRINT=0 -DENABLE_MEASURE_EXE_TIME=0 -DENABLE_MERGE_BACK_PLAN=0 -DENABLE_PARALLEL_EXECUTION=0 -DENABLE_QUERY_SPLIT=0 -DENABLE_SPECIFY_EST_STAT=0 -DJEMALLOC_NO_PRIVATE_NAMESPACE -DJEMALLOC_NO_RENAME -I/home/bita/Project/duckdb-polr/src/include -I/home/bita/Project/duckdb-polr/third_party/fsst -I/home/bita/Project/duckdb-polr/third_party/fmt/include -I/home/bita/Project/duckdb-polr/third_party/hyperloglog -I/home/bita/Project/duckdb-polr/third_party/fastpforlib -I/home/bita/Project/duckdb-polr/third_party/fast_float -I/home/bita/Project/duckdb-polr/third_party/re2 -I/home/bita/Project/duckdb-polr/third_party/miniz -I/home/bita/Project/duckdb-polr/third_party/utf8proc/include -I/home/bita/Project/duckdb-polr/third_party/miniparquet -I/home/bita/Project/duckdb-polr/third_party/concurrentqueue -I/home/bita/Project/duckdb-polr/third_party/pcg -I/home/bita/Project/duckdb-polr/third_party/tdigest -I/home/bita/Project/duckdb-polr/third_party/mbedtls/include -I/home/bita/Project/duckdb-polr/third_party/jaro_winkler -I/home/bita/Project/duckdb-polr/extension/jemalloc/include -I/home/bita/Project/duckdb-polr/extension/jemalloc/jemalloc/include -O3 -DNDEBUG -O3 -DNDEBUG   -fPIC -fdiagnostics-color=always -w -std=c++11 -MD -MT extension/jemalloc/jemalloc/CMakeFiles/jemalloc.dir/src/ehooks.cpp.o -MF extension/jemalloc/jemalloc/CMakeFiles/jemalloc.dir/src/ehooks.cpp.o.d -o extension/jemalloc/jemalloc/CMakeFiles/jemalloc.dir/src/ehooks.cpp.o -c /home/bita/Project/duckdb-polr/extension/jemalloc/jemalloc/src/ehooks.cpp
[220/376] /usr/bin/c++ -DDUCKDB_BUILD_LIBRARY -DDUCKDB_BUILD_LOADABLE_EXTENSION -DENABLE_CROSS_PRODUCT_REWRITE=0 -DENABLE_DEBUG_PRINT=0 -DENABLE_MEASURE_EXE_TIME=0 -DENABLE_MERGE_BACK_PLAN=0 -DENABLE_PARALLEL_EXECUTION=0 -DENABLE_QUERY_SPLIT=0 -DENABLE_SPECIFY_EST_STAT=0 -I/home/bita/Project/duckdb-polr/src/include -I/home/bita/Project/duckdb-polr/third_party/fsst -I/home/bita/Project/duckdb-polr/third_party/fmt/include -I/home/bita/Project/duckdb-polr/third_party/hyperloglog -I/home/bita/Project/duckdb-polr/third_party/fastpforlib -I/home/bita/Project/duckdb-polr/third_party/fast_float -I/home/bita/Project/duckdb-polr/third_party/re2 -I/home/bita/Project/duckdb-polr/third_party/miniz -I/home/bita/Project/duckdb-polr/third_party/utf8proc/include -I/home/bita/Project/duckdb-polr/third_party/miniparquet -I/home/bita/Project/duckdb-polr/third_party/concurrentqueue -I/home/bita/Project/duckdb-polr/third_party/pcg -I/home/bita/Project/duckdb-polr/third_party/tdigest -I/home/bita/Project/duckdb-polr/third_party/mbedtls/include -I/home/bita/Project/duckdb-polr/third_party/jaro_winkler -I/home/bita/Project/duckdb-polr/extension/parquet/include -I/home/bita/Project/duckdb-polr/extension/parquet/../../third_party/parquet -I/home/bita/Project/duckdb-polr/extension/parquet/../../third_party/snappy -I/home/bita/Project/duckdb-polr/extension/parquet/../../third_party/miniz -I/home/bita/Project/duckdb-polr/extension/parquet/../../third_party/thrift -I/home/bita/Project/duckdb-polr/extension/parquet/../../third_party/zstd/include -O3 -DNDEBUG -O3 -DNDEBUG   -fPIC -fdiagnostics-color=always -std=c++11 -MD -MT extension/parquet/CMakeFiles/parquet_loadable_extension.dir/__/__/third_party/zstd/compress/zstd_lazy.cpp.o -MF extension/parquet/CMakeFiles/parquet_loadable_extension.dir/__/__/third_party/zstd/compress/zstd_lazy.cpp.o.d -o extension/parquet/CMakeFiles/parquet_loadable_extension.dir/__/__/third_party/zstd/compress/zstd_lazy.cpp.o -c /home/bita/Project/duckdb-polr/third_party/zstd/compress/zstd_lazy.cpp
[221/376] : && /usr/bin/cmake -E rm -f extension/parquet/libparquet_extension.a && /usr/bin/ar qc extension/parquet/libparquet_extension.a  extension/parquet/CMakeFiles/parquet_extension.dir/column_writer.cpp.o extension/parquet/CMakeFiles/parquet_extension.dir/parquet-extension.cpp.o extension/parquet/CMakeFiles/parquet_extension.dir/parquet_metadata.cpp.o extension/parquet/CMakeFiles/parquet_extension.dir/parquet_reader.cpp.o extension/parquet/CMakeFiles/parquet_extension.dir/parquet_timestamp.cpp.o extension/parquet/CMakeFiles/parquet_extension.dir/parquet_writer.cpp.o extension/parquet/CMakeFiles/parquet_extension.dir/parquet_statistics.cpp.o extension/parquet/CMakeFiles/parquet_extension.dir/zstd_file_system.cpp.o extension/parquet/CMakeFiles/parquet_extension.dir/column_reader.cpp.o extension/parquet/CMakeFiles/parquet_extension.dir/__/__/third_party/parquet/parquet_constants.cpp.o extension/parquet/CMakeFiles/parquet_extension.dir/__/__/third_party/parquet/parquet_types.cpp.o extension/parquet/CMakeFiles/parquet_extension.dir/__/__/third_party/thrift/thrift/protocol/TProtocol.cpp.o extension/parquet/CMakeFiles/parquet_extension.dir/__/__/third_party/thrift/thrift/transport/TTransportException.cpp.o extension/parquet/CMakeFiles/parquet_extension.dir/__/__/third_party/thrift/thrift/transport/TBufferTransports.cpp.o extension/parquet/CMakeFiles/parquet_extension.dir/__/__/third_party/snappy/snappy.cc.o extension/parquet/CMakeFiles/parquet_extension.dir/__/__/third_party/snappy/snappy-sinksource.cc.o extension/parquet/CMakeFiles/parquet_extension.dir/__/__/third_party/zstd/decompress/zstd_ddict.cpp.o extension/parquet/CMakeFiles/parquet_extension.dir/__/__/third_party/zstd/decompress/huf_decompress.cpp.o extension/parquet/CMakeFiles/parquet_extension.dir/__/__/third_party/zstd/decompress/zstd_decompress.cpp.o extension/parquet/CMakeFiles/parquet_extension.dir/__/__/third_party/zstd/decompress/zstd_decompress_block.cpp.o extension/parquet/CMakeFiles/parquet_extension.dir/__/__/third_party/zstd/common/entropy_common.cpp.o extension/parquet/CMakeFiles/parquet_extension.dir/__/__/third_party/zstd/common/fse_decompress.cpp.o extension/parquet/CMakeFiles/parquet_extension.dir/__/__/third_party/zstd/common/zstd_common.cpp.o extension/parquet/CMakeFiles/parquet_extension.dir/__/__/third_party/zstd/common/error_private.cpp.o extension/parquet/CMakeFiles/parquet_extension.dir/__/__/third_party/zstd/common/xxhash.cpp.o extension/parquet/CMakeFiles/parquet_extension.dir/__/__/third_party/zstd/compress/fse_compress.cpp.o extension/parquet/CMakeFiles/parquet_extension.dir/__/__/third_party/zstd/compress/hist.cpp.o extension/parquet/CMakeFiles/parquet_extension.dir/__/__/third_party/zstd/compress/huf_compress.cpp.o extension/parquet/CMakeFiles/parquet_extension.dir/__/__/third_party/zstd/compress/zstd_compress.cpp.o extension/parquet/CMakeFiles/parquet_extension.dir/__/__/third_party/zstd/compress/zstd_compress_literals.cpp.o extension/parquet/CMakeFiles/parquet_extension.dir/__/__/third_party/zstd/compress/zstd_compress_sequences.cpp.o extension/parquet/CMakeFiles/parquet_extension.dir/__/__/third_party/zstd/compress/zstd_compress_superblock.cpp.o extension/parquet/CMakeFiles/parquet_extension.dir/__/__/third_party/zstd/compress/zstd_double_fast.cpp.o extension/parquet/CMakeFiles/parquet_extension.dir/__/__/third_party/zstd/compress/zstd_fast.cpp.o extension/parquet/CMakeFiles/parquet_extension.dir/__/__/third_party/zstd/compress/zstd_lazy.cpp.o extension/parquet/CMakeFiles/parquet_extension.dir/__/__/third_party/zstd/compress/zstd_ldm.cpp.o extension/parquet/CMakeFiles/parquet_extension.dir/__/__/third_party/zstd/compress/zstd_opt.cpp.o && /usr/bin/ranlib extension/parquet/libparquet_extension.a && :
[222/376] /usr/bin/c++ -DDUCKDB_BUILD_LIBRARY -DENABLE_CROSS_PRODUCT_REWRITE=0 -DENABLE_DEBUG_PRINT=0 -DENABLE_MEASURE_EXE_TIME=0 -DENABLE_MERGE_BACK_PLAN=0 -DENABLE_PARALLEL_EXECUTION=0 -DENABLE_QUERY_SPLIT=0 -DENABLE_SPECIFY_EST_STAT=0 -DJEMALLOC_NO_PRIVATE_NAMESPACE -DJEMALLOC_NO_RENAME -I/home/bita/Project/duckdb-polr/src/include -I/home/bita/Project/duckdb-polr/third_party/fsst -I/home/bita/Project/duckdb-polr/third_party/fmt/include -I/home/bita/Project/duckdb-polr/third_party/hyperloglog -I/home/bita/Project/duckdb-polr/third_party/fastpforlib -I/home/bita/Project/duckdb-polr/third_party/fast_float -I/home/bita/Project/duckdb-polr/third_party/re2 -I/home/bita/Project/duckdb-polr/third_party/miniz -I/home/bita/Project/duckdb-polr/third_party/utf8proc/include -I/home/bita/Project/duckdb-polr/third_party/miniparquet -I/home/bita/Project/duckdb-polr/third_party/concurrentqueue -I/home/bita/Project/duckdb-polr/third_party/pcg -I/home/bita/Project/duckdb-polr/third_party/tdigest -I/home/bita/Project/duckdb-polr/third_party/mbedtls/include -I/home/bita/Project/duckdb-polr/third_party/jaro_winkler -I/home/bita/Project/duckdb-polr/extension/jemalloc/include -I/home/bita/Project/duckdb-polr/extension/jemalloc/jemalloc/include -O3 -DNDEBUG -O3 -DNDEBUG   -fPIC -fdiagnostics-color=always -w -std=c++11 -MD -MT extension/jemalloc/jemalloc/CMakeFiles/jemalloc.dir/src/edata.cpp.o -MF extension/jemalloc/jemalloc/CMakeFiles/jemalloc.dir/src/edata.cpp.o.d -o extension/jemalloc/jemalloc/CMakeFiles/jemalloc.dir/src/edata.cpp.o -c /home/bita/Project/duckdb-polr/extension/jemalloc/jemalloc/src/edata.cpp
[223/376] /usr/bin/c++ -DDUCKDB_BUILD_LIBRARY -DENABLE_CROSS_PRODUCT_REWRITE=0 -DENABLE_DEBUG_PRINT=0 -DENABLE_MEASURE_EXE_TIME=0 -DENABLE_MERGE_BACK_PLAN=0 -DENABLE_PARALLEL_EXECUTION=0 -DENABLE_QUERY_SPLIT=0 -DENABLE_SPECIFY_EST_STAT=0 -DJEMALLOC_NO_PRIVATE_NAMESPACE -DJEMALLOC_NO_RENAME -I/home/bita/Project/duckdb-polr/src/include -I/home/bita/Project/duckdb-polr/third_party/fsst -I/home/bita/Project/duckdb-polr/third_party/fmt/include -I/home/bita/Project/duckdb-polr/third_party/hyperloglog -I/home/bita/Project/duckdb-polr/third_party/fastpforlib -I/home/bita/Project/duckdb-polr/third_party/fast_float -I/home/bita/Project/duckdb-polr/third_party/re2 -I/home/bita/Project/duckdb-polr/third_party/miniz -I/home/bita/Project/duckdb-polr/third_party/utf8proc/include -I/home/bita/Project/duckdb-polr/third_party/miniparquet -I/home/bita/Project/duckdb-polr/third_party/concurrentqueue -I/home/bita/Project/duckdb-polr/third_party/pcg -I/home/bita/Project/duckdb-polr/third_party/tdigest -I/home/bita/Project/duckdb-polr/third_party/mbedtls/include -I/home/bita/Project/duckdb-polr/third_party/jaro_winkler -I/home/bita/Project/duckdb-polr/extension/jemalloc/include -I/home/bita/Project/duckdb-polr/extension/jemalloc/jemalloc/include -O3 -DNDEBUG -O3 -DNDEBUG   -fPIC -fdiagnostics-color=always -w -std=c++11 -MD -MT extension/jemalloc/jemalloc/CMakeFiles/jemalloc.dir/src/emap.cpp.o -MF extension/jemalloc/jemalloc/CMakeFiles/jemalloc.dir/src/emap.cpp.o.d -o extension/jemalloc/jemalloc/CMakeFiles/jemalloc.dir/src/emap.cpp.o -c /home/bita/Project/duckdb-polr/extension/jemalloc/jemalloc/src/emap.cpp
[224/376] /usr/bin/c++ -DDUCKDB_BUILD_LIBRARY -DENABLE_CROSS_PRODUCT_REWRITE=0 -DENABLE_DEBUG_PRINT=0 -DENABLE_MEASURE_EXE_TIME=0 -DENABLE_MERGE_BACK_PLAN=0 -DENABLE_PARALLEL_EXECUTION=0 -DENABLE_QUERY_SPLIT=0 -DENABLE_SPECIFY_EST_STAT=0 -DJEMALLOC_NO_PRIVATE_NAMESPACE -DJEMALLOC_NO_RENAME -I/home/bita/Project/duckdb-polr/src/include -I/home/bita/Project/duckdb-polr/third_party/fsst -I/home/bita/Project/duckdb-polr/third_party/fmt/include -I/home/bita/Project/duckdb-polr/third_party/hyperloglog -I/home/bita/Project/duckdb-polr/third_party/fastpforlib -I/home/bita/Project/duckdb-polr/third_party/fast_float -I/home/bita/Project/duckdb-polr/third_party/re2 -I/home/bita/Project/duckdb-polr/third_party/miniz -I/home/bita/Project/duckdb-polr/third_party/utf8proc/include -I/home/bita/Project/duckdb-polr/third_party/miniparquet -I/home/bita/Project/duckdb-polr/third_party/concurrentqueue -I/home/bita/Project/duckdb-polr/third_party/pcg -I/home/bita/Project/duckdb-polr/third_party/tdigest -I/home/bita/Project/duckdb-polr/third_party/mbedtls/include -I/home/bita/Project/duckdb-polr/third_party/jaro_winkler -I/home/bita/Project/duckdb-polr/extension/jemalloc/include -I/home/bita/Project/duckdb-polr/extension/jemalloc/jemalloc/include -O3 -DNDEBUG -O3 -DNDEBUG   -fPIC -fdiagnostics-color=always -w -std=c++11 -MD -MT extension/jemalloc/jemalloc/CMakeFiles/jemalloc.dir/src/eset.cpp.o -MF extension/jemalloc/jemalloc/CMakeFiles/jemalloc.dir/src/eset.cpp.o.d -o extension/jemalloc/jemalloc/CMakeFiles/jemalloc.dir/src/eset.cpp.o -c /home/bita/Project/duckdb-polr/extension/jemalloc/jemalloc/src/eset.cpp
[225/376] /usr/bin/c++ -DDUCKDB_BUILD_LIBRARY -DENABLE_CROSS_PRODUCT_REWRITE=0 -DENABLE_DEBUG_PRINT=0 -DENABLE_MEASURE_EXE_TIME=0 -DENABLE_MERGE_BACK_PLAN=0 -DENABLE_PARALLEL_EXECUTION=0 -DENABLE_QUERY_SPLIT=0 -DENABLE_SPECIFY_EST_STAT=0 -DJEMALLOC_NO_PRIVATE_NAMESPACE -DJEMALLOC_NO_RENAME -I/home/bita/Project/duckdb-polr/src/include -I/home/bita/Project/duckdb-polr/third_party/fsst -I/home/bita/Project/duckdb-polr/third_party/fmt/include -I/home/bita/Project/duckdb-polr/third_party/hyperloglog -I/home/bita/Project/duckdb-polr/third_party/fastpforlib -I/home/bita/Project/duckdb-polr/third_party/fast_float -I/home/bita/Project/duckdb-polr/third_party/re2 -I/home/bita/Project/duckdb-polr/third_party/miniz -I/home/bita/Project/duckdb-polr/third_party/utf8proc/include -I/home/bita/Project/duckdb-polr/third_party/miniparquet -I/home/bita/Project/duckdb-polr/third_party/concurrentqueue -I/home/bita/Project/duckdb-polr/third_party/pcg -I/home/bita/Project/duckdb-polr/third_party/tdigest -I/home/bita/Project/duckdb-polr/third_party/mbedtls/include -I/home/bita/Project/duckdb-polr/third_party/jaro_winkler -I/home/bita/Project/duckdb-polr/extension/jemalloc/include -I/home/bita/Project/duckdb-polr/extension/jemalloc/jemalloc/include -O3 -DNDEBUG -O3 -DNDEBUG   -fPIC -fdiagnostics-color=always -w -std=c++11 -MD -MT extension/jemalloc/jemalloc/CMakeFiles/jemalloc.dir/src/extent_mmap.cpp.o -MF extension/jemalloc/jemalloc/CMakeFiles/jemalloc.dir/src/extent_mmap.cpp.o.d -o extension/jemalloc/jemalloc/CMakeFiles/jemalloc.dir/src/extent_mmap.cpp.o -c /home/bita/Project/duckdb-polr/extension/jemalloc/jemalloc/src/extent_mmap.cpp
[226/376] /usr/bin/c++ -DDUCKDB_BUILD_LIBRARY -DENABLE_CROSS_PRODUCT_REWRITE=0 -DENABLE_DEBUG_PRINT=0 -DENABLE_MEASURE_EXE_TIME=0 -DENABLE_MERGE_BACK_PLAN=0 -DENABLE_PARALLEL_EXECUTION=0 -DENABLE_QUERY_SPLIT=0 -DENABLE_SPECIFY_EST_STAT=0 -DJEMALLOC_NO_PRIVATE_NAMESPACE -DJEMALLOC_NO_RENAME -I/home/bita/Project/duckdb-polr/src/include -I/home/bita/Project/duckdb-polr/third_party/fsst -I/home/bita/Project/duckdb-polr/third_party/fmt/include -I/home/bita/Project/duckdb-polr/third_party/hyperloglog -I/home/bita/Project/duckdb-polr/third_party/fastpforlib -I/home/bita/Project/duckdb-polr/third_party/fast_float -I/home/bita/Project/duckdb-polr/third_party/re2 -I/home/bita/Project/duckdb-polr/third_party/miniz -I/home/bita/Project/duckdb-polr/third_party/utf8proc/include -I/home/bita/Project/duckdb-polr/third_party/miniparquet -I/home/bita/Project/duckdb-polr/third_party/concurrentqueue -I/home/bita/Project/duckdb-polr/third_party/pcg -I/home/bita/Project/duckdb-polr/third_party/tdigest -I/home/bita/Project/duckdb-polr/third_party/mbedtls/include -I/home/bita/Project/duckdb-polr/third_party/jaro_winkler -I/home/bita/Project/duckdb-polr/extension/jemalloc/include -I/home/bita/Project/duckdb-polr/extension/jemalloc/jemalloc/include -O3 -DNDEBUG -O3 -DNDEBUG   -fPIC -fdiagnostics-color=always -w -std=c++11 -MD -MT extension/jemalloc/jemalloc/CMakeFiles/jemalloc.dir/src/extent_dss.cpp.o -MF extension/jemalloc/jemalloc/CMakeFiles/jemalloc.dir/src/extent_dss.cpp.o.d -o extension/jemalloc/jemalloc/CMakeFiles/jemalloc.dir/src/extent_dss.cpp.o -c /home/bita/Project/duckdb-polr/extension/jemalloc/jemalloc/src/extent_dss.cpp
[227/376] /usr/bin/c++ -DDUCKDB_BUILD_LIBRARY -DENABLE_CROSS_PRODUCT_REWRITE=0 -DENABLE_DEBUG_PRINT=0 -DENABLE_MEASURE_EXE_TIME=0 -DENABLE_MERGE_BACK_PLAN=0 -DENABLE_PARALLEL_EXECUTION=0 -DENABLE_QUERY_SPLIT=0 -DENABLE_SPECIFY_EST_STAT=0 -DJEMALLOC_NO_PRIVATE_NAMESPACE -DJEMALLOC_NO_RENAME -I/home/bita/Project/duckdb-polr/src/include -I/home/bita/Project/duckdb-polr/third_party/fsst -I/home/bita/Project/duckdb-polr/third_party/fmt/include -I/home/bita/Project/duckdb-polr/third_party/hyperloglog -I/home/bita/Project/duckdb-polr/third_party/fastpforlib -I/home/bita/Project/duckdb-polr/third_party/fast_float -I/home/bita/Project/duckdb-polr/third_party/re2 -I/home/bita/Project/duckdb-polr/third_party/miniz -I/home/bita/Project/duckdb-polr/third_party/utf8proc/include -I/home/bita/Project/duckdb-polr/third_party/miniparquet -I/home/bita/Project/duckdb-polr/third_party/concurrentqueue -I/home/bita/Project/duckdb-polr/third_party/pcg -I/home/bita/Project/duckdb-polr/third_party/tdigest -I/home/bita/Project/duckdb-polr/third_party/mbedtls/include -I/home/bita/Project/duckdb-polr/third_party/jaro_winkler -I/home/bita/Project/duckdb-polr/extension/jemalloc/include -I/home/bita/Project/duckdb-polr/extension/jemalloc/jemalloc/include -O3 -DNDEBUG -O3 -DNDEBUG   -fPIC -fdiagnostics-color=always -w -std=c++11 -MD -MT extension/jemalloc/jemalloc/CMakeFiles/jemalloc.dir/src/hook.cpp.o -MF extension/jemalloc/jemalloc/CMakeFiles/jemalloc.dir/src/hook.cpp.o.d -o extension/jemalloc/jemalloc/CMakeFiles/jemalloc.dir/src/hook.cpp.o -c /home/bita/Project/duckdb-polr/extension/jemalloc/jemalloc/src/hook.cpp
[228/376] /usr/bin/c++ -DDUCKDB_BUILD_LIBRARY -DENABLE_CROSS_PRODUCT_REWRITE=0 -DENABLE_DEBUG_PRINT=0 -DENABLE_MEASURE_EXE_TIME=0 -DENABLE_MERGE_BACK_PLAN=0 -DENABLE_PARALLEL_EXECUTION=0 -DENABLE_QUERY_SPLIT=0 -DENABLE_SPECIFY_EST_STAT=0 -DJEMALLOC_NO_PRIVATE_NAMESPACE -DJEMALLOC_NO_RENAME -I/home/bita/Project/duckdb-polr/src/include -I/home/bita/Project/duckdb-polr/third_party/fsst -I/home/bita/Project/duckdb-polr/third_party/fmt/include -I/home/bita/Project/duckdb-polr/third_party/hyperloglog -I/home/bita/Project/duckdb-polr/third_party/fastpforlib -I/home/bita/Project/duckdb-polr/third_party/fast_float -I/home/bita/Project/duckdb-polr/third_party/re2 -I/home/bita/Project/duckdb-polr/third_party/miniz -I/home/bita/Project/duckdb-polr/third_party/utf8proc/include -I/home/bita/Project/duckdb-polr/third_party/miniparquet -I/home/bita/Project/duckdb-polr/third_party/concurrentqueue -I/home/bita/Project/duckdb-polr/third_party/pcg -I/home/bita/Project/duckdb-polr/third_party/tdigest -I/home/bita/Project/duckdb-polr/third_party/mbedtls/include -I/home/bita/Project/duckdb-polr/third_party/jaro_winkler -I/home/bita/Project/duckdb-polr/extension/jemalloc/include -I/home/bita/Project/duckdb-polr/extension/jemalloc/jemalloc/include -O3 -DNDEBUG -O3 -DNDEBUG   -fPIC -fdiagnostics-color=always -w -std=c++11 -MD -MT extension/jemalloc/jemalloc/CMakeFiles/jemalloc.dir/src/fxp.cpp.o -MF extension/jemalloc/jemalloc/CMakeFiles/jemalloc.dir/src/fxp.cpp.o.d -o extension/jemalloc/jemalloc/CMakeFiles/jemalloc.dir/src/fxp.cpp.o -c /home/bita/Project/duckdb-polr/extension/jemalloc/jemalloc/src/fxp.cpp
[229/376] /usr/bin/c++ -DDUCKDB_BUILD_LIBRARY -DENABLE_CROSS_PRODUCT_REWRITE=0 -DENABLE_DEBUG_PRINT=0 -DENABLE_MEASURE_EXE_TIME=0 -DENABLE_MERGE_BACK_PLAN=0 -DENABLE_PARALLEL_EXECUTION=0 -DENABLE_QUERY_SPLIT=0 -DENABLE_SPECIFY_EST_STAT=0 -DJEMALLOC_NO_PRIVATE_NAMESPACE -DJEMALLOC_NO_RENAME -I/home/bita/Project/duckdb-polr/src/include -I/home/bita/Project/duckdb-polr/third_party/fsst -I/home/bita/Project/duckdb-polr/third_party/fmt/include -I/home/bita/Project/duckdb-polr/third_party/hyperloglog -I/home/bita/Project/duckdb-polr/third_party/fastpforlib -I/home/bita/Project/duckdb-polr/third_party/fast_float -I/home/bita/Project/duckdb-polr/third_party/re2 -I/home/bita/Project/duckdb-polr/third_party/miniz -I/home/bita/Project/duckdb-polr/third_party/utf8proc/include -I/home/bita/Project/duckdb-polr/third_party/miniparquet -I/home/bita/Project/duckdb-polr/third_party/concurrentqueue -I/home/bita/Project/duckdb-polr/third_party/pcg -I/home/bita/Project/duckdb-polr/third_party/tdigest -I/home/bita/Project/duckdb-polr/third_party/mbedtls/include -I/home/bita/Project/duckdb-polr/third_party/jaro_winkler -I/home/bita/Project/duckdb-polr/extension/jemalloc/include -I/home/bita/Project/duckdb-polr/extension/jemalloc/jemalloc/include -O3 -DNDEBUG -O3 -DNDEBUG   -fPIC -fdiagnostics-color=always -w -std=c++11 -MD -MT extension/jemalloc/jemalloc/CMakeFiles/jemalloc.dir/src/extent.cpp.o -MF extension/jemalloc/jemalloc/CMakeFiles/jemalloc.dir/src/extent.cpp.o.d -o extension/jemalloc/jemalloc/CMakeFiles/jemalloc.dir/src/extent.cpp.o -c /home/bita/Project/duckdb-polr/extension/jemalloc/jemalloc/src/extent.cpp
[230/376] /usr/bin/c++ -DDUCKDB_BUILD_LIBRARY -DENABLE_CROSS_PRODUCT_REWRITE=0 -DENABLE_DEBUG_PRINT=0 -DENABLE_MEASURE_EXE_TIME=0 -DENABLE_MERGE_BACK_PLAN=0 -DENABLE_PARALLEL_EXECUTION=0 -DENABLE_QUERY_SPLIT=0 -DENABLE_SPECIFY_EST_STAT=0 -DJEMALLOC_NO_PRIVATE_NAMESPACE -DJEMALLOC_NO_RENAME -I/home/bita/Project/duckdb-polr/src/include -I/home/bita/Project/duckdb-polr/third_party/fsst -I/home/bita/Project/duckdb-polr/third_party/fmt/include -I/home/bita/Project/duckdb-polr/third_party/hyperloglog -I/home/bita/Project/duckdb-polr/third_party/fastpforlib -I/home/bita/Project/duckdb-polr/third_party/fast_float -I/home/bita/Project/duckdb-polr/third_party/re2 -I/home/bita/Project/duckdb-polr/third_party/miniz -I/home/bita/Project/duckdb-polr/third_party/utf8proc/include -I/home/bita/Project/duckdb-polr/third_party/miniparquet -I/home/bita/Project/duckdb-polr/third_party/concurrentqueue -I/home/bita/Project/duckdb-polr/third_party/pcg -I/home/bita/Project/duckdb-polr/third_party/tdigest -I/home/bita/Project/duckdb-polr/third_party/mbedtls/include -I/home/bita/Project/duckdb-polr/third_party/jaro_winkler -I/home/bita/Project/duckdb-polr/extension/jemalloc/include -I/home/bita/Project/duckdb-polr/extension/jemalloc/jemalloc/include -O3 -DNDEBUG -O3 -DNDEBUG   -fPIC -fdiagnostics-color=always -w -std=c++11 -MD -MT extension/jemalloc/jemalloc/CMakeFiles/jemalloc.dir/src/hpa_hooks.cpp.o -MF extension/jemalloc/jemalloc/CMakeFiles/jemalloc.dir/src/hpa_hooks.cpp.o.d -o extension/jemalloc/jemalloc/CMakeFiles/jemalloc.dir/src/hpa_hooks.cpp.o -c /home/bita/Project/duckdb-polr/extension/jemalloc/jemalloc/src/hpa_hooks.cpp
[231/376] /usr/bin/c++ -DDUCKDB_BUILD_LIBRARY -DENABLE_CROSS_PRODUCT_REWRITE=0 -DENABLE_DEBUG_PRINT=0 -DENABLE_MEASURE_EXE_TIME=0 -DENABLE_MERGE_BACK_PLAN=0 -DENABLE_PARALLEL_EXECUTION=0 -DENABLE_QUERY_SPLIT=0 -DENABLE_SPECIFY_EST_STAT=0 -DJEMALLOC_NO_PRIVATE_NAMESPACE -DJEMALLOC_NO_RENAME -I/home/bita/Project/duckdb-polr/src/include -I/home/bita/Project/duckdb-polr/third_party/fsst -I/home/bita/Project/duckdb-polr/third_party/fmt/include -I/home/bita/Project/duckdb-polr/third_party/hyperloglog -I/home/bita/Project/duckdb-polr/third_party/fastpforlib -I/home/bita/Project/duckdb-polr/third_party/fast_float -I/home/bita/Project/duckdb-polr/third_party/re2 -I/home/bita/Project/duckdb-polr/third_party/miniz -I/home/bita/Project/duckdb-polr/third_party/utf8proc/include -I/home/bita/Project/duckdb-polr/third_party/miniparquet -I/home/bita/Project/duckdb-polr/third_party/concurrentqueue -I/home/bita/Project/duckdb-polr/third_party/pcg -I/home/bita/Project/duckdb-polr/third_party/tdigest -I/home/bita/Project/duckdb-polr/third_party/mbedtls/include -I/home/bita/Project/duckdb-polr/third_party/jaro_winkler -I/home/bita/Project/duckdb-polr/extension/jemalloc/include -I/home/bita/Project/duckdb-polr/extension/jemalloc/jemalloc/include -O3 -DNDEBUG -O3 -DNDEBUG   -fPIC -fdiagnostics-color=always -w -std=c++11 -MD -MT extension/jemalloc/jemalloc/CMakeFiles/jemalloc.dir/src/log.cpp.o -MF extension/jemalloc/jemalloc/CMakeFiles/jemalloc.dir/src/log.cpp.o.d -o extension/jemalloc/jemalloc/CMakeFiles/jemalloc.dir/src/log.cpp.o -c /home/bita/Project/duckdb-polr/extension/jemalloc/jemalloc/src/log.cpp
[232/376] /usr/bin/c++ -DDUCKDB_BUILD_LIBRARY -DENABLE_CROSS_PRODUCT_REWRITE=0 -DENABLE_DEBUG_PRINT=0 -DENABLE_MEASURE_EXE_TIME=0 -DENABLE_MERGE_BACK_PLAN=0 -DENABLE_PARALLEL_EXECUTION=0 -DENABLE_QUERY_SPLIT=0 -DENABLE_SPECIFY_EST_STAT=0 -DJEMALLOC_NO_PRIVATE_NAMESPACE -DJEMALLOC_NO_RENAME -I/home/bita/Project/duckdb-polr/src/include -I/home/bita/Project/duckdb-polr/third_party/fsst -I/home/bita/Project/duckdb-polr/third_party/fmt/include -I/home/bita/Project/duckdb-polr/third_party/hyperloglog -I/home/bita/Project/duckdb-polr/third_party/fastpforlib -I/home/bita/Project/duckdb-polr/third_party/fast_float -I/home/bita/Project/duckdb-polr/third_party/re2 -I/home/bita/Project/duckdb-polr/third_party/miniz -I/home/bita/Project/duckdb-polr/third_party/utf8proc/include -I/home/bita/Project/duckdb-polr/third_party/miniparquet -I/home/bita/Project/duckdb-polr/third_party/concurrentqueue -I/home/bita/Project/duckdb-polr/third_party/pcg -I/home/bita/Project/duckdb-polr/third_party/tdigest -I/home/bita/Project/duckdb-polr/third_party/mbedtls/include -I/home/bita/Project/duckdb-polr/third_party/jaro_winkler -I/home/bita/Project/duckdb-polr/extension/jemalloc/include -I/home/bita/Project/duckdb-polr/extension/jemalloc/jemalloc/include -O3 -DNDEBUG -O3 -DNDEBUG   -fPIC -fdiagnostics-color=always -w -std=c++11 -MD -MT extension/jemalloc/jemalloc/CMakeFiles/jemalloc.dir/src/large.cpp.o -MF extension/jemalloc/jemalloc/CMakeFiles/jemalloc.dir/src/large.cpp.o.d -o extension/jemalloc/jemalloc/CMakeFiles/jemalloc.dir/src/large.cpp.o -c /home/bita/Project/duckdb-polr/extension/jemalloc/jemalloc/src/large.cpp
[233/376] /usr/bin/c++ -DDUCKDB_BUILD_LIBRARY -DENABLE_CROSS_PRODUCT_REWRITE=0 -DENABLE_DEBUG_PRINT=0 -DENABLE_MEASURE_EXE_TIME=0 -DENABLE_MERGE_BACK_PLAN=0 -DENABLE_PARALLEL_EXECUTION=0 -DENABLE_QUERY_SPLIT=0 -DENABLE_SPECIFY_EST_STAT=0 -DJEMALLOC_NO_PRIVATE_NAMESPACE -DJEMALLOC_NO_RENAME -I/home/bita/Project/duckdb-polr/src/include -I/home/bita/Project/duckdb-polr/third_party/fsst -I/home/bita/Project/duckdb-polr/third_party/fmt/include -I/home/bita/Project/duckdb-polr/third_party/hyperloglog -I/home/bita/Project/duckdb-polr/third_party/fastpforlib -I/home/bita/Project/duckdb-polr/third_party/fast_float -I/home/bita/Project/duckdb-polr/third_party/re2 -I/home/bita/Project/duckdb-polr/third_party/miniz -I/home/bita/Project/duckdb-polr/third_party/utf8proc/include -I/home/bita/Project/duckdb-polr/third_party/miniparquet -I/home/bita/Project/duckdb-polr/third_party/concurrentqueue -I/home/bita/Project/duckdb-polr/third_party/pcg -I/home/bita/Project/duckdb-polr/third_party/tdigest -I/home/bita/Project/duckdb-polr/third_party/mbedtls/include -I/home/bita/Project/duckdb-polr/third_party/jaro_winkler -I/home/bita/Project/duckdb-polr/extension/jemalloc/include -I/home/bita/Project/duckdb-polr/extension/jemalloc/jemalloc/include -O3 -DNDEBUG -O3 -DNDEBUG   -fPIC -fdiagnostics-color=always -w -std=c++11 -MD -MT extension/jemalloc/jemalloc/CMakeFiles/jemalloc.dir/src/inspect.cpp.o -MF extension/jemalloc/jemalloc/CMakeFiles/jemalloc.dir/src/inspect.cpp.o.d -o extension/jemalloc/jemalloc/CMakeFiles/jemalloc.dir/src/inspect.cpp.o -c /home/bita/Project/duckdb-polr/extension/jemalloc/jemalloc/src/inspect.cpp
[234/376] /usr/bin/c++ -DDUCKDB_BUILD_LIBRARY -DENABLE_CROSS_PRODUCT_REWRITE=0 -DENABLE_DEBUG_PRINT=0 -DENABLE_MEASURE_EXE_TIME=0 -DENABLE_MERGE_BACK_PLAN=0 -DENABLE_PARALLEL_EXECUTION=0 -DENABLE_QUERY_SPLIT=0 -DENABLE_SPECIFY_EST_STAT=0 -DJEMALLOC_NO_PRIVATE_NAMESPACE -DJEMALLOC_NO_RENAME -I/home/bita/Project/duckdb-polr/src/include -I/home/bita/Project/duckdb-polr/third_party/fsst -I/home/bita/Project/duckdb-polr/third_party/fmt/include -I/home/bita/Project/duckdb-polr/third_party/hyperloglog -I/home/bita/Project/duckdb-polr/third_party/fastpforlib -I/home/bita/Project/duckdb-polr/third_party/fast_float -I/home/bita/Project/duckdb-polr/third_party/re2 -I/home/bita/Project/duckdb-polr/third_party/miniz -I/home/bita/Project/duckdb-polr/third_party/utf8proc/include -I/home/bita/Project/duckdb-polr/third_party/miniparquet -I/home/bita/Project/duckdb-polr/third_party/concurrentqueue -I/home/bita/Project/duckdb-polr/third_party/pcg -I/home/bita/Project/duckdb-polr/third_party/tdigest -I/home/bita/Project/duckdb-polr/third_party/mbedtls/include -I/home/bita/Project/duckdb-polr/third_party/jaro_winkler -I/home/bita/Project/duckdb-polr/extension/jemalloc/include -I/home/bita/Project/duckdb-polr/extension/jemalloc/jemalloc/include -O3 -DNDEBUG -O3 -DNDEBUG   -fPIC -fdiagnostics-color=always -w -std=c++11 -MD -MT extension/jemalloc/jemalloc/CMakeFiles/jemalloc.dir/src/hpa.cpp.o -MF extension/jemalloc/jemalloc/CMakeFiles/jemalloc.dir/src/hpa.cpp.o.d -o extension/jemalloc/jemalloc/CMakeFiles/jemalloc.dir/src/hpa.cpp.o -c /home/bita/Project/duckdb-polr/extension/jemalloc/jemalloc/src/hpa.cpp
[235/376] /usr/bin/c++ -DDUCKDB_BUILD_LIBRARY -DENABLE_CROSS_PRODUCT_REWRITE=0 -DENABLE_DEBUG_PRINT=0 -DENABLE_MEASURE_EXE_TIME=0 -DENABLE_MERGE_BACK_PLAN=0 -DENABLE_PARALLEL_EXECUTION=0 -DENABLE_QUERY_SPLIT=0 -DENABLE_SPECIFY_EST_STAT=0 -DJEMALLOC_NO_PRIVATE_NAMESPACE -DJEMALLOC_NO_RENAME -I/home/bita/Project/duckdb-polr/src/include -I/home/bita/Project/duckdb-polr/third_party/fsst -I/home/bita/Project/duckdb-polr/third_party/fmt/include -I/home/bita/Project/duckdb-polr/third_party/hyperloglog -I/home/bita/Project/duckdb-polr/third_party/fastpforlib -I/home/bita/Project/duckdb-polr/third_party/fast_float -I/home/bita/Project/duckdb-polr/third_party/re2 -I/home/bita/Project/duckdb-polr/third_party/miniz -I/home/bita/Project/duckdb-polr/third_party/utf8proc/include -I/home/bita/Project/duckdb-polr/third_party/miniparquet -I/home/bita/Project/duckdb-polr/third_party/concurrentqueue -I/home/bita/Project/duckdb-polr/third_party/pcg -I/home/bita/Project/duckdb-polr/third_party/tdigest -I/home/bita/Project/duckdb-polr/third_party/mbedtls/include -I/home/bita/Project/duckdb-polr/third_party/jaro_winkler -I/home/bita/Project/duckdb-polr/extension/jemalloc/include -I/home/bita/Project/duckdb-polr/extension/jemalloc/jemalloc/include -O3 -DNDEBUG -O3 -DNDEBUG   -fPIC -fdiagnostics-color=always -w -std=c++11 -MD -MT extension/jemalloc/jemalloc/CMakeFiles/jemalloc.dir/src/nstime.cpp.o -MF extension/jemalloc/jemalloc/CMakeFiles/jemalloc.dir/src/nstime.cpp.o.d -o extension/jemalloc/jemalloc/CMakeFiles/jemalloc.dir/src/nstime.cpp.o -c /home/bita/Project/duckdb-polr/extension/jemalloc/jemalloc/src/nstime.cpp
[236/376] /usr/bin/c++ -DDUCKDB_BUILD_LIBRARY -DENABLE_CROSS_PRODUCT_REWRITE=0 -DENABLE_DEBUG_PRINT=0 -DENABLE_MEASURE_EXE_TIME=0 -DENABLE_MERGE_BACK_PLAN=0 -DENABLE_PARALLEL_EXECUTION=0 -DENABLE_QUERY_SPLIT=0 -DENABLE_SPECIFY_EST_STAT=0 -DJEMALLOC_NO_PRIVATE_NAMESPACE -DJEMALLOC_NO_RENAME -I/home/bita/Project/duckdb-polr/src/include -I/home/bita/Project/duckdb-polr/third_party/fsst -I/home/bita/Project/duckdb-polr/third_party/fmt/include -I/home/bita/Project/duckdb-polr/third_party/hyperloglog -I/home/bita/Project/duckdb-polr/third_party/fastpforlib -I/home/bita/Project/duckdb-polr/third_party/fast_float -I/home/bita/Project/duckdb-polr/third_party/re2 -I/home/bita/Project/duckdb-polr/third_party/miniz -I/home/bita/Project/duckdb-polr/third_party/utf8proc/include -I/home/bita/Project/duckdb-polr/third_party/miniparquet -I/home/bita/Project/duckdb-polr/third_party/concurrentqueue -I/home/bita/Project/duckdb-polr/third_party/pcg -I/home/bita/Project/duckdb-polr/third_party/tdigest -I/home/bita/Project/duckdb-polr/third_party/mbedtls/include -I/home/bita/Project/duckdb-polr/third_party/jaro_winkler -I/home/bita/Project/duckdb-polr/extension/jemalloc/include -I/home/bita/Project/duckdb-polr/extension/jemalloc/jemalloc/include -O3 -DNDEBUG -O3 -DNDEBUG   -fPIC -fdiagnostics-color=always -w -std=c++11 -MD -MT extension/jemalloc/jemalloc/CMakeFiles/jemalloc.dir/src/mutex.cpp.o -MF extension/jemalloc/jemalloc/CMakeFiles/jemalloc.dir/src/mutex.cpp.o.d -o extension/jemalloc/jemalloc/CMakeFiles/jemalloc.dir/src/mutex.cpp.o -c /home/bita/Project/duckdb-polr/extension/jemalloc/jemalloc/src/mutex.cpp
[237/376] /usr/bin/c++ -DDUCKDB_BUILD_LIBRARY -DENABLE_CROSS_PRODUCT_REWRITE=0 -DENABLE_DEBUG_PRINT=0 -DENABLE_MEASURE_EXE_TIME=0 -DENABLE_MERGE_BACK_PLAN=0 -DENABLE_PARALLEL_EXECUTION=0 -DENABLE_QUERY_SPLIT=0 -DENABLE_SPECIFY_EST_STAT=0 -DJEMALLOC_NO_PRIVATE_NAMESPACE -DJEMALLOC_NO_RENAME -I/home/bita/Project/duckdb-polr/src/include -I/home/bita/Project/duckdb-polr/third_party/fsst -I/home/bita/Project/duckdb-polr/third_party/fmt/include -I/home/bita/Project/duckdb-polr/third_party/hyperloglog -I/home/bita/Project/duckdb-polr/third_party/fastpforlib -I/home/bita/Project/duckdb-polr/third_party/fast_float -I/home/bita/Project/duckdb-polr/third_party/re2 -I/home/bita/Project/duckdb-polr/third_party/miniz -I/home/bita/Project/duckdb-polr/third_party/utf8proc/include -I/home/bita/Project/duckdb-polr/third_party/miniparquet -I/home/bita/Project/duckdb-polr/third_party/concurrentqueue -I/home/bita/Project/duckdb-polr/third_party/pcg -I/home/bita/Project/duckdb-polr/third_party/tdigest -I/home/bita/Project/duckdb-polr/third_party/mbedtls/include -I/home/bita/Project/duckdb-polr/third_party/jaro_winkler -I/home/bita/Project/duckdb-polr/extension/jemalloc/include -I/home/bita/Project/duckdb-polr/extension/jemalloc/jemalloc/include -O3 -DNDEBUG -O3 -DNDEBUG   -fPIC -fdiagnostics-color=always -w -std=c++11 -MD -MT extension/jemalloc/jemalloc/CMakeFiles/jemalloc.dir/src/malloc_io.cpp.o -MF extension/jemalloc/jemalloc/CMakeFiles/jemalloc.dir/src/malloc_io.cpp.o.d -o extension/jemalloc/jemalloc/CMakeFiles/jemalloc.dir/src/malloc_io.cpp.o -c /home/bita/Project/duckdb-polr/extension/jemalloc/jemalloc/src/malloc_io.cpp
[238/376] /usr/bin/c++ -DDUCKDB_BUILD_LIBRARY -DENABLE_CROSS_PRODUCT_REWRITE=0 -DENABLE_DEBUG_PRINT=0 -DENABLE_MEASURE_EXE_TIME=0 -DENABLE_MERGE_BACK_PLAN=0 -DENABLE_PARALLEL_EXECUTION=0 -DENABLE_QUERY_SPLIT=0 -DENABLE_SPECIFY_EST_STAT=0 -DJEMALLOC_NO_PRIVATE_NAMESPACE -DJEMALLOC_NO_RENAME -I/home/bita/Project/duckdb-polr/src/include -I/home/bita/Project/duckdb-polr/third_party/fsst -I/home/bita/Project/duckdb-polr/third_party/fmt/include -I/home/bita/Project/duckdb-polr/third_party/hyperloglog -I/home/bita/Project/duckdb-polr/third_party/fastpforlib -I/home/bita/Project/duckdb-polr/third_party/fast_float -I/home/bita/Project/duckdb-polr/third_party/re2 -I/home/bita/Project/duckdb-polr/third_party/miniz -I/home/bita/Project/duckdb-polr/third_party/utf8proc/include -I/home/bita/Project/duckdb-polr/third_party/miniparquet -I/home/bita/Project/duckdb-polr/third_party/concurrentqueue -I/home/bita/Project/duckdb-polr/third_party/pcg -I/home/bita/Project/duckdb-polr/third_party/tdigest -I/home/bita/Project/duckdb-polr/third_party/mbedtls/include -I/home/bita/Project/duckdb-polr/third_party/jaro_winkler -I/home/bita/Project/duckdb-polr/extension/jemalloc/include -I/home/bita/Project/duckdb-polr/extension/jemalloc/jemalloc/include -O3 -DNDEBUG -O3 -DNDEBUG   -fPIC -fdiagnostics-color=always -w -std=c++11 -MD -MT extension/jemalloc/jemalloc/CMakeFiles/jemalloc.dir/src/hpdata.cpp.o -MF extension/jemalloc/jemalloc/CMakeFiles/jemalloc.dir/src/hpdata.cpp.o.d -o extension/jemalloc/jemalloc/CMakeFiles/jemalloc.dir/src/hpdata.cpp.o -c /home/bita/Project/duckdb-polr/extension/jemalloc/jemalloc/src/hpdata.cpp
[239/376] /usr/bin/c++ -DDUCKDB_BUILD_LIBRARY -DENABLE_CROSS_PRODUCT_REWRITE=0 -DENABLE_DEBUG_PRINT=0 -DENABLE_MEASURE_EXE_TIME=0 -DENABLE_MERGE_BACK_PLAN=0 -DENABLE_PARALLEL_EXECUTION=0 -DENABLE_QUERY_SPLIT=0 -DENABLE_SPECIFY_EST_STAT=0 -DJEMALLOC_NO_PRIVATE_NAMESPACE -DJEMALLOC_NO_RENAME -I/home/bita/Project/duckdb-polr/src/include -I/home/bita/Project/duckdb-polr/third_party/fsst -I/home/bita/Project/duckdb-polr/third_party/fmt/include -I/home/bita/Project/duckdb-polr/third_party/hyperloglog -I/home/bita/Project/duckdb-polr/third_party/fastpforlib -I/home/bita/Project/duckdb-polr/third_party/fast_float -I/home/bita/Project/duckdb-polr/third_party/re2 -I/home/bita/Project/duckdb-polr/third_party/miniz -I/home/bita/Project/duckdb-polr/third_party/utf8proc/include -I/home/bita/Project/duckdb-polr/third_party/miniparquet -I/home/bita/Project/duckdb-polr/third_party/concurrentqueue -I/home/bita/Project/duckdb-polr/third_party/pcg -I/home/bita/Project/duckdb-polr/third_party/tdigest -I/home/bita/Project/duckdb-polr/third_party/mbedtls/include -I/home/bita/Project/duckdb-polr/third_party/jaro_winkler -I/home/bita/Project/duckdb-polr/extension/jemalloc/include -I/home/bita/Project/duckdb-polr/extension/jemalloc/jemalloc/include -O3 -DNDEBUG -O3 -DNDEBUG   -fPIC -fdiagnostics-color=always -w -std=c++11 -MD -MT extension/jemalloc/jemalloc/CMakeFiles/jemalloc.dir/src/pa.cpp.o -MF extension/jemalloc/jemalloc/CMakeFiles/jemalloc.dir/src/pa.cpp.o.d -o extension/jemalloc/jemalloc/CMakeFiles/jemalloc.dir/src/pa.cpp.o -c /home/bita/Project/duckdb-polr/extension/jemalloc/jemalloc/src/pa.cpp
[240/376] /usr/bin/c++ -DDUCKDB_BUILD_LIBRARY -DENABLE_CROSS_PRODUCT_REWRITE=0 -DENABLE_DEBUG_PRINT=0 -DENABLE_MEASURE_EXE_TIME=0 -DENABLE_MERGE_BACK_PLAN=0 -DENABLE_PARALLEL_EXECUTION=0 -DENABLE_QUERY_SPLIT=0 -DENABLE_SPECIFY_EST_STAT=0 -DJEMALLOC_NO_PRIVATE_NAMESPACE -DJEMALLOC_NO_RENAME -I/home/bita/Project/duckdb-polr/src/include -I/home/bita/Project/duckdb-polr/third_party/fsst -I/home/bita/Project/duckdb-polr/third_party/fmt/include -I/home/bita/Project/duckdb-polr/third_party/hyperloglog -I/home/bita/Project/duckdb-polr/third_party/fastpforlib -I/home/bita/Project/duckdb-polr/third_party/fast_float -I/home/bita/Project/duckdb-polr/third_party/re2 -I/home/bita/Project/duckdb-polr/third_party/miniz -I/home/bita/Project/duckdb-polr/third_party/utf8proc/include -I/home/bita/Project/duckdb-polr/third_party/miniparquet -I/home/bita/Project/duckdb-polr/third_party/concurrentqueue -I/home/bita/Project/duckdb-polr/third_party/pcg -I/home/bita/Project/duckdb-polr/third_party/tdigest -I/home/bita/Project/duckdb-polr/third_party/mbedtls/include -I/home/bita/Project/duckdb-polr/third_party/jaro_winkler -I/home/bita/Project/duckdb-polr/extension/jemalloc/include -I/home/bita/Project/duckdb-polr/extension/jemalloc/jemalloc/include -O3 -DNDEBUG -O3 -DNDEBUG   -fPIC -fdiagnostics-color=always -w -std=c++11 -MD -MT extension/jemalloc/jemalloc/CMakeFiles/jemalloc.dir/src/pa_extra.cpp.o -MF extension/jemalloc/jemalloc/CMakeFiles/jemalloc.dir/src/pa_extra.cpp.o.d -o extension/jemalloc/jemalloc/CMakeFiles/jemalloc.dir/src/pa_extra.cpp.o -c /home/bita/Project/duckdb-polr/extension/jemalloc/jemalloc/src/pa_extra.cpp
[241/376] /usr/bin/c++ -DDUCKDB_BUILD_LIBRARY -DENABLE_CROSS_PRODUCT_REWRITE=0 -DENABLE_DEBUG_PRINT=0 -DENABLE_MEASURE_EXE_TIME=0 -DENABLE_MERGE_BACK_PLAN=0 -DENABLE_PARALLEL_EXECUTION=0 -DENABLE_QUERY_SPLIT=0 -DENABLE_SPECIFY_EST_STAT=0 -DJEMALLOC_NO_PRIVATE_NAMESPACE -DJEMALLOC_NO_RENAME -I/home/bita/Project/duckdb-polr/src/include -I/home/bita/Project/duckdb-polr/third_party/fsst -I/home/bita/Project/duckdb-polr/third_party/fmt/include -I/home/bita/Project/duckdb-polr/third_party/hyperloglog -I/home/bita/Project/duckdb-polr/third_party/fastpforlib -I/home/bita/Project/duckdb-polr/third_party/fast_float -I/home/bita/Project/duckdb-polr/third_party/re2 -I/home/bita/Project/duckdb-polr/third_party/miniz -I/home/bita/Project/duckdb-polr/third_party/utf8proc/include -I/home/bita/Project/duckdb-polr/third_party/miniparquet -I/home/bita/Project/duckdb-polr/third_party/concurrentqueue -I/home/bita/Project/duckdb-polr/third_party/pcg -I/home/bita/Project/duckdb-polr/third_party/tdigest -I/home/bita/Project/duckdb-polr/third_party/mbedtls/include -I/home/bita/Project/duckdb-polr/third_party/jaro_winkler -I/home/bita/Project/duckdb-polr/extension/jemalloc/include -I/home/bita/Project/duckdb-polr/extension/jemalloc/jemalloc/include -O3 -DNDEBUG -O3 -DNDEBUG   -fPIC -fdiagnostics-color=always -w -std=c++11 -MD -MT extension/jemalloc/jemalloc/CMakeFiles/jemalloc.dir/src/pac.cpp.o -MF extension/jemalloc/jemalloc/CMakeFiles/jemalloc.dir/src/pac.cpp.o.d -o extension/jemalloc/jemalloc/CMakeFiles/jemalloc.dir/src/pac.cpp.o -c /home/bita/Project/duckdb-polr/extension/jemalloc/jemalloc/src/pac.cpp
[242/376] /usr/bin/c++ -DDUCKDB_BUILD_LIBRARY -DENABLE_CROSS_PRODUCT_REWRITE=0 -DENABLE_DEBUG_PRINT=0 -DENABLE_MEASURE_EXE_TIME=0 -DENABLE_MERGE_BACK_PLAN=0 -DENABLE_PARALLEL_EXECUTION=0 -DENABLE_QUERY_SPLIT=0 -DENABLE_SPECIFY_EST_STAT=0 -DJEMALLOC_NO_PRIVATE_NAMESPACE -DJEMALLOC_NO_RENAME -I/home/bita/Project/duckdb-polr/src/include -I/home/bita/Project/duckdb-polr/third_party/fsst -I/home/bita/Project/duckdb-polr/third_party/fmt/include -I/home/bita/Project/duckdb-polr/third_party/hyperloglog -I/home/bita/Project/duckdb-polr/third_party/fastpforlib -I/home/bita/Project/duckdb-polr/third_party/fast_float -I/home/bita/Project/duckdb-polr/third_party/re2 -I/home/bita/Project/duckdb-polr/third_party/miniz -I/home/bita/Project/duckdb-polr/third_party/utf8proc/include -I/home/bita/Project/duckdb-polr/third_party/miniparquet -I/home/bita/Project/duckdb-polr/third_party/concurrentqueue -I/home/bita/Project/duckdb-polr/third_party/pcg -I/home/bita/Project/duckdb-polr/third_party/tdigest -I/home/bita/Project/duckdb-polr/third_party/mbedtls/include -I/home/bita/Project/duckdb-polr/third_party/jaro_winkler -I/home/bita/Project/duckdb-polr/extension/jemalloc/include -I/home/bita/Project/duckdb-polr/extension/jemalloc/jemalloc/include -O3 -DNDEBUG -O3 -DNDEBUG   -fPIC -fdiagnostics-color=always -w -std=c++11 -MD -MT extension/jemalloc/jemalloc/CMakeFiles/jemalloc.dir/src/peak_event.cpp.o -MF extension/jemalloc/jemalloc/CMakeFiles/jemalloc.dir/src/peak_event.cpp.o.d -o extension/jemalloc/jemalloc/CMakeFiles/jemalloc.dir/src/peak_event.cpp.o -c /home/bita/Project/duckdb-polr/extension/jemalloc/jemalloc/src/peak_event.cpp
[243/376] /usr/bin/c++ -DDUCKDB_BUILD_LIBRARY -DENABLE_CROSS_PRODUCT_REWRITE=0 -DENABLE_DEBUG_PRINT=0 -DENABLE_MEASURE_EXE_TIME=0 -DENABLE_MERGE_BACK_PLAN=0 -DENABLE_PARALLEL_EXECUTION=0 -DENABLE_QUERY_SPLIT=0 -DENABLE_SPECIFY_EST_STAT=0 -DJEMALLOC_NO_PRIVATE_NAMESPACE -DJEMALLOC_NO_RENAME -I/home/bita/Project/duckdb-polr/src/include -I/home/bita/Project/duckdb-polr/third_party/fsst -I/home/bita/Project/duckdb-polr/third_party/fmt/include -I/home/bita/Project/duckdb-polr/third_party/hyperloglog -I/home/bita/Project/duckdb-polr/third_party/fastpforlib -I/home/bita/Project/duckdb-polr/third_party/fast_float -I/home/bita/Project/duckdb-polr/third_party/re2 -I/home/bita/Project/duckdb-polr/third_party/miniz -I/home/bita/Project/duckdb-polr/third_party/utf8proc/include -I/home/bita/Project/duckdb-polr/third_party/miniparquet -I/home/bita/Project/duckdb-polr/third_party/concurrentqueue -I/home/bita/Project/duckdb-polr/third_party/pcg -I/home/bita/Project/duckdb-polr/third_party/tdigest -I/home/bita/Project/duckdb-polr/third_party/mbedtls/include -I/home/bita/Project/duckdb-polr/third_party/jaro_winkler -I/home/bita/Project/duckdb-polr/extension/jemalloc/include -I/home/bita/Project/duckdb-polr/extension/jemalloc/jemalloc/include -O3 -DNDEBUG -O3 -DNDEBUG   -fPIC -fdiagnostics-color=always -w -std=c++11 -MD -MT extension/jemalloc/jemalloc/CMakeFiles/jemalloc.dir/src/pai.cpp.o -MF extension/jemalloc/jemalloc/CMakeFiles/jemalloc.dir/src/pai.cpp.o.d -o extension/jemalloc/jemalloc/CMakeFiles/jemalloc.dir/src/pai.cpp.o -c /home/bita/Project/duckdb-polr/extension/jemalloc/jemalloc/src/pai.cpp
[244/376] /usr/bin/c++ -DDUCKDB_BUILD_LIBRARY -DENABLE_CROSS_PRODUCT_REWRITE=0 -DENABLE_DEBUG_PRINT=0 -DENABLE_MEASURE_EXE_TIME=0 -DENABLE_MERGE_BACK_PLAN=0 -DENABLE_PARALLEL_EXECUTION=0 -DENABLE_QUERY_SPLIT=0 -DENABLE_SPECIFY_EST_STAT=0 -DJEMALLOC_NO_PRIVATE_NAMESPACE -DJEMALLOC_NO_RENAME -I/home/bita/Project/duckdb-polr/src/include -I/home/bita/Project/duckdb-polr/third_party/fsst -I/home/bita/Project/duckdb-polr/third_party/fmt/include -I/home/bita/Project/duckdb-polr/third_party/hyperloglog -I/home/bita/Project/duckdb-polr/third_party/fastpforlib -I/home/bita/Project/duckdb-polr/third_party/fast_float -I/home/bita/Project/duckdb-polr/third_party/re2 -I/home/bita/Project/duckdb-polr/third_party/miniz -I/home/bita/Project/duckdb-polr/third_party/utf8proc/include -I/home/bita/Project/duckdb-polr/third_party/miniparquet -I/home/bita/Project/duckdb-polr/third_party/concurrentqueue -I/home/bita/Project/duckdb-polr/third_party/pcg -I/home/bita/Project/duckdb-polr/third_party/tdigest -I/home/bita/Project/duckdb-polr/third_party/mbedtls/include -I/home/bita/Project/duckdb-polr/third_party/jaro_winkler -I/home/bita/Project/duckdb-polr/extension/jemalloc/include -I/home/bita/Project/duckdb-polr/extension/jemalloc/jemalloc/include -O3 -DNDEBUG -O3 -DNDEBUG   -fPIC -fdiagnostics-color=always -w -std=c++11 -MD -MT extension/jemalloc/jemalloc/CMakeFiles/jemalloc.dir/src/pages.cpp.o -MF extension/jemalloc/jemalloc/CMakeFiles/jemalloc.dir/src/pages.cpp.o.d -o extension/jemalloc/jemalloc/CMakeFiles/jemalloc.dir/src/pages.cpp.o -c /home/bita/Project/duckdb-polr/extension/jemalloc/jemalloc/src/pages.cpp
[245/376] /usr/bin/c++ -DDUCKDB_BUILD_LIBRARY -DENABLE_CROSS_PRODUCT_REWRITE=0 -DENABLE_DEBUG_PRINT=0 -DENABLE_MEASURE_EXE_TIME=0 -DENABLE_MERGE_BACK_PLAN=0 -DENABLE_PARALLEL_EXECUTION=0 -DENABLE_QUERY_SPLIT=0 -DENABLE_SPECIFY_EST_STAT=0 -DJEMALLOC_NO_PRIVATE_NAMESPACE -DJEMALLOC_NO_RENAME -I/home/bita/Project/duckdb-polr/src/include -I/home/bita/Project/duckdb-polr/third_party/fsst -I/home/bita/Project/duckdb-polr/third_party/fmt/include -I/home/bita/Project/duckdb-polr/third_party/hyperloglog -I/home/bita/Project/duckdb-polr/third_party/fastpforlib -I/home/bita/Project/duckdb-polr/third_party/fast_float -I/home/bita/Project/duckdb-polr/third_party/re2 -I/home/bita/Project/duckdb-polr/third_party/miniz -I/home/bita/Project/duckdb-polr/third_party/utf8proc/include -I/home/bita/Project/duckdb-polr/third_party/miniparquet -I/home/bita/Project/duckdb-polr/third_party/concurrentqueue -I/home/bita/Project/duckdb-polr/third_party/pcg -I/home/bita/Project/duckdb-polr/third_party/tdigest -I/home/bita/Project/duckdb-polr/third_party/mbedtls/include -I/home/bita/Project/duckdb-polr/third_party/jaro_winkler -I/home/bita/Project/duckdb-polr/extension/jemalloc/include -I/home/bita/Project/duckdb-polr/extension/jemalloc/jemalloc/include -O3 -DNDEBUG -O3 -DNDEBUG   -fPIC -fdiagnostics-color=always -w -std=c++11 -MD -MT extension/jemalloc/jemalloc/CMakeFiles/jemalloc.dir/src/prof_recent.cpp.o -MF extension/jemalloc/jemalloc/CMakeFiles/jemalloc.dir/src/prof_recent.cpp.o.d -o extension/jemalloc/jemalloc/CMakeFiles/jemalloc.dir/src/prof_recent.cpp.o -c /home/bita/Project/duckdb-polr/extension/jemalloc/jemalloc/src/prof_recent.cpp
[246/376] /usr/bin/c++ -DDUCKDB_BUILD_LIBRARY -DENABLE_CROSS_PRODUCT_REWRITE=0 -DENABLE_DEBUG_PRINT=0 -DENABLE_MEASURE_EXE_TIME=0 -DENABLE_MERGE_BACK_PLAN=0 -DENABLE_PARALLEL_EXECUTION=0 -DENABLE_QUERY_SPLIT=0 -DENABLE_SPECIFY_EST_STAT=0 -DJEMALLOC_NO_PRIVATE_NAMESPACE -DJEMALLOC_NO_RENAME -I/home/bita/Project/duckdb-polr/src/include -I/home/bita/Project/duckdb-polr/third_party/fsst -I/home/bita/Project/duckdb-polr/third_party/fmt/include -I/home/bita/Project/duckdb-polr/third_party/hyperloglog -I/home/bita/Project/duckdb-polr/third_party/fastpforlib -I/home/bita/Project/duckdb-polr/third_party/fast_float -I/home/bita/Project/duckdb-polr/third_party/re2 -I/home/bita/Project/duckdb-polr/third_party/miniz -I/home/bita/Project/duckdb-polr/third_party/utf8proc/include -I/home/bita/Project/duckdb-polr/third_party/miniparquet -I/home/bita/Project/duckdb-polr/third_party/concurrentqueue -I/home/bita/Project/duckdb-polr/third_party/pcg -I/home/bita/Project/duckdb-polr/third_party/tdigest -I/home/bita/Project/duckdb-polr/third_party/mbedtls/include -I/home/bita/Project/duckdb-polr/third_party/jaro_winkler -I/home/bita/Project/duckdb-polr/extension/jemalloc/include -I/home/bita/Project/duckdb-polr/extension/jemalloc/jemalloc/include -O3 -DNDEBUG -O3 -DNDEBUG   -fPIC -fdiagnostics-color=always -w -std=c++11 -MD -MT extension/jemalloc/jemalloc/CMakeFiles/jemalloc.dir/src/prof.cpp.o -MF extension/jemalloc/jemalloc/CMakeFiles/jemalloc.dir/src/prof.cpp.o.d -o extension/jemalloc/jemalloc/CMakeFiles/jemalloc.dir/src/prof.cpp.o -c /home/bita/Project/duckdb-polr/extension/jemalloc/jemalloc/src/prof.cpp
[247/376] /usr/bin/c++ -DDUCKDB_BUILD_LIBRARY -DENABLE_CROSS_PRODUCT_REWRITE=0 -DENABLE_DEBUG_PRINT=0 -DENABLE_MEASURE_EXE_TIME=0 -DENABLE_MERGE_BACK_PLAN=0 -DENABLE_PARALLEL_EXECUTION=0 -DENABLE_QUERY_SPLIT=0 -DENABLE_SPECIFY_EST_STAT=0 -DJEMALLOC_NO_PRIVATE_NAMESPACE -DJEMALLOC_NO_RENAME -I/home/bita/Project/duckdb-polr/src/include -I/home/bita/Project/duckdb-polr/third_party/fsst -I/home/bita/Project/duckdb-polr/third_party/fmt/include -I/home/bita/Project/duckdb-polr/third_party/hyperloglog -I/home/bita/Project/duckdb-polr/third_party/fastpforlib -I/home/bita/Project/duckdb-polr/third_party/fast_float -I/home/bita/Project/duckdb-polr/third_party/re2 -I/home/bita/Project/duckdb-polr/third_party/miniz -I/home/bita/Project/duckdb-polr/third_party/utf8proc/include -I/home/bita/Project/duckdb-polr/third_party/miniparquet -I/home/bita/Project/duckdb-polr/third_party/concurrentqueue -I/home/bita/Project/duckdb-polr/third_party/pcg -I/home/bita/Project/duckdb-polr/third_party/tdigest -I/home/bita/Project/duckdb-polr/third_party/mbedtls/include -I/home/bita/Project/duckdb-polr/third_party/jaro_winkler -I/home/bita/Project/duckdb-polr/extension/jemalloc/include -I/home/bita/Project/duckdb-polr/extension/jemalloc/jemalloc/include -O3 -DNDEBUG -O3 -DNDEBUG   -fPIC -fdiagnostics-color=always -w -std=c++11 -MD -MT extension/jemalloc/jemalloc/CMakeFiles/jemalloc.dir/src/prof_log.cpp.o -MF extension/jemalloc/jemalloc/CMakeFiles/jemalloc.dir/src/prof_log.cpp.o.d -o extension/jemalloc/jemalloc/CMakeFiles/jemalloc.dir/src/prof_log.cpp.o -c /home/bita/Project/duckdb-polr/extension/jemalloc/jemalloc/src/prof_log.cpp
[248/376] /usr/bin/c++ -DDUCKDB_BUILD_LIBRARY -DENABLE_CROSS_PRODUCT_REWRITE=0 -DENABLE_DEBUG_PRINT=0 -DENABLE_MEASURE_EXE_TIME=0 -DENABLE_MERGE_BACK_PLAN=0 -DENABLE_PARALLEL_EXECUTION=0 -DENABLE_QUERY_SPLIT=0 -DENABLE_SPECIFY_EST_STAT=0 -DJEMALLOC_NO_PRIVATE_NAMESPACE -DJEMALLOC_NO_RENAME -I/home/bita/Project/duckdb-polr/src/include -I/home/bita/Project/duckdb-polr/third_party/fsst -I/home/bita/Project/duckdb-polr/third_party/fmt/include -I/home/bita/Project/duckdb-polr/third_party/hyperloglog -I/home/bita/Project/duckdb-polr/third_party/fastpforlib -I/home/bita/Project/duckdb-polr/third_party/fast_float -I/home/bita/Project/duckdb-polr/third_party/re2 -I/home/bita/Project/duckdb-polr/third_party/miniz -I/home/bita/Project/duckdb-polr/third_party/utf8proc/include -I/home/bita/Project/duckdb-polr/third_party/miniparquet -I/home/bita/Project/duckdb-polr/third_party/concurrentqueue -I/home/bita/Project/duckdb-polr/third_party/pcg -I/home/bita/Project/duckdb-polr/third_party/tdigest -I/home/bita/Project/duckdb-polr/third_party/mbedtls/include -I/home/bita/Project/duckdb-polr/third_party/jaro_winkler -I/home/bita/Project/duckdb-polr/extension/jemalloc/include -I/home/bita/Project/duckdb-polr/extension/jemalloc/jemalloc/include -O3 -DNDEBUG -O3 -DNDEBUG   -fPIC -fdiagnostics-color=always -w -std=c++11 -MD -MT extension/jemalloc/jemalloc/CMakeFiles/jemalloc.dir/src/prof_stats.cpp.o -MF extension/jemalloc/jemalloc/CMakeFiles/jemalloc.dir/src/prof_stats.cpp.o.d -o extension/jemalloc/jemalloc/CMakeFiles/jemalloc.dir/src/prof_stats.cpp.o -c /home/bita/Project/duckdb-polr/extension/jemalloc/jemalloc/src/prof_stats.cpp
[249/376] /usr/bin/c++ -DDUCKDB_BUILD_LIBRARY -DENABLE_CROSS_PRODUCT_REWRITE=0 -DENABLE_DEBUG_PRINT=0 -DENABLE_MEASURE_EXE_TIME=0 -DENABLE_MERGE_BACK_PLAN=0 -DENABLE_PARALLEL_EXECUTION=0 -DENABLE_QUERY_SPLIT=0 -DENABLE_SPECIFY_EST_STAT=0 -DJEMALLOC_NO_PRIVATE_NAMESPACE -DJEMALLOC_NO_RENAME -I/home/bita/Project/duckdb-polr/src/include -I/home/bita/Project/duckdb-polr/third_party/fsst -I/home/bita/Project/duckdb-polr/third_party/fmt/include -I/home/bita/Project/duckdb-polr/third_party/hyperloglog -I/home/bita/Project/duckdb-polr/third_party/fastpforlib -I/home/bita/Project/duckdb-polr/third_party/fast_float -I/home/bita/Project/duckdb-polr/third_party/re2 -I/home/bita/Project/duckdb-polr/third_party/miniz -I/home/bita/Project/duckdb-polr/third_party/utf8proc/include -I/home/bita/Project/duckdb-polr/third_party/miniparquet -I/home/bita/Project/duckdb-polr/third_party/concurrentqueue -I/home/bita/Project/duckdb-polr/third_party/pcg -I/home/bita/Project/duckdb-polr/third_party/tdigest -I/home/bita/Project/duckdb-polr/third_party/mbedtls/include -I/home/bita/Project/duckdb-polr/third_party/jaro_winkler -I/home/bita/Project/duckdb-polr/extension/jemalloc/include -I/home/bita/Project/duckdb-polr/extension/jemalloc/jemalloc/include -O3 -DNDEBUG -O3 -DNDEBUG   -fPIC -fdiagnostics-color=always -w -std=c++11 -MD -MT extension/jemalloc/jemalloc/CMakeFiles/jemalloc.dir/src/prof_sys.cpp.o -MF extension/jemalloc/jemalloc/CMakeFiles/jemalloc.dir/src/prof_sys.cpp.o.d -o extension/jemalloc/jemalloc/CMakeFiles/jemalloc.dir/src/prof_sys.cpp.o -c /home/bita/Project/duckdb-polr/extension/jemalloc/jemalloc/src/prof_sys.cpp
[250/376] /usr/bin/c++ -DDUCKDB_BUILD_LIBRARY -DENABLE_CROSS_PRODUCT_REWRITE=0 -DENABLE_DEBUG_PRINT=0 -DENABLE_MEASURE_EXE_TIME=0 -DENABLE_MERGE_BACK_PLAN=0 -DENABLE_PARALLEL_EXECUTION=0 -DENABLE_QUERY_SPLIT=0 -DENABLE_SPECIFY_EST_STAT=0 -DJEMALLOC_NO_PRIVATE_NAMESPACE -DJEMALLOC_NO_RENAME -I/home/bita/Project/duckdb-polr/src/include -I/home/bita/Project/duckdb-polr/third_party/fsst -I/home/bita/Project/duckdb-polr/third_party/fmt/include -I/home/bita/Project/duckdb-polr/third_party/hyperloglog -I/home/bita/Project/duckdb-polr/third_party/fastpforlib -I/home/bita/Project/duckdb-polr/third_party/fast_float -I/home/bita/Project/duckdb-polr/third_party/re2 -I/home/bita/Project/duckdb-polr/third_party/miniz -I/home/bita/Project/duckdb-polr/third_party/utf8proc/include -I/home/bita/Project/duckdb-polr/third_party/miniparquet -I/home/bita/Project/duckdb-polr/third_party/concurrentqueue -I/home/bita/Project/duckdb-polr/third_party/pcg -I/home/bita/Project/duckdb-polr/third_party/tdigest -I/home/bita/Project/duckdb-polr/third_party/mbedtls/include -I/home/bita/Project/duckdb-polr/third_party/jaro_winkler -I/home/bita/Project/duckdb-polr/extension/jemalloc/include -I/home/bita/Project/duckdb-polr/extension/jemalloc/jemalloc/include -O3 -DNDEBUG -O3 -DNDEBUG   -fPIC -fdiagnostics-color=always -w -std=c++11 -MD -MT extension/jemalloc/jemalloc/CMakeFiles/jemalloc.dir/src/sc.cpp.o -MF extension/jemalloc/jemalloc/CMakeFiles/jemalloc.dir/src/sc.cpp.o.d -o extension/jemalloc/jemalloc/CMakeFiles/jemalloc.dir/src/sc.cpp.o -c /home/bita/Project/duckdb-polr/extension/jemalloc/jemalloc/src/sc.cpp
[251/376] /usr/bin/c++ -DDUCKDB_BUILD_LIBRARY -DENABLE_CROSS_PRODUCT_REWRITE=0 -DENABLE_DEBUG_PRINT=0 -DENABLE_MEASURE_EXE_TIME=0 -DENABLE_MERGE_BACK_PLAN=0 -DENABLE_PARALLEL_EXECUTION=0 -DENABLE_QUERY_SPLIT=0 -DENABLE_SPECIFY_EST_STAT=0 -DJEMALLOC_NO_PRIVATE_NAMESPACE -DJEMALLOC_NO_RENAME -I/home/bita/Project/duckdb-polr/src/include -I/home/bita/Project/duckdb-polr/third_party/fsst -I/home/bita/Project/duckdb-polr/third_party/fmt/include -I/home/bita/Project/duckdb-polr/third_party/hyperloglog -I/home/bita/Project/duckdb-polr/third_party/fastpforlib -I/home/bita/Project/duckdb-polr/third_party/fast_float -I/home/bita/Project/duckdb-polr/third_party/re2 -I/home/bita/Project/duckdb-polr/third_party/miniz -I/home/bita/Project/duckdb-polr/third_party/utf8proc/include -I/home/bita/Project/duckdb-polr/third_party/miniparquet -I/home/bita/Project/duckdb-polr/third_party/concurrentqueue -I/home/bita/Project/duckdb-polr/third_party/pcg -I/home/bita/Project/duckdb-polr/third_party/tdigest -I/home/bita/Project/duckdb-polr/third_party/mbedtls/include -I/home/bita/Project/duckdb-polr/third_party/jaro_winkler -I/home/bita/Project/duckdb-polr/extension/jemalloc/include -I/home/bita/Project/duckdb-polr/extension/jemalloc/jemalloc/include -O3 -DNDEBUG -O3 -DNDEBUG   -fPIC -fdiagnostics-color=always -w -std=c++11 -MD -MT extension/jemalloc/jemalloc/CMakeFiles/jemalloc.dir/src/rtree.cpp.o -MF extension/jemalloc/jemalloc/CMakeFiles/jemalloc.dir/src/rtree.cpp.o.d -o extension/jemalloc/jemalloc/CMakeFiles/jemalloc.dir/src/rtree.cpp.o -c /home/bita/Project/duckdb-polr/extension/jemalloc/jemalloc/src/rtree.cpp
[252/376] /usr/bin/c++ -DDUCKDB_BUILD_LIBRARY -DENABLE_CROSS_PRODUCT_REWRITE=0 -DENABLE_DEBUG_PRINT=0 -DENABLE_MEASURE_EXE_TIME=0 -DENABLE_MERGE_BACK_PLAN=0 -DENABLE_PARALLEL_EXECUTION=0 -DENABLE_QUERY_SPLIT=0 -DENABLE_SPECIFY_EST_STAT=0 -DJEMALLOC_NO_PRIVATE_NAMESPACE -DJEMALLOC_NO_RENAME -I/home/bita/Project/duckdb-polr/src/include -I/home/bita/Project/duckdb-polr/third_party/fsst -I/home/bita/Project/duckdb-polr/third_party/fmt/include -I/home/bita/Project/duckdb-polr/third_party/hyperloglog -I/home/bita/Project/duckdb-polr/third_party/fastpforlib -I/home/bita/Project/duckdb-polr/third_party/fast_float -I/home/bita/Project/duckdb-polr/third_party/re2 -I/home/bita/Project/duckdb-polr/third_party/miniz -I/home/bita/Project/duckdb-polr/third_party/utf8proc/include -I/home/bita/Project/duckdb-polr/third_party/miniparquet -I/home/bita/Project/duckdb-polr/third_party/concurrentqueue -I/home/bita/Project/duckdb-polr/third_party/pcg -I/home/bita/Project/duckdb-polr/third_party/tdigest -I/home/bita/Project/duckdb-polr/third_party/mbedtls/include -I/home/bita/Project/duckdb-polr/third_party/jaro_winkler -I/home/bita/Project/duckdb-polr/extension/jemalloc/include -I/home/bita/Project/duckdb-polr/extension/jemalloc/jemalloc/include -O3 -DNDEBUG -O3 -DNDEBUG   -fPIC -fdiagnostics-color=always -w -std=c++11 -MD -MT extension/jemalloc/jemalloc/CMakeFiles/jemalloc.dir/src/san_bump.cpp.o -MF extension/jemalloc/jemalloc/CMakeFiles/jemalloc.dir/src/san_bump.cpp.o.d -o extension/jemalloc/jemalloc/CMakeFiles/jemalloc.dir/src/san_bump.cpp.o -c /home/bita/Project/duckdb-polr/extension/jemalloc/jemalloc/src/san_bump.cpp
[253/376] /usr/bin/c++ -DDUCKDB_BUILD_LIBRARY -DENABLE_CROSS_PRODUCT_REWRITE=0 -DENABLE_DEBUG_PRINT=0 -DENABLE_MEASURE_EXE_TIME=0 -DENABLE_MERGE_BACK_PLAN=0 -DENABLE_PARALLEL_EXECUTION=0 -DENABLE_QUERY_SPLIT=0 -DENABLE_SPECIFY_EST_STAT=0 -DJEMALLOC_NO_PRIVATE_NAMESPACE -DJEMALLOC_NO_RENAME -I/home/bita/Project/duckdb-polr/src/include -I/home/bita/Project/duckdb-polr/third_party/fsst -I/home/bita/Project/duckdb-polr/third_party/fmt/include -I/home/bita/Project/duckdb-polr/third_party/hyperloglog -I/home/bita/Project/duckdb-polr/third_party/fastpforlib -I/home/bita/Project/duckdb-polr/third_party/fast_float -I/home/bita/Project/duckdb-polr/third_party/re2 -I/home/bita/Project/duckdb-polr/third_party/miniz -I/home/bita/Project/duckdb-polr/third_party/utf8proc/include -I/home/bita/Project/duckdb-polr/third_party/miniparquet -I/home/bita/Project/duckdb-polr/third_party/concurrentqueue -I/home/bita/Project/duckdb-polr/third_party/pcg -I/home/bita/Project/duckdb-polr/third_party/tdigest -I/home/bita/Project/duckdb-polr/third_party/mbedtls/include -I/home/bita/Project/duckdb-polr/third_party/jaro_winkler -I/home/bita/Project/duckdb-polr/extension/jemalloc/include -I/home/bita/Project/duckdb-polr/extension/jemalloc/jemalloc/include -O3 -DNDEBUG -O3 -DNDEBUG   -fPIC -fdiagnostics-color=always -w -std=c++11 -MD -MT extension/jemalloc/jemalloc/CMakeFiles/jemalloc.dir/src/safety_check.cpp.o -MF extension/jemalloc/jemalloc/CMakeFiles/jemalloc.dir/src/safety_check.cpp.o.d -o extension/jemalloc/jemalloc/CMakeFiles/jemalloc.dir/src/safety_check.cpp.o -c /home/bita/Project/duckdb-polr/extension/jemalloc/jemalloc/src/safety_check.cpp
[254/376] /usr/bin/c++ -DDUCKDB_BUILD_LIBRARY -DENABLE_CROSS_PRODUCT_REWRITE=0 -DENABLE_DEBUG_PRINT=0 -DENABLE_MEASURE_EXE_TIME=0 -DENABLE_MERGE_BACK_PLAN=0 -DENABLE_PARALLEL_EXECUTION=0 -DENABLE_QUERY_SPLIT=0 -DENABLE_SPECIFY_EST_STAT=0 -DJEMALLOC_NO_PRIVATE_NAMESPACE -DJEMALLOC_NO_RENAME -I/home/bita/Project/duckdb-polr/src/include -I/home/bita/Project/duckdb-polr/third_party/fsst -I/home/bita/Project/duckdb-polr/third_party/fmt/include -I/home/bita/Project/duckdb-polr/third_party/hyperloglog -I/home/bita/Project/duckdb-polr/third_party/fastpforlib -I/home/bita/Project/duckdb-polr/third_party/fast_float -I/home/bita/Project/duckdb-polr/third_party/re2 -I/home/bita/Project/duckdb-polr/third_party/miniz -I/home/bita/Project/duckdb-polr/third_party/utf8proc/include -I/home/bita/Project/duckdb-polr/third_party/miniparquet -I/home/bita/Project/duckdb-polr/third_party/concurrentqueue -I/home/bita/Project/duckdb-polr/third_party/pcg -I/home/bita/Project/duckdb-polr/third_party/tdigest -I/home/bita/Project/duckdb-polr/third_party/mbedtls/include -I/home/bita/Project/duckdb-polr/third_party/jaro_winkler -I/home/bita/Project/duckdb-polr/extension/jemalloc/include -I/home/bita/Project/duckdb-polr/extension/jemalloc/jemalloc/include -O3 -DNDEBUG -O3 -DNDEBUG   -fPIC -fdiagnostics-color=always -w -std=c++11 -MD -MT extension/jemalloc/jemalloc/CMakeFiles/jemalloc.dir/src/prof_data.cpp.o -MF extension/jemalloc/jemalloc/CMakeFiles/jemalloc.dir/src/prof_data.cpp.o.d -o extension/jemalloc/jemalloc/CMakeFiles/jemalloc.dir/src/prof_data.cpp.o -c /home/bita/Project/duckdb-polr/extension/jemalloc/jemalloc/src/prof_data.cpp
[255/376] /usr/bin/c++ -DDUCKDB_BUILD_LIBRARY -DENABLE_CROSS_PRODUCT_REWRITE=0 -DENABLE_DEBUG_PRINT=0 -DENABLE_MEASURE_EXE_TIME=0 -DENABLE_MERGE_BACK_PLAN=0 -DENABLE_PARALLEL_EXECUTION=0 -DENABLE_QUERY_SPLIT=0 -DENABLE_SPECIFY_EST_STAT=0 -DJEMALLOC_NO_PRIVATE_NAMESPACE -DJEMALLOC_NO_RENAME -I/home/bita/Project/duckdb-polr/src/include -I/home/bita/Project/duckdb-polr/third_party/fsst -I/home/bita/Project/duckdb-polr/third_party/fmt/include -I/home/bita/Project/duckdb-polr/third_party/hyperloglog -I/home/bita/Project/duckdb-polr/third_party/fastpforlib -I/home/bita/Project/duckdb-polr/third_party/fast_float -I/home/bita/Project/duckdb-polr/third_party/re2 -I/home/bita/Project/duckdb-polr/third_party/miniz -I/home/bita/Project/duckdb-polr/third_party/utf8proc/include -I/home/bita/Project/duckdb-polr/third_party/miniparquet -I/home/bita/Project/duckdb-polr/third_party/concurrentqueue -I/home/bita/Project/duckdb-polr/third_party/pcg -I/home/bita/Project/duckdb-polr/third_party/tdigest -I/home/bita/Project/duckdb-polr/third_party/mbedtls/include -I/home/bita/Project/duckdb-polr/third_party/jaro_winkler -I/home/bita/Project/duckdb-polr/extension/jemalloc/include -I/home/bita/Project/duckdb-polr/extension/jemalloc/jemalloc/include -O3 -DNDEBUG -O3 -DNDEBUG   -fPIC -fdiagnostics-color=always -w -std=c++11 -MD -MT extension/jemalloc/jemalloc/CMakeFiles/jemalloc.dir/src/san.cpp.o -MF extension/jemalloc/jemalloc/CMakeFiles/jemalloc.dir/src/san.cpp.o.d -o extension/jemalloc/jemalloc/CMakeFiles/jemalloc.dir/src/san.cpp.o -c /home/bita/Project/duckdb-polr/extension/jemalloc/jemalloc/src/san.cpp
[256/376] /usr/bin/c++ -DDUCKDB_BUILD_LIBRARY -DENABLE_CROSS_PRODUCT_REWRITE=0 -DENABLE_DEBUG_PRINT=0 -DENABLE_MEASURE_EXE_TIME=0 -DENABLE_MERGE_BACK_PLAN=0 -DENABLE_PARALLEL_EXECUTION=0 -DENABLE_QUERY_SPLIT=0 -DENABLE_SPECIFY_EST_STAT=0 -DJEMALLOC_NO_PRIVATE_NAMESPACE -DJEMALLOC_NO_RENAME -I/home/bita/Project/duckdb-polr/src/include -I/home/bita/Project/duckdb-polr/third_party/fsst -I/home/bita/Project/duckdb-polr/third_party/fmt/include -I/home/bita/Project/duckdb-polr/third_party/hyperloglog -I/home/bita/Project/duckdb-polr/third_party/fastpforlib -I/home/bita/Project/duckdb-polr/third_party/fast_float -I/home/bita/Project/duckdb-polr/third_party/re2 -I/home/bita/Project/duckdb-polr/third_party/miniz -I/home/bita/Project/duckdb-polr/third_party/utf8proc/include -I/home/bita/Project/duckdb-polr/third_party/miniparquet -I/home/bita/Project/duckdb-polr/third_party/concurrentqueue -I/home/bita/Project/duckdb-polr/third_party/pcg -I/home/bita/Project/duckdb-polr/third_party/tdigest -I/home/bita/Project/duckdb-polr/third_party/mbedtls/include -I/home/bita/Project/duckdb-polr/third_party/jaro_winkler -I/home/bita/Project/duckdb-polr/extension/jemalloc/include -I/home/bita/Project/duckdb-polr/extension/jemalloc/jemalloc/include -O3 -DNDEBUG -O3 -DNDEBUG   -fPIC -fdiagnostics-color=always -w -std=c++11 -MD -MT extension/jemalloc/jemalloc/CMakeFiles/jemalloc.dir/src/test_hooks.cpp.o -MF extension/jemalloc/jemalloc/CMakeFiles/jemalloc.dir/src/test_hooks.cpp.o.d -o extension/jemalloc/jemalloc/CMakeFiles/jemalloc.dir/src/test_hooks.cpp.o -c /home/bita/Project/duckdb-polr/extension/jemalloc/jemalloc/src/test_hooks.cpp
[257/376] /usr/bin/c++ -DDUCKDB_BUILD_LIBRARY -DENABLE_CROSS_PRODUCT_REWRITE=0 -DENABLE_DEBUG_PRINT=0 -DENABLE_MEASURE_EXE_TIME=0 -DENABLE_MERGE_BACK_PLAN=0 -DENABLE_PARALLEL_EXECUTION=0 -DENABLE_QUERY_SPLIT=0 -DENABLE_SPECIFY_EST_STAT=0 -DJEMALLOC_NO_PRIVATE_NAMESPACE -DJEMALLOC_NO_RENAME -I/home/bita/Project/duckdb-polr/src/include -I/home/bita/Project/duckdb-polr/third_party/fsst -I/home/bita/Project/duckdb-polr/third_party/fmt/include -I/home/bita/Project/duckdb-polr/third_party/hyperloglog -I/home/bita/Project/duckdb-polr/third_party/fastpforlib -I/home/bita/Project/duckdb-polr/third_party/fast_float -I/home/bita/Project/duckdb-polr/third_party/re2 -I/home/bita/Project/duckdb-polr/third_party/miniz -I/home/bita/Project/duckdb-polr/third_party/utf8proc/include -I/home/bita/Project/duckdb-polr/third_party/miniparquet -I/home/bita/Project/duckdb-polr/third_party/concurrentqueue -I/home/bita/Project/duckdb-polr/third_party/pcg -I/home/bita/Project/duckdb-polr/third_party/tdigest -I/home/bita/Project/duckdb-polr/third_party/mbedtls/include -I/home/bita/Project/duckdb-polr/third_party/jaro_winkler -I/home/bita/Project/duckdb-polr/extension/jemalloc/include -I/home/bita/Project/duckdb-polr/extension/jemalloc/jemalloc/include -O3 -DNDEBUG -O3 -DNDEBUG   -fPIC -fdiagnostics-color=always -w -std=c++11 -MD -MT extension/jemalloc/jemalloc/CMakeFiles/jemalloc.dir/src/psset.cpp.o -MF extension/jemalloc/jemalloc/CMakeFiles/jemalloc.dir/src/psset.cpp.o.d -o extension/jemalloc/jemalloc/CMakeFiles/jemalloc.dir/src/psset.cpp.o -c /home/bita/Project/duckdb-polr/extension/jemalloc/jemalloc/src/psset.cpp
[258/376] /usr/bin/c++ -DDUCKDB_BUILD_LIBRARY -DENABLE_CROSS_PRODUCT_REWRITE=0 -DENABLE_DEBUG_PRINT=0 -DENABLE_MEASURE_EXE_TIME=0 -DENABLE_MERGE_BACK_PLAN=0 -DENABLE_PARALLEL_EXECUTION=0 -DENABLE_QUERY_SPLIT=0 -DENABLE_SPECIFY_EST_STAT=0 -DJEMALLOC_NO_PRIVATE_NAMESPACE -DJEMALLOC_NO_RENAME -I/home/bita/Project/duckdb-polr/src/include -I/home/bita/Project/duckdb-polr/third_party/fsst -I/home/bita/Project/duckdb-polr/third_party/fmt/include -I/home/bita/Project/duckdb-polr/third_party/hyperloglog -I/home/bita/Project/duckdb-polr/third_party/fastpforlib -I/home/bita/Project/duckdb-polr/third_party/fast_float -I/home/bita/Project/duckdb-polr/third_party/re2 -I/home/bita/Project/duckdb-polr/third_party/miniz -I/home/bita/Project/duckdb-polr/third_party/utf8proc/include -I/home/bita/Project/duckdb-polr/third_party/miniparquet -I/home/bita/Project/duckdb-polr/third_party/concurrentqueue -I/home/bita/Project/duckdb-polr/third_party/pcg -I/home/bita/Project/duckdb-polr/third_party/tdigest -I/home/bita/Project/duckdb-polr/third_party/mbedtls/include -I/home/bita/Project/duckdb-polr/third_party/jaro_winkler -I/home/bita/Project/duckdb-polr/extension/jemalloc/include -I/home/bita/Project/duckdb-polr/extension/jemalloc/jemalloc/include -O3 -DNDEBUG -O3 -DNDEBUG   -fPIC -fdiagnostics-color=always -w -std=c++11 -MD -MT extension/jemalloc/jemalloc/CMakeFiles/jemalloc.dir/src/sec.cpp.o -MF extension/jemalloc/jemalloc/CMakeFiles/jemalloc.dir/src/sec.cpp.o.d -o extension/jemalloc/jemalloc/CMakeFiles/jemalloc.dir/src/sec.cpp.o -c /home/bita/Project/duckdb-polr/extension/jemalloc/jemalloc/src/sec.cpp
[259/376] /usr/bin/c++ -DDUCKDB_BUILD_LIBRARY -DENABLE_CROSS_PRODUCT_REWRITE=0 -DENABLE_DEBUG_PRINT=0 -DENABLE_MEASURE_EXE_TIME=0 -DENABLE_MERGE_BACK_PLAN=0 -DENABLE_PARALLEL_EXECUTION=0 -DENABLE_QUERY_SPLIT=0 -DENABLE_SPECIFY_EST_STAT=0 -DJEMALLOC_NO_PRIVATE_NAMESPACE -DJEMALLOC_NO_RENAME -I/home/bita/Project/duckdb-polr/src/include -I/home/bita/Project/duckdb-polr/third_party/fsst -I/home/bita/Project/duckdb-polr/third_party/fmt/include -I/home/bita/Project/duckdb-polr/third_party/hyperloglog -I/home/bita/Project/duckdb-polr/third_party/fastpforlib -I/home/bita/Project/duckdb-polr/third_party/fast_float -I/home/bita/Project/duckdb-polr/third_party/re2 -I/home/bita/Project/duckdb-polr/third_party/miniz -I/home/bita/Project/duckdb-polr/third_party/utf8proc/include -I/home/bita/Project/duckdb-polr/third_party/miniparquet -I/home/bita/Project/duckdb-polr/third_party/concurrentqueue -I/home/bita/Project/duckdb-polr/third_party/pcg -I/home/bita/Project/duckdb-polr/third_party/tdigest -I/home/bita/Project/duckdb-polr/third_party/mbedtls/include -I/home/bita/Project/duckdb-polr/third_party/jaro_winkler -I/home/bita/Project/duckdb-polr/extension/jemalloc/include -I/home/bita/Project/duckdb-polr/extension/jemalloc/jemalloc/include -O3 -DNDEBUG -O3 -DNDEBUG   -fPIC -fdiagnostics-color=always -w -std=c++11 -MD -MT extension/jemalloc/jemalloc/CMakeFiles/jemalloc.dir/src/sz.cpp.o -MF extension/jemalloc/jemalloc/CMakeFiles/jemalloc.dir/src/sz.cpp.o.d -o extension/jemalloc/jemalloc/CMakeFiles/jemalloc.dir/src/sz.cpp.o -c /home/bita/Project/duckdb-polr/extension/jemalloc/jemalloc/src/sz.cpp
[260/376] /usr/bin/c++ -DDUCKDB_BUILD_LIBRARY -DENABLE_CROSS_PRODUCT_REWRITE=0 -DENABLE_DEBUG_PRINT=0 -DENABLE_MEASURE_EXE_TIME=0 -DENABLE_MERGE_BACK_PLAN=0 -DENABLE_PARALLEL_EXECUTION=0 -DENABLE_QUERY_SPLIT=0 -DENABLE_SPECIFY_EST_STAT=0 -DJEMALLOC_NO_PRIVATE_NAMESPACE -DJEMALLOC_NO_RENAME -I/home/bita/Project/duckdb-polr/src/include -I/home/bita/Project/duckdb-polr/third_party/fsst -I/home/bita/Project/duckdb-polr/third_party/fmt/include -I/home/bita/Project/duckdb-polr/third_party/hyperloglog -I/home/bita/Project/duckdb-polr/third_party/fastpforlib -I/home/bita/Project/duckdb-polr/third_party/fast_float -I/home/bita/Project/duckdb-polr/third_party/re2 -I/home/bita/Project/duckdb-polr/third_party/miniz -I/home/bita/Project/duckdb-polr/third_party/utf8proc/include -I/home/bita/Project/duckdb-polr/third_party/miniparquet -I/home/bita/Project/duckdb-polr/third_party/concurrentqueue -I/home/bita/Project/duckdb-polr/third_party/pcg -I/home/bita/Project/duckdb-polr/third_party/tdigest -I/home/bita/Project/duckdb-polr/third_party/mbedtls/include -I/home/bita/Project/duckdb-polr/third_party/jaro_winkler -I/home/bita/Project/duckdb-polr/extension/jemalloc/include -I/home/bita/Project/duckdb-polr/extension/jemalloc/jemalloc/include -O3 -DNDEBUG -O3 -DNDEBUG   -fPIC -fdiagnostics-color=always -w -std=c++11 -MD -MT extension/jemalloc/jemalloc/CMakeFiles/jemalloc.dir/src/thread_event.cpp.o -MF extension/jemalloc/jemalloc/CMakeFiles/jemalloc.dir/src/thread_event.cpp.o.d -o extension/jemalloc/jemalloc/CMakeFiles/jemalloc.dir/src/thread_event.cpp.o -c /home/bita/Project/duckdb-polr/extension/jemalloc/jemalloc/src/thread_event.cpp
[261/376] /usr/bin/c++ -DDUCKDB_BUILD_LIBRARY -DENABLE_CROSS_PRODUCT_REWRITE=0 -DENABLE_DEBUG_PRINT=0 -DENABLE_MEASURE_EXE_TIME=0 -DENABLE_MERGE_BACK_PLAN=0 -DENABLE_PARALLEL_EXECUTION=0 -DENABLE_QUERY_SPLIT=0 -DENABLE_SPECIFY_EST_STAT=0 -DJEMALLOC_NO_PRIVATE_NAMESPACE -DJEMALLOC_NO_RENAME -I/home/bita/Project/duckdb-polr/src/include -I/home/bita/Project/duckdb-polr/third_party/fsst -I/home/bita/Project/duckdb-polr/third_party/fmt/include -I/home/bita/Project/duckdb-polr/third_party/hyperloglog -I/home/bita/Project/duckdb-polr/third_party/fastpforlib -I/home/bita/Project/duckdb-polr/third_party/fast_float -I/home/bita/Project/duckdb-polr/third_party/re2 -I/home/bita/Project/duckdb-polr/third_party/miniz -I/home/bita/Project/duckdb-polr/third_party/utf8proc/include -I/home/bita/Project/duckdb-polr/third_party/miniparquet -I/home/bita/Project/duckdb-polr/third_party/concurrentqueue -I/home/bita/Project/duckdb-polr/third_party/pcg -I/home/bita/Project/duckdb-polr/third_party/tdigest -I/home/bita/Project/duckdb-polr/third_party/mbedtls/include -I/home/bita/Project/duckdb-polr/third_party/jaro_winkler -I/home/bita/Project/duckdb-polr/extension/jemalloc/include -I/home/bita/Project/duckdb-polr/extension/jemalloc/jemalloc/include -O3 -DNDEBUG -O3 -DNDEBUG   -fPIC -fdiagnostics-color=always -w -std=c++11 -MD -MT extension/jemalloc/jemalloc/CMakeFiles/jemalloc.dir/src/ticker.cpp.o -MF extension/jemalloc/jemalloc/CMakeFiles/jemalloc.dir/src/ticker.cpp.o.d -o extension/jemalloc/jemalloc/CMakeFiles/jemalloc.dir/src/ticker.cpp.o -c /home/bita/Project/duckdb-polr/extension/jemalloc/jemalloc/src/ticker.cpp
[262/376] /usr/bin/c++ -DDUCKDB_BUILD_LIBRARY -DENABLE_CROSS_PRODUCT_REWRITE=0 -DENABLE_DEBUG_PRINT=0 -DENABLE_MEASURE_EXE_TIME=0 -DENABLE_MERGE_BACK_PLAN=0 -DENABLE_PARALLEL_EXECUTION=0 -DENABLE_QUERY_SPLIT=0 -DENABLE_SPECIFY_EST_STAT=0 -DJEMALLOC_NO_PRIVATE_NAMESPACE -DJEMALLOC_NO_RENAME -I/home/bita/Project/duckdb-polr/src/include -I/home/bita/Project/duckdb-polr/third_party/fsst -I/home/bita/Project/duckdb-polr/third_party/fmt/include -I/home/bita/Project/duckdb-polr/third_party/hyperloglog -I/home/bita/Project/duckdb-polr/third_party/fastpforlib -I/home/bita/Project/duckdb-polr/third_party/fast_float -I/home/bita/Project/duckdb-polr/third_party/re2 -I/home/bita/Project/duckdb-polr/third_party/miniz -I/home/bita/Project/duckdb-polr/third_party/utf8proc/include -I/home/bita/Project/duckdb-polr/third_party/miniparquet -I/home/bita/Project/duckdb-polr/third_party/concurrentqueue -I/home/bita/Project/duckdb-polr/third_party/pcg -I/home/bita/Project/duckdb-polr/third_party/tdigest -I/home/bita/Project/duckdb-polr/third_party/mbedtls/include -I/home/bita/Project/duckdb-polr/third_party/jaro_winkler -I/home/bita/Project/duckdb-polr/extension/jemalloc/include -I/home/bita/Project/duckdb-polr/extension/jemalloc/jemalloc/include -O3 -DNDEBUG -O3 -DNDEBUG   -fPIC -fdiagnostics-color=always -w -std=c++11 -MD -MT extension/jemalloc/jemalloc/CMakeFiles/jemalloc.dir/src/witness.cpp.o -MF extension/jemalloc/jemalloc/CMakeFiles/jemalloc.dir/src/witness.cpp.o.d -o extension/jemalloc/jemalloc/CMakeFiles/jemalloc.dir/src/witness.cpp.o -c /home/bita/Project/duckdb-polr/extension/jemalloc/jemalloc/src/witness.cpp
[263/376] /usr/bin/c++ -DDUCKDB_BUILD_LIBRARY -DENABLE_CROSS_PRODUCT_REWRITE=0 -DENABLE_DEBUG_PRINT=0 -DENABLE_MEASURE_EXE_TIME=0 -DENABLE_MERGE_BACK_PLAN=0 -DENABLE_PARALLEL_EXECUTION=0 -DENABLE_QUERY_SPLIT=0 -DENABLE_SPECIFY_EST_STAT=0 -DJEMALLOC_NO_PRIVATE_NAMESPACE -DJEMALLOC_NO_RENAME -I/home/bita/Project/duckdb-polr/src/include -I/home/bita/Project/duckdb-polr/third_party/fsst -I/home/bita/Project/duckdb-polr/third_party/fmt/include -I/home/bita/Project/duckdb-polr/third_party/hyperloglog -I/home/bita/Project/duckdb-polr/third_party/fastpforlib -I/home/bita/Project/duckdb-polr/third_party/fast_float -I/home/bita/Project/duckdb-polr/third_party/re2 -I/home/bita/Project/duckdb-polr/third_party/miniz -I/home/bita/Project/duckdb-polr/third_party/utf8proc/include -I/home/bita/Project/duckdb-polr/third_party/miniparquet -I/home/bita/Project/duckdb-polr/third_party/concurrentqueue -I/home/bita/Project/duckdb-polr/third_party/pcg -I/home/bita/Project/duckdb-polr/third_party/tdigest -I/home/bita/Project/duckdb-polr/third_party/mbedtls/include -I/home/bita/Project/duckdb-polr/third_party/jaro_winkler -I/home/bita/Project/duckdb-polr/extension/jemalloc/include -I/home/bita/Project/duckdb-polr/extension/jemalloc/jemalloc/include -O3 -DNDEBUG -O3 -DNDEBUG   -fPIC -fdiagnostics-color=always -w -std=c++11 -MD -MT extension/jemalloc/jemalloc/CMakeFiles/jemalloc.dir/src/tsd.cpp.o -MF extension/jemalloc/jemalloc/CMakeFiles/jemalloc.dir/src/tsd.cpp.o.d -o extension/jemalloc/jemalloc/CMakeFiles/jemalloc.dir/src/tsd.cpp.o -c /home/bita/Project/duckdb-polr/extension/jemalloc/jemalloc/src/tsd.cpp
[264/376] /usr/bin/c++ -DDUCKDB_BUILD_LIBRARY -DENABLE_CROSS_PRODUCT_REWRITE=0 -DENABLE_DEBUG_PRINT=0 -DENABLE_MEASURE_EXE_TIME=0 -DENABLE_MERGE_BACK_PLAN=0 -DENABLE_PARALLEL_EXECUTION=0 -DENABLE_QUERY_SPLIT=0 -DENABLE_SPECIFY_EST_STAT=0 -DJEMALLOC_NO_PRIVATE_NAMESPACE -DJEMALLOC_NO_RENAME -I/home/bita/Project/duckdb-polr/src/include -I/home/bita/Project/duckdb-polr/third_party/fsst -I/home/bita/Project/duckdb-polr/third_party/fmt/include -I/home/bita/Project/duckdb-polr/third_party/hyperloglog -I/home/bita/Project/duckdb-polr/third_party/fastpforlib -I/home/bita/Project/duckdb-polr/third_party/fast_float -I/home/bita/Project/duckdb-polr/third_party/re2 -I/home/bita/Project/duckdb-polr/third_party/miniz -I/home/bita/Project/duckdb-polr/third_party/utf8proc/include -I/home/bita/Project/duckdb-polr/third_party/miniparquet -I/home/bita/Project/duckdb-polr/third_party/concurrentqueue -I/home/bita/Project/duckdb-polr/third_party/pcg -I/home/bita/Project/duckdb-polr/third_party/tdigest -I/home/bita/Project/duckdb-polr/third_party/mbedtls/include -I/home/bita/Project/duckdb-polr/third_party/jaro_winkler -I/home/bita/Project/duckdb-polr/extension/jemalloc/include -I/home/bita/Project/duckdb-polr/extension/jemalloc/jemalloc/include -O3 -DNDEBUG -O3 -DNDEBUG   -fPIC -fdiagnostics-color=always -w -std=c++11 -MD -MT extension/jemalloc/jemalloc/CMakeFiles/jemalloc.dir/src/tcache.cpp.o -MF extension/jemalloc/jemalloc/CMakeFiles/jemalloc.dir/src/tcache.cpp.o.d -o extension/jemalloc/jemalloc/CMakeFiles/jemalloc.dir/src/tcache.cpp.o -c /home/bita/Project/duckdb-polr/extension/jemalloc/jemalloc/src/tcache.cpp
[265/376] /usr/bin/c++ -DDUCKDB_BUILD_LIBRARY -DENABLE_CROSS_PRODUCT_REWRITE=0 -DENABLE_DEBUG_PRINT=0 -DENABLE_MEASURE_EXE_TIME=0 -DENABLE_MERGE_BACK_PLAN=0 -DENABLE_PARALLEL_EXECUTION=0 -DENABLE_QUERY_SPLIT=0 -DENABLE_SPECIFY_EST_STAT=0 -DJEMALLOC_NO_PRIVATE_NAMESPACE -DJEMALLOC_NO_RENAME -I/home/bita/Project/duckdb-polr/src/include -I/home/bita/Project/duckdb-polr/third_party/fsst -I/home/bita/Project/duckdb-polr/third_party/fmt/include -I/home/bita/Project/duckdb-polr/third_party/hyperloglog -I/home/bita/Project/duckdb-polr/third_party/fastpforlib -I/home/bita/Project/duckdb-polr/third_party/fast_float -I/home/bita/Project/duckdb-polr/third_party/re2 -I/home/bita/Project/duckdb-polr/third_party/miniz -I/home/bita/Project/duckdb-polr/third_party/utf8proc/include -I/home/bita/Project/duckdb-polr/third_party/miniparquet -I/home/bita/Project/duckdb-polr/third_party/concurrentqueue -I/home/bita/Project/duckdb-polr/third_party/pcg -I/home/bita/Project/duckdb-polr/third_party/tdigest -I/home/bita/Project/duckdb-polr/third_party/mbedtls/include -I/home/bita/Project/duckdb-polr/third_party/jaro_winkler -I/home/bita/Project/duckdb-polr/extension/jemalloc/include -I/home/bita/Project/duckdb-polr/extension/jemalloc/jemalloc/include -O3 -DNDEBUG -O3 -DNDEBUG   -fPIC -fdiagnostics-color=always -w -std=c++11 -MD -MT extension/jemalloc/jemalloc/CMakeFiles/jemalloc.dir/src/jemalloc.cpp.o -MF extension/jemalloc/jemalloc/CMakeFiles/jemalloc.dir/src/jemalloc.cpp.o.d -o extension/jemalloc/jemalloc/CMakeFiles/jemalloc.dir/src/jemalloc.cpp.o -c /home/bita/Project/duckdb-polr/extension/jemalloc/jemalloc/src/jemalloc.cpp
[266/376] /usr/bin/c++ -DDUCKDB_BUILD_LIBRARY -DENABLE_CROSS_PRODUCT_REWRITE=0 -DENABLE_DEBUG_PRINT=0 -DENABLE_MEASURE_EXE_TIME=0 -DENABLE_MERGE_BACK_PLAN=0 -DENABLE_PARALLEL_EXECUTION=0 -DENABLE_QUERY_SPLIT=0 -DENABLE_SPECIFY_EST_STAT=0 -DJEMALLOC_NO_PRIVATE_NAMESPACE -DJEMALLOC_NO_RENAME -I/home/bita/Project/duckdb-polr/src/include -I/home/bita/Project/duckdb-polr/third_party/fsst -I/home/bita/Project/duckdb-polr/third_party/fmt/include -I/home/bita/Project/duckdb-polr/third_party/hyperloglog -I/home/bita/Project/duckdb-polr/third_party/fastpforlib -I/home/bita/Project/duckdb-polr/third_party/fast_float -I/home/bita/Project/duckdb-polr/third_party/re2 -I/home/bita/Project/duckdb-polr/third_party/miniz -I/home/bita/Project/duckdb-polr/third_party/utf8proc/include -I/home/bita/Project/duckdb-polr/third_party/miniparquet -I/home/bita/Project/duckdb-polr/third_party/concurrentqueue -I/home/bita/Project/duckdb-polr/third_party/pcg -I/home/bita/Project/duckdb-polr/third_party/tdigest -I/home/bita/Project/duckdb-polr/third_party/mbedtls/include -I/home/bita/Project/duckdb-polr/third_party/jaro_winkler -I/home/bita/Project/duckdb-polr/extension/jemalloc/include -I/home/bita/Project/duckdb-polr/extension/jemalloc/jemalloc/include -O3 -DNDEBUG -O3 -DNDEBUG   -fPIC -fdiagnostics-color=always -w -std=c++11 -MD -MT extension/jemalloc/jemalloc/CMakeFiles/jemalloc.dir/src/ctl.cpp.o -MF extension/jemalloc/jemalloc/CMakeFiles/jemalloc.dir/src/ctl.cpp.o.d -o extension/jemalloc/jemalloc/CMakeFiles/jemalloc.dir/src/ctl.cpp.o -c /home/bita/Project/duckdb-polr/extension/jemalloc/jemalloc/src/ctl.cpp
[267/376] /usr/bin/c++ -DDUCKDB_BUILD_LIBRARY -DENABLE_CROSS_PRODUCT_REWRITE=0 -DENABLE_DEBUG_PRINT=0 -DENABLE_MEASURE_EXE_TIME=0 -DENABLE_MERGE_BACK_PLAN=0 -DENABLE_PARALLEL_EXECUTION=0 -DENABLE_QUERY_SPLIT=0 -DENABLE_SPECIFY_EST_STAT=0 -DJEMALLOC_NO_PRIVATE_NAMESPACE -DJEMALLOC_NO_RENAME -I/home/bita/Project/duckdb-polr/src/include -I/home/bita/Project/duckdb-polr/third_party/fsst -I/home/bita/Project/duckdb-polr/third_party/fmt/include -I/home/bita/Project/duckdb-polr/third_party/hyperloglog -I/home/bita/Project/duckdb-polr/third_party/fastpforlib -I/home/bita/Project/duckdb-polr/third_party/fast_float -I/home/bita/Project/duckdb-polr/third_party/re2 -I/home/bita/Project/duckdb-polr/third_party/miniz -I/home/bita/Project/duckdb-polr/third_party/utf8proc/include -I/home/bita/Project/duckdb-polr/third_party/miniparquet -I/home/bita/Project/duckdb-polr/third_party/concurrentqueue -I/home/bita/Project/duckdb-polr/third_party/pcg -I/home/bita/Project/duckdb-polr/third_party/tdigest -I/home/bita/Project/duckdb-polr/third_party/mbedtls/include -I/home/bita/Project/duckdb-polr/third_party/jaro_winkler -I/home/bita/Project/duckdb-polr/extension/jemalloc/include -I/home/bita/Project/duckdb-polr/extension/jemalloc/jemalloc/include -O3 -DNDEBUG -O3 -DNDEBUG   -fPIC -fdiagnostics-color=always -w -std=c++11 -MD -MT extension/jemalloc/jemalloc/CMakeFiles/jemalloc.dir/src/stats.cpp.o -MF extension/jemalloc/jemalloc/CMakeFiles/jemalloc.dir/src/stats.cpp.o.d -o extension/jemalloc/jemalloc/CMakeFiles/jemalloc.dir/src/stats.cpp.o -c /home/bita/Project/duckdb-polr/extension/jemalloc/jemalloc/src/stats.cpp
[268/376] : && /usr/bin/cmake -E rm -f extension/jemalloc/libjemalloc_extension.a && /usr/bin/ar qc extension/jemalloc/libjemalloc_extension.a  extension/jemalloc/jemalloc/CMakeFiles/jemalloc.dir/src/arena.cpp.o extension/jemalloc/jemalloc/CMakeFiles/jemalloc.dir/src/background_thread.cpp.o extension/jemalloc/jemalloc/CMakeFiles/jemalloc.dir/src/base.cpp.o extension/jemalloc/jemalloc/CMakeFiles/jemalloc.dir/src/bin.cpp.o extension/jemalloc/jemalloc/CMakeFiles/jemalloc.dir/src/bin_info.cpp.o extension/jemalloc/jemalloc/CMakeFiles/jemalloc.dir/src/bitmap.cpp.o extension/jemalloc/jemalloc/CMakeFiles/jemalloc.dir/src/buf_writer.cpp.o extension/jemalloc/jemalloc/CMakeFiles/jemalloc.dir/src/cache_bin.cpp.o extension/jemalloc/jemalloc/CMakeFiles/jemalloc.dir/src/ckh.cpp.o extension/jemalloc/jemalloc/CMakeFiles/jemalloc.dir/src/counter.cpp.o extension/jemalloc/jemalloc/CMakeFiles/jemalloc.dir/src/ctl.cpp.o extension/jemalloc/jemalloc/CMakeFiles/jemalloc.dir/src/decay.cpp.o extension/jemalloc/jemalloc/CMakeFiles/jemalloc.dir/src/div.cpp.o extension/jemalloc/jemalloc/CMakeFiles/jemalloc.dir/src/ecache.cpp.o extension/jemalloc/jemalloc/CMakeFiles/jemalloc.dir/src/edata.cpp.o extension/jemalloc/jemalloc/CMakeFiles/jemalloc.dir/src/edata_cache.cpp.o extension/jemalloc/jemalloc/CMakeFiles/jemalloc.dir/src/ehooks.cpp.o extension/jemalloc/jemalloc/CMakeFiles/jemalloc.dir/src/emap.cpp.o extension/jemalloc/jemalloc/CMakeFiles/jemalloc.dir/src/eset.cpp.o extension/jemalloc/jemalloc/CMakeFiles/jemalloc.dir/src/exp_grow.cpp.o extension/jemalloc/jemalloc/CMakeFiles/jemalloc.dir/src/extent.cpp.o extension/jemalloc/jemalloc/CMakeFiles/jemalloc.dir/src/extent_dss.cpp.o extension/jemalloc/jemalloc/CMakeFiles/jemalloc.dir/src/extent_mmap.cpp.o extension/jemalloc/jemalloc/CMakeFiles/jemalloc.dir/src/fxp.cpp.o extension/jemalloc/jemalloc/CMakeFiles/jemalloc.dir/src/hook.cpp.o extension/jemalloc/jemalloc/CMakeFiles/jemalloc.dir/src/hpa.cpp.o extension/jemalloc/jemalloc/CMakeFiles/jemalloc.dir/src/hpa_hooks.cpp.o extension/jemalloc/jemalloc/CMakeFiles/jemalloc.dir/src/hpdata.cpp.o extension/jemalloc/jemalloc/CMakeFiles/jemalloc.dir/src/inspect.cpp.o extension/jemalloc/jemalloc/CMakeFiles/jemalloc.dir/src/jemalloc.cpp.o extension/jemalloc/jemalloc/CMakeFiles/jemalloc.dir/src/large.cpp.o extension/jemalloc/jemalloc/CMakeFiles/jemalloc.dir/src/log.cpp.o extension/jemalloc/jemalloc/CMakeFiles/jemalloc.dir/src/malloc_io.cpp.o extension/jemalloc/jemalloc/CMakeFiles/jemalloc.dir/src/mutex.cpp.o extension/jemalloc/jemalloc/CMakeFiles/jemalloc.dir/src/nstime.cpp.o extension/jemalloc/jemalloc/CMakeFiles/jemalloc.dir/src/pa.cpp.o extension/jemalloc/jemalloc/CMakeFiles/jemalloc.dir/src/pa_extra.cpp.o extension/jemalloc/jemalloc/CMakeFiles/jemalloc.dir/src/pac.cpp.o extension/jemalloc/jemalloc/CMakeFiles/jemalloc.dir/src/pages.cpp.o extension/jemalloc/jemalloc/CMakeFiles/jemalloc.dir/src/pai.cpp.o extension/jemalloc/jemalloc/CMakeFiles/jemalloc.dir/src/peak_event.cpp.o extension/jemalloc/jemalloc/CMakeFiles/jemalloc.dir/src/prof.cpp.o extension/jemalloc/jemalloc/CMakeFiles/jemalloc.dir/src/prof_data.cpp.o extension/jemalloc/jemalloc/CMakeFiles/jemalloc.dir/src/prof_log.cpp.o extension/jemalloc/jemalloc/CMakeFiles/jemalloc.dir/src/prof_recent.cpp.o extension/jemalloc/jemalloc/CMakeFiles/jemalloc.dir/src/prof_stats.cpp.o extension/jemalloc/jemalloc/CMakeFiles/jemalloc.dir/src/prof_sys.cpp.o extension/jemalloc/jemalloc/CMakeFiles/jemalloc.dir/src/psset.cpp.o extension/jemalloc/jemalloc/CMakeFiles/jemalloc.dir/src/rtree.cpp.o extension/jemalloc/jemalloc/CMakeFiles/jemalloc.dir/src/safety_check.cpp.o extension/jemalloc/jemalloc/CMakeFiles/jemalloc.dir/src/san.cpp.o extension/jemalloc/jemalloc/CMakeFiles/jemalloc.dir/src/san_bump.cpp.o extension/jemalloc/jemalloc/CMakeFiles/jemalloc.dir/src/sc.cpp.o extension/jemalloc/jemalloc/CMakeFiles/jemalloc.dir/src/sec.cpp.o extension/jemalloc/jemalloc/CMakeFiles/jemalloc.dir/src/stats.cpp.o extension/jemalloc/jemalloc/CMakeFiles/jemalloc.dir/src/sz.cpp.o extension/jemalloc/jemalloc/CMakeFiles/jemalloc.dir/src/tcache.cpp.o extension/jemalloc/jemalloc/CMakeFiles/jemalloc.dir/src/test_hooks.cpp.o extension/jemalloc/jemalloc/CMakeFiles/jemalloc.dir/src/thread_event.cpp.o extension/jemalloc/jemalloc/CMakeFiles/jemalloc.dir/src/ticker.cpp.o extension/jemalloc/jemalloc/CMakeFiles/jemalloc.dir/src/tsd.cpp.o extension/jemalloc/jemalloc/CMakeFiles/jemalloc.dir/src/witness.cpp.o extension/jemalloc/CMakeFiles/jemalloc_extension.dir/jemalloc-extension.cpp.o && /usr/bin/ranlib extension/jemalloc/libjemalloc_extension.a && :
[269/376] /usr/bin/c++ -DDUCKDB_BUILD_DIRECTORY=\"/home/bita/Project/duckdb-polr/build/release\" -DDUCKDB_BUILD_LIBRARY -DDUCKDB_BUILD_LOADABLE_EXTENSION -DENABLE_CROSS_PRODUCT_REWRITE=0 -DENABLE_DEBUG_PRINT=0 -DENABLE_MEASURE_EXE_TIME=0 -DENABLE_MERGE_BACK_PLAN=0 -DENABLE_PARALLEL_EXECUTION=0 -DENABLE_QUERY_SPLIT=0 -DENABLE_SPECIFY_EST_STAT=0 -I/home/bita/Project/duckdb-polr/src/include -I/home/bita/Project/duckdb-polr/third_party/fsst -I/home/bita/Project/duckdb-polr/third_party/fmt/include -I/home/bita/Project/duckdb-polr/third_party/hyperloglog -I/home/bita/Project/duckdb-polr/third_party/fastpforlib -I/home/bita/Project/duckdb-polr/third_party/fast_float -I/home/bita/Project/duckdb-polr/third_party/re2 -I/home/bita/Project/duckdb-polr/third_party/miniz -I/home/bita/Project/duckdb-polr/third_party/utf8proc/include -I/home/bita/Project/duckdb-polr/third_party/miniparquet -I/home/bita/Project/duckdb-polr/third_party/concurrentqueue -I/home/bita/Project/duckdb-polr/third_party/pcg -I/home/bita/Project/duckdb-polr/third_party/tdigest -I/home/bita/Project/duckdb-polr/third_party/mbedtls/include -I/home/bita/Project/duckdb-polr/third_party/jaro_winkler -I/home/bita/Project/duckdb-polr/test/../third_party/catch -I/home/bita/Project/duckdb-polr/test/../third_party/tpce-tool/include -I/home/bita/Project/duckdb-polr/test/../third_party/sqlite/include -I/home/bita/Project/duckdb-polr/test/include -O3 -DNDEBUG -O3 -DNDEBUG   -fPIC -fdiagnostics-color=always -std=c++11 -MD -MT test/extension/CMakeFiles/loadable_extension_optimizer_demo_loadable_extension.dir/loadable_extension_optimizer_demo.cpp.o -MF test/extension/CMakeFiles/loadable_extension_optimizer_demo_loadable_extension.dir/loadable_extension_optimizer_demo.cpp.o.d -o test/extension/CMakeFiles/loadable_extension_optimizer_demo_loadable_extension.dir/loadable_extension_optimizer_demo.cpp.o -c /home/bita/Project/duckdb-polr/test/extension/loadable_extension_optimizer_demo.cpp
[270/376] : && /usr/bin/c++ -fPIC -O3 -DNDEBUG -O3 -DNDEBUG   -shared -Wl,-soname,loadable_extension_optimizer_demo.duckdb_extension -o test/extension/loadable_extension_optimizer_demo.duckdb_extension test/extension/CMakeFiles/loadable_extension_optimizer_demo_loadable_extension.dir/loadable_extension_optimizer_demo.cpp.o   && :
[271/376] /usr/bin/c++ -DDUCKDB_BUILD_LIBRARY -DENABLE_CROSS_PRODUCT_REWRITE=0 -DENABLE_DEBUG_PRINT=0 -DENABLE_MEASURE_EXE_TIME=0 -DENABLE_MERGE_BACK_PLAN=0 -DENABLE_PARALLEL_EXECUTION=0 -DENABLE_QUERY_SPLIT=0 -DENABLE_SPECIFY_EST_STAT=0 -I/home/bita/Project/duckdb-polr/src/include -I/home/bita/Project/duckdb-polr/third_party/fsst -I/home/bita/Project/duckdb-polr/third_party/fmt/include -I/home/bita/Project/duckdb-polr/third_party/hyperloglog -I/home/bita/Project/duckdb-polr/third_party/fastpforlib -I/home/bita/Project/duckdb-polr/third_party/fast_float -I/home/bita/Project/duckdb-polr/third_party/re2 -I/home/bita/Project/duckdb-polr/third_party/miniz -I/home/bita/Project/duckdb-polr/third_party/utf8proc/include -I/home/bita/Project/duckdb-polr/third_party/miniparquet -I/home/bita/Project/duckdb-polr/third_party/concurrentqueue -I/home/bita/Project/duckdb-polr/third_party/pcg -I/home/bita/Project/duckdb-polr/third_party/tdigest -I/home/bita/Project/duckdb-polr/third_party/mbedtls/include -I/home/bita/Project/duckdb-polr/third_party/jaro_winkler -I/home/bita/Project/duckdb-polr/test/../third_party/catch -I/home/bita/Project/duckdb-polr/test/../third_party/tpce-tool/include -I/home/bita/Project/duckdb-polr/test/../third_party/sqlite/include -I/home/bita/Project/duckdb-polr/test/include -O3 -DNDEBUG -O3 -DNDEBUG   -fPIC -fdiagnostics-color=always -std=c++11 -MD -MT test/arrow_roundtrip/CMakeFiles/test_arrow_roundtrip.dir/ub_test_arrow_roundtrip.cpp.o -MF test/arrow_roundtrip/CMakeFiles/test_arrow_roundtrip.dir/ub_test_arrow_roundtrip.cpp.o.d -o test/arrow_roundtrip/CMakeFiles/test_arrow_roundtrip.dir/ub_test_arrow_roundtrip.cpp.o -c /home/bita/Project/duckdb-polr/build/release/test/arrow_roundtrip/ub_test_arrow_roundtrip.cpp
[272/376] /usr/bin/c++ -DDUCKDB_BUILD_LIBRARY -DENABLE_CROSS_PRODUCT_REWRITE=0 -DENABLE_DEBUG_PRINT=0 -DENABLE_MEASURE_EXE_TIME=0 -DENABLE_MERGE_BACK_PLAN=0 -DENABLE_PARALLEL_EXECUTION=0 -DENABLE_QUERY_SPLIT=0 -DENABLE_SPECIFY_EST_STAT=0 -I/home/bita/Project/duckdb-polr/src/include -I/home/bita/Project/duckdb-polr/third_party/fsst -I/home/bita/Project/duckdb-polr/third_party/fmt/include -I/home/bita/Project/duckdb-polr/third_party/hyperloglog -I/home/bita/Project/duckdb-polr/third_party/fastpforlib -I/home/bita/Project/duckdb-polr/third_party/fast_float -I/home/bita/Project/duckdb-polr/third_party/re2 -I/home/bita/Project/duckdb-polr/third_party/miniz -I/home/bita/Project/duckdb-polr/third_party/utf8proc/include -I/home/bita/Project/duckdb-polr/third_party/miniparquet -I/home/bita/Project/duckdb-polr/third_party/concurrentqueue -I/home/bita/Project/duckdb-polr/third_party/pcg -I/home/bita/Project/duckdb-polr/third_party/tdigest -I/home/bita/Project/duckdb-polr/third_party/mbedtls/include -I/home/bita/Project/duckdb-polr/third_party/jaro_winkler -I/home/bita/Project/duckdb-polr/test/../third_party/catch -I/home/bita/Project/duckdb-polr/test/../third_party/tpce-tool/include -I/home/bita/Project/duckdb-polr/test/../third_party/sqlite/include -I/home/bita/Project/duckdb-polr/test/include -I/home/bita/Project/duckdb-polr/third_party/libpg_query/include -O3 -DNDEBUG -O3 -DNDEBUG   -fPIC -fdiagnostics-color=always -std=c++11 -MD -MT test/helpers/CMakeFiles/test_helpers.dir/pid.cpp.o -MF test/helpers/CMakeFiles/test_helpers.dir/pid.cpp.o.d -o test/helpers/CMakeFiles/test_helpers.dir/pid.cpp.o -c /home/bita/Project/duckdb-polr/test/helpers/pid.cpp
[273/376] /usr/bin/c++ -DDUCKDB_BUILD_DIRECTORY=\"/home/bita/Project/duckdb-polr/build/release\" -DDUCKDB_BUILD_LIBRARY -DENABLE_CROSS_PRODUCT_REWRITE=0 -DENABLE_DEBUG_PRINT=0 -DENABLE_MEASURE_EXE_TIME=0 -DENABLE_MERGE_BACK_PLAN=0 -DENABLE_PARALLEL_EXECUTION=0 -DENABLE_QUERY_SPLIT=0 -DENABLE_SPECIFY_EST_STAT=0 -I/home/bita/Project/duckdb-polr/src/include -I/home/bita/Project/duckdb-polr/third_party/fsst -I/home/bita/Project/duckdb-polr/third_party/fmt/include -I/home/bita/Project/duckdb-polr/third_party/hyperloglog -I/home/bita/Project/duckdb-polr/third_party/fastpforlib -I/home/bita/Project/duckdb-polr/third_party/fast_float -I/home/bita/Project/duckdb-polr/third_party/re2 -I/home/bita/Project/duckdb-polr/third_party/miniz -I/home/bita/Project/duckdb-polr/third_party/utf8proc/include -I/home/bita/Project/duckdb-polr/third_party/miniparquet -I/home/bita/Project/duckdb-polr/third_party/concurrentqueue -I/home/bita/Project/duckdb-polr/third_party/pcg -I/home/bita/Project/duckdb-polr/third_party/tdigest -I/home/bita/Project/duckdb-polr/third_party/mbedtls/include -I/home/bita/Project/duckdb-polr/third_party/jaro_winkler -I/home/bita/Project/duckdb-polr/test/../third_party/catch -I/home/bita/Project/duckdb-polr/test/../third_party/tpce-tool/include -I/home/bita/Project/duckdb-polr/test/../third_party/sqlite/include -I/home/bita/Project/duckdb-polr/test/include -O3 -DNDEBUG -O3 -DNDEBUG   -fPIC -fdiagnostics-color=always -std=c++11 -MD -MT test/extension/CMakeFiles/test_extensions.dir/ub_test_extensions.cpp.o -MF test/extension/CMakeFiles/test_extensions.dir/ub_test_extensions.cpp.o.d -o test/extension/CMakeFiles/test_extensions.dir/ub_test_extensions.cpp.o -c /home/bita/Project/duckdb-polr/build/release/test/extension/ub_test_extensions.cpp
[274/376] /usr/bin/c++ -DDUCKDB_BUILD_DIRECTORY=\"/home/bita/Project/duckdb-polr/build/release\" -DDUCKDB_BUILD_LIBRARY -DDUCKDB_BUILD_LOADABLE_EXTENSION -DENABLE_CROSS_PRODUCT_REWRITE=0 -DENABLE_DEBUG_PRINT=0 -DENABLE_MEASURE_EXE_TIME=0 -DENABLE_MERGE_BACK_PLAN=0 -DENABLE_PARALLEL_EXECUTION=0 -DENABLE_QUERY_SPLIT=0 -DENABLE_SPECIFY_EST_STAT=0 -I/home/bita/Project/duckdb-polr/src/include -I/home/bita/Project/duckdb-polr/third_party/fsst -I/home/bita/Project/duckdb-polr/third_party/fmt/include -I/home/bita/Project/duckdb-polr/third_party/hyperloglog -I/home/bita/Project/duckdb-polr/third_party/fastpforlib -I/home/bita/Project/duckdb-polr/third_party/fast_float -I/home/bita/Project/duckdb-polr/third_party/re2 -I/home/bita/Project/duckdb-polr/third_party/miniz -I/home/bita/Project/duckdb-polr/third_party/utf8proc/include -I/home/bita/Project/duckdb-polr/third_party/miniparquet -I/home/bita/Project/duckdb-polr/third_party/concurrentqueue -I/home/bita/Project/duckdb-polr/third_party/pcg -I/home/bita/Project/duckdb-polr/third_party/tdigest -I/home/bita/Project/duckdb-polr/third_party/mbedtls/include -I/home/bita/Project/duckdb-polr/third_party/jaro_winkler -I/home/bita/Project/duckdb-polr/test/../third_party/catch -I/home/bita/Project/duckdb-polr/test/../third_party/tpce-tool/include -I/home/bita/Project/duckdb-polr/test/../third_party/sqlite/include -I/home/bita/Project/duckdb-polr/test/include -O3 -DNDEBUG -O3 -DNDEBUG   -fPIC -fdiagnostics-color=always -std=c++11 -MD -MT test/extension/CMakeFiles/loadable_extension_demo_loadable_extension.dir/loadable_extension_demo.cpp.o -MF test/extension/CMakeFiles/loadable_extension_demo_loadable_extension.dir/loadable_extension_demo.cpp.o.d -o test/extension/CMakeFiles/loadable_extension_demo_loadable_extension.dir/loadable_extension_demo.cpp.o -c /home/bita/Project/duckdb-polr/test/extension/loadable_extension_demo.cpp
[275/376] /usr/bin/c++ -DDUCKDB_BUILD_LIBRARY -DENABLE_CROSS_PRODUCT_REWRITE=0 -DENABLE_DEBUG_PRINT=0 -DENABLE_MEASURE_EXE_TIME=0 -DENABLE_MERGE_BACK_PLAN=0 -DENABLE_PARALLEL_EXECUTION=0 -DENABLE_QUERY_SPLIT=0 -DENABLE_SPECIFY_EST_STAT=0 -I/home/bita/Project/duckdb-polr/src/include -I/home/bita/Project/duckdb-polr/third_party/fsst -I/home/bita/Project/duckdb-polr/third_party/fmt/include -I/home/bita/Project/duckdb-polr/third_party/hyperloglog -I/home/bita/Project/duckdb-polr/third_party/fastpforlib -I/home/bita/Project/duckdb-polr/third_party/fast_float -I/home/bita/Project/duckdb-polr/third_party/re2 -I/home/bita/Project/duckdb-polr/third_party/miniz -I/home/bita/Project/duckdb-polr/third_party/utf8proc/include -I/home/bita/Project/duckdb-polr/third_party/miniparquet -I/home/bita/Project/duckdb-polr/third_party/concurrentqueue -I/home/bita/Project/duckdb-polr/third_party/pcg -I/home/bita/Project/duckdb-polr/third_party/tdigest -I/home/bita/Project/duckdb-polr/third_party/mbedtls/include -I/home/bita/Project/duckdb-polr/third_party/jaro_winkler -I/home/bita/Project/duckdb-polr/test/../third_party/catch -I/home/bita/Project/duckdb-polr/test/../third_party/tpce-tool/include -I/home/bita/Project/duckdb-polr/test/../third_party/sqlite/include -I/home/bita/Project/duckdb-polr/test/include -O3 -DNDEBUG -O3 -DNDEBUG   -fPIC -fdiagnostics-color=always -std=c++11 -MD -MT test/appender/CMakeFiles/test_appender.dir/ub_test_appender.cpp.o -MF test/appender/CMakeFiles/test_appender.dir/ub_test_appender.cpp.o.d -o test/appender/CMakeFiles/test_appender.dir/ub_test_appender.cpp.o -c /home/bita/Project/duckdb-polr/build/release/test/appender/ub_test_appender.cpp
[276/376] : && /usr/bin/c++ -fPIC -O3 -DNDEBUG -O3 -DNDEBUG   -shared -Wl,-soname,loadable_extension_demo.duckdb_extension -o test/extension/loadable_extension_demo.duckdb_extension test/extension/CMakeFiles/loadable_extension_demo_loadable_extension.dir/loadable_extension_demo.cpp.o   && :
[277/376] /usr/bin/c++ -DDUCKDB_BUILD_LIBRARY -DDUCKDB_BUILD_LOADABLE_EXTENSION -DENABLE_CROSS_PRODUCT_REWRITE=0 -DENABLE_DEBUG_PRINT=0 -DENABLE_MEASURE_EXE_TIME=0 -DENABLE_MERGE_BACK_PLAN=0 -DENABLE_PARALLEL_EXECUTION=0 -DENABLE_QUERY_SPLIT=0 -DENABLE_SPECIFY_EST_STAT=0 -I/home/bita/Project/duckdb-polr/src/include -I/home/bita/Project/duckdb-polr/third_party/fsst -I/home/bita/Project/duckdb-polr/third_party/fmt/include -I/home/bita/Project/duckdb-polr/third_party/hyperloglog -I/home/bita/Project/duckdb-polr/third_party/fastpforlib -I/home/bita/Project/duckdb-polr/third_party/fast_float -I/home/bita/Project/duckdb-polr/third_party/re2 -I/home/bita/Project/duckdb-polr/third_party/miniz -I/home/bita/Project/duckdb-polr/third_party/utf8proc/include -I/home/bita/Project/duckdb-polr/third_party/miniparquet -I/home/bita/Project/duckdb-polr/third_party/concurrentqueue -I/home/bita/Project/duckdb-polr/third_party/pcg -I/home/bita/Project/duckdb-polr/third_party/tdigest -I/home/bita/Project/duckdb-polr/third_party/mbedtls/include -I/home/bita/Project/duckdb-polr/third_party/jaro_winkler -I/home/bita/Project/duckdb-polr/extension/parquet/include -I/home/bita/Project/duckdb-polr/extension/parquet/../../third_party/parquet -I/home/bita/Project/duckdb-polr/extension/parquet/../../third_party/snappy -I/home/bita/Project/duckdb-polr/extension/parquet/../../third_party/miniz -I/home/bita/Project/duckdb-polr/extension/parquet/../../third_party/thrift -I/home/bita/Project/duckdb-polr/extension/parquet/../../third_party/zstd/include -O3 -DNDEBUG -O3 -DNDEBUG   -fPIC -fdiagnostics-color=always -std=c++11 -MD -MT extension/parquet/CMakeFiles/parquet_loadable_extension.dir/__/__/third_party/zstd/compress/zstd_opt.cpp.o -MF extension/parquet/CMakeFiles/parquet_loadable_extension.dir/__/__/third_party/zstd/compress/zstd_opt.cpp.o.d -o extension/parquet/CMakeFiles/parquet_loadable_extension.dir/__/__/third_party/zstd/compress/zstd_opt.cpp.o -c /home/bita/Project/duckdb-polr/third_party/zstd/compress/zstd_opt.cpp
[278/376] : && /usr/bin/c++ -fPIC -O3 -DNDEBUG -O3 -DNDEBUG   -shared -Wl,-soname,parquet.duckdb_extension -o extension/parquet/parquet.duckdb_extension extension/parquet/CMakeFiles/parquet_loadable_extension.dir/column_writer.cpp.o extension/parquet/CMakeFiles/parquet_loadable_extension.dir/parquet-extension.cpp.o extension/parquet/CMakeFiles/parquet_loadable_extension.dir/parquet_metadata.cpp.o extension/parquet/CMakeFiles/parquet_loadable_extension.dir/parquet_reader.cpp.o extension/parquet/CMakeFiles/parquet_loadable_extension.dir/parquet_timestamp.cpp.o extension/parquet/CMakeFiles/parquet_loadable_extension.dir/parquet_writer.cpp.o extension/parquet/CMakeFiles/parquet_loadable_extension.dir/parquet_statistics.cpp.o extension/parquet/CMakeFiles/parquet_loadable_extension.dir/zstd_file_system.cpp.o extension/parquet/CMakeFiles/parquet_loadable_extension.dir/column_reader.cpp.o extension/parquet/CMakeFiles/parquet_loadable_extension.dir/__/__/third_party/parquet/parquet_constants.cpp.o extension/parquet/CMakeFiles/parquet_loadable_extension.dir/__/__/third_party/parquet/parquet_types.cpp.o extension/parquet/CMakeFiles/parquet_loadable_extension.dir/__/__/third_party/thrift/thrift/protocol/TProtocol.cpp.o extension/parquet/CMakeFiles/parquet_loadable_extension.dir/__/__/third_party/thrift/thrift/transport/TTransportException.cpp.o extension/parquet/CMakeFiles/parquet_loadable_extension.dir/__/__/third_party/thrift/thrift/transport/TBufferTransports.cpp.o extension/parquet/CMakeFiles/parquet_loadable_extension.dir/__/__/third_party/snappy/snappy.cc.o extension/parquet/CMakeFiles/parquet_loadable_extension.dir/__/__/third_party/snappy/snappy-sinksource.cc.o extension/parquet/CMakeFiles/parquet_loadable_extension.dir/__/__/third_party/zstd/decompress/zstd_ddict.cpp.o extension/parquet/CMakeFiles/parquet_loadable_extension.dir/__/__/third_party/zstd/decompress/huf_decompress.cpp.o extension/parquet/CMakeFiles/parquet_loadable_extension.dir/__/__/third_party/zstd/decompress/zstd_decompress.cpp.o extension/parquet/CMakeFiles/parquet_loadable_extension.dir/__/__/third_party/zstd/decompress/zstd_decompress_block.cpp.o extension/parquet/CMakeFiles/parquet_loadable_extension.dir/__/__/third_party/zstd/common/entropy_common.cpp.o extension/parquet/CMakeFiles/parquet_loadable_extension.dir/__/__/third_party/zstd/common/fse_decompress.cpp.o extension/parquet/CMakeFiles/parquet_loadable_extension.dir/__/__/third_party/zstd/common/zstd_common.cpp.o extension/parquet/CMakeFiles/parquet_loadable_extension.dir/__/__/third_party/zstd/common/error_private.cpp.o extension/parquet/CMakeFiles/parquet_loadable_extension.dir/__/__/third_party/zstd/common/xxhash.cpp.o extension/parquet/CMakeFiles/parquet_loadable_extension.dir/__/__/third_party/zstd/compress/fse_compress.cpp.o extension/parquet/CMakeFiles/parquet_loadable_extension.dir/__/__/third_party/zstd/compress/hist.cpp.o extension/parquet/CMakeFiles/parquet_loadable_extension.dir/__/__/third_party/zstd/compress/huf_compress.cpp.o extension/parquet/CMakeFiles/parquet_loadable_extension.dir/__/__/third_party/zstd/compress/zstd_compress.cpp.o extension/parquet/CMakeFiles/parquet_loadable_extension.dir/__/__/third_party/zstd/compress/zstd_compress_literals.cpp.o extension/parquet/CMakeFiles/parquet_loadable_extension.dir/__/__/third_party/zstd/compress/zstd_compress_sequences.cpp.o extension/parquet/CMakeFiles/parquet_loadable_extension.dir/__/__/third_party/zstd/compress/zstd_compress_superblock.cpp.o extension/parquet/CMakeFiles/parquet_loadable_extension.dir/__/__/third_party/zstd/compress/zstd_double_fast.cpp.o extension/parquet/CMakeFiles/parquet_loadable_extension.dir/__/__/third_party/zstd/compress/zstd_fast.cpp.o extension/parquet/CMakeFiles/parquet_loadable_extension.dir/__/__/third_party/zstd/compress/zstd_lazy.cpp.o extension/parquet/CMakeFiles/parquet_loadable_extension.dir/__/__/third_party/zstd/compress/zstd_ldm.cpp.o extension/parquet/CMakeFiles/parquet_loadable_extension.dir/__/__/third_party/zstd/compress/zstd_opt.cpp.o   && :
[279/376] /usr/bin/c++ -DDUCKDB_BUILD_LIBRARY -DENABLE_CROSS_PRODUCT_REWRITE=0 -DENABLE_DEBUG_PRINT=0 -DENABLE_MEASURE_EXE_TIME=0 -DENABLE_MERGE_BACK_PLAN=0 -DENABLE_PARALLEL_EXECUTION=0 -DENABLE_QUERY_SPLIT=0 -DENABLE_SPECIFY_EST_STAT=0 -I/home/bita/Project/duckdb-polr/src/include -I/home/bita/Project/duckdb-polr/third_party/fsst -I/home/bita/Project/duckdb-polr/third_party/fmt/include -I/home/bita/Project/duckdb-polr/third_party/hyperloglog -I/home/bita/Project/duckdb-polr/third_party/fastpforlib -I/home/bita/Project/duckdb-polr/third_party/fast_float -I/home/bita/Project/duckdb-polr/third_party/re2 -I/home/bita/Project/duckdb-polr/third_party/miniz -I/home/bita/Project/duckdb-polr/third_party/utf8proc/include -I/home/bita/Project/duckdb-polr/third_party/miniparquet -I/home/bita/Project/duckdb-polr/third_party/concurrentqueue -I/home/bita/Project/duckdb-polr/third_party/pcg -I/home/bita/Project/duckdb-polr/third_party/tdigest -I/home/bita/Project/duckdb-polr/third_party/mbedtls/include -I/home/bita/Project/duckdb-polr/third_party/jaro_winkler -I/home/bita/Project/duckdb-polr/test/../third_party/catch -I/home/bita/Project/duckdb-polr/test/../third_party/tpce-tool/include -I/home/bita/Project/duckdb-polr/test/../third_party/sqlite/include -I/home/bita/Project/duckdb-polr/test/include -I/home/bita/Project/duckdb-polr/third_party/libpg_query/include -O3 -DNDEBUG -O3 -DNDEBUG   -fPIC -fdiagnostics-color=always -std=c++11 -MD -MT test/helpers/CMakeFiles/test_helpers.dir/capi_tester.cpp.o -MF test/helpers/CMakeFiles/test_helpers.dir/capi_tester.cpp.o.d -o test/helpers/CMakeFiles/test_helpers.dir/capi_tester.cpp.o -c /home/bita/Project/duckdb-polr/test/helpers/capi_tester.cpp
[280/376] /usr/bin/c++ -DDUCKDB_BUILD_LIBRARY -DENABLE_CROSS_PRODUCT_REWRITE=0 -DENABLE_DEBUG_PRINT=0 -DENABLE_MEASURE_EXE_TIME=0 -DENABLE_MERGE_BACK_PLAN=0 -DENABLE_PARALLEL_EXECUTION=0 -DENABLE_QUERY_SPLIT=0 -DENABLE_SPECIFY_EST_STAT=0 -I/home/bita/Project/duckdb-polr/src/include -I/home/bita/Project/duckdb-polr/third_party/fsst -I/home/bita/Project/duckdb-polr/third_party/fmt/include -I/home/bita/Project/duckdb-polr/third_party/hyperloglog -I/home/bita/Project/duckdb-polr/third_party/fastpforlib -I/home/bita/Project/duckdb-polr/third_party/fast_float -I/home/bita/Project/duckdb-polr/third_party/re2 -I/home/bita/Project/duckdb-polr/third_party/miniz -I/home/bita/Project/duckdb-polr/third_party/utf8proc/include -I/home/bita/Project/duckdb-polr/third_party/miniparquet -I/home/bita/Project/duckdb-polr/third_party/concurrentqueue -I/home/bita/Project/duckdb-polr/third_party/pcg -I/home/bita/Project/duckdb-polr/third_party/tdigest -I/home/bita/Project/duckdb-polr/third_party/mbedtls/include -I/home/bita/Project/duckdb-polr/third_party/jaro_winkler -I/home/bita/Project/duckdb-polr/test/../third_party/catch -I/home/bita/Project/duckdb-polr/test/../third_party/tpce-tool/include -I/home/bita/Project/duckdb-polr/test/../third_party/sqlite/include -I/home/bita/Project/duckdb-polr/test/include -I/home/bita/Project/duckdb-polr/third_party/libpg_query/include -O3 -DNDEBUG -O3 -DNDEBUG   -fPIC -fdiagnostics-color=always -std=c++11 -MD -MT test/helpers/CMakeFiles/test_helpers.dir/test_helpers.cpp.o -MF test/helpers/CMakeFiles/test_helpers.dir/test_helpers.cpp.o.d -o test/helpers/CMakeFiles/test_helpers.dir/test_helpers.cpp.o -c /home/bita/Project/duckdb-polr/test/helpers/test_helpers.cpp
[281/376] /usr/bin/c++ -DDUCKDB_BUILD_LIBRARY -DENABLE_CROSS_PRODUCT_REWRITE=0 -DENABLE_DEBUG_PRINT=0 -DENABLE_MEASURE_EXE_TIME=0 -DENABLE_MERGE_BACK_PLAN=0 -DENABLE_PARALLEL_EXECUTION=0 -DENABLE_QUERY_SPLIT=0 -DENABLE_SPECIFY_EST_STAT=0 -I/home/bita/Project/duckdb-polr/src/include -I/home/bita/Project/duckdb-polr/third_party/fsst -I/home/bita/Project/duckdb-polr/third_party/fmt/include -I/home/bita/Project/duckdb-polr/third_party/hyperloglog -I/home/bita/Project/duckdb-polr/third_party/fastpforlib -I/home/bita/Project/duckdb-polr/third_party/fast_float -I/home/bita/Project/duckdb-polr/third_party/re2 -I/home/bita/Project/duckdb-polr/third_party/miniz -I/home/bita/Project/duckdb-polr/third_party/utf8proc/include -I/home/bita/Project/duckdb-polr/third_party/miniparquet -I/home/bita/Project/duckdb-polr/third_party/concurrentqueue -I/home/bita/Project/duckdb-polr/third_party/pcg -I/home/bita/Project/duckdb-polr/third_party/tdigest -I/home/bita/Project/duckdb-polr/third_party/mbedtls/include -I/home/bita/Project/duckdb-polr/third_party/jaro_winkler -I/home/bita/Project/duckdb-polr/test/../third_party/catch -I/home/bita/Project/duckdb-polr/test/../third_party/tpce-tool/include -I/home/bita/Project/duckdb-polr/test/../third_party/sqlite/include -I/home/bita/Project/duckdb-polr/test/include -O3 -DNDEBUG -O3 -DNDEBUG   -fPIC -fdiagnostics-color=always -std=c++11 -MD -MT test/sql/filter/CMakeFiles/test_filter.dir/ub_test_filter.cpp.o -MF test/sql/filter/CMakeFiles/test_filter.dir/ub_test_filter.cpp.o.d -o test/sql/filter/CMakeFiles/test_filter.dir/ub_test_filter.cpp.o -c /home/bita/Project/duckdb-polr/build/release/test/sql/filter/ub_test_filter.cpp
[282/376] /usr/bin/c++ -DDUCKDB_BUILD_LIBRARY -DENABLE_CROSS_PRODUCT_REWRITE=0 -DENABLE_DEBUG_PRINT=0 -DENABLE_MEASURE_EXE_TIME=0 -DENABLE_MERGE_BACK_PLAN=0 -DENABLE_PARALLEL_EXECUTION=0 -DENABLE_QUERY_SPLIT=0 -DENABLE_SPECIFY_EST_STAT=0 -I/home/bita/Project/duckdb-polr/src/include -I/home/bita/Project/duckdb-polr/third_party/fsst -I/home/bita/Project/duckdb-polr/third_party/fmt/include -I/home/bita/Project/duckdb-polr/third_party/hyperloglog -I/home/bita/Project/duckdb-polr/third_party/fastpforlib -I/home/bita/Project/duckdb-polr/third_party/fast_float -I/home/bita/Project/duckdb-polr/third_party/re2 -I/home/bita/Project/duckdb-polr/third_party/miniz -I/home/bita/Project/duckdb-polr/third_party/utf8proc/include -I/home/bita/Project/duckdb-polr/third_party/miniparquet -I/home/bita/Project/duckdb-polr/third_party/concurrentqueue -I/home/bita/Project/duckdb-polr/third_party/pcg -I/home/bita/Project/duckdb-polr/third_party/tdigest -I/home/bita/Project/duckdb-polr/third_party/mbedtls/include -I/home/bita/Project/duckdb-polr/third_party/jaro_winkler -I/home/bita/Project/duckdb-polr/test/../third_party/catch -I/home/bita/Project/duckdb-polr/test/../third_party/tpce-tool/include -I/home/bita/Project/duckdb-polr/test/../third_party/sqlite/include -I/home/bita/Project/duckdb-polr/test/include -O3 -DNDEBUG -O3 -DNDEBUG   -fPIC -fdiagnostics-color=always -std=c++11 -MD -MT test/memoryleak/CMakeFiles/test_memory_leak.dir/ub_test_memory_leak.cpp.o -MF test/memoryleak/CMakeFiles/test_memory_leak.dir/ub_test_memory_leak.cpp.o.d -o test/memoryleak/CMakeFiles/test_memory_leak.dir/ub_test_memory_leak.cpp.o -c /home/bita/Project/duckdb-polr/build/release/test/memoryleak/ub_test_memory_leak.cpp
[283/376] /usr/bin/c++ -DDUCKDB_BUILD_LIBRARY -DENABLE_CROSS_PRODUCT_REWRITE=0 -DENABLE_DEBUG_PRINT=0 -DENABLE_MEASURE_EXE_TIME=0 -DENABLE_MERGE_BACK_PLAN=0 -DENABLE_PARALLEL_EXECUTION=0 -DENABLE_QUERY_SPLIT=0 -DENABLE_SPECIFY_EST_STAT=0 -I/home/bita/Project/duckdb-polr/src/include -I/home/bita/Project/duckdb-polr/third_party/fsst -I/home/bita/Project/duckdb-polr/third_party/fmt/include -I/home/bita/Project/duckdb-polr/third_party/hyperloglog -I/home/bita/Project/duckdb-polr/third_party/fastpforlib -I/home/bita/Project/duckdb-polr/third_party/fast_float -I/home/bita/Project/duckdb-polr/third_party/re2 -I/home/bita/Project/duckdb-polr/third_party/miniz -I/home/bita/Project/duckdb-polr/third_party/utf8proc/include -I/home/bita/Project/duckdb-polr/third_party/miniparquet -I/home/bita/Project/duckdb-polr/third_party/concurrentqueue -I/home/bita/Project/duckdb-polr/third_party/pcg -I/home/bita/Project/duckdb-polr/third_party/tdigest -I/home/bita/Project/duckdb-polr/third_party/mbedtls/include -I/home/bita/Project/duckdb-polr/third_party/jaro_winkler -I/home/bita/Project/duckdb-polr/test/../third_party/catch -I/home/bita/Project/duckdb-polr/test/../third_party/tpce-tool/include -I/home/bita/Project/duckdb-polr/test/../third_party/sqlite/include -I/home/bita/Project/duckdb-polr/test/include -O3 -DNDEBUG -O3 -DNDEBUG   -fPIC -fdiagnostics-color=always -std=c++11 -MD -MT test/sql/function/table/CMakeFiles/test_table_function.dir/ub_test_table_function.cpp.o -MF test/sql/function/table/CMakeFiles/test_table_function.dir/ub_test_table_function.cpp.o.d -o test/sql/function/table/CMakeFiles/test_table_function.dir/ub_test_table_function.cpp.o -c /home/bita/Project/duckdb-polr/build/release/test/sql/function/table/ub_test_table_function.cpp
[284/376] /usr/bin/c++ -DDUCKDB_BUILD_LIBRARY -DENABLE_CROSS_PRODUCT_REWRITE=0 -DENABLE_DEBUG_PRINT=0 -DENABLE_MEASURE_EXE_TIME=0 -DENABLE_MERGE_BACK_PLAN=0 -DENABLE_PARALLEL_EXECUTION=0 -DENABLE_QUERY_SPLIT=0 -DENABLE_SPECIFY_EST_STAT=0 -I/home/bita/Project/duckdb-polr/src/include -I/home/bita/Project/duckdb-polr/third_party/fsst -I/home/bita/Project/duckdb-polr/third_party/fmt/include -I/home/bita/Project/duckdb-polr/third_party/hyperloglog -I/home/bita/Project/duckdb-polr/third_party/fastpforlib -I/home/bita/Project/duckdb-polr/third_party/fast_float -I/home/bita/Project/duckdb-polr/third_party/re2 -I/home/bita/Project/duckdb-polr/third_party/miniz -I/home/bita/Project/duckdb-polr/third_party/utf8proc/include -I/home/bita/Project/duckdb-polr/third_party/miniparquet -I/home/bita/Project/duckdb-polr/third_party/concurrentqueue -I/home/bita/Project/duckdb-polr/third_party/pcg -I/home/bita/Project/duckdb-polr/third_party/tdigest -I/home/bita/Project/duckdb-polr/third_party/mbedtls/include -I/home/bita/Project/duckdb-polr/third_party/jaro_winkler -I/home/bita/Project/duckdb-polr/test/../third_party/catch -I/home/bita/Project/duckdb-polr/test/../third_party/tpce-tool/include -I/home/bita/Project/duckdb-polr/test/../third_party/sqlite/include -I/home/bita/Project/duckdb-polr/test/include -O3 -DNDEBUG -O3 -DNDEBUG   -fPIC -fdiagnostics-color=always -std=c++11 -MD -MT test/common/CMakeFiles/test_common.dir/ub_test_common.cpp.o -MF test/common/CMakeFiles/test_common.dir/ub_test_common.cpp.o.d -o test/common/CMakeFiles/test_common.dir/ub_test_common.cpp.o -c /home/bita/Project/duckdb-polr/build/release/test/common/ub_test_common.cpp
[285/376] /usr/bin/c++ -DDUCKDB_BUILD_LIBRARY -DENABLE_CROSS_PRODUCT_REWRITE=0 -DENABLE_DEBUG_PRINT=0 -DENABLE_MEASURE_EXE_TIME=0 -DENABLE_MERGE_BACK_PLAN=0 -DENABLE_PARALLEL_EXECUTION=0 -DENABLE_QUERY_SPLIT=0 -DENABLE_SPECIFY_EST_STAT=0 -I/home/bita/Project/duckdb-polr/src/include -I/home/bita/Project/duckdb-polr/third_party/fsst -I/home/bita/Project/duckdb-polr/third_party/fmt/include -I/home/bita/Project/duckdb-polr/third_party/hyperloglog -I/home/bita/Project/duckdb-polr/third_party/fastpforlib -I/home/bita/Project/duckdb-polr/third_party/fast_float -I/home/bita/Project/duckdb-polr/third_party/re2 -I/home/bita/Project/duckdb-polr/third_party/miniz -I/home/bita/Project/duckdb-polr/third_party/utf8proc/include -I/home/bita/Project/duckdb-polr/third_party/miniparquet -I/home/bita/Project/duckdb-polr/third_party/concurrentqueue -I/home/bita/Project/duckdb-polr/third_party/pcg -I/home/bita/Project/duckdb-polr/third_party/tdigest -I/home/bita/Project/duckdb-polr/third_party/mbedtls/include -I/home/bita/Project/duckdb-polr/third_party/jaro_winkler -I/home/bita/Project/duckdb-polr/test/../third_party/catch -I/home/bita/Project/duckdb-polr/test/../third_party/tpce-tool/include -I/home/bita/Project/duckdb-polr/test/../third_party/sqlite/include -I/home/bita/Project/duckdb-polr/test/include -O3 -DNDEBUG -O3 -DNDEBUG   -fPIC -fdiagnostics-color=always -std=c++11 -MD -MT test/mbedtls/CMakeFiles/test_mbedtls.dir/ub_test_mbedtls.cpp.o -MF test/mbedtls/CMakeFiles/test_mbedtls.dir/ub_test_mbedtls.cpp.o.d -o test/mbedtls/CMakeFiles/test_mbedtls.dir/ub_test_mbedtls.cpp.o -c /home/bita/Project/duckdb-polr/build/release/test/mbedtls/ub_test_mbedtls.cpp
[286/376] /usr/bin/c++ -DDUCKDB_BUILD_LIBRARY -DENABLE_CROSS_PRODUCT_REWRITE=0 -DENABLE_DEBUG_PRINT=0 -DENABLE_MEASURE_EXE_TIME=0 -DENABLE_MERGE_BACK_PLAN=0 -DENABLE_PARALLEL_EXECUTION=0 -DENABLE_QUERY_SPLIT=0 -DENABLE_SPECIFY_EST_STAT=0 -I/home/bita/Project/duckdb-polr/src/include -I/home/bita/Project/duckdb-polr/third_party/fsst -I/home/bita/Project/duckdb-polr/third_party/fmt/include -I/home/bita/Project/duckdb-polr/third_party/hyperloglog -I/home/bita/Project/duckdb-polr/third_party/fastpforlib -I/home/bita/Project/duckdb-polr/third_party/fast_float -I/home/bita/Project/duckdb-polr/third_party/re2 -I/home/bita/Project/duckdb-polr/third_party/miniz -I/home/bita/Project/duckdb-polr/third_party/utf8proc/include -I/home/bita/Project/duckdb-polr/third_party/miniparquet -I/home/bita/Project/duckdb-polr/third_party/concurrentqueue -I/home/bita/Project/duckdb-polr/third_party/pcg -I/home/bita/Project/duckdb-polr/third_party/tdigest -I/home/bita/Project/duckdb-polr/third_party/mbedtls/include -I/home/bita/Project/duckdb-polr/third_party/jaro_winkler -I/home/bita/Project/duckdb-polr/test/../third_party/catch -I/home/bita/Project/duckdb-polr/test/../third_party/tpce-tool/include -I/home/bita/Project/duckdb-polr/test/../third_party/sqlite/include -I/home/bita/Project/duckdb-polr/test/include -O3 -DNDEBUG -O3 -DNDEBUG   -fPIC -fdiagnostics-color=always -std=c++11 -MD -MT test/sql/storage/catalog/CMakeFiles/test_sql_storage_catalog.dir/ub_test_sql_storage_catalog.cpp.o -MF test/sql/storage/catalog/CMakeFiles/test_sql_storage_catalog.dir/ub_test_sql_storage_catalog.cpp.o.d -o test/sql/storage/catalog/CMakeFiles/test_sql_storage_catalog.dir/ub_test_sql_storage_catalog.cpp.o -c /home/bita/Project/duckdb-polr/build/release/test/sql/storage/catalog/ub_test_sql_storage_catalog.cpp
[287/376] /usr/bin/c++ -DDUCKDB_BUILD_LIBRARY -DENABLE_CROSS_PRODUCT_REWRITE=0 -DENABLE_DEBUG_PRINT=0 -DENABLE_MEASURE_EXE_TIME=0 -DENABLE_MERGE_BACK_PLAN=0 -DENABLE_PARALLEL_EXECUTION=0 -DENABLE_QUERY_SPLIT=0 -DENABLE_SPECIFY_EST_STAT=0 -I/home/bita/Project/duckdb-polr/src/include -I/home/bita/Project/duckdb-polr/third_party/fsst -I/home/bita/Project/duckdb-polr/third_party/fmt/include -I/home/bita/Project/duckdb-polr/third_party/hyperloglog -I/home/bita/Project/duckdb-polr/third_party/fastpforlib -I/home/bita/Project/duckdb-polr/third_party/fast_float -I/home/bita/Project/duckdb-polr/third_party/re2 -I/home/bita/Project/duckdb-polr/third_party/miniz -I/home/bita/Project/duckdb-polr/third_party/utf8proc/include -I/home/bita/Project/duckdb-polr/third_party/miniparquet -I/home/bita/Project/duckdb-polr/third_party/concurrentqueue -I/home/bita/Project/duckdb-polr/third_party/pcg -I/home/bita/Project/duckdb-polr/third_party/tdigest -I/home/bita/Project/duckdb-polr/third_party/mbedtls/include -I/home/bita/Project/duckdb-polr/third_party/jaro_winkler -I/home/bita/Project/duckdb-polr/test/../third_party/catch -I/home/bita/Project/duckdb-polr/test/../third_party/tpce-tool/include -I/home/bita/Project/duckdb-polr/test/../third_party/sqlite/include -I/home/bita/Project/duckdb-polr/test/include -O3 -DNDEBUG -O3 -DNDEBUG   -fPIC -fdiagnostics-color=always -std=c++11 -MD -MT test/ossfuzz/CMakeFiles/test_ossfuzz.dir/ub_test_ossfuzz.cpp.o -MF test/ossfuzz/CMakeFiles/test_ossfuzz.dir/ub_test_ossfuzz.cpp.o.d -o test/ossfuzz/CMakeFiles/test_ossfuzz.dir/ub_test_ossfuzz.cpp.o -c /home/bita/Project/duckdb-polr/build/release/test/ossfuzz/ub_test_ossfuzz.cpp
[288/376] /usr/bin/c++ -DDUCKDB_BUILD_LIBRARY -DENABLE_CROSS_PRODUCT_REWRITE=0 -DENABLE_DEBUG_PRINT=0 -DENABLE_MEASURE_EXE_TIME=0 -DENABLE_MERGE_BACK_PLAN=0 -DENABLE_PARALLEL_EXECUTION=0 -DENABLE_QUERY_SPLIT=0 -DENABLE_SPECIFY_EST_STAT=0 -I/home/bita/Project/duckdb-polr/src/include -I/home/bita/Project/duckdb-polr/third_party/fsst -I/home/bita/Project/duckdb-polr/third_party/fmt/include -I/home/bita/Project/duckdb-polr/third_party/hyperloglog -I/home/bita/Project/duckdb-polr/third_party/fastpforlib -I/home/bita/Project/duckdb-polr/third_party/fast_float -I/home/bita/Project/duckdb-polr/third_party/re2 -I/home/bita/Project/duckdb-polr/third_party/miniz -I/home/bita/Project/duckdb-polr/third_party/utf8proc/include -I/home/bita/Project/duckdb-polr/third_party/miniparquet -I/home/bita/Project/duckdb-polr/third_party/concurrentqueue -I/home/bita/Project/duckdb-polr/third_party/pcg -I/home/bita/Project/duckdb-polr/third_party/tdigest -I/home/bita/Project/duckdb-polr/third_party/mbedtls/include -I/home/bita/Project/duckdb-polr/third_party/jaro_winkler -I/home/bita/Project/duckdb-polr/third_party/libpg_query/include -O3 -DNDEBUG -O3 -DNDEBUG   -fPIC -fvisibility=hidden -fdiagnostics-color=always -w -std=c++11 -MD -MT third_party/libpg_query/CMakeFiles/duckdb_pg_query.dir/postgres_parser.cpp.o -MF third_party/libpg_query/CMakeFiles/duckdb_pg_query.dir/postgres_parser.cpp.o.d -o third_party/libpg_query/CMakeFiles/duckdb_pg_query.dir/postgres_parser.cpp.o -c /home/bita/Project/duckdb-polr/third_party/libpg_query/postgres_parser.cpp
[289/376] /usr/bin/c++ -DDUCKDB_BUILD_LIBRARY -DENABLE_CROSS_PRODUCT_REWRITE=0 -DENABLE_DEBUG_PRINT=0 -DENABLE_MEASURE_EXE_TIME=0 -DENABLE_MERGE_BACK_PLAN=0 -DENABLE_PARALLEL_EXECUTION=0 -DENABLE_QUERY_SPLIT=0 -DENABLE_SPECIFY_EST_STAT=0 -I/home/bita/Project/duckdb-polr/src/include -I/home/bita/Project/duckdb-polr/third_party/fsst -I/home/bita/Project/duckdb-polr/third_party/fmt/include -I/home/bita/Project/duckdb-polr/third_party/hyperloglog -I/home/bita/Project/duckdb-polr/third_party/fastpforlib -I/home/bita/Project/duckdb-polr/third_party/fast_float -I/home/bita/Project/duckdb-polr/third_party/re2 -I/home/bita/Project/duckdb-polr/third_party/miniz -I/home/bita/Project/duckdb-polr/third_party/utf8proc/include -I/home/bita/Project/duckdb-polr/third_party/miniparquet -I/home/bita/Project/duckdb-polr/third_party/concurrentqueue -I/home/bita/Project/duckdb-polr/third_party/pcg -I/home/bita/Project/duckdb-polr/third_party/tdigest -I/home/bita/Project/duckdb-polr/third_party/mbedtls/include -I/home/bita/Project/duckdb-polr/third_party/jaro_winkler -I/home/bita/Project/duckdb-polr/third_party/libpg_query/include -O3 -DNDEBUG -O3 -DNDEBUG   -fPIC -fvisibility=hidden -fdiagnostics-color=always -w -std=c++11 -MD -MT third_party/libpg_query/CMakeFiles/duckdb_pg_query.dir/pg_functions.cpp.o -MF third_party/libpg_query/CMakeFiles/duckdb_pg_query.dir/pg_functions.cpp.o.d -o third_party/libpg_query/CMakeFiles/duckdb_pg_query.dir/pg_functions.cpp.o -c /home/bita/Project/duckdb-polr/third_party/libpg_query/pg_functions.cpp
[290/376] /usr/bin/c++ -DDUCKDB_BUILD_LIBRARY -DENABLE_CROSS_PRODUCT_REWRITE=0 -DENABLE_DEBUG_PRINT=0 -DENABLE_MEASURE_EXE_TIME=0 -DENABLE_MERGE_BACK_PLAN=0 -DENABLE_PARALLEL_EXECUTION=0 -DENABLE_QUERY_SPLIT=0 -DENABLE_SPECIFY_EST_STAT=0 -I/home/bita/Project/duckdb-polr/src/include -I/home/bita/Project/duckdb-polr/third_party/fsst -I/home/bita/Project/duckdb-polr/third_party/fmt/include -I/home/bita/Project/duckdb-polr/third_party/hyperloglog -I/home/bita/Project/duckdb-polr/third_party/fastpforlib -I/home/bita/Project/duckdb-polr/third_party/fast_float -I/home/bita/Project/duckdb-polr/third_party/re2 -I/home/bita/Project/duckdb-polr/third_party/miniz -I/home/bita/Project/duckdb-polr/third_party/utf8proc/include -I/home/bita/Project/duckdb-polr/third_party/miniparquet -I/home/bita/Project/duckdb-polr/third_party/concurrentqueue -I/home/bita/Project/duckdb-polr/third_party/pcg -I/home/bita/Project/duckdb-polr/third_party/tdigest -I/home/bita/Project/duckdb-polr/third_party/mbedtls/include -I/home/bita/Project/duckdb-polr/third_party/jaro_winkler -I/home/bita/Project/duckdb-polr/third_party/libpg_query/include -O3 -DNDEBUG -O3 -DNDEBUG   -fPIC -fvisibility=hidden -fdiagnostics-color=always -w -std=c++11 -MD -MT third_party/libpg_query/CMakeFiles/duckdb_pg_query.dir/src_backend_parser_parser.cpp.o -MF third_party/libpg_query/CMakeFiles/duckdb_pg_query.dir/src_backend_parser_parser.cpp.o.d -o third_party/libpg_query/CMakeFiles/duckdb_pg_query.dir/src_backend_parser_parser.cpp.o -c /home/bita/Project/duckdb-polr/third_party/libpg_query/src_backend_parser_parser.cpp
[291/376] /usr/bin/c++ -DDUCKDB_BUILD_LIBRARY -DENABLE_CROSS_PRODUCT_REWRITE=0 -DENABLE_DEBUG_PRINT=0 -DENABLE_MEASURE_EXE_TIME=0 -DENABLE_MERGE_BACK_PLAN=0 -DENABLE_PARALLEL_EXECUTION=0 -DENABLE_QUERY_SPLIT=0 -DENABLE_SPECIFY_EST_STAT=0 -I/home/bita/Project/duckdb-polr/src/include -I/home/bita/Project/duckdb-polr/third_party/fsst -I/home/bita/Project/duckdb-polr/third_party/fmt/include -I/home/bita/Project/duckdb-polr/third_party/hyperloglog -I/home/bita/Project/duckdb-polr/third_party/fastpforlib -I/home/bita/Project/duckdb-polr/third_party/fast_float -I/home/bita/Project/duckdb-polr/third_party/re2 -I/home/bita/Project/duckdb-polr/third_party/miniz -I/home/bita/Project/duckdb-polr/third_party/utf8proc/include -I/home/bita/Project/duckdb-polr/third_party/miniparquet -I/home/bita/Project/duckdb-polr/third_party/concurrentqueue -I/home/bita/Project/duckdb-polr/third_party/pcg -I/home/bita/Project/duckdb-polr/third_party/tdigest -I/home/bita/Project/duckdb-polr/third_party/mbedtls/include -I/home/bita/Project/duckdb-polr/third_party/jaro_winkler -I/home/bita/Project/duckdb-polr/third_party/libpg_query/include -O3 -DNDEBUG -O3 -DNDEBUG   -fPIC -fvisibility=hidden -fdiagnostics-color=always -w -std=c++11 -MD -MT third_party/libpg_query/CMakeFiles/duckdb_pg_query.dir/src_backend_nodes_list.cpp.o -MF third_party/libpg_query/CMakeFiles/duckdb_pg_query.dir/src_backend_nodes_list.cpp.o.d -o third_party/libpg_query/CMakeFiles/duckdb_pg_query.dir/src_backend_nodes_list.cpp.o -c /home/bita/Project/duckdb-polr/third_party/libpg_query/src_backend_nodes_list.cpp
[292/376] /usr/bin/c++ -DDUCKDB_BUILD_LIBRARY -DENABLE_CROSS_PRODUCT_REWRITE=0 -DENABLE_DEBUG_PRINT=0 -DENABLE_MEASURE_EXE_TIME=0 -DENABLE_MERGE_BACK_PLAN=0 -DENABLE_PARALLEL_EXECUTION=0 -DENABLE_QUERY_SPLIT=0 -DENABLE_SPECIFY_EST_STAT=0 -I/home/bita/Project/duckdb-polr/src/include -I/home/bita/Project/duckdb-polr/third_party/fsst -I/home/bita/Project/duckdb-polr/third_party/fmt/include -I/home/bita/Project/duckdb-polr/third_party/hyperloglog -I/home/bita/Project/duckdb-polr/third_party/fastpforlib -I/home/bita/Project/duckdb-polr/third_party/fast_float -I/home/bita/Project/duckdb-polr/third_party/re2 -I/home/bita/Project/duckdb-polr/third_party/miniz -I/home/bita/Project/duckdb-polr/third_party/utf8proc/include -I/home/bita/Project/duckdb-polr/third_party/miniparquet -I/home/bita/Project/duckdb-polr/third_party/concurrentqueue -I/home/bita/Project/duckdb-polr/third_party/pcg -I/home/bita/Project/duckdb-polr/third_party/tdigest -I/home/bita/Project/duckdb-polr/third_party/mbedtls/include -I/home/bita/Project/duckdb-polr/third_party/jaro_winkler -I/home/bita/Project/duckdb-polr/test/../third_party/catch -I/home/bita/Project/duckdb-polr/test/../third_party/tpce-tool/include -I/home/bita/Project/duckdb-polr/test/../third_party/sqlite/include -I/home/bita/Project/duckdb-polr/test/include -O3 -DNDEBUG -O3 -DNDEBUG   -fPIC -fdiagnostics-color=always -std=c++11 -MD -MT test/sql/index/CMakeFiles/test_index.dir/ub_test_index.cpp.o -MF test/sql/index/CMakeFiles/test_index.dir/ub_test_index.cpp.o.d -o test/sql/index/CMakeFiles/test_index.dir/ub_test_index.cpp.o -c /home/bita/Project/duckdb-polr/build/release/test/sql/index/ub_test_index.cpp
[293/376] /usr/bin/c++ -DDUCKDB_BUILD_LIBRARY -DENABLE_CROSS_PRODUCT_REWRITE=0 -DENABLE_DEBUG_PRINT=0 -DENABLE_MEASURE_EXE_TIME=0 -DENABLE_MERGE_BACK_PLAN=0 -DENABLE_PARALLEL_EXECUTION=0 -DENABLE_QUERY_SPLIT=0 -DENABLE_SPECIFY_EST_STAT=0 -I/home/bita/Project/duckdb-polr/src/include -I/home/bita/Project/duckdb-polr/third_party/fsst -I/home/bita/Project/duckdb-polr/third_party/fmt/include -I/home/bita/Project/duckdb-polr/third_party/hyperloglog -I/home/bita/Project/duckdb-polr/third_party/fastpforlib -I/home/bita/Project/duckdb-polr/third_party/fast_float -I/home/bita/Project/duckdb-polr/third_party/re2 -I/home/bita/Project/duckdb-polr/third_party/miniz -I/home/bita/Project/duckdb-polr/third_party/utf8proc/include -I/home/bita/Project/duckdb-polr/third_party/miniparquet -I/home/bita/Project/duckdb-polr/third_party/concurrentqueue -I/home/bita/Project/duckdb-polr/third_party/pcg -I/home/bita/Project/duckdb-polr/third_party/tdigest -I/home/bita/Project/duckdb-polr/third_party/mbedtls/include -I/home/bita/Project/duckdb-polr/third_party/jaro_winkler -I/home/bita/Project/duckdb-polr/third_party/libpg_query/include -O3 -DNDEBUG -O3 -DNDEBUG   -fPIC -fvisibility=hidden -fdiagnostics-color=always -w -std=c++11 -MD -MT third_party/libpg_query/CMakeFiles/duckdb_pg_query.dir/src_backend_parser_scansup.cpp.o -MF third_party/libpg_query/CMakeFiles/duckdb_pg_query.dir/src_backend_parser_scansup.cpp.o.d -o third_party/libpg_query/CMakeFiles/duckdb_pg_query.dir/src_backend_parser_scansup.cpp.o -c /home/bita/Project/duckdb-polr/third_party/libpg_query/src_backend_parser_scansup.cpp
[294/376] /usr/bin/c++ -DDUCKDB_BUILD_LIBRARY -DENABLE_CROSS_PRODUCT_REWRITE=0 -DENABLE_DEBUG_PRINT=0 -DENABLE_MEASURE_EXE_TIME=0 -DENABLE_MERGE_BACK_PLAN=0 -DENABLE_PARALLEL_EXECUTION=0 -DENABLE_QUERY_SPLIT=0 -DENABLE_SPECIFY_EST_STAT=0 -I/home/bita/Project/duckdb-polr/src/include -I/home/bita/Project/duckdb-polr/third_party/fsst -I/home/bita/Project/duckdb-polr/third_party/fmt/include -I/home/bita/Project/duckdb-polr/third_party/hyperloglog -I/home/bita/Project/duckdb-polr/third_party/fastpforlib -I/home/bita/Project/duckdb-polr/third_party/fast_float -I/home/bita/Project/duckdb-polr/third_party/re2 -I/home/bita/Project/duckdb-polr/third_party/miniz -I/home/bita/Project/duckdb-polr/third_party/utf8proc/include -I/home/bita/Project/duckdb-polr/third_party/miniparquet -I/home/bita/Project/duckdb-polr/third_party/concurrentqueue -I/home/bita/Project/duckdb-polr/third_party/pcg -I/home/bita/Project/duckdb-polr/third_party/tdigest -I/home/bita/Project/duckdb-polr/third_party/mbedtls/include -I/home/bita/Project/duckdb-polr/third_party/jaro_winkler -I/home/bita/Project/duckdb-polr/third_party/libpg_query/include -O3 -DNDEBUG -O3 -DNDEBUG   -fPIC -fvisibility=hidden -fdiagnostics-color=always -w -std=c++11 -MD -MT third_party/libpg_query/CMakeFiles/duckdb_pg_query.dir/src_backend_nodes_makefuncs.cpp.o -MF third_party/libpg_query/CMakeFiles/duckdb_pg_query.dir/src_backend_nodes_makefuncs.cpp.o.d -o third_party/libpg_query/CMakeFiles/duckdb_pg_query.dir/src_backend_nodes_makefuncs.cpp.o -c /home/bita/Project/duckdb-polr/third_party/libpg_query/src_backend_nodes_makefuncs.cpp
[295/376] /usr/bin/c++ -DDUCKDB_BUILD_LIBRARY -DENABLE_CROSS_PRODUCT_REWRITE=0 -DENABLE_DEBUG_PRINT=0 -DENABLE_MEASURE_EXE_TIME=0 -DENABLE_MERGE_BACK_PLAN=0 -DENABLE_PARALLEL_EXECUTION=0 -DENABLE_QUERY_SPLIT=0 -DENABLE_SPECIFY_EST_STAT=0 -I/home/bita/Project/duckdb-polr/src/include -I/home/bita/Project/duckdb-polr/third_party/fsst -I/home/bita/Project/duckdb-polr/third_party/fmt/include -I/home/bita/Project/duckdb-polr/third_party/hyperloglog -I/home/bita/Project/duckdb-polr/third_party/fastpforlib -I/home/bita/Project/duckdb-polr/third_party/fast_float -I/home/bita/Project/duckdb-polr/third_party/re2 -I/home/bita/Project/duckdb-polr/third_party/miniz -I/home/bita/Project/duckdb-polr/third_party/utf8proc/include -I/home/bita/Project/duckdb-polr/third_party/miniparquet -I/home/bita/Project/duckdb-polr/third_party/concurrentqueue -I/home/bita/Project/duckdb-polr/third_party/pcg -I/home/bita/Project/duckdb-polr/third_party/tdigest -I/home/bita/Project/duckdb-polr/third_party/mbedtls/include -I/home/bita/Project/duckdb-polr/third_party/jaro_winkler -I/home/bita/Project/duckdb-polr/third_party/libpg_query/include -O3 -DNDEBUG -O3 -DNDEBUG   -fPIC -fvisibility=hidden -fdiagnostics-color=always -w -std=c++11 -MD -MT third_party/libpg_query/CMakeFiles/duckdb_pg_query.dir/src_backend_nodes_value.cpp.o -MF third_party/libpg_query/CMakeFiles/duckdb_pg_query.dir/src_backend_nodes_value.cpp.o.d -o third_party/libpg_query/CMakeFiles/duckdb_pg_query.dir/src_backend_nodes_value.cpp.o -c /home/bita/Project/duckdb-polr/third_party/libpg_query/src_backend_nodes_value.cpp
[296/376] /usr/bin/c++ -DDUCKDB_BUILD_LIBRARY -DENABLE_CROSS_PRODUCT_REWRITE=0 -DENABLE_DEBUG_PRINT=0 -DENABLE_MEASURE_EXE_TIME=0 -DENABLE_MERGE_BACK_PLAN=0 -DENABLE_PARALLEL_EXECUTION=0 -DENABLE_QUERY_SPLIT=0 -DENABLE_SPECIFY_EST_STAT=0 -I/home/bita/Project/duckdb-polr/src/include -I/home/bita/Project/duckdb-polr/third_party/fsst -I/home/bita/Project/duckdb-polr/third_party/fmt/include -I/home/bita/Project/duckdb-polr/third_party/hyperloglog -I/home/bita/Project/duckdb-polr/third_party/fastpforlib -I/home/bita/Project/duckdb-polr/third_party/fast_float -I/home/bita/Project/duckdb-polr/third_party/re2 -I/home/bita/Project/duckdb-polr/third_party/miniz -I/home/bita/Project/duckdb-polr/third_party/utf8proc/include -I/home/bita/Project/duckdb-polr/third_party/miniparquet -I/home/bita/Project/duckdb-polr/third_party/concurrentqueue -I/home/bita/Project/duckdb-polr/third_party/pcg -I/home/bita/Project/duckdb-polr/third_party/tdigest -I/home/bita/Project/duckdb-polr/third_party/mbedtls/include -I/home/bita/Project/duckdb-polr/third_party/jaro_winkler -I/home/bita/Project/duckdb-polr/third_party/libpg_query/include -O3 -DNDEBUG -O3 -DNDEBUG   -fPIC -fvisibility=hidden -fdiagnostics-color=always -w -std=c++11 -MD -MT third_party/libpg_query/CMakeFiles/duckdb_pg_query.dir/src_common_keywords.cpp.o -MF third_party/libpg_query/CMakeFiles/duckdb_pg_query.dir/src_common_keywords.cpp.o.d -o third_party/libpg_query/CMakeFiles/duckdb_pg_query.dir/src_common_keywords.cpp.o -c /home/bita/Project/duckdb-polr/third_party/libpg_query/src_common_keywords.cpp
[297/376] /usr/bin/c++ -DDUCKDB_BUILD_LIBRARY -DENABLE_CROSS_PRODUCT_REWRITE=0 -DENABLE_DEBUG_PRINT=0 -DENABLE_MEASURE_EXE_TIME=0 -DENABLE_MERGE_BACK_PLAN=0 -DENABLE_PARALLEL_EXECUTION=0 -DENABLE_QUERY_SPLIT=0 -DENABLE_SPECIFY_EST_STAT=0 -I/home/bita/Project/duckdb-polr/src/include -I/home/bita/Project/duckdb-polr/third_party/fsst -I/home/bita/Project/duckdb-polr/third_party/fmt/include -I/home/bita/Project/duckdb-polr/third_party/hyperloglog -I/home/bita/Project/duckdb-polr/third_party/fastpforlib -I/home/bita/Project/duckdb-polr/third_party/fast_float -I/home/bita/Project/duckdb-polr/third_party/re2 -I/home/bita/Project/duckdb-polr/third_party/miniz -I/home/bita/Project/duckdb-polr/third_party/utf8proc/include -I/home/bita/Project/duckdb-polr/third_party/miniparquet -I/home/bita/Project/duckdb-polr/third_party/concurrentqueue -I/home/bita/Project/duckdb-polr/third_party/pcg -I/home/bita/Project/duckdb-polr/third_party/tdigest -I/home/bita/Project/duckdb-polr/third_party/mbedtls/include -I/home/bita/Project/duckdb-polr/third_party/jaro_winkler -I/home/bita/Project/duckdb-polr/third_party/libpg_query/include -O3 -DNDEBUG -O3 -DNDEBUG   -fPIC -fvisibility=hidden -fdiagnostics-color=always -w -std=c++11 -MD -MT third_party/libpg_query/CMakeFiles/duckdb_pg_query.dir/src_backend_parser_scan.cpp.o -MF third_party/libpg_query/CMakeFiles/duckdb_pg_query.dir/src_backend_parser_scan.cpp.o.d -o third_party/libpg_query/CMakeFiles/duckdb_pg_query.dir/src_backend_parser_scan.cpp.o -c /home/bita/Project/duckdb-polr/third_party/libpg_query/src_backend_parser_scan.cpp
[298/376] /usr/bin/c++ -DDUCKDB_BUILD_LIBRARY -DENABLE_CROSS_PRODUCT_REWRITE=0 -DENABLE_DEBUG_PRINT=0 -DENABLE_MEASURE_EXE_TIME=0 -DENABLE_MERGE_BACK_PLAN=0 -DENABLE_PARALLEL_EXECUTION=0 -DENABLE_QUERY_SPLIT=0 -DENABLE_SPECIFY_EST_STAT=0 -I/home/bita/Project/duckdb-polr/src/include -I/home/bita/Project/duckdb-polr/third_party/fsst -I/home/bita/Project/duckdb-polr/third_party/fmt/include -I/home/bita/Project/duckdb-polr/third_party/hyperloglog -I/home/bita/Project/duckdb-polr/third_party/fastpforlib -I/home/bita/Project/duckdb-polr/third_party/fast_float -I/home/bita/Project/duckdb-polr/third_party/re2 -I/home/bita/Project/duckdb-polr/third_party/miniz -I/home/bita/Project/duckdb-polr/third_party/utf8proc/include -I/home/bita/Project/duckdb-polr/third_party/miniparquet -I/home/bita/Project/duckdb-polr/third_party/concurrentqueue -I/home/bita/Project/duckdb-polr/third_party/pcg -I/home/bita/Project/duckdb-polr/third_party/tdigest -I/home/bita/Project/duckdb-polr/third_party/mbedtls/include -I/home/bita/Project/duckdb-polr/third_party/jaro_winkler -I/home/bita/Project/duckdb-polr/test/../third_party/catch -I/home/bita/Project/duckdb-polr/test/../third_party/tpce-tool/include -I/home/bita/Project/duckdb-polr/test/../third_party/sqlite/include -I/home/bita/Project/duckdb-polr/test/include -O3 -DNDEBUG -O3 -DNDEBUG   -fPIC -fdiagnostics-color=always -std=c++11 -MD -MT test/persistence/CMakeFiles/test_persistence.dir/ub_test_persistence.cpp.o -MF test/persistence/CMakeFiles/test_persistence.dir/ub_test_persistence.cpp.o.d -o test/persistence/CMakeFiles/test_persistence.dir/ub_test_persistence.cpp.o -c /home/bita/Project/duckdb-polr/build/release/test/persistence/ub_test_persistence.cpp
[299/376] /usr/bin/c++ -DDUCKDB_BUILD_LIBRARY -DENABLE_CROSS_PRODUCT_REWRITE=0 -DENABLE_DEBUG_PRINT=0 -DENABLE_MEASURE_EXE_TIME=0 -DENABLE_MERGE_BACK_PLAN=0 -DENABLE_PARALLEL_EXECUTION=0 -DENABLE_QUERY_SPLIT=0 -DENABLE_SPECIFY_EST_STAT=0 -I/home/bita/Project/duckdb-polr/src/include -I/home/bita/Project/duckdb-polr/third_party/fsst -I/home/bita/Project/duckdb-polr/third_party/fmt/include -I/home/bita/Project/duckdb-polr/third_party/hyperloglog -I/home/bita/Project/duckdb-polr/third_party/fastpforlib -I/home/bita/Project/duckdb-polr/third_party/fast_float -I/home/bita/Project/duckdb-polr/third_party/re2 -I/home/bita/Project/duckdb-polr/third_party/miniz -I/home/bita/Project/duckdb-polr/third_party/utf8proc/include -I/home/bita/Project/duckdb-polr/third_party/miniparquet -I/home/bita/Project/duckdb-polr/third_party/concurrentqueue -I/home/bita/Project/duckdb-polr/third_party/pcg -I/home/bita/Project/duckdb-polr/third_party/tdigest -I/home/bita/Project/duckdb-polr/third_party/mbedtls/include -I/home/bita/Project/duckdb-polr/third_party/jaro_winkler -O3 -DNDEBUG -O3 -DNDEBUG   -fPIC -fvisibility=hidden -fdiagnostics-color=always -std=c++11 -w -std=c++11 -MD -MT third_party/re2/CMakeFiles/duckdb_re2.dir/re2/bitstate.cc.o -MF third_party/re2/CMakeFiles/duckdb_re2.dir/re2/bitstate.cc.o.d -o third_party/re2/CMakeFiles/duckdb_re2.dir/re2/bitstate.cc.o -c /home/bita/Project/duckdb-polr/third_party/re2/re2/bitstate.cc
[300/376] /usr/bin/c++ -DDUCKDB -DDUCKDB_BUILD_LIBRARY -DDUCKDB_MAIN_LIBRARY -DENABLE_CROSS_PRODUCT_REWRITE=0 -DENABLE_DEBUG_PRINT=0 -DENABLE_MEASURE_EXE_TIME=0 -DENABLE_MERGE_BACK_PLAN=0 -DENABLE_PARALLEL_EXECUTION=0 -DENABLE_QUERY_SPLIT=0 -DENABLE_SPECIFY_EST_STAT=0 -I/home/bita/Project/duckdb-polr/src/include -I/home/bita/Project/duckdb-polr/third_party/fsst -I/home/bita/Project/duckdb-polr/third_party/fmt/include -I/home/bita/Project/duckdb-polr/third_party/hyperloglog -I/home/bita/Project/duckdb-polr/third_party/fastpforlib -I/home/bita/Project/duckdb-polr/third_party/fast_float -I/home/bita/Project/duckdb-polr/third_party/re2 -I/home/bita/Project/duckdb-polr/third_party/miniz -I/home/bita/Project/duckdb-polr/third_party/utf8proc/include -I/home/bita/Project/duckdb-polr/third_party/miniparquet -I/home/bita/Project/duckdb-polr/third_party/concurrentqueue -I/home/bita/Project/duckdb-polr/third_party/pcg -I/home/bita/Project/duckdb-polr/third_party/tdigest -I/home/bita/Project/duckdb-polr/third_party/mbedtls/include -I/home/bita/Project/duckdb-polr/third_party/jaro_winkler -O3 -DNDEBUG -O3 -DNDEBUG   -fPIC -fdiagnostics-color=always -std=c++11 -MD -MT src/execution/expression_executor/CMakeFiles/duckdb_expression_executor.dir/ub_duckdb_expression_executor.cpp.o -MF src/execution/expression_executor/CMakeFiles/duckdb_expression_executor.dir/ub_duckdb_expression_executor.cpp.o.d -o src/execution/expression_executor/CMakeFiles/duckdb_expression_executor.dir/ub_duckdb_expression_executor.cpp.o -c /home/bita/Project/duckdb-polr/build/release/src/execution/expression_executor/ub_duckdb_expression_executor.cpp
[301/376] /usr/bin/c++ -DDUCKDB_BUILD_LIBRARY -DENABLE_CROSS_PRODUCT_REWRITE=0 -DENABLE_DEBUG_PRINT=0 -DENABLE_MEASURE_EXE_TIME=0 -DENABLE_MERGE_BACK_PLAN=0 -DENABLE_PARALLEL_EXECUTION=0 -DENABLE_QUERY_SPLIT=0 -DENABLE_SPECIFY_EST_STAT=0 -I/home/bita/Project/duckdb-polr/src/include -I/home/bita/Project/duckdb-polr/third_party/fsst -I/home/bita/Project/duckdb-polr/third_party/fmt/include -I/home/bita/Project/duckdb-polr/third_party/hyperloglog -I/home/bita/Project/duckdb-polr/third_party/fastpforlib -I/home/bita/Project/duckdb-polr/third_party/fast_float -I/home/bita/Project/duckdb-polr/third_party/re2 -I/home/bita/Project/duckdb-polr/third_party/miniz -I/home/bita/Project/duckdb-polr/third_party/utf8proc/include -I/home/bita/Project/duckdb-polr/third_party/miniparquet -I/home/bita/Project/duckdb-polr/third_party/concurrentqueue -I/home/bita/Project/duckdb-polr/third_party/pcg -I/home/bita/Project/duckdb-polr/third_party/tdigest -I/home/bita/Project/duckdb-polr/third_party/mbedtls/include -I/home/bita/Project/duckdb-polr/third_party/jaro_winkler -I/home/bita/Project/duckdb-polr/third_party/libpg_query/include -O3 -DNDEBUG -O3 -DNDEBUG   -fPIC -fvisibility=hidden -fdiagnostics-color=always -w -std=c++11 -MD -MT third_party/libpg_query/CMakeFiles/duckdb_pg_query.dir/src_backend_parser_gram.cpp.o -MF third_party/libpg_query/CMakeFiles/duckdb_pg_query.dir/src_backend_parser_gram.cpp.o.d -o third_party/libpg_query/CMakeFiles/duckdb_pg_query.dir/src_backend_parser_gram.cpp.o -c /home/bita/Project/duckdb-polr/third_party/libpg_query/src_backend_parser_gram.cpp
[302/376] : && /usr/bin/cmake -E rm -f third_party/libpg_query/libduckdb_pg_query.a && /usr/bin/ar qc third_party/libpg_query/libduckdb_pg_query.a  third_party/libpg_query/CMakeFiles/duckdb_pg_query.dir/postgres_parser.cpp.o third_party/libpg_query/CMakeFiles/duckdb_pg_query.dir/pg_functions.cpp.o third_party/libpg_query/CMakeFiles/duckdb_pg_query.dir/src_backend_parser_parser.cpp.o third_party/libpg_query/CMakeFiles/duckdb_pg_query.dir/src_backend_parser_gram.cpp.o third_party/libpg_query/CMakeFiles/duckdb_pg_query.dir/src_backend_nodes_list.cpp.o third_party/libpg_query/CMakeFiles/duckdb_pg_query.dir/src_backend_parser_scansup.cpp.o third_party/libpg_query/CMakeFiles/duckdb_pg_query.dir/src_backend_nodes_makefuncs.cpp.o third_party/libpg_query/CMakeFiles/duckdb_pg_query.dir/src_backend_nodes_value.cpp.o third_party/libpg_query/CMakeFiles/duckdb_pg_query.dir/src_backend_parser_scan.cpp.o third_party/libpg_query/CMakeFiles/duckdb_pg_query.dir/src_common_keywords.cpp.o && /usr/bin/ranlib third_party/libpg_query/libduckdb_pg_query.a && :
[303/376] /usr/bin/c++ -DDUCKDB_BUILD_LIBRARY -DENABLE_CROSS_PRODUCT_REWRITE=0 -DENABLE_DEBUG_PRINT=0 -DENABLE_MEASURE_EXE_TIME=0 -DENABLE_MERGE_BACK_PLAN=0 -DENABLE_PARALLEL_EXECUTION=0 -DENABLE_QUERY_SPLIT=0 -DENABLE_SPECIFY_EST_STAT=0 -I/home/bita/Project/duckdb-polr/src/include -I/home/bita/Project/duckdb-polr/third_party/fsst -I/home/bita/Project/duckdb-polr/third_party/fmt/include -I/home/bita/Project/duckdb-polr/third_party/hyperloglog -I/home/bita/Project/duckdb-polr/third_party/fastpforlib -I/home/bita/Project/duckdb-polr/third_party/fast_float -I/home/bita/Project/duckdb-polr/third_party/re2 -I/home/bita/Project/duckdb-polr/third_party/miniz -I/home/bita/Project/duckdb-polr/third_party/utf8proc/include -I/home/bita/Project/duckdb-polr/third_party/miniparquet -I/home/bita/Project/duckdb-polr/third_party/concurrentqueue -I/home/bita/Project/duckdb-polr/third_party/pcg -I/home/bita/Project/duckdb-polr/third_party/tdigest -I/home/bita/Project/duckdb-polr/third_party/mbedtls/include -I/home/bita/Project/duckdb-polr/third_party/jaro_winkler -O3 -DNDEBUG -O3 -DNDEBUG   -fPIC -fvisibility=hidden -fdiagnostics-color=always -std=c++11 -w -std=c++11 -MD -MT third_party/re2/CMakeFiles/duckdb_re2.dir/re2/filtered_re2.cc.o -MF third_party/re2/CMakeFiles/duckdb_re2.dir/re2/filtered_re2.cc.o.d -o third_party/re2/CMakeFiles/duckdb_re2.dir/re2/filtered_re2.cc.o -c /home/bita/Project/duckdb-polr/third_party/re2/re2/filtered_re2.cc
[304/376] /usr/bin/c++ -DDUCKDB_BUILD_LIBRARY -DENABLE_CROSS_PRODUCT_REWRITE=0 -DENABLE_DEBUG_PRINT=0 -DENABLE_MEASURE_EXE_TIME=0 -DENABLE_MERGE_BACK_PLAN=0 -DENABLE_PARALLEL_EXECUTION=0 -DENABLE_QUERY_SPLIT=0 -DENABLE_SPECIFY_EST_STAT=0 -I/home/bita/Project/duckdb-polr/src/include -I/home/bita/Project/duckdb-polr/third_party/fsst -I/home/bita/Project/duckdb-polr/third_party/fmt/include -I/home/bita/Project/duckdb-polr/third_party/hyperloglog -I/home/bita/Project/duckdb-polr/third_party/fastpforlib -I/home/bita/Project/duckdb-polr/third_party/fast_float -I/home/bita/Project/duckdb-polr/third_party/re2 -I/home/bita/Project/duckdb-polr/third_party/miniz -I/home/bita/Project/duckdb-polr/third_party/utf8proc/include -I/home/bita/Project/duckdb-polr/third_party/miniparquet -I/home/bita/Project/duckdb-polr/third_party/concurrentqueue -I/home/bita/Project/duckdb-polr/third_party/pcg -I/home/bita/Project/duckdb-polr/third_party/tdigest -I/home/bita/Project/duckdb-polr/third_party/mbedtls/include -I/home/bita/Project/duckdb-polr/third_party/jaro_winkler -I/home/bita/Project/duckdb-polr/test/../third_party/catch -I/home/bita/Project/duckdb-polr/test/../third_party/tpce-tool/include -I/home/bita/Project/duckdb-polr/test/../third_party/sqlite/include -I/home/bita/Project/duckdb-polr/test/include -O3 -DNDEBUG -O3 -DNDEBUG   -fPIC -fdiagnostics-color=always -std=c++11 -MD -MT test/sql/parallelism/interquery/CMakeFiles/test_sql_interquery_parallelism.dir/ub_test_sql_interquery_parallelism.cpp.o -MF test/sql/parallelism/interquery/CMakeFiles/test_sql_interquery_parallelism.dir/ub_test_sql_interquery_parallelism.cpp.o.d -o test/sql/parallelism/interquery/CMakeFiles/test_sql_interquery_parallelism.dir/ub_test_sql_interquery_parallelism.cpp.o -c /home/bita/Project/duckdb-polr/build/release/test/sql/parallelism/interquery/ub_test_sql_interquery_parallelism.cpp
[305/376] /usr/bin/c++ -DDUCKDB_BUILD_LIBRARY -DENABLE_CROSS_PRODUCT_REWRITE=0 -DENABLE_DEBUG_PRINT=0 -DENABLE_MEASURE_EXE_TIME=0 -DENABLE_MERGE_BACK_PLAN=0 -DENABLE_PARALLEL_EXECUTION=0 -DENABLE_QUERY_SPLIT=0 -DENABLE_SPECIFY_EST_STAT=0 -I/home/bita/Project/duckdb-polr/src/include -I/home/bita/Project/duckdb-polr/third_party/fsst -I/home/bita/Project/duckdb-polr/third_party/fmt/include -I/home/bita/Project/duckdb-polr/third_party/hyperloglog -I/home/bita/Project/duckdb-polr/third_party/fastpforlib -I/home/bita/Project/duckdb-polr/third_party/fast_float -I/home/bita/Project/duckdb-polr/third_party/re2 -I/home/bita/Project/duckdb-polr/third_party/miniz -I/home/bita/Project/duckdb-polr/third_party/utf8proc/include -I/home/bita/Project/duckdb-polr/third_party/miniparquet -I/home/bita/Project/duckdb-polr/third_party/concurrentqueue -I/home/bita/Project/duckdb-polr/third_party/pcg -I/home/bita/Project/duckdb-polr/third_party/tdigest -I/home/bita/Project/duckdb-polr/third_party/mbedtls/include -I/home/bita/Project/duckdb-polr/third_party/jaro_winkler -O3 -DNDEBUG -O3 -DNDEBUG   -fPIC -fvisibility=hidden -fdiagnostics-color=always -std=c++11 -w -std=c++11 -MD -MT third_party/re2/CMakeFiles/duckdb_re2.dir/re2/mimics_pcre.cc.o -MF third_party/re2/CMakeFiles/duckdb_re2.dir/re2/mimics_pcre.cc.o.d -o third_party/re2/CMakeFiles/duckdb_re2.dir/re2/mimics_pcre.cc.o -c /home/bita/Project/duckdb-polr/third_party/re2/re2/mimics_pcre.cc
[306/376] /usr/bin/c++ -DDUCKDB_BUILD_LIBRARY -DENABLE_CROSS_PRODUCT_REWRITE=0 -DENABLE_DEBUG_PRINT=0 -DENABLE_MEASURE_EXE_TIME=0 -DENABLE_MERGE_BACK_PLAN=0 -DENABLE_PARALLEL_EXECUTION=0 -DENABLE_QUERY_SPLIT=0 -DENABLE_SPECIFY_EST_STAT=0 -I/home/bita/Project/duckdb-polr/src/include -I/home/bita/Project/duckdb-polr/third_party/fsst -I/home/bita/Project/duckdb-polr/third_party/fmt/include -I/home/bita/Project/duckdb-polr/third_party/hyperloglog -I/home/bita/Project/duckdb-polr/third_party/fastpforlib -I/home/bita/Project/duckdb-polr/third_party/fast_float -I/home/bita/Project/duckdb-polr/third_party/re2 -I/home/bita/Project/duckdb-polr/third_party/miniz -I/home/bita/Project/duckdb-polr/third_party/utf8proc/include -I/home/bita/Project/duckdb-polr/third_party/miniparquet -I/home/bita/Project/duckdb-polr/third_party/concurrentqueue -I/home/bita/Project/duckdb-polr/third_party/pcg -I/home/bita/Project/duckdb-polr/third_party/tdigest -I/home/bita/Project/duckdb-polr/third_party/mbedtls/include -I/home/bita/Project/duckdb-polr/third_party/jaro_winkler -O3 -DNDEBUG -O3 -DNDEBUG   -fPIC -fvisibility=hidden -fdiagnostics-color=always -std=c++11 -w -std=c++11 -MD -MT third_party/re2/CMakeFiles/duckdb_re2.dir/re2/perl_groups.cc.o -MF third_party/re2/CMakeFiles/duckdb_re2.dir/re2/perl_groups.cc.o.d -o third_party/re2/CMakeFiles/duckdb_re2.dir/re2/perl_groups.cc.o -c /home/bita/Project/duckdb-polr/third_party/re2/re2/perl_groups.cc
[307/376] /usr/bin/c++ -DDUCKDB_BUILD_LIBRARY -DENABLE_CROSS_PRODUCT_REWRITE=0 -DENABLE_DEBUG_PRINT=0 -DENABLE_MEASURE_EXE_TIME=0 -DENABLE_MERGE_BACK_PLAN=0 -DENABLE_PARALLEL_EXECUTION=0 -DENABLE_QUERY_SPLIT=0 -DENABLE_SPECIFY_EST_STAT=0 -I/home/bita/Project/duckdb-polr/src/include -I/home/bita/Project/duckdb-polr/third_party/fsst -I/home/bita/Project/duckdb-polr/third_party/fmt/include -I/home/bita/Project/duckdb-polr/third_party/hyperloglog -I/home/bita/Project/duckdb-polr/third_party/fastpforlib -I/home/bita/Project/duckdb-polr/third_party/fast_float -I/home/bita/Project/duckdb-polr/third_party/re2 -I/home/bita/Project/duckdb-polr/third_party/miniz -I/home/bita/Project/duckdb-polr/third_party/utf8proc/include -I/home/bita/Project/duckdb-polr/third_party/miniparquet -I/home/bita/Project/duckdb-polr/third_party/concurrentqueue -I/home/bita/Project/duckdb-polr/third_party/pcg -I/home/bita/Project/duckdb-polr/third_party/tdigest -I/home/bita/Project/duckdb-polr/third_party/mbedtls/include -I/home/bita/Project/duckdb-polr/third_party/jaro_winkler -O3 -DNDEBUG -O3 -DNDEBUG   -fPIC -fvisibility=hidden -fdiagnostics-color=always -std=c++11 -w -std=c++11 -MD -MT third_party/re2/CMakeFiles/duckdb_re2.dir/re2/compile.cc.o -MF third_party/re2/CMakeFiles/duckdb_re2.dir/re2/compile.cc.o.d -o third_party/re2/CMakeFiles/duckdb_re2.dir/re2/compile.cc.o -c /home/bita/Project/duckdb-polr/third_party/re2/re2/compile.cc
[308/376] /usr/bin/c++ -DDUCKDB_BUILD_LIBRARY -DENABLE_CROSS_PRODUCT_REWRITE=0 -DENABLE_DEBUG_PRINT=0 -DENABLE_MEASURE_EXE_TIME=0 -DENABLE_MERGE_BACK_PLAN=0 -DENABLE_PARALLEL_EXECUTION=0 -DENABLE_QUERY_SPLIT=0 -DENABLE_SPECIFY_EST_STAT=0 -I/home/bita/Project/duckdb-polr/src/include -I/home/bita/Project/duckdb-polr/third_party/fsst -I/home/bita/Project/duckdb-polr/third_party/fmt/include -I/home/bita/Project/duckdb-polr/third_party/hyperloglog -I/home/bita/Project/duckdb-polr/third_party/fastpforlib -I/home/bita/Project/duckdb-polr/third_party/fast_float -I/home/bita/Project/duckdb-polr/third_party/re2 -I/home/bita/Project/duckdb-polr/third_party/miniz -I/home/bita/Project/duckdb-polr/third_party/utf8proc/include -I/home/bita/Project/duckdb-polr/third_party/miniparquet -I/home/bita/Project/duckdb-polr/third_party/concurrentqueue -I/home/bita/Project/duckdb-polr/third_party/pcg -I/home/bita/Project/duckdb-polr/third_party/tdigest -I/home/bita/Project/duckdb-polr/third_party/mbedtls/include -I/home/bita/Project/duckdb-polr/third_party/jaro_winkler -I/home/bita/Project/duckdb-polr/test/../third_party/catch -I/home/bita/Project/duckdb-polr/test/../third_party/tpce-tool/include -I/home/bita/Project/duckdb-polr/test/../third_party/sqlite/include -I/home/bita/Project/duckdb-polr/test/include -O3 -DNDEBUG -O3 -DNDEBUG   -fPIC -fdiagnostics-color=always -std=c++11 -MD -MT test/sql/storage/CMakeFiles/test_sql_storage.dir/ub_test_sql_storage.cpp.o -MF test/sql/storage/CMakeFiles/test_sql_storage.dir/ub_test_sql_storage.cpp.o.d -o test/sql/storage/CMakeFiles/test_sql_storage.dir/ub_test_sql_storage.cpp.o -c /home/bita/Project/duckdb-polr/build/release/test/sql/storage/ub_test_sql_storage.cpp
[309/376] /usr/bin/c++ -DDUCKDB_BUILD_LIBRARY -DENABLE_CROSS_PRODUCT_REWRITE=0 -DENABLE_DEBUG_PRINT=0 -DENABLE_MEASURE_EXE_TIME=0 -DENABLE_MERGE_BACK_PLAN=0 -DENABLE_PARALLEL_EXECUTION=0 -DENABLE_QUERY_SPLIT=0 -DENABLE_SPECIFY_EST_STAT=0 -I/home/bita/Project/duckdb-polr/src/include -I/home/bita/Project/duckdb-polr/third_party/fsst -I/home/bita/Project/duckdb-polr/third_party/fmt/include -I/home/bita/Project/duckdb-polr/third_party/hyperloglog -I/home/bita/Project/duckdb-polr/third_party/fastpforlib -I/home/bita/Project/duckdb-polr/third_party/fast_float -I/home/bita/Project/duckdb-polr/third_party/re2 -I/home/bita/Project/duckdb-polr/third_party/miniz -I/home/bita/Project/duckdb-polr/third_party/utf8proc/include -I/home/bita/Project/duckdb-polr/third_party/miniparquet -I/home/bita/Project/duckdb-polr/third_party/concurrentqueue -I/home/bita/Project/duckdb-polr/third_party/pcg -I/home/bita/Project/duckdb-polr/third_party/tdigest -I/home/bita/Project/duckdb-polr/third_party/mbedtls/include -I/home/bita/Project/duckdb-polr/third_party/jaro_winkler -O3 -DNDEBUG -O3 -DNDEBUG   -fPIC -fvisibility=hidden -fdiagnostics-color=always -std=c++11 -w -std=c++11 -MD -MT third_party/re2/CMakeFiles/duckdb_re2.dir/re2/onepass.cc.o -MF third_party/re2/CMakeFiles/duckdb_re2.dir/re2/onepass.cc.o.d -o third_party/re2/CMakeFiles/duckdb_re2.dir/re2/onepass.cc.o -c /home/bita/Project/duckdb-polr/third_party/re2/re2/onepass.cc
[310/376] /usr/bin/c++ -DDUCKDB_BUILD_LIBRARY -DENABLE_CROSS_PRODUCT_REWRITE=0 -DENABLE_DEBUG_PRINT=0 -DENABLE_MEASURE_EXE_TIME=0 -DENABLE_MERGE_BACK_PLAN=0 -DENABLE_PARALLEL_EXECUTION=0 -DENABLE_QUERY_SPLIT=0 -DENABLE_SPECIFY_EST_STAT=0 -I/home/bita/Project/duckdb-polr/src/include -I/home/bita/Project/duckdb-polr/third_party/fsst -I/home/bita/Project/duckdb-polr/third_party/fmt/include -I/home/bita/Project/duckdb-polr/third_party/hyperloglog -I/home/bita/Project/duckdb-polr/third_party/fastpforlib -I/home/bita/Project/duckdb-polr/third_party/fast_float -I/home/bita/Project/duckdb-polr/third_party/re2 -I/home/bita/Project/duckdb-polr/third_party/miniz -I/home/bita/Project/duckdb-polr/third_party/utf8proc/include -I/home/bita/Project/duckdb-polr/third_party/miniparquet -I/home/bita/Project/duckdb-polr/third_party/concurrentqueue -I/home/bita/Project/duckdb-polr/third_party/pcg -I/home/bita/Project/duckdb-polr/third_party/tdigest -I/home/bita/Project/duckdb-polr/third_party/mbedtls/include -I/home/bita/Project/duckdb-polr/third_party/jaro_winkler -O3 -DNDEBUG -O3 -DNDEBUG   -fPIC -fvisibility=hidden -fdiagnostics-color=always -std=c++11 -w -std=c++11 -MD -MT third_party/re2/CMakeFiles/duckdb_re2.dir/re2/nfa.cc.o -MF third_party/re2/CMakeFiles/duckdb_re2.dir/re2/nfa.cc.o.d -o third_party/re2/CMakeFiles/duckdb_re2.dir/re2/nfa.cc.o -c /home/bita/Project/duckdb-polr/third_party/re2/re2/nfa.cc
[311/376] /usr/bin/c++ -DDUCKDB_BUILD_LIBRARY -DENABLE_CROSS_PRODUCT_REWRITE=0 -DENABLE_DEBUG_PRINT=0 -DENABLE_MEASURE_EXE_TIME=0 -DENABLE_MERGE_BACK_PLAN=0 -DENABLE_PARALLEL_EXECUTION=0 -DENABLE_QUERY_SPLIT=0 -DENABLE_SPECIFY_EST_STAT=0 -I/home/bita/Project/duckdb-polr/src/include -I/home/bita/Project/duckdb-polr/third_party/fsst -I/home/bita/Project/duckdb-polr/third_party/fmt/include -I/home/bita/Project/duckdb-polr/third_party/hyperloglog -I/home/bita/Project/duckdb-polr/third_party/fastpforlib -I/home/bita/Project/duckdb-polr/third_party/fast_float -I/home/bita/Project/duckdb-polr/third_party/re2 -I/home/bita/Project/duckdb-polr/third_party/miniz -I/home/bita/Project/duckdb-polr/third_party/utf8proc/include -I/home/bita/Project/duckdb-polr/third_party/miniparquet -I/home/bita/Project/duckdb-polr/third_party/concurrentqueue -I/home/bita/Project/duckdb-polr/third_party/pcg -I/home/bita/Project/duckdb-polr/third_party/tdigest -I/home/bita/Project/duckdb-polr/third_party/mbedtls/include -I/home/bita/Project/duckdb-polr/third_party/jaro_winkler -O3 -DNDEBUG -O3 -DNDEBUG   -fPIC -fvisibility=hidden -fdiagnostics-color=always -std=c++11 -w -std=c++11 -MD -MT third_party/re2/CMakeFiles/duckdb_re2.dir/re2/dfa.cc.o -MF third_party/re2/CMakeFiles/duckdb_re2.dir/re2/dfa.cc.o.d -o third_party/re2/CMakeFiles/duckdb_re2.dir/re2/dfa.cc.o -c /home/bita/Project/duckdb-polr/third_party/re2/re2/dfa.cc
[312/376] /usr/bin/c++ -DDUCKDB_BUILD_LIBRARY -DENABLE_CROSS_PRODUCT_REWRITE=0 -DENABLE_DEBUG_PRINT=0 -DENABLE_MEASURE_EXE_TIME=0 -DENABLE_MERGE_BACK_PLAN=0 -DENABLE_PARALLEL_EXECUTION=0 -DENABLE_QUERY_SPLIT=0 -DENABLE_SPECIFY_EST_STAT=0 -I/home/bita/Project/duckdb-polr/src/include -I/home/bita/Project/duckdb-polr/third_party/fsst -I/home/bita/Project/duckdb-polr/third_party/fmt/include -I/home/bita/Project/duckdb-polr/third_party/hyperloglog -I/home/bita/Project/duckdb-polr/third_party/fastpforlib -I/home/bita/Project/duckdb-polr/third_party/fast_float -I/home/bita/Project/duckdb-polr/third_party/re2 -I/home/bita/Project/duckdb-polr/third_party/miniz -I/home/bita/Project/duckdb-polr/third_party/utf8proc/include -I/home/bita/Project/duckdb-polr/third_party/miniparquet -I/home/bita/Project/duckdb-polr/third_party/concurrentqueue -I/home/bita/Project/duckdb-polr/third_party/pcg -I/home/bita/Project/duckdb-polr/third_party/tdigest -I/home/bita/Project/duckdb-polr/third_party/mbedtls/include -I/home/bita/Project/duckdb-polr/third_party/jaro_winkler -O3 -DNDEBUG -O3 -DNDEBUG   -fPIC -fvisibility=hidden -fdiagnostics-color=always -std=c++11 -w -std=c++11 -MD -MT third_party/re2/CMakeFiles/duckdb_re2.dir/re2/prefilter.cc.o -MF third_party/re2/CMakeFiles/duckdb_re2.dir/re2/prefilter.cc.o.d -o third_party/re2/CMakeFiles/duckdb_re2.dir/re2/prefilter.cc.o -c /home/bita/Project/duckdb-polr/third_party/re2/re2/prefilter.cc
[313/376] /usr/bin/c++ -DBUILD_JEMALLOC_EXTENSION=ON -DBUILD_PARQUET_EXTENSION=TRUE -DDUCKDB_BUILD_DIRECTORY=\"/home/bita/Project/duckdb-polr/build/release\" -DDUCKDB_BUILD_LIBRARY -DDUCKDB_ROOT_DIRECTORY=\"/home/bita/Project/duckdb-polr\" -DENABLE_CROSS_PRODUCT_REWRITE=0 -DENABLE_DEBUG_PRINT=0 -DENABLE_MEASURE_EXE_TIME=0 -DENABLE_MERGE_BACK_PLAN=0 -DENABLE_PARALLEL_EXECUTION=0 -DENABLE_QUERY_SPLIT=0 -DENABLE_SPECIFY_EST_STAT=0 -I/home/bita/Project/duckdb-polr/src/include -I/home/bita/Project/duckdb-polr/third_party/fsst -I/home/bita/Project/duckdb-polr/third_party/fmt/include -I/home/bita/Project/duckdb-polr/third_party/hyperloglog -I/home/bita/Project/duckdb-polr/third_party/fastpforlib -I/home/bita/Project/duckdb-polr/third_party/fast_float -I/home/bita/Project/duckdb-polr/third_party/re2 -I/home/bita/Project/duckdb-polr/third_party/miniz -I/home/bita/Project/duckdb-polr/third_party/utf8proc/include -I/home/bita/Project/duckdb-polr/third_party/miniparquet -I/home/bita/Project/duckdb-polr/third_party/concurrentqueue -I/home/bita/Project/duckdb-polr/third_party/pcg -I/home/bita/Project/duckdb-polr/third_party/tdigest -I/home/bita/Project/duckdb-polr/third_party/mbedtls/include -I/home/bita/Project/duckdb-polr/third_party/jaro_winkler -I/home/bita/Project/duckdb-polr/test/../third_party/catch -I/home/bita/Project/duckdb-polr/test/../third_party/tpce-tool/include -I/home/bita/Project/duckdb-polr/test/../third_party/sqlite/include -I/home/bita/Project/duckdb-polr/test/include -I/home/bita/Project/duckdb-polr/extension -I/home/bita/Project/duckdb-polr/extension/parquet/include -I/home/bita/Project/duckdb-polr/extension/jemalloc/include -O3 -DNDEBUG -O3 -DNDEBUG   -fPIC -fdiagnostics-color=always -std=c++11 -MD -MT test/sqlite/CMakeFiles/test_sqlite.dir/ub_test_sqlite.cpp.o -MF test/sqlite/CMakeFiles/test_sqlite.dir/ub_test_sqlite.cpp.o.d -o test/sqlite/CMakeFiles/test_sqlite.dir/ub_test_sqlite.cpp.o -c /home/bita/Project/duckdb-polr/build/release/test/sqlite/ub_test_sqlite.cpp
[314/376] /usr/bin/c++ -DDUCKDB_BUILD_LIBRARY -DENABLE_CROSS_PRODUCT_REWRITE=0 -DENABLE_DEBUG_PRINT=0 -DENABLE_MEASURE_EXE_TIME=0 -DENABLE_MERGE_BACK_PLAN=0 -DENABLE_PARALLEL_EXECUTION=0 -DENABLE_QUERY_SPLIT=0 -DENABLE_SPECIFY_EST_STAT=0 -I/home/bita/Project/duckdb-polr/src/include -I/home/bita/Project/duckdb-polr/third_party/fsst -I/home/bita/Project/duckdb-polr/third_party/fmt/include -I/home/bita/Project/duckdb-polr/third_party/hyperloglog -I/home/bita/Project/duckdb-polr/third_party/fastpforlib -I/home/bita/Project/duckdb-polr/third_party/fast_float -I/home/bita/Project/duckdb-polr/third_party/re2 -I/home/bita/Project/duckdb-polr/third_party/miniz -I/home/bita/Project/duckdb-polr/third_party/utf8proc/include -I/home/bita/Project/duckdb-polr/third_party/miniparquet -I/home/bita/Project/duckdb-polr/third_party/concurrentqueue -I/home/bita/Project/duckdb-polr/third_party/pcg -I/home/bita/Project/duckdb-polr/third_party/tdigest -I/home/bita/Project/duckdb-polr/third_party/mbedtls/include -I/home/bita/Project/duckdb-polr/third_party/jaro_winkler -O3 -DNDEBUG -O3 -DNDEBUG   -fPIC -fvisibility=hidden -fdiagnostics-color=always -std=c++11 -w -std=c++11 -MD -MT third_party/re2/CMakeFiles/duckdb_re2.dir/re2/parse.cc.o -MF third_party/re2/CMakeFiles/duckdb_re2.dir/re2/parse.cc.o.d -o third_party/re2/CMakeFiles/duckdb_re2.dir/re2/parse.cc.o -c /home/bita/Project/duckdb-polr/third_party/re2/re2/parse.cc
[315/376] /usr/bin/c++ -DDUCKDB_BUILD_LIBRARY -DENABLE_CROSS_PRODUCT_REWRITE=0 -DENABLE_DEBUG_PRINT=0 -DENABLE_MEASURE_EXE_TIME=0 -DENABLE_MERGE_BACK_PLAN=0 -DENABLE_PARALLEL_EXECUTION=0 -DENABLE_QUERY_SPLIT=0 -DENABLE_SPECIFY_EST_STAT=0 -I/home/bita/Project/duckdb-polr/src/include -I/home/bita/Project/duckdb-polr/third_party/fsst -I/home/bita/Project/duckdb-polr/third_party/fmt/include -I/home/bita/Project/duckdb-polr/third_party/hyperloglog -I/home/bita/Project/duckdb-polr/third_party/fastpforlib -I/home/bita/Project/duckdb-polr/third_party/fast_float -I/home/bita/Project/duckdb-polr/third_party/re2 -I/home/bita/Project/duckdb-polr/third_party/miniz -I/home/bita/Project/duckdb-polr/third_party/utf8proc/include -I/home/bita/Project/duckdb-polr/third_party/miniparquet -I/home/bita/Project/duckdb-polr/third_party/concurrentqueue -I/home/bita/Project/duckdb-polr/third_party/pcg -I/home/bita/Project/duckdb-polr/third_party/tdigest -I/home/bita/Project/duckdb-polr/third_party/mbedtls/include -I/home/bita/Project/duckdb-polr/third_party/jaro_winkler -O3 -DNDEBUG -O3 -DNDEBUG   -fPIC -fvisibility=hidden -fdiagnostics-color=always -std=c++11 -w -std=c++11 -MD -MT third_party/re2/CMakeFiles/duckdb_re2.dir/re2/prefilter_tree.cc.o -MF third_party/re2/CMakeFiles/duckdb_re2.dir/re2/prefilter_tree.cc.o.d -o third_party/re2/CMakeFiles/duckdb_re2.dir/re2/prefilter_tree.cc.o -c /home/bita/Project/duckdb-polr/third_party/re2/re2/prefilter_tree.cc
[316/376] /usr/bin/c++ -DDUCKDB_BUILD_LIBRARY -DENABLE_CROSS_PRODUCT_REWRITE=0 -DENABLE_DEBUG_PRINT=0 -DENABLE_MEASURE_EXE_TIME=0 -DENABLE_MERGE_BACK_PLAN=0 -DENABLE_PARALLEL_EXECUTION=0 -DENABLE_QUERY_SPLIT=0 -DENABLE_SPECIFY_EST_STAT=0 -I/home/bita/Project/duckdb-polr/src/include -I/home/bita/Project/duckdb-polr/third_party/fsst -I/home/bita/Project/duckdb-polr/third_party/fmt/include -I/home/bita/Project/duckdb-polr/third_party/hyperloglog -I/home/bita/Project/duckdb-polr/third_party/fastpforlib -I/home/bita/Project/duckdb-polr/third_party/fast_float -I/home/bita/Project/duckdb-polr/third_party/re2 -I/home/bita/Project/duckdb-polr/third_party/miniz -I/home/bita/Project/duckdb-polr/third_party/utf8proc/include -I/home/bita/Project/duckdb-polr/third_party/miniparquet -I/home/bita/Project/duckdb-polr/third_party/concurrentqueue -I/home/bita/Project/duckdb-polr/third_party/pcg -I/home/bita/Project/duckdb-polr/third_party/tdigest -I/home/bita/Project/duckdb-polr/third_party/mbedtls/include -I/home/bita/Project/duckdb-polr/third_party/jaro_winkler -O3 -DNDEBUG -O3 -DNDEBUG   -fPIC -fvisibility=hidden -fdiagnostics-color=always -std=c++11 -w -std=c++11 -MD -MT third_party/re2/CMakeFiles/duckdb_re2.dir/re2/unicode_casefold.cc.o -MF third_party/re2/CMakeFiles/duckdb_re2.dir/re2/unicode_casefold.cc.o.d -o third_party/re2/CMakeFiles/duckdb_re2.dir/re2/unicode_casefold.cc.o -c /home/bita/Project/duckdb-polr/third_party/re2/re2/unicode_casefold.cc
[317/376] /usr/bin/c++ -DDUCKDB_BUILD_LIBRARY -DENABLE_CROSS_PRODUCT_REWRITE=0 -DENABLE_DEBUG_PRINT=0 -DENABLE_MEASURE_EXE_TIME=0 -DENABLE_MERGE_BACK_PLAN=0 -DENABLE_PARALLEL_EXECUTION=0 -DENABLE_QUERY_SPLIT=0 -DENABLE_SPECIFY_EST_STAT=0 -I/home/bita/Project/duckdb-polr/src/include -I/home/bita/Project/duckdb-polr/third_party/fsst -I/home/bita/Project/duckdb-polr/third_party/fmt/include -I/home/bita/Project/duckdb-polr/third_party/hyperloglog -I/home/bita/Project/duckdb-polr/third_party/fastpforlib -I/home/bita/Project/duckdb-polr/third_party/fast_float -I/home/bita/Project/duckdb-polr/third_party/re2 -I/home/bita/Project/duckdb-polr/third_party/miniz -I/home/bita/Project/duckdb-polr/third_party/utf8proc/include -I/home/bita/Project/duckdb-polr/third_party/miniparquet -I/home/bita/Project/duckdb-polr/third_party/concurrentqueue -I/home/bita/Project/duckdb-polr/third_party/pcg -I/home/bita/Project/duckdb-polr/third_party/tdigest -I/home/bita/Project/duckdb-polr/third_party/mbedtls/include -I/home/bita/Project/duckdb-polr/third_party/jaro_winkler -O3 -DNDEBUG -O3 -DNDEBUG   -fPIC -fvisibility=hidden -fdiagnostics-color=always -std=c++11 -w -std=c++11 -MD -MT third_party/re2/CMakeFiles/duckdb_re2.dir/re2/stringpiece.cc.o -MF third_party/re2/CMakeFiles/duckdb_re2.dir/re2/stringpiece.cc.o.d -o third_party/re2/CMakeFiles/duckdb_re2.dir/re2/stringpiece.cc.o -c /home/bita/Project/duckdb-polr/third_party/re2/re2/stringpiece.cc
[318/376] /usr/bin/c++ -DDUCKDB_BUILD_LIBRARY -DENABLE_CROSS_PRODUCT_REWRITE=0 -DENABLE_DEBUG_PRINT=0 -DENABLE_MEASURE_EXE_TIME=0 -DENABLE_MERGE_BACK_PLAN=0 -DENABLE_PARALLEL_EXECUTION=0 -DENABLE_QUERY_SPLIT=0 -DENABLE_SPECIFY_EST_STAT=0 -I/home/bita/Project/duckdb-polr/src/include -I/home/bita/Project/duckdb-polr/third_party/fsst -I/home/bita/Project/duckdb-polr/third_party/fmt/include -I/home/bita/Project/duckdb-polr/third_party/hyperloglog -I/home/bita/Project/duckdb-polr/third_party/fastpforlib -I/home/bita/Project/duckdb-polr/third_party/fast_float -I/home/bita/Project/duckdb-polr/third_party/re2 -I/home/bita/Project/duckdb-polr/third_party/miniz -I/home/bita/Project/duckdb-polr/third_party/utf8proc/include -I/home/bita/Project/duckdb-polr/third_party/miniparquet -I/home/bita/Project/duckdb-polr/third_party/concurrentqueue -I/home/bita/Project/duckdb-polr/third_party/pcg -I/home/bita/Project/duckdb-polr/third_party/tdigest -I/home/bita/Project/duckdb-polr/third_party/mbedtls/include -I/home/bita/Project/duckdb-polr/third_party/jaro_winkler -O3 -DNDEBUG -O3 -DNDEBUG   -fPIC -fvisibility=hidden -fdiagnostics-color=always -std=c++11 -w -std=c++11 -MD -MT third_party/re2/CMakeFiles/duckdb_re2.dir/re2/unicode_groups.cc.o -MF third_party/re2/CMakeFiles/duckdb_re2.dir/re2/unicode_groups.cc.o.d -o third_party/re2/CMakeFiles/duckdb_re2.dir/re2/unicode_groups.cc.o -c /home/bita/Project/duckdb-polr/third_party/re2/re2/unicode_groups.cc
[319/376] /usr/bin/c++ -DDUCKDB_BUILD_LIBRARY -DENABLE_CROSS_PRODUCT_REWRITE=0 -DENABLE_DEBUG_PRINT=0 -DENABLE_MEASURE_EXE_TIME=0 -DENABLE_MERGE_BACK_PLAN=0 -DENABLE_PARALLEL_EXECUTION=0 -DENABLE_QUERY_SPLIT=0 -DENABLE_SPECIFY_EST_STAT=0 -I/home/bita/Project/duckdb-polr/src/include -I/home/bita/Project/duckdb-polr/third_party/fsst -I/home/bita/Project/duckdb-polr/third_party/fmt/include -I/home/bita/Project/duckdb-polr/third_party/hyperloglog -I/home/bita/Project/duckdb-polr/third_party/fastpforlib -I/home/bita/Project/duckdb-polr/third_party/fast_float -I/home/bita/Project/duckdb-polr/third_party/re2 -I/home/bita/Project/duckdb-polr/third_party/miniz -I/home/bita/Project/duckdb-polr/third_party/utf8proc/include -I/home/bita/Project/duckdb-polr/third_party/miniparquet -I/home/bita/Project/duckdb-polr/third_party/concurrentqueue -I/home/bita/Project/duckdb-polr/third_party/pcg -I/home/bita/Project/duckdb-polr/third_party/tdigest -I/home/bita/Project/duckdb-polr/third_party/mbedtls/include -I/home/bita/Project/duckdb-polr/third_party/jaro_winkler -O3 -DNDEBUG -O3 -DNDEBUG   -fPIC -fvisibility=hidden -fdiagnostics-color=always -std=c++11 -w -std=c++11 -MD -MT third_party/re2/CMakeFiles/duckdb_re2.dir/util/rune.cc.o -MF third_party/re2/CMakeFiles/duckdb_re2.dir/util/rune.cc.o.d -o third_party/re2/CMakeFiles/duckdb_re2.dir/util/rune.cc.o -c /home/bita/Project/duckdb-polr/third_party/re2/util/rune.cc
[320/376] /usr/bin/c++ -DDUCKDB_BUILD_LIBRARY -DENABLE_CROSS_PRODUCT_REWRITE=0 -DENABLE_DEBUG_PRINT=0 -DENABLE_MEASURE_EXE_TIME=0 -DENABLE_MERGE_BACK_PLAN=0 -DENABLE_PARALLEL_EXECUTION=0 -DENABLE_QUERY_SPLIT=0 -DENABLE_SPECIFY_EST_STAT=0 -I/home/bita/Project/duckdb-polr/src/include -I/home/bita/Project/duckdb-polr/third_party/fsst -I/home/bita/Project/duckdb-polr/third_party/fmt/include -I/home/bita/Project/duckdb-polr/third_party/hyperloglog -I/home/bita/Project/duckdb-polr/third_party/fastpforlib -I/home/bita/Project/duckdb-polr/third_party/fast_float -I/home/bita/Project/duckdb-polr/third_party/re2 -I/home/bita/Project/duckdb-polr/third_party/miniz -I/home/bita/Project/duckdb-polr/third_party/utf8proc/include -I/home/bita/Project/duckdb-polr/third_party/miniparquet -I/home/bita/Project/duckdb-polr/third_party/concurrentqueue -I/home/bita/Project/duckdb-polr/third_party/pcg -I/home/bita/Project/duckdb-polr/third_party/tdigest -I/home/bita/Project/duckdb-polr/third_party/mbedtls/include -I/home/bita/Project/duckdb-polr/third_party/jaro_winkler -O3 -DNDEBUG -O3 -DNDEBUG   -fPIC -fvisibility=hidden -fdiagnostics-color=always -std=c++11 -w -std=c++11 -MD -MT third_party/re2/CMakeFiles/duckdb_re2.dir/re2/set.cc.o -MF third_party/re2/CMakeFiles/duckdb_re2.dir/re2/set.cc.o.d -o third_party/re2/CMakeFiles/duckdb_re2.dir/re2/set.cc.o -c /home/bita/Project/duckdb-polr/third_party/re2/re2/set.cc
[321/376] /usr/bin/c++ -DDUCKDB_BUILD_LIBRARY -DENABLE_CROSS_PRODUCT_REWRITE=0 -DENABLE_DEBUG_PRINT=0 -DENABLE_MEASURE_EXE_TIME=0 -DENABLE_MERGE_BACK_PLAN=0 -DENABLE_PARALLEL_EXECUTION=0 -DENABLE_QUERY_SPLIT=0 -DENABLE_SPECIFY_EST_STAT=0 -I/home/bita/Project/duckdb-polr/src/include -I/home/bita/Project/duckdb-polr/third_party/fsst -I/home/bita/Project/duckdb-polr/third_party/fmt/include -I/home/bita/Project/duckdb-polr/third_party/hyperloglog -I/home/bita/Project/duckdb-polr/third_party/fastpforlib -I/home/bita/Project/duckdb-polr/third_party/fast_float -I/home/bita/Project/duckdb-polr/third_party/re2 -I/home/bita/Project/duckdb-polr/third_party/miniz -I/home/bita/Project/duckdb-polr/third_party/utf8proc/include -I/home/bita/Project/duckdb-polr/third_party/miniparquet -I/home/bita/Project/duckdb-polr/third_party/concurrentqueue -I/home/bita/Project/duckdb-polr/third_party/pcg -I/home/bita/Project/duckdb-polr/third_party/tdigest -I/home/bita/Project/duckdb-polr/third_party/mbedtls/include -I/home/bita/Project/duckdb-polr/third_party/jaro_winkler -O3 -DNDEBUG -O3 -DNDEBUG   -fPIC -fvisibility=hidden -fdiagnostics-color=always -std=c++11 -w -std=c++11 -MD -MT third_party/re2/CMakeFiles/duckdb_re2.dir/re2/simplify.cc.o -MF third_party/re2/CMakeFiles/duckdb_re2.dir/re2/simplify.cc.o.d -o third_party/re2/CMakeFiles/duckdb_re2.dir/re2/simplify.cc.o -c /home/bita/Project/duckdb-polr/third_party/re2/re2/simplify.cc
[322/376] /usr/bin/c++ -DDUCKDB_BUILD_LIBRARY -DENABLE_CROSS_PRODUCT_REWRITE=0 -DENABLE_DEBUG_PRINT=0 -DENABLE_MEASURE_EXE_TIME=0 -DENABLE_MERGE_BACK_PLAN=0 -DENABLE_PARALLEL_EXECUTION=0 -DENABLE_QUERY_SPLIT=0 -DENABLE_SPECIFY_EST_STAT=0 -I/home/bita/Project/duckdb-polr/src/include -I/home/bita/Project/duckdb-polr/third_party/fsst -I/home/bita/Project/duckdb-polr/third_party/fmt/include -I/home/bita/Project/duckdb-polr/third_party/hyperloglog -I/home/bita/Project/duckdb-polr/third_party/fastpforlib -I/home/bita/Project/duckdb-polr/third_party/fast_float -I/home/bita/Project/duckdb-polr/third_party/re2 -I/home/bita/Project/duckdb-polr/third_party/miniz -I/home/bita/Project/duckdb-polr/third_party/utf8proc/include -I/home/bita/Project/duckdb-polr/third_party/miniparquet -I/home/bita/Project/duckdb-polr/third_party/concurrentqueue -I/home/bita/Project/duckdb-polr/third_party/pcg -I/home/bita/Project/duckdb-polr/third_party/tdigest -I/home/bita/Project/duckdb-polr/third_party/mbedtls/include -I/home/bita/Project/duckdb-polr/third_party/jaro_winkler -O3 -DNDEBUG -O3 -DNDEBUG   -fPIC -fvisibility=hidden -fdiagnostics-color=always -std=c++11 -w -std=c++11 -MD -MT third_party/re2/CMakeFiles/duckdb_re2.dir/re2/prog.cc.o -MF third_party/re2/CMakeFiles/duckdb_re2.dir/re2/prog.cc.o.d -o third_party/re2/CMakeFiles/duckdb_re2.dir/re2/prog.cc.o -c /home/bita/Project/duckdb-polr/third_party/re2/re2/prog.cc
[323/376] /usr/bin/c++ -DDUCKDB_BUILD_LIBRARY -DENABLE_CROSS_PRODUCT_REWRITE=0 -DENABLE_DEBUG_PRINT=0 -DENABLE_MEASURE_EXE_TIME=0 -DENABLE_MERGE_BACK_PLAN=0 -DENABLE_PARALLEL_EXECUTION=0 -DENABLE_QUERY_SPLIT=0 -DENABLE_SPECIFY_EST_STAT=0 -I/home/bita/Project/duckdb-polr/src/include -I/home/bita/Project/duckdb-polr/third_party/fsst -I/home/bita/Project/duckdb-polr/third_party/fmt/include -I/home/bita/Project/duckdb-polr/third_party/hyperloglog -I/home/bita/Project/duckdb-polr/third_party/fastpforlib -I/home/bita/Project/duckdb-polr/third_party/fast_float -I/home/bita/Project/duckdb-polr/third_party/re2 -I/home/bita/Project/duckdb-polr/third_party/miniz -I/home/bita/Project/duckdb-polr/third_party/utf8proc/include -I/home/bita/Project/duckdb-polr/third_party/miniparquet -I/home/bita/Project/duckdb-polr/third_party/concurrentqueue -I/home/bita/Project/duckdb-polr/third_party/pcg -I/home/bita/Project/duckdb-polr/third_party/tdigest -I/home/bita/Project/duckdb-polr/third_party/mbedtls/include -I/home/bita/Project/duckdb-polr/third_party/jaro_winkler -O3 -DNDEBUG -O3 -DNDEBUG   -fPIC -fvisibility=hidden -fdiagnostics-color=always -std=c++11 -w -std=c++11 -MD -MT third_party/re2/CMakeFiles/duckdb_re2.dir/re2/regexp.cc.o -MF third_party/re2/CMakeFiles/duckdb_re2.dir/re2/regexp.cc.o.d -o third_party/re2/CMakeFiles/duckdb_re2.dir/re2/regexp.cc.o -c /home/bita/Project/duckdb-polr/third_party/re2/re2/regexp.cc
[324/376] /usr/bin/c++ -DDUCKDB_BUILD_LIBRARY -DENABLE_CROSS_PRODUCT_REWRITE=0 -DENABLE_DEBUG_PRINT=0 -DENABLE_MEASURE_EXE_TIME=0 -DENABLE_MERGE_BACK_PLAN=0 -DENABLE_PARALLEL_EXECUTION=0 -DENABLE_QUERY_SPLIT=0 -DENABLE_SPECIFY_EST_STAT=0 -I/home/bita/Project/duckdb-polr/src/include -I/home/bita/Project/duckdb-polr/third_party/fsst -I/home/bita/Project/duckdb-polr/third_party/fmt/include -I/home/bita/Project/duckdb-polr/third_party/hyperloglog -I/home/bita/Project/duckdb-polr/third_party/fastpforlib -I/home/bita/Project/duckdb-polr/third_party/fast_float -I/home/bita/Project/duckdb-polr/third_party/re2 -I/home/bita/Project/duckdb-polr/third_party/miniz -I/home/bita/Project/duckdb-polr/third_party/utf8proc/include -I/home/bita/Project/duckdb-polr/third_party/miniparquet -I/home/bita/Project/duckdb-polr/third_party/concurrentqueue -I/home/bita/Project/duckdb-polr/third_party/pcg -I/home/bita/Project/duckdb-polr/third_party/tdigest -I/home/bita/Project/duckdb-polr/third_party/mbedtls/include -I/home/bita/Project/duckdb-polr/third_party/jaro_winkler -O3 -DNDEBUG -O3 -DNDEBUG   -fPIC -fvisibility=hidden -fdiagnostics-color=always -std=c++11 -w -std=c++11 -MD -MT third_party/re2/CMakeFiles/duckdb_re2.dir/util/strutil.cc.o -MF third_party/re2/CMakeFiles/duckdb_re2.dir/util/strutil.cc.o.d -o third_party/re2/CMakeFiles/duckdb_re2.dir/util/strutil.cc.o -c /home/bita/Project/duckdb-polr/third_party/re2/util/strutil.cc
[325/376] /usr/bin/c++ -DDUCKDB_BUILD_LIBRARY -DENABLE_CROSS_PRODUCT_REWRITE=0 -DENABLE_DEBUG_PRINT=0 -DENABLE_MEASURE_EXE_TIME=0 -DENABLE_MERGE_BACK_PLAN=0 -DENABLE_PARALLEL_EXECUTION=0 -DENABLE_QUERY_SPLIT=0 -DENABLE_SPECIFY_EST_STAT=0 -I/home/bita/Project/duckdb-polr/src/include -I/home/bita/Project/duckdb-polr/third_party/fsst -I/home/bita/Project/duckdb-polr/third_party/fmt/include -I/home/bita/Project/duckdb-polr/third_party/hyperloglog -I/home/bita/Project/duckdb-polr/third_party/fastpforlib -I/home/bita/Project/duckdb-polr/third_party/fast_float -I/home/bita/Project/duckdb-polr/third_party/re2 -I/home/bita/Project/duckdb-polr/third_party/miniz -I/home/bita/Project/duckdb-polr/third_party/utf8proc/include -I/home/bita/Project/duckdb-polr/third_party/miniparquet -I/home/bita/Project/duckdb-polr/third_party/concurrentqueue -I/home/bita/Project/duckdb-polr/third_party/pcg -I/home/bita/Project/duckdb-polr/third_party/tdigest -I/home/bita/Project/duckdb-polr/third_party/mbedtls/include -I/home/bita/Project/duckdb-polr/third_party/jaro_winkler -O3 -DNDEBUG -O3 -DNDEBUG   -fPIC -fdiagnostics-color=always -std=c++11 -MD -MT third_party/utf8proc/CMakeFiles/duckdb_utf8proc.dir/utf8proc_wrapper.cpp.o -MF third_party/utf8proc/CMakeFiles/duckdb_utf8proc.dir/utf8proc_wrapper.cpp.o.d -o third_party/utf8proc/CMakeFiles/duckdb_utf8proc.dir/utf8proc_wrapper.cpp.o -c /home/bita/Project/duckdb-polr/third_party/utf8proc/utf8proc_wrapper.cpp
[326/376] /usr/bin/c++ -DDUCKDB_BUILD_LIBRARY -DENABLE_CROSS_PRODUCT_REWRITE=0 -DENABLE_DEBUG_PRINT=0 -DENABLE_MEASURE_EXE_TIME=0 -DENABLE_MERGE_BACK_PLAN=0 -DENABLE_PARALLEL_EXECUTION=0 -DENABLE_QUERY_SPLIT=0 -DENABLE_SPECIFY_EST_STAT=0 -I/home/bita/Project/duckdb-polr/src/include -I/home/bita/Project/duckdb-polr/third_party/fsst -I/home/bita/Project/duckdb-polr/third_party/fmt/include -I/home/bita/Project/duckdb-polr/third_party/hyperloglog -I/home/bita/Project/duckdb-polr/third_party/fastpforlib -I/home/bita/Project/duckdb-polr/third_party/fast_float -I/home/bita/Project/duckdb-polr/third_party/re2 -I/home/bita/Project/duckdb-polr/third_party/miniz -I/home/bita/Project/duckdb-polr/third_party/utf8proc/include -I/home/bita/Project/duckdb-polr/third_party/miniparquet -I/home/bita/Project/duckdb-polr/third_party/concurrentqueue -I/home/bita/Project/duckdb-polr/third_party/pcg -I/home/bita/Project/duckdb-polr/third_party/tdigest -I/home/bita/Project/duckdb-polr/third_party/mbedtls/include -I/home/bita/Project/duckdb-polr/third_party/jaro_winkler -O3 -DNDEBUG -O3 -DNDEBUG   -fPIC -fvisibility=hidden -fdiagnostics-color=always -std=c++11 -w -std=c++11 -MD -MT third_party/re2/CMakeFiles/duckdb_re2.dir/re2/tostring.cc.o -MF third_party/re2/CMakeFiles/duckdb_re2.dir/re2/tostring.cc.o.d -o third_party/re2/CMakeFiles/duckdb_re2.dir/re2/tostring.cc.o -c /home/bita/Project/duckdb-polr/third_party/re2/re2/tostring.cc
[327/376] /usr/bin/c++ -DDUCKDB_BUILD_LIBRARY -DENABLE_CROSS_PRODUCT_REWRITE=0 -DENABLE_DEBUG_PRINT=0 -DENABLE_MEASURE_EXE_TIME=0 -DENABLE_MERGE_BACK_PLAN=0 -DENABLE_PARALLEL_EXECUTION=0 -DENABLE_QUERY_SPLIT=0 -DENABLE_SPECIFY_EST_STAT=0 -I/home/bita/Project/duckdb-polr/src/include -I/home/bita/Project/duckdb-polr/third_party/fsst -I/home/bita/Project/duckdb-polr/third_party/fmt/include -I/home/bita/Project/duckdb-polr/third_party/hyperloglog -I/home/bita/Project/duckdb-polr/third_party/fastpforlib -I/home/bita/Project/duckdb-polr/third_party/fast_float -I/home/bita/Project/duckdb-polr/third_party/re2 -I/home/bita/Project/duckdb-polr/third_party/miniz -I/home/bita/Project/duckdb-polr/third_party/utf8proc/include -I/home/bita/Project/duckdb-polr/third_party/miniparquet -I/home/bita/Project/duckdb-polr/third_party/concurrentqueue -I/home/bita/Project/duckdb-polr/third_party/pcg -I/home/bita/Project/duckdb-polr/third_party/tdigest -I/home/bita/Project/duckdb-polr/third_party/mbedtls/include -I/home/bita/Project/duckdb-polr/third_party/jaro_winkler -O3 -DNDEBUG -O3 -DNDEBUG   -fPIC -fvisibility=hidden -fdiagnostics-color=always -std=c++11 -MD -MT third_party/mbedtls/CMakeFiles/duckdb_mbedtls.dir/mbedtls_wrapper.cpp.o -MF third_party/mbedtls/CMakeFiles/duckdb_mbedtls.dir/mbedtls_wrapper.cpp.o.d -o third_party/mbedtls/CMakeFiles/duckdb_mbedtls.dir/mbedtls_wrapper.cpp.o -c /home/bita/Project/duckdb-polr/third_party/mbedtls/mbedtls_wrapper.cpp
[328/376] /usr/bin/c++ -DDUCKDB_BUILD_LIBRARY -DENABLE_CROSS_PRODUCT_REWRITE=0 -DENABLE_DEBUG_PRINT=0 -DENABLE_MEASURE_EXE_TIME=0 -DENABLE_MERGE_BACK_PLAN=0 -DENABLE_PARALLEL_EXECUTION=0 -DENABLE_QUERY_SPLIT=0 -DENABLE_SPECIFY_EST_STAT=0 -I/home/bita/Project/duckdb-polr/src/include -I/home/bita/Project/duckdb-polr/third_party/fsst -I/home/bita/Project/duckdb-polr/third_party/fmt/include -I/home/bita/Project/duckdb-polr/third_party/hyperloglog -I/home/bita/Project/duckdb-polr/third_party/fastpforlib -I/home/bita/Project/duckdb-polr/third_party/fast_float -I/home/bita/Project/duckdb-polr/third_party/re2 -I/home/bita/Project/duckdb-polr/third_party/miniz -I/home/bita/Project/duckdb-polr/third_party/utf8proc/include -I/home/bita/Project/duckdb-polr/third_party/miniparquet -I/home/bita/Project/duckdb-polr/third_party/concurrentqueue -I/home/bita/Project/duckdb-polr/third_party/pcg -I/home/bita/Project/duckdb-polr/third_party/tdigest -I/home/bita/Project/duckdb-polr/third_party/mbedtls/include -I/home/bita/Project/duckdb-polr/third_party/jaro_winkler -O3 -DNDEBUG -O3 -DNDEBUG   -fPIC -fvisibility=hidden -fdiagnostics-color=always -std=c++11 -w -std=c++11 -MD -MT third_party/re2/CMakeFiles/duckdb_re2.dir/re2/re2.cc.o -MF third_party/re2/CMakeFiles/duckdb_re2.dir/re2/re2.cc.o.d -o third_party/re2/CMakeFiles/duckdb_re2.dir/re2/re2.cc.o -c /home/bita/Project/duckdb-polr/third_party/re2/re2/re2.cc
[329/376] /usr/bin/c++ -DDUCKDB_BUILD_LIBRARY -DENABLE_CROSS_PRODUCT_REWRITE=0 -DENABLE_DEBUG_PRINT=0 -DENABLE_MEASURE_EXE_TIME=0 -DENABLE_MERGE_BACK_PLAN=0 -DENABLE_PARALLEL_EXECUTION=0 -DENABLE_QUERY_SPLIT=0 -DENABLE_SPECIFY_EST_STAT=0 -I/home/bita/Project/duckdb-polr/src/include -I/home/bita/Project/duckdb-polr/third_party/fsst -I/home/bita/Project/duckdb-polr/third_party/fmt/include -I/home/bita/Project/duckdb-polr/third_party/hyperloglog -I/home/bita/Project/duckdb-polr/third_party/fastpforlib -I/home/bita/Project/duckdb-polr/third_party/fast_float -I/home/bita/Project/duckdb-polr/third_party/re2 -I/home/bita/Project/duckdb-polr/third_party/miniz -I/home/bita/Project/duckdb-polr/third_party/utf8proc/include -I/home/bita/Project/duckdb-polr/third_party/miniparquet -I/home/bita/Project/duckdb-polr/third_party/concurrentqueue -I/home/bita/Project/duckdb-polr/third_party/pcg -I/home/bita/Project/duckdb-polr/third_party/tdigest -I/home/bita/Project/duckdb-polr/third_party/mbedtls/include -I/home/bita/Project/duckdb-polr/third_party/jaro_winkler -O3 -DNDEBUG -O3 -DNDEBUG   -fPIC -fdiagnostics-color=always -w -std=c++11 -MD -MT third_party/hyperloglog/CMakeFiles/duckdb_hyperloglog.dir/sds.cpp.o -MF third_party/hyperloglog/CMakeFiles/duckdb_hyperloglog.dir/sds.cpp.o.d -o third_party/hyperloglog/CMakeFiles/duckdb_hyperloglog.dir/sds.cpp.o -c /home/bita/Project/duckdb-polr/third_party/hyperloglog/sds.cpp
[330/376] /usr/bin/c++ -DDUCKDB_BUILD_LIBRARY -DENABLE_CROSS_PRODUCT_REWRITE=0 -DENABLE_DEBUG_PRINT=0 -DENABLE_MEASURE_EXE_TIME=0 -DENABLE_MERGE_BACK_PLAN=0 -DENABLE_PARALLEL_EXECUTION=0 -DENABLE_QUERY_SPLIT=0 -DENABLE_SPECIFY_EST_STAT=0 -I/home/bita/Project/duckdb-polr/src/include -I/home/bita/Project/duckdb-polr/third_party/fsst -I/home/bita/Project/duckdb-polr/third_party/fmt/include -I/home/bita/Project/duckdb-polr/third_party/hyperloglog -I/home/bita/Project/duckdb-polr/third_party/fastpforlib -I/home/bita/Project/duckdb-polr/third_party/fast_float -I/home/bita/Project/duckdb-polr/third_party/re2 -I/home/bita/Project/duckdb-polr/third_party/miniz -I/home/bita/Project/duckdb-polr/third_party/utf8proc/include -I/home/bita/Project/duckdb-polr/third_party/miniparquet -I/home/bita/Project/duckdb-polr/third_party/concurrentqueue -I/home/bita/Project/duckdb-polr/third_party/pcg -I/home/bita/Project/duckdb-polr/third_party/tdigest -I/home/bita/Project/duckdb-polr/third_party/mbedtls/include -I/home/bita/Project/duckdb-polr/third_party/jaro_winkler -O3 -DNDEBUG -O3 -DNDEBUG   -fPIC -fdiagnostics-color=always -std=c++11 -MD -MT third_party/utf8proc/CMakeFiles/duckdb_utf8proc.dir/utf8proc.cpp.o -MF third_party/utf8proc/CMakeFiles/duckdb_utf8proc.dir/utf8proc.cpp.o.d -o third_party/utf8proc/CMakeFiles/duckdb_utf8proc.dir/utf8proc.cpp.o -c /home/bita/Project/duckdb-polr/third_party/utf8proc/utf8proc.cpp
[331/376] /usr/bin/c++ -DDUCKDB_BUILD_LIBRARY -DENABLE_CROSS_PRODUCT_REWRITE=0 -DENABLE_DEBUG_PRINT=0 -DENABLE_MEASURE_EXE_TIME=0 -DENABLE_MERGE_BACK_PLAN=0 -DENABLE_PARALLEL_EXECUTION=0 -DENABLE_QUERY_SPLIT=0 -DENABLE_SPECIFY_EST_STAT=0 -I/home/bita/Project/duckdb-polr/src/include -I/home/bita/Project/duckdb-polr/third_party/fsst -I/home/bita/Project/duckdb-polr/third_party/fmt/include -I/home/bita/Project/duckdb-polr/third_party/hyperloglog -I/home/bita/Project/duckdb-polr/third_party/fastpforlib -I/home/bita/Project/duckdb-polr/third_party/fast_float -I/home/bita/Project/duckdb-polr/third_party/re2 -I/home/bita/Project/duckdb-polr/third_party/miniz -I/home/bita/Project/duckdb-polr/third_party/utf8proc/include -I/home/bita/Project/duckdb-polr/third_party/miniparquet -I/home/bita/Project/duckdb-polr/third_party/concurrentqueue -I/home/bita/Project/duckdb-polr/third_party/pcg -I/home/bita/Project/duckdb-polr/third_party/tdigest -I/home/bita/Project/duckdb-polr/third_party/mbedtls/include -I/home/bita/Project/duckdb-polr/third_party/jaro_winkler -O3 -DNDEBUG -O3 -DNDEBUG   -fPIC -fvisibility=hidden -fdiagnostics-color=always -std=c++11 -MD -MT third_party/mbedtls/CMakeFiles/duckdb_mbedtls.dir/library/sha256.cpp.o -MF third_party/mbedtls/CMakeFiles/duckdb_mbedtls.dir/library/sha256.cpp.o.d -o third_party/mbedtls/CMakeFiles/duckdb_mbedtls.dir/library/sha256.cpp.o -c /home/bita/Project/duckdb-polr/third_party/mbedtls/library/sha256.cpp
[332/376] : && /usr/bin/cmake -E rm -f third_party/re2/libduckdb_re2.a && /usr/bin/ar qc third_party/re2/libduckdb_re2.a  third_party/re2/CMakeFiles/duckdb_re2.dir/re2/bitstate.cc.o third_party/re2/CMakeFiles/duckdb_re2.dir/re2/compile.cc.o third_party/re2/CMakeFiles/duckdb_re2.dir/re2/dfa.cc.o third_party/re2/CMakeFiles/duckdb_re2.dir/re2/filtered_re2.cc.o third_party/re2/CMakeFiles/duckdb_re2.dir/re2/mimics_pcre.cc.o third_party/re2/CMakeFiles/duckdb_re2.dir/re2/nfa.cc.o third_party/re2/CMakeFiles/duckdb_re2.dir/re2/onepass.cc.o third_party/re2/CMakeFiles/duckdb_re2.dir/re2/parse.cc.o third_party/re2/CMakeFiles/duckdb_re2.dir/re2/perl_groups.cc.o third_party/re2/CMakeFiles/duckdb_re2.dir/re2/prefilter.cc.o third_party/re2/CMakeFiles/duckdb_re2.dir/re2/prefilter_tree.cc.o third_party/re2/CMakeFiles/duckdb_re2.dir/re2/prog.cc.o third_party/re2/CMakeFiles/duckdb_re2.dir/re2/re2.cc.o third_party/re2/CMakeFiles/duckdb_re2.dir/re2/regexp.cc.o third_party/re2/CMakeFiles/duckdb_re2.dir/re2/set.cc.o third_party/re2/CMakeFiles/duckdb_re2.dir/re2/simplify.cc.o third_party/re2/CMakeFiles/duckdb_re2.dir/re2/stringpiece.cc.o third_party/re2/CMakeFiles/duckdb_re2.dir/re2/tostring.cc.o third_party/re2/CMakeFiles/duckdb_re2.dir/re2/unicode_casefold.cc.o third_party/re2/CMakeFiles/duckdb_re2.dir/re2/unicode_groups.cc.o third_party/re2/CMakeFiles/duckdb_re2.dir/util/rune.cc.o third_party/re2/CMakeFiles/duckdb_re2.dir/util/strutil.cc.o && /usr/bin/ranlib third_party/re2/libduckdb_re2.a && :
[333/376] : && /usr/bin/cmake -E rm -f third_party/utf8proc/libduckdb_utf8proc.a && /usr/bin/ar qc third_party/utf8proc/libduckdb_utf8proc.a  third_party/utf8proc/CMakeFiles/duckdb_utf8proc.dir/utf8proc.cpp.o third_party/utf8proc/CMakeFiles/duckdb_utf8proc.dir/utf8proc_wrapper.cpp.o && /usr/bin/ranlib third_party/utf8proc/libduckdb_utf8proc.a && :
[334/376] /usr/bin/c++ -DDUCKDB_BUILD_LIBRARY -DENABLE_CROSS_PRODUCT_REWRITE=0 -DENABLE_DEBUG_PRINT=0 -DENABLE_MEASURE_EXE_TIME=0 -DENABLE_MERGE_BACK_PLAN=0 -DENABLE_PARALLEL_EXECUTION=0 -DENABLE_QUERY_SPLIT=0 -DENABLE_SPECIFY_EST_STAT=0 -I/home/bita/Project/duckdb-polr/src/include -I/home/bita/Project/duckdb-polr/third_party/fsst -I/home/bita/Project/duckdb-polr/third_party/fmt/include -I/home/bita/Project/duckdb-polr/third_party/hyperloglog -I/home/bita/Project/duckdb-polr/third_party/fastpforlib -I/home/bita/Project/duckdb-polr/third_party/fast_float -I/home/bita/Project/duckdb-polr/third_party/re2 -I/home/bita/Project/duckdb-polr/third_party/miniz -I/home/bita/Project/duckdb-polr/third_party/utf8proc/include -I/home/bita/Project/duckdb-polr/third_party/miniparquet -I/home/bita/Project/duckdb-polr/third_party/concurrentqueue -I/home/bita/Project/duckdb-polr/third_party/pcg -I/home/bita/Project/duckdb-polr/third_party/tdigest -I/home/bita/Project/duckdb-polr/third_party/mbedtls/include -I/home/bita/Project/duckdb-polr/third_party/jaro_winkler -O3 -DNDEBUG -O3 -DNDEBUG   -fPIC -fvisibility=hidden -fdiagnostics-color=always -std=c++11 -MD -MT third_party/mbedtls/CMakeFiles/duckdb_mbedtls.dir/library/rsa.cpp.o -MF third_party/mbedtls/CMakeFiles/duckdb_mbedtls.dir/library/rsa.cpp.o.d -o third_party/mbedtls/CMakeFiles/duckdb_mbedtls.dir/library/rsa.cpp.o -c /home/bita/Project/duckdb-polr/third_party/mbedtls/library/rsa.cpp
[335/376] /usr/bin/c++ -DDUCKDB_BUILD_LIBRARY -DENABLE_CROSS_PRODUCT_REWRITE=0 -DENABLE_DEBUG_PRINT=0 -DENABLE_MEASURE_EXE_TIME=0 -DENABLE_MERGE_BACK_PLAN=0 -DENABLE_PARALLEL_EXECUTION=0 -DENABLE_QUERY_SPLIT=0 -DENABLE_SPECIFY_EST_STAT=0 -I/home/bita/Project/duckdb-polr/src/include -I/home/bita/Project/duckdb-polr/third_party/fsst -I/home/bita/Project/duckdb-polr/third_party/fmt/include -I/home/bita/Project/duckdb-polr/third_party/hyperloglog -I/home/bita/Project/duckdb-polr/third_party/fastpforlib -I/home/bita/Project/duckdb-polr/third_party/fast_float -I/home/bita/Project/duckdb-polr/third_party/re2 -I/home/bita/Project/duckdb-polr/third_party/miniz -I/home/bita/Project/duckdb-polr/third_party/utf8proc/include -I/home/bita/Project/duckdb-polr/third_party/miniparquet -I/home/bita/Project/duckdb-polr/third_party/concurrentqueue -I/home/bita/Project/duckdb-polr/third_party/pcg -I/home/bita/Project/duckdb-polr/third_party/tdigest -I/home/bita/Project/duckdb-polr/third_party/mbedtls/include -I/home/bita/Project/duckdb-polr/third_party/jaro_winkler -O3 -DNDEBUG -O3 -DNDEBUG   -fPIC -fvisibility=hidden -fdiagnostics-color=always -std=c++11 -MD -MT third_party/mbedtls/CMakeFiles/duckdb_mbedtls.dir/library/rsa_alt_helpers.cpp.o -MF third_party/mbedtls/CMakeFiles/duckdb_mbedtls.dir/library/rsa_alt_helpers.cpp.o.d -o third_party/mbedtls/CMakeFiles/duckdb_mbedtls.dir/library/rsa_alt_helpers.cpp.o -c /home/bita/Project/duckdb-polr/third_party/mbedtls/library/rsa_alt_helpers.cpp
[336/376] /usr/bin/c++ -DDUCKDB_BUILD_LIBRARY -DENABLE_CROSS_PRODUCT_REWRITE=0 -DENABLE_DEBUG_PRINT=0 -DENABLE_MEASURE_EXE_TIME=0 -DENABLE_MERGE_BACK_PLAN=0 -DENABLE_PARALLEL_EXECUTION=0 -DENABLE_QUERY_SPLIT=0 -DENABLE_SPECIFY_EST_STAT=0 -I/home/bita/Project/duckdb-polr/src/include -I/home/bita/Project/duckdb-polr/third_party/fsst -I/home/bita/Project/duckdb-polr/third_party/fmt/include -I/home/bita/Project/duckdb-polr/third_party/hyperloglog -I/home/bita/Project/duckdb-polr/third_party/fastpforlib -I/home/bita/Project/duckdb-polr/third_party/fast_float -I/home/bita/Project/duckdb-polr/third_party/re2 -I/home/bita/Project/duckdb-polr/third_party/miniz -I/home/bita/Project/duckdb-polr/third_party/utf8proc/include -I/home/bita/Project/duckdb-polr/third_party/miniparquet -I/home/bita/Project/duckdb-polr/third_party/concurrentqueue -I/home/bita/Project/duckdb-polr/third_party/pcg -I/home/bita/Project/duckdb-polr/third_party/tdigest -I/home/bita/Project/duckdb-polr/third_party/mbedtls/include -I/home/bita/Project/duckdb-polr/third_party/jaro_winkler -O3 -DNDEBUG -O3 -DNDEBUG   -fPIC -fvisibility=hidden -fdiagnostics-color=always -std=c++11 -MD -MT third_party/mbedtls/CMakeFiles/duckdb_mbedtls.dir/library/oid.cpp.o -MF third_party/mbedtls/CMakeFiles/duckdb_mbedtls.dir/library/oid.cpp.o.d -o third_party/mbedtls/CMakeFiles/duckdb_mbedtls.dir/library/oid.cpp.o -c /home/bita/Project/duckdb-polr/third_party/mbedtls/library/oid.cpp
[337/376] /usr/bin/c++ -DDUCKDB_BUILD_LIBRARY -DENABLE_CROSS_PRODUCT_REWRITE=0 -DENABLE_DEBUG_PRINT=0 -DENABLE_MEASURE_EXE_TIME=0 -DENABLE_MERGE_BACK_PLAN=0 -DENABLE_PARALLEL_EXECUTION=0 -DENABLE_QUERY_SPLIT=0 -DENABLE_SPECIFY_EST_STAT=0 -I/home/bita/Project/duckdb-polr/src/include -I/home/bita/Project/duckdb-polr/third_party/fsst -I/home/bita/Project/duckdb-polr/third_party/fmt/include -I/home/bita/Project/duckdb-polr/third_party/hyperloglog -I/home/bita/Project/duckdb-polr/third_party/fastpforlib -I/home/bita/Project/duckdb-polr/third_party/fast_float -I/home/bita/Project/duckdb-polr/third_party/re2 -I/home/bita/Project/duckdb-polr/third_party/miniz -I/home/bita/Project/duckdb-polr/third_party/utf8proc/include -I/home/bita/Project/duckdb-polr/third_party/miniparquet -I/home/bita/Project/duckdb-polr/third_party/concurrentqueue -I/home/bita/Project/duckdb-polr/third_party/pcg -I/home/bita/Project/duckdb-polr/third_party/tdigest -I/home/bita/Project/duckdb-polr/third_party/mbedtls/include -I/home/bita/Project/duckdb-polr/third_party/jaro_winkler -O3 -DNDEBUG -O3 -DNDEBUG   -fPIC -fvisibility=hidden -fdiagnostics-color=always -std=c++11 -MD -MT third_party/mbedtls/CMakeFiles/duckdb_mbedtls.dir/library/platform_util.cpp.o -MF third_party/mbedtls/CMakeFiles/duckdb_mbedtls.dir/library/platform_util.cpp.o.d -o third_party/mbedtls/CMakeFiles/duckdb_mbedtls.dir/library/platform_util.cpp.o -c /home/bita/Project/duckdb-polr/third_party/mbedtls/library/platform_util.cpp
[338/376] /usr/bin/c++ -DDUCKDB_BUILD_LIBRARY -DENABLE_CROSS_PRODUCT_REWRITE=0 -DENABLE_DEBUG_PRINT=0 -DENABLE_MEASURE_EXE_TIME=0 -DENABLE_MERGE_BACK_PLAN=0 -DENABLE_PARALLEL_EXECUTION=0 -DENABLE_QUERY_SPLIT=0 -DENABLE_SPECIFY_EST_STAT=0 -I/home/bita/Project/duckdb-polr/src/include -I/home/bita/Project/duckdb-polr/third_party/fsst -I/home/bita/Project/duckdb-polr/third_party/fmt/include -I/home/bita/Project/duckdb-polr/third_party/hyperloglog -I/home/bita/Project/duckdb-polr/third_party/fastpforlib -I/home/bita/Project/duckdb-polr/third_party/fast_float -I/home/bita/Project/duckdb-polr/third_party/re2 -I/home/bita/Project/duckdb-polr/third_party/miniz -I/home/bita/Project/duckdb-polr/third_party/utf8proc/include -I/home/bita/Project/duckdb-polr/third_party/miniparquet -I/home/bita/Project/duckdb-polr/third_party/concurrentqueue -I/home/bita/Project/duckdb-polr/third_party/pcg -I/home/bita/Project/duckdb-polr/third_party/tdigest -I/home/bita/Project/duckdb-polr/third_party/mbedtls/include -I/home/bita/Project/duckdb-polr/third_party/jaro_winkler -O3 -DNDEBUG -O3 -DNDEBUG   -fPIC -fvisibility=hidden -fdiagnostics-color=always -std=c++11 -MD -MT third_party/mbedtls/CMakeFiles/duckdb_mbedtls.dir/library/md.cpp.o -MF third_party/mbedtls/CMakeFiles/duckdb_mbedtls.dir/library/md.cpp.o.d -o third_party/mbedtls/CMakeFiles/duckdb_mbedtls.dir/library/md.cpp.o -c /home/bita/Project/duckdb-polr/third_party/mbedtls/library/md.cpp
[339/376] /usr/bin/c++ -DDUCKDB_BUILD_LIBRARY -DENABLE_CROSS_PRODUCT_REWRITE=0 -DENABLE_DEBUG_PRINT=0 -DENABLE_MEASURE_EXE_TIME=0 -DENABLE_MERGE_BACK_PLAN=0 -DENABLE_PARALLEL_EXECUTION=0 -DENABLE_QUERY_SPLIT=0 -DENABLE_SPECIFY_EST_STAT=0 -I/home/bita/Project/duckdb-polr/src/include -I/home/bita/Project/duckdb-polr/third_party/fsst -I/home/bita/Project/duckdb-polr/third_party/fmt/include -I/home/bita/Project/duckdb-polr/third_party/hyperloglog -I/home/bita/Project/duckdb-polr/third_party/fastpforlib -I/home/bita/Project/duckdb-polr/third_party/fast_float -I/home/bita/Project/duckdb-polr/third_party/re2 -I/home/bita/Project/duckdb-polr/third_party/miniz -I/home/bita/Project/duckdb-polr/third_party/utf8proc/include -I/home/bita/Project/duckdb-polr/third_party/miniparquet -I/home/bita/Project/duckdb-polr/third_party/concurrentqueue -I/home/bita/Project/duckdb-polr/third_party/pcg -I/home/bita/Project/duckdb-polr/third_party/tdigest -I/home/bita/Project/duckdb-polr/third_party/mbedtls/include -I/home/bita/Project/duckdb-polr/third_party/jaro_winkler -O3 -DNDEBUG -O3 -DNDEBUG   -fPIC -fvisibility=hidden -fdiagnostics-color=always -std=c++11 -MD -MT third_party/mbedtls/CMakeFiles/duckdb_mbedtls.dir/library/constant_time.cpp.o -MF third_party/mbedtls/CMakeFiles/duckdb_mbedtls.dir/library/constant_time.cpp.o.d -o third_party/mbedtls/CMakeFiles/duckdb_mbedtls.dir/library/constant_time.cpp.o -c /home/bita/Project/duckdb-polr/third_party/mbedtls/library/constant_time.cpp
[340/376] /usr/bin/c++ -DDUCKDB_BUILD_LIBRARY -DENABLE_CROSS_PRODUCT_REWRITE=0 -DENABLE_DEBUG_PRINT=0 -DENABLE_MEASURE_EXE_TIME=0 -DENABLE_MERGE_BACK_PLAN=0 -DENABLE_PARALLEL_EXECUTION=0 -DENABLE_QUERY_SPLIT=0 -DENABLE_SPECIFY_EST_STAT=0 -I/home/bita/Project/duckdb-polr/src/include -I/home/bita/Project/duckdb-polr/third_party/fsst -I/home/bita/Project/duckdb-polr/third_party/fmt/include -I/home/bita/Project/duckdb-polr/third_party/hyperloglog -I/home/bita/Project/duckdb-polr/third_party/fastpforlib -I/home/bita/Project/duckdb-polr/third_party/fast_float -I/home/bita/Project/duckdb-polr/third_party/re2 -I/home/bita/Project/duckdb-polr/third_party/miniz -I/home/bita/Project/duckdb-polr/third_party/utf8proc/include -I/home/bita/Project/duckdb-polr/third_party/miniparquet -I/home/bita/Project/duckdb-polr/third_party/concurrentqueue -I/home/bita/Project/duckdb-polr/third_party/pcg -I/home/bita/Project/duckdb-polr/third_party/tdigest -I/home/bita/Project/duckdb-polr/third_party/mbedtls/include -I/home/bita/Project/duckdb-polr/third_party/jaro_winkler -O3 -DNDEBUG -O3 -DNDEBUG   -fPIC -fvisibility=hidden -fdiagnostics-color=always -std=c++11 -MD -MT third_party/mbedtls/CMakeFiles/duckdb_mbedtls.dir/library/base64.cpp.o -MF third_party/mbedtls/CMakeFiles/duckdb_mbedtls.dir/library/base64.cpp.o.d -o third_party/mbedtls/CMakeFiles/duckdb_mbedtls.dir/library/base64.cpp.o -c /home/bita/Project/duckdb-polr/third_party/mbedtls/library/base64.cpp
[341/376] /usr/bin/c++ -DDUCKDB_BUILD_LIBRARY -DENABLE_CROSS_PRODUCT_REWRITE=0 -DENABLE_DEBUG_PRINT=0 -DENABLE_MEASURE_EXE_TIME=0 -DENABLE_MERGE_BACK_PLAN=0 -DENABLE_PARALLEL_EXECUTION=0 -DENABLE_QUERY_SPLIT=0 -DENABLE_SPECIFY_EST_STAT=0 -I/home/bita/Project/duckdb-polr/src/include -I/home/bita/Project/duckdb-polr/third_party/fsst -I/home/bita/Project/duckdb-polr/third_party/fmt/include -I/home/bita/Project/duckdb-polr/third_party/hyperloglog -I/home/bita/Project/duckdb-polr/third_party/fastpforlib -I/home/bita/Project/duckdb-polr/third_party/fast_float -I/home/bita/Project/duckdb-polr/third_party/re2 -I/home/bita/Project/duckdb-polr/third_party/miniz -I/home/bita/Project/duckdb-polr/third_party/utf8proc/include -I/home/bita/Project/duckdb-polr/third_party/miniparquet -I/home/bita/Project/duckdb-polr/third_party/concurrentqueue -I/home/bita/Project/duckdb-polr/third_party/pcg -I/home/bita/Project/duckdb-polr/third_party/tdigest -I/home/bita/Project/duckdb-polr/third_party/mbedtls/include -I/home/bita/Project/duckdb-polr/third_party/jaro_winkler -O3 -DNDEBUG -O3 -DNDEBUG   -fPIC -fdiagnostics-color=always -w -std=c++11 -MD -MT third_party/hyperloglog/CMakeFiles/duckdb_hyperloglog.dir/hyperloglog.cpp.o -MF third_party/hyperloglog/CMakeFiles/duckdb_hyperloglog.dir/hyperloglog.cpp.o.d -o third_party/hyperloglog/CMakeFiles/duckdb_hyperloglog.dir/hyperloglog.cpp.o -c /home/bita/Project/duckdb-polr/third_party/hyperloglog/hyperloglog.cpp
[342/376] /usr/bin/c++ -DDUCKDB_BUILD_LIBRARY -DENABLE_CROSS_PRODUCT_REWRITE=0 -DENABLE_DEBUG_PRINT=0 -DENABLE_MEASURE_EXE_TIME=0 -DENABLE_MERGE_BACK_PLAN=0 -DENABLE_PARALLEL_EXECUTION=0 -DENABLE_QUERY_SPLIT=0 -DENABLE_SPECIFY_EST_STAT=0 -I/home/bita/Project/duckdb-polr/src/include -I/home/bita/Project/duckdb-polr/third_party/fsst -I/home/bita/Project/duckdb-polr/third_party/fmt/include -I/home/bita/Project/duckdb-polr/third_party/hyperloglog -I/home/bita/Project/duckdb-polr/third_party/fastpforlib -I/home/bita/Project/duckdb-polr/third_party/fast_float -I/home/bita/Project/duckdb-polr/third_party/re2 -I/home/bita/Project/duckdb-polr/third_party/miniz -I/home/bita/Project/duckdb-polr/third_party/utf8proc/include -I/home/bita/Project/duckdb-polr/third_party/miniparquet -I/home/bita/Project/duckdb-polr/third_party/concurrentqueue -I/home/bita/Project/duckdb-polr/third_party/pcg -I/home/bita/Project/duckdb-polr/third_party/tdigest -I/home/bita/Project/duckdb-polr/third_party/mbedtls/include -I/home/bita/Project/duckdb-polr/third_party/jaro_winkler -O3 -DNDEBUG -O3 -DNDEBUG   -fPIC -fvisibility=hidden -fdiagnostics-color=always -std=c++11 -MD -MT third_party/mbedtls/CMakeFiles/duckdb_mbedtls.dir/library/pk.cpp.o -MF third_party/mbedtls/CMakeFiles/duckdb_mbedtls.dir/library/pk.cpp.o.d -o third_party/mbedtls/CMakeFiles/duckdb_mbedtls.dir/library/pk.cpp.o -c /home/bita/Project/duckdb-polr/third_party/mbedtls/library/pk.cpp
[343/376] /usr/bin/c++ -DDUCKDB_BUILD_LIBRARY -DENABLE_CROSS_PRODUCT_REWRITE=0 -DENABLE_DEBUG_PRINT=0 -DENABLE_MEASURE_EXE_TIME=0 -DENABLE_MERGE_BACK_PLAN=0 -DENABLE_PARALLEL_EXECUTION=0 -DENABLE_QUERY_SPLIT=0 -DENABLE_SPECIFY_EST_STAT=0 -I/home/bita/Project/duckdb-polr/src/include -I/home/bita/Project/duckdb-polr/third_party/fsst -I/home/bita/Project/duckdb-polr/third_party/fmt/include -I/home/bita/Project/duckdb-polr/third_party/hyperloglog -I/home/bita/Project/duckdb-polr/third_party/fastpforlib -I/home/bita/Project/duckdb-polr/third_party/fast_float -I/home/bita/Project/duckdb-polr/third_party/re2 -I/home/bita/Project/duckdb-polr/third_party/miniz -I/home/bita/Project/duckdb-polr/third_party/utf8proc/include -I/home/bita/Project/duckdb-polr/third_party/miniparquet -I/home/bita/Project/duckdb-polr/third_party/concurrentqueue -I/home/bita/Project/duckdb-polr/third_party/pcg -I/home/bita/Project/duckdb-polr/third_party/tdigest -I/home/bita/Project/duckdb-polr/third_party/mbedtls/include -I/home/bita/Project/duckdb-polr/third_party/jaro_winkler -O3 -DNDEBUG -O3 -DNDEBUG   -fPIC -fvisibility=hidden -fdiagnostics-color=always -std=c++11 -MD -MT third_party/mbedtls/CMakeFiles/duckdb_mbedtls.dir/library/pk_wrap.cpp.o -MF third_party/mbedtls/CMakeFiles/duckdb_mbedtls.dir/library/pk_wrap.cpp.o.d -o third_party/mbedtls/CMakeFiles/duckdb_mbedtls.dir/library/pk_wrap.cpp.o -c /home/bita/Project/duckdb-polr/third_party/mbedtls/library/pk_wrap.cpp
[344/376] /usr/bin/c++ -DDUCKDB_BUILD_LIBRARY -DENABLE_CROSS_PRODUCT_REWRITE=0 -DENABLE_DEBUG_PRINT=0 -DENABLE_MEASURE_EXE_TIME=0 -DENABLE_MERGE_BACK_PLAN=0 -DENABLE_PARALLEL_EXECUTION=0 -DENABLE_QUERY_SPLIT=0 -DENABLE_SPECIFY_EST_STAT=0 -I/home/bita/Project/duckdb-polr/src/include -I/home/bita/Project/duckdb-polr/third_party/fsst -I/home/bita/Project/duckdb-polr/third_party/fmt/include -I/home/bita/Project/duckdb-polr/third_party/hyperloglog -I/home/bita/Project/duckdb-polr/third_party/fastpforlib -I/home/bita/Project/duckdb-polr/third_party/fast_float -I/home/bita/Project/duckdb-polr/third_party/re2 -I/home/bita/Project/duckdb-polr/third_party/miniz -I/home/bita/Project/duckdb-polr/third_party/utf8proc/include -I/home/bita/Project/duckdb-polr/third_party/miniparquet -I/home/bita/Project/duckdb-polr/third_party/concurrentqueue -I/home/bita/Project/duckdb-polr/third_party/pcg -I/home/bita/Project/duckdb-polr/third_party/tdigest -I/home/bita/Project/duckdb-polr/third_party/mbedtls/include -I/home/bita/Project/duckdb-polr/third_party/jaro_winkler -O3 -DNDEBUG -O3 -DNDEBUG   -fPIC -fvisibility=hidden -fdiagnostics-color=always -std=c++11 -MD -MT third_party/mbedtls/CMakeFiles/duckdb_mbedtls.dir/library/pkparse.cpp.o -MF third_party/mbedtls/CMakeFiles/duckdb_mbedtls.dir/library/pkparse.cpp.o.d -o third_party/mbedtls/CMakeFiles/duckdb_mbedtls.dir/library/pkparse.cpp.o -c /home/bita/Project/duckdb-polr/third_party/mbedtls/library/pkparse.cpp
[345/376] : && /usr/bin/cmake -E rm -f third_party/hyperloglog/libduckdb_hyperloglog.a && /usr/bin/ar qc third_party/hyperloglog/libduckdb_hyperloglog.a  third_party/hyperloglog/CMakeFiles/duckdb_hyperloglog.dir/hyperloglog.cpp.o third_party/hyperloglog/CMakeFiles/duckdb_hyperloglog.dir/sds.cpp.o && /usr/bin/ranlib third_party/hyperloglog/libduckdb_hyperloglog.a && :
[346/376] /usr/bin/c++ -DDUCKDB_BUILD_LIBRARY -DENABLE_CROSS_PRODUCT_REWRITE=0 -DENABLE_DEBUG_PRINT=0 -DENABLE_MEASURE_EXE_TIME=0 -DENABLE_MERGE_BACK_PLAN=0 -DENABLE_PARALLEL_EXECUTION=0 -DENABLE_QUERY_SPLIT=0 -DENABLE_SPECIFY_EST_STAT=0 -I/home/bita/Project/duckdb-polr/src/include -I/home/bita/Project/duckdb-polr/third_party/fsst -I/home/bita/Project/duckdb-polr/third_party/fmt/include -I/home/bita/Project/duckdb-polr/third_party/hyperloglog -I/home/bita/Project/duckdb-polr/third_party/fastpforlib -I/home/bita/Project/duckdb-polr/third_party/fast_float -I/home/bita/Project/duckdb-polr/third_party/re2 -I/home/bita/Project/duckdb-polr/third_party/miniz -I/home/bita/Project/duckdb-polr/third_party/utf8proc/include -I/home/bita/Project/duckdb-polr/third_party/miniparquet -I/home/bita/Project/duckdb-polr/third_party/concurrentqueue -I/home/bita/Project/duckdb-polr/third_party/pcg -I/home/bita/Project/duckdb-polr/third_party/tdigest -I/home/bita/Project/duckdb-polr/third_party/mbedtls/include -I/home/bita/Project/duckdb-polr/third_party/jaro_winkler -O3 -DNDEBUG -O3 -DNDEBUG   -fPIC -fvisibility=hidden -fdiagnostics-color=always -std=c++11 -MD -MT third_party/mbedtls/CMakeFiles/duckdb_mbedtls.dir/library/pem.cpp.o -MF third_party/mbedtls/CMakeFiles/duckdb_mbedtls.dir/library/pem.cpp.o.d -o third_party/mbedtls/CMakeFiles/duckdb_mbedtls.dir/library/pem.cpp.o -c /home/bita/Project/duckdb-polr/third_party/mbedtls/library/pem.cpp
[347/376] /usr/bin/c++ -DDUCKDB_BUILD_LIBRARY -DENABLE_CROSS_PRODUCT_REWRITE=0 -DENABLE_DEBUG_PRINT=0 -DENABLE_MEASURE_EXE_TIME=0 -DENABLE_MERGE_BACK_PLAN=0 -DENABLE_PARALLEL_EXECUTION=0 -DENABLE_QUERY_SPLIT=0 -DENABLE_SPECIFY_EST_STAT=0 -I/home/bita/Project/duckdb-polr/src/include -I/home/bita/Project/duckdb-polr/third_party/fsst -I/home/bita/Project/duckdb-polr/third_party/fmt/include -I/home/bita/Project/duckdb-polr/third_party/hyperloglog -I/home/bita/Project/duckdb-polr/third_party/fastpforlib -I/home/bita/Project/duckdb-polr/third_party/fast_float -I/home/bita/Project/duckdb-polr/third_party/re2 -I/home/bita/Project/duckdb-polr/third_party/miniz -I/home/bita/Project/duckdb-polr/third_party/utf8proc/include -I/home/bita/Project/duckdb-polr/third_party/miniparquet -I/home/bita/Project/duckdb-polr/third_party/concurrentqueue -I/home/bita/Project/duckdb-polr/third_party/pcg -I/home/bita/Project/duckdb-polr/third_party/tdigest -I/home/bita/Project/duckdb-polr/third_party/mbedtls/include -I/home/bita/Project/duckdb-polr/third_party/jaro_winkler -O3 -DNDEBUG -O3 -DNDEBUG   -fPIC -fvisibility=hidden -fdiagnostics-color=always -std=c++11 -MD -MT third_party/mbedtls/CMakeFiles/duckdb_mbedtls.dir/library/asn1parse.cpp.o -MF third_party/mbedtls/CMakeFiles/duckdb_mbedtls.dir/library/asn1parse.cpp.o.d -o third_party/mbedtls/CMakeFiles/duckdb_mbedtls.dir/library/asn1parse.cpp.o -c /home/bita/Project/duckdb-polr/third_party/mbedtls/library/asn1parse.cpp
[348/376] /usr/bin/c++ -DDUCKDB_BUILD_LIBRARY -DENABLE_CROSS_PRODUCT_REWRITE=0 -DENABLE_DEBUG_PRINT=0 -DENABLE_MEASURE_EXE_TIME=0 -DENABLE_MERGE_BACK_PLAN=0 -DENABLE_PARALLEL_EXECUTION=0 -DENABLE_QUERY_SPLIT=0 -DENABLE_SPECIFY_EST_STAT=0 -I/home/bita/Project/duckdb-polr/src/include -I/home/bita/Project/duckdb-polr/third_party/fsst -I/home/bita/Project/duckdb-polr/third_party/fmt/include -I/home/bita/Project/duckdb-polr/third_party/hyperloglog -I/home/bita/Project/duckdb-polr/third_party/fastpforlib -I/home/bita/Project/duckdb-polr/third_party/fast_float -I/home/bita/Project/duckdb-polr/third_party/re2 -I/home/bita/Project/duckdb-polr/third_party/miniz -I/home/bita/Project/duckdb-polr/third_party/utf8proc/include -I/home/bita/Project/duckdb-polr/third_party/miniparquet -I/home/bita/Project/duckdb-polr/third_party/concurrentqueue -I/home/bita/Project/duckdb-polr/third_party/pcg -I/home/bita/Project/duckdb-polr/third_party/tdigest -I/home/bita/Project/duckdb-polr/third_party/mbedtls/include -I/home/bita/Project/duckdb-polr/third_party/jaro_winkler -O3 -DNDEBUG -O3 -DNDEBUG   -fPIC -fvisibility=hidden -fdiagnostics-color=always -w -std=c++11 -O1 -MD -MT third_party/fsst/CMakeFiles/duckdb_fsst.dir/fsst_avx512.cpp.o -MF third_party/fsst/CMakeFiles/duckdb_fsst.dir/fsst_avx512.cpp.o.d -o third_party/fsst/CMakeFiles/duckdb_fsst.dir/fsst_avx512.cpp.o -c /home/bita/Project/duckdb-polr/third_party/fsst/fsst_avx512.cpp
[349/376] /usr/bin/c++ -DDUCKDB_BUILD_LIBRARY -DENABLE_CROSS_PRODUCT_REWRITE=0 -DENABLE_DEBUG_PRINT=0 -DENABLE_MEASURE_EXE_TIME=0 -DENABLE_MERGE_BACK_PLAN=0 -DENABLE_PARALLEL_EXECUTION=0 -DENABLE_QUERY_SPLIT=0 -DENABLE_SPECIFY_EST_STAT=0 -I/home/bita/Project/duckdb-polr/src/include -I/home/bita/Project/duckdb-polr/third_party/fsst -I/home/bita/Project/duckdb-polr/third_party/fmt/include -I/home/bita/Project/duckdb-polr/third_party/hyperloglog -I/home/bita/Project/duckdb-polr/third_party/fastpforlib -I/home/bita/Project/duckdb-polr/third_party/fast_float -I/home/bita/Project/duckdb-polr/third_party/re2 -I/home/bita/Project/duckdb-polr/third_party/miniz -I/home/bita/Project/duckdb-polr/third_party/utf8proc/include -I/home/bita/Project/duckdb-polr/third_party/miniparquet -I/home/bita/Project/duckdb-polr/third_party/concurrentqueue -I/home/bita/Project/duckdb-polr/third_party/pcg -I/home/bita/Project/duckdb-polr/third_party/tdigest -I/home/bita/Project/duckdb-polr/third_party/mbedtls/include -I/home/bita/Project/duckdb-polr/third_party/jaro_winkler -O3 -DNDEBUG -O3 -DNDEBUG   -fPIC -fvisibility=hidden -fdiagnostics-color=always -std=c++11 -MD -MT third_party/mbedtls/CMakeFiles/duckdb_mbedtls.dir/library/bignum.cpp.o -MF third_party/mbedtls/CMakeFiles/duckdb_mbedtls.dir/library/bignum.cpp.o.d -o third_party/mbedtls/CMakeFiles/duckdb_mbedtls.dir/library/bignum.cpp.o -c /home/bita/Project/duckdb-polr/third_party/mbedtls/library/bignum.cpp
[350/376] : && /usr/bin/cmake -E rm -f third_party/mbedtls/libduckdb_mbedtls.a && /usr/bin/ar qc third_party/mbedtls/libduckdb_mbedtls.a  third_party/mbedtls/CMakeFiles/duckdb_mbedtls.dir/mbedtls_wrapper.cpp.o third_party/mbedtls/CMakeFiles/duckdb_mbedtls.dir/library/sha256.cpp.o third_party/mbedtls/CMakeFiles/duckdb_mbedtls.dir/library/rsa.cpp.o third_party/mbedtls/CMakeFiles/duckdb_mbedtls.dir/library/rsa_alt_helpers.cpp.o third_party/mbedtls/CMakeFiles/duckdb_mbedtls.dir/library/md.cpp.o third_party/mbedtls/CMakeFiles/duckdb_mbedtls.dir/library/bignum.cpp.o third_party/mbedtls/CMakeFiles/duckdb_mbedtls.dir/library/oid.cpp.o third_party/mbedtls/CMakeFiles/duckdb_mbedtls.dir/library/constant_time.cpp.o third_party/mbedtls/CMakeFiles/duckdb_mbedtls.dir/library/platform_util.cpp.o third_party/mbedtls/CMakeFiles/duckdb_mbedtls.dir/library/base64.cpp.o third_party/mbedtls/CMakeFiles/duckdb_mbedtls.dir/library/pkparse.cpp.o third_party/mbedtls/CMakeFiles/duckdb_mbedtls.dir/library/pk.cpp.o third_party/mbedtls/CMakeFiles/duckdb_mbedtls.dir/library/pk_wrap.cpp.o third_party/mbedtls/CMakeFiles/duckdb_mbedtls.dir/library/asn1parse.cpp.o third_party/mbedtls/CMakeFiles/duckdb_mbedtls.dir/library/pem.cpp.o && /usr/bin/ranlib third_party/mbedtls/libduckdb_mbedtls.a && :
[351/376] /usr/bin/c++ -DDUCKDB_BUILD_LIBRARY -DENABLE_CROSS_PRODUCT_REWRITE=0 -DENABLE_DEBUG_PRINT=0 -DENABLE_MEASURE_EXE_TIME=0 -DENABLE_MERGE_BACK_PLAN=0 -DENABLE_PARALLEL_EXECUTION=0 -DENABLE_QUERY_SPLIT=0 -DENABLE_SPECIFY_EST_STAT=0 -I/home/bita/Project/duckdb-polr/src/include -I/home/bita/Project/duckdb-polr/third_party/fsst -I/home/bita/Project/duckdb-polr/third_party/fmt/include -I/home/bita/Project/duckdb-polr/third_party/hyperloglog -I/home/bita/Project/duckdb-polr/third_party/fastpforlib -I/home/bita/Project/duckdb-polr/third_party/fast_float -I/home/bita/Project/duckdb-polr/third_party/re2 -I/home/bita/Project/duckdb-polr/third_party/miniz -I/home/bita/Project/duckdb-polr/third_party/utf8proc/include -I/home/bita/Project/duckdb-polr/third_party/miniparquet -I/home/bita/Project/duckdb-polr/third_party/concurrentqueue -I/home/bita/Project/duckdb-polr/third_party/pcg -I/home/bita/Project/duckdb-polr/third_party/tdigest -I/home/bita/Project/duckdb-polr/third_party/mbedtls/include -I/home/bita/Project/duckdb-polr/third_party/jaro_winkler -I/home/bita/Project/duckdb-polr/test/../third_party/catch -I/home/bita/Project/duckdb-polr/test/../third_party/tpce-tool/include -I/home/bita/Project/duckdb-polr/test/../third_party/sqlite/include -I/home/bita/Project/duckdb-polr/test/include -O3 -DNDEBUG -O3 -DNDEBUG   -fPIC -fdiagnostics-color=always -std=c++11 -MD -MT test/api/capi/CMakeFiles/test_sql_capi.dir/ub_test_sql_capi.cpp.o -MF test/api/capi/CMakeFiles/test_sql_capi.dir/ub_test_sql_capi.cpp.o.d -o test/api/capi/CMakeFiles/test_sql_capi.dir/ub_test_sql_capi.cpp.o -c /home/bita/Project/duckdb-polr/build/release/test/api/capi/ub_test_sql_capi.cpp
[352/376] /usr/bin/c++ -DDUCKDB_BUILD_LIBRARY -DENABLE_CROSS_PRODUCT_REWRITE=0 -DENABLE_DEBUG_PRINT=0 -DENABLE_MEASURE_EXE_TIME=0 -DENABLE_MERGE_BACK_PLAN=0 -DENABLE_PARALLEL_EXECUTION=0 -DENABLE_QUERY_SPLIT=0 -DENABLE_SPECIFY_EST_STAT=0 -I/home/bita/Project/duckdb-polr/src/include -I/home/bita/Project/duckdb-polr/third_party/fsst -I/home/bita/Project/duckdb-polr/third_party/fmt/include -I/home/bita/Project/duckdb-polr/third_party/hyperloglog -I/home/bita/Project/duckdb-polr/third_party/fastpforlib -I/home/bita/Project/duckdb-polr/third_party/fast_float -I/home/bita/Project/duckdb-polr/third_party/re2 -I/home/bita/Project/duckdb-polr/third_party/miniz -I/home/bita/Project/duckdb-polr/third_party/utf8proc/include -I/home/bita/Project/duckdb-polr/third_party/miniparquet -I/home/bita/Project/duckdb-polr/third_party/concurrentqueue -I/home/bita/Project/duckdb-polr/third_party/pcg -I/home/bita/Project/duckdb-polr/third_party/tdigest -I/home/bita/Project/duckdb-polr/third_party/mbedtls/include -I/home/bita/Project/duckdb-polr/third_party/jaro_winkler -O3 -DNDEBUG -O3 -DNDEBUG   -fPIC -fdiagnostics-color=always -w -std=c++11 -MD -MT third_party/miniz/CMakeFiles/duckdb_miniz.dir/miniz.cpp.o -MF third_party/miniz/CMakeFiles/duckdb_miniz.dir/miniz.cpp.o.d -o third_party/miniz/CMakeFiles/duckdb_miniz.dir/miniz.cpp.o -c /home/bita/Project/duckdb-polr/third_party/miniz/miniz.cpp
[353/376] : && /usr/bin/cmake -E rm -f third_party/miniz/libduckdb_miniz.a && /usr/bin/ar qc third_party/miniz/libduckdb_miniz.a  third_party/miniz/CMakeFiles/duckdb_miniz.dir/miniz.cpp.o && /usr/bin/ranlib third_party/miniz/libduckdb_miniz.a && :
[354/376] /usr/bin/c++ -DDUCKDB_BUILD_LIBRARY -DENABLE_CROSS_PRODUCT_REWRITE=0 -DENABLE_DEBUG_PRINT=0 -DENABLE_MEASURE_EXE_TIME=0 -DENABLE_MERGE_BACK_PLAN=0 -DENABLE_PARALLEL_EXECUTION=0 -DENABLE_QUERY_SPLIT=0 -DENABLE_SPECIFY_EST_STAT=0 -I/home/bita/Project/duckdb-polr/src/include -I/home/bita/Project/duckdb-polr/third_party/fsst -I/home/bita/Project/duckdb-polr/third_party/fmt/include -I/home/bita/Project/duckdb-polr/third_party/hyperloglog -I/home/bita/Project/duckdb-polr/third_party/fastpforlib -I/home/bita/Project/duckdb-polr/third_party/fast_float -I/home/bita/Project/duckdb-polr/third_party/re2 -I/home/bita/Project/duckdb-polr/third_party/miniz -I/home/bita/Project/duckdb-polr/third_party/utf8proc/include -I/home/bita/Project/duckdb-polr/third_party/miniparquet -I/home/bita/Project/duckdb-polr/third_party/concurrentqueue -I/home/bita/Project/duckdb-polr/third_party/pcg -I/home/bita/Project/duckdb-polr/third_party/tdigest -I/home/bita/Project/duckdb-polr/third_party/mbedtls/include -I/home/bita/Project/duckdb-polr/third_party/jaro_winkler -O3 -DNDEBUG -O3 -DNDEBUG   -fPIC -fvisibility=hidden -fdiagnostics-color=always -w -std=c++11 -MD -MT third_party/fsst/CMakeFiles/duckdb_fsst.dir/libfsst.cpp.o -MF third_party/fsst/CMakeFiles/duckdb_fsst.dir/libfsst.cpp.o.d -o third_party/fsst/CMakeFiles/duckdb_fsst.dir/libfsst.cpp.o -c /home/bita/Project/duckdb-polr/third_party/fsst/libfsst.cpp
[355/376] : && /usr/bin/cmake -E rm -f third_party/fsst/libduckdb_fsst.a && /usr/bin/ar qc third_party/fsst/libduckdb_fsst.a  third_party/fsst/CMakeFiles/duckdb_fsst.dir/libfsst.cpp.o third_party/fsst/CMakeFiles/duckdb_fsst.dir/fsst_avx512.cpp.o && /usr/bin/ranlib third_party/fsst/libduckdb_fsst.a && :
[356/376] /usr/bin/c++ -DDUCKDB_BUILD_LIBRARY -DENABLE_CROSS_PRODUCT_REWRITE=0 -DENABLE_DEBUG_PRINT=0 -DENABLE_MEASURE_EXE_TIME=0 -DENABLE_MERGE_BACK_PLAN=0 -DENABLE_PARALLEL_EXECUTION=0 -DENABLE_QUERY_SPLIT=0 -DENABLE_SPECIFY_EST_STAT=0 -I/home/bita/Project/duckdb-polr/src/include -I/home/bita/Project/duckdb-polr/third_party/fsst -I/home/bita/Project/duckdb-polr/third_party/fmt/include -I/home/bita/Project/duckdb-polr/third_party/hyperloglog -I/home/bita/Project/duckdb-polr/third_party/fastpforlib -I/home/bita/Project/duckdb-polr/third_party/fast_float -I/home/bita/Project/duckdb-polr/third_party/re2 -I/home/bita/Project/duckdb-polr/third_party/miniz -I/home/bita/Project/duckdb-polr/third_party/utf8proc/include -I/home/bita/Project/duckdb-polr/third_party/miniparquet -I/home/bita/Project/duckdb-polr/third_party/concurrentqueue -I/home/bita/Project/duckdb-polr/third_party/pcg -I/home/bita/Project/duckdb-polr/third_party/tdigest -I/home/bita/Project/duckdb-polr/third_party/mbedtls/include -I/home/bita/Project/duckdb-polr/third_party/jaro_winkler -I/home/bita/Project/duckdb-polr/third_party/imdb/include -O3 -DNDEBUG -O3 -DNDEBUG   -fPIC -fdiagnostics-color=always -w -std=c++11 -MD -MT third_party/imdb/CMakeFiles/imdb.dir/imdb.cpp.o -MF third_party/imdb/CMakeFiles/imdb.dir/imdb.cpp.o.d -o third_party/imdb/CMakeFiles/imdb.dir/imdb.cpp.o -c /home/bita/Project/duckdb-polr/third_party/imdb/imdb.cpp
[357/376] : && /usr/bin/cmake -E rm -f third_party/imdb/libimdb.a && /usr/bin/ar qc third_party/imdb/libimdb.a  third_party/imdb/CMakeFiles/imdb.dir/imdb.cpp.o && /usr/bin/ranlib third_party/imdb/libimdb.a && :
[358/376] /usr/bin/c++ -DDUCKDB_BUILD_LIBRARY -DENABLE_CROSS_PRODUCT_REWRITE=0 -DENABLE_DEBUG_PRINT=0 -DENABLE_MEASURE_EXE_TIME=0 -DENABLE_MERGE_BACK_PLAN=0 -DENABLE_PARALLEL_EXECUTION=0 -DENABLE_QUERY_SPLIT=0 -DENABLE_SPECIFY_EST_STAT=0 -I/home/bita/Project/duckdb-polr/src/include -I/home/bita/Project/duckdb-polr/third_party/fsst -I/home/bita/Project/duckdb-polr/third_party/fmt/include -I/home/bita/Project/duckdb-polr/third_party/hyperloglog -I/home/bita/Project/duckdb-polr/third_party/fastpforlib -I/home/bita/Project/duckdb-polr/third_party/fast_float -I/home/bita/Project/duckdb-polr/third_party/re2 -I/home/bita/Project/duckdb-polr/third_party/miniz -I/home/bita/Project/duckdb-polr/third_party/utf8proc/include -I/home/bita/Project/duckdb-polr/third_party/miniparquet -I/home/bita/Project/duckdb-polr/third_party/concurrentqueue -I/home/bita/Project/duckdb-polr/third_party/pcg -I/home/bita/Project/duckdb-polr/third_party/tdigest -I/home/bita/Project/duckdb-polr/third_party/mbedtls/include -I/home/bita/Project/duckdb-polr/third_party/jaro_winkler -O3 -DNDEBUG -O3 -DNDEBUG   -fPIC -fdiagnostics-color=always -w -std=c++11 -MD -MT third_party/fmt/CMakeFiles/duckdb_fmt.dir/format.cc.o -MF third_party/fmt/CMakeFiles/duckdb_fmt.dir/format.cc.o.d -o third_party/fmt/CMakeFiles/duckdb_fmt.dir/format.cc.o -c /home/bita/Project/duckdb-polr/third_party/fmt/format.cc
[359/376] : && /usr/bin/cmake -E rm -f third_party/fmt/libduckdb_fmt.a && /usr/bin/ar qc third_party/fmt/libduckdb_fmt.a  third_party/fmt/CMakeFiles/duckdb_fmt.dir/format.cc.o && /usr/bin/ranlib third_party/fmt/libduckdb_fmt.a && :
[360/376] /usr/bin/c++ -DDUCKDB_BUILD_LIBRARY -DENABLE_CROSS_PRODUCT_REWRITE=0 -DENABLE_DEBUG_PRINT=0 -DENABLE_MEASURE_EXE_TIME=0 -DENABLE_MERGE_BACK_PLAN=0 -DENABLE_PARALLEL_EXECUTION=0 -DENABLE_QUERY_SPLIT=0 -DENABLE_SPECIFY_EST_STAT=0 -I/home/bita/Project/duckdb-polr/src/include -I/home/bita/Project/duckdb-polr/third_party/fsst -I/home/bita/Project/duckdb-polr/third_party/fmt/include -I/home/bita/Project/duckdb-polr/third_party/hyperloglog -I/home/bita/Project/duckdb-polr/third_party/fastpforlib -I/home/bita/Project/duckdb-polr/third_party/fast_float -I/home/bita/Project/duckdb-polr/third_party/re2 -I/home/bita/Project/duckdb-polr/third_party/miniz -I/home/bita/Project/duckdb-polr/third_party/utf8proc/include -I/home/bita/Project/duckdb-polr/third_party/miniparquet -I/home/bita/Project/duckdb-polr/third_party/concurrentqueue -I/home/bita/Project/duckdb-polr/third_party/pcg -I/home/bita/Project/duckdb-polr/third_party/tdigest -I/home/bita/Project/duckdb-polr/third_party/mbedtls/include -I/home/bita/Project/duckdb-polr/third_party/jaro_winkler -I/home/bita/Project/duckdb-polr/test/../third_party/catch -I/home/bita/Project/duckdb-polr/test/../third_party/tpce-tool/include -I/home/bita/Project/duckdb-polr/test/../third_party/sqlite/include -I/home/bita/Project/duckdb-polr/test/include -O3 -DNDEBUG -O3 -DNDEBUG   -fPIC -fdiagnostics-color=always -std=c++11 -MD -MT test/api/udf_function/CMakeFiles/test_api_udf_function.dir/ub_test_api_udf_function.cpp.o -MF test/api/udf_function/CMakeFiles/test_api_udf_function.dir/ub_test_api_udf_function.cpp.o.d -o test/api/udf_function/CMakeFiles/test_api_udf_function.dir/ub_test_api_udf_function.cpp.o -c /home/bita/Project/duckdb-polr/build/release/test/api/udf_function/ub_test_api_udf_function.cpp
[361/376] /usr/bin/c++ -DDUCKDB -DDUCKDB_BUILD_LIBRARY -DDUCKDB_MAIN_LIBRARY -DENABLE_CROSS_PRODUCT_REWRITE=0 -DENABLE_DEBUG_PRINT=0 -DENABLE_MEASURE_EXE_TIME=0 -DENABLE_MERGE_BACK_PLAN=0 -DENABLE_PARALLEL_EXECUTION=0 -DENABLE_QUERY_SPLIT=0 -DENABLE_SPECIFY_EST_STAT=0 -I/home/bita/Project/duckdb-polr/src/include -I/home/bita/Project/duckdb-polr/third_party/fsst -I/home/bita/Project/duckdb-polr/third_party/fmt/include -I/home/bita/Project/duckdb-polr/third_party/hyperloglog -I/home/bita/Project/duckdb-polr/third_party/fastpforlib -I/home/bita/Project/duckdb-polr/third_party/fast_float -I/home/bita/Project/duckdb-polr/third_party/re2 -I/home/bita/Project/duckdb-polr/third_party/miniz -I/home/bita/Project/duckdb-polr/third_party/utf8proc/include -I/home/bita/Project/duckdb-polr/third_party/miniparquet -I/home/bita/Project/duckdb-polr/third_party/concurrentqueue -I/home/bita/Project/duckdb-polr/third_party/pcg -I/home/bita/Project/duckdb-polr/third_party/tdigest -I/home/bita/Project/duckdb-polr/third_party/mbedtls/include -I/home/bita/Project/duckdb-polr/third_party/jaro_winkler -O3 -DNDEBUG -O3 -DNDEBUG   -fPIC -fdiagnostics-color=always -std=c++11 -MD -MT src/common/vector_operations/CMakeFiles/duckdb_vector_operations.dir/is_distinct_from.cpp.o -MF src/common/vector_operations/CMakeFiles/duckdb_vector_operations.dir/is_distinct_from.cpp.o.d -o src/common/vector_operations/CMakeFiles/duckdb_vector_operations.dir/is_distinct_from.cpp.o -c /home/bita/Project/duckdb-polr/src/common/vector_operations/is_distinct_from.cpp
[362/376] /usr/bin/c++ -DDUCKDB_BUILD_LIBRARY -DDUCKDB_ROOT_DIRECTORY=\"/home/bita/Project/duckdb-polr\" -DENABLE_CROSS_PRODUCT_REWRITE=0 -DENABLE_DEBUG_PRINT=0 -DENABLE_MEASURE_EXE_TIME=0 -DENABLE_MERGE_BACK_PLAN=0 -DENABLE_PARALLEL_EXECUTION=0 -DENABLE_QUERY_SPLIT=0 -DENABLE_SPECIFY_EST_STAT=0 -I/home/bita/Project/duckdb-polr/src/include -I/home/bita/Project/duckdb-polr/third_party/fsst -I/home/bita/Project/duckdb-polr/third_party/fmt/include -I/home/bita/Project/duckdb-polr/third_party/hyperloglog -I/home/bita/Project/duckdb-polr/third_party/fastpforlib -I/home/bita/Project/duckdb-polr/third_party/fast_float -I/home/bita/Project/duckdb-polr/third_party/re2 -I/home/bita/Project/duckdb-polr/third_party/miniz -I/home/bita/Project/duckdb-polr/third_party/utf8proc/include -I/home/bita/Project/duckdb-polr/third_party/miniparquet -I/home/bita/Project/duckdb-polr/third_party/concurrentqueue -I/home/bita/Project/duckdb-polr/third_party/pcg -I/home/bita/Project/duckdb-polr/third_party/tdigest -I/home/bita/Project/duckdb-polr/third_party/mbedtls/include -I/home/bita/Project/duckdb-polr/third_party/jaro_winkler -I/home/bita/Project/duckdb-polr/test/../third_party/catch -I/home/bita/Project/duckdb-polr/test/../third_party/tpce-tool/include -I/home/bita/Project/duckdb-polr/test/../third_party/sqlite/include -I/home/bita/Project/duckdb-polr/test/include -I/home/bita/Project/duckdb-polr/third_party/libpg_query/include -O3 -DNDEBUG -O3 -DNDEBUG   -fPIE -fdiagnostics-color=always -std=c++11 -MD -MT test/CMakeFiles/unittest.dir/unittest.cpp.o -MF test/CMakeFiles/unittest.dir/unittest.cpp.o.d -o test/CMakeFiles/unittest.dir/unittest.cpp.o -c /home/bita/Project/duckdb-polr/test/unittest.cpp
[363/376] /usr/bin/c++ -DDUCKDB_BUILD_LIBRARY -DENABLE_CROSS_PRODUCT_REWRITE=0 -DENABLE_DEBUG_PRINT=0 -DENABLE_MEASURE_EXE_TIME=0 -DENABLE_MERGE_BACK_PLAN=0 -DENABLE_PARALLEL_EXECUTION=0 -DENABLE_QUERY_SPLIT=0 -DENABLE_SPECIFY_EST_STAT=0 -I/home/bita/Project/duckdb-polr/src/include -I/home/bita/Project/duckdb-polr/third_party/fsst -I/home/bita/Project/duckdb-polr/third_party/fmt/include -I/home/bita/Project/duckdb-polr/third_party/hyperloglog -I/home/bita/Project/duckdb-polr/third_party/fastpforlib -I/home/bita/Project/duckdb-polr/third_party/fast_float -I/home/bita/Project/duckdb-polr/third_party/re2 -I/home/bita/Project/duckdb-polr/third_party/miniz -I/home/bita/Project/duckdb-polr/third_party/utf8proc/include -I/home/bita/Project/duckdb-polr/third_party/miniparquet -I/home/bita/Project/duckdb-polr/third_party/concurrentqueue -I/home/bita/Project/duckdb-polr/third_party/pcg -I/home/bita/Project/duckdb-polr/third_party/tdigest -I/home/bita/Project/duckdb-polr/third_party/mbedtls/include -I/home/bita/Project/duckdb-polr/third_party/jaro_winkler -O3 -DNDEBUG -O3 -DNDEBUG   -fPIC -fdiagnostics-color=always -w -std=c++11 -MD -MT third_party/fastpforlib/CMakeFiles/duckdb_fastpforlib.dir/bitpacking.cpp.o -MF third_party/fastpforlib/CMakeFiles/duckdb_fastpforlib.dir/bitpacking.cpp.o.d -o third_party/fastpforlib/CMakeFiles/duckdb_fastpforlib.dir/bitpacking.cpp.o -c /home/bita/Project/duckdb-polr/third_party/fastpforlib/bitpacking.cpp
[364/376] : && /usr/bin/cmake -E rm -f third_party/fastpforlib/libduckdb_fastpforlib.a && /usr/bin/ar qc third_party/fastpforlib/libduckdb_fastpforlib.a  third_party/fastpforlib/CMakeFiles/duckdb_fastpforlib.dir/bitpacking.cpp.o && /usr/bin/ranlib third_party/fastpforlib/libduckdb_fastpforlib.a && :
[365/376] : && /usr/bin/cmake -E rm -f src/libduckdb_static.a && /usr/bin/ar qc src/libduckdb_static.a  src/optimizer/matcher/CMakeFiles/duckdb_optimizer_matcher.dir/ub_duckdb_optimizer_matcher.cpp.o src/optimizer/join_order/CMakeFiles/duckdb_optimizer_join_order.dir/ub_duckdb_optimizer_join_order.cpp.o src/optimizer/pushdown/CMakeFiles/duckdb_optimizer_pushdown.dir/ub_duckdb_optimizer_pushdown.cpp.o src/optimizer/pullup/CMakeFiles/duckdb_optimizer_pullup.dir/ub_duckdb_optimizer_pullup.cpp.o src/optimizer/rule/CMakeFiles/duckdb_optimizer_rules.dir/ub_duckdb_optimizer_rules.cpp.o src/optimizer/statistics/expression/CMakeFiles/duckdb_optimizer_statistics_expr.dir/ub_duckdb_optimizer_statistics_expr.cpp.o src/optimizer/statistics/operator/CMakeFiles/duckdb_optimizer_statistics_op.dir/ub_duckdb_optimizer_statistics_op.cpp.o src/optimizer/query_split/CMakeFiles/duckdb_optimizer_query_split.dir/ub_duckdb_optimizer_query_split.cpp.o src/optimizer/CMakeFiles/duckdb_optimizer.dir/ub_duckdb_optimizer.cpp.o src/planner/expression/CMakeFiles/duckdb_planner_expression.dir/ub_duckdb_planner_expression.cpp.o src/planner/binder/expression/CMakeFiles/duckdb_bind_expression.dir/ub_duckdb_bind_expression.cpp.o src/planner/binder/query_node/CMakeFiles/duckdb_bind_query_node.dir/ub_duckdb_bind_query_node.cpp.o src/planner/binder/statement/CMakeFiles/duckdb_bind_statement.dir/ub_duckdb_bind_statement.cpp.o src/planner/binder/tableref/CMakeFiles/duckdb_bind_tableref.dir/ub_duckdb_bind_tableref.cpp.o src/planner/expression_binder/CMakeFiles/duckdb_expression_binders.dir/ub_duckdb_expression_binders.cpp.o src/planner/filter/CMakeFiles/duckdb_planner_filter.dir/ub_duckdb_planner_filter.cpp.o src/planner/parsed_data/CMakeFiles/duckdb_planner_parsed_data.dir/ub_duckdb_planner_parsed_data.cpp.o src/planner/operator/CMakeFiles/duckdb_planner_operator.dir/ub_duckdb_planner_operator.cpp.o src/planner/subquery/CMakeFiles/duckdb_planner_subquery.dir/ub_duckdb_planner_subquery.cpp.o src/planner/CMakeFiles/duckdb_planner.dir/ub_duckdb_planner.cpp.o src/parser/constraints/CMakeFiles/duckdb_constraints.dir/ub_duckdb_constraints.cpp.o src/parser/expression/CMakeFiles/duckdb_expression.dir/ub_duckdb_expression.cpp.o src/parser/parsed_data/CMakeFiles/duckdb_parsed_data.dir/ub_duckdb_parsed_data.cpp.o src/parser/query_node/CMakeFiles/duckdb_query_node.dir/ub_duckdb_query_node.cpp.o src/parser/statement/CMakeFiles/duckdb_statement.dir/ub_duckdb_statement.cpp.o src/parser/tableref/CMakeFiles/duckdb_parser_tableref.dir/ub_duckdb_parser_tableref.cpp.o src/parser/transform/constraint/CMakeFiles/duckdb_transformer_constraint.dir/ub_duckdb_transformer_constraint.cpp.o src/parser/transform/expression/CMakeFiles/duckdb_transformer_expression.dir/ub_duckdb_transformer_expression.cpp.o src/parser/transform/helpers/CMakeFiles/duckdb_transformer_helpers.dir/ub_duckdb_transformer_helpers.cpp.o src/parser/transform/statement/CMakeFiles/duckdb_transformer_statement.dir/ub_duckdb_transformer_statement.cpp.o src/parser/transform/tableref/CMakeFiles/duckdb_transformer_tableref.dir/ub_duckdb_transformer_tableref.cpp.o src/parser/CMakeFiles/duckdb_parser.dir/ub_duckdb_parser.cpp.o src/function/aggregate/algebraic/CMakeFiles/duckdb_aggr_algebraic.dir/ub_duckdb_aggr_algebraic.cpp.o src/function/aggregate/distributive/CMakeFiles/duckdb_aggr_distr.dir/ub_duckdb_aggr_distr.cpp.o src/function/aggregate/holistic/CMakeFiles/duckdb_aggr_holistic.dir/ub_duckdb_aggr_holistic.cpp.o src/function/aggregate/nested/CMakeFiles/duckdb_aggr_nested.dir/ub_duckdb_aggr_nested.cpp.o src/function/aggregate/regression/CMakeFiles/duckdb_aggr_regr.dir/ub_duckdb_aggr_regr.cpp.o src/function/aggregate/CMakeFiles/duckdb_func_aggr.dir/ub_duckdb_func_aggr.cpp.o src/function/cast/CMakeFiles/duckdb_func_cast.dir/ub_duckdb_func_cast.cpp.o src/function/pragma/CMakeFiles/duckdb_func_pragma.dir/ub_duckdb_func_pragma.cpp.o src/function/scalar/blob/CMakeFiles/duckdb_func_blob.dir/ub_duckdb_func_blob.cpp.o src/function/scalar/date/CMakeFiles/duckdb_func_date.dir/ub_duckdb_func_date.cpp.o src/function/scalar/generic/CMakeFiles/duckdb_func_generic.dir/ub_duckdb_func_generic.cpp.o src/function/scalar/list/CMakeFiles/duckdb_func_list.dir/ub_duckdb_func_list.cpp.o src/function/scalar/map/CMakeFiles/duckdb_func_map_nested.dir/ub_duckdb_func_map_nested.cpp.o src/function/scalar/math/CMakeFiles/duckdb_func_math.dir/ub_duckdb_func_math.cpp.o src/function/scalar/operators/CMakeFiles/duckdb_func_ops.dir/ub_duckdb_func_ops.cpp.o src/function/scalar/sequence/CMakeFiles/duckdb_func_seq.dir/ub_duckdb_func_seq.cpp.o src/function/scalar/string/CMakeFiles/duckdb_func_string.dir/ub_duckdb_func_string.cpp.o src/function/scalar/struct/CMakeFiles/duckdb_func_struct.dir/ub_duckdb_func_struct.cpp.o src/function/scalar/system/CMakeFiles/duckdb_func_system.dir/ub_duckdb_func_system.cpp.o src/function/scalar/union/CMakeFiles/duckdb_func_union.dir/ub_duckdb_func_union.cpp.o src/function/scalar/enum/CMakeFiles/duckdb_func_enum.dir/ub_duckdb_func_enum.cpp.o src/function/scalar/CMakeFiles/duckdb_func_scalar.dir/ub_duckdb_func_scalar.cpp.o src/function/table/system/CMakeFiles/duckdb_table_func_system.dir/ub_duckdb_table_func_system.cpp.o src/function/table/version/CMakeFiles/duckdb_func_table_version.dir/ub_duckdb_func_table_version.cpp.o src/function/table/CMakeFiles/duckdb_func_table.dir/ub_duckdb_func_table.cpp.o src/function/CMakeFiles/duckdb_function.dir/ub_duckdb_function.cpp.o src/catalog/catalog_entry/CMakeFiles/duckdb_catalog_entries.dir/ub_duckdb_catalog_entries.cpp.o src/catalog/default/CMakeFiles/duckdb_catalog_default_entries.dir/ub_duckdb_catalog_default_entries.cpp.o src/catalog/CMakeFiles/duckdb_catalog.dir/ub_duckdb_catalog.cpp.o src/common/arrow/CMakeFiles/duckdb_common_arrow.dir/ub_duckdb_common_arrow.cpp.o src/common/crypto/CMakeFiles/duckdb_common_crypto.dir/ub_duckdb_common_crypto.cpp.o src/common/enums/CMakeFiles/duckdb_common_enums.dir/ub_duckdb_common_enums.cpp.o src/common/operator/CMakeFiles/duckdb_common_operators.dir/ub_duckdb_common_operators.cpp.o src/common/progress_bar/CMakeFiles/duckdb_progress_bar.dir/ub_duckdb_progress_bar.cpp.o src/common/row_operations/CMakeFiles/duckdb_row_operations.dir/ub_duckdb_row_operations.cpp.o src/common/serializer/CMakeFiles/duckdb_common_serializer.dir/ub_duckdb_common_serializer.cpp.o src/common/sort/CMakeFiles/duckdb_sort.dir/ub_duckdb_sort.cpp.o src/common/types/CMakeFiles/duckdb_common_types.dir/ub_duckdb_common_types.cpp.o src/common/value_operations/CMakeFiles/duckdb_value_operations.dir/ub_duckdb_value_operations.cpp.o src/common/vector_operations/CMakeFiles/duckdb_vector_operations.dir/boolean_operators.cpp.o src/common/vector_operations/CMakeFiles/duckdb_vector_operations.dir/vector_cast.cpp.o src/common/vector_operations/CMakeFiles/duckdb_vector_operations.dir/comparison_operators.cpp.o src/common/vector_operations/CMakeFiles/duckdb_vector_operations.dir/vector_copy.cpp.o src/common/vector_operations/CMakeFiles/duckdb_vector_operations.dir/generators.cpp.o src/common/vector_operations/CMakeFiles/duckdb_vector_operations.dir/vector_hash.cpp.o src/common/vector_operations/CMakeFiles/duckdb_vector_operations.dir/vector_storage.cpp.o src/common/vector_operations/CMakeFiles/duckdb_vector_operations.dir/null_operations.cpp.o src/common/vector_operations/CMakeFiles/duckdb_vector_operations.dir/numeric_inplace_operators.cpp.o src/common/vector_operations/CMakeFiles/duckdb_vector_operations.dir/is_distinct_from.cpp.o src/common/CMakeFiles/duckdb_common.dir/ub_duckdb_common.cpp.o src/execution/expression_executor/CMakeFiles/duckdb_expression_executor.dir/ub_duckdb_expression_executor.cpp.o src/execution/nested_loop_join/CMakeFiles/duckdb_nested_loop_join.dir/ub_duckdb_nested_loop_join.cpp.o src/execution/operator/aggregate/CMakeFiles/duckdb_operator_aggregate.dir/ub_duckdb_operator_aggregate.cpp.o src/execution/operator/filter/CMakeFiles/duckdb_operator_filter.dir/ub_duckdb_operator_filter.cpp.o src/execution/operator/helper/CMakeFiles/duckdb_operator_helper.dir/ub_duckdb_operator_helper.cpp.o src/execution/operator/join/CMakeFiles/duckdb_operator_join.dir/ub_duckdb_operator_join.cpp.o src/execution/operator/order/CMakeFiles/duckdb_operator_order.dir/ub_duckdb_operator_order.cpp.o src/execution/operator/persistent/CMakeFiles/duckdb_operator_persistent.dir/ub_duckdb_operator_persistent.cpp.o src/execution/operator/projection/CMakeFiles/duckdb_operator_projection.dir/ub_duckdb_operator_projection.cpp.o src/execution/operator/scan/CMakeFiles/duckdb_operator_scan.dir/ub_duckdb_operator_scan.cpp.o src/execution/operator/schema/CMakeFiles/duckdb_operator_schema.dir/ub_duckdb_operator_schema.cpp.o src/execution/operator/set/CMakeFiles/duckdb_operator_set.dir/ub_duckdb_operator_set.cpp.o src/execution/physical_plan/CMakeFiles/duckdb_physical_plan.dir/ub_duckdb_physical_plan.cpp.o src/execution/index/art/CMakeFiles/duckdb_art_index_execution.dir/ub_duckdb_art_index_execution.cpp.o src/execution/CMakeFiles/duckdb_execution.dir/ub_duckdb_execution.cpp.o src/main/capi/cast/CMakeFiles/duckdb_main_capi_cast.dir/ub_duckdb_main_capi_cast.cpp.o src/main/capi/CMakeFiles/duckdb_main_capi.dir/ub_duckdb_main_capi.cpp.o src/main/extension/CMakeFiles/duckdb_main_extension.dir/ub_duckdb_main_extension.cpp.o src/main/relation/CMakeFiles/duckdb_main_relation.dir/ub_duckdb_main_relation.cpp.o src/main/settings/CMakeFiles/duckdb_main_settings.dir/ub_duckdb_main_settings.cpp.o src/main/CMakeFiles/duckdb_main.dir/ub_duckdb_main.cpp.o src/parallel/CMakeFiles/duckdb_parallel.dir/ub_duckdb_parallel.cpp.o src/storage/buffer/CMakeFiles/duckdb_storage_buffer.dir/ub_duckdb_storage_buffer.cpp.o src/storage/checkpoint/CMakeFiles/duckdb_storage_checkpoint.dir/ub_duckdb_storage_checkpoint.cpp.o src/storage/compression/chimp/CMakeFiles/duckdb_storage_compression_chimp.dir/ub_duckdb_storage_compression_chimp.cpp.o src/storage/compression/CMakeFiles/duckdb_storage_compression.dir/ub_duckdb_storage_compression.cpp.o src/storage/statistics/CMakeFiles/duckdb_storage_statistics.dir/ub_duckdb_storage_statistics.cpp.o src/storage/table/CMakeFiles/duckdb_storage_table.dir/ub_duckdb_storage_table.cpp.o src/storage/CMakeFiles/duckdb_storage.dir/ub_duckdb_storage.cpp.o src/transaction/CMakeFiles/duckdb_transaction.dir/ub_duckdb_transaction.cpp.o src/verification/CMakeFiles/duckdb_verification.dir/copied_statement_verifier.cpp.o src/verification/CMakeFiles/duckdb_verification.dir/external_statement_verifier.cpp.o src/verification/CMakeFiles/duckdb_verification.dir/prepared_statement_verifier.cpp.o src/verification/CMakeFiles/duckdb_verification.dir/deserialized_statement_verifier.cpp.o src/verification/CMakeFiles/duckdb_verification.dir/statement_verifier.cpp.o src/verification/CMakeFiles/duckdb_verification.dir/parsed_statement_verifier.cpp.o src/verification/CMakeFiles/duckdb_verification.dir/unoptimized_statement_verifier.cpp.o && /usr/bin/ranlib src/libduckdb_static.a && :
[366/376] : && /usr/bin/c++ -fPIC -O3 -DNDEBUG -O3 -DNDEBUG   -shared -Wl,-soname,libduckdb.so -o src/libduckdb.so src/optimizer/matcher/CMakeFiles/duckdb_optimizer_matcher.dir/ub_duckdb_optimizer_matcher.cpp.o src/optimizer/join_order/CMakeFiles/duckdb_optimizer_join_order.dir/ub_duckdb_optimizer_join_order.cpp.o src/optimizer/pushdown/CMakeFiles/duckdb_optimizer_pushdown.dir/ub_duckdb_optimizer_pushdown.cpp.o src/optimizer/pullup/CMakeFiles/duckdb_optimizer_pullup.dir/ub_duckdb_optimizer_pullup.cpp.o src/optimizer/rule/CMakeFiles/duckdb_optimizer_rules.dir/ub_duckdb_optimizer_rules.cpp.o src/optimizer/statistics/expression/CMakeFiles/duckdb_optimizer_statistics_expr.dir/ub_duckdb_optimizer_statistics_expr.cpp.o src/optimizer/statistics/operator/CMakeFiles/duckdb_optimizer_statistics_op.dir/ub_duckdb_optimizer_statistics_op.cpp.o src/optimizer/query_split/CMakeFiles/duckdb_optimizer_query_split.dir/ub_duckdb_optimizer_query_split.cpp.o src/optimizer/CMakeFiles/duckdb_optimizer.dir/ub_duckdb_optimizer.cpp.o src/planner/expression/CMakeFiles/duckdb_planner_expression.dir/ub_duckdb_planner_expression.cpp.o src/planner/binder/expression/CMakeFiles/duckdb_bind_expression.dir/ub_duckdb_bind_expression.cpp.o src/planner/binder/query_node/CMakeFiles/duckdb_bind_query_node.dir/ub_duckdb_bind_query_node.cpp.o src/planner/binder/statement/CMakeFiles/duckdb_bind_statement.dir/ub_duckdb_bind_statement.cpp.o src/planner/binder/tableref/CMakeFiles/duckdb_bind_tableref.dir/ub_duckdb_bind_tableref.cpp.o src/planner/expression_binder/CMakeFiles/duckdb_expression_binders.dir/ub_duckdb_expression_binders.cpp.o src/planner/filter/CMakeFiles/duckdb_planner_filter.dir/ub_duckdb_planner_filter.cpp.o src/planner/parsed_data/CMakeFiles/duckdb_planner_parsed_data.dir/ub_duckdb_planner_parsed_data.cpp.o src/planner/operator/CMakeFiles/duckdb_planner_operator.dir/ub_duckdb_planner_operator.cpp.o src/planner/subquery/CMakeFiles/duckdb_planner_subquery.dir/ub_duckdb_planner_subquery.cpp.o src/planner/CMakeFiles/duckdb_planner.dir/ub_duckdb_planner.cpp.o src/parser/constraints/CMakeFiles/duckdb_constraints.dir/ub_duckdb_constraints.cpp.o src/parser/expression/CMakeFiles/duckdb_expression.dir/ub_duckdb_expression.cpp.o src/parser/parsed_data/CMakeFiles/duckdb_parsed_data.dir/ub_duckdb_parsed_data.cpp.o src/parser/query_node/CMakeFiles/duckdb_query_node.dir/ub_duckdb_query_node.cpp.o src/parser/statement/CMakeFiles/duckdb_statement.dir/ub_duckdb_statement.cpp.o src/parser/tableref/CMakeFiles/duckdb_parser_tableref.dir/ub_duckdb_parser_tableref.cpp.o src/parser/transform/constraint/CMakeFiles/duckdb_transformer_constraint.dir/ub_duckdb_transformer_constraint.cpp.o src/parser/transform/expression/CMakeFiles/duckdb_transformer_expression.dir/ub_duckdb_transformer_expression.cpp.o src/parser/transform/helpers/CMakeFiles/duckdb_transformer_helpers.dir/ub_duckdb_transformer_helpers.cpp.o src/parser/transform/statement/CMakeFiles/duckdb_transformer_statement.dir/ub_duckdb_transformer_statement.cpp.o src/parser/transform/tableref/CMakeFiles/duckdb_transformer_tableref.dir/ub_duckdb_transformer_tableref.cpp.o src/parser/CMakeFiles/duckdb_parser.dir/ub_duckdb_parser.cpp.o src/function/aggregate/algebraic/CMakeFiles/duckdb_aggr_algebraic.dir/ub_duckdb_aggr_algebraic.cpp.o src/function/aggregate/distributive/CMakeFiles/duckdb_aggr_distr.dir/ub_duckdb_aggr_distr.cpp.o src/function/aggregate/holistic/CMakeFiles/duckdb_aggr_holistic.dir/ub_duckdb_aggr_holistic.cpp.o src/function/aggregate/nested/CMakeFiles/duckdb_aggr_nested.dir/ub_duckdb_aggr_nested.cpp.o src/function/aggregate/regression/CMakeFiles/duckdb_aggr_regr.dir/ub_duckdb_aggr_regr.cpp.o src/function/aggregate/CMakeFiles/duckdb_func_aggr.dir/ub_duckdb_func_aggr.cpp.o src/function/cast/CMakeFiles/duckdb_func_cast.dir/ub_duckdb_func_cast.cpp.o src/function/pragma/CMakeFiles/duckdb_func_pragma.dir/ub_duckdb_func_pragma.cpp.o src/function/scalar/blob/CMakeFiles/duckdb_func_blob.dir/ub_duckdb_func_blob.cpp.o src/function/scalar/date/CMakeFiles/duckdb_func_date.dir/ub_duckdb_func_date.cpp.o src/function/scalar/generic/CMakeFiles/duckdb_func_generic.dir/ub_duckdb_func_generic.cpp.o src/function/scalar/list/CMakeFiles/duckdb_func_list.dir/ub_duckdb_func_list.cpp.o src/function/scalar/map/CMakeFiles/duckdb_func_map_nested.dir/ub_duckdb_func_map_nested.cpp.o src/function/scalar/math/CMakeFiles/duckdb_func_math.dir/ub_duckdb_func_math.cpp.o src/function/scalar/operators/CMakeFiles/duckdb_func_ops.dir/ub_duckdb_func_ops.cpp.o src/function/scalar/sequence/CMakeFiles/duckdb_func_seq.dir/ub_duckdb_func_seq.cpp.o src/function/scalar/string/CMakeFiles/duckdb_func_string.dir/ub_duckdb_func_string.cpp.o src/function/scalar/struct/CMakeFiles/duckdb_func_struct.dir/ub_duckdb_func_struct.cpp.o src/function/scalar/system/CMakeFiles/duckdb_func_system.dir/ub_duckdb_func_system.cpp.o src/function/scalar/union/CMakeFiles/duckdb_func_union.dir/ub_duckdb_func_union.cpp.o src/function/scalar/enum/CMakeFiles/duckdb_func_enum.dir/ub_duckdb_func_enum.cpp.o src/function/scalar/CMakeFiles/duckdb_func_scalar.dir/ub_duckdb_func_scalar.cpp.o src/function/table/system/CMakeFiles/duckdb_table_func_system.dir/ub_duckdb_table_func_system.cpp.o src/function/table/version/CMakeFiles/duckdb_func_table_version.dir/ub_duckdb_func_table_version.cpp.o src/function/table/CMakeFiles/duckdb_func_table.dir/ub_duckdb_func_table.cpp.o src/function/CMakeFiles/duckdb_function.dir/ub_duckdb_function.cpp.o src/catalog/catalog_entry/CMakeFiles/duckdb_catalog_entries.dir/ub_duckdb_catalog_entries.cpp.o src/catalog/default/CMakeFiles/duckdb_catalog_default_entries.dir/ub_duckdb_catalog_default_entries.cpp.o src/catalog/CMakeFiles/duckdb_catalog.dir/ub_duckdb_catalog.cpp.o src/common/arrow/CMakeFiles/duckdb_common_arrow.dir/ub_duckdb_common_arrow.cpp.o src/common/crypto/CMakeFiles/duckdb_common_crypto.dir/ub_duckdb_common_crypto.cpp.o src/common/enums/CMakeFiles/duckdb_common_enums.dir/ub_duckdb_common_enums.cpp.o src/common/operator/CMakeFiles/duckdb_common_operators.dir/ub_duckdb_common_operators.cpp.o src/common/progress_bar/CMakeFiles/duckdb_progress_bar.dir/ub_duckdb_progress_bar.cpp.o src/common/row_operations/CMakeFiles/duckdb_row_operations.dir/ub_duckdb_row_operations.cpp.o src/common/serializer/CMakeFiles/duckdb_common_serializer.dir/ub_duckdb_common_serializer.cpp.o src/common/sort/CMakeFiles/duckdb_sort.dir/ub_duckdb_sort.cpp.o src/common/types/CMakeFiles/duckdb_common_types.dir/ub_duckdb_common_types.cpp.o src/common/value_operations/CMakeFiles/duckdb_value_operations.dir/ub_duckdb_value_operations.cpp.o src/common/vector_operations/CMakeFiles/duckdb_vector_operations.dir/boolean_operators.cpp.o src/common/vector_operations/CMakeFiles/duckdb_vector_operations.dir/vector_cast.cpp.o src/common/vector_operations/CMakeFiles/duckdb_vector_operations.dir/comparison_operators.cpp.o src/common/vector_operations/CMakeFiles/duckdb_vector_operations.dir/vector_copy.cpp.o src/common/vector_operations/CMakeFiles/duckdb_vector_operations.dir/generators.cpp.o src/common/vector_operations/CMakeFiles/duckdb_vector_operations.dir/vector_hash.cpp.o src/common/vector_operations/CMakeFiles/duckdb_vector_operations.dir/vector_storage.cpp.o src/common/vector_operations/CMakeFiles/duckdb_vector_operations.dir/null_operations.cpp.o src/common/vector_operations/CMakeFiles/duckdb_vector_operations.dir/numeric_inplace_operators.cpp.o src/common/vector_operations/CMakeFiles/duckdb_vector_operations.dir/is_distinct_from.cpp.o src/common/CMakeFiles/duckdb_common.dir/ub_duckdb_common.cpp.o src/execution/expression_executor/CMakeFiles/duckdb_expression_executor.dir/ub_duckdb_expression_executor.cpp.o src/execution/nested_loop_join/CMakeFiles/duckdb_nested_loop_join.dir/ub_duckdb_nested_loop_join.cpp.o src/execution/operator/aggregate/CMakeFiles/duckdb_operator_aggregate.dir/ub_duckdb_operator_aggregate.cpp.o src/execution/operator/filter/CMakeFiles/duckdb_operator_filter.dir/ub_duckdb_operator_filter.cpp.o src/execution/operator/helper/CMakeFiles/duckdb_operator_helper.dir/ub_duckdb_operator_helper.cpp.o src/execution/operator/join/CMakeFiles/duckdb_operator_join.dir/ub_duckdb_operator_join.cpp.o src/execution/operator/order/CMakeFiles/duckdb_operator_order.dir/ub_duckdb_operator_order.cpp.o src/execution/operator/persistent/CMakeFiles/duckdb_operator_persistent.dir/ub_duckdb_operator_persistent.cpp.o src/execution/operator/projection/CMakeFiles/duckdb_operator_projection.dir/ub_duckdb_operator_projection.cpp.o src/execution/operator/scan/CMakeFiles/duckdb_operator_scan.dir/ub_duckdb_operator_scan.cpp.o src/execution/operator/schema/CMakeFiles/duckdb_operator_schema.dir/ub_duckdb_operator_schema.cpp.o src/execution/operator/set/CMakeFiles/duckdb_operator_set.dir/ub_duckdb_operator_set.cpp.o src/execution/physical_plan/CMakeFiles/duckdb_physical_plan.dir/ub_duckdb_physical_plan.cpp.o src/execution/index/art/CMakeFiles/duckdb_art_index_execution.dir/ub_duckdb_art_index_execution.cpp.o src/execution/CMakeFiles/duckdb_execution.dir/ub_duckdb_execution.cpp.o src/main/capi/cast/CMakeFiles/duckdb_main_capi_cast.dir/ub_duckdb_main_capi_cast.cpp.o src/main/capi/CMakeFiles/duckdb_main_capi.dir/ub_duckdb_main_capi.cpp.o src/main/extension/CMakeFiles/duckdb_main_extension.dir/ub_duckdb_main_extension.cpp.o src/main/relation/CMakeFiles/duckdb_main_relation.dir/ub_duckdb_main_relation.cpp.o src/main/settings/CMakeFiles/duckdb_main_settings.dir/ub_duckdb_main_settings.cpp.o src/main/CMakeFiles/duckdb_main.dir/ub_duckdb_main.cpp.o src/parallel/CMakeFiles/duckdb_parallel.dir/ub_duckdb_parallel.cpp.o src/storage/buffer/CMakeFiles/duckdb_storage_buffer.dir/ub_duckdb_storage_buffer.cpp.o src/storage/checkpoint/CMakeFiles/duckdb_storage_checkpoint.dir/ub_duckdb_storage_checkpoint.cpp.o src/storage/compression/chimp/CMakeFiles/duckdb_storage_compression_chimp.dir/ub_duckdb_storage_compression_chimp.cpp.o src/storage/compression/CMakeFiles/duckdb_storage_compression.dir/ub_duckdb_storage_compression.cpp.o src/storage/statistics/CMakeFiles/duckdb_storage_statistics.dir/ub_duckdb_storage_statistics.cpp.o src/storage/table/CMakeFiles/duckdb_storage_table.dir/ub_duckdb_storage_table.cpp.o src/storage/CMakeFiles/duckdb_storage.dir/ub_duckdb_storage.cpp.o src/transaction/CMakeFiles/duckdb_transaction.dir/ub_duckdb_transaction.cpp.o src/verification/CMakeFiles/duckdb_verification.dir/copied_statement_verifier.cpp.o src/verification/CMakeFiles/duckdb_verification.dir/external_statement_verifier.cpp.o src/verification/CMakeFiles/duckdb_verification.dir/prepared_statement_verifier.cpp.o src/verification/CMakeFiles/duckdb_verification.dir/deserialized_statement_verifier.cpp.o src/verification/CMakeFiles/duckdb_verification.dir/statement_verifier.cpp.o src/verification/CMakeFiles/duckdb_verification.dir/parsed_statement_verifier.cpp.o src/verification/CMakeFiles/duckdb_verification.dir/unoptimized_statement_verifier.cpp.o  -ldl  third_party/fsst/libduckdb_fsst.a  third_party/fmt/libduckdb_fmt.a  third_party/libpg_query/libduckdb_pg_query.a  third_party/re2/libduckdb_re2.a  third_party/miniz/libduckdb_miniz.a  third_party/utf8proc/libduckdb_utf8proc.a  third_party/hyperloglog/libduckdb_hyperloglog.a  third_party/fastpforlib/libduckdb_fastpforlib.a  third_party/mbedtls/libduckdb_mbedtls.a  extension/jemalloc/libjemalloc_extension.a  extension/parquet/libparquet_extension.a && :
[367/376] : && /usr/bin/c++ -fPIC -O3 -DNDEBUG -O3 -DNDEBUG   -shared -Wl,-soname,libsqlite3_api_wrapper.so -o tools/sqlite3_api_wrapper/libsqlite3_api_wrapper.so tools/sqlite3_api_wrapper/sqlite3/CMakeFiles/sqlite3_api_wrapper_sqlite3.dir/printf.c.o tools/sqlite3_api_wrapper/sqlite3/CMakeFiles/sqlite3_api_wrapper_sqlite3.dir/strglob.c.o tools/sqlite3_api_wrapper/sqlite3_udf_api/CMakeFiles/sqlite3_udf_api.dir/sqlite3_udf_wrapper.cpp.o tools/sqlite3_api_wrapper/sqlite3_udf_api/CMakeFiles/sqlite3_udf_api.dir/cast_sqlite.cpp.o tools/sqlite3_api_wrapper/CMakeFiles/sqlite3_api_wrapper.dir/sqlite3_api_wrapper.cpp.o tools/sqlite3_api_wrapper/CMakeFiles/sqlite3_api_wrapper.dir/sql_auto_complete_extension.cpp.o  -Wl,-rpath,/home/bita/Project/duckdb-polr/build/release/src  src/libduckdb.so  -ldl  third_party/fsst/libduckdb_fsst.a  third_party/fmt/libduckdb_fmt.a  third_party/libpg_query/libduckdb_pg_query.a  third_party/re2/libduckdb_re2.a  third_party/miniz/libduckdb_miniz.a  third_party/utf8proc/libduckdb_utf8proc.a  third_party/hyperloglog/libduckdb_hyperloglog.a  third_party/fastpforlib/libduckdb_fastpforlib.a  third_party/mbedtls/libduckdb_mbedtls.a  extension/jemalloc/libjemalloc_extension.a  extension/parquet/libparquet_extension.a && :
[368/376] : && /usr/bin/cmake -E rm -f tools/sqlite3_api_wrapper/libsqlite3_api_wrapper_static.a && /usr/bin/ar qc tools/sqlite3_api_wrapper/libsqlite3_api_wrapper_static.a  tools/sqlite3_api_wrapper/sqlite3/CMakeFiles/sqlite3_api_wrapper_sqlite3.dir/printf.c.o tools/sqlite3_api_wrapper/sqlite3/CMakeFiles/sqlite3_api_wrapper_sqlite3.dir/strglob.c.o tools/sqlite3_api_wrapper/sqlite3_udf_api/CMakeFiles/sqlite3_udf_api.dir/sqlite3_udf_wrapper.cpp.o tools/sqlite3_api_wrapper/sqlite3_udf_api/CMakeFiles/sqlite3_udf_api.dir/cast_sqlite.cpp.o tools/sqlite3_api_wrapper/CMakeFiles/sqlite3_api_wrapper_static.dir/sqlite3_api_wrapper.cpp.o tools/sqlite3_api_wrapper/CMakeFiles/sqlite3_api_wrapper_static.dir/sql_auto_complete_extension.cpp.o && /usr/bin/ranlib tools/sqlite3_api_wrapper/libsqlite3_api_wrapper_static.a && :
[369/376] : && /usr/bin/cmake -E rm -f test/helpers/libtest_helpers.a && /usr/bin/ar qc test/helpers/libtest_helpers.a  test/helpers/CMakeFiles/test_helpers.dir/test_helpers.cpp.o test/helpers/CMakeFiles/test_helpers.dir/capi_tester.cpp.o test/helpers/CMakeFiles/test_helpers.dir/pid.cpp.o && /usr/bin/ranlib test/helpers/libtest_helpers.a && :
[370/376] : && /usr/bin/c++ -O3 -DNDEBUG -O3 -DNDEBUG -rdynamic tools/sqlite3_api_wrapper/CMakeFiles/test_sqlite3_api_wrapper.dir/test/test_sqlite3_api_wrapper.cpp.o tools/sqlite3_api_wrapper/CMakeFiles/test_sqlite3_api_wrapper.dir/test/test_sqlite3_udf_api_wrapper.cpp.o -o tools/sqlite3_api_wrapper/test_sqlite3_api_wrapper  -Wl,-rpath,/home/bita/Project/duckdb-polr/build/release/tools/sqlite3_api_wrapper:/home/bita/Project/duckdb-polr/build/release/src  tools/sqlite3_api_wrapper/libsqlite3_api_wrapper.so  src/libduckdb.so  -ldl  third_party/fsst/libduckdb_fsst.a  third_party/fmt/libduckdb_fmt.a  third_party/libpg_query/libduckdb_pg_query.a  third_party/re2/libduckdb_re2.a  third_party/miniz/libduckdb_miniz.a  third_party/utf8proc/libduckdb_utf8proc.a  third_party/hyperloglog/libduckdb_hyperloglog.a  third_party/fastpforlib/libduckdb_fastpforlib.a  third_party/mbedtls/libduckdb_mbedtls.a  extension/jemalloc/libjemalloc_extension.a  extension/parquet/libparquet_extension.a && :
[371/376] : && /usr/bin/c++ -O3 -DNDEBUG -O3 -DNDEBUG -rdynamic extension/parquet/CMakeFiles/parquetcli.dir/parquetcli.cpp.o -o extension/parquet/parquetcli  extension/parquet/libparquet_extension.a  src/libduckdb_static.a  extension/parquet/libparquet_extension.a  -ldl  third_party/fsst/libduckdb_fsst.a  third_party/fmt/libduckdb_fmt.a  third_party/libpg_query/libduckdb_pg_query.a  third_party/re2/libduckdb_re2.a  third_party/miniz/libduckdb_miniz.a  third_party/utf8proc/libduckdb_utf8proc.a  third_party/hyperloglog/libduckdb_hyperloglog.a  third_party/fastpforlib/libduckdb_fastpforlib.a  third_party/mbedtls/libduckdb_mbedtls.a  extension/jemalloc/libjemalloc_extension.a && :
[372/376] : && /usr/bin/c++ -O3 -DNDEBUG -O3 -DNDEBUG -rdynamic tools/shell/CMakeFiles/shell.dir/shell.c.o tools/shell/CMakeFiles/shell.dir/linenoise.cpp.o -o duckdb  tools/sqlite3_api_wrapper/libsqlite3_api_wrapper_static.a  third_party/utf8proc/libduckdb_utf8proc.a  src/libduckdb_static.a  third_party/utf8proc/libduckdb_utf8proc.a  -ldl  third_party/fsst/libduckdb_fsst.a  third_party/fmt/libduckdb_fmt.a  third_party/libpg_query/libduckdb_pg_query.a  third_party/re2/libduckdb_re2.a  third_party/miniz/libduckdb_miniz.a  third_party/hyperloglog/libduckdb_hyperloglog.a  third_party/fastpforlib/libduckdb_fastpforlib.a  third_party/mbedtls/libduckdb_mbedtls.a  extension/jemalloc/libjemalloc_extension.a  extension/parquet/libparquet_extension.a && :
[373/376] /usr/bin/c++ -DDUCKDB_BUILD_LIBRARY -DENABLE_CROSS_PRODUCT_REWRITE=0 -DENABLE_DEBUG_PRINT=0 -DENABLE_MEASURE_EXE_TIME=0 -DENABLE_MERGE_BACK_PLAN=0 -DENABLE_PARALLEL_EXECUTION=0 -DENABLE_QUERY_SPLIT=0 -DENABLE_SPECIFY_EST_STAT=0 -I/home/bita/Project/duckdb-polr/src/include -I/home/bita/Project/duckdb-polr/third_party/fsst -I/home/bita/Project/duckdb-polr/third_party/fmt/include -I/home/bita/Project/duckdb-polr/third_party/hyperloglog -I/home/bita/Project/duckdb-polr/third_party/fastpforlib -I/home/bita/Project/duckdb-polr/third_party/fast_float -I/home/bita/Project/duckdb-polr/third_party/re2 -I/home/bita/Project/duckdb-polr/third_party/miniz -I/home/bita/Project/duckdb-polr/third_party/utf8proc/include -I/home/bita/Project/duckdb-polr/third_party/miniparquet -I/home/bita/Project/duckdb-polr/third_party/concurrentqueue -I/home/bita/Project/duckdb-polr/third_party/pcg -I/home/bita/Project/duckdb-polr/third_party/tdigest -I/home/bita/Project/duckdb-polr/third_party/mbedtls/include -I/home/bita/Project/duckdb-polr/third_party/jaro_winkler -I/home/bita/Project/duckdb-polr/test/../third_party/catch -I/home/bita/Project/duckdb-polr/test/../third_party/tpce-tool/include -I/home/bita/Project/duckdb-polr/test/../third_party/sqlite/include -I/home/bita/Project/duckdb-polr/test/include -O3 -DNDEBUG -O3 -DNDEBUG   -fPIC -fdiagnostics-color=always -std=c++11 -MD -MT test/api/CMakeFiles/test_api.dir/ub_test_api.cpp.o -MF test/api/CMakeFiles/test_api.dir/ub_test_api.cpp.o.d -o test/api/CMakeFiles/test_api.dir/ub_test_api.cpp.o -c /home/bita/Project/duckdb-polr/build/release/test/api/ub_test_api.cpp
[374/376] : && /usr/bin/c++ -O3 -DNDEBUG -O3 -DNDEBUG -rdynamic test/api/capi/CMakeFiles/test_sql_capi.dir/ub_test_sql_capi.cpp.o test/api/udf_function/CMakeFiles/test_api_udf_function.dir/ub_test_api_udf_function.cpp.o test/api/CMakeFiles/test_api.dir/ub_test_api.cpp.o test/appender/CMakeFiles/test_appender.dir/ub_test_appender.cpp.o test/arrow_roundtrip/CMakeFiles/test_arrow_roundtrip.dir/ub_test_arrow_roundtrip.cpp.o test/common/CMakeFiles/test_common.dir/ub_test_common.cpp.o test/extension/CMakeFiles/test_extensions.dir/ub_test_extensions.cpp.o test/memoryleak/CMakeFiles/test_memory_leak.dir/ub_test_memory_leak.cpp.o test/sql/filter/CMakeFiles/test_filter.dir/ub_test_filter.cpp.o test/sql/function/table/CMakeFiles/test_table_function.dir/ub_test_table_function.cpp.o test/sql/index/CMakeFiles/test_index.dir/ub_test_index.cpp.o test/sql/parallelism/interquery/CMakeFiles/test_sql_interquery_parallelism.dir/ub_test_sql_interquery_parallelism.cpp.o test/sql/storage/catalog/CMakeFiles/test_sql_storage_catalog.dir/ub_test_sql_storage_catalog.cpp.o test/sql/storage/CMakeFiles/test_sql_storage.dir/ub_test_sql_storage.cpp.o test/sqlite/CMakeFiles/test_sqlite.dir/ub_test_sqlite.cpp.o test/ossfuzz/CMakeFiles/test_ossfuzz.dir/ub_test_ossfuzz.cpp.o test/mbedtls/CMakeFiles/test_mbedtls.dir/ub_test_mbedtls.cpp.o test/persistence/CMakeFiles/test_persistence.dir/ub_test_persistence.cpp.o test/CMakeFiles/unittest.dir/unittest.cpp.o -o test/unittest  -Wl,-rpath,/home/bita/Project/duckdb-polr/build/release/src  test/helpers/libtest_helpers.a  src/libduckdb.so  -ldl  third_party/fsst/libduckdb_fsst.a  third_party/fmt/libduckdb_fmt.a  third_party/libpg_query/libduckdb_pg_query.a  third_party/re2/libduckdb_re2.a  third_party/miniz/libduckdb_miniz.a  third_party/utf8proc/libduckdb_utf8proc.a  third_party/hyperloglog/libduckdb_hyperloglog.a  third_party/fastpforlib/libduckdb_fastpforlib.a  third_party/mbedtls/libduckdb_mbedtls.a  extension/jemalloc/libjemalloc_extension.a  extension/parquet/libparquet_extension.a && :
[375/376] /usr/bin/cc -DDUCKDB_BUILD_LIBRARY -DENABLE_CROSS_PRODUCT_REWRITE=0 -DENABLE_DEBUG_PRINT=0 -DENABLE_MEASURE_EXE_TIME=0 -DENABLE_MERGE_BACK_PLAN=0 -DENABLE_PARALLEL_EXECUTION=0 -DENABLE_QUERY_SPLIT=0 -DENABLE_SPECIFY_EST_STAT=0 -I/home/bita/Project/duckdb-polr/src/include -I/home/bita/Project/duckdb-polr/third_party/fsst -I/home/bita/Project/duckdb-polr/third_party/fmt/include -I/home/bita/Project/duckdb-polr/third_party/hyperloglog -I/home/bita/Project/duckdb-polr/third_party/fastpforlib -I/home/bita/Project/duckdb-polr/third_party/fast_float -I/home/bita/Project/duckdb-polr/third_party/re2 -I/home/bita/Project/duckdb-polr/third_party/miniz -I/home/bita/Project/duckdb-polr/third_party/utf8proc/include -I/home/bita/Project/duckdb-polr/third_party/miniparquet -I/home/bita/Project/duckdb-polr/third_party/concurrentqueue -I/home/bita/Project/duckdb-polr/third_party/pcg -I/home/bita/Project/duckdb-polr/third_party/tdigest -I/home/bita/Project/duckdb-polr/third_party/mbedtls/include -I/home/bita/Project/duckdb-polr/third_party/jaro_winkler -I/home/bita/Project/duckdb-polr/third_party/sqlite/include -O3 -DNDEBUG -O3 -DNDEBUG   -fPIC -fvisibility=hidden -fdiagnostics-color=always -MD -MT third_party/sqlite/CMakeFiles/duckdb_sqlite3.dir/sqlite3.c.o -MF third_party/sqlite/CMakeFiles/duckdb_sqlite3.dir/sqlite3.c.o.d -o third_party/sqlite/CMakeFiles/duckdb_sqlite3.dir/sqlite3.c.o -c /home/bita/Project/duckdb-polr/third_party/sqlite/sqlite3.c
[376/376] : && /usr/bin/cmake -E rm -f third_party/sqlite/libduckdb_sqlite3.a && /usr/bin/ar qc third_party/sqlite/libduckdb_sqlite3.a  third_party/sqlite/CMakeFiles/duckdb_sqlite3.dir/sqlite3.c.o && /usr/bin/ranlib third_party/sqlite/libduckdb_sqlite3.a && :
mkdir -p build/release && \
cd build/release && \
cmake -G "Ninja" -DFORCE_COLORED_OUTPUT=1        -DBUILD_PARQUET_EXTENSION=TRUE -DCMAKE_BUILD_TYPE=Release ../.. && \
cmake --build . --config Release
Re-run cmake no build system arguments
-- Found Git: /usr/bin/git (found version "2.39.5") 
fatal: No names found, cannot describe anything.
fatal: No names found, cannot describe anything.
-- git hash cd7a58694b, version v..1-dev
-- Configuring done
-- Generating done
-- Build files have been written to: /home/pei/Project/duckdb-polr/build/release
[1/376] /usr/bin/ccache /usr/lib/ccache/c++ -DDUCKDB -DDUCKDB_BUILD_LIBRARY -DDUCKDB_MAIN_LIBRARY -DENABLE_CROSS_PRODUCT_REWRITE=0 -DENABLE_DEBUG_PRINT=0 -DENABLE_MEASURE_EXE_TIME=0 -DENABLE_MERGE_BACK_PLAN=0 -DENABLE_PARALLEL_EXECUTION=0 -DENABLE_QUERY_SPLIT=0 -DENABLE_SPECIFY_EST_STAT=0 -I/home/pei/Project/duckdb-polr/src/include -I/home/pei/Project/duckdb-polr/third_party/fsst -I/home/pei/Project/duckdb-polr/third_party/fmt/include -I/home/pei/Project/duckdb-polr/third_party/hyperloglog -I/home/pei/Project/duckdb-polr/third_party/fastpforlib -I/home/pei/Project/duckdb-polr/third_party/fast_float -I/home/pei/Project/duckdb-polr/third_party/re2 -I/home/pei/Project/duckdb-polr/third_party/miniz -I/home/pei/Project/duckdb-polr/third_party/utf8proc/include -I/home/pei/Project/duckdb-polr/third_party/miniparquet -I/home/pei/Project/duckdb-polr/third_party/concurrentqueue -I/home/pei/Project/duckdb-polr/third_party/pcg -I/home/pei/Project/duckdb-polr/third_party/tdigest -I/home/pei/Project/duckdb-polr/third_party/mbedtls/include -I/home/pei/Project/duckdb-polr/third_party/jaro_winkler -O3 -DNDEBUG -O3 -DNDEBUG   -fPIC -fdiagnostics-color=always -std=c++11 -MD -MT src/optimizer/matcher/CMakeFiles/duckdb_optimizer_matcher.dir/ub_duckdb_optimizer_matcher.cpp.o -MF src/optimizer/matcher/CMakeFiles/duckdb_optimizer_matcher.dir/ub_duckdb_optimizer_matcher.cpp.o.d -o src/optimizer/matcher/CMakeFiles/duckdb_optimizer_matcher.dir/ub_duckdb_optimizer_matcher.cpp.o -c /home/pei/Project/duckdb-polr/build/release/src/optimizer/matcher/ub_duckdb_optimizer_matcher.cpp
[2/376] /usr/bin/ccache /usr/lib/ccache/c++ -DDUCKDB -DDUCKDB_BUILD_LIBRARY -DDUCKDB_MAIN_LIBRARY -DENABLE_CROSS_PRODUCT_REWRITE=0 -DENABLE_DEBUG_PRINT=0 -DENABLE_MEASURE_EXE_TIME=0 -DENABLE_MERGE_BACK_PLAN=0 -DENABLE_PARALLEL_EXECUTION=0 -DENABLE_QUERY_SPLIT=0 -DENABLE_SPECIFY_EST_STAT=0 -I/home/pei/Project/duckdb-polr/src/include -I/home/pei/Project/duckdb-polr/third_party/fsst -I/home/pei/Project/duckdb-polr/third_party/fmt/include -I/home/pei/Project/duckdb-polr/third_party/hyperloglog -I/home/pei/Project/duckdb-polr/third_party/fastpforlib -I/home/pei/Project/duckdb-polr/third_party/fast_float -I/home/pei/Project/duckdb-polr/third_party/re2 -I/home/pei/Project/duckdb-polr/third_party/miniz -I/home/pei/Project/duckdb-polr/third_party/utf8proc/include -I/home/pei/Project/duckdb-polr/third_party/miniparquet -I/home/pei/Project/duckdb-polr/third_party/concurrentqueue -I/home/pei/Project/duckdb-polr/third_party/pcg -I/home/pei/Project/duckdb-polr/third_party/tdigest -I/home/pei/Project/duckdb-polr/third_party/mbedtls/include -I/home/pei/Project/duckdb-polr/third_party/jaro_winkler -O3 -DNDEBUG -O3 -DNDEBUG   -fPIC -fdiagnostics-color=always -std=c++11 -MD -MT src/optimizer/pullup/CMakeFiles/duckdb_optimizer_pullup.dir/ub_duckdb_optimizer_pullup.cpp.o -MF src/optimizer/pullup/CMakeFiles/duckdb_optimizer_pullup.dir/ub_duckdb_optimizer_pullup.cpp.o.d -o src/optimizer/pullup/CMakeFiles/duckdb_optimizer_pullup.dir/ub_duckdb_optimizer_pullup.cpp.o -c /home/pei/Project/duckdb-polr/build/release/src/optimizer/pullup/ub_duckdb_optimizer_pullup.cpp
[3/376] /usr/bin/ccache /usr/lib/ccache/c++ -DDUCKDB -DDUCKDB_BUILD_LIBRARY -DDUCKDB_MAIN_LIBRARY -DENABLE_CROSS_PRODUCT_REWRITE=0 -DENABLE_DEBUG_PRINT=0 -DENABLE_MEASURE_EXE_TIME=0 -DENABLE_MERGE_BACK_PLAN=0 -DENABLE_PARALLEL_EXECUTION=0 -DENABLE_QUERY_SPLIT=0 -DENABLE_SPECIFY_EST_STAT=0 -I/home/pei/Project/duckdb-polr/src/include -I/home/pei/Project/duckdb-polr/third_party/fsst -I/home/pei/Project/duckdb-polr/third_party/fmt/include -I/home/pei/Project/duckdb-polr/third_party/hyperloglog -I/home/pei/Project/duckdb-polr/third_party/fastpforlib -I/home/pei/Project/duckdb-polr/third_party/fast_float -I/home/pei/Project/duckdb-polr/third_party/re2 -I/home/pei/Project/duckdb-polr/third_party/miniz -I/home/pei/Project/duckdb-polr/third_party/utf8proc/include -I/home/pei/Project/duckdb-polr/third_party/miniparquet -I/home/pei/Project/duckdb-polr/third_party/concurrentqueue -I/home/pei/Project/duckdb-polr/third_party/pcg -I/home/pei/Project/duckdb-polr/third_party/tdigest -I/home/pei/Project/duckdb-polr/third_party/mbedtls/include -I/home/pei/Project/duckdb-polr/third_party/jaro_winkler -O3 -DNDEBUG -O3 -DNDEBUG   -fPIC -fdiagnostics-color=always -std=c++11 -MD -MT src/optimizer/statistics/expression/CMakeFiles/duckdb_optimizer_statistics_expr.dir/ub_duckdb_optimizer_statistics_expr.cpp.o -MF src/optimizer/statistics/expression/CMakeFiles/duckdb_optimizer_statistics_expr.dir/ub_duckdb_optimizer_statistics_expr.cpp.o.d -o src/optimizer/statistics/expression/CMakeFiles/duckdb_optimizer_statistics_expr.dir/ub_duckdb_optimizer_statistics_expr.cpp.o -c /home/pei/Project/duckdb-polr/build/release/src/optimizer/statistics/expression/ub_duckdb_optimizer_statistics_expr.cpp
[4/376] /usr/bin/ccache /usr/lib/ccache/c++ -DDUCKDB -DDUCKDB_BUILD_LIBRARY -DDUCKDB_MAIN_LIBRARY -DENABLE_CROSS_PRODUCT_REWRITE=0 -DENABLE_DEBUG_PRINT=0 -DENABLE_MEASURE_EXE_TIME=0 -DENABLE_MERGE_BACK_PLAN=0 -DENABLE_PARALLEL_EXECUTION=0 -DENABLE_QUERY_SPLIT=0 -DENABLE_SPECIFY_EST_STAT=0 -I/home/pei/Project/duckdb-polr/src/include -I/home/pei/Project/duckdb-polr/third_party/fsst -I/home/pei/Project/duckdb-polr/third_party/fmt/include -I/home/pei/Project/duckdb-polr/third_party/hyperloglog -I/home/pei/Project/duckdb-polr/third_party/fastpforlib -I/home/pei/Project/duckdb-polr/third_party/fast_float -I/home/pei/Project/duckdb-polr/third_party/re2 -I/home/pei/Project/duckdb-polr/third_party/miniz -I/home/pei/Project/duckdb-polr/third_party/utf8proc/include -I/home/pei/Project/duckdb-polr/third_party/miniparquet -I/home/pei/Project/duckdb-polr/third_party/concurrentqueue -I/home/pei/Project/duckdb-polr/third_party/pcg -I/home/pei/Project/duckdb-polr/third_party/tdigest -I/home/pei/Project/duckdb-polr/third_party/mbedtls/include -I/home/pei/Project/duckdb-polr/third_party/jaro_winkler -O3 -DNDEBUG -O3 -DNDEBUG   -fPIC -fdiagnostics-color=always -std=c++11 -MD -MT src/optimizer/statistics/operator/CMakeFiles/duckdb_optimizer_statistics_op.dir/ub_duckdb_optimizer_statistics_op.cpp.o -MF src/optimizer/statistics/operator/CMakeFiles/duckdb_optimizer_statistics_op.dir/ub_duckdb_optimizer_statistics_op.cpp.o.d -o src/optimizer/statistics/operator/CMakeFiles/duckdb_optimizer_statistics_op.dir/ub_duckdb_optimizer_statistics_op.cpp.o -c /home/pei/Project/duckdb-polr/build/release/src/optimizer/statistics/operator/ub_duckdb_optimizer_statistics_op.cpp
[5/376] /usr/bin/ccache /usr/lib/ccache/c++ -DDUCKDB -DDUCKDB_BUILD_LIBRARY -DDUCKDB_MAIN_LIBRARY -DENABLE_CROSS_PRODUCT_REWRITE=0 -DENABLE_DEBUG_PRINT=0 -DENABLE_MEASURE_EXE_TIME=0 -DENABLE_MERGE_BACK_PLAN=0 -DENABLE_PARALLEL_EXECUTION=0 -DENABLE_QUERY_SPLIT=0 -DENABLE_SPECIFY_EST_STAT=0 -I/home/pei/Project/duckdb-polr/src/include -I/home/pei/Project/duckdb-polr/third_party/fsst -I/home/pei/Project/duckdb-polr/third_party/fmt/include -I/home/pei/Project/duckdb-polr/third_party/hyperloglog -I/home/pei/Project/duckdb-polr/third_party/fastpforlib -I/home/pei/Project/duckdb-polr/third_party/fast_float -I/home/pei/Project/duckdb-polr/third_party/re2 -I/home/pei/Project/duckdb-polr/third_party/miniz -I/home/pei/Project/duckdb-polr/third_party/utf8proc/include -I/home/pei/Project/duckdb-polr/third_party/miniparquet -I/home/pei/Project/duckdb-polr/third_party/concurrentqueue -I/home/pei/Project/duckdb-polr/third_party/pcg -I/home/pei/Project/duckdb-polr/third_party/tdigest -I/home/pei/Project/duckdb-polr/third_party/mbedtls/include -I/home/pei/Project/duckdb-polr/third_party/jaro_winkler -O3 -DNDEBUG -O3 -DNDEBUG   -fPIC -fdiagnostics-color=always -std=c++11 -MD -MT src/optimizer/join_order/CMakeFiles/duckdb_optimizer_join_order.dir/ub_duckdb_optimizer_join_order.cpp.o -MF src/optimizer/join_order/CMakeFiles/duckdb_optimizer_join_order.dir/ub_duckdb_optimizer_join_order.cpp.o.d -o src/optimizer/join_order/CMakeFiles/duckdb_optimizer_join_order.dir/ub_duckdb_optimizer_join_order.cpp.o -c /home/pei/Project/duckdb-polr/build/release/src/optimizer/join_order/ub_duckdb_optimizer_join_order.cpp
[6/376] /usr/bin/ccache /usr/lib/ccache/c++ -DDUCKDB -DDUCKDB_BUILD_LIBRARY -DDUCKDB_MAIN_LIBRARY -DENABLE_CROSS_PRODUCT_REWRITE=0 -DENABLE_DEBUG_PRINT=0 -DENABLE_MEASURE_EXE_TIME=0 -DENABLE_MERGE_BACK_PLAN=0 -DENABLE_PARALLEL_EXECUTION=0 -DENABLE_QUERY_SPLIT=0 -DENABLE_SPECIFY_EST_STAT=0 -I/home/pei/Project/duckdb-polr/src/include -I/home/pei/Project/duckdb-polr/third_party/fsst -I/home/pei/Project/duckdb-polr/third_party/fmt/include -I/home/pei/Project/duckdb-polr/third_party/hyperloglog -I/home/pei/Project/duckdb-polr/third_party/fastpforlib -I/home/pei/Project/duckdb-polr/third_party/fast_float -I/home/pei/Project/duckdb-polr/third_party/re2 -I/home/pei/Project/duckdb-polr/third_party/miniz -I/home/pei/Project/duckdb-polr/third_party/utf8proc/include -I/home/pei/Project/duckdb-polr/third_party/miniparquet -I/home/pei/Project/duckdb-polr/third_party/concurrentqueue -I/home/pei/Project/duckdb-polr/third_party/pcg -I/home/pei/Project/duckdb-polr/third_party/tdigest -I/home/pei/Project/duckdb-polr/third_party/mbedtls/include -I/home/pei/Project/duckdb-polr/third_party/jaro_winkler -O3 -DNDEBUG -O3 -DNDEBUG   -fPIC -fdiagnostics-color=always -std=c++11 -MD -MT src/optimizer/rule/CMakeFiles/duckdb_optimizer_rules.dir/ub_duckdb_optimizer_rules.cpp.o -MF src/optimizer/rule/CMakeFiles/duckdb_optimizer_rules.dir/ub_duckdb_optimizer_rules.cpp.o.d -o src/optimizer/rule/CMakeFiles/duckdb_optimizer_rules.dir/ub_duckdb_optimizer_rules.cpp.o -c /home/pei/Project/duckdb-polr/build/release/src/optimizer/rule/ub_duckdb_optimizer_rules.cpp
[7/376] /usr/bin/ccache /usr/lib/ccache/c++ -DDUCKDB -DDUCKDB_BUILD_LIBRARY -DDUCKDB_MAIN_LIBRARY -DENABLE_CROSS_PRODUCT_REWRITE=0 -DENABLE_DEBUG_PRINT=0 -DENABLE_MEASURE_EXE_TIME=0 -DENABLE_MERGE_BACK_PLAN=0 -DENABLE_PARALLEL_EXECUTION=0 -DENABLE_QUERY_SPLIT=0 -DENABLE_SPECIFY_EST_STAT=0 -I/home/pei/Project/duckdb-polr/src/include -I/home/pei/Project/duckdb-polr/third_party/fsst -I/home/pei/Project/duckdb-polr/third_party/fmt/include -I/home/pei/Project/duckdb-polr/third_party/hyperloglog -I/home/pei/Project/duckdb-polr/third_party/fastpforlib -I/home/pei/Project/duckdb-polr/third_party/fast_float -I/home/pei/Project/duckdb-polr/third_party/re2 -I/home/pei/Project/duckdb-polr/third_party/miniz -I/home/pei/Project/duckdb-polr/third_party/utf8proc/include -I/home/pei/Project/duckdb-polr/third_party/miniparquet -I/home/pei/Project/duckdb-polr/third_party/concurrentqueue -I/home/pei/Project/duckdb-polr/third_party/pcg -I/home/pei/Project/duckdb-polr/third_party/tdigest -I/home/pei/Project/duckdb-polr/third_party/mbedtls/include -I/home/pei/Project/duckdb-polr/third_party/jaro_winkler -O3 -DNDEBUG -O3 -DNDEBUG   -fPIC -fdiagnostics-color=always -std=c++11 -MD -MT src/planner/CMakeFiles/duckdb_planner.dir/ub_duckdb_planner.cpp.o -MF src/planner/CMakeFiles/duckdb_planner.dir/ub_duckdb_planner.cpp.o.d -o src/planner/CMakeFiles/duckdb_planner.dir/ub_duckdb_planner.cpp.o -c /home/pei/Project/duckdb-polr/build/release/src/planner/ub_duckdb_planner.cpp
[8/376] /usr/bin/ccache /usr/lib/ccache/c++ -DDUCKDB -DDUCKDB_BUILD_LIBRARY -DDUCKDB_MAIN_LIBRARY -DENABLE_CROSS_PRODUCT_REWRITE=0 -DENABLE_DEBUG_PRINT=0 -DENABLE_MEASURE_EXE_TIME=0 -DENABLE_MERGE_BACK_PLAN=0 -DENABLE_PARALLEL_EXECUTION=0 -DENABLE_QUERY_SPLIT=0 -DENABLE_SPECIFY_EST_STAT=0 -I/home/pei/Project/duckdb-polr/src/include -I/home/pei/Project/duckdb-polr/third_party/fsst -I/home/pei/Project/duckdb-polr/third_party/fmt/include -I/home/pei/Project/duckdb-polr/third_party/hyperloglog -I/home/pei/Project/duckdb-polr/third_party/fastpforlib -I/home/pei/Project/duckdb-polr/third_party/fast_float -I/home/pei/Project/duckdb-polr/third_party/re2 -I/home/pei/Project/duckdb-polr/third_party/miniz -I/home/pei/Project/duckdb-polr/third_party/utf8proc/include -I/home/pei/Project/duckdb-polr/third_party/miniparquet -I/home/pei/Project/duckdb-polr/third_party/concurrentqueue -I/home/pei/Project/duckdb-polr/third_party/pcg -I/home/pei/Project/duckdb-polr/third_party/tdigest -I/home/pei/Project/duckdb-polr/third_party/mbedtls/include -I/home/pei/Project/duckdb-polr/third_party/jaro_winkler -O3 -DNDEBUG -O3 -DNDEBUG   -fPIC -fdiagnostics-color=always -std=c++11 -MD -MT src/planner/expression/CMakeFiles/duckdb_planner_expression.dir/ub_duckdb_planner_expression.cpp.o -MF src/planner/expression/CMakeFiles/duckdb_planner_expression.dir/ub_duckdb_planner_expression.cpp.o.d -o src/planner/expression/CMakeFiles/duckdb_planner_expression.dir/ub_duckdb_planner_expression.cpp.o -c /home/pei/Project/duckdb-polr/build/release/src/planner/expression/ub_duckdb_planner_expression.cpp
[9/376] /usr/bin/ccache /usr/lib/ccache/c++ -DDUCKDB -DDUCKDB_BUILD_LIBRARY -DDUCKDB_MAIN_LIBRARY -DENABLE_CROSS_PRODUCT_REWRITE=0 -DENABLE_DEBUG_PRINT=0 -DENABLE_MEASURE_EXE_TIME=0 -DENABLE_MERGE_BACK_PLAN=0 -DENABLE_PARALLEL_EXECUTION=0 -DENABLE_QUERY_SPLIT=0 -DENABLE_SPECIFY_EST_STAT=0 -I/home/pei/Project/duckdb-polr/src/include -I/home/pei/Project/duckdb-polr/third_party/fsst -I/home/pei/Project/duckdb-polr/third_party/fmt/include -I/home/pei/Project/duckdb-polr/third_party/hyperloglog -I/home/pei/Project/duckdb-polr/third_party/fastpforlib -I/home/pei/Project/duckdb-polr/third_party/fast_float -I/home/pei/Project/duckdb-polr/third_party/re2 -I/home/pei/Project/duckdb-polr/third_party/miniz -I/home/pei/Project/duckdb-polr/third_party/utf8proc/include -I/home/pei/Project/duckdb-polr/third_party/miniparquet -I/home/pei/Project/duckdb-polr/third_party/concurrentqueue -I/home/pei/Project/duckdb-polr/third_party/pcg -I/home/pei/Project/duckdb-polr/third_party/tdigest -I/home/pei/Project/duckdb-polr/third_party/mbedtls/include -I/home/pei/Project/duckdb-polr/third_party/jaro_winkler -O3 -DNDEBUG -O3 -DNDEBUG   -fPIC -fdiagnostics-color=always -std=c++11 -MD -MT src/planner/filter/CMakeFiles/duckdb_planner_filter.dir/ub_duckdb_planner_filter.cpp.o -MF src/planner/filter/CMakeFiles/duckdb_planner_filter.dir/ub_duckdb_planner_filter.cpp.o.d -o src/planner/filter/CMakeFiles/duckdb_planner_filter.dir/ub_duckdb_planner_filter.cpp.o -c /home/pei/Project/duckdb-polr/build/release/src/planner/filter/ub_duckdb_planner_filter.cpp
[10/376] /usr/bin/ccache /usr/lib/ccache/c++ -DDUCKDB -DDUCKDB_BUILD_LIBRARY -DDUCKDB_MAIN_LIBRARY -DENABLE_CROSS_PRODUCT_REWRITE=0 -DENABLE_DEBUG_PRINT=0 -DENABLE_MEASURE_EXE_TIME=0 -DENABLE_MERGE_BACK_PLAN=0 -DENABLE_PARALLEL_EXECUTION=0 -DENABLE_QUERY_SPLIT=0 -DENABLE_SPECIFY_EST_STAT=0 -I/home/pei/Project/duckdb-polr/src/include -I/home/pei/Project/duckdb-polr/third_party/fsst -I/home/pei/Project/duckdb-polr/third_party/fmt/include -I/home/pei/Project/duckdb-polr/third_party/hyperloglog -I/home/pei/Project/duckdb-polr/third_party/fastpforlib -I/home/pei/Project/duckdb-polr/third_party/fast_float -I/home/pei/Project/duckdb-polr/third_party/re2 -I/home/pei/Project/duckdb-polr/third_party/miniz -I/home/pei/Project/duckdb-polr/third_party/utf8proc/include -I/home/pei/Project/duckdb-polr/third_party/miniparquet -I/home/pei/Project/duckdb-polr/third_party/concurrentqueue -I/home/pei/Project/duckdb-polr/third_party/pcg -I/home/pei/Project/duckdb-polr/third_party/tdigest -I/home/pei/Project/duckdb-polr/third_party/mbedtls/include -I/home/pei/Project/duckdb-polr/third_party/jaro_winkler -O3 -DNDEBUG -O3 -DNDEBUG   -fPIC -fdiagnostics-color=always -std=c++11 -MD -MT src/planner/binder/query_node/CMakeFiles/duckdb_bind_query_node.dir/ub_duckdb_bind_query_node.cpp.o -MF src/planner/binder/query_node/CMakeFiles/duckdb_bind_query_node.dir/ub_duckdb_bind_query_node.cpp.o.d -o src/planner/binder/query_node/CMakeFiles/duckdb_bind_query_node.dir/ub_duckdb_bind_query_node.cpp.o -c /home/pei/Project/duckdb-polr/build/release/src/planner/binder/query_node/ub_duckdb_bind_query_node.cpp
[11/376] /usr/bin/ccache /usr/lib/ccache/c++ -DDUCKDB -DDUCKDB_BUILD_LIBRARY -DDUCKDB_MAIN_LIBRARY -DENABLE_CROSS_PRODUCT_REWRITE=0 -DENABLE_DEBUG_PRINT=0 -DENABLE_MEASURE_EXE_TIME=0 -DENABLE_MERGE_BACK_PLAN=0 -DENABLE_PARALLEL_EXECUTION=0 -DENABLE_QUERY_SPLIT=0 -DENABLE_SPECIFY_EST_STAT=0 -I/home/pei/Project/duckdb-polr/src/include -I/home/pei/Project/duckdb-polr/third_party/fsst -I/home/pei/Project/duckdb-polr/third_party/fmt/include -I/home/pei/Project/duckdb-polr/third_party/hyperloglog -I/home/pei/Project/duckdb-polr/third_party/fastpforlib -I/home/pei/Project/duckdb-polr/third_party/fast_float -I/home/pei/Project/duckdb-polr/third_party/re2 -I/home/pei/Project/duckdb-polr/third_party/miniz -I/home/pei/Project/duckdb-polr/third_party/utf8proc/include -I/home/pei/Project/duckdb-polr/third_party/miniparquet -I/home/pei/Project/duckdb-polr/third_party/concurrentqueue -I/home/pei/Project/duckdb-polr/third_party/pcg -I/home/pei/Project/duckdb-polr/third_party/tdigest -I/home/pei/Project/duckdb-polr/third_party/mbedtls/include -I/home/pei/Project/duckdb-polr/third_party/jaro_winkler -O3 -DNDEBUG -O3 -DNDEBUG   -fPIC -fdiagnostics-color=always -std=c++11 -MD -MT src/planner/binder/statement/CMakeFiles/duckdb_bind_statement.dir/ub_duckdb_bind_statement.cpp.o -MF src/planner/binder/statement/CMakeFiles/duckdb_bind_statement.dir/ub_duckdb_bind_statement.cpp.o.d -o src/planner/binder/statement/CMakeFiles/duckdb_bind_statement.dir/ub_duckdb_bind_statement.cpp.o -c /home/pei/Project/duckdb-polr/build/release/src/planner/binder/statement/ub_duckdb_bind_statement.cpp
[12/376] /usr/bin/ccache /usr/lib/ccache/c++ -DDUCKDB -DDUCKDB_BUILD_LIBRARY -DDUCKDB_MAIN_LIBRARY -DENABLE_CROSS_PRODUCT_REWRITE=0 -DENABLE_DEBUG_PRINT=0 -DENABLE_MEASURE_EXE_TIME=0 -DENABLE_MERGE_BACK_PLAN=0 -DENABLE_PARALLEL_EXECUTION=0 -DENABLE_QUERY_SPLIT=0 -DENABLE_SPECIFY_EST_STAT=0 -I/home/pei/Project/duckdb-polr/src/include -I/home/pei/Project/duckdb-polr/third_party/fsst -I/home/pei/Project/duckdb-polr/third_party/fmt/include -I/home/pei/Project/duckdb-polr/third_party/hyperloglog -I/home/pei/Project/duckdb-polr/third_party/fastpforlib -I/home/pei/Project/duckdb-polr/third_party/fast_float -I/home/pei/Project/duckdb-polr/third_party/re2 -I/home/pei/Project/duckdb-polr/third_party/miniz -I/home/pei/Project/duckdb-polr/third_party/utf8proc/include -I/home/pei/Project/duckdb-polr/third_party/miniparquet -I/home/pei/Project/duckdb-polr/third_party/concurrentqueue -I/home/pei/Project/duckdb-polr/third_party/pcg -I/home/pei/Project/duckdb-polr/third_party/tdigest -I/home/pei/Project/duckdb-polr/third_party/mbedtls/include -I/home/pei/Project/duckdb-polr/third_party/jaro_winkler -O3 -DNDEBUG -O3 -DNDEBUG   -fPIC -fdiagnostics-color=always -std=c++11 -MD -MT src/planner/binder/tableref/CMakeFiles/duckdb_bind_tableref.dir/ub_duckdb_bind_tableref.cpp.o -MF src/planner/binder/tableref/CMakeFiles/duckdb_bind_tableref.dir/ub_duckdb_bind_tableref.cpp.o.d -o src/planner/binder/tableref/CMakeFiles/duckdb_bind_tableref.dir/ub_duckdb_bind_tableref.cpp.o -c /home/pei/Project/duckdb-polr/build/release/src/planner/binder/tableref/ub_duckdb_bind_tableref.cpp
[13/376] /usr/bin/ccache /usr/lib/ccache/c++ -DDUCKDB -DDUCKDB_BUILD_LIBRARY -DDUCKDB_MAIN_LIBRARY -DENABLE_CROSS_PRODUCT_REWRITE=0 -DENABLE_DEBUG_PRINT=0 -DENABLE_MEASURE_EXE_TIME=0 -DENABLE_MERGE_BACK_PLAN=0 -DENABLE_PARALLEL_EXECUTION=0 -DENABLE_QUERY_SPLIT=0 -DENABLE_SPECIFY_EST_STAT=0 -I/home/pei/Project/duckdb-polr/src/include -I/home/pei/Project/duckdb-polr/third_party/fsst -I/home/pei/Project/duckdb-polr/third_party/fmt/include -I/home/pei/Project/duckdb-polr/third_party/hyperloglog -I/home/pei/Project/duckdb-polr/third_party/fastpforlib -I/home/pei/Project/duckdb-polr/third_party/fast_float -I/home/pei/Project/duckdb-polr/third_party/re2 -I/home/pei/Project/duckdb-polr/third_party/miniz -I/home/pei/Project/duckdb-polr/third_party/utf8proc/include -I/home/pei/Project/duckdb-polr/third_party/miniparquet -I/home/pei/Project/duckdb-polr/third_party/concurrentqueue -I/home/pei/Project/duckdb-polr/third_party/pcg -I/home/pei/Project/duckdb-polr/third_party/tdigest -I/home/pei/Project/duckdb-polr/third_party/mbedtls/include -I/home/pei/Project/duckdb-polr/third_party/jaro_winkler -O3 -DNDEBUG -O3 -DNDEBUG   -fPIC -fdiagnostics-color=always -std=c++11 -MD -MT src/planner/expression_binder/CMakeFiles/duckdb_expression_binders.dir/ub_duckdb_expression_binders.cpp.o -MF src/planner/expression_binder/CMakeFiles/duckdb_expression_binders.dir/ub_duckdb_expression_binders.cpp.o.d -o src/planner/expression_binder/CMakeFiles/duckdb_expression_binders.dir/ub_duckdb_expression_binders.cpp.o -c /home/pei/Project/duckdb-polr/build/release/src/planner/expression_binder/ub_duckdb_expression_binders.cpp
[14/376] /usr/bin/ccache /usr/lib/ccache/c++ -DDUCKDB -DDUCKDB_BUILD_LIBRARY -DDUCKDB_MAIN_LIBRARY -DENABLE_CROSS_PRODUCT_REWRITE=0 -DENABLE_DEBUG_PRINT=0 -DENABLE_MEASURE_EXE_TIME=0 -DENABLE_MERGE_BACK_PLAN=0 -DENABLE_PARALLEL_EXECUTION=0 -DENABLE_QUERY_SPLIT=0 -DENABLE_SPECIFY_EST_STAT=0 -I/home/pei/Project/duckdb-polr/src/include -I/home/pei/Project/duckdb-polr/third_party/fsst -I/home/pei/Project/duckdb-polr/third_party/fmt/include -I/home/pei/Project/duckdb-polr/third_party/hyperloglog -I/home/pei/Project/duckdb-polr/third_party/fastpforlib -I/home/pei/Project/duckdb-polr/third_party/fast_float -I/home/pei/Project/duckdb-polr/third_party/re2 -I/home/pei/Project/duckdb-polr/third_party/miniz -I/home/pei/Project/duckdb-polr/third_party/utf8proc/include -I/home/pei/Project/duckdb-polr/third_party/miniparquet -I/home/pei/Project/duckdb-polr/third_party/concurrentqueue -I/home/pei/Project/duckdb-polr/third_party/pcg -I/home/pei/Project/duckdb-polr/third_party/tdigest -I/home/pei/Project/duckdb-polr/third_party/mbedtls/include -I/home/pei/Project/duckdb-polr/third_party/jaro_winkler -O3 -DNDEBUG -O3 -DNDEBUG   -fPIC -fdiagnostics-color=always -std=c++11 -MD -MT src/planner/binder/expression/CMakeFiles/duckdb_bind_expression.dir/ub_duckdb_bind_expression.cpp.o -MF src/planner/binder/expression/CMakeFiles/duckdb_bind_expression.dir/ub_duckdb_bind_expression.cpp.o.d -o src/planner/binder/expression/CMakeFiles/duckdb_bind_expression.dir/ub_duckdb_bind_expression.cpp.o -c /home/pei/Project/duckdb-polr/build/release/src/planner/binder/expression/ub_duckdb_bind_expression.cpp
[15/376] /usr/bin/ccache /usr/lib/ccache/c++ -DDUCKDB -DDUCKDB_BUILD_LIBRARY -DDUCKDB_MAIN_LIBRARY -DENABLE_CROSS_PRODUCT_REWRITE=0 -DENABLE_DEBUG_PRINT=0 -DENABLE_MEASURE_EXE_TIME=0 -DENABLE_MERGE_BACK_PLAN=0 -DENABLE_PARALLEL_EXECUTION=0 -DENABLE_QUERY_SPLIT=0 -DENABLE_SPECIFY_EST_STAT=0 -I/home/pei/Project/duckdb-polr/src/include -I/home/pei/Project/duckdb-polr/third_party/fsst -I/home/pei/Project/duckdb-polr/third_party/fmt/include -I/home/pei/Project/duckdb-polr/third_party/hyperloglog -I/home/pei/Project/duckdb-polr/third_party/fastpforlib -I/home/pei/Project/duckdb-polr/third_party/fast_float -I/home/pei/Project/duckdb-polr/third_party/re2 -I/home/pei/Project/duckdb-polr/third_party/miniz -I/home/pei/Project/duckdb-polr/third_party/utf8proc/include -I/home/pei/Project/duckdb-polr/third_party/miniparquet -I/home/pei/Project/duckdb-polr/third_party/concurrentqueue -I/home/pei/Project/duckdb-polr/third_party/pcg -I/home/pei/Project/duckdb-polr/third_party/tdigest -I/home/pei/Project/duckdb-polr/third_party/mbedtls/include -I/home/pei/Project/duckdb-polr/third_party/jaro_winkler -O3 -DNDEBUG -O3 -DNDEBUG   -fPIC -fdiagnostics-color=always -std=c++11 -MD -MT src/planner/parsed_data/CMakeFiles/duckdb_planner_parsed_data.dir/ub_duckdb_planner_parsed_data.cpp.o -MF src/planner/parsed_data/CMakeFiles/duckdb_planner_parsed_data.dir/ub_duckdb_planner_parsed_data.cpp.o.d -o src/planner/parsed_data/CMakeFiles/duckdb_planner_parsed_data.dir/ub_duckdb_planner_parsed_data.cpp.o -c /home/pei/Project/duckdb-polr/build/release/src/planner/parsed_data/ub_duckdb_planner_parsed_data.cpp
[16/376] /usr/bin/ccache /usr/lib/ccache/c++ -DDUCKDB -DDUCKDB_BUILD_LIBRARY -DDUCKDB_MAIN_LIBRARY -DENABLE_CROSS_PRODUCT_REWRITE=0 -DENABLE_DEBUG_PRINT=0 -DENABLE_MEASURE_EXE_TIME=0 -DENABLE_MERGE_BACK_PLAN=0 -DENABLE_PARALLEL_EXECUTION=0 -DENABLE_QUERY_SPLIT=0 -DENABLE_SPECIFY_EST_STAT=0 -I/home/pei/Project/duckdb-polr/src/include -I/home/pei/Project/duckdb-polr/third_party/fsst -I/home/pei/Project/duckdb-polr/third_party/fmt/include -I/home/pei/Project/duckdb-polr/third_party/hyperloglog -I/home/pei/Project/duckdb-polr/third_party/fastpforlib -I/home/pei/Project/duckdb-polr/third_party/fast_float -I/home/pei/Project/duckdb-polr/third_party/re2 -I/home/pei/Project/duckdb-polr/third_party/miniz -I/home/pei/Project/duckdb-polr/third_party/utf8proc/include -I/home/pei/Project/duckdb-polr/third_party/miniparquet -I/home/pei/Project/duckdb-polr/third_party/concurrentqueue -I/home/pei/Project/duckdb-polr/third_party/pcg -I/home/pei/Project/duckdb-polr/third_party/tdigest -I/home/pei/Project/duckdb-polr/third_party/mbedtls/include -I/home/pei/Project/duckdb-polr/third_party/jaro_winkler -I/home/pei/Project/duckdb-polr/src/parser/../../third_party/libpg_query/include -I/home/pei/Project/duckdb-polr/src/parser/../../third_party/libpg_query -O3 -DNDEBUG -O3 -DNDEBUG   -fPIC -fdiagnostics-color=always -std=c++11 -MD -MT src/parser/CMakeFiles/duckdb_parser.dir/ub_duckdb_parser.cpp.o -MF src/parser/CMakeFiles/duckdb_parser.dir/ub_duckdb_parser.cpp.o.d -o src/parser/CMakeFiles/duckdb_parser.dir/ub_duckdb_parser.cpp.o -c /home/pei/Project/duckdb-polr/build/release/src/parser/ub_duckdb_parser.cpp
[17/376] /usr/bin/ccache /usr/lib/ccache/c++ -DDUCKDB -DDUCKDB_BUILD_LIBRARY -DDUCKDB_MAIN_LIBRARY -DENABLE_CROSS_PRODUCT_REWRITE=0 -DENABLE_DEBUG_PRINT=0 -DENABLE_MEASURE_EXE_TIME=0 -DENABLE_MERGE_BACK_PLAN=0 -DENABLE_PARALLEL_EXECUTION=0 -DENABLE_QUERY_SPLIT=0 -DENABLE_SPECIFY_EST_STAT=0 -I/home/pei/Project/duckdb-polr/src/include -I/home/pei/Project/duckdb-polr/third_party/fsst -I/home/pei/Project/duckdb-polr/third_party/fmt/include -I/home/pei/Project/duckdb-polr/third_party/hyperloglog -I/home/pei/Project/duckdb-polr/third_party/fastpforlib -I/home/pei/Project/duckdb-polr/third_party/fast_float -I/home/pei/Project/duckdb-polr/third_party/re2 -I/home/pei/Project/duckdb-polr/third_party/miniz -I/home/pei/Project/duckdb-polr/third_party/utf8proc/include -I/home/pei/Project/duckdb-polr/third_party/miniparquet -I/home/pei/Project/duckdb-polr/third_party/concurrentqueue -I/home/pei/Project/duckdb-polr/third_party/pcg -I/home/pei/Project/duckdb-polr/third_party/tdigest -I/home/pei/Project/duckdb-polr/third_party/mbedtls/include -I/home/pei/Project/duckdb-polr/third_party/jaro_winkler -I/home/pei/Project/duckdb-polr/src/parser/../../third_party/libpg_query/include -I/home/pei/Project/duckdb-polr/src/parser/../../third_party/libpg_query -O3 -DNDEBUG -O3 -DNDEBUG   -fPIC -fdiagnostics-color=always -std=c++11 -MD -MT src/parser/constraints/CMakeFiles/duckdb_constraints.dir/ub_duckdb_constraints.cpp.o -MF src/parser/constraints/CMakeFiles/duckdb_constraints.dir/ub_duckdb_constraints.cpp.o.d -o src/parser/constraints/CMakeFiles/duckdb_constraints.dir/ub_duckdb_constraints.cpp.o -c /home/pei/Project/duckdb-polr/build/release/src/parser/constraints/ub_duckdb_constraints.cpp
[18/376] /usr/bin/ccache /usr/lib/ccache/c++ -DDUCKDB -DDUCKDB_BUILD_LIBRARY -DDUCKDB_MAIN_LIBRARY -DENABLE_CROSS_PRODUCT_REWRITE=0 -DENABLE_DEBUG_PRINT=0 -DENABLE_MEASURE_EXE_TIME=0 -DENABLE_MERGE_BACK_PLAN=0 -DENABLE_PARALLEL_EXECUTION=0 -DENABLE_QUERY_SPLIT=0 -DENABLE_SPECIFY_EST_STAT=0 -I/home/pei/Project/duckdb-polr/src/include -I/home/pei/Project/duckdb-polr/third_party/fsst -I/home/pei/Project/duckdb-polr/third_party/fmt/include -I/home/pei/Project/duckdb-polr/third_party/hyperloglog -I/home/pei/Project/duckdb-polr/third_party/fastpforlib -I/home/pei/Project/duckdb-polr/third_party/fast_float -I/home/pei/Project/duckdb-polr/third_party/re2 -I/home/pei/Project/duckdb-polr/third_party/miniz -I/home/pei/Project/duckdb-polr/third_party/utf8proc/include -I/home/pei/Project/duckdb-polr/third_party/miniparquet -I/home/pei/Project/duckdb-polr/third_party/concurrentqueue -I/home/pei/Project/duckdb-polr/third_party/pcg -I/home/pei/Project/duckdb-polr/third_party/tdigest -I/home/pei/Project/duckdb-polr/third_party/mbedtls/include -I/home/pei/Project/duckdb-polr/third_party/jaro_winkler -I/home/pei/Project/duckdb-polr/src/parser/../../third_party/libpg_query/include -I/home/pei/Project/duckdb-polr/src/parser/../../third_party/libpg_query -O3 -DNDEBUG -O3 -DNDEBUG   -fPIC -fdiagnostics-color=always -std=c++11 -MD -MT src/parser/expression/CMakeFiles/duckdb_expression.dir/ub_duckdb_expression.cpp.o -MF src/parser/expression/CMakeFiles/duckdb_expression.dir/ub_duckdb_expression.cpp.o.d -o src/parser/expression/CMakeFiles/duckdb_expression.dir/ub_duckdb_expression.cpp.o -c /home/pei/Project/duckdb-polr/build/release/src/parser/expression/ub_duckdb_expression.cpp
[19/376] /usr/bin/ccache /usr/lib/ccache/c++ -DDUCKDB -DDUCKDB_BUILD_LIBRARY -DDUCKDB_MAIN_LIBRARY -DENABLE_CROSS_PRODUCT_REWRITE=0 -DENABLE_DEBUG_PRINT=0 -DENABLE_MEASURE_EXE_TIME=0 -DENABLE_MERGE_BACK_PLAN=0 -DENABLE_PARALLEL_EXECUTION=0 -DENABLE_QUERY_SPLIT=0 -DENABLE_SPECIFY_EST_STAT=0 -I/home/pei/Project/duckdb-polr/src/include -I/home/pei/Project/duckdb-polr/third_party/fsst -I/home/pei/Project/duckdb-polr/third_party/fmt/include -I/home/pei/Project/duckdb-polr/third_party/hyperloglog -I/home/pei/Project/duckdb-polr/third_party/fastpforlib -I/home/pei/Project/duckdb-polr/third_party/fast_float -I/home/pei/Project/duckdb-polr/third_party/re2 -I/home/pei/Project/duckdb-polr/third_party/miniz -I/home/pei/Project/duckdb-polr/third_party/utf8proc/include -I/home/pei/Project/duckdb-polr/third_party/miniparquet -I/home/pei/Project/duckdb-polr/third_party/concurrentqueue -I/home/pei/Project/duckdb-polr/third_party/pcg -I/home/pei/Project/duckdb-polr/third_party/tdigest -I/home/pei/Project/duckdb-polr/third_party/mbedtls/include -I/home/pei/Project/duckdb-polr/third_party/jaro_winkler -O3 -DNDEBUG -O3 -DNDEBUG   -fPIC -fdiagnostics-color=always -std=c++11 -MD -MT src/planner/operator/CMakeFiles/duckdb_planner_operator.dir/ub_duckdb_planner_operator.cpp.o -MF src/planner/operator/CMakeFiles/duckdb_planner_operator.dir/ub_duckdb_planner_operator.cpp.o.d -o src/planner/operator/CMakeFiles/duckdb_planner_operator.dir/ub_duckdb_planner_operator.cpp.o -c /home/pei/Project/duckdb-polr/build/release/src/planner/operator/ub_duckdb_planner_operator.cpp
[20/376] /usr/bin/ccache /usr/lib/ccache/c++ -DDUCKDB -DDUCKDB_BUILD_LIBRARY -DDUCKDB_MAIN_LIBRARY -DENABLE_CROSS_PRODUCT_REWRITE=0 -DENABLE_DEBUG_PRINT=0 -DENABLE_MEASURE_EXE_TIME=0 -DENABLE_MERGE_BACK_PLAN=0 -DENABLE_PARALLEL_EXECUTION=0 -DENABLE_QUERY_SPLIT=0 -DENABLE_SPECIFY_EST_STAT=0 -I/home/pei/Project/duckdb-polr/src/include -I/home/pei/Project/duckdb-polr/third_party/fsst -I/home/pei/Project/duckdb-polr/third_party/fmt/include -I/home/pei/Project/duckdb-polr/third_party/hyperloglog -I/home/pei/Project/duckdb-polr/third_party/fastpforlib -I/home/pei/Project/duckdb-polr/third_party/fast_float -I/home/pei/Project/duckdb-polr/third_party/re2 -I/home/pei/Project/duckdb-polr/third_party/miniz -I/home/pei/Project/duckdb-polr/third_party/utf8proc/include -I/home/pei/Project/duckdb-polr/third_party/miniparquet -I/home/pei/Project/duckdb-polr/third_party/concurrentqueue -I/home/pei/Project/duckdb-polr/third_party/pcg -I/home/pei/Project/duckdb-polr/third_party/tdigest -I/home/pei/Project/duckdb-polr/third_party/mbedtls/include -I/home/pei/Project/duckdb-polr/third_party/jaro_winkler -O3 -DNDEBUG -O3 -DNDEBUG   -fPIC -fdiagnostics-color=always -std=c++11 -MD -MT src/planner/subquery/CMakeFiles/duckdb_planner_subquery.dir/ub_duckdb_planner_subquery.cpp.o -MF src/planner/subquery/CMakeFiles/duckdb_planner_subquery.dir/ub_duckdb_planner_subquery.cpp.o.d -o src/planner/subquery/CMakeFiles/duckdb_planner_subquery.dir/ub_duckdb_planner_subquery.cpp.o -c /home/pei/Project/duckdb-polr/build/release/src/planner/subquery/ub_duckdb_planner_subquery.cpp
[21/376] /usr/bin/ccache /usr/lib/ccache/c++ -DDUCKDB -DDUCKDB_BUILD_LIBRARY -DDUCKDB_MAIN_LIBRARY -DENABLE_CROSS_PRODUCT_REWRITE=0 -DENABLE_DEBUG_PRINT=0 -DENABLE_MEASURE_EXE_TIME=0 -DENABLE_MERGE_BACK_PLAN=0 -DENABLE_PARALLEL_EXECUTION=0 -DENABLE_QUERY_SPLIT=0 -DENABLE_SPECIFY_EST_STAT=0 -I/home/pei/Project/duckdb-polr/src/include -I/home/pei/Project/duckdb-polr/third_party/fsst -I/home/pei/Project/duckdb-polr/third_party/fmt/include -I/home/pei/Project/duckdb-polr/third_party/hyperloglog -I/home/pei/Project/duckdb-polr/third_party/fastpforlib -I/home/pei/Project/duckdb-polr/third_party/fast_float -I/home/pei/Project/duckdb-polr/third_party/re2 -I/home/pei/Project/duckdb-polr/third_party/miniz -I/home/pei/Project/duckdb-polr/third_party/utf8proc/include -I/home/pei/Project/duckdb-polr/third_party/miniparquet -I/home/pei/Project/duckdb-polr/third_party/concurrentqueue -I/home/pei/Project/duckdb-polr/third_party/pcg -I/home/pei/Project/duckdb-polr/third_party/tdigest -I/home/pei/Project/duckdb-polr/third_party/mbedtls/include -I/home/pei/Project/duckdb-polr/third_party/jaro_winkler -I/home/pei/Project/duckdb-polr/src/parser/../../third_party/libpg_query/include -I/home/pei/Project/duckdb-polr/src/parser/../../third_party/libpg_query -O3 -DNDEBUG -O3 -DNDEBUG   -fPIC -fdiagnostics-color=always -std=c++11 -MD -MT src/parser/parsed_data/CMakeFiles/duckdb_parsed_data.dir/ub_duckdb_parsed_data.cpp.o -MF src/parser/parsed_data/CMakeFiles/duckdb_parsed_data.dir/ub_duckdb_parsed_data.cpp.o.d -o src/parser/parsed_data/CMakeFiles/duckdb_parsed_data.dir/ub_duckdb_parsed_data.cpp.o -c /home/pei/Project/duckdb-polr/build/release/src/parser/parsed_data/ub_duckdb_parsed_data.cpp
[22/376] /usr/bin/ccache /usr/lib/ccache/c++ -DDUCKDB -DDUCKDB_BUILD_LIBRARY -DDUCKDB_MAIN_LIBRARY -DENABLE_CROSS_PRODUCT_REWRITE=0 -DENABLE_DEBUG_PRINT=0 -DENABLE_MEASURE_EXE_TIME=0 -DENABLE_MERGE_BACK_PLAN=0 -DENABLE_PARALLEL_EXECUTION=0 -DENABLE_QUERY_SPLIT=0 -DENABLE_SPECIFY_EST_STAT=0 -I/home/pei/Project/duckdb-polr/src/include -I/home/pei/Project/duckdb-polr/third_party/fsst -I/home/pei/Project/duckdb-polr/third_party/fmt/include -I/home/pei/Project/duckdb-polr/third_party/hyperloglog -I/home/pei/Project/duckdb-polr/third_party/fastpforlib -I/home/pei/Project/duckdb-polr/third_party/fast_float -I/home/pei/Project/duckdb-polr/third_party/re2 -I/home/pei/Project/duckdb-polr/third_party/miniz -I/home/pei/Project/duckdb-polr/third_party/utf8proc/include -I/home/pei/Project/duckdb-polr/third_party/miniparquet -I/home/pei/Project/duckdb-polr/third_party/concurrentqueue -I/home/pei/Project/duckdb-polr/third_party/pcg -I/home/pei/Project/duckdb-polr/third_party/tdigest -I/home/pei/Project/duckdb-polr/third_party/mbedtls/include -I/home/pei/Project/duckdb-polr/third_party/jaro_winkler -I/home/pei/Project/duckdb-polr/src/parser/../../third_party/libpg_query/include -I/home/pei/Project/duckdb-polr/src/parser/../../third_party/libpg_query -O3 -DNDEBUG -O3 -DNDEBUG   -fPIC -fdiagnostics-color=always -std=c++11 -MD -MT src/parser/query_node/CMakeFiles/duckdb_query_node.dir/ub_duckdb_query_node.cpp.o -MF src/parser/query_node/CMakeFiles/duckdb_query_node.dir/ub_duckdb_query_node.cpp.o.d -o src/parser/query_node/CMakeFiles/duckdb_query_node.dir/ub_duckdb_query_node.cpp.o -c /home/pei/Project/duckdb-polr/build/release/src/parser/query_node/ub_duckdb_query_node.cpp
[23/376] /usr/bin/ccache /usr/lib/ccache/c++ -DDUCKDB -DDUCKDB_BUILD_LIBRARY -DDUCKDB_MAIN_LIBRARY -DENABLE_CROSS_PRODUCT_REWRITE=0 -DENABLE_DEBUG_PRINT=0 -DENABLE_MEASURE_EXE_TIME=0 -DENABLE_MERGE_BACK_PLAN=0 -DENABLE_PARALLEL_EXECUTION=0 -DENABLE_QUERY_SPLIT=0 -DENABLE_SPECIFY_EST_STAT=0 -I/home/pei/Project/duckdb-polr/src/include -I/home/pei/Project/duckdb-polr/third_party/fsst -I/home/pei/Project/duckdb-polr/third_party/fmt/include -I/home/pei/Project/duckdb-polr/third_party/hyperloglog -I/home/pei/Project/duckdb-polr/third_party/fastpforlib -I/home/pei/Project/duckdb-polr/third_party/fast_float -I/home/pei/Project/duckdb-polr/third_party/re2 -I/home/pei/Project/duckdb-polr/third_party/miniz -I/home/pei/Project/duckdb-polr/third_party/utf8proc/include -I/home/pei/Project/duckdb-polr/third_party/miniparquet -I/home/pei/Project/duckdb-polr/third_party/concurrentqueue -I/home/pei/Project/duckdb-polr/third_party/pcg -I/home/pei/Project/duckdb-polr/third_party/tdigest -I/home/pei/Project/duckdb-polr/third_party/mbedtls/include -I/home/pei/Project/duckdb-polr/third_party/jaro_winkler -I/home/pei/Project/duckdb-polr/src/parser/../../third_party/libpg_query/include -I/home/pei/Project/duckdb-polr/src/parser/../../third_party/libpg_query -O3 -DNDEBUG -O3 -DNDEBUG   -fPIC -fdiagnostics-color=always -std=c++11 -MD -MT src/parser/statement/CMakeFiles/duckdb_statement.dir/ub_duckdb_statement.cpp.o -MF src/parser/statement/CMakeFiles/duckdb_statement.dir/ub_duckdb_statement.cpp.o.d -o src/parser/statement/CMakeFiles/duckdb_statement.dir/ub_duckdb_statement.cpp.o -c /home/pei/Project/duckdb-polr/build/release/src/parser/statement/ub_duckdb_statement.cpp
[24/376] /usr/bin/ccache /usr/lib/ccache/c++ -DDUCKDB -DDUCKDB_BUILD_LIBRARY -DDUCKDB_MAIN_LIBRARY -DENABLE_CROSS_PRODUCT_REWRITE=0 -DENABLE_DEBUG_PRINT=0 -DENABLE_MEASURE_EXE_TIME=0 -DENABLE_MERGE_BACK_PLAN=0 -DENABLE_PARALLEL_EXECUTION=0 -DENABLE_QUERY_SPLIT=0 -DENABLE_SPECIFY_EST_STAT=0 -I/home/pei/Project/duckdb-polr/src/include -I/home/pei/Project/duckdb-polr/third_party/fsst -I/home/pei/Project/duckdb-polr/third_party/fmt/include -I/home/pei/Project/duckdb-polr/third_party/hyperloglog -I/home/pei/Project/duckdb-polr/third_party/fastpforlib -I/home/pei/Project/duckdb-polr/third_party/fast_float -I/home/pei/Project/duckdb-polr/third_party/re2 -I/home/pei/Project/duckdb-polr/third_party/miniz -I/home/pei/Project/duckdb-polr/third_party/utf8proc/include -I/home/pei/Project/duckdb-polr/third_party/miniparquet -I/home/pei/Project/duckdb-polr/third_party/concurrentqueue -I/home/pei/Project/duckdb-polr/third_party/pcg -I/home/pei/Project/duckdb-polr/third_party/tdigest -I/home/pei/Project/duckdb-polr/third_party/mbedtls/include -I/home/pei/Project/duckdb-polr/third_party/jaro_winkler -I/home/pei/Project/duckdb-polr/src/parser/../../third_party/libpg_query/include -I/home/pei/Project/duckdb-polr/src/parser/../../third_party/libpg_query -O3 -DNDEBUG -O3 -DNDEBUG   -fPIC -fdiagnostics-color=always -std=c++11 -MD -MT src/parser/tableref/CMakeFiles/duckdb_parser_tableref.dir/ub_duckdb_parser_tableref.cpp.o -MF src/parser/tableref/CMakeFiles/duckdb_parser_tableref.dir/ub_duckdb_parser_tableref.cpp.o.d -o src/parser/tableref/CMakeFiles/duckdb_parser_tableref.dir/ub_duckdb_parser_tableref.cpp.o -c /home/pei/Project/duckdb-polr/build/release/src/parser/tableref/ub_duckdb_parser_tableref.cpp
[25/376] /usr/bin/ccache /usr/lib/ccache/c++ -DDUCKDB -DDUCKDB_BUILD_LIBRARY -DDUCKDB_MAIN_LIBRARY -DENABLE_CROSS_PRODUCT_REWRITE=0 -DENABLE_DEBUG_PRINT=0 -DENABLE_MEASURE_EXE_TIME=0 -DENABLE_MERGE_BACK_PLAN=0 -DENABLE_PARALLEL_EXECUTION=0 -DENABLE_QUERY_SPLIT=0 -DENABLE_SPECIFY_EST_STAT=0 -I/home/pei/Project/duckdb-polr/src/include -I/home/pei/Project/duckdb-polr/third_party/fsst -I/home/pei/Project/duckdb-polr/third_party/fmt/include -I/home/pei/Project/duckdb-polr/third_party/hyperloglog -I/home/pei/Project/duckdb-polr/third_party/fastpforlib -I/home/pei/Project/duckdb-polr/third_party/fast_float -I/home/pei/Project/duckdb-polr/third_party/re2 -I/home/pei/Project/duckdb-polr/third_party/miniz -I/home/pei/Project/duckdb-polr/third_party/utf8proc/include -I/home/pei/Project/duckdb-polr/third_party/miniparquet -I/home/pei/Project/duckdb-polr/third_party/concurrentqueue -I/home/pei/Project/duckdb-polr/third_party/pcg -I/home/pei/Project/duckdb-polr/third_party/tdigest -I/home/pei/Project/duckdb-polr/third_party/mbedtls/include -I/home/pei/Project/duckdb-polr/third_party/jaro_winkler -I/home/pei/Project/duckdb-polr/src/parser/../../third_party/libpg_query/include -I/home/pei/Project/duckdb-polr/src/parser/../../third_party/libpg_query -O3 -DNDEBUG -O3 -DNDEBUG   -fPIC -fdiagnostics-color=always -std=c++11 -MD -MT src/parser/transform/constraint/CMakeFiles/duckdb_transformer_constraint.dir/ub_duckdb_transformer_constraint.cpp.o -MF src/parser/transform/constraint/CMakeFiles/duckdb_transformer_constraint.dir/ub_duckdb_transformer_constraint.cpp.o.d -o src/parser/transform/constraint/CMakeFiles/duckdb_transformer_constraint.dir/ub_duckdb_transformer_constraint.cpp.o -c /home/pei/Project/duckdb-polr/build/release/src/parser/transform/constraint/ub_duckdb_transformer_constraint.cpp
[26/376] /usr/bin/ccache /usr/lib/ccache/c++ -DDUCKDB -DDUCKDB_BUILD_LIBRARY -DDUCKDB_MAIN_LIBRARY -DENABLE_CROSS_PRODUCT_REWRITE=0 -DENABLE_DEBUG_PRINT=0 -DENABLE_MEASURE_EXE_TIME=0 -DENABLE_MERGE_BACK_PLAN=0 -DENABLE_PARALLEL_EXECUTION=0 -DENABLE_QUERY_SPLIT=0 -DENABLE_SPECIFY_EST_STAT=0 -I/home/pei/Project/duckdb-polr/src/include -I/home/pei/Project/duckdb-polr/third_party/fsst -I/home/pei/Project/duckdb-polr/third_party/fmt/include -I/home/pei/Project/duckdb-polr/third_party/hyperloglog -I/home/pei/Project/duckdb-polr/third_party/fastpforlib -I/home/pei/Project/duckdb-polr/third_party/fast_float -I/home/pei/Project/duckdb-polr/third_party/re2 -I/home/pei/Project/duckdb-polr/third_party/miniz -I/home/pei/Project/duckdb-polr/third_party/utf8proc/include -I/home/pei/Project/duckdb-polr/third_party/miniparquet -I/home/pei/Project/duckdb-polr/third_party/concurrentqueue -I/home/pei/Project/duckdb-polr/third_party/pcg -I/home/pei/Project/duckdb-polr/third_party/tdigest -I/home/pei/Project/duckdb-polr/third_party/mbedtls/include -I/home/pei/Project/duckdb-polr/third_party/jaro_winkler -I/home/pei/Project/duckdb-polr/src/parser/../../third_party/libpg_query/include -I/home/pei/Project/duckdb-polr/src/parser/../../third_party/libpg_query -O3 -DNDEBUG -O3 -DNDEBUG   -fPIC -fdiagnostics-color=always -std=c++11 -MD -MT src/parser/transform/expression/CMakeFiles/duckdb_transformer_expression.dir/ub_duckdb_transformer_expression.cpp.o -MF src/parser/transform/expression/CMakeFiles/duckdb_transformer_expression.dir/ub_duckdb_transformer_expression.cpp.o.d -o src/parser/transform/expression/CMakeFiles/duckdb_transformer_expression.dir/ub_duckdb_transformer_expression.cpp.o -c /home/pei/Project/duckdb-polr/build/release/src/parser/transform/expression/ub_duckdb_transformer_expression.cpp
[27/376] /usr/bin/ccache /usr/lib/ccache/c++ -DDUCKDB -DDUCKDB_BUILD_LIBRARY -DDUCKDB_MAIN_LIBRARY -DENABLE_CROSS_PRODUCT_REWRITE=0 -DENABLE_DEBUG_PRINT=0 -DENABLE_MEASURE_EXE_TIME=0 -DENABLE_MERGE_BACK_PLAN=0 -DENABLE_PARALLEL_EXECUTION=0 -DENABLE_QUERY_SPLIT=0 -DENABLE_SPECIFY_EST_STAT=0 -I/home/pei/Project/duckdb-polr/src/include -I/home/pei/Project/duckdb-polr/third_party/fsst -I/home/pei/Project/duckdb-polr/third_party/fmt/include -I/home/pei/Project/duckdb-polr/third_party/hyperloglog -I/home/pei/Project/duckdb-polr/third_party/fastpforlib -I/home/pei/Project/duckdb-polr/third_party/fast_float -I/home/pei/Project/duckdb-polr/third_party/re2 -I/home/pei/Project/duckdb-polr/third_party/miniz -I/home/pei/Project/duckdb-polr/third_party/utf8proc/include -I/home/pei/Project/duckdb-polr/third_party/miniparquet -I/home/pei/Project/duckdb-polr/third_party/concurrentqueue -I/home/pei/Project/duckdb-polr/third_party/pcg -I/home/pei/Project/duckdb-polr/third_party/tdigest -I/home/pei/Project/duckdb-polr/third_party/mbedtls/include -I/home/pei/Project/duckdb-polr/third_party/jaro_winkler -I/home/pei/Project/duckdb-polr/src/parser/../../third_party/libpg_query/include -I/home/pei/Project/duckdb-polr/src/parser/../../third_party/libpg_query -O3 -DNDEBUG -O3 -DNDEBUG   -fPIC -fdiagnostics-color=always -std=c++11 -MD -MT src/parser/transform/helpers/CMakeFiles/duckdb_transformer_helpers.dir/ub_duckdb_transformer_helpers.cpp.o -MF src/parser/transform/helpers/CMakeFiles/duckdb_transformer_helpers.dir/ub_duckdb_transformer_helpers.cpp.o.d -o src/parser/transform/helpers/CMakeFiles/duckdb_transformer_helpers.dir/ub_duckdb_transformer_helpers.cpp.o -c /home/pei/Project/duckdb-polr/build/release/src/parser/transform/helpers/ub_duckdb_transformer_helpers.cpp
[28/376] /usr/bin/ccache /usr/lib/ccache/c++ -DDUCKDB -DDUCKDB_BUILD_LIBRARY -DDUCKDB_MAIN_LIBRARY -DENABLE_CROSS_PRODUCT_REWRITE=0 -DENABLE_DEBUG_PRINT=0 -DENABLE_MEASURE_EXE_TIME=0 -DENABLE_MERGE_BACK_PLAN=0 -DENABLE_PARALLEL_EXECUTION=0 -DENABLE_QUERY_SPLIT=0 -DENABLE_SPECIFY_EST_STAT=0 -I/home/pei/Project/duckdb-polr/src/include -I/home/pei/Project/duckdb-polr/third_party/fsst -I/home/pei/Project/duckdb-polr/third_party/fmt/include -I/home/pei/Project/duckdb-polr/third_party/hyperloglog -I/home/pei/Project/duckdb-polr/third_party/fastpforlib -I/home/pei/Project/duckdb-polr/third_party/fast_float -I/home/pei/Project/duckdb-polr/third_party/re2 -I/home/pei/Project/duckdb-polr/third_party/miniz -I/home/pei/Project/duckdb-polr/third_party/utf8proc/include -I/home/pei/Project/duckdb-polr/third_party/miniparquet -I/home/pei/Project/duckdb-polr/third_party/concurrentqueue -I/home/pei/Project/duckdb-polr/third_party/pcg -I/home/pei/Project/duckdb-polr/third_party/tdigest -I/home/pei/Project/duckdb-polr/third_party/mbedtls/include -I/home/pei/Project/duckdb-polr/third_party/jaro_winkler -I/home/pei/Project/duckdb-polr/src/parser/../../third_party/libpg_query/include -I/home/pei/Project/duckdb-polr/src/parser/../../third_party/libpg_query -O3 -DNDEBUG -O3 -DNDEBUG   -fPIC -fdiagnostics-color=always -std=c++11 -MD -MT src/parser/transform/statement/CMakeFiles/duckdb_transformer_statement.dir/ub_duckdb_transformer_statement.cpp.o -MF src/parser/transform/statement/CMakeFiles/duckdb_transformer_statement.dir/ub_duckdb_transformer_statement.cpp.o.d -o src/parser/transform/statement/CMakeFiles/duckdb_transformer_statement.dir/ub_duckdb_transformer_statement.cpp.o -c /home/pei/Project/duckdb-polr/build/release/src/parser/transform/statement/ub_duckdb_transformer_statement.cpp
[29/376] /usr/bin/ccache /usr/lib/ccache/c++ -DDUCKDB -DDUCKDB_BUILD_LIBRARY -DDUCKDB_MAIN_LIBRARY -DENABLE_CROSS_PRODUCT_REWRITE=0 -DENABLE_DEBUG_PRINT=0 -DENABLE_MEASURE_EXE_TIME=0 -DENABLE_MERGE_BACK_PLAN=0 -DENABLE_PARALLEL_EXECUTION=0 -DENABLE_QUERY_SPLIT=0 -DENABLE_SPECIFY_EST_STAT=0 -I/home/pei/Project/duckdb-polr/src/include -I/home/pei/Project/duckdb-polr/third_party/fsst -I/home/pei/Project/duckdb-polr/third_party/fmt/include -I/home/pei/Project/duckdb-polr/third_party/hyperloglog -I/home/pei/Project/duckdb-polr/third_party/fastpforlib -I/home/pei/Project/duckdb-polr/third_party/fast_float -I/home/pei/Project/duckdb-polr/third_party/re2 -I/home/pei/Project/duckdb-polr/third_party/miniz -I/home/pei/Project/duckdb-polr/third_party/utf8proc/include -I/home/pei/Project/duckdb-polr/third_party/miniparquet -I/home/pei/Project/duckdb-polr/third_party/concurrentqueue -I/home/pei/Project/duckdb-polr/third_party/pcg -I/home/pei/Project/duckdb-polr/third_party/tdigest -I/home/pei/Project/duckdb-polr/third_party/mbedtls/include -I/home/pei/Project/duckdb-polr/third_party/jaro_winkler -I/home/pei/Project/duckdb-polr/src/parser/../../third_party/libpg_query/include -I/home/pei/Project/duckdb-polr/src/parser/../../third_party/libpg_query -O3 -DNDEBUG -O3 -DNDEBUG   -fPIC -fdiagnostics-color=always -std=c++11 -MD -MT src/parser/transform/tableref/CMakeFiles/duckdb_transformer_tableref.dir/ub_duckdb_transformer_tableref.cpp.o -MF src/parser/transform/tableref/CMakeFiles/duckdb_transformer_tableref.dir/ub_duckdb_transformer_tableref.cpp.o.d -o src/parser/transform/tableref/CMakeFiles/duckdb_transformer_tableref.dir/ub_duckdb_transformer_tableref.cpp.o -c /home/pei/Project/duckdb-polr/build/release/src/parser/transform/tableref/ub_duckdb_transformer_tableref.cpp
[30/376] /usr/bin/ccache /usr/lib/ccache/c++ -DDUCKDB -DDUCKDB_BUILD_LIBRARY -DDUCKDB_MAIN_LIBRARY -DENABLE_CROSS_PRODUCT_REWRITE=0 -DENABLE_DEBUG_PRINT=0 -DENABLE_MEASURE_EXE_TIME=0 -DENABLE_MERGE_BACK_PLAN=0 -DENABLE_PARALLEL_EXECUTION=0 -DENABLE_QUERY_SPLIT=0 -DENABLE_SPECIFY_EST_STAT=0 -I/home/pei/Project/duckdb-polr/src/include -I/home/pei/Project/duckdb-polr/third_party/fsst -I/home/pei/Project/duckdb-polr/third_party/fmt/include -I/home/pei/Project/duckdb-polr/third_party/hyperloglog -I/home/pei/Project/duckdb-polr/third_party/fastpforlib -I/home/pei/Project/duckdb-polr/third_party/fast_float -I/home/pei/Project/duckdb-polr/third_party/re2 -I/home/pei/Project/duckdb-polr/third_party/miniz -I/home/pei/Project/duckdb-polr/third_party/utf8proc/include -I/home/pei/Project/duckdb-polr/third_party/miniparquet -I/home/pei/Project/duckdb-polr/third_party/concurrentqueue -I/home/pei/Project/duckdb-polr/third_party/pcg -I/home/pei/Project/duckdb-polr/third_party/tdigest -I/home/pei/Project/duckdb-polr/third_party/mbedtls/include -I/home/pei/Project/duckdb-polr/third_party/jaro_winkler -O3 -DNDEBUG -O3 -DNDEBUG   -fPIC -fdiagnostics-color=always -std=c++11 -MD -MT src/function/CMakeFiles/duckdb_function.dir/ub_duckdb_function.cpp.o -MF src/function/CMakeFiles/duckdb_function.dir/ub_duckdb_function.cpp.o.d -o src/function/CMakeFiles/duckdb_function.dir/ub_duckdb_function.cpp.o -c /home/pei/Project/duckdb-polr/build/release/src/function/ub_duckdb_function.cpp
[31/376] /usr/bin/ccache /usr/lib/ccache/c++ -DDUCKDB -DDUCKDB_BUILD_LIBRARY -DDUCKDB_MAIN_LIBRARY -DENABLE_CROSS_PRODUCT_REWRITE=0 -DENABLE_DEBUG_PRINT=0 -DENABLE_MEASURE_EXE_TIME=0 -DENABLE_MERGE_BACK_PLAN=0 -DENABLE_PARALLEL_EXECUTION=0 -DENABLE_QUERY_SPLIT=0 -DENABLE_SPECIFY_EST_STAT=0 -I/home/pei/Project/duckdb-polr/src/include -I/home/pei/Project/duckdb-polr/third_party/fsst -I/home/pei/Project/duckdb-polr/third_party/fmt/include -I/home/pei/Project/duckdb-polr/third_party/hyperloglog -I/home/pei/Project/duckdb-polr/third_party/fastpforlib -I/home/pei/Project/duckdb-polr/third_party/fast_float -I/home/pei/Project/duckdb-polr/third_party/re2 -I/home/pei/Project/duckdb-polr/third_party/miniz -I/home/pei/Project/duckdb-polr/third_party/utf8proc/include -I/home/pei/Project/duckdb-polr/third_party/miniparquet -I/home/pei/Project/duckdb-polr/third_party/concurrentqueue -I/home/pei/Project/duckdb-polr/third_party/pcg -I/home/pei/Project/duckdb-polr/third_party/tdigest -I/home/pei/Project/duckdb-polr/third_party/mbedtls/include -I/home/pei/Project/duckdb-polr/third_party/jaro_winkler -O3 -DNDEBUG -O3 -DNDEBUG   -fPIC -fdiagnostics-color=always -std=c++11 -MD -MT src/function/aggregate/CMakeFiles/duckdb_func_aggr.dir/ub_duckdb_func_aggr.cpp.o -MF src/function/aggregate/CMakeFiles/duckdb_func_aggr.dir/ub_duckdb_func_aggr.cpp.o.d -o src/function/aggregate/CMakeFiles/duckdb_func_aggr.dir/ub_duckdb_func_aggr.cpp.o -c /home/pei/Project/duckdb-polr/build/release/src/function/aggregate/ub_duckdb_func_aggr.cpp
[32/376] /usr/bin/ccache /usr/lib/ccache/c++ -DDUCKDB -DDUCKDB_BUILD_LIBRARY -DDUCKDB_MAIN_LIBRARY -DENABLE_CROSS_PRODUCT_REWRITE=0 -DENABLE_DEBUG_PRINT=0 -DENABLE_MEASURE_EXE_TIME=0 -DENABLE_MERGE_BACK_PLAN=0 -DENABLE_PARALLEL_EXECUTION=0 -DENABLE_QUERY_SPLIT=0 -DENABLE_SPECIFY_EST_STAT=0 -I/home/pei/Project/duckdb-polr/src/include -I/home/pei/Project/duckdb-polr/third_party/fsst -I/home/pei/Project/duckdb-polr/third_party/fmt/include -I/home/pei/Project/duckdb-polr/third_party/hyperloglog -I/home/pei/Project/duckdb-polr/third_party/fastpforlib -I/home/pei/Project/duckdb-polr/third_party/fast_float -I/home/pei/Project/duckdb-polr/third_party/re2 -I/home/pei/Project/duckdb-polr/third_party/miniz -I/home/pei/Project/duckdb-polr/third_party/utf8proc/include -I/home/pei/Project/duckdb-polr/third_party/miniparquet -I/home/pei/Project/duckdb-polr/third_party/concurrentqueue -I/home/pei/Project/duckdb-polr/third_party/pcg -I/home/pei/Project/duckdb-polr/third_party/tdigest -I/home/pei/Project/duckdb-polr/third_party/mbedtls/include -I/home/pei/Project/duckdb-polr/third_party/jaro_winkler -O3 -DNDEBUG -O3 -DNDEBUG   -fPIC -fdiagnostics-color=always -std=c++11 -MD -MT src/function/aggregate/algebraic/CMakeFiles/duckdb_aggr_algebraic.dir/ub_duckdb_aggr_algebraic.cpp.o -MF src/function/aggregate/algebraic/CMakeFiles/duckdb_aggr_algebraic.dir/ub_duckdb_aggr_algebraic.cpp.o.d -o src/function/aggregate/algebraic/CMakeFiles/duckdb_aggr_algebraic.dir/ub_duckdb_aggr_algebraic.cpp.o -c /home/pei/Project/duckdb-polr/build/release/src/function/aggregate/algebraic/ub_duckdb_aggr_algebraic.cpp
[33/376] /usr/bin/ccache /usr/lib/ccache/c++ -DDUCKDB -DDUCKDB_BUILD_LIBRARY -DDUCKDB_MAIN_LIBRARY -DENABLE_CROSS_PRODUCT_REWRITE=0 -DENABLE_DEBUG_PRINT=0 -DENABLE_MEASURE_EXE_TIME=0 -DENABLE_MERGE_BACK_PLAN=0 -DENABLE_PARALLEL_EXECUTION=0 -DENABLE_QUERY_SPLIT=0 -DENABLE_SPECIFY_EST_STAT=0 -I/home/pei/Project/duckdb-polr/src/include -I/home/pei/Project/duckdb-polr/third_party/fsst -I/home/pei/Project/duckdb-polr/third_party/fmt/include -I/home/pei/Project/duckdb-polr/third_party/hyperloglog -I/home/pei/Project/duckdb-polr/third_party/fastpforlib -I/home/pei/Project/duckdb-polr/third_party/fast_float -I/home/pei/Project/duckdb-polr/third_party/re2 -I/home/pei/Project/duckdb-polr/third_party/miniz -I/home/pei/Project/duckdb-polr/third_party/utf8proc/include -I/home/pei/Project/duckdb-polr/third_party/miniparquet -I/home/pei/Project/duckdb-polr/third_party/concurrentqueue -I/home/pei/Project/duckdb-polr/third_party/pcg -I/home/pei/Project/duckdb-polr/third_party/tdigest -I/home/pei/Project/duckdb-polr/third_party/mbedtls/include -I/home/pei/Project/duckdb-polr/third_party/jaro_winkler -O3 -DNDEBUG -O3 -DNDEBUG   -fPIC -fdiagnostics-color=always -std=c++11 -MD -MT src/function/aggregate/distributive/CMakeFiles/duckdb_aggr_distr.dir/ub_duckdb_aggr_distr.cpp.o -MF src/function/aggregate/distributive/CMakeFiles/duckdb_aggr_distr.dir/ub_duckdb_aggr_distr.cpp.o.d -o src/function/aggregate/distributive/CMakeFiles/duckdb_aggr_distr.dir/ub_duckdb_aggr_distr.cpp.o -c /home/pei/Project/duckdb-polr/build/release/src/function/aggregate/distributive/ub_duckdb_aggr_distr.cpp
[34/376] /usr/bin/ccache /usr/lib/ccache/c++ -DDUCKDB -DDUCKDB_BUILD_LIBRARY -DDUCKDB_MAIN_LIBRARY -DENABLE_CROSS_PRODUCT_REWRITE=0 -DENABLE_DEBUG_PRINT=0 -DENABLE_MEASURE_EXE_TIME=0 -DENABLE_MERGE_BACK_PLAN=0 -DENABLE_PARALLEL_EXECUTION=0 -DENABLE_QUERY_SPLIT=0 -DENABLE_SPECIFY_EST_STAT=0 -I/home/pei/Project/duckdb-polr/src/include -I/home/pei/Project/duckdb-polr/third_party/fsst -I/home/pei/Project/duckdb-polr/third_party/fmt/include -I/home/pei/Project/duckdb-polr/third_party/hyperloglog -I/home/pei/Project/duckdb-polr/third_party/fastpforlib -I/home/pei/Project/duckdb-polr/third_party/fast_float -I/home/pei/Project/duckdb-polr/third_party/re2 -I/home/pei/Project/duckdb-polr/third_party/miniz -I/home/pei/Project/duckdb-polr/third_party/utf8proc/include -I/home/pei/Project/duckdb-polr/third_party/miniparquet -I/home/pei/Project/duckdb-polr/third_party/concurrentqueue -I/home/pei/Project/duckdb-polr/third_party/pcg -I/home/pei/Project/duckdb-polr/third_party/tdigest -I/home/pei/Project/duckdb-polr/third_party/mbedtls/include -I/home/pei/Project/duckdb-polr/third_party/jaro_winkler -O3 -DNDEBUG -O3 -DNDEBUG   -fPIC -fdiagnostics-color=always -std=c++11 -MD -MT src/function/aggregate/holistic/CMakeFiles/duckdb_aggr_holistic.dir/ub_duckdb_aggr_holistic.cpp.o -MF src/function/aggregate/holistic/CMakeFiles/duckdb_aggr_holistic.dir/ub_duckdb_aggr_holistic.cpp.o.d -o src/function/aggregate/holistic/CMakeFiles/duckdb_aggr_holistic.dir/ub_duckdb_aggr_holistic.cpp.o -c /home/pei/Project/duckdb-polr/build/release/src/function/aggregate/holistic/ub_duckdb_aggr_holistic.cpp
[35/376] /usr/bin/ccache /usr/lib/ccache/c++ -DDUCKDB -DDUCKDB_BUILD_LIBRARY -DDUCKDB_MAIN_LIBRARY -DENABLE_CROSS_PRODUCT_REWRITE=0 -DENABLE_DEBUG_PRINT=0 -DENABLE_MEASURE_EXE_TIME=0 -DENABLE_MERGE_BACK_PLAN=0 -DENABLE_PARALLEL_EXECUTION=0 -DENABLE_QUERY_SPLIT=0 -DENABLE_SPECIFY_EST_STAT=0 -I/home/pei/Project/duckdb-polr/src/include -I/home/pei/Project/duckdb-polr/third_party/fsst -I/home/pei/Project/duckdb-polr/third_party/fmt/include -I/home/pei/Project/duckdb-polr/third_party/hyperloglog -I/home/pei/Project/duckdb-polr/third_party/fastpforlib -I/home/pei/Project/duckdb-polr/third_party/fast_float -I/home/pei/Project/duckdb-polr/third_party/re2 -I/home/pei/Project/duckdb-polr/third_party/miniz -I/home/pei/Project/duckdb-polr/third_party/utf8proc/include -I/home/pei/Project/duckdb-polr/third_party/miniparquet -I/home/pei/Project/duckdb-polr/third_party/concurrentqueue -I/home/pei/Project/duckdb-polr/third_party/pcg -I/home/pei/Project/duckdb-polr/third_party/tdigest -I/home/pei/Project/duckdb-polr/third_party/mbedtls/include -I/home/pei/Project/duckdb-polr/third_party/jaro_winkler -O3 -DNDEBUG -O3 -DNDEBUG   -fPIC -fdiagnostics-color=always -std=c++11 -MD -MT src/function/aggregate/nested/CMakeFiles/duckdb_aggr_nested.dir/ub_duckdb_aggr_nested.cpp.o -MF src/function/aggregate/nested/CMakeFiles/duckdb_aggr_nested.dir/ub_duckdb_aggr_nested.cpp.o.d -o src/function/aggregate/nested/CMakeFiles/duckdb_aggr_nested.dir/ub_duckdb_aggr_nested.cpp.o -c /home/pei/Project/duckdb-polr/build/release/src/function/aggregate/nested/ub_duckdb_aggr_nested.cpp
[36/376] /usr/bin/ccache /usr/lib/ccache/c++ -DDUCKDB -DDUCKDB_BUILD_LIBRARY -DDUCKDB_MAIN_LIBRARY -DENABLE_CROSS_PRODUCT_REWRITE=0 -DENABLE_DEBUG_PRINT=0 -DENABLE_MEASURE_EXE_TIME=0 -DENABLE_MERGE_BACK_PLAN=0 -DENABLE_PARALLEL_EXECUTION=0 -DENABLE_QUERY_SPLIT=0 -DENABLE_SPECIFY_EST_STAT=0 -I/home/pei/Project/duckdb-polr/src/include -I/home/pei/Project/duckdb-polr/third_party/fsst -I/home/pei/Project/duckdb-polr/third_party/fmt/include -I/home/pei/Project/duckdb-polr/third_party/hyperloglog -I/home/pei/Project/duckdb-polr/third_party/fastpforlib -I/home/pei/Project/duckdb-polr/third_party/fast_float -I/home/pei/Project/duckdb-polr/third_party/re2 -I/home/pei/Project/duckdb-polr/third_party/miniz -I/home/pei/Project/duckdb-polr/third_party/utf8proc/include -I/home/pei/Project/duckdb-polr/third_party/miniparquet -I/home/pei/Project/duckdb-polr/third_party/concurrentqueue -I/home/pei/Project/duckdb-polr/third_party/pcg -I/home/pei/Project/duckdb-polr/third_party/tdigest -I/home/pei/Project/duckdb-polr/third_party/mbedtls/include -I/home/pei/Project/duckdb-polr/third_party/jaro_winkler -O3 -DNDEBUG -O3 -DNDEBUG   -fPIC -fdiagnostics-color=always -std=c++11 -MD -MT src/function/aggregate/regression/CMakeFiles/duckdb_aggr_regr.dir/ub_duckdb_aggr_regr.cpp.o -MF src/function/aggregate/regression/CMakeFiles/duckdb_aggr_regr.dir/ub_duckdb_aggr_regr.cpp.o.d -o src/function/aggregate/regression/CMakeFiles/duckdb_aggr_regr.dir/ub_duckdb_aggr_regr.cpp.o -c /home/pei/Project/duckdb-polr/build/release/src/function/aggregate/regression/ub_duckdb_aggr_regr.cpp
[37/376] /usr/bin/ccache /usr/lib/ccache/c++ -DDUCKDB -DDUCKDB_BUILD_LIBRARY -DDUCKDB_MAIN_LIBRARY -DENABLE_CROSS_PRODUCT_REWRITE=0 -DENABLE_DEBUG_PRINT=0 -DENABLE_MEASURE_EXE_TIME=0 -DENABLE_MERGE_BACK_PLAN=0 -DENABLE_PARALLEL_EXECUTION=0 -DENABLE_QUERY_SPLIT=0 -DENABLE_SPECIFY_EST_STAT=0 -I/home/pei/Project/duckdb-polr/src/include -I/home/pei/Project/duckdb-polr/third_party/fsst -I/home/pei/Project/duckdb-polr/third_party/fmt/include -I/home/pei/Project/duckdb-polr/third_party/hyperloglog -I/home/pei/Project/duckdb-polr/third_party/fastpforlib -I/home/pei/Project/duckdb-polr/third_party/fast_float -I/home/pei/Project/duckdb-polr/third_party/re2 -I/home/pei/Project/duckdb-polr/third_party/miniz -I/home/pei/Project/duckdb-polr/third_party/utf8proc/include -I/home/pei/Project/duckdb-polr/third_party/miniparquet -I/home/pei/Project/duckdb-polr/third_party/concurrentqueue -I/home/pei/Project/duckdb-polr/third_party/pcg -I/home/pei/Project/duckdb-polr/third_party/tdigest -I/home/pei/Project/duckdb-polr/third_party/mbedtls/include -I/home/pei/Project/duckdb-polr/third_party/jaro_winkler -O3 -DNDEBUG -O3 -DNDEBUG   -fPIC -fdiagnostics-color=always -std=c++11 -MD -MT src/function/cast/CMakeFiles/duckdb_func_cast.dir/ub_duckdb_func_cast.cpp.o -MF src/function/cast/CMakeFiles/duckdb_func_cast.dir/ub_duckdb_func_cast.cpp.o.d -o src/function/cast/CMakeFiles/duckdb_func_cast.dir/ub_duckdb_func_cast.cpp.o -c /home/pei/Project/duckdb-polr/build/release/src/function/cast/ub_duckdb_func_cast.cpp
[38/376] /usr/bin/ccache /usr/lib/ccache/c++ -DDUCKDB -DDUCKDB_BUILD_LIBRARY -DDUCKDB_MAIN_LIBRARY -DENABLE_CROSS_PRODUCT_REWRITE=0 -DENABLE_DEBUG_PRINT=0 -DENABLE_MEASURE_EXE_TIME=0 -DENABLE_MERGE_BACK_PLAN=0 -DENABLE_PARALLEL_EXECUTION=0 -DENABLE_QUERY_SPLIT=0 -DENABLE_SPECIFY_EST_STAT=0 -I/home/pei/Project/duckdb-polr/src/include -I/home/pei/Project/duckdb-polr/third_party/fsst -I/home/pei/Project/duckdb-polr/third_party/fmt/include -I/home/pei/Project/duckdb-polr/third_party/hyperloglog -I/home/pei/Project/duckdb-polr/third_party/fastpforlib -I/home/pei/Project/duckdb-polr/third_party/fast_float -I/home/pei/Project/duckdb-polr/third_party/re2 -I/home/pei/Project/duckdb-polr/third_party/miniz -I/home/pei/Project/duckdb-polr/third_party/utf8proc/include -I/home/pei/Project/duckdb-polr/third_party/miniparquet -I/home/pei/Project/duckdb-polr/third_party/concurrentqueue -I/home/pei/Project/duckdb-polr/third_party/pcg -I/home/pei/Project/duckdb-polr/third_party/tdigest -I/home/pei/Project/duckdb-polr/third_party/mbedtls/include -I/home/pei/Project/duckdb-polr/third_party/jaro_winkler -O3 -DNDEBUG -O3 -DNDEBUG   -fPIC -fdiagnostics-color=always -std=c++11 -MD -MT src/function/pragma/CMakeFiles/duckdb_func_pragma.dir/ub_duckdb_func_pragma.cpp.o -MF src/function/pragma/CMakeFiles/duckdb_func_pragma.dir/ub_duckdb_func_pragma.cpp.o.d -o src/function/pragma/CMakeFiles/duckdb_func_pragma.dir/ub_duckdb_func_pragma.cpp.o -c /home/pei/Project/duckdb-polr/build/release/src/function/pragma/ub_duckdb_func_pragma.cpp
[39/376] /usr/bin/ccache /usr/lib/ccache/c++ -DDUCKDB -DDUCKDB_BUILD_LIBRARY -DDUCKDB_MAIN_LIBRARY -DENABLE_CROSS_PRODUCT_REWRITE=0 -DENABLE_DEBUG_PRINT=0 -DENABLE_MEASURE_EXE_TIME=0 -DENABLE_MERGE_BACK_PLAN=0 -DENABLE_PARALLEL_EXECUTION=0 -DENABLE_QUERY_SPLIT=0 -DENABLE_SPECIFY_EST_STAT=0 -I/home/pei/Project/duckdb-polr/src/include -I/home/pei/Project/duckdb-polr/third_party/fsst -I/home/pei/Project/duckdb-polr/third_party/fmt/include -I/home/pei/Project/duckdb-polr/third_party/hyperloglog -I/home/pei/Project/duckdb-polr/third_party/fastpforlib -I/home/pei/Project/duckdb-polr/third_party/fast_float -I/home/pei/Project/duckdb-polr/third_party/re2 -I/home/pei/Project/duckdb-polr/third_party/miniz -I/home/pei/Project/duckdb-polr/third_party/utf8proc/include -I/home/pei/Project/duckdb-polr/third_party/miniparquet -I/home/pei/Project/duckdb-polr/third_party/concurrentqueue -I/home/pei/Project/duckdb-polr/third_party/pcg -I/home/pei/Project/duckdb-polr/third_party/tdigest -I/home/pei/Project/duckdb-polr/third_party/mbedtls/include -I/home/pei/Project/duckdb-polr/third_party/jaro_winkler -O3 -DNDEBUG -O3 -DNDEBUG   -fPIC -fdiagnostics-color=always -std=c++11 -MD -MT src/function/scalar/blob/CMakeFiles/duckdb_func_blob.dir/ub_duckdb_func_blob.cpp.o -MF src/function/scalar/blob/CMakeFiles/duckdb_func_blob.dir/ub_duckdb_func_blob.cpp.o.d -o src/function/scalar/blob/CMakeFiles/duckdb_func_blob.dir/ub_duckdb_func_blob.cpp.o -c /home/pei/Project/duckdb-polr/build/release/src/function/scalar/blob/ub_duckdb_func_blob.cpp
[40/376] /usr/bin/ccache /usr/lib/ccache/c++ -DDUCKDB -DDUCKDB_BUILD_LIBRARY -DDUCKDB_MAIN_LIBRARY -DENABLE_CROSS_PRODUCT_REWRITE=0 -DENABLE_DEBUG_PRINT=0 -DENABLE_MEASURE_EXE_TIME=0 -DENABLE_MERGE_BACK_PLAN=0 -DENABLE_PARALLEL_EXECUTION=0 -DENABLE_QUERY_SPLIT=0 -DENABLE_SPECIFY_EST_STAT=0 -I/home/pei/Project/duckdb-polr/src/include -I/home/pei/Project/duckdb-polr/third_party/fsst -I/home/pei/Project/duckdb-polr/third_party/fmt/include -I/home/pei/Project/duckdb-polr/third_party/hyperloglog -I/home/pei/Project/duckdb-polr/third_party/fastpforlib -I/home/pei/Project/duckdb-polr/third_party/fast_float -I/home/pei/Project/duckdb-polr/third_party/re2 -I/home/pei/Project/duckdb-polr/third_party/miniz -I/home/pei/Project/duckdb-polr/third_party/utf8proc/include -I/home/pei/Project/duckdb-polr/third_party/miniparquet -I/home/pei/Project/duckdb-polr/third_party/concurrentqueue -I/home/pei/Project/duckdb-polr/third_party/pcg -I/home/pei/Project/duckdb-polr/third_party/tdigest -I/home/pei/Project/duckdb-polr/third_party/mbedtls/include -I/home/pei/Project/duckdb-polr/third_party/jaro_winkler -O3 -DNDEBUG -O3 -DNDEBUG   -fPIC -fdiagnostics-color=always -std=c++11 -MD -MT src/function/scalar/CMakeFiles/duckdb_func_scalar.dir/ub_duckdb_func_scalar.cpp.o -MF src/function/scalar/CMakeFiles/duckdb_func_scalar.dir/ub_duckdb_func_scalar.cpp.o.d -o src/function/scalar/CMakeFiles/duckdb_func_scalar.dir/ub_duckdb_func_scalar.cpp.o -c /home/pei/Project/duckdb-polr/build/release/src/function/scalar/ub_duckdb_func_scalar.cpp
[41/376] /usr/bin/ccache /usr/lib/ccache/c++ -DDUCKDB -DDUCKDB_BUILD_LIBRARY -DDUCKDB_MAIN_LIBRARY -DENABLE_CROSS_PRODUCT_REWRITE=0 -DENABLE_DEBUG_PRINT=0 -DENABLE_MEASURE_EXE_TIME=0 -DENABLE_MERGE_BACK_PLAN=0 -DENABLE_PARALLEL_EXECUTION=0 -DENABLE_QUERY_SPLIT=0 -DENABLE_SPECIFY_EST_STAT=0 -I/home/pei/Project/duckdb-polr/src/include -I/home/pei/Project/duckdb-polr/third_party/fsst -I/home/pei/Project/duckdb-polr/third_party/fmt/include -I/home/pei/Project/duckdb-polr/third_party/hyperloglog -I/home/pei/Project/duckdb-polr/third_party/fastpforlib -I/home/pei/Project/duckdb-polr/third_party/fast_float -I/home/pei/Project/duckdb-polr/third_party/re2 -I/home/pei/Project/duckdb-polr/third_party/miniz -I/home/pei/Project/duckdb-polr/third_party/utf8proc/include -I/home/pei/Project/duckdb-polr/third_party/miniparquet -I/home/pei/Project/duckdb-polr/third_party/concurrentqueue -I/home/pei/Project/duckdb-polr/third_party/pcg -I/home/pei/Project/duckdb-polr/third_party/tdigest -I/home/pei/Project/duckdb-polr/third_party/mbedtls/include -I/home/pei/Project/duckdb-polr/third_party/jaro_winkler -O3 -DNDEBUG -O3 -DNDEBUG   -fPIC -fdiagnostics-color=always -std=c++11 -MD -MT src/function/scalar/generic/CMakeFiles/duckdb_func_generic.dir/ub_duckdb_func_generic.cpp.o -MF src/function/scalar/generic/CMakeFiles/duckdb_func_generic.dir/ub_duckdb_func_generic.cpp.o.d -o src/function/scalar/generic/CMakeFiles/duckdb_func_generic.dir/ub_duckdb_func_generic.cpp.o -c /home/pei/Project/duckdb-polr/build/release/src/function/scalar/generic/ub_duckdb_func_generic.cpp
[42/376] /usr/bin/ccache /usr/lib/ccache/c++ -DDUCKDB -DDUCKDB_BUILD_LIBRARY -DDUCKDB_MAIN_LIBRARY -DENABLE_CROSS_PRODUCT_REWRITE=0 -DENABLE_DEBUG_PRINT=0 -DENABLE_MEASURE_EXE_TIME=0 -DENABLE_MERGE_BACK_PLAN=0 -DENABLE_PARALLEL_EXECUTION=0 -DENABLE_QUERY_SPLIT=0 -DENABLE_SPECIFY_EST_STAT=0 -I/home/pei/Project/duckdb-polr/src/include -I/home/pei/Project/duckdb-polr/third_party/fsst -I/home/pei/Project/duckdb-polr/third_party/fmt/include -I/home/pei/Project/duckdb-polr/third_party/hyperloglog -I/home/pei/Project/duckdb-polr/third_party/fastpforlib -I/home/pei/Project/duckdb-polr/third_party/fast_float -I/home/pei/Project/duckdb-polr/third_party/re2 -I/home/pei/Project/duckdb-polr/third_party/miniz -I/home/pei/Project/duckdb-polr/third_party/utf8proc/include -I/home/pei/Project/duckdb-polr/third_party/miniparquet -I/home/pei/Project/duckdb-polr/third_party/concurrentqueue -I/home/pei/Project/duckdb-polr/third_party/pcg -I/home/pei/Project/duckdb-polr/third_party/tdigest -I/home/pei/Project/duckdb-polr/third_party/mbedtls/include -I/home/pei/Project/duckdb-polr/third_party/jaro_winkler -O3 -DNDEBUG -O3 -DNDEBUG   -fPIC -fdiagnostics-color=always -std=c++11 -MD -MT src/function/scalar/map/CMakeFiles/duckdb_func_map_nested.dir/ub_duckdb_func_map_nested.cpp.o -MF src/function/scalar/map/CMakeFiles/duckdb_func_map_nested.dir/ub_duckdb_func_map_nested.cpp.o.d -o src/function/scalar/map/CMakeFiles/duckdb_func_map_nested.dir/ub_duckdb_func_map_nested.cpp.o -c /home/pei/Project/duckdb-polr/build/release/src/function/scalar/map/ub_duckdb_func_map_nested.cpp
[43/376] /usr/bin/ccache /usr/lib/ccache/c++ -DDUCKDB -DDUCKDB_BUILD_LIBRARY -DDUCKDB_MAIN_LIBRARY -DENABLE_CROSS_PRODUCT_REWRITE=0 -DENABLE_DEBUG_PRINT=0 -DENABLE_MEASURE_EXE_TIME=0 -DENABLE_MERGE_BACK_PLAN=0 -DENABLE_PARALLEL_EXECUTION=0 -DENABLE_QUERY_SPLIT=0 -DENABLE_SPECIFY_EST_STAT=0 -I/home/pei/Project/duckdb-polr/src/include -I/home/pei/Project/duckdb-polr/third_party/fsst -I/home/pei/Project/duckdb-polr/third_party/fmt/include -I/home/pei/Project/duckdb-polr/third_party/hyperloglog -I/home/pei/Project/duckdb-polr/third_party/fastpforlib -I/home/pei/Project/duckdb-polr/third_party/fast_float -I/home/pei/Project/duckdb-polr/third_party/re2 -I/home/pei/Project/duckdb-polr/third_party/miniz -I/home/pei/Project/duckdb-polr/third_party/utf8proc/include -I/home/pei/Project/duckdb-polr/third_party/miniparquet -I/home/pei/Project/duckdb-polr/third_party/concurrentqueue -I/home/pei/Project/duckdb-polr/third_party/pcg -I/home/pei/Project/duckdb-polr/third_party/tdigest -I/home/pei/Project/duckdb-polr/third_party/mbedtls/include -I/home/pei/Project/duckdb-polr/third_party/jaro_winkler -O3 -DNDEBUG -O3 -DNDEBUG   -fPIC -fdiagnostics-color=always -std=c++11 -MD -MT src/function/scalar/date/CMakeFiles/duckdb_func_date.dir/ub_duckdb_func_date.cpp.o -MF src/function/scalar/date/CMakeFiles/duckdb_func_date.dir/ub_duckdb_func_date.cpp.o.d -o src/function/scalar/date/CMakeFiles/duckdb_func_date.dir/ub_duckdb_func_date.cpp.o -c /home/pei/Project/duckdb-polr/build/release/src/function/scalar/date/ub_duckdb_func_date.cpp
[44/376] /usr/bin/ccache /usr/lib/ccache/c++ -DDUCKDB -DDUCKDB_BUILD_LIBRARY -DDUCKDB_MAIN_LIBRARY -DENABLE_CROSS_PRODUCT_REWRITE=0 -DENABLE_DEBUG_PRINT=0 -DENABLE_MEASURE_EXE_TIME=0 -DENABLE_MERGE_BACK_PLAN=0 -DENABLE_PARALLEL_EXECUTION=0 -DENABLE_QUERY_SPLIT=0 -DENABLE_SPECIFY_EST_STAT=0 -I/home/pei/Project/duckdb-polr/src/include -I/home/pei/Project/duckdb-polr/third_party/fsst -I/home/pei/Project/duckdb-polr/third_party/fmt/include -I/home/pei/Project/duckdb-polr/third_party/hyperloglog -I/home/pei/Project/duckdb-polr/third_party/fastpforlib -I/home/pei/Project/duckdb-polr/third_party/fast_float -I/home/pei/Project/duckdb-polr/third_party/re2 -I/home/pei/Project/duckdb-polr/third_party/miniz -I/home/pei/Project/duckdb-polr/third_party/utf8proc/include -I/home/pei/Project/duckdb-polr/third_party/miniparquet -I/home/pei/Project/duckdb-polr/third_party/concurrentqueue -I/home/pei/Project/duckdb-polr/third_party/pcg -I/home/pei/Project/duckdb-polr/third_party/tdigest -I/home/pei/Project/duckdb-polr/third_party/mbedtls/include -I/home/pei/Project/duckdb-polr/third_party/jaro_winkler -O3 -DNDEBUG -O3 -DNDEBUG   -fPIC -fdiagnostics-color=always -std=c++11 -MD -MT src/function/scalar/list/CMakeFiles/duckdb_func_list.dir/ub_duckdb_func_list.cpp.o -MF src/function/scalar/list/CMakeFiles/duckdb_func_list.dir/ub_duckdb_func_list.cpp.o.d -o src/function/scalar/list/CMakeFiles/duckdb_func_list.dir/ub_duckdb_func_list.cpp.o -c /home/pei/Project/duckdb-polr/build/release/src/function/scalar/list/ub_duckdb_func_list.cpp
[45/376] /usr/bin/ccache /usr/lib/ccache/c++ -DDUCKDB -DDUCKDB_BUILD_LIBRARY -DDUCKDB_MAIN_LIBRARY -DENABLE_CROSS_PRODUCT_REWRITE=0 -DENABLE_DEBUG_PRINT=0 -DENABLE_MEASURE_EXE_TIME=0 -DENABLE_MERGE_BACK_PLAN=0 -DENABLE_PARALLEL_EXECUTION=0 -DENABLE_QUERY_SPLIT=0 -DENABLE_SPECIFY_EST_STAT=0 -I/home/pei/Project/duckdb-polr/src/include -I/home/pei/Project/duckdb-polr/third_party/fsst -I/home/pei/Project/duckdb-polr/third_party/fmt/include -I/home/pei/Project/duckdb-polr/third_party/hyperloglog -I/home/pei/Project/duckdb-polr/third_party/fastpforlib -I/home/pei/Project/duckdb-polr/third_party/fast_float -I/home/pei/Project/duckdb-polr/third_party/re2 -I/home/pei/Project/duckdb-polr/third_party/miniz -I/home/pei/Project/duckdb-polr/third_party/utf8proc/include -I/home/pei/Project/duckdb-polr/third_party/miniparquet -I/home/pei/Project/duckdb-polr/third_party/concurrentqueue -I/home/pei/Project/duckdb-polr/third_party/pcg -I/home/pei/Project/duckdb-polr/third_party/tdigest -I/home/pei/Project/duckdb-polr/third_party/mbedtls/include -I/home/pei/Project/duckdb-polr/third_party/jaro_winkler -O3 -DNDEBUG -O3 -DNDEBUG   -fPIC -fdiagnostics-color=always -std=c++11 -MD -MT src/function/scalar/math/CMakeFiles/duckdb_func_math.dir/ub_duckdb_func_math.cpp.o -MF src/function/scalar/math/CMakeFiles/duckdb_func_math.dir/ub_duckdb_func_math.cpp.o.d -o src/function/scalar/math/CMakeFiles/duckdb_func_math.dir/ub_duckdb_func_math.cpp.o -c /home/pei/Project/duckdb-polr/build/release/src/function/scalar/math/ub_duckdb_func_math.cpp
[46/376] /usr/bin/ccache /usr/lib/ccache/c++ -DDUCKDB -DDUCKDB_BUILD_LIBRARY -DDUCKDB_MAIN_LIBRARY -DENABLE_CROSS_PRODUCT_REWRITE=0 -DENABLE_DEBUG_PRINT=0 -DENABLE_MEASURE_EXE_TIME=0 -DENABLE_MERGE_BACK_PLAN=0 -DENABLE_PARALLEL_EXECUTION=0 -DENABLE_QUERY_SPLIT=0 -DENABLE_SPECIFY_EST_STAT=0 -I/home/pei/Project/duckdb-polr/src/include -I/home/pei/Project/duckdb-polr/third_party/fsst -I/home/pei/Project/duckdb-polr/third_party/fmt/include -I/home/pei/Project/duckdb-polr/third_party/hyperloglog -I/home/pei/Project/duckdb-polr/third_party/fastpforlib -I/home/pei/Project/duckdb-polr/third_party/fast_float -I/home/pei/Project/duckdb-polr/third_party/re2 -I/home/pei/Project/duckdb-polr/third_party/miniz -I/home/pei/Project/duckdb-polr/third_party/utf8proc/include -I/home/pei/Project/duckdb-polr/third_party/miniparquet -I/home/pei/Project/duckdb-polr/third_party/concurrentqueue -I/home/pei/Project/duckdb-polr/third_party/pcg -I/home/pei/Project/duckdb-polr/third_party/tdigest -I/home/pei/Project/duckdb-polr/third_party/mbedtls/include -I/home/pei/Project/duckdb-polr/third_party/jaro_winkler -O3 -DNDEBUG -O3 -DNDEBUG   -fPIC -fdiagnostics-color=always -std=c++11 -MD -MT src/function/scalar/struct/CMakeFiles/duckdb_func_struct.dir/ub_duckdb_func_struct.cpp.o -MF src/function/scalar/struct/CMakeFiles/duckdb_func_struct.dir/ub_duckdb_func_struct.cpp.o.d -o src/function/scalar/struct/CMakeFiles/duckdb_func_struct.dir/ub_duckdb_func_struct.cpp.o -c /home/pei/Project/duckdb-polr/build/release/src/function/scalar/struct/ub_duckdb_func_struct.cpp
[47/376] /usr/bin/ccache /usr/lib/ccache/c++ -DDUCKDB -DDUCKDB_BUILD_LIBRARY -DDUCKDB_MAIN_LIBRARY -DENABLE_CROSS_PRODUCT_REWRITE=0 -DENABLE_DEBUG_PRINT=0 -DENABLE_MEASURE_EXE_TIME=0 -DENABLE_MERGE_BACK_PLAN=0 -DENABLE_PARALLEL_EXECUTION=0 -DENABLE_QUERY_SPLIT=0 -DENABLE_SPECIFY_EST_STAT=0 -I/home/pei/Project/duckdb-polr/src/include -I/home/pei/Project/duckdb-polr/third_party/fsst -I/home/pei/Project/duckdb-polr/third_party/fmt/include -I/home/pei/Project/duckdb-polr/third_party/hyperloglog -I/home/pei/Project/duckdb-polr/third_party/fastpforlib -I/home/pei/Project/duckdb-polr/third_party/fast_float -I/home/pei/Project/duckdb-polr/third_party/re2 -I/home/pei/Project/duckdb-polr/third_party/miniz -I/home/pei/Project/duckdb-polr/third_party/utf8proc/include -I/home/pei/Project/duckdb-polr/third_party/miniparquet -I/home/pei/Project/duckdb-polr/third_party/concurrentqueue -I/home/pei/Project/duckdb-polr/third_party/pcg -I/home/pei/Project/duckdb-polr/third_party/tdigest -I/home/pei/Project/duckdb-polr/third_party/mbedtls/include -I/home/pei/Project/duckdb-polr/third_party/jaro_winkler -O3 -DNDEBUG -O3 -DNDEBUG   -fPIC -fdiagnostics-color=always -std=c++11 -MD -MT src/function/scalar/sequence/CMakeFiles/duckdb_func_seq.dir/ub_duckdb_func_seq.cpp.o -MF src/function/scalar/sequence/CMakeFiles/duckdb_func_seq.dir/ub_duckdb_func_seq.cpp.o.d -o src/function/scalar/sequence/CMakeFiles/duckdb_func_seq.dir/ub_duckdb_func_seq.cpp.o -c /home/pei/Project/duckdb-polr/build/release/src/function/scalar/sequence/ub_duckdb_func_seq.cpp
[48/376] /usr/bin/ccache /usr/lib/ccache/c++ -DDUCKDB -DDUCKDB_BUILD_LIBRARY -DDUCKDB_MAIN_LIBRARY -DENABLE_CROSS_PRODUCT_REWRITE=0 -DENABLE_DEBUG_PRINT=0 -DENABLE_MEASURE_EXE_TIME=0 -DENABLE_MERGE_BACK_PLAN=0 -DENABLE_PARALLEL_EXECUTION=0 -DENABLE_QUERY_SPLIT=0 -DENABLE_SPECIFY_EST_STAT=0 -I/home/pei/Project/duckdb-polr/src/include -I/home/pei/Project/duckdb-polr/third_party/fsst -I/home/pei/Project/duckdb-polr/third_party/fmt/include -I/home/pei/Project/duckdb-polr/third_party/hyperloglog -I/home/pei/Project/duckdb-polr/third_party/fastpforlib -I/home/pei/Project/duckdb-polr/third_party/fast_float -I/home/pei/Project/duckdb-polr/third_party/re2 -I/home/pei/Project/duckdb-polr/third_party/miniz -I/home/pei/Project/duckdb-polr/third_party/utf8proc/include -I/home/pei/Project/duckdb-polr/third_party/miniparquet -I/home/pei/Project/duckdb-polr/third_party/concurrentqueue -I/home/pei/Project/duckdb-polr/third_party/pcg -I/home/pei/Project/duckdb-polr/third_party/tdigest -I/home/pei/Project/duckdb-polr/third_party/mbedtls/include -I/home/pei/Project/duckdb-polr/third_party/jaro_winkler -O3 -DNDEBUG -O3 -DNDEBUG   -fPIC -fdiagnostics-color=always -std=c++11 -MD -MT src/function/scalar/string/CMakeFiles/duckdb_func_string.dir/ub_duckdb_func_string.cpp.o -MF src/function/scalar/string/CMakeFiles/duckdb_func_string.dir/ub_duckdb_func_string.cpp.o.d -o src/function/scalar/string/CMakeFiles/duckdb_func_string.dir/ub_duckdb_func_string.cpp.o -c /home/pei/Project/duckdb-polr/build/release/src/function/scalar/string/ub_duckdb_func_string.cpp
[49/376] /usr/bin/ccache /usr/lib/ccache/c++ -DDUCKDB -DDUCKDB_BUILD_LIBRARY -DDUCKDB_MAIN_LIBRARY -DENABLE_CROSS_PRODUCT_REWRITE=0 -DENABLE_DEBUG_PRINT=0 -DENABLE_MEASURE_EXE_TIME=0 -DENABLE_MERGE_BACK_PLAN=0 -DENABLE_PARALLEL_EXECUTION=0 -DENABLE_QUERY_SPLIT=0 -DENABLE_SPECIFY_EST_STAT=0 -I/home/pei/Project/duckdb-polr/src/include -I/home/pei/Project/duckdb-polr/third_party/fsst -I/home/pei/Project/duckdb-polr/third_party/fmt/include -I/home/pei/Project/duckdb-polr/third_party/hyperloglog -I/home/pei/Project/duckdb-polr/third_party/fastpforlib -I/home/pei/Project/duckdb-polr/third_party/fast_float -I/home/pei/Project/duckdb-polr/third_party/re2 -I/home/pei/Project/duckdb-polr/third_party/miniz -I/home/pei/Project/duckdb-polr/third_party/utf8proc/include -I/home/pei/Project/duckdb-polr/third_party/miniparquet -I/home/pei/Project/duckdb-polr/third_party/concurrentqueue -I/home/pei/Project/duckdb-polr/third_party/pcg -I/home/pei/Project/duckdb-polr/third_party/tdigest -I/home/pei/Project/duckdb-polr/third_party/mbedtls/include -I/home/pei/Project/duckdb-polr/third_party/jaro_winkler -O3 -DNDEBUG -O3 -DNDEBUG   -fPIC -fdiagnostics-color=always -std=c++11 -MD -MT src/function/scalar/system/CMakeFiles/duckdb_func_system.dir/ub_duckdb_func_system.cpp.o -MF src/function/scalar/system/CMakeFiles/duckdb_func_system.dir/ub_duckdb_func_system.cpp.o.d -o src/function/scalar/system/CMakeFiles/duckdb_func_system.dir/ub_duckdb_func_system.cpp.o -c /home/pei/Project/duckdb-polr/build/release/src/function/scalar/system/ub_duckdb_func_system.cpp
[50/376] /usr/bin/ccache /usr/lib/ccache/c++ -DDUCKDB -DDUCKDB_BUILD_LIBRARY -DDUCKDB_MAIN_LIBRARY -DENABLE_CROSS_PRODUCT_REWRITE=0 -DENABLE_DEBUG_PRINT=0 -DENABLE_MEASURE_EXE_TIME=0 -DENABLE_MERGE_BACK_PLAN=0 -DENABLE_PARALLEL_EXECUTION=0 -DENABLE_QUERY_SPLIT=0 -DENABLE_SPECIFY_EST_STAT=0 -I/home/pei/Project/duckdb-polr/src/include -I/home/pei/Project/duckdb-polr/third_party/fsst -I/home/pei/Project/duckdb-polr/third_party/fmt/include -I/home/pei/Project/duckdb-polr/third_party/hyperloglog -I/home/pei/Project/duckdb-polr/third_party/fastpforlib -I/home/pei/Project/duckdb-polr/third_party/fast_float -I/home/pei/Project/duckdb-polr/third_party/re2 -I/home/pei/Project/duckdb-polr/third_party/miniz -I/home/pei/Project/duckdb-polr/third_party/utf8proc/include -I/home/pei/Project/duckdb-polr/third_party/miniparquet -I/home/pei/Project/duckdb-polr/third_party/concurrentqueue -I/home/pei/Project/duckdb-polr/third_party/pcg -I/home/pei/Project/duckdb-polr/third_party/tdigest -I/home/pei/Project/duckdb-polr/third_party/mbedtls/include -I/home/pei/Project/duckdb-polr/third_party/jaro_winkler -O3 -DNDEBUG -O3 -DNDEBUG   -fPIC -fdiagnostics-color=always -std=c++11 -MD -MT src/function/scalar/union/CMakeFiles/duckdb_func_union.dir/ub_duckdb_func_union.cpp.o -MF src/function/scalar/union/CMakeFiles/duckdb_func_union.dir/ub_duckdb_func_union.cpp.o.d -o src/function/scalar/union/CMakeFiles/duckdb_func_union.dir/ub_duckdb_func_union.cpp.o -c /home/pei/Project/duckdb-polr/build/release/src/function/scalar/union/ub_duckdb_func_union.cpp
[51/376] /usr/bin/ccache /usr/lib/ccache/c++ -DDUCKDB -DDUCKDB_BUILD_LIBRARY -DDUCKDB_MAIN_LIBRARY -DENABLE_CROSS_PRODUCT_REWRITE=0 -DENABLE_DEBUG_PRINT=0 -DENABLE_MEASURE_EXE_TIME=0 -DENABLE_MERGE_BACK_PLAN=0 -DENABLE_PARALLEL_EXECUTION=0 -DENABLE_QUERY_SPLIT=0 -DENABLE_SPECIFY_EST_STAT=0 -I/home/pei/Project/duckdb-polr/src/include -I/home/pei/Project/duckdb-polr/third_party/fsst -I/home/pei/Project/duckdb-polr/third_party/fmt/include -I/home/pei/Project/duckdb-polr/third_party/hyperloglog -I/home/pei/Project/duckdb-polr/third_party/fastpforlib -I/home/pei/Project/duckdb-polr/third_party/fast_float -I/home/pei/Project/duckdb-polr/third_party/re2 -I/home/pei/Project/duckdb-polr/third_party/miniz -I/home/pei/Project/duckdb-polr/third_party/utf8proc/include -I/home/pei/Project/duckdb-polr/third_party/miniparquet -I/home/pei/Project/duckdb-polr/third_party/concurrentqueue -I/home/pei/Project/duckdb-polr/third_party/pcg -I/home/pei/Project/duckdb-polr/third_party/tdigest -I/home/pei/Project/duckdb-polr/third_party/mbedtls/include -I/home/pei/Project/duckdb-polr/third_party/jaro_winkler -O3 -DNDEBUG -O3 -DNDEBUG   -fPIC -fdiagnostics-color=always -std=c++11 -MD -MT src/function/scalar/operators/CMakeFiles/duckdb_func_ops.dir/ub_duckdb_func_ops.cpp.o -MF src/function/scalar/operators/CMakeFiles/duckdb_func_ops.dir/ub_duckdb_func_ops.cpp.o.d -o src/function/scalar/operators/CMakeFiles/duckdb_func_ops.dir/ub_duckdb_func_ops.cpp.o -c /home/pei/Project/duckdb-polr/build/release/src/function/scalar/operators/ub_duckdb_func_ops.cpp
[52/376] /usr/bin/ccache /usr/lib/ccache/c++ -DDUCKDB -DDUCKDB_BUILD_LIBRARY -DDUCKDB_MAIN_LIBRARY -DENABLE_CROSS_PRODUCT_REWRITE=0 -DENABLE_DEBUG_PRINT=0 -DENABLE_MEASURE_EXE_TIME=0 -DENABLE_MERGE_BACK_PLAN=0 -DENABLE_PARALLEL_EXECUTION=0 -DENABLE_QUERY_SPLIT=0 -DENABLE_SPECIFY_EST_STAT=0 -I/home/pei/Project/duckdb-polr/src/include -I/home/pei/Project/duckdb-polr/third_party/fsst -I/home/pei/Project/duckdb-polr/third_party/fmt/include -I/home/pei/Project/duckdb-polr/third_party/hyperloglog -I/home/pei/Project/duckdb-polr/third_party/fastpforlib -I/home/pei/Project/duckdb-polr/third_party/fast_float -I/home/pei/Project/duckdb-polr/third_party/re2 -I/home/pei/Project/duckdb-polr/third_party/miniz -I/home/pei/Project/duckdb-polr/third_party/utf8proc/include -I/home/pei/Project/duckdb-polr/third_party/miniparquet -I/home/pei/Project/duckdb-polr/third_party/concurrentqueue -I/home/pei/Project/duckdb-polr/third_party/pcg -I/home/pei/Project/duckdb-polr/third_party/tdigest -I/home/pei/Project/duckdb-polr/third_party/mbedtls/include -I/home/pei/Project/duckdb-polr/third_party/jaro_winkler -O3 -DNDEBUG -O3 -DNDEBUG   -fPIC -fdiagnostics-color=always -std=c++11 -MD -MT src/function/scalar/enum/CMakeFiles/duckdb_func_enum.dir/ub_duckdb_func_enum.cpp.o -MF src/function/scalar/enum/CMakeFiles/duckdb_func_enum.dir/ub_duckdb_func_enum.cpp.o.d -o src/function/scalar/enum/CMakeFiles/duckdb_func_enum.dir/ub_duckdb_func_enum.cpp.o -c /home/pei/Project/duckdb-polr/build/release/src/function/scalar/enum/ub_duckdb_func_enum.cpp
[53/376] /usr/bin/ccache /usr/lib/ccache/c++ -DDUCKDB -DDUCKDB_BUILD_LIBRARY -DDUCKDB_MAIN_LIBRARY -DENABLE_CROSS_PRODUCT_REWRITE=0 -DENABLE_DEBUG_PRINT=0 -DENABLE_MEASURE_EXE_TIME=0 -DENABLE_MERGE_BACK_PLAN=0 -DENABLE_PARALLEL_EXECUTION=0 -DENABLE_QUERY_SPLIT=0 -DENABLE_SPECIFY_EST_STAT=0 -I/home/pei/Project/duckdb-polr/src/include -I/home/pei/Project/duckdb-polr/third_party/fsst -I/home/pei/Project/duckdb-polr/third_party/fmt/include -I/home/pei/Project/duckdb-polr/third_party/hyperloglog -I/home/pei/Project/duckdb-polr/third_party/fastpforlib -I/home/pei/Project/duckdb-polr/third_party/fast_float -I/home/pei/Project/duckdb-polr/third_party/re2 -I/home/pei/Project/duckdb-polr/third_party/miniz -I/home/pei/Project/duckdb-polr/third_party/utf8proc/include -I/home/pei/Project/duckdb-polr/third_party/miniparquet -I/home/pei/Project/duckdb-polr/third_party/concurrentqueue -I/home/pei/Project/duckdb-polr/third_party/pcg -I/home/pei/Project/duckdb-polr/third_party/tdigest -I/home/pei/Project/duckdb-polr/third_party/mbedtls/include -I/home/pei/Project/duckdb-polr/third_party/jaro_winkler -O3 -DNDEBUG -O3 -DNDEBUG   -fPIC -fdiagnostics-color=always -std=c++11 -MD -MT src/function/table/CMakeFiles/duckdb_func_table.dir/ub_duckdb_func_table.cpp.o -MF src/function/table/CMakeFiles/duckdb_func_table.dir/ub_duckdb_func_table.cpp.o.d -o src/function/table/CMakeFiles/duckdb_func_table.dir/ub_duckdb_func_table.cpp.o -c /home/pei/Project/duckdb-polr/build/release/src/function/table/ub_duckdb_func_table.cpp
[54/376] /usr/bin/ccache /usr/lib/ccache/c++ -DDUCKDB -DDUCKDB_BUILD_LIBRARY -DDUCKDB_MAIN_LIBRARY -DENABLE_CROSS_PRODUCT_REWRITE=0 -DENABLE_DEBUG_PRINT=0 -DENABLE_MEASURE_EXE_TIME=0 -DENABLE_MERGE_BACK_PLAN=0 -DENABLE_PARALLEL_EXECUTION=0 -DENABLE_QUERY_SPLIT=0 -DENABLE_SPECIFY_EST_STAT=0 -I/home/pei/Project/duckdb-polr/src/include -I/home/pei/Project/duckdb-polr/third_party/fsst -I/home/pei/Project/duckdb-polr/third_party/fmt/include -I/home/pei/Project/duckdb-polr/third_party/hyperloglog -I/home/pei/Project/duckdb-polr/third_party/fastpforlib -I/home/pei/Project/duckdb-polr/third_party/fast_float -I/home/pei/Project/duckdb-polr/third_party/re2 -I/home/pei/Project/duckdb-polr/third_party/miniz -I/home/pei/Project/duckdb-polr/third_party/utf8proc/include -I/home/pei/Project/duckdb-polr/third_party/miniparquet -I/home/pei/Project/duckdb-polr/third_party/concurrentqueue -I/home/pei/Project/duckdb-polr/third_party/pcg -I/home/pei/Project/duckdb-polr/third_party/tdigest -I/home/pei/Project/duckdb-polr/third_party/mbedtls/include -I/home/pei/Project/duckdb-polr/third_party/jaro_winkler -O3 -DNDEBUG -O3 -DNDEBUG   -fPIC -fdiagnostics-color=always -std=c++11 -MD -MT src/function/table/system/CMakeFiles/duckdb_table_func_system.dir/ub_duckdb_table_func_system.cpp.o -MF src/function/table/system/CMakeFiles/duckdb_table_func_system.dir/ub_duckdb_table_func_system.cpp.o.d -o src/function/table/system/CMakeFiles/duckdb_table_func_system.dir/ub_duckdb_table_func_system.cpp.o -c /home/pei/Project/duckdb-polr/build/release/src/function/table/system/ub_duckdb_table_func_system.cpp
[55/376] /usr/bin/ccache /usr/lib/ccache/c++ -DDUCKDB -DDUCKDB_BUILD_LIBRARY -DDUCKDB_MAIN_LIBRARY -DENABLE_CROSS_PRODUCT_REWRITE=0 -DENABLE_DEBUG_PRINT=0 -DENABLE_MEASURE_EXE_TIME=0 -DENABLE_MERGE_BACK_PLAN=0 -DENABLE_PARALLEL_EXECUTION=0 -DENABLE_QUERY_SPLIT=0 -DENABLE_SPECIFY_EST_STAT=0 -I/home/pei/Project/duckdb-polr/src/include -I/home/pei/Project/duckdb-polr/third_party/fsst -I/home/pei/Project/duckdb-polr/third_party/fmt/include -I/home/pei/Project/duckdb-polr/third_party/hyperloglog -I/home/pei/Project/duckdb-polr/third_party/fastpforlib -I/home/pei/Project/duckdb-polr/third_party/fast_float -I/home/pei/Project/duckdb-polr/third_party/re2 -I/home/pei/Project/duckdb-polr/third_party/miniz -I/home/pei/Project/duckdb-polr/third_party/utf8proc/include -I/home/pei/Project/duckdb-polr/third_party/miniparquet -I/home/pei/Project/duckdb-polr/third_party/concurrentqueue -I/home/pei/Project/duckdb-polr/third_party/pcg -I/home/pei/Project/duckdb-polr/third_party/tdigest -I/home/pei/Project/duckdb-polr/third_party/mbedtls/include -I/home/pei/Project/duckdb-polr/third_party/jaro_winkler -O3 -DNDEBUG -O3 -DNDEBUG   -fPIC -fdiagnostics-color=always -std=c++11 -MD -MT src/catalog/CMakeFiles/duckdb_catalog.dir/ub_duckdb_catalog.cpp.o -MF src/catalog/CMakeFiles/duckdb_catalog.dir/ub_duckdb_catalog.cpp.o.d -o src/catalog/CMakeFiles/duckdb_catalog.dir/ub_duckdb_catalog.cpp.o -c /home/pei/Project/duckdb-polr/build/release/src/catalog/ub_duckdb_catalog.cpp
[56/376] /usr/bin/ccache /usr/lib/ccache/c++ -DDUCKDB -DDUCKDB_BUILD_LIBRARY -DDUCKDB_MAIN_LIBRARY -DENABLE_CROSS_PRODUCT_REWRITE=0 -DENABLE_DEBUG_PRINT=0 -DENABLE_MEASURE_EXE_TIME=0 -DENABLE_MERGE_BACK_PLAN=0 -DENABLE_PARALLEL_EXECUTION=0 -DENABLE_QUERY_SPLIT=0 -DENABLE_SPECIFY_EST_STAT=0 -I/home/pei/Project/duckdb-polr/src/include -I/home/pei/Project/duckdb-polr/third_party/fsst -I/home/pei/Project/duckdb-polr/third_party/fmt/include -I/home/pei/Project/duckdb-polr/third_party/hyperloglog -I/home/pei/Project/duckdb-polr/third_party/fastpforlib -I/home/pei/Project/duckdb-polr/third_party/fast_float -I/home/pei/Project/duckdb-polr/third_party/re2 -I/home/pei/Project/duckdb-polr/third_party/miniz -I/home/pei/Project/duckdb-polr/third_party/utf8proc/include -I/home/pei/Project/duckdb-polr/third_party/miniparquet -I/home/pei/Project/duckdb-polr/third_party/concurrentqueue -I/home/pei/Project/duckdb-polr/third_party/pcg -I/home/pei/Project/duckdb-polr/third_party/tdigest -I/home/pei/Project/duckdb-polr/third_party/mbedtls/include -I/home/pei/Project/duckdb-polr/third_party/jaro_winkler -O3 -DNDEBUG -O3 -DNDEBUG   -fPIC -fdiagnostics-color=always -std=c++11 -MD -MT src/catalog/catalog_entry/CMakeFiles/duckdb_catalog_entries.dir/ub_duckdb_catalog_entries.cpp.o -MF src/catalog/catalog_entry/CMakeFiles/duckdb_catalog_entries.dir/ub_duckdb_catalog_entries.cpp.o.d -o src/catalog/catalog_entry/CMakeFiles/duckdb_catalog_entries.dir/ub_duckdb_catalog_entries.cpp.o -c /home/pei/Project/duckdb-polr/build/release/src/catalog/catalog_entry/ub_duckdb_catalog_entries.cpp
[57/376] /usr/bin/ccache /usr/lib/ccache/c++ -DDUCKDB -DDUCKDB_BUILD_LIBRARY -DDUCKDB_MAIN_LIBRARY -DENABLE_CROSS_PRODUCT_REWRITE=0 -DENABLE_DEBUG_PRINT=0 -DENABLE_MEASURE_EXE_TIME=0 -DENABLE_MERGE_BACK_PLAN=0 -DENABLE_PARALLEL_EXECUTION=0 -DENABLE_QUERY_SPLIT=0 -DENABLE_SPECIFY_EST_STAT=0 -I/home/pei/Project/duckdb-polr/src/include -I/home/pei/Project/duckdb-polr/third_party/fsst -I/home/pei/Project/duckdb-polr/third_party/fmt/include -I/home/pei/Project/duckdb-polr/third_party/hyperloglog -I/home/pei/Project/duckdb-polr/third_party/fastpforlib -I/home/pei/Project/duckdb-polr/third_party/fast_float -I/home/pei/Project/duckdb-polr/third_party/re2 -I/home/pei/Project/duckdb-polr/third_party/miniz -I/home/pei/Project/duckdb-polr/third_party/utf8proc/include -I/home/pei/Project/duckdb-polr/third_party/miniparquet -I/home/pei/Project/duckdb-polr/third_party/concurrentqueue -I/home/pei/Project/duckdb-polr/third_party/pcg -I/home/pei/Project/duckdb-polr/third_party/tdigest -I/home/pei/Project/duckdb-polr/third_party/mbedtls/include -I/home/pei/Project/duckdb-polr/third_party/jaro_winkler -O3 -DNDEBUG -O3 -DNDEBUG   -fPIC -fdiagnostics-color=always -std=c++11 -MD -MT src/catalog/default/CMakeFiles/duckdb_catalog_default_entries.dir/ub_duckdb_catalog_default_entries.cpp.o -MF src/catalog/default/CMakeFiles/duckdb_catalog_default_entries.dir/ub_duckdb_catalog_default_entries.cpp.o.d -o src/catalog/default/CMakeFiles/duckdb_catalog_default_entries.dir/ub_duckdb_catalog_default_entries.cpp.o -c /home/pei/Project/duckdb-polr/build/release/src/catalog/default/ub_duckdb_catalog_default_entries.cpp
[58/376] /usr/bin/ccache /usr/lib/ccache/c++ -DDUCKDB -DDUCKDB_BUILD_LIBRARY -DDUCKDB_MAIN_LIBRARY -DENABLE_CROSS_PRODUCT_REWRITE=0 -DENABLE_DEBUG_PRINT=0 -DENABLE_MEASURE_EXE_TIME=0 -DENABLE_MERGE_BACK_PLAN=0 -DENABLE_PARALLEL_EXECUTION=0 -DENABLE_QUERY_SPLIT=0 -DENABLE_SPECIFY_EST_STAT=0 -I/home/pei/Project/duckdb-polr/src/include -I/home/pei/Project/duckdb-polr/third_party/fsst -I/home/pei/Project/duckdb-polr/third_party/fmt/include -I/home/pei/Project/duckdb-polr/third_party/hyperloglog -I/home/pei/Project/duckdb-polr/third_party/fastpforlib -I/home/pei/Project/duckdb-polr/third_party/fast_float -I/home/pei/Project/duckdb-polr/third_party/re2 -I/home/pei/Project/duckdb-polr/third_party/miniz -I/home/pei/Project/duckdb-polr/third_party/utf8proc/include -I/home/pei/Project/duckdb-polr/third_party/miniparquet -I/home/pei/Project/duckdb-polr/third_party/concurrentqueue -I/home/pei/Project/duckdb-polr/third_party/pcg -I/home/pei/Project/duckdb-polr/third_party/tdigest -I/home/pei/Project/duckdb-polr/third_party/mbedtls/include -I/home/pei/Project/duckdb-polr/third_party/jaro_winkler -O3 -DNDEBUG -O3 -DNDEBUG   -fPIC -fdiagnostics-color=always -std=c++11 -MD -MT src/common/arrow/CMakeFiles/duckdb_common_arrow.dir/ub_duckdb_common_arrow.cpp.o -MF src/common/arrow/CMakeFiles/duckdb_common_arrow.dir/ub_duckdb_common_arrow.cpp.o.d -o src/common/arrow/CMakeFiles/duckdb_common_arrow.dir/ub_duckdb_common_arrow.cpp.o -c /home/pei/Project/duckdb-polr/build/release/src/common/arrow/ub_duckdb_common_arrow.cpp
[59/376] /usr/bin/ccache /usr/lib/ccache/c++ -DDUCKDB -DDUCKDB_BUILD_LIBRARY -DDUCKDB_MAIN_LIBRARY -DENABLE_CROSS_PRODUCT_REWRITE=0 -DENABLE_DEBUG_PRINT=0 -DENABLE_MEASURE_EXE_TIME=0 -DENABLE_MERGE_BACK_PLAN=0 -DENABLE_PARALLEL_EXECUTION=0 -DENABLE_QUERY_SPLIT=0 -DENABLE_SPECIFY_EST_STAT=0 -I/home/pei/Project/duckdb-polr/src/include -I/home/pei/Project/duckdb-polr/third_party/fsst -I/home/pei/Project/duckdb-polr/third_party/fmt/include -I/home/pei/Project/duckdb-polr/third_party/hyperloglog -I/home/pei/Project/duckdb-polr/third_party/fastpforlib -I/home/pei/Project/duckdb-polr/third_party/fast_float -I/home/pei/Project/duckdb-polr/third_party/re2 -I/home/pei/Project/duckdb-polr/third_party/miniz -I/home/pei/Project/duckdb-polr/third_party/utf8proc/include -I/home/pei/Project/duckdb-polr/third_party/miniparquet -I/home/pei/Project/duckdb-polr/third_party/concurrentqueue -I/home/pei/Project/duckdb-polr/third_party/pcg -I/home/pei/Project/duckdb-polr/third_party/tdigest -I/home/pei/Project/duckdb-polr/third_party/mbedtls/include -I/home/pei/Project/duckdb-polr/third_party/jaro_winkler -O3 -DNDEBUG -O3 -DNDEBUG   -fPIC -fdiagnostics-color=always -std=c++11 -MD -MT src/common/crypto/CMakeFiles/duckdb_common_crypto.dir/ub_duckdb_common_crypto.cpp.o -MF src/common/crypto/CMakeFiles/duckdb_common_crypto.dir/ub_duckdb_common_crypto.cpp.o.d -o src/common/crypto/CMakeFiles/duckdb_common_crypto.dir/ub_duckdb_common_crypto.cpp.o -c /home/pei/Project/duckdb-polr/build/release/src/common/crypto/ub_duckdb_common_crypto.cpp
[60/376] /usr/bin/ccache /usr/lib/ccache/c++ -DDUCKDB -DDUCKDB_BUILD_LIBRARY -DDUCKDB_MAIN_LIBRARY -DENABLE_CROSS_PRODUCT_REWRITE=0 -DENABLE_DEBUG_PRINT=0 -DENABLE_MEASURE_EXE_TIME=0 -DENABLE_MERGE_BACK_PLAN=0 -DENABLE_PARALLEL_EXECUTION=0 -DENABLE_QUERY_SPLIT=0 -DENABLE_SPECIFY_EST_STAT=0 -I/home/pei/Project/duckdb-polr/src/include -I/home/pei/Project/duckdb-polr/third_party/fsst -I/home/pei/Project/duckdb-polr/third_party/fmt/include -I/home/pei/Project/duckdb-polr/third_party/hyperloglog -I/home/pei/Project/duckdb-polr/third_party/fastpforlib -I/home/pei/Project/duckdb-polr/third_party/fast_float -I/home/pei/Project/duckdb-polr/third_party/re2 -I/home/pei/Project/duckdb-polr/third_party/miniz -I/home/pei/Project/duckdb-polr/third_party/utf8proc/include -I/home/pei/Project/duckdb-polr/third_party/miniparquet -I/home/pei/Project/duckdb-polr/third_party/concurrentqueue -I/home/pei/Project/duckdb-polr/third_party/pcg -I/home/pei/Project/duckdb-polr/third_party/tdigest -I/home/pei/Project/duckdb-polr/third_party/mbedtls/include -I/home/pei/Project/duckdb-polr/third_party/jaro_winkler -O3 -DNDEBUG -O3 -DNDEBUG   -fPIC -fdiagnostics-color=always -std=c++11 -MD -MT src/common/enums/CMakeFiles/duckdb_common_enums.dir/ub_duckdb_common_enums.cpp.o -MF src/common/enums/CMakeFiles/duckdb_common_enums.dir/ub_duckdb_common_enums.cpp.o.d -o src/common/enums/CMakeFiles/duckdb_common_enums.dir/ub_duckdb_common_enums.cpp.o -c /home/pei/Project/duckdb-polr/build/release/src/common/enums/ub_duckdb_common_enums.cpp
[61/376] /usr/bin/ccache /usr/lib/ccache/c++ -DDUCKDB -DDUCKDB_BUILD_LIBRARY -DDUCKDB_MAIN_LIBRARY -DENABLE_CROSS_PRODUCT_REWRITE=0 -DENABLE_DEBUG_PRINT=0 -DENABLE_MEASURE_EXE_TIME=0 -DENABLE_MERGE_BACK_PLAN=0 -DENABLE_PARALLEL_EXECUTION=0 -DENABLE_QUERY_SPLIT=0 -DENABLE_SPECIFY_EST_STAT=0 -I/home/pei/Project/duckdb-polr/src/include -I/home/pei/Project/duckdb-polr/third_party/fsst -I/home/pei/Project/duckdb-polr/third_party/fmt/include -I/home/pei/Project/duckdb-polr/third_party/hyperloglog -I/home/pei/Project/duckdb-polr/third_party/fastpforlib -I/home/pei/Project/duckdb-polr/third_party/fast_float -I/home/pei/Project/duckdb-polr/third_party/re2 -I/home/pei/Project/duckdb-polr/third_party/miniz -I/home/pei/Project/duckdb-polr/third_party/utf8proc/include -I/home/pei/Project/duckdb-polr/third_party/miniparquet -I/home/pei/Project/duckdb-polr/third_party/concurrentqueue -I/home/pei/Project/duckdb-polr/third_party/pcg -I/home/pei/Project/duckdb-polr/third_party/tdigest -I/home/pei/Project/duckdb-polr/third_party/mbedtls/include -I/home/pei/Project/duckdb-polr/third_party/jaro_winkler -O3 -DNDEBUG -O3 -DNDEBUG   -fPIC -fdiagnostics-color=always -std=c++11 -MD -MT src/common/operator/CMakeFiles/duckdb_common_operators.dir/ub_duckdb_common_operators.cpp.o -MF src/common/operator/CMakeFiles/duckdb_common_operators.dir/ub_duckdb_common_operators.cpp.o.d -o src/common/operator/CMakeFiles/duckdb_common_operators.dir/ub_duckdb_common_operators.cpp.o -c /home/pei/Project/duckdb-polr/build/release/src/common/operator/ub_duckdb_common_operators.cpp
[62/376] /usr/bin/ccache /usr/lib/ccache/c++ -DDUCKDB -DDUCKDB_BUILD_LIBRARY -DDUCKDB_MAIN_LIBRARY -DENABLE_CROSS_PRODUCT_REWRITE=0 -DENABLE_DEBUG_PRINT=0 -DENABLE_MEASURE_EXE_TIME=0 -DENABLE_MERGE_BACK_PLAN=0 -DENABLE_PARALLEL_EXECUTION=0 -DENABLE_QUERY_SPLIT=0 -DENABLE_SPECIFY_EST_STAT=0 -I/home/pei/Project/duckdb-polr/src/include -I/home/pei/Project/duckdb-polr/third_party/fsst -I/home/pei/Project/duckdb-polr/third_party/fmt/include -I/home/pei/Project/duckdb-polr/third_party/hyperloglog -I/home/pei/Project/duckdb-polr/third_party/fastpforlib -I/home/pei/Project/duckdb-polr/third_party/fast_float -I/home/pei/Project/duckdb-polr/third_party/re2 -I/home/pei/Project/duckdb-polr/third_party/miniz -I/home/pei/Project/duckdb-polr/third_party/utf8proc/include -I/home/pei/Project/duckdb-polr/third_party/miniparquet -I/home/pei/Project/duckdb-polr/third_party/concurrentqueue -I/home/pei/Project/duckdb-polr/third_party/pcg -I/home/pei/Project/duckdb-polr/third_party/tdigest -I/home/pei/Project/duckdb-polr/third_party/mbedtls/include -I/home/pei/Project/duckdb-polr/third_party/jaro_winkler -O3 -DNDEBUG -O3 -DNDEBUG   -fPIC -fdiagnostics-color=always -std=c++11 -MD -MT src/common/progress_bar/CMakeFiles/duckdb_progress_bar.dir/ub_duckdb_progress_bar.cpp.o -MF src/common/progress_bar/CMakeFiles/duckdb_progress_bar.dir/ub_duckdb_progress_bar.cpp.o.d -o src/common/progress_bar/CMakeFiles/duckdb_progress_bar.dir/ub_duckdb_progress_bar.cpp.o -c /home/pei/Project/duckdb-polr/build/release/src/common/progress_bar/ub_duckdb_progress_bar.cpp
[63/376] /usr/bin/ccache /usr/lib/ccache/c++ -DDUCKDB -DDUCKDB_BUILD_LIBRARY -DDUCKDB_MAIN_LIBRARY -DENABLE_CROSS_PRODUCT_REWRITE=0 -DENABLE_DEBUG_PRINT=0 -DENABLE_MEASURE_EXE_TIME=0 -DENABLE_MERGE_BACK_PLAN=0 -DENABLE_PARALLEL_EXECUTION=0 -DENABLE_QUERY_SPLIT=0 -DENABLE_SPECIFY_EST_STAT=0 -I/home/pei/Project/duckdb-polr/src/include -I/home/pei/Project/duckdb-polr/third_party/fsst -I/home/pei/Project/duckdb-polr/third_party/fmt/include -I/home/pei/Project/duckdb-polr/third_party/hyperloglog -I/home/pei/Project/duckdb-polr/third_party/fastpforlib -I/home/pei/Project/duckdb-polr/third_party/fast_float -I/home/pei/Project/duckdb-polr/third_party/re2 -I/home/pei/Project/duckdb-polr/third_party/miniz -I/home/pei/Project/duckdb-polr/third_party/utf8proc/include -I/home/pei/Project/duckdb-polr/third_party/miniparquet -I/home/pei/Project/duckdb-polr/third_party/concurrentqueue -I/home/pei/Project/duckdb-polr/third_party/pcg -I/home/pei/Project/duckdb-polr/third_party/tdigest -I/home/pei/Project/duckdb-polr/third_party/mbedtls/include -I/home/pei/Project/duckdb-polr/third_party/jaro_winkler -O3 -DNDEBUG -O3 -DNDEBUG   -fPIC -fdiagnostics-color=always -std=c++11 -MD -MT src/common/serializer/CMakeFiles/duckdb_common_serializer.dir/ub_duckdb_common_serializer.cpp.o -MF src/common/serializer/CMakeFiles/duckdb_common_serializer.dir/ub_duckdb_common_serializer.cpp.o.d -o src/common/serializer/CMakeFiles/duckdb_common_serializer.dir/ub_duckdb_common_serializer.cpp.o -c /home/pei/Project/duckdb-polr/build/release/src/common/serializer/ub_duckdb_common_serializer.cpp
[64/376] /usr/bin/ccache /usr/lib/ccache/c++ -DDUCKDB -DDUCKDB_BUILD_LIBRARY -DDUCKDB_MAIN_LIBRARY -DENABLE_CROSS_PRODUCT_REWRITE=0 -DENABLE_DEBUG_PRINT=0 -DENABLE_MEASURE_EXE_TIME=0 -DENABLE_MERGE_BACK_PLAN=0 -DENABLE_PARALLEL_EXECUTION=0 -DENABLE_QUERY_SPLIT=0 -DENABLE_SPECIFY_EST_STAT=0 -I/home/pei/Project/duckdb-polr/src/include -I/home/pei/Project/duckdb-polr/third_party/fsst -I/home/pei/Project/duckdb-polr/third_party/fmt/include -I/home/pei/Project/duckdb-polr/third_party/hyperloglog -I/home/pei/Project/duckdb-polr/third_party/fastpforlib -I/home/pei/Project/duckdb-polr/third_party/fast_float -I/home/pei/Project/duckdb-polr/third_party/re2 -I/home/pei/Project/duckdb-polr/third_party/miniz -I/home/pei/Project/duckdb-polr/third_party/utf8proc/include -I/home/pei/Project/duckdb-polr/third_party/miniparquet -I/home/pei/Project/duckdb-polr/third_party/concurrentqueue -I/home/pei/Project/duckdb-polr/third_party/pcg -I/home/pei/Project/duckdb-polr/third_party/tdigest -I/home/pei/Project/duckdb-polr/third_party/mbedtls/include -I/home/pei/Project/duckdb-polr/third_party/jaro_winkler -O3 -DNDEBUG -O3 -DNDEBUG   -fPIC -fdiagnostics-color=always -std=c++11 -MD -MT src/common/sort/CMakeFiles/duckdb_sort.dir/ub_duckdb_sort.cpp.o -MF src/common/sort/CMakeFiles/duckdb_sort.dir/ub_duckdb_sort.cpp.o.d -o src/common/sort/CMakeFiles/duckdb_sort.dir/ub_duckdb_sort.cpp.o -c /home/pei/Project/duckdb-polr/build/release/src/common/sort/ub_duckdb_sort.cpp
[65/376] /usr/bin/ccache /usr/lib/ccache/c++ -DDUCKDB -DDUCKDB_BUILD_LIBRARY -DDUCKDB_MAIN_LIBRARY -DENABLE_CROSS_PRODUCT_REWRITE=0 -DENABLE_DEBUG_PRINT=0 -DENABLE_MEASURE_EXE_TIME=0 -DENABLE_MERGE_BACK_PLAN=0 -DENABLE_PARALLEL_EXECUTION=0 -DENABLE_QUERY_SPLIT=0 -DENABLE_SPECIFY_EST_STAT=0 -I/home/pei/Project/duckdb-polr/src/include -I/home/pei/Project/duckdb-polr/third_party/fsst -I/home/pei/Project/duckdb-polr/third_party/fmt/include -I/home/pei/Project/duckdb-polr/third_party/hyperloglog -I/home/pei/Project/duckdb-polr/third_party/fastpforlib -I/home/pei/Project/duckdb-polr/third_party/fast_float -I/home/pei/Project/duckdb-polr/third_party/re2 -I/home/pei/Project/duckdb-polr/third_party/miniz -I/home/pei/Project/duckdb-polr/third_party/utf8proc/include -I/home/pei/Project/duckdb-polr/third_party/miniparquet -I/home/pei/Project/duckdb-polr/third_party/concurrentqueue -I/home/pei/Project/duckdb-polr/third_party/pcg -I/home/pei/Project/duckdb-polr/third_party/tdigest -I/home/pei/Project/duckdb-polr/third_party/mbedtls/include -I/home/pei/Project/duckdb-polr/third_party/jaro_winkler -O3 -DNDEBUG -O3 -DNDEBUG   -fPIC -fdiagnostics-color=always -std=c++11 -MD -MT src/common/value_operations/CMakeFiles/duckdb_value_operations.dir/ub_duckdb_value_operations.cpp.o -MF src/common/value_operations/CMakeFiles/duckdb_value_operations.dir/ub_duckdb_value_operations.cpp.o.d -o src/common/value_operations/CMakeFiles/duckdb_value_operations.dir/ub_duckdb_value_operations.cpp.o -c /home/pei/Project/duckdb-polr/build/release/src/common/value_operations/ub_duckdb_value_operations.cpp
[66/376] /usr/bin/ccache /usr/lib/ccache/c++ -DDUCKDB -DDUCKDB_BUILD_LIBRARY -DDUCKDB_MAIN_LIBRARY -DENABLE_CROSS_PRODUCT_REWRITE=0 -DENABLE_DEBUG_PRINT=0 -DENABLE_MEASURE_EXE_TIME=0 -DENABLE_MERGE_BACK_PLAN=0 -DENABLE_PARALLEL_EXECUTION=0 -DENABLE_QUERY_SPLIT=0 -DENABLE_SPECIFY_EST_STAT=0 -I/home/pei/Project/duckdb-polr/src/include -I/home/pei/Project/duckdb-polr/third_party/fsst -I/home/pei/Project/duckdb-polr/third_party/fmt/include -I/home/pei/Project/duckdb-polr/third_party/hyperloglog -I/home/pei/Project/duckdb-polr/third_party/fastpforlib -I/home/pei/Project/duckdb-polr/third_party/fast_float -I/home/pei/Project/duckdb-polr/third_party/re2 -I/home/pei/Project/duckdb-polr/third_party/miniz -I/home/pei/Project/duckdb-polr/third_party/utf8proc/include -I/home/pei/Project/duckdb-polr/third_party/miniparquet -I/home/pei/Project/duckdb-polr/third_party/concurrentqueue -I/home/pei/Project/duckdb-polr/third_party/pcg -I/home/pei/Project/duckdb-polr/third_party/tdigest -I/home/pei/Project/duckdb-polr/third_party/mbedtls/include -I/home/pei/Project/duckdb-polr/third_party/jaro_winkler -O3 -DNDEBUG -O3 -DNDEBUG   -fPIC -fdiagnostics-color=always -std=c++11 -MD -MT src/common/row_operations/CMakeFiles/duckdb_row_operations.dir/ub_duckdb_row_operations.cpp.o -MF src/common/row_operations/CMakeFiles/duckdb_row_operations.dir/ub_duckdb_row_operations.cpp.o.d -o src/common/row_operations/CMakeFiles/duckdb_row_operations.dir/ub_duckdb_row_operations.cpp.o -c /home/pei/Project/duckdb-polr/build/release/src/common/row_operations/ub_duckdb_row_operations.cpp
[67/376] /usr/bin/ccache /usr/lib/ccache/c++ -DDUCKDB -DDUCKDB_BUILD_LIBRARY -DDUCKDB_MAIN_LIBRARY -DENABLE_CROSS_PRODUCT_REWRITE=0 -DENABLE_DEBUG_PRINT=0 -DENABLE_MEASURE_EXE_TIME=0 -DENABLE_MERGE_BACK_PLAN=0 -DENABLE_PARALLEL_EXECUTION=0 -DENABLE_QUERY_SPLIT=0 -DENABLE_SPECIFY_EST_STAT=0 -I/home/pei/Project/duckdb-polr/src/include -I/home/pei/Project/duckdb-polr/third_party/fsst -I/home/pei/Project/duckdb-polr/third_party/fmt/include -I/home/pei/Project/duckdb-polr/third_party/hyperloglog -I/home/pei/Project/duckdb-polr/third_party/fastpforlib -I/home/pei/Project/duckdb-polr/third_party/fast_float -I/home/pei/Project/duckdb-polr/third_party/re2 -I/home/pei/Project/duckdb-polr/third_party/miniz -I/home/pei/Project/duckdb-polr/third_party/utf8proc/include -I/home/pei/Project/duckdb-polr/third_party/miniparquet -I/home/pei/Project/duckdb-polr/third_party/concurrentqueue -I/home/pei/Project/duckdb-polr/third_party/pcg -I/home/pei/Project/duckdb-polr/third_party/tdigest -I/home/pei/Project/duckdb-polr/third_party/mbedtls/include -I/home/pei/Project/duckdb-polr/third_party/jaro_winkler -O3 -DNDEBUG -O3 -DNDEBUG   -fPIC -fdiagnostics-color=always -std=c++11 -MD -MT src/common/types/CMakeFiles/duckdb_common_types.dir/ub_duckdb_common_types.cpp.o -MF src/common/types/CMakeFiles/duckdb_common_types.dir/ub_duckdb_common_types.cpp.o.d -o src/common/types/CMakeFiles/duckdb_common_types.dir/ub_duckdb_common_types.cpp.o -c /home/pei/Project/duckdb-polr/build/release/src/common/types/ub_duckdb_common_types.cpp
[68/376] /usr/bin/ccache /usr/lib/ccache/c++ -DDUCKDB -DDUCKDB_BUILD_LIBRARY -DDUCKDB_MAIN_LIBRARY -DENABLE_CROSS_PRODUCT_REWRITE=0 -DENABLE_DEBUG_PRINT=0 -DENABLE_MEASURE_EXE_TIME=0 -DENABLE_MERGE_BACK_PLAN=0 -DENABLE_PARALLEL_EXECUTION=0 -DENABLE_QUERY_SPLIT=0 -DENABLE_SPECIFY_EST_STAT=0 -I/home/pei/Project/duckdb-polr/src/include -I/home/pei/Project/duckdb-polr/third_party/fsst -I/home/pei/Project/duckdb-polr/third_party/fmt/include -I/home/pei/Project/duckdb-polr/third_party/hyperloglog -I/home/pei/Project/duckdb-polr/third_party/fastpforlib -I/home/pei/Project/duckdb-polr/third_party/fast_float -I/home/pei/Project/duckdb-polr/third_party/re2 -I/home/pei/Project/duckdb-polr/third_party/miniz -I/home/pei/Project/duckdb-polr/third_party/utf8proc/include -I/home/pei/Project/duckdb-polr/third_party/miniparquet -I/home/pei/Project/duckdb-polr/third_party/concurrentqueue -I/home/pei/Project/duckdb-polr/third_party/pcg -I/home/pei/Project/duckdb-polr/third_party/tdigest -I/home/pei/Project/duckdb-polr/third_party/mbedtls/include -I/home/pei/Project/duckdb-polr/third_party/jaro_winkler -O3 -DNDEBUG -O3 -DNDEBUG   -fPIC -fdiagnostics-color=always -std=c++11 -MD -MT src/common/vector_operations/CMakeFiles/duckdb_vector_operations.dir/boolean_operators.cpp.o -MF src/common/vector_operations/CMakeFiles/duckdb_vector_operations.dir/boolean_operators.cpp.o.d -o src/common/vector_operations/CMakeFiles/duckdb_vector_operations.dir/boolean_operators.cpp.o -c /home/pei/Project/duckdb-polr/src/common/vector_operations/boolean_operators.cpp
[69/376] /usr/bin/ccache /usr/lib/ccache/c++ -DDUCKDB -DDUCKDB_BUILD_LIBRARY -DDUCKDB_MAIN_LIBRARY -DENABLE_CROSS_PRODUCT_REWRITE=0 -DENABLE_DEBUG_PRINT=0 -DENABLE_MEASURE_EXE_TIME=0 -DENABLE_MERGE_BACK_PLAN=0 -DENABLE_PARALLEL_EXECUTION=0 -DENABLE_QUERY_SPLIT=0 -DENABLE_SPECIFY_EST_STAT=0 -I/home/pei/Project/duckdb-polr/src/include -I/home/pei/Project/duckdb-polr/third_party/fsst -I/home/pei/Project/duckdb-polr/third_party/fmt/include -I/home/pei/Project/duckdb-polr/third_party/hyperloglog -I/home/pei/Project/duckdb-polr/third_party/fastpforlib -I/home/pei/Project/duckdb-polr/third_party/fast_float -I/home/pei/Project/duckdb-polr/third_party/re2 -I/home/pei/Project/duckdb-polr/third_party/miniz -I/home/pei/Project/duckdb-polr/third_party/utf8proc/include -I/home/pei/Project/duckdb-polr/third_party/miniparquet -I/home/pei/Project/duckdb-polr/third_party/concurrentqueue -I/home/pei/Project/duckdb-polr/third_party/pcg -I/home/pei/Project/duckdb-polr/third_party/tdigest -I/home/pei/Project/duckdb-polr/third_party/mbedtls/include -I/home/pei/Project/duckdb-polr/third_party/jaro_winkler -O3 -DNDEBUG -O3 -DNDEBUG   -fPIC -fdiagnostics-color=always -std=c++11 -MD -MT src/common/vector_operations/CMakeFiles/duckdb_vector_operations.dir/vector_cast.cpp.o -MF src/common/vector_operations/CMakeFiles/duckdb_vector_operations.dir/vector_cast.cpp.o.d -o src/common/vector_operations/CMakeFiles/duckdb_vector_operations.dir/vector_cast.cpp.o -c /home/pei/Project/duckdb-polr/src/common/vector_operations/vector_cast.cpp
[70/376] /usr/bin/ccache /usr/lib/ccache/c++ -DDUCKDB -DDUCKDB_BUILD_LIBRARY -DDUCKDB_MAIN_LIBRARY -DENABLE_CROSS_PRODUCT_REWRITE=0 -DENABLE_DEBUG_PRINT=0 -DENABLE_MEASURE_EXE_TIME=0 -DENABLE_MERGE_BACK_PLAN=0 -DENABLE_PARALLEL_EXECUTION=0 -DENABLE_QUERY_SPLIT=0 -DENABLE_SPECIFY_EST_STAT=0 -I/home/pei/Project/duckdb-polr/src/include -I/home/pei/Project/duckdb-polr/third_party/fsst -I/home/pei/Project/duckdb-polr/third_party/fmt/include -I/home/pei/Project/duckdb-polr/third_party/hyperloglog -I/home/pei/Project/duckdb-polr/third_party/fastpforlib -I/home/pei/Project/duckdb-polr/third_party/fast_float -I/home/pei/Project/duckdb-polr/third_party/re2 -I/home/pei/Project/duckdb-polr/third_party/miniz -I/home/pei/Project/duckdb-polr/third_party/utf8proc/include -I/home/pei/Project/duckdb-polr/third_party/miniparquet -I/home/pei/Project/duckdb-polr/third_party/concurrentqueue -I/home/pei/Project/duckdb-polr/third_party/pcg -I/home/pei/Project/duckdb-polr/third_party/tdigest -I/home/pei/Project/duckdb-polr/third_party/mbedtls/include -I/home/pei/Project/duckdb-polr/third_party/jaro_winkler -O3 -DNDEBUG -O3 -DNDEBUG   -fPIC -fdiagnostics-color=always -std=c++11 -MD -MT src/common/vector_operations/CMakeFiles/duckdb_vector_operations.dir/comparison_operators.cpp.o -MF src/common/vector_operations/CMakeFiles/duckdb_vector_operations.dir/comparison_operators.cpp.o.d -o src/common/vector_operations/CMakeFiles/duckdb_vector_operations.dir/comparison_operators.cpp.o -c /home/pei/Project/duckdb-polr/src/common/vector_operations/comparison_operators.cpp
[71/376] /usr/bin/ccache /usr/lib/ccache/c++ -DDUCKDB -DDUCKDB_BUILD_LIBRARY -DDUCKDB_MAIN_LIBRARY -DENABLE_CROSS_PRODUCT_REWRITE=0 -DENABLE_DEBUG_PRINT=0 -DENABLE_MEASURE_EXE_TIME=0 -DENABLE_MERGE_BACK_PLAN=0 -DENABLE_PARALLEL_EXECUTION=0 -DENABLE_QUERY_SPLIT=0 -DENABLE_SPECIFY_EST_STAT=0 -I/home/pei/Project/duckdb-polr/src/include -I/home/pei/Project/duckdb-polr/third_party/fsst -I/home/pei/Project/duckdb-polr/third_party/fmt/include -I/home/pei/Project/duckdb-polr/third_party/hyperloglog -I/home/pei/Project/duckdb-polr/third_party/fastpforlib -I/home/pei/Project/duckdb-polr/third_party/fast_float -I/home/pei/Project/duckdb-polr/third_party/re2 -I/home/pei/Project/duckdb-polr/third_party/miniz -I/home/pei/Project/duckdb-polr/third_party/utf8proc/include -I/home/pei/Project/duckdb-polr/third_party/miniparquet -I/home/pei/Project/duckdb-polr/third_party/concurrentqueue -I/home/pei/Project/duckdb-polr/third_party/pcg -I/home/pei/Project/duckdb-polr/third_party/tdigest -I/home/pei/Project/duckdb-polr/third_party/mbedtls/include -I/home/pei/Project/duckdb-polr/third_party/jaro_winkler -O3 -DNDEBUG -O3 -DNDEBUG   -fPIC -fdiagnostics-color=always -std=c++11 -MD -MT src/common/vector_operations/CMakeFiles/duckdb_vector_operations.dir/vector_copy.cpp.o -MF src/common/vector_operations/CMakeFiles/duckdb_vector_operations.dir/vector_copy.cpp.o.d -o src/common/vector_operations/CMakeFiles/duckdb_vector_operations.dir/vector_copy.cpp.o -c /home/pei/Project/duckdb-polr/src/common/vector_operations/vector_copy.cpp
[72/376] /usr/bin/ccache /usr/lib/ccache/c++ -DDUCKDB -DDUCKDB_BUILD_LIBRARY -DDUCKDB_MAIN_LIBRARY -DENABLE_CROSS_PRODUCT_REWRITE=0 -DENABLE_DEBUG_PRINT=0 -DENABLE_MEASURE_EXE_TIME=0 -DENABLE_MERGE_BACK_PLAN=0 -DENABLE_PARALLEL_EXECUTION=0 -DENABLE_QUERY_SPLIT=0 -DENABLE_SPECIFY_EST_STAT=0 -I/home/pei/Project/duckdb-polr/src/include -I/home/pei/Project/duckdb-polr/third_party/fsst -I/home/pei/Project/duckdb-polr/third_party/fmt/include -I/home/pei/Project/duckdb-polr/third_party/hyperloglog -I/home/pei/Project/duckdb-polr/third_party/fastpforlib -I/home/pei/Project/duckdb-polr/third_party/fast_float -I/home/pei/Project/duckdb-polr/third_party/re2 -I/home/pei/Project/duckdb-polr/third_party/miniz -I/home/pei/Project/duckdb-polr/third_party/utf8proc/include -I/home/pei/Project/duckdb-polr/third_party/miniparquet -I/home/pei/Project/duckdb-polr/third_party/concurrentqueue -I/home/pei/Project/duckdb-polr/third_party/pcg -I/home/pei/Project/duckdb-polr/third_party/tdigest -I/home/pei/Project/duckdb-polr/third_party/mbedtls/include -I/home/pei/Project/duckdb-polr/third_party/jaro_winkler -O3 -DNDEBUG -O3 -DNDEBUG   -fPIC -fdiagnostics-color=always -std=c++11 -MD -MT src/common/vector_operations/CMakeFiles/duckdb_vector_operations.dir/generators.cpp.o -MF src/common/vector_operations/CMakeFiles/duckdb_vector_operations.dir/generators.cpp.o.d -o src/common/vector_operations/CMakeFiles/duckdb_vector_operations.dir/generators.cpp.o -c /home/pei/Project/duckdb-polr/src/common/vector_operations/generators.cpp
[73/376] /usr/bin/ccache /usr/lib/ccache/c++ -DDUCKDB -DDUCKDB_BUILD_LIBRARY -DDUCKDB_MAIN_LIBRARY -DENABLE_CROSS_PRODUCT_REWRITE=0 -DENABLE_DEBUG_PRINT=0 -DENABLE_MEASURE_EXE_TIME=0 -DENABLE_MERGE_BACK_PLAN=0 -DENABLE_PARALLEL_EXECUTION=0 -DENABLE_QUERY_SPLIT=0 -DENABLE_SPECIFY_EST_STAT=0 -I/home/pei/Project/duckdb-polr/src/include -I/home/pei/Project/duckdb-polr/third_party/fsst -I/home/pei/Project/duckdb-polr/third_party/fmt/include -I/home/pei/Project/duckdb-polr/third_party/hyperloglog -I/home/pei/Project/duckdb-polr/third_party/fastpforlib -I/home/pei/Project/duckdb-polr/third_party/fast_float -I/home/pei/Project/duckdb-polr/third_party/re2 -I/home/pei/Project/duckdb-polr/third_party/miniz -I/home/pei/Project/duckdb-polr/third_party/utf8proc/include -I/home/pei/Project/duckdb-polr/third_party/miniparquet -I/home/pei/Project/duckdb-polr/third_party/concurrentqueue -I/home/pei/Project/duckdb-polr/third_party/pcg -I/home/pei/Project/duckdb-polr/third_party/tdigest -I/home/pei/Project/duckdb-polr/third_party/mbedtls/include -I/home/pei/Project/duckdb-polr/third_party/jaro_winkler -O3 -DNDEBUG -O3 -DNDEBUG   -fPIC -fdiagnostics-color=always -std=c++11 -MD -MT src/common/vector_operations/CMakeFiles/duckdb_vector_operations.dir/vector_hash.cpp.o -MF src/common/vector_operations/CMakeFiles/duckdb_vector_operations.dir/vector_hash.cpp.o.d -o src/common/vector_operations/CMakeFiles/duckdb_vector_operations.dir/vector_hash.cpp.o -c /home/pei/Project/duckdb-polr/src/common/vector_operations/vector_hash.cpp
[74/376] /usr/bin/ccache /usr/lib/ccache/c++ -DDUCKDB -DDUCKDB_BUILD_LIBRARY -DDUCKDB_MAIN_LIBRARY -DENABLE_CROSS_PRODUCT_REWRITE=0 -DENABLE_DEBUG_PRINT=0 -DENABLE_MEASURE_EXE_TIME=0 -DENABLE_MERGE_BACK_PLAN=0 -DENABLE_PARALLEL_EXECUTION=0 -DENABLE_QUERY_SPLIT=0 -DENABLE_SPECIFY_EST_STAT=0 -I/home/pei/Project/duckdb-polr/src/include -I/home/pei/Project/duckdb-polr/third_party/fsst -I/home/pei/Project/duckdb-polr/third_party/fmt/include -I/home/pei/Project/duckdb-polr/third_party/hyperloglog -I/home/pei/Project/duckdb-polr/third_party/fastpforlib -I/home/pei/Project/duckdb-polr/third_party/fast_float -I/home/pei/Project/duckdb-polr/third_party/re2 -I/home/pei/Project/duckdb-polr/third_party/miniz -I/home/pei/Project/duckdb-polr/third_party/utf8proc/include -I/home/pei/Project/duckdb-polr/third_party/miniparquet -I/home/pei/Project/duckdb-polr/third_party/concurrentqueue -I/home/pei/Project/duckdb-polr/third_party/pcg -I/home/pei/Project/duckdb-polr/third_party/tdigest -I/home/pei/Project/duckdb-polr/third_party/mbedtls/include -I/home/pei/Project/duckdb-polr/third_party/jaro_winkler -O3 -DNDEBUG -O3 -DNDEBUG   -fPIC -fdiagnostics-color=always -std=c++11 -MD -MT src/common/vector_operations/CMakeFiles/duckdb_vector_operations.dir/vector_storage.cpp.o -MF src/common/vector_operations/CMakeFiles/duckdb_vector_operations.dir/vector_storage.cpp.o.d -o src/common/vector_operations/CMakeFiles/duckdb_vector_operations.dir/vector_storage.cpp.o -c /home/pei/Project/duckdb-polr/src/common/vector_operations/vector_storage.cpp
[75/376] /usr/bin/ccache /usr/lib/ccache/c++ -DDUCKDB -DDUCKDB_BUILD_LIBRARY -DDUCKDB_MAIN_LIBRARY -DENABLE_CROSS_PRODUCT_REWRITE=0 -DENABLE_DEBUG_PRINT=0 -DENABLE_MEASURE_EXE_TIME=0 -DENABLE_MERGE_BACK_PLAN=0 -DENABLE_PARALLEL_EXECUTION=0 -DENABLE_QUERY_SPLIT=0 -DENABLE_SPECIFY_EST_STAT=0 -I/home/pei/Project/duckdb-polr/src/include -I/home/pei/Project/duckdb-polr/third_party/fsst -I/home/pei/Project/duckdb-polr/third_party/fmt/include -I/home/pei/Project/duckdb-polr/third_party/hyperloglog -I/home/pei/Project/duckdb-polr/third_party/fastpforlib -I/home/pei/Project/duckdb-polr/third_party/fast_float -I/home/pei/Project/duckdb-polr/third_party/re2 -I/home/pei/Project/duckdb-polr/third_party/miniz -I/home/pei/Project/duckdb-polr/third_party/utf8proc/include -I/home/pei/Project/duckdb-polr/third_party/miniparquet -I/home/pei/Project/duckdb-polr/third_party/concurrentqueue -I/home/pei/Project/duckdb-polr/third_party/pcg -I/home/pei/Project/duckdb-polr/third_party/tdigest -I/home/pei/Project/duckdb-polr/third_party/mbedtls/include -I/home/pei/Project/duckdb-polr/third_party/jaro_winkler -O3 -DNDEBUG -O3 -DNDEBUG   -fPIC -fdiagnostics-color=always -std=c++11 -MD -MT src/common/vector_operations/CMakeFiles/duckdb_vector_operations.dir/null_operations.cpp.o -MF src/common/vector_operations/CMakeFiles/duckdb_vector_operations.dir/null_operations.cpp.o.d -o src/common/vector_operations/CMakeFiles/duckdb_vector_operations.dir/null_operations.cpp.o -c /home/pei/Project/duckdb-polr/src/common/vector_operations/null_operations.cpp
[76/376] /usr/bin/ccache /usr/lib/ccache/c++ -DDUCKDB -DDUCKDB_BUILD_LIBRARY -DDUCKDB_MAIN_LIBRARY -DENABLE_CROSS_PRODUCT_REWRITE=0 -DENABLE_DEBUG_PRINT=0 -DENABLE_MEASURE_EXE_TIME=0 -DENABLE_MERGE_BACK_PLAN=0 -DENABLE_PARALLEL_EXECUTION=0 -DENABLE_QUERY_SPLIT=0 -DENABLE_SPECIFY_EST_STAT=0 -I/home/pei/Project/duckdb-polr/src/include -I/home/pei/Project/duckdb-polr/third_party/fsst -I/home/pei/Project/duckdb-polr/third_party/fmt/include -I/home/pei/Project/duckdb-polr/third_party/hyperloglog -I/home/pei/Project/duckdb-polr/third_party/fastpforlib -I/home/pei/Project/duckdb-polr/third_party/fast_float -I/home/pei/Project/duckdb-polr/third_party/re2 -I/home/pei/Project/duckdb-polr/third_party/miniz -I/home/pei/Project/duckdb-polr/third_party/utf8proc/include -I/home/pei/Project/duckdb-polr/third_party/miniparquet -I/home/pei/Project/duckdb-polr/third_party/concurrentqueue -I/home/pei/Project/duckdb-polr/third_party/pcg -I/home/pei/Project/duckdb-polr/third_party/tdigest -I/home/pei/Project/duckdb-polr/third_party/mbedtls/include -I/home/pei/Project/duckdb-polr/third_party/jaro_winkler -O3 -DNDEBUG -O3 -DNDEBUG   -fPIC -fdiagnostics-color=always -std=c++11 -MD -MT src/common/vector_operations/CMakeFiles/duckdb_vector_operations.dir/numeric_inplace_operators.cpp.o -MF src/common/vector_operations/CMakeFiles/duckdb_vector_operations.dir/numeric_inplace_operators.cpp.o.d -o src/common/vector_operations/CMakeFiles/duckdb_vector_operations.dir/numeric_inplace_operators.cpp.o -c /home/pei/Project/duckdb-polr/src/common/vector_operations/numeric_inplace_operators.cpp
[77/376] /usr/bin/ccache /usr/lib/ccache/c++ -DDUCKDB -DDUCKDB_BUILD_LIBRARY -DDUCKDB_MAIN_LIBRARY -DENABLE_CROSS_PRODUCT_REWRITE=0 -DENABLE_DEBUG_PRINT=0 -DENABLE_MEASURE_EXE_TIME=0 -DENABLE_MERGE_BACK_PLAN=0 -DENABLE_PARALLEL_EXECUTION=0 -DENABLE_QUERY_SPLIT=0 -DENABLE_SPECIFY_EST_STAT=0 -I/home/pei/Project/duckdb-polr/src/include -I/home/pei/Project/duckdb-polr/third_party/fsst -I/home/pei/Project/duckdb-polr/third_party/fmt/include -I/home/pei/Project/duckdb-polr/third_party/hyperloglog -I/home/pei/Project/duckdb-polr/third_party/fastpforlib -I/home/pei/Project/duckdb-polr/third_party/fast_float -I/home/pei/Project/duckdb-polr/third_party/re2 -I/home/pei/Project/duckdb-polr/third_party/miniz -I/home/pei/Project/duckdb-polr/third_party/utf8proc/include -I/home/pei/Project/duckdb-polr/third_party/miniparquet -I/home/pei/Project/duckdb-polr/third_party/concurrentqueue -I/home/pei/Project/duckdb-polr/third_party/pcg -I/home/pei/Project/duckdb-polr/third_party/tdigest -I/home/pei/Project/duckdb-polr/third_party/mbedtls/include -I/home/pei/Project/duckdb-polr/third_party/jaro_winkler -O3 -DNDEBUG -O3 -DNDEBUG   -fPIC -fdiagnostics-color=always -std=c++11 -MD -MT src/execution/nested_loop_join/CMakeFiles/duckdb_nested_loop_join.dir/ub_duckdb_nested_loop_join.cpp.o -MF src/execution/nested_loop_join/CMakeFiles/duckdb_nested_loop_join.dir/ub_duckdb_nested_loop_join.cpp.o.d -o src/execution/nested_loop_join/CMakeFiles/duckdb_nested_loop_join.dir/ub_duckdb_nested_loop_join.cpp.o -c /home/pei/Project/duckdb-polr/build/release/src/execution/nested_loop_join/ub_duckdb_nested_loop_join.cpp
[78/376] /usr/bin/ccache /usr/lib/ccache/c++ -DDUCKDB -DDUCKDB_BUILD_LIBRARY -DDUCKDB_MAIN_LIBRARY -DENABLE_CROSS_PRODUCT_REWRITE=0 -DENABLE_DEBUG_PRINT=0 -DENABLE_MEASURE_EXE_TIME=0 -DENABLE_MERGE_BACK_PLAN=0 -DENABLE_PARALLEL_EXECUTION=0 -DENABLE_QUERY_SPLIT=0 -DENABLE_SPECIFY_EST_STAT=0 -I/home/pei/Project/duckdb-polr/src/include -I/home/pei/Project/duckdb-polr/third_party/fsst -I/home/pei/Project/duckdb-polr/third_party/fmt/include -I/home/pei/Project/duckdb-polr/third_party/hyperloglog -I/home/pei/Project/duckdb-polr/third_party/fastpforlib -I/home/pei/Project/duckdb-polr/third_party/fast_float -I/home/pei/Project/duckdb-polr/third_party/re2 -I/home/pei/Project/duckdb-polr/third_party/miniz -I/home/pei/Project/duckdb-polr/third_party/utf8proc/include -I/home/pei/Project/duckdb-polr/third_party/miniparquet -I/home/pei/Project/duckdb-polr/third_party/concurrentqueue -I/home/pei/Project/duckdb-polr/third_party/pcg -I/home/pei/Project/duckdb-polr/third_party/tdigest -I/home/pei/Project/duckdb-polr/third_party/mbedtls/include -I/home/pei/Project/duckdb-polr/third_party/jaro_winkler -O3 -DNDEBUG -O3 -DNDEBUG   -fPIC -fdiagnostics-color=always -std=c++11 -MD -MT src/execution/operator/filter/CMakeFiles/duckdb_operator_filter.dir/ub_duckdb_operator_filter.cpp.o -MF src/execution/operator/filter/CMakeFiles/duckdb_operator_filter.dir/ub_duckdb_operator_filter.cpp.o.d -o src/execution/operator/filter/CMakeFiles/duckdb_operator_filter.dir/ub_duckdb_operator_filter.cpp.o -c /home/pei/Project/duckdb-polr/build/release/src/execution/operator/filter/ub_duckdb_operator_filter.cpp
[79/376] /usr/bin/ccache /usr/lib/ccache/c++ -DDUCKDB -DDUCKDB_BUILD_LIBRARY -DDUCKDB_MAIN_LIBRARY -DENABLE_CROSS_PRODUCT_REWRITE=0 -DENABLE_DEBUG_PRINT=0 -DENABLE_MEASURE_EXE_TIME=0 -DENABLE_MERGE_BACK_PLAN=0 -DENABLE_PARALLEL_EXECUTION=0 -DENABLE_QUERY_SPLIT=0 -DENABLE_SPECIFY_EST_STAT=0 -I/home/pei/Project/duckdb-polr/src/include -I/home/pei/Project/duckdb-polr/third_party/fsst -I/home/pei/Project/duckdb-polr/third_party/fmt/include -I/home/pei/Project/duckdb-polr/third_party/hyperloglog -I/home/pei/Project/duckdb-polr/third_party/fastpforlib -I/home/pei/Project/duckdb-polr/third_party/fast_float -I/home/pei/Project/duckdb-polr/third_party/re2 -I/home/pei/Project/duckdb-polr/third_party/miniz -I/home/pei/Project/duckdb-polr/third_party/utf8proc/include -I/home/pei/Project/duckdb-polr/third_party/miniparquet -I/home/pei/Project/duckdb-polr/third_party/concurrentqueue -I/home/pei/Project/duckdb-polr/third_party/pcg -I/home/pei/Project/duckdb-polr/third_party/tdigest -I/home/pei/Project/duckdb-polr/third_party/mbedtls/include -I/home/pei/Project/duckdb-polr/third_party/jaro_winkler -O3 -DNDEBUG -O3 -DNDEBUG   -fPIC -fdiagnostics-color=always -std=c++11 -MD -MT src/execution/CMakeFiles/duckdb_execution.dir/ub_duckdb_execution.cpp.o -MF src/execution/CMakeFiles/duckdb_execution.dir/ub_duckdb_execution.cpp.o.d -o src/execution/CMakeFiles/duckdb_execution.dir/ub_duckdb_execution.cpp.o -c /home/pei/Project/duckdb-polr/build/release/src/execution/ub_duckdb_execution.cpp
[80/376] /usr/bin/ccache /usr/lib/ccache/c++ -DDUCKDB -DDUCKDB_BUILD_LIBRARY -DDUCKDB_MAIN_LIBRARY -DENABLE_CROSS_PRODUCT_REWRITE=0 -DENABLE_DEBUG_PRINT=0 -DENABLE_MEASURE_EXE_TIME=0 -DENABLE_MERGE_BACK_PLAN=0 -DENABLE_PARALLEL_EXECUTION=0 -DENABLE_QUERY_SPLIT=0 -DENABLE_SPECIFY_EST_STAT=0 -I/home/pei/Project/duckdb-polr/src/include -I/home/pei/Project/duckdb-polr/third_party/fsst -I/home/pei/Project/duckdb-polr/third_party/fmt/include -I/home/pei/Project/duckdb-polr/third_party/hyperloglog -I/home/pei/Project/duckdb-polr/third_party/fastpforlib -I/home/pei/Project/duckdb-polr/third_party/fast_float -I/home/pei/Project/duckdb-polr/third_party/re2 -I/home/pei/Project/duckdb-polr/third_party/miniz -I/home/pei/Project/duckdb-polr/third_party/utf8proc/include -I/home/pei/Project/duckdb-polr/third_party/miniparquet -I/home/pei/Project/duckdb-polr/third_party/concurrentqueue -I/home/pei/Project/duckdb-polr/third_party/pcg -I/home/pei/Project/duckdb-polr/third_party/tdigest -I/home/pei/Project/duckdb-polr/third_party/mbedtls/include -I/home/pei/Project/duckdb-polr/third_party/jaro_winkler -O3 -DNDEBUG -O3 -DNDEBUG   -fPIC -fdiagnostics-color=always -std=c++11 -MD -MT src/execution/expression_executor/CMakeFiles/duckdb_expression_executor.dir/ub_duckdb_expression_executor.cpp.o -MF src/execution/expression_executor/CMakeFiles/duckdb_expression_executor.dir/ub_duckdb_expression_executor.cpp.o.d -o src/execution/expression_executor/CMakeFiles/duckdb_expression_executor.dir/ub_duckdb_expression_executor.cpp.o -c /home/pei/Project/duckdb-polr/build/release/src/execution/expression_executor/ub_duckdb_expression_executor.cpp
[81/376] /usr/bin/ccache /usr/lib/ccache/c++ -DDUCKDB -DDUCKDB_BUILD_LIBRARY -DDUCKDB_MAIN_LIBRARY -DENABLE_CROSS_PRODUCT_REWRITE=0 -DENABLE_DEBUG_PRINT=0 -DENABLE_MEASURE_EXE_TIME=0 -DENABLE_MERGE_BACK_PLAN=0 -DENABLE_PARALLEL_EXECUTION=0 -DENABLE_QUERY_SPLIT=0 -DENABLE_SPECIFY_EST_STAT=0 -I/home/pei/Project/duckdb-polr/src/include -I/home/pei/Project/duckdb-polr/third_party/fsst -I/home/pei/Project/duckdb-polr/third_party/fmt/include -I/home/pei/Project/duckdb-polr/third_party/hyperloglog -I/home/pei/Project/duckdb-polr/third_party/fastpforlib -I/home/pei/Project/duckdb-polr/third_party/fast_float -I/home/pei/Project/duckdb-polr/third_party/re2 -I/home/pei/Project/duckdb-polr/third_party/miniz -I/home/pei/Project/duckdb-polr/third_party/utf8proc/include -I/home/pei/Project/duckdb-polr/third_party/miniparquet -I/home/pei/Project/duckdb-polr/third_party/concurrentqueue -I/home/pei/Project/duckdb-polr/third_party/pcg -I/home/pei/Project/duckdb-polr/third_party/tdigest -I/home/pei/Project/duckdb-polr/third_party/mbedtls/include -I/home/pei/Project/duckdb-polr/third_party/jaro_winkler -O3 -DNDEBUG -O3 -DNDEBUG   -fPIC -fdiagnostics-color=always -std=c++11 -MD -MT src/execution/operator/aggregate/CMakeFiles/duckdb_operator_aggregate.dir/ub_duckdb_operator_aggregate.cpp.o -MF src/execution/operator/aggregate/CMakeFiles/duckdb_operator_aggregate.dir/ub_duckdb_operator_aggregate.cpp.o.d -o src/execution/operator/aggregate/CMakeFiles/duckdb_operator_aggregate.dir/ub_duckdb_operator_aggregate.cpp.o -c /home/pei/Project/duckdb-polr/build/release/src/execution/operator/aggregate/ub_duckdb_operator_aggregate.cpp
[82/376] /usr/bin/ccache /usr/lib/ccache/c++ -DDUCKDB -DDUCKDB_BUILD_LIBRARY -DDUCKDB_MAIN_LIBRARY -DENABLE_CROSS_PRODUCT_REWRITE=0 -DENABLE_DEBUG_PRINT=0 -DENABLE_MEASURE_EXE_TIME=0 -DENABLE_MERGE_BACK_PLAN=0 -DENABLE_PARALLEL_EXECUTION=0 -DENABLE_QUERY_SPLIT=0 -DENABLE_SPECIFY_EST_STAT=0 -I/home/pei/Project/duckdb-polr/src/include -I/home/pei/Project/duckdb-polr/third_party/fsst -I/home/pei/Project/duckdb-polr/third_party/fmt/include -I/home/pei/Project/duckdb-polr/third_party/hyperloglog -I/home/pei/Project/duckdb-polr/third_party/fastpforlib -I/home/pei/Project/duckdb-polr/third_party/fast_float -I/home/pei/Project/duckdb-polr/third_party/re2 -I/home/pei/Project/duckdb-polr/third_party/miniz -I/home/pei/Project/duckdb-polr/third_party/utf8proc/include -I/home/pei/Project/duckdb-polr/third_party/miniparquet -I/home/pei/Project/duckdb-polr/third_party/concurrentqueue -I/home/pei/Project/duckdb-polr/third_party/pcg -I/home/pei/Project/duckdb-polr/third_party/tdigest -I/home/pei/Project/duckdb-polr/third_party/mbedtls/include -I/home/pei/Project/duckdb-polr/third_party/jaro_winkler -O3 -DNDEBUG -O3 -DNDEBUG   -fPIC -fdiagnostics-color=always -std=c++11 -MD -MT src/common/vector_operations/CMakeFiles/duckdb_vector_operations.dir/is_distinct_from.cpp.o -MF src/common/vector_operations/CMakeFiles/duckdb_vector_operations.dir/is_distinct_from.cpp.o.d -o src/common/vector_operations/CMakeFiles/duckdb_vector_operations.dir/is_distinct_from.cpp.o -c /home/pei/Project/duckdb-polr/src/common/vector_operations/is_distinct_from.cpp
[83/376] /usr/bin/ccache /usr/lib/ccache/c++ -DDUCKDB -DDUCKDB_BUILD_LIBRARY -DDUCKDB_MAIN_LIBRARY -DENABLE_CROSS_PRODUCT_REWRITE=0 -DENABLE_DEBUG_PRINT=0 -DENABLE_MEASURE_EXE_TIME=0 -DENABLE_MERGE_BACK_PLAN=0 -DENABLE_PARALLEL_EXECUTION=0 -DENABLE_QUERY_SPLIT=0 -DENABLE_SPECIFY_EST_STAT=0 -I/home/pei/Project/duckdb-polr/src/include -I/home/pei/Project/duckdb-polr/third_party/fsst -I/home/pei/Project/duckdb-polr/third_party/fmt/include -I/home/pei/Project/duckdb-polr/third_party/hyperloglog -I/home/pei/Project/duckdb-polr/third_party/fastpforlib -I/home/pei/Project/duckdb-polr/third_party/fast_float -I/home/pei/Project/duckdb-polr/third_party/re2 -I/home/pei/Project/duckdb-polr/third_party/miniz -I/home/pei/Project/duckdb-polr/third_party/utf8proc/include -I/home/pei/Project/duckdb-polr/third_party/miniparquet -I/home/pei/Project/duckdb-polr/third_party/concurrentqueue -I/home/pei/Project/duckdb-polr/third_party/pcg -I/home/pei/Project/duckdb-polr/third_party/tdigest -I/home/pei/Project/duckdb-polr/third_party/mbedtls/include -I/home/pei/Project/duckdb-polr/third_party/jaro_winkler -O3 -DNDEBUG -O3 -DNDEBUG   -fPIC -fdiagnostics-color=always -std=c++11 -MD -MT src/execution/operator/helper/CMakeFiles/duckdb_operator_helper.dir/ub_duckdb_operator_helper.cpp.o -MF src/execution/operator/helper/CMakeFiles/duckdb_operator_helper.dir/ub_duckdb_operator_helper.cpp.o.d -o src/execution/operator/helper/CMakeFiles/duckdb_operator_helper.dir/ub_duckdb_operator_helper.cpp.o -c /home/pei/Project/duckdb-polr/build/release/src/execution/operator/helper/ub_duckdb_operator_helper.cpp
[84/376] /usr/bin/ccache /usr/lib/ccache/c++ -DDUCKDB -DDUCKDB_BUILD_LIBRARY -DDUCKDB_MAIN_LIBRARY -DENABLE_CROSS_PRODUCT_REWRITE=0 -DENABLE_DEBUG_PRINT=0 -DENABLE_MEASURE_EXE_TIME=0 -DENABLE_MERGE_BACK_PLAN=0 -DENABLE_PARALLEL_EXECUTION=0 -DENABLE_QUERY_SPLIT=0 -DENABLE_SPECIFY_EST_STAT=0 -I/home/pei/Project/duckdb-polr/src/include -I/home/pei/Project/duckdb-polr/third_party/fsst -I/home/pei/Project/duckdb-polr/third_party/fmt/include -I/home/pei/Project/duckdb-polr/third_party/hyperloglog -I/home/pei/Project/duckdb-polr/third_party/fastpforlib -I/home/pei/Project/duckdb-polr/third_party/fast_float -I/home/pei/Project/duckdb-polr/third_party/re2 -I/home/pei/Project/duckdb-polr/third_party/miniz -I/home/pei/Project/duckdb-polr/third_party/utf8proc/include -I/home/pei/Project/duckdb-polr/third_party/miniparquet -I/home/pei/Project/duckdb-polr/third_party/concurrentqueue -I/home/pei/Project/duckdb-polr/third_party/pcg -I/home/pei/Project/duckdb-polr/third_party/tdigest -I/home/pei/Project/duckdb-polr/third_party/mbedtls/include -I/home/pei/Project/duckdb-polr/third_party/jaro_winkler -O3 -DNDEBUG -O3 -DNDEBUG   -fPIC -fdiagnostics-color=always -std=c++11 -MD -MT src/execution/operator/join/CMakeFiles/duckdb_operator_join.dir/ub_duckdb_operator_join.cpp.o -MF src/execution/operator/join/CMakeFiles/duckdb_operator_join.dir/ub_duckdb_operator_join.cpp.o.d -o src/execution/operator/join/CMakeFiles/duckdb_operator_join.dir/ub_duckdb_operator_join.cpp.o -c /home/pei/Project/duckdb-polr/build/release/src/execution/operator/join/ub_duckdb_operator_join.cpp
[85/376] /usr/bin/ccache /usr/lib/ccache/c++ -DDUCKDB -DDUCKDB_BUILD_LIBRARY -DDUCKDB_MAIN_LIBRARY -DENABLE_CROSS_PRODUCT_REWRITE=0 -DENABLE_DEBUG_PRINT=0 -DENABLE_MEASURE_EXE_TIME=0 -DENABLE_MERGE_BACK_PLAN=0 -DENABLE_PARALLEL_EXECUTION=0 -DENABLE_QUERY_SPLIT=0 -DENABLE_SPECIFY_EST_STAT=0 -I/home/pei/Project/duckdb-polr/src/include -I/home/pei/Project/duckdb-polr/third_party/fsst -I/home/pei/Project/duckdb-polr/third_party/fmt/include -I/home/pei/Project/duckdb-polr/third_party/hyperloglog -I/home/pei/Project/duckdb-polr/third_party/fastpforlib -I/home/pei/Project/duckdb-polr/third_party/fast_float -I/home/pei/Project/duckdb-polr/third_party/re2 -I/home/pei/Project/duckdb-polr/third_party/miniz -I/home/pei/Project/duckdb-polr/third_party/utf8proc/include -I/home/pei/Project/duckdb-polr/third_party/miniparquet -I/home/pei/Project/duckdb-polr/third_party/concurrentqueue -I/home/pei/Project/duckdb-polr/third_party/pcg -I/home/pei/Project/duckdb-polr/third_party/tdigest -I/home/pei/Project/duckdb-polr/third_party/mbedtls/include -I/home/pei/Project/duckdb-polr/third_party/jaro_winkler -O3 -DNDEBUG -O3 -DNDEBUG   -fPIC -fdiagnostics-color=always -std=c++11 -MD -MT src/execution/operator/order/CMakeFiles/duckdb_operator_order.dir/ub_duckdb_operator_order.cpp.o -MF src/execution/operator/order/CMakeFiles/duckdb_operator_order.dir/ub_duckdb_operator_order.cpp.o.d -o src/execution/operator/order/CMakeFiles/duckdb_operator_order.dir/ub_duckdb_operator_order.cpp.o -c /home/pei/Project/duckdb-polr/build/release/src/execution/operator/order/ub_duckdb_operator_order.cpp
[86/376] /usr/bin/ccache /usr/lib/ccache/c++ -DDUCKDB -DDUCKDB_BUILD_LIBRARY -DDUCKDB_MAIN_LIBRARY -DENABLE_CROSS_PRODUCT_REWRITE=0 -DENABLE_DEBUG_PRINT=0 -DENABLE_MEASURE_EXE_TIME=0 -DENABLE_MERGE_BACK_PLAN=0 -DENABLE_PARALLEL_EXECUTION=0 -DENABLE_QUERY_SPLIT=0 -DENABLE_SPECIFY_EST_STAT=0 -I/home/pei/Project/duckdb-polr/src/include -I/home/pei/Project/duckdb-polr/third_party/fsst -I/home/pei/Project/duckdb-polr/third_party/fmt/include -I/home/pei/Project/duckdb-polr/third_party/hyperloglog -I/home/pei/Project/duckdb-polr/third_party/fastpforlib -I/home/pei/Project/duckdb-polr/third_party/fast_float -I/home/pei/Project/duckdb-polr/third_party/re2 -I/home/pei/Project/duckdb-polr/third_party/miniz -I/home/pei/Project/duckdb-polr/third_party/utf8proc/include -I/home/pei/Project/duckdb-polr/third_party/miniparquet -I/home/pei/Project/duckdb-polr/third_party/concurrentqueue -I/home/pei/Project/duckdb-polr/third_party/pcg -I/home/pei/Project/duckdb-polr/third_party/tdigest -I/home/pei/Project/duckdb-polr/third_party/mbedtls/include -I/home/pei/Project/duckdb-polr/third_party/jaro_winkler -O3 -DNDEBUG -O3 -DNDEBUG   -fPIC -fdiagnostics-color=always -std=c++11 -MD -MT src/execution/operator/persistent/CMakeFiles/duckdb_operator_persistent.dir/ub_duckdb_operator_persistent.cpp.o -MF src/execution/operator/persistent/CMakeFiles/duckdb_operator_persistent.dir/ub_duckdb_operator_persistent.cpp.o.d -o src/execution/operator/persistent/CMakeFiles/duckdb_operator_persistent.dir/ub_duckdb_operator_persistent.cpp.o -c /home/pei/Project/duckdb-polr/build/release/src/execution/operator/persistent/ub_duckdb_operator_persistent.cpp
[87/376] /usr/bin/ccache /usr/lib/ccache/c++ -DDUCKDB -DDUCKDB_BUILD_LIBRARY -DDUCKDB_MAIN_LIBRARY -DENABLE_CROSS_PRODUCT_REWRITE=0 -DENABLE_DEBUG_PRINT=0 -DENABLE_MEASURE_EXE_TIME=0 -DENABLE_MERGE_BACK_PLAN=0 -DENABLE_PARALLEL_EXECUTION=0 -DENABLE_QUERY_SPLIT=0 -DENABLE_SPECIFY_EST_STAT=0 -I/home/pei/Project/duckdb-polr/src/include -I/home/pei/Project/duckdb-polr/third_party/fsst -I/home/pei/Project/duckdb-polr/third_party/fmt/include -I/home/pei/Project/duckdb-polr/third_party/hyperloglog -I/home/pei/Project/duckdb-polr/third_party/fastpforlib -I/home/pei/Project/duckdb-polr/third_party/fast_float -I/home/pei/Project/duckdb-polr/third_party/re2 -I/home/pei/Project/duckdb-polr/third_party/miniz -I/home/pei/Project/duckdb-polr/third_party/utf8proc/include -I/home/pei/Project/duckdb-polr/third_party/miniparquet -I/home/pei/Project/duckdb-polr/third_party/concurrentqueue -I/home/pei/Project/duckdb-polr/third_party/pcg -I/home/pei/Project/duckdb-polr/third_party/tdigest -I/home/pei/Project/duckdb-polr/third_party/mbedtls/include -I/home/pei/Project/duckdb-polr/third_party/jaro_winkler -O3 -DNDEBUG -O3 -DNDEBUG   -fPIC -fdiagnostics-color=always -std=c++11 -MD -MT src/execution/operator/projection/CMakeFiles/duckdb_operator_projection.dir/ub_duckdb_operator_projection.cpp.o -MF src/execution/operator/projection/CMakeFiles/duckdb_operator_projection.dir/ub_duckdb_operator_projection.cpp.o.d -o src/execution/operator/projection/CMakeFiles/duckdb_operator_projection.dir/ub_duckdb_operator_projection.cpp.o -c /home/pei/Project/duckdb-polr/build/release/src/execution/operator/projection/ub_duckdb_operator_projection.cpp
[88/376] /usr/bin/ccache /usr/lib/ccache/c++ -DDUCKDB -DDUCKDB_BUILD_LIBRARY -DDUCKDB_MAIN_LIBRARY -DENABLE_CROSS_PRODUCT_REWRITE=0 -DENABLE_DEBUG_PRINT=0 -DENABLE_MEASURE_EXE_TIME=0 -DENABLE_MERGE_BACK_PLAN=0 -DENABLE_PARALLEL_EXECUTION=0 -DENABLE_QUERY_SPLIT=0 -DENABLE_SPECIFY_EST_STAT=0 -I/home/pei/Project/duckdb-polr/src/include -I/home/pei/Project/duckdb-polr/third_party/fsst -I/home/pei/Project/duckdb-polr/third_party/fmt/include -I/home/pei/Project/duckdb-polr/third_party/hyperloglog -I/home/pei/Project/duckdb-polr/third_party/fastpforlib -I/home/pei/Project/duckdb-polr/third_party/fast_float -I/home/pei/Project/duckdb-polr/third_party/re2 -I/home/pei/Project/duckdb-polr/third_party/miniz -I/home/pei/Project/duckdb-polr/third_party/utf8proc/include -I/home/pei/Project/duckdb-polr/third_party/miniparquet -I/home/pei/Project/duckdb-polr/third_party/concurrentqueue -I/home/pei/Project/duckdb-polr/third_party/pcg -I/home/pei/Project/duckdb-polr/third_party/tdigest -I/home/pei/Project/duckdb-polr/third_party/mbedtls/include -I/home/pei/Project/duckdb-polr/third_party/jaro_winkler -O3 -DNDEBUG -O3 -DNDEBUG   -fPIC -fdiagnostics-color=always -std=c++11 -MD -MT src/execution/operator/schema/CMakeFiles/duckdb_operator_schema.dir/ub_duckdb_operator_schema.cpp.o -MF src/execution/operator/schema/CMakeFiles/duckdb_operator_schema.dir/ub_duckdb_operator_schema.cpp.o.d -o src/execution/operator/schema/CMakeFiles/duckdb_operator_schema.dir/ub_duckdb_operator_schema.cpp.o -c /home/pei/Project/duckdb-polr/build/release/src/execution/operator/schema/ub_duckdb_operator_schema.cpp
[89/376] /usr/bin/ccache /usr/lib/ccache/c++ -DDUCKDB -DDUCKDB_BUILD_LIBRARY -DDUCKDB_MAIN_LIBRARY -DENABLE_CROSS_PRODUCT_REWRITE=0 -DENABLE_DEBUG_PRINT=0 -DENABLE_MEASURE_EXE_TIME=0 -DENABLE_MERGE_BACK_PLAN=0 -DENABLE_PARALLEL_EXECUTION=0 -DENABLE_QUERY_SPLIT=0 -DENABLE_SPECIFY_EST_STAT=0 -I/home/pei/Project/duckdb-polr/src/include -I/home/pei/Project/duckdb-polr/third_party/fsst -I/home/pei/Project/duckdb-polr/third_party/fmt/include -I/home/pei/Project/duckdb-polr/third_party/hyperloglog -I/home/pei/Project/duckdb-polr/third_party/fastpforlib -I/home/pei/Project/duckdb-polr/third_party/fast_float -I/home/pei/Project/duckdb-polr/third_party/re2 -I/home/pei/Project/duckdb-polr/third_party/miniz -I/home/pei/Project/duckdb-polr/third_party/utf8proc/include -I/home/pei/Project/duckdb-polr/third_party/miniparquet -I/home/pei/Project/duckdb-polr/third_party/concurrentqueue -I/home/pei/Project/duckdb-polr/third_party/pcg -I/home/pei/Project/duckdb-polr/third_party/tdigest -I/home/pei/Project/duckdb-polr/third_party/mbedtls/include -I/home/pei/Project/duckdb-polr/third_party/jaro_winkler -O3 -DNDEBUG -O3 -DNDEBUG   -fPIC -fdiagnostics-color=always -std=c++11 -MD -MT src/execution/operator/set/CMakeFiles/duckdb_operator_set.dir/ub_duckdb_operator_set.cpp.o -MF src/execution/operator/set/CMakeFiles/duckdb_operator_set.dir/ub_duckdb_operator_set.cpp.o.d -o src/execution/operator/set/CMakeFiles/duckdb_operator_set.dir/ub_duckdb_operator_set.cpp.o -c /home/pei/Project/duckdb-polr/build/release/src/execution/operator/set/ub_duckdb_operator_set.cpp
[90/376] /usr/bin/ccache /usr/lib/ccache/c++ -DDUCKDB -DDUCKDB_BUILD_LIBRARY -DDUCKDB_MAIN_LIBRARY -DENABLE_CROSS_PRODUCT_REWRITE=0 -DENABLE_DEBUG_PRINT=0 -DENABLE_MEASURE_EXE_TIME=0 -DENABLE_MERGE_BACK_PLAN=0 -DENABLE_PARALLEL_EXECUTION=0 -DENABLE_QUERY_SPLIT=0 -DENABLE_SPECIFY_EST_STAT=0 -I/home/pei/Project/duckdb-polr/src/include -I/home/pei/Project/duckdb-polr/third_party/fsst -I/home/pei/Project/duckdb-polr/third_party/fmt/include -I/home/pei/Project/duckdb-polr/third_party/hyperloglog -I/home/pei/Project/duckdb-polr/third_party/fastpforlib -I/home/pei/Project/duckdb-polr/third_party/fast_float -I/home/pei/Project/duckdb-polr/third_party/re2 -I/home/pei/Project/duckdb-polr/third_party/miniz -I/home/pei/Project/duckdb-polr/third_party/utf8proc/include -I/home/pei/Project/duckdb-polr/third_party/miniparquet -I/home/pei/Project/duckdb-polr/third_party/concurrentqueue -I/home/pei/Project/duckdb-polr/third_party/pcg -I/home/pei/Project/duckdb-polr/third_party/tdigest -I/home/pei/Project/duckdb-polr/third_party/mbedtls/include -I/home/pei/Project/duckdb-polr/third_party/jaro_winkler -O3 -DNDEBUG -O3 -DNDEBUG   -fPIC -fdiagnostics-color=always -std=c++11 -MD -MT src/execution/operator/scan/CMakeFiles/duckdb_operator_scan.dir/ub_duckdb_operator_scan.cpp.o -MF src/execution/operator/scan/CMakeFiles/duckdb_operator_scan.dir/ub_duckdb_operator_scan.cpp.o.d -o src/execution/operator/scan/CMakeFiles/duckdb_operator_scan.dir/ub_duckdb_operator_scan.cpp.o -c /home/pei/Project/duckdb-polr/build/release/src/execution/operator/scan/ub_duckdb_operator_scan.cpp
[91/376] /usr/bin/ccache /usr/lib/ccache/c++ -DDUCKDB -DDUCKDB_BUILD_LIBRARY -DDUCKDB_MAIN_LIBRARY -DENABLE_CROSS_PRODUCT_REWRITE=0 -DENABLE_DEBUG_PRINT=0 -DENABLE_MEASURE_EXE_TIME=0 -DENABLE_MERGE_BACK_PLAN=0 -DENABLE_PARALLEL_EXECUTION=0 -DENABLE_QUERY_SPLIT=0 -DENABLE_SPECIFY_EST_STAT=0 -I/home/pei/Project/duckdb-polr/src/include -I/home/pei/Project/duckdb-polr/third_party/fsst -I/home/pei/Project/duckdb-polr/third_party/fmt/include -I/home/pei/Project/duckdb-polr/third_party/hyperloglog -I/home/pei/Project/duckdb-polr/third_party/fastpforlib -I/home/pei/Project/duckdb-polr/third_party/fast_float -I/home/pei/Project/duckdb-polr/third_party/re2 -I/home/pei/Project/duckdb-polr/third_party/miniz -I/home/pei/Project/duckdb-polr/third_party/utf8proc/include -I/home/pei/Project/duckdb-polr/third_party/miniparquet -I/home/pei/Project/duckdb-polr/third_party/concurrentqueue -I/home/pei/Project/duckdb-polr/third_party/pcg -I/home/pei/Project/duckdb-polr/third_party/tdigest -I/home/pei/Project/duckdb-polr/third_party/mbedtls/include -I/home/pei/Project/duckdb-polr/third_party/jaro_winkler -O3 -DNDEBUG -O3 -DNDEBUG   -fPIC -fdiagnostics-color=always -std=c++11 -MD -MT src/execution/physical_plan/CMakeFiles/duckdb_physical_plan.dir/ub_duckdb_physical_plan.cpp.o -MF src/execution/physical_plan/CMakeFiles/duckdb_physical_plan.dir/ub_duckdb_physical_plan.cpp.o.d -o src/execution/physical_plan/CMakeFiles/duckdb_physical_plan.dir/ub_duckdb_physical_plan.cpp.o -c /home/pei/Project/duckdb-polr/build/release/src/execution/physical_plan/ub_duckdb_physical_plan.cpp
[92/376] /usr/bin/ccache /usr/lib/ccache/c++ -DDUCKDB -DDUCKDB_BUILD_LIBRARY -DDUCKDB_MAIN_LIBRARY -DENABLE_CROSS_PRODUCT_REWRITE=0 -DENABLE_DEBUG_PRINT=0 -DENABLE_MEASURE_EXE_TIME=0 -DENABLE_MERGE_BACK_PLAN=0 -DENABLE_PARALLEL_EXECUTION=0 -DENABLE_QUERY_SPLIT=0 -DENABLE_SPECIFY_EST_STAT=0 -I/home/pei/Project/duckdb-polr/src/include -I/home/pei/Project/duckdb-polr/third_party/fsst -I/home/pei/Project/duckdb-polr/third_party/fmt/include -I/home/pei/Project/duckdb-polr/third_party/hyperloglog -I/home/pei/Project/duckdb-polr/third_party/fastpforlib -I/home/pei/Project/duckdb-polr/third_party/fast_float -I/home/pei/Project/duckdb-polr/third_party/re2 -I/home/pei/Project/duckdb-polr/third_party/miniz -I/home/pei/Project/duckdb-polr/third_party/utf8proc/include -I/home/pei/Project/duckdb-polr/third_party/miniparquet -I/home/pei/Project/duckdb-polr/third_party/concurrentqueue -I/home/pei/Project/duckdb-polr/third_party/pcg -I/home/pei/Project/duckdb-polr/third_party/tdigest -I/home/pei/Project/duckdb-polr/third_party/mbedtls/include -I/home/pei/Project/duckdb-polr/third_party/jaro_winkler -O3 -DNDEBUG -O3 -DNDEBUG   -fPIC -fdiagnostics-color=always -std=c++11 -MD -MT src/execution/index/art/CMakeFiles/duckdb_art_index_execution.dir/ub_duckdb_art_index_execution.cpp.o -MF src/execution/index/art/CMakeFiles/duckdb_art_index_execution.dir/ub_duckdb_art_index_execution.cpp.o.d -o src/execution/index/art/CMakeFiles/duckdb_art_index_execution.dir/ub_duckdb_art_index_execution.cpp.o -c /home/pei/Project/duckdb-polr/build/release/src/execution/index/art/ub_duckdb_art_index_execution.cpp
[93/376] /usr/bin/ccache /usr/lib/ccache/c++ -DDUCKDB -DDUCKDB_BUILD_LIBRARY -DDUCKDB_MAIN_LIBRARY -DENABLE_CROSS_PRODUCT_REWRITE=0 -DENABLE_DEBUG_PRINT=0 -DENABLE_MEASURE_EXE_TIME=0 -DENABLE_MERGE_BACK_PLAN=0 -DENABLE_PARALLEL_EXECUTION=0 -DENABLE_QUERY_SPLIT=0 -DENABLE_SPECIFY_EST_STAT=0 -I/home/pei/Project/duckdb-polr/src/include -I/home/pei/Project/duckdb-polr/third_party/fsst -I/home/pei/Project/duckdb-polr/third_party/fmt/include -I/home/pei/Project/duckdb-polr/third_party/hyperloglog -I/home/pei/Project/duckdb-polr/third_party/fastpforlib -I/home/pei/Project/duckdb-polr/third_party/fast_float -I/home/pei/Project/duckdb-polr/third_party/re2 -I/home/pei/Project/duckdb-polr/third_party/miniz -I/home/pei/Project/duckdb-polr/third_party/utf8proc/include -I/home/pei/Project/duckdb-polr/third_party/miniparquet -I/home/pei/Project/duckdb-polr/third_party/concurrentqueue -I/home/pei/Project/duckdb-polr/third_party/pcg -I/home/pei/Project/duckdb-polr/third_party/tdigest -I/home/pei/Project/duckdb-polr/third_party/mbedtls/include -I/home/pei/Project/duckdb-polr/third_party/jaro_winkler -O3 -DNDEBUG -O3 -DNDEBUG   -fPIC -fdiagnostics-color=always -std=c++11 -MD -MT src/main/capi/CMakeFiles/duckdb_main_capi.dir/ub_duckdb_main_capi.cpp.o -MF src/main/capi/CMakeFiles/duckdb_main_capi.dir/ub_duckdb_main_capi.cpp.o.d -o src/main/capi/CMakeFiles/duckdb_main_capi.dir/ub_duckdb_main_capi.cpp.o -c /home/pei/Project/duckdb-polr/build/release/src/main/capi/ub_duckdb_main_capi.cpp
[94/376] /usr/bin/ccache /usr/lib/ccache/c++ -DDUCKDB -DDUCKDB_BUILD_LIBRARY -DDUCKDB_MAIN_LIBRARY -DENABLE_CROSS_PRODUCT_REWRITE=0 -DENABLE_DEBUG_PRINT=0 -DENABLE_MEASURE_EXE_TIME=0 -DENABLE_MERGE_BACK_PLAN=0 -DENABLE_PARALLEL_EXECUTION=0 -DENABLE_QUERY_SPLIT=0 -DENABLE_SPECIFY_EST_STAT=0 -I/home/pei/Project/duckdb-polr/src/include -I/home/pei/Project/duckdb-polr/third_party/fsst -I/home/pei/Project/duckdb-polr/third_party/fmt/include -I/home/pei/Project/duckdb-polr/third_party/hyperloglog -I/home/pei/Project/duckdb-polr/third_party/fastpforlib -I/home/pei/Project/duckdb-polr/third_party/fast_float -I/home/pei/Project/duckdb-polr/third_party/re2 -I/home/pei/Project/duckdb-polr/third_party/miniz -I/home/pei/Project/duckdb-polr/third_party/utf8proc/include -I/home/pei/Project/duckdb-polr/third_party/miniparquet -I/home/pei/Project/duckdb-polr/third_party/concurrentqueue -I/home/pei/Project/duckdb-polr/third_party/pcg -I/home/pei/Project/duckdb-polr/third_party/tdigest -I/home/pei/Project/duckdb-polr/third_party/mbedtls/include -I/home/pei/Project/duckdb-polr/third_party/jaro_winkler -O3 -DNDEBUG -O3 -DNDEBUG   -fPIC -fdiagnostics-color=always -std=c++11 -MD -MT src/main/capi/cast/CMakeFiles/duckdb_main_capi_cast.dir/ub_duckdb_main_capi_cast.cpp.o -MF src/main/capi/cast/CMakeFiles/duckdb_main_capi_cast.dir/ub_duckdb_main_capi_cast.cpp.o.d -o src/main/capi/cast/CMakeFiles/duckdb_main_capi_cast.dir/ub_duckdb_main_capi_cast.cpp.o -c /home/pei/Project/duckdb-polr/build/release/src/main/capi/cast/ub_duckdb_main_capi_cast.cpp
[95/376] /usr/bin/ccache /usr/lib/ccache/c++ -DBUILD_JEMALLOC_EXTENSION=ON -DBUILD_PARQUET_EXTENSION=TRUE -DDUCKDB -DDUCKDB_BUILD_LIBRARY -DDUCKDB_MAIN_LIBRARY -DENABLE_CROSS_PRODUCT_REWRITE=0 -DENABLE_DEBUG_PRINT=0 -DENABLE_MEASURE_EXE_TIME=0 -DENABLE_MERGE_BACK_PLAN=0 -DENABLE_PARALLEL_EXECUTION=0 -DENABLE_QUERY_SPLIT=0 -DENABLE_SPECIFY_EST_STAT=0 -I/home/pei/Project/duckdb-polr/src/include -I/home/pei/Project/duckdb-polr/third_party/fsst -I/home/pei/Project/duckdb-polr/third_party/fmt/include -I/home/pei/Project/duckdb-polr/third_party/hyperloglog -I/home/pei/Project/duckdb-polr/third_party/fastpforlib -I/home/pei/Project/duckdb-polr/third_party/fast_float -I/home/pei/Project/duckdb-polr/third_party/re2 -I/home/pei/Project/duckdb-polr/third_party/miniz -I/home/pei/Project/duckdb-polr/third_party/utf8proc/include -I/home/pei/Project/duckdb-polr/third_party/miniparquet -I/home/pei/Project/duckdb-polr/third_party/concurrentqueue -I/home/pei/Project/duckdb-polr/third_party/pcg -I/home/pei/Project/duckdb-polr/third_party/tdigest -I/home/pei/Project/duckdb-polr/third_party/mbedtls/include -I/home/pei/Project/duckdb-polr/third_party/jaro_winkler -I/home/pei/Project/duckdb-polr/src/main/extension/../../../third_party/httplib -I/home/pei/Project/duckdb-polr/extension -I/home/pei/Project/duckdb-polr/extension/parquet/include -I/home/pei/Project/duckdb-polr/extension/jemalloc/include -O3 -DNDEBUG -O3 -DNDEBUG   -fPIC -fdiagnostics-color=always -std=c++11 -MD -MT src/main/extension/CMakeFiles/duckdb_main_extension.dir/ub_duckdb_main_extension.cpp.o -MF src/main/extension/CMakeFiles/duckdb_main_extension.dir/ub_duckdb_main_extension.cpp.o.d -o src/main/extension/CMakeFiles/duckdb_main_extension.dir/ub_duckdb_main_extension.cpp.o -c /home/pei/Project/duckdb-polr/build/release/src/main/extension/ub_duckdb_main_extension.cpp
[96/376] /usr/bin/ccache /usr/lib/ccache/c++ -DDUCKDB -DDUCKDB_BUILD_LIBRARY -DDUCKDB_MAIN_LIBRARY -DENABLE_CROSS_PRODUCT_REWRITE=0 -DENABLE_DEBUG_PRINT=0 -DENABLE_MEASURE_EXE_TIME=0 -DENABLE_MERGE_BACK_PLAN=0 -DENABLE_PARALLEL_EXECUTION=0 -DENABLE_QUERY_SPLIT=0 -DENABLE_SPECIFY_EST_STAT=0 -I/home/pei/Project/duckdb-polr/src/include -I/home/pei/Project/duckdb-polr/third_party/fsst -I/home/pei/Project/duckdb-polr/third_party/fmt/include -I/home/pei/Project/duckdb-polr/third_party/hyperloglog -I/home/pei/Project/duckdb-polr/third_party/fastpforlib -I/home/pei/Project/duckdb-polr/third_party/fast_float -I/home/pei/Project/duckdb-polr/third_party/re2 -I/home/pei/Project/duckdb-polr/third_party/miniz -I/home/pei/Project/duckdb-polr/third_party/utf8proc/include -I/home/pei/Project/duckdb-polr/third_party/miniparquet -I/home/pei/Project/duckdb-polr/third_party/concurrentqueue -I/home/pei/Project/duckdb-polr/third_party/pcg -I/home/pei/Project/duckdb-polr/third_party/tdigest -I/home/pei/Project/duckdb-polr/third_party/mbedtls/include -I/home/pei/Project/duckdb-polr/third_party/jaro_winkler -O3 -DNDEBUG -O3 -DNDEBUG   -fPIC -fdiagnostics-color=always -std=c++11 -MD -MT src/main/relation/CMakeFiles/duckdb_main_relation.dir/ub_duckdb_main_relation.cpp.o -MF src/main/relation/CMakeFiles/duckdb_main_relation.dir/ub_duckdb_main_relation.cpp.o.d -o src/main/relation/CMakeFiles/duckdb_main_relation.dir/ub_duckdb_main_relation.cpp.o -c /home/pei/Project/duckdb-polr/build/release/src/main/relation/ub_duckdb_main_relation.cpp
[97/376] /usr/bin/ccache /usr/lib/ccache/c++ -DDUCKDB -DDUCKDB_BUILD_LIBRARY -DDUCKDB_MAIN_LIBRARY -DENABLE_CROSS_PRODUCT_REWRITE=0 -DENABLE_DEBUG_PRINT=0 -DENABLE_MEASURE_EXE_TIME=0 -DENABLE_MERGE_BACK_PLAN=0 -DENABLE_PARALLEL_EXECUTION=0 -DENABLE_QUERY_SPLIT=0 -DENABLE_SPECIFY_EST_STAT=0 -I/home/pei/Project/duckdb-polr/src/include -I/home/pei/Project/duckdb-polr/third_party/fsst -I/home/pei/Project/duckdb-polr/third_party/fmt/include -I/home/pei/Project/duckdb-polr/third_party/hyperloglog -I/home/pei/Project/duckdb-polr/third_party/fastpforlib -I/home/pei/Project/duckdb-polr/third_party/fast_float -I/home/pei/Project/duckdb-polr/third_party/re2 -I/home/pei/Project/duckdb-polr/third_party/miniz -I/home/pei/Project/duckdb-polr/third_party/utf8proc/include -I/home/pei/Project/duckdb-polr/third_party/miniparquet -I/home/pei/Project/duckdb-polr/third_party/concurrentqueue -I/home/pei/Project/duckdb-polr/third_party/pcg -I/home/pei/Project/duckdb-polr/third_party/tdigest -I/home/pei/Project/duckdb-polr/third_party/mbedtls/include -I/home/pei/Project/duckdb-polr/third_party/jaro_winkler -O3 -DNDEBUG -O3 -DNDEBUG   -fPIC -fdiagnostics-color=always -std=c++11 -MD -MT src/main/settings/CMakeFiles/duckdb_main_settings.dir/ub_duckdb_main_settings.cpp.o -MF src/main/settings/CMakeFiles/duckdb_main_settings.dir/ub_duckdb_main_settings.cpp.o.d -o src/main/settings/CMakeFiles/duckdb_main_settings.dir/ub_duckdb_main_settings.cpp.o -c /home/pei/Project/duckdb-polr/build/release/src/main/settings/ub_duckdb_main_settings.cpp
[98/376] /usr/bin/ccache /usr/lib/ccache/c++ -DDUCKDB -DDUCKDB_BUILD_LIBRARY -DDUCKDB_MAIN_LIBRARY -DENABLE_CROSS_PRODUCT_REWRITE=0 -DENABLE_DEBUG_PRINT=0 -DENABLE_MEASURE_EXE_TIME=0 -DENABLE_MERGE_BACK_PLAN=0 -DENABLE_PARALLEL_EXECUTION=0 -DENABLE_QUERY_SPLIT=0 -DENABLE_SPECIFY_EST_STAT=0 -I/home/pei/Project/duckdb-polr/src/include -I/home/pei/Project/duckdb-polr/third_party/fsst -I/home/pei/Project/duckdb-polr/third_party/fmt/include -I/home/pei/Project/duckdb-polr/third_party/hyperloglog -I/home/pei/Project/duckdb-polr/third_party/fastpforlib -I/home/pei/Project/duckdb-polr/third_party/fast_float -I/home/pei/Project/duckdb-polr/third_party/re2 -I/home/pei/Project/duckdb-polr/third_party/miniz -I/home/pei/Project/duckdb-polr/third_party/utf8proc/include -I/home/pei/Project/duckdb-polr/third_party/miniparquet -I/home/pei/Project/duckdb-polr/third_party/concurrentqueue -I/home/pei/Project/duckdb-polr/third_party/pcg -I/home/pei/Project/duckdb-polr/third_party/tdigest -I/home/pei/Project/duckdb-polr/third_party/mbedtls/include -I/home/pei/Project/duckdb-polr/third_party/jaro_winkler -O3 -DNDEBUG -O3 -DNDEBUG   -fPIC -fdiagnostics-color=always -std=c++11 -MD -MT src/optimizer/query_split/CMakeFiles/duckdb_optimizer_query_split.dir/ub_duckdb_optimizer_query_split.cpp.o -MF src/optimizer/query_split/CMakeFiles/duckdb_optimizer_query_split.dir/ub_duckdb_optimizer_query_split.cpp.o.d -o src/optimizer/query_split/CMakeFiles/duckdb_optimizer_query_split.dir/ub_duckdb_optimizer_query_split.cpp.o -c /home/pei/Project/duckdb-polr/build/release/src/optimizer/query_split/ub_duckdb_optimizer_query_split.cpp
In file included from /home/pei/Project/duckdb-polr/build/release/src/optimizer/query_split/ub_duckdb_optimizer_query_split.cpp:4:
/home/pei/Project/duckdb-polr/src/optimizer/query_split/foreign_key_center.cpp: In lambda function:
/home/pei/Project/duckdb-polr/src/optimizer/query_split/foreign_key_center.cpp:205:61: warning: init-statement in selection statements only available with ‘-std=c++17’ or ‘-std=gnu++17’ [-Wc++17-extensions]
  205 |                                                         if (auto find_left = std::find_if(
      |                                                             ^~~~
In file included from /home/pei/Project/duckdb-polr/build/release/src/optimizer/query_split/ub_duckdb_optimizer_query_split.cpp:3:
/home/pei/Project/duckdb-polr/src/optimizer/query_split/query_split_util.cpp: In function ‘duckdb::ColumnBinding& duckdb::GetRefColumnBinding(std::unique_ptr<Expression>&)’:
/home/pei/Project/duckdb-polr/src/optimizer/query_split/query_split_util.cpp:152:88: warning: control reaches end of non-void function [-Wreturn-type]
  152 |                 Printer::Print("Doesn't support " + ExpressionTypeToString(expr->type) + " in GetColumnBinding yet!");
      |                                ~~~~~~~~~~~~~~~~~~~~~~~~~~~~~~~~~~~~~~~~~~~~~~~~~~~~~~~~^~~~~~~~~~~~~~~~~~~~~~~~~~~~~
[99/376] /usr/bin/ccache /usr/lib/ccache/c++ -DDUCKDB -DDUCKDB_BUILD_LIBRARY -DDUCKDB_MAIN_LIBRARY -DENABLE_CROSS_PRODUCT_REWRITE=0 -DENABLE_DEBUG_PRINT=0 -DENABLE_MEASURE_EXE_TIME=0 -DENABLE_MERGE_BACK_PLAN=0 -DENABLE_PARALLEL_EXECUTION=0 -DENABLE_QUERY_SPLIT=0 -DENABLE_SPECIFY_EST_STAT=0 -I/home/pei/Project/duckdb-polr/src/include -I/home/pei/Project/duckdb-polr/third_party/fsst -I/home/pei/Project/duckdb-polr/third_party/fmt/include -I/home/pei/Project/duckdb-polr/third_party/hyperloglog -I/home/pei/Project/duckdb-polr/third_party/fastpforlib -I/home/pei/Project/duckdb-polr/third_party/fast_float -I/home/pei/Project/duckdb-polr/third_party/re2 -I/home/pei/Project/duckdb-polr/third_party/miniz -I/home/pei/Project/duckdb-polr/third_party/utf8proc/include -I/home/pei/Project/duckdb-polr/third_party/miniparquet -I/home/pei/Project/duckdb-polr/third_party/concurrentqueue -I/home/pei/Project/duckdb-polr/third_party/pcg -I/home/pei/Project/duckdb-polr/third_party/tdigest -I/home/pei/Project/duckdb-polr/third_party/mbedtls/include -I/home/pei/Project/duckdb-polr/third_party/jaro_winkler -O3 -DNDEBUG -O3 -DNDEBUG   -fPIC -fdiagnostics-color=always -std=c++11 -MD -MT src/parallel/CMakeFiles/duckdb_parallel.dir/ub_duckdb_parallel.cpp.o -MF src/parallel/CMakeFiles/duckdb_parallel.dir/ub_duckdb_parallel.cpp.o.d -o src/parallel/CMakeFiles/duckdb_parallel.dir/ub_duckdb_parallel.cpp.o -c /home/pei/Project/duckdb-polr/build/release/src/parallel/ub_duckdb_parallel.cpp
[100/376] /usr/bin/ccache /usr/lib/ccache/c++ -DDUCKDB -DDUCKDB_BUILD_LIBRARY -DDUCKDB_MAIN_LIBRARY -DENABLE_CROSS_PRODUCT_REWRITE=0 -DENABLE_DEBUG_PRINT=0 -DENABLE_MEASURE_EXE_TIME=0 -DENABLE_MERGE_BACK_PLAN=0 -DENABLE_PARALLEL_EXECUTION=0 -DENABLE_QUERY_SPLIT=0 -DENABLE_SPECIFY_EST_STAT=0 -I/home/pei/Project/duckdb-polr/src/include -I/home/pei/Project/duckdb-polr/third_party/fsst -I/home/pei/Project/duckdb-polr/third_party/fmt/include -I/home/pei/Project/duckdb-polr/third_party/hyperloglog -I/home/pei/Project/duckdb-polr/third_party/fastpforlib -I/home/pei/Project/duckdb-polr/third_party/fast_float -I/home/pei/Project/duckdb-polr/third_party/re2 -I/home/pei/Project/duckdb-polr/third_party/miniz -I/home/pei/Project/duckdb-polr/third_party/utf8proc/include -I/home/pei/Project/duckdb-polr/third_party/miniparquet -I/home/pei/Project/duckdb-polr/third_party/concurrentqueue -I/home/pei/Project/duckdb-polr/third_party/pcg -I/home/pei/Project/duckdb-polr/third_party/tdigest -I/home/pei/Project/duckdb-polr/third_party/mbedtls/include -I/home/pei/Project/duckdb-polr/third_party/jaro_winkler -O3 -DNDEBUG -O3 -DNDEBUG   -fPIC -fdiagnostics-color=always -std=c++11 -MD -MT src/storage/CMakeFiles/duckdb_storage.dir/ub_duckdb_storage.cpp.o -MF src/storage/CMakeFiles/duckdb_storage.dir/ub_duckdb_storage.cpp.o.d -o src/storage/CMakeFiles/duckdb_storage.dir/ub_duckdb_storage.cpp.o -c /home/pei/Project/duckdb-polr/build/release/src/storage/ub_duckdb_storage.cpp
[101/376] /usr/bin/ccache /usr/lib/ccache/c++ -DDUCKDB -DDUCKDB_BUILD_LIBRARY -DDUCKDB_MAIN_LIBRARY -DENABLE_CROSS_PRODUCT_REWRITE=0 -DENABLE_DEBUG_PRINT=0 -DENABLE_MEASURE_EXE_TIME=0 -DENABLE_MERGE_BACK_PLAN=0 -DENABLE_PARALLEL_EXECUTION=0 -DENABLE_QUERY_SPLIT=0 -DENABLE_SPECIFY_EST_STAT=0 -I/home/pei/Project/duckdb-polr/src/include -I/home/pei/Project/duckdb-polr/third_party/fsst -I/home/pei/Project/duckdb-polr/third_party/fmt/include -I/home/pei/Project/duckdb-polr/third_party/hyperloglog -I/home/pei/Project/duckdb-polr/third_party/fastpforlib -I/home/pei/Project/duckdb-polr/third_party/fast_float -I/home/pei/Project/duckdb-polr/third_party/re2 -I/home/pei/Project/duckdb-polr/third_party/miniz -I/home/pei/Project/duckdb-polr/third_party/utf8proc/include -I/home/pei/Project/duckdb-polr/third_party/miniparquet -I/home/pei/Project/duckdb-polr/third_party/concurrentqueue -I/home/pei/Project/duckdb-polr/third_party/pcg -I/home/pei/Project/duckdb-polr/third_party/tdigest -I/home/pei/Project/duckdb-polr/third_party/mbedtls/include -I/home/pei/Project/duckdb-polr/third_party/jaro_winkler -O3 -DNDEBUG -O3 -DNDEBUG   -fPIC -fdiagnostics-color=always -std=c++11 -MD -MT src/storage/buffer/CMakeFiles/duckdb_storage_buffer.dir/ub_duckdb_storage_buffer.cpp.o -MF src/storage/buffer/CMakeFiles/duckdb_storage_buffer.dir/ub_duckdb_storage_buffer.cpp.o.d -o src/storage/buffer/CMakeFiles/duckdb_storage_buffer.dir/ub_duckdb_storage_buffer.cpp.o -c /home/pei/Project/duckdb-polr/build/release/src/storage/buffer/ub_duckdb_storage_buffer.cpp
[102/376] /usr/bin/ccache /usr/lib/ccache/c++ -DDUCKDB -DDUCKDB_BUILD_LIBRARY -DDUCKDB_MAIN_LIBRARY -DENABLE_CROSS_PRODUCT_REWRITE=0 -DENABLE_DEBUG_PRINT=0 -DENABLE_MEASURE_EXE_TIME=0 -DENABLE_MERGE_BACK_PLAN=0 -DENABLE_PARALLEL_EXECUTION=0 -DENABLE_QUERY_SPLIT=0 -DENABLE_SPECIFY_EST_STAT=0 -I/home/pei/Project/duckdb-polr/src/include -I/home/pei/Project/duckdb-polr/third_party/fsst -I/home/pei/Project/duckdb-polr/third_party/fmt/include -I/home/pei/Project/duckdb-polr/third_party/hyperloglog -I/home/pei/Project/duckdb-polr/third_party/fastpforlib -I/home/pei/Project/duckdb-polr/third_party/fast_float -I/home/pei/Project/duckdb-polr/third_party/re2 -I/home/pei/Project/duckdb-polr/third_party/miniz -I/home/pei/Project/duckdb-polr/third_party/utf8proc/include -I/home/pei/Project/duckdb-polr/third_party/miniparquet -I/home/pei/Project/duckdb-polr/third_party/concurrentqueue -I/home/pei/Project/duckdb-polr/third_party/pcg -I/home/pei/Project/duckdb-polr/third_party/tdigest -I/home/pei/Project/duckdb-polr/third_party/mbedtls/include -I/home/pei/Project/duckdb-polr/third_party/jaro_winkler -O3 -DNDEBUG -O3 -DNDEBUG   -fPIC -fdiagnostics-color=always -std=c++11 -MD -MT src/storage/checkpoint/CMakeFiles/duckdb_storage_checkpoint.dir/ub_duckdb_storage_checkpoint.cpp.o -MF src/storage/checkpoint/CMakeFiles/duckdb_storage_checkpoint.dir/ub_duckdb_storage_checkpoint.cpp.o.d -o src/storage/checkpoint/CMakeFiles/duckdb_storage_checkpoint.dir/ub_duckdb_storage_checkpoint.cpp.o -c /home/pei/Project/duckdb-polr/build/release/src/storage/checkpoint/ub_duckdb_storage_checkpoint.cpp
[103/376] /usr/bin/ccache /usr/lib/ccache/c++ -DDUCKDB -DDUCKDB_BUILD_LIBRARY -DDUCKDB_MAIN_LIBRARY -DENABLE_CROSS_PRODUCT_REWRITE=0 -DENABLE_DEBUG_PRINT=0 -DENABLE_MEASURE_EXE_TIME=0 -DENABLE_MERGE_BACK_PLAN=0 -DENABLE_PARALLEL_EXECUTION=0 -DENABLE_QUERY_SPLIT=0 -DENABLE_SPECIFY_EST_STAT=0 -I/home/pei/Project/duckdb-polr/src/include -I/home/pei/Project/duckdb-polr/third_party/fsst -I/home/pei/Project/duckdb-polr/third_party/fmt/include -I/home/pei/Project/duckdb-polr/third_party/hyperloglog -I/home/pei/Project/duckdb-polr/third_party/fastpforlib -I/home/pei/Project/duckdb-polr/third_party/fast_float -I/home/pei/Project/duckdb-polr/third_party/re2 -I/home/pei/Project/duckdb-polr/third_party/miniz -I/home/pei/Project/duckdb-polr/third_party/utf8proc/include -I/home/pei/Project/duckdb-polr/third_party/miniparquet -I/home/pei/Project/duckdb-polr/third_party/concurrentqueue -I/home/pei/Project/duckdb-polr/third_party/pcg -I/home/pei/Project/duckdb-polr/third_party/tdigest -I/home/pei/Project/duckdb-polr/third_party/mbedtls/include -I/home/pei/Project/duckdb-polr/third_party/jaro_winkler -O3 -DNDEBUG -O3 -DNDEBUG   -fPIC -fdiagnostics-color=always -std=c++11 -MD -MT src/storage/compression/chimp/CMakeFiles/duckdb_storage_compression_chimp.dir/ub_duckdb_storage_compression_chimp.cpp.o -MF src/storage/compression/chimp/CMakeFiles/duckdb_storage_compression_chimp.dir/ub_duckdb_storage_compression_chimp.cpp.o.d -o src/storage/compression/chimp/CMakeFiles/duckdb_storage_compression_chimp.dir/ub_duckdb_storage_compression_chimp.cpp.o -c /home/pei/Project/duckdb-polr/build/release/src/storage/compression/chimp/ub_duckdb_storage_compression_chimp.cpp
[104/376] /usr/bin/ccache /usr/lib/ccache/c++ -DDUCKDB -DDUCKDB_BUILD_LIBRARY -DDUCKDB_MAIN_LIBRARY -DENABLE_CROSS_PRODUCT_REWRITE=0 -DENABLE_DEBUG_PRINT=0 -DENABLE_MEASURE_EXE_TIME=0 -DENABLE_MERGE_BACK_PLAN=0 -DENABLE_PARALLEL_EXECUTION=0 -DENABLE_QUERY_SPLIT=0 -DENABLE_SPECIFY_EST_STAT=0 -I/home/pei/Project/duckdb-polr/src/include -I/home/pei/Project/duckdb-polr/third_party/fsst -I/home/pei/Project/duckdb-polr/third_party/fmt/include -I/home/pei/Project/duckdb-polr/third_party/hyperloglog -I/home/pei/Project/duckdb-polr/third_party/fastpforlib -I/home/pei/Project/duckdb-polr/third_party/fast_float -I/home/pei/Project/duckdb-polr/third_party/re2 -I/home/pei/Project/duckdb-polr/third_party/miniz -I/home/pei/Project/duckdb-polr/third_party/utf8proc/include -I/home/pei/Project/duckdb-polr/third_party/miniparquet -I/home/pei/Project/duckdb-polr/third_party/concurrentqueue -I/home/pei/Project/duckdb-polr/third_party/pcg -I/home/pei/Project/duckdb-polr/third_party/tdigest -I/home/pei/Project/duckdb-polr/third_party/mbedtls/include -I/home/pei/Project/duckdb-polr/third_party/jaro_winkler -O3 -DNDEBUG -O3 -DNDEBUG   -fPIC -fdiagnostics-color=always -std=c++11 -MD -MT src/storage/statistics/CMakeFiles/duckdb_storage_statistics.dir/ub_duckdb_storage_statistics.cpp.o -MF src/storage/statistics/CMakeFiles/duckdb_storage_statistics.dir/ub_duckdb_storage_statistics.cpp.o.d -o src/storage/statistics/CMakeFiles/duckdb_storage_statistics.dir/ub_duckdb_storage_statistics.cpp.o -c /home/pei/Project/duckdb-polr/build/release/src/storage/statistics/ub_duckdb_storage_statistics.cpp
[105/376] /usr/bin/ccache /usr/lib/ccache/c++ -DDUCKDB -DDUCKDB_BUILD_LIBRARY -DDUCKDB_MAIN_LIBRARY -DENABLE_CROSS_PRODUCT_REWRITE=0 -DENABLE_DEBUG_PRINT=0 -DENABLE_MEASURE_EXE_TIME=0 -DENABLE_MERGE_BACK_PLAN=0 -DENABLE_PARALLEL_EXECUTION=0 -DENABLE_QUERY_SPLIT=0 -DENABLE_SPECIFY_EST_STAT=0 -I/home/pei/Project/duckdb-polr/src/include -I/home/pei/Project/duckdb-polr/third_party/fsst -I/home/pei/Project/duckdb-polr/third_party/fmt/include -I/home/pei/Project/duckdb-polr/third_party/hyperloglog -I/home/pei/Project/duckdb-polr/third_party/fastpforlib -I/home/pei/Project/duckdb-polr/third_party/fast_float -I/home/pei/Project/duckdb-polr/third_party/re2 -I/home/pei/Project/duckdb-polr/third_party/miniz -I/home/pei/Project/duckdb-polr/third_party/utf8proc/include -I/home/pei/Project/duckdb-polr/third_party/miniparquet -I/home/pei/Project/duckdb-polr/third_party/concurrentqueue -I/home/pei/Project/duckdb-polr/third_party/pcg -I/home/pei/Project/duckdb-polr/third_party/tdigest -I/home/pei/Project/duckdb-polr/third_party/mbedtls/include -I/home/pei/Project/duckdb-polr/third_party/jaro_winkler -O3 -DNDEBUG -O3 -DNDEBUG   -fPIC -fdiagnostics-color=always -std=c++11 -MD -MT src/storage/compression/CMakeFiles/duckdb_storage_compression.dir/ub_duckdb_storage_compression.cpp.o -MF src/storage/compression/CMakeFiles/duckdb_storage_compression.dir/ub_duckdb_storage_compression.cpp.o.d -o src/storage/compression/CMakeFiles/duckdb_storage_compression.dir/ub_duckdb_storage_compression.cpp.o -c /home/pei/Project/duckdb-polr/build/release/src/storage/compression/ub_duckdb_storage_compression.cpp
[106/376] /usr/bin/ccache /usr/lib/ccache/c++ -DDUCKDB -DDUCKDB_BUILD_LIBRARY -DDUCKDB_MAIN_LIBRARY -DENABLE_CROSS_PRODUCT_REWRITE=0 -DENABLE_DEBUG_PRINT=0 -DENABLE_MEASURE_EXE_TIME=0 -DENABLE_MERGE_BACK_PLAN=0 -DENABLE_PARALLEL_EXECUTION=0 -DENABLE_QUERY_SPLIT=0 -DENABLE_SPECIFY_EST_STAT=0 -I/home/pei/Project/duckdb-polr/src/include -I/home/pei/Project/duckdb-polr/third_party/fsst -I/home/pei/Project/duckdb-polr/third_party/fmt/include -I/home/pei/Project/duckdb-polr/third_party/hyperloglog -I/home/pei/Project/duckdb-polr/third_party/fastpforlib -I/home/pei/Project/duckdb-polr/third_party/fast_float -I/home/pei/Project/duckdb-polr/third_party/re2 -I/home/pei/Project/duckdb-polr/third_party/miniz -I/home/pei/Project/duckdb-polr/third_party/utf8proc/include -I/home/pei/Project/duckdb-polr/third_party/miniparquet -I/home/pei/Project/duckdb-polr/third_party/concurrentqueue -I/home/pei/Project/duckdb-polr/third_party/pcg -I/home/pei/Project/duckdb-polr/third_party/tdigest -I/home/pei/Project/duckdb-polr/third_party/mbedtls/include -I/home/pei/Project/duckdb-polr/third_party/jaro_winkler -O3 -DNDEBUG -O3 -DNDEBUG   -fPIC -fdiagnostics-color=always -std=c++11 -MD -MT src/transaction/CMakeFiles/duckdb_transaction.dir/ub_duckdb_transaction.cpp.o -MF src/transaction/CMakeFiles/duckdb_transaction.dir/ub_duckdb_transaction.cpp.o.d -o src/transaction/CMakeFiles/duckdb_transaction.dir/ub_duckdb_transaction.cpp.o -c /home/pei/Project/duckdb-polr/build/release/src/transaction/ub_duckdb_transaction.cpp
[107/376] /usr/bin/ccache /usr/lib/ccache/c++ -DDUCKDB -DDUCKDB_BUILD_LIBRARY -DDUCKDB_MAIN_LIBRARY -DENABLE_CROSS_PRODUCT_REWRITE=0 -DENABLE_DEBUG_PRINT=0 -DENABLE_MEASURE_EXE_TIME=0 -DENABLE_MERGE_BACK_PLAN=0 -DENABLE_PARALLEL_EXECUTION=0 -DENABLE_QUERY_SPLIT=0 -DENABLE_SPECIFY_EST_STAT=0 -I/home/pei/Project/duckdb-polr/src/include -I/home/pei/Project/duckdb-polr/third_party/fsst -I/home/pei/Project/duckdb-polr/third_party/fmt/include -I/home/pei/Project/duckdb-polr/third_party/hyperloglog -I/home/pei/Project/duckdb-polr/third_party/fastpforlib -I/home/pei/Project/duckdb-polr/third_party/fast_float -I/home/pei/Project/duckdb-polr/third_party/re2 -I/home/pei/Project/duckdb-polr/third_party/miniz -I/home/pei/Project/duckdb-polr/third_party/utf8proc/include -I/home/pei/Project/duckdb-polr/third_party/miniparquet -I/home/pei/Project/duckdb-polr/third_party/concurrentqueue -I/home/pei/Project/duckdb-polr/third_party/pcg -I/home/pei/Project/duckdb-polr/third_party/tdigest -I/home/pei/Project/duckdb-polr/third_party/mbedtls/include -I/home/pei/Project/duckdb-polr/third_party/jaro_winkler -O3 -DNDEBUG -O3 -DNDEBUG   -fPIC -fdiagnostics-color=always -std=c++11 -MD -MT src/verification/CMakeFiles/duckdb_verification.dir/copied_statement_verifier.cpp.o -MF src/verification/CMakeFiles/duckdb_verification.dir/copied_statement_verifier.cpp.o.d -o src/verification/CMakeFiles/duckdb_verification.dir/copied_statement_verifier.cpp.o -c /home/pei/Project/duckdb-polr/src/verification/copied_statement_verifier.cpp
[108/376] /usr/bin/ccache /usr/lib/ccache/c++ -DDUCKDB -DDUCKDB_BUILD_LIBRARY -DDUCKDB_MAIN_LIBRARY -DENABLE_CROSS_PRODUCT_REWRITE=0 -DENABLE_DEBUG_PRINT=0 -DENABLE_MEASURE_EXE_TIME=0 -DENABLE_MERGE_BACK_PLAN=0 -DENABLE_PARALLEL_EXECUTION=0 -DENABLE_QUERY_SPLIT=0 -DENABLE_SPECIFY_EST_STAT=0 -I/home/pei/Project/duckdb-polr/src/include -I/home/pei/Project/duckdb-polr/third_party/fsst -I/home/pei/Project/duckdb-polr/third_party/fmt/include -I/home/pei/Project/duckdb-polr/third_party/hyperloglog -I/home/pei/Project/duckdb-polr/third_party/fastpforlib -I/home/pei/Project/duckdb-polr/third_party/fast_float -I/home/pei/Project/duckdb-polr/third_party/re2 -I/home/pei/Project/duckdb-polr/third_party/miniz -I/home/pei/Project/duckdb-polr/third_party/utf8proc/include -I/home/pei/Project/duckdb-polr/third_party/miniparquet -I/home/pei/Project/duckdb-polr/third_party/concurrentqueue -I/home/pei/Project/duckdb-polr/third_party/pcg -I/home/pei/Project/duckdb-polr/third_party/tdigest -I/home/pei/Project/duckdb-polr/third_party/mbedtls/include -I/home/pei/Project/duckdb-polr/third_party/jaro_winkler -O3 -DNDEBUG -O3 -DNDEBUG   -fPIC -fdiagnostics-color=always -std=c++11 -MD -MT src/verification/CMakeFiles/duckdb_verification.dir/external_statement_verifier.cpp.o -MF src/verification/CMakeFiles/duckdb_verification.dir/external_statement_verifier.cpp.o.d -o src/verification/CMakeFiles/duckdb_verification.dir/external_statement_verifier.cpp.o -c /home/pei/Project/duckdb-polr/src/verification/external_statement_verifier.cpp
[109/376] /usr/bin/ccache /usr/lib/ccache/c++ -DDUCKDB -DDUCKDB_BUILD_LIBRARY -DDUCKDB_MAIN_LIBRARY -DENABLE_CROSS_PRODUCT_REWRITE=0 -DENABLE_DEBUG_PRINT=0 -DENABLE_MEASURE_EXE_TIME=0 -DENABLE_MERGE_BACK_PLAN=0 -DENABLE_PARALLEL_EXECUTION=0 -DENABLE_QUERY_SPLIT=0 -DENABLE_SPECIFY_EST_STAT=0 -I/home/pei/Project/duckdb-polr/src/include -I/home/pei/Project/duckdb-polr/third_party/fsst -I/home/pei/Project/duckdb-polr/third_party/fmt/include -I/home/pei/Project/duckdb-polr/third_party/hyperloglog -I/home/pei/Project/duckdb-polr/third_party/fastpforlib -I/home/pei/Project/duckdb-polr/third_party/fast_float -I/home/pei/Project/duckdb-polr/third_party/re2 -I/home/pei/Project/duckdb-polr/third_party/miniz -I/home/pei/Project/duckdb-polr/third_party/utf8proc/include -I/home/pei/Project/duckdb-polr/third_party/miniparquet -I/home/pei/Project/duckdb-polr/third_party/concurrentqueue -I/home/pei/Project/duckdb-polr/third_party/pcg -I/home/pei/Project/duckdb-polr/third_party/tdigest -I/home/pei/Project/duckdb-polr/third_party/mbedtls/include -I/home/pei/Project/duckdb-polr/third_party/jaro_winkler -O3 -DNDEBUG -O3 -DNDEBUG   -fPIC -fdiagnostics-color=always -std=c++11 -MD -MT src/optimizer/pushdown/CMakeFiles/duckdb_optimizer_pushdown.dir/ub_duckdb_optimizer_pushdown.cpp.o -MF src/optimizer/pushdown/CMakeFiles/duckdb_optimizer_pushdown.dir/ub_duckdb_optimizer_pushdown.cpp.o.d -o src/optimizer/pushdown/CMakeFiles/duckdb_optimizer_pushdown.dir/ub_duckdb_optimizer_pushdown.cpp.o -c /home/pei/Project/duckdb-polr/build/release/src/optimizer/pushdown/ub_duckdb_optimizer_pushdown.cpp
[110/376] /usr/bin/ccache /usr/lib/ccache/c++ -DDUCKDB -DDUCKDB_BUILD_LIBRARY -DDUCKDB_MAIN_LIBRARY -DENABLE_CROSS_PRODUCT_REWRITE=0 -DENABLE_DEBUG_PRINT=0 -DENABLE_MEASURE_EXE_TIME=0 -DENABLE_MERGE_BACK_PLAN=0 -DENABLE_PARALLEL_EXECUTION=0 -DENABLE_QUERY_SPLIT=0 -DENABLE_SPECIFY_EST_STAT=0 -I/home/pei/Project/duckdb-polr/src/include -I/home/pei/Project/duckdb-polr/third_party/fsst -I/home/pei/Project/duckdb-polr/third_party/fmt/include -I/home/pei/Project/duckdb-polr/third_party/hyperloglog -I/home/pei/Project/duckdb-polr/third_party/fastpforlib -I/home/pei/Project/duckdb-polr/third_party/fast_float -I/home/pei/Project/duckdb-polr/third_party/re2 -I/home/pei/Project/duckdb-polr/third_party/miniz -I/home/pei/Project/duckdb-polr/third_party/utf8proc/include -I/home/pei/Project/duckdb-polr/third_party/miniparquet -I/home/pei/Project/duckdb-polr/third_party/concurrentqueue -I/home/pei/Project/duckdb-polr/third_party/pcg -I/home/pei/Project/duckdb-polr/third_party/tdigest -I/home/pei/Project/duckdb-polr/third_party/mbedtls/include -I/home/pei/Project/duckdb-polr/third_party/jaro_winkler -O3 -DNDEBUG -O3 -DNDEBUG   -fPIC -fdiagnostics-color=always -std=c++11 -MD -MT src/storage/table/CMakeFiles/duckdb_storage_table.dir/ub_duckdb_storage_table.cpp.o -MF src/storage/table/CMakeFiles/duckdb_storage_table.dir/ub_duckdb_storage_table.cpp.o.d -o src/storage/table/CMakeFiles/duckdb_storage_table.dir/ub_duckdb_storage_table.cpp.o -c /home/pei/Project/duckdb-polr/build/release/src/storage/table/ub_duckdb_storage_table.cpp
[111/376] /usr/bin/ccache /usr/lib/ccache/c++ -DDUCKDB -DDUCKDB_BUILD_LIBRARY -DDUCKDB_MAIN_LIBRARY -DENABLE_CROSS_PRODUCT_REWRITE=0 -DENABLE_DEBUG_PRINT=0 -DENABLE_MEASURE_EXE_TIME=0 -DENABLE_MERGE_BACK_PLAN=0 -DENABLE_PARALLEL_EXECUTION=0 -DENABLE_QUERY_SPLIT=0 -DENABLE_SPECIFY_EST_STAT=0 -I/home/pei/Project/duckdb-polr/src/include -I/home/pei/Project/duckdb-polr/third_party/fsst -I/home/pei/Project/duckdb-polr/third_party/fmt/include -I/home/pei/Project/duckdb-polr/third_party/hyperloglog -I/home/pei/Project/duckdb-polr/third_party/fastpforlib -I/home/pei/Project/duckdb-polr/third_party/fast_float -I/home/pei/Project/duckdb-polr/third_party/re2 -I/home/pei/Project/duckdb-polr/third_party/miniz -I/home/pei/Project/duckdb-polr/third_party/utf8proc/include -I/home/pei/Project/duckdb-polr/third_party/miniparquet -I/home/pei/Project/duckdb-polr/third_party/concurrentqueue -I/home/pei/Project/duckdb-polr/third_party/pcg -I/home/pei/Project/duckdb-polr/third_party/tdigest -I/home/pei/Project/duckdb-polr/third_party/mbedtls/include -I/home/pei/Project/duckdb-polr/third_party/jaro_winkler -O3 -DNDEBUG -O3 -DNDEBUG   -fPIC -fdiagnostics-color=always -std=c++11 -MD -MT src/verification/CMakeFiles/duckdb_verification.dir/prepared_statement_verifier.cpp.o -MF src/verification/CMakeFiles/duckdb_verification.dir/prepared_statement_verifier.cpp.o.d -o src/verification/CMakeFiles/duckdb_verification.dir/prepared_statement_verifier.cpp.o -c /home/pei/Project/duckdb-polr/src/verification/prepared_statement_verifier.cpp
[112/376] /usr/bin/ccache /usr/lib/ccache/c++ -DDUCKDB -DDUCKDB_BUILD_LIBRARY -DDUCKDB_MAIN_LIBRARY -DENABLE_CROSS_PRODUCT_REWRITE=0 -DENABLE_DEBUG_PRINT=0 -DENABLE_MEASURE_EXE_TIME=0 -DENABLE_MERGE_BACK_PLAN=0 -DENABLE_PARALLEL_EXECUTION=0 -DENABLE_QUERY_SPLIT=0 -DENABLE_SPECIFY_EST_STAT=0 -I/home/pei/Project/duckdb-polr/src/include -I/home/pei/Project/duckdb-polr/third_party/fsst -I/home/pei/Project/duckdb-polr/third_party/fmt/include -I/home/pei/Project/duckdb-polr/third_party/hyperloglog -I/home/pei/Project/duckdb-polr/third_party/fastpforlib -I/home/pei/Project/duckdb-polr/third_party/fast_float -I/home/pei/Project/duckdb-polr/third_party/re2 -I/home/pei/Project/duckdb-polr/third_party/miniz -I/home/pei/Project/duckdb-polr/third_party/utf8proc/include -I/home/pei/Project/duckdb-polr/third_party/miniparquet -I/home/pei/Project/duckdb-polr/third_party/concurrentqueue -I/home/pei/Project/duckdb-polr/third_party/pcg -I/home/pei/Project/duckdb-polr/third_party/tdigest -I/home/pei/Project/duckdb-polr/third_party/mbedtls/include -I/home/pei/Project/duckdb-polr/third_party/jaro_winkler -O3 -DNDEBUG -O3 -DNDEBUG   -fPIC -fdiagnostics-color=always -std=c++11 -MD -MT src/verification/CMakeFiles/duckdb_verification.dir/deserialized_statement_verifier.cpp.o -MF src/verification/CMakeFiles/duckdb_verification.dir/deserialized_statement_verifier.cpp.o.d -o src/verification/CMakeFiles/duckdb_verification.dir/deserialized_statement_verifier.cpp.o -c /home/pei/Project/duckdb-polr/src/verification/deserialized_statement_verifier.cpp
[113/376] /usr/bin/ccache /usr/lib/ccache/c++ -DDUCKDB -DDUCKDB_BUILD_LIBRARY -DDUCKDB_MAIN_LIBRARY -DENABLE_CROSS_PRODUCT_REWRITE=0 -DENABLE_DEBUG_PRINT=0 -DENABLE_MEASURE_EXE_TIME=0 -DENABLE_MERGE_BACK_PLAN=0 -DENABLE_PARALLEL_EXECUTION=0 -DENABLE_QUERY_SPLIT=0 -DENABLE_SPECIFY_EST_STAT=0 -I/home/pei/Project/duckdb-polr/src/include -I/home/pei/Project/duckdb-polr/third_party/fsst -I/home/pei/Project/duckdb-polr/third_party/fmt/include -I/home/pei/Project/duckdb-polr/third_party/hyperloglog -I/home/pei/Project/duckdb-polr/third_party/fastpforlib -I/home/pei/Project/duckdb-polr/third_party/fast_float -I/home/pei/Project/duckdb-polr/third_party/re2 -I/home/pei/Project/duckdb-polr/third_party/miniz -I/home/pei/Project/duckdb-polr/third_party/utf8proc/include -I/home/pei/Project/duckdb-polr/third_party/miniparquet -I/home/pei/Project/duckdb-polr/third_party/concurrentqueue -I/home/pei/Project/duckdb-polr/third_party/pcg -I/home/pei/Project/duckdb-polr/third_party/tdigest -I/home/pei/Project/duckdb-polr/third_party/mbedtls/include -I/home/pei/Project/duckdb-polr/third_party/jaro_winkler -O3 -DNDEBUG -O3 -DNDEBUG   -fPIC -fdiagnostics-color=always -std=c++11 -MD -MT src/verification/CMakeFiles/duckdb_verification.dir/parsed_statement_verifier.cpp.o -MF src/verification/CMakeFiles/duckdb_verification.dir/parsed_statement_verifier.cpp.o.d -o src/verification/CMakeFiles/duckdb_verification.dir/parsed_statement_verifier.cpp.o -c /home/pei/Project/duckdb-polr/src/verification/parsed_statement_verifier.cpp
[114/376] /usr/bin/ccache /usr/lib/ccache/c++ -DDUCKDB -DDUCKDB_BUILD_LIBRARY -DDUCKDB_MAIN_LIBRARY -DENABLE_CROSS_PRODUCT_REWRITE=0 -DENABLE_DEBUG_PRINT=0 -DENABLE_MEASURE_EXE_TIME=0 -DENABLE_MERGE_BACK_PLAN=0 -DENABLE_PARALLEL_EXECUTION=0 -DENABLE_QUERY_SPLIT=0 -DENABLE_SPECIFY_EST_STAT=0 -I/home/pei/Project/duckdb-polr/src/include -I/home/pei/Project/duckdb-polr/third_party/fsst -I/home/pei/Project/duckdb-polr/third_party/fmt/include -I/home/pei/Project/duckdb-polr/third_party/hyperloglog -I/home/pei/Project/duckdb-polr/third_party/fastpforlib -I/home/pei/Project/duckdb-polr/third_party/fast_float -I/home/pei/Project/duckdb-polr/third_party/re2 -I/home/pei/Project/duckdb-polr/third_party/miniz -I/home/pei/Project/duckdb-polr/third_party/utf8proc/include -I/home/pei/Project/duckdb-polr/third_party/miniparquet -I/home/pei/Project/duckdb-polr/third_party/concurrentqueue -I/home/pei/Project/duckdb-polr/third_party/pcg -I/home/pei/Project/duckdb-polr/third_party/tdigest -I/home/pei/Project/duckdb-polr/third_party/mbedtls/include -I/home/pei/Project/duckdb-polr/third_party/jaro_winkler -O3 -DNDEBUG -O3 -DNDEBUG   -fPIC -fdiagnostics-color=always -std=c++11 -MD -MT src/optimizer/CMakeFiles/duckdb_optimizer.dir/ub_duckdb_optimizer.cpp.o -MF src/optimizer/CMakeFiles/duckdb_optimizer.dir/ub_duckdb_optimizer.cpp.o.d -o src/optimizer/CMakeFiles/duckdb_optimizer.dir/ub_duckdb_optimizer.cpp.o -c /home/pei/Project/duckdb-polr/build/release/src/optimizer/ub_duckdb_optimizer.cpp
[115/376] /usr/bin/ccache /usr/lib/ccache/c++ -DDUCKDB -DDUCKDB_BUILD_LIBRARY -DDUCKDB_MAIN_LIBRARY -DENABLE_CROSS_PRODUCT_REWRITE=0 -DENABLE_DEBUG_PRINT=0 -DENABLE_MEASURE_EXE_TIME=0 -DENABLE_MERGE_BACK_PLAN=0 -DENABLE_PARALLEL_EXECUTION=0 -DENABLE_QUERY_SPLIT=0 -DENABLE_SPECIFY_EST_STAT=0 -I/home/pei/Project/duckdb-polr/src/include -I/home/pei/Project/duckdb-polr/third_party/fsst -I/home/pei/Project/duckdb-polr/third_party/fmt/include -I/home/pei/Project/duckdb-polr/third_party/hyperloglog -I/home/pei/Project/duckdb-polr/third_party/fastpforlib -I/home/pei/Project/duckdb-polr/third_party/fast_float -I/home/pei/Project/duckdb-polr/third_party/re2 -I/home/pei/Project/duckdb-polr/third_party/miniz -I/home/pei/Project/duckdb-polr/third_party/utf8proc/include -I/home/pei/Project/duckdb-polr/third_party/miniparquet -I/home/pei/Project/duckdb-polr/third_party/concurrentqueue -I/home/pei/Project/duckdb-polr/third_party/pcg -I/home/pei/Project/duckdb-polr/third_party/tdigest -I/home/pei/Project/duckdb-polr/third_party/mbedtls/include -I/home/pei/Project/duckdb-polr/third_party/jaro_winkler -O3 -DNDEBUG -O3 -DNDEBUG   -fPIC -fdiagnostics-color=always -std=c++11 -MD -MT src/verification/CMakeFiles/duckdb_verification.dir/statement_verifier.cpp.o -MF src/verification/CMakeFiles/duckdb_verification.dir/statement_verifier.cpp.o.d -o src/verification/CMakeFiles/duckdb_verification.dir/statement_verifier.cpp.o -c /home/pei/Project/duckdb-polr/src/verification/statement_verifier.cpp
[116/376] /usr/bin/ccache /usr/lib/ccache/c++ -DDUCKDB -DDUCKDB_BUILD_LIBRARY -DDUCKDB_MAIN_LIBRARY -DENABLE_CROSS_PRODUCT_REWRITE=0 -DENABLE_DEBUG_PRINT=0 -DENABLE_MEASURE_EXE_TIME=0 -DENABLE_MERGE_BACK_PLAN=0 -DENABLE_PARALLEL_EXECUTION=0 -DENABLE_QUERY_SPLIT=0 -DENABLE_SPECIFY_EST_STAT=0 -I/home/pei/Project/duckdb-polr/src/include -I/home/pei/Project/duckdb-polr/third_party/fsst -I/home/pei/Project/duckdb-polr/third_party/fmt/include -I/home/pei/Project/duckdb-polr/third_party/hyperloglog -I/home/pei/Project/duckdb-polr/third_party/fastpforlib -I/home/pei/Project/duckdb-polr/third_party/fast_float -I/home/pei/Project/duckdb-polr/third_party/re2 -I/home/pei/Project/duckdb-polr/third_party/miniz -I/home/pei/Project/duckdb-polr/third_party/utf8proc/include -I/home/pei/Project/duckdb-polr/third_party/miniparquet -I/home/pei/Project/duckdb-polr/third_party/concurrentqueue -I/home/pei/Project/duckdb-polr/third_party/pcg -I/home/pei/Project/duckdb-polr/third_party/tdigest -I/home/pei/Project/duckdb-polr/third_party/mbedtls/include -I/home/pei/Project/duckdb-polr/third_party/jaro_winkler -O3 -DNDEBUG -O3 -DNDEBUG   -fPIC -fdiagnostics-color=always -std=c++11 -MD -MT src/verification/CMakeFiles/duckdb_verification.dir/unoptimized_statement_verifier.cpp.o -MF src/verification/CMakeFiles/duckdb_verification.dir/unoptimized_statement_verifier.cpp.o.d -o src/verification/CMakeFiles/duckdb_verification.dir/unoptimized_statement_verifier.cpp.o -c /home/pei/Project/duckdb-polr/src/verification/unoptimized_statement_verifier.cpp
[117/376] /usr/bin/ccache /usr/lib/ccache/c++ -DBUILD_JEMALLOC_EXTENSION=ON -DBUILD_PARQUET_EXTENSION=TRUE -DDUCKDB_BUILD_LIBRARY -DENABLE_CROSS_PRODUCT_REWRITE=0 -DENABLE_DEBUG_PRINT=0 -DENABLE_MEASURE_EXE_TIME=0 -DENABLE_MERGE_BACK_PLAN=0 -DENABLE_PARALLEL_EXECUTION=0 -DENABLE_QUERY_SPLIT=0 -DENABLE_SPECIFY_EST_STAT=0 -DSQLITE_SHELL_IS_UTF8 -DUSE_DUCKDB_SHELL_WRAPPER -I/home/pei/Project/duckdb-polr/src/include -I/home/pei/Project/duckdb-polr/third_party/fsst -I/home/pei/Project/duckdb-polr/third_party/fmt/include -I/home/pei/Project/duckdb-polr/third_party/hyperloglog -I/home/pei/Project/duckdb-polr/third_party/fastpforlib -I/home/pei/Project/duckdb-polr/third_party/fast_float -I/home/pei/Project/duckdb-polr/third_party/re2 -I/home/pei/Project/duckdb-polr/third_party/miniz -I/home/pei/Project/duckdb-polr/third_party/utf8proc/include -I/home/pei/Project/duckdb-polr/third_party/miniparquet -I/home/pei/Project/duckdb-polr/third_party/concurrentqueue -I/home/pei/Project/duckdb-polr/third_party/pcg -I/home/pei/Project/duckdb-polr/third_party/tdigest -I/home/pei/Project/duckdb-polr/third_party/mbedtls/include -I/home/pei/Project/duckdb-polr/third_party/jaro_winkler -I/home/pei/Project/duckdb-polr/tools/sqlite3_api_wrapper/include -I/home/pei/Project/duckdb-polr/tools/sqlite3_api_wrapper/sqlite3_udf_api/include -I/home/pei/Project/duckdb-polr/extension -I/home/pei/Project/duckdb-polr/extension/parquet/include -I/home/pei/Project/duckdb-polr/extension/jemalloc/include -I/home/pei/Project/duckdb-polr/tools/sqlite3_api_wrapper/../../third_party/utf8proc/include -I/home/pei/Project/duckdb-polr/tools/sqlite3_api_wrapper/../../third_party/catch -I/home/pei/Project/duckdb-polr/tools/sqlite3_api_wrapper/test/include -I/home/pei/Project/duckdb-polr/third_party/libpg_query/include -O3 -DNDEBUG -O3 -DNDEBUG   -fPIC -fdiagnostics-color=always -std=c++11 -MD -MT tools/sqlite3_api_wrapper/CMakeFiles/sqlite3_api_wrapper_static.dir/sqlite3_api_wrapper.cpp.o -MF tools/sqlite3_api_wrapper/CMakeFiles/sqlite3_api_wrapper_static.dir/sqlite3_api_wrapper.cpp.o.d -o tools/sqlite3_api_wrapper/CMakeFiles/sqlite3_api_wrapper_static.dir/sqlite3_api_wrapper.cpp.o -c /home/pei/Project/duckdb-polr/tools/sqlite3_api_wrapper/sqlite3_api_wrapper.cpp
[118/376] /usr/bin/ccache /usr/lib/ccache/c++ -DBUILD_JEMALLOC_EXTENSION=ON -DBUILD_PARQUET_EXTENSION=TRUE -DDUCKDB_BUILD_LIBRARY -DENABLE_CROSS_PRODUCT_REWRITE=0 -DENABLE_DEBUG_PRINT=0 -DENABLE_MEASURE_EXE_TIME=0 -DENABLE_MERGE_BACK_PLAN=0 -DENABLE_PARALLEL_EXECUTION=0 -DENABLE_QUERY_SPLIT=0 -DENABLE_SPECIFY_EST_STAT=0 -DSQLITE_SHELL_IS_UTF8 -DUSE_DUCKDB_SHELL_WRAPPER -I/home/pei/Project/duckdb-polr/src/include -I/home/pei/Project/duckdb-polr/third_party/fsst -I/home/pei/Project/duckdb-polr/third_party/fmt/include -I/home/pei/Project/duckdb-polr/third_party/hyperloglog -I/home/pei/Project/duckdb-polr/third_party/fastpforlib -I/home/pei/Project/duckdb-polr/third_party/fast_float -I/home/pei/Project/duckdb-polr/third_party/re2 -I/home/pei/Project/duckdb-polr/third_party/miniz -I/home/pei/Project/duckdb-polr/third_party/utf8proc/include -I/home/pei/Project/duckdb-polr/third_party/miniparquet -I/home/pei/Project/duckdb-polr/third_party/concurrentqueue -I/home/pei/Project/duckdb-polr/third_party/pcg -I/home/pei/Project/duckdb-polr/third_party/tdigest -I/home/pei/Project/duckdb-polr/third_party/mbedtls/include -I/home/pei/Project/duckdb-polr/third_party/jaro_winkler -I/home/pei/Project/duckdb-polr/tools/sqlite3_api_wrapper/include -I/home/pei/Project/duckdb-polr/tools/sqlite3_api_wrapper/sqlite3_udf_api/include -I/home/pei/Project/duckdb-polr/extension -I/home/pei/Project/duckdb-polr/extension/parquet/include -I/home/pei/Project/duckdb-polr/extension/jemalloc/include -I/home/pei/Project/duckdb-polr/tools/sqlite3_api_wrapper/../../third_party/utf8proc/include -I/home/pei/Project/duckdb-polr/tools/sqlite3_api_wrapper/../../third_party/catch -I/home/pei/Project/duckdb-polr/tools/sqlite3_api_wrapper/test/include -I/home/pei/Project/duckdb-polr/third_party/libpg_query/include -O3 -DNDEBUG -O3 -DNDEBUG   -fPIC -fdiagnostics-color=always -std=c++11 -MD -MT tools/sqlite3_api_wrapper/CMakeFiles/sqlite3_api_wrapper_static.dir/sql_auto_complete_extension.cpp.o -MF tools/sqlite3_api_wrapper/CMakeFiles/sqlite3_api_wrapper_static.dir/sql_auto_complete_extension.cpp.o.d -o tools/sqlite3_api_wrapper/CMakeFiles/sqlite3_api_wrapper_static.dir/sql_auto_complete_extension.cpp.o -c /home/pei/Project/duckdb-polr/tools/sqlite3_api_wrapper/sql_auto_complete_extension.cpp
[119/376] /usr/bin/ccache /usr/lib/ccache/c++ -DBUILD_JEMALLOC_EXTENSION=ON -DBUILD_PARQUET_EXTENSION=TRUE -DDUCKDB_BUILD_LIBRARY -DENABLE_CROSS_PRODUCT_REWRITE=0 -DENABLE_DEBUG_PRINT=0 -DENABLE_MEASURE_EXE_TIME=0 -DENABLE_MERGE_BACK_PLAN=0 -DENABLE_PARALLEL_EXECUTION=0 -DENABLE_QUERY_SPLIT=0 -DENABLE_SPECIFY_EST_STAT=0 -DSQLITE_SHELL_IS_UTF8 -DUSE_DUCKDB_SHELL_WRAPPER -Dsqlite3_api_wrapper_EXPORTS -I/home/pei/Project/duckdb-polr/src/include -I/home/pei/Project/duckdb-polr/third_party/fsst -I/home/pei/Project/duckdb-polr/third_party/fmt/include -I/home/pei/Project/duckdb-polr/third_party/hyperloglog -I/home/pei/Project/duckdb-polr/third_party/fastpforlib -I/home/pei/Project/duckdb-polr/third_party/fast_float -I/home/pei/Project/duckdb-polr/third_party/re2 -I/home/pei/Project/duckdb-polr/third_party/miniz -I/home/pei/Project/duckdb-polr/third_party/utf8proc/include -I/home/pei/Project/duckdb-polr/third_party/miniparquet -I/home/pei/Project/duckdb-polr/third_party/concurrentqueue -I/home/pei/Project/duckdb-polr/third_party/pcg -I/home/pei/Project/duckdb-polr/third_party/tdigest -I/home/pei/Project/duckdb-polr/third_party/mbedtls/include -I/home/pei/Project/duckdb-polr/third_party/jaro_winkler -I/home/pei/Project/duckdb-polr/tools/sqlite3_api_wrapper/include -I/home/pei/Project/duckdb-polr/tools/sqlite3_api_wrapper/sqlite3_udf_api/include -I/home/pei/Project/duckdb-polr/extension -I/home/pei/Project/duckdb-polr/extension/parquet/include -I/home/pei/Project/duckdb-polr/extension/jemalloc/include -I/home/pei/Project/duckdb-polr/tools/sqlite3_api_wrapper/../../third_party/utf8proc/include -I/home/pei/Project/duckdb-polr/tools/sqlite3_api_wrapper/../../third_party/catch -I/home/pei/Project/duckdb-polr/tools/sqlite3_api_wrapper/test/include -I/home/pei/Project/duckdb-polr/third_party/libpg_query/include -O3 -DNDEBUG -O3 -DNDEBUG   -fPIC -fdiagnostics-color=always -std=c++11 -MD -MT tools/sqlite3_api_wrapper/CMakeFiles/sqlite3_api_wrapper.dir/sqlite3_api_wrapper.cpp.o -MF tools/sqlite3_api_wrapper/CMakeFiles/sqlite3_api_wrapper.dir/sqlite3_api_wrapper.cpp.o.d -o tools/sqlite3_api_wrapper/CMakeFiles/sqlite3_api_wrapper.dir/sqlite3_api_wrapper.cpp.o -c /home/pei/Project/duckdb-polr/tools/sqlite3_api_wrapper/sqlite3_api_wrapper.cpp
[120/376] /usr/bin/ccache /usr/lib/ccache/c++ -DBUILD_JEMALLOC_EXTENSION=ON -DBUILD_PARQUET_EXTENSION=TRUE -DDUCKDB_BUILD_LIBRARY -DENABLE_CROSS_PRODUCT_REWRITE=0 -DENABLE_DEBUG_PRINT=0 -DENABLE_MEASURE_EXE_TIME=0 -DENABLE_MERGE_BACK_PLAN=0 -DENABLE_PARALLEL_EXECUTION=0 -DENABLE_QUERY_SPLIT=0 -DENABLE_SPECIFY_EST_STAT=0 -DSQLITE_SHELL_IS_UTF8 -DUSE_DUCKDB_SHELL_WRAPPER -Dsqlite3_api_wrapper_EXPORTS -I/home/pei/Project/duckdb-polr/src/include -I/home/pei/Project/duckdb-polr/third_party/fsst -I/home/pei/Project/duckdb-polr/third_party/fmt/include -I/home/pei/Project/duckdb-polr/third_party/hyperloglog -I/home/pei/Project/duckdb-polr/third_party/fastpforlib -I/home/pei/Project/duckdb-polr/third_party/fast_float -I/home/pei/Project/duckdb-polr/third_party/re2 -I/home/pei/Project/duckdb-polr/third_party/miniz -I/home/pei/Project/duckdb-polr/third_party/utf8proc/include -I/home/pei/Project/duckdb-polr/third_party/miniparquet -I/home/pei/Project/duckdb-polr/third_party/concurrentqueue -I/home/pei/Project/duckdb-polr/third_party/pcg -I/home/pei/Project/duckdb-polr/third_party/tdigest -I/home/pei/Project/duckdb-polr/third_party/mbedtls/include -I/home/pei/Project/duckdb-polr/third_party/jaro_winkler -I/home/pei/Project/duckdb-polr/tools/sqlite3_api_wrapper/include -I/home/pei/Project/duckdb-polr/tools/sqlite3_api_wrapper/sqlite3_udf_api/include -I/home/pei/Project/duckdb-polr/extension -I/home/pei/Project/duckdb-polr/extension/parquet/include -I/home/pei/Project/duckdb-polr/extension/jemalloc/include -I/home/pei/Project/duckdb-polr/tools/sqlite3_api_wrapper/../../third_party/utf8proc/include -I/home/pei/Project/duckdb-polr/tools/sqlite3_api_wrapper/../../third_party/catch -I/home/pei/Project/duckdb-polr/tools/sqlite3_api_wrapper/test/include -I/home/pei/Project/duckdb-polr/third_party/libpg_query/include -O3 -DNDEBUG -O3 -DNDEBUG   -fPIC -fdiagnostics-color=always -std=c++11 -MD -MT tools/sqlite3_api_wrapper/CMakeFiles/sqlite3_api_wrapper.dir/sql_auto_complete_extension.cpp.o -MF tools/sqlite3_api_wrapper/CMakeFiles/sqlite3_api_wrapper.dir/sql_auto_complete_extension.cpp.o.d -o tools/sqlite3_api_wrapper/CMakeFiles/sqlite3_api_wrapper.dir/sql_auto_complete_extension.cpp.o -c /home/pei/Project/duckdb-polr/tools/sqlite3_api_wrapper/sql_auto_complete_extension.cpp
[121/376] /usr/bin/ccache /usr/lib/ccache/c++ -DBUILD_JEMALLOC_EXTENSION=ON -DBUILD_PARQUET_EXTENSION=TRUE -DDUCKDB_BUILD_LIBRARY -DENABLE_CROSS_PRODUCT_REWRITE=0 -DENABLE_DEBUG_PRINT=0 -DENABLE_MEASURE_EXE_TIME=0 -DENABLE_MERGE_BACK_PLAN=0 -DENABLE_PARALLEL_EXECUTION=0 -DENABLE_QUERY_SPLIT=0 -DENABLE_SPECIFY_EST_STAT=0 -DSQLITE_SHELL_IS_UTF8 -DUSE_DUCKDB_SHELL_WRAPPER -I/home/pei/Project/duckdb-polr/src/include -I/home/pei/Project/duckdb-polr/third_party/fsst -I/home/pei/Project/duckdb-polr/third_party/fmt/include -I/home/pei/Project/duckdb-polr/third_party/hyperloglog -I/home/pei/Project/duckdb-polr/third_party/fastpforlib -I/home/pei/Project/duckdb-polr/third_party/fast_float -I/home/pei/Project/duckdb-polr/third_party/re2 -I/home/pei/Project/duckdb-polr/third_party/miniz -I/home/pei/Project/duckdb-polr/third_party/utf8proc/include -I/home/pei/Project/duckdb-polr/third_party/miniparquet -I/home/pei/Project/duckdb-polr/third_party/concurrentqueue -I/home/pei/Project/duckdb-polr/third_party/pcg -I/home/pei/Project/duckdb-polr/third_party/tdigest -I/home/pei/Project/duckdb-polr/third_party/mbedtls/include -I/home/pei/Project/duckdb-polr/third_party/jaro_winkler -I/home/pei/Project/duckdb-polr/tools/sqlite3_api_wrapper/include -I/home/pei/Project/duckdb-polr/tools/sqlite3_api_wrapper/sqlite3_udf_api/include -I/home/pei/Project/duckdb-polr/extension -I/home/pei/Project/duckdb-polr/extension/parquet/include -I/home/pei/Project/duckdb-polr/extension/jemalloc/include -I/home/pei/Project/duckdb-polr/tools/sqlite3_api_wrapper/../../third_party/utf8proc/include -I/home/pei/Project/duckdb-polr/tools/sqlite3_api_wrapper/../../third_party/catch -I/home/pei/Project/duckdb-polr/tools/sqlite3_api_wrapper/test/include -I/home/pei/Project/duckdb-polr/third_party/libpg_query/include -O3 -DNDEBUG -O3 -DNDEBUG   -fPIE -fdiagnostics-color=always -std=c++11 -MD -MT tools/sqlite3_api_wrapper/CMakeFiles/test_sqlite3_api_wrapper.dir/test/test_sqlite3_api_wrapper.cpp.o -MF tools/sqlite3_api_wrapper/CMakeFiles/test_sqlite3_api_wrapper.dir/test/test_sqlite3_api_wrapper.cpp.o.d -o tools/sqlite3_api_wrapper/CMakeFiles/test_sqlite3_api_wrapper.dir/test/test_sqlite3_api_wrapper.cpp.o -c /home/pei/Project/duckdb-polr/tools/sqlite3_api_wrapper/test/test_sqlite3_api_wrapper.cpp
[122/376] /usr/bin/ccache /usr/lib/ccache/c++ -DBUILD_JEMALLOC_EXTENSION=ON -DBUILD_PARQUET_EXTENSION=TRUE -DDUCKDB_BUILD_LIBRARY -DENABLE_CROSS_PRODUCT_REWRITE=0 -DENABLE_DEBUG_PRINT=0 -DENABLE_MEASURE_EXE_TIME=0 -DENABLE_MERGE_BACK_PLAN=0 -DENABLE_PARALLEL_EXECUTION=0 -DENABLE_QUERY_SPLIT=0 -DENABLE_SPECIFY_EST_STAT=0 -DSQLITE_SHELL_IS_UTF8 -DUSE_DUCKDB_SHELL_WRAPPER -I/home/pei/Project/duckdb-polr/src/include -I/home/pei/Project/duckdb-polr/third_party/fsst -I/home/pei/Project/duckdb-polr/third_party/fmt/include -I/home/pei/Project/duckdb-polr/third_party/hyperloglog -I/home/pei/Project/duckdb-polr/third_party/fastpforlib -I/home/pei/Project/duckdb-polr/third_party/fast_float -I/home/pei/Project/duckdb-polr/third_party/re2 -I/home/pei/Project/duckdb-polr/third_party/miniz -I/home/pei/Project/duckdb-polr/third_party/utf8proc/include -I/home/pei/Project/duckdb-polr/third_party/miniparquet -I/home/pei/Project/duckdb-polr/third_party/concurrentqueue -I/home/pei/Project/duckdb-polr/third_party/pcg -I/home/pei/Project/duckdb-polr/third_party/tdigest -I/home/pei/Project/duckdb-polr/third_party/mbedtls/include -I/home/pei/Project/duckdb-polr/third_party/jaro_winkler -I/home/pei/Project/duckdb-polr/tools/sqlite3_api_wrapper/include -I/home/pei/Project/duckdb-polr/tools/sqlite3_api_wrapper/sqlite3_udf_api/include -I/home/pei/Project/duckdb-polr/extension -I/home/pei/Project/duckdb-polr/extension/parquet/include -I/home/pei/Project/duckdb-polr/extension/jemalloc/include -I/home/pei/Project/duckdb-polr/tools/sqlite3_api_wrapper/../../third_party/utf8proc/include -I/home/pei/Project/duckdb-polr/tools/sqlite3_api_wrapper/../../third_party/catch -I/home/pei/Project/duckdb-polr/tools/sqlite3_api_wrapper/test/include -I/home/pei/Project/duckdb-polr/third_party/libpg_query/include -O3 -DNDEBUG -O3 -DNDEBUG   -fPIE -fdiagnostics-color=always -std=c++11 -MD -MT tools/sqlite3_api_wrapper/CMakeFiles/test_sqlite3_api_wrapper.dir/test/test_sqlite3_udf_api_wrapper.cpp.o -MF tools/sqlite3_api_wrapper/CMakeFiles/test_sqlite3_api_wrapper.dir/test/test_sqlite3_udf_api_wrapper.cpp.o.d -o tools/sqlite3_api_wrapper/CMakeFiles/test_sqlite3_api_wrapper.dir/test/test_sqlite3_udf_api_wrapper.cpp.o -c /home/pei/Project/duckdb-polr/tools/sqlite3_api_wrapper/test/test_sqlite3_udf_api_wrapper.cpp
[123/376] /usr/bin/ccache /usr/lib/ccache/cc -DDUCKDB_BUILD_LIBRARY -DENABLE_CROSS_PRODUCT_REWRITE=0 -DENABLE_DEBUG_PRINT=0 -DENABLE_MEASURE_EXE_TIME=0 -DENABLE_MERGE_BACK_PLAN=0 -DENABLE_PARALLEL_EXECUTION=0 -DENABLE_QUERY_SPLIT=0 -DENABLE_SPECIFY_EST_STAT=0 -DUSE_DUCKDB_SHELL_WRAPPER -I/home/pei/Project/duckdb-polr/src/include -I/home/pei/Project/duckdb-polr/third_party/fsst -I/home/pei/Project/duckdb-polr/third_party/fmt/include -I/home/pei/Project/duckdb-polr/third_party/hyperloglog -I/home/pei/Project/duckdb-polr/third_party/fastpforlib -I/home/pei/Project/duckdb-polr/third_party/fast_float -I/home/pei/Project/duckdb-polr/third_party/re2 -I/home/pei/Project/duckdb-polr/third_party/miniz -I/home/pei/Project/duckdb-polr/third_party/utf8proc/include -I/home/pei/Project/duckdb-polr/third_party/miniparquet -I/home/pei/Project/duckdb-polr/third_party/concurrentqueue -I/home/pei/Project/duckdb-polr/third_party/pcg -I/home/pei/Project/duckdb-polr/third_party/tdigest -I/home/pei/Project/duckdb-polr/third_party/mbedtls/include -I/home/pei/Project/duckdb-polr/third_party/jaro_winkler -I/home/pei/Project/duckdb-polr/tools/sqlite3_api_wrapper/include -O3 -DNDEBUG -O3 -DNDEBUG   -fPIC -fdiagnostics-color=always -MD -MT tools/sqlite3_api_wrapper/sqlite3/CMakeFiles/sqlite3_api_wrapper_sqlite3.dir/printf.c.o -MF tools/sqlite3_api_wrapper/sqlite3/CMakeFiles/sqlite3_api_wrapper_sqlite3.dir/printf.c.o.d -o tools/sqlite3_api_wrapper/sqlite3/CMakeFiles/sqlite3_api_wrapper_sqlite3.dir/printf.c.o -c /home/pei/Project/duckdb-polr/tools/sqlite3_api_wrapper/sqlite3/printf.c
[124/376] /usr/bin/ccache /usr/lib/ccache/cc -DDUCKDB_BUILD_LIBRARY -DENABLE_CROSS_PRODUCT_REWRITE=0 -DENABLE_DEBUG_PRINT=0 -DENABLE_MEASURE_EXE_TIME=0 -DENABLE_MERGE_BACK_PLAN=0 -DENABLE_PARALLEL_EXECUTION=0 -DENABLE_QUERY_SPLIT=0 -DENABLE_SPECIFY_EST_STAT=0 -DUSE_DUCKDB_SHELL_WRAPPER -I/home/pei/Project/duckdb-polr/src/include -I/home/pei/Project/duckdb-polr/third_party/fsst -I/home/pei/Project/duckdb-polr/third_party/fmt/include -I/home/pei/Project/duckdb-polr/third_party/hyperloglog -I/home/pei/Project/duckdb-polr/third_party/fastpforlib -I/home/pei/Project/duckdb-polr/third_party/fast_float -I/home/pei/Project/duckdb-polr/third_party/re2 -I/home/pei/Project/duckdb-polr/third_party/miniz -I/home/pei/Project/duckdb-polr/third_party/utf8proc/include -I/home/pei/Project/duckdb-polr/third_party/miniparquet -I/home/pei/Project/duckdb-polr/third_party/concurrentqueue -I/home/pei/Project/duckdb-polr/third_party/pcg -I/home/pei/Project/duckdb-polr/third_party/tdigest -I/home/pei/Project/duckdb-polr/third_party/mbedtls/include -I/home/pei/Project/duckdb-polr/third_party/jaro_winkler -I/home/pei/Project/duckdb-polr/tools/sqlite3_api_wrapper/include -O3 -DNDEBUG -O3 -DNDEBUG   -fPIC -fdiagnostics-color=always -MD -MT tools/sqlite3_api_wrapper/sqlite3/CMakeFiles/sqlite3_api_wrapper_sqlite3.dir/strglob.c.o -MF tools/sqlite3_api_wrapper/sqlite3/CMakeFiles/sqlite3_api_wrapper_sqlite3.dir/strglob.c.o.d -o tools/sqlite3_api_wrapper/sqlite3/CMakeFiles/sqlite3_api_wrapper_sqlite3.dir/strglob.c.o -c /home/pei/Project/duckdb-polr/tools/sqlite3_api_wrapper/sqlite3/strglob.c
[125/376] /usr/bin/ccache /usr/lib/ccache/c++ -DDUCKDB_BUILD_LIBRARY -DENABLE_CROSS_PRODUCT_REWRITE=0 -DENABLE_DEBUG_PRINT=0 -DENABLE_MEASURE_EXE_TIME=0 -DENABLE_MERGE_BACK_PLAN=0 -DENABLE_PARALLEL_EXECUTION=0 -DENABLE_QUERY_SPLIT=0 -DENABLE_SPECIFY_EST_STAT=0 -I/home/pei/Project/duckdb-polr/src/include -I/home/pei/Project/duckdb-polr/third_party/fsst -I/home/pei/Project/duckdb-polr/third_party/fmt/include -I/home/pei/Project/duckdb-polr/third_party/hyperloglog -I/home/pei/Project/duckdb-polr/third_party/fastpforlib -I/home/pei/Project/duckdb-polr/third_party/fast_float -I/home/pei/Project/duckdb-polr/third_party/re2 -I/home/pei/Project/duckdb-polr/third_party/miniz -I/home/pei/Project/duckdb-polr/third_party/utf8proc/include -I/home/pei/Project/duckdb-polr/third_party/miniparquet -I/home/pei/Project/duckdb-polr/third_party/concurrentqueue -I/home/pei/Project/duckdb-polr/third_party/pcg -I/home/pei/Project/duckdb-polr/third_party/tdigest -I/home/pei/Project/duckdb-polr/third_party/mbedtls/include -I/home/pei/Project/duckdb-polr/third_party/jaro_winkler -I/home/pei/Project/duckdb-polr/tools/sqlite3_api_wrapper/include -I/home/pei/Project/duckdb-polr/tools/sqlite3_api_wrapper/sqlite3_udf_api/include -O3 -DNDEBUG -O3 -DNDEBUG   -fPIC -fdiagnostics-color=always -std=c++11 -MD -MT tools/sqlite3_api_wrapper/sqlite3_udf_api/CMakeFiles/sqlite3_udf_api.dir/sqlite3_udf_wrapper.cpp.o -MF tools/sqlite3_api_wrapper/sqlite3_udf_api/CMakeFiles/sqlite3_udf_api.dir/sqlite3_udf_wrapper.cpp.o.d -o tools/sqlite3_api_wrapper/sqlite3_udf_api/CMakeFiles/sqlite3_udf_api.dir/sqlite3_udf_wrapper.cpp.o -c /home/pei/Project/duckdb-polr/tools/sqlite3_api_wrapper/sqlite3_udf_api/sqlite3_udf_wrapper.cpp
[126/376] /usr/bin/ccache /usr/lib/ccache/cc -DDUCKDB_BUILD_LIBRARY -DENABLE_CROSS_PRODUCT_REWRITE=0 -DENABLE_DEBUG_PRINT=0 -DENABLE_MEASURE_EXE_TIME=0 -DENABLE_MERGE_BACK_PLAN=0 -DENABLE_PARALLEL_EXECUTION=0 -DENABLE_QUERY_SPLIT=0 -DENABLE_SPECIFY_EST_STAT=0 -DHAVE_LINENOISE=1 -DSQLITE_OMIT_LOAD_EXTENSION=1 -I/home/pei/Project/duckdb-polr/src/include -I/home/pei/Project/duckdb-polr/third_party/fsst -I/home/pei/Project/duckdb-polr/third_party/fmt/include -I/home/pei/Project/duckdb-polr/third_party/hyperloglog -I/home/pei/Project/duckdb-polr/third_party/fastpforlib -I/home/pei/Project/duckdb-polr/third_party/fast_float -I/home/pei/Project/duckdb-polr/third_party/re2 -I/home/pei/Project/duckdb-polr/third_party/miniz -I/home/pei/Project/duckdb-polr/third_party/utf8proc/include -I/home/pei/Project/duckdb-polr/third_party/miniparquet -I/home/pei/Project/duckdb-polr/third_party/concurrentqueue -I/home/pei/Project/duckdb-polr/third_party/pcg -I/home/pei/Project/duckdb-polr/third_party/tdigest -I/home/pei/Project/duckdb-polr/third_party/mbedtls/include -I/home/pei/Project/duckdb-polr/third_party/jaro_winkler -I/home/pei/Project/duckdb-polr/tools/shell/../../third_party/utf8proc/include -I/home/pei/Project/duckdb-polr/tools/shell/include -I/home/pei/Project/duckdb-polr/tools/shell/../sqlite3_api_wrapper/include -I/home/pei/Project/duckdb-polr/third_party/libpg_query/include -O3 -DNDEBUG -O3 -DNDEBUG   -fPIE -fdiagnostics-color=always -MD -MT tools/shell/CMakeFiles/shell.dir/shell.c.o -MF tools/shell/CMakeFiles/shell.dir/shell.c.o.d -o tools/shell/CMakeFiles/shell.dir/shell.c.o -c /home/pei/Project/duckdb-polr/tools/shell/shell.c
[127/376] /usr/bin/ccache /usr/lib/ccache/c++ -DDUCKDB_BUILD_LIBRARY -DENABLE_CROSS_PRODUCT_REWRITE=0 -DENABLE_DEBUG_PRINT=0 -DENABLE_MEASURE_EXE_TIME=0 -DENABLE_MERGE_BACK_PLAN=0 -DENABLE_PARALLEL_EXECUTION=0 -DENABLE_QUERY_SPLIT=0 -DENABLE_SPECIFY_EST_STAT=0 -I/home/pei/Project/duckdb-polr/src/include -I/home/pei/Project/duckdb-polr/third_party/fsst -I/home/pei/Project/duckdb-polr/third_party/fmt/include -I/home/pei/Project/duckdb-polr/third_party/hyperloglog -I/home/pei/Project/duckdb-polr/third_party/fastpforlib -I/home/pei/Project/duckdb-polr/third_party/fast_float -I/home/pei/Project/duckdb-polr/third_party/re2 -I/home/pei/Project/duckdb-polr/third_party/miniz -I/home/pei/Project/duckdb-polr/third_party/utf8proc/include -I/home/pei/Project/duckdb-polr/third_party/miniparquet -I/home/pei/Project/duckdb-polr/third_party/concurrentqueue -I/home/pei/Project/duckdb-polr/third_party/pcg -I/home/pei/Project/duckdb-polr/third_party/tdigest -I/home/pei/Project/duckdb-polr/third_party/mbedtls/include -I/home/pei/Project/duckdb-polr/third_party/jaro_winkler -I/home/pei/Project/duckdb-polr/extension/parquet/include -I/home/pei/Project/duckdb-polr/extension/parquet/../../third_party/parquet -I/home/pei/Project/duckdb-polr/extension/parquet/../../third_party/snappy -I/home/pei/Project/duckdb-polr/extension/parquet/../../third_party/miniz -I/home/pei/Project/duckdb-polr/extension/parquet/../../third_party/thrift -I/home/pei/Project/duckdb-polr/extension/parquet/../../third_party/zstd/include -O3 -DNDEBUG -O3 -DNDEBUG   -fPIC -fdiagnostics-color=always -std=c++11 -MD -MT extension/parquet/CMakeFiles/parquet_extension.dir/column_writer.cpp.o -MF extension/parquet/CMakeFiles/parquet_extension.dir/column_writer.cpp.o.d -o extension/parquet/CMakeFiles/parquet_extension.dir/column_writer.cpp.o -c /home/pei/Project/duckdb-polr/extension/parquet/column_writer.cpp
[128/376] /usr/bin/ccache /usr/lib/ccache/c++ -DDUCKDB_BUILD_LIBRARY -DENABLE_CROSS_PRODUCT_REWRITE=0 -DENABLE_DEBUG_PRINT=0 -DENABLE_MEASURE_EXE_TIME=0 -DENABLE_MERGE_BACK_PLAN=0 -DENABLE_PARALLEL_EXECUTION=0 -DENABLE_QUERY_SPLIT=0 -DENABLE_SPECIFY_EST_STAT=0 -I/home/pei/Project/duckdb-polr/src/include -I/home/pei/Project/duckdb-polr/third_party/fsst -I/home/pei/Project/duckdb-polr/third_party/fmt/include -I/home/pei/Project/duckdb-polr/third_party/hyperloglog -I/home/pei/Project/duckdb-polr/third_party/fastpforlib -I/home/pei/Project/duckdb-polr/third_party/fast_float -I/home/pei/Project/duckdb-polr/third_party/re2 -I/home/pei/Project/duckdb-polr/third_party/miniz -I/home/pei/Project/duckdb-polr/third_party/utf8proc/include -I/home/pei/Project/duckdb-polr/third_party/miniparquet -I/home/pei/Project/duckdb-polr/third_party/concurrentqueue -I/home/pei/Project/duckdb-polr/third_party/pcg -I/home/pei/Project/duckdb-polr/third_party/tdigest -I/home/pei/Project/duckdb-polr/third_party/mbedtls/include -I/home/pei/Project/duckdb-polr/third_party/jaro_winkler -I/home/pei/Project/duckdb-polr/tools/sqlite3_api_wrapper/include -I/home/pei/Project/duckdb-polr/tools/sqlite3_api_wrapper/sqlite3_udf_api/include -O3 -DNDEBUG -O3 -DNDEBUG   -fPIC -fdiagnostics-color=always -std=c++11 -MD -MT tools/sqlite3_api_wrapper/sqlite3_udf_api/CMakeFiles/sqlite3_udf_api.dir/cast_sqlite.cpp.o -MF tools/sqlite3_api_wrapper/sqlite3_udf_api/CMakeFiles/sqlite3_udf_api.dir/cast_sqlite.cpp.o.d -o tools/sqlite3_api_wrapper/sqlite3_udf_api/CMakeFiles/sqlite3_udf_api.dir/cast_sqlite.cpp.o -c /home/pei/Project/duckdb-polr/tools/sqlite3_api_wrapper/sqlite3_udf_api/cast_sqlite.cpp
[129/376] /usr/bin/ccache /usr/lib/ccache/c++ -DDUCKDB_BUILD_LIBRARY -DENABLE_CROSS_PRODUCT_REWRITE=0 -DENABLE_DEBUG_PRINT=0 -DENABLE_MEASURE_EXE_TIME=0 -DENABLE_MERGE_BACK_PLAN=0 -DENABLE_PARALLEL_EXECUTION=0 -DENABLE_QUERY_SPLIT=0 -DENABLE_SPECIFY_EST_STAT=0 -DHAVE_LINENOISE=1 -DSQLITE_OMIT_LOAD_EXTENSION=1 -I/home/pei/Project/duckdb-polr/src/include -I/home/pei/Project/duckdb-polr/third_party/fsst -I/home/pei/Project/duckdb-polr/third_party/fmt/include -I/home/pei/Project/duckdb-polr/third_party/hyperloglog -I/home/pei/Project/duckdb-polr/third_party/fastpforlib -I/home/pei/Project/duckdb-polr/third_party/fast_float -I/home/pei/Project/duckdb-polr/third_party/re2 -I/home/pei/Project/duckdb-polr/third_party/miniz -I/home/pei/Project/duckdb-polr/third_party/utf8proc/include -I/home/pei/Project/duckdb-polr/third_party/miniparquet -I/home/pei/Project/duckdb-polr/third_party/concurrentqueue -I/home/pei/Project/duckdb-polr/third_party/pcg -I/home/pei/Project/duckdb-polr/third_party/tdigest -I/home/pei/Project/duckdb-polr/third_party/mbedtls/include -I/home/pei/Project/duckdb-polr/third_party/jaro_winkler -I/home/pei/Project/duckdb-polr/tools/shell/../../third_party/utf8proc/include -I/home/pei/Project/duckdb-polr/tools/shell/include -I/home/pei/Project/duckdb-polr/tools/shell/../sqlite3_api_wrapper/include -I/home/pei/Project/duckdb-polr/third_party/libpg_query/include -O3 -DNDEBUG -O3 -DNDEBUG   -fPIE -fdiagnostics-color=always -std=c++11 -MD -MT tools/shell/CMakeFiles/shell.dir/linenoise.cpp.o -MF tools/shell/CMakeFiles/shell.dir/linenoise.cpp.o.d -o tools/shell/CMakeFiles/shell.dir/linenoise.cpp.o -c /home/pei/Project/duckdb-polr/tools/shell/linenoise.cpp
[130/376] /usr/bin/ccache /usr/lib/ccache/c++ -DDUCKDB_BUILD_LIBRARY -DENABLE_CROSS_PRODUCT_REWRITE=0 -DENABLE_DEBUG_PRINT=0 -DENABLE_MEASURE_EXE_TIME=0 -DENABLE_MERGE_BACK_PLAN=0 -DENABLE_PARALLEL_EXECUTION=0 -DENABLE_QUERY_SPLIT=0 -DENABLE_SPECIFY_EST_STAT=0 -I/home/pei/Project/duckdb-polr/src/include -I/home/pei/Project/duckdb-polr/third_party/fsst -I/home/pei/Project/duckdb-polr/third_party/fmt/include -I/home/pei/Project/duckdb-polr/third_party/hyperloglog -I/home/pei/Project/duckdb-polr/third_party/fastpforlib -I/home/pei/Project/duckdb-polr/third_party/fast_float -I/home/pei/Project/duckdb-polr/third_party/re2 -I/home/pei/Project/duckdb-polr/third_party/miniz -I/home/pei/Project/duckdb-polr/third_party/utf8proc/include -I/home/pei/Project/duckdb-polr/third_party/miniparquet -I/home/pei/Project/duckdb-polr/third_party/concurrentqueue -I/home/pei/Project/duckdb-polr/third_party/pcg -I/home/pei/Project/duckdb-polr/third_party/tdigest -I/home/pei/Project/duckdb-polr/third_party/mbedtls/include -I/home/pei/Project/duckdb-polr/third_party/jaro_winkler -I/home/pei/Project/duckdb-polr/extension/parquet/include -I/home/pei/Project/duckdb-polr/extension/parquet/../../third_party/parquet -I/home/pei/Project/duckdb-polr/extension/parquet/../../third_party/snappy -I/home/pei/Project/duckdb-polr/extension/parquet/../../third_party/miniz -I/home/pei/Project/duckdb-polr/extension/parquet/../../third_party/thrift -I/home/pei/Project/duckdb-polr/extension/parquet/../../third_party/zstd/include -O3 -DNDEBUG -O3 -DNDEBUG   -fPIC -fdiagnostics-color=always -std=c++11 -MD -MT extension/parquet/CMakeFiles/parquet_extension.dir/parquet_timestamp.cpp.o -MF extension/parquet/CMakeFiles/parquet_extension.dir/parquet_timestamp.cpp.o.d -o extension/parquet/CMakeFiles/parquet_extension.dir/parquet_timestamp.cpp.o -c /home/pei/Project/duckdb-polr/extension/parquet/parquet_timestamp.cpp
[131/376] /usr/bin/ccache /usr/lib/ccache/c++ -DDUCKDB_BUILD_LIBRARY -DENABLE_CROSS_PRODUCT_REWRITE=0 -DENABLE_DEBUG_PRINT=0 -DENABLE_MEASURE_EXE_TIME=0 -DENABLE_MERGE_BACK_PLAN=0 -DENABLE_PARALLEL_EXECUTION=0 -DENABLE_QUERY_SPLIT=0 -DENABLE_SPECIFY_EST_STAT=0 -I/home/pei/Project/duckdb-polr/src/include -I/home/pei/Project/duckdb-polr/third_party/fsst -I/home/pei/Project/duckdb-polr/third_party/fmt/include -I/home/pei/Project/duckdb-polr/third_party/hyperloglog -I/home/pei/Project/duckdb-polr/third_party/fastpforlib -I/home/pei/Project/duckdb-polr/third_party/fast_float -I/home/pei/Project/duckdb-polr/third_party/re2 -I/home/pei/Project/duckdb-polr/third_party/miniz -I/home/pei/Project/duckdb-polr/third_party/utf8proc/include -I/home/pei/Project/duckdb-polr/third_party/miniparquet -I/home/pei/Project/duckdb-polr/third_party/concurrentqueue -I/home/pei/Project/duckdb-polr/third_party/pcg -I/home/pei/Project/duckdb-polr/third_party/tdigest -I/home/pei/Project/duckdb-polr/third_party/mbedtls/include -I/home/pei/Project/duckdb-polr/third_party/jaro_winkler -I/home/pei/Project/duckdb-polr/extension/parquet/include -I/home/pei/Project/duckdb-polr/extension/parquet/../../third_party/parquet -I/home/pei/Project/duckdb-polr/extension/parquet/../../third_party/snappy -I/home/pei/Project/duckdb-polr/extension/parquet/../../third_party/miniz -I/home/pei/Project/duckdb-polr/extension/parquet/../../third_party/thrift -I/home/pei/Project/duckdb-polr/extension/parquet/../../third_party/zstd/include -O3 -DNDEBUG -O3 -DNDEBUG   -fPIC -fdiagnostics-color=always -std=c++11 -MD -MT extension/parquet/CMakeFiles/parquet_extension.dir/parquet-extension.cpp.o -MF extension/parquet/CMakeFiles/parquet_extension.dir/parquet-extension.cpp.o.d -o extension/parquet/CMakeFiles/parquet_extension.dir/parquet-extension.cpp.o -c /home/pei/Project/duckdb-polr/extension/parquet/parquet-extension.cpp
[132/376] /usr/bin/ccache /usr/lib/ccache/c++ -DDUCKDB_BUILD_LIBRARY -DENABLE_CROSS_PRODUCT_REWRITE=0 -DENABLE_DEBUG_PRINT=0 -DENABLE_MEASURE_EXE_TIME=0 -DENABLE_MERGE_BACK_PLAN=0 -DENABLE_PARALLEL_EXECUTION=0 -DENABLE_QUERY_SPLIT=0 -DENABLE_SPECIFY_EST_STAT=0 -I/home/pei/Project/duckdb-polr/src/include -I/home/pei/Project/duckdb-polr/third_party/fsst -I/home/pei/Project/duckdb-polr/third_party/fmt/include -I/home/pei/Project/duckdb-polr/third_party/hyperloglog -I/home/pei/Project/duckdb-polr/third_party/fastpforlib -I/home/pei/Project/duckdb-polr/third_party/fast_float -I/home/pei/Project/duckdb-polr/third_party/re2 -I/home/pei/Project/duckdb-polr/third_party/miniz -I/home/pei/Project/duckdb-polr/third_party/utf8proc/include -I/home/pei/Project/duckdb-polr/third_party/miniparquet -I/home/pei/Project/duckdb-polr/third_party/concurrentqueue -I/home/pei/Project/duckdb-polr/third_party/pcg -I/home/pei/Project/duckdb-polr/third_party/tdigest -I/home/pei/Project/duckdb-polr/third_party/mbedtls/include -I/home/pei/Project/duckdb-polr/third_party/jaro_winkler -I/home/pei/Project/duckdb-polr/extension/parquet/include -I/home/pei/Project/duckdb-polr/extension/parquet/../../third_party/parquet -I/home/pei/Project/duckdb-polr/extension/parquet/../../third_party/snappy -I/home/pei/Project/duckdb-polr/extension/parquet/../../third_party/miniz -I/home/pei/Project/duckdb-polr/extension/parquet/../../third_party/thrift -I/home/pei/Project/duckdb-polr/extension/parquet/../../third_party/zstd/include -O3 -DNDEBUG -O3 -DNDEBUG   -fPIC -fdiagnostics-color=always -std=c++11 -MD -MT extension/parquet/CMakeFiles/parquet_extension.dir/parquet_metadata.cpp.o -MF extension/parquet/CMakeFiles/parquet_extension.dir/parquet_metadata.cpp.o.d -o extension/parquet/CMakeFiles/parquet_extension.dir/parquet_metadata.cpp.o -c /home/pei/Project/duckdb-polr/extension/parquet/parquet_metadata.cpp
[133/376] /usr/bin/ccache /usr/lib/ccache/c++ -DDUCKDB_BUILD_LIBRARY -DENABLE_CROSS_PRODUCT_REWRITE=0 -DENABLE_DEBUG_PRINT=0 -DENABLE_MEASURE_EXE_TIME=0 -DENABLE_MERGE_BACK_PLAN=0 -DENABLE_PARALLEL_EXECUTION=0 -DENABLE_QUERY_SPLIT=0 -DENABLE_SPECIFY_EST_STAT=0 -I/home/pei/Project/duckdb-polr/src/include -I/home/pei/Project/duckdb-polr/third_party/fsst -I/home/pei/Project/duckdb-polr/third_party/fmt/include -I/home/pei/Project/duckdb-polr/third_party/hyperloglog -I/home/pei/Project/duckdb-polr/third_party/fastpforlib -I/home/pei/Project/duckdb-polr/third_party/fast_float -I/home/pei/Project/duckdb-polr/third_party/re2 -I/home/pei/Project/duckdb-polr/third_party/miniz -I/home/pei/Project/duckdb-polr/third_party/utf8proc/include -I/home/pei/Project/duckdb-polr/third_party/miniparquet -I/home/pei/Project/duckdb-polr/third_party/concurrentqueue -I/home/pei/Project/duckdb-polr/third_party/pcg -I/home/pei/Project/duckdb-polr/third_party/tdigest -I/home/pei/Project/duckdb-polr/third_party/mbedtls/include -I/home/pei/Project/duckdb-polr/third_party/jaro_winkler -I/home/pei/Project/duckdb-polr/extension/parquet/include -I/home/pei/Project/duckdb-polr/extension/parquet/../../third_party/parquet -I/home/pei/Project/duckdb-polr/extension/parquet/../../third_party/snappy -I/home/pei/Project/duckdb-polr/extension/parquet/../../third_party/miniz -I/home/pei/Project/duckdb-polr/extension/parquet/../../third_party/thrift -I/home/pei/Project/duckdb-polr/extension/parquet/../../third_party/zstd/include -O3 -DNDEBUG -O3 -DNDEBUG   -fPIC -fdiagnostics-color=always -std=c++11 -MD -MT extension/parquet/CMakeFiles/parquet_extension.dir/parquet_writer.cpp.o -MF extension/parquet/CMakeFiles/parquet_extension.dir/parquet_writer.cpp.o.d -o extension/parquet/CMakeFiles/parquet_extension.dir/parquet_writer.cpp.o -c /home/pei/Project/duckdb-polr/extension/parquet/parquet_writer.cpp
[134/376] /usr/bin/ccache /usr/lib/ccache/c++ -DDUCKDB_BUILD_LIBRARY -DENABLE_CROSS_PRODUCT_REWRITE=0 -DENABLE_DEBUG_PRINT=0 -DENABLE_MEASURE_EXE_TIME=0 -DENABLE_MERGE_BACK_PLAN=0 -DENABLE_PARALLEL_EXECUTION=0 -DENABLE_QUERY_SPLIT=0 -DENABLE_SPECIFY_EST_STAT=0 -I/home/pei/Project/duckdb-polr/src/include -I/home/pei/Project/duckdb-polr/third_party/fsst -I/home/pei/Project/duckdb-polr/third_party/fmt/include -I/home/pei/Project/duckdb-polr/third_party/hyperloglog -I/home/pei/Project/duckdb-polr/third_party/fastpforlib -I/home/pei/Project/duckdb-polr/third_party/fast_float -I/home/pei/Project/duckdb-polr/third_party/re2 -I/home/pei/Project/duckdb-polr/third_party/miniz -I/home/pei/Project/duckdb-polr/third_party/utf8proc/include -I/home/pei/Project/duckdb-polr/third_party/miniparquet -I/home/pei/Project/duckdb-polr/third_party/concurrentqueue -I/home/pei/Project/duckdb-polr/third_party/pcg -I/home/pei/Project/duckdb-polr/third_party/tdigest -I/home/pei/Project/duckdb-polr/third_party/mbedtls/include -I/home/pei/Project/duckdb-polr/third_party/jaro_winkler -I/home/pei/Project/duckdb-polr/extension/parquet/include -I/home/pei/Project/duckdb-polr/extension/parquet/../../third_party/parquet -I/home/pei/Project/duckdb-polr/extension/parquet/../../third_party/snappy -I/home/pei/Project/duckdb-polr/extension/parquet/../../third_party/miniz -I/home/pei/Project/duckdb-polr/extension/parquet/../../third_party/thrift -I/home/pei/Project/duckdb-polr/extension/parquet/../../third_party/zstd/include -O3 -DNDEBUG -O3 -DNDEBUG   -fPIC -fdiagnostics-color=always -std=c++11 -MD -MT extension/parquet/CMakeFiles/parquet_extension.dir/parquet_statistics.cpp.o -MF extension/parquet/CMakeFiles/parquet_extension.dir/parquet_statistics.cpp.o.d -o extension/parquet/CMakeFiles/parquet_extension.dir/parquet_statistics.cpp.o -c /home/pei/Project/duckdb-polr/extension/parquet/parquet_statistics.cpp
[135/376] /usr/bin/ccache /usr/lib/ccache/c++ -DDUCKDB_BUILD_LIBRARY -DENABLE_CROSS_PRODUCT_REWRITE=0 -DENABLE_DEBUG_PRINT=0 -DENABLE_MEASURE_EXE_TIME=0 -DENABLE_MERGE_BACK_PLAN=0 -DENABLE_PARALLEL_EXECUTION=0 -DENABLE_QUERY_SPLIT=0 -DENABLE_SPECIFY_EST_STAT=0 -I/home/pei/Project/duckdb-polr/src/include -I/home/pei/Project/duckdb-polr/third_party/fsst -I/home/pei/Project/duckdb-polr/third_party/fmt/include -I/home/pei/Project/duckdb-polr/third_party/hyperloglog -I/home/pei/Project/duckdb-polr/third_party/fastpforlib -I/home/pei/Project/duckdb-polr/third_party/fast_float -I/home/pei/Project/duckdb-polr/third_party/re2 -I/home/pei/Project/duckdb-polr/third_party/miniz -I/home/pei/Project/duckdb-polr/third_party/utf8proc/include -I/home/pei/Project/duckdb-polr/third_party/miniparquet -I/home/pei/Project/duckdb-polr/third_party/concurrentqueue -I/home/pei/Project/duckdb-polr/third_party/pcg -I/home/pei/Project/duckdb-polr/third_party/tdigest -I/home/pei/Project/duckdb-polr/third_party/mbedtls/include -I/home/pei/Project/duckdb-polr/third_party/jaro_winkler -I/home/pei/Project/duckdb-polr/extension/parquet/include -I/home/pei/Project/duckdb-polr/extension/parquet/../../third_party/parquet -I/home/pei/Project/duckdb-polr/extension/parquet/../../third_party/snappy -I/home/pei/Project/duckdb-polr/extension/parquet/../../third_party/miniz -I/home/pei/Project/duckdb-polr/extension/parquet/../../third_party/thrift -I/home/pei/Project/duckdb-polr/extension/parquet/../../third_party/zstd/include -O3 -DNDEBUG -O3 -DNDEBUG   -fPIC -fdiagnostics-color=always -std=c++11 -MD -MT extension/parquet/CMakeFiles/parquet_extension.dir/zstd_file_system.cpp.o -MF extension/parquet/CMakeFiles/parquet_extension.dir/zstd_file_system.cpp.o.d -o extension/parquet/CMakeFiles/parquet_extension.dir/zstd_file_system.cpp.o -c /home/pei/Project/duckdb-polr/extension/parquet/zstd_file_system.cpp
[136/376] /usr/bin/ccache /usr/lib/ccache/c++ -DDUCKDB_BUILD_LIBRARY -DENABLE_CROSS_PRODUCT_REWRITE=0 -DENABLE_DEBUG_PRINT=0 -DENABLE_MEASURE_EXE_TIME=0 -DENABLE_MERGE_BACK_PLAN=0 -DENABLE_PARALLEL_EXECUTION=0 -DENABLE_QUERY_SPLIT=0 -DENABLE_SPECIFY_EST_STAT=0 -I/home/pei/Project/duckdb-polr/src/include -I/home/pei/Project/duckdb-polr/third_party/fsst -I/home/pei/Project/duckdb-polr/third_party/fmt/include -I/home/pei/Project/duckdb-polr/third_party/hyperloglog -I/home/pei/Project/duckdb-polr/third_party/fastpforlib -I/home/pei/Project/duckdb-polr/third_party/fast_float -I/home/pei/Project/duckdb-polr/third_party/re2 -I/home/pei/Project/duckdb-polr/third_party/miniz -I/home/pei/Project/duckdb-polr/third_party/utf8proc/include -I/home/pei/Project/duckdb-polr/third_party/miniparquet -I/home/pei/Project/duckdb-polr/third_party/concurrentqueue -I/home/pei/Project/duckdb-polr/third_party/pcg -I/home/pei/Project/duckdb-polr/third_party/tdigest -I/home/pei/Project/duckdb-polr/third_party/mbedtls/include -I/home/pei/Project/duckdb-polr/third_party/jaro_winkler -I/home/pei/Project/duckdb-polr/extension/parquet/include -I/home/pei/Project/duckdb-polr/extension/parquet/../../third_party/parquet -I/home/pei/Project/duckdb-polr/extension/parquet/../../third_party/snappy -I/home/pei/Project/duckdb-polr/extension/parquet/../../third_party/miniz -I/home/pei/Project/duckdb-polr/extension/parquet/../../third_party/thrift -I/home/pei/Project/duckdb-polr/extension/parquet/../../third_party/zstd/include -O3 -DNDEBUG -O3 -DNDEBUG   -fPIC -fdiagnostics-color=always -std=c++11 -MD -MT extension/parquet/CMakeFiles/parquet_extension.dir/parquet_reader.cpp.o -MF extension/parquet/CMakeFiles/parquet_extension.dir/parquet_reader.cpp.o.d -o extension/parquet/CMakeFiles/parquet_extension.dir/parquet_reader.cpp.o -c /home/pei/Project/duckdb-polr/extension/parquet/parquet_reader.cpp
[137/376] /usr/bin/ccache /usr/lib/ccache/c++ -DDUCKDB_BUILD_LIBRARY -DENABLE_CROSS_PRODUCT_REWRITE=0 -DENABLE_DEBUG_PRINT=0 -DENABLE_MEASURE_EXE_TIME=0 -DENABLE_MERGE_BACK_PLAN=0 -DENABLE_PARALLEL_EXECUTION=0 -DENABLE_QUERY_SPLIT=0 -DENABLE_SPECIFY_EST_STAT=0 -I/home/pei/Project/duckdb-polr/src/include -I/home/pei/Project/duckdb-polr/third_party/fsst -I/home/pei/Project/duckdb-polr/third_party/fmt/include -I/home/pei/Project/duckdb-polr/third_party/hyperloglog -I/home/pei/Project/duckdb-polr/third_party/fastpforlib -I/home/pei/Project/duckdb-polr/third_party/fast_float -I/home/pei/Project/duckdb-polr/third_party/re2 -I/home/pei/Project/duckdb-polr/third_party/miniz -I/home/pei/Project/duckdb-polr/third_party/utf8proc/include -I/home/pei/Project/duckdb-polr/third_party/miniparquet -I/home/pei/Project/duckdb-polr/third_party/concurrentqueue -I/home/pei/Project/duckdb-polr/third_party/pcg -I/home/pei/Project/duckdb-polr/third_party/tdigest -I/home/pei/Project/duckdb-polr/third_party/mbedtls/include -I/home/pei/Project/duckdb-polr/third_party/jaro_winkler -I/home/pei/Project/duckdb-polr/extension/parquet/include -I/home/pei/Project/duckdb-polr/extension/parquet/../../third_party/parquet -I/home/pei/Project/duckdb-polr/extension/parquet/../../third_party/snappy -I/home/pei/Project/duckdb-polr/extension/parquet/../../third_party/miniz -I/home/pei/Project/duckdb-polr/extension/parquet/../../third_party/thrift -I/home/pei/Project/duckdb-polr/extension/parquet/../../third_party/zstd/include -O3 -DNDEBUG -O3 -DNDEBUG   -fPIC -fdiagnostics-color=always -std=c++11 -MD -MT extension/parquet/CMakeFiles/parquet_extension.dir/__/__/third_party/parquet/parquet_constants.cpp.o -MF extension/parquet/CMakeFiles/parquet_extension.dir/__/__/third_party/parquet/parquet_constants.cpp.o.d -o extension/parquet/CMakeFiles/parquet_extension.dir/__/__/third_party/parquet/parquet_constants.cpp.o -c /home/pei/Project/duckdb-polr/third_party/parquet/parquet_constants.cpp
[138/376] /usr/bin/ccache /usr/lib/ccache/c++ -DDUCKDB_BUILD_LIBRARY -DENABLE_CROSS_PRODUCT_REWRITE=0 -DENABLE_DEBUG_PRINT=0 -DENABLE_MEASURE_EXE_TIME=0 -DENABLE_MERGE_BACK_PLAN=0 -DENABLE_PARALLEL_EXECUTION=0 -DENABLE_QUERY_SPLIT=0 -DENABLE_SPECIFY_EST_STAT=0 -I/home/pei/Project/duckdb-polr/src/include -I/home/pei/Project/duckdb-polr/third_party/fsst -I/home/pei/Project/duckdb-polr/third_party/fmt/include -I/home/pei/Project/duckdb-polr/third_party/hyperloglog -I/home/pei/Project/duckdb-polr/third_party/fastpforlib -I/home/pei/Project/duckdb-polr/third_party/fast_float -I/home/pei/Project/duckdb-polr/third_party/re2 -I/home/pei/Project/duckdb-polr/third_party/miniz -I/home/pei/Project/duckdb-polr/third_party/utf8proc/include -I/home/pei/Project/duckdb-polr/third_party/miniparquet -I/home/pei/Project/duckdb-polr/third_party/concurrentqueue -I/home/pei/Project/duckdb-polr/third_party/pcg -I/home/pei/Project/duckdb-polr/third_party/tdigest -I/home/pei/Project/duckdb-polr/third_party/mbedtls/include -I/home/pei/Project/duckdb-polr/third_party/jaro_winkler -I/home/pei/Project/duckdb-polr/extension/parquet/include -I/home/pei/Project/duckdb-polr/extension/parquet/../../third_party/parquet -I/home/pei/Project/duckdb-polr/extension/parquet/../../third_party/snappy -I/home/pei/Project/duckdb-polr/extension/parquet/../../third_party/miniz -I/home/pei/Project/duckdb-polr/extension/parquet/../../third_party/thrift -I/home/pei/Project/duckdb-polr/extension/parquet/../../third_party/zstd/include -O3 -DNDEBUG -O3 -DNDEBUG   -fPIC -fdiagnostics-color=always -std=c++11 -MD -MT extension/parquet/CMakeFiles/parquet_extension.dir/__/__/third_party/thrift/thrift/transport/TTransportException.cpp.o -MF extension/parquet/CMakeFiles/parquet_extension.dir/__/__/third_party/thrift/thrift/transport/TTransportException.cpp.o.d -o extension/parquet/CMakeFiles/parquet_extension.dir/__/__/third_party/thrift/thrift/transport/TTransportException.cpp.o -c /home/pei/Project/duckdb-polr/third_party/thrift/thrift/transport/TTransportException.cpp
[139/376] /usr/bin/ccache /usr/lib/ccache/c++ -DDUCKDB_BUILD_LIBRARY -DENABLE_CROSS_PRODUCT_REWRITE=0 -DENABLE_DEBUG_PRINT=0 -DENABLE_MEASURE_EXE_TIME=0 -DENABLE_MERGE_BACK_PLAN=0 -DENABLE_PARALLEL_EXECUTION=0 -DENABLE_QUERY_SPLIT=0 -DENABLE_SPECIFY_EST_STAT=0 -I/home/pei/Project/duckdb-polr/src/include -I/home/pei/Project/duckdb-polr/third_party/fsst -I/home/pei/Project/duckdb-polr/third_party/fmt/include -I/home/pei/Project/duckdb-polr/third_party/hyperloglog -I/home/pei/Project/duckdb-polr/third_party/fastpforlib -I/home/pei/Project/duckdb-polr/third_party/fast_float -I/home/pei/Project/duckdb-polr/third_party/re2 -I/home/pei/Project/duckdb-polr/third_party/miniz -I/home/pei/Project/duckdb-polr/third_party/utf8proc/include -I/home/pei/Project/duckdb-polr/third_party/miniparquet -I/home/pei/Project/duckdb-polr/third_party/concurrentqueue -I/home/pei/Project/duckdb-polr/third_party/pcg -I/home/pei/Project/duckdb-polr/third_party/tdigest -I/home/pei/Project/duckdb-polr/third_party/mbedtls/include -I/home/pei/Project/duckdb-polr/third_party/jaro_winkler -I/home/pei/Project/duckdb-polr/extension/parquet/include -I/home/pei/Project/duckdb-polr/extension/parquet/../../third_party/parquet -I/home/pei/Project/duckdb-polr/extension/parquet/../../third_party/snappy -I/home/pei/Project/duckdb-polr/extension/parquet/../../third_party/miniz -I/home/pei/Project/duckdb-polr/extension/parquet/../../third_party/thrift -I/home/pei/Project/duckdb-polr/extension/parquet/../../third_party/zstd/include -O3 -DNDEBUG -O3 -DNDEBUG   -fPIC -fdiagnostics-color=always -std=c++11 -MD -MT extension/parquet/CMakeFiles/parquet_extension.dir/__/__/third_party/parquet/parquet_types.cpp.o -MF extension/parquet/CMakeFiles/parquet_extension.dir/__/__/third_party/parquet/parquet_types.cpp.o.d -o extension/parquet/CMakeFiles/parquet_extension.dir/__/__/third_party/parquet/parquet_types.cpp.o -c /home/pei/Project/duckdb-polr/third_party/parquet/parquet_types.cpp
[140/376] /usr/bin/ccache /usr/lib/ccache/c++ -DDUCKDB_BUILD_LIBRARY -DENABLE_CROSS_PRODUCT_REWRITE=0 -DENABLE_DEBUG_PRINT=0 -DENABLE_MEASURE_EXE_TIME=0 -DENABLE_MERGE_BACK_PLAN=0 -DENABLE_PARALLEL_EXECUTION=0 -DENABLE_QUERY_SPLIT=0 -DENABLE_SPECIFY_EST_STAT=0 -I/home/pei/Project/duckdb-polr/src/include -I/home/pei/Project/duckdb-polr/third_party/fsst -I/home/pei/Project/duckdb-polr/third_party/fmt/include -I/home/pei/Project/duckdb-polr/third_party/hyperloglog -I/home/pei/Project/duckdb-polr/third_party/fastpforlib -I/home/pei/Project/duckdb-polr/third_party/fast_float -I/home/pei/Project/duckdb-polr/third_party/re2 -I/home/pei/Project/duckdb-polr/third_party/miniz -I/home/pei/Project/duckdb-polr/third_party/utf8proc/include -I/home/pei/Project/duckdb-polr/third_party/miniparquet -I/home/pei/Project/duckdb-polr/third_party/concurrentqueue -I/home/pei/Project/duckdb-polr/third_party/pcg -I/home/pei/Project/duckdb-polr/third_party/tdigest -I/home/pei/Project/duckdb-polr/third_party/mbedtls/include -I/home/pei/Project/duckdb-polr/third_party/jaro_winkler -I/home/pei/Project/duckdb-polr/extension/parquet/include -I/home/pei/Project/duckdb-polr/extension/parquet/../../third_party/parquet -I/home/pei/Project/duckdb-polr/extension/parquet/../../third_party/snappy -I/home/pei/Project/duckdb-polr/extension/parquet/../../third_party/miniz -I/home/pei/Project/duckdb-polr/extension/parquet/../../third_party/thrift -I/home/pei/Project/duckdb-polr/extension/parquet/../../third_party/zstd/include -O3 -DNDEBUG -O3 -DNDEBUG   -fPIC -fdiagnostics-color=always -std=c++11 -MD -MT extension/parquet/CMakeFiles/parquet_extension.dir/__/__/third_party/thrift/thrift/protocol/TProtocol.cpp.o -MF extension/parquet/CMakeFiles/parquet_extension.dir/__/__/third_party/thrift/thrift/protocol/TProtocol.cpp.o.d -o extension/parquet/CMakeFiles/parquet_extension.dir/__/__/third_party/thrift/thrift/protocol/TProtocol.cpp.o -c /home/pei/Project/duckdb-polr/third_party/thrift/thrift/protocol/TProtocol.cpp
[141/376] /usr/bin/ccache /usr/lib/ccache/c++ -DDUCKDB_BUILD_LIBRARY -DENABLE_CROSS_PRODUCT_REWRITE=0 -DENABLE_DEBUG_PRINT=0 -DENABLE_MEASURE_EXE_TIME=0 -DENABLE_MERGE_BACK_PLAN=0 -DENABLE_PARALLEL_EXECUTION=0 -DENABLE_QUERY_SPLIT=0 -DENABLE_SPECIFY_EST_STAT=0 -I/home/pei/Project/duckdb-polr/src/include -I/home/pei/Project/duckdb-polr/third_party/fsst -I/home/pei/Project/duckdb-polr/third_party/fmt/include -I/home/pei/Project/duckdb-polr/third_party/hyperloglog -I/home/pei/Project/duckdb-polr/third_party/fastpforlib -I/home/pei/Project/duckdb-polr/third_party/fast_float -I/home/pei/Project/duckdb-polr/third_party/re2 -I/home/pei/Project/duckdb-polr/third_party/miniz -I/home/pei/Project/duckdb-polr/third_party/utf8proc/include -I/home/pei/Project/duckdb-polr/third_party/miniparquet -I/home/pei/Project/duckdb-polr/third_party/concurrentqueue -I/home/pei/Project/duckdb-polr/third_party/pcg -I/home/pei/Project/duckdb-polr/third_party/tdigest -I/home/pei/Project/duckdb-polr/third_party/mbedtls/include -I/home/pei/Project/duckdb-polr/third_party/jaro_winkler -I/home/pei/Project/duckdb-polr/extension/parquet/include -I/home/pei/Project/duckdb-polr/extension/parquet/../../third_party/parquet -I/home/pei/Project/duckdb-polr/extension/parquet/../../third_party/snappy -I/home/pei/Project/duckdb-polr/extension/parquet/../../third_party/miniz -I/home/pei/Project/duckdb-polr/extension/parquet/../../third_party/thrift -I/home/pei/Project/duckdb-polr/extension/parquet/../../third_party/zstd/include -O3 -DNDEBUG -O3 -DNDEBUG   -fPIC -fdiagnostics-color=always -std=c++11 -MD -MT extension/parquet/CMakeFiles/parquet_extension.dir/__/__/third_party/thrift/thrift/transport/TBufferTransports.cpp.o -MF extension/parquet/CMakeFiles/parquet_extension.dir/__/__/third_party/thrift/thrift/transport/TBufferTransports.cpp.o.d -o extension/parquet/CMakeFiles/parquet_extension.dir/__/__/third_party/thrift/thrift/transport/TBufferTransports.cpp.o -c /home/pei/Project/duckdb-polr/third_party/thrift/thrift/transport/TBufferTransports.cpp
[142/376] /usr/bin/ccache /usr/lib/ccache/c++ -DDUCKDB_BUILD_LIBRARY -DENABLE_CROSS_PRODUCT_REWRITE=0 -DENABLE_DEBUG_PRINT=0 -DENABLE_MEASURE_EXE_TIME=0 -DENABLE_MERGE_BACK_PLAN=0 -DENABLE_PARALLEL_EXECUTION=0 -DENABLE_QUERY_SPLIT=0 -DENABLE_SPECIFY_EST_STAT=0 -I/home/pei/Project/duckdb-polr/src/include -I/home/pei/Project/duckdb-polr/third_party/fsst -I/home/pei/Project/duckdb-polr/third_party/fmt/include -I/home/pei/Project/duckdb-polr/third_party/hyperloglog -I/home/pei/Project/duckdb-polr/third_party/fastpforlib -I/home/pei/Project/duckdb-polr/third_party/fast_float -I/home/pei/Project/duckdb-polr/third_party/re2 -I/home/pei/Project/duckdb-polr/third_party/miniz -I/home/pei/Project/duckdb-polr/third_party/utf8proc/include -I/home/pei/Project/duckdb-polr/third_party/miniparquet -I/home/pei/Project/duckdb-polr/third_party/concurrentqueue -I/home/pei/Project/duckdb-polr/third_party/pcg -I/home/pei/Project/duckdb-polr/third_party/tdigest -I/home/pei/Project/duckdb-polr/third_party/mbedtls/include -I/home/pei/Project/duckdb-polr/third_party/jaro_winkler -I/home/pei/Project/duckdb-polr/extension/parquet/include -I/home/pei/Project/duckdb-polr/extension/parquet/../../third_party/parquet -I/home/pei/Project/duckdb-polr/extension/parquet/../../third_party/snappy -I/home/pei/Project/duckdb-polr/extension/parquet/../../third_party/miniz -I/home/pei/Project/duckdb-polr/extension/parquet/../../third_party/thrift -I/home/pei/Project/duckdb-polr/extension/parquet/../../third_party/zstd/include -O3 -DNDEBUG -O3 -DNDEBUG   -fPIC -fdiagnostics-color=always -std=c++11 -MD -MT extension/parquet/CMakeFiles/parquet_extension.dir/__/__/third_party/snappy/snappy.cc.o -MF extension/parquet/CMakeFiles/parquet_extension.dir/__/__/third_party/snappy/snappy.cc.o.d -o extension/parquet/CMakeFiles/parquet_extension.dir/__/__/third_party/snappy/snappy.cc.o -c /home/pei/Project/duckdb-polr/third_party/snappy/snappy.cc
[143/376] /usr/bin/ccache /usr/lib/ccache/c++ -DDUCKDB_BUILD_LIBRARY -DENABLE_CROSS_PRODUCT_REWRITE=0 -DENABLE_DEBUG_PRINT=0 -DENABLE_MEASURE_EXE_TIME=0 -DENABLE_MERGE_BACK_PLAN=0 -DENABLE_PARALLEL_EXECUTION=0 -DENABLE_QUERY_SPLIT=0 -DENABLE_SPECIFY_EST_STAT=0 -I/home/pei/Project/duckdb-polr/src/include -I/home/pei/Project/duckdb-polr/third_party/fsst -I/home/pei/Project/duckdb-polr/third_party/fmt/include -I/home/pei/Project/duckdb-polr/third_party/hyperloglog -I/home/pei/Project/duckdb-polr/third_party/fastpforlib -I/home/pei/Project/duckdb-polr/third_party/fast_float -I/home/pei/Project/duckdb-polr/third_party/re2 -I/home/pei/Project/duckdb-polr/third_party/miniz -I/home/pei/Project/duckdb-polr/third_party/utf8proc/include -I/home/pei/Project/duckdb-polr/third_party/miniparquet -I/home/pei/Project/duckdb-polr/third_party/concurrentqueue -I/home/pei/Project/duckdb-polr/third_party/pcg -I/home/pei/Project/duckdb-polr/third_party/tdigest -I/home/pei/Project/duckdb-polr/third_party/mbedtls/include -I/home/pei/Project/duckdb-polr/third_party/jaro_winkler -I/home/pei/Project/duckdb-polr/extension/parquet/include -I/home/pei/Project/duckdb-polr/extension/parquet/../../third_party/parquet -I/home/pei/Project/duckdb-polr/extension/parquet/../../third_party/snappy -I/home/pei/Project/duckdb-polr/extension/parquet/../../third_party/miniz -I/home/pei/Project/duckdb-polr/extension/parquet/../../third_party/thrift -I/home/pei/Project/duckdb-polr/extension/parquet/../../third_party/zstd/include -O3 -DNDEBUG -O3 -DNDEBUG   -fPIC -fdiagnostics-color=always -std=c++11 -MD -MT extension/parquet/CMakeFiles/parquet_extension.dir/__/__/third_party/zstd/decompress/zstd_ddict.cpp.o -MF extension/parquet/CMakeFiles/parquet_extension.dir/__/__/third_party/zstd/decompress/zstd_ddict.cpp.o.d -o extension/parquet/CMakeFiles/parquet_extension.dir/__/__/third_party/zstd/decompress/zstd_ddict.cpp.o -c /home/pei/Project/duckdb-polr/third_party/zstd/decompress/zstd_ddict.cpp
[144/376] /usr/bin/ccache /usr/lib/ccache/c++ -DDUCKDB_BUILD_LIBRARY -DENABLE_CROSS_PRODUCT_REWRITE=0 -DENABLE_DEBUG_PRINT=0 -DENABLE_MEASURE_EXE_TIME=0 -DENABLE_MERGE_BACK_PLAN=0 -DENABLE_PARALLEL_EXECUTION=0 -DENABLE_QUERY_SPLIT=0 -DENABLE_SPECIFY_EST_STAT=0 -I/home/pei/Project/duckdb-polr/src/include -I/home/pei/Project/duckdb-polr/third_party/fsst -I/home/pei/Project/duckdb-polr/third_party/fmt/include -I/home/pei/Project/duckdb-polr/third_party/hyperloglog -I/home/pei/Project/duckdb-polr/third_party/fastpforlib -I/home/pei/Project/duckdb-polr/third_party/fast_float -I/home/pei/Project/duckdb-polr/third_party/re2 -I/home/pei/Project/duckdb-polr/third_party/miniz -I/home/pei/Project/duckdb-polr/third_party/utf8proc/include -I/home/pei/Project/duckdb-polr/third_party/miniparquet -I/home/pei/Project/duckdb-polr/third_party/concurrentqueue -I/home/pei/Project/duckdb-polr/third_party/pcg -I/home/pei/Project/duckdb-polr/third_party/tdigest -I/home/pei/Project/duckdb-polr/third_party/mbedtls/include -I/home/pei/Project/duckdb-polr/third_party/jaro_winkler -I/home/pei/Project/duckdb-polr/extension/parquet/include -I/home/pei/Project/duckdb-polr/extension/parquet/../../third_party/parquet -I/home/pei/Project/duckdb-polr/extension/parquet/../../third_party/snappy -I/home/pei/Project/duckdb-polr/extension/parquet/../../third_party/miniz -I/home/pei/Project/duckdb-polr/extension/parquet/../../third_party/thrift -I/home/pei/Project/duckdb-polr/extension/parquet/../../third_party/zstd/include -O3 -DNDEBUG -O3 -DNDEBUG   -fPIC -fdiagnostics-color=always -std=c++11 -MD -MT extension/parquet/CMakeFiles/parquet_extension.dir/__/__/third_party/zstd/decompress/huf_decompress.cpp.o -MF extension/parquet/CMakeFiles/parquet_extension.dir/__/__/third_party/zstd/decompress/huf_decompress.cpp.o.d -o extension/parquet/CMakeFiles/parquet_extension.dir/__/__/third_party/zstd/decompress/huf_decompress.cpp.o -c /home/pei/Project/duckdb-polr/third_party/zstd/decompress/huf_decompress.cpp
[145/376] /usr/bin/ccache /usr/lib/ccache/c++ -DDUCKDB_BUILD_LIBRARY -DENABLE_CROSS_PRODUCT_REWRITE=0 -DENABLE_DEBUG_PRINT=0 -DENABLE_MEASURE_EXE_TIME=0 -DENABLE_MERGE_BACK_PLAN=0 -DENABLE_PARALLEL_EXECUTION=0 -DENABLE_QUERY_SPLIT=0 -DENABLE_SPECIFY_EST_STAT=0 -I/home/pei/Project/duckdb-polr/src/include -I/home/pei/Project/duckdb-polr/third_party/fsst -I/home/pei/Project/duckdb-polr/third_party/fmt/include -I/home/pei/Project/duckdb-polr/third_party/hyperloglog -I/home/pei/Project/duckdb-polr/third_party/fastpforlib -I/home/pei/Project/duckdb-polr/third_party/fast_float -I/home/pei/Project/duckdb-polr/third_party/re2 -I/home/pei/Project/duckdb-polr/third_party/miniz -I/home/pei/Project/duckdb-polr/third_party/utf8proc/include -I/home/pei/Project/duckdb-polr/third_party/miniparquet -I/home/pei/Project/duckdb-polr/third_party/concurrentqueue -I/home/pei/Project/duckdb-polr/third_party/pcg -I/home/pei/Project/duckdb-polr/third_party/tdigest -I/home/pei/Project/duckdb-polr/third_party/mbedtls/include -I/home/pei/Project/duckdb-polr/third_party/jaro_winkler -I/home/pei/Project/duckdb-polr/extension/parquet/include -I/home/pei/Project/duckdb-polr/extension/parquet/../../third_party/parquet -I/home/pei/Project/duckdb-polr/extension/parquet/../../third_party/snappy -I/home/pei/Project/duckdb-polr/extension/parquet/../../third_party/miniz -I/home/pei/Project/duckdb-polr/extension/parquet/../../third_party/thrift -I/home/pei/Project/duckdb-polr/extension/parquet/../../third_party/zstd/include -O3 -DNDEBUG -O3 -DNDEBUG   -fPIC -fdiagnostics-color=always -std=c++11 -MD -MT extension/parquet/CMakeFiles/parquet_extension.dir/__/__/third_party/zstd/decompress/zstd_decompress.cpp.o -MF extension/parquet/CMakeFiles/parquet_extension.dir/__/__/third_party/zstd/decompress/zstd_decompress.cpp.o.d -o extension/parquet/CMakeFiles/parquet_extension.dir/__/__/third_party/zstd/decompress/zstd_decompress.cpp.o -c /home/pei/Project/duckdb-polr/third_party/zstd/decompress/zstd_decompress.cpp
[146/376] /usr/bin/ccache /usr/lib/ccache/c++ -DDUCKDB_BUILD_LIBRARY -DENABLE_CROSS_PRODUCT_REWRITE=0 -DENABLE_DEBUG_PRINT=0 -DENABLE_MEASURE_EXE_TIME=0 -DENABLE_MERGE_BACK_PLAN=0 -DENABLE_PARALLEL_EXECUTION=0 -DENABLE_QUERY_SPLIT=0 -DENABLE_SPECIFY_EST_STAT=0 -I/home/pei/Project/duckdb-polr/src/include -I/home/pei/Project/duckdb-polr/third_party/fsst -I/home/pei/Project/duckdb-polr/third_party/fmt/include -I/home/pei/Project/duckdb-polr/third_party/hyperloglog -I/home/pei/Project/duckdb-polr/third_party/fastpforlib -I/home/pei/Project/duckdb-polr/third_party/fast_float -I/home/pei/Project/duckdb-polr/third_party/re2 -I/home/pei/Project/duckdb-polr/third_party/miniz -I/home/pei/Project/duckdb-polr/third_party/utf8proc/include -I/home/pei/Project/duckdb-polr/third_party/miniparquet -I/home/pei/Project/duckdb-polr/third_party/concurrentqueue -I/home/pei/Project/duckdb-polr/third_party/pcg -I/home/pei/Project/duckdb-polr/third_party/tdigest -I/home/pei/Project/duckdb-polr/third_party/mbedtls/include -I/home/pei/Project/duckdb-polr/third_party/jaro_winkler -I/home/pei/Project/duckdb-polr/extension/parquet/include -I/home/pei/Project/duckdb-polr/extension/parquet/../../third_party/parquet -I/home/pei/Project/duckdb-polr/extension/parquet/../../third_party/snappy -I/home/pei/Project/duckdb-polr/extension/parquet/../../third_party/miniz -I/home/pei/Project/duckdb-polr/extension/parquet/../../third_party/thrift -I/home/pei/Project/duckdb-polr/extension/parquet/../../third_party/zstd/include -O3 -DNDEBUG -O3 -DNDEBUG   -fPIC -fdiagnostics-color=always -std=c++11 -MD -MT extension/parquet/CMakeFiles/parquet_extension.dir/__/__/third_party/snappy/snappy-sinksource.cc.o -MF extension/parquet/CMakeFiles/parquet_extension.dir/__/__/third_party/snappy/snappy-sinksource.cc.o.d -o extension/parquet/CMakeFiles/parquet_extension.dir/__/__/third_party/snappy/snappy-sinksource.cc.o -c /home/pei/Project/duckdb-polr/third_party/snappy/snappy-sinksource.cc
[147/376] /usr/bin/ccache /usr/lib/ccache/c++ -DDUCKDB_BUILD_LIBRARY -DENABLE_CROSS_PRODUCT_REWRITE=0 -DENABLE_DEBUG_PRINT=0 -DENABLE_MEASURE_EXE_TIME=0 -DENABLE_MERGE_BACK_PLAN=0 -DENABLE_PARALLEL_EXECUTION=0 -DENABLE_QUERY_SPLIT=0 -DENABLE_SPECIFY_EST_STAT=0 -I/home/pei/Project/duckdb-polr/src/include -I/home/pei/Project/duckdb-polr/third_party/fsst -I/home/pei/Project/duckdb-polr/third_party/fmt/include -I/home/pei/Project/duckdb-polr/third_party/hyperloglog -I/home/pei/Project/duckdb-polr/third_party/fastpforlib -I/home/pei/Project/duckdb-polr/third_party/fast_float -I/home/pei/Project/duckdb-polr/third_party/re2 -I/home/pei/Project/duckdb-polr/third_party/miniz -I/home/pei/Project/duckdb-polr/third_party/utf8proc/include -I/home/pei/Project/duckdb-polr/third_party/miniparquet -I/home/pei/Project/duckdb-polr/third_party/concurrentqueue -I/home/pei/Project/duckdb-polr/third_party/pcg -I/home/pei/Project/duckdb-polr/third_party/tdigest -I/home/pei/Project/duckdb-polr/third_party/mbedtls/include -I/home/pei/Project/duckdb-polr/third_party/jaro_winkler -I/home/pei/Project/duckdb-polr/extension/parquet/include -I/home/pei/Project/duckdb-polr/extension/parquet/../../third_party/parquet -I/home/pei/Project/duckdb-polr/extension/parquet/../../third_party/snappy -I/home/pei/Project/duckdb-polr/extension/parquet/../../third_party/miniz -I/home/pei/Project/duckdb-polr/extension/parquet/../../third_party/thrift -I/home/pei/Project/duckdb-polr/extension/parquet/../../third_party/zstd/include -O3 -DNDEBUG -O3 -DNDEBUG   -fPIC -fdiagnostics-color=always -std=c++11 -MD -MT extension/parquet/CMakeFiles/parquet_extension.dir/__/__/third_party/zstd/decompress/zstd_decompress_block.cpp.o -MF extension/parquet/CMakeFiles/parquet_extension.dir/__/__/third_party/zstd/decompress/zstd_decompress_block.cpp.o.d -o extension/parquet/CMakeFiles/parquet_extension.dir/__/__/third_party/zstd/decompress/zstd_decompress_block.cpp.o -c /home/pei/Project/duckdb-polr/third_party/zstd/decompress/zstd_decompress_block.cpp
[148/376] /usr/bin/ccache /usr/lib/ccache/c++ -DDUCKDB_BUILD_LIBRARY -DENABLE_CROSS_PRODUCT_REWRITE=0 -DENABLE_DEBUG_PRINT=0 -DENABLE_MEASURE_EXE_TIME=0 -DENABLE_MERGE_BACK_PLAN=0 -DENABLE_PARALLEL_EXECUTION=0 -DENABLE_QUERY_SPLIT=0 -DENABLE_SPECIFY_EST_STAT=0 -I/home/pei/Project/duckdb-polr/src/include -I/home/pei/Project/duckdb-polr/third_party/fsst -I/home/pei/Project/duckdb-polr/third_party/fmt/include -I/home/pei/Project/duckdb-polr/third_party/hyperloglog -I/home/pei/Project/duckdb-polr/third_party/fastpforlib -I/home/pei/Project/duckdb-polr/third_party/fast_float -I/home/pei/Project/duckdb-polr/third_party/re2 -I/home/pei/Project/duckdb-polr/third_party/miniz -I/home/pei/Project/duckdb-polr/third_party/utf8proc/include -I/home/pei/Project/duckdb-polr/third_party/miniparquet -I/home/pei/Project/duckdb-polr/third_party/concurrentqueue -I/home/pei/Project/duckdb-polr/third_party/pcg -I/home/pei/Project/duckdb-polr/third_party/tdigest -I/home/pei/Project/duckdb-polr/third_party/mbedtls/include -I/home/pei/Project/duckdb-polr/third_party/jaro_winkler -I/home/pei/Project/duckdb-polr/extension/parquet/include -I/home/pei/Project/duckdb-polr/extension/parquet/../../third_party/parquet -I/home/pei/Project/duckdb-polr/extension/parquet/../../third_party/snappy -I/home/pei/Project/duckdb-polr/extension/parquet/../../third_party/miniz -I/home/pei/Project/duckdb-polr/extension/parquet/../../third_party/thrift -I/home/pei/Project/duckdb-polr/extension/parquet/../../third_party/zstd/include -O3 -DNDEBUG -O3 -DNDEBUG   -fPIC -fdiagnostics-color=always -std=c++11 -MD -MT extension/parquet/CMakeFiles/parquet_extension.dir/__/__/third_party/zstd/common/entropy_common.cpp.o -MF extension/parquet/CMakeFiles/parquet_extension.dir/__/__/third_party/zstd/common/entropy_common.cpp.o.d -o extension/parquet/CMakeFiles/parquet_extension.dir/__/__/third_party/zstd/common/entropy_common.cpp.o -c /home/pei/Project/duckdb-polr/third_party/zstd/common/entropy_common.cpp
[149/376] /usr/bin/ccache /usr/lib/ccache/c++ -DDUCKDB_BUILD_LIBRARY -DENABLE_CROSS_PRODUCT_REWRITE=0 -DENABLE_DEBUG_PRINT=0 -DENABLE_MEASURE_EXE_TIME=0 -DENABLE_MERGE_BACK_PLAN=0 -DENABLE_PARALLEL_EXECUTION=0 -DENABLE_QUERY_SPLIT=0 -DENABLE_SPECIFY_EST_STAT=0 -I/home/pei/Project/duckdb-polr/src/include -I/home/pei/Project/duckdb-polr/third_party/fsst -I/home/pei/Project/duckdb-polr/third_party/fmt/include -I/home/pei/Project/duckdb-polr/third_party/hyperloglog -I/home/pei/Project/duckdb-polr/third_party/fastpforlib -I/home/pei/Project/duckdb-polr/third_party/fast_float -I/home/pei/Project/duckdb-polr/third_party/re2 -I/home/pei/Project/duckdb-polr/third_party/miniz -I/home/pei/Project/duckdb-polr/third_party/utf8proc/include -I/home/pei/Project/duckdb-polr/third_party/miniparquet -I/home/pei/Project/duckdb-polr/third_party/concurrentqueue -I/home/pei/Project/duckdb-polr/third_party/pcg -I/home/pei/Project/duckdb-polr/third_party/tdigest -I/home/pei/Project/duckdb-polr/third_party/mbedtls/include -I/home/pei/Project/duckdb-polr/third_party/jaro_winkler -I/home/pei/Project/duckdb-polr/extension/parquet/include -I/home/pei/Project/duckdb-polr/extension/parquet/../../third_party/parquet -I/home/pei/Project/duckdb-polr/extension/parquet/../../third_party/snappy -I/home/pei/Project/duckdb-polr/extension/parquet/../../third_party/miniz -I/home/pei/Project/duckdb-polr/extension/parquet/../../third_party/thrift -I/home/pei/Project/duckdb-polr/extension/parquet/../../third_party/zstd/include -O3 -DNDEBUG -O3 -DNDEBUG   -fPIC -fdiagnostics-color=always -std=c++11 -MD -MT extension/parquet/CMakeFiles/parquet_extension.dir/column_reader.cpp.o -MF extension/parquet/CMakeFiles/parquet_extension.dir/column_reader.cpp.o.d -o extension/parquet/CMakeFiles/parquet_extension.dir/column_reader.cpp.o -c /home/pei/Project/duckdb-polr/extension/parquet/column_reader.cpp
[150/376] /usr/bin/ccache /usr/lib/ccache/c++ -DDUCKDB_BUILD_LIBRARY -DENABLE_CROSS_PRODUCT_REWRITE=0 -DENABLE_DEBUG_PRINT=0 -DENABLE_MEASURE_EXE_TIME=0 -DENABLE_MERGE_BACK_PLAN=0 -DENABLE_PARALLEL_EXECUTION=0 -DENABLE_QUERY_SPLIT=0 -DENABLE_SPECIFY_EST_STAT=0 -I/home/pei/Project/duckdb-polr/src/include -I/home/pei/Project/duckdb-polr/third_party/fsst -I/home/pei/Project/duckdb-polr/third_party/fmt/include -I/home/pei/Project/duckdb-polr/third_party/hyperloglog -I/home/pei/Project/duckdb-polr/third_party/fastpforlib -I/home/pei/Project/duckdb-polr/third_party/fast_float -I/home/pei/Project/duckdb-polr/third_party/re2 -I/home/pei/Project/duckdb-polr/third_party/miniz -I/home/pei/Project/duckdb-polr/third_party/utf8proc/include -I/home/pei/Project/duckdb-polr/third_party/miniparquet -I/home/pei/Project/duckdb-polr/third_party/concurrentqueue -I/home/pei/Project/duckdb-polr/third_party/pcg -I/home/pei/Project/duckdb-polr/third_party/tdigest -I/home/pei/Project/duckdb-polr/third_party/mbedtls/include -I/home/pei/Project/duckdb-polr/third_party/jaro_winkler -I/home/pei/Project/duckdb-polr/extension/parquet/include -I/home/pei/Project/duckdb-polr/extension/parquet/../../third_party/parquet -I/home/pei/Project/duckdb-polr/extension/parquet/../../third_party/snappy -I/home/pei/Project/duckdb-polr/extension/parquet/../../third_party/miniz -I/home/pei/Project/duckdb-polr/extension/parquet/../../third_party/thrift -I/home/pei/Project/duckdb-polr/extension/parquet/../../third_party/zstd/include -O3 -DNDEBUG -O3 -DNDEBUG   -fPIC -fdiagnostics-color=always -std=c++11 -MD -MT extension/parquet/CMakeFiles/parquet_extension.dir/__/__/third_party/zstd/common/fse_decompress.cpp.o -MF extension/parquet/CMakeFiles/parquet_extension.dir/__/__/third_party/zstd/common/fse_decompress.cpp.o.d -o extension/parquet/CMakeFiles/parquet_extension.dir/__/__/third_party/zstd/common/fse_decompress.cpp.o -c /home/pei/Project/duckdb-polr/third_party/zstd/common/fse_decompress.cpp
[151/376] /usr/bin/ccache /usr/lib/ccache/c++ -DDUCKDB_BUILD_LIBRARY -DENABLE_CROSS_PRODUCT_REWRITE=0 -DENABLE_DEBUG_PRINT=0 -DENABLE_MEASURE_EXE_TIME=0 -DENABLE_MERGE_BACK_PLAN=0 -DENABLE_PARALLEL_EXECUTION=0 -DENABLE_QUERY_SPLIT=0 -DENABLE_SPECIFY_EST_STAT=0 -I/home/pei/Project/duckdb-polr/src/include -I/home/pei/Project/duckdb-polr/third_party/fsst -I/home/pei/Project/duckdb-polr/third_party/fmt/include -I/home/pei/Project/duckdb-polr/third_party/hyperloglog -I/home/pei/Project/duckdb-polr/third_party/fastpforlib -I/home/pei/Project/duckdb-polr/third_party/fast_float -I/home/pei/Project/duckdb-polr/third_party/re2 -I/home/pei/Project/duckdb-polr/third_party/miniz -I/home/pei/Project/duckdb-polr/third_party/utf8proc/include -I/home/pei/Project/duckdb-polr/third_party/miniparquet -I/home/pei/Project/duckdb-polr/third_party/concurrentqueue -I/home/pei/Project/duckdb-polr/third_party/pcg -I/home/pei/Project/duckdb-polr/third_party/tdigest -I/home/pei/Project/duckdb-polr/third_party/mbedtls/include -I/home/pei/Project/duckdb-polr/third_party/jaro_winkler -I/home/pei/Project/duckdb-polr/extension/parquet/include -I/home/pei/Project/duckdb-polr/extension/parquet/../../third_party/parquet -I/home/pei/Project/duckdb-polr/extension/parquet/../../third_party/snappy -I/home/pei/Project/duckdb-polr/extension/parquet/../../third_party/miniz -I/home/pei/Project/duckdb-polr/extension/parquet/../../third_party/thrift -I/home/pei/Project/duckdb-polr/extension/parquet/../../third_party/zstd/include -O3 -DNDEBUG -O3 -DNDEBUG   -fPIC -fdiagnostics-color=always -std=c++11 -MD -MT extension/parquet/CMakeFiles/parquet_extension.dir/__/__/third_party/zstd/common/zstd_common.cpp.o -MF extension/parquet/CMakeFiles/parquet_extension.dir/__/__/third_party/zstd/common/zstd_common.cpp.o.d -o extension/parquet/CMakeFiles/parquet_extension.dir/__/__/third_party/zstd/common/zstd_common.cpp.o -c /home/pei/Project/duckdb-polr/third_party/zstd/common/zstd_common.cpp
[152/376] /usr/bin/ccache /usr/lib/ccache/c++ -DDUCKDB_BUILD_LIBRARY -DENABLE_CROSS_PRODUCT_REWRITE=0 -DENABLE_DEBUG_PRINT=0 -DENABLE_MEASURE_EXE_TIME=0 -DENABLE_MERGE_BACK_PLAN=0 -DENABLE_PARALLEL_EXECUTION=0 -DENABLE_QUERY_SPLIT=0 -DENABLE_SPECIFY_EST_STAT=0 -I/home/pei/Project/duckdb-polr/src/include -I/home/pei/Project/duckdb-polr/third_party/fsst -I/home/pei/Project/duckdb-polr/third_party/fmt/include -I/home/pei/Project/duckdb-polr/third_party/hyperloglog -I/home/pei/Project/duckdb-polr/third_party/fastpforlib -I/home/pei/Project/duckdb-polr/third_party/fast_float -I/home/pei/Project/duckdb-polr/third_party/re2 -I/home/pei/Project/duckdb-polr/third_party/miniz -I/home/pei/Project/duckdb-polr/third_party/utf8proc/include -I/home/pei/Project/duckdb-polr/third_party/miniparquet -I/home/pei/Project/duckdb-polr/third_party/concurrentqueue -I/home/pei/Project/duckdb-polr/third_party/pcg -I/home/pei/Project/duckdb-polr/third_party/tdigest -I/home/pei/Project/duckdb-polr/third_party/mbedtls/include -I/home/pei/Project/duckdb-polr/third_party/jaro_winkler -I/home/pei/Project/duckdb-polr/extension/parquet/include -I/home/pei/Project/duckdb-polr/extension/parquet/../../third_party/parquet -I/home/pei/Project/duckdb-polr/extension/parquet/../../third_party/snappy -I/home/pei/Project/duckdb-polr/extension/parquet/../../third_party/miniz -I/home/pei/Project/duckdb-polr/extension/parquet/../../third_party/thrift -I/home/pei/Project/duckdb-polr/extension/parquet/../../third_party/zstd/include -O3 -DNDEBUG -O3 -DNDEBUG   -fPIC -fdiagnostics-color=always -std=c++11 -MD -MT extension/parquet/CMakeFiles/parquet_extension.dir/__/__/third_party/zstd/common/error_private.cpp.o -MF extension/parquet/CMakeFiles/parquet_extension.dir/__/__/third_party/zstd/common/error_private.cpp.o.d -o extension/parquet/CMakeFiles/parquet_extension.dir/__/__/third_party/zstd/common/error_private.cpp.o -c /home/pei/Project/duckdb-polr/third_party/zstd/common/error_private.cpp
[153/376] /usr/bin/ccache /usr/lib/ccache/c++ -DDUCKDB_BUILD_LIBRARY -DENABLE_CROSS_PRODUCT_REWRITE=0 -DENABLE_DEBUG_PRINT=0 -DENABLE_MEASURE_EXE_TIME=0 -DENABLE_MERGE_BACK_PLAN=0 -DENABLE_PARALLEL_EXECUTION=0 -DENABLE_QUERY_SPLIT=0 -DENABLE_SPECIFY_EST_STAT=0 -I/home/pei/Project/duckdb-polr/src/include -I/home/pei/Project/duckdb-polr/third_party/fsst -I/home/pei/Project/duckdb-polr/third_party/fmt/include -I/home/pei/Project/duckdb-polr/third_party/hyperloglog -I/home/pei/Project/duckdb-polr/third_party/fastpforlib -I/home/pei/Project/duckdb-polr/third_party/fast_float -I/home/pei/Project/duckdb-polr/third_party/re2 -I/home/pei/Project/duckdb-polr/third_party/miniz -I/home/pei/Project/duckdb-polr/third_party/utf8proc/include -I/home/pei/Project/duckdb-polr/third_party/miniparquet -I/home/pei/Project/duckdb-polr/third_party/concurrentqueue -I/home/pei/Project/duckdb-polr/third_party/pcg -I/home/pei/Project/duckdb-polr/third_party/tdigest -I/home/pei/Project/duckdb-polr/third_party/mbedtls/include -I/home/pei/Project/duckdb-polr/third_party/jaro_winkler -I/home/pei/Project/duckdb-polr/extension/parquet/include -I/home/pei/Project/duckdb-polr/extension/parquet/../../third_party/parquet -I/home/pei/Project/duckdb-polr/extension/parquet/../../third_party/snappy -I/home/pei/Project/duckdb-polr/extension/parquet/../../third_party/miniz -I/home/pei/Project/duckdb-polr/extension/parquet/../../third_party/thrift -I/home/pei/Project/duckdb-polr/extension/parquet/../../third_party/zstd/include -O3 -DNDEBUG -O3 -DNDEBUG   -fPIC -fdiagnostics-color=always -std=c++11 -MD -MT extension/parquet/CMakeFiles/parquet_extension.dir/__/__/third_party/zstd/common/xxhash.cpp.o -MF extension/parquet/CMakeFiles/parquet_extension.dir/__/__/third_party/zstd/common/xxhash.cpp.o.d -o extension/parquet/CMakeFiles/parquet_extension.dir/__/__/third_party/zstd/common/xxhash.cpp.o -c /home/pei/Project/duckdb-polr/third_party/zstd/common/xxhash.cpp
[154/376] /usr/bin/ccache /usr/lib/ccache/c++ -DDUCKDB_BUILD_LIBRARY -DENABLE_CROSS_PRODUCT_REWRITE=0 -DENABLE_DEBUG_PRINT=0 -DENABLE_MEASURE_EXE_TIME=0 -DENABLE_MERGE_BACK_PLAN=0 -DENABLE_PARALLEL_EXECUTION=0 -DENABLE_QUERY_SPLIT=0 -DENABLE_SPECIFY_EST_STAT=0 -I/home/pei/Project/duckdb-polr/src/include -I/home/pei/Project/duckdb-polr/third_party/fsst -I/home/pei/Project/duckdb-polr/third_party/fmt/include -I/home/pei/Project/duckdb-polr/third_party/hyperloglog -I/home/pei/Project/duckdb-polr/third_party/fastpforlib -I/home/pei/Project/duckdb-polr/third_party/fast_float -I/home/pei/Project/duckdb-polr/third_party/re2 -I/home/pei/Project/duckdb-polr/third_party/miniz -I/home/pei/Project/duckdb-polr/third_party/utf8proc/include -I/home/pei/Project/duckdb-polr/third_party/miniparquet -I/home/pei/Project/duckdb-polr/third_party/concurrentqueue -I/home/pei/Project/duckdb-polr/third_party/pcg -I/home/pei/Project/duckdb-polr/third_party/tdigest -I/home/pei/Project/duckdb-polr/third_party/mbedtls/include -I/home/pei/Project/duckdb-polr/third_party/jaro_winkler -I/home/pei/Project/duckdb-polr/extension/parquet/include -I/home/pei/Project/duckdb-polr/extension/parquet/../../third_party/parquet -I/home/pei/Project/duckdb-polr/extension/parquet/../../third_party/snappy -I/home/pei/Project/duckdb-polr/extension/parquet/../../third_party/miniz -I/home/pei/Project/duckdb-polr/extension/parquet/../../third_party/thrift -I/home/pei/Project/duckdb-polr/extension/parquet/../../third_party/zstd/include -O3 -DNDEBUG -O3 -DNDEBUG   -fPIC -fdiagnostics-color=always -std=c++11 -MD -MT extension/parquet/CMakeFiles/parquet_extension.dir/__/__/third_party/zstd/compress/fse_compress.cpp.o -MF extension/parquet/CMakeFiles/parquet_extension.dir/__/__/third_party/zstd/compress/fse_compress.cpp.o.d -o extension/parquet/CMakeFiles/parquet_extension.dir/__/__/third_party/zstd/compress/fse_compress.cpp.o -c /home/pei/Project/duckdb-polr/third_party/zstd/compress/fse_compress.cpp
[155/376] /usr/bin/ccache /usr/lib/ccache/c++ -DDUCKDB_BUILD_LIBRARY -DENABLE_CROSS_PRODUCT_REWRITE=0 -DENABLE_DEBUG_PRINT=0 -DENABLE_MEASURE_EXE_TIME=0 -DENABLE_MERGE_BACK_PLAN=0 -DENABLE_PARALLEL_EXECUTION=0 -DENABLE_QUERY_SPLIT=0 -DENABLE_SPECIFY_EST_STAT=0 -I/home/pei/Project/duckdb-polr/src/include -I/home/pei/Project/duckdb-polr/third_party/fsst -I/home/pei/Project/duckdb-polr/third_party/fmt/include -I/home/pei/Project/duckdb-polr/third_party/hyperloglog -I/home/pei/Project/duckdb-polr/third_party/fastpforlib -I/home/pei/Project/duckdb-polr/third_party/fast_float -I/home/pei/Project/duckdb-polr/third_party/re2 -I/home/pei/Project/duckdb-polr/third_party/miniz -I/home/pei/Project/duckdb-polr/third_party/utf8proc/include -I/home/pei/Project/duckdb-polr/third_party/miniparquet -I/home/pei/Project/duckdb-polr/third_party/concurrentqueue -I/home/pei/Project/duckdb-polr/third_party/pcg -I/home/pei/Project/duckdb-polr/third_party/tdigest -I/home/pei/Project/duckdb-polr/third_party/mbedtls/include -I/home/pei/Project/duckdb-polr/third_party/jaro_winkler -I/home/pei/Project/duckdb-polr/extension/parquet/include -I/home/pei/Project/duckdb-polr/extension/parquet/../../third_party/parquet -I/home/pei/Project/duckdb-polr/extension/parquet/../../third_party/snappy -I/home/pei/Project/duckdb-polr/extension/parquet/../../third_party/miniz -I/home/pei/Project/duckdb-polr/extension/parquet/../../third_party/thrift -I/home/pei/Project/duckdb-polr/extension/parquet/../../third_party/zstd/include -O3 -DNDEBUG -O3 -DNDEBUG   -fPIC -fdiagnostics-color=always -std=c++11 -MD -MT extension/parquet/CMakeFiles/parquet_extension.dir/__/__/third_party/zstd/compress/hist.cpp.o -MF extension/parquet/CMakeFiles/parquet_extension.dir/__/__/third_party/zstd/compress/hist.cpp.o.d -o extension/parquet/CMakeFiles/parquet_extension.dir/__/__/third_party/zstd/compress/hist.cpp.o -c /home/pei/Project/duckdb-polr/third_party/zstd/compress/hist.cpp
[156/376] /usr/bin/ccache /usr/lib/ccache/c++ -DDUCKDB_BUILD_LIBRARY -DENABLE_CROSS_PRODUCT_REWRITE=0 -DENABLE_DEBUG_PRINT=0 -DENABLE_MEASURE_EXE_TIME=0 -DENABLE_MERGE_BACK_PLAN=0 -DENABLE_PARALLEL_EXECUTION=0 -DENABLE_QUERY_SPLIT=0 -DENABLE_SPECIFY_EST_STAT=0 -I/home/pei/Project/duckdb-polr/src/include -I/home/pei/Project/duckdb-polr/third_party/fsst -I/home/pei/Project/duckdb-polr/third_party/fmt/include -I/home/pei/Project/duckdb-polr/third_party/hyperloglog -I/home/pei/Project/duckdb-polr/third_party/fastpforlib -I/home/pei/Project/duckdb-polr/third_party/fast_float -I/home/pei/Project/duckdb-polr/third_party/re2 -I/home/pei/Project/duckdb-polr/third_party/miniz -I/home/pei/Project/duckdb-polr/third_party/utf8proc/include -I/home/pei/Project/duckdb-polr/third_party/miniparquet -I/home/pei/Project/duckdb-polr/third_party/concurrentqueue -I/home/pei/Project/duckdb-polr/third_party/pcg -I/home/pei/Project/duckdb-polr/third_party/tdigest -I/home/pei/Project/duckdb-polr/third_party/mbedtls/include -I/home/pei/Project/duckdb-polr/third_party/jaro_winkler -I/home/pei/Project/duckdb-polr/extension/parquet/include -I/home/pei/Project/duckdb-polr/extension/parquet/../../third_party/parquet -I/home/pei/Project/duckdb-polr/extension/parquet/../../third_party/snappy -I/home/pei/Project/duckdb-polr/extension/parquet/../../third_party/miniz -I/home/pei/Project/duckdb-polr/extension/parquet/../../third_party/thrift -I/home/pei/Project/duckdb-polr/extension/parquet/../../third_party/zstd/include -O3 -DNDEBUG -O3 -DNDEBUG   -fPIC -fdiagnostics-color=always -std=c++11 -MD -MT extension/parquet/CMakeFiles/parquet_extension.dir/__/__/third_party/zstd/compress/huf_compress.cpp.o -MF extension/parquet/CMakeFiles/parquet_extension.dir/__/__/third_party/zstd/compress/huf_compress.cpp.o.d -o extension/parquet/CMakeFiles/parquet_extension.dir/__/__/third_party/zstd/compress/huf_compress.cpp.o -c /home/pei/Project/duckdb-polr/third_party/zstd/compress/huf_compress.cpp
[157/376] /usr/bin/ccache /usr/lib/ccache/c++ -DDUCKDB_BUILD_LIBRARY -DENABLE_CROSS_PRODUCT_REWRITE=0 -DENABLE_DEBUG_PRINT=0 -DENABLE_MEASURE_EXE_TIME=0 -DENABLE_MERGE_BACK_PLAN=0 -DENABLE_PARALLEL_EXECUTION=0 -DENABLE_QUERY_SPLIT=0 -DENABLE_SPECIFY_EST_STAT=0 -I/home/pei/Project/duckdb-polr/src/include -I/home/pei/Project/duckdb-polr/third_party/fsst -I/home/pei/Project/duckdb-polr/third_party/fmt/include -I/home/pei/Project/duckdb-polr/third_party/hyperloglog -I/home/pei/Project/duckdb-polr/third_party/fastpforlib -I/home/pei/Project/duckdb-polr/third_party/fast_float -I/home/pei/Project/duckdb-polr/third_party/re2 -I/home/pei/Project/duckdb-polr/third_party/miniz -I/home/pei/Project/duckdb-polr/third_party/utf8proc/include -I/home/pei/Project/duckdb-polr/third_party/miniparquet -I/home/pei/Project/duckdb-polr/third_party/concurrentqueue -I/home/pei/Project/duckdb-polr/third_party/pcg -I/home/pei/Project/duckdb-polr/third_party/tdigest -I/home/pei/Project/duckdb-polr/third_party/mbedtls/include -I/home/pei/Project/duckdb-polr/third_party/jaro_winkler -I/home/pei/Project/duckdb-polr/extension/parquet/include -I/home/pei/Project/duckdb-polr/extension/parquet/../../third_party/parquet -I/home/pei/Project/duckdb-polr/extension/parquet/../../third_party/snappy -I/home/pei/Project/duckdb-polr/extension/parquet/../../third_party/miniz -I/home/pei/Project/duckdb-polr/extension/parquet/../../third_party/thrift -I/home/pei/Project/duckdb-polr/extension/parquet/../../third_party/zstd/include -O3 -DNDEBUG -O3 -DNDEBUG   -fPIC -fdiagnostics-color=always -std=c++11 -MD -MT extension/parquet/CMakeFiles/parquet_extension.dir/__/__/third_party/zstd/compress/zstd_compress.cpp.o -MF extension/parquet/CMakeFiles/parquet_extension.dir/__/__/third_party/zstd/compress/zstd_compress.cpp.o.d -o extension/parquet/CMakeFiles/parquet_extension.dir/__/__/third_party/zstd/compress/zstd_compress.cpp.o -c /home/pei/Project/duckdb-polr/third_party/zstd/compress/zstd_compress.cpp
[158/376] /usr/bin/ccache /usr/lib/ccache/c++ -DDUCKDB_BUILD_LIBRARY -DENABLE_CROSS_PRODUCT_REWRITE=0 -DENABLE_DEBUG_PRINT=0 -DENABLE_MEASURE_EXE_TIME=0 -DENABLE_MERGE_BACK_PLAN=0 -DENABLE_PARALLEL_EXECUTION=0 -DENABLE_QUERY_SPLIT=0 -DENABLE_SPECIFY_EST_STAT=0 -I/home/pei/Project/duckdb-polr/src/include -I/home/pei/Project/duckdb-polr/third_party/fsst -I/home/pei/Project/duckdb-polr/third_party/fmt/include -I/home/pei/Project/duckdb-polr/third_party/hyperloglog -I/home/pei/Project/duckdb-polr/third_party/fastpforlib -I/home/pei/Project/duckdb-polr/third_party/fast_float -I/home/pei/Project/duckdb-polr/third_party/re2 -I/home/pei/Project/duckdb-polr/third_party/miniz -I/home/pei/Project/duckdb-polr/third_party/utf8proc/include -I/home/pei/Project/duckdb-polr/third_party/miniparquet -I/home/pei/Project/duckdb-polr/third_party/concurrentqueue -I/home/pei/Project/duckdb-polr/third_party/pcg -I/home/pei/Project/duckdb-polr/third_party/tdigest -I/home/pei/Project/duckdb-polr/third_party/mbedtls/include -I/home/pei/Project/duckdb-polr/third_party/jaro_winkler -I/home/pei/Project/duckdb-polr/extension/parquet/include -I/home/pei/Project/duckdb-polr/extension/parquet/../../third_party/parquet -I/home/pei/Project/duckdb-polr/extension/parquet/../../third_party/snappy -I/home/pei/Project/duckdb-polr/extension/parquet/../../third_party/miniz -I/home/pei/Project/duckdb-polr/extension/parquet/../../third_party/thrift -I/home/pei/Project/duckdb-polr/extension/parquet/../../third_party/zstd/include -O3 -DNDEBUG -O3 -DNDEBUG   -fPIC -fdiagnostics-color=always -std=c++11 -MD -MT extension/parquet/CMakeFiles/parquet_extension.dir/__/__/third_party/zstd/compress/zstd_compress_literals.cpp.o -MF extension/parquet/CMakeFiles/parquet_extension.dir/__/__/third_party/zstd/compress/zstd_compress_literals.cpp.o.d -o extension/parquet/CMakeFiles/parquet_extension.dir/__/__/third_party/zstd/compress/zstd_compress_literals.cpp.o -c /home/pei/Project/duckdb-polr/third_party/zstd/compress/zstd_compress_literals.cpp
[159/376] /usr/bin/ccache /usr/lib/ccache/c++ -DDUCKDB_BUILD_LIBRARY -DENABLE_CROSS_PRODUCT_REWRITE=0 -DENABLE_DEBUG_PRINT=0 -DENABLE_MEASURE_EXE_TIME=0 -DENABLE_MERGE_BACK_PLAN=0 -DENABLE_PARALLEL_EXECUTION=0 -DENABLE_QUERY_SPLIT=0 -DENABLE_SPECIFY_EST_STAT=0 -I/home/pei/Project/duckdb-polr/src/include -I/home/pei/Project/duckdb-polr/third_party/fsst -I/home/pei/Project/duckdb-polr/third_party/fmt/include -I/home/pei/Project/duckdb-polr/third_party/hyperloglog -I/home/pei/Project/duckdb-polr/third_party/fastpforlib -I/home/pei/Project/duckdb-polr/third_party/fast_float -I/home/pei/Project/duckdb-polr/third_party/re2 -I/home/pei/Project/duckdb-polr/third_party/miniz -I/home/pei/Project/duckdb-polr/third_party/utf8proc/include -I/home/pei/Project/duckdb-polr/third_party/miniparquet -I/home/pei/Project/duckdb-polr/third_party/concurrentqueue -I/home/pei/Project/duckdb-polr/third_party/pcg -I/home/pei/Project/duckdb-polr/third_party/tdigest -I/home/pei/Project/duckdb-polr/third_party/mbedtls/include -I/home/pei/Project/duckdb-polr/third_party/jaro_winkler -I/home/pei/Project/duckdb-polr/extension/parquet/include -I/home/pei/Project/duckdb-polr/extension/parquet/../../third_party/parquet -I/home/pei/Project/duckdb-polr/extension/parquet/../../third_party/snappy -I/home/pei/Project/duckdb-polr/extension/parquet/../../third_party/miniz -I/home/pei/Project/duckdb-polr/extension/parquet/../../third_party/thrift -I/home/pei/Project/duckdb-polr/extension/parquet/../../third_party/zstd/include -O3 -DNDEBUG -O3 -DNDEBUG   -fPIC -fdiagnostics-color=always -std=c++11 -MD -MT extension/parquet/CMakeFiles/parquet_extension.dir/__/__/third_party/zstd/compress/zstd_compress_superblock.cpp.o -MF extension/parquet/CMakeFiles/parquet_extension.dir/__/__/third_party/zstd/compress/zstd_compress_superblock.cpp.o.d -o extension/parquet/CMakeFiles/parquet_extension.dir/__/__/third_party/zstd/compress/zstd_compress_superblock.cpp.o -c /home/pei/Project/duckdb-polr/third_party/zstd/compress/zstd_compress_superblock.cpp
[160/376] /usr/bin/ccache /usr/lib/ccache/c++ -DDUCKDB_BUILD_LIBRARY -DENABLE_CROSS_PRODUCT_REWRITE=0 -DENABLE_DEBUG_PRINT=0 -DENABLE_MEASURE_EXE_TIME=0 -DENABLE_MERGE_BACK_PLAN=0 -DENABLE_PARALLEL_EXECUTION=0 -DENABLE_QUERY_SPLIT=0 -DENABLE_SPECIFY_EST_STAT=0 -I/home/pei/Project/duckdb-polr/src/include -I/home/pei/Project/duckdb-polr/third_party/fsst -I/home/pei/Project/duckdb-polr/third_party/fmt/include -I/home/pei/Project/duckdb-polr/third_party/hyperloglog -I/home/pei/Project/duckdb-polr/third_party/fastpforlib -I/home/pei/Project/duckdb-polr/third_party/fast_float -I/home/pei/Project/duckdb-polr/third_party/re2 -I/home/pei/Project/duckdb-polr/third_party/miniz -I/home/pei/Project/duckdb-polr/third_party/utf8proc/include -I/home/pei/Project/duckdb-polr/third_party/miniparquet -I/home/pei/Project/duckdb-polr/third_party/concurrentqueue -I/home/pei/Project/duckdb-polr/third_party/pcg -I/home/pei/Project/duckdb-polr/third_party/tdigest -I/home/pei/Project/duckdb-polr/third_party/mbedtls/include -I/home/pei/Project/duckdb-polr/third_party/jaro_winkler -I/home/pei/Project/duckdb-polr/extension/parquet/include -I/home/pei/Project/duckdb-polr/extension/parquet/../../third_party/parquet -I/home/pei/Project/duckdb-polr/extension/parquet/../../third_party/snappy -I/home/pei/Project/duckdb-polr/extension/parquet/../../third_party/miniz -I/home/pei/Project/duckdb-polr/extension/parquet/../../third_party/thrift -I/home/pei/Project/duckdb-polr/extension/parquet/../../third_party/zstd/include -O3 -DNDEBUG -O3 -DNDEBUG   -fPIC -fdiagnostics-color=always -std=c++11 -MD -MT extension/parquet/CMakeFiles/parquet_extension.dir/__/__/third_party/zstd/compress/zstd_compress_sequences.cpp.o -MF extension/parquet/CMakeFiles/parquet_extension.dir/__/__/third_party/zstd/compress/zstd_compress_sequences.cpp.o.d -o extension/parquet/CMakeFiles/parquet_extension.dir/__/__/third_party/zstd/compress/zstd_compress_sequences.cpp.o -c /home/pei/Project/duckdb-polr/third_party/zstd/compress/zstd_compress_sequences.cpp
[161/376] /usr/bin/ccache /usr/lib/ccache/c++ -DDUCKDB_BUILD_LIBRARY -DENABLE_CROSS_PRODUCT_REWRITE=0 -DENABLE_DEBUG_PRINT=0 -DENABLE_MEASURE_EXE_TIME=0 -DENABLE_MERGE_BACK_PLAN=0 -DENABLE_PARALLEL_EXECUTION=0 -DENABLE_QUERY_SPLIT=0 -DENABLE_SPECIFY_EST_STAT=0 -I/home/pei/Project/duckdb-polr/src/include -I/home/pei/Project/duckdb-polr/third_party/fsst -I/home/pei/Project/duckdb-polr/third_party/fmt/include -I/home/pei/Project/duckdb-polr/third_party/hyperloglog -I/home/pei/Project/duckdb-polr/third_party/fastpforlib -I/home/pei/Project/duckdb-polr/third_party/fast_float -I/home/pei/Project/duckdb-polr/third_party/re2 -I/home/pei/Project/duckdb-polr/third_party/miniz -I/home/pei/Project/duckdb-polr/third_party/utf8proc/include -I/home/pei/Project/duckdb-polr/third_party/miniparquet -I/home/pei/Project/duckdb-polr/third_party/concurrentqueue -I/home/pei/Project/duckdb-polr/third_party/pcg -I/home/pei/Project/duckdb-polr/third_party/tdigest -I/home/pei/Project/duckdb-polr/third_party/mbedtls/include -I/home/pei/Project/duckdb-polr/third_party/jaro_winkler -I/home/pei/Project/duckdb-polr/extension/parquet/include -I/home/pei/Project/duckdb-polr/extension/parquet/../../third_party/parquet -I/home/pei/Project/duckdb-polr/extension/parquet/../../third_party/snappy -I/home/pei/Project/duckdb-polr/extension/parquet/../../third_party/miniz -I/home/pei/Project/duckdb-polr/extension/parquet/../../third_party/thrift -I/home/pei/Project/duckdb-polr/extension/parquet/../../third_party/zstd/include -O3 -DNDEBUG -O3 -DNDEBUG   -fPIC -fdiagnostics-color=always -std=c++11 -MD -MT extension/parquet/CMakeFiles/parquet_extension.dir/__/__/third_party/zstd/compress/zstd_double_fast.cpp.o -MF extension/parquet/CMakeFiles/parquet_extension.dir/__/__/third_party/zstd/compress/zstd_double_fast.cpp.o.d -o extension/parquet/CMakeFiles/parquet_extension.dir/__/__/third_party/zstd/compress/zstd_double_fast.cpp.o -c /home/pei/Project/duckdb-polr/third_party/zstd/compress/zstd_double_fast.cpp
[162/376] /usr/bin/ccache /usr/lib/ccache/c++ -DDUCKDB_BUILD_LIBRARY -DENABLE_CROSS_PRODUCT_REWRITE=0 -DENABLE_DEBUG_PRINT=0 -DENABLE_MEASURE_EXE_TIME=0 -DENABLE_MERGE_BACK_PLAN=0 -DENABLE_PARALLEL_EXECUTION=0 -DENABLE_QUERY_SPLIT=0 -DENABLE_SPECIFY_EST_STAT=0 -I/home/pei/Project/duckdb-polr/src/include -I/home/pei/Project/duckdb-polr/third_party/fsst -I/home/pei/Project/duckdb-polr/third_party/fmt/include -I/home/pei/Project/duckdb-polr/third_party/hyperloglog -I/home/pei/Project/duckdb-polr/third_party/fastpforlib -I/home/pei/Project/duckdb-polr/third_party/fast_float -I/home/pei/Project/duckdb-polr/third_party/re2 -I/home/pei/Project/duckdb-polr/third_party/miniz -I/home/pei/Project/duckdb-polr/third_party/utf8proc/include -I/home/pei/Project/duckdb-polr/third_party/miniparquet -I/home/pei/Project/duckdb-polr/third_party/concurrentqueue -I/home/pei/Project/duckdb-polr/third_party/pcg -I/home/pei/Project/duckdb-polr/third_party/tdigest -I/home/pei/Project/duckdb-polr/third_party/mbedtls/include -I/home/pei/Project/duckdb-polr/third_party/jaro_winkler -I/home/pei/Project/duckdb-polr/extension/parquet/include -I/home/pei/Project/duckdb-polr/extension/parquet/../../third_party/parquet -I/home/pei/Project/duckdb-polr/extension/parquet/../../third_party/snappy -I/home/pei/Project/duckdb-polr/extension/parquet/../../third_party/miniz -I/home/pei/Project/duckdb-polr/extension/parquet/../../third_party/thrift -I/home/pei/Project/duckdb-polr/extension/parquet/../../third_party/zstd/include -O3 -DNDEBUG -O3 -DNDEBUG   -fPIC -fdiagnostics-color=always -std=c++11 -MD -MT extension/parquet/CMakeFiles/parquet_extension.dir/__/__/third_party/zstd/compress/zstd_fast.cpp.o -MF extension/parquet/CMakeFiles/parquet_extension.dir/__/__/third_party/zstd/compress/zstd_fast.cpp.o.d -o extension/parquet/CMakeFiles/parquet_extension.dir/__/__/third_party/zstd/compress/zstd_fast.cpp.o -c /home/pei/Project/duckdb-polr/third_party/zstd/compress/zstd_fast.cpp
[163/376] /usr/bin/ccache /usr/lib/ccache/c++ -DDUCKDB_BUILD_LIBRARY -DENABLE_CROSS_PRODUCT_REWRITE=0 -DENABLE_DEBUG_PRINT=0 -DENABLE_MEASURE_EXE_TIME=0 -DENABLE_MERGE_BACK_PLAN=0 -DENABLE_PARALLEL_EXECUTION=0 -DENABLE_QUERY_SPLIT=0 -DENABLE_SPECIFY_EST_STAT=0 -I/home/pei/Project/duckdb-polr/src/include -I/home/pei/Project/duckdb-polr/third_party/fsst -I/home/pei/Project/duckdb-polr/third_party/fmt/include -I/home/pei/Project/duckdb-polr/third_party/hyperloglog -I/home/pei/Project/duckdb-polr/third_party/fastpforlib -I/home/pei/Project/duckdb-polr/third_party/fast_float -I/home/pei/Project/duckdb-polr/third_party/re2 -I/home/pei/Project/duckdb-polr/third_party/miniz -I/home/pei/Project/duckdb-polr/third_party/utf8proc/include -I/home/pei/Project/duckdb-polr/third_party/miniparquet -I/home/pei/Project/duckdb-polr/third_party/concurrentqueue -I/home/pei/Project/duckdb-polr/third_party/pcg -I/home/pei/Project/duckdb-polr/third_party/tdigest -I/home/pei/Project/duckdb-polr/third_party/mbedtls/include -I/home/pei/Project/duckdb-polr/third_party/jaro_winkler -I/home/pei/Project/duckdb-polr/extension/parquet/include -I/home/pei/Project/duckdb-polr/extension/parquet/../../third_party/parquet -I/home/pei/Project/duckdb-polr/extension/parquet/../../third_party/snappy -I/home/pei/Project/duckdb-polr/extension/parquet/../../third_party/miniz -I/home/pei/Project/duckdb-polr/extension/parquet/../../third_party/thrift -I/home/pei/Project/duckdb-polr/extension/parquet/../../third_party/zstd/include -O3 -DNDEBUG -O3 -DNDEBUG   -fPIC -fdiagnostics-color=always -std=c++11 -MD -MT extension/parquet/CMakeFiles/parquet_extension.dir/__/__/third_party/zstd/compress/zstd_lazy.cpp.o -MF extension/parquet/CMakeFiles/parquet_extension.dir/__/__/third_party/zstd/compress/zstd_lazy.cpp.o.d -o extension/parquet/CMakeFiles/parquet_extension.dir/__/__/third_party/zstd/compress/zstd_lazy.cpp.o -c /home/pei/Project/duckdb-polr/third_party/zstd/compress/zstd_lazy.cpp
[164/376] /usr/bin/ccache /usr/lib/ccache/c++ -DDUCKDB_BUILD_LIBRARY -DENABLE_CROSS_PRODUCT_REWRITE=0 -DENABLE_DEBUG_PRINT=0 -DENABLE_MEASURE_EXE_TIME=0 -DENABLE_MERGE_BACK_PLAN=0 -DENABLE_PARALLEL_EXECUTION=0 -DENABLE_QUERY_SPLIT=0 -DENABLE_SPECIFY_EST_STAT=0 -I/home/pei/Project/duckdb-polr/src/include -I/home/pei/Project/duckdb-polr/third_party/fsst -I/home/pei/Project/duckdb-polr/third_party/fmt/include -I/home/pei/Project/duckdb-polr/third_party/hyperloglog -I/home/pei/Project/duckdb-polr/third_party/fastpforlib -I/home/pei/Project/duckdb-polr/third_party/fast_float -I/home/pei/Project/duckdb-polr/third_party/re2 -I/home/pei/Project/duckdb-polr/third_party/miniz -I/home/pei/Project/duckdb-polr/third_party/utf8proc/include -I/home/pei/Project/duckdb-polr/third_party/miniparquet -I/home/pei/Project/duckdb-polr/third_party/concurrentqueue -I/home/pei/Project/duckdb-polr/third_party/pcg -I/home/pei/Project/duckdb-polr/third_party/tdigest -I/home/pei/Project/duckdb-polr/third_party/mbedtls/include -I/home/pei/Project/duckdb-polr/third_party/jaro_winkler -I/home/pei/Project/duckdb-polr/extension/parquet/include -I/home/pei/Project/duckdb-polr/extension/parquet/../../third_party/parquet -I/home/pei/Project/duckdb-polr/extension/parquet/../../third_party/snappy -I/home/pei/Project/duckdb-polr/extension/parquet/../../third_party/miniz -I/home/pei/Project/duckdb-polr/extension/parquet/../../third_party/thrift -I/home/pei/Project/duckdb-polr/extension/parquet/../../third_party/zstd/include -O3 -DNDEBUG -O3 -DNDEBUG   -fPIC -fdiagnostics-color=always -std=c++11 -MD -MT extension/parquet/CMakeFiles/parquet_extension.dir/__/__/third_party/zstd/compress/zstd_ldm.cpp.o -MF extension/parquet/CMakeFiles/parquet_extension.dir/__/__/third_party/zstd/compress/zstd_ldm.cpp.o.d -o extension/parquet/CMakeFiles/parquet_extension.dir/__/__/third_party/zstd/compress/zstd_ldm.cpp.o -c /home/pei/Project/duckdb-polr/third_party/zstd/compress/zstd_ldm.cpp
[165/376] /usr/bin/ccache /usr/lib/ccache/c++ -DDUCKDB_BUILD_LIBRARY -DENABLE_CROSS_PRODUCT_REWRITE=0 -DENABLE_DEBUG_PRINT=0 -DENABLE_MEASURE_EXE_TIME=0 -DENABLE_MERGE_BACK_PLAN=0 -DENABLE_PARALLEL_EXECUTION=0 -DENABLE_QUERY_SPLIT=0 -DENABLE_SPECIFY_EST_STAT=0 -I/home/pei/Project/duckdb-polr/src/include -I/home/pei/Project/duckdb-polr/third_party/fsst -I/home/pei/Project/duckdb-polr/third_party/fmt/include -I/home/pei/Project/duckdb-polr/third_party/hyperloglog -I/home/pei/Project/duckdb-polr/third_party/fastpforlib -I/home/pei/Project/duckdb-polr/third_party/fast_float -I/home/pei/Project/duckdb-polr/third_party/re2 -I/home/pei/Project/duckdb-polr/third_party/miniz -I/home/pei/Project/duckdb-polr/third_party/utf8proc/include -I/home/pei/Project/duckdb-polr/third_party/miniparquet -I/home/pei/Project/duckdb-polr/third_party/concurrentqueue -I/home/pei/Project/duckdb-polr/third_party/pcg -I/home/pei/Project/duckdb-polr/third_party/tdigest -I/home/pei/Project/duckdb-polr/third_party/mbedtls/include -I/home/pei/Project/duckdb-polr/third_party/jaro_winkler -I/home/pei/Project/duckdb-polr/extension/parquet/include -I/home/pei/Project/duckdb-polr/extension/parquet/../../third_party/parquet -I/home/pei/Project/duckdb-polr/extension/parquet/../../third_party/snappy -I/home/pei/Project/duckdb-polr/extension/parquet/../../third_party/miniz -I/home/pei/Project/duckdb-polr/extension/parquet/../../third_party/thrift -I/home/pei/Project/duckdb-polr/extension/parquet/../../third_party/zstd/include -O3 -DNDEBUG -O3 -DNDEBUG   -fPIC -fdiagnostics-color=always -std=c++11 -MD -MT extension/parquet/CMakeFiles/parquet_extension.dir/__/__/third_party/zstd/compress/zstd_opt.cpp.o -MF extension/parquet/CMakeFiles/parquet_extension.dir/__/__/third_party/zstd/compress/zstd_opt.cpp.o.d -o extension/parquet/CMakeFiles/parquet_extension.dir/__/__/third_party/zstd/compress/zstd_opt.cpp.o -c /home/pei/Project/duckdb-polr/third_party/zstd/compress/zstd_opt.cpp
[166/376] /usr/bin/ccache /usr/lib/ccache/c++ -DDUCKDB_BUILD_LIBRARY -DDUCKDB_BUILD_LOADABLE_EXTENSION -DENABLE_CROSS_PRODUCT_REWRITE=0 -DENABLE_DEBUG_PRINT=0 -DENABLE_MEASURE_EXE_TIME=0 -DENABLE_MERGE_BACK_PLAN=0 -DENABLE_PARALLEL_EXECUTION=0 -DENABLE_QUERY_SPLIT=0 -DENABLE_SPECIFY_EST_STAT=0 -I/home/pei/Project/duckdb-polr/src/include -I/home/pei/Project/duckdb-polr/third_party/fsst -I/home/pei/Project/duckdb-polr/third_party/fmt/include -I/home/pei/Project/duckdb-polr/third_party/hyperloglog -I/home/pei/Project/duckdb-polr/third_party/fastpforlib -I/home/pei/Project/duckdb-polr/third_party/fast_float -I/home/pei/Project/duckdb-polr/third_party/re2 -I/home/pei/Project/duckdb-polr/third_party/miniz -I/home/pei/Project/duckdb-polr/third_party/utf8proc/include -I/home/pei/Project/duckdb-polr/third_party/miniparquet -I/home/pei/Project/duckdb-polr/third_party/concurrentqueue -I/home/pei/Project/duckdb-polr/third_party/pcg -I/home/pei/Project/duckdb-polr/third_party/tdigest -I/home/pei/Project/duckdb-polr/third_party/mbedtls/include -I/home/pei/Project/duckdb-polr/third_party/jaro_winkler -I/home/pei/Project/duckdb-polr/extension/parquet/include -I/home/pei/Project/duckdb-polr/extension/parquet/../../third_party/parquet -I/home/pei/Project/duckdb-polr/extension/parquet/../../third_party/snappy -I/home/pei/Project/duckdb-polr/extension/parquet/../../third_party/miniz -I/home/pei/Project/duckdb-polr/extension/parquet/../../third_party/thrift -I/home/pei/Project/duckdb-polr/extension/parquet/../../third_party/zstd/include -O3 -DNDEBUG -O3 -DNDEBUG   -fPIC -fdiagnostics-color=always -std=c++11 -MD -MT extension/parquet/CMakeFiles/parquet_loadable_extension.dir/column_writer.cpp.o -MF extension/parquet/CMakeFiles/parquet_loadable_extension.dir/column_writer.cpp.o.d -o extension/parquet/CMakeFiles/parquet_loadable_extension.dir/column_writer.cpp.o -c /home/pei/Project/duckdb-polr/extension/parquet/column_writer.cpp
[167/376] /usr/bin/ccache /usr/lib/ccache/c++ -DDUCKDB_BUILD_LIBRARY -DDUCKDB_BUILD_LOADABLE_EXTENSION -DENABLE_CROSS_PRODUCT_REWRITE=0 -DENABLE_DEBUG_PRINT=0 -DENABLE_MEASURE_EXE_TIME=0 -DENABLE_MERGE_BACK_PLAN=0 -DENABLE_PARALLEL_EXECUTION=0 -DENABLE_QUERY_SPLIT=0 -DENABLE_SPECIFY_EST_STAT=0 -I/home/pei/Project/duckdb-polr/src/include -I/home/pei/Project/duckdb-polr/third_party/fsst -I/home/pei/Project/duckdb-polr/third_party/fmt/include -I/home/pei/Project/duckdb-polr/third_party/hyperloglog -I/home/pei/Project/duckdb-polr/third_party/fastpforlib -I/home/pei/Project/duckdb-polr/third_party/fast_float -I/home/pei/Project/duckdb-polr/third_party/re2 -I/home/pei/Project/duckdb-polr/third_party/miniz -I/home/pei/Project/duckdb-polr/third_party/utf8proc/include -I/home/pei/Project/duckdb-polr/third_party/miniparquet -I/home/pei/Project/duckdb-polr/third_party/concurrentqueue -I/home/pei/Project/duckdb-polr/third_party/pcg -I/home/pei/Project/duckdb-polr/third_party/tdigest -I/home/pei/Project/duckdb-polr/third_party/mbedtls/include -I/home/pei/Project/duckdb-polr/third_party/jaro_winkler -I/home/pei/Project/duckdb-polr/extension/parquet/include -I/home/pei/Project/duckdb-polr/extension/parquet/../../third_party/parquet -I/home/pei/Project/duckdb-polr/extension/parquet/../../third_party/snappy -I/home/pei/Project/duckdb-polr/extension/parquet/../../third_party/miniz -I/home/pei/Project/duckdb-polr/extension/parquet/../../third_party/thrift -I/home/pei/Project/duckdb-polr/extension/parquet/../../third_party/zstd/include -O3 -DNDEBUG -O3 -DNDEBUG   -fPIC -fdiagnostics-color=always -std=c++11 -MD -MT extension/parquet/CMakeFiles/parquet_loadable_extension.dir/parquet_metadata.cpp.o -MF extension/parquet/CMakeFiles/parquet_loadable_extension.dir/parquet_metadata.cpp.o.d -o extension/parquet/CMakeFiles/parquet_loadable_extension.dir/parquet_metadata.cpp.o -c /home/pei/Project/duckdb-polr/extension/parquet/parquet_metadata.cpp
[168/376] /usr/bin/ccache /usr/lib/ccache/c++ -DDUCKDB_BUILD_LIBRARY -DDUCKDB_BUILD_LOADABLE_EXTENSION -DENABLE_CROSS_PRODUCT_REWRITE=0 -DENABLE_DEBUG_PRINT=0 -DENABLE_MEASURE_EXE_TIME=0 -DENABLE_MERGE_BACK_PLAN=0 -DENABLE_PARALLEL_EXECUTION=0 -DENABLE_QUERY_SPLIT=0 -DENABLE_SPECIFY_EST_STAT=0 -I/home/pei/Project/duckdb-polr/src/include -I/home/pei/Project/duckdb-polr/third_party/fsst -I/home/pei/Project/duckdb-polr/third_party/fmt/include -I/home/pei/Project/duckdb-polr/third_party/hyperloglog -I/home/pei/Project/duckdb-polr/third_party/fastpforlib -I/home/pei/Project/duckdb-polr/third_party/fast_float -I/home/pei/Project/duckdb-polr/third_party/re2 -I/home/pei/Project/duckdb-polr/third_party/miniz -I/home/pei/Project/duckdb-polr/third_party/utf8proc/include -I/home/pei/Project/duckdb-polr/third_party/miniparquet -I/home/pei/Project/duckdb-polr/third_party/concurrentqueue -I/home/pei/Project/duckdb-polr/third_party/pcg -I/home/pei/Project/duckdb-polr/third_party/tdigest -I/home/pei/Project/duckdb-polr/third_party/mbedtls/include -I/home/pei/Project/duckdb-polr/third_party/jaro_winkler -I/home/pei/Project/duckdb-polr/extension/parquet/include -I/home/pei/Project/duckdb-polr/extension/parquet/../../third_party/parquet -I/home/pei/Project/duckdb-polr/extension/parquet/../../third_party/snappy -I/home/pei/Project/duckdb-polr/extension/parquet/../../third_party/miniz -I/home/pei/Project/duckdb-polr/extension/parquet/../../third_party/thrift -I/home/pei/Project/duckdb-polr/extension/parquet/../../third_party/zstd/include -O3 -DNDEBUG -O3 -DNDEBUG   -fPIC -fdiagnostics-color=always -std=c++11 -MD -MT extension/parquet/CMakeFiles/parquet_loadable_extension.dir/parquet_timestamp.cpp.o -MF extension/parquet/CMakeFiles/parquet_loadable_extension.dir/parquet_timestamp.cpp.o.d -o extension/parquet/CMakeFiles/parquet_loadable_extension.dir/parquet_timestamp.cpp.o -c /home/pei/Project/duckdb-polr/extension/parquet/parquet_timestamp.cpp
[169/376] /usr/bin/ccache /usr/lib/ccache/c++ -DDUCKDB_BUILD_LIBRARY -DDUCKDB_BUILD_LOADABLE_EXTENSION -DENABLE_CROSS_PRODUCT_REWRITE=0 -DENABLE_DEBUG_PRINT=0 -DENABLE_MEASURE_EXE_TIME=0 -DENABLE_MERGE_BACK_PLAN=0 -DENABLE_PARALLEL_EXECUTION=0 -DENABLE_QUERY_SPLIT=0 -DENABLE_SPECIFY_EST_STAT=0 -I/home/pei/Project/duckdb-polr/src/include -I/home/pei/Project/duckdb-polr/third_party/fsst -I/home/pei/Project/duckdb-polr/third_party/fmt/include -I/home/pei/Project/duckdb-polr/third_party/hyperloglog -I/home/pei/Project/duckdb-polr/third_party/fastpforlib -I/home/pei/Project/duckdb-polr/third_party/fast_float -I/home/pei/Project/duckdb-polr/third_party/re2 -I/home/pei/Project/duckdb-polr/third_party/miniz -I/home/pei/Project/duckdb-polr/third_party/utf8proc/include -I/home/pei/Project/duckdb-polr/third_party/miniparquet -I/home/pei/Project/duckdb-polr/third_party/concurrentqueue -I/home/pei/Project/duckdb-polr/third_party/pcg -I/home/pei/Project/duckdb-polr/third_party/tdigest -I/home/pei/Project/duckdb-polr/third_party/mbedtls/include -I/home/pei/Project/duckdb-polr/third_party/jaro_winkler -I/home/pei/Project/duckdb-polr/extension/parquet/include -I/home/pei/Project/duckdb-polr/extension/parquet/../../third_party/parquet -I/home/pei/Project/duckdb-polr/extension/parquet/../../third_party/snappy -I/home/pei/Project/duckdb-polr/extension/parquet/../../third_party/miniz -I/home/pei/Project/duckdb-polr/extension/parquet/../../third_party/thrift -I/home/pei/Project/duckdb-polr/extension/parquet/../../third_party/zstd/include -O3 -DNDEBUG -O3 -DNDEBUG   -fPIC -fdiagnostics-color=always -std=c++11 -MD -MT extension/parquet/CMakeFiles/parquet_loadable_extension.dir/parquet-extension.cpp.o -MF extension/parquet/CMakeFiles/parquet_loadable_extension.dir/parquet-extension.cpp.o.d -o extension/parquet/CMakeFiles/parquet_loadable_extension.dir/parquet-extension.cpp.o -c /home/pei/Project/duckdb-polr/extension/parquet/parquet-extension.cpp
[170/376] /usr/bin/ccache /usr/lib/ccache/c++ -DDUCKDB_BUILD_LIBRARY -DDUCKDB_BUILD_LOADABLE_EXTENSION -DENABLE_CROSS_PRODUCT_REWRITE=0 -DENABLE_DEBUG_PRINT=0 -DENABLE_MEASURE_EXE_TIME=0 -DENABLE_MERGE_BACK_PLAN=0 -DENABLE_PARALLEL_EXECUTION=0 -DENABLE_QUERY_SPLIT=0 -DENABLE_SPECIFY_EST_STAT=0 -I/home/pei/Project/duckdb-polr/src/include -I/home/pei/Project/duckdb-polr/third_party/fsst -I/home/pei/Project/duckdb-polr/third_party/fmt/include -I/home/pei/Project/duckdb-polr/third_party/hyperloglog -I/home/pei/Project/duckdb-polr/third_party/fastpforlib -I/home/pei/Project/duckdb-polr/third_party/fast_float -I/home/pei/Project/duckdb-polr/third_party/re2 -I/home/pei/Project/duckdb-polr/third_party/miniz -I/home/pei/Project/duckdb-polr/third_party/utf8proc/include -I/home/pei/Project/duckdb-polr/third_party/miniparquet -I/home/pei/Project/duckdb-polr/third_party/concurrentqueue -I/home/pei/Project/duckdb-polr/third_party/pcg -I/home/pei/Project/duckdb-polr/third_party/tdigest -I/home/pei/Project/duckdb-polr/third_party/mbedtls/include -I/home/pei/Project/duckdb-polr/third_party/jaro_winkler -I/home/pei/Project/duckdb-polr/extension/parquet/include -I/home/pei/Project/duckdb-polr/extension/parquet/../../third_party/parquet -I/home/pei/Project/duckdb-polr/extension/parquet/../../third_party/snappy -I/home/pei/Project/duckdb-polr/extension/parquet/../../third_party/miniz -I/home/pei/Project/duckdb-polr/extension/parquet/../../third_party/thrift -I/home/pei/Project/duckdb-polr/extension/parquet/../../third_party/zstd/include -O3 -DNDEBUG -O3 -DNDEBUG   -fPIC -fdiagnostics-color=always -std=c++11 -MD -MT extension/parquet/CMakeFiles/parquet_loadable_extension.dir/parquet_reader.cpp.o -MF extension/parquet/CMakeFiles/parquet_loadable_extension.dir/parquet_reader.cpp.o.d -o extension/parquet/CMakeFiles/parquet_loadable_extension.dir/parquet_reader.cpp.o -c /home/pei/Project/duckdb-polr/extension/parquet/parquet_reader.cpp
[171/376] /usr/bin/ccache /usr/lib/ccache/c++ -DDUCKDB_BUILD_LIBRARY -DDUCKDB_BUILD_LOADABLE_EXTENSION -DENABLE_CROSS_PRODUCT_REWRITE=0 -DENABLE_DEBUG_PRINT=0 -DENABLE_MEASURE_EXE_TIME=0 -DENABLE_MERGE_BACK_PLAN=0 -DENABLE_PARALLEL_EXECUTION=0 -DENABLE_QUERY_SPLIT=0 -DENABLE_SPECIFY_EST_STAT=0 -I/home/pei/Project/duckdb-polr/src/include -I/home/pei/Project/duckdb-polr/third_party/fsst -I/home/pei/Project/duckdb-polr/third_party/fmt/include -I/home/pei/Project/duckdb-polr/third_party/hyperloglog -I/home/pei/Project/duckdb-polr/third_party/fastpforlib -I/home/pei/Project/duckdb-polr/third_party/fast_float -I/home/pei/Project/duckdb-polr/third_party/re2 -I/home/pei/Project/duckdb-polr/third_party/miniz -I/home/pei/Project/duckdb-polr/third_party/utf8proc/include -I/home/pei/Project/duckdb-polr/third_party/miniparquet -I/home/pei/Project/duckdb-polr/third_party/concurrentqueue -I/home/pei/Project/duckdb-polr/third_party/pcg -I/home/pei/Project/duckdb-polr/third_party/tdigest -I/home/pei/Project/duckdb-polr/third_party/mbedtls/include -I/home/pei/Project/duckdb-polr/third_party/jaro_winkler -I/home/pei/Project/duckdb-polr/extension/parquet/include -I/home/pei/Project/duckdb-polr/extension/parquet/../../third_party/parquet -I/home/pei/Project/duckdb-polr/extension/parquet/../../third_party/snappy -I/home/pei/Project/duckdb-polr/extension/parquet/../../third_party/miniz -I/home/pei/Project/duckdb-polr/extension/parquet/../../third_party/thrift -I/home/pei/Project/duckdb-polr/extension/parquet/../../third_party/zstd/include -O3 -DNDEBUG -O3 -DNDEBUG   -fPIC -fdiagnostics-color=always -std=c++11 -MD -MT extension/parquet/CMakeFiles/parquet_loadable_extension.dir/parquet_writer.cpp.o -MF extension/parquet/CMakeFiles/parquet_loadable_extension.dir/parquet_writer.cpp.o.d -o extension/parquet/CMakeFiles/parquet_loadable_extension.dir/parquet_writer.cpp.o -c /home/pei/Project/duckdb-polr/extension/parquet/parquet_writer.cpp
[172/376] /usr/bin/ccache /usr/lib/ccache/c++ -DDUCKDB_BUILD_LIBRARY -DDUCKDB_BUILD_LOADABLE_EXTENSION -DENABLE_CROSS_PRODUCT_REWRITE=0 -DENABLE_DEBUG_PRINT=0 -DENABLE_MEASURE_EXE_TIME=0 -DENABLE_MERGE_BACK_PLAN=0 -DENABLE_PARALLEL_EXECUTION=0 -DENABLE_QUERY_SPLIT=0 -DENABLE_SPECIFY_EST_STAT=0 -I/home/pei/Project/duckdb-polr/src/include -I/home/pei/Project/duckdb-polr/third_party/fsst -I/home/pei/Project/duckdb-polr/third_party/fmt/include -I/home/pei/Project/duckdb-polr/third_party/hyperloglog -I/home/pei/Project/duckdb-polr/third_party/fastpforlib -I/home/pei/Project/duckdb-polr/third_party/fast_float -I/home/pei/Project/duckdb-polr/third_party/re2 -I/home/pei/Project/duckdb-polr/third_party/miniz -I/home/pei/Project/duckdb-polr/third_party/utf8proc/include -I/home/pei/Project/duckdb-polr/third_party/miniparquet -I/home/pei/Project/duckdb-polr/third_party/concurrentqueue -I/home/pei/Project/duckdb-polr/third_party/pcg -I/home/pei/Project/duckdb-polr/third_party/tdigest -I/home/pei/Project/duckdb-polr/third_party/mbedtls/include -I/home/pei/Project/duckdb-polr/third_party/jaro_winkler -I/home/pei/Project/duckdb-polr/extension/parquet/include -I/home/pei/Project/duckdb-polr/extension/parquet/../../third_party/parquet -I/home/pei/Project/duckdb-polr/extension/parquet/../../third_party/snappy -I/home/pei/Project/duckdb-polr/extension/parquet/../../third_party/miniz -I/home/pei/Project/duckdb-polr/extension/parquet/../../third_party/thrift -I/home/pei/Project/duckdb-polr/extension/parquet/../../third_party/zstd/include -O3 -DNDEBUG -O3 -DNDEBUG   -fPIC -fdiagnostics-color=always -std=c++11 -MD -MT extension/parquet/CMakeFiles/parquet_loadable_extension.dir/parquet_statistics.cpp.o -MF extension/parquet/CMakeFiles/parquet_loadable_extension.dir/parquet_statistics.cpp.o.d -o extension/parquet/CMakeFiles/parquet_loadable_extension.dir/parquet_statistics.cpp.o -c /home/pei/Project/duckdb-polr/extension/parquet/parquet_statistics.cpp
[173/376] /usr/bin/ccache /usr/lib/ccache/c++ -DDUCKDB_BUILD_LIBRARY -DDUCKDB_BUILD_LOADABLE_EXTENSION -DENABLE_CROSS_PRODUCT_REWRITE=0 -DENABLE_DEBUG_PRINT=0 -DENABLE_MEASURE_EXE_TIME=0 -DENABLE_MERGE_BACK_PLAN=0 -DENABLE_PARALLEL_EXECUTION=0 -DENABLE_QUERY_SPLIT=0 -DENABLE_SPECIFY_EST_STAT=0 -I/home/pei/Project/duckdb-polr/src/include -I/home/pei/Project/duckdb-polr/third_party/fsst -I/home/pei/Project/duckdb-polr/third_party/fmt/include -I/home/pei/Project/duckdb-polr/third_party/hyperloglog -I/home/pei/Project/duckdb-polr/third_party/fastpforlib -I/home/pei/Project/duckdb-polr/third_party/fast_float -I/home/pei/Project/duckdb-polr/third_party/re2 -I/home/pei/Project/duckdb-polr/third_party/miniz -I/home/pei/Project/duckdb-polr/third_party/utf8proc/include -I/home/pei/Project/duckdb-polr/third_party/miniparquet -I/home/pei/Project/duckdb-polr/third_party/concurrentqueue -I/home/pei/Project/duckdb-polr/third_party/pcg -I/home/pei/Project/duckdb-polr/third_party/tdigest -I/home/pei/Project/duckdb-polr/third_party/mbedtls/include -I/home/pei/Project/duckdb-polr/third_party/jaro_winkler -I/home/pei/Project/duckdb-polr/extension/parquet/include -I/home/pei/Project/duckdb-polr/extension/parquet/../../third_party/parquet -I/home/pei/Project/duckdb-polr/extension/parquet/../../third_party/snappy -I/home/pei/Project/duckdb-polr/extension/parquet/../../third_party/miniz -I/home/pei/Project/duckdb-polr/extension/parquet/../../third_party/thrift -I/home/pei/Project/duckdb-polr/extension/parquet/../../third_party/zstd/include -O3 -DNDEBUG -O3 -DNDEBUG   -fPIC -fdiagnostics-color=always -std=c++11 -MD -MT extension/parquet/CMakeFiles/parquet_loadable_extension.dir/zstd_file_system.cpp.o -MF extension/parquet/CMakeFiles/parquet_loadable_extension.dir/zstd_file_system.cpp.o.d -o extension/parquet/CMakeFiles/parquet_loadable_extension.dir/zstd_file_system.cpp.o -c /home/pei/Project/duckdb-polr/extension/parquet/zstd_file_system.cpp
[174/376] /usr/bin/ccache /usr/lib/ccache/c++ -DDUCKDB_BUILD_LIBRARY -DDUCKDB_BUILD_LOADABLE_EXTENSION -DENABLE_CROSS_PRODUCT_REWRITE=0 -DENABLE_DEBUG_PRINT=0 -DENABLE_MEASURE_EXE_TIME=0 -DENABLE_MERGE_BACK_PLAN=0 -DENABLE_PARALLEL_EXECUTION=0 -DENABLE_QUERY_SPLIT=0 -DENABLE_SPECIFY_EST_STAT=0 -I/home/pei/Project/duckdb-polr/src/include -I/home/pei/Project/duckdb-polr/third_party/fsst -I/home/pei/Project/duckdb-polr/third_party/fmt/include -I/home/pei/Project/duckdb-polr/third_party/hyperloglog -I/home/pei/Project/duckdb-polr/third_party/fastpforlib -I/home/pei/Project/duckdb-polr/third_party/fast_float -I/home/pei/Project/duckdb-polr/third_party/re2 -I/home/pei/Project/duckdb-polr/third_party/miniz -I/home/pei/Project/duckdb-polr/third_party/utf8proc/include -I/home/pei/Project/duckdb-polr/third_party/miniparquet -I/home/pei/Project/duckdb-polr/third_party/concurrentqueue -I/home/pei/Project/duckdb-polr/third_party/pcg -I/home/pei/Project/duckdb-polr/third_party/tdigest -I/home/pei/Project/duckdb-polr/third_party/mbedtls/include -I/home/pei/Project/duckdb-polr/third_party/jaro_winkler -I/home/pei/Project/duckdb-polr/extension/parquet/include -I/home/pei/Project/duckdb-polr/extension/parquet/../../third_party/parquet -I/home/pei/Project/duckdb-polr/extension/parquet/../../third_party/snappy -I/home/pei/Project/duckdb-polr/extension/parquet/../../third_party/miniz -I/home/pei/Project/duckdb-polr/extension/parquet/../../third_party/thrift -I/home/pei/Project/duckdb-polr/extension/parquet/../../third_party/zstd/include -O3 -DNDEBUG -O3 -DNDEBUG   -fPIC -fdiagnostics-color=always -std=c++11 -MD -MT extension/parquet/CMakeFiles/parquet_loadable_extension.dir/__/__/third_party/parquet/parquet_constants.cpp.o -MF extension/parquet/CMakeFiles/parquet_loadable_extension.dir/__/__/third_party/parquet/parquet_constants.cpp.o.d -o extension/parquet/CMakeFiles/parquet_loadable_extension.dir/__/__/third_party/parquet/parquet_constants.cpp.o -c /home/pei/Project/duckdb-polr/third_party/parquet/parquet_constants.cpp
[175/376] /usr/bin/ccache /usr/lib/ccache/c++ -DDUCKDB_BUILD_LIBRARY -DDUCKDB_BUILD_LOADABLE_EXTENSION -DENABLE_CROSS_PRODUCT_REWRITE=0 -DENABLE_DEBUG_PRINT=0 -DENABLE_MEASURE_EXE_TIME=0 -DENABLE_MERGE_BACK_PLAN=0 -DENABLE_PARALLEL_EXECUTION=0 -DENABLE_QUERY_SPLIT=0 -DENABLE_SPECIFY_EST_STAT=0 -I/home/pei/Project/duckdb-polr/src/include -I/home/pei/Project/duckdb-polr/third_party/fsst -I/home/pei/Project/duckdb-polr/third_party/fmt/include -I/home/pei/Project/duckdb-polr/third_party/hyperloglog -I/home/pei/Project/duckdb-polr/third_party/fastpforlib -I/home/pei/Project/duckdb-polr/third_party/fast_float -I/home/pei/Project/duckdb-polr/third_party/re2 -I/home/pei/Project/duckdb-polr/third_party/miniz -I/home/pei/Project/duckdb-polr/third_party/utf8proc/include -I/home/pei/Project/duckdb-polr/third_party/miniparquet -I/home/pei/Project/duckdb-polr/third_party/concurrentqueue -I/home/pei/Project/duckdb-polr/third_party/pcg -I/home/pei/Project/duckdb-polr/third_party/tdigest -I/home/pei/Project/duckdb-polr/third_party/mbedtls/include -I/home/pei/Project/duckdb-polr/third_party/jaro_winkler -I/home/pei/Project/duckdb-polr/extension/parquet/include -I/home/pei/Project/duckdb-polr/extension/parquet/../../third_party/parquet -I/home/pei/Project/duckdb-polr/extension/parquet/../../third_party/snappy -I/home/pei/Project/duckdb-polr/extension/parquet/../../third_party/miniz -I/home/pei/Project/duckdb-polr/extension/parquet/../../third_party/thrift -I/home/pei/Project/duckdb-polr/extension/parquet/../../third_party/zstd/include -O3 -DNDEBUG -O3 -DNDEBUG   -fPIC -fdiagnostics-color=always -std=c++11 -MD -MT extension/parquet/CMakeFiles/parquet_loadable_extension.dir/__/__/third_party/thrift/thrift/transport/TTransportException.cpp.o -MF extension/parquet/CMakeFiles/parquet_loadable_extension.dir/__/__/third_party/thrift/thrift/transport/TTransportException.cpp.o.d -o extension/parquet/CMakeFiles/parquet_loadable_extension.dir/__/__/third_party/thrift/thrift/transport/TTransportException.cpp.o -c /home/pei/Project/duckdb-polr/third_party/thrift/thrift/transport/TTransportException.cpp
[176/376] /usr/bin/ccache /usr/lib/ccache/c++ -DDUCKDB_BUILD_LIBRARY -DDUCKDB_BUILD_LOADABLE_EXTENSION -DENABLE_CROSS_PRODUCT_REWRITE=0 -DENABLE_DEBUG_PRINT=0 -DENABLE_MEASURE_EXE_TIME=0 -DENABLE_MERGE_BACK_PLAN=0 -DENABLE_PARALLEL_EXECUTION=0 -DENABLE_QUERY_SPLIT=0 -DENABLE_SPECIFY_EST_STAT=0 -I/home/pei/Project/duckdb-polr/src/include -I/home/pei/Project/duckdb-polr/third_party/fsst -I/home/pei/Project/duckdb-polr/third_party/fmt/include -I/home/pei/Project/duckdb-polr/third_party/hyperloglog -I/home/pei/Project/duckdb-polr/third_party/fastpforlib -I/home/pei/Project/duckdb-polr/third_party/fast_float -I/home/pei/Project/duckdb-polr/third_party/re2 -I/home/pei/Project/duckdb-polr/third_party/miniz -I/home/pei/Project/duckdb-polr/third_party/utf8proc/include -I/home/pei/Project/duckdb-polr/third_party/miniparquet -I/home/pei/Project/duckdb-polr/third_party/concurrentqueue -I/home/pei/Project/duckdb-polr/third_party/pcg -I/home/pei/Project/duckdb-polr/third_party/tdigest -I/home/pei/Project/duckdb-polr/third_party/mbedtls/include -I/home/pei/Project/duckdb-polr/third_party/jaro_winkler -I/home/pei/Project/duckdb-polr/extension/parquet/include -I/home/pei/Project/duckdb-polr/extension/parquet/../../third_party/parquet -I/home/pei/Project/duckdb-polr/extension/parquet/../../third_party/snappy -I/home/pei/Project/duckdb-polr/extension/parquet/../../third_party/miniz -I/home/pei/Project/duckdb-polr/extension/parquet/../../third_party/thrift -I/home/pei/Project/duckdb-polr/extension/parquet/../../third_party/zstd/include -O3 -DNDEBUG -O3 -DNDEBUG   -fPIC -fdiagnostics-color=always -std=c++11 -MD -MT extension/parquet/CMakeFiles/parquet_loadable_extension.dir/column_reader.cpp.o -MF extension/parquet/CMakeFiles/parquet_loadable_extension.dir/column_reader.cpp.o.d -o extension/parquet/CMakeFiles/parquet_loadable_extension.dir/column_reader.cpp.o -c /home/pei/Project/duckdb-polr/extension/parquet/column_reader.cpp
[177/376] /usr/bin/ccache /usr/lib/ccache/c++ -DDUCKDB_BUILD_LIBRARY -DDUCKDB_BUILD_LOADABLE_EXTENSION -DENABLE_CROSS_PRODUCT_REWRITE=0 -DENABLE_DEBUG_PRINT=0 -DENABLE_MEASURE_EXE_TIME=0 -DENABLE_MERGE_BACK_PLAN=0 -DENABLE_PARALLEL_EXECUTION=0 -DENABLE_QUERY_SPLIT=0 -DENABLE_SPECIFY_EST_STAT=0 -I/home/pei/Project/duckdb-polr/src/include -I/home/pei/Project/duckdb-polr/third_party/fsst -I/home/pei/Project/duckdb-polr/third_party/fmt/include -I/home/pei/Project/duckdb-polr/third_party/hyperloglog -I/home/pei/Project/duckdb-polr/third_party/fastpforlib -I/home/pei/Project/duckdb-polr/third_party/fast_float -I/home/pei/Project/duckdb-polr/third_party/re2 -I/home/pei/Project/duckdb-polr/third_party/miniz -I/home/pei/Project/duckdb-polr/third_party/utf8proc/include -I/home/pei/Project/duckdb-polr/third_party/miniparquet -I/home/pei/Project/duckdb-polr/third_party/concurrentqueue -I/home/pei/Project/duckdb-polr/third_party/pcg -I/home/pei/Project/duckdb-polr/third_party/tdigest -I/home/pei/Project/duckdb-polr/third_party/mbedtls/include -I/home/pei/Project/duckdb-polr/third_party/jaro_winkler -I/home/pei/Project/duckdb-polr/extension/parquet/include -I/home/pei/Project/duckdb-polr/extension/parquet/../../third_party/parquet -I/home/pei/Project/duckdb-polr/extension/parquet/../../third_party/snappy -I/home/pei/Project/duckdb-polr/extension/parquet/../../third_party/miniz -I/home/pei/Project/duckdb-polr/extension/parquet/../../third_party/thrift -I/home/pei/Project/duckdb-polr/extension/parquet/../../third_party/zstd/include -O3 -DNDEBUG -O3 -DNDEBUG   -fPIC -fdiagnostics-color=always -std=c++11 -MD -MT extension/parquet/CMakeFiles/parquet_loadable_extension.dir/__/__/third_party/snappy/snappy-sinksource.cc.o -MF extension/parquet/CMakeFiles/parquet_loadable_extension.dir/__/__/third_party/snappy/snappy-sinksource.cc.o.d -o extension/parquet/CMakeFiles/parquet_loadable_extension.dir/__/__/third_party/snappy/snappy-sinksource.cc.o -c /home/pei/Project/duckdb-polr/third_party/snappy/snappy-sinksource.cc
[178/376] /usr/bin/ccache /usr/lib/ccache/c++ -DDUCKDB_BUILD_LIBRARY -DDUCKDB_BUILD_LOADABLE_EXTENSION -DENABLE_CROSS_PRODUCT_REWRITE=0 -DENABLE_DEBUG_PRINT=0 -DENABLE_MEASURE_EXE_TIME=0 -DENABLE_MERGE_BACK_PLAN=0 -DENABLE_PARALLEL_EXECUTION=0 -DENABLE_QUERY_SPLIT=0 -DENABLE_SPECIFY_EST_STAT=0 -I/home/pei/Project/duckdb-polr/src/include -I/home/pei/Project/duckdb-polr/third_party/fsst -I/home/pei/Project/duckdb-polr/third_party/fmt/include -I/home/pei/Project/duckdb-polr/third_party/hyperloglog -I/home/pei/Project/duckdb-polr/third_party/fastpforlib -I/home/pei/Project/duckdb-polr/third_party/fast_float -I/home/pei/Project/duckdb-polr/third_party/re2 -I/home/pei/Project/duckdb-polr/third_party/miniz -I/home/pei/Project/duckdb-polr/third_party/utf8proc/include -I/home/pei/Project/duckdb-polr/third_party/miniparquet -I/home/pei/Project/duckdb-polr/third_party/concurrentqueue -I/home/pei/Project/duckdb-polr/third_party/pcg -I/home/pei/Project/duckdb-polr/third_party/tdigest -I/home/pei/Project/duckdb-polr/third_party/mbedtls/include -I/home/pei/Project/duckdb-polr/third_party/jaro_winkler -I/home/pei/Project/duckdb-polr/extension/parquet/include -I/home/pei/Project/duckdb-polr/extension/parquet/../../third_party/parquet -I/home/pei/Project/duckdb-polr/extension/parquet/../../third_party/snappy -I/home/pei/Project/duckdb-polr/extension/parquet/../../third_party/miniz -I/home/pei/Project/duckdb-polr/extension/parquet/../../third_party/thrift -I/home/pei/Project/duckdb-polr/extension/parquet/../../third_party/zstd/include -O3 -DNDEBUG -O3 -DNDEBUG   -fPIC -fdiagnostics-color=always -std=c++11 -MD -MT extension/parquet/CMakeFiles/parquet_loadable_extension.dir/__/__/third_party/thrift/thrift/protocol/TProtocol.cpp.o -MF extension/parquet/CMakeFiles/parquet_loadable_extension.dir/__/__/third_party/thrift/thrift/protocol/TProtocol.cpp.o.d -o extension/parquet/CMakeFiles/parquet_loadable_extension.dir/__/__/third_party/thrift/thrift/protocol/TProtocol.cpp.o -c /home/pei/Project/duckdb-polr/third_party/thrift/thrift/protocol/TProtocol.cpp
[179/376] /usr/bin/ccache /usr/lib/ccache/c++ -DDUCKDB_BUILD_LIBRARY -DDUCKDB_BUILD_LOADABLE_EXTENSION -DENABLE_CROSS_PRODUCT_REWRITE=0 -DENABLE_DEBUG_PRINT=0 -DENABLE_MEASURE_EXE_TIME=0 -DENABLE_MERGE_BACK_PLAN=0 -DENABLE_PARALLEL_EXECUTION=0 -DENABLE_QUERY_SPLIT=0 -DENABLE_SPECIFY_EST_STAT=0 -I/home/pei/Project/duckdb-polr/src/include -I/home/pei/Project/duckdb-polr/third_party/fsst -I/home/pei/Project/duckdb-polr/third_party/fmt/include -I/home/pei/Project/duckdb-polr/third_party/hyperloglog -I/home/pei/Project/duckdb-polr/third_party/fastpforlib -I/home/pei/Project/duckdb-polr/third_party/fast_float -I/home/pei/Project/duckdb-polr/third_party/re2 -I/home/pei/Project/duckdb-polr/third_party/miniz -I/home/pei/Project/duckdb-polr/third_party/utf8proc/include -I/home/pei/Project/duckdb-polr/third_party/miniparquet -I/home/pei/Project/duckdb-polr/third_party/concurrentqueue -I/home/pei/Project/duckdb-polr/third_party/pcg -I/home/pei/Project/duckdb-polr/third_party/tdigest -I/home/pei/Project/duckdb-polr/third_party/mbedtls/include -I/home/pei/Project/duckdb-polr/third_party/jaro_winkler -I/home/pei/Project/duckdb-polr/extension/parquet/include -I/home/pei/Project/duckdb-polr/extension/parquet/../../third_party/parquet -I/home/pei/Project/duckdb-polr/extension/parquet/../../third_party/snappy -I/home/pei/Project/duckdb-polr/extension/parquet/../../third_party/miniz -I/home/pei/Project/duckdb-polr/extension/parquet/../../third_party/thrift -I/home/pei/Project/duckdb-polr/extension/parquet/../../third_party/zstd/include -O3 -DNDEBUG -O3 -DNDEBUG   -fPIC -fdiagnostics-color=always -std=c++11 -MD -MT extension/parquet/CMakeFiles/parquet_loadable_extension.dir/__/__/third_party/zstd/decompress/zstd_ddict.cpp.o -MF extension/parquet/CMakeFiles/parquet_loadable_extension.dir/__/__/third_party/zstd/decompress/zstd_ddict.cpp.o.d -o extension/parquet/CMakeFiles/parquet_loadable_extension.dir/__/__/third_party/zstd/decompress/zstd_ddict.cpp.o -c /home/pei/Project/duckdb-polr/third_party/zstd/decompress/zstd_ddict.cpp
[180/376] /usr/bin/ccache /usr/lib/ccache/c++ -DDUCKDB_BUILD_LIBRARY -DDUCKDB_BUILD_LOADABLE_EXTENSION -DENABLE_CROSS_PRODUCT_REWRITE=0 -DENABLE_DEBUG_PRINT=0 -DENABLE_MEASURE_EXE_TIME=0 -DENABLE_MERGE_BACK_PLAN=0 -DENABLE_PARALLEL_EXECUTION=0 -DENABLE_QUERY_SPLIT=0 -DENABLE_SPECIFY_EST_STAT=0 -I/home/pei/Project/duckdb-polr/src/include -I/home/pei/Project/duckdb-polr/third_party/fsst -I/home/pei/Project/duckdb-polr/third_party/fmt/include -I/home/pei/Project/duckdb-polr/third_party/hyperloglog -I/home/pei/Project/duckdb-polr/third_party/fastpforlib -I/home/pei/Project/duckdb-polr/third_party/fast_float -I/home/pei/Project/duckdb-polr/third_party/re2 -I/home/pei/Project/duckdb-polr/third_party/miniz -I/home/pei/Project/duckdb-polr/third_party/utf8proc/include -I/home/pei/Project/duckdb-polr/third_party/miniparquet -I/home/pei/Project/duckdb-polr/third_party/concurrentqueue -I/home/pei/Project/duckdb-polr/third_party/pcg -I/home/pei/Project/duckdb-polr/third_party/tdigest -I/home/pei/Project/duckdb-polr/third_party/mbedtls/include -I/home/pei/Project/duckdb-polr/third_party/jaro_winkler -I/home/pei/Project/duckdb-polr/extension/parquet/include -I/home/pei/Project/duckdb-polr/extension/parquet/../../third_party/parquet -I/home/pei/Project/duckdb-polr/extension/parquet/../../third_party/snappy -I/home/pei/Project/duckdb-polr/extension/parquet/../../third_party/miniz -I/home/pei/Project/duckdb-polr/extension/parquet/../../third_party/thrift -I/home/pei/Project/duckdb-polr/extension/parquet/../../third_party/zstd/include -O3 -DNDEBUG -O3 -DNDEBUG   -fPIC -fdiagnostics-color=always -std=c++11 -MD -MT extension/parquet/CMakeFiles/parquet_loadable_extension.dir/__/__/third_party/thrift/thrift/transport/TBufferTransports.cpp.o -MF extension/parquet/CMakeFiles/parquet_loadable_extension.dir/__/__/third_party/thrift/thrift/transport/TBufferTransports.cpp.o.d -o extension/parquet/CMakeFiles/parquet_loadable_extension.dir/__/__/third_party/thrift/thrift/transport/TBufferTransports.cpp.o -c /home/pei/Project/duckdb-polr/third_party/thrift/thrift/transport/TBufferTransports.cpp
[181/376] /usr/bin/ccache /usr/lib/ccache/c++ -DDUCKDB_BUILD_LIBRARY -DDUCKDB_BUILD_LOADABLE_EXTENSION -DENABLE_CROSS_PRODUCT_REWRITE=0 -DENABLE_DEBUG_PRINT=0 -DENABLE_MEASURE_EXE_TIME=0 -DENABLE_MERGE_BACK_PLAN=0 -DENABLE_PARALLEL_EXECUTION=0 -DENABLE_QUERY_SPLIT=0 -DENABLE_SPECIFY_EST_STAT=0 -I/home/pei/Project/duckdb-polr/src/include -I/home/pei/Project/duckdb-polr/third_party/fsst -I/home/pei/Project/duckdb-polr/third_party/fmt/include -I/home/pei/Project/duckdb-polr/third_party/hyperloglog -I/home/pei/Project/duckdb-polr/third_party/fastpforlib -I/home/pei/Project/duckdb-polr/third_party/fast_float -I/home/pei/Project/duckdb-polr/third_party/re2 -I/home/pei/Project/duckdb-polr/third_party/miniz -I/home/pei/Project/duckdb-polr/third_party/utf8proc/include -I/home/pei/Project/duckdb-polr/third_party/miniparquet -I/home/pei/Project/duckdb-polr/third_party/concurrentqueue -I/home/pei/Project/duckdb-polr/third_party/pcg -I/home/pei/Project/duckdb-polr/third_party/tdigest -I/home/pei/Project/duckdb-polr/third_party/mbedtls/include -I/home/pei/Project/duckdb-polr/third_party/jaro_winkler -I/home/pei/Project/duckdb-polr/extension/parquet/include -I/home/pei/Project/duckdb-polr/extension/parquet/../../third_party/parquet -I/home/pei/Project/duckdb-polr/extension/parquet/../../third_party/snappy -I/home/pei/Project/duckdb-polr/extension/parquet/../../third_party/miniz -I/home/pei/Project/duckdb-polr/extension/parquet/../../third_party/thrift -I/home/pei/Project/duckdb-polr/extension/parquet/../../third_party/zstd/include -O3 -DNDEBUG -O3 -DNDEBUG   -fPIC -fdiagnostics-color=always -std=c++11 -MD -MT extension/parquet/CMakeFiles/parquet_loadable_extension.dir/__/__/third_party/snappy/snappy.cc.o -MF extension/parquet/CMakeFiles/parquet_loadable_extension.dir/__/__/third_party/snappy/snappy.cc.o.d -o extension/parquet/CMakeFiles/parquet_loadable_extension.dir/__/__/third_party/snappy/snappy.cc.o -c /home/pei/Project/duckdb-polr/third_party/snappy/snappy.cc
[182/376] /usr/bin/ccache /usr/lib/ccache/c++ -DDUCKDB_BUILD_LIBRARY -DDUCKDB_BUILD_LOADABLE_EXTENSION -DENABLE_CROSS_PRODUCT_REWRITE=0 -DENABLE_DEBUG_PRINT=0 -DENABLE_MEASURE_EXE_TIME=0 -DENABLE_MERGE_BACK_PLAN=0 -DENABLE_PARALLEL_EXECUTION=0 -DENABLE_QUERY_SPLIT=0 -DENABLE_SPECIFY_EST_STAT=0 -I/home/pei/Project/duckdb-polr/src/include -I/home/pei/Project/duckdb-polr/third_party/fsst -I/home/pei/Project/duckdb-polr/third_party/fmt/include -I/home/pei/Project/duckdb-polr/third_party/hyperloglog -I/home/pei/Project/duckdb-polr/third_party/fastpforlib -I/home/pei/Project/duckdb-polr/third_party/fast_float -I/home/pei/Project/duckdb-polr/third_party/re2 -I/home/pei/Project/duckdb-polr/third_party/miniz -I/home/pei/Project/duckdb-polr/third_party/utf8proc/include -I/home/pei/Project/duckdb-polr/third_party/miniparquet -I/home/pei/Project/duckdb-polr/third_party/concurrentqueue -I/home/pei/Project/duckdb-polr/third_party/pcg -I/home/pei/Project/duckdb-polr/third_party/tdigest -I/home/pei/Project/duckdb-polr/third_party/mbedtls/include -I/home/pei/Project/duckdb-polr/third_party/jaro_winkler -I/home/pei/Project/duckdb-polr/extension/parquet/include -I/home/pei/Project/duckdb-polr/extension/parquet/../../third_party/parquet -I/home/pei/Project/duckdb-polr/extension/parquet/../../third_party/snappy -I/home/pei/Project/duckdb-polr/extension/parquet/../../third_party/miniz -I/home/pei/Project/duckdb-polr/extension/parquet/../../third_party/thrift -I/home/pei/Project/duckdb-polr/extension/parquet/../../third_party/zstd/include -O3 -DNDEBUG -O3 -DNDEBUG   -fPIC -fdiagnostics-color=always -std=c++11 -MD -MT extension/parquet/CMakeFiles/parquet_loadable_extension.dir/__/__/third_party/zstd/decompress/huf_decompress.cpp.o -MF extension/parquet/CMakeFiles/parquet_loadable_extension.dir/__/__/third_party/zstd/decompress/huf_decompress.cpp.o.d -o extension/parquet/CMakeFiles/parquet_loadable_extension.dir/__/__/third_party/zstd/decompress/huf_decompress.cpp.o -c /home/pei/Project/duckdb-polr/third_party/zstd/decompress/huf_decompress.cpp
[183/376] /usr/bin/ccache /usr/lib/ccache/c++ -DDUCKDB_BUILD_LIBRARY -DDUCKDB_BUILD_LOADABLE_EXTENSION -DENABLE_CROSS_PRODUCT_REWRITE=0 -DENABLE_DEBUG_PRINT=0 -DENABLE_MEASURE_EXE_TIME=0 -DENABLE_MERGE_BACK_PLAN=0 -DENABLE_PARALLEL_EXECUTION=0 -DENABLE_QUERY_SPLIT=0 -DENABLE_SPECIFY_EST_STAT=0 -I/home/pei/Project/duckdb-polr/src/include -I/home/pei/Project/duckdb-polr/third_party/fsst -I/home/pei/Project/duckdb-polr/third_party/fmt/include -I/home/pei/Project/duckdb-polr/third_party/hyperloglog -I/home/pei/Project/duckdb-polr/third_party/fastpforlib -I/home/pei/Project/duckdb-polr/third_party/fast_float -I/home/pei/Project/duckdb-polr/third_party/re2 -I/home/pei/Project/duckdb-polr/third_party/miniz -I/home/pei/Project/duckdb-polr/third_party/utf8proc/include -I/home/pei/Project/duckdb-polr/third_party/miniparquet -I/home/pei/Project/duckdb-polr/third_party/concurrentqueue -I/home/pei/Project/duckdb-polr/third_party/pcg -I/home/pei/Project/duckdb-polr/third_party/tdigest -I/home/pei/Project/duckdb-polr/third_party/mbedtls/include -I/home/pei/Project/duckdb-polr/third_party/jaro_winkler -I/home/pei/Project/duckdb-polr/extension/parquet/include -I/home/pei/Project/duckdb-polr/extension/parquet/../../third_party/parquet -I/home/pei/Project/duckdb-polr/extension/parquet/../../third_party/snappy -I/home/pei/Project/duckdb-polr/extension/parquet/../../third_party/miniz -I/home/pei/Project/duckdb-polr/extension/parquet/../../third_party/thrift -I/home/pei/Project/duckdb-polr/extension/parquet/../../third_party/zstd/include -O3 -DNDEBUG -O3 -DNDEBUG   -fPIC -fdiagnostics-color=always -std=c++11 -MD -MT extension/parquet/CMakeFiles/parquet_loadable_extension.dir/__/__/third_party/zstd/common/entropy_common.cpp.o -MF extension/parquet/CMakeFiles/parquet_loadable_extension.dir/__/__/third_party/zstd/common/entropy_common.cpp.o.d -o extension/parquet/CMakeFiles/parquet_loadable_extension.dir/__/__/third_party/zstd/common/entropy_common.cpp.o -c /home/pei/Project/duckdb-polr/third_party/zstd/common/entropy_common.cpp
[184/376] /usr/bin/ccache /usr/lib/ccache/c++ -DDUCKDB_BUILD_LIBRARY -DDUCKDB_BUILD_LOADABLE_EXTENSION -DENABLE_CROSS_PRODUCT_REWRITE=0 -DENABLE_DEBUG_PRINT=0 -DENABLE_MEASURE_EXE_TIME=0 -DENABLE_MERGE_BACK_PLAN=0 -DENABLE_PARALLEL_EXECUTION=0 -DENABLE_QUERY_SPLIT=0 -DENABLE_SPECIFY_EST_STAT=0 -I/home/pei/Project/duckdb-polr/src/include -I/home/pei/Project/duckdb-polr/third_party/fsst -I/home/pei/Project/duckdb-polr/third_party/fmt/include -I/home/pei/Project/duckdb-polr/third_party/hyperloglog -I/home/pei/Project/duckdb-polr/third_party/fastpforlib -I/home/pei/Project/duckdb-polr/third_party/fast_float -I/home/pei/Project/duckdb-polr/third_party/re2 -I/home/pei/Project/duckdb-polr/third_party/miniz -I/home/pei/Project/duckdb-polr/third_party/utf8proc/include -I/home/pei/Project/duckdb-polr/third_party/miniparquet -I/home/pei/Project/duckdb-polr/third_party/concurrentqueue -I/home/pei/Project/duckdb-polr/third_party/pcg -I/home/pei/Project/duckdb-polr/third_party/tdigest -I/home/pei/Project/duckdb-polr/third_party/mbedtls/include -I/home/pei/Project/duckdb-polr/third_party/jaro_winkler -I/home/pei/Project/duckdb-polr/extension/parquet/include -I/home/pei/Project/duckdb-polr/extension/parquet/../../third_party/parquet -I/home/pei/Project/duckdb-polr/extension/parquet/../../third_party/snappy -I/home/pei/Project/duckdb-polr/extension/parquet/../../third_party/miniz -I/home/pei/Project/duckdb-polr/extension/parquet/../../third_party/thrift -I/home/pei/Project/duckdb-polr/extension/parquet/../../third_party/zstd/include -O3 -DNDEBUG -O3 -DNDEBUG   -fPIC -fdiagnostics-color=always -std=c++11 -MD -MT extension/parquet/CMakeFiles/parquet_loadable_extension.dir/__/__/third_party/zstd/common/fse_decompress.cpp.o -MF extension/parquet/CMakeFiles/parquet_loadable_extension.dir/__/__/third_party/zstd/common/fse_decompress.cpp.o.d -o extension/parquet/CMakeFiles/parquet_loadable_extension.dir/__/__/third_party/zstd/common/fse_decompress.cpp.o -c /home/pei/Project/duckdb-polr/third_party/zstd/common/fse_decompress.cpp
[185/376] /usr/bin/ccache /usr/lib/ccache/c++ -DDUCKDB_BUILD_LIBRARY -DDUCKDB_BUILD_LOADABLE_EXTENSION -DENABLE_CROSS_PRODUCT_REWRITE=0 -DENABLE_DEBUG_PRINT=0 -DENABLE_MEASURE_EXE_TIME=0 -DENABLE_MERGE_BACK_PLAN=0 -DENABLE_PARALLEL_EXECUTION=0 -DENABLE_QUERY_SPLIT=0 -DENABLE_SPECIFY_EST_STAT=0 -I/home/pei/Project/duckdb-polr/src/include -I/home/pei/Project/duckdb-polr/third_party/fsst -I/home/pei/Project/duckdb-polr/third_party/fmt/include -I/home/pei/Project/duckdb-polr/third_party/hyperloglog -I/home/pei/Project/duckdb-polr/third_party/fastpforlib -I/home/pei/Project/duckdb-polr/third_party/fast_float -I/home/pei/Project/duckdb-polr/third_party/re2 -I/home/pei/Project/duckdb-polr/third_party/miniz -I/home/pei/Project/duckdb-polr/third_party/utf8proc/include -I/home/pei/Project/duckdb-polr/third_party/miniparquet -I/home/pei/Project/duckdb-polr/third_party/concurrentqueue -I/home/pei/Project/duckdb-polr/third_party/pcg -I/home/pei/Project/duckdb-polr/third_party/tdigest -I/home/pei/Project/duckdb-polr/third_party/mbedtls/include -I/home/pei/Project/duckdb-polr/third_party/jaro_winkler -I/home/pei/Project/duckdb-polr/extension/parquet/include -I/home/pei/Project/duckdb-polr/extension/parquet/../../third_party/parquet -I/home/pei/Project/duckdb-polr/extension/parquet/../../third_party/snappy -I/home/pei/Project/duckdb-polr/extension/parquet/../../third_party/miniz -I/home/pei/Project/duckdb-polr/extension/parquet/../../third_party/thrift -I/home/pei/Project/duckdb-polr/extension/parquet/../../third_party/zstd/include -O3 -DNDEBUG -O3 -DNDEBUG   -fPIC -fdiagnostics-color=always -std=c++11 -MD -MT extension/parquet/CMakeFiles/parquet_loadable_extension.dir/__/__/third_party/zstd/decompress/zstd_decompress.cpp.o -MF extension/parquet/CMakeFiles/parquet_loadable_extension.dir/__/__/third_party/zstd/decompress/zstd_decompress.cpp.o.d -o extension/parquet/CMakeFiles/parquet_loadable_extension.dir/__/__/third_party/zstd/decompress/zstd_decompress.cpp.o -c /home/pei/Project/duckdb-polr/third_party/zstd/decompress/zstd_decompress.cpp
[186/376] /usr/bin/ccache /usr/lib/ccache/c++ -DDUCKDB_BUILD_LIBRARY -DDUCKDB_BUILD_LOADABLE_EXTENSION -DENABLE_CROSS_PRODUCT_REWRITE=0 -DENABLE_DEBUG_PRINT=0 -DENABLE_MEASURE_EXE_TIME=0 -DENABLE_MERGE_BACK_PLAN=0 -DENABLE_PARALLEL_EXECUTION=0 -DENABLE_QUERY_SPLIT=0 -DENABLE_SPECIFY_EST_STAT=0 -I/home/pei/Project/duckdb-polr/src/include -I/home/pei/Project/duckdb-polr/third_party/fsst -I/home/pei/Project/duckdb-polr/third_party/fmt/include -I/home/pei/Project/duckdb-polr/third_party/hyperloglog -I/home/pei/Project/duckdb-polr/third_party/fastpforlib -I/home/pei/Project/duckdb-polr/third_party/fast_float -I/home/pei/Project/duckdb-polr/third_party/re2 -I/home/pei/Project/duckdb-polr/third_party/miniz -I/home/pei/Project/duckdb-polr/third_party/utf8proc/include -I/home/pei/Project/duckdb-polr/third_party/miniparquet -I/home/pei/Project/duckdb-polr/third_party/concurrentqueue -I/home/pei/Project/duckdb-polr/third_party/pcg -I/home/pei/Project/duckdb-polr/third_party/tdigest -I/home/pei/Project/duckdb-polr/third_party/mbedtls/include -I/home/pei/Project/duckdb-polr/third_party/jaro_winkler -I/home/pei/Project/duckdb-polr/extension/parquet/include -I/home/pei/Project/duckdb-polr/extension/parquet/../../third_party/parquet -I/home/pei/Project/duckdb-polr/extension/parquet/../../third_party/snappy -I/home/pei/Project/duckdb-polr/extension/parquet/../../third_party/miniz -I/home/pei/Project/duckdb-polr/extension/parquet/../../third_party/thrift -I/home/pei/Project/duckdb-polr/extension/parquet/../../third_party/zstd/include -O3 -DNDEBUG -O3 -DNDEBUG   -fPIC -fdiagnostics-color=always -std=c++11 -MD -MT extension/parquet/CMakeFiles/parquet_loadable_extension.dir/__/__/third_party/zstd/common/error_private.cpp.o -MF extension/parquet/CMakeFiles/parquet_loadable_extension.dir/__/__/third_party/zstd/common/error_private.cpp.o.d -o extension/parquet/CMakeFiles/parquet_loadable_extension.dir/__/__/third_party/zstd/common/error_private.cpp.o -c /home/pei/Project/duckdb-polr/third_party/zstd/common/error_private.cpp
[187/376] /usr/bin/ccache /usr/lib/ccache/c++ -DDUCKDB_BUILD_LIBRARY -DDUCKDB_BUILD_LOADABLE_EXTENSION -DENABLE_CROSS_PRODUCT_REWRITE=0 -DENABLE_DEBUG_PRINT=0 -DENABLE_MEASURE_EXE_TIME=0 -DENABLE_MERGE_BACK_PLAN=0 -DENABLE_PARALLEL_EXECUTION=0 -DENABLE_QUERY_SPLIT=0 -DENABLE_SPECIFY_EST_STAT=0 -I/home/pei/Project/duckdb-polr/src/include -I/home/pei/Project/duckdb-polr/third_party/fsst -I/home/pei/Project/duckdb-polr/third_party/fmt/include -I/home/pei/Project/duckdb-polr/third_party/hyperloglog -I/home/pei/Project/duckdb-polr/third_party/fastpforlib -I/home/pei/Project/duckdb-polr/third_party/fast_float -I/home/pei/Project/duckdb-polr/third_party/re2 -I/home/pei/Project/duckdb-polr/third_party/miniz -I/home/pei/Project/duckdb-polr/third_party/utf8proc/include -I/home/pei/Project/duckdb-polr/third_party/miniparquet -I/home/pei/Project/duckdb-polr/third_party/concurrentqueue -I/home/pei/Project/duckdb-polr/third_party/pcg -I/home/pei/Project/duckdb-polr/third_party/tdigest -I/home/pei/Project/duckdb-polr/third_party/mbedtls/include -I/home/pei/Project/duckdb-polr/third_party/jaro_winkler -I/home/pei/Project/duckdb-polr/extension/parquet/include -I/home/pei/Project/duckdb-polr/extension/parquet/../../third_party/parquet -I/home/pei/Project/duckdb-polr/extension/parquet/../../third_party/snappy -I/home/pei/Project/duckdb-polr/extension/parquet/../../third_party/miniz -I/home/pei/Project/duckdb-polr/extension/parquet/../../third_party/thrift -I/home/pei/Project/duckdb-polr/extension/parquet/../../third_party/zstd/include -O3 -DNDEBUG -O3 -DNDEBUG   -fPIC -fdiagnostics-color=always -std=c++11 -MD -MT extension/parquet/CMakeFiles/parquet_loadable_extension.dir/__/__/third_party/zstd/decompress/zstd_decompress_block.cpp.o -MF extension/parquet/CMakeFiles/parquet_loadable_extension.dir/__/__/third_party/zstd/decompress/zstd_decompress_block.cpp.o.d -o extension/parquet/CMakeFiles/parquet_loadable_extension.dir/__/__/third_party/zstd/decompress/zstd_decompress_block.cpp.o -c /home/pei/Project/duckdb-polr/third_party/zstd/decompress/zstd_decompress_block.cpp
[188/376] /usr/bin/ccache /usr/lib/ccache/c++ -DDUCKDB_BUILD_LIBRARY -DDUCKDB_BUILD_LOADABLE_EXTENSION -DENABLE_CROSS_PRODUCT_REWRITE=0 -DENABLE_DEBUG_PRINT=0 -DENABLE_MEASURE_EXE_TIME=0 -DENABLE_MERGE_BACK_PLAN=0 -DENABLE_PARALLEL_EXECUTION=0 -DENABLE_QUERY_SPLIT=0 -DENABLE_SPECIFY_EST_STAT=0 -I/home/pei/Project/duckdb-polr/src/include -I/home/pei/Project/duckdb-polr/third_party/fsst -I/home/pei/Project/duckdb-polr/third_party/fmt/include -I/home/pei/Project/duckdb-polr/third_party/hyperloglog -I/home/pei/Project/duckdb-polr/third_party/fastpforlib -I/home/pei/Project/duckdb-polr/third_party/fast_float -I/home/pei/Project/duckdb-polr/third_party/re2 -I/home/pei/Project/duckdb-polr/third_party/miniz -I/home/pei/Project/duckdb-polr/third_party/utf8proc/include -I/home/pei/Project/duckdb-polr/third_party/miniparquet -I/home/pei/Project/duckdb-polr/third_party/concurrentqueue -I/home/pei/Project/duckdb-polr/third_party/pcg -I/home/pei/Project/duckdb-polr/third_party/tdigest -I/home/pei/Project/duckdb-polr/third_party/mbedtls/include -I/home/pei/Project/duckdb-polr/third_party/jaro_winkler -I/home/pei/Project/duckdb-polr/extension/parquet/include -I/home/pei/Project/duckdb-polr/extension/parquet/../../third_party/parquet -I/home/pei/Project/duckdb-polr/extension/parquet/../../third_party/snappy -I/home/pei/Project/duckdb-polr/extension/parquet/../../third_party/miniz -I/home/pei/Project/duckdb-polr/extension/parquet/../../third_party/thrift -I/home/pei/Project/duckdb-polr/extension/parquet/../../third_party/zstd/include -O3 -DNDEBUG -O3 -DNDEBUG   -fPIC -fdiagnostics-color=always -std=c++11 -MD -MT extension/parquet/CMakeFiles/parquet_loadable_extension.dir/__/__/third_party/zstd/common/xxhash.cpp.o -MF extension/parquet/CMakeFiles/parquet_loadable_extension.dir/__/__/third_party/zstd/common/xxhash.cpp.o.d -o extension/parquet/CMakeFiles/parquet_loadable_extension.dir/__/__/third_party/zstd/common/xxhash.cpp.o -c /home/pei/Project/duckdb-polr/third_party/zstd/common/xxhash.cpp
[189/376] /usr/bin/ccache /usr/lib/ccache/c++ -DDUCKDB_BUILD_LIBRARY -DDUCKDB_BUILD_LOADABLE_EXTENSION -DENABLE_CROSS_PRODUCT_REWRITE=0 -DENABLE_DEBUG_PRINT=0 -DENABLE_MEASURE_EXE_TIME=0 -DENABLE_MERGE_BACK_PLAN=0 -DENABLE_PARALLEL_EXECUTION=0 -DENABLE_QUERY_SPLIT=0 -DENABLE_SPECIFY_EST_STAT=0 -I/home/pei/Project/duckdb-polr/src/include -I/home/pei/Project/duckdb-polr/third_party/fsst -I/home/pei/Project/duckdb-polr/third_party/fmt/include -I/home/pei/Project/duckdb-polr/third_party/hyperloglog -I/home/pei/Project/duckdb-polr/third_party/fastpforlib -I/home/pei/Project/duckdb-polr/third_party/fast_float -I/home/pei/Project/duckdb-polr/third_party/re2 -I/home/pei/Project/duckdb-polr/third_party/miniz -I/home/pei/Project/duckdb-polr/third_party/utf8proc/include -I/home/pei/Project/duckdb-polr/third_party/miniparquet -I/home/pei/Project/duckdb-polr/third_party/concurrentqueue -I/home/pei/Project/duckdb-polr/third_party/pcg -I/home/pei/Project/duckdb-polr/third_party/tdigest -I/home/pei/Project/duckdb-polr/third_party/mbedtls/include -I/home/pei/Project/duckdb-polr/third_party/jaro_winkler -I/home/pei/Project/duckdb-polr/extension/parquet/include -I/home/pei/Project/duckdb-polr/extension/parquet/../../third_party/parquet -I/home/pei/Project/duckdb-polr/extension/parquet/../../third_party/snappy -I/home/pei/Project/duckdb-polr/extension/parquet/../../third_party/miniz -I/home/pei/Project/duckdb-polr/extension/parquet/../../third_party/thrift -I/home/pei/Project/duckdb-polr/extension/parquet/../../third_party/zstd/include -O3 -DNDEBUG -O3 -DNDEBUG   -fPIC -fdiagnostics-color=always -std=c++11 -MD -MT extension/parquet/CMakeFiles/parquet_loadable_extension.dir/__/__/third_party/zstd/compress/fse_compress.cpp.o -MF extension/parquet/CMakeFiles/parquet_loadable_extension.dir/__/__/third_party/zstd/compress/fse_compress.cpp.o.d -o extension/parquet/CMakeFiles/parquet_loadable_extension.dir/__/__/third_party/zstd/compress/fse_compress.cpp.o -c /home/pei/Project/duckdb-polr/third_party/zstd/compress/fse_compress.cpp
[190/376] /usr/bin/ccache /usr/lib/ccache/c++ -DDUCKDB_BUILD_LIBRARY -DDUCKDB_BUILD_LOADABLE_EXTENSION -DENABLE_CROSS_PRODUCT_REWRITE=0 -DENABLE_DEBUG_PRINT=0 -DENABLE_MEASURE_EXE_TIME=0 -DENABLE_MERGE_BACK_PLAN=0 -DENABLE_PARALLEL_EXECUTION=0 -DENABLE_QUERY_SPLIT=0 -DENABLE_SPECIFY_EST_STAT=0 -I/home/pei/Project/duckdb-polr/src/include -I/home/pei/Project/duckdb-polr/third_party/fsst -I/home/pei/Project/duckdb-polr/third_party/fmt/include -I/home/pei/Project/duckdb-polr/third_party/hyperloglog -I/home/pei/Project/duckdb-polr/third_party/fastpforlib -I/home/pei/Project/duckdb-polr/third_party/fast_float -I/home/pei/Project/duckdb-polr/third_party/re2 -I/home/pei/Project/duckdb-polr/third_party/miniz -I/home/pei/Project/duckdb-polr/third_party/utf8proc/include -I/home/pei/Project/duckdb-polr/third_party/miniparquet -I/home/pei/Project/duckdb-polr/third_party/concurrentqueue -I/home/pei/Project/duckdb-polr/third_party/pcg -I/home/pei/Project/duckdb-polr/third_party/tdigest -I/home/pei/Project/duckdb-polr/third_party/mbedtls/include -I/home/pei/Project/duckdb-polr/third_party/jaro_winkler -I/home/pei/Project/duckdb-polr/extension/parquet/include -I/home/pei/Project/duckdb-polr/extension/parquet/../../third_party/parquet -I/home/pei/Project/duckdb-polr/extension/parquet/../../third_party/snappy -I/home/pei/Project/duckdb-polr/extension/parquet/../../third_party/miniz -I/home/pei/Project/duckdb-polr/extension/parquet/../../third_party/thrift -I/home/pei/Project/duckdb-polr/extension/parquet/../../third_party/zstd/include -O3 -DNDEBUG -O3 -DNDEBUG   -fPIC -fdiagnostics-color=always -std=c++11 -MD -MT extension/parquet/CMakeFiles/parquet_loadable_extension.dir/__/__/third_party/parquet/parquet_types.cpp.o -MF extension/parquet/CMakeFiles/parquet_loadable_extension.dir/__/__/third_party/parquet/parquet_types.cpp.o.d -o extension/parquet/CMakeFiles/parquet_loadable_extension.dir/__/__/third_party/parquet/parquet_types.cpp.o -c /home/pei/Project/duckdb-polr/third_party/parquet/parquet_types.cpp
[191/376] /usr/bin/ccache /usr/lib/ccache/c++ -DDUCKDB_BUILD_LIBRARY -DDUCKDB_BUILD_LOADABLE_EXTENSION -DENABLE_CROSS_PRODUCT_REWRITE=0 -DENABLE_DEBUG_PRINT=0 -DENABLE_MEASURE_EXE_TIME=0 -DENABLE_MERGE_BACK_PLAN=0 -DENABLE_PARALLEL_EXECUTION=0 -DENABLE_QUERY_SPLIT=0 -DENABLE_SPECIFY_EST_STAT=0 -I/home/pei/Project/duckdb-polr/src/include -I/home/pei/Project/duckdb-polr/third_party/fsst -I/home/pei/Project/duckdb-polr/third_party/fmt/include -I/home/pei/Project/duckdb-polr/third_party/hyperloglog -I/home/pei/Project/duckdb-polr/third_party/fastpforlib -I/home/pei/Project/duckdb-polr/third_party/fast_float -I/home/pei/Project/duckdb-polr/third_party/re2 -I/home/pei/Project/duckdb-polr/third_party/miniz -I/home/pei/Project/duckdb-polr/third_party/utf8proc/include -I/home/pei/Project/duckdb-polr/third_party/miniparquet -I/home/pei/Project/duckdb-polr/third_party/concurrentqueue -I/home/pei/Project/duckdb-polr/third_party/pcg -I/home/pei/Project/duckdb-polr/third_party/tdigest -I/home/pei/Project/duckdb-polr/third_party/mbedtls/include -I/home/pei/Project/duckdb-polr/third_party/jaro_winkler -I/home/pei/Project/duckdb-polr/extension/parquet/include -I/home/pei/Project/duckdb-polr/extension/parquet/../../third_party/parquet -I/home/pei/Project/duckdb-polr/extension/parquet/../../third_party/snappy -I/home/pei/Project/duckdb-polr/extension/parquet/../../third_party/miniz -I/home/pei/Project/duckdb-polr/extension/parquet/../../third_party/thrift -I/home/pei/Project/duckdb-polr/extension/parquet/../../third_party/zstd/include -O3 -DNDEBUG -O3 -DNDEBUG   -fPIC -fdiagnostics-color=always -std=c++11 -MD -MT extension/parquet/CMakeFiles/parquet_loadable_extension.dir/__/__/third_party/zstd/compress/hist.cpp.o -MF extension/parquet/CMakeFiles/parquet_loadable_extension.dir/__/__/third_party/zstd/compress/hist.cpp.o.d -o extension/parquet/CMakeFiles/parquet_loadable_extension.dir/__/__/third_party/zstd/compress/hist.cpp.o -c /home/pei/Project/duckdb-polr/third_party/zstd/compress/hist.cpp
[192/376] /usr/bin/ccache /usr/lib/ccache/c++ -DDUCKDB_BUILD_LIBRARY -DDUCKDB_BUILD_LOADABLE_EXTENSION -DENABLE_CROSS_PRODUCT_REWRITE=0 -DENABLE_DEBUG_PRINT=0 -DENABLE_MEASURE_EXE_TIME=0 -DENABLE_MERGE_BACK_PLAN=0 -DENABLE_PARALLEL_EXECUTION=0 -DENABLE_QUERY_SPLIT=0 -DENABLE_SPECIFY_EST_STAT=0 -I/home/pei/Project/duckdb-polr/src/include -I/home/pei/Project/duckdb-polr/third_party/fsst -I/home/pei/Project/duckdb-polr/third_party/fmt/include -I/home/pei/Project/duckdb-polr/third_party/hyperloglog -I/home/pei/Project/duckdb-polr/third_party/fastpforlib -I/home/pei/Project/duckdb-polr/third_party/fast_float -I/home/pei/Project/duckdb-polr/third_party/re2 -I/home/pei/Project/duckdb-polr/third_party/miniz -I/home/pei/Project/duckdb-polr/third_party/utf8proc/include -I/home/pei/Project/duckdb-polr/third_party/miniparquet -I/home/pei/Project/duckdb-polr/third_party/concurrentqueue -I/home/pei/Project/duckdb-polr/third_party/pcg -I/home/pei/Project/duckdb-polr/third_party/tdigest -I/home/pei/Project/duckdb-polr/third_party/mbedtls/include -I/home/pei/Project/duckdb-polr/third_party/jaro_winkler -I/home/pei/Project/duckdb-polr/extension/parquet/include -I/home/pei/Project/duckdb-polr/extension/parquet/../../third_party/parquet -I/home/pei/Project/duckdb-polr/extension/parquet/../../third_party/snappy -I/home/pei/Project/duckdb-polr/extension/parquet/../../third_party/miniz -I/home/pei/Project/duckdb-polr/extension/parquet/../../third_party/thrift -I/home/pei/Project/duckdb-polr/extension/parquet/../../third_party/zstd/include -O3 -DNDEBUG -O3 -DNDEBUG   -fPIC -fdiagnostics-color=always -std=c++11 -MD -MT extension/parquet/CMakeFiles/parquet_loadable_extension.dir/__/__/third_party/zstd/compress/huf_compress.cpp.o -MF extension/parquet/CMakeFiles/parquet_loadable_extension.dir/__/__/third_party/zstd/compress/huf_compress.cpp.o.d -o extension/parquet/CMakeFiles/parquet_loadable_extension.dir/__/__/third_party/zstd/compress/huf_compress.cpp.o -c /home/pei/Project/duckdb-polr/third_party/zstd/compress/huf_compress.cpp
[193/376] /usr/bin/ccache /usr/lib/ccache/c++ -DDUCKDB_BUILD_LIBRARY -DDUCKDB_BUILD_LOADABLE_EXTENSION -DENABLE_CROSS_PRODUCT_REWRITE=0 -DENABLE_DEBUG_PRINT=0 -DENABLE_MEASURE_EXE_TIME=0 -DENABLE_MERGE_BACK_PLAN=0 -DENABLE_PARALLEL_EXECUTION=0 -DENABLE_QUERY_SPLIT=0 -DENABLE_SPECIFY_EST_STAT=0 -I/home/pei/Project/duckdb-polr/src/include -I/home/pei/Project/duckdb-polr/third_party/fsst -I/home/pei/Project/duckdb-polr/third_party/fmt/include -I/home/pei/Project/duckdb-polr/third_party/hyperloglog -I/home/pei/Project/duckdb-polr/third_party/fastpforlib -I/home/pei/Project/duckdb-polr/third_party/fast_float -I/home/pei/Project/duckdb-polr/third_party/re2 -I/home/pei/Project/duckdb-polr/third_party/miniz -I/home/pei/Project/duckdb-polr/third_party/utf8proc/include -I/home/pei/Project/duckdb-polr/third_party/miniparquet -I/home/pei/Project/duckdb-polr/third_party/concurrentqueue -I/home/pei/Project/duckdb-polr/third_party/pcg -I/home/pei/Project/duckdb-polr/third_party/tdigest -I/home/pei/Project/duckdb-polr/third_party/mbedtls/include -I/home/pei/Project/duckdb-polr/third_party/jaro_winkler -I/home/pei/Project/duckdb-polr/extension/parquet/include -I/home/pei/Project/duckdb-polr/extension/parquet/../../third_party/parquet -I/home/pei/Project/duckdb-polr/extension/parquet/../../third_party/snappy -I/home/pei/Project/duckdb-polr/extension/parquet/../../third_party/miniz -I/home/pei/Project/duckdb-polr/extension/parquet/../../third_party/thrift -I/home/pei/Project/duckdb-polr/extension/parquet/../../third_party/zstd/include -O3 -DNDEBUG -O3 -DNDEBUG   -fPIC -fdiagnostics-color=always -std=c++11 -MD -MT extension/parquet/CMakeFiles/parquet_loadable_extension.dir/__/__/third_party/zstd/common/zstd_common.cpp.o -MF extension/parquet/CMakeFiles/parquet_loadable_extension.dir/__/__/third_party/zstd/common/zstd_common.cpp.o.d -o extension/parquet/CMakeFiles/parquet_loadable_extension.dir/__/__/third_party/zstd/common/zstd_common.cpp.o -c /home/pei/Project/duckdb-polr/third_party/zstd/common/zstd_common.cpp
[194/376] /usr/bin/ccache /usr/lib/ccache/c++ -DDUCKDB_BUILD_LIBRARY -DDUCKDB_BUILD_LOADABLE_EXTENSION -DENABLE_CROSS_PRODUCT_REWRITE=0 -DENABLE_DEBUG_PRINT=0 -DENABLE_MEASURE_EXE_TIME=0 -DENABLE_MERGE_BACK_PLAN=0 -DENABLE_PARALLEL_EXECUTION=0 -DENABLE_QUERY_SPLIT=0 -DENABLE_SPECIFY_EST_STAT=0 -I/home/pei/Project/duckdb-polr/src/include -I/home/pei/Project/duckdb-polr/third_party/fsst -I/home/pei/Project/duckdb-polr/third_party/fmt/include -I/home/pei/Project/duckdb-polr/third_party/hyperloglog -I/home/pei/Project/duckdb-polr/third_party/fastpforlib -I/home/pei/Project/duckdb-polr/third_party/fast_float -I/home/pei/Project/duckdb-polr/third_party/re2 -I/home/pei/Project/duckdb-polr/third_party/miniz -I/home/pei/Project/duckdb-polr/third_party/utf8proc/include -I/home/pei/Project/duckdb-polr/third_party/miniparquet -I/home/pei/Project/duckdb-polr/third_party/concurrentqueue -I/home/pei/Project/duckdb-polr/third_party/pcg -I/home/pei/Project/duckdb-polr/third_party/tdigest -I/home/pei/Project/duckdb-polr/third_party/mbedtls/include -I/home/pei/Project/duckdb-polr/third_party/jaro_winkler -I/home/pei/Project/duckdb-polr/extension/parquet/include -I/home/pei/Project/duckdb-polr/extension/parquet/../../third_party/parquet -I/home/pei/Project/duckdb-polr/extension/parquet/../../third_party/snappy -I/home/pei/Project/duckdb-polr/extension/parquet/../../third_party/miniz -I/home/pei/Project/duckdb-polr/extension/parquet/../../third_party/thrift -I/home/pei/Project/duckdb-polr/extension/parquet/../../third_party/zstd/include -O3 -DNDEBUG -O3 -DNDEBUG   -fPIC -fdiagnostics-color=always -std=c++11 -MD -MT extension/parquet/CMakeFiles/parquet_loadable_extension.dir/__/__/third_party/zstd/compress/zstd_compress.cpp.o -MF extension/parquet/CMakeFiles/parquet_loadable_extension.dir/__/__/third_party/zstd/compress/zstd_compress.cpp.o.d -o extension/parquet/CMakeFiles/parquet_loadable_extension.dir/__/__/third_party/zstd/compress/zstd_compress.cpp.o -c /home/pei/Project/duckdb-polr/third_party/zstd/compress/zstd_compress.cpp
[195/376] /usr/bin/ccache /usr/lib/ccache/c++ -DDUCKDB_BUILD_LIBRARY -DDUCKDB_BUILD_LOADABLE_EXTENSION -DENABLE_CROSS_PRODUCT_REWRITE=0 -DENABLE_DEBUG_PRINT=0 -DENABLE_MEASURE_EXE_TIME=0 -DENABLE_MERGE_BACK_PLAN=0 -DENABLE_PARALLEL_EXECUTION=0 -DENABLE_QUERY_SPLIT=0 -DENABLE_SPECIFY_EST_STAT=0 -I/home/pei/Project/duckdb-polr/src/include -I/home/pei/Project/duckdb-polr/third_party/fsst -I/home/pei/Project/duckdb-polr/third_party/fmt/include -I/home/pei/Project/duckdb-polr/third_party/hyperloglog -I/home/pei/Project/duckdb-polr/third_party/fastpforlib -I/home/pei/Project/duckdb-polr/third_party/fast_float -I/home/pei/Project/duckdb-polr/third_party/re2 -I/home/pei/Project/duckdb-polr/third_party/miniz -I/home/pei/Project/duckdb-polr/third_party/utf8proc/include -I/home/pei/Project/duckdb-polr/third_party/miniparquet -I/home/pei/Project/duckdb-polr/third_party/concurrentqueue -I/home/pei/Project/duckdb-polr/third_party/pcg -I/home/pei/Project/duckdb-polr/third_party/tdigest -I/home/pei/Project/duckdb-polr/third_party/mbedtls/include -I/home/pei/Project/duckdb-polr/third_party/jaro_winkler -I/home/pei/Project/duckdb-polr/extension/parquet/include -I/home/pei/Project/duckdb-polr/extension/parquet/../../third_party/parquet -I/home/pei/Project/duckdb-polr/extension/parquet/../../third_party/snappy -I/home/pei/Project/duckdb-polr/extension/parquet/../../third_party/miniz -I/home/pei/Project/duckdb-polr/extension/parquet/../../third_party/thrift -I/home/pei/Project/duckdb-polr/extension/parquet/../../third_party/zstd/include -O3 -DNDEBUG -O3 -DNDEBUG   -fPIC -fdiagnostics-color=always -std=c++11 -MD -MT extension/parquet/CMakeFiles/parquet_loadable_extension.dir/__/__/third_party/zstd/compress/zstd_compress_literals.cpp.o -MF extension/parquet/CMakeFiles/parquet_loadable_extension.dir/__/__/third_party/zstd/compress/zstd_compress_literals.cpp.o.d -o extension/parquet/CMakeFiles/parquet_loadable_extension.dir/__/__/third_party/zstd/compress/zstd_compress_literals.cpp.o -c /home/pei/Project/duckdb-polr/third_party/zstd/compress/zstd_compress_literals.cpp
[196/376] /usr/bin/ccache /usr/lib/ccache/c++ -DDUCKDB_BUILD_LIBRARY -DDUCKDB_BUILD_LOADABLE_EXTENSION -DENABLE_CROSS_PRODUCT_REWRITE=0 -DENABLE_DEBUG_PRINT=0 -DENABLE_MEASURE_EXE_TIME=0 -DENABLE_MERGE_BACK_PLAN=0 -DENABLE_PARALLEL_EXECUTION=0 -DENABLE_QUERY_SPLIT=0 -DENABLE_SPECIFY_EST_STAT=0 -I/home/pei/Project/duckdb-polr/src/include -I/home/pei/Project/duckdb-polr/third_party/fsst -I/home/pei/Project/duckdb-polr/third_party/fmt/include -I/home/pei/Project/duckdb-polr/third_party/hyperloglog -I/home/pei/Project/duckdb-polr/third_party/fastpforlib -I/home/pei/Project/duckdb-polr/third_party/fast_float -I/home/pei/Project/duckdb-polr/third_party/re2 -I/home/pei/Project/duckdb-polr/third_party/miniz -I/home/pei/Project/duckdb-polr/third_party/utf8proc/include -I/home/pei/Project/duckdb-polr/third_party/miniparquet -I/home/pei/Project/duckdb-polr/third_party/concurrentqueue -I/home/pei/Project/duckdb-polr/third_party/pcg -I/home/pei/Project/duckdb-polr/third_party/tdigest -I/home/pei/Project/duckdb-polr/third_party/mbedtls/include -I/home/pei/Project/duckdb-polr/third_party/jaro_winkler -I/home/pei/Project/duckdb-polr/extension/parquet/include -I/home/pei/Project/duckdb-polr/extension/parquet/../../third_party/parquet -I/home/pei/Project/duckdb-polr/extension/parquet/../../third_party/snappy -I/home/pei/Project/duckdb-polr/extension/parquet/../../third_party/miniz -I/home/pei/Project/duckdb-polr/extension/parquet/../../third_party/thrift -I/home/pei/Project/duckdb-polr/extension/parquet/../../third_party/zstd/include -O3 -DNDEBUG -O3 -DNDEBUG   -fPIC -fdiagnostics-color=always -std=c++11 -MD -MT extension/parquet/CMakeFiles/parquet_loadable_extension.dir/__/__/third_party/zstd/compress/zstd_compress_sequences.cpp.o -MF extension/parquet/CMakeFiles/parquet_loadable_extension.dir/__/__/third_party/zstd/compress/zstd_compress_sequences.cpp.o.d -o extension/parquet/CMakeFiles/parquet_loadable_extension.dir/__/__/third_party/zstd/compress/zstd_compress_sequences.cpp.o -c /home/pei/Project/duckdb-polr/third_party/zstd/compress/zstd_compress_sequences.cpp
[197/376] /usr/bin/ccache /usr/lib/ccache/c++ -DDUCKDB_BUILD_LIBRARY -DDUCKDB_BUILD_LOADABLE_EXTENSION -DENABLE_CROSS_PRODUCT_REWRITE=0 -DENABLE_DEBUG_PRINT=0 -DENABLE_MEASURE_EXE_TIME=0 -DENABLE_MERGE_BACK_PLAN=0 -DENABLE_PARALLEL_EXECUTION=0 -DENABLE_QUERY_SPLIT=0 -DENABLE_SPECIFY_EST_STAT=0 -I/home/pei/Project/duckdb-polr/src/include -I/home/pei/Project/duckdb-polr/third_party/fsst -I/home/pei/Project/duckdb-polr/third_party/fmt/include -I/home/pei/Project/duckdb-polr/third_party/hyperloglog -I/home/pei/Project/duckdb-polr/third_party/fastpforlib -I/home/pei/Project/duckdb-polr/third_party/fast_float -I/home/pei/Project/duckdb-polr/third_party/re2 -I/home/pei/Project/duckdb-polr/third_party/miniz -I/home/pei/Project/duckdb-polr/third_party/utf8proc/include -I/home/pei/Project/duckdb-polr/third_party/miniparquet -I/home/pei/Project/duckdb-polr/third_party/concurrentqueue -I/home/pei/Project/duckdb-polr/third_party/pcg -I/home/pei/Project/duckdb-polr/third_party/tdigest -I/home/pei/Project/duckdb-polr/third_party/mbedtls/include -I/home/pei/Project/duckdb-polr/third_party/jaro_winkler -I/home/pei/Project/duckdb-polr/extension/parquet/include -I/home/pei/Project/duckdb-polr/extension/parquet/../../third_party/parquet -I/home/pei/Project/duckdb-polr/extension/parquet/../../third_party/snappy -I/home/pei/Project/duckdb-polr/extension/parquet/../../third_party/miniz -I/home/pei/Project/duckdb-polr/extension/parquet/../../third_party/thrift -I/home/pei/Project/duckdb-polr/extension/parquet/../../third_party/zstd/include -O3 -DNDEBUG -O3 -DNDEBUG   -fPIC -fdiagnostics-color=always -std=c++11 -MD -MT extension/parquet/CMakeFiles/parquet_loadable_extension.dir/__/__/third_party/zstd/compress/zstd_compress_superblock.cpp.o -MF extension/parquet/CMakeFiles/parquet_loadable_extension.dir/__/__/third_party/zstd/compress/zstd_compress_superblock.cpp.o.d -o extension/parquet/CMakeFiles/parquet_loadable_extension.dir/__/__/third_party/zstd/compress/zstd_compress_superblock.cpp.o -c /home/pei/Project/duckdb-polr/third_party/zstd/compress/zstd_compress_superblock.cpp
[198/376] /usr/bin/ccache /usr/lib/ccache/c++ -DDUCKDB_BUILD_LIBRARY -DDUCKDB_BUILD_LOADABLE_EXTENSION -DENABLE_CROSS_PRODUCT_REWRITE=0 -DENABLE_DEBUG_PRINT=0 -DENABLE_MEASURE_EXE_TIME=0 -DENABLE_MERGE_BACK_PLAN=0 -DENABLE_PARALLEL_EXECUTION=0 -DENABLE_QUERY_SPLIT=0 -DENABLE_SPECIFY_EST_STAT=0 -I/home/pei/Project/duckdb-polr/src/include -I/home/pei/Project/duckdb-polr/third_party/fsst -I/home/pei/Project/duckdb-polr/third_party/fmt/include -I/home/pei/Project/duckdb-polr/third_party/hyperloglog -I/home/pei/Project/duckdb-polr/third_party/fastpforlib -I/home/pei/Project/duckdb-polr/third_party/fast_float -I/home/pei/Project/duckdb-polr/third_party/re2 -I/home/pei/Project/duckdb-polr/third_party/miniz -I/home/pei/Project/duckdb-polr/third_party/utf8proc/include -I/home/pei/Project/duckdb-polr/third_party/miniparquet -I/home/pei/Project/duckdb-polr/third_party/concurrentqueue -I/home/pei/Project/duckdb-polr/third_party/pcg -I/home/pei/Project/duckdb-polr/third_party/tdigest -I/home/pei/Project/duckdb-polr/third_party/mbedtls/include -I/home/pei/Project/duckdb-polr/third_party/jaro_winkler -I/home/pei/Project/duckdb-polr/extension/parquet/include -I/home/pei/Project/duckdb-polr/extension/parquet/../../third_party/parquet -I/home/pei/Project/duckdb-polr/extension/parquet/../../third_party/snappy -I/home/pei/Project/duckdb-polr/extension/parquet/../../third_party/miniz -I/home/pei/Project/duckdb-polr/extension/parquet/../../third_party/thrift -I/home/pei/Project/duckdb-polr/extension/parquet/../../third_party/zstd/include -O3 -DNDEBUG -O3 -DNDEBUG   -fPIC -fdiagnostics-color=always -std=c++11 -MD -MT extension/parquet/CMakeFiles/parquet_loadable_extension.dir/__/__/third_party/zstd/compress/zstd_double_fast.cpp.o -MF extension/parquet/CMakeFiles/parquet_loadable_extension.dir/__/__/third_party/zstd/compress/zstd_double_fast.cpp.o.d -o extension/parquet/CMakeFiles/parquet_loadable_extension.dir/__/__/third_party/zstd/compress/zstd_double_fast.cpp.o -c /home/pei/Project/duckdb-polr/third_party/zstd/compress/zstd_double_fast.cpp
[199/376] /usr/bin/ccache /usr/lib/ccache/c++ -DDUCKDB_BUILD_LIBRARY -DDUCKDB_BUILD_LOADABLE_EXTENSION -DENABLE_CROSS_PRODUCT_REWRITE=0 -DENABLE_DEBUG_PRINT=0 -DENABLE_MEASURE_EXE_TIME=0 -DENABLE_MERGE_BACK_PLAN=0 -DENABLE_PARALLEL_EXECUTION=0 -DENABLE_QUERY_SPLIT=0 -DENABLE_SPECIFY_EST_STAT=0 -I/home/pei/Project/duckdb-polr/src/include -I/home/pei/Project/duckdb-polr/third_party/fsst -I/home/pei/Project/duckdb-polr/third_party/fmt/include -I/home/pei/Project/duckdb-polr/third_party/hyperloglog -I/home/pei/Project/duckdb-polr/third_party/fastpforlib -I/home/pei/Project/duckdb-polr/third_party/fast_float -I/home/pei/Project/duckdb-polr/third_party/re2 -I/home/pei/Project/duckdb-polr/third_party/miniz -I/home/pei/Project/duckdb-polr/third_party/utf8proc/include -I/home/pei/Project/duckdb-polr/third_party/miniparquet -I/home/pei/Project/duckdb-polr/third_party/concurrentqueue -I/home/pei/Project/duckdb-polr/third_party/pcg -I/home/pei/Project/duckdb-polr/third_party/tdigest -I/home/pei/Project/duckdb-polr/third_party/mbedtls/include -I/home/pei/Project/duckdb-polr/third_party/jaro_winkler -I/home/pei/Project/duckdb-polr/extension/parquet/include -I/home/pei/Project/duckdb-polr/extension/parquet/../../third_party/parquet -I/home/pei/Project/duckdb-polr/extension/parquet/../../third_party/snappy -I/home/pei/Project/duckdb-polr/extension/parquet/../../third_party/miniz -I/home/pei/Project/duckdb-polr/extension/parquet/../../third_party/thrift -I/home/pei/Project/duckdb-polr/extension/parquet/../../third_party/zstd/include -O3 -DNDEBUG -O3 -DNDEBUG   -fPIC -fdiagnostics-color=always -std=c++11 -MD -MT extension/parquet/CMakeFiles/parquet_loadable_extension.dir/__/__/third_party/zstd/compress/zstd_fast.cpp.o -MF extension/parquet/CMakeFiles/parquet_loadable_extension.dir/__/__/third_party/zstd/compress/zstd_fast.cpp.o.d -o extension/parquet/CMakeFiles/parquet_loadable_extension.dir/__/__/third_party/zstd/compress/zstd_fast.cpp.o -c /home/pei/Project/duckdb-polr/third_party/zstd/compress/zstd_fast.cpp
[200/376] /usr/bin/ccache /usr/lib/ccache/c++ -DDUCKDB_BUILD_LIBRARY -DDUCKDB_BUILD_LOADABLE_EXTENSION -DENABLE_CROSS_PRODUCT_REWRITE=0 -DENABLE_DEBUG_PRINT=0 -DENABLE_MEASURE_EXE_TIME=0 -DENABLE_MERGE_BACK_PLAN=0 -DENABLE_PARALLEL_EXECUTION=0 -DENABLE_QUERY_SPLIT=0 -DENABLE_SPECIFY_EST_STAT=0 -I/home/pei/Project/duckdb-polr/src/include -I/home/pei/Project/duckdb-polr/third_party/fsst -I/home/pei/Project/duckdb-polr/third_party/fmt/include -I/home/pei/Project/duckdb-polr/third_party/hyperloglog -I/home/pei/Project/duckdb-polr/third_party/fastpforlib -I/home/pei/Project/duckdb-polr/third_party/fast_float -I/home/pei/Project/duckdb-polr/third_party/re2 -I/home/pei/Project/duckdb-polr/third_party/miniz -I/home/pei/Project/duckdb-polr/third_party/utf8proc/include -I/home/pei/Project/duckdb-polr/third_party/miniparquet -I/home/pei/Project/duckdb-polr/third_party/concurrentqueue -I/home/pei/Project/duckdb-polr/third_party/pcg -I/home/pei/Project/duckdb-polr/third_party/tdigest -I/home/pei/Project/duckdb-polr/third_party/mbedtls/include -I/home/pei/Project/duckdb-polr/third_party/jaro_winkler -I/home/pei/Project/duckdb-polr/extension/parquet/include -I/home/pei/Project/duckdb-polr/extension/parquet/../../third_party/parquet -I/home/pei/Project/duckdb-polr/extension/parquet/../../third_party/snappy -I/home/pei/Project/duckdb-polr/extension/parquet/../../third_party/miniz -I/home/pei/Project/duckdb-polr/extension/parquet/../../third_party/thrift -I/home/pei/Project/duckdb-polr/extension/parquet/../../third_party/zstd/include -O3 -DNDEBUG -O3 -DNDEBUG   -fPIC -fdiagnostics-color=always -std=c++11 -MD -MT extension/parquet/CMakeFiles/parquet_loadable_extension.dir/__/__/third_party/zstd/compress/zstd_lazy.cpp.o -MF extension/parquet/CMakeFiles/parquet_loadable_extension.dir/__/__/third_party/zstd/compress/zstd_lazy.cpp.o.d -o extension/parquet/CMakeFiles/parquet_loadable_extension.dir/__/__/third_party/zstd/compress/zstd_lazy.cpp.o -c /home/pei/Project/duckdb-polr/third_party/zstd/compress/zstd_lazy.cpp
[201/376] /usr/bin/ccache /usr/lib/ccache/c++ -DDUCKDB_BUILD_LIBRARY -DDUCKDB_BUILD_LOADABLE_EXTENSION -DENABLE_CROSS_PRODUCT_REWRITE=0 -DENABLE_DEBUG_PRINT=0 -DENABLE_MEASURE_EXE_TIME=0 -DENABLE_MERGE_BACK_PLAN=0 -DENABLE_PARALLEL_EXECUTION=0 -DENABLE_QUERY_SPLIT=0 -DENABLE_SPECIFY_EST_STAT=0 -I/home/pei/Project/duckdb-polr/src/include -I/home/pei/Project/duckdb-polr/third_party/fsst -I/home/pei/Project/duckdb-polr/third_party/fmt/include -I/home/pei/Project/duckdb-polr/third_party/hyperloglog -I/home/pei/Project/duckdb-polr/third_party/fastpforlib -I/home/pei/Project/duckdb-polr/third_party/fast_float -I/home/pei/Project/duckdb-polr/third_party/re2 -I/home/pei/Project/duckdb-polr/third_party/miniz -I/home/pei/Project/duckdb-polr/third_party/utf8proc/include -I/home/pei/Project/duckdb-polr/third_party/miniparquet -I/home/pei/Project/duckdb-polr/third_party/concurrentqueue -I/home/pei/Project/duckdb-polr/third_party/pcg -I/home/pei/Project/duckdb-polr/third_party/tdigest -I/home/pei/Project/duckdb-polr/third_party/mbedtls/include -I/home/pei/Project/duckdb-polr/third_party/jaro_winkler -I/home/pei/Project/duckdb-polr/extension/parquet/include -I/home/pei/Project/duckdb-polr/extension/parquet/../../third_party/parquet -I/home/pei/Project/duckdb-polr/extension/parquet/../../third_party/snappy -I/home/pei/Project/duckdb-polr/extension/parquet/../../third_party/miniz -I/home/pei/Project/duckdb-polr/extension/parquet/../../third_party/thrift -I/home/pei/Project/duckdb-polr/extension/parquet/../../third_party/zstd/include -O3 -DNDEBUG -O3 -DNDEBUG   -fPIC -fdiagnostics-color=always -std=c++11 -MD -MT extension/parquet/CMakeFiles/parquet_loadable_extension.dir/__/__/third_party/zstd/compress/zstd_ldm.cpp.o -MF extension/parquet/CMakeFiles/parquet_loadable_extension.dir/__/__/third_party/zstd/compress/zstd_ldm.cpp.o.d -o extension/parquet/CMakeFiles/parquet_loadable_extension.dir/__/__/third_party/zstd/compress/zstd_ldm.cpp.o -c /home/pei/Project/duckdb-polr/third_party/zstd/compress/zstd_ldm.cpp
[202/376] /usr/bin/ccache /usr/lib/ccache/c++ -DDUCKDB_BUILD_LIBRARY -DDUCKDB_BUILD_LOADABLE_EXTENSION -DENABLE_CROSS_PRODUCT_REWRITE=0 -DENABLE_DEBUG_PRINT=0 -DENABLE_MEASURE_EXE_TIME=0 -DENABLE_MERGE_BACK_PLAN=0 -DENABLE_PARALLEL_EXECUTION=0 -DENABLE_QUERY_SPLIT=0 -DENABLE_SPECIFY_EST_STAT=0 -I/home/pei/Project/duckdb-polr/src/include -I/home/pei/Project/duckdb-polr/third_party/fsst -I/home/pei/Project/duckdb-polr/third_party/fmt/include -I/home/pei/Project/duckdb-polr/third_party/hyperloglog -I/home/pei/Project/duckdb-polr/third_party/fastpforlib -I/home/pei/Project/duckdb-polr/third_party/fast_float -I/home/pei/Project/duckdb-polr/third_party/re2 -I/home/pei/Project/duckdb-polr/third_party/miniz -I/home/pei/Project/duckdb-polr/third_party/utf8proc/include -I/home/pei/Project/duckdb-polr/third_party/miniparquet -I/home/pei/Project/duckdb-polr/third_party/concurrentqueue -I/home/pei/Project/duckdb-polr/third_party/pcg -I/home/pei/Project/duckdb-polr/third_party/tdigest -I/home/pei/Project/duckdb-polr/third_party/mbedtls/include -I/home/pei/Project/duckdb-polr/third_party/jaro_winkler -I/home/pei/Project/duckdb-polr/extension/parquet/include -I/home/pei/Project/duckdb-polr/extension/parquet/../../third_party/parquet -I/home/pei/Project/duckdb-polr/extension/parquet/../../third_party/snappy -I/home/pei/Project/duckdb-polr/extension/parquet/../../third_party/miniz -I/home/pei/Project/duckdb-polr/extension/parquet/../../third_party/thrift -I/home/pei/Project/duckdb-polr/extension/parquet/../../third_party/zstd/include -O3 -DNDEBUG -O3 -DNDEBUG   -fPIC -fdiagnostics-color=always -std=c++11 -MD -MT extension/parquet/CMakeFiles/parquet_loadable_extension.dir/__/__/third_party/zstd/compress/zstd_opt.cpp.o -MF extension/parquet/CMakeFiles/parquet_loadable_extension.dir/__/__/third_party/zstd/compress/zstd_opt.cpp.o.d -o extension/parquet/CMakeFiles/parquet_loadable_extension.dir/__/__/third_party/zstd/compress/zstd_opt.cpp.o -c /home/pei/Project/duckdb-polr/third_party/zstd/compress/zstd_opt.cpp
[203/376] /usr/bin/ccache /usr/lib/ccache/c++ -DDUCKDB_BUILD_LIBRARY -DENABLE_CROSS_PRODUCT_REWRITE=0 -DENABLE_DEBUG_PRINT=0 -DENABLE_MEASURE_EXE_TIME=0 -DENABLE_MERGE_BACK_PLAN=0 -DENABLE_PARALLEL_EXECUTION=0 -DENABLE_QUERY_SPLIT=0 -DENABLE_SPECIFY_EST_STAT=0 -DJEMALLOC_NO_PRIVATE_NAMESPACE -DJEMALLOC_NO_RENAME -I/home/pei/Project/duckdb-polr/src/include -I/home/pei/Project/duckdb-polr/third_party/fsst -I/home/pei/Project/duckdb-polr/third_party/fmt/include -I/home/pei/Project/duckdb-polr/third_party/hyperloglog -I/home/pei/Project/duckdb-polr/third_party/fastpforlib -I/home/pei/Project/duckdb-polr/third_party/fast_float -I/home/pei/Project/duckdb-polr/third_party/re2 -I/home/pei/Project/duckdb-polr/third_party/miniz -I/home/pei/Project/duckdb-polr/third_party/utf8proc/include -I/home/pei/Project/duckdb-polr/third_party/miniparquet -I/home/pei/Project/duckdb-polr/third_party/concurrentqueue -I/home/pei/Project/duckdb-polr/third_party/pcg -I/home/pei/Project/duckdb-polr/third_party/tdigest -I/home/pei/Project/duckdb-polr/third_party/mbedtls/include -I/home/pei/Project/duckdb-polr/third_party/jaro_winkler -I/home/pei/Project/duckdb-polr/extension/jemalloc/include -I/home/pei/Project/duckdb-polr/extension/jemalloc/jemalloc/include -O3 -DNDEBUG -O3 -DNDEBUG   -fPIC -fdiagnostics-color=always -w -std=c++11 -MD -MT extension/jemalloc/jemalloc/CMakeFiles/jemalloc.dir/src/arena.cpp.o -MF extension/jemalloc/jemalloc/CMakeFiles/jemalloc.dir/src/arena.cpp.o.d -o extension/jemalloc/jemalloc/CMakeFiles/jemalloc.dir/src/arena.cpp.o -c /home/pei/Project/duckdb-polr/extension/jemalloc/jemalloc/src/arena.cpp
[204/376] /usr/bin/ccache /usr/lib/ccache/c++ -DDUCKDB_BUILD_LIBRARY -DENABLE_CROSS_PRODUCT_REWRITE=0 -DENABLE_DEBUG_PRINT=0 -DENABLE_MEASURE_EXE_TIME=0 -DENABLE_MERGE_BACK_PLAN=0 -DENABLE_PARALLEL_EXECUTION=0 -DENABLE_QUERY_SPLIT=0 -DENABLE_SPECIFY_EST_STAT=0 -DJEMALLOC_NO_PRIVATE_NAMESPACE -DJEMALLOC_NO_RENAME -I/home/pei/Project/duckdb-polr/src/include -I/home/pei/Project/duckdb-polr/third_party/fsst -I/home/pei/Project/duckdb-polr/third_party/fmt/include -I/home/pei/Project/duckdb-polr/third_party/hyperloglog -I/home/pei/Project/duckdb-polr/third_party/fastpforlib -I/home/pei/Project/duckdb-polr/third_party/fast_float -I/home/pei/Project/duckdb-polr/third_party/re2 -I/home/pei/Project/duckdb-polr/third_party/miniz -I/home/pei/Project/duckdb-polr/third_party/utf8proc/include -I/home/pei/Project/duckdb-polr/third_party/miniparquet -I/home/pei/Project/duckdb-polr/third_party/concurrentqueue -I/home/pei/Project/duckdb-polr/third_party/pcg -I/home/pei/Project/duckdb-polr/third_party/tdigest -I/home/pei/Project/duckdb-polr/third_party/mbedtls/include -I/home/pei/Project/duckdb-polr/third_party/jaro_winkler -I/home/pei/Project/duckdb-polr/extension/jemalloc/include -I/home/pei/Project/duckdb-polr/extension/jemalloc/jemalloc/include -O3 -DNDEBUG -O3 -DNDEBUG   -fPIC -fdiagnostics-color=always -w -std=c++11 -MD -MT extension/jemalloc/jemalloc/CMakeFiles/jemalloc.dir/src/background_thread.cpp.o -MF extension/jemalloc/jemalloc/CMakeFiles/jemalloc.dir/src/background_thread.cpp.o.d -o extension/jemalloc/jemalloc/CMakeFiles/jemalloc.dir/src/background_thread.cpp.o -c /home/pei/Project/duckdb-polr/extension/jemalloc/jemalloc/src/background_thread.cpp
[205/376] /usr/bin/ccache /usr/lib/ccache/c++ -DDUCKDB_BUILD_LIBRARY -DENABLE_CROSS_PRODUCT_REWRITE=0 -DENABLE_DEBUG_PRINT=0 -DENABLE_MEASURE_EXE_TIME=0 -DENABLE_MERGE_BACK_PLAN=0 -DENABLE_PARALLEL_EXECUTION=0 -DENABLE_QUERY_SPLIT=0 -DENABLE_SPECIFY_EST_STAT=0 -DJEMALLOC_NO_PRIVATE_NAMESPACE -DJEMALLOC_NO_RENAME -I/home/pei/Project/duckdb-polr/src/include -I/home/pei/Project/duckdb-polr/third_party/fsst -I/home/pei/Project/duckdb-polr/third_party/fmt/include -I/home/pei/Project/duckdb-polr/third_party/hyperloglog -I/home/pei/Project/duckdb-polr/third_party/fastpforlib -I/home/pei/Project/duckdb-polr/third_party/fast_float -I/home/pei/Project/duckdb-polr/third_party/re2 -I/home/pei/Project/duckdb-polr/third_party/miniz -I/home/pei/Project/duckdb-polr/third_party/utf8proc/include -I/home/pei/Project/duckdb-polr/third_party/miniparquet -I/home/pei/Project/duckdb-polr/third_party/concurrentqueue -I/home/pei/Project/duckdb-polr/third_party/pcg -I/home/pei/Project/duckdb-polr/third_party/tdigest -I/home/pei/Project/duckdb-polr/third_party/mbedtls/include -I/home/pei/Project/duckdb-polr/third_party/jaro_winkler -I/home/pei/Project/duckdb-polr/extension/jemalloc/include -I/home/pei/Project/duckdb-polr/extension/jemalloc/jemalloc/include -O3 -DNDEBUG -O3 -DNDEBUG   -fPIC -fdiagnostics-color=always -w -std=c++11 -MD -MT extension/jemalloc/jemalloc/CMakeFiles/jemalloc.dir/src/bin.cpp.o -MF extension/jemalloc/jemalloc/CMakeFiles/jemalloc.dir/src/bin.cpp.o.d -o extension/jemalloc/jemalloc/CMakeFiles/jemalloc.dir/src/bin.cpp.o -c /home/pei/Project/duckdb-polr/extension/jemalloc/jemalloc/src/bin.cpp
[206/376] /usr/bin/ccache /usr/lib/ccache/c++ -DDUCKDB_BUILD_LIBRARY -DENABLE_CROSS_PRODUCT_REWRITE=0 -DENABLE_DEBUG_PRINT=0 -DENABLE_MEASURE_EXE_TIME=0 -DENABLE_MERGE_BACK_PLAN=0 -DENABLE_PARALLEL_EXECUTION=0 -DENABLE_QUERY_SPLIT=0 -DENABLE_SPECIFY_EST_STAT=0 -I/home/pei/Project/duckdb-polr/src/include -I/home/pei/Project/duckdb-polr/third_party/fsst -I/home/pei/Project/duckdb-polr/third_party/fmt/include -I/home/pei/Project/duckdb-polr/third_party/hyperloglog -I/home/pei/Project/duckdb-polr/third_party/fastpforlib -I/home/pei/Project/duckdb-polr/third_party/fast_float -I/home/pei/Project/duckdb-polr/third_party/re2 -I/home/pei/Project/duckdb-polr/third_party/miniz -I/home/pei/Project/duckdb-polr/third_party/utf8proc/include -I/home/pei/Project/duckdb-polr/third_party/miniparquet -I/home/pei/Project/duckdb-polr/third_party/concurrentqueue -I/home/pei/Project/duckdb-polr/third_party/pcg -I/home/pei/Project/duckdb-polr/third_party/tdigest -I/home/pei/Project/duckdb-polr/third_party/mbedtls/include -I/home/pei/Project/duckdb-polr/third_party/jaro_winkler -I/home/pei/Project/duckdb-polr/extension/parquet/include -I/home/pei/Project/duckdb-polr/extension/parquet/../../third_party/parquet -I/home/pei/Project/duckdb-polr/extension/parquet/../../third_party/snappy -I/home/pei/Project/duckdb-polr/extension/parquet/../../third_party/miniz -I/home/pei/Project/duckdb-polr/extension/parquet/../../third_party/thrift -I/home/pei/Project/duckdb-polr/extension/parquet/../../third_party/zstd/include -I/home/pei/Project/duckdb-polr/third_party/libpg_query/include -O3 -DNDEBUG -O3 -DNDEBUG   -fPIE -fdiagnostics-color=always -std=c++11 -MD -MT extension/parquet/CMakeFiles/parquetcli.dir/parquetcli.cpp.o -MF extension/parquet/CMakeFiles/parquetcli.dir/parquetcli.cpp.o.d -o extension/parquet/CMakeFiles/parquetcli.dir/parquetcli.cpp.o -c /home/pei/Project/duckdb-polr/extension/parquet/parquetcli.cpp
[207/376] /usr/bin/ccache /usr/lib/ccache/c++ -DDUCKDB_BUILD_LIBRARY -DENABLE_CROSS_PRODUCT_REWRITE=0 -DENABLE_DEBUG_PRINT=0 -DENABLE_MEASURE_EXE_TIME=0 -DENABLE_MERGE_BACK_PLAN=0 -DENABLE_PARALLEL_EXECUTION=0 -DENABLE_QUERY_SPLIT=0 -DENABLE_SPECIFY_EST_STAT=0 -I/home/pei/Project/duckdb-polr/src/include -I/home/pei/Project/duckdb-polr/third_party/fsst -I/home/pei/Project/duckdb-polr/third_party/fmt/include -I/home/pei/Project/duckdb-polr/third_party/hyperloglog -I/home/pei/Project/duckdb-polr/third_party/fastpforlib -I/home/pei/Project/duckdb-polr/third_party/fast_float -I/home/pei/Project/duckdb-polr/third_party/re2 -I/home/pei/Project/duckdb-polr/third_party/miniz -I/home/pei/Project/duckdb-polr/third_party/utf8proc/include -I/home/pei/Project/duckdb-polr/third_party/miniparquet -I/home/pei/Project/duckdb-polr/third_party/concurrentqueue -I/home/pei/Project/duckdb-polr/third_party/pcg -I/home/pei/Project/duckdb-polr/third_party/tdigest -I/home/pei/Project/duckdb-polr/third_party/mbedtls/include -I/home/pei/Project/duckdb-polr/third_party/jaro_winkler -I/home/pei/Project/duckdb-polr/extension/jemalloc/include -I/home/pei/Project/duckdb-polr/extension/jemalloc/jemalloc/include -O3 -DNDEBUG -O3 -DNDEBUG   -fPIC -fdiagnostics-color=always -std=c++11 -MD -MT extension/jemalloc/CMakeFiles/jemalloc_extension.dir/jemalloc-extension.cpp.o -MF extension/jemalloc/CMakeFiles/jemalloc_extension.dir/jemalloc-extension.cpp.o.d -o extension/jemalloc/CMakeFiles/jemalloc_extension.dir/jemalloc-extension.cpp.o -c /home/pei/Project/duckdb-polr/extension/jemalloc/jemalloc-extension.cpp
[208/376] /usr/bin/ccache /usr/lib/ccache/c++ -DDUCKDB_BUILD_LIBRARY -DENABLE_CROSS_PRODUCT_REWRITE=0 -DENABLE_DEBUG_PRINT=0 -DENABLE_MEASURE_EXE_TIME=0 -DENABLE_MERGE_BACK_PLAN=0 -DENABLE_PARALLEL_EXECUTION=0 -DENABLE_QUERY_SPLIT=0 -DENABLE_SPECIFY_EST_STAT=0 -DJEMALLOC_NO_PRIVATE_NAMESPACE -DJEMALLOC_NO_RENAME -I/home/pei/Project/duckdb-polr/src/include -I/home/pei/Project/duckdb-polr/third_party/fsst -I/home/pei/Project/duckdb-polr/third_party/fmt/include -I/home/pei/Project/duckdb-polr/third_party/hyperloglog -I/home/pei/Project/duckdb-polr/third_party/fastpforlib -I/home/pei/Project/duckdb-polr/third_party/fast_float -I/home/pei/Project/duckdb-polr/third_party/re2 -I/home/pei/Project/duckdb-polr/third_party/miniz -I/home/pei/Project/duckdb-polr/third_party/utf8proc/include -I/home/pei/Project/duckdb-polr/third_party/miniparquet -I/home/pei/Project/duckdb-polr/third_party/concurrentqueue -I/home/pei/Project/duckdb-polr/third_party/pcg -I/home/pei/Project/duckdb-polr/third_party/tdigest -I/home/pei/Project/duckdb-polr/third_party/mbedtls/include -I/home/pei/Project/duckdb-polr/third_party/jaro_winkler -I/home/pei/Project/duckdb-polr/extension/jemalloc/include -I/home/pei/Project/duckdb-polr/extension/jemalloc/jemalloc/include -O3 -DNDEBUG -O3 -DNDEBUG   -fPIC -fdiagnostics-color=always -w -std=c++11 -MD -MT extension/jemalloc/jemalloc/CMakeFiles/jemalloc.dir/src/bin_info.cpp.o -MF extension/jemalloc/jemalloc/CMakeFiles/jemalloc.dir/src/bin_info.cpp.o.d -o extension/jemalloc/jemalloc/CMakeFiles/jemalloc.dir/src/bin_info.cpp.o -c /home/pei/Project/duckdb-polr/extension/jemalloc/jemalloc/src/bin_info.cpp
[209/376] /usr/bin/ccache /usr/lib/ccache/c++ -DDUCKDB_BUILD_LIBRARY -DENABLE_CROSS_PRODUCT_REWRITE=0 -DENABLE_DEBUG_PRINT=0 -DENABLE_MEASURE_EXE_TIME=0 -DENABLE_MERGE_BACK_PLAN=0 -DENABLE_PARALLEL_EXECUTION=0 -DENABLE_QUERY_SPLIT=0 -DENABLE_SPECIFY_EST_STAT=0 -DJEMALLOC_NO_PRIVATE_NAMESPACE -DJEMALLOC_NO_RENAME -I/home/pei/Project/duckdb-polr/src/include -I/home/pei/Project/duckdb-polr/third_party/fsst -I/home/pei/Project/duckdb-polr/third_party/fmt/include -I/home/pei/Project/duckdb-polr/third_party/hyperloglog -I/home/pei/Project/duckdb-polr/third_party/fastpforlib -I/home/pei/Project/duckdb-polr/third_party/fast_float -I/home/pei/Project/duckdb-polr/third_party/re2 -I/home/pei/Project/duckdb-polr/third_party/miniz -I/home/pei/Project/duckdb-polr/third_party/utf8proc/include -I/home/pei/Project/duckdb-polr/third_party/miniparquet -I/home/pei/Project/duckdb-polr/third_party/concurrentqueue -I/home/pei/Project/duckdb-polr/third_party/pcg -I/home/pei/Project/duckdb-polr/third_party/tdigest -I/home/pei/Project/duckdb-polr/third_party/mbedtls/include -I/home/pei/Project/duckdb-polr/third_party/jaro_winkler -I/home/pei/Project/duckdb-polr/extension/jemalloc/include -I/home/pei/Project/duckdb-polr/extension/jemalloc/jemalloc/include -O3 -DNDEBUG -O3 -DNDEBUG   -fPIC -fdiagnostics-color=always -w -std=c++11 -MD -MT extension/jemalloc/jemalloc/CMakeFiles/jemalloc.dir/src/bitmap.cpp.o -MF extension/jemalloc/jemalloc/CMakeFiles/jemalloc.dir/src/bitmap.cpp.o.d -o extension/jemalloc/jemalloc/CMakeFiles/jemalloc.dir/src/bitmap.cpp.o -c /home/pei/Project/duckdb-polr/extension/jemalloc/jemalloc/src/bitmap.cpp
[210/376] /usr/bin/ccache /usr/lib/ccache/c++ -DDUCKDB_BUILD_LIBRARY -DENABLE_CROSS_PRODUCT_REWRITE=0 -DENABLE_DEBUG_PRINT=0 -DENABLE_MEASURE_EXE_TIME=0 -DENABLE_MERGE_BACK_PLAN=0 -DENABLE_PARALLEL_EXECUTION=0 -DENABLE_QUERY_SPLIT=0 -DENABLE_SPECIFY_EST_STAT=0 -DJEMALLOC_NO_PRIVATE_NAMESPACE -DJEMALLOC_NO_RENAME -I/home/pei/Project/duckdb-polr/src/include -I/home/pei/Project/duckdb-polr/third_party/fsst -I/home/pei/Project/duckdb-polr/third_party/fmt/include -I/home/pei/Project/duckdb-polr/third_party/hyperloglog -I/home/pei/Project/duckdb-polr/third_party/fastpforlib -I/home/pei/Project/duckdb-polr/third_party/fast_float -I/home/pei/Project/duckdb-polr/third_party/re2 -I/home/pei/Project/duckdb-polr/third_party/miniz -I/home/pei/Project/duckdb-polr/third_party/utf8proc/include -I/home/pei/Project/duckdb-polr/third_party/miniparquet -I/home/pei/Project/duckdb-polr/third_party/concurrentqueue -I/home/pei/Project/duckdb-polr/third_party/pcg -I/home/pei/Project/duckdb-polr/third_party/tdigest -I/home/pei/Project/duckdb-polr/third_party/mbedtls/include -I/home/pei/Project/duckdb-polr/third_party/jaro_winkler -I/home/pei/Project/duckdb-polr/extension/jemalloc/include -I/home/pei/Project/duckdb-polr/extension/jemalloc/jemalloc/include -O3 -DNDEBUG -O3 -DNDEBUG   -fPIC -fdiagnostics-color=always -w -std=c++11 -MD -MT extension/jemalloc/jemalloc/CMakeFiles/jemalloc.dir/src/buf_writer.cpp.o -MF extension/jemalloc/jemalloc/CMakeFiles/jemalloc.dir/src/buf_writer.cpp.o.d -o extension/jemalloc/jemalloc/CMakeFiles/jemalloc.dir/src/buf_writer.cpp.o -c /home/pei/Project/duckdb-polr/extension/jemalloc/jemalloc/src/buf_writer.cpp
[211/376] /usr/bin/ccache /usr/lib/ccache/c++ -DDUCKDB_BUILD_LIBRARY -DENABLE_CROSS_PRODUCT_REWRITE=0 -DENABLE_DEBUG_PRINT=0 -DENABLE_MEASURE_EXE_TIME=0 -DENABLE_MERGE_BACK_PLAN=0 -DENABLE_PARALLEL_EXECUTION=0 -DENABLE_QUERY_SPLIT=0 -DENABLE_SPECIFY_EST_STAT=0 -DJEMALLOC_NO_PRIVATE_NAMESPACE -DJEMALLOC_NO_RENAME -I/home/pei/Project/duckdb-polr/src/include -I/home/pei/Project/duckdb-polr/third_party/fsst -I/home/pei/Project/duckdb-polr/third_party/fmt/include -I/home/pei/Project/duckdb-polr/third_party/hyperloglog -I/home/pei/Project/duckdb-polr/third_party/fastpforlib -I/home/pei/Project/duckdb-polr/third_party/fast_float -I/home/pei/Project/duckdb-polr/third_party/re2 -I/home/pei/Project/duckdb-polr/third_party/miniz -I/home/pei/Project/duckdb-polr/third_party/utf8proc/include -I/home/pei/Project/duckdb-polr/third_party/miniparquet -I/home/pei/Project/duckdb-polr/third_party/concurrentqueue -I/home/pei/Project/duckdb-polr/third_party/pcg -I/home/pei/Project/duckdb-polr/third_party/tdigest -I/home/pei/Project/duckdb-polr/third_party/mbedtls/include -I/home/pei/Project/duckdb-polr/third_party/jaro_winkler -I/home/pei/Project/duckdb-polr/extension/jemalloc/include -I/home/pei/Project/duckdb-polr/extension/jemalloc/jemalloc/include -O3 -DNDEBUG -O3 -DNDEBUG   -fPIC -fdiagnostics-color=always -w -std=c++11 -MD -MT extension/jemalloc/jemalloc/CMakeFiles/jemalloc.dir/src/base.cpp.o -MF extension/jemalloc/jemalloc/CMakeFiles/jemalloc.dir/src/base.cpp.o.d -o extension/jemalloc/jemalloc/CMakeFiles/jemalloc.dir/src/base.cpp.o -c /home/pei/Project/duckdb-polr/extension/jemalloc/jemalloc/src/base.cpp
[212/376] /usr/bin/ccache /usr/lib/ccache/c++ -DDUCKDB_BUILD_LIBRARY -DENABLE_CROSS_PRODUCT_REWRITE=0 -DENABLE_DEBUG_PRINT=0 -DENABLE_MEASURE_EXE_TIME=0 -DENABLE_MERGE_BACK_PLAN=0 -DENABLE_PARALLEL_EXECUTION=0 -DENABLE_QUERY_SPLIT=0 -DENABLE_SPECIFY_EST_STAT=0 -DJEMALLOC_NO_PRIVATE_NAMESPACE -DJEMALLOC_NO_RENAME -I/home/pei/Project/duckdb-polr/src/include -I/home/pei/Project/duckdb-polr/third_party/fsst -I/home/pei/Project/duckdb-polr/third_party/fmt/include -I/home/pei/Project/duckdb-polr/third_party/hyperloglog -I/home/pei/Project/duckdb-polr/third_party/fastpforlib -I/home/pei/Project/duckdb-polr/third_party/fast_float -I/home/pei/Project/duckdb-polr/third_party/re2 -I/home/pei/Project/duckdb-polr/third_party/miniz -I/home/pei/Project/duckdb-polr/third_party/utf8proc/include -I/home/pei/Project/duckdb-polr/third_party/miniparquet -I/home/pei/Project/duckdb-polr/third_party/concurrentqueue -I/home/pei/Project/duckdb-polr/third_party/pcg -I/home/pei/Project/duckdb-polr/third_party/tdigest -I/home/pei/Project/duckdb-polr/third_party/mbedtls/include -I/home/pei/Project/duckdb-polr/third_party/jaro_winkler -I/home/pei/Project/duckdb-polr/extension/jemalloc/include -I/home/pei/Project/duckdb-polr/extension/jemalloc/jemalloc/include -O3 -DNDEBUG -O3 -DNDEBUG   -fPIC -fdiagnostics-color=always -w -std=c++11 -MD -MT extension/jemalloc/jemalloc/CMakeFiles/jemalloc.dir/src/cache_bin.cpp.o -MF extension/jemalloc/jemalloc/CMakeFiles/jemalloc.dir/src/cache_bin.cpp.o.d -o extension/jemalloc/jemalloc/CMakeFiles/jemalloc.dir/src/cache_bin.cpp.o -c /home/pei/Project/duckdb-polr/extension/jemalloc/jemalloc/src/cache_bin.cpp
[213/376] /usr/bin/ccache /usr/lib/ccache/c++ -DDUCKDB_BUILD_LIBRARY -DENABLE_CROSS_PRODUCT_REWRITE=0 -DENABLE_DEBUG_PRINT=0 -DENABLE_MEASURE_EXE_TIME=0 -DENABLE_MERGE_BACK_PLAN=0 -DENABLE_PARALLEL_EXECUTION=0 -DENABLE_QUERY_SPLIT=0 -DENABLE_SPECIFY_EST_STAT=0 -DJEMALLOC_NO_PRIVATE_NAMESPACE -DJEMALLOC_NO_RENAME -I/home/pei/Project/duckdb-polr/src/include -I/home/pei/Project/duckdb-polr/third_party/fsst -I/home/pei/Project/duckdb-polr/third_party/fmt/include -I/home/pei/Project/duckdb-polr/third_party/hyperloglog -I/home/pei/Project/duckdb-polr/third_party/fastpforlib -I/home/pei/Project/duckdb-polr/third_party/fast_float -I/home/pei/Project/duckdb-polr/third_party/re2 -I/home/pei/Project/duckdb-polr/third_party/miniz -I/home/pei/Project/duckdb-polr/third_party/utf8proc/include -I/home/pei/Project/duckdb-polr/third_party/miniparquet -I/home/pei/Project/duckdb-polr/third_party/concurrentqueue -I/home/pei/Project/duckdb-polr/third_party/pcg -I/home/pei/Project/duckdb-polr/third_party/tdigest -I/home/pei/Project/duckdb-polr/third_party/mbedtls/include -I/home/pei/Project/duckdb-polr/third_party/jaro_winkler -I/home/pei/Project/duckdb-polr/extension/jemalloc/include -I/home/pei/Project/duckdb-polr/extension/jemalloc/jemalloc/include -O3 -DNDEBUG -O3 -DNDEBUG   -fPIC -fdiagnostics-color=always -w -std=c++11 -MD -MT extension/jemalloc/jemalloc/CMakeFiles/jemalloc.dir/src/ckh.cpp.o -MF extension/jemalloc/jemalloc/CMakeFiles/jemalloc.dir/src/ckh.cpp.o.d -o extension/jemalloc/jemalloc/CMakeFiles/jemalloc.dir/src/ckh.cpp.o -c /home/pei/Project/duckdb-polr/extension/jemalloc/jemalloc/src/ckh.cpp
[214/376] /usr/bin/ccache /usr/lib/ccache/c++ -DDUCKDB_BUILD_LIBRARY -DENABLE_CROSS_PRODUCT_REWRITE=0 -DENABLE_DEBUG_PRINT=0 -DENABLE_MEASURE_EXE_TIME=0 -DENABLE_MERGE_BACK_PLAN=0 -DENABLE_PARALLEL_EXECUTION=0 -DENABLE_QUERY_SPLIT=0 -DENABLE_SPECIFY_EST_STAT=0 -DJEMALLOC_NO_PRIVATE_NAMESPACE -DJEMALLOC_NO_RENAME -I/home/pei/Project/duckdb-polr/src/include -I/home/pei/Project/duckdb-polr/third_party/fsst -I/home/pei/Project/duckdb-polr/third_party/fmt/include -I/home/pei/Project/duckdb-polr/third_party/hyperloglog -I/home/pei/Project/duckdb-polr/third_party/fastpforlib -I/home/pei/Project/duckdb-polr/third_party/fast_float -I/home/pei/Project/duckdb-polr/third_party/re2 -I/home/pei/Project/duckdb-polr/third_party/miniz -I/home/pei/Project/duckdb-polr/third_party/utf8proc/include -I/home/pei/Project/duckdb-polr/third_party/miniparquet -I/home/pei/Project/duckdb-polr/third_party/concurrentqueue -I/home/pei/Project/duckdb-polr/third_party/pcg -I/home/pei/Project/duckdb-polr/third_party/tdigest -I/home/pei/Project/duckdb-polr/third_party/mbedtls/include -I/home/pei/Project/duckdb-polr/third_party/jaro_winkler -I/home/pei/Project/duckdb-polr/extension/jemalloc/include -I/home/pei/Project/duckdb-polr/extension/jemalloc/jemalloc/include -O3 -DNDEBUG -O3 -DNDEBUG   -fPIC -fdiagnostics-color=always -w -std=c++11 -MD -MT extension/jemalloc/jemalloc/CMakeFiles/jemalloc.dir/src/counter.cpp.o -MF extension/jemalloc/jemalloc/CMakeFiles/jemalloc.dir/src/counter.cpp.o.d -o extension/jemalloc/jemalloc/CMakeFiles/jemalloc.dir/src/counter.cpp.o -c /home/pei/Project/duckdb-polr/extension/jemalloc/jemalloc/src/counter.cpp
[215/376] /usr/bin/ccache /usr/lib/ccache/c++ -DDUCKDB_BUILD_LIBRARY -DENABLE_CROSS_PRODUCT_REWRITE=0 -DENABLE_DEBUG_PRINT=0 -DENABLE_MEASURE_EXE_TIME=0 -DENABLE_MERGE_BACK_PLAN=0 -DENABLE_PARALLEL_EXECUTION=0 -DENABLE_QUERY_SPLIT=0 -DENABLE_SPECIFY_EST_STAT=0 -DJEMALLOC_NO_PRIVATE_NAMESPACE -DJEMALLOC_NO_RENAME -I/home/pei/Project/duckdb-polr/src/include -I/home/pei/Project/duckdb-polr/third_party/fsst -I/home/pei/Project/duckdb-polr/third_party/fmt/include -I/home/pei/Project/duckdb-polr/third_party/hyperloglog -I/home/pei/Project/duckdb-polr/third_party/fastpforlib -I/home/pei/Project/duckdb-polr/third_party/fast_float -I/home/pei/Project/duckdb-polr/third_party/re2 -I/home/pei/Project/duckdb-polr/third_party/miniz -I/home/pei/Project/duckdb-polr/third_party/utf8proc/include -I/home/pei/Project/duckdb-polr/third_party/miniparquet -I/home/pei/Project/duckdb-polr/third_party/concurrentqueue -I/home/pei/Project/duckdb-polr/third_party/pcg -I/home/pei/Project/duckdb-polr/third_party/tdigest -I/home/pei/Project/duckdb-polr/third_party/mbedtls/include -I/home/pei/Project/duckdb-polr/third_party/jaro_winkler -I/home/pei/Project/duckdb-polr/extension/jemalloc/include -I/home/pei/Project/duckdb-polr/extension/jemalloc/jemalloc/include -O3 -DNDEBUG -O3 -DNDEBUG   -fPIC -fdiagnostics-color=always -w -std=c++11 -MD -MT extension/jemalloc/jemalloc/CMakeFiles/jemalloc.dir/src/ctl.cpp.o -MF extension/jemalloc/jemalloc/CMakeFiles/jemalloc.dir/src/ctl.cpp.o.d -o extension/jemalloc/jemalloc/CMakeFiles/jemalloc.dir/src/ctl.cpp.o -c /home/pei/Project/duckdb-polr/extension/jemalloc/jemalloc/src/ctl.cpp
[216/376] /usr/bin/ccache /usr/lib/ccache/c++ -DDUCKDB_BUILD_LIBRARY -DENABLE_CROSS_PRODUCT_REWRITE=0 -DENABLE_DEBUG_PRINT=0 -DENABLE_MEASURE_EXE_TIME=0 -DENABLE_MERGE_BACK_PLAN=0 -DENABLE_PARALLEL_EXECUTION=0 -DENABLE_QUERY_SPLIT=0 -DENABLE_SPECIFY_EST_STAT=0 -DJEMALLOC_NO_PRIVATE_NAMESPACE -DJEMALLOC_NO_RENAME -I/home/pei/Project/duckdb-polr/src/include -I/home/pei/Project/duckdb-polr/third_party/fsst -I/home/pei/Project/duckdb-polr/third_party/fmt/include -I/home/pei/Project/duckdb-polr/third_party/hyperloglog -I/home/pei/Project/duckdb-polr/third_party/fastpforlib -I/home/pei/Project/duckdb-polr/third_party/fast_float -I/home/pei/Project/duckdb-polr/third_party/re2 -I/home/pei/Project/duckdb-polr/third_party/miniz -I/home/pei/Project/duckdb-polr/third_party/utf8proc/include -I/home/pei/Project/duckdb-polr/third_party/miniparquet -I/home/pei/Project/duckdb-polr/third_party/concurrentqueue -I/home/pei/Project/duckdb-polr/third_party/pcg -I/home/pei/Project/duckdb-polr/third_party/tdigest -I/home/pei/Project/duckdb-polr/third_party/mbedtls/include -I/home/pei/Project/duckdb-polr/third_party/jaro_winkler -I/home/pei/Project/duckdb-polr/extension/jemalloc/include -I/home/pei/Project/duckdb-polr/extension/jemalloc/jemalloc/include -O3 -DNDEBUG -O3 -DNDEBUG   -fPIC -fdiagnostics-color=always -w -std=c++11 -MD -MT extension/jemalloc/jemalloc/CMakeFiles/jemalloc.dir/src/div.cpp.o -MF extension/jemalloc/jemalloc/CMakeFiles/jemalloc.dir/src/div.cpp.o.d -o extension/jemalloc/jemalloc/CMakeFiles/jemalloc.dir/src/div.cpp.o -c /home/pei/Project/duckdb-polr/extension/jemalloc/jemalloc/src/div.cpp
[217/376] /usr/bin/ccache /usr/lib/ccache/c++ -DDUCKDB_BUILD_LIBRARY -DENABLE_CROSS_PRODUCT_REWRITE=0 -DENABLE_DEBUG_PRINT=0 -DENABLE_MEASURE_EXE_TIME=0 -DENABLE_MERGE_BACK_PLAN=0 -DENABLE_PARALLEL_EXECUTION=0 -DENABLE_QUERY_SPLIT=0 -DENABLE_SPECIFY_EST_STAT=0 -DJEMALLOC_NO_PRIVATE_NAMESPACE -DJEMALLOC_NO_RENAME -I/home/pei/Project/duckdb-polr/src/include -I/home/pei/Project/duckdb-polr/third_party/fsst -I/home/pei/Project/duckdb-polr/third_party/fmt/include -I/home/pei/Project/duckdb-polr/third_party/hyperloglog -I/home/pei/Project/duckdb-polr/third_party/fastpforlib -I/home/pei/Project/duckdb-polr/third_party/fast_float -I/home/pei/Project/duckdb-polr/third_party/re2 -I/home/pei/Project/duckdb-polr/third_party/miniz -I/home/pei/Project/duckdb-polr/third_party/utf8proc/include -I/home/pei/Project/duckdb-polr/third_party/miniparquet -I/home/pei/Project/duckdb-polr/third_party/concurrentqueue -I/home/pei/Project/duckdb-polr/third_party/pcg -I/home/pei/Project/duckdb-polr/third_party/tdigest -I/home/pei/Project/duckdb-polr/third_party/mbedtls/include -I/home/pei/Project/duckdb-polr/third_party/jaro_winkler -I/home/pei/Project/duckdb-polr/extension/jemalloc/include -I/home/pei/Project/duckdb-polr/extension/jemalloc/jemalloc/include -O3 -DNDEBUG -O3 -DNDEBUG   -fPIC -fdiagnostics-color=always -w -std=c++11 -MD -MT extension/jemalloc/jemalloc/CMakeFiles/jemalloc.dir/src/ecache.cpp.o -MF extension/jemalloc/jemalloc/CMakeFiles/jemalloc.dir/src/ecache.cpp.o.d -o extension/jemalloc/jemalloc/CMakeFiles/jemalloc.dir/src/ecache.cpp.o -c /home/pei/Project/duckdb-polr/extension/jemalloc/jemalloc/src/ecache.cpp
[218/376] /usr/bin/ccache /usr/lib/ccache/c++ -DDUCKDB_BUILD_LIBRARY -DENABLE_CROSS_PRODUCT_REWRITE=0 -DENABLE_DEBUG_PRINT=0 -DENABLE_MEASURE_EXE_TIME=0 -DENABLE_MERGE_BACK_PLAN=0 -DENABLE_PARALLEL_EXECUTION=0 -DENABLE_QUERY_SPLIT=0 -DENABLE_SPECIFY_EST_STAT=0 -DJEMALLOC_NO_PRIVATE_NAMESPACE -DJEMALLOC_NO_RENAME -I/home/pei/Project/duckdb-polr/src/include -I/home/pei/Project/duckdb-polr/third_party/fsst -I/home/pei/Project/duckdb-polr/third_party/fmt/include -I/home/pei/Project/duckdb-polr/third_party/hyperloglog -I/home/pei/Project/duckdb-polr/third_party/fastpforlib -I/home/pei/Project/duckdb-polr/third_party/fast_float -I/home/pei/Project/duckdb-polr/third_party/re2 -I/home/pei/Project/duckdb-polr/third_party/miniz -I/home/pei/Project/duckdb-polr/third_party/utf8proc/include -I/home/pei/Project/duckdb-polr/third_party/miniparquet -I/home/pei/Project/duckdb-polr/third_party/concurrentqueue -I/home/pei/Project/duckdb-polr/third_party/pcg -I/home/pei/Project/duckdb-polr/third_party/tdigest -I/home/pei/Project/duckdb-polr/third_party/mbedtls/include -I/home/pei/Project/duckdb-polr/third_party/jaro_winkler -I/home/pei/Project/duckdb-polr/extension/jemalloc/include -I/home/pei/Project/duckdb-polr/extension/jemalloc/jemalloc/include -O3 -DNDEBUG -O3 -DNDEBUG   -fPIC -fdiagnostics-color=always -w -std=c++11 -MD -MT extension/jemalloc/jemalloc/CMakeFiles/jemalloc.dir/src/decay.cpp.o -MF extension/jemalloc/jemalloc/CMakeFiles/jemalloc.dir/src/decay.cpp.o.d -o extension/jemalloc/jemalloc/CMakeFiles/jemalloc.dir/src/decay.cpp.o -c /home/pei/Project/duckdb-polr/extension/jemalloc/jemalloc/src/decay.cpp
[219/376] /usr/bin/ccache /usr/lib/ccache/c++ -DDUCKDB_BUILD_LIBRARY -DENABLE_CROSS_PRODUCT_REWRITE=0 -DENABLE_DEBUG_PRINT=0 -DENABLE_MEASURE_EXE_TIME=0 -DENABLE_MERGE_BACK_PLAN=0 -DENABLE_PARALLEL_EXECUTION=0 -DENABLE_QUERY_SPLIT=0 -DENABLE_SPECIFY_EST_STAT=0 -DJEMALLOC_NO_PRIVATE_NAMESPACE -DJEMALLOC_NO_RENAME -I/home/pei/Project/duckdb-polr/src/include -I/home/pei/Project/duckdb-polr/third_party/fsst -I/home/pei/Project/duckdb-polr/third_party/fmt/include -I/home/pei/Project/duckdb-polr/third_party/hyperloglog -I/home/pei/Project/duckdb-polr/third_party/fastpforlib -I/home/pei/Project/duckdb-polr/third_party/fast_float -I/home/pei/Project/duckdb-polr/third_party/re2 -I/home/pei/Project/duckdb-polr/third_party/miniz -I/home/pei/Project/duckdb-polr/third_party/utf8proc/include -I/home/pei/Project/duckdb-polr/third_party/miniparquet -I/home/pei/Project/duckdb-polr/third_party/concurrentqueue -I/home/pei/Project/duckdb-polr/third_party/pcg -I/home/pei/Project/duckdb-polr/third_party/tdigest -I/home/pei/Project/duckdb-polr/third_party/mbedtls/include -I/home/pei/Project/duckdb-polr/third_party/jaro_winkler -I/home/pei/Project/duckdb-polr/extension/jemalloc/include -I/home/pei/Project/duckdb-polr/extension/jemalloc/jemalloc/include -O3 -DNDEBUG -O3 -DNDEBUG   -fPIC -fdiagnostics-color=always -w -std=c++11 -MD -MT extension/jemalloc/jemalloc/CMakeFiles/jemalloc.dir/src/edata.cpp.o -MF extension/jemalloc/jemalloc/CMakeFiles/jemalloc.dir/src/edata.cpp.o.d -o extension/jemalloc/jemalloc/CMakeFiles/jemalloc.dir/src/edata.cpp.o -c /home/pei/Project/duckdb-polr/extension/jemalloc/jemalloc/src/edata.cpp
[220/376] /usr/bin/ccache /usr/lib/ccache/c++ -DDUCKDB_BUILD_LIBRARY -DENABLE_CROSS_PRODUCT_REWRITE=0 -DENABLE_DEBUG_PRINT=0 -DENABLE_MEASURE_EXE_TIME=0 -DENABLE_MERGE_BACK_PLAN=0 -DENABLE_PARALLEL_EXECUTION=0 -DENABLE_QUERY_SPLIT=0 -DENABLE_SPECIFY_EST_STAT=0 -DJEMALLOC_NO_PRIVATE_NAMESPACE -DJEMALLOC_NO_RENAME -I/home/pei/Project/duckdb-polr/src/include -I/home/pei/Project/duckdb-polr/third_party/fsst -I/home/pei/Project/duckdb-polr/third_party/fmt/include -I/home/pei/Project/duckdb-polr/third_party/hyperloglog -I/home/pei/Project/duckdb-polr/third_party/fastpforlib -I/home/pei/Project/duckdb-polr/third_party/fast_float -I/home/pei/Project/duckdb-polr/third_party/re2 -I/home/pei/Project/duckdb-polr/third_party/miniz -I/home/pei/Project/duckdb-polr/third_party/utf8proc/include -I/home/pei/Project/duckdb-polr/third_party/miniparquet -I/home/pei/Project/duckdb-polr/third_party/concurrentqueue -I/home/pei/Project/duckdb-polr/third_party/pcg -I/home/pei/Project/duckdb-polr/third_party/tdigest -I/home/pei/Project/duckdb-polr/third_party/mbedtls/include -I/home/pei/Project/duckdb-polr/third_party/jaro_winkler -I/home/pei/Project/duckdb-polr/extension/jemalloc/include -I/home/pei/Project/duckdb-polr/extension/jemalloc/jemalloc/include -O3 -DNDEBUG -O3 -DNDEBUG   -fPIC -fdiagnostics-color=always -w -std=c++11 -MD -MT extension/jemalloc/jemalloc/CMakeFiles/jemalloc.dir/src/emap.cpp.o -MF extension/jemalloc/jemalloc/CMakeFiles/jemalloc.dir/src/emap.cpp.o.d -o extension/jemalloc/jemalloc/CMakeFiles/jemalloc.dir/src/emap.cpp.o -c /home/pei/Project/duckdb-polr/extension/jemalloc/jemalloc/src/emap.cpp
[221/376] /usr/bin/ccache /usr/lib/ccache/c++ -DDUCKDB_BUILD_LIBRARY -DENABLE_CROSS_PRODUCT_REWRITE=0 -DENABLE_DEBUG_PRINT=0 -DENABLE_MEASURE_EXE_TIME=0 -DENABLE_MERGE_BACK_PLAN=0 -DENABLE_PARALLEL_EXECUTION=0 -DENABLE_QUERY_SPLIT=0 -DENABLE_SPECIFY_EST_STAT=0 -DJEMALLOC_NO_PRIVATE_NAMESPACE -DJEMALLOC_NO_RENAME -I/home/pei/Project/duckdb-polr/src/include -I/home/pei/Project/duckdb-polr/third_party/fsst -I/home/pei/Project/duckdb-polr/third_party/fmt/include -I/home/pei/Project/duckdb-polr/third_party/hyperloglog -I/home/pei/Project/duckdb-polr/third_party/fastpforlib -I/home/pei/Project/duckdb-polr/third_party/fast_float -I/home/pei/Project/duckdb-polr/third_party/re2 -I/home/pei/Project/duckdb-polr/third_party/miniz -I/home/pei/Project/duckdb-polr/third_party/utf8proc/include -I/home/pei/Project/duckdb-polr/third_party/miniparquet -I/home/pei/Project/duckdb-polr/third_party/concurrentqueue -I/home/pei/Project/duckdb-polr/third_party/pcg -I/home/pei/Project/duckdb-polr/third_party/tdigest -I/home/pei/Project/duckdb-polr/third_party/mbedtls/include -I/home/pei/Project/duckdb-polr/third_party/jaro_winkler -I/home/pei/Project/duckdb-polr/extension/jemalloc/include -I/home/pei/Project/duckdb-polr/extension/jemalloc/jemalloc/include -O3 -DNDEBUG -O3 -DNDEBUG   -fPIC -fdiagnostics-color=always -w -std=c++11 -MD -MT extension/jemalloc/jemalloc/CMakeFiles/jemalloc.dir/src/eset.cpp.o -MF extension/jemalloc/jemalloc/CMakeFiles/jemalloc.dir/src/eset.cpp.o.d -o extension/jemalloc/jemalloc/CMakeFiles/jemalloc.dir/src/eset.cpp.o -c /home/pei/Project/duckdb-polr/extension/jemalloc/jemalloc/src/eset.cpp
[222/376] /usr/bin/ccache /usr/lib/ccache/c++ -DDUCKDB_BUILD_LIBRARY -DENABLE_CROSS_PRODUCT_REWRITE=0 -DENABLE_DEBUG_PRINT=0 -DENABLE_MEASURE_EXE_TIME=0 -DENABLE_MERGE_BACK_PLAN=0 -DENABLE_PARALLEL_EXECUTION=0 -DENABLE_QUERY_SPLIT=0 -DENABLE_SPECIFY_EST_STAT=0 -DJEMALLOC_NO_PRIVATE_NAMESPACE -DJEMALLOC_NO_RENAME -I/home/pei/Project/duckdb-polr/src/include -I/home/pei/Project/duckdb-polr/third_party/fsst -I/home/pei/Project/duckdb-polr/third_party/fmt/include -I/home/pei/Project/duckdb-polr/third_party/hyperloglog -I/home/pei/Project/duckdb-polr/third_party/fastpforlib -I/home/pei/Project/duckdb-polr/third_party/fast_float -I/home/pei/Project/duckdb-polr/third_party/re2 -I/home/pei/Project/duckdb-polr/third_party/miniz -I/home/pei/Project/duckdb-polr/third_party/utf8proc/include -I/home/pei/Project/duckdb-polr/third_party/miniparquet -I/home/pei/Project/duckdb-polr/third_party/concurrentqueue -I/home/pei/Project/duckdb-polr/third_party/pcg -I/home/pei/Project/duckdb-polr/third_party/tdigest -I/home/pei/Project/duckdb-polr/third_party/mbedtls/include -I/home/pei/Project/duckdb-polr/third_party/jaro_winkler -I/home/pei/Project/duckdb-polr/extension/jemalloc/include -I/home/pei/Project/duckdb-polr/extension/jemalloc/jemalloc/include -O3 -DNDEBUG -O3 -DNDEBUG   -fPIC -fdiagnostics-color=always -w -std=c++11 -MD -MT extension/jemalloc/jemalloc/CMakeFiles/jemalloc.dir/src/edata_cache.cpp.o -MF extension/jemalloc/jemalloc/CMakeFiles/jemalloc.dir/src/edata_cache.cpp.o.d -o extension/jemalloc/jemalloc/CMakeFiles/jemalloc.dir/src/edata_cache.cpp.o -c /home/pei/Project/duckdb-polr/extension/jemalloc/jemalloc/src/edata_cache.cpp
[223/376] /usr/bin/ccache /usr/lib/ccache/c++ -DDUCKDB_BUILD_LIBRARY -DENABLE_CROSS_PRODUCT_REWRITE=0 -DENABLE_DEBUG_PRINT=0 -DENABLE_MEASURE_EXE_TIME=0 -DENABLE_MERGE_BACK_PLAN=0 -DENABLE_PARALLEL_EXECUTION=0 -DENABLE_QUERY_SPLIT=0 -DENABLE_SPECIFY_EST_STAT=0 -DJEMALLOC_NO_PRIVATE_NAMESPACE -DJEMALLOC_NO_RENAME -I/home/pei/Project/duckdb-polr/src/include -I/home/pei/Project/duckdb-polr/third_party/fsst -I/home/pei/Project/duckdb-polr/third_party/fmt/include -I/home/pei/Project/duckdb-polr/third_party/hyperloglog -I/home/pei/Project/duckdb-polr/third_party/fastpforlib -I/home/pei/Project/duckdb-polr/third_party/fast_float -I/home/pei/Project/duckdb-polr/third_party/re2 -I/home/pei/Project/duckdb-polr/third_party/miniz -I/home/pei/Project/duckdb-polr/third_party/utf8proc/include -I/home/pei/Project/duckdb-polr/third_party/miniparquet -I/home/pei/Project/duckdb-polr/third_party/concurrentqueue -I/home/pei/Project/duckdb-polr/third_party/pcg -I/home/pei/Project/duckdb-polr/third_party/tdigest -I/home/pei/Project/duckdb-polr/third_party/mbedtls/include -I/home/pei/Project/duckdb-polr/third_party/jaro_winkler -I/home/pei/Project/duckdb-polr/extension/jemalloc/include -I/home/pei/Project/duckdb-polr/extension/jemalloc/jemalloc/include -O3 -DNDEBUG -O3 -DNDEBUG   -fPIC -fdiagnostics-color=always -w -std=c++11 -MD -MT extension/jemalloc/jemalloc/CMakeFiles/jemalloc.dir/src/ehooks.cpp.o -MF extension/jemalloc/jemalloc/CMakeFiles/jemalloc.dir/src/ehooks.cpp.o.d -o extension/jemalloc/jemalloc/CMakeFiles/jemalloc.dir/src/ehooks.cpp.o -c /home/pei/Project/duckdb-polr/extension/jemalloc/jemalloc/src/ehooks.cpp
[224/376] /usr/bin/ccache /usr/lib/ccache/c++ -DDUCKDB_BUILD_LIBRARY -DENABLE_CROSS_PRODUCT_REWRITE=0 -DENABLE_DEBUG_PRINT=0 -DENABLE_MEASURE_EXE_TIME=0 -DENABLE_MERGE_BACK_PLAN=0 -DENABLE_PARALLEL_EXECUTION=0 -DENABLE_QUERY_SPLIT=0 -DENABLE_SPECIFY_EST_STAT=0 -DJEMALLOC_NO_PRIVATE_NAMESPACE -DJEMALLOC_NO_RENAME -I/home/pei/Project/duckdb-polr/src/include -I/home/pei/Project/duckdb-polr/third_party/fsst -I/home/pei/Project/duckdb-polr/third_party/fmt/include -I/home/pei/Project/duckdb-polr/third_party/hyperloglog -I/home/pei/Project/duckdb-polr/third_party/fastpforlib -I/home/pei/Project/duckdb-polr/third_party/fast_float -I/home/pei/Project/duckdb-polr/third_party/re2 -I/home/pei/Project/duckdb-polr/third_party/miniz -I/home/pei/Project/duckdb-polr/third_party/utf8proc/include -I/home/pei/Project/duckdb-polr/third_party/miniparquet -I/home/pei/Project/duckdb-polr/third_party/concurrentqueue -I/home/pei/Project/duckdb-polr/third_party/pcg -I/home/pei/Project/duckdb-polr/third_party/tdigest -I/home/pei/Project/duckdb-polr/third_party/mbedtls/include -I/home/pei/Project/duckdb-polr/third_party/jaro_winkler -I/home/pei/Project/duckdb-polr/extension/jemalloc/include -I/home/pei/Project/duckdb-polr/extension/jemalloc/jemalloc/include -O3 -DNDEBUG -O3 -DNDEBUG   -fPIC -fdiagnostics-color=always -w -std=c++11 -MD -MT extension/jemalloc/jemalloc/CMakeFiles/jemalloc.dir/src/exp_grow.cpp.o -MF extension/jemalloc/jemalloc/CMakeFiles/jemalloc.dir/src/exp_grow.cpp.o.d -o extension/jemalloc/jemalloc/CMakeFiles/jemalloc.dir/src/exp_grow.cpp.o -c /home/pei/Project/duckdb-polr/extension/jemalloc/jemalloc/src/exp_grow.cpp
[225/376] /usr/bin/ccache /usr/lib/ccache/c++ -DDUCKDB_BUILD_LIBRARY -DENABLE_CROSS_PRODUCT_REWRITE=0 -DENABLE_DEBUG_PRINT=0 -DENABLE_MEASURE_EXE_TIME=0 -DENABLE_MERGE_BACK_PLAN=0 -DENABLE_PARALLEL_EXECUTION=0 -DENABLE_QUERY_SPLIT=0 -DENABLE_SPECIFY_EST_STAT=0 -DJEMALLOC_NO_PRIVATE_NAMESPACE -DJEMALLOC_NO_RENAME -I/home/pei/Project/duckdb-polr/src/include -I/home/pei/Project/duckdb-polr/third_party/fsst -I/home/pei/Project/duckdb-polr/third_party/fmt/include -I/home/pei/Project/duckdb-polr/third_party/hyperloglog -I/home/pei/Project/duckdb-polr/third_party/fastpforlib -I/home/pei/Project/duckdb-polr/third_party/fast_float -I/home/pei/Project/duckdb-polr/third_party/re2 -I/home/pei/Project/duckdb-polr/third_party/miniz -I/home/pei/Project/duckdb-polr/third_party/utf8proc/include -I/home/pei/Project/duckdb-polr/third_party/miniparquet -I/home/pei/Project/duckdb-polr/third_party/concurrentqueue -I/home/pei/Project/duckdb-polr/third_party/pcg -I/home/pei/Project/duckdb-polr/third_party/tdigest -I/home/pei/Project/duckdb-polr/third_party/mbedtls/include -I/home/pei/Project/duckdb-polr/third_party/jaro_winkler -I/home/pei/Project/duckdb-polr/extension/jemalloc/include -I/home/pei/Project/duckdb-polr/extension/jemalloc/jemalloc/include -O3 -DNDEBUG -O3 -DNDEBUG   -fPIC -fdiagnostics-color=always -w -std=c++11 -MD -MT extension/jemalloc/jemalloc/CMakeFiles/jemalloc.dir/src/extent.cpp.o -MF extension/jemalloc/jemalloc/CMakeFiles/jemalloc.dir/src/extent.cpp.o.d -o extension/jemalloc/jemalloc/CMakeFiles/jemalloc.dir/src/extent.cpp.o -c /home/pei/Project/duckdb-polr/extension/jemalloc/jemalloc/src/extent.cpp
[226/376] /usr/bin/ccache /usr/lib/ccache/c++ -DDUCKDB_BUILD_LIBRARY -DENABLE_CROSS_PRODUCT_REWRITE=0 -DENABLE_DEBUG_PRINT=0 -DENABLE_MEASURE_EXE_TIME=0 -DENABLE_MERGE_BACK_PLAN=0 -DENABLE_PARALLEL_EXECUTION=0 -DENABLE_QUERY_SPLIT=0 -DENABLE_SPECIFY_EST_STAT=0 -DJEMALLOC_NO_PRIVATE_NAMESPACE -DJEMALLOC_NO_RENAME -I/home/pei/Project/duckdb-polr/src/include -I/home/pei/Project/duckdb-polr/third_party/fsst -I/home/pei/Project/duckdb-polr/third_party/fmt/include -I/home/pei/Project/duckdb-polr/third_party/hyperloglog -I/home/pei/Project/duckdb-polr/third_party/fastpforlib -I/home/pei/Project/duckdb-polr/third_party/fast_float -I/home/pei/Project/duckdb-polr/third_party/re2 -I/home/pei/Project/duckdb-polr/third_party/miniz -I/home/pei/Project/duckdb-polr/third_party/utf8proc/include -I/home/pei/Project/duckdb-polr/third_party/miniparquet -I/home/pei/Project/duckdb-polr/third_party/concurrentqueue -I/home/pei/Project/duckdb-polr/third_party/pcg -I/home/pei/Project/duckdb-polr/third_party/tdigest -I/home/pei/Project/duckdb-polr/third_party/mbedtls/include -I/home/pei/Project/duckdb-polr/third_party/jaro_winkler -I/home/pei/Project/duckdb-polr/extension/jemalloc/include -I/home/pei/Project/duckdb-polr/extension/jemalloc/jemalloc/include -O3 -DNDEBUG -O3 -DNDEBUG   -fPIC -fdiagnostics-color=always -w -std=c++11 -MD -MT extension/jemalloc/jemalloc/CMakeFiles/jemalloc.dir/src/extent_dss.cpp.o -MF extension/jemalloc/jemalloc/CMakeFiles/jemalloc.dir/src/extent_dss.cpp.o.d -o extension/jemalloc/jemalloc/CMakeFiles/jemalloc.dir/src/extent_dss.cpp.o -c /home/pei/Project/duckdb-polr/extension/jemalloc/jemalloc/src/extent_dss.cpp
[227/376] /usr/bin/ccache /usr/lib/ccache/c++ -DDUCKDB_BUILD_LIBRARY -DENABLE_CROSS_PRODUCT_REWRITE=0 -DENABLE_DEBUG_PRINT=0 -DENABLE_MEASURE_EXE_TIME=0 -DENABLE_MERGE_BACK_PLAN=0 -DENABLE_PARALLEL_EXECUTION=0 -DENABLE_QUERY_SPLIT=0 -DENABLE_SPECIFY_EST_STAT=0 -DJEMALLOC_NO_PRIVATE_NAMESPACE -DJEMALLOC_NO_RENAME -I/home/pei/Project/duckdb-polr/src/include -I/home/pei/Project/duckdb-polr/third_party/fsst -I/home/pei/Project/duckdb-polr/third_party/fmt/include -I/home/pei/Project/duckdb-polr/third_party/hyperloglog -I/home/pei/Project/duckdb-polr/third_party/fastpforlib -I/home/pei/Project/duckdb-polr/third_party/fast_float -I/home/pei/Project/duckdb-polr/third_party/re2 -I/home/pei/Project/duckdb-polr/third_party/miniz -I/home/pei/Project/duckdb-polr/third_party/utf8proc/include -I/home/pei/Project/duckdb-polr/third_party/miniparquet -I/home/pei/Project/duckdb-polr/third_party/concurrentqueue -I/home/pei/Project/duckdb-polr/third_party/pcg -I/home/pei/Project/duckdb-polr/third_party/tdigest -I/home/pei/Project/duckdb-polr/third_party/mbedtls/include -I/home/pei/Project/duckdb-polr/third_party/jaro_winkler -I/home/pei/Project/duckdb-polr/extension/jemalloc/include -I/home/pei/Project/duckdb-polr/extension/jemalloc/jemalloc/include -O3 -DNDEBUG -O3 -DNDEBUG   -fPIC -fdiagnostics-color=always -w -std=c++11 -MD -MT extension/jemalloc/jemalloc/CMakeFiles/jemalloc.dir/src/extent_mmap.cpp.o -MF extension/jemalloc/jemalloc/CMakeFiles/jemalloc.dir/src/extent_mmap.cpp.o.d -o extension/jemalloc/jemalloc/CMakeFiles/jemalloc.dir/src/extent_mmap.cpp.o -c /home/pei/Project/duckdb-polr/extension/jemalloc/jemalloc/src/extent_mmap.cpp
[228/376] /usr/bin/ccache /usr/lib/ccache/c++ -DDUCKDB_BUILD_LIBRARY -DENABLE_CROSS_PRODUCT_REWRITE=0 -DENABLE_DEBUG_PRINT=0 -DENABLE_MEASURE_EXE_TIME=0 -DENABLE_MERGE_BACK_PLAN=0 -DENABLE_PARALLEL_EXECUTION=0 -DENABLE_QUERY_SPLIT=0 -DENABLE_SPECIFY_EST_STAT=0 -DJEMALLOC_NO_PRIVATE_NAMESPACE -DJEMALLOC_NO_RENAME -I/home/pei/Project/duckdb-polr/src/include -I/home/pei/Project/duckdb-polr/third_party/fsst -I/home/pei/Project/duckdb-polr/third_party/fmt/include -I/home/pei/Project/duckdb-polr/third_party/hyperloglog -I/home/pei/Project/duckdb-polr/third_party/fastpforlib -I/home/pei/Project/duckdb-polr/third_party/fast_float -I/home/pei/Project/duckdb-polr/third_party/re2 -I/home/pei/Project/duckdb-polr/third_party/miniz -I/home/pei/Project/duckdb-polr/third_party/utf8proc/include -I/home/pei/Project/duckdb-polr/third_party/miniparquet -I/home/pei/Project/duckdb-polr/third_party/concurrentqueue -I/home/pei/Project/duckdb-polr/third_party/pcg -I/home/pei/Project/duckdb-polr/third_party/tdigest -I/home/pei/Project/duckdb-polr/third_party/mbedtls/include -I/home/pei/Project/duckdb-polr/third_party/jaro_winkler -I/home/pei/Project/duckdb-polr/extension/jemalloc/include -I/home/pei/Project/duckdb-polr/extension/jemalloc/jemalloc/include -O3 -DNDEBUG -O3 -DNDEBUG   -fPIC -fdiagnostics-color=always -w -std=c++11 -MD -MT extension/jemalloc/jemalloc/CMakeFiles/jemalloc.dir/src/fxp.cpp.o -MF extension/jemalloc/jemalloc/CMakeFiles/jemalloc.dir/src/fxp.cpp.o.d -o extension/jemalloc/jemalloc/CMakeFiles/jemalloc.dir/src/fxp.cpp.o -c /home/pei/Project/duckdb-polr/extension/jemalloc/jemalloc/src/fxp.cpp
[229/376] /usr/bin/ccache /usr/lib/ccache/c++ -DDUCKDB_BUILD_LIBRARY -DENABLE_CROSS_PRODUCT_REWRITE=0 -DENABLE_DEBUG_PRINT=0 -DENABLE_MEASURE_EXE_TIME=0 -DENABLE_MERGE_BACK_PLAN=0 -DENABLE_PARALLEL_EXECUTION=0 -DENABLE_QUERY_SPLIT=0 -DENABLE_SPECIFY_EST_STAT=0 -DJEMALLOC_NO_PRIVATE_NAMESPACE -DJEMALLOC_NO_RENAME -I/home/pei/Project/duckdb-polr/src/include -I/home/pei/Project/duckdb-polr/third_party/fsst -I/home/pei/Project/duckdb-polr/third_party/fmt/include -I/home/pei/Project/duckdb-polr/third_party/hyperloglog -I/home/pei/Project/duckdb-polr/third_party/fastpforlib -I/home/pei/Project/duckdb-polr/third_party/fast_float -I/home/pei/Project/duckdb-polr/third_party/re2 -I/home/pei/Project/duckdb-polr/third_party/miniz -I/home/pei/Project/duckdb-polr/third_party/utf8proc/include -I/home/pei/Project/duckdb-polr/third_party/miniparquet -I/home/pei/Project/duckdb-polr/third_party/concurrentqueue -I/home/pei/Project/duckdb-polr/third_party/pcg -I/home/pei/Project/duckdb-polr/third_party/tdigest -I/home/pei/Project/duckdb-polr/third_party/mbedtls/include -I/home/pei/Project/duckdb-polr/third_party/jaro_winkler -I/home/pei/Project/duckdb-polr/extension/jemalloc/include -I/home/pei/Project/duckdb-polr/extension/jemalloc/jemalloc/include -O3 -DNDEBUG -O3 -DNDEBUG   -fPIC -fdiagnostics-color=always -w -std=c++11 -MD -MT extension/jemalloc/jemalloc/CMakeFiles/jemalloc.dir/src/hook.cpp.o -MF extension/jemalloc/jemalloc/CMakeFiles/jemalloc.dir/src/hook.cpp.o.d -o extension/jemalloc/jemalloc/CMakeFiles/jemalloc.dir/src/hook.cpp.o -c /home/pei/Project/duckdb-polr/extension/jemalloc/jemalloc/src/hook.cpp
[230/376] /usr/bin/ccache /usr/lib/ccache/c++ -DDUCKDB_BUILD_LIBRARY -DENABLE_CROSS_PRODUCT_REWRITE=0 -DENABLE_DEBUG_PRINT=0 -DENABLE_MEASURE_EXE_TIME=0 -DENABLE_MERGE_BACK_PLAN=0 -DENABLE_PARALLEL_EXECUTION=0 -DENABLE_QUERY_SPLIT=0 -DENABLE_SPECIFY_EST_STAT=0 -DJEMALLOC_NO_PRIVATE_NAMESPACE -DJEMALLOC_NO_RENAME -I/home/pei/Project/duckdb-polr/src/include -I/home/pei/Project/duckdb-polr/third_party/fsst -I/home/pei/Project/duckdb-polr/third_party/fmt/include -I/home/pei/Project/duckdb-polr/third_party/hyperloglog -I/home/pei/Project/duckdb-polr/third_party/fastpforlib -I/home/pei/Project/duckdb-polr/third_party/fast_float -I/home/pei/Project/duckdb-polr/third_party/re2 -I/home/pei/Project/duckdb-polr/third_party/miniz -I/home/pei/Project/duckdb-polr/third_party/utf8proc/include -I/home/pei/Project/duckdb-polr/third_party/miniparquet -I/home/pei/Project/duckdb-polr/third_party/concurrentqueue -I/home/pei/Project/duckdb-polr/third_party/pcg -I/home/pei/Project/duckdb-polr/third_party/tdigest -I/home/pei/Project/duckdb-polr/third_party/mbedtls/include -I/home/pei/Project/duckdb-polr/third_party/jaro_winkler -I/home/pei/Project/duckdb-polr/extension/jemalloc/include -I/home/pei/Project/duckdb-polr/extension/jemalloc/jemalloc/include -O3 -DNDEBUG -O3 -DNDEBUG   -fPIC -fdiagnostics-color=always -w -std=c++11 -MD -MT extension/jemalloc/jemalloc/CMakeFiles/jemalloc.dir/src/hpa.cpp.o -MF extension/jemalloc/jemalloc/CMakeFiles/jemalloc.dir/src/hpa.cpp.o.d -o extension/jemalloc/jemalloc/CMakeFiles/jemalloc.dir/src/hpa.cpp.o -c /home/pei/Project/duckdb-polr/extension/jemalloc/jemalloc/src/hpa.cpp
[231/376] : && /usr/bin/cmake -E rm -f extension/parquet/libparquet_extension.a && /usr/bin/ar qc extension/parquet/libparquet_extension.a  extension/parquet/CMakeFiles/parquet_extension.dir/column_writer.cpp.o extension/parquet/CMakeFiles/parquet_extension.dir/parquet-extension.cpp.o extension/parquet/CMakeFiles/parquet_extension.dir/parquet_metadata.cpp.o extension/parquet/CMakeFiles/parquet_extension.dir/parquet_reader.cpp.o extension/parquet/CMakeFiles/parquet_extension.dir/parquet_timestamp.cpp.o extension/parquet/CMakeFiles/parquet_extension.dir/parquet_writer.cpp.o extension/parquet/CMakeFiles/parquet_extension.dir/parquet_statistics.cpp.o extension/parquet/CMakeFiles/parquet_extension.dir/zstd_file_system.cpp.o extension/parquet/CMakeFiles/parquet_extension.dir/column_reader.cpp.o extension/parquet/CMakeFiles/parquet_extension.dir/__/__/third_party/parquet/parquet_constants.cpp.o extension/parquet/CMakeFiles/parquet_extension.dir/__/__/third_party/parquet/parquet_types.cpp.o extension/parquet/CMakeFiles/parquet_extension.dir/__/__/third_party/thrift/thrift/protocol/TProtocol.cpp.o extension/parquet/CMakeFiles/parquet_extension.dir/__/__/third_party/thrift/thrift/transport/TTransportException.cpp.o extension/parquet/CMakeFiles/parquet_extension.dir/__/__/third_party/thrift/thrift/transport/TBufferTransports.cpp.o extension/parquet/CMakeFiles/parquet_extension.dir/__/__/third_party/snappy/snappy.cc.o extension/parquet/CMakeFiles/parquet_extension.dir/__/__/third_party/snappy/snappy-sinksource.cc.o extension/parquet/CMakeFiles/parquet_extension.dir/__/__/third_party/zstd/decompress/zstd_ddict.cpp.o extension/parquet/CMakeFiles/parquet_extension.dir/__/__/third_party/zstd/decompress/huf_decompress.cpp.o extension/parquet/CMakeFiles/parquet_extension.dir/__/__/third_party/zstd/decompress/zstd_decompress.cpp.o extension/parquet/CMakeFiles/parquet_extension.dir/__/__/third_party/zstd/decompress/zstd_decompress_block.cpp.o extension/parquet/CMakeFiles/parquet_extension.dir/__/__/third_party/zstd/common/entropy_common.cpp.o extension/parquet/CMakeFiles/parquet_extension.dir/__/__/third_party/zstd/common/fse_decompress.cpp.o extension/parquet/CMakeFiles/parquet_extension.dir/__/__/third_party/zstd/common/zstd_common.cpp.o extension/parquet/CMakeFiles/parquet_extension.dir/__/__/third_party/zstd/common/error_private.cpp.o extension/parquet/CMakeFiles/parquet_extension.dir/__/__/third_party/zstd/common/xxhash.cpp.o extension/parquet/CMakeFiles/parquet_extension.dir/__/__/third_party/zstd/compress/fse_compress.cpp.o extension/parquet/CMakeFiles/parquet_extension.dir/__/__/third_party/zstd/compress/hist.cpp.o extension/parquet/CMakeFiles/parquet_extension.dir/__/__/third_party/zstd/compress/huf_compress.cpp.o extension/parquet/CMakeFiles/parquet_extension.dir/__/__/third_party/zstd/compress/zstd_compress.cpp.o extension/parquet/CMakeFiles/parquet_extension.dir/__/__/third_party/zstd/compress/zstd_compress_literals.cpp.o extension/parquet/CMakeFiles/parquet_extension.dir/__/__/third_party/zstd/compress/zstd_compress_sequences.cpp.o extension/parquet/CMakeFiles/parquet_extension.dir/__/__/third_party/zstd/compress/zstd_compress_superblock.cpp.o extension/parquet/CMakeFiles/parquet_extension.dir/__/__/third_party/zstd/compress/zstd_double_fast.cpp.o extension/parquet/CMakeFiles/parquet_extension.dir/__/__/third_party/zstd/compress/zstd_fast.cpp.o extension/parquet/CMakeFiles/parquet_extension.dir/__/__/third_party/zstd/compress/zstd_lazy.cpp.o extension/parquet/CMakeFiles/parquet_extension.dir/__/__/third_party/zstd/compress/zstd_ldm.cpp.o extension/parquet/CMakeFiles/parquet_extension.dir/__/__/third_party/zstd/compress/zstd_opt.cpp.o && /usr/bin/ranlib extension/parquet/libparquet_extension.a && :
[232/376] /usr/bin/ccache /usr/lib/ccache/c++ -DDUCKDB_BUILD_LIBRARY -DENABLE_CROSS_PRODUCT_REWRITE=0 -DENABLE_DEBUG_PRINT=0 -DENABLE_MEASURE_EXE_TIME=0 -DENABLE_MERGE_BACK_PLAN=0 -DENABLE_PARALLEL_EXECUTION=0 -DENABLE_QUERY_SPLIT=0 -DENABLE_SPECIFY_EST_STAT=0 -DJEMALLOC_NO_PRIVATE_NAMESPACE -DJEMALLOC_NO_RENAME -I/home/pei/Project/duckdb-polr/src/include -I/home/pei/Project/duckdb-polr/third_party/fsst -I/home/pei/Project/duckdb-polr/third_party/fmt/include -I/home/pei/Project/duckdb-polr/third_party/hyperloglog -I/home/pei/Project/duckdb-polr/third_party/fastpforlib -I/home/pei/Project/duckdb-polr/third_party/fast_float -I/home/pei/Project/duckdb-polr/third_party/re2 -I/home/pei/Project/duckdb-polr/third_party/miniz -I/home/pei/Project/duckdb-polr/third_party/utf8proc/include -I/home/pei/Project/duckdb-polr/third_party/miniparquet -I/home/pei/Project/duckdb-polr/third_party/concurrentqueue -I/home/pei/Project/duckdb-polr/third_party/pcg -I/home/pei/Project/duckdb-polr/third_party/tdigest -I/home/pei/Project/duckdb-polr/third_party/mbedtls/include -I/home/pei/Project/duckdb-polr/third_party/jaro_winkler -I/home/pei/Project/duckdb-polr/extension/jemalloc/include -I/home/pei/Project/duckdb-polr/extension/jemalloc/jemalloc/include -O3 -DNDEBUG -O3 -DNDEBUG   -fPIC -fdiagnostics-color=always -w -std=c++11 -MD -MT extension/jemalloc/jemalloc/CMakeFiles/jemalloc.dir/src/hpa_hooks.cpp.o -MF extension/jemalloc/jemalloc/CMakeFiles/jemalloc.dir/src/hpa_hooks.cpp.o.d -o extension/jemalloc/jemalloc/CMakeFiles/jemalloc.dir/src/hpa_hooks.cpp.o -c /home/pei/Project/duckdb-polr/extension/jemalloc/jemalloc/src/hpa_hooks.cpp
[233/376] /usr/bin/ccache /usr/lib/ccache/c++ -DDUCKDB_BUILD_LIBRARY -DENABLE_CROSS_PRODUCT_REWRITE=0 -DENABLE_DEBUG_PRINT=0 -DENABLE_MEASURE_EXE_TIME=0 -DENABLE_MERGE_BACK_PLAN=0 -DENABLE_PARALLEL_EXECUTION=0 -DENABLE_QUERY_SPLIT=0 -DENABLE_SPECIFY_EST_STAT=0 -DJEMALLOC_NO_PRIVATE_NAMESPACE -DJEMALLOC_NO_RENAME -I/home/pei/Project/duckdb-polr/src/include -I/home/pei/Project/duckdb-polr/third_party/fsst -I/home/pei/Project/duckdb-polr/third_party/fmt/include -I/home/pei/Project/duckdb-polr/third_party/hyperloglog -I/home/pei/Project/duckdb-polr/third_party/fastpforlib -I/home/pei/Project/duckdb-polr/third_party/fast_float -I/home/pei/Project/duckdb-polr/third_party/re2 -I/home/pei/Project/duckdb-polr/third_party/miniz -I/home/pei/Project/duckdb-polr/third_party/utf8proc/include -I/home/pei/Project/duckdb-polr/third_party/miniparquet -I/home/pei/Project/duckdb-polr/third_party/concurrentqueue -I/home/pei/Project/duckdb-polr/third_party/pcg -I/home/pei/Project/duckdb-polr/third_party/tdigest -I/home/pei/Project/duckdb-polr/third_party/mbedtls/include -I/home/pei/Project/duckdb-polr/third_party/jaro_winkler -I/home/pei/Project/duckdb-polr/extension/jemalloc/include -I/home/pei/Project/duckdb-polr/extension/jemalloc/jemalloc/include -O3 -DNDEBUG -O3 -DNDEBUG   -fPIC -fdiagnostics-color=always -w -std=c++11 -MD -MT extension/jemalloc/jemalloc/CMakeFiles/jemalloc.dir/src/hpdata.cpp.o -MF extension/jemalloc/jemalloc/CMakeFiles/jemalloc.dir/src/hpdata.cpp.o.d -o extension/jemalloc/jemalloc/CMakeFiles/jemalloc.dir/src/hpdata.cpp.o -c /home/pei/Project/duckdb-polr/extension/jemalloc/jemalloc/src/hpdata.cpp
[234/376] /usr/bin/ccache /usr/lib/ccache/c++ -DDUCKDB_BUILD_LIBRARY -DENABLE_CROSS_PRODUCT_REWRITE=0 -DENABLE_DEBUG_PRINT=0 -DENABLE_MEASURE_EXE_TIME=0 -DENABLE_MERGE_BACK_PLAN=0 -DENABLE_PARALLEL_EXECUTION=0 -DENABLE_QUERY_SPLIT=0 -DENABLE_SPECIFY_EST_STAT=0 -DJEMALLOC_NO_PRIVATE_NAMESPACE -DJEMALLOC_NO_RENAME -I/home/pei/Project/duckdb-polr/src/include -I/home/pei/Project/duckdb-polr/third_party/fsst -I/home/pei/Project/duckdb-polr/third_party/fmt/include -I/home/pei/Project/duckdb-polr/third_party/hyperloglog -I/home/pei/Project/duckdb-polr/third_party/fastpforlib -I/home/pei/Project/duckdb-polr/third_party/fast_float -I/home/pei/Project/duckdb-polr/third_party/re2 -I/home/pei/Project/duckdb-polr/third_party/miniz -I/home/pei/Project/duckdb-polr/third_party/utf8proc/include -I/home/pei/Project/duckdb-polr/third_party/miniparquet -I/home/pei/Project/duckdb-polr/third_party/concurrentqueue -I/home/pei/Project/duckdb-polr/third_party/pcg -I/home/pei/Project/duckdb-polr/third_party/tdigest -I/home/pei/Project/duckdb-polr/third_party/mbedtls/include -I/home/pei/Project/duckdb-polr/third_party/jaro_winkler -I/home/pei/Project/duckdb-polr/extension/jemalloc/include -I/home/pei/Project/duckdb-polr/extension/jemalloc/jemalloc/include -O3 -DNDEBUG -O3 -DNDEBUG   -fPIC -fdiagnostics-color=always -w -std=c++11 -MD -MT extension/jemalloc/jemalloc/CMakeFiles/jemalloc.dir/src/inspect.cpp.o -MF extension/jemalloc/jemalloc/CMakeFiles/jemalloc.dir/src/inspect.cpp.o.d -o extension/jemalloc/jemalloc/CMakeFiles/jemalloc.dir/src/inspect.cpp.o -c /home/pei/Project/duckdb-polr/extension/jemalloc/jemalloc/src/inspect.cpp
[235/376] /usr/bin/ccache /usr/lib/ccache/c++ -DDUCKDB_BUILD_LIBRARY -DENABLE_CROSS_PRODUCT_REWRITE=0 -DENABLE_DEBUG_PRINT=0 -DENABLE_MEASURE_EXE_TIME=0 -DENABLE_MERGE_BACK_PLAN=0 -DENABLE_PARALLEL_EXECUTION=0 -DENABLE_QUERY_SPLIT=0 -DENABLE_SPECIFY_EST_STAT=0 -DJEMALLOC_NO_PRIVATE_NAMESPACE -DJEMALLOC_NO_RENAME -I/home/pei/Project/duckdb-polr/src/include -I/home/pei/Project/duckdb-polr/third_party/fsst -I/home/pei/Project/duckdb-polr/third_party/fmt/include -I/home/pei/Project/duckdb-polr/third_party/hyperloglog -I/home/pei/Project/duckdb-polr/third_party/fastpforlib -I/home/pei/Project/duckdb-polr/third_party/fast_float -I/home/pei/Project/duckdb-polr/third_party/re2 -I/home/pei/Project/duckdb-polr/third_party/miniz -I/home/pei/Project/duckdb-polr/third_party/utf8proc/include -I/home/pei/Project/duckdb-polr/third_party/miniparquet -I/home/pei/Project/duckdb-polr/third_party/concurrentqueue -I/home/pei/Project/duckdb-polr/third_party/pcg -I/home/pei/Project/duckdb-polr/third_party/tdigest -I/home/pei/Project/duckdb-polr/third_party/mbedtls/include -I/home/pei/Project/duckdb-polr/third_party/jaro_winkler -I/home/pei/Project/duckdb-polr/extension/jemalloc/include -I/home/pei/Project/duckdb-polr/extension/jemalloc/jemalloc/include -O3 -DNDEBUG -O3 -DNDEBUG   -fPIC -fdiagnostics-color=always -w -std=c++11 -MD -MT extension/jemalloc/jemalloc/CMakeFiles/jemalloc.dir/src/large.cpp.o -MF extension/jemalloc/jemalloc/CMakeFiles/jemalloc.dir/src/large.cpp.o.d -o extension/jemalloc/jemalloc/CMakeFiles/jemalloc.dir/src/large.cpp.o -c /home/pei/Project/duckdb-polr/extension/jemalloc/jemalloc/src/large.cpp
[236/376] /usr/bin/ccache /usr/lib/ccache/c++ -DDUCKDB_BUILD_LIBRARY -DENABLE_CROSS_PRODUCT_REWRITE=0 -DENABLE_DEBUG_PRINT=0 -DENABLE_MEASURE_EXE_TIME=0 -DENABLE_MERGE_BACK_PLAN=0 -DENABLE_PARALLEL_EXECUTION=0 -DENABLE_QUERY_SPLIT=0 -DENABLE_SPECIFY_EST_STAT=0 -DJEMALLOC_NO_PRIVATE_NAMESPACE -DJEMALLOC_NO_RENAME -I/home/pei/Project/duckdb-polr/src/include -I/home/pei/Project/duckdb-polr/third_party/fsst -I/home/pei/Project/duckdb-polr/third_party/fmt/include -I/home/pei/Project/duckdb-polr/third_party/hyperloglog -I/home/pei/Project/duckdb-polr/third_party/fastpforlib -I/home/pei/Project/duckdb-polr/third_party/fast_float -I/home/pei/Project/duckdb-polr/third_party/re2 -I/home/pei/Project/duckdb-polr/third_party/miniz -I/home/pei/Project/duckdb-polr/third_party/utf8proc/include -I/home/pei/Project/duckdb-polr/third_party/miniparquet -I/home/pei/Project/duckdb-polr/third_party/concurrentqueue -I/home/pei/Project/duckdb-polr/third_party/pcg -I/home/pei/Project/duckdb-polr/third_party/tdigest -I/home/pei/Project/duckdb-polr/third_party/mbedtls/include -I/home/pei/Project/duckdb-polr/third_party/jaro_winkler -I/home/pei/Project/duckdb-polr/extension/jemalloc/include -I/home/pei/Project/duckdb-polr/extension/jemalloc/jemalloc/include -O3 -DNDEBUG -O3 -DNDEBUG   -fPIC -fdiagnostics-color=always -w -std=c++11 -MD -MT extension/jemalloc/jemalloc/CMakeFiles/jemalloc.dir/src/log.cpp.o -MF extension/jemalloc/jemalloc/CMakeFiles/jemalloc.dir/src/log.cpp.o.d -o extension/jemalloc/jemalloc/CMakeFiles/jemalloc.dir/src/log.cpp.o -c /home/pei/Project/duckdb-polr/extension/jemalloc/jemalloc/src/log.cpp
[237/376] /usr/bin/ccache /usr/lib/ccache/c++ -DDUCKDB_BUILD_LIBRARY -DENABLE_CROSS_PRODUCT_REWRITE=0 -DENABLE_DEBUG_PRINT=0 -DENABLE_MEASURE_EXE_TIME=0 -DENABLE_MERGE_BACK_PLAN=0 -DENABLE_PARALLEL_EXECUTION=0 -DENABLE_QUERY_SPLIT=0 -DENABLE_SPECIFY_EST_STAT=0 -DJEMALLOC_NO_PRIVATE_NAMESPACE -DJEMALLOC_NO_RENAME -I/home/pei/Project/duckdb-polr/src/include -I/home/pei/Project/duckdb-polr/third_party/fsst -I/home/pei/Project/duckdb-polr/third_party/fmt/include -I/home/pei/Project/duckdb-polr/third_party/hyperloglog -I/home/pei/Project/duckdb-polr/third_party/fastpforlib -I/home/pei/Project/duckdb-polr/third_party/fast_float -I/home/pei/Project/duckdb-polr/third_party/re2 -I/home/pei/Project/duckdb-polr/third_party/miniz -I/home/pei/Project/duckdb-polr/third_party/utf8proc/include -I/home/pei/Project/duckdb-polr/third_party/miniparquet -I/home/pei/Project/duckdb-polr/third_party/concurrentqueue -I/home/pei/Project/duckdb-polr/third_party/pcg -I/home/pei/Project/duckdb-polr/third_party/tdigest -I/home/pei/Project/duckdb-polr/third_party/mbedtls/include -I/home/pei/Project/duckdb-polr/third_party/jaro_winkler -I/home/pei/Project/duckdb-polr/extension/jemalloc/include -I/home/pei/Project/duckdb-polr/extension/jemalloc/jemalloc/include -O3 -DNDEBUG -O3 -DNDEBUG   -fPIC -fdiagnostics-color=always -w -std=c++11 -MD -MT extension/jemalloc/jemalloc/CMakeFiles/jemalloc.dir/src/jemalloc.cpp.o -MF extension/jemalloc/jemalloc/CMakeFiles/jemalloc.dir/src/jemalloc.cpp.o.d -o extension/jemalloc/jemalloc/CMakeFiles/jemalloc.dir/src/jemalloc.cpp.o -c /home/pei/Project/duckdb-polr/extension/jemalloc/jemalloc/src/jemalloc.cpp
[238/376] /usr/bin/ccache /usr/lib/ccache/c++ -DDUCKDB_BUILD_LIBRARY -DENABLE_CROSS_PRODUCT_REWRITE=0 -DENABLE_DEBUG_PRINT=0 -DENABLE_MEASURE_EXE_TIME=0 -DENABLE_MERGE_BACK_PLAN=0 -DENABLE_PARALLEL_EXECUTION=0 -DENABLE_QUERY_SPLIT=0 -DENABLE_SPECIFY_EST_STAT=0 -DJEMALLOC_NO_PRIVATE_NAMESPACE -DJEMALLOC_NO_RENAME -I/home/pei/Project/duckdb-polr/src/include -I/home/pei/Project/duckdb-polr/third_party/fsst -I/home/pei/Project/duckdb-polr/third_party/fmt/include -I/home/pei/Project/duckdb-polr/third_party/hyperloglog -I/home/pei/Project/duckdb-polr/third_party/fastpforlib -I/home/pei/Project/duckdb-polr/third_party/fast_float -I/home/pei/Project/duckdb-polr/third_party/re2 -I/home/pei/Project/duckdb-polr/third_party/miniz -I/home/pei/Project/duckdb-polr/third_party/utf8proc/include -I/home/pei/Project/duckdb-polr/third_party/miniparquet -I/home/pei/Project/duckdb-polr/third_party/concurrentqueue -I/home/pei/Project/duckdb-polr/third_party/pcg -I/home/pei/Project/duckdb-polr/third_party/tdigest -I/home/pei/Project/duckdb-polr/third_party/mbedtls/include -I/home/pei/Project/duckdb-polr/third_party/jaro_winkler -I/home/pei/Project/duckdb-polr/extension/jemalloc/include -I/home/pei/Project/duckdb-polr/extension/jemalloc/jemalloc/include -O3 -DNDEBUG -O3 -DNDEBUG   -fPIC -fdiagnostics-color=always -w -std=c++11 -MD -MT extension/jemalloc/jemalloc/CMakeFiles/jemalloc.dir/src/malloc_io.cpp.o -MF extension/jemalloc/jemalloc/CMakeFiles/jemalloc.dir/src/malloc_io.cpp.o.d -o extension/jemalloc/jemalloc/CMakeFiles/jemalloc.dir/src/malloc_io.cpp.o -c /home/pei/Project/duckdb-polr/extension/jemalloc/jemalloc/src/malloc_io.cpp
[239/376] /usr/bin/ccache /usr/lib/ccache/c++ -DDUCKDB_BUILD_LIBRARY -DENABLE_CROSS_PRODUCT_REWRITE=0 -DENABLE_DEBUG_PRINT=0 -DENABLE_MEASURE_EXE_TIME=0 -DENABLE_MERGE_BACK_PLAN=0 -DENABLE_PARALLEL_EXECUTION=0 -DENABLE_QUERY_SPLIT=0 -DENABLE_SPECIFY_EST_STAT=0 -DJEMALLOC_NO_PRIVATE_NAMESPACE -DJEMALLOC_NO_RENAME -I/home/pei/Project/duckdb-polr/src/include -I/home/pei/Project/duckdb-polr/third_party/fsst -I/home/pei/Project/duckdb-polr/third_party/fmt/include -I/home/pei/Project/duckdb-polr/third_party/hyperloglog -I/home/pei/Project/duckdb-polr/third_party/fastpforlib -I/home/pei/Project/duckdb-polr/third_party/fast_float -I/home/pei/Project/duckdb-polr/third_party/re2 -I/home/pei/Project/duckdb-polr/third_party/miniz -I/home/pei/Project/duckdb-polr/third_party/utf8proc/include -I/home/pei/Project/duckdb-polr/third_party/miniparquet -I/home/pei/Project/duckdb-polr/third_party/concurrentqueue -I/home/pei/Project/duckdb-polr/third_party/pcg -I/home/pei/Project/duckdb-polr/third_party/tdigest -I/home/pei/Project/duckdb-polr/third_party/mbedtls/include -I/home/pei/Project/duckdb-polr/third_party/jaro_winkler -I/home/pei/Project/duckdb-polr/extension/jemalloc/include -I/home/pei/Project/duckdb-polr/extension/jemalloc/jemalloc/include -O3 -DNDEBUG -O3 -DNDEBUG   -fPIC -fdiagnostics-color=always -w -std=c++11 -MD -MT extension/jemalloc/jemalloc/CMakeFiles/jemalloc.dir/src/pa.cpp.o -MF extension/jemalloc/jemalloc/CMakeFiles/jemalloc.dir/src/pa.cpp.o.d -o extension/jemalloc/jemalloc/CMakeFiles/jemalloc.dir/src/pa.cpp.o -c /home/pei/Project/duckdb-polr/extension/jemalloc/jemalloc/src/pa.cpp
[240/376] /usr/bin/ccache /usr/lib/ccache/c++ -DDUCKDB_BUILD_LIBRARY -DENABLE_CROSS_PRODUCT_REWRITE=0 -DENABLE_DEBUG_PRINT=0 -DENABLE_MEASURE_EXE_TIME=0 -DENABLE_MERGE_BACK_PLAN=0 -DENABLE_PARALLEL_EXECUTION=0 -DENABLE_QUERY_SPLIT=0 -DENABLE_SPECIFY_EST_STAT=0 -DJEMALLOC_NO_PRIVATE_NAMESPACE -DJEMALLOC_NO_RENAME -I/home/pei/Project/duckdb-polr/src/include -I/home/pei/Project/duckdb-polr/third_party/fsst -I/home/pei/Project/duckdb-polr/third_party/fmt/include -I/home/pei/Project/duckdb-polr/third_party/hyperloglog -I/home/pei/Project/duckdb-polr/third_party/fastpforlib -I/home/pei/Project/duckdb-polr/third_party/fast_float -I/home/pei/Project/duckdb-polr/third_party/re2 -I/home/pei/Project/duckdb-polr/third_party/miniz -I/home/pei/Project/duckdb-polr/third_party/utf8proc/include -I/home/pei/Project/duckdb-polr/third_party/miniparquet -I/home/pei/Project/duckdb-polr/third_party/concurrentqueue -I/home/pei/Project/duckdb-polr/third_party/pcg -I/home/pei/Project/duckdb-polr/third_party/tdigest -I/home/pei/Project/duckdb-polr/third_party/mbedtls/include -I/home/pei/Project/duckdb-polr/third_party/jaro_winkler -I/home/pei/Project/duckdb-polr/extension/jemalloc/include -I/home/pei/Project/duckdb-polr/extension/jemalloc/jemalloc/include -O3 -DNDEBUG -O3 -DNDEBUG   -fPIC -fdiagnostics-color=always -w -std=c++11 -MD -MT extension/jemalloc/jemalloc/CMakeFiles/jemalloc.dir/src/mutex.cpp.o -MF extension/jemalloc/jemalloc/CMakeFiles/jemalloc.dir/src/mutex.cpp.o.d -o extension/jemalloc/jemalloc/CMakeFiles/jemalloc.dir/src/mutex.cpp.o -c /home/pei/Project/duckdb-polr/extension/jemalloc/jemalloc/src/mutex.cpp
[241/376] /usr/bin/ccache /usr/lib/ccache/c++ -DDUCKDB_BUILD_LIBRARY -DENABLE_CROSS_PRODUCT_REWRITE=0 -DENABLE_DEBUG_PRINT=0 -DENABLE_MEASURE_EXE_TIME=0 -DENABLE_MERGE_BACK_PLAN=0 -DENABLE_PARALLEL_EXECUTION=0 -DENABLE_QUERY_SPLIT=0 -DENABLE_SPECIFY_EST_STAT=0 -DJEMALLOC_NO_PRIVATE_NAMESPACE -DJEMALLOC_NO_RENAME -I/home/pei/Project/duckdb-polr/src/include -I/home/pei/Project/duckdb-polr/third_party/fsst -I/home/pei/Project/duckdb-polr/third_party/fmt/include -I/home/pei/Project/duckdb-polr/third_party/hyperloglog -I/home/pei/Project/duckdb-polr/third_party/fastpforlib -I/home/pei/Project/duckdb-polr/third_party/fast_float -I/home/pei/Project/duckdb-polr/third_party/re2 -I/home/pei/Project/duckdb-polr/third_party/miniz -I/home/pei/Project/duckdb-polr/third_party/utf8proc/include -I/home/pei/Project/duckdb-polr/third_party/miniparquet -I/home/pei/Project/duckdb-polr/third_party/concurrentqueue -I/home/pei/Project/duckdb-polr/third_party/pcg -I/home/pei/Project/duckdb-polr/third_party/tdigest -I/home/pei/Project/duckdb-polr/third_party/mbedtls/include -I/home/pei/Project/duckdb-polr/third_party/jaro_winkler -I/home/pei/Project/duckdb-polr/extension/jemalloc/include -I/home/pei/Project/duckdb-polr/extension/jemalloc/jemalloc/include -O3 -DNDEBUG -O3 -DNDEBUG   -fPIC -fdiagnostics-color=always -w -std=c++11 -MD -MT extension/jemalloc/jemalloc/CMakeFiles/jemalloc.dir/src/pa_extra.cpp.o -MF extension/jemalloc/jemalloc/CMakeFiles/jemalloc.dir/src/pa_extra.cpp.o.d -o extension/jemalloc/jemalloc/CMakeFiles/jemalloc.dir/src/pa_extra.cpp.o -c /home/pei/Project/duckdb-polr/extension/jemalloc/jemalloc/src/pa_extra.cpp
[242/376] /usr/bin/ccache /usr/lib/ccache/c++ -DDUCKDB_BUILD_LIBRARY -DENABLE_CROSS_PRODUCT_REWRITE=0 -DENABLE_DEBUG_PRINT=0 -DENABLE_MEASURE_EXE_TIME=0 -DENABLE_MERGE_BACK_PLAN=0 -DENABLE_PARALLEL_EXECUTION=0 -DENABLE_QUERY_SPLIT=0 -DENABLE_SPECIFY_EST_STAT=0 -DJEMALLOC_NO_PRIVATE_NAMESPACE -DJEMALLOC_NO_RENAME -I/home/pei/Project/duckdb-polr/src/include -I/home/pei/Project/duckdb-polr/third_party/fsst -I/home/pei/Project/duckdb-polr/third_party/fmt/include -I/home/pei/Project/duckdb-polr/third_party/hyperloglog -I/home/pei/Project/duckdb-polr/third_party/fastpforlib -I/home/pei/Project/duckdb-polr/third_party/fast_float -I/home/pei/Project/duckdb-polr/third_party/re2 -I/home/pei/Project/duckdb-polr/third_party/miniz -I/home/pei/Project/duckdb-polr/third_party/utf8proc/include -I/home/pei/Project/duckdb-polr/third_party/miniparquet -I/home/pei/Project/duckdb-polr/third_party/concurrentqueue -I/home/pei/Project/duckdb-polr/third_party/pcg -I/home/pei/Project/duckdb-polr/third_party/tdigest -I/home/pei/Project/duckdb-polr/third_party/mbedtls/include -I/home/pei/Project/duckdb-polr/third_party/jaro_winkler -I/home/pei/Project/duckdb-polr/extension/jemalloc/include -I/home/pei/Project/duckdb-polr/extension/jemalloc/jemalloc/include -O3 -DNDEBUG -O3 -DNDEBUG   -fPIC -fdiagnostics-color=always -w -std=c++11 -MD -MT extension/jemalloc/jemalloc/CMakeFiles/jemalloc.dir/src/pac.cpp.o -MF extension/jemalloc/jemalloc/CMakeFiles/jemalloc.dir/src/pac.cpp.o.d -o extension/jemalloc/jemalloc/CMakeFiles/jemalloc.dir/src/pac.cpp.o -c /home/pei/Project/duckdb-polr/extension/jemalloc/jemalloc/src/pac.cpp
[243/376] /usr/bin/ccache /usr/lib/ccache/c++ -DDUCKDB_BUILD_LIBRARY -DENABLE_CROSS_PRODUCT_REWRITE=0 -DENABLE_DEBUG_PRINT=0 -DENABLE_MEASURE_EXE_TIME=0 -DENABLE_MERGE_BACK_PLAN=0 -DENABLE_PARALLEL_EXECUTION=0 -DENABLE_QUERY_SPLIT=0 -DENABLE_SPECIFY_EST_STAT=0 -DJEMALLOC_NO_PRIVATE_NAMESPACE -DJEMALLOC_NO_RENAME -I/home/pei/Project/duckdb-polr/src/include -I/home/pei/Project/duckdb-polr/third_party/fsst -I/home/pei/Project/duckdb-polr/third_party/fmt/include -I/home/pei/Project/duckdb-polr/third_party/hyperloglog -I/home/pei/Project/duckdb-polr/third_party/fastpforlib -I/home/pei/Project/duckdb-polr/third_party/fast_float -I/home/pei/Project/duckdb-polr/third_party/re2 -I/home/pei/Project/duckdb-polr/third_party/miniz -I/home/pei/Project/duckdb-polr/third_party/utf8proc/include -I/home/pei/Project/duckdb-polr/third_party/miniparquet -I/home/pei/Project/duckdb-polr/third_party/concurrentqueue -I/home/pei/Project/duckdb-polr/third_party/pcg -I/home/pei/Project/duckdb-polr/third_party/tdigest -I/home/pei/Project/duckdb-polr/third_party/mbedtls/include -I/home/pei/Project/duckdb-polr/third_party/jaro_winkler -I/home/pei/Project/duckdb-polr/extension/jemalloc/include -I/home/pei/Project/duckdb-polr/extension/jemalloc/jemalloc/include -O3 -DNDEBUG -O3 -DNDEBUG   -fPIC -fdiagnostics-color=always -w -std=c++11 -MD -MT extension/jemalloc/jemalloc/CMakeFiles/jemalloc.dir/src/pages.cpp.o -MF extension/jemalloc/jemalloc/CMakeFiles/jemalloc.dir/src/pages.cpp.o.d -o extension/jemalloc/jemalloc/CMakeFiles/jemalloc.dir/src/pages.cpp.o -c /home/pei/Project/duckdb-polr/extension/jemalloc/jemalloc/src/pages.cpp
[244/376] /usr/bin/ccache /usr/lib/ccache/c++ -DDUCKDB_BUILD_LIBRARY -DENABLE_CROSS_PRODUCT_REWRITE=0 -DENABLE_DEBUG_PRINT=0 -DENABLE_MEASURE_EXE_TIME=0 -DENABLE_MERGE_BACK_PLAN=0 -DENABLE_PARALLEL_EXECUTION=0 -DENABLE_QUERY_SPLIT=0 -DENABLE_SPECIFY_EST_STAT=0 -DJEMALLOC_NO_PRIVATE_NAMESPACE -DJEMALLOC_NO_RENAME -I/home/pei/Project/duckdb-polr/src/include -I/home/pei/Project/duckdb-polr/third_party/fsst -I/home/pei/Project/duckdb-polr/third_party/fmt/include -I/home/pei/Project/duckdb-polr/third_party/hyperloglog -I/home/pei/Project/duckdb-polr/third_party/fastpforlib -I/home/pei/Project/duckdb-polr/third_party/fast_float -I/home/pei/Project/duckdb-polr/third_party/re2 -I/home/pei/Project/duckdb-polr/third_party/miniz -I/home/pei/Project/duckdb-polr/third_party/utf8proc/include -I/home/pei/Project/duckdb-polr/third_party/miniparquet -I/home/pei/Project/duckdb-polr/third_party/concurrentqueue -I/home/pei/Project/duckdb-polr/third_party/pcg -I/home/pei/Project/duckdb-polr/third_party/tdigest -I/home/pei/Project/duckdb-polr/third_party/mbedtls/include -I/home/pei/Project/duckdb-polr/third_party/jaro_winkler -I/home/pei/Project/duckdb-polr/extension/jemalloc/include -I/home/pei/Project/duckdb-polr/extension/jemalloc/jemalloc/include -O3 -DNDEBUG -O3 -DNDEBUG   -fPIC -fdiagnostics-color=always -w -std=c++11 -MD -MT extension/jemalloc/jemalloc/CMakeFiles/jemalloc.dir/src/pai.cpp.o -MF extension/jemalloc/jemalloc/CMakeFiles/jemalloc.dir/src/pai.cpp.o.d -o extension/jemalloc/jemalloc/CMakeFiles/jemalloc.dir/src/pai.cpp.o -c /home/pei/Project/duckdb-polr/extension/jemalloc/jemalloc/src/pai.cpp
[245/376] /usr/bin/ccache /usr/lib/ccache/c++ -DDUCKDB_BUILD_LIBRARY -DENABLE_CROSS_PRODUCT_REWRITE=0 -DENABLE_DEBUG_PRINT=0 -DENABLE_MEASURE_EXE_TIME=0 -DENABLE_MERGE_BACK_PLAN=0 -DENABLE_PARALLEL_EXECUTION=0 -DENABLE_QUERY_SPLIT=0 -DENABLE_SPECIFY_EST_STAT=0 -DJEMALLOC_NO_PRIVATE_NAMESPACE -DJEMALLOC_NO_RENAME -I/home/pei/Project/duckdb-polr/src/include -I/home/pei/Project/duckdb-polr/third_party/fsst -I/home/pei/Project/duckdb-polr/third_party/fmt/include -I/home/pei/Project/duckdb-polr/third_party/hyperloglog -I/home/pei/Project/duckdb-polr/third_party/fastpforlib -I/home/pei/Project/duckdb-polr/third_party/fast_float -I/home/pei/Project/duckdb-polr/third_party/re2 -I/home/pei/Project/duckdb-polr/third_party/miniz -I/home/pei/Project/duckdb-polr/third_party/utf8proc/include -I/home/pei/Project/duckdb-polr/third_party/miniparquet -I/home/pei/Project/duckdb-polr/third_party/concurrentqueue -I/home/pei/Project/duckdb-polr/third_party/pcg -I/home/pei/Project/duckdb-polr/third_party/tdigest -I/home/pei/Project/duckdb-polr/third_party/mbedtls/include -I/home/pei/Project/duckdb-polr/third_party/jaro_winkler -I/home/pei/Project/duckdb-polr/extension/jemalloc/include -I/home/pei/Project/duckdb-polr/extension/jemalloc/jemalloc/include -O3 -DNDEBUG -O3 -DNDEBUG   -fPIC -fdiagnostics-color=always -w -std=c++11 -MD -MT extension/jemalloc/jemalloc/CMakeFiles/jemalloc.dir/src/nstime.cpp.o -MF extension/jemalloc/jemalloc/CMakeFiles/jemalloc.dir/src/nstime.cpp.o.d -o extension/jemalloc/jemalloc/CMakeFiles/jemalloc.dir/src/nstime.cpp.o -c /home/pei/Project/duckdb-polr/extension/jemalloc/jemalloc/src/nstime.cpp
[246/376] /usr/bin/ccache /usr/lib/ccache/c++ -DDUCKDB_BUILD_LIBRARY -DENABLE_CROSS_PRODUCT_REWRITE=0 -DENABLE_DEBUG_PRINT=0 -DENABLE_MEASURE_EXE_TIME=0 -DENABLE_MERGE_BACK_PLAN=0 -DENABLE_PARALLEL_EXECUTION=0 -DENABLE_QUERY_SPLIT=0 -DENABLE_SPECIFY_EST_STAT=0 -DJEMALLOC_NO_PRIVATE_NAMESPACE -DJEMALLOC_NO_RENAME -I/home/pei/Project/duckdb-polr/src/include -I/home/pei/Project/duckdb-polr/third_party/fsst -I/home/pei/Project/duckdb-polr/third_party/fmt/include -I/home/pei/Project/duckdb-polr/third_party/hyperloglog -I/home/pei/Project/duckdb-polr/third_party/fastpforlib -I/home/pei/Project/duckdb-polr/third_party/fast_float -I/home/pei/Project/duckdb-polr/third_party/re2 -I/home/pei/Project/duckdb-polr/third_party/miniz -I/home/pei/Project/duckdb-polr/third_party/utf8proc/include -I/home/pei/Project/duckdb-polr/third_party/miniparquet -I/home/pei/Project/duckdb-polr/third_party/concurrentqueue -I/home/pei/Project/duckdb-polr/third_party/pcg -I/home/pei/Project/duckdb-polr/third_party/tdigest -I/home/pei/Project/duckdb-polr/third_party/mbedtls/include -I/home/pei/Project/duckdb-polr/third_party/jaro_winkler -I/home/pei/Project/duckdb-polr/extension/jemalloc/include -I/home/pei/Project/duckdb-polr/extension/jemalloc/jemalloc/include -O3 -DNDEBUG -O3 -DNDEBUG   -fPIC -fdiagnostics-color=always -w -std=c++11 -MD -MT extension/jemalloc/jemalloc/CMakeFiles/jemalloc.dir/src/peak_event.cpp.o -MF extension/jemalloc/jemalloc/CMakeFiles/jemalloc.dir/src/peak_event.cpp.o.d -o extension/jemalloc/jemalloc/CMakeFiles/jemalloc.dir/src/peak_event.cpp.o -c /home/pei/Project/duckdb-polr/extension/jemalloc/jemalloc/src/peak_event.cpp
[247/376] /usr/bin/ccache /usr/lib/ccache/c++ -DDUCKDB_BUILD_LIBRARY -DENABLE_CROSS_PRODUCT_REWRITE=0 -DENABLE_DEBUG_PRINT=0 -DENABLE_MEASURE_EXE_TIME=0 -DENABLE_MERGE_BACK_PLAN=0 -DENABLE_PARALLEL_EXECUTION=0 -DENABLE_QUERY_SPLIT=0 -DENABLE_SPECIFY_EST_STAT=0 -DJEMALLOC_NO_PRIVATE_NAMESPACE -DJEMALLOC_NO_RENAME -I/home/pei/Project/duckdb-polr/src/include -I/home/pei/Project/duckdb-polr/third_party/fsst -I/home/pei/Project/duckdb-polr/third_party/fmt/include -I/home/pei/Project/duckdb-polr/third_party/hyperloglog -I/home/pei/Project/duckdb-polr/third_party/fastpforlib -I/home/pei/Project/duckdb-polr/third_party/fast_float -I/home/pei/Project/duckdb-polr/third_party/re2 -I/home/pei/Project/duckdb-polr/third_party/miniz -I/home/pei/Project/duckdb-polr/third_party/utf8proc/include -I/home/pei/Project/duckdb-polr/third_party/miniparquet -I/home/pei/Project/duckdb-polr/third_party/concurrentqueue -I/home/pei/Project/duckdb-polr/third_party/pcg -I/home/pei/Project/duckdb-polr/third_party/tdigest -I/home/pei/Project/duckdb-polr/third_party/mbedtls/include -I/home/pei/Project/duckdb-polr/third_party/jaro_winkler -I/home/pei/Project/duckdb-polr/extension/jemalloc/include -I/home/pei/Project/duckdb-polr/extension/jemalloc/jemalloc/include -O3 -DNDEBUG -O3 -DNDEBUG   -fPIC -fdiagnostics-color=always -w -std=c++11 -MD -MT extension/jemalloc/jemalloc/CMakeFiles/jemalloc.dir/src/prof.cpp.o -MF extension/jemalloc/jemalloc/CMakeFiles/jemalloc.dir/src/prof.cpp.o.d -o extension/jemalloc/jemalloc/CMakeFiles/jemalloc.dir/src/prof.cpp.o -c /home/pei/Project/duckdb-polr/extension/jemalloc/jemalloc/src/prof.cpp
[248/376] /usr/bin/ccache /usr/lib/ccache/c++ -DDUCKDB_BUILD_LIBRARY -DENABLE_CROSS_PRODUCT_REWRITE=0 -DENABLE_DEBUG_PRINT=0 -DENABLE_MEASURE_EXE_TIME=0 -DENABLE_MERGE_BACK_PLAN=0 -DENABLE_PARALLEL_EXECUTION=0 -DENABLE_QUERY_SPLIT=0 -DENABLE_SPECIFY_EST_STAT=0 -DJEMALLOC_NO_PRIVATE_NAMESPACE -DJEMALLOC_NO_RENAME -I/home/pei/Project/duckdb-polr/src/include -I/home/pei/Project/duckdb-polr/third_party/fsst -I/home/pei/Project/duckdb-polr/third_party/fmt/include -I/home/pei/Project/duckdb-polr/third_party/hyperloglog -I/home/pei/Project/duckdb-polr/third_party/fastpforlib -I/home/pei/Project/duckdb-polr/third_party/fast_float -I/home/pei/Project/duckdb-polr/third_party/re2 -I/home/pei/Project/duckdb-polr/third_party/miniz -I/home/pei/Project/duckdb-polr/third_party/utf8proc/include -I/home/pei/Project/duckdb-polr/third_party/miniparquet -I/home/pei/Project/duckdb-polr/third_party/concurrentqueue -I/home/pei/Project/duckdb-polr/third_party/pcg -I/home/pei/Project/duckdb-polr/third_party/tdigest -I/home/pei/Project/duckdb-polr/third_party/mbedtls/include -I/home/pei/Project/duckdb-polr/third_party/jaro_winkler -I/home/pei/Project/duckdb-polr/extension/jemalloc/include -I/home/pei/Project/duckdb-polr/extension/jemalloc/jemalloc/include -O3 -DNDEBUG -O3 -DNDEBUG   -fPIC -fdiagnostics-color=always -w -std=c++11 -MD -MT extension/jemalloc/jemalloc/CMakeFiles/jemalloc.dir/src/prof_data.cpp.o -MF extension/jemalloc/jemalloc/CMakeFiles/jemalloc.dir/src/prof_data.cpp.o.d -o extension/jemalloc/jemalloc/CMakeFiles/jemalloc.dir/src/prof_data.cpp.o -c /home/pei/Project/duckdb-polr/extension/jemalloc/jemalloc/src/prof_data.cpp
[249/376] /usr/bin/ccache /usr/lib/ccache/c++ -DDUCKDB_BUILD_LIBRARY -DENABLE_CROSS_PRODUCT_REWRITE=0 -DENABLE_DEBUG_PRINT=0 -DENABLE_MEASURE_EXE_TIME=0 -DENABLE_MERGE_BACK_PLAN=0 -DENABLE_PARALLEL_EXECUTION=0 -DENABLE_QUERY_SPLIT=0 -DENABLE_SPECIFY_EST_STAT=0 -DJEMALLOC_NO_PRIVATE_NAMESPACE -DJEMALLOC_NO_RENAME -I/home/pei/Project/duckdb-polr/src/include -I/home/pei/Project/duckdb-polr/third_party/fsst -I/home/pei/Project/duckdb-polr/third_party/fmt/include -I/home/pei/Project/duckdb-polr/third_party/hyperloglog -I/home/pei/Project/duckdb-polr/third_party/fastpforlib -I/home/pei/Project/duckdb-polr/third_party/fast_float -I/home/pei/Project/duckdb-polr/third_party/re2 -I/home/pei/Project/duckdb-polr/third_party/miniz -I/home/pei/Project/duckdb-polr/third_party/utf8proc/include -I/home/pei/Project/duckdb-polr/third_party/miniparquet -I/home/pei/Project/duckdb-polr/third_party/concurrentqueue -I/home/pei/Project/duckdb-polr/third_party/pcg -I/home/pei/Project/duckdb-polr/third_party/tdigest -I/home/pei/Project/duckdb-polr/third_party/mbedtls/include -I/home/pei/Project/duckdb-polr/third_party/jaro_winkler -I/home/pei/Project/duckdb-polr/extension/jemalloc/include -I/home/pei/Project/duckdb-polr/extension/jemalloc/jemalloc/include -O3 -DNDEBUG -O3 -DNDEBUG   -fPIC -fdiagnostics-color=always -w -std=c++11 -MD -MT extension/jemalloc/jemalloc/CMakeFiles/jemalloc.dir/src/prof_log.cpp.o -MF extension/jemalloc/jemalloc/CMakeFiles/jemalloc.dir/src/prof_log.cpp.o.d -o extension/jemalloc/jemalloc/CMakeFiles/jemalloc.dir/src/prof_log.cpp.o -c /home/pei/Project/duckdb-polr/extension/jemalloc/jemalloc/src/prof_log.cpp
[250/376] /usr/bin/ccache /usr/lib/ccache/c++ -DDUCKDB_BUILD_LIBRARY -DENABLE_CROSS_PRODUCT_REWRITE=0 -DENABLE_DEBUG_PRINT=0 -DENABLE_MEASURE_EXE_TIME=0 -DENABLE_MERGE_BACK_PLAN=0 -DENABLE_PARALLEL_EXECUTION=0 -DENABLE_QUERY_SPLIT=0 -DENABLE_SPECIFY_EST_STAT=0 -DJEMALLOC_NO_PRIVATE_NAMESPACE -DJEMALLOC_NO_RENAME -I/home/pei/Project/duckdb-polr/src/include -I/home/pei/Project/duckdb-polr/third_party/fsst -I/home/pei/Project/duckdb-polr/third_party/fmt/include -I/home/pei/Project/duckdb-polr/third_party/hyperloglog -I/home/pei/Project/duckdb-polr/third_party/fastpforlib -I/home/pei/Project/duckdb-polr/third_party/fast_float -I/home/pei/Project/duckdb-polr/third_party/re2 -I/home/pei/Project/duckdb-polr/third_party/miniz -I/home/pei/Project/duckdb-polr/third_party/utf8proc/include -I/home/pei/Project/duckdb-polr/third_party/miniparquet -I/home/pei/Project/duckdb-polr/third_party/concurrentqueue -I/home/pei/Project/duckdb-polr/third_party/pcg -I/home/pei/Project/duckdb-polr/third_party/tdigest -I/home/pei/Project/duckdb-polr/third_party/mbedtls/include -I/home/pei/Project/duckdb-polr/third_party/jaro_winkler -I/home/pei/Project/duckdb-polr/extension/jemalloc/include -I/home/pei/Project/duckdb-polr/extension/jemalloc/jemalloc/include -O3 -DNDEBUG -O3 -DNDEBUG   -fPIC -fdiagnostics-color=always -w -std=c++11 -MD -MT extension/jemalloc/jemalloc/CMakeFiles/jemalloc.dir/src/prof_recent.cpp.o -MF extension/jemalloc/jemalloc/CMakeFiles/jemalloc.dir/src/prof_recent.cpp.o.d -o extension/jemalloc/jemalloc/CMakeFiles/jemalloc.dir/src/prof_recent.cpp.o -c /home/pei/Project/duckdb-polr/extension/jemalloc/jemalloc/src/prof_recent.cpp
[251/376] /usr/bin/ccache /usr/lib/ccache/c++ -DDUCKDB_BUILD_LIBRARY -DENABLE_CROSS_PRODUCT_REWRITE=0 -DENABLE_DEBUG_PRINT=0 -DENABLE_MEASURE_EXE_TIME=0 -DENABLE_MERGE_BACK_PLAN=0 -DENABLE_PARALLEL_EXECUTION=0 -DENABLE_QUERY_SPLIT=0 -DENABLE_SPECIFY_EST_STAT=0 -DJEMALLOC_NO_PRIVATE_NAMESPACE -DJEMALLOC_NO_RENAME -I/home/pei/Project/duckdb-polr/src/include -I/home/pei/Project/duckdb-polr/third_party/fsst -I/home/pei/Project/duckdb-polr/third_party/fmt/include -I/home/pei/Project/duckdb-polr/third_party/hyperloglog -I/home/pei/Project/duckdb-polr/third_party/fastpforlib -I/home/pei/Project/duckdb-polr/third_party/fast_float -I/home/pei/Project/duckdb-polr/third_party/re2 -I/home/pei/Project/duckdb-polr/third_party/miniz -I/home/pei/Project/duckdb-polr/third_party/utf8proc/include -I/home/pei/Project/duckdb-polr/third_party/miniparquet -I/home/pei/Project/duckdb-polr/third_party/concurrentqueue -I/home/pei/Project/duckdb-polr/third_party/pcg -I/home/pei/Project/duckdb-polr/third_party/tdigest -I/home/pei/Project/duckdb-polr/third_party/mbedtls/include -I/home/pei/Project/duckdb-polr/third_party/jaro_winkler -I/home/pei/Project/duckdb-polr/extension/jemalloc/include -I/home/pei/Project/duckdb-polr/extension/jemalloc/jemalloc/include -O3 -DNDEBUG -O3 -DNDEBUG   -fPIC -fdiagnostics-color=always -w -std=c++11 -MD -MT extension/jemalloc/jemalloc/CMakeFiles/jemalloc.dir/src/prof_stats.cpp.o -MF extension/jemalloc/jemalloc/CMakeFiles/jemalloc.dir/src/prof_stats.cpp.o.d -o extension/jemalloc/jemalloc/CMakeFiles/jemalloc.dir/src/prof_stats.cpp.o -c /home/pei/Project/duckdb-polr/extension/jemalloc/jemalloc/src/prof_stats.cpp
[252/376] /usr/bin/ccache /usr/lib/ccache/c++ -DDUCKDB_BUILD_LIBRARY -DENABLE_CROSS_PRODUCT_REWRITE=0 -DENABLE_DEBUG_PRINT=0 -DENABLE_MEASURE_EXE_TIME=0 -DENABLE_MERGE_BACK_PLAN=0 -DENABLE_PARALLEL_EXECUTION=0 -DENABLE_QUERY_SPLIT=0 -DENABLE_SPECIFY_EST_STAT=0 -DJEMALLOC_NO_PRIVATE_NAMESPACE -DJEMALLOC_NO_RENAME -I/home/pei/Project/duckdb-polr/src/include -I/home/pei/Project/duckdb-polr/third_party/fsst -I/home/pei/Project/duckdb-polr/third_party/fmt/include -I/home/pei/Project/duckdb-polr/third_party/hyperloglog -I/home/pei/Project/duckdb-polr/third_party/fastpforlib -I/home/pei/Project/duckdb-polr/third_party/fast_float -I/home/pei/Project/duckdb-polr/third_party/re2 -I/home/pei/Project/duckdb-polr/third_party/miniz -I/home/pei/Project/duckdb-polr/third_party/utf8proc/include -I/home/pei/Project/duckdb-polr/third_party/miniparquet -I/home/pei/Project/duckdb-polr/third_party/concurrentqueue -I/home/pei/Project/duckdb-polr/third_party/pcg -I/home/pei/Project/duckdb-polr/third_party/tdigest -I/home/pei/Project/duckdb-polr/third_party/mbedtls/include -I/home/pei/Project/duckdb-polr/third_party/jaro_winkler -I/home/pei/Project/duckdb-polr/extension/jemalloc/include -I/home/pei/Project/duckdb-polr/extension/jemalloc/jemalloc/include -O3 -DNDEBUG -O3 -DNDEBUG   -fPIC -fdiagnostics-color=always -w -std=c++11 -MD -MT extension/jemalloc/jemalloc/CMakeFiles/jemalloc.dir/src/prof_sys.cpp.o -MF extension/jemalloc/jemalloc/CMakeFiles/jemalloc.dir/src/prof_sys.cpp.o.d -o extension/jemalloc/jemalloc/CMakeFiles/jemalloc.dir/src/prof_sys.cpp.o -c /home/pei/Project/duckdb-polr/extension/jemalloc/jemalloc/src/prof_sys.cpp
[253/376] /usr/bin/ccache /usr/lib/ccache/c++ -DDUCKDB_BUILD_LIBRARY -DENABLE_CROSS_PRODUCT_REWRITE=0 -DENABLE_DEBUG_PRINT=0 -DENABLE_MEASURE_EXE_TIME=0 -DENABLE_MERGE_BACK_PLAN=0 -DENABLE_PARALLEL_EXECUTION=0 -DENABLE_QUERY_SPLIT=0 -DENABLE_SPECIFY_EST_STAT=0 -DJEMALLOC_NO_PRIVATE_NAMESPACE -DJEMALLOC_NO_RENAME -I/home/pei/Project/duckdb-polr/src/include -I/home/pei/Project/duckdb-polr/third_party/fsst -I/home/pei/Project/duckdb-polr/third_party/fmt/include -I/home/pei/Project/duckdb-polr/third_party/hyperloglog -I/home/pei/Project/duckdb-polr/third_party/fastpforlib -I/home/pei/Project/duckdb-polr/third_party/fast_float -I/home/pei/Project/duckdb-polr/third_party/re2 -I/home/pei/Project/duckdb-polr/third_party/miniz -I/home/pei/Project/duckdb-polr/third_party/utf8proc/include -I/home/pei/Project/duckdb-polr/third_party/miniparquet -I/home/pei/Project/duckdb-polr/third_party/concurrentqueue -I/home/pei/Project/duckdb-polr/third_party/pcg -I/home/pei/Project/duckdb-polr/third_party/tdigest -I/home/pei/Project/duckdb-polr/third_party/mbedtls/include -I/home/pei/Project/duckdb-polr/third_party/jaro_winkler -I/home/pei/Project/duckdb-polr/extension/jemalloc/include -I/home/pei/Project/duckdb-polr/extension/jemalloc/jemalloc/include -O3 -DNDEBUG -O3 -DNDEBUG   -fPIC -fdiagnostics-color=always -w -std=c++11 -MD -MT extension/jemalloc/jemalloc/CMakeFiles/jemalloc.dir/src/rtree.cpp.o -MF extension/jemalloc/jemalloc/CMakeFiles/jemalloc.dir/src/rtree.cpp.o.d -o extension/jemalloc/jemalloc/CMakeFiles/jemalloc.dir/src/rtree.cpp.o -c /home/pei/Project/duckdb-polr/extension/jemalloc/jemalloc/src/rtree.cpp
[254/376] /usr/bin/ccache /usr/lib/ccache/c++ -DDUCKDB_BUILD_LIBRARY -DENABLE_CROSS_PRODUCT_REWRITE=0 -DENABLE_DEBUG_PRINT=0 -DENABLE_MEASURE_EXE_TIME=0 -DENABLE_MERGE_BACK_PLAN=0 -DENABLE_PARALLEL_EXECUTION=0 -DENABLE_QUERY_SPLIT=0 -DENABLE_SPECIFY_EST_STAT=0 -DJEMALLOC_NO_PRIVATE_NAMESPACE -DJEMALLOC_NO_RENAME -I/home/pei/Project/duckdb-polr/src/include -I/home/pei/Project/duckdb-polr/third_party/fsst -I/home/pei/Project/duckdb-polr/third_party/fmt/include -I/home/pei/Project/duckdb-polr/third_party/hyperloglog -I/home/pei/Project/duckdb-polr/third_party/fastpforlib -I/home/pei/Project/duckdb-polr/third_party/fast_float -I/home/pei/Project/duckdb-polr/third_party/re2 -I/home/pei/Project/duckdb-polr/third_party/miniz -I/home/pei/Project/duckdb-polr/third_party/utf8proc/include -I/home/pei/Project/duckdb-polr/third_party/miniparquet -I/home/pei/Project/duckdb-polr/third_party/concurrentqueue -I/home/pei/Project/duckdb-polr/third_party/pcg -I/home/pei/Project/duckdb-polr/third_party/tdigest -I/home/pei/Project/duckdb-polr/third_party/mbedtls/include -I/home/pei/Project/duckdb-polr/third_party/jaro_winkler -I/home/pei/Project/duckdb-polr/extension/jemalloc/include -I/home/pei/Project/duckdb-polr/extension/jemalloc/jemalloc/include -O3 -DNDEBUG -O3 -DNDEBUG   -fPIC -fdiagnostics-color=always -w -std=c++11 -MD -MT extension/jemalloc/jemalloc/CMakeFiles/jemalloc.dir/src/safety_check.cpp.o -MF extension/jemalloc/jemalloc/CMakeFiles/jemalloc.dir/src/safety_check.cpp.o.d -o extension/jemalloc/jemalloc/CMakeFiles/jemalloc.dir/src/safety_check.cpp.o -c /home/pei/Project/duckdb-polr/extension/jemalloc/jemalloc/src/safety_check.cpp
[255/376] /usr/bin/ccache /usr/lib/ccache/c++ -DDUCKDB_BUILD_LIBRARY -DENABLE_CROSS_PRODUCT_REWRITE=0 -DENABLE_DEBUG_PRINT=0 -DENABLE_MEASURE_EXE_TIME=0 -DENABLE_MERGE_BACK_PLAN=0 -DENABLE_PARALLEL_EXECUTION=0 -DENABLE_QUERY_SPLIT=0 -DENABLE_SPECIFY_EST_STAT=0 -DJEMALLOC_NO_PRIVATE_NAMESPACE -DJEMALLOC_NO_RENAME -I/home/pei/Project/duckdb-polr/src/include -I/home/pei/Project/duckdb-polr/third_party/fsst -I/home/pei/Project/duckdb-polr/third_party/fmt/include -I/home/pei/Project/duckdb-polr/third_party/hyperloglog -I/home/pei/Project/duckdb-polr/third_party/fastpforlib -I/home/pei/Project/duckdb-polr/third_party/fast_float -I/home/pei/Project/duckdb-polr/third_party/re2 -I/home/pei/Project/duckdb-polr/third_party/miniz -I/home/pei/Project/duckdb-polr/third_party/utf8proc/include -I/home/pei/Project/duckdb-polr/third_party/miniparquet -I/home/pei/Project/duckdb-polr/third_party/concurrentqueue -I/home/pei/Project/duckdb-polr/third_party/pcg -I/home/pei/Project/duckdb-polr/third_party/tdigest -I/home/pei/Project/duckdb-polr/third_party/mbedtls/include -I/home/pei/Project/duckdb-polr/third_party/jaro_winkler -I/home/pei/Project/duckdb-polr/extension/jemalloc/include -I/home/pei/Project/duckdb-polr/extension/jemalloc/jemalloc/include -O3 -DNDEBUG -O3 -DNDEBUG   -fPIC -fdiagnostics-color=always -w -std=c++11 -MD -MT extension/jemalloc/jemalloc/CMakeFiles/jemalloc.dir/src/psset.cpp.o -MF extension/jemalloc/jemalloc/CMakeFiles/jemalloc.dir/src/psset.cpp.o.d -o extension/jemalloc/jemalloc/CMakeFiles/jemalloc.dir/src/psset.cpp.o -c /home/pei/Project/duckdb-polr/extension/jemalloc/jemalloc/src/psset.cpp
[256/376] /usr/bin/ccache /usr/lib/ccache/c++ -DDUCKDB_BUILD_LIBRARY -DENABLE_CROSS_PRODUCT_REWRITE=0 -DENABLE_DEBUG_PRINT=0 -DENABLE_MEASURE_EXE_TIME=0 -DENABLE_MERGE_BACK_PLAN=0 -DENABLE_PARALLEL_EXECUTION=0 -DENABLE_QUERY_SPLIT=0 -DENABLE_SPECIFY_EST_STAT=0 -DJEMALLOC_NO_PRIVATE_NAMESPACE -DJEMALLOC_NO_RENAME -I/home/pei/Project/duckdb-polr/src/include -I/home/pei/Project/duckdb-polr/third_party/fsst -I/home/pei/Project/duckdb-polr/third_party/fmt/include -I/home/pei/Project/duckdb-polr/third_party/hyperloglog -I/home/pei/Project/duckdb-polr/third_party/fastpforlib -I/home/pei/Project/duckdb-polr/third_party/fast_float -I/home/pei/Project/duckdb-polr/third_party/re2 -I/home/pei/Project/duckdb-polr/third_party/miniz -I/home/pei/Project/duckdb-polr/third_party/utf8proc/include -I/home/pei/Project/duckdb-polr/third_party/miniparquet -I/home/pei/Project/duckdb-polr/third_party/concurrentqueue -I/home/pei/Project/duckdb-polr/third_party/pcg -I/home/pei/Project/duckdb-polr/third_party/tdigest -I/home/pei/Project/duckdb-polr/third_party/mbedtls/include -I/home/pei/Project/duckdb-polr/third_party/jaro_winkler -I/home/pei/Project/duckdb-polr/extension/jemalloc/include -I/home/pei/Project/duckdb-polr/extension/jemalloc/jemalloc/include -O3 -DNDEBUG -O3 -DNDEBUG   -fPIC -fdiagnostics-color=always -w -std=c++11 -MD -MT extension/jemalloc/jemalloc/CMakeFiles/jemalloc.dir/src/san.cpp.o -MF extension/jemalloc/jemalloc/CMakeFiles/jemalloc.dir/src/san.cpp.o.d -o extension/jemalloc/jemalloc/CMakeFiles/jemalloc.dir/src/san.cpp.o -c /home/pei/Project/duckdb-polr/extension/jemalloc/jemalloc/src/san.cpp
[257/376] /usr/bin/ccache /usr/lib/ccache/c++ -DDUCKDB_BUILD_LIBRARY -DENABLE_CROSS_PRODUCT_REWRITE=0 -DENABLE_DEBUG_PRINT=0 -DENABLE_MEASURE_EXE_TIME=0 -DENABLE_MERGE_BACK_PLAN=0 -DENABLE_PARALLEL_EXECUTION=0 -DENABLE_QUERY_SPLIT=0 -DENABLE_SPECIFY_EST_STAT=0 -DJEMALLOC_NO_PRIVATE_NAMESPACE -DJEMALLOC_NO_RENAME -I/home/pei/Project/duckdb-polr/src/include -I/home/pei/Project/duckdb-polr/third_party/fsst -I/home/pei/Project/duckdb-polr/third_party/fmt/include -I/home/pei/Project/duckdb-polr/third_party/hyperloglog -I/home/pei/Project/duckdb-polr/third_party/fastpforlib -I/home/pei/Project/duckdb-polr/third_party/fast_float -I/home/pei/Project/duckdb-polr/third_party/re2 -I/home/pei/Project/duckdb-polr/third_party/miniz -I/home/pei/Project/duckdb-polr/third_party/utf8proc/include -I/home/pei/Project/duckdb-polr/third_party/miniparquet -I/home/pei/Project/duckdb-polr/third_party/concurrentqueue -I/home/pei/Project/duckdb-polr/third_party/pcg -I/home/pei/Project/duckdb-polr/third_party/tdigest -I/home/pei/Project/duckdb-polr/third_party/mbedtls/include -I/home/pei/Project/duckdb-polr/third_party/jaro_winkler -I/home/pei/Project/duckdb-polr/extension/jemalloc/include -I/home/pei/Project/duckdb-polr/extension/jemalloc/jemalloc/include -O3 -DNDEBUG -O3 -DNDEBUG   -fPIC -fdiagnostics-color=always -w -std=c++11 -MD -MT extension/jemalloc/jemalloc/CMakeFiles/jemalloc.dir/src/san_bump.cpp.o -MF extension/jemalloc/jemalloc/CMakeFiles/jemalloc.dir/src/san_bump.cpp.o.d -o extension/jemalloc/jemalloc/CMakeFiles/jemalloc.dir/src/san_bump.cpp.o -c /home/pei/Project/duckdb-polr/extension/jemalloc/jemalloc/src/san_bump.cpp
[258/376] /usr/bin/ccache /usr/lib/ccache/c++ -DDUCKDB_BUILD_LIBRARY -DENABLE_CROSS_PRODUCT_REWRITE=0 -DENABLE_DEBUG_PRINT=0 -DENABLE_MEASURE_EXE_TIME=0 -DENABLE_MERGE_BACK_PLAN=0 -DENABLE_PARALLEL_EXECUTION=0 -DENABLE_QUERY_SPLIT=0 -DENABLE_SPECIFY_EST_STAT=0 -DJEMALLOC_NO_PRIVATE_NAMESPACE -DJEMALLOC_NO_RENAME -I/home/pei/Project/duckdb-polr/src/include -I/home/pei/Project/duckdb-polr/third_party/fsst -I/home/pei/Project/duckdb-polr/third_party/fmt/include -I/home/pei/Project/duckdb-polr/third_party/hyperloglog -I/home/pei/Project/duckdb-polr/third_party/fastpforlib -I/home/pei/Project/duckdb-polr/third_party/fast_float -I/home/pei/Project/duckdb-polr/third_party/re2 -I/home/pei/Project/duckdb-polr/third_party/miniz -I/home/pei/Project/duckdb-polr/third_party/utf8proc/include -I/home/pei/Project/duckdb-polr/third_party/miniparquet -I/home/pei/Project/duckdb-polr/third_party/concurrentqueue -I/home/pei/Project/duckdb-polr/third_party/pcg -I/home/pei/Project/duckdb-polr/third_party/tdigest -I/home/pei/Project/duckdb-polr/third_party/mbedtls/include -I/home/pei/Project/duckdb-polr/third_party/jaro_winkler -I/home/pei/Project/duckdb-polr/extension/jemalloc/include -I/home/pei/Project/duckdb-polr/extension/jemalloc/jemalloc/include -O3 -DNDEBUG -O3 -DNDEBUG   -fPIC -fdiagnostics-color=always -w -std=c++11 -MD -MT extension/jemalloc/jemalloc/CMakeFiles/jemalloc.dir/src/sc.cpp.o -MF extension/jemalloc/jemalloc/CMakeFiles/jemalloc.dir/src/sc.cpp.o.d -o extension/jemalloc/jemalloc/CMakeFiles/jemalloc.dir/src/sc.cpp.o -c /home/pei/Project/duckdb-polr/extension/jemalloc/jemalloc/src/sc.cpp
[259/376] /usr/bin/ccache /usr/lib/ccache/c++ -DDUCKDB_BUILD_LIBRARY -DENABLE_CROSS_PRODUCT_REWRITE=0 -DENABLE_DEBUG_PRINT=0 -DENABLE_MEASURE_EXE_TIME=0 -DENABLE_MERGE_BACK_PLAN=0 -DENABLE_PARALLEL_EXECUTION=0 -DENABLE_QUERY_SPLIT=0 -DENABLE_SPECIFY_EST_STAT=0 -DJEMALLOC_NO_PRIVATE_NAMESPACE -DJEMALLOC_NO_RENAME -I/home/pei/Project/duckdb-polr/src/include -I/home/pei/Project/duckdb-polr/third_party/fsst -I/home/pei/Project/duckdb-polr/third_party/fmt/include -I/home/pei/Project/duckdb-polr/third_party/hyperloglog -I/home/pei/Project/duckdb-polr/third_party/fastpforlib -I/home/pei/Project/duckdb-polr/third_party/fast_float -I/home/pei/Project/duckdb-polr/third_party/re2 -I/home/pei/Project/duckdb-polr/third_party/miniz -I/home/pei/Project/duckdb-polr/third_party/utf8proc/include -I/home/pei/Project/duckdb-polr/third_party/miniparquet -I/home/pei/Project/duckdb-polr/third_party/concurrentqueue -I/home/pei/Project/duckdb-polr/third_party/pcg -I/home/pei/Project/duckdb-polr/third_party/tdigest -I/home/pei/Project/duckdb-polr/third_party/mbedtls/include -I/home/pei/Project/duckdb-polr/third_party/jaro_winkler -I/home/pei/Project/duckdb-polr/extension/jemalloc/include -I/home/pei/Project/duckdb-polr/extension/jemalloc/jemalloc/include -O3 -DNDEBUG -O3 -DNDEBUG   -fPIC -fdiagnostics-color=always -w -std=c++11 -MD -MT extension/jemalloc/jemalloc/CMakeFiles/jemalloc.dir/src/sec.cpp.o -MF extension/jemalloc/jemalloc/CMakeFiles/jemalloc.dir/src/sec.cpp.o.d -o extension/jemalloc/jemalloc/CMakeFiles/jemalloc.dir/src/sec.cpp.o -c /home/pei/Project/duckdb-polr/extension/jemalloc/jemalloc/src/sec.cpp
[260/376] /usr/bin/ccache /usr/lib/ccache/c++ -DDUCKDB_BUILD_LIBRARY -DENABLE_CROSS_PRODUCT_REWRITE=0 -DENABLE_DEBUG_PRINT=0 -DENABLE_MEASURE_EXE_TIME=0 -DENABLE_MERGE_BACK_PLAN=0 -DENABLE_PARALLEL_EXECUTION=0 -DENABLE_QUERY_SPLIT=0 -DENABLE_SPECIFY_EST_STAT=0 -DJEMALLOC_NO_PRIVATE_NAMESPACE -DJEMALLOC_NO_RENAME -I/home/pei/Project/duckdb-polr/src/include -I/home/pei/Project/duckdb-polr/third_party/fsst -I/home/pei/Project/duckdb-polr/third_party/fmt/include -I/home/pei/Project/duckdb-polr/third_party/hyperloglog -I/home/pei/Project/duckdb-polr/third_party/fastpforlib -I/home/pei/Project/duckdb-polr/third_party/fast_float -I/home/pei/Project/duckdb-polr/third_party/re2 -I/home/pei/Project/duckdb-polr/third_party/miniz -I/home/pei/Project/duckdb-polr/third_party/utf8proc/include -I/home/pei/Project/duckdb-polr/third_party/miniparquet -I/home/pei/Project/duckdb-polr/third_party/concurrentqueue -I/home/pei/Project/duckdb-polr/third_party/pcg -I/home/pei/Project/duckdb-polr/third_party/tdigest -I/home/pei/Project/duckdb-polr/third_party/mbedtls/include -I/home/pei/Project/duckdb-polr/third_party/jaro_winkler -I/home/pei/Project/duckdb-polr/extension/jemalloc/include -I/home/pei/Project/duckdb-polr/extension/jemalloc/jemalloc/include -O3 -DNDEBUG -O3 -DNDEBUG   -fPIC -fdiagnostics-color=always -w -std=c++11 -MD -MT extension/jemalloc/jemalloc/CMakeFiles/jemalloc.dir/src/stats.cpp.o -MF extension/jemalloc/jemalloc/CMakeFiles/jemalloc.dir/src/stats.cpp.o.d -o extension/jemalloc/jemalloc/CMakeFiles/jemalloc.dir/src/stats.cpp.o -c /home/pei/Project/duckdb-polr/extension/jemalloc/jemalloc/src/stats.cpp
[261/376] /usr/bin/ccache /usr/lib/ccache/c++ -DDUCKDB_BUILD_LIBRARY -DENABLE_CROSS_PRODUCT_REWRITE=0 -DENABLE_DEBUG_PRINT=0 -DENABLE_MEASURE_EXE_TIME=0 -DENABLE_MERGE_BACK_PLAN=0 -DENABLE_PARALLEL_EXECUTION=0 -DENABLE_QUERY_SPLIT=0 -DENABLE_SPECIFY_EST_STAT=0 -DJEMALLOC_NO_PRIVATE_NAMESPACE -DJEMALLOC_NO_RENAME -I/home/pei/Project/duckdb-polr/src/include -I/home/pei/Project/duckdb-polr/third_party/fsst -I/home/pei/Project/duckdb-polr/third_party/fmt/include -I/home/pei/Project/duckdb-polr/third_party/hyperloglog -I/home/pei/Project/duckdb-polr/third_party/fastpforlib -I/home/pei/Project/duckdb-polr/third_party/fast_float -I/home/pei/Project/duckdb-polr/third_party/re2 -I/home/pei/Project/duckdb-polr/third_party/miniz -I/home/pei/Project/duckdb-polr/third_party/utf8proc/include -I/home/pei/Project/duckdb-polr/third_party/miniparquet -I/home/pei/Project/duckdb-polr/third_party/concurrentqueue -I/home/pei/Project/duckdb-polr/third_party/pcg -I/home/pei/Project/duckdb-polr/third_party/tdigest -I/home/pei/Project/duckdb-polr/third_party/mbedtls/include -I/home/pei/Project/duckdb-polr/third_party/jaro_winkler -I/home/pei/Project/duckdb-polr/extension/jemalloc/include -I/home/pei/Project/duckdb-polr/extension/jemalloc/jemalloc/include -O3 -DNDEBUG -O3 -DNDEBUG   -fPIC -fdiagnostics-color=always -w -std=c++11 -MD -MT extension/jemalloc/jemalloc/CMakeFiles/jemalloc.dir/src/sz.cpp.o -MF extension/jemalloc/jemalloc/CMakeFiles/jemalloc.dir/src/sz.cpp.o.d -o extension/jemalloc/jemalloc/CMakeFiles/jemalloc.dir/src/sz.cpp.o -c /home/pei/Project/duckdb-polr/extension/jemalloc/jemalloc/src/sz.cpp
[262/376] /usr/bin/ccache /usr/lib/ccache/c++ -DDUCKDB_BUILD_LIBRARY -DENABLE_CROSS_PRODUCT_REWRITE=0 -DENABLE_DEBUG_PRINT=0 -DENABLE_MEASURE_EXE_TIME=0 -DENABLE_MERGE_BACK_PLAN=0 -DENABLE_PARALLEL_EXECUTION=0 -DENABLE_QUERY_SPLIT=0 -DENABLE_SPECIFY_EST_STAT=0 -DJEMALLOC_NO_PRIVATE_NAMESPACE -DJEMALLOC_NO_RENAME -I/home/pei/Project/duckdb-polr/src/include -I/home/pei/Project/duckdb-polr/third_party/fsst -I/home/pei/Project/duckdb-polr/third_party/fmt/include -I/home/pei/Project/duckdb-polr/third_party/hyperloglog -I/home/pei/Project/duckdb-polr/third_party/fastpforlib -I/home/pei/Project/duckdb-polr/third_party/fast_float -I/home/pei/Project/duckdb-polr/third_party/re2 -I/home/pei/Project/duckdb-polr/third_party/miniz -I/home/pei/Project/duckdb-polr/third_party/utf8proc/include -I/home/pei/Project/duckdb-polr/third_party/miniparquet -I/home/pei/Project/duckdb-polr/third_party/concurrentqueue -I/home/pei/Project/duckdb-polr/third_party/pcg -I/home/pei/Project/duckdb-polr/third_party/tdigest -I/home/pei/Project/duckdb-polr/third_party/mbedtls/include -I/home/pei/Project/duckdb-polr/third_party/jaro_winkler -I/home/pei/Project/duckdb-polr/extension/jemalloc/include -I/home/pei/Project/duckdb-polr/extension/jemalloc/jemalloc/include -O3 -DNDEBUG -O3 -DNDEBUG   -fPIC -fdiagnostics-color=always -w -std=c++11 -MD -MT extension/jemalloc/jemalloc/CMakeFiles/jemalloc.dir/src/tcache.cpp.o -MF extension/jemalloc/jemalloc/CMakeFiles/jemalloc.dir/src/tcache.cpp.o.d -o extension/jemalloc/jemalloc/CMakeFiles/jemalloc.dir/src/tcache.cpp.o -c /home/pei/Project/duckdb-polr/extension/jemalloc/jemalloc/src/tcache.cpp
[263/376] /usr/bin/ccache /usr/lib/ccache/c++ -DDUCKDB_BUILD_LIBRARY -DENABLE_CROSS_PRODUCT_REWRITE=0 -DENABLE_DEBUG_PRINT=0 -DENABLE_MEASURE_EXE_TIME=0 -DENABLE_MERGE_BACK_PLAN=0 -DENABLE_PARALLEL_EXECUTION=0 -DENABLE_QUERY_SPLIT=0 -DENABLE_SPECIFY_EST_STAT=0 -DJEMALLOC_NO_PRIVATE_NAMESPACE -DJEMALLOC_NO_RENAME -I/home/pei/Project/duckdb-polr/src/include -I/home/pei/Project/duckdb-polr/third_party/fsst -I/home/pei/Project/duckdb-polr/third_party/fmt/include -I/home/pei/Project/duckdb-polr/third_party/hyperloglog -I/home/pei/Project/duckdb-polr/third_party/fastpforlib -I/home/pei/Project/duckdb-polr/third_party/fast_float -I/home/pei/Project/duckdb-polr/third_party/re2 -I/home/pei/Project/duckdb-polr/third_party/miniz -I/home/pei/Project/duckdb-polr/third_party/utf8proc/include -I/home/pei/Project/duckdb-polr/third_party/miniparquet -I/home/pei/Project/duckdb-polr/third_party/concurrentqueue -I/home/pei/Project/duckdb-polr/third_party/pcg -I/home/pei/Project/duckdb-polr/third_party/tdigest -I/home/pei/Project/duckdb-polr/third_party/mbedtls/include -I/home/pei/Project/duckdb-polr/third_party/jaro_winkler -I/home/pei/Project/duckdb-polr/extension/jemalloc/include -I/home/pei/Project/duckdb-polr/extension/jemalloc/jemalloc/include -O3 -DNDEBUG -O3 -DNDEBUG   -fPIC -fdiagnostics-color=always -w -std=c++11 -MD -MT extension/jemalloc/jemalloc/CMakeFiles/jemalloc.dir/src/test_hooks.cpp.o -MF extension/jemalloc/jemalloc/CMakeFiles/jemalloc.dir/src/test_hooks.cpp.o.d -o extension/jemalloc/jemalloc/CMakeFiles/jemalloc.dir/src/test_hooks.cpp.o -c /home/pei/Project/duckdb-polr/extension/jemalloc/jemalloc/src/test_hooks.cpp
[264/376] /usr/bin/ccache /usr/lib/ccache/c++ -DDUCKDB_BUILD_LIBRARY -DENABLE_CROSS_PRODUCT_REWRITE=0 -DENABLE_DEBUG_PRINT=0 -DENABLE_MEASURE_EXE_TIME=0 -DENABLE_MERGE_BACK_PLAN=0 -DENABLE_PARALLEL_EXECUTION=0 -DENABLE_QUERY_SPLIT=0 -DENABLE_SPECIFY_EST_STAT=0 -DJEMALLOC_NO_PRIVATE_NAMESPACE -DJEMALLOC_NO_RENAME -I/home/pei/Project/duckdb-polr/src/include -I/home/pei/Project/duckdb-polr/third_party/fsst -I/home/pei/Project/duckdb-polr/third_party/fmt/include -I/home/pei/Project/duckdb-polr/third_party/hyperloglog -I/home/pei/Project/duckdb-polr/third_party/fastpforlib -I/home/pei/Project/duckdb-polr/third_party/fast_float -I/home/pei/Project/duckdb-polr/third_party/re2 -I/home/pei/Project/duckdb-polr/third_party/miniz -I/home/pei/Project/duckdb-polr/third_party/utf8proc/include -I/home/pei/Project/duckdb-polr/third_party/miniparquet -I/home/pei/Project/duckdb-polr/third_party/concurrentqueue -I/home/pei/Project/duckdb-polr/third_party/pcg -I/home/pei/Project/duckdb-polr/third_party/tdigest -I/home/pei/Project/duckdb-polr/third_party/mbedtls/include -I/home/pei/Project/duckdb-polr/third_party/jaro_winkler -I/home/pei/Project/duckdb-polr/extension/jemalloc/include -I/home/pei/Project/duckdb-polr/extension/jemalloc/jemalloc/include -O3 -DNDEBUG -O3 -DNDEBUG   -fPIC -fdiagnostics-color=always -w -std=c++11 -MD -MT extension/jemalloc/jemalloc/CMakeFiles/jemalloc.dir/src/thread_event.cpp.o -MF extension/jemalloc/jemalloc/CMakeFiles/jemalloc.dir/src/thread_event.cpp.o.d -o extension/jemalloc/jemalloc/CMakeFiles/jemalloc.dir/src/thread_event.cpp.o -c /home/pei/Project/duckdb-polr/extension/jemalloc/jemalloc/src/thread_event.cpp
[265/376] /usr/bin/ccache /usr/lib/ccache/c++ -DDUCKDB_BUILD_LIBRARY -DENABLE_CROSS_PRODUCT_REWRITE=0 -DENABLE_DEBUG_PRINT=0 -DENABLE_MEASURE_EXE_TIME=0 -DENABLE_MERGE_BACK_PLAN=0 -DENABLE_PARALLEL_EXECUTION=0 -DENABLE_QUERY_SPLIT=0 -DENABLE_SPECIFY_EST_STAT=0 -DJEMALLOC_NO_PRIVATE_NAMESPACE -DJEMALLOC_NO_RENAME -I/home/pei/Project/duckdb-polr/src/include -I/home/pei/Project/duckdb-polr/third_party/fsst -I/home/pei/Project/duckdb-polr/third_party/fmt/include -I/home/pei/Project/duckdb-polr/third_party/hyperloglog -I/home/pei/Project/duckdb-polr/third_party/fastpforlib -I/home/pei/Project/duckdb-polr/third_party/fast_float -I/home/pei/Project/duckdb-polr/third_party/re2 -I/home/pei/Project/duckdb-polr/third_party/miniz -I/home/pei/Project/duckdb-polr/third_party/utf8proc/include -I/home/pei/Project/duckdb-polr/third_party/miniparquet -I/home/pei/Project/duckdb-polr/third_party/concurrentqueue -I/home/pei/Project/duckdb-polr/third_party/pcg -I/home/pei/Project/duckdb-polr/third_party/tdigest -I/home/pei/Project/duckdb-polr/third_party/mbedtls/include -I/home/pei/Project/duckdb-polr/third_party/jaro_winkler -I/home/pei/Project/duckdb-polr/extension/jemalloc/include -I/home/pei/Project/duckdb-polr/extension/jemalloc/jemalloc/include -O3 -DNDEBUG -O3 -DNDEBUG   -fPIC -fdiagnostics-color=always -w -std=c++11 -MD -MT extension/jemalloc/jemalloc/CMakeFiles/jemalloc.dir/src/ticker.cpp.o -MF extension/jemalloc/jemalloc/CMakeFiles/jemalloc.dir/src/ticker.cpp.o.d -o extension/jemalloc/jemalloc/CMakeFiles/jemalloc.dir/src/ticker.cpp.o -c /home/pei/Project/duckdb-polr/extension/jemalloc/jemalloc/src/ticker.cpp
[266/376] /usr/bin/ccache /usr/lib/ccache/c++ -DDUCKDB_BUILD_LIBRARY -DENABLE_CROSS_PRODUCT_REWRITE=0 -DENABLE_DEBUG_PRINT=0 -DENABLE_MEASURE_EXE_TIME=0 -DENABLE_MERGE_BACK_PLAN=0 -DENABLE_PARALLEL_EXECUTION=0 -DENABLE_QUERY_SPLIT=0 -DENABLE_SPECIFY_EST_STAT=0 -DJEMALLOC_NO_PRIVATE_NAMESPACE -DJEMALLOC_NO_RENAME -I/home/pei/Project/duckdb-polr/src/include -I/home/pei/Project/duckdb-polr/third_party/fsst -I/home/pei/Project/duckdb-polr/third_party/fmt/include -I/home/pei/Project/duckdb-polr/third_party/hyperloglog -I/home/pei/Project/duckdb-polr/third_party/fastpforlib -I/home/pei/Project/duckdb-polr/third_party/fast_float -I/home/pei/Project/duckdb-polr/third_party/re2 -I/home/pei/Project/duckdb-polr/third_party/miniz -I/home/pei/Project/duckdb-polr/third_party/utf8proc/include -I/home/pei/Project/duckdb-polr/third_party/miniparquet -I/home/pei/Project/duckdb-polr/third_party/concurrentqueue -I/home/pei/Project/duckdb-polr/third_party/pcg -I/home/pei/Project/duckdb-polr/third_party/tdigest -I/home/pei/Project/duckdb-polr/third_party/mbedtls/include -I/home/pei/Project/duckdb-polr/third_party/jaro_winkler -I/home/pei/Project/duckdb-polr/extension/jemalloc/include -I/home/pei/Project/duckdb-polr/extension/jemalloc/jemalloc/include -O3 -DNDEBUG -O3 -DNDEBUG   -fPIC -fdiagnostics-color=always -w -std=c++11 -MD -MT extension/jemalloc/jemalloc/CMakeFiles/jemalloc.dir/src/tsd.cpp.o -MF extension/jemalloc/jemalloc/CMakeFiles/jemalloc.dir/src/tsd.cpp.o.d -o extension/jemalloc/jemalloc/CMakeFiles/jemalloc.dir/src/tsd.cpp.o -c /home/pei/Project/duckdb-polr/extension/jemalloc/jemalloc/src/tsd.cpp
[267/376] /usr/bin/ccache /usr/lib/ccache/c++ -DDUCKDB_BUILD_LIBRARY -DENABLE_CROSS_PRODUCT_REWRITE=0 -DENABLE_DEBUG_PRINT=0 -DENABLE_MEASURE_EXE_TIME=0 -DENABLE_MERGE_BACK_PLAN=0 -DENABLE_PARALLEL_EXECUTION=0 -DENABLE_QUERY_SPLIT=0 -DENABLE_SPECIFY_EST_STAT=0 -DJEMALLOC_NO_PRIVATE_NAMESPACE -DJEMALLOC_NO_RENAME -I/home/pei/Project/duckdb-polr/src/include -I/home/pei/Project/duckdb-polr/third_party/fsst -I/home/pei/Project/duckdb-polr/third_party/fmt/include -I/home/pei/Project/duckdb-polr/third_party/hyperloglog -I/home/pei/Project/duckdb-polr/third_party/fastpforlib -I/home/pei/Project/duckdb-polr/third_party/fast_float -I/home/pei/Project/duckdb-polr/third_party/re2 -I/home/pei/Project/duckdb-polr/third_party/miniz -I/home/pei/Project/duckdb-polr/third_party/utf8proc/include -I/home/pei/Project/duckdb-polr/third_party/miniparquet -I/home/pei/Project/duckdb-polr/third_party/concurrentqueue -I/home/pei/Project/duckdb-polr/third_party/pcg -I/home/pei/Project/duckdb-polr/third_party/tdigest -I/home/pei/Project/duckdb-polr/third_party/mbedtls/include -I/home/pei/Project/duckdb-polr/third_party/jaro_winkler -I/home/pei/Project/duckdb-polr/extension/jemalloc/include -I/home/pei/Project/duckdb-polr/extension/jemalloc/jemalloc/include -O3 -DNDEBUG -O3 -DNDEBUG   -fPIC -fdiagnostics-color=always -w -std=c++11 -MD -MT extension/jemalloc/jemalloc/CMakeFiles/jemalloc.dir/src/witness.cpp.o -MF extension/jemalloc/jemalloc/CMakeFiles/jemalloc.dir/src/witness.cpp.o.d -o extension/jemalloc/jemalloc/CMakeFiles/jemalloc.dir/src/witness.cpp.o -c /home/pei/Project/duckdb-polr/extension/jemalloc/jemalloc/src/witness.cpp
[268/376] /usr/bin/ccache /usr/lib/ccache/c++ -DDUCKDB_BUILD_LIBRARY -DDUCKDB_ROOT_DIRECTORY=\"/home/pei/Project/duckdb-polr\" -DENABLE_CROSS_PRODUCT_REWRITE=0 -DENABLE_DEBUG_PRINT=0 -DENABLE_MEASURE_EXE_TIME=0 -DENABLE_MERGE_BACK_PLAN=0 -DENABLE_PARALLEL_EXECUTION=0 -DENABLE_QUERY_SPLIT=0 -DENABLE_SPECIFY_EST_STAT=0 -I/home/pei/Project/duckdb-polr/src/include -I/home/pei/Project/duckdb-polr/third_party/fsst -I/home/pei/Project/duckdb-polr/third_party/fmt/include -I/home/pei/Project/duckdb-polr/third_party/hyperloglog -I/home/pei/Project/duckdb-polr/third_party/fastpforlib -I/home/pei/Project/duckdb-polr/third_party/fast_float -I/home/pei/Project/duckdb-polr/third_party/re2 -I/home/pei/Project/duckdb-polr/third_party/miniz -I/home/pei/Project/duckdb-polr/third_party/utf8proc/include -I/home/pei/Project/duckdb-polr/third_party/miniparquet -I/home/pei/Project/duckdb-polr/third_party/concurrentqueue -I/home/pei/Project/duckdb-polr/third_party/pcg -I/home/pei/Project/duckdb-polr/third_party/tdigest -I/home/pei/Project/duckdb-polr/third_party/mbedtls/include -I/home/pei/Project/duckdb-polr/third_party/jaro_winkler -I/home/pei/Project/duckdb-polr/test/../third_party/catch -I/home/pei/Project/duckdb-polr/test/../third_party/tpce-tool/include -I/home/pei/Project/duckdb-polr/test/../third_party/sqlite/include -I/home/pei/Project/duckdb-polr/test/include -I/home/pei/Project/duckdb-polr/third_party/libpg_query/include -O3 -DNDEBUG -O3 -DNDEBUG   -fPIE -fdiagnostics-color=always -std=c++11 -MD -MT test/CMakeFiles/unittest.dir/unittest.cpp.o -MF test/CMakeFiles/unittest.dir/unittest.cpp.o.d -o test/CMakeFiles/unittest.dir/unittest.cpp.o -c /home/pei/Project/duckdb-polr/test/unittest.cpp
[269/376] /usr/bin/ccache /usr/lib/ccache/c++ -DDUCKDB_BUILD_LIBRARY -DENABLE_CROSS_PRODUCT_REWRITE=0 -DENABLE_DEBUG_PRINT=0 -DENABLE_MEASURE_EXE_TIME=0 -DENABLE_MERGE_BACK_PLAN=0 -DENABLE_PARALLEL_EXECUTION=0 -DENABLE_QUERY_SPLIT=0 -DENABLE_SPECIFY_EST_STAT=0 -I/home/pei/Project/duckdb-polr/src/include -I/home/pei/Project/duckdb-polr/third_party/fsst -I/home/pei/Project/duckdb-polr/third_party/fmt/include -I/home/pei/Project/duckdb-polr/third_party/hyperloglog -I/home/pei/Project/duckdb-polr/third_party/fastpforlib -I/home/pei/Project/duckdb-polr/third_party/fast_float -I/home/pei/Project/duckdb-polr/third_party/re2 -I/home/pei/Project/duckdb-polr/third_party/miniz -I/home/pei/Project/duckdb-polr/third_party/utf8proc/include -I/home/pei/Project/duckdb-polr/third_party/miniparquet -I/home/pei/Project/duckdb-polr/third_party/concurrentqueue -I/home/pei/Project/duckdb-polr/third_party/pcg -I/home/pei/Project/duckdb-polr/third_party/tdigest -I/home/pei/Project/duckdb-polr/third_party/mbedtls/include -I/home/pei/Project/duckdb-polr/third_party/jaro_winkler -I/home/pei/Project/duckdb-polr/test/../third_party/catch -I/home/pei/Project/duckdb-polr/test/../third_party/tpce-tool/include -I/home/pei/Project/duckdb-polr/test/../third_party/sqlite/include -I/home/pei/Project/duckdb-polr/test/include -O3 -DNDEBUG -O3 -DNDEBUG   -fPIC -fdiagnostics-color=always -std=c++11 -MD -MT test/api/capi/CMakeFiles/test_sql_capi.dir/ub_test_sql_capi.cpp.o -MF test/api/capi/CMakeFiles/test_sql_capi.dir/ub_test_sql_capi.cpp.o.d -o test/api/capi/CMakeFiles/test_sql_capi.dir/ub_test_sql_capi.cpp.o -c /home/pei/Project/duckdb-polr/build/release/test/api/capi/ub_test_sql_capi.cpp
[270/376] /usr/bin/ccache /usr/lib/ccache/c++ -DDUCKDB_BUILD_LIBRARY -DENABLE_CROSS_PRODUCT_REWRITE=0 -DENABLE_DEBUG_PRINT=0 -DENABLE_MEASURE_EXE_TIME=0 -DENABLE_MERGE_BACK_PLAN=0 -DENABLE_PARALLEL_EXECUTION=0 -DENABLE_QUERY_SPLIT=0 -DENABLE_SPECIFY_EST_STAT=0 -I/home/pei/Project/duckdb-polr/src/include -I/home/pei/Project/duckdb-polr/third_party/fsst -I/home/pei/Project/duckdb-polr/third_party/fmt/include -I/home/pei/Project/duckdb-polr/third_party/hyperloglog -I/home/pei/Project/duckdb-polr/third_party/fastpforlib -I/home/pei/Project/duckdb-polr/third_party/fast_float -I/home/pei/Project/duckdb-polr/third_party/re2 -I/home/pei/Project/duckdb-polr/third_party/miniz -I/home/pei/Project/duckdb-polr/third_party/utf8proc/include -I/home/pei/Project/duckdb-polr/third_party/miniparquet -I/home/pei/Project/duckdb-polr/third_party/concurrentqueue -I/home/pei/Project/duckdb-polr/third_party/pcg -I/home/pei/Project/duckdb-polr/third_party/tdigest -I/home/pei/Project/duckdb-polr/third_party/mbedtls/include -I/home/pei/Project/duckdb-polr/third_party/jaro_winkler -I/home/pei/Project/duckdb-polr/test/../third_party/catch -I/home/pei/Project/duckdb-polr/test/../third_party/tpce-tool/include -I/home/pei/Project/duckdb-polr/test/../third_party/sqlite/include -I/home/pei/Project/duckdb-polr/test/include -O3 -DNDEBUG -O3 -DNDEBUG   -fPIC -fdiagnostics-color=always -std=c++11 -MD -MT test/api/udf_function/CMakeFiles/test_api_udf_function.dir/ub_test_api_udf_function.cpp.o -MF test/api/udf_function/CMakeFiles/test_api_udf_function.dir/ub_test_api_udf_function.cpp.o.d -o test/api/udf_function/CMakeFiles/test_api_udf_function.dir/ub_test_api_udf_function.cpp.o -c /home/pei/Project/duckdb-polr/build/release/test/api/udf_function/ub_test_api_udf_function.cpp
[271/376] /usr/bin/ccache /usr/lib/ccache/c++ -DDUCKDB_BUILD_LIBRARY -DENABLE_CROSS_PRODUCT_REWRITE=0 -DENABLE_DEBUG_PRINT=0 -DENABLE_MEASURE_EXE_TIME=0 -DENABLE_MERGE_BACK_PLAN=0 -DENABLE_PARALLEL_EXECUTION=0 -DENABLE_QUERY_SPLIT=0 -DENABLE_SPECIFY_EST_STAT=0 -I/home/pei/Project/duckdb-polr/src/include -I/home/pei/Project/duckdb-polr/third_party/fsst -I/home/pei/Project/duckdb-polr/third_party/fmt/include -I/home/pei/Project/duckdb-polr/third_party/hyperloglog -I/home/pei/Project/duckdb-polr/third_party/fastpforlib -I/home/pei/Project/duckdb-polr/third_party/fast_float -I/home/pei/Project/duckdb-polr/third_party/re2 -I/home/pei/Project/duckdb-polr/third_party/miniz -I/home/pei/Project/duckdb-polr/third_party/utf8proc/include -I/home/pei/Project/duckdb-polr/third_party/miniparquet -I/home/pei/Project/duckdb-polr/third_party/concurrentqueue -I/home/pei/Project/duckdb-polr/third_party/pcg -I/home/pei/Project/duckdb-polr/third_party/tdigest -I/home/pei/Project/duckdb-polr/third_party/mbedtls/include -I/home/pei/Project/duckdb-polr/third_party/jaro_winkler -I/home/pei/Project/duckdb-polr/test/../third_party/catch -I/home/pei/Project/duckdb-polr/test/../third_party/tpce-tool/include -I/home/pei/Project/duckdb-polr/test/../third_party/sqlite/include -I/home/pei/Project/duckdb-polr/test/include -O3 -DNDEBUG -O3 -DNDEBUG   -fPIC -fdiagnostics-color=always -std=c++11 -MD -MT test/appender/CMakeFiles/test_appender.dir/ub_test_appender.cpp.o -MF test/appender/CMakeFiles/test_appender.dir/ub_test_appender.cpp.o.d -o test/appender/CMakeFiles/test_appender.dir/ub_test_appender.cpp.o -c /home/pei/Project/duckdb-polr/build/release/test/appender/ub_test_appender.cpp
[272/376] /usr/bin/ccache /usr/lib/ccache/c++ -DDUCKDB_BUILD_LIBRARY -DENABLE_CROSS_PRODUCT_REWRITE=0 -DENABLE_DEBUG_PRINT=0 -DENABLE_MEASURE_EXE_TIME=0 -DENABLE_MERGE_BACK_PLAN=0 -DENABLE_PARALLEL_EXECUTION=0 -DENABLE_QUERY_SPLIT=0 -DENABLE_SPECIFY_EST_STAT=0 -I/home/pei/Project/duckdb-polr/src/include -I/home/pei/Project/duckdb-polr/third_party/fsst -I/home/pei/Project/duckdb-polr/third_party/fmt/include -I/home/pei/Project/duckdb-polr/third_party/hyperloglog -I/home/pei/Project/duckdb-polr/third_party/fastpforlib -I/home/pei/Project/duckdb-polr/third_party/fast_float -I/home/pei/Project/duckdb-polr/third_party/re2 -I/home/pei/Project/duckdb-polr/third_party/miniz -I/home/pei/Project/duckdb-polr/third_party/utf8proc/include -I/home/pei/Project/duckdb-polr/third_party/miniparquet -I/home/pei/Project/duckdb-polr/third_party/concurrentqueue -I/home/pei/Project/duckdb-polr/third_party/pcg -I/home/pei/Project/duckdb-polr/third_party/tdigest -I/home/pei/Project/duckdb-polr/third_party/mbedtls/include -I/home/pei/Project/duckdb-polr/third_party/jaro_winkler -I/home/pei/Project/duckdb-polr/test/../third_party/catch -I/home/pei/Project/duckdb-polr/test/../third_party/tpce-tool/include -I/home/pei/Project/duckdb-polr/test/../third_party/sqlite/include -I/home/pei/Project/duckdb-polr/test/include -O3 -DNDEBUG -O3 -DNDEBUG   -fPIC -fdiagnostics-color=always -std=c++11 -MD -MT test/arrow_roundtrip/CMakeFiles/test_arrow_roundtrip.dir/ub_test_arrow_roundtrip.cpp.o -MF test/arrow_roundtrip/CMakeFiles/test_arrow_roundtrip.dir/ub_test_arrow_roundtrip.cpp.o.d -o test/arrow_roundtrip/CMakeFiles/test_arrow_roundtrip.dir/ub_test_arrow_roundtrip.cpp.o -c /home/pei/Project/duckdb-polr/build/release/test/arrow_roundtrip/ub_test_arrow_roundtrip.cpp
[273/376] /usr/bin/ccache /usr/lib/ccache/c++ -DDUCKDB_BUILD_LIBRARY -DENABLE_CROSS_PRODUCT_REWRITE=0 -DENABLE_DEBUG_PRINT=0 -DENABLE_MEASURE_EXE_TIME=0 -DENABLE_MERGE_BACK_PLAN=0 -DENABLE_PARALLEL_EXECUTION=0 -DENABLE_QUERY_SPLIT=0 -DENABLE_SPECIFY_EST_STAT=0 -I/home/pei/Project/duckdb-polr/src/include -I/home/pei/Project/duckdb-polr/third_party/fsst -I/home/pei/Project/duckdb-polr/third_party/fmt/include -I/home/pei/Project/duckdb-polr/third_party/hyperloglog -I/home/pei/Project/duckdb-polr/third_party/fastpforlib -I/home/pei/Project/duckdb-polr/third_party/fast_float -I/home/pei/Project/duckdb-polr/third_party/re2 -I/home/pei/Project/duckdb-polr/third_party/miniz -I/home/pei/Project/duckdb-polr/third_party/utf8proc/include -I/home/pei/Project/duckdb-polr/third_party/miniparquet -I/home/pei/Project/duckdb-polr/third_party/concurrentqueue -I/home/pei/Project/duckdb-polr/third_party/pcg -I/home/pei/Project/duckdb-polr/third_party/tdigest -I/home/pei/Project/duckdb-polr/third_party/mbedtls/include -I/home/pei/Project/duckdb-polr/third_party/jaro_winkler -I/home/pei/Project/duckdb-polr/test/../third_party/catch -I/home/pei/Project/duckdb-polr/test/../third_party/tpce-tool/include -I/home/pei/Project/duckdb-polr/test/../third_party/sqlite/include -I/home/pei/Project/duckdb-polr/test/include -O3 -DNDEBUG -O3 -DNDEBUG   -fPIC -fdiagnostics-color=always -std=c++11 -MD -MT test/common/CMakeFiles/test_common.dir/ub_test_common.cpp.o -MF test/common/CMakeFiles/test_common.dir/ub_test_common.cpp.o.d -o test/common/CMakeFiles/test_common.dir/ub_test_common.cpp.o -c /home/pei/Project/duckdb-polr/build/release/test/common/ub_test_common.cpp
[274/376] /usr/bin/ccache /usr/lib/ccache/c++ -DDUCKDB_BUILD_DIRECTORY=\"/home/pei/Project/duckdb-polr/build/release\" -DDUCKDB_BUILD_LIBRARY -DDUCKDB_BUILD_LOADABLE_EXTENSION -DENABLE_CROSS_PRODUCT_REWRITE=0 -DENABLE_DEBUG_PRINT=0 -DENABLE_MEASURE_EXE_TIME=0 -DENABLE_MERGE_BACK_PLAN=0 -DENABLE_PARALLEL_EXECUTION=0 -DENABLE_QUERY_SPLIT=0 -DENABLE_SPECIFY_EST_STAT=0 -I/home/pei/Project/duckdb-polr/src/include -I/home/pei/Project/duckdb-polr/third_party/fsst -I/home/pei/Project/duckdb-polr/third_party/fmt/include -I/home/pei/Project/duckdb-polr/third_party/hyperloglog -I/home/pei/Project/duckdb-polr/third_party/fastpforlib -I/home/pei/Project/duckdb-polr/third_party/fast_float -I/home/pei/Project/duckdb-polr/third_party/re2 -I/home/pei/Project/duckdb-polr/third_party/miniz -I/home/pei/Project/duckdb-polr/third_party/utf8proc/include -I/home/pei/Project/duckdb-polr/third_party/miniparquet -I/home/pei/Project/duckdb-polr/third_party/concurrentqueue -I/home/pei/Project/duckdb-polr/third_party/pcg -I/home/pei/Project/duckdb-polr/third_party/tdigest -I/home/pei/Project/duckdb-polr/third_party/mbedtls/include -I/home/pei/Project/duckdb-polr/third_party/jaro_winkler -I/home/pei/Project/duckdb-polr/test/../third_party/catch -I/home/pei/Project/duckdb-polr/test/../third_party/tpce-tool/include -I/home/pei/Project/duckdb-polr/test/../third_party/sqlite/include -I/home/pei/Project/duckdb-polr/test/include -O3 -DNDEBUG -O3 -DNDEBUG   -fPIC -fdiagnostics-color=always -std=c++11 -MD -MT test/extension/CMakeFiles/loadable_extension_demo_loadable_extension.dir/loadable_extension_demo.cpp.o -MF test/extension/CMakeFiles/loadable_extension_demo_loadable_extension.dir/loadable_extension_demo.cpp.o.d -o test/extension/CMakeFiles/loadable_extension_demo_loadable_extension.dir/loadable_extension_demo.cpp.o -c /home/pei/Project/duckdb-polr/test/extension/loadable_extension_demo.cpp
[275/376] /usr/bin/ccache /usr/lib/ccache/c++ -DDUCKDB_BUILD_DIRECTORY=\"/home/pei/Project/duckdb-polr/build/release\" -DDUCKDB_BUILD_LIBRARY -DDUCKDB_BUILD_LOADABLE_EXTENSION -DENABLE_CROSS_PRODUCT_REWRITE=0 -DENABLE_DEBUG_PRINT=0 -DENABLE_MEASURE_EXE_TIME=0 -DENABLE_MERGE_BACK_PLAN=0 -DENABLE_PARALLEL_EXECUTION=0 -DENABLE_QUERY_SPLIT=0 -DENABLE_SPECIFY_EST_STAT=0 -I/home/pei/Project/duckdb-polr/src/include -I/home/pei/Project/duckdb-polr/third_party/fsst -I/home/pei/Project/duckdb-polr/third_party/fmt/include -I/home/pei/Project/duckdb-polr/third_party/hyperloglog -I/home/pei/Project/duckdb-polr/third_party/fastpforlib -I/home/pei/Project/duckdb-polr/third_party/fast_float -I/home/pei/Project/duckdb-polr/third_party/re2 -I/home/pei/Project/duckdb-polr/third_party/miniz -I/home/pei/Project/duckdb-polr/third_party/utf8proc/include -I/home/pei/Project/duckdb-polr/third_party/miniparquet -I/home/pei/Project/duckdb-polr/third_party/concurrentqueue -I/home/pei/Project/duckdb-polr/third_party/pcg -I/home/pei/Project/duckdb-polr/third_party/tdigest -I/home/pei/Project/duckdb-polr/third_party/mbedtls/include -I/home/pei/Project/duckdb-polr/third_party/jaro_winkler -I/home/pei/Project/duckdb-polr/test/../third_party/catch -I/home/pei/Project/duckdb-polr/test/../third_party/tpce-tool/include -I/home/pei/Project/duckdb-polr/test/../third_party/sqlite/include -I/home/pei/Project/duckdb-polr/test/include -O3 -DNDEBUG -O3 -DNDEBUG   -fPIC -fdiagnostics-color=always -std=c++11 -MD -MT test/extension/CMakeFiles/loadable_extension_optimizer_demo_loadable_extension.dir/loadable_extension_optimizer_demo.cpp.o -MF test/extension/CMakeFiles/loadable_extension_optimizer_demo_loadable_extension.dir/loadable_extension_optimizer_demo.cpp.o.d -o test/extension/CMakeFiles/loadable_extension_optimizer_demo_loadable_extension.dir/loadable_extension_optimizer_demo.cpp.o -c /home/pei/Project/duckdb-polr/test/extension/loadable_extension_optimizer_demo.cpp
[276/376] /usr/bin/ccache /usr/lib/ccache/c++ -DDUCKDB_BUILD_DIRECTORY=\"/home/pei/Project/duckdb-polr/build/release\" -DDUCKDB_BUILD_LIBRARY -DENABLE_CROSS_PRODUCT_REWRITE=0 -DENABLE_DEBUG_PRINT=0 -DENABLE_MEASURE_EXE_TIME=0 -DENABLE_MERGE_BACK_PLAN=0 -DENABLE_PARALLEL_EXECUTION=0 -DENABLE_QUERY_SPLIT=0 -DENABLE_SPECIFY_EST_STAT=0 -I/home/pei/Project/duckdb-polr/src/include -I/home/pei/Project/duckdb-polr/third_party/fsst -I/home/pei/Project/duckdb-polr/third_party/fmt/include -I/home/pei/Project/duckdb-polr/third_party/hyperloglog -I/home/pei/Project/duckdb-polr/third_party/fastpforlib -I/home/pei/Project/duckdb-polr/third_party/fast_float -I/home/pei/Project/duckdb-polr/third_party/re2 -I/home/pei/Project/duckdb-polr/third_party/miniz -I/home/pei/Project/duckdb-polr/third_party/utf8proc/include -I/home/pei/Project/duckdb-polr/third_party/miniparquet -I/home/pei/Project/duckdb-polr/third_party/concurrentqueue -I/home/pei/Project/duckdb-polr/third_party/pcg -I/home/pei/Project/duckdb-polr/third_party/tdigest -I/home/pei/Project/duckdb-polr/third_party/mbedtls/include -I/home/pei/Project/duckdb-polr/third_party/jaro_winkler -I/home/pei/Project/duckdb-polr/test/../third_party/catch -I/home/pei/Project/duckdb-polr/test/../third_party/tpce-tool/include -I/home/pei/Project/duckdb-polr/test/../third_party/sqlite/include -I/home/pei/Project/duckdb-polr/test/include -O3 -DNDEBUG -O3 -DNDEBUG   -fPIC -fdiagnostics-color=always -std=c++11 -MD -MT test/extension/CMakeFiles/test_extensions.dir/ub_test_extensions.cpp.o -MF test/extension/CMakeFiles/test_extensions.dir/ub_test_extensions.cpp.o.d -o test/extension/CMakeFiles/test_extensions.dir/ub_test_extensions.cpp.o -c /home/pei/Project/duckdb-polr/build/release/test/extension/ub_test_extensions.cpp
[277/376] /usr/bin/ccache /usr/lib/ccache/c++ -DDUCKDB_BUILD_LIBRARY -DENABLE_CROSS_PRODUCT_REWRITE=0 -DENABLE_DEBUG_PRINT=0 -DENABLE_MEASURE_EXE_TIME=0 -DENABLE_MERGE_BACK_PLAN=0 -DENABLE_PARALLEL_EXECUTION=0 -DENABLE_QUERY_SPLIT=0 -DENABLE_SPECIFY_EST_STAT=0 -I/home/pei/Project/duckdb-polr/src/include -I/home/pei/Project/duckdb-polr/third_party/fsst -I/home/pei/Project/duckdb-polr/third_party/fmt/include -I/home/pei/Project/duckdb-polr/third_party/hyperloglog -I/home/pei/Project/duckdb-polr/third_party/fastpforlib -I/home/pei/Project/duckdb-polr/third_party/fast_float -I/home/pei/Project/duckdb-polr/third_party/re2 -I/home/pei/Project/duckdb-polr/third_party/miniz -I/home/pei/Project/duckdb-polr/third_party/utf8proc/include -I/home/pei/Project/duckdb-polr/third_party/miniparquet -I/home/pei/Project/duckdb-polr/third_party/concurrentqueue -I/home/pei/Project/duckdb-polr/third_party/pcg -I/home/pei/Project/duckdb-polr/third_party/tdigest -I/home/pei/Project/duckdb-polr/third_party/mbedtls/include -I/home/pei/Project/duckdb-polr/third_party/jaro_winkler -I/home/pei/Project/duckdb-polr/test/../third_party/catch -I/home/pei/Project/duckdb-polr/test/../third_party/tpce-tool/include -I/home/pei/Project/duckdb-polr/test/../third_party/sqlite/include -I/home/pei/Project/duckdb-polr/test/include -I/home/pei/Project/duckdb-polr/third_party/libpg_query/include -O3 -DNDEBUG -O3 -DNDEBUG   -fPIC -fdiagnostics-color=always -std=c++11 -MD -MT test/helpers/CMakeFiles/test_helpers.dir/test_helpers.cpp.o -MF test/helpers/CMakeFiles/test_helpers.dir/test_helpers.cpp.o.d -o test/helpers/CMakeFiles/test_helpers.dir/test_helpers.cpp.o -c /home/pei/Project/duckdb-polr/test/helpers/test_helpers.cpp
[278/376] /usr/bin/ccache /usr/lib/ccache/c++ -DDUCKDB_BUILD_LIBRARY -DENABLE_CROSS_PRODUCT_REWRITE=0 -DENABLE_DEBUG_PRINT=0 -DENABLE_MEASURE_EXE_TIME=0 -DENABLE_MERGE_BACK_PLAN=0 -DENABLE_PARALLEL_EXECUTION=0 -DENABLE_QUERY_SPLIT=0 -DENABLE_SPECIFY_EST_STAT=0 -I/home/pei/Project/duckdb-polr/src/include -I/home/pei/Project/duckdb-polr/third_party/fsst -I/home/pei/Project/duckdb-polr/third_party/fmt/include -I/home/pei/Project/duckdb-polr/third_party/hyperloglog -I/home/pei/Project/duckdb-polr/third_party/fastpforlib -I/home/pei/Project/duckdb-polr/third_party/fast_float -I/home/pei/Project/duckdb-polr/third_party/re2 -I/home/pei/Project/duckdb-polr/third_party/miniz -I/home/pei/Project/duckdb-polr/third_party/utf8proc/include -I/home/pei/Project/duckdb-polr/third_party/miniparquet -I/home/pei/Project/duckdb-polr/third_party/concurrentqueue -I/home/pei/Project/duckdb-polr/third_party/pcg -I/home/pei/Project/duckdb-polr/third_party/tdigest -I/home/pei/Project/duckdb-polr/third_party/mbedtls/include -I/home/pei/Project/duckdb-polr/third_party/jaro_winkler -I/home/pei/Project/duckdb-polr/test/../third_party/catch -I/home/pei/Project/duckdb-polr/test/../third_party/tpce-tool/include -I/home/pei/Project/duckdb-polr/test/../third_party/sqlite/include -I/home/pei/Project/duckdb-polr/test/include -I/home/pei/Project/duckdb-polr/third_party/libpg_query/include -O3 -DNDEBUG -O3 -DNDEBUG   -fPIC -fdiagnostics-color=always -std=c++11 -MD -MT test/helpers/CMakeFiles/test_helpers.dir/capi_tester.cpp.o -MF test/helpers/CMakeFiles/test_helpers.dir/capi_tester.cpp.o.d -o test/helpers/CMakeFiles/test_helpers.dir/capi_tester.cpp.o -c /home/pei/Project/duckdb-polr/test/helpers/capi_tester.cpp
[279/376] /usr/bin/ccache /usr/lib/ccache/c++ -DDUCKDB_BUILD_LIBRARY -DENABLE_CROSS_PRODUCT_REWRITE=0 -DENABLE_DEBUG_PRINT=0 -DENABLE_MEASURE_EXE_TIME=0 -DENABLE_MERGE_BACK_PLAN=0 -DENABLE_PARALLEL_EXECUTION=0 -DENABLE_QUERY_SPLIT=0 -DENABLE_SPECIFY_EST_STAT=0 -I/home/pei/Project/duckdb-polr/src/include -I/home/pei/Project/duckdb-polr/third_party/fsst -I/home/pei/Project/duckdb-polr/third_party/fmt/include -I/home/pei/Project/duckdb-polr/third_party/hyperloglog -I/home/pei/Project/duckdb-polr/third_party/fastpforlib -I/home/pei/Project/duckdb-polr/third_party/fast_float -I/home/pei/Project/duckdb-polr/third_party/re2 -I/home/pei/Project/duckdb-polr/third_party/miniz -I/home/pei/Project/duckdb-polr/third_party/utf8proc/include -I/home/pei/Project/duckdb-polr/third_party/miniparquet -I/home/pei/Project/duckdb-polr/third_party/concurrentqueue -I/home/pei/Project/duckdb-polr/third_party/pcg -I/home/pei/Project/duckdb-polr/third_party/tdigest -I/home/pei/Project/duckdb-polr/third_party/mbedtls/include -I/home/pei/Project/duckdb-polr/third_party/jaro_winkler -I/home/pei/Project/duckdb-polr/test/../third_party/catch -I/home/pei/Project/duckdb-polr/test/../third_party/tpce-tool/include -I/home/pei/Project/duckdb-polr/test/../third_party/sqlite/include -I/home/pei/Project/duckdb-polr/test/include -I/home/pei/Project/duckdb-polr/third_party/libpg_query/include -O3 -DNDEBUG -O3 -DNDEBUG   -fPIC -fdiagnostics-color=always -std=c++11 -MD -MT test/helpers/CMakeFiles/test_helpers.dir/pid.cpp.o -MF test/helpers/CMakeFiles/test_helpers.dir/pid.cpp.o.d -o test/helpers/CMakeFiles/test_helpers.dir/pid.cpp.o -c /home/pei/Project/duckdb-polr/test/helpers/pid.cpp
[280/376] /usr/bin/ccache /usr/lib/ccache/c++ -DDUCKDB_BUILD_LIBRARY -DENABLE_CROSS_PRODUCT_REWRITE=0 -DENABLE_DEBUG_PRINT=0 -DENABLE_MEASURE_EXE_TIME=0 -DENABLE_MERGE_BACK_PLAN=0 -DENABLE_PARALLEL_EXECUTION=0 -DENABLE_QUERY_SPLIT=0 -DENABLE_SPECIFY_EST_STAT=0 -I/home/pei/Project/duckdb-polr/src/include -I/home/pei/Project/duckdb-polr/third_party/fsst -I/home/pei/Project/duckdb-polr/third_party/fmt/include -I/home/pei/Project/duckdb-polr/third_party/hyperloglog -I/home/pei/Project/duckdb-polr/third_party/fastpforlib -I/home/pei/Project/duckdb-polr/third_party/fast_float -I/home/pei/Project/duckdb-polr/third_party/re2 -I/home/pei/Project/duckdb-polr/third_party/miniz -I/home/pei/Project/duckdb-polr/third_party/utf8proc/include -I/home/pei/Project/duckdb-polr/third_party/miniparquet -I/home/pei/Project/duckdb-polr/third_party/concurrentqueue -I/home/pei/Project/duckdb-polr/third_party/pcg -I/home/pei/Project/duckdb-polr/third_party/tdigest -I/home/pei/Project/duckdb-polr/third_party/mbedtls/include -I/home/pei/Project/duckdb-polr/third_party/jaro_winkler -I/home/pei/Project/duckdb-polr/test/../third_party/catch -I/home/pei/Project/duckdb-polr/test/../third_party/tpce-tool/include -I/home/pei/Project/duckdb-polr/test/../third_party/sqlite/include -I/home/pei/Project/duckdb-polr/test/include -O3 -DNDEBUG -O3 -DNDEBUG   -fPIC -fdiagnostics-color=always -std=c++11 -MD -MT test/memoryleak/CMakeFiles/test_memory_leak.dir/ub_test_memory_leak.cpp.o -MF test/memoryleak/CMakeFiles/test_memory_leak.dir/ub_test_memory_leak.cpp.o.d -o test/memoryleak/CMakeFiles/test_memory_leak.dir/ub_test_memory_leak.cpp.o -c /home/pei/Project/duckdb-polr/build/release/test/memoryleak/ub_test_memory_leak.cpp
[281/376] /usr/bin/ccache /usr/lib/ccache/c++ -DDUCKDB_BUILD_LIBRARY -DENABLE_CROSS_PRODUCT_REWRITE=0 -DENABLE_DEBUG_PRINT=0 -DENABLE_MEASURE_EXE_TIME=0 -DENABLE_MERGE_BACK_PLAN=0 -DENABLE_PARALLEL_EXECUTION=0 -DENABLE_QUERY_SPLIT=0 -DENABLE_SPECIFY_EST_STAT=0 -I/home/pei/Project/duckdb-polr/src/include -I/home/pei/Project/duckdb-polr/third_party/fsst -I/home/pei/Project/duckdb-polr/third_party/fmt/include -I/home/pei/Project/duckdb-polr/third_party/hyperloglog -I/home/pei/Project/duckdb-polr/third_party/fastpforlib -I/home/pei/Project/duckdb-polr/third_party/fast_float -I/home/pei/Project/duckdb-polr/third_party/re2 -I/home/pei/Project/duckdb-polr/third_party/miniz -I/home/pei/Project/duckdb-polr/third_party/utf8proc/include -I/home/pei/Project/duckdb-polr/third_party/miniparquet -I/home/pei/Project/duckdb-polr/third_party/concurrentqueue -I/home/pei/Project/duckdb-polr/third_party/pcg -I/home/pei/Project/duckdb-polr/third_party/tdigest -I/home/pei/Project/duckdb-polr/third_party/mbedtls/include -I/home/pei/Project/duckdb-polr/third_party/jaro_winkler -I/home/pei/Project/duckdb-polr/test/../third_party/catch -I/home/pei/Project/duckdb-polr/test/../third_party/tpce-tool/include -I/home/pei/Project/duckdb-polr/test/../third_party/sqlite/include -I/home/pei/Project/duckdb-polr/test/include -O3 -DNDEBUG -O3 -DNDEBUG   -fPIC -fdiagnostics-color=always -std=c++11 -MD -MT test/sql/filter/CMakeFiles/test_filter.dir/ub_test_filter.cpp.o -MF test/sql/filter/CMakeFiles/test_filter.dir/ub_test_filter.cpp.o.d -o test/sql/filter/CMakeFiles/test_filter.dir/ub_test_filter.cpp.o -c /home/pei/Project/duckdb-polr/build/release/test/sql/filter/ub_test_filter.cpp
[282/376] : && /usr/lib/ccache/c++ -fPIC -O3 -DNDEBUG -O3 -DNDEBUG   -shared -Wl,-soname,parquet.duckdb_extension -o extension/parquet/parquet.duckdb_extension extension/parquet/CMakeFiles/parquet_loadable_extension.dir/column_writer.cpp.o extension/parquet/CMakeFiles/parquet_loadable_extension.dir/parquet-extension.cpp.o extension/parquet/CMakeFiles/parquet_loadable_extension.dir/parquet_metadata.cpp.o extension/parquet/CMakeFiles/parquet_loadable_extension.dir/parquet_reader.cpp.o extension/parquet/CMakeFiles/parquet_loadable_extension.dir/parquet_timestamp.cpp.o extension/parquet/CMakeFiles/parquet_loadable_extension.dir/parquet_writer.cpp.o extension/parquet/CMakeFiles/parquet_loadable_extension.dir/parquet_statistics.cpp.o extension/parquet/CMakeFiles/parquet_loadable_extension.dir/zstd_file_system.cpp.o extension/parquet/CMakeFiles/parquet_loadable_extension.dir/column_reader.cpp.o extension/parquet/CMakeFiles/parquet_loadable_extension.dir/__/__/third_party/parquet/parquet_constants.cpp.o extension/parquet/CMakeFiles/parquet_loadable_extension.dir/__/__/third_party/parquet/parquet_types.cpp.o extension/parquet/CMakeFiles/parquet_loadable_extension.dir/__/__/third_party/thrift/thrift/protocol/TProtocol.cpp.o extension/parquet/CMakeFiles/parquet_loadable_extension.dir/__/__/third_party/thrift/thrift/transport/TTransportException.cpp.o extension/parquet/CMakeFiles/parquet_loadable_extension.dir/__/__/third_party/thrift/thrift/transport/TBufferTransports.cpp.o extension/parquet/CMakeFiles/parquet_loadable_extension.dir/__/__/third_party/snappy/snappy.cc.o extension/parquet/CMakeFiles/parquet_loadable_extension.dir/__/__/third_party/snappy/snappy-sinksource.cc.o extension/parquet/CMakeFiles/parquet_loadable_extension.dir/__/__/third_party/zstd/decompress/zstd_ddict.cpp.o extension/parquet/CMakeFiles/parquet_loadable_extension.dir/__/__/third_party/zstd/decompress/huf_decompress.cpp.o extension/parquet/CMakeFiles/parquet_loadable_extension.dir/__/__/third_party/zstd/decompress/zstd_decompress.cpp.o extension/parquet/CMakeFiles/parquet_loadable_extension.dir/__/__/third_party/zstd/decompress/zstd_decompress_block.cpp.o extension/parquet/CMakeFiles/parquet_loadable_extension.dir/__/__/third_party/zstd/common/entropy_common.cpp.o extension/parquet/CMakeFiles/parquet_loadable_extension.dir/__/__/third_party/zstd/common/fse_decompress.cpp.o extension/parquet/CMakeFiles/parquet_loadable_extension.dir/__/__/third_party/zstd/common/zstd_common.cpp.o extension/parquet/CMakeFiles/parquet_loadable_extension.dir/__/__/third_party/zstd/common/error_private.cpp.o extension/parquet/CMakeFiles/parquet_loadable_extension.dir/__/__/third_party/zstd/common/xxhash.cpp.o extension/parquet/CMakeFiles/parquet_loadable_extension.dir/__/__/third_party/zstd/compress/fse_compress.cpp.o extension/parquet/CMakeFiles/parquet_loadable_extension.dir/__/__/third_party/zstd/compress/hist.cpp.o extension/parquet/CMakeFiles/parquet_loadable_extension.dir/__/__/third_party/zstd/compress/huf_compress.cpp.o extension/parquet/CMakeFiles/parquet_loadable_extension.dir/__/__/third_party/zstd/compress/zstd_compress.cpp.o extension/parquet/CMakeFiles/parquet_loadable_extension.dir/__/__/third_party/zstd/compress/zstd_compress_literals.cpp.o extension/parquet/CMakeFiles/parquet_loadable_extension.dir/__/__/third_party/zstd/compress/zstd_compress_sequences.cpp.o extension/parquet/CMakeFiles/parquet_loadable_extension.dir/__/__/third_party/zstd/compress/zstd_compress_superblock.cpp.o extension/parquet/CMakeFiles/parquet_loadable_extension.dir/__/__/third_party/zstd/compress/zstd_double_fast.cpp.o extension/parquet/CMakeFiles/parquet_loadable_extension.dir/__/__/third_party/zstd/compress/zstd_fast.cpp.o extension/parquet/CMakeFiles/parquet_loadable_extension.dir/__/__/third_party/zstd/compress/zstd_lazy.cpp.o extension/parquet/CMakeFiles/parquet_loadable_extension.dir/__/__/third_party/zstd/compress/zstd_ldm.cpp.o extension/parquet/CMakeFiles/parquet_loadable_extension.dir/__/__/third_party/zstd/compress/zstd_opt.cpp.o   && :
[283/376] : && /usr/bin/cmake -E rm -f extension/jemalloc/libjemalloc_extension.a && /usr/bin/ar qc extension/jemalloc/libjemalloc_extension.a  extension/jemalloc/jemalloc/CMakeFiles/jemalloc.dir/src/arena.cpp.o extension/jemalloc/jemalloc/CMakeFiles/jemalloc.dir/src/background_thread.cpp.o extension/jemalloc/jemalloc/CMakeFiles/jemalloc.dir/src/base.cpp.o extension/jemalloc/jemalloc/CMakeFiles/jemalloc.dir/src/bin.cpp.o extension/jemalloc/jemalloc/CMakeFiles/jemalloc.dir/src/bin_info.cpp.o extension/jemalloc/jemalloc/CMakeFiles/jemalloc.dir/src/bitmap.cpp.o extension/jemalloc/jemalloc/CMakeFiles/jemalloc.dir/src/buf_writer.cpp.o extension/jemalloc/jemalloc/CMakeFiles/jemalloc.dir/src/cache_bin.cpp.o extension/jemalloc/jemalloc/CMakeFiles/jemalloc.dir/src/ckh.cpp.o extension/jemalloc/jemalloc/CMakeFiles/jemalloc.dir/src/counter.cpp.o extension/jemalloc/jemalloc/CMakeFiles/jemalloc.dir/src/ctl.cpp.o extension/jemalloc/jemalloc/CMakeFiles/jemalloc.dir/src/decay.cpp.o extension/jemalloc/jemalloc/CMakeFiles/jemalloc.dir/src/div.cpp.o extension/jemalloc/jemalloc/CMakeFiles/jemalloc.dir/src/ecache.cpp.o extension/jemalloc/jemalloc/CMakeFiles/jemalloc.dir/src/edata.cpp.o extension/jemalloc/jemalloc/CMakeFiles/jemalloc.dir/src/edata_cache.cpp.o extension/jemalloc/jemalloc/CMakeFiles/jemalloc.dir/src/ehooks.cpp.o extension/jemalloc/jemalloc/CMakeFiles/jemalloc.dir/src/emap.cpp.o extension/jemalloc/jemalloc/CMakeFiles/jemalloc.dir/src/eset.cpp.o extension/jemalloc/jemalloc/CMakeFiles/jemalloc.dir/src/exp_grow.cpp.o extension/jemalloc/jemalloc/CMakeFiles/jemalloc.dir/src/extent.cpp.o extension/jemalloc/jemalloc/CMakeFiles/jemalloc.dir/src/extent_dss.cpp.o extension/jemalloc/jemalloc/CMakeFiles/jemalloc.dir/src/extent_mmap.cpp.o extension/jemalloc/jemalloc/CMakeFiles/jemalloc.dir/src/fxp.cpp.o extension/jemalloc/jemalloc/CMakeFiles/jemalloc.dir/src/hook.cpp.o extension/jemalloc/jemalloc/CMakeFiles/jemalloc.dir/src/hpa.cpp.o extension/jemalloc/jemalloc/CMakeFiles/jemalloc.dir/src/hpa_hooks.cpp.o extension/jemalloc/jemalloc/CMakeFiles/jemalloc.dir/src/hpdata.cpp.o extension/jemalloc/jemalloc/CMakeFiles/jemalloc.dir/src/inspect.cpp.o extension/jemalloc/jemalloc/CMakeFiles/jemalloc.dir/src/jemalloc.cpp.o extension/jemalloc/jemalloc/CMakeFiles/jemalloc.dir/src/large.cpp.o extension/jemalloc/jemalloc/CMakeFiles/jemalloc.dir/src/log.cpp.o extension/jemalloc/jemalloc/CMakeFiles/jemalloc.dir/src/malloc_io.cpp.o extension/jemalloc/jemalloc/CMakeFiles/jemalloc.dir/src/mutex.cpp.o extension/jemalloc/jemalloc/CMakeFiles/jemalloc.dir/src/nstime.cpp.o extension/jemalloc/jemalloc/CMakeFiles/jemalloc.dir/src/pa.cpp.o extension/jemalloc/jemalloc/CMakeFiles/jemalloc.dir/src/pa_extra.cpp.o extension/jemalloc/jemalloc/CMakeFiles/jemalloc.dir/src/pac.cpp.o extension/jemalloc/jemalloc/CMakeFiles/jemalloc.dir/src/pages.cpp.o extension/jemalloc/jemalloc/CMakeFiles/jemalloc.dir/src/pai.cpp.o extension/jemalloc/jemalloc/CMakeFiles/jemalloc.dir/src/peak_event.cpp.o extension/jemalloc/jemalloc/CMakeFiles/jemalloc.dir/src/prof.cpp.o extension/jemalloc/jemalloc/CMakeFiles/jemalloc.dir/src/prof_data.cpp.o extension/jemalloc/jemalloc/CMakeFiles/jemalloc.dir/src/prof_log.cpp.o extension/jemalloc/jemalloc/CMakeFiles/jemalloc.dir/src/prof_recent.cpp.o extension/jemalloc/jemalloc/CMakeFiles/jemalloc.dir/src/prof_stats.cpp.o extension/jemalloc/jemalloc/CMakeFiles/jemalloc.dir/src/prof_sys.cpp.o extension/jemalloc/jemalloc/CMakeFiles/jemalloc.dir/src/psset.cpp.o extension/jemalloc/jemalloc/CMakeFiles/jemalloc.dir/src/rtree.cpp.o extension/jemalloc/jemalloc/CMakeFiles/jemalloc.dir/src/safety_check.cpp.o extension/jemalloc/jemalloc/CMakeFiles/jemalloc.dir/src/san.cpp.o extension/jemalloc/jemalloc/CMakeFiles/jemalloc.dir/src/san_bump.cpp.o extension/jemalloc/jemalloc/CMakeFiles/jemalloc.dir/src/sc.cpp.o extension/jemalloc/jemalloc/CMakeFiles/jemalloc.dir/src/sec.cpp.o extension/jemalloc/jemalloc/CMakeFiles/jemalloc.dir/src/stats.cpp.o extension/jemalloc/jemalloc/CMakeFiles/jemalloc.dir/src/sz.cpp.o extension/jemalloc/jemalloc/CMakeFiles/jemalloc.dir/src/tcache.cpp.o extension/jemalloc/jemalloc/CMakeFiles/jemalloc.dir/src/test_hooks.cpp.o extension/jemalloc/jemalloc/CMakeFiles/jemalloc.dir/src/thread_event.cpp.o extension/jemalloc/jemalloc/CMakeFiles/jemalloc.dir/src/ticker.cpp.o extension/jemalloc/jemalloc/CMakeFiles/jemalloc.dir/src/tsd.cpp.o extension/jemalloc/jemalloc/CMakeFiles/jemalloc.dir/src/witness.cpp.o extension/jemalloc/CMakeFiles/jemalloc_extension.dir/jemalloc-extension.cpp.o && /usr/bin/ranlib extension/jemalloc/libjemalloc_extension.a && :
[284/376] /usr/bin/ccache /usr/lib/ccache/c++ -DDUCKDB_BUILD_LIBRARY -DENABLE_CROSS_PRODUCT_REWRITE=0 -DENABLE_DEBUG_PRINT=0 -DENABLE_MEASURE_EXE_TIME=0 -DENABLE_MERGE_BACK_PLAN=0 -DENABLE_PARALLEL_EXECUTION=0 -DENABLE_QUERY_SPLIT=0 -DENABLE_SPECIFY_EST_STAT=0 -I/home/pei/Project/duckdb-polr/src/include -I/home/pei/Project/duckdb-polr/third_party/fsst -I/home/pei/Project/duckdb-polr/third_party/fmt/include -I/home/pei/Project/duckdb-polr/third_party/hyperloglog -I/home/pei/Project/duckdb-polr/third_party/fastpforlib -I/home/pei/Project/duckdb-polr/third_party/fast_float -I/home/pei/Project/duckdb-polr/third_party/re2 -I/home/pei/Project/duckdb-polr/third_party/miniz -I/home/pei/Project/duckdb-polr/third_party/utf8proc/include -I/home/pei/Project/duckdb-polr/third_party/miniparquet -I/home/pei/Project/duckdb-polr/third_party/concurrentqueue -I/home/pei/Project/duckdb-polr/third_party/pcg -I/home/pei/Project/duckdb-polr/third_party/tdigest -I/home/pei/Project/duckdb-polr/third_party/mbedtls/include -I/home/pei/Project/duckdb-polr/third_party/jaro_winkler -I/home/pei/Project/duckdb-polr/test/../third_party/catch -I/home/pei/Project/duckdb-polr/test/../third_party/tpce-tool/include -I/home/pei/Project/duckdb-polr/test/../third_party/sqlite/include -I/home/pei/Project/duckdb-polr/test/include -O3 -DNDEBUG -O3 -DNDEBUG   -fPIC -fdiagnostics-color=always -std=c++11 -MD -MT test/sql/function/table/CMakeFiles/test_table_function.dir/ub_test_table_function.cpp.o -MF test/sql/function/table/CMakeFiles/test_table_function.dir/ub_test_table_function.cpp.o.d -o test/sql/function/table/CMakeFiles/test_table_function.dir/ub_test_table_function.cpp.o -c /home/pei/Project/duckdb-polr/build/release/test/sql/function/table/ub_test_table_function.cpp
[285/376] /usr/bin/ccache /usr/lib/ccache/c++ -DDUCKDB_BUILD_LIBRARY -DENABLE_CROSS_PRODUCT_REWRITE=0 -DENABLE_DEBUG_PRINT=0 -DENABLE_MEASURE_EXE_TIME=0 -DENABLE_MERGE_BACK_PLAN=0 -DENABLE_PARALLEL_EXECUTION=0 -DENABLE_QUERY_SPLIT=0 -DENABLE_SPECIFY_EST_STAT=0 -I/home/pei/Project/duckdb-polr/src/include -I/home/pei/Project/duckdb-polr/third_party/fsst -I/home/pei/Project/duckdb-polr/third_party/fmt/include -I/home/pei/Project/duckdb-polr/third_party/hyperloglog -I/home/pei/Project/duckdb-polr/third_party/fastpforlib -I/home/pei/Project/duckdb-polr/third_party/fast_float -I/home/pei/Project/duckdb-polr/third_party/re2 -I/home/pei/Project/duckdb-polr/third_party/miniz -I/home/pei/Project/duckdb-polr/third_party/utf8proc/include -I/home/pei/Project/duckdb-polr/third_party/miniparquet -I/home/pei/Project/duckdb-polr/third_party/concurrentqueue -I/home/pei/Project/duckdb-polr/third_party/pcg -I/home/pei/Project/duckdb-polr/third_party/tdigest -I/home/pei/Project/duckdb-polr/third_party/mbedtls/include -I/home/pei/Project/duckdb-polr/third_party/jaro_winkler -I/home/pei/Project/duckdb-polr/test/../third_party/catch -I/home/pei/Project/duckdb-polr/test/../third_party/tpce-tool/include -I/home/pei/Project/duckdb-polr/test/../third_party/sqlite/include -I/home/pei/Project/duckdb-polr/test/include -O3 -DNDEBUG -O3 -DNDEBUG   -fPIC -fdiagnostics-color=always -std=c++11 -MD -MT test/sql/index/CMakeFiles/test_index.dir/ub_test_index.cpp.o -MF test/sql/index/CMakeFiles/test_index.dir/ub_test_index.cpp.o.d -o test/sql/index/CMakeFiles/test_index.dir/ub_test_index.cpp.o -c /home/pei/Project/duckdb-polr/build/release/test/sql/index/ub_test_index.cpp
[286/376] /usr/bin/ccache /usr/lib/ccache/c++ -DDUCKDB_BUILD_LIBRARY -DENABLE_CROSS_PRODUCT_REWRITE=0 -DENABLE_DEBUG_PRINT=0 -DENABLE_MEASURE_EXE_TIME=0 -DENABLE_MERGE_BACK_PLAN=0 -DENABLE_PARALLEL_EXECUTION=0 -DENABLE_QUERY_SPLIT=0 -DENABLE_SPECIFY_EST_STAT=0 -I/home/pei/Project/duckdb-polr/src/include -I/home/pei/Project/duckdb-polr/third_party/fsst -I/home/pei/Project/duckdb-polr/third_party/fmt/include -I/home/pei/Project/duckdb-polr/third_party/hyperloglog -I/home/pei/Project/duckdb-polr/third_party/fastpforlib -I/home/pei/Project/duckdb-polr/third_party/fast_float -I/home/pei/Project/duckdb-polr/third_party/re2 -I/home/pei/Project/duckdb-polr/third_party/miniz -I/home/pei/Project/duckdb-polr/third_party/utf8proc/include -I/home/pei/Project/duckdb-polr/third_party/miniparquet -I/home/pei/Project/duckdb-polr/third_party/concurrentqueue -I/home/pei/Project/duckdb-polr/third_party/pcg -I/home/pei/Project/duckdb-polr/third_party/tdigest -I/home/pei/Project/duckdb-polr/third_party/mbedtls/include -I/home/pei/Project/duckdb-polr/third_party/jaro_winkler -I/home/pei/Project/duckdb-polr/test/../third_party/catch -I/home/pei/Project/duckdb-polr/test/../third_party/tpce-tool/include -I/home/pei/Project/duckdb-polr/test/../third_party/sqlite/include -I/home/pei/Project/duckdb-polr/test/include -O3 -DNDEBUG -O3 -DNDEBUG   -fPIC -fdiagnostics-color=always -std=c++11 -MD -MT test/sql/parallelism/interquery/CMakeFiles/test_sql_interquery_parallelism.dir/ub_test_sql_interquery_parallelism.cpp.o -MF test/sql/parallelism/interquery/CMakeFiles/test_sql_interquery_parallelism.dir/ub_test_sql_interquery_parallelism.cpp.o.d -o test/sql/parallelism/interquery/CMakeFiles/test_sql_interquery_parallelism.dir/ub_test_sql_interquery_parallelism.cpp.o -c /home/pei/Project/duckdb-polr/build/release/test/sql/parallelism/interquery/ub_test_sql_interquery_parallelism.cpp
[287/376] /usr/bin/ccache /usr/lib/ccache/c++ -DDUCKDB_BUILD_LIBRARY -DENABLE_CROSS_PRODUCT_REWRITE=0 -DENABLE_DEBUG_PRINT=0 -DENABLE_MEASURE_EXE_TIME=0 -DENABLE_MERGE_BACK_PLAN=0 -DENABLE_PARALLEL_EXECUTION=0 -DENABLE_QUERY_SPLIT=0 -DENABLE_SPECIFY_EST_STAT=0 -I/home/pei/Project/duckdb-polr/src/include -I/home/pei/Project/duckdb-polr/third_party/fsst -I/home/pei/Project/duckdb-polr/third_party/fmt/include -I/home/pei/Project/duckdb-polr/third_party/hyperloglog -I/home/pei/Project/duckdb-polr/third_party/fastpforlib -I/home/pei/Project/duckdb-polr/third_party/fast_float -I/home/pei/Project/duckdb-polr/third_party/re2 -I/home/pei/Project/duckdb-polr/third_party/miniz -I/home/pei/Project/duckdb-polr/third_party/utf8proc/include -I/home/pei/Project/duckdb-polr/third_party/miniparquet -I/home/pei/Project/duckdb-polr/third_party/concurrentqueue -I/home/pei/Project/duckdb-polr/third_party/pcg -I/home/pei/Project/duckdb-polr/third_party/tdigest -I/home/pei/Project/duckdb-polr/third_party/mbedtls/include -I/home/pei/Project/duckdb-polr/third_party/jaro_winkler -I/home/pei/Project/duckdb-polr/test/../third_party/catch -I/home/pei/Project/duckdb-polr/test/../third_party/tpce-tool/include -I/home/pei/Project/duckdb-polr/test/../third_party/sqlite/include -I/home/pei/Project/duckdb-polr/test/include -O3 -DNDEBUG -O3 -DNDEBUG   -fPIC -fdiagnostics-color=always -std=c++11 -MD -MT test/sql/storage/CMakeFiles/test_sql_storage.dir/ub_test_sql_storage.cpp.o -MF test/sql/storage/CMakeFiles/test_sql_storage.dir/ub_test_sql_storage.cpp.o.d -o test/sql/storage/CMakeFiles/test_sql_storage.dir/ub_test_sql_storage.cpp.o -c /home/pei/Project/duckdb-polr/build/release/test/sql/storage/ub_test_sql_storage.cpp
[288/376] /usr/bin/ccache /usr/lib/ccache/c++ -DDUCKDB_BUILD_LIBRARY -DENABLE_CROSS_PRODUCT_REWRITE=0 -DENABLE_DEBUG_PRINT=0 -DENABLE_MEASURE_EXE_TIME=0 -DENABLE_MERGE_BACK_PLAN=0 -DENABLE_PARALLEL_EXECUTION=0 -DENABLE_QUERY_SPLIT=0 -DENABLE_SPECIFY_EST_STAT=0 -I/home/pei/Project/duckdb-polr/src/include -I/home/pei/Project/duckdb-polr/third_party/fsst -I/home/pei/Project/duckdb-polr/third_party/fmt/include -I/home/pei/Project/duckdb-polr/third_party/hyperloglog -I/home/pei/Project/duckdb-polr/third_party/fastpforlib -I/home/pei/Project/duckdb-polr/third_party/fast_float -I/home/pei/Project/duckdb-polr/third_party/re2 -I/home/pei/Project/duckdb-polr/third_party/miniz -I/home/pei/Project/duckdb-polr/third_party/utf8proc/include -I/home/pei/Project/duckdb-polr/third_party/miniparquet -I/home/pei/Project/duckdb-polr/third_party/concurrentqueue -I/home/pei/Project/duckdb-polr/third_party/pcg -I/home/pei/Project/duckdb-polr/third_party/tdigest -I/home/pei/Project/duckdb-polr/third_party/mbedtls/include -I/home/pei/Project/duckdb-polr/third_party/jaro_winkler -I/home/pei/Project/duckdb-polr/test/../third_party/catch -I/home/pei/Project/duckdb-polr/test/../third_party/tpce-tool/include -I/home/pei/Project/duckdb-polr/test/../third_party/sqlite/include -I/home/pei/Project/duckdb-polr/test/include -O3 -DNDEBUG -O3 -DNDEBUG   -fPIC -fdiagnostics-color=always -std=c++11 -MD -MT test/sql/storage/catalog/CMakeFiles/test_sql_storage_catalog.dir/ub_test_sql_storage_catalog.cpp.o -MF test/sql/storage/catalog/CMakeFiles/test_sql_storage_catalog.dir/ub_test_sql_storage_catalog.cpp.o.d -o test/sql/storage/catalog/CMakeFiles/test_sql_storage_catalog.dir/ub_test_sql_storage_catalog.cpp.o -c /home/pei/Project/duckdb-polr/build/release/test/sql/storage/catalog/ub_test_sql_storage_catalog.cpp
[289/376] /usr/bin/ccache /usr/lib/ccache/c++ -DBUILD_JEMALLOC_EXTENSION=ON -DBUILD_PARQUET_EXTENSION=TRUE -DDUCKDB_BUILD_DIRECTORY=\"/home/pei/Project/duckdb-polr/build/release\" -DDUCKDB_BUILD_LIBRARY -DDUCKDB_ROOT_DIRECTORY=\"/home/pei/Project/duckdb-polr\" -DENABLE_CROSS_PRODUCT_REWRITE=0 -DENABLE_DEBUG_PRINT=0 -DENABLE_MEASURE_EXE_TIME=0 -DENABLE_MERGE_BACK_PLAN=0 -DENABLE_PARALLEL_EXECUTION=0 -DENABLE_QUERY_SPLIT=0 -DENABLE_SPECIFY_EST_STAT=0 -I/home/pei/Project/duckdb-polr/src/include -I/home/pei/Project/duckdb-polr/third_party/fsst -I/home/pei/Project/duckdb-polr/third_party/fmt/include -I/home/pei/Project/duckdb-polr/third_party/hyperloglog -I/home/pei/Project/duckdb-polr/third_party/fastpforlib -I/home/pei/Project/duckdb-polr/third_party/fast_float -I/home/pei/Project/duckdb-polr/third_party/re2 -I/home/pei/Project/duckdb-polr/third_party/miniz -I/home/pei/Project/duckdb-polr/third_party/utf8proc/include -I/home/pei/Project/duckdb-polr/third_party/miniparquet -I/home/pei/Project/duckdb-polr/third_party/concurrentqueue -I/home/pei/Project/duckdb-polr/third_party/pcg -I/home/pei/Project/duckdb-polr/third_party/tdigest -I/home/pei/Project/duckdb-polr/third_party/mbedtls/include -I/home/pei/Project/duckdb-polr/third_party/jaro_winkler -I/home/pei/Project/duckdb-polr/test/../third_party/catch -I/home/pei/Project/duckdb-polr/test/../third_party/tpce-tool/include -I/home/pei/Project/duckdb-polr/test/../third_party/sqlite/include -I/home/pei/Project/duckdb-polr/test/include -I/home/pei/Project/duckdb-polr/extension -I/home/pei/Project/duckdb-polr/extension/parquet/include -I/home/pei/Project/duckdb-polr/extension/jemalloc/include -O3 -DNDEBUG -O3 -DNDEBUG   -fPIC -fdiagnostics-color=always -std=c++11 -MD -MT test/sqlite/CMakeFiles/test_sqlite.dir/ub_test_sqlite.cpp.o -MF test/sqlite/CMakeFiles/test_sqlite.dir/ub_test_sqlite.cpp.o.d -o test/sqlite/CMakeFiles/test_sqlite.dir/ub_test_sqlite.cpp.o -c /home/pei/Project/duckdb-polr/build/release/test/sqlite/ub_test_sqlite.cpp
[290/376] /usr/bin/ccache /usr/lib/ccache/c++ -DDUCKDB_BUILD_LIBRARY -DENABLE_CROSS_PRODUCT_REWRITE=0 -DENABLE_DEBUG_PRINT=0 -DENABLE_MEASURE_EXE_TIME=0 -DENABLE_MERGE_BACK_PLAN=0 -DENABLE_PARALLEL_EXECUTION=0 -DENABLE_QUERY_SPLIT=0 -DENABLE_SPECIFY_EST_STAT=0 -I/home/pei/Project/duckdb-polr/src/include -I/home/pei/Project/duckdb-polr/third_party/fsst -I/home/pei/Project/duckdb-polr/third_party/fmt/include -I/home/pei/Project/duckdb-polr/third_party/hyperloglog -I/home/pei/Project/duckdb-polr/third_party/fastpforlib -I/home/pei/Project/duckdb-polr/third_party/fast_float -I/home/pei/Project/duckdb-polr/third_party/re2 -I/home/pei/Project/duckdb-polr/third_party/miniz -I/home/pei/Project/duckdb-polr/third_party/utf8proc/include -I/home/pei/Project/duckdb-polr/third_party/miniparquet -I/home/pei/Project/duckdb-polr/third_party/concurrentqueue -I/home/pei/Project/duckdb-polr/third_party/pcg -I/home/pei/Project/duckdb-polr/third_party/tdigest -I/home/pei/Project/duckdb-polr/third_party/mbedtls/include -I/home/pei/Project/duckdb-polr/third_party/jaro_winkler -I/home/pei/Project/duckdb-polr/test/../third_party/catch -I/home/pei/Project/duckdb-polr/test/../third_party/tpce-tool/include -I/home/pei/Project/duckdb-polr/test/../third_party/sqlite/include -I/home/pei/Project/duckdb-polr/test/include -O3 -DNDEBUG -O3 -DNDEBUG   -fPIC -fdiagnostics-color=always -std=c++11 -MD -MT test/ossfuzz/CMakeFiles/test_ossfuzz.dir/ub_test_ossfuzz.cpp.o -MF test/ossfuzz/CMakeFiles/test_ossfuzz.dir/ub_test_ossfuzz.cpp.o.d -o test/ossfuzz/CMakeFiles/test_ossfuzz.dir/ub_test_ossfuzz.cpp.o -c /home/pei/Project/duckdb-polr/build/release/test/ossfuzz/ub_test_ossfuzz.cpp
[291/376] /usr/bin/ccache /usr/lib/ccache/c++ -DDUCKDB_BUILD_LIBRARY -DENABLE_CROSS_PRODUCT_REWRITE=0 -DENABLE_DEBUG_PRINT=0 -DENABLE_MEASURE_EXE_TIME=0 -DENABLE_MERGE_BACK_PLAN=0 -DENABLE_PARALLEL_EXECUTION=0 -DENABLE_QUERY_SPLIT=0 -DENABLE_SPECIFY_EST_STAT=0 -I/home/pei/Project/duckdb-polr/src/include -I/home/pei/Project/duckdb-polr/third_party/fsst -I/home/pei/Project/duckdb-polr/third_party/fmt/include -I/home/pei/Project/duckdb-polr/third_party/hyperloglog -I/home/pei/Project/duckdb-polr/third_party/fastpforlib -I/home/pei/Project/duckdb-polr/third_party/fast_float -I/home/pei/Project/duckdb-polr/third_party/re2 -I/home/pei/Project/duckdb-polr/third_party/miniz -I/home/pei/Project/duckdb-polr/third_party/utf8proc/include -I/home/pei/Project/duckdb-polr/third_party/miniparquet -I/home/pei/Project/duckdb-polr/third_party/concurrentqueue -I/home/pei/Project/duckdb-polr/third_party/pcg -I/home/pei/Project/duckdb-polr/third_party/tdigest -I/home/pei/Project/duckdb-polr/third_party/mbedtls/include -I/home/pei/Project/duckdb-polr/third_party/jaro_winkler -O3 -DNDEBUG -O3 -DNDEBUG   -fPIC -fdiagnostics-color=always -w -std=c++11 -MD -MT third_party/fmt/CMakeFiles/duckdb_fmt.dir/format.cc.o -MF third_party/fmt/CMakeFiles/duckdb_fmt.dir/format.cc.o.d -o third_party/fmt/CMakeFiles/duckdb_fmt.dir/format.cc.o -c /home/pei/Project/duckdb-polr/third_party/fmt/format.cc
[292/376] /usr/bin/ccache /usr/lib/ccache/c++ -DDUCKDB_BUILD_LIBRARY -DENABLE_CROSS_PRODUCT_REWRITE=0 -DENABLE_DEBUG_PRINT=0 -DENABLE_MEASURE_EXE_TIME=0 -DENABLE_MERGE_BACK_PLAN=0 -DENABLE_PARALLEL_EXECUTION=0 -DENABLE_QUERY_SPLIT=0 -DENABLE_SPECIFY_EST_STAT=0 -I/home/pei/Project/duckdb-polr/src/include -I/home/pei/Project/duckdb-polr/third_party/fsst -I/home/pei/Project/duckdb-polr/third_party/fmt/include -I/home/pei/Project/duckdb-polr/third_party/hyperloglog -I/home/pei/Project/duckdb-polr/third_party/fastpforlib -I/home/pei/Project/duckdb-polr/third_party/fast_float -I/home/pei/Project/duckdb-polr/third_party/re2 -I/home/pei/Project/duckdb-polr/third_party/miniz -I/home/pei/Project/duckdb-polr/third_party/utf8proc/include -I/home/pei/Project/duckdb-polr/third_party/miniparquet -I/home/pei/Project/duckdb-polr/third_party/concurrentqueue -I/home/pei/Project/duckdb-polr/third_party/pcg -I/home/pei/Project/duckdb-polr/third_party/tdigest -I/home/pei/Project/duckdb-polr/third_party/mbedtls/include -I/home/pei/Project/duckdb-polr/third_party/jaro_winkler -I/home/pei/Project/duckdb-polr/test/../third_party/catch -I/home/pei/Project/duckdb-polr/test/../third_party/tpce-tool/include -I/home/pei/Project/duckdb-polr/test/../third_party/sqlite/include -I/home/pei/Project/duckdb-polr/test/include -O3 -DNDEBUG -O3 -DNDEBUG   -fPIC -fdiagnostics-color=always -std=c++11 -MD -MT test/mbedtls/CMakeFiles/test_mbedtls.dir/ub_test_mbedtls.cpp.o -MF test/mbedtls/CMakeFiles/test_mbedtls.dir/ub_test_mbedtls.cpp.o.d -o test/mbedtls/CMakeFiles/test_mbedtls.dir/ub_test_mbedtls.cpp.o -c /home/pei/Project/duckdb-polr/build/release/test/mbedtls/ub_test_mbedtls.cpp
[293/376] /usr/bin/ccache /usr/lib/ccache/c++ -DDUCKDB_BUILD_LIBRARY -DENABLE_CROSS_PRODUCT_REWRITE=0 -DENABLE_DEBUG_PRINT=0 -DENABLE_MEASURE_EXE_TIME=0 -DENABLE_MERGE_BACK_PLAN=0 -DENABLE_PARALLEL_EXECUTION=0 -DENABLE_QUERY_SPLIT=0 -DENABLE_SPECIFY_EST_STAT=0 -I/home/pei/Project/duckdb-polr/src/include -I/home/pei/Project/duckdb-polr/third_party/fsst -I/home/pei/Project/duckdb-polr/third_party/fmt/include -I/home/pei/Project/duckdb-polr/third_party/hyperloglog -I/home/pei/Project/duckdb-polr/third_party/fastpforlib -I/home/pei/Project/duckdb-polr/third_party/fast_float -I/home/pei/Project/duckdb-polr/third_party/re2 -I/home/pei/Project/duckdb-polr/third_party/miniz -I/home/pei/Project/duckdb-polr/third_party/utf8proc/include -I/home/pei/Project/duckdb-polr/third_party/miniparquet -I/home/pei/Project/duckdb-polr/third_party/concurrentqueue -I/home/pei/Project/duckdb-polr/third_party/pcg -I/home/pei/Project/duckdb-polr/third_party/tdigest -I/home/pei/Project/duckdb-polr/third_party/mbedtls/include -I/home/pei/Project/duckdb-polr/third_party/jaro_winkler -I/home/pei/Project/duckdb-polr/test/../third_party/catch -I/home/pei/Project/duckdb-polr/test/../third_party/tpce-tool/include -I/home/pei/Project/duckdb-polr/test/../third_party/sqlite/include -I/home/pei/Project/duckdb-polr/test/include -O3 -DNDEBUG -O3 -DNDEBUG   -fPIC -fdiagnostics-color=always -std=c++11 -MD -MT test/persistence/CMakeFiles/test_persistence.dir/ub_test_persistence.cpp.o -MF test/persistence/CMakeFiles/test_persistence.dir/ub_test_persistence.cpp.o.d -o test/persistence/CMakeFiles/test_persistence.dir/ub_test_persistence.cpp.o -c /home/pei/Project/duckdb-polr/build/release/test/persistence/ub_test_persistence.cpp
[294/376] /usr/bin/ccache /usr/lib/ccache/c++ -DDUCKDB_BUILD_LIBRARY -DENABLE_CROSS_PRODUCT_REWRITE=0 -DENABLE_DEBUG_PRINT=0 -DENABLE_MEASURE_EXE_TIME=0 -DENABLE_MERGE_BACK_PLAN=0 -DENABLE_PARALLEL_EXECUTION=0 -DENABLE_QUERY_SPLIT=0 -DENABLE_SPECIFY_EST_STAT=0 -I/home/pei/Project/duckdb-polr/src/include -I/home/pei/Project/duckdb-polr/third_party/fsst -I/home/pei/Project/duckdb-polr/third_party/fmt/include -I/home/pei/Project/duckdb-polr/third_party/hyperloglog -I/home/pei/Project/duckdb-polr/third_party/fastpforlib -I/home/pei/Project/duckdb-polr/third_party/fast_float -I/home/pei/Project/duckdb-polr/third_party/re2 -I/home/pei/Project/duckdb-polr/third_party/miniz -I/home/pei/Project/duckdb-polr/third_party/utf8proc/include -I/home/pei/Project/duckdb-polr/third_party/miniparquet -I/home/pei/Project/duckdb-polr/third_party/concurrentqueue -I/home/pei/Project/duckdb-polr/third_party/pcg -I/home/pei/Project/duckdb-polr/third_party/tdigest -I/home/pei/Project/duckdb-polr/third_party/mbedtls/include -I/home/pei/Project/duckdb-polr/third_party/jaro_winkler -I/home/pei/Project/duckdb-polr/third_party/libpg_query/include -O3 -DNDEBUG -O3 -DNDEBUG   -fPIC -fvisibility=hidden -fdiagnostics-color=always -w -std=c++11 -MD -MT third_party/libpg_query/CMakeFiles/duckdb_pg_query.dir/postgres_parser.cpp.o -MF third_party/libpg_query/CMakeFiles/duckdb_pg_query.dir/postgres_parser.cpp.o.d -o third_party/libpg_query/CMakeFiles/duckdb_pg_query.dir/postgres_parser.cpp.o -c /home/pei/Project/duckdb-polr/third_party/libpg_query/postgres_parser.cpp
[295/376] : && /usr/lib/ccache/c++ -fPIC -O3 -DNDEBUG -O3 -DNDEBUG   -shared -Wl,-soname,loadable_extension_demo.duckdb_extension -o test/extension/loadable_extension_demo.duckdb_extension test/extension/CMakeFiles/loadable_extension_demo_loadable_extension.dir/loadable_extension_demo.cpp.o   && :
[296/376] : && /usr/lib/ccache/c++ -fPIC -O3 -DNDEBUG -O3 -DNDEBUG   -shared -Wl,-soname,loadable_extension_optimizer_demo.duckdb_extension -o test/extension/loadable_extension_optimizer_demo.duckdb_extension test/extension/CMakeFiles/loadable_extension_optimizer_demo_loadable_extension.dir/loadable_extension_optimizer_demo.cpp.o   && :
[297/376] /usr/bin/ccache /usr/lib/ccache/c++ -DDUCKDB_BUILD_LIBRARY -DENABLE_CROSS_PRODUCT_REWRITE=0 -DENABLE_DEBUG_PRINT=0 -DENABLE_MEASURE_EXE_TIME=0 -DENABLE_MERGE_BACK_PLAN=0 -DENABLE_PARALLEL_EXECUTION=0 -DENABLE_QUERY_SPLIT=0 -DENABLE_SPECIFY_EST_STAT=0 -I/home/pei/Project/duckdb-polr/src/include -I/home/pei/Project/duckdb-polr/third_party/fsst -I/home/pei/Project/duckdb-polr/third_party/fmt/include -I/home/pei/Project/duckdb-polr/third_party/hyperloglog -I/home/pei/Project/duckdb-polr/third_party/fastpforlib -I/home/pei/Project/duckdb-polr/third_party/fast_float -I/home/pei/Project/duckdb-polr/third_party/re2 -I/home/pei/Project/duckdb-polr/third_party/miniz -I/home/pei/Project/duckdb-polr/third_party/utf8proc/include -I/home/pei/Project/duckdb-polr/third_party/miniparquet -I/home/pei/Project/duckdb-polr/third_party/concurrentqueue -I/home/pei/Project/duckdb-polr/third_party/pcg -I/home/pei/Project/duckdb-polr/third_party/tdigest -I/home/pei/Project/duckdb-polr/third_party/mbedtls/include -I/home/pei/Project/duckdb-polr/third_party/jaro_winkler -I/home/pei/Project/duckdb-polr/third_party/libpg_query/include -O3 -DNDEBUG -O3 -DNDEBUG   -fPIC -fvisibility=hidden -fdiagnostics-color=always -w -std=c++11 -MD -MT third_party/libpg_query/CMakeFiles/duckdb_pg_query.dir/pg_functions.cpp.o -MF third_party/libpg_query/CMakeFiles/duckdb_pg_query.dir/pg_functions.cpp.o.d -o third_party/libpg_query/CMakeFiles/duckdb_pg_query.dir/pg_functions.cpp.o -c /home/pei/Project/duckdb-polr/third_party/libpg_query/pg_functions.cpp
[298/376] /usr/bin/ccache /usr/lib/ccache/c++ -DDUCKDB_BUILD_LIBRARY -DENABLE_CROSS_PRODUCT_REWRITE=0 -DENABLE_DEBUG_PRINT=0 -DENABLE_MEASURE_EXE_TIME=0 -DENABLE_MERGE_BACK_PLAN=0 -DENABLE_PARALLEL_EXECUTION=0 -DENABLE_QUERY_SPLIT=0 -DENABLE_SPECIFY_EST_STAT=0 -I/home/pei/Project/duckdb-polr/src/include -I/home/pei/Project/duckdb-polr/third_party/fsst -I/home/pei/Project/duckdb-polr/third_party/fmt/include -I/home/pei/Project/duckdb-polr/third_party/hyperloglog -I/home/pei/Project/duckdb-polr/third_party/fastpforlib -I/home/pei/Project/duckdb-polr/third_party/fast_float -I/home/pei/Project/duckdb-polr/third_party/re2 -I/home/pei/Project/duckdb-polr/third_party/miniz -I/home/pei/Project/duckdb-polr/third_party/utf8proc/include -I/home/pei/Project/duckdb-polr/third_party/miniparquet -I/home/pei/Project/duckdb-polr/third_party/concurrentqueue -I/home/pei/Project/duckdb-polr/third_party/pcg -I/home/pei/Project/duckdb-polr/third_party/tdigest -I/home/pei/Project/duckdb-polr/third_party/mbedtls/include -I/home/pei/Project/duckdb-polr/third_party/jaro_winkler -I/home/pei/Project/duckdb-polr/third_party/libpg_query/include -O3 -DNDEBUG -O3 -DNDEBUG   -fPIC -fvisibility=hidden -fdiagnostics-color=always -w -std=c++11 -MD -MT third_party/libpg_query/CMakeFiles/duckdb_pg_query.dir/src_backend_nodes_list.cpp.o -MF third_party/libpg_query/CMakeFiles/duckdb_pg_query.dir/src_backend_nodes_list.cpp.o.d -o third_party/libpg_query/CMakeFiles/duckdb_pg_query.dir/src_backend_nodes_list.cpp.o -c /home/pei/Project/duckdb-polr/third_party/libpg_query/src_backend_nodes_list.cpp
[299/376] /usr/bin/ccache /usr/lib/ccache/c++ -DDUCKDB_BUILD_LIBRARY -DENABLE_CROSS_PRODUCT_REWRITE=0 -DENABLE_DEBUG_PRINT=0 -DENABLE_MEASURE_EXE_TIME=0 -DENABLE_MERGE_BACK_PLAN=0 -DENABLE_PARALLEL_EXECUTION=0 -DENABLE_QUERY_SPLIT=0 -DENABLE_SPECIFY_EST_STAT=0 -I/home/pei/Project/duckdb-polr/src/include -I/home/pei/Project/duckdb-polr/third_party/fsst -I/home/pei/Project/duckdb-polr/third_party/fmt/include -I/home/pei/Project/duckdb-polr/third_party/hyperloglog -I/home/pei/Project/duckdb-polr/third_party/fastpforlib -I/home/pei/Project/duckdb-polr/third_party/fast_float -I/home/pei/Project/duckdb-polr/third_party/re2 -I/home/pei/Project/duckdb-polr/third_party/miniz -I/home/pei/Project/duckdb-polr/third_party/utf8proc/include -I/home/pei/Project/duckdb-polr/third_party/miniparquet -I/home/pei/Project/duckdb-polr/third_party/concurrentqueue -I/home/pei/Project/duckdb-polr/third_party/pcg -I/home/pei/Project/duckdb-polr/third_party/tdigest -I/home/pei/Project/duckdb-polr/third_party/mbedtls/include -I/home/pei/Project/duckdb-polr/third_party/jaro_winkler -I/home/pei/Project/duckdb-polr/third_party/libpg_query/include -O3 -DNDEBUG -O3 -DNDEBUG   -fPIC -fvisibility=hidden -fdiagnostics-color=always -w -std=c++11 -MD -MT third_party/libpg_query/CMakeFiles/duckdb_pg_query.dir/src_backend_parser_scansup.cpp.o -MF third_party/libpg_query/CMakeFiles/duckdb_pg_query.dir/src_backend_parser_scansup.cpp.o.d -o third_party/libpg_query/CMakeFiles/duckdb_pg_query.dir/src_backend_parser_scansup.cpp.o -c /home/pei/Project/duckdb-polr/third_party/libpg_query/src_backend_parser_scansup.cpp
[300/376] /usr/bin/ccache /usr/lib/ccache/c++ -DDUCKDB_BUILD_LIBRARY -DENABLE_CROSS_PRODUCT_REWRITE=0 -DENABLE_DEBUG_PRINT=0 -DENABLE_MEASURE_EXE_TIME=0 -DENABLE_MERGE_BACK_PLAN=0 -DENABLE_PARALLEL_EXECUTION=0 -DENABLE_QUERY_SPLIT=0 -DENABLE_SPECIFY_EST_STAT=0 -I/home/pei/Project/duckdb-polr/src/include -I/home/pei/Project/duckdb-polr/third_party/fsst -I/home/pei/Project/duckdb-polr/third_party/fmt/include -I/home/pei/Project/duckdb-polr/third_party/hyperloglog -I/home/pei/Project/duckdb-polr/third_party/fastpforlib -I/home/pei/Project/duckdb-polr/third_party/fast_float -I/home/pei/Project/duckdb-polr/third_party/re2 -I/home/pei/Project/duckdb-polr/third_party/miniz -I/home/pei/Project/duckdb-polr/third_party/utf8proc/include -I/home/pei/Project/duckdb-polr/third_party/miniparquet -I/home/pei/Project/duckdb-polr/third_party/concurrentqueue -I/home/pei/Project/duckdb-polr/third_party/pcg -I/home/pei/Project/duckdb-polr/third_party/tdigest -I/home/pei/Project/duckdb-polr/third_party/mbedtls/include -I/home/pei/Project/duckdb-polr/third_party/jaro_winkler -I/home/pei/Project/duckdb-polr/third_party/libpg_query/include -O3 -DNDEBUG -O3 -DNDEBUG   -fPIC -fvisibility=hidden -fdiagnostics-color=always -w -std=c++11 -MD -MT third_party/libpg_query/CMakeFiles/duckdb_pg_query.dir/src_backend_nodes_makefuncs.cpp.o -MF third_party/libpg_query/CMakeFiles/duckdb_pg_query.dir/src_backend_nodes_makefuncs.cpp.o.d -o third_party/libpg_query/CMakeFiles/duckdb_pg_query.dir/src_backend_nodes_makefuncs.cpp.o -c /home/pei/Project/duckdb-polr/third_party/libpg_query/src_backend_nodes_makefuncs.cpp
[301/376] : && /usr/bin/cmake -E rm -f third_party/fmt/libduckdb_fmt.a && /usr/bin/ar qc third_party/fmt/libduckdb_fmt.a  third_party/fmt/CMakeFiles/duckdb_fmt.dir/format.cc.o && /usr/bin/ranlib third_party/fmt/libduckdb_fmt.a && :
[302/376] /usr/bin/ccache /usr/lib/ccache/c++ -DDUCKDB_BUILD_LIBRARY -DENABLE_CROSS_PRODUCT_REWRITE=0 -DENABLE_DEBUG_PRINT=0 -DENABLE_MEASURE_EXE_TIME=0 -DENABLE_MERGE_BACK_PLAN=0 -DENABLE_PARALLEL_EXECUTION=0 -DENABLE_QUERY_SPLIT=0 -DENABLE_SPECIFY_EST_STAT=0 -I/home/pei/Project/duckdb-polr/src/include -I/home/pei/Project/duckdb-polr/third_party/fsst -I/home/pei/Project/duckdb-polr/third_party/fmt/include -I/home/pei/Project/duckdb-polr/third_party/hyperloglog -I/home/pei/Project/duckdb-polr/third_party/fastpforlib -I/home/pei/Project/duckdb-polr/third_party/fast_float -I/home/pei/Project/duckdb-polr/third_party/re2 -I/home/pei/Project/duckdb-polr/third_party/miniz -I/home/pei/Project/duckdb-polr/third_party/utf8proc/include -I/home/pei/Project/duckdb-polr/third_party/miniparquet -I/home/pei/Project/duckdb-polr/third_party/concurrentqueue -I/home/pei/Project/duckdb-polr/third_party/pcg -I/home/pei/Project/duckdb-polr/third_party/tdigest -I/home/pei/Project/duckdb-polr/third_party/mbedtls/include -I/home/pei/Project/duckdb-polr/third_party/jaro_winkler -I/home/pei/Project/duckdb-polr/third_party/libpg_query/include -O3 -DNDEBUG -O3 -DNDEBUG   -fPIC -fvisibility=hidden -fdiagnostics-color=always -w -std=c++11 -MD -MT third_party/libpg_query/CMakeFiles/duckdb_pg_query.dir/src_backend_nodes_value.cpp.o -MF third_party/libpg_query/CMakeFiles/duckdb_pg_query.dir/src_backend_nodes_value.cpp.o.d -o third_party/libpg_query/CMakeFiles/duckdb_pg_query.dir/src_backend_nodes_value.cpp.o -c /home/pei/Project/duckdb-polr/third_party/libpg_query/src_backend_nodes_value.cpp
[303/376] /usr/bin/ccache /usr/lib/ccache/c++ -DDUCKDB_BUILD_LIBRARY -DENABLE_CROSS_PRODUCT_REWRITE=0 -DENABLE_DEBUG_PRINT=0 -DENABLE_MEASURE_EXE_TIME=0 -DENABLE_MERGE_BACK_PLAN=0 -DENABLE_PARALLEL_EXECUTION=0 -DENABLE_QUERY_SPLIT=0 -DENABLE_SPECIFY_EST_STAT=0 -I/home/pei/Project/duckdb-polr/src/include -I/home/pei/Project/duckdb-polr/third_party/fsst -I/home/pei/Project/duckdb-polr/third_party/fmt/include -I/home/pei/Project/duckdb-polr/third_party/hyperloglog -I/home/pei/Project/duckdb-polr/third_party/fastpforlib -I/home/pei/Project/duckdb-polr/third_party/fast_float -I/home/pei/Project/duckdb-polr/third_party/re2 -I/home/pei/Project/duckdb-polr/third_party/miniz -I/home/pei/Project/duckdb-polr/third_party/utf8proc/include -I/home/pei/Project/duckdb-polr/third_party/miniparquet -I/home/pei/Project/duckdb-polr/third_party/concurrentqueue -I/home/pei/Project/duckdb-polr/third_party/pcg -I/home/pei/Project/duckdb-polr/third_party/tdigest -I/home/pei/Project/duckdb-polr/third_party/mbedtls/include -I/home/pei/Project/duckdb-polr/third_party/jaro_winkler -O3 -DNDEBUG -O3 -DNDEBUG   -fPIC -fvisibility=hidden -fdiagnostics-color=always -std=c++11 -w -std=c++11 -MD -MT third_party/re2/CMakeFiles/duckdb_re2.dir/re2/compile.cc.o -MF third_party/re2/CMakeFiles/duckdb_re2.dir/re2/compile.cc.o.d -o third_party/re2/CMakeFiles/duckdb_re2.dir/re2/compile.cc.o -c /home/pei/Project/duckdb-polr/third_party/re2/re2/compile.cc
[304/376] /usr/bin/ccache /usr/lib/ccache/c++ -DDUCKDB_BUILD_LIBRARY -DENABLE_CROSS_PRODUCT_REWRITE=0 -DENABLE_DEBUG_PRINT=0 -DENABLE_MEASURE_EXE_TIME=0 -DENABLE_MERGE_BACK_PLAN=0 -DENABLE_PARALLEL_EXECUTION=0 -DENABLE_QUERY_SPLIT=0 -DENABLE_SPECIFY_EST_STAT=0 -I/home/pei/Project/duckdb-polr/src/include -I/home/pei/Project/duckdb-polr/third_party/fsst -I/home/pei/Project/duckdb-polr/third_party/fmt/include -I/home/pei/Project/duckdb-polr/third_party/hyperloglog -I/home/pei/Project/duckdb-polr/third_party/fastpforlib -I/home/pei/Project/duckdb-polr/third_party/fast_float -I/home/pei/Project/duckdb-polr/third_party/re2 -I/home/pei/Project/duckdb-polr/third_party/miniz -I/home/pei/Project/duckdb-polr/third_party/utf8proc/include -I/home/pei/Project/duckdb-polr/third_party/miniparquet -I/home/pei/Project/duckdb-polr/third_party/concurrentqueue -I/home/pei/Project/duckdb-polr/third_party/pcg -I/home/pei/Project/duckdb-polr/third_party/tdigest -I/home/pei/Project/duckdb-polr/third_party/mbedtls/include -I/home/pei/Project/duckdb-polr/third_party/jaro_winkler -O3 -DNDEBUG -O3 -DNDEBUG   -fPIC -fvisibility=hidden -fdiagnostics-color=always -std=c++11 -w -std=c++11 -MD -MT third_party/re2/CMakeFiles/duckdb_re2.dir/re2/bitstate.cc.o -MF third_party/re2/CMakeFiles/duckdb_re2.dir/re2/bitstate.cc.o.d -o third_party/re2/CMakeFiles/duckdb_re2.dir/re2/bitstate.cc.o -c /home/pei/Project/duckdb-polr/third_party/re2/re2/bitstate.cc
[305/376] /usr/bin/ccache /usr/lib/ccache/c++ -DDUCKDB_BUILD_LIBRARY -DENABLE_CROSS_PRODUCT_REWRITE=0 -DENABLE_DEBUG_PRINT=0 -DENABLE_MEASURE_EXE_TIME=0 -DENABLE_MERGE_BACK_PLAN=0 -DENABLE_PARALLEL_EXECUTION=0 -DENABLE_QUERY_SPLIT=0 -DENABLE_SPECIFY_EST_STAT=0 -I/home/pei/Project/duckdb-polr/src/include -I/home/pei/Project/duckdb-polr/third_party/fsst -I/home/pei/Project/duckdb-polr/third_party/fmt/include -I/home/pei/Project/duckdb-polr/third_party/hyperloglog -I/home/pei/Project/duckdb-polr/third_party/fastpforlib -I/home/pei/Project/duckdb-polr/third_party/fast_float -I/home/pei/Project/duckdb-polr/third_party/re2 -I/home/pei/Project/duckdb-polr/third_party/miniz -I/home/pei/Project/duckdb-polr/third_party/utf8proc/include -I/home/pei/Project/duckdb-polr/third_party/miniparquet -I/home/pei/Project/duckdb-polr/third_party/concurrentqueue -I/home/pei/Project/duckdb-polr/third_party/pcg -I/home/pei/Project/duckdb-polr/third_party/tdigest -I/home/pei/Project/duckdb-polr/third_party/mbedtls/include -I/home/pei/Project/duckdb-polr/third_party/jaro_winkler -O3 -DNDEBUG -O3 -DNDEBUG   -fPIC -fvisibility=hidden -fdiagnostics-color=always -std=c++11 -w -std=c++11 -MD -MT third_party/re2/CMakeFiles/duckdb_re2.dir/re2/dfa.cc.o -MF third_party/re2/CMakeFiles/duckdb_re2.dir/re2/dfa.cc.o.d -o third_party/re2/CMakeFiles/duckdb_re2.dir/re2/dfa.cc.o -c /home/pei/Project/duckdb-polr/third_party/re2/re2/dfa.cc
[306/376] /usr/bin/ccache /usr/lib/ccache/c++ -DDUCKDB_BUILD_LIBRARY -DENABLE_CROSS_PRODUCT_REWRITE=0 -DENABLE_DEBUG_PRINT=0 -DENABLE_MEASURE_EXE_TIME=0 -DENABLE_MERGE_BACK_PLAN=0 -DENABLE_PARALLEL_EXECUTION=0 -DENABLE_QUERY_SPLIT=0 -DENABLE_SPECIFY_EST_STAT=0 -I/home/pei/Project/duckdb-polr/src/include -I/home/pei/Project/duckdb-polr/third_party/fsst -I/home/pei/Project/duckdb-polr/third_party/fmt/include -I/home/pei/Project/duckdb-polr/third_party/hyperloglog -I/home/pei/Project/duckdb-polr/third_party/fastpforlib -I/home/pei/Project/duckdb-polr/third_party/fast_float -I/home/pei/Project/duckdb-polr/third_party/re2 -I/home/pei/Project/duckdb-polr/third_party/miniz -I/home/pei/Project/duckdb-polr/third_party/utf8proc/include -I/home/pei/Project/duckdb-polr/third_party/miniparquet -I/home/pei/Project/duckdb-polr/third_party/concurrentqueue -I/home/pei/Project/duckdb-polr/third_party/pcg -I/home/pei/Project/duckdb-polr/third_party/tdigest -I/home/pei/Project/duckdb-polr/third_party/mbedtls/include -I/home/pei/Project/duckdb-polr/third_party/jaro_winkler -O3 -DNDEBUG -O3 -DNDEBUG   -fPIC -fvisibility=hidden -fdiagnostics-color=always -std=c++11 -w -std=c++11 -MD -MT third_party/re2/CMakeFiles/duckdb_re2.dir/re2/mimics_pcre.cc.o -MF third_party/re2/CMakeFiles/duckdb_re2.dir/re2/mimics_pcre.cc.o.d -o third_party/re2/CMakeFiles/duckdb_re2.dir/re2/mimics_pcre.cc.o -c /home/pei/Project/duckdb-polr/third_party/re2/re2/mimics_pcre.cc
[307/376] /usr/bin/ccache /usr/lib/ccache/c++ -DDUCKDB_BUILD_LIBRARY -DENABLE_CROSS_PRODUCT_REWRITE=0 -DENABLE_DEBUG_PRINT=0 -DENABLE_MEASURE_EXE_TIME=0 -DENABLE_MERGE_BACK_PLAN=0 -DENABLE_PARALLEL_EXECUTION=0 -DENABLE_QUERY_SPLIT=0 -DENABLE_SPECIFY_EST_STAT=0 -I/home/pei/Project/duckdb-polr/src/include -I/home/pei/Project/duckdb-polr/third_party/fsst -I/home/pei/Project/duckdb-polr/third_party/fmt/include -I/home/pei/Project/duckdb-polr/third_party/hyperloglog -I/home/pei/Project/duckdb-polr/third_party/fastpforlib -I/home/pei/Project/duckdb-polr/third_party/fast_float -I/home/pei/Project/duckdb-polr/third_party/re2 -I/home/pei/Project/duckdb-polr/third_party/miniz -I/home/pei/Project/duckdb-polr/third_party/utf8proc/include -I/home/pei/Project/duckdb-polr/third_party/miniparquet -I/home/pei/Project/duckdb-polr/third_party/concurrentqueue -I/home/pei/Project/duckdb-polr/third_party/pcg -I/home/pei/Project/duckdb-polr/third_party/tdigest -I/home/pei/Project/duckdb-polr/third_party/mbedtls/include -I/home/pei/Project/duckdb-polr/third_party/jaro_winkler -O3 -DNDEBUG -O3 -DNDEBUG   -fPIC -fvisibility=hidden -fdiagnostics-color=always -std=c++11 -w -std=c++11 -MD -MT third_party/re2/CMakeFiles/duckdb_re2.dir/re2/filtered_re2.cc.o -MF third_party/re2/CMakeFiles/duckdb_re2.dir/re2/filtered_re2.cc.o.d -o third_party/re2/CMakeFiles/duckdb_re2.dir/re2/filtered_re2.cc.o -c /home/pei/Project/duckdb-polr/third_party/re2/re2/filtered_re2.cc
[308/376] /usr/bin/ccache /usr/lib/ccache/c++ -DDUCKDB_BUILD_LIBRARY -DENABLE_CROSS_PRODUCT_REWRITE=0 -DENABLE_DEBUG_PRINT=0 -DENABLE_MEASURE_EXE_TIME=0 -DENABLE_MERGE_BACK_PLAN=0 -DENABLE_PARALLEL_EXECUTION=0 -DENABLE_QUERY_SPLIT=0 -DENABLE_SPECIFY_EST_STAT=0 -I/home/pei/Project/duckdb-polr/src/include -I/home/pei/Project/duckdb-polr/third_party/fsst -I/home/pei/Project/duckdb-polr/third_party/fmt/include -I/home/pei/Project/duckdb-polr/third_party/hyperloglog -I/home/pei/Project/duckdb-polr/third_party/fastpforlib -I/home/pei/Project/duckdb-polr/third_party/fast_float -I/home/pei/Project/duckdb-polr/third_party/re2 -I/home/pei/Project/duckdb-polr/third_party/miniz -I/home/pei/Project/duckdb-polr/third_party/utf8proc/include -I/home/pei/Project/duckdb-polr/third_party/miniparquet -I/home/pei/Project/duckdb-polr/third_party/concurrentqueue -I/home/pei/Project/duckdb-polr/third_party/pcg -I/home/pei/Project/duckdb-polr/third_party/tdigest -I/home/pei/Project/duckdb-polr/third_party/mbedtls/include -I/home/pei/Project/duckdb-polr/third_party/jaro_winkler -O3 -DNDEBUG -O3 -DNDEBUG   -fPIC -fvisibility=hidden -fdiagnostics-color=always -std=c++11 -w -std=c++11 -MD -MT third_party/re2/CMakeFiles/duckdb_re2.dir/re2/onepass.cc.o -MF third_party/re2/CMakeFiles/duckdb_re2.dir/re2/onepass.cc.o.d -o third_party/re2/CMakeFiles/duckdb_re2.dir/re2/onepass.cc.o -c /home/pei/Project/duckdb-polr/third_party/re2/re2/onepass.cc
[309/376] /usr/bin/ccache /usr/lib/ccache/c++ -DDUCKDB_BUILD_LIBRARY -DENABLE_CROSS_PRODUCT_REWRITE=0 -DENABLE_DEBUG_PRINT=0 -DENABLE_MEASURE_EXE_TIME=0 -DENABLE_MERGE_BACK_PLAN=0 -DENABLE_PARALLEL_EXECUTION=0 -DENABLE_QUERY_SPLIT=0 -DENABLE_SPECIFY_EST_STAT=0 -I/home/pei/Project/duckdb-polr/src/include -I/home/pei/Project/duckdb-polr/third_party/fsst -I/home/pei/Project/duckdb-polr/third_party/fmt/include -I/home/pei/Project/duckdb-polr/third_party/hyperloglog -I/home/pei/Project/duckdb-polr/third_party/fastpforlib -I/home/pei/Project/duckdb-polr/third_party/fast_float -I/home/pei/Project/duckdb-polr/third_party/re2 -I/home/pei/Project/duckdb-polr/third_party/miniz -I/home/pei/Project/duckdb-polr/third_party/utf8proc/include -I/home/pei/Project/duckdb-polr/third_party/miniparquet -I/home/pei/Project/duckdb-polr/third_party/concurrentqueue -I/home/pei/Project/duckdb-polr/third_party/pcg -I/home/pei/Project/duckdb-polr/third_party/tdigest -I/home/pei/Project/duckdb-polr/third_party/mbedtls/include -I/home/pei/Project/duckdb-polr/third_party/jaro_winkler -O3 -DNDEBUG -O3 -DNDEBUG   -fPIC -fvisibility=hidden -fdiagnostics-color=always -std=c++11 -w -std=c++11 -MD -MT third_party/re2/CMakeFiles/duckdb_re2.dir/re2/nfa.cc.o -MF third_party/re2/CMakeFiles/duckdb_re2.dir/re2/nfa.cc.o.d -o third_party/re2/CMakeFiles/duckdb_re2.dir/re2/nfa.cc.o -c /home/pei/Project/duckdb-polr/third_party/re2/re2/nfa.cc
[310/376] /usr/bin/ccache /usr/lib/ccache/c++ -DDUCKDB_BUILD_LIBRARY -DENABLE_CROSS_PRODUCT_REWRITE=0 -DENABLE_DEBUG_PRINT=0 -DENABLE_MEASURE_EXE_TIME=0 -DENABLE_MERGE_BACK_PLAN=0 -DENABLE_PARALLEL_EXECUTION=0 -DENABLE_QUERY_SPLIT=0 -DENABLE_SPECIFY_EST_STAT=0 -I/home/pei/Project/duckdb-polr/src/include -I/home/pei/Project/duckdb-polr/third_party/fsst -I/home/pei/Project/duckdb-polr/third_party/fmt/include -I/home/pei/Project/duckdb-polr/third_party/hyperloglog -I/home/pei/Project/duckdb-polr/third_party/fastpforlib -I/home/pei/Project/duckdb-polr/third_party/fast_float -I/home/pei/Project/duckdb-polr/third_party/re2 -I/home/pei/Project/duckdb-polr/third_party/miniz -I/home/pei/Project/duckdb-polr/third_party/utf8proc/include -I/home/pei/Project/duckdb-polr/third_party/miniparquet -I/home/pei/Project/duckdb-polr/third_party/concurrentqueue -I/home/pei/Project/duckdb-polr/third_party/pcg -I/home/pei/Project/duckdb-polr/third_party/tdigest -I/home/pei/Project/duckdb-polr/third_party/mbedtls/include -I/home/pei/Project/duckdb-polr/third_party/jaro_winkler -O3 -DNDEBUG -O3 -DNDEBUG   -fPIC -fvisibility=hidden -fdiagnostics-color=always -std=c++11 -w -std=c++11 -MD -MT third_party/re2/CMakeFiles/duckdb_re2.dir/re2/perl_groups.cc.o -MF third_party/re2/CMakeFiles/duckdb_re2.dir/re2/perl_groups.cc.o.d -o third_party/re2/CMakeFiles/duckdb_re2.dir/re2/perl_groups.cc.o -c /home/pei/Project/duckdb-polr/third_party/re2/re2/perl_groups.cc
[311/376] /usr/bin/ccache /usr/lib/ccache/c++ -DDUCKDB_BUILD_LIBRARY -DENABLE_CROSS_PRODUCT_REWRITE=0 -DENABLE_DEBUG_PRINT=0 -DENABLE_MEASURE_EXE_TIME=0 -DENABLE_MERGE_BACK_PLAN=0 -DENABLE_PARALLEL_EXECUTION=0 -DENABLE_QUERY_SPLIT=0 -DENABLE_SPECIFY_EST_STAT=0 -I/home/pei/Project/duckdb-polr/src/include -I/home/pei/Project/duckdb-polr/third_party/fsst -I/home/pei/Project/duckdb-polr/third_party/fmt/include -I/home/pei/Project/duckdb-polr/third_party/hyperloglog -I/home/pei/Project/duckdb-polr/third_party/fastpforlib -I/home/pei/Project/duckdb-polr/third_party/fast_float -I/home/pei/Project/duckdb-polr/third_party/re2 -I/home/pei/Project/duckdb-polr/third_party/miniz -I/home/pei/Project/duckdb-polr/third_party/utf8proc/include -I/home/pei/Project/duckdb-polr/third_party/miniparquet -I/home/pei/Project/duckdb-polr/third_party/concurrentqueue -I/home/pei/Project/duckdb-polr/third_party/pcg -I/home/pei/Project/duckdb-polr/third_party/tdigest -I/home/pei/Project/duckdb-polr/third_party/mbedtls/include -I/home/pei/Project/duckdb-polr/third_party/jaro_winkler -O3 -DNDEBUG -O3 -DNDEBUG   -fPIC -fvisibility=hidden -fdiagnostics-color=always -std=c++11 -w -std=c++11 -MD -MT third_party/re2/CMakeFiles/duckdb_re2.dir/re2/prefilter.cc.o -MF third_party/re2/CMakeFiles/duckdb_re2.dir/re2/prefilter.cc.o.d -o third_party/re2/CMakeFiles/duckdb_re2.dir/re2/prefilter.cc.o -c /home/pei/Project/duckdb-polr/third_party/re2/re2/prefilter.cc
[312/376] /usr/bin/ccache /usr/lib/ccache/c++ -DDUCKDB_BUILD_LIBRARY -DENABLE_CROSS_PRODUCT_REWRITE=0 -DENABLE_DEBUG_PRINT=0 -DENABLE_MEASURE_EXE_TIME=0 -DENABLE_MERGE_BACK_PLAN=0 -DENABLE_PARALLEL_EXECUTION=0 -DENABLE_QUERY_SPLIT=0 -DENABLE_SPECIFY_EST_STAT=0 -I/home/pei/Project/duckdb-polr/src/include -I/home/pei/Project/duckdb-polr/third_party/fsst -I/home/pei/Project/duckdb-polr/third_party/fmt/include -I/home/pei/Project/duckdb-polr/third_party/hyperloglog -I/home/pei/Project/duckdb-polr/third_party/fastpforlib -I/home/pei/Project/duckdb-polr/third_party/fast_float -I/home/pei/Project/duckdb-polr/third_party/re2 -I/home/pei/Project/duckdb-polr/third_party/miniz -I/home/pei/Project/duckdb-polr/third_party/utf8proc/include -I/home/pei/Project/duckdb-polr/third_party/miniparquet -I/home/pei/Project/duckdb-polr/third_party/concurrentqueue -I/home/pei/Project/duckdb-polr/third_party/pcg -I/home/pei/Project/duckdb-polr/third_party/tdigest -I/home/pei/Project/duckdb-polr/third_party/mbedtls/include -I/home/pei/Project/duckdb-polr/third_party/jaro_winkler -O3 -DNDEBUG -O3 -DNDEBUG   -fPIC -fvisibility=hidden -fdiagnostics-color=always -std=c++11 -w -std=c++11 -MD -MT third_party/re2/CMakeFiles/duckdb_re2.dir/re2/prefilter_tree.cc.o -MF third_party/re2/CMakeFiles/duckdb_re2.dir/re2/prefilter_tree.cc.o.d -o third_party/re2/CMakeFiles/duckdb_re2.dir/re2/prefilter_tree.cc.o -c /home/pei/Project/duckdb-polr/third_party/re2/re2/prefilter_tree.cc
[313/376] /usr/bin/ccache /usr/lib/ccache/c++ -DDUCKDB_BUILD_LIBRARY -DENABLE_CROSS_PRODUCT_REWRITE=0 -DENABLE_DEBUG_PRINT=0 -DENABLE_MEASURE_EXE_TIME=0 -DENABLE_MERGE_BACK_PLAN=0 -DENABLE_PARALLEL_EXECUTION=0 -DENABLE_QUERY_SPLIT=0 -DENABLE_SPECIFY_EST_STAT=0 -I/home/pei/Project/duckdb-polr/src/include -I/home/pei/Project/duckdb-polr/third_party/fsst -I/home/pei/Project/duckdb-polr/third_party/fmt/include -I/home/pei/Project/duckdb-polr/third_party/hyperloglog -I/home/pei/Project/duckdb-polr/third_party/fastpforlib -I/home/pei/Project/duckdb-polr/third_party/fast_float -I/home/pei/Project/duckdb-polr/third_party/re2 -I/home/pei/Project/duckdb-polr/third_party/miniz -I/home/pei/Project/duckdb-polr/third_party/utf8proc/include -I/home/pei/Project/duckdb-polr/third_party/miniparquet -I/home/pei/Project/duckdb-polr/third_party/concurrentqueue -I/home/pei/Project/duckdb-polr/third_party/pcg -I/home/pei/Project/duckdb-polr/third_party/tdigest -I/home/pei/Project/duckdb-polr/third_party/mbedtls/include -I/home/pei/Project/duckdb-polr/third_party/jaro_winkler -O3 -DNDEBUG -O3 -DNDEBUG   -fPIC -fvisibility=hidden -fdiagnostics-color=always -std=c++11 -w -std=c++11 -MD -MT third_party/re2/CMakeFiles/duckdb_re2.dir/re2/parse.cc.o -MF third_party/re2/CMakeFiles/duckdb_re2.dir/re2/parse.cc.o.d -o third_party/re2/CMakeFiles/duckdb_re2.dir/re2/parse.cc.o -c /home/pei/Project/duckdb-polr/third_party/re2/re2/parse.cc
[314/376] /usr/bin/ccache /usr/lib/ccache/c++ -DDUCKDB_BUILD_LIBRARY -DENABLE_CROSS_PRODUCT_REWRITE=0 -DENABLE_DEBUG_PRINT=0 -DENABLE_MEASURE_EXE_TIME=0 -DENABLE_MERGE_BACK_PLAN=0 -DENABLE_PARALLEL_EXECUTION=0 -DENABLE_QUERY_SPLIT=0 -DENABLE_SPECIFY_EST_STAT=0 -I/home/pei/Project/duckdb-polr/src/include -I/home/pei/Project/duckdb-polr/third_party/fsst -I/home/pei/Project/duckdb-polr/third_party/fmt/include -I/home/pei/Project/duckdb-polr/third_party/hyperloglog -I/home/pei/Project/duckdb-polr/third_party/fastpforlib -I/home/pei/Project/duckdb-polr/third_party/fast_float -I/home/pei/Project/duckdb-polr/third_party/re2 -I/home/pei/Project/duckdb-polr/third_party/miniz -I/home/pei/Project/duckdb-polr/third_party/utf8proc/include -I/home/pei/Project/duckdb-polr/third_party/miniparquet -I/home/pei/Project/duckdb-polr/third_party/concurrentqueue -I/home/pei/Project/duckdb-polr/third_party/pcg -I/home/pei/Project/duckdb-polr/third_party/tdigest -I/home/pei/Project/duckdb-polr/third_party/mbedtls/include -I/home/pei/Project/duckdb-polr/third_party/jaro_winkler -O3 -DNDEBUG -O3 -DNDEBUG   -fPIC -fvisibility=hidden -fdiagnostics-color=always -std=c++11 -w -std=c++11 -MD -MT third_party/re2/CMakeFiles/duckdb_re2.dir/re2/prog.cc.o -MF third_party/re2/CMakeFiles/duckdb_re2.dir/re2/prog.cc.o.d -o third_party/re2/CMakeFiles/duckdb_re2.dir/re2/prog.cc.o -c /home/pei/Project/duckdb-polr/third_party/re2/re2/prog.cc
[315/376] /usr/bin/ccache /usr/lib/ccache/c++ -DDUCKDB_BUILD_LIBRARY -DENABLE_CROSS_PRODUCT_REWRITE=0 -DENABLE_DEBUG_PRINT=0 -DENABLE_MEASURE_EXE_TIME=0 -DENABLE_MERGE_BACK_PLAN=0 -DENABLE_PARALLEL_EXECUTION=0 -DENABLE_QUERY_SPLIT=0 -DENABLE_SPECIFY_EST_STAT=0 -I/home/pei/Project/duckdb-polr/src/include -I/home/pei/Project/duckdb-polr/third_party/fsst -I/home/pei/Project/duckdb-polr/third_party/fmt/include -I/home/pei/Project/duckdb-polr/third_party/hyperloglog -I/home/pei/Project/duckdb-polr/third_party/fastpforlib -I/home/pei/Project/duckdb-polr/third_party/fast_float -I/home/pei/Project/duckdb-polr/third_party/re2 -I/home/pei/Project/duckdb-polr/third_party/miniz -I/home/pei/Project/duckdb-polr/third_party/utf8proc/include -I/home/pei/Project/duckdb-polr/third_party/miniparquet -I/home/pei/Project/duckdb-polr/third_party/concurrentqueue -I/home/pei/Project/duckdb-polr/third_party/pcg -I/home/pei/Project/duckdb-polr/third_party/tdigest -I/home/pei/Project/duckdb-polr/third_party/mbedtls/include -I/home/pei/Project/duckdb-polr/third_party/jaro_winkler -O3 -DNDEBUG -O3 -DNDEBUG   -fPIC -fvisibility=hidden -fdiagnostics-color=always -std=c++11 -w -std=c++11 -MD -MT third_party/re2/CMakeFiles/duckdb_re2.dir/re2/re2.cc.o -MF third_party/re2/CMakeFiles/duckdb_re2.dir/re2/re2.cc.o.d -o third_party/re2/CMakeFiles/duckdb_re2.dir/re2/re2.cc.o -c /home/pei/Project/duckdb-polr/third_party/re2/re2/re2.cc
[316/376] /usr/bin/ccache /usr/lib/ccache/c++ -DDUCKDB_BUILD_LIBRARY -DENABLE_CROSS_PRODUCT_REWRITE=0 -DENABLE_DEBUG_PRINT=0 -DENABLE_MEASURE_EXE_TIME=0 -DENABLE_MERGE_BACK_PLAN=0 -DENABLE_PARALLEL_EXECUTION=0 -DENABLE_QUERY_SPLIT=0 -DENABLE_SPECIFY_EST_STAT=0 -I/home/pei/Project/duckdb-polr/src/include -I/home/pei/Project/duckdb-polr/third_party/fsst -I/home/pei/Project/duckdb-polr/third_party/fmt/include -I/home/pei/Project/duckdb-polr/third_party/hyperloglog -I/home/pei/Project/duckdb-polr/third_party/fastpforlib -I/home/pei/Project/duckdb-polr/third_party/fast_float -I/home/pei/Project/duckdb-polr/third_party/re2 -I/home/pei/Project/duckdb-polr/third_party/miniz -I/home/pei/Project/duckdb-polr/third_party/utf8proc/include -I/home/pei/Project/duckdb-polr/third_party/miniparquet -I/home/pei/Project/duckdb-polr/third_party/concurrentqueue -I/home/pei/Project/duckdb-polr/third_party/pcg -I/home/pei/Project/duckdb-polr/third_party/tdigest -I/home/pei/Project/duckdb-polr/third_party/mbedtls/include -I/home/pei/Project/duckdb-polr/third_party/jaro_winkler -O3 -DNDEBUG -O3 -DNDEBUG   -fPIC -fvisibility=hidden -fdiagnostics-color=always -std=c++11 -w -std=c++11 -MD -MT third_party/re2/CMakeFiles/duckdb_re2.dir/re2/regexp.cc.o -MF third_party/re2/CMakeFiles/duckdb_re2.dir/re2/regexp.cc.o.d -o third_party/re2/CMakeFiles/duckdb_re2.dir/re2/regexp.cc.o -c /home/pei/Project/duckdb-polr/third_party/re2/re2/regexp.cc
[317/376] /usr/bin/ccache /usr/lib/ccache/c++ -DDUCKDB_BUILD_LIBRARY -DENABLE_CROSS_PRODUCT_REWRITE=0 -DENABLE_DEBUG_PRINT=0 -DENABLE_MEASURE_EXE_TIME=0 -DENABLE_MERGE_BACK_PLAN=0 -DENABLE_PARALLEL_EXECUTION=0 -DENABLE_QUERY_SPLIT=0 -DENABLE_SPECIFY_EST_STAT=0 -I/home/pei/Project/duckdb-polr/src/include -I/home/pei/Project/duckdb-polr/third_party/fsst -I/home/pei/Project/duckdb-polr/third_party/fmt/include -I/home/pei/Project/duckdb-polr/third_party/hyperloglog -I/home/pei/Project/duckdb-polr/third_party/fastpforlib -I/home/pei/Project/duckdb-polr/third_party/fast_float -I/home/pei/Project/duckdb-polr/third_party/re2 -I/home/pei/Project/duckdb-polr/third_party/miniz -I/home/pei/Project/duckdb-polr/third_party/utf8proc/include -I/home/pei/Project/duckdb-polr/third_party/miniparquet -I/home/pei/Project/duckdb-polr/third_party/concurrentqueue -I/home/pei/Project/duckdb-polr/third_party/pcg -I/home/pei/Project/duckdb-polr/third_party/tdigest -I/home/pei/Project/duckdb-polr/third_party/mbedtls/include -I/home/pei/Project/duckdb-polr/third_party/jaro_winkler -O3 -DNDEBUG -O3 -DNDEBUG   -fPIC -fvisibility=hidden -fdiagnostics-color=always -std=c++11 -w -std=c++11 -MD -MT third_party/re2/CMakeFiles/duckdb_re2.dir/re2/set.cc.o -MF third_party/re2/CMakeFiles/duckdb_re2.dir/re2/set.cc.o.d -o third_party/re2/CMakeFiles/duckdb_re2.dir/re2/set.cc.o -c /home/pei/Project/duckdb-polr/third_party/re2/re2/set.cc
[318/376] /usr/bin/ccache /usr/lib/ccache/c++ -DDUCKDB_BUILD_LIBRARY -DENABLE_CROSS_PRODUCT_REWRITE=0 -DENABLE_DEBUG_PRINT=0 -DENABLE_MEASURE_EXE_TIME=0 -DENABLE_MERGE_BACK_PLAN=0 -DENABLE_PARALLEL_EXECUTION=0 -DENABLE_QUERY_SPLIT=0 -DENABLE_SPECIFY_EST_STAT=0 -I/home/pei/Project/duckdb-polr/src/include -I/home/pei/Project/duckdb-polr/third_party/fsst -I/home/pei/Project/duckdb-polr/third_party/fmt/include -I/home/pei/Project/duckdb-polr/third_party/hyperloglog -I/home/pei/Project/duckdb-polr/third_party/fastpforlib -I/home/pei/Project/duckdb-polr/third_party/fast_float -I/home/pei/Project/duckdb-polr/third_party/re2 -I/home/pei/Project/duckdb-polr/third_party/miniz -I/home/pei/Project/duckdb-polr/third_party/utf8proc/include -I/home/pei/Project/duckdb-polr/third_party/miniparquet -I/home/pei/Project/duckdb-polr/third_party/concurrentqueue -I/home/pei/Project/duckdb-polr/third_party/pcg -I/home/pei/Project/duckdb-polr/third_party/tdigest -I/home/pei/Project/duckdb-polr/third_party/mbedtls/include -I/home/pei/Project/duckdb-polr/third_party/jaro_winkler -O3 -DNDEBUG -O3 -DNDEBUG   -fPIC -fvisibility=hidden -fdiagnostics-color=always -std=c++11 -w -std=c++11 -MD -MT third_party/re2/CMakeFiles/duckdb_re2.dir/re2/simplify.cc.o -MF third_party/re2/CMakeFiles/duckdb_re2.dir/re2/simplify.cc.o.d -o third_party/re2/CMakeFiles/duckdb_re2.dir/re2/simplify.cc.o -c /home/pei/Project/duckdb-polr/third_party/re2/re2/simplify.cc
[319/376] /usr/bin/ccache /usr/lib/ccache/c++ -DDUCKDB_BUILD_LIBRARY -DENABLE_CROSS_PRODUCT_REWRITE=0 -DENABLE_DEBUG_PRINT=0 -DENABLE_MEASURE_EXE_TIME=0 -DENABLE_MERGE_BACK_PLAN=0 -DENABLE_PARALLEL_EXECUTION=0 -DENABLE_QUERY_SPLIT=0 -DENABLE_SPECIFY_EST_STAT=0 -I/home/pei/Project/duckdb-polr/src/include -I/home/pei/Project/duckdb-polr/third_party/fsst -I/home/pei/Project/duckdb-polr/third_party/fmt/include -I/home/pei/Project/duckdb-polr/third_party/hyperloglog -I/home/pei/Project/duckdb-polr/third_party/fastpforlib -I/home/pei/Project/duckdb-polr/third_party/fast_float -I/home/pei/Project/duckdb-polr/third_party/re2 -I/home/pei/Project/duckdb-polr/third_party/miniz -I/home/pei/Project/duckdb-polr/third_party/utf8proc/include -I/home/pei/Project/duckdb-polr/third_party/miniparquet -I/home/pei/Project/duckdb-polr/third_party/concurrentqueue -I/home/pei/Project/duckdb-polr/third_party/pcg -I/home/pei/Project/duckdb-polr/third_party/tdigest -I/home/pei/Project/duckdb-polr/third_party/mbedtls/include -I/home/pei/Project/duckdb-polr/third_party/jaro_winkler -O3 -DNDEBUG -O3 -DNDEBUG   -fPIC -fvisibility=hidden -fdiagnostics-color=always -std=c++11 -w -std=c++11 -MD -MT third_party/re2/CMakeFiles/duckdb_re2.dir/re2/stringpiece.cc.o -MF third_party/re2/CMakeFiles/duckdb_re2.dir/re2/stringpiece.cc.o.d -o third_party/re2/CMakeFiles/duckdb_re2.dir/re2/stringpiece.cc.o -c /home/pei/Project/duckdb-polr/third_party/re2/re2/stringpiece.cc
[320/376] /usr/bin/ccache /usr/lib/ccache/c++ -DDUCKDB_BUILD_LIBRARY -DENABLE_CROSS_PRODUCT_REWRITE=0 -DENABLE_DEBUG_PRINT=0 -DENABLE_MEASURE_EXE_TIME=0 -DENABLE_MERGE_BACK_PLAN=0 -DENABLE_PARALLEL_EXECUTION=0 -DENABLE_QUERY_SPLIT=0 -DENABLE_SPECIFY_EST_STAT=0 -I/home/pei/Project/duckdb-polr/src/include -I/home/pei/Project/duckdb-polr/third_party/fsst -I/home/pei/Project/duckdb-polr/third_party/fmt/include -I/home/pei/Project/duckdb-polr/third_party/hyperloglog -I/home/pei/Project/duckdb-polr/third_party/fastpforlib -I/home/pei/Project/duckdb-polr/third_party/fast_float -I/home/pei/Project/duckdb-polr/third_party/re2 -I/home/pei/Project/duckdb-polr/third_party/miniz -I/home/pei/Project/duckdb-polr/third_party/utf8proc/include -I/home/pei/Project/duckdb-polr/third_party/miniparquet -I/home/pei/Project/duckdb-polr/third_party/concurrentqueue -I/home/pei/Project/duckdb-polr/third_party/pcg -I/home/pei/Project/duckdb-polr/third_party/tdigest -I/home/pei/Project/duckdb-polr/third_party/mbedtls/include -I/home/pei/Project/duckdb-polr/third_party/jaro_winkler -O3 -DNDEBUG -O3 -DNDEBUG   -fPIC -fvisibility=hidden -fdiagnostics-color=always -std=c++11 -w -std=c++11 -MD -MT third_party/re2/CMakeFiles/duckdb_re2.dir/re2/unicode_casefold.cc.o -MF third_party/re2/CMakeFiles/duckdb_re2.dir/re2/unicode_casefold.cc.o.d -o third_party/re2/CMakeFiles/duckdb_re2.dir/re2/unicode_casefold.cc.o -c /home/pei/Project/duckdb-polr/third_party/re2/re2/unicode_casefold.cc
[321/376] /usr/bin/ccache /usr/lib/ccache/c++ -DDUCKDB_BUILD_LIBRARY -DENABLE_CROSS_PRODUCT_REWRITE=0 -DENABLE_DEBUG_PRINT=0 -DENABLE_MEASURE_EXE_TIME=0 -DENABLE_MERGE_BACK_PLAN=0 -DENABLE_PARALLEL_EXECUTION=0 -DENABLE_QUERY_SPLIT=0 -DENABLE_SPECIFY_EST_STAT=0 -I/home/pei/Project/duckdb-polr/src/include -I/home/pei/Project/duckdb-polr/third_party/fsst -I/home/pei/Project/duckdb-polr/third_party/fmt/include -I/home/pei/Project/duckdb-polr/third_party/hyperloglog -I/home/pei/Project/duckdb-polr/third_party/fastpforlib -I/home/pei/Project/duckdb-polr/third_party/fast_float -I/home/pei/Project/duckdb-polr/third_party/re2 -I/home/pei/Project/duckdb-polr/third_party/miniz -I/home/pei/Project/duckdb-polr/third_party/utf8proc/include -I/home/pei/Project/duckdb-polr/third_party/miniparquet -I/home/pei/Project/duckdb-polr/third_party/concurrentqueue -I/home/pei/Project/duckdb-polr/third_party/pcg -I/home/pei/Project/duckdb-polr/third_party/tdigest -I/home/pei/Project/duckdb-polr/third_party/mbedtls/include -I/home/pei/Project/duckdb-polr/third_party/jaro_winkler -I/home/pei/Project/duckdb-polr/third_party/libpg_query/include -O3 -DNDEBUG -O3 -DNDEBUG   -fPIC -fvisibility=hidden -fdiagnostics-color=always -w -std=c++11 -MD -MT third_party/libpg_query/CMakeFiles/duckdb_pg_query.dir/src_backend_parser_parser.cpp.o -MF third_party/libpg_query/CMakeFiles/duckdb_pg_query.dir/src_backend_parser_parser.cpp.o.d -o third_party/libpg_query/CMakeFiles/duckdb_pg_query.dir/src_backend_parser_parser.cpp.o -c /home/pei/Project/duckdb-polr/third_party/libpg_query/src_backend_parser_parser.cpp
[322/376] /usr/bin/ccache /usr/lib/ccache/c++ -DDUCKDB_BUILD_LIBRARY -DENABLE_CROSS_PRODUCT_REWRITE=0 -DENABLE_DEBUG_PRINT=0 -DENABLE_MEASURE_EXE_TIME=0 -DENABLE_MERGE_BACK_PLAN=0 -DENABLE_PARALLEL_EXECUTION=0 -DENABLE_QUERY_SPLIT=0 -DENABLE_SPECIFY_EST_STAT=0 -I/home/pei/Project/duckdb-polr/src/include -I/home/pei/Project/duckdb-polr/third_party/fsst -I/home/pei/Project/duckdb-polr/third_party/fmt/include -I/home/pei/Project/duckdb-polr/third_party/hyperloglog -I/home/pei/Project/duckdb-polr/third_party/fastpforlib -I/home/pei/Project/duckdb-polr/third_party/fast_float -I/home/pei/Project/duckdb-polr/third_party/re2 -I/home/pei/Project/duckdb-polr/third_party/miniz -I/home/pei/Project/duckdb-polr/third_party/utf8proc/include -I/home/pei/Project/duckdb-polr/third_party/miniparquet -I/home/pei/Project/duckdb-polr/third_party/concurrentqueue -I/home/pei/Project/duckdb-polr/third_party/pcg -I/home/pei/Project/duckdb-polr/third_party/tdigest -I/home/pei/Project/duckdb-polr/third_party/mbedtls/include -I/home/pei/Project/duckdb-polr/third_party/jaro_winkler -O3 -DNDEBUG -O3 -DNDEBUG   -fPIC -fvisibility=hidden -fdiagnostics-color=always -std=c++11 -w -std=c++11 -MD -MT third_party/re2/CMakeFiles/duckdb_re2.dir/re2/tostring.cc.o -MF third_party/re2/CMakeFiles/duckdb_re2.dir/re2/tostring.cc.o.d -o third_party/re2/CMakeFiles/duckdb_re2.dir/re2/tostring.cc.o -c /home/pei/Project/duckdb-polr/third_party/re2/re2/tostring.cc
[323/376] /usr/bin/ccache /usr/lib/ccache/c++ -DDUCKDB_BUILD_LIBRARY -DENABLE_CROSS_PRODUCT_REWRITE=0 -DENABLE_DEBUG_PRINT=0 -DENABLE_MEASURE_EXE_TIME=0 -DENABLE_MERGE_BACK_PLAN=0 -DENABLE_PARALLEL_EXECUTION=0 -DENABLE_QUERY_SPLIT=0 -DENABLE_SPECIFY_EST_STAT=0 -I/home/pei/Project/duckdb-polr/src/include -I/home/pei/Project/duckdb-polr/third_party/fsst -I/home/pei/Project/duckdb-polr/third_party/fmt/include -I/home/pei/Project/duckdb-polr/third_party/hyperloglog -I/home/pei/Project/duckdb-polr/third_party/fastpforlib -I/home/pei/Project/duckdb-polr/third_party/fast_float -I/home/pei/Project/duckdb-polr/third_party/re2 -I/home/pei/Project/duckdb-polr/third_party/miniz -I/home/pei/Project/duckdb-polr/third_party/utf8proc/include -I/home/pei/Project/duckdb-polr/third_party/miniparquet -I/home/pei/Project/duckdb-polr/third_party/concurrentqueue -I/home/pei/Project/duckdb-polr/third_party/pcg -I/home/pei/Project/duckdb-polr/third_party/tdigest -I/home/pei/Project/duckdb-polr/third_party/mbedtls/include -I/home/pei/Project/duckdb-polr/third_party/jaro_winkler -O3 -DNDEBUG -O3 -DNDEBUG   -fPIC -fvisibility=hidden -fdiagnostics-color=always -std=c++11 -w -std=c++11 -MD -MT third_party/re2/CMakeFiles/duckdb_re2.dir/re2/unicode_groups.cc.o -MF third_party/re2/CMakeFiles/duckdb_re2.dir/re2/unicode_groups.cc.o.d -o third_party/re2/CMakeFiles/duckdb_re2.dir/re2/unicode_groups.cc.o -c /home/pei/Project/duckdb-polr/third_party/re2/re2/unicode_groups.cc
[324/376] /usr/bin/ccache /usr/lib/ccache/c++ -DDUCKDB_BUILD_LIBRARY -DENABLE_CROSS_PRODUCT_REWRITE=0 -DENABLE_DEBUG_PRINT=0 -DENABLE_MEASURE_EXE_TIME=0 -DENABLE_MERGE_BACK_PLAN=0 -DENABLE_PARALLEL_EXECUTION=0 -DENABLE_QUERY_SPLIT=0 -DENABLE_SPECIFY_EST_STAT=0 -I/home/pei/Project/duckdb-polr/src/include -I/home/pei/Project/duckdb-polr/third_party/fsst -I/home/pei/Project/duckdb-polr/third_party/fmt/include -I/home/pei/Project/duckdb-polr/third_party/hyperloglog -I/home/pei/Project/duckdb-polr/third_party/fastpforlib -I/home/pei/Project/duckdb-polr/third_party/fast_float -I/home/pei/Project/duckdb-polr/third_party/re2 -I/home/pei/Project/duckdb-polr/third_party/miniz -I/home/pei/Project/duckdb-polr/third_party/utf8proc/include -I/home/pei/Project/duckdb-polr/third_party/miniparquet -I/home/pei/Project/duckdb-polr/third_party/concurrentqueue -I/home/pei/Project/duckdb-polr/third_party/pcg -I/home/pei/Project/duckdb-polr/third_party/tdigest -I/home/pei/Project/duckdb-polr/third_party/mbedtls/include -I/home/pei/Project/duckdb-polr/third_party/jaro_winkler -O3 -DNDEBUG -O3 -DNDEBUG   -fPIC -fvisibility=hidden -fdiagnostics-color=always -std=c++11 -w -std=c++11 -MD -MT third_party/re2/CMakeFiles/duckdb_re2.dir/util/rune.cc.o -MF third_party/re2/CMakeFiles/duckdb_re2.dir/util/rune.cc.o.d -o third_party/re2/CMakeFiles/duckdb_re2.dir/util/rune.cc.o -c /home/pei/Project/duckdb-polr/third_party/re2/util/rune.cc
[325/376] /usr/bin/ccache /usr/lib/ccache/c++ -DDUCKDB_BUILD_LIBRARY -DENABLE_CROSS_PRODUCT_REWRITE=0 -DENABLE_DEBUG_PRINT=0 -DENABLE_MEASURE_EXE_TIME=0 -DENABLE_MERGE_BACK_PLAN=0 -DENABLE_PARALLEL_EXECUTION=0 -DENABLE_QUERY_SPLIT=0 -DENABLE_SPECIFY_EST_STAT=0 -I/home/pei/Project/duckdb-polr/src/include -I/home/pei/Project/duckdb-polr/third_party/fsst -I/home/pei/Project/duckdb-polr/third_party/fmt/include -I/home/pei/Project/duckdb-polr/third_party/hyperloglog -I/home/pei/Project/duckdb-polr/third_party/fastpforlib -I/home/pei/Project/duckdb-polr/third_party/fast_float -I/home/pei/Project/duckdb-polr/third_party/re2 -I/home/pei/Project/duckdb-polr/third_party/miniz -I/home/pei/Project/duckdb-polr/third_party/utf8proc/include -I/home/pei/Project/duckdb-polr/third_party/miniparquet -I/home/pei/Project/duckdb-polr/third_party/concurrentqueue -I/home/pei/Project/duckdb-polr/third_party/pcg -I/home/pei/Project/duckdb-polr/third_party/tdigest -I/home/pei/Project/duckdb-polr/third_party/mbedtls/include -I/home/pei/Project/duckdb-polr/third_party/jaro_winkler -O3 -DNDEBUG -O3 -DNDEBUG   -fPIC -fvisibility=hidden -fdiagnostics-color=always -std=c++11 -w -std=c++11 -MD -MT third_party/re2/CMakeFiles/duckdb_re2.dir/util/strutil.cc.o -MF third_party/re2/CMakeFiles/duckdb_re2.dir/util/strutil.cc.o.d -o third_party/re2/CMakeFiles/duckdb_re2.dir/util/strutil.cc.o -c /home/pei/Project/duckdb-polr/third_party/re2/util/strutil.cc
[326/376] /usr/bin/ccache /usr/lib/ccache/c++ -DDUCKDB_BUILD_LIBRARY -DENABLE_CROSS_PRODUCT_REWRITE=0 -DENABLE_DEBUG_PRINT=0 -DENABLE_MEASURE_EXE_TIME=0 -DENABLE_MERGE_BACK_PLAN=0 -DENABLE_PARALLEL_EXECUTION=0 -DENABLE_QUERY_SPLIT=0 -DENABLE_SPECIFY_EST_STAT=0 -I/home/pei/Project/duckdb-polr/src/include -I/home/pei/Project/duckdb-polr/third_party/fsst -I/home/pei/Project/duckdb-polr/third_party/fmt/include -I/home/pei/Project/duckdb-polr/third_party/hyperloglog -I/home/pei/Project/duckdb-polr/third_party/fastpforlib -I/home/pei/Project/duckdb-polr/third_party/fast_float -I/home/pei/Project/duckdb-polr/third_party/re2 -I/home/pei/Project/duckdb-polr/third_party/miniz -I/home/pei/Project/duckdb-polr/third_party/utf8proc/include -I/home/pei/Project/duckdb-polr/third_party/miniparquet -I/home/pei/Project/duckdb-polr/third_party/concurrentqueue -I/home/pei/Project/duckdb-polr/third_party/pcg -I/home/pei/Project/duckdb-polr/third_party/tdigest -I/home/pei/Project/duckdb-polr/third_party/mbedtls/include -I/home/pei/Project/duckdb-polr/third_party/jaro_winkler -O3 -DNDEBUG -O3 -DNDEBUG   -fPIC -fdiagnostics-color=always -w -std=c++11 -MD -MT third_party/miniz/CMakeFiles/duckdb_miniz.dir/miniz.cpp.o -MF third_party/miniz/CMakeFiles/duckdb_miniz.dir/miniz.cpp.o.d -o third_party/miniz/CMakeFiles/duckdb_miniz.dir/miniz.cpp.o -c /home/pei/Project/duckdb-polr/third_party/miniz/miniz.cpp
[327/376] /usr/bin/ccache /usr/lib/ccache/c++ -DDUCKDB_BUILD_LIBRARY -DENABLE_CROSS_PRODUCT_REWRITE=0 -DENABLE_DEBUG_PRINT=0 -DENABLE_MEASURE_EXE_TIME=0 -DENABLE_MERGE_BACK_PLAN=0 -DENABLE_PARALLEL_EXECUTION=0 -DENABLE_QUERY_SPLIT=0 -DENABLE_SPECIFY_EST_STAT=0 -I/home/pei/Project/duckdb-polr/src/include -I/home/pei/Project/duckdb-polr/third_party/fsst -I/home/pei/Project/duckdb-polr/third_party/fmt/include -I/home/pei/Project/duckdb-polr/third_party/hyperloglog -I/home/pei/Project/duckdb-polr/third_party/fastpforlib -I/home/pei/Project/duckdb-polr/third_party/fast_float -I/home/pei/Project/duckdb-polr/third_party/re2 -I/home/pei/Project/duckdb-polr/third_party/miniz -I/home/pei/Project/duckdb-polr/third_party/utf8proc/include -I/home/pei/Project/duckdb-polr/third_party/miniparquet -I/home/pei/Project/duckdb-polr/third_party/concurrentqueue -I/home/pei/Project/duckdb-polr/third_party/pcg -I/home/pei/Project/duckdb-polr/third_party/tdigest -I/home/pei/Project/duckdb-polr/third_party/mbedtls/include -I/home/pei/Project/duckdb-polr/third_party/jaro_winkler -O3 -DNDEBUG -O3 -DNDEBUG   -fPIC -fdiagnostics-color=always -std=c++11 -MD -MT third_party/utf8proc/CMakeFiles/duckdb_utf8proc.dir/utf8proc.cpp.o -MF third_party/utf8proc/CMakeFiles/duckdb_utf8proc.dir/utf8proc.cpp.o.d -o third_party/utf8proc/CMakeFiles/duckdb_utf8proc.dir/utf8proc.cpp.o -c /home/pei/Project/duckdb-polr/third_party/utf8proc/utf8proc.cpp
[328/376] /usr/bin/ccache /usr/lib/ccache/c++ -DDUCKDB_BUILD_LIBRARY -DENABLE_CROSS_PRODUCT_REWRITE=0 -DENABLE_DEBUG_PRINT=0 -DENABLE_MEASURE_EXE_TIME=0 -DENABLE_MERGE_BACK_PLAN=0 -DENABLE_PARALLEL_EXECUTION=0 -DENABLE_QUERY_SPLIT=0 -DENABLE_SPECIFY_EST_STAT=0 -I/home/pei/Project/duckdb-polr/src/include -I/home/pei/Project/duckdb-polr/third_party/fsst -I/home/pei/Project/duckdb-polr/third_party/fmt/include -I/home/pei/Project/duckdb-polr/third_party/hyperloglog -I/home/pei/Project/duckdb-polr/third_party/fastpforlib -I/home/pei/Project/duckdb-polr/third_party/fast_float -I/home/pei/Project/duckdb-polr/third_party/re2 -I/home/pei/Project/duckdb-polr/third_party/miniz -I/home/pei/Project/duckdb-polr/third_party/utf8proc/include -I/home/pei/Project/duckdb-polr/third_party/miniparquet -I/home/pei/Project/duckdb-polr/third_party/concurrentqueue -I/home/pei/Project/duckdb-polr/third_party/pcg -I/home/pei/Project/duckdb-polr/third_party/tdigest -I/home/pei/Project/duckdb-polr/third_party/mbedtls/include -I/home/pei/Project/duckdb-polr/third_party/jaro_winkler -O3 -DNDEBUG -O3 -DNDEBUG   -fPIC -fdiagnostics-color=always -std=c++11 -MD -MT third_party/utf8proc/CMakeFiles/duckdb_utf8proc.dir/utf8proc_wrapper.cpp.o -MF third_party/utf8proc/CMakeFiles/duckdb_utf8proc.dir/utf8proc_wrapper.cpp.o.d -o third_party/utf8proc/CMakeFiles/duckdb_utf8proc.dir/utf8proc_wrapper.cpp.o -c /home/pei/Project/duckdb-polr/third_party/utf8proc/utf8proc_wrapper.cpp
[329/376] /usr/bin/ccache /usr/lib/ccache/c++ -DDUCKDB_BUILD_LIBRARY -DENABLE_CROSS_PRODUCT_REWRITE=0 -DENABLE_DEBUG_PRINT=0 -DENABLE_MEASURE_EXE_TIME=0 -DENABLE_MERGE_BACK_PLAN=0 -DENABLE_PARALLEL_EXECUTION=0 -DENABLE_QUERY_SPLIT=0 -DENABLE_SPECIFY_EST_STAT=0 -I/home/pei/Project/duckdb-polr/src/include -I/home/pei/Project/duckdb-polr/third_party/fsst -I/home/pei/Project/duckdb-polr/third_party/fmt/include -I/home/pei/Project/duckdb-polr/third_party/hyperloglog -I/home/pei/Project/duckdb-polr/third_party/fastpforlib -I/home/pei/Project/duckdb-polr/third_party/fast_float -I/home/pei/Project/duckdb-polr/third_party/re2 -I/home/pei/Project/duckdb-polr/third_party/miniz -I/home/pei/Project/duckdb-polr/third_party/utf8proc/include -I/home/pei/Project/duckdb-polr/third_party/miniparquet -I/home/pei/Project/duckdb-polr/third_party/concurrentqueue -I/home/pei/Project/duckdb-polr/third_party/pcg -I/home/pei/Project/duckdb-polr/third_party/tdigest -I/home/pei/Project/duckdb-polr/third_party/mbedtls/include -I/home/pei/Project/duckdb-polr/third_party/jaro_winkler -O3 -DNDEBUG -O3 -DNDEBUG   -fPIC -fdiagnostics-color=always -w -std=c++11 -MD -MT third_party/hyperloglog/CMakeFiles/duckdb_hyperloglog.dir/sds.cpp.o -MF third_party/hyperloglog/CMakeFiles/duckdb_hyperloglog.dir/sds.cpp.o.d -o third_party/hyperloglog/CMakeFiles/duckdb_hyperloglog.dir/sds.cpp.o -c /home/pei/Project/duckdb-polr/third_party/hyperloglog/sds.cpp
[330/376] /usr/bin/ccache /usr/lib/ccache/c++ -DDUCKDB_BUILD_LIBRARY -DENABLE_CROSS_PRODUCT_REWRITE=0 -DENABLE_DEBUG_PRINT=0 -DENABLE_MEASURE_EXE_TIME=0 -DENABLE_MERGE_BACK_PLAN=0 -DENABLE_PARALLEL_EXECUTION=0 -DENABLE_QUERY_SPLIT=0 -DENABLE_SPECIFY_EST_STAT=0 -I/home/pei/Project/duckdb-polr/src/include -I/home/pei/Project/duckdb-polr/third_party/fsst -I/home/pei/Project/duckdb-polr/third_party/fmt/include -I/home/pei/Project/duckdb-polr/third_party/hyperloglog -I/home/pei/Project/duckdb-polr/third_party/fastpforlib -I/home/pei/Project/duckdb-polr/third_party/fast_float -I/home/pei/Project/duckdb-polr/third_party/re2 -I/home/pei/Project/duckdb-polr/third_party/miniz -I/home/pei/Project/duckdb-polr/third_party/utf8proc/include -I/home/pei/Project/duckdb-polr/third_party/miniparquet -I/home/pei/Project/duckdb-polr/third_party/concurrentqueue -I/home/pei/Project/duckdb-polr/third_party/pcg -I/home/pei/Project/duckdb-polr/third_party/tdigest -I/home/pei/Project/duckdb-polr/third_party/mbedtls/include -I/home/pei/Project/duckdb-polr/third_party/jaro_winkler -O3 -DNDEBUG -O3 -DNDEBUG   -fPIC -fdiagnostics-color=always -w -std=c++11 -MD -MT third_party/hyperloglog/CMakeFiles/duckdb_hyperloglog.dir/hyperloglog.cpp.o -MF third_party/hyperloglog/CMakeFiles/duckdb_hyperloglog.dir/hyperloglog.cpp.o.d -o third_party/hyperloglog/CMakeFiles/duckdb_hyperloglog.dir/hyperloglog.cpp.o -c /home/pei/Project/duckdb-polr/third_party/hyperloglog/hyperloglog.cpp
[331/376] /usr/bin/ccache /usr/lib/ccache/c++ -DDUCKDB_BUILD_LIBRARY -DENABLE_CROSS_PRODUCT_REWRITE=0 -DENABLE_DEBUG_PRINT=0 -DENABLE_MEASURE_EXE_TIME=0 -DENABLE_MERGE_BACK_PLAN=0 -DENABLE_PARALLEL_EXECUTION=0 -DENABLE_QUERY_SPLIT=0 -DENABLE_SPECIFY_EST_STAT=0 -I/home/pei/Project/duckdb-polr/src/include -I/home/pei/Project/duckdb-polr/third_party/fsst -I/home/pei/Project/duckdb-polr/third_party/fmt/include -I/home/pei/Project/duckdb-polr/third_party/hyperloglog -I/home/pei/Project/duckdb-polr/third_party/fastpforlib -I/home/pei/Project/duckdb-polr/third_party/fast_float -I/home/pei/Project/duckdb-polr/third_party/re2 -I/home/pei/Project/duckdb-polr/third_party/miniz -I/home/pei/Project/duckdb-polr/third_party/utf8proc/include -I/home/pei/Project/duckdb-polr/third_party/miniparquet -I/home/pei/Project/duckdb-polr/third_party/concurrentqueue -I/home/pei/Project/duckdb-polr/third_party/pcg -I/home/pei/Project/duckdb-polr/third_party/tdigest -I/home/pei/Project/duckdb-polr/third_party/mbedtls/include -I/home/pei/Project/duckdb-polr/third_party/jaro_winkler -O3 -DNDEBUG -O3 -DNDEBUG   -fPIC -fdiagnostics-color=always -w -std=c++11 -MD -MT third_party/fastpforlib/CMakeFiles/duckdb_fastpforlib.dir/bitpacking.cpp.o -MF third_party/fastpforlib/CMakeFiles/duckdb_fastpforlib.dir/bitpacking.cpp.o.d -o third_party/fastpforlib/CMakeFiles/duckdb_fastpforlib.dir/bitpacking.cpp.o -c /home/pei/Project/duckdb-polr/third_party/fastpforlib/bitpacking.cpp
[332/376] /usr/bin/ccache /usr/lib/ccache/c++ -DDUCKDB_BUILD_LIBRARY -DENABLE_CROSS_PRODUCT_REWRITE=0 -DENABLE_DEBUG_PRINT=0 -DENABLE_MEASURE_EXE_TIME=0 -DENABLE_MERGE_BACK_PLAN=0 -DENABLE_PARALLEL_EXECUTION=0 -DENABLE_QUERY_SPLIT=0 -DENABLE_SPECIFY_EST_STAT=0 -I/home/pei/Project/duckdb-polr/src/include -I/home/pei/Project/duckdb-polr/third_party/fsst -I/home/pei/Project/duckdb-polr/third_party/fmt/include -I/home/pei/Project/duckdb-polr/third_party/hyperloglog -I/home/pei/Project/duckdb-polr/third_party/fastpforlib -I/home/pei/Project/duckdb-polr/third_party/fast_float -I/home/pei/Project/duckdb-polr/third_party/re2 -I/home/pei/Project/duckdb-polr/third_party/miniz -I/home/pei/Project/duckdb-polr/third_party/utf8proc/include -I/home/pei/Project/duckdb-polr/third_party/miniparquet -I/home/pei/Project/duckdb-polr/third_party/concurrentqueue -I/home/pei/Project/duckdb-polr/third_party/pcg -I/home/pei/Project/duckdb-polr/third_party/tdigest -I/home/pei/Project/duckdb-polr/third_party/mbedtls/include -I/home/pei/Project/duckdb-polr/third_party/jaro_winkler -O3 -DNDEBUG -O3 -DNDEBUG   -fPIC -fvisibility=hidden -fdiagnostics-color=always -std=c++11 -MD -MT third_party/mbedtls/CMakeFiles/duckdb_mbedtls.dir/mbedtls_wrapper.cpp.o -MF third_party/mbedtls/CMakeFiles/duckdb_mbedtls.dir/mbedtls_wrapper.cpp.o.d -o third_party/mbedtls/CMakeFiles/duckdb_mbedtls.dir/mbedtls_wrapper.cpp.o -c /home/pei/Project/duckdb-polr/third_party/mbedtls/mbedtls_wrapper.cpp
[333/376] /usr/bin/ccache /usr/lib/ccache/c++ -DDUCKDB_BUILD_LIBRARY -DENABLE_CROSS_PRODUCT_REWRITE=0 -DENABLE_DEBUG_PRINT=0 -DENABLE_MEASURE_EXE_TIME=0 -DENABLE_MERGE_BACK_PLAN=0 -DENABLE_PARALLEL_EXECUTION=0 -DENABLE_QUERY_SPLIT=0 -DENABLE_SPECIFY_EST_STAT=0 -I/home/pei/Project/duckdb-polr/src/include -I/home/pei/Project/duckdb-polr/third_party/fsst -I/home/pei/Project/duckdb-polr/third_party/fmt/include -I/home/pei/Project/duckdb-polr/third_party/hyperloglog -I/home/pei/Project/duckdb-polr/third_party/fastpforlib -I/home/pei/Project/duckdb-polr/third_party/fast_float -I/home/pei/Project/duckdb-polr/third_party/re2 -I/home/pei/Project/duckdb-polr/third_party/miniz -I/home/pei/Project/duckdb-polr/third_party/utf8proc/include -I/home/pei/Project/duckdb-polr/third_party/miniparquet -I/home/pei/Project/duckdb-polr/third_party/concurrentqueue -I/home/pei/Project/duckdb-polr/third_party/pcg -I/home/pei/Project/duckdb-polr/third_party/tdigest -I/home/pei/Project/duckdb-polr/third_party/mbedtls/include -I/home/pei/Project/duckdb-polr/third_party/jaro_winkler -I/home/pei/Project/duckdb-polr/third_party/libpg_query/include -O3 -DNDEBUG -O3 -DNDEBUG   -fPIC -fvisibility=hidden -fdiagnostics-color=always -w -std=c++11 -MD -MT third_party/libpg_query/CMakeFiles/duckdb_pg_query.dir/src_common_keywords.cpp.o -MF third_party/libpg_query/CMakeFiles/duckdb_pg_query.dir/src_common_keywords.cpp.o.d -o third_party/libpg_query/CMakeFiles/duckdb_pg_query.dir/src_common_keywords.cpp.o -c /home/pei/Project/duckdb-polr/third_party/libpg_query/src_common_keywords.cpp
[334/376] /usr/bin/ccache /usr/lib/ccache/c++ -DDUCKDB_BUILD_LIBRARY -DENABLE_CROSS_PRODUCT_REWRITE=0 -DENABLE_DEBUG_PRINT=0 -DENABLE_MEASURE_EXE_TIME=0 -DENABLE_MERGE_BACK_PLAN=0 -DENABLE_PARALLEL_EXECUTION=0 -DENABLE_QUERY_SPLIT=0 -DENABLE_SPECIFY_EST_STAT=0 -I/home/pei/Project/duckdb-polr/src/include -I/home/pei/Project/duckdb-polr/third_party/fsst -I/home/pei/Project/duckdb-polr/third_party/fmt/include -I/home/pei/Project/duckdb-polr/third_party/hyperloglog -I/home/pei/Project/duckdb-polr/third_party/fastpforlib -I/home/pei/Project/duckdb-polr/third_party/fast_float -I/home/pei/Project/duckdb-polr/third_party/re2 -I/home/pei/Project/duckdb-polr/third_party/miniz -I/home/pei/Project/duckdb-polr/third_party/utf8proc/include -I/home/pei/Project/duckdb-polr/third_party/miniparquet -I/home/pei/Project/duckdb-polr/third_party/concurrentqueue -I/home/pei/Project/duckdb-polr/third_party/pcg -I/home/pei/Project/duckdb-polr/third_party/tdigest -I/home/pei/Project/duckdb-polr/third_party/mbedtls/include -I/home/pei/Project/duckdb-polr/third_party/jaro_winkler -O3 -DNDEBUG -O3 -DNDEBUG   -fPIC -fvisibility=hidden -fdiagnostics-color=always -std=c++11 -MD -MT third_party/mbedtls/CMakeFiles/duckdb_mbedtls.dir/library/sha256.cpp.o -MF third_party/mbedtls/CMakeFiles/duckdb_mbedtls.dir/library/sha256.cpp.o.d -o third_party/mbedtls/CMakeFiles/duckdb_mbedtls.dir/library/sha256.cpp.o -c /home/pei/Project/duckdb-polr/third_party/mbedtls/library/sha256.cpp
[335/376] /usr/bin/ccache /usr/lib/ccache/c++ -DDUCKDB_BUILD_LIBRARY -DENABLE_CROSS_PRODUCT_REWRITE=0 -DENABLE_DEBUG_PRINT=0 -DENABLE_MEASURE_EXE_TIME=0 -DENABLE_MERGE_BACK_PLAN=0 -DENABLE_PARALLEL_EXECUTION=0 -DENABLE_QUERY_SPLIT=0 -DENABLE_SPECIFY_EST_STAT=0 -I/home/pei/Project/duckdb-polr/src/include -I/home/pei/Project/duckdb-polr/third_party/fsst -I/home/pei/Project/duckdb-polr/third_party/fmt/include -I/home/pei/Project/duckdb-polr/third_party/hyperloglog -I/home/pei/Project/duckdb-polr/third_party/fastpforlib -I/home/pei/Project/duckdb-polr/third_party/fast_float -I/home/pei/Project/duckdb-polr/third_party/re2 -I/home/pei/Project/duckdb-polr/third_party/miniz -I/home/pei/Project/duckdb-polr/third_party/utf8proc/include -I/home/pei/Project/duckdb-polr/third_party/miniparquet -I/home/pei/Project/duckdb-polr/third_party/concurrentqueue -I/home/pei/Project/duckdb-polr/third_party/pcg -I/home/pei/Project/duckdb-polr/third_party/tdigest -I/home/pei/Project/duckdb-polr/third_party/mbedtls/include -I/home/pei/Project/duckdb-polr/third_party/jaro_winkler -I/home/pei/Project/duckdb-polr/third_party/libpg_query/include -O3 -DNDEBUG -O3 -DNDEBUG   -fPIC -fvisibility=hidden -fdiagnostics-color=always -w -std=c++11 -MD -MT third_party/libpg_query/CMakeFiles/duckdb_pg_query.dir/src_backend_parser_scan.cpp.o -MF third_party/libpg_query/CMakeFiles/duckdb_pg_query.dir/src_backend_parser_scan.cpp.o.d -o third_party/libpg_query/CMakeFiles/duckdb_pg_query.dir/src_backend_parser_scan.cpp.o -c /home/pei/Project/duckdb-polr/third_party/libpg_query/src_backend_parser_scan.cpp
[336/376] /usr/bin/ccache /usr/lib/ccache/c++ -DDUCKDB_BUILD_LIBRARY -DENABLE_CROSS_PRODUCT_REWRITE=0 -DENABLE_DEBUG_PRINT=0 -DENABLE_MEASURE_EXE_TIME=0 -DENABLE_MERGE_BACK_PLAN=0 -DENABLE_PARALLEL_EXECUTION=0 -DENABLE_QUERY_SPLIT=0 -DENABLE_SPECIFY_EST_STAT=0 -I/home/pei/Project/duckdb-polr/src/include -I/home/pei/Project/duckdb-polr/third_party/fsst -I/home/pei/Project/duckdb-polr/third_party/fmt/include -I/home/pei/Project/duckdb-polr/third_party/hyperloglog -I/home/pei/Project/duckdb-polr/third_party/fastpforlib -I/home/pei/Project/duckdb-polr/third_party/fast_float -I/home/pei/Project/duckdb-polr/third_party/re2 -I/home/pei/Project/duckdb-polr/third_party/miniz -I/home/pei/Project/duckdb-polr/third_party/utf8proc/include -I/home/pei/Project/duckdb-polr/third_party/miniparquet -I/home/pei/Project/duckdb-polr/third_party/concurrentqueue -I/home/pei/Project/duckdb-polr/third_party/pcg -I/home/pei/Project/duckdb-polr/third_party/tdigest -I/home/pei/Project/duckdb-polr/third_party/mbedtls/include -I/home/pei/Project/duckdb-polr/third_party/jaro_winkler -O3 -DNDEBUG -O3 -DNDEBUG   -fPIC -fvisibility=hidden -fdiagnostics-color=always -std=c++11 -MD -MT third_party/mbedtls/CMakeFiles/duckdb_mbedtls.dir/library/rsa.cpp.o -MF third_party/mbedtls/CMakeFiles/duckdb_mbedtls.dir/library/rsa.cpp.o.d -o third_party/mbedtls/CMakeFiles/duckdb_mbedtls.dir/library/rsa.cpp.o -c /home/pei/Project/duckdb-polr/third_party/mbedtls/library/rsa.cpp
[337/376] /usr/bin/ccache /usr/lib/ccache/c++ -DDUCKDB_BUILD_LIBRARY -DENABLE_CROSS_PRODUCT_REWRITE=0 -DENABLE_DEBUG_PRINT=0 -DENABLE_MEASURE_EXE_TIME=0 -DENABLE_MERGE_BACK_PLAN=0 -DENABLE_PARALLEL_EXECUTION=0 -DENABLE_QUERY_SPLIT=0 -DENABLE_SPECIFY_EST_STAT=0 -I/home/pei/Project/duckdb-polr/src/include -I/home/pei/Project/duckdb-polr/third_party/fsst -I/home/pei/Project/duckdb-polr/third_party/fmt/include -I/home/pei/Project/duckdb-polr/third_party/hyperloglog -I/home/pei/Project/duckdb-polr/third_party/fastpforlib -I/home/pei/Project/duckdb-polr/third_party/fast_float -I/home/pei/Project/duckdb-polr/third_party/re2 -I/home/pei/Project/duckdb-polr/third_party/miniz -I/home/pei/Project/duckdb-polr/third_party/utf8proc/include -I/home/pei/Project/duckdb-polr/third_party/miniparquet -I/home/pei/Project/duckdb-polr/third_party/concurrentqueue -I/home/pei/Project/duckdb-polr/third_party/pcg -I/home/pei/Project/duckdb-polr/third_party/tdigest -I/home/pei/Project/duckdb-polr/third_party/mbedtls/include -I/home/pei/Project/duckdb-polr/third_party/jaro_winkler -O3 -DNDEBUG -O3 -DNDEBUG   -fPIC -fvisibility=hidden -fdiagnostics-color=always -std=c++11 -MD -MT third_party/mbedtls/CMakeFiles/duckdb_mbedtls.dir/library/rsa_alt_helpers.cpp.o -MF third_party/mbedtls/CMakeFiles/duckdb_mbedtls.dir/library/rsa_alt_helpers.cpp.o.d -o third_party/mbedtls/CMakeFiles/duckdb_mbedtls.dir/library/rsa_alt_helpers.cpp.o -c /home/pei/Project/duckdb-polr/third_party/mbedtls/library/rsa_alt_helpers.cpp
[338/376] : && /usr/bin/cmake -E rm -f third_party/re2/libduckdb_re2.a && /usr/bin/ar qc third_party/re2/libduckdb_re2.a  third_party/re2/CMakeFiles/duckdb_re2.dir/re2/bitstate.cc.o third_party/re2/CMakeFiles/duckdb_re2.dir/re2/compile.cc.o third_party/re2/CMakeFiles/duckdb_re2.dir/re2/dfa.cc.o third_party/re2/CMakeFiles/duckdb_re2.dir/re2/filtered_re2.cc.o third_party/re2/CMakeFiles/duckdb_re2.dir/re2/mimics_pcre.cc.o third_party/re2/CMakeFiles/duckdb_re2.dir/re2/nfa.cc.o third_party/re2/CMakeFiles/duckdb_re2.dir/re2/onepass.cc.o third_party/re2/CMakeFiles/duckdb_re2.dir/re2/parse.cc.o third_party/re2/CMakeFiles/duckdb_re2.dir/re2/perl_groups.cc.o third_party/re2/CMakeFiles/duckdb_re2.dir/re2/prefilter.cc.o third_party/re2/CMakeFiles/duckdb_re2.dir/re2/prefilter_tree.cc.o third_party/re2/CMakeFiles/duckdb_re2.dir/re2/prog.cc.o third_party/re2/CMakeFiles/duckdb_re2.dir/re2/re2.cc.o third_party/re2/CMakeFiles/duckdb_re2.dir/re2/regexp.cc.o third_party/re2/CMakeFiles/duckdb_re2.dir/re2/set.cc.o third_party/re2/CMakeFiles/duckdb_re2.dir/re2/simplify.cc.o third_party/re2/CMakeFiles/duckdb_re2.dir/re2/stringpiece.cc.o third_party/re2/CMakeFiles/duckdb_re2.dir/re2/tostring.cc.o third_party/re2/CMakeFiles/duckdb_re2.dir/re2/unicode_casefold.cc.o third_party/re2/CMakeFiles/duckdb_re2.dir/re2/unicode_groups.cc.o third_party/re2/CMakeFiles/duckdb_re2.dir/util/rune.cc.o third_party/re2/CMakeFiles/duckdb_re2.dir/util/strutil.cc.o && /usr/bin/ranlib third_party/re2/libduckdb_re2.a && :
[339/376] : && /usr/bin/cmake -E rm -f third_party/miniz/libduckdb_miniz.a && /usr/bin/ar qc third_party/miniz/libduckdb_miniz.a  third_party/miniz/CMakeFiles/duckdb_miniz.dir/miniz.cpp.o && /usr/bin/ranlib third_party/miniz/libduckdb_miniz.a && :
[340/376] : && /usr/bin/cmake -E rm -f third_party/hyperloglog/libduckdb_hyperloglog.a && /usr/bin/ar qc third_party/hyperloglog/libduckdb_hyperloglog.a  third_party/hyperloglog/CMakeFiles/duckdb_hyperloglog.dir/hyperloglog.cpp.o third_party/hyperloglog/CMakeFiles/duckdb_hyperloglog.dir/sds.cpp.o && /usr/bin/ranlib third_party/hyperloglog/libduckdb_hyperloglog.a && :
[341/376] /usr/bin/ccache /usr/lib/ccache/c++ -DDUCKDB_BUILD_LIBRARY -DENABLE_CROSS_PRODUCT_REWRITE=0 -DENABLE_DEBUG_PRINT=0 -DENABLE_MEASURE_EXE_TIME=0 -DENABLE_MERGE_BACK_PLAN=0 -DENABLE_PARALLEL_EXECUTION=0 -DENABLE_QUERY_SPLIT=0 -DENABLE_SPECIFY_EST_STAT=0 -I/home/pei/Project/duckdb-polr/src/include -I/home/pei/Project/duckdb-polr/third_party/fsst -I/home/pei/Project/duckdb-polr/third_party/fmt/include -I/home/pei/Project/duckdb-polr/third_party/hyperloglog -I/home/pei/Project/duckdb-polr/third_party/fastpforlib -I/home/pei/Project/duckdb-polr/third_party/fast_float -I/home/pei/Project/duckdb-polr/third_party/re2 -I/home/pei/Project/duckdb-polr/third_party/miniz -I/home/pei/Project/duckdb-polr/third_party/utf8proc/include -I/home/pei/Project/duckdb-polr/third_party/miniparquet -I/home/pei/Project/duckdb-polr/third_party/concurrentqueue -I/home/pei/Project/duckdb-polr/third_party/pcg -I/home/pei/Project/duckdb-polr/third_party/tdigest -I/home/pei/Project/duckdb-polr/third_party/mbedtls/include -I/home/pei/Project/duckdb-polr/third_party/jaro_winkler -O3 -DNDEBUG -O3 -DNDEBUG   -fPIC -fvisibility=hidden -fdiagnostics-color=always -std=c++11 -MD -MT third_party/mbedtls/CMakeFiles/duckdb_mbedtls.dir/library/md.cpp.o -MF third_party/mbedtls/CMakeFiles/duckdb_mbedtls.dir/library/md.cpp.o.d -o third_party/mbedtls/CMakeFiles/duckdb_mbedtls.dir/library/md.cpp.o -c /home/pei/Project/duckdb-polr/third_party/mbedtls/library/md.cpp
[342/376] /usr/bin/ccache /usr/lib/ccache/c++ -DDUCKDB_BUILD_LIBRARY -DENABLE_CROSS_PRODUCT_REWRITE=0 -DENABLE_DEBUG_PRINT=0 -DENABLE_MEASURE_EXE_TIME=0 -DENABLE_MERGE_BACK_PLAN=0 -DENABLE_PARALLEL_EXECUTION=0 -DENABLE_QUERY_SPLIT=0 -DENABLE_SPECIFY_EST_STAT=0 -I/home/pei/Project/duckdb-polr/src/include -I/home/pei/Project/duckdb-polr/third_party/fsst -I/home/pei/Project/duckdb-polr/third_party/fmt/include -I/home/pei/Project/duckdb-polr/third_party/hyperloglog -I/home/pei/Project/duckdb-polr/third_party/fastpforlib -I/home/pei/Project/duckdb-polr/third_party/fast_float -I/home/pei/Project/duckdb-polr/third_party/re2 -I/home/pei/Project/duckdb-polr/third_party/miniz -I/home/pei/Project/duckdb-polr/third_party/utf8proc/include -I/home/pei/Project/duckdb-polr/third_party/miniparquet -I/home/pei/Project/duckdb-polr/third_party/concurrentqueue -I/home/pei/Project/duckdb-polr/third_party/pcg -I/home/pei/Project/duckdb-polr/third_party/tdigest -I/home/pei/Project/duckdb-polr/third_party/mbedtls/include -I/home/pei/Project/duckdb-polr/third_party/jaro_winkler -O3 -DNDEBUG -O3 -DNDEBUG   -fPIC -fvisibility=hidden -fdiagnostics-color=always -std=c++11 -MD -MT third_party/mbedtls/CMakeFiles/duckdb_mbedtls.dir/library/bignum.cpp.o -MF third_party/mbedtls/CMakeFiles/duckdb_mbedtls.dir/library/bignum.cpp.o.d -o third_party/mbedtls/CMakeFiles/duckdb_mbedtls.dir/library/bignum.cpp.o -c /home/pei/Project/duckdb-polr/third_party/mbedtls/library/bignum.cpp
[343/376] /usr/bin/ccache /usr/lib/ccache/c++ -DDUCKDB_BUILD_LIBRARY -DENABLE_CROSS_PRODUCT_REWRITE=0 -DENABLE_DEBUG_PRINT=0 -DENABLE_MEASURE_EXE_TIME=0 -DENABLE_MERGE_BACK_PLAN=0 -DENABLE_PARALLEL_EXECUTION=0 -DENABLE_QUERY_SPLIT=0 -DENABLE_SPECIFY_EST_STAT=0 -I/home/pei/Project/duckdb-polr/src/include -I/home/pei/Project/duckdb-polr/third_party/fsst -I/home/pei/Project/duckdb-polr/third_party/fmt/include -I/home/pei/Project/duckdb-polr/third_party/hyperloglog -I/home/pei/Project/duckdb-polr/third_party/fastpforlib -I/home/pei/Project/duckdb-polr/third_party/fast_float -I/home/pei/Project/duckdb-polr/third_party/re2 -I/home/pei/Project/duckdb-polr/third_party/miniz -I/home/pei/Project/duckdb-polr/third_party/utf8proc/include -I/home/pei/Project/duckdb-polr/third_party/miniparquet -I/home/pei/Project/duckdb-polr/third_party/concurrentqueue -I/home/pei/Project/duckdb-polr/third_party/pcg -I/home/pei/Project/duckdb-polr/third_party/tdigest -I/home/pei/Project/duckdb-polr/third_party/mbedtls/include -I/home/pei/Project/duckdb-polr/third_party/jaro_winkler -O3 -DNDEBUG -O3 -DNDEBUG   -fPIC -fvisibility=hidden -fdiagnostics-color=always -std=c++11 -MD -MT third_party/mbedtls/CMakeFiles/duckdb_mbedtls.dir/library/oid.cpp.o -MF third_party/mbedtls/CMakeFiles/duckdb_mbedtls.dir/library/oid.cpp.o.d -o third_party/mbedtls/CMakeFiles/duckdb_mbedtls.dir/library/oid.cpp.o -c /home/pei/Project/duckdb-polr/third_party/mbedtls/library/oid.cpp
[344/376] /usr/bin/ccache /usr/lib/ccache/c++ -DDUCKDB_BUILD_LIBRARY -DENABLE_CROSS_PRODUCT_REWRITE=0 -DENABLE_DEBUG_PRINT=0 -DENABLE_MEASURE_EXE_TIME=0 -DENABLE_MERGE_BACK_PLAN=0 -DENABLE_PARALLEL_EXECUTION=0 -DENABLE_QUERY_SPLIT=0 -DENABLE_SPECIFY_EST_STAT=0 -I/home/pei/Project/duckdb-polr/src/include -I/home/pei/Project/duckdb-polr/third_party/fsst -I/home/pei/Project/duckdb-polr/third_party/fmt/include -I/home/pei/Project/duckdb-polr/third_party/hyperloglog -I/home/pei/Project/duckdb-polr/third_party/fastpforlib -I/home/pei/Project/duckdb-polr/third_party/fast_float -I/home/pei/Project/duckdb-polr/third_party/re2 -I/home/pei/Project/duckdb-polr/third_party/miniz -I/home/pei/Project/duckdb-polr/third_party/utf8proc/include -I/home/pei/Project/duckdb-polr/third_party/miniparquet -I/home/pei/Project/duckdb-polr/third_party/concurrentqueue -I/home/pei/Project/duckdb-polr/third_party/pcg -I/home/pei/Project/duckdb-polr/third_party/tdigest -I/home/pei/Project/duckdb-polr/third_party/mbedtls/include -I/home/pei/Project/duckdb-polr/third_party/jaro_winkler -O3 -DNDEBUG -O3 -DNDEBUG   -fPIC -fvisibility=hidden -fdiagnostics-color=always -std=c++11 -MD -MT third_party/mbedtls/CMakeFiles/duckdb_mbedtls.dir/library/constant_time.cpp.o -MF third_party/mbedtls/CMakeFiles/duckdb_mbedtls.dir/library/constant_time.cpp.o.d -o third_party/mbedtls/CMakeFiles/duckdb_mbedtls.dir/library/constant_time.cpp.o -c /home/pei/Project/duckdb-polr/third_party/mbedtls/library/constant_time.cpp
[345/376] /usr/bin/ccache /usr/lib/ccache/c++ -DDUCKDB_BUILD_LIBRARY -DENABLE_CROSS_PRODUCT_REWRITE=0 -DENABLE_DEBUG_PRINT=0 -DENABLE_MEASURE_EXE_TIME=0 -DENABLE_MERGE_BACK_PLAN=0 -DENABLE_PARALLEL_EXECUTION=0 -DENABLE_QUERY_SPLIT=0 -DENABLE_SPECIFY_EST_STAT=0 -I/home/pei/Project/duckdb-polr/src/include -I/home/pei/Project/duckdb-polr/third_party/fsst -I/home/pei/Project/duckdb-polr/third_party/fmt/include -I/home/pei/Project/duckdb-polr/third_party/hyperloglog -I/home/pei/Project/duckdb-polr/third_party/fastpforlib -I/home/pei/Project/duckdb-polr/third_party/fast_float -I/home/pei/Project/duckdb-polr/third_party/re2 -I/home/pei/Project/duckdb-polr/third_party/miniz -I/home/pei/Project/duckdb-polr/third_party/utf8proc/include -I/home/pei/Project/duckdb-polr/third_party/miniparquet -I/home/pei/Project/duckdb-polr/third_party/concurrentqueue -I/home/pei/Project/duckdb-polr/third_party/pcg -I/home/pei/Project/duckdb-polr/third_party/tdigest -I/home/pei/Project/duckdb-polr/third_party/mbedtls/include -I/home/pei/Project/duckdb-polr/third_party/jaro_winkler -O3 -DNDEBUG -O3 -DNDEBUG   -fPIC -fvisibility=hidden -fdiagnostics-color=always -std=c++11 -MD -MT third_party/mbedtls/CMakeFiles/duckdb_mbedtls.dir/library/platform_util.cpp.o -MF third_party/mbedtls/CMakeFiles/duckdb_mbedtls.dir/library/platform_util.cpp.o.d -o third_party/mbedtls/CMakeFiles/duckdb_mbedtls.dir/library/platform_util.cpp.o -c /home/pei/Project/duckdb-polr/third_party/mbedtls/library/platform_util.cpp
[346/376] /usr/bin/ccache /usr/lib/ccache/c++ -DDUCKDB_BUILD_LIBRARY -DENABLE_CROSS_PRODUCT_REWRITE=0 -DENABLE_DEBUG_PRINT=0 -DENABLE_MEASURE_EXE_TIME=0 -DENABLE_MERGE_BACK_PLAN=0 -DENABLE_PARALLEL_EXECUTION=0 -DENABLE_QUERY_SPLIT=0 -DENABLE_SPECIFY_EST_STAT=0 -I/home/pei/Project/duckdb-polr/src/include -I/home/pei/Project/duckdb-polr/third_party/fsst -I/home/pei/Project/duckdb-polr/third_party/fmt/include -I/home/pei/Project/duckdb-polr/third_party/hyperloglog -I/home/pei/Project/duckdb-polr/third_party/fastpforlib -I/home/pei/Project/duckdb-polr/third_party/fast_float -I/home/pei/Project/duckdb-polr/third_party/re2 -I/home/pei/Project/duckdb-polr/third_party/miniz -I/home/pei/Project/duckdb-polr/third_party/utf8proc/include -I/home/pei/Project/duckdb-polr/third_party/miniparquet -I/home/pei/Project/duckdb-polr/third_party/concurrentqueue -I/home/pei/Project/duckdb-polr/third_party/pcg -I/home/pei/Project/duckdb-polr/third_party/tdigest -I/home/pei/Project/duckdb-polr/third_party/mbedtls/include -I/home/pei/Project/duckdb-polr/third_party/jaro_winkler -O3 -DNDEBUG -O3 -DNDEBUG   -fPIC -fvisibility=hidden -fdiagnostics-color=always -std=c++11 -MD -MT third_party/mbedtls/CMakeFiles/duckdb_mbedtls.dir/library/base64.cpp.o -MF third_party/mbedtls/CMakeFiles/duckdb_mbedtls.dir/library/base64.cpp.o.d -o third_party/mbedtls/CMakeFiles/duckdb_mbedtls.dir/library/base64.cpp.o -c /home/pei/Project/duckdb-polr/third_party/mbedtls/library/base64.cpp
[347/376] : && /usr/bin/cmake -E rm -f third_party/utf8proc/libduckdb_utf8proc.a && /usr/bin/ar qc third_party/utf8proc/libduckdb_utf8proc.a  third_party/utf8proc/CMakeFiles/duckdb_utf8proc.dir/utf8proc.cpp.o third_party/utf8proc/CMakeFiles/duckdb_utf8proc.dir/utf8proc_wrapper.cpp.o && /usr/bin/ranlib third_party/utf8proc/libduckdb_utf8proc.a && :
[348/376] /usr/bin/ccache /usr/lib/ccache/c++ -DDUCKDB_BUILD_LIBRARY -DENABLE_CROSS_PRODUCT_REWRITE=0 -DENABLE_DEBUG_PRINT=0 -DENABLE_MEASURE_EXE_TIME=0 -DENABLE_MERGE_BACK_PLAN=0 -DENABLE_PARALLEL_EXECUTION=0 -DENABLE_QUERY_SPLIT=0 -DENABLE_SPECIFY_EST_STAT=0 -I/home/pei/Project/duckdb-polr/src/include -I/home/pei/Project/duckdb-polr/third_party/fsst -I/home/pei/Project/duckdb-polr/third_party/fmt/include -I/home/pei/Project/duckdb-polr/third_party/hyperloglog -I/home/pei/Project/duckdb-polr/third_party/fastpforlib -I/home/pei/Project/duckdb-polr/third_party/fast_float -I/home/pei/Project/duckdb-polr/third_party/re2 -I/home/pei/Project/duckdb-polr/third_party/miniz -I/home/pei/Project/duckdb-polr/third_party/utf8proc/include -I/home/pei/Project/duckdb-polr/third_party/miniparquet -I/home/pei/Project/duckdb-polr/third_party/concurrentqueue -I/home/pei/Project/duckdb-polr/third_party/pcg -I/home/pei/Project/duckdb-polr/third_party/tdigest -I/home/pei/Project/duckdb-polr/third_party/mbedtls/include -I/home/pei/Project/duckdb-polr/third_party/jaro_winkler -O3 -DNDEBUG -O3 -DNDEBUG   -fPIC -fvisibility=hidden -fdiagnostics-color=always -std=c++11 -MD -MT third_party/mbedtls/CMakeFiles/duckdb_mbedtls.dir/library/pkparse.cpp.o -MF third_party/mbedtls/CMakeFiles/duckdb_mbedtls.dir/library/pkparse.cpp.o.d -o third_party/mbedtls/CMakeFiles/duckdb_mbedtls.dir/library/pkparse.cpp.o -c /home/pei/Project/duckdb-polr/third_party/mbedtls/library/pkparse.cpp
[349/376] /usr/bin/ccache /usr/lib/ccache/c++ -DDUCKDB_BUILD_LIBRARY -DENABLE_CROSS_PRODUCT_REWRITE=0 -DENABLE_DEBUG_PRINT=0 -DENABLE_MEASURE_EXE_TIME=0 -DENABLE_MERGE_BACK_PLAN=0 -DENABLE_PARALLEL_EXECUTION=0 -DENABLE_QUERY_SPLIT=0 -DENABLE_SPECIFY_EST_STAT=0 -I/home/pei/Project/duckdb-polr/src/include -I/home/pei/Project/duckdb-polr/third_party/fsst -I/home/pei/Project/duckdb-polr/third_party/fmt/include -I/home/pei/Project/duckdb-polr/third_party/hyperloglog -I/home/pei/Project/duckdb-polr/third_party/fastpforlib -I/home/pei/Project/duckdb-polr/third_party/fast_float -I/home/pei/Project/duckdb-polr/third_party/re2 -I/home/pei/Project/duckdb-polr/third_party/miniz -I/home/pei/Project/duckdb-polr/third_party/utf8proc/include -I/home/pei/Project/duckdb-polr/third_party/miniparquet -I/home/pei/Project/duckdb-polr/third_party/concurrentqueue -I/home/pei/Project/duckdb-polr/third_party/pcg -I/home/pei/Project/duckdb-polr/third_party/tdigest -I/home/pei/Project/duckdb-polr/third_party/mbedtls/include -I/home/pei/Project/duckdb-polr/third_party/jaro_winkler -O3 -DNDEBUG -O3 -DNDEBUG   -fPIC -fvisibility=hidden -fdiagnostics-color=always -std=c++11 -MD -MT third_party/mbedtls/CMakeFiles/duckdb_mbedtls.dir/library/pk.cpp.o -MF third_party/mbedtls/CMakeFiles/duckdb_mbedtls.dir/library/pk.cpp.o.d -o third_party/mbedtls/CMakeFiles/duckdb_mbedtls.dir/library/pk.cpp.o -c /home/pei/Project/duckdb-polr/third_party/mbedtls/library/pk.cpp
[350/376] /usr/bin/ccache /usr/lib/ccache/c++ -DDUCKDB_BUILD_LIBRARY -DENABLE_CROSS_PRODUCT_REWRITE=0 -DENABLE_DEBUG_PRINT=0 -DENABLE_MEASURE_EXE_TIME=0 -DENABLE_MERGE_BACK_PLAN=0 -DENABLE_PARALLEL_EXECUTION=0 -DENABLE_QUERY_SPLIT=0 -DENABLE_SPECIFY_EST_STAT=0 -I/home/pei/Project/duckdb-polr/src/include -I/home/pei/Project/duckdb-polr/third_party/fsst -I/home/pei/Project/duckdb-polr/third_party/fmt/include -I/home/pei/Project/duckdb-polr/third_party/hyperloglog -I/home/pei/Project/duckdb-polr/third_party/fastpforlib -I/home/pei/Project/duckdb-polr/third_party/fast_float -I/home/pei/Project/duckdb-polr/third_party/re2 -I/home/pei/Project/duckdb-polr/third_party/miniz -I/home/pei/Project/duckdb-polr/third_party/utf8proc/include -I/home/pei/Project/duckdb-polr/third_party/miniparquet -I/home/pei/Project/duckdb-polr/third_party/concurrentqueue -I/home/pei/Project/duckdb-polr/third_party/pcg -I/home/pei/Project/duckdb-polr/third_party/tdigest -I/home/pei/Project/duckdb-polr/third_party/mbedtls/include -I/home/pei/Project/duckdb-polr/third_party/jaro_winkler -O3 -DNDEBUG -O3 -DNDEBUG   -fPIC -fvisibility=hidden -fdiagnostics-color=always -std=c++11 -MD -MT third_party/mbedtls/CMakeFiles/duckdb_mbedtls.dir/library/asn1parse.cpp.o -MF third_party/mbedtls/CMakeFiles/duckdb_mbedtls.dir/library/asn1parse.cpp.o.d -o third_party/mbedtls/CMakeFiles/duckdb_mbedtls.dir/library/asn1parse.cpp.o -c /home/pei/Project/duckdb-polr/third_party/mbedtls/library/asn1parse.cpp
[351/376] /usr/bin/ccache /usr/lib/ccache/c++ -DDUCKDB_BUILD_LIBRARY -DENABLE_CROSS_PRODUCT_REWRITE=0 -DENABLE_DEBUG_PRINT=0 -DENABLE_MEASURE_EXE_TIME=0 -DENABLE_MERGE_BACK_PLAN=0 -DENABLE_PARALLEL_EXECUTION=0 -DENABLE_QUERY_SPLIT=0 -DENABLE_SPECIFY_EST_STAT=0 -I/home/pei/Project/duckdb-polr/src/include -I/home/pei/Project/duckdb-polr/third_party/fsst -I/home/pei/Project/duckdb-polr/third_party/fmt/include -I/home/pei/Project/duckdb-polr/third_party/hyperloglog -I/home/pei/Project/duckdb-polr/third_party/fastpforlib -I/home/pei/Project/duckdb-polr/third_party/fast_float -I/home/pei/Project/duckdb-polr/third_party/re2 -I/home/pei/Project/duckdb-polr/third_party/miniz -I/home/pei/Project/duckdb-polr/third_party/utf8proc/include -I/home/pei/Project/duckdb-polr/third_party/miniparquet -I/home/pei/Project/duckdb-polr/third_party/concurrentqueue -I/home/pei/Project/duckdb-polr/third_party/pcg -I/home/pei/Project/duckdb-polr/third_party/tdigest -I/home/pei/Project/duckdb-polr/third_party/mbedtls/include -I/home/pei/Project/duckdb-polr/third_party/jaro_winkler -O3 -DNDEBUG -O3 -DNDEBUG   -fPIC -fvisibility=hidden -fdiagnostics-color=always -std=c++11 -MD -MT third_party/mbedtls/CMakeFiles/duckdb_mbedtls.dir/library/pk_wrap.cpp.o -MF third_party/mbedtls/CMakeFiles/duckdb_mbedtls.dir/library/pk_wrap.cpp.o.d -o third_party/mbedtls/CMakeFiles/duckdb_mbedtls.dir/library/pk_wrap.cpp.o -c /home/pei/Project/duckdb-polr/third_party/mbedtls/library/pk_wrap.cpp
[352/376] /usr/bin/ccache /usr/lib/ccache/c++ -DDUCKDB_BUILD_LIBRARY -DENABLE_CROSS_PRODUCT_REWRITE=0 -DENABLE_DEBUG_PRINT=0 -DENABLE_MEASURE_EXE_TIME=0 -DENABLE_MERGE_BACK_PLAN=0 -DENABLE_PARALLEL_EXECUTION=0 -DENABLE_QUERY_SPLIT=0 -DENABLE_SPECIFY_EST_STAT=0 -I/home/pei/Project/duckdb-polr/src/include -I/home/pei/Project/duckdb-polr/third_party/fsst -I/home/pei/Project/duckdb-polr/third_party/fmt/include -I/home/pei/Project/duckdb-polr/third_party/hyperloglog -I/home/pei/Project/duckdb-polr/third_party/fastpforlib -I/home/pei/Project/duckdb-polr/third_party/fast_float -I/home/pei/Project/duckdb-polr/third_party/re2 -I/home/pei/Project/duckdb-polr/third_party/miniz -I/home/pei/Project/duckdb-polr/third_party/utf8proc/include -I/home/pei/Project/duckdb-polr/third_party/miniparquet -I/home/pei/Project/duckdb-polr/third_party/concurrentqueue -I/home/pei/Project/duckdb-polr/third_party/pcg -I/home/pei/Project/duckdb-polr/third_party/tdigest -I/home/pei/Project/duckdb-polr/third_party/mbedtls/include -I/home/pei/Project/duckdb-polr/third_party/jaro_winkler -O3 -DNDEBUG -O3 -DNDEBUG   -fPIC -fvisibility=hidden -fdiagnostics-color=always -std=c++11 -MD -MT third_party/mbedtls/CMakeFiles/duckdb_mbedtls.dir/library/pem.cpp.o -MF third_party/mbedtls/CMakeFiles/duckdb_mbedtls.dir/library/pem.cpp.o.d -o third_party/mbedtls/CMakeFiles/duckdb_mbedtls.dir/library/pem.cpp.o -c /home/pei/Project/duckdb-polr/third_party/mbedtls/library/pem.cpp
[353/376] /usr/bin/ccache /usr/lib/ccache/c++ -DDUCKDB_BUILD_LIBRARY -DENABLE_CROSS_PRODUCT_REWRITE=0 -DENABLE_DEBUG_PRINT=0 -DENABLE_MEASURE_EXE_TIME=0 -DENABLE_MERGE_BACK_PLAN=0 -DENABLE_PARALLEL_EXECUTION=0 -DENABLE_QUERY_SPLIT=0 -DENABLE_SPECIFY_EST_STAT=0 -I/home/pei/Project/duckdb-polr/src/include -I/home/pei/Project/duckdb-polr/third_party/fsst -I/home/pei/Project/duckdb-polr/third_party/fmt/include -I/home/pei/Project/duckdb-polr/third_party/hyperloglog -I/home/pei/Project/duckdb-polr/third_party/fastpforlib -I/home/pei/Project/duckdb-polr/third_party/fast_float -I/home/pei/Project/duckdb-polr/third_party/re2 -I/home/pei/Project/duckdb-polr/third_party/miniz -I/home/pei/Project/duckdb-polr/third_party/utf8proc/include -I/home/pei/Project/duckdb-polr/third_party/miniparquet -I/home/pei/Project/duckdb-polr/third_party/concurrentqueue -I/home/pei/Project/duckdb-polr/third_party/pcg -I/home/pei/Project/duckdb-polr/third_party/tdigest -I/home/pei/Project/duckdb-polr/third_party/mbedtls/include -I/home/pei/Project/duckdb-polr/third_party/jaro_winkler -O3 -DNDEBUG -O3 -DNDEBUG   -fPIC -fvisibility=hidden -fdiagnostics-color=always -w -std=c++11 -MD -MT third_party/fsst/CMakeFiles/duckdb_fsst.dir/libfsst.cpp.o -MF third_party/fsst/CMakeFiles/duckdb_fsst.dir/libfsst.cpp.o.d -o third_party/fsst/CMakeFiles/duckdb_fsst.dir/libfsst.cpp.o -c /home/pei/Project/duckdb-polr/third_party/fsst/libfsst.cpp
[354/376] /usr/bin/ccache /usr/lib/ccache/c++ -DDUCKDB_BUILD_LIBRARY -DENABLE_CROSS_PRODUCT_REWRITE=0 -DENABLE_DEBUG_PRINT=0 -DENABLE_MEASURE_EXE_TIME=0 -DENABLE_MERGE_BACK_PLAN=0 -DENABLE_PARALLEL_EXECUTION=0 -DENABLE_QUERY_SPLIT=0 -DENABLE_SPECIFY_EST_STAT=0 -I/home/pei/Project/duckdb-polr/src/include -I/home/pei/Project/duckdb-polr/third_party/fsst -I/home/pei/Project/duckdb-polr/third_party/fmt/include -I/home/pei/Project/duckdb-polr/third_party/hyperloglog -I/home/pei/Project/duckdb-polr/third_party/fastpforlib -I/home/pei/Project/duckdb-polr/third_party/fast_float -I/home/pei/Project/duckdb-polr/third_party/re2 -I/home/pei/Project/duckdb-polr/third_party/miniz -I/home/pei/Project/duckdb-polr/third_party/utf8proc/include -I/home/pei/Project/duckdb-polr/third_party/miniparquet -I/home/pei/Project/duckdb-polr/third_party/concurrentqueue -I/home/pei/Project/duckdb-polr/third_party/pcg -I/home/pei/Project/duckdb-polr/third_party/tdigest -I/home/pei/Project/duckdb-polr/third_party/mbedtls/include -I/home/pei/Project/duckdb-polr/third_party/jaro_winkler -O3 -DNDEBUG -O3 -DNDEBUG   -fPIC -fvisibility=hidden -fdiagnostics-color=always -w -std=c++11 -O1 -MD -MT third_party/fsst/CMakeFiles/duckdb_fsst.dir/fsst_avx512.cpp.o -MF third_party/fsst/CMakeFiles/duckdb_fsst.dir/fsst_avx512.cpp.o.d -o third_party/fsst/CMakeFiles/duckdb_fsst.dir/fsst_avx512.cpp.o -c /home/pei/Project/duckdb-polr/third_party/fsst/fsst_avx512.cpp
[355/376] : && /usr/bin/cmake -E rm -f third_party/fastpforlib/libduckdb_fastpforlib.a && /usr/bin/ar qc third_party/fastpforlib/libduckdb_fastpforlib.a  third_party/fastpforlib/CMakeFiles/duckdb_fastpforlib.dir/bitpacking.cpp.o && /usr/bin/ranlib third_party/fastpforlib/libduckdb_fastpforlib.a && :
[356/376] /usr/bin/ccache /usr/lib/ccache/c++ -DDUCKDB_BUILD_LIBRARY -DENABLE_CROSS_PRODUCT_REWRITE=0 -DENABLE_DEBUG_PRINT=0 -DENABLE_MEASURE_EXE_TIME=0 -DENABLE_MERGE_BACK_PLAN=0 -DENABLE_PARALLEL_EXECUTION=0 -DENABLE_QUERY_SPLIT=0 -DENABLE_SPECIFY_EST_STAT=0 -I/home/pei/Project/duckdb-polr/src/include -I/home/pei/Project/duckdb-polr/third_party/fsst -I/home/pei/Project/duckdb-polr/third_party/fmt/include -I/home/pei/Project/duckdb-polr/third_party/hyperloglog -I/home/pei/Project/duckdb-polr/third_party/fastpforlib -I/home/pei/Project/duckdb-polr/third_party/fast_float -I/home/pei/Project/duckdb-polr/third_party/re2 -I/home/pei/Project/duckdb-polr/third_party/miniz -I/home/pei/Project/duckdb-polr/third_party/utf8proc/include -I/home/pei/Project/duckdb-polr/third_party/miniparquet -I/home/pei/Project/duckdb-polr/third_party/concurrentqueue -I/home/pei/Project/duckdb-polr/third_party/pcg -I/home/pei/Project/duckdb-polr/third_party/tdigest -I/home/pei/Project/duckdb-polr/third_party/mbedtls/include -I/home/pei/Project/duckdb-polr/third_party/jaro_winkler -I/home/pei/Project/duckdb-polr/third_party/imdb/include -O3 -DNDEBUG -O3 -DNDEBUG   -fPIC -fdiagnostics-color=always -w -std=c++11 -MD -MT third_party/imdb/CMakeFiles/imdb.dir/imdb.cpp.o -MF third_party/imdb/CMakeFiles/imdb.dir/imdb.cpp.o.d -o third_party/imdb/CMakeFiles/imdb.dir/imdb.cpp.o -c /home/pei/Project/duckdb-polr/third_party/imdb/imdb.cpp
[357/376] /usr/bin/ccache /usr/lib/ccache/cc -DDUCKDB_BUILD_LIBRARY -DENABLE_CROSS_PRODUCT_REWRITE=0 -DENABLE_DEBUG_PRINT=0 -DENABLE_MEASURE_EXE_TIME=0 -DENABLE_MERGE_BACK_PLAN=0 -DENABLE_PARALLEL_EXECUTION=0 -DENABLE_QUERY_SPLIT=0 -DENABLE_SPECIFY_EST_STAT=0 -I/home/pei/Project/duckdb-polr/src/include -I/home/pei/Project/duckdb-polr/third_party/fsst -I/home/pei/Project/duckdb-polr/third_party/fmt/include -I/home/pei/Project/duckdb-polr/third_party/hyperloglog -I/home/pei/Project/duckdb-polr/third_party/fastpforlib -I/home/pei/Project/duckdb-polr/third_party/fast_float -I/home/pei/Project/duckdb-polr/third_party/re2 -I/home/pei/Project/duckdb-polr/third_party/miniz -I/home/pei/Project/duckdb-polr/third_party/utf8proc/include -I/home/pei/Project/duckdb-polr/third_party/miniparquet -I/home/pei/Project/duckdb-polr/third_party/concurrentqueue -I/home/pei/Project/duckdb-polr/third_party/pcg -I/home/pei/Project/duckdb-polr/third_party/tdigest -I/home/pei/Project/duckdb-polr/third_party/mbedtls/include -I/home/pei/Project/duckdb-polr/third_party/jaro_winkler -I/home/pei/Project/duckdb-polr/third_party/sqlite/include -O3 -DNDEBUG -O3 -DNDEBUG   -fPIC -fvisibility=hidden -fdiagnostics-color=always -MD -MT third_party/sqlite/CMakeFiles/duckdb_sqlite3.dir/sqlite3.c.o -MF third_party/sqlite/CMakeFiles/duckdb_sqlite3.dir/sqlite3.c.o.d -o third_party/sqlite/CMakeFiles/duckdb_sqlite3.dir/sqlite3.c.o -c /home/pei/Project/duckdb-polr/third_party/sqlite/sqlite3.c
[358/376] /usr/bin/ccache /usr/lib/ccache/c++ -DDUCKDB_BUILD_LIBRARY -DENABLE_CROSS_PRODUCT_REWRITE=0 -DENABLE_DEBUG_PRINT=0 -DENABLE_MEASURE_EXE_TIME=0 -DENABLE_MERGE_BACK_PLAN=0 -DENABLE_PARALLEL_EXECUTION=0 -DENABLE_QUERY_SPLIT=0 -DENABLE_SPECIFY_EST_STAT=0 -I/home/pei/Project/duckdb-polr/src/include -I/home/pei/Project/duckdb-polr/third_party/fsst -I/home/pei/Project/duckdb-polr/third_party/fmt/include -I/home/pei/Project/duckdb-polr/third_party/hyperloglog -I/home/pei/Project/duckdb-polr/third_party/fastpforlib -I/home/pei/Project/duckdb-polr/third_party/fast_float -I/home/pei/Project/duckdb-polr/third_party/re2 -I/home/pei/Project/duckdb-polr/third_party/miniz -I/home/pei/Project/duckdb-polr/third_party/utf8proc/include -I/home/pei/Project/duckdb-polr/third_party/miniparquet -I/home/pei/Project/duckdb-polr/third_party/concurrentqueue -I/home/pei/Project/duckdb-polr/third_party/pcg -I/home/pei/Project/duckdb-polr/third_party/tdigest -I/home/pei/Project/duckdb-polr/third_party/mbedtls/include -I/home/pei/Project/duckdb-polr/third_party/jaro_winkler -I/home/pei/Project/duckdb-polr/third_party/libpg_query/include -O3 -DNDEBUG -O3 -DNDEBUG   -fPIC -fvisibility=hidden -fdiagnostics-color=always -w -std=c++11 -MD -MT third_party/libpg_query/CMakeFiles/duckdb_pg_query.dir/src_backend_parser_gram.cpp.o -MF third_party/libpg_query/CMakeFiles/duckdb_pg_query.dir/src_backend_parser_gram.cpp.o.d -o third_party/libpg_query/CMakeFiles/duckdb_pg_query.dir/src_backend_parser_gram.cpp.o -c /home/pei/Project/duckdb-polr/third_party/libpg_query/src_backend_parser_gram.cpp
[359/376] : && /usr/bin/cmake -E rm -f third_party/mbedtls/libduckdb_mbedtls.a && /usr/bin/ar qc third_party/mbedtls/libduckdb_mbedtls.a  third_party/mbedtls/CMakeFiles/duckdb_mbedtls.dir/mbedtls_wrapper.cpp.o third_party/mbedtls/CMakeFiles/duckdb_mbedtls.dir/library/sha256.cpp.o third_party/mbedtls/CMakeFiles/duckdb_mbedtls.dir/library/rsa.cpp.o third_party/mbedtls/CMakeFiles/duckdb_mbedtls.dir/library/rsa_alt_helpers.cpp.o third_party/mbedtls/CMakeFiles/duckdb_mbedtls.dir/library/md.cpp.o third_party/mbedtls/CMakeFiles/duckdb_mbedtls.dir/library/bignum.cpp.o third_party/mbedtls/CMakeFiles/duckdb_mbedtls.dir/library/oid.cpp.o third_party/mbedtls/CMakeFiles/duckdb_mbedtls.dir/library/constant_time.cpp.o third_party/mbedtls/CMakeFiles/duckdb_mbedtls.dir/library/platform_util.cpp.o third_party/mbedtls/CMakeFiles/duckdb_mbedtls.dir/library/base64.cpp.o third_party/mbedtls/CMakeFiles/duckdb_mbedtls.dir/library/pkparse.cpp.o third_party/mbedtls/CMakeFiles/duckdb_mbedtls.dir/library/pk.cpp.o third_party/mbedtls/CMakeFiles/duckdb_mbedtls.dir/library/pk_wrap.cpp.o third_party/mbedtls/CMakeFiles/duckdb_mbedtls.dir/library/asn1parse.cpp.o third_party/mbedtls/CMakeFiles/duckdb_mbedtls.dir/library/pem.cpp.o && /usr/bin/ranlib third_party/mbedtls/libduckdb_mbedtls.a && :
[360/376] : && /usr/bin/cmake -E rm -f third_party/fsst/libduckdb_fsst.a && /usr/bin/ar qc third_party/fsst/libduckdb_fsst.a  third_party/fsst/CMakeFiles/duckdb_fsst.dir/libfsst.cpp.o third_party/fsst/CMakeFiles/duckdb_fsst.dir/fsst_avx512.cpp.o && /usr/bin/ranlib third_party/fsst/libduckdb_fsst.a && :
[361/376] : && /usr/bin/cmake -E rm -f third_party/imdb/libimdb.a && /usr/bin/ar qc third_party/imdb/libimdb.a  third_party/imdb/CMakeFiles/imdb.dir/imdb.cpp.o && /usr/bin/ranlib third_party/imdb/libimdb.a && :
[362/376] : && /usr/bin/cmake -E rm -f third_party/libpg_query/libduckdb_pg_query.a && /usr/bin/ar qc third_party/libpg_query/libduckdb_pg_query.a  third_party/libpg_query/CMakeFiles/duckdb_pg_query.dir/postgres_parser.cpp.o third_party/libpg_query/CMakeFiles/duckdb_pg_query.dir/pg_functions.cpp.o third_party/libpg_query/CMakeFiles/duckdb_pg_query.dir/src_backend_parser_parser.cpp.o third_party/libpg_query/CMakeFiles/duckdb_pg_query.dir/src_backend_parser_gram.cpp.o third_party/libpg_query/CMakeFiles/duckdb_pg_query.dir/src_backend_nodes_list.cpp.o third_party/libpg_query/CMakeFiles/duckdb_pg_query.dir/src_backend_parser_scansup.cpp.o third_party/libpg_query/CMakeFiles/duckdb_pg_query.dir/src_backend_nodes_makefuncs.cpp.o third_party/libpg_query/CMakeFiles/duckdb_pg_query.dir/src_backend_nodes_value.cpp.o third_party/libpg_query/CMakeFiles/duckdb_pg_query.dir/src_backend_parser_scan.cpp.o third_party/libpg_query/CMakeFiles/duckdb_pg_query.dir/src_common_keywords.cpp.o && /usr/bin/ranlib third_party/libpg_query/libduckdb_pg_query.a && :
[363/376] : && /usr/bin/cmake -E rm -f third_party/sqlite/libduckdb_sqlite3.a && /usr/bin/ar qc third_party/sqlite/libduckdb_sqlite3.a  third_party/sqlite/CMakeFiles/duckdb_sqlite3.dir/sqlite3.c.o && /usr/bin/ranlib third_party/sqlite/libduckdb_sqlite3.a && :
[364/376] /usr/bin/ccache /usr/lib/ccache/c++ -DDUCKDB_BUILD_LIBRARY -DENABLE_CROSS_PRODUCT_REWRITE=0 -DENABLE_DEBUG_PRINT=0 -DENABLE_MEASURE_EXE_TIME=0 -DENABLE_MERGE_BACK_PLAN=0 -DENABLE_PARALLEL_EXECUTION=0 -DENABLE_QUERY_SPLIT=0 -DENABLE_SPECIFY_EST_STAT=0 -I/home/pei/Project/duckdb-polr/src/include -I/home/pei/Project/duckdb-polr/third_party/fsst -I/home/pei/Project/duckdb-polr/third_party/fmt/include -I/home/pei/Project/duckdb-polr/third_party/hyperloglog -I/home/pei/Project/duckdb-polr/third_party/fastpforlib -I/home/pei/Project/duckdb-polr/third_party/fast_float -I/home/pei/Project/duckdb-polr/third_party/re2 -I/home/pei/Project/duckdb-polr/third_party/miniz -I/home/pei/Project/duckdb-polr/third_party/utf8proc/include -I/home/pei/Project/duckdb-polr/third_party/miniparquet -I/home/pei/Project/duckdb-polr/third_party/concurrentqueue -I/home/pei/Project/duckdb-polr/third_party/pcg -I/home/pei/Project/duckdb-polr/third_party/tdigest -I/home/pei/Project/duckdb-polr/third_party/mbedtls/include -I/home/pei/Project/duckdb-polr/third_party/jaro_winkler -I/home/pei/Project/duckdb-polr/test/../third_party/catch -I/home/pei/Project/duckdb-polr/test/../third_party/tpce-tool/include -I/home/pei/Project/duckdb-polr/test/../third_party/sqlite/include -I/home/pei/Project/duckdb-polr/test/include -O3 -DNDEBUG -O3 -DNDEBUG   -fPIC -fdiagnostics-color=always -std=c++11 -MD -MT test/api/CMakeFiles/test_api.dir/ub_test_api.cpp.o -MF test/api/CMakeFiles/test_api.dir/ub_test_api.cpp.o.d -o test/api/CMakeFiles/test_api.dir/ub_test_api.cpp.o -c /home/pei/Project/duckdb-polr/build/release/test/api/ub_test_api.cpp
[365/376] /usr/bin/ccache /usr/lib/ccache/c++ -DDUCKDB -DDUCKDB_BUILD_LIBRARY -DDUCKDB_MAIN_LIBRARY -DDUCKDB_SOURCE_ID=\"\"\"cd7a58694b\"\"\" -DDUCKDB_VERSION=\"\"\"v..1-dev\"\"\" -DENABLE_CROSS_PRODUCT_REWRITE=0 -DENABLE_DEBUG_PRINT=0 -DENABLE_MEASURE_EXE_TIME=0 -DENABLE_MERGE_BACK_PLAN=0 -DENABLE_PARALLEL_EXECUTION=0 -DENABLE_QUERY_SPLIT=0 -DENABLE_SPECIFY_EST_STAT=0 -I/home/pei/Project/duckdb-polr/src/include -I/home/pei/Project/duckdb-polr/third_party/fsst -I/home/pei/Project/duckdb-polr/third_party/fmt/include -I/home/pei/Project/duckdb-polr/third_party/hyperloglog -I/home/pei/Project/duckdb-polr/third_party/fastpforlib -I/home/pei/Project/duckdb-polr/third_party/fast_float -I/home/pei/Project/duckdb-polr/third_party/re2 -I/home/pei/Project/duckdb-polr/third_party/miniz -I/home/pei/Project/duckdb-polr/third_party/utf8proc/include -I/home/pei/Project/duckdb-polr/third_party/miniparquet -I/home/pei/Project/duckdb-polr/third_party/concurrentqueue -I/home/pei/Project/duckdb-polr/third_party/pcg -I/home/pei/Project/duckdb-polr/third_party/tdigest -I/home/pei/Project/duckdb-polr/third_party/mbedtls/include -I/home/pei/Project/duckdb-polr/third_party/jaro_winkler -O3 -DNDEBUG -O3 -DNDEBUG   -fPIC -fdiagnostics-color=always -std=c++11 -MD -MT src/function/table/version/CMakeFiles/duckdb_func_table_version.dir/ub_duckdb_func_table_version.cpp.o -MF src/function/table/version/CMakeFiles/duckdb_func_table_version.dir/ub_duckdb_func_table_version.cpp.o.d -o src/function/table/version/CMakeFiles/duckdb_func_table_version.dir/ub_duckdb_func_table_version.cpp.o -c /home/pei/Project/duckdb-polr/build/release/src/function/table/version/ub_duckdb_func_table_version.cpp
[366/376] /usr/bin/ccache /usr/lib/ccache/c++ -DDUCKDB -DDUCKDB_BUILD_LIBRARY -DDUCKDB_MAIN_LIBRARY -DENABLE_CROSS_PRODUCT_REWRITE=0 -DENABLE_DEBUG_PRINT=0 -DENABLE_MEASURE_EXE_TIME=0 -DENABLE_MERGE_BACK_PLAN=0 -DENABLE_PARALLEL_EXECUTION=0 -DENABLE_QUERY_SPLIT=0 -DENABLE_SPECIFY_EST_STAT=0 -I/home/pei/Project/duckdb-polr/src/include -I/home/pei/Project/duckdb-polr/third_party/fsst -I/home/pei/Project/duckdb-polr/third_party/fmt/include -I/home/pei/Project/duckdb-polr/third_party/hyperloglog -I/home/pei/Project/duckdb-polr/third_party/fastpforlib -I/home/pei/Project/duckdb-polr/third_party/fast_float -I/home/pei/Project/duckdb-polr/third_party/re2 -I/home/pei/Project/duckdb-polr/third_party/miniz -I/home/pei/Project/duckdb-polr/third_party/utf8proc/include -I/home/pei/Project/duckdb-polr/third_party/miniparquet -I/home/pei/Project/duckdb-polr/third_party/concurrentqueue -I/home/pei/Project/duckdb-polr/third_party/pcg -I/home/pei/Project/duckdb-polr/third_party/tdigest -I/home/pei/Project/duckdb-polr/third_party/mbedtls/include -I/home/pei/Project/duckdb-polr/third_party/jaro_winkler -O3 -DNDEBUG -O3 -DNDEBUG   -fPIC -fdiagnostics-color=always -std=c++11 -MD -MT src/main/CMakeFiles/duckdb_main.dir/ub_duckdb_main.cpp.o -MF src/main/CMakeFiles/duckdb_main.dir/ub_duckdb_main.cpp.o.d -o src/main/CMakeFiles/duckdb_main.dir/ub_duckdb_main.cpp.o -c /home/pei/Project/duckdb-polr/build/release/src/main/ub_duckdb_main.cpp
[367/376] /usr/bin/ccache /usr/lib/ccache/c++ -DBUILD_JEMALLOC_EXTENSION=ON -DDUCKDB -DDUCKDB_BUILD_LIBRARY -DDUCKDB_MAIN_LIBRARY -DENABLE_CROSS_PRODUCT_REWRITE=0 -DENABLE_DEBUG_PRINT=0 -DENABLE_MEASURE_EXE_TIME=0 -DENABLE_MERGE_BACK_PLAN=0 -DENABLE_PARALLEL_EXECUTION=0 -DENABLE_QUERY_SPLIT=0 -DENABLE_SPECIFY_EST_STAT=0 -I/home/pei/Project/duckdb-polr/src/include -I/home/pei/Project/duckdb-polr/third_party/fsst -I/home/pei/Project/duckdb-polr/third_party/fmt/include -I/home/pei/Project/duckdb-polr/third_party/hyperloglog -I/home/pei/Project/duckdb-polr/third_party/fastpforlib -I/home/pei/Project/duckdb-polr/third_party/fast_float -I/home/pei/Project/duckdb-polr/third_party/re2 -I/home/pei/Project/duckdb-polr/third_party/miniz -I/home/pei/Project/duckdb-polr/third_party/utf8proc/include -I/home/pei/Project/duckdb-polr/third_party/miniparquet -I/home/pei/Project/duckdb-polr/third_party/concurrentqueue -I/home/pei/Project/duckdb-polr/third_party/pcg -I/home/pei/Project/duckdb-polr/third_party/tdigest -I/home/pei/Project/duckdb-polr/third_party/mbedtls/include -I/home/pei/Project/duckdb-polr/third_party/jaro_winkler -I/home/pei/Project/duckdb-polr/extension/jemalloc/include -O3 -DNDEBUG -O3 -DNDEBUG   -fPIC -fdiagnostics-color=always -std=c++11 -MD -MT src/common/CMakeFiles/duckdb_common.dir/ub_duckdb_common.cpp.o -MF src/common/CMakeFiles/duckdb_common.dir/ub_duckdb_common.cpp.o.d -o src/common/CMakeFiles/duckdb_common.dir/ub_duckdb_common.cpp.o -c /home/pei/Project/duckdb-polr/build/release/src/common/ub_duckdb_common.cpp
[368/376] : && /usr/bin/cmake -E rm -f src/libduckdb_static.a && /usr/bin/ar qc src/libduckdb_static.a  src/optimizer/matcher/CMakeFiles/duckdb_optimizer_matcher.dir/ub_duckdb_optimizer_matcher.cpp.o src/optimizer/join_order/CMakeFiles/duckdb_optimizer_join_order.dir/ub_duckdb_optimizer_join_order.cpp.o src/optimizer/pushdown/CMakeFiles/duckdb_optimizer_pushdown.dir/ub_duckdb_optimizer_pushdown.cpp.o src/optimizer/pullup/CMakeFiles/duckdb_optimizer_pullup.dir/ub_duckdb_optimizer_pullup.cpp.o src/optimizer/rule/CMakeFiles/duckdb_optimizer_rules.dir/ub_duckdb_optimizer_rules.cpp.o src/optimizer/statistics/expression/CMakeFiles/duckdb_optimizer_statistics_expr.dir/ub_duckdb_optimizer_statistics_expr.cpp.o src/optimizer/statistics/operator/CMakeFiles/duckdb_optimizer_statistics_op.dir/ub_duckdb_optimizer_statistics_op.cpp.o src/optimizer/query_split/CMakeFiles/duckdb_optimizer_query_split.dir/ub_duckdb_optimizer_query_split.cpp.o src/optimizer/CMakeFiles/duckdb_optimizer.dir/ub_duckdb_optimizer.cpp.o src/planner/expression/CMakeFiles/duckdb_planner_expression.dir/ub_duckdb_planner_expression.cpp.o src/planner/binder/expression/CMakeFiles/duckdb_bind_expression.dir/ub_duckdb_bind_expression.cpp.o src/planner/binder/query_node/CMakeFiles/duckdb_bind_query_node.dir/ub_duckdb_bind_query_node.cpp.o src/planner/binder/statement/CMakeFiles/duckdb_bind_statement.dir/ub_duckdb_bind_statement.cpp.o src/planner/binder/tableref/CMakeFiles/duckdb_bind_tableref.dir/ub_duckdb_bind_tableref.cpp.o src/planner/expression_binder/CMakeFiles/duckdb_expression_binders.dir/ub_duckdb_expression_binders.cpp.o src/planner/filter/CMakeFiles/duckdb_planner_filter.dir/ub_duckdb_planner_filter.cpp.o src/planner/parsed_data/CMakeFiles/duckdb_planner_parsed_data.dir/ub_duckdb_planner_parsed_data.cpp.o src/planner/operator/CMakeFiles/duckdb_planner_operator.dir/ub_duckdb_planner_operator.cpp.o src/planner/subquery/CMakeFiles/duckdb_planner_subquery.dir/ub_duckdb_planner_subquery.cpp.o src/planner/CMakeFiles/duckdb_planner.dir/ub_duckdb_planner.cpp.o src/parser/constraints/CMakeFiles/duckdb_constraints.dir/ub_duckdb_constraints.cpp.o src/parser/expression/CMakeFiles/duckdb_expression.dir/ub_duckdb_expression.cpp.o src/parser/parsed_data/CMakeFiles/duckdb_parsed_data.dir/ub_duckdb_parsed_data.cpp.o src/parser/query_node/CMakeFiles/duckdb_query_node.dir/ub_duckdb_query_node.cpp.o src/parser/statement/CMakeFiles/duckdb_statement.dir/ub_duckdb_statement.cpp.o src/parser/tableref/CMakeFiles/duckdb_parser_tableref.dir/ub_duckdb_parser_tableref.cpp.o src/parser/transform/constraint/CMakeFiles/duckdb_transformer_constraint.dir/ub_duckdb_transformer_constraint.cpp.o src/parser/transform/expression/CMakeFiles/duckdb_transformer_expression.dir/ub_duckdb_transformer_expression.cpp.o src/parser/transform/helpers/CMakeFiles/duckdb_transformer_helpers.dir/ub_duckdb_transformer_helpers.cpp.o src/parser/transform/statement/CMakeFiles/duckdb_transformer_statement.dir/ub_duckdb_transformer_statement.cpp.o src/parser/transform/tableref/CMakeFiles/duckdb_transformer_tableref.dir/ub_duckdb_transformer_tableref.cpp.o src/parser/CMakeFiles/duckdb_parser.dir/ub_duckdb_parser.cpp.o src/function/aggregate/algebraic/CMakeFiles/duckdb_aggr_algebraic.dir/ub_duckdb_aggr_algebraic.cpp.o src/function/aggregate/distributive/CMakeFiles/duckdb_aggr_distr.dir/ub_duckdb_aggr_distr.cpp.o src/function/aggregate/holistic/CMakeFiles/duckdb_aggr_holistic.dir/ub_duckdb_aggr_holistic.cpp.o src/function/aggregate/nested/CMakeFiles/duckdb_aggr_nested.dir/ub_duckdb_aggr_nested.cpp.o src/function/aggregate/regression/CMakeFiles/duckdb_aggr_regr.dir/ub_duckdb_aggr_regr.cpp.o src/function/aggregate/CMakeFiles/duckdb_func_aggr.dir/ub_duckdb_func_aggr.cpp.o src/function/cast/CMakeFiles/duckdb_func_cast.dir/ub_duckdb_func_cast.cpp.o src/function/pragma/CMakeFiles/duckdb_func_pragma.dir/ub_duckdb_func_pragma.cpp.o src/function/scalar/blob/CMakeFiles/duckdb_func_blob.dir/ub_duckdb_func_blob.cpp.o src/function/scalar/date/CMakeFiles/duckdb_func_date.dir/ub_duckdb_func_date.cpp.o src/function/scalar/generic/CMakeFiles/duckdb_func_generic.dir/ub_duckdb_func_generic.cpp.o src/function/scalar/list/CMakeFiles/duckdb_func_list.dir/ub_duckdb_func_list.cpp.o src/function/scalar/map/CMakeFiles/duckdb_func_map_nested.dir/ub_duckdb_func_map_nested.cpp.o src/function/scalar/math/CMakeFiles/duckdb_func_math.dir/ub_duckdb_func_math.cpp.o src/function/scalar/operators/CMakeFiles/duckdb_func_ops.dir/ub_duckdb_func_ops.cpp.o src/function/scalar/sequence/CMakeFiles/duckdb_func_seq.dir/ub_duckdb_func_seq.cpp.o src/function/scalar/string/CMakeFiles/duckdb_func_string.dir/ub_duckdb_func_string.cpp.o src/function/scalar/struct/CMakeFiles/duckdb_func_struct.dir/ub_duckdb_func_struct.cpp.o src/function/scalar/system/CMakeFiles/duckdb_func_system.dir/ub_duckdb_func_system.cpp.o src/function/scalar/union/CMakeFiles/duckdb_func_union.dir/ub_duckdb_func_union.cpp.o src/function/scalar/enum/CMakeFiles/duckdb_func_enum.dir/ub_duckdb_func_enum.cpp.o src/function/scalar/CMakeFiles/duckdb_func_scalar.dir/ub_duckdb_func_scalar.cpp.o src/function/table/system/CMakeFiles/duckdb_table_func_system.dir/ub_duckdb_table_func_system.cpp.o src/function/table/version/CMakeFiles/duckdb_func_table_version.dir/ub_duckdb_func_table_version.cpp.o src/function/table/CMakeFiles/duckdb_func_table.dir/ub_duckdb_func_table.cpp.o src/function/CMakeFiles/duckdb_function.dir/ub_duckdb_function.cpp.o src/catalog/catalog_entry/CMakeFiles/duckdb_catalog_entries.dir/ub_duckdb_catalog_entries.cpp.o src/catalog/default/CMakeFiles/duckdb_catalog_default_entries.dir/ub_duckdb_catalog_default_entries.cpp.o src/catalog/CMakeFiles/duckdb_catalog.dir/ub_duckdb_catalog.cpp.o src/common/arrow/CMakeFiles/duckdb_common_arrow.dir/ub_duckdb_common_arrow.cpp.o src/common/crypto/CMakeFiles/duckdb_common_crypto.dir/ub_duckdb_common_crypto.cpp.o src/common/enums/CMakeFiles/duckdb_common_enums.dir/ub_duckdb_common_enums.cpp.o src/common/operator/CMakeFiles/duckdb_common_operators.dir/ub_duckdb_common_operators.cpp.o src/common/progress_bar/CMakeFiles/duckdb_progress_bar.dir/ub_duckdb_progress_bar.cpp.o src/common/row_operations/CMakeFiles/duckdb_row_operations.dir/ub_duckdb_row_operations.cpp.o src/common/serializer/CMakeFiles/duckdb_common_serializer.dir/ub_duckdb_common_serializer.cpp.o src/common/sort/CMakeFiles/duckdb_sort.dir/ub_duckdb_sort.cpp.o src/common/types/CMakeFiles/duckdb_common_types.dir/ub_duckdb_common_types.cpp.o src/common/value_operations/CMakeFiles/duckdb_value_operations.dir/ub_duckdb_value_operations.cpp.o src/common/vector_operations/CMakeFiles/duckdb_vector_operations.dir/boolean_operators.cpp.o src/common/vector_operations/CMakeFiles/duckdb_vector_operations.dir/vector_cast.cpp.o src/common/vector_operations/CMakeFiles/duckdb_vector_operations.dir/comparison_operators.cpp.o src/common/vector_operations/CMakeFiles/duckdb_vector_operations.dir/vector_copy.cpp.o src/common/vector_operations/CMakeFiles/duckdb_vector_operations.dir/generators.cpp.o src/common/vector_operations/CMakeFiles/duckdb_vector_operations.dir/vector_hash.cpp.o src/common/vector_operations/CMakeFiles/duckdb_vector_operations.dir/vector_storage.cpp.o src/common/vector_operations/CMakeFiles/duckdb_vector_operations.dir/null_operations.cpp.o src/common/vector_operations/CMakeFiles/duckdb_vector_operations.dir/numeric_inplace_operators.cpp.o src/common/vector_operations/CMakeFiles/duckdb_vector_operations.dir/is_distinct_from.cpp.o src/common/CMakeFiles/duckdb_common.dir/ub_duckdb_common.cpp.o src/execution/expression_executor/CMakeFiles/duckdb_expression_executor.dir/ub_duckdb_expression_executor.cpp.o src/execution/nested_loop_join/CMakeFiles/duckdb_nested_loop_join.dir/ub_duckdb_nested_loop_join.cpp.o src/execution/operator/aggregate/CMakeFiles/duckdb_operator_aggregate.dir/ub_duckdb_operator_aggregate.cpp.o src/execution/operator/filter/CMakeFiles/duckdb_operator_filter.dir/ub_duckdb_operator_filter.cpp.o src/execution/operator/helper/CMakeFiles/duckdb_operator_helper.dir/ub_duckdb_operator_helper.cpp.o src/execution/operator/join/CMakeFiles/duckdb_operator_join.dir/ub_duckdb_operator_join.cpp.o src/execution/operator/order/CMakeFiles/duckdb_operator_order.dir/ub_duckdb_operator_order.cpp.o src/execution/operator/persistent/CMakeFiles/duckdb_operator_persistent.dir/ub_duckdb_operator_persistent.cpp.o src/execution/operator/projection/CMakeFiles/duckdb_operator_projection.dir/ub_duckdb_operator_projection.cpp.o src/execution/operator/scan/CMakeFiles/duckdb_operator_scan.dir/ub_duckdb_operator_scan.cpp.o src/execution/operator/schema/CMakeFiles/duckdb_operator_schema.dir/ub_duckdb_operator_schema.cpp.o src/execution/operator/set/CMakeFiles/duckdb_operator_set.dir/ub_duckdb_operator_set.cpp.o src/execution/physical_plan/CMakeFiles/duckdb_physical_plan.dir/ub_duckdb_physical_plan.cpp.o src/execution/index/art/CMakeFiles/duckdb_art_index_execution.dir/ub_duckdb_art_index_execution.cpp.o src/execution/CMakeFiles/duckdb_execution.dir/ub_duckdb_execution.cpp.o src/main/capi/cast/CMakeFiles/duckdb_main_capi_cast.dir/ub_duckdb_main_capi_cast.cpp.o src/main/capi/CMakeFiles/duckdb_main_capi.dir/ub_duckdb_main_capi.cpp.o src/main/extension/CMakeFiles/duckdb_main_extension.dir/ub_duckdb_main_extension.cpp.o src/main/relation/CMakeFiles/duckdb_main_relation.dir/ub_duckdb_main_relation.cpp.o src/main/settings/CMakeFiles/duckdb_main_settings.dir/ub_duckdb_main_settings.cpp.o src/main/CMakeFiles/duckdb_main.dir/ub_duckdb_main.cpp.o src/parallel/CMakeFiles/duckdb_parallel.dir/ub_duckdb_parallel.cpp.o src/storage/buffer/CMakeFiles/duckdb_storage_buffer.dir/ub_duckdb_storage_buffer.cpp.o src/storage/checkpoint/CMakeFiles/duckdb_storage_checkpoint.dir/ub_duckdb_storage_checkpoint.cpp.o src/storage/compression/chimp/CMakeFiles/duckdb_storage_compression_chimp.dir/ub_duckdb_storage_compression_chimp.cpp.o src/storage/compression/CMakeFiles/duckdb_storage_compression.dir/ub_duckdb_storage_compression.cpp.o src/storage/statistics/CMakeFiles/duckdb_storage_statistics.dir/ub_duckdb_storage_statistics.cpp.o src/storage/table/CMakeFiles/duckdb_storage_table.dir/ub_duckdb_storage_table.cpp.o src/storage/CMakeFiles/duckdb_storage.dir/ub_duckdb_storage.cpp.o src/transaction/CMakeFiles/duckdb_transaction.dir/ub_duckdb_transaction.cpp.o src/verification/CMakeFiles/duckdb_verification.dir/copied_statement_verifier.cpp.o src/verification/CMakeFiles/duckdb_verification.dir/external_statement_verifier.cpp.o src/verification/CMakeFiles/duckdb_verification.dir/prepared_statement_verifier.cpp.o src/verification/CMakeFiles/duckdb_verification.dir/deserialized_statement_verifier.cpp.o src/verification/CMakeFiles/duckdb_verification.dir/statement_verifier.cpp.o src/verification/CMakeFiles/duckdb_verification.dir/parsed_statement_verifier.cpp.o src/verification/CMakeFiles/duckdb_verification.dir/unoptimized_statement_verifier.cpp.o && /usr/bin/ranlib src/libduckdb_static.a && :
[369/376] : && /usr/lib/ccache/c++ -fPIC -O3 -DNDEBUG -O3 -DNDEBUG   -shared -Wl,-soname,libduckdb.so -o src/libduckdb.so src/optimizer/matcher/CMakeFiles/duckdb_optimizer_matcher.dir/ub_duckdb_optimizer_matcher.cpp.o src/optimizer/join_order/CMakeFiles/duckdb_optimizer_join_order.dir/ub_duckdb_optimizer_join_order.cpp.o src/optimizer/pushdown/CMakeFiles/duckdb_optimizer_pushdown.dir/ub_duckdb_optimizer_pushdown.cpp.o src/optimizer/pullup/CMakeFiles/duckdb_optimizer_pullup.dir/ub_duckdb_optimizer_pullup.cpp.o src/optimizer/rule/CMakeFiles/duckdb_optimizer_rules.dir/ub_duckdb_optimizer_rules.cpp.o src/optimizer/statistics/expression/CMakeFiles/duckdb_optimizer_statistics_expr.dir/ub_duckdb_optimizer_statistics_expr.cpp.o src/optimizer/statistics/operator/CMakeFiles/duckdb_optimizer_statistics_op.dir/ub_duckdb_optimizer_statistics_op.cpp.o src/optimizer/query_split/CMakeFiles/duckdb_optimizer_query_split.dir/ub_duckdb_optimizer_query_split.cpp.o src/optimizer/CMakeFiles/duckdb_optimizer.dir/ub_duckdb_optimizer.cpp.o src/planner/expression/CMakeFiles/duckdb_planner_expression.dir/ub_duckdb_planner_expression.cpp.o src/planner/binder/expression/CMakeFiles/duckdb_bind_expression.dir/ub_duckdb_bind_expression.cpp.o src/planner/binder/query_node/CMakeFiles/duckdb_bind_query_node.dir/ub_duckdb_bind_query_node.cpp.o src/planner/binder/statement/CMakeFiles/duckdb_bind_statement.dir/ub_duckdb_bind_statement.cpp.o src/planner/binder/tableref/CMakeFiles/duckdb_bind_tableref.dir/ub_duckdb_bind_tableref.cpp.o src/planner/expression_binder/CMakeFiles/duckdb_expression_binders.dir/ub_duckdb_expression_binders.cpp.o src/planner/filter/CMakeFiles/duckdb_planner_filter.dir/ub_duckdb_planner_filter.cpp.o src/planner/parsed_data/CMakeFiles/duckdb_planner_parsed_data.dir/ub_duckdb_planner_parsed_data.cpp.o src/planner/operator/CMakeFiles/duckdb_planner_operator.dir/ub_duckdb_planner_operator.cpp.o src/planner/subquery/CMakeFiles/duckdb_planner_subquery.dir/ub_duckdb_planner_subquery.cpp.o src/planner/CMakeFiles/duckdb_planner.dir/ub_duckdb_planner.cpp.o src/parser/constraints/CMakeFiles/duckdb_constraints.dir/ub_duckdb_constraints.cpp.o src/parser/expression/CMakeFiles/duckdb_expression.dir/ub_duckdb_expression.cpp.o src/parser/parsed_data/CMakeFiles/duckdb_parsed_data.dir/ub_duckdb_parsed_data.cpp.o src/parser/query_node/CMakeFiles/duckdb_query_node.dir/ub_duckdb_query_node.cpp.o src/parser/statement/CMakeFiles/duckdb_statement.dir/ub_duckdb_statement.cpp.o src/parser/tableref/CMakeFiles/duckdb_parser_tableref.dir/ub_duckdb_parser_tableref.cpp.o src/parser/transform/constraint/CMakeFiles/duckdb_transformer_constraint.dir/ub_duckdb_transformer_constraint.cpp.o src/parser/transform/expression/CMakeFiles/duckdb_transformer_expression.dir/ub_duckdb_transformer_expression.cpp.o src/parser/transform/helpers/CMakeFiles/duckdb_transformer_helpers.dir/ub_duckdb_transformer_helpers.cpp.o src/parser/transform/statement/CMakeFiles/duckdb_transformer_statement.dir/ub_duckdb_transformer_statement.cpp.o src/parser/transform/tableref/CMakeFiles/duckdb_transformer_tableref.dir/ub_duckdb_transformer_tableref.cpp.o src/parser/CMakeFiles/duckdb_parser.dir/ub_duckdb_parser.cpp.o src/function/aggregate/algebraic/CMakeFiles/duckdb_aggr_algebraic.dir/ub_duckdb_aggr_algebraic.cpp.o src/function/aggregate/distributive/CMakeFiles/duckdb_aggr_distr.dir/ub_duckdb_aggr_distr.cpp.o src/function/aggregate/holistic/CMakeFiles/duckdb_aggr_holistic.dir/ub_duckdb_aggr_holistic.cpp.o src/function/aggregate/nested/CMakeFiles/duckdb_aggr_nested.dir/ub_duckdb_aggr_nested.cpp.o src/function/aggregate/regression/CMakeFiles/duckdb_aggr_regr.dir/ub_duckdb_aggr_regr.cpp.o src/function/aggregate/CMakeFiles/duckdb_func_aggr.dir/ub_duckdb_func_aggr.cpp.o src/function/cast/CMakeFiles/duckdb_func_cast.dir/ub_duckdb_func_cast.cpp.o src/function/pragma/CMakeFiles/duckdb_func_pragma.dir/ub_duckdb_func_pragma.cpp.o src/function/scalar/blob/CMakeFiles/duckdb_func_blob.dir/ub_duckdb_func_blob.cpp.o src/function/scalar/date/CMakeFiles/duckdb_func_date.dir/ub_duckdb_func_date.cpp.o src/function/scalar/generic/CMakeFiles/duckdb_func_generic.dir/ub_duckdb_func_generic.cpp.o src/function/scalar/list/CMakeFiles/duckdb_func_list.dir/ub_duckdb_func_list.cpp.o src/function/scalar/map/CMakeFiles/duckdb_func_map_nested.dir/ub_duckdb_func_map_nested.cpp.o src/function/scalar/math/CMakeFiles/duckdb_func_math.dir/ub_duckdb_func_math.cpp.o src/function/scalar/operators/CMakeFiles/duckdb_func_ops.dir/ub_duckdb_func_ops.cpp.o src/function/scalar/sequence/CMakeFiles/duckdb_func_seq.dir/ub_duckdb_func_seq.cpp.o src/function/scalar/string/CMakeFiles/duckdb_func_string.dir/ub_duckdb_func_string.cpp.o src/function/scalar/struct/CMakeFiles/duckdb_func_struct.dir/ub_duckdb_func_struct.cpp.o src/function/scalar/system/CMakeFiles/duckdb_func_system.dir/ub_duckdb_func_system.cpp.o src/function/scalar/union/CMakeFiles/duckdb_func_union.dir/ub_duckdb_func_union.cpp.o src/function/scalar/enum/CMakeFiles/duckdb_func_enum.dir/ub_duckdb_func_enum.cpp.o src/function/scalar/CMakeFiles/duckdb_func_scalar.dir/ub_duckdb_func_scalar.cpp.o src/function/table/system/CMakeFiles/duckdb_table_func_system.dir/ub_duckdb_table_func_system.cpp.o src/function/table/version/CMakeFiles/duckdb_func_table_version.dir/ub_duckdb_func_table_version.cpp.o src/function/table/CMakeFiles/duckdb_func_table.dir/ub_duckdb_func_table.cpp.o src/function/CMakeFiles/duckdb_function.dir/ub_duckdb_function.cpp.o src/catalog/catalog_entry/CMakeFiles/duckdb_catalog_entries.dir/ub_duckdb_catalog_entries.cpp.o src/catalog/default/CMakeFiles/duckdb_catalog_default_entries.dir/ub_duckdb_catalog_default_entries.cpp.o src/catalog/CMakeFiles/duckdb_catalog.dir/ub_duckdb_catalog.cpp.o src/common/arrow/CMakeFiles/duckdb_common_arrow.dir/ub_duckdb_common_arrow.cpp.o src/common/crypto/CMakeFiles/duckdb_common_crypto.dir/ub_duckdb_common_crypto.cpp.o src/common/enums/CMakeFiles/duckdb_common_enums.dir/ub_duckdb_common_enums.cpp.o src/common/operator/CMakeFiles/duckdb_common_operators.dir/ub_duckdb_common_operators.cpp.o src/common/progress_bar/CMakeFiles/duckdb_progress_bar.dir/ub_duckdb_progress_bar.cpp.o src/common/row_operations/CMakeFiles/duckdb_row_operations.dir/ub_duckdb_row_operations.cpp.o src/common/serializer/CMakeFiles/duckdb_common_serializer.dir/ub_duckdb_common_serializer.cpp.o src/common/sort/CMakeFiles/duckdb_sort.dir/ub_duckdb_sort.cpp.o src/common/types/CMakeFiles/duckdb_common_types.dir/ub_duckdb_common_types.cpp.o src/common/value_operations/CMakeFiles/duckdb_value_operations.dir/ub_duckdb_value_operations.cpp.o src/common/vector_operations/CMakeFiles/duckdb_vector_operations.dir/boolean_operators.cpp.o src/common/vector_operations/CMakeFiles/duckdb_vector_operations.dir/vector_cast.cpp.o src/common/vector_operations/CMakeFiles/duckdb_vector_operations.dir/comparison_operators.cpp.o src/common/vector_operations/CMakeFiles/duckdb_vector_operations.dir/vector_copy.cpp.o src/common/vector_operations/CMakeFiles/duckdb_vector_operations.dir/generators.cpp.o src/common/vector_operations/CMakeFiles/duckdb_vector_operations.dir/vector_hash.cpp.o src/common/vector_operations/CMakeFiles/duckdb_vector_operations.dir/vector_storage.cpp.o src/common/vector_operations/CMakeFiles/duckdb_vector_operations.dir/null_operations.cpp.o src/common/vector_operations/CMakeFiles/duckdb_vector_operations.dir/numeric_inplace_operators.cpp.o src/common/vector_operations/CMakeFiles/duckdb_vector_operations.dir/is_distinct_from.cpp.o src/common/CMakeFiles/duckdb_common.dir/ub_duckdb_common.cpp.o src/execution/expression_executor/CMakeFiles/duckdb_expression_executor.dir/ub_duckdb_expression_executor.cpp.o src/execution/nested_loop_join/CMakeFiles/duckdb_nested_loop_join.dir/ub_duckdb_nested_loop_join.cpp.o src/execution/operator/aggregate/CMakeFiles/duckdb_operator_aggregate.dir/ub_duckdb_operator_aggregate.cpp.o src/execution/operator/filter/CMakeFiles/duckdb_operator_filter.dir/ub_duckdb_operator_filter.cpp.o src/execution/operator/helper/CMakeFiles/duckdb_operator_helper.dir/ub_duckdb_operator_helper.cpp.o src/execution/operator/join/CMakeFiles/duckdb_operator_join.dir/ub_duckdb_operator_join.cpp.o src/execution/operator/order/CMakeFiles/duckdb_operator_order.dir/ub_duckdb_operator_order.cpp.o src/execution/operator/persistent/CMakeFiles/duckdb_operator_persistent.dir/ub_duckdb_operator_persistent.cpp.o src/execution/operator/projection/CMakeFiles/duckdb_operator_projection.dir/ub_duckdb_operator_projection.cpp.o src/execution/operator/scan/CMakeFiles/duckdb_operator_scan.dir/ub_duckdb_operator_scan.cpp.o src/execution/operator/schema/CMakeFiles/duckdb_operator_schema.dir/ub_duckdb_operator_schema.cpp.o src/execution/operator/set/CMakeFiles/duckdb_operator_set.dir/ub_duckdb_operator_set.cpp.o src/execution/physical_plan/CMakeFiles/duckdb_physical_plan.dir/ub_duckdb_physical_plan.cpp.o src/execution/index/art/CMakeFiles/duckdb_art_index_execution.dir/ub_duckdb_art_index_execution.cpp.o src/execution/CMakeFiles/duckdb_execution.dir/ub_duckdb_execution.cpp.o src/main/capi/cast/CMakeFiles/duckdb_main_capi_cast.dir/ub_duckdb_main_capi_cast.cpp.o src/main/capi/CMakeFiles/duckdb_main_capi.dir/ub_duckdb_main_capi.cpp.o src/main/extension/CMakeFiles/duckdb_main_extension.dir/ub_duckdb_main_extension.cpp.o src/main/relation/CMakeFiles/duckdb_main_relation.dir/ub_duckdb_main_relation.cpp.o src/main/settings/CMakeFiles/duckdb_main_settings.dir/ub_duckdb_main_settings.cpp.o src/main/CMakeFiles/duckdb_main.dir/ub_duckdb_main.cpp.o src/parallel/CMakeFiles/duckdb_parallel.dir/ub_duckdb_parallel.cpp.o src/storage/buffer/CMakeFiles/duckdb_storage_buffer.dir/ub_duckdb_storage_buffer.cpp.o src/storage/checkpoint/CMakeFiles/duckdb_storage_checkpoint.dir/ub_duckdb_storage_checkpoint.cpp.o src/storage/compression/chimp/CMakeFiles/duckdb_storage_compression_chimp.dir/ub_duckdb_storage_compression_chimp.cpp.o src/storage/compression/CMakeFiles/duckdb_storage_compression.dir/ub_duckdb_storage_compression.cpp.o src/storage/statistics/CMakeFiles/duckdb_storage_statistics.dir/ub_duckdb_storage_statistics.cpp.o src/storage/table/CMakeFiles/duckdb_storage_table.dir/ub_duckdb_storage_table.cpp.o src/storage/CMakeFiles/duckdb_storage.dir/ub_duckdb_storage.cpp.o src/transaction/CMakeFiles/duckdb_transaction.dir/ub_duckdb_transaction.cpp.o src/verification/CMakeFiles/duckdb_verification.dir/copied_statement_verifier.cpp.o src/verification/CMakeFiles/duckdb_verification.dir/external_statement_verifier.cpp.o src/verification/CMakeFiles/duckdb_verification.dir/prepared_statement_verifier.cpp.o src/verification/CMakeFiles/duckdb_verification.dir/deserialized_statement_verifier.cpp.o src/verification/CMakeFiles/duckdb_verification.dir/statement_verifier.cpp.o src/verification/CMakeFiles/duckdb_verification.dir/parsed_statement_verifier.cpp.o src/verification/CMakeFiles/duckdb_verification.dir/unoptimized_statement_verifier.cpp.o  -ldl  third_party/fsst/libduckdb_fsst.a  third_party/fmt/libduckdb_fmt.a  third_party/libpg_query/libduckdb_pg_query.a  third_party/re2/libduckdb_re2.a  third_party/miniz/libduckdb_miniz.a  third_party/utf8proc/libduckdb_utf8proc.a  third_party/hyperloglog/libduckdb_hyperloglog.a  third_party/fastpforlib/libduckdb_fastpforlib.a  third_party/mbedtls/libduckdb_mbedtls.a  extension/jemalloc/libjemalloc_extension.a  extension/parquet/libparquet_extension.a && :
[370/376] : && /usr/lib/ccache/c++ -fPIC -O3 -DNDEBUG -O3 -DNDEBUG   -shared -Wl,-soname,libsqlite3_api_wrapper.so -o tools/sqlite3_api_wrapper/libsqlite3_api_wrapper.so tools/sqlite3_api_wrapper/sqlite3/CMakeFiles/sqlite3_api_wrapper_sqlite3.dir/printf.c.o tools/sqlite3_api_wrapper/sqlite3/CMakeFiles/sqlite3_api_wrapper_sqlite3.dir/strglob.c.o tools/sqlite3_api_wrapper/sqlite3_udf_api/CMakeFiles/sqlite3_udf_api.dir/sqlite3_udf_wrapper.cpp.o tools/sqlite3_api_wrapper/sqlite3_udf_api/CMakeFiles/sqlite3_udf_api.dir/cast_sqlite.cpp.o tools/sqlite3_api_wrapper/CMakeFiles/sqlite3_api_wrapper.dir/sqlite3_api_wrapper.cpp.o tools/sqlite3_api_wrapper/CMakeFiles/sqlite3_api_wrapper.dir/sql_auto_complete_extension.cpp.o  -Wl,-rpath,/home/pei/Project/duckdb-polr/build/release/src  src/libduckdb.so  -ldl  third_party/fsst/libduckdb_fsst.a  third_party/fmt/libduckdb_fmt.a  third_party/libpg_query/libduckdb_pg_query.a  third_party/re2/libduckdb_re2.a  third_party/miniz/libduckdb_miniz.a  third_party/utf8proc/libduckdb_utf8proc.a  third_party/hyperloglog/libduckdb_hyperloglog.a  third_party/fastpforlib/libduckdb_fastpforlib.a  third_party/mbedtls/libduckdb_mbedtls.a  extension/jemalloc/libjemalloc_extension.a  extension/parquet/libparquet_extension.a && :
[371/376] : && /usr/lib/ccache/c++ -O3 -DNDEBUG -O3 -DNDEBUG -rdynamic tools/sqlite3_api_wrapper/CMakeFiles/test_sqlite3_api_wrapper.dir/test/test_sqlite3_api_wrapper.cpp.o tools/sqlite3_api_wrapper/CMakeFiles/test_sqlite3_api_wrapper.dir/test/test_sqlite3_udf_api_wrapper.cpp.o -o tools/sqlite3_api_wrapper/test_sqlite3_api_wrapper  -Wl,-rpath,/home/pei/Project/duckdb-polr/build/release/tools/sqlite3_api_wrapper:/home/pei/Project/duckdb-polr/build/release/src  tools/sqlite3_api_wrapper/libsqlite3_api_wrapper.so  src/libduckdb.so  -ldl  third_party/fsst/libduckdb_fsst.a  third_party/fmt/libduckdb_fmt.a  third_party/libpg_query/libduckdb_pg_query.a  third_party/re2/libduckdb_re2.a  third_party/miniz/libduckdb_miniz.a  third_party/utf8proc/libduckdb_utf8proc.a  third_party/hyperloglog/libduckdb_hyperloglog.a  third_party/fastpforlib/libduckdb_fastpforlib.a  third_party/mbedtls/libduckdb_mbedtls.a  extension/jemalloc/libjemalloc_extension.a  extension/parquet/libparquet_extension.a && :
[372/376] : && /usr/lib/ccache/c++ -O3 -DNDEBUG -O3 -DNDEBUG -rdynamic extension/parquet/CMakeFiles/parquetcli.dir/parquetcli.cpp.o -o extension/parquet/parquetcli  extension/parquet/libparquet_extension.a  src/libduckdb_static.a  extension/parquet/libparquet_extension.a  -ldl  third_party/fsst/libduckdb_fsst.a  third_party/fmt/libduckdb_fmt.a  third_party/libpg_query/libduckdb_pg_query.a  third_party/re2/libduckdb_re2.a  third_party/miniz/libduckdb_miniz.a  third_party/utf8proc/libduckdb_utf8proc.a  third_party/hyperloglog/libduckdb_hyperloglog.a  third_party/fastpforlib/libduckdb_fastpforlib.a  third_party/mbedtls/libduckdb_mbedtls.a  extension/jemalloc/libjemalloc_extension.a && :
[373/376] : && /usr/bin/cmake -E rm -f tools/sqlite3_api_wrapper/libsqlite3_api_wrapper_static.a && /usr/bin/ar qc tools/sqlite3_api_wrapper/libsqlite3_api_wrapper_static.a  tools/sqlite3_api_wrapper/sqlite3/CMakeFiles/sqlite3_api_wrapper_sqlite3.dir/printf.c.o tools/sqlite3_api_wrapper/sqlite3/CMakeFiles/sqlite3_api_wrapper_sqlite3.dir/strglob.c.o tools/sqlite3_api_wrapper/sqlite3_udf_api/CMakeFiles/sqlite3_udf_api.dir/sqlite3_udf_wrapper.cpp.o tools/sqlite3_api_wrapper/sqlite3_udf_api/CMakeFiles/sqlite3_udf_api.dir/cast_sqlite.cpp.o tools/sqlite3_api_wrapper/CMakeFiles/sqlite3_api_wrapper_static.dir/sqlite3_api_wrapper.cpp.o tools/sqlite3_api_wrapper/CMakeFiles/sqlite3_api_wrapper_static.dir/sql_auto_complete_extension.cpp.o && /usr/bin/ranlib tools/sqlite3_api_wrapper/libsqlite3_api_wrapper_static.a && :
[374/376] : && /usr/bin/cmake -E rm -f test/helpers/libtest_helpers.a && /usr/bin/ar qc test/helpers/libtest_helpers.a  test/helpers/CMakeFiles/test_helpers.dir/test_helpers.cpp.o test/helpers/CMakeFiles/test_helpers.dir/capi_tester.cpp.o test/helpers/CMakeFiles/test_helpers.dir/pid.cpp.o && /usr/bin/ranlib test/helpers/libtest_helpers.a && :
[375/376] : && /usr/lib/ccache/c++ -O3 -DNDEBUG -O3 -DNDEBUG -rdynamic test/api/capi/CMakeFiles/test_sql_capi.dir/ub_test_sql_capi.cpp.o test/api/udf_function/CMakeFiles/test_api_udf_function.dir/ub_test_api_udf_function.cpp.o test/api/CMakeFiles/test_api.dir/ub_test_api.cpp.o test/appender/CMakeFiles/test_appender.dir/ub_test_appender.cpp.o test/arrow_roundtrip/CMakeFiles/test_arrow_roundtrip.dir/ub_test_arrow_roundtrip.cpp.o test/common/CMakeFiles/test_common.dir/ub_test_common.cpp.o test/extension/CMakeFiles/test_extensions.dir/ub_test_extensions.cpp.o test/memoryleak/CMakeFiles/test_memory_leak.dir/ub_test_memory_leak.cpp.o test/sql/filter/CMakeFiles/test_filter.dir/ub_test_filter.cpp.o test/sql/function/table/CMakeFiles/test_table_function.dir/ub_test_table_function.cpp.o test/sql/index/CMakeFiles/test_index.dir/ub_test_index.cpp.o test/sql/parallelism/interquery/CMakeFiles/test_sql_interquery_parallelism.dir/ub_test_sql_interquery_parallelism.cpp.o test/sql/storage/catalog/CMakeFiles/test_sql_storage_catalog.dir/ub_test_sql_storage_catalog.cpp.o test/sql/storage/CMakeFiles/test_sql_storage.dir/ub_test_sql_storage.cpp.o test/sqlite/CMakeFiles/test_sqlite.dir/ub_test_sqlite.cpp.o test/ossfuzz/CMakeFiles/test_ossfuzz.dir/ub_test_ossfuzz.cpp.o test/mbedtls/CMakeFiles/test_mbedtls.dir/ub_test_mbedtls.cpp.o test/persistence/CMakeFiles/test_persistence.dir/ub_test_persistence.cpp.o test/CMakeFiles/unittest.dir/unittest.cpp.o -o test/unittest  -Wl,-rpath,/home/pei/Project/duckdb-polr/build/release/src  test/helpers/libtest_helpers.a  src/libduckdb.so  -ldl  third_party/fsst/libduckdb_fsst.a  third_party/fmt/libduckdb_fmt.a  third_party/libpg_query/libduckdb_pg_query.a  third_party/re2/libduckdb_re2.a  third_party/miniz/libduckdb_miniz.a  third_party/utf8proc/libduckdb_utf8proc.a  third_party/hyperloglog/libduckdb_hyperloglog.a  third_party/fastpforlib/libduckdb_fastpforlib.a  third_party/mbedtls/libduckdb_mbedtls.a  extension/jemalloc/libjemalloc_extension.a  extension/parquet/libparquet_extension.a && :
[376/376] : && /usr/lib/ccache/c++ -O3 -DNDEBUG -O3 -DNDEBUG -rdynamic tools/shell/CMakeFiles/shell.dir/shell.c.o tools/shell/CMakeFiles/shell.dir/linenoise.cpp.o -o duckdb  tools/sqlite3_api_wrapper/libsqlite3_api_wrapper_static.a  third_party/utf8proc/libduckdb_utf8proc.a  src/libduckdb_static.a  third_party/utf8proc/libduckdb_utf8proc.a  -ldl  third_party/fsst/libduckdb_fsst.a  third_party/fmt/libduckdb_fmt.a  third_party/libpg_query/libduckdb_pg_query.a  third_party/re2/libduckdb_re2.a  third_party/miniz/libduckdb_miniz.a  third_party/hyperloglog/libduckdb_hyperloglog.a  third_party/fastpforlib/libduckdb_fastpforlib.a  third_party/mbedtls/libduckdb_mbedtls.a  extension/jemalloc/libjemalloc_extension.a  extension/parquet/libparquet_extension.a && :
mkdir -p build/release && \
cd build/release && \
cmake -G "Ninja" -DFORCE_COLORED_OUTPUT=1        -DBUILD_PARQUET_EXTENSION=TRUE -DCMAKE_BUILD_TYPE=Release ../.. && \
cmake --build . --config Release
Re-run cmake no build system arguments
-- The C compiler identification is GNU 12.2.0
-- The CXX compiler identification is GNU 12.2.0
-- Detecting C compiler ABI info
-- Detecting C compiler ABI info - done
-- Check for working C compiler: /usr/lib/ccache/cc - skipped
-- Detecting C compile features
-- Detecting C compile features - done
-- Detecting CXX compiler ABI info
-- Detecting CXX compiler ABI info - done
-- Check for working CXX compiler: /usr/lib/ccache/c++ - skipped
-- Detecting CXX compile features
-- Detecting CXX compile features - done
-- Performing Test CMAKE_HAVE_LIBC_PTHREAD
-- Performing Test CMAKE_HAVE_LIBC_PTHREAD - Success
-- Found Threads: TRUE  
-- Found Git: /usr/bin/git (found version "2.39.5") 
fatal: No names found, cannot describe anything.
fatal: No names found, cannot describe anything.
-- git hash cd7a58694b, version v..1-dev
-- Configuring done
-- Generating done
-- Build files have been written to: /home/pei/Project/duckdb-polr/build/release
[1/376] /usr/bin/ccache /usr/lib/ccache/c++ -DDUCKDB -DDUCKDB_BUILD_LIBRARY -DDUCKDB_MAIN_LIBRARY -DENABLE_CROSS_PRODUCT_REWRITE=0 -DENABLE_DEBUG_PRINT=0 -DENABLE_MEASURE_EXE_TIME=0 -DENABLE_MERGE_BACK_PLAN=0 -DENABLE_PARALLEL_EXECUTION=0 -DENABLE_QUERY_SPLIT=0 -DENABLE_SPECIFY_EST_STAT=0 -I/home/pei/Project/duckdb-polr/src/include -I/home/pei/Project/duckdb-polr/third_party/fsst -I/home/pei/Project/duckdb-polr/third_party/fmt/include -I/home/pei/Project/duckdb-polr/third_party/hyperloglog -I/home/pei/Project/duckdb-polr/third_party/fastpforlib -I/home/pei/Project/duckdb-polr/third_party/fast_float -I/home/pei/Project/duckdb-polr/third_party/re2 -I/home/pei/Project/duckdb-polr/third_party/miniz -I/home/pei/Project/duckdb-polr/third_party/utf8proc/include -I/home/pei/Project/duckdb-polr/third_party/miniparquet -I/home/pei/Project/duckdb-polr/third_party/concurrentqueue -I/home/pei/Project/duckdb-polr/third_party/pcg -I/home/pei/Project/duckdb-polr/third_party/tdigest -I/home/pei/Project/duckdb-polr/third_party/mbedtls/include -I/home/pei/Project/duckdb-polr/third_party/jaro_winkler -O3 -DNDEBUG -O3 -DNDEBUG   -fPIC -fdiagnostics-color=always -std=c++11 -MD -MT src/optimizer/matcher/CMakeFiles/duckdb_optimizer_matcher.dir/ub_duckdb_optimizer_matcher.cpp.o -MF src/optimizer/matcher/CMakeFiles/duckdb_optimizer_matcher.dir/ub_duckdb_optimizer_matcher.cpp.o.d -o src/optimizer/matcher/CMakeFiles/duckdb_optimizer_matcher.dir/ub_duckdb_optimizer_matcher.cpp.o -c /home/pei/Project/duckdb-polr/build/release/src/optimizer/matcher/ub_duckdb_optimizer_matcher.cpp
[2/376] /usr/bin/ccache /usr/lib/ccache/c++ -DDUCKDB -DDUCKDB_BUILD_LIBRARY -DDUCKDB_MAIN_LIBRARY -DENABLE_CROSS_PRODUCT_REWRITE=0 -DENABLE_DEBUG_PRINT=0 -DENABLE_MEASURE_EXE_TIME=0 -DENABLE_MERGE_BACK_PLAN=0 -DENABLE_PARALLEL_EXECUTION=0 -DENABLE_QUERY_SPLIT=0 -DENABLE_SPECIFY_EST_STAT=0 -I/home/pei/Project/duckdb-polr/src/include -I/home/pei/Project/duckdb-polr/third_party/fsst -I/home/pei/Project/duckdb-polr/third_party/fmt/include -I/home/pei/Project/duckdb-polr/third_party/hyperloglog -I/home/pei/Project/duckdb-polr/third_party/fastpforlib -I/home/pei/Project/duckdb-polr/third_party/fast_float -I/home/pei/Project/duckdb-polr/third_party/re2 -I/home/pei/Project/duckdb-polr/third_party/miniz -I/home/pei/Project/duckdb-polr/third_party/utf8proc/include -I/home/pei/Project/duckdb-polr/third_party/miniparquet -I/home/pei/Project/duckdb-polr/third_party/concurrentqueue -I/home/pei/Project/duckdb-polr/third_party/pcg -I/home/pei/Project/duckdb-polr/third_party/tdigest -I/home/pei/Project/duckdb-polr/third_party/mbedtls/include -I/home/pei/Project/duckdb-polr/third_party/jaro_winkler -O3 -DNDEBUG -O3 -DNDEBUG   -fPIC -fdiagnostics-color=always -std=c++11 -MD -MT src/optimizer/pullup/CMakeFiles/duckdb_optimizer_pullup.dir/ub_duckdb_optimizer_pullup.cpp.o -MF src/optimizer/pullup/CMakeFiles/duckdb_optimizer_pullup.dir/ub_duckdb_optimizer_pullup.cpp.o.d -o src/optimizer/pullup/CMakeFiles/duckdb_optimizer_pullup.dir/ub_duckdb_optimizer_pullup.cpp.o -c /home/pei/Project/duckdb-polr/build/release/src/optimizer/pullup/ub_duckdb_optimizer_pullup.cpp
[3/376] /usr/bin/ccache /usr/lib/ccache/c++ -DDUCKDB -DDUCKDB_BUILD_LIBRARY -DDUCKDB_MAIN_LIBRARY -DENABLE_CROSS_PRODUCT_REWRITE=0 -DENABLE_DEBUG_PRINT=0 -DENABLE_MEASURE_EXE_TIME=0 -DENABLE_MERGE_BACK_PLAN=0 -DENABLE_PARALLEL_EXECUTION=0 -DENABLE_QUERY_SPLIT=0 -DENABLE_SPECIFY_EST_STAT=0 -I/home/pei/Project/duckdb-polr/src/include -I/home/pei/Project/duckdb-polr/third_party/fsst -I/home/pei/Project/duckdb-polr/third_party/fmt/include -I/home/pei/Project/duckdb-polr/third_party/hyperloglog -I/home/pei/Project/duckdb-polr/third_party/fastpforlib -I/home/pei/Project/duckdb-polr/third_party/fast_float -I/home/pei/Project/duckdb-polr/third_party/re2 -I/home/pei/Project/duckdb-polr/third_party/miniz -I/home/pei/Project/duckdb-polr/third_party/utf8proc/include -I/home/pei/Project/duckdb-polr/third_party/miniparquet -I/home/pei/Project/duckdb-polr/third_party/concurrentqueue -I/home/pei/Project/duckdb-polr/third_party/pcg -I/home/pei/Project/duckdb-polr/third_party/tdigest -I/home/pei/Project/duckdb-polr/third_party/mbedtls/include -I/home/pei/Project/duckdb-polr/third_party/jaro_winkler -O3 -DNDEBUG -O3 -DNDEBUG   -fPIC -fdiagnostics-color=always -std=c++11 -MD -MT src/optimizer/pushdown/CMakeFiles/duckdb_optimizer_pushdown.dir/ub_duckdb_optimizer_pushdown.cpp.o -MF src/optimizer/pushdown/CMakeFiles/duckdb_optimizer_pushdown.dir/ub_duckdb_optimizer_pushdown.cpp.o.d -o src/optimizer/pushdown/CMakeFiles/duckdb_optimizer_pushdown.dir/ub_duckdb_optimizer_pushdown.cpp.o -c /home/pei/Project/duckdb-polr/build/release/src/optimizer/pushdown/ub_duckdb_optimizer_pushdown.cpp
[4/376] /usr/bin/ccache /usr/lib/ccache/c++ -DDUCKDB -DDUCKDB_BUILD_LIBRARY -DDUCKDB_MAIN_LIBRARY -DENABLE_CROSS_PRODUCT_REWRITE=0 -DENABLE_DEBUG_PRINT=0 -DENABLE_MEASURE_EXE_TIME=0 -DENABLE_MERGE_BACK_PLAN=0 -DENABLE_PARALLEL_EXECUTION=0 -DENABLE_QUERY_SPLIT=0 -DENABLE_SPECIFY_EST_STAT=0 -I/home/pei/Project/duckdb-polr/src/include -I/home/pei/Project/duckdb-polr/third_party/fsst -I/home/pei/Project/duckdb-polr/third_party/fmt/include -I/home/pei/Project/duckdb-polr/third_party/hyperloglog -I/home/pei/Project/duckdb-polr/third_party/fastpforlib -I/home/pei/Project/duckdb-polr/third_party/fast_float -I/home/pei/Project/duckdb-polr/third_party/re2 -I/home/pei/Project/duckdb-polr/third_party/miniz -I/home/pei/Project/duckdb-polr/third_party/utf8proc/include -I/home/pei/Project/duckdb-polr/third_party/miniparquet -I/home/pei/Project/duckdb-polr/third_party/concurrentqueue -I/home/pei/Project/duckdb-polr/third_party/pcg -I/home/pei/Project/duckdb-polr/third_party/tdigest -I/home/pei/Project/duckdb-polr/third_party/mbedtls/include -I/home/pei/Project/duckdb-polr/third_party/jaro_winkler -O3 -DNDEBUG -O3 -DNDEBUG   -fPIC -fdiagnostics-color=always -std=c++11 -MD -MT src/optimizer/rule/CMakeFiles/duckdb_optimizer_rules.dir/ub_duckdb_optimizer_rules.cpp.o -MF src/optimizer/rule/CMakeFiles/duckdb_optimizer_rules.dir/ub_duckdb_optimizer_rules.cpp.o.d -o src/optimizer/rule/CMakeFiles/duckdb_optimizer_rules.dir/ub_duckdb_optimizer_rules.cpp.o -c /home/pei/Project/duckdb-polr/build/release/src/optimizer/rule/ub_duckdb_optimizer_rules.cpp
[5/376] /usr/bin/ccache /usr/lib/ccache/c++ -DDUCKDB -DDUCKDB_BUILD_LIBRARY -DDUCKDB_MAIN_LIBRARY -DENABLE_CROSS_PRODUCT_REWRITE=0 -DENABLE_DEBUG_PRINT=0 -DENABLE_MEASURE_EXE_TIME=0 -DENABLE_MERGE_BACK_PLAN=0 -DENABLE_PARALLEL_EXECUTION=0 -DENABLE_QUERY_SPLIT=0 -DENABLE_SPECIFY_EST_STAT=0 -I/home/pei/Project/duckdb-polr/src/include -I/home/pei/Project/duckdb-polr/third_party/fsst -I/home/pei/Project/duckdb-polr/third_party/fmt/include -I/home/pei/Project/duckdb-polr/third_party/hyperloglog -I/home/pei/Project/duckdb-polr/third_party/fastpforlib -I/home/pei/Project/duckdb-polr/third_party/fast_float -I/home/pei/Project/duckdb-polr/third_party/re2 -I/home/pei/Project/duckdb-polr/third_party/miniz -I/home/pei/Project/duckdb-polr/third_party/utf8proc/include -I/home/pei/Project/duckdb-polr/third_party/miniparquet -I/home/pei/Project/duckdb-polr/third_party/concurrentqueue -I/home/pei/Project/duckdb-polr/third_party/pcg -I/home/pei/Project/duckdb-polr/third_party/tdigest -I/home/pei/Project/duckdb-polr/third_party/mbedtls/include -I/home/pei/Project/duckdb-polr/third_party/jaro_winkler -O3 -DNDEBUG -O3 -DNDEBUG   -fPIC -fdiagnostics-color=always -std=c++11 -MD -MT src/optimizer/statistics/expression/CMakeFiles/duckdb_optimizer_statistics_expr.dir/ub_duckdb_optimizer_statistics_expr.cpp.o -MF src/optimizer/statistics/expression/CMakeFiles/duckdb_optimizer_statistics_expr.dir/ub_duckdb_optimizer_statistics_expr.cpp.o.d -o src/optimizer/statistics/expression/CMakeFiles/duckdb_optimizer_statistics_expr.dir/ub_duckdb_optimizer_statistics_expr.cpp.o -c /home/pei/Project/duckdb-polr/build/release/src/optimizer/statistics/expression/ub_duckdb_optimizer_statistics_expr.cpp
[6/376] /usr/bin/ccache /usr/lib/ccache/c++ -DDUCKDB -DDUCKDB_BUILD_LIBRARY -DDUCKDB_MAIN_LIBRARY -DENABLE_CROSS_PRODUCT_REWRITE=0 -DENABLE_DEBUG_PRINT=0 -DENABLE_MEASURE_EXE_TIME=0 -DENABLE_MERGE_BACK_PLAN=0 -DENABLE_PARALLEL_EXECUTION=0 -DENABLE_QUERY_SPLIT=0 -DENABLE_SPECIFY_EST_STAT=0 -I/home/pei/Project/duckdb-polr/src/include -I/home/pei/Project/duckdb-polr/third_party/fsst -I/home/pei/Project/duckdb-polr/third_party/fmt/include -I/home/pei/Project/duckdb-polr/third_party/hyperloglog -I/home/pei/Project/duckdb-polr/third_party/fastpforlib -I/home/pei/Project/duckdb-polr/third_party/fast_float -I/home/pei/Project/duckdb-polr/third_party/re2 -I/home/pei/Project/duckdb-polr/third_party/miniz -I/home/pei/Project/duckdb-polr/third_party/utf8proc/include -I/home/pei/Project/duckdb-polr/third_party/miniparquet -I/home/pei/Project/duckdb-polr/third_party/concurrentqueue -I/home/pei/Project/duckdb-polr/third_party/pcg -I/home/pei/Project/duckdb-polr/third_party/tdigest -I/home/pei/Project/duckdb-polr/third_party/mbedtls/include -I/home/pei/Project/duckdb-polr/third_party/jaro_winkler -O3 -DNDEBUG -O3 -DNDEBUG   -fPIC -fdiagnostics-color=always -std=c++11 -MD -MT src/optimizer/statistics/operator/CMakeFiles/duckdb_optimizer_statistics_op.dir/ub_duckdb_optimizer_statistics_op.cpp.o -MF src/optimizer/statistics/operator/CMakeFiles/duckdb_optimizer_statistics_op.dir/ub_duckdb_optimizer_statistics_op.cpp.o.d -o src/optimizer/statistics/operator/CMakeFiles/duckdb_optimizer_statistics_op.dir/ub_duckdb_optimizer_statistics_op.cpp.o -c /home/pei/Project/duckdb-polr/build/release/src/optimizer/statistics/operator/ub_duckdb_optimizer_statistics_op.cpp
[7/376] /usr/bin/ccache /usr/lib/ccache/c++ -DDUCKDB -DDUCKDB_BUILD_LIBRARY -DDUCKDB_MAIN_LIBRARY -DENABLE_CROSS_PRODUCT_REWRITE=0 -DENABLE_DEBUG_PRINT=0 -DENABLE_MEASURE_EXE_TIME=0 -DENABLE_MERGE_BACK_PLAN=0 -DENABLE_PARALLEL_EXECUTION=0 -DENABLE_QUERY_SPLIT=0 -DENABLE_SPECIFY_EST_STAT=0 -I/home/pei/Project/duckdb-polr/src/include -I/home/pei/Project/duckdb-polr/third_party/fsst -I/home/pei/Project/duckdb-polr/third_party/fmt/include -I/home/pei/Project/duckdb-polr/third_party/hyperloglog -I/home/pei/Project/duckdb-polr/third_party/fastpforlib -I/home/pei/Project/duckdb-polr/third_party/fast_float -I/home/pei/Project/duckdb-polr/third_party/re2 -I/home/pei/Project/duckdb-polr/third_party/miniz -I/home/pei/Project/duckdb-polr/third_party/utf8proc/include -I/home/pei/Project/duckdb-polr/third_party/miniparquet -I/home/pei/Project/duckdb-polr/third_party/concurrentqueue -I/home/pei/Project/duckdb-polr/third_party/pcg -I/home/pei/Project/duckdb-polr/third_party/tdigest -I/home/pei/Project/duckdb-polr/third_party/mbedtls/include -I/home/pei/Project/duckdb-polr/third_party/jaro_winkler -O3 -DNDEBUG -O3 -DNDEBUG   -fPIC -fdiagnostics-color=always -std=c++11 -MD -MT src/optimizer/CMakeFiles/duckdb_optimizer.dir/ub_duckdb_optimizer.cpp.o -MF src/optimizer/CMakeFiles/duckdb_optimizer.dir/ub_duckdb_optimizer.cpp.o.d -o src/optimizer/CMakeFiles/duckdb_optimizer.dir/ub_duckdb_optimizer.cpp.o -c /home/pei/Project/duckdb-polr/build/release/src/optimizer/ub_duckdb_optimizer.cpp
[8/376] /usr/bin/ccache /usr/lib/ccache/c++ -DDUCKDB -DDUCKDB_BUILD_LIBRARY -DDUCKDB_MAIN_LIBRARY -DENABLE_CROSS_PRODUCT_REWRITE=0 -DENABLE_DEBUG_PRINT=0 -DENABLE_MEASURE_EXE_TIME=0 -DENABLE_MERGE_BACK_PLAN=0 -DENABLE_PARALLEL_EXECUTION=0 -DENABLE_QUERY_SPLIT=0 -DENABLE_SPECIFY_EST_STAT=0 -I/home/pei/Project/duckdb-polr/src/include -I/home/pei/Project/duckdb-polr/third_party/fsst -I/home/pei/Project/duckdb-polr/third_party/fmt/include -I/home/pei/Project/duckdb-polr/third_party/hyperloglog -I/home/pei/Project/duckdb-polr/third_party/fastpforlib -I/home/pei/Project/duckdb-polr/third_party/fast_float -I/home/pei/Project/duckdb-polr/third_party/re2 -I/home/pei/Project/duckdb-polr/third_party/miniz -I/home/pei/Project/duckdb-polr/third_party/utf8proc/include -I/home/pei/Project/duckdb-polr/third_party/miniparquet -I/home/pei/Project/duckdb-polr/third_party/concurrentqueue -I/home/pei/Project/duckdb-polr/third_party/pcg -I/home/pei/Project/duckdb-polr/third_party/tdigest -I/home/pei/Project/duckdb-polr/third_party/mbedtls/include -I/home/pei/Project/duckdb-polr/third_party/jaro_winkler -O3 -DNDEBUG -O3 -DNDEBUG   -fPIC -fdiagnostics-color=always -std=c++11 -MD -MT src/optimizer/join_order/CMakeFiles/duckdb_optimizer_join_order.dir/ub_duckdb_optimizer_join_order.cpp.o -MF src/optimizer/join_order/CMakeFiles/duckdb_optimizer_join_order.dir/ub_duckdb_optimizer_join_order.cpp.o.d -o src/optimizer/join_order/CMakeFiles/duckdb_optimizer_join_order.dir/ub_duckdb_optimizer_join_order.cpp.o -c /home/pei/Project/duckdb-polr/build/release/src/optimizer/join_order/ub_duckdb_optimizer_join_order.cpp
[9/376] /usr/bin/ccache /usr/lib/ccache/c++ -DDUCKDB -DDUCKDB_BUILD_LIBRARY -DDUCKDB_MAIN_LIBRARY -DENABLE_CROSS_PRODUCT_REWRITE=0 -DENABLE_DEBUG_PRINT=0 -DENABLE_MEASURE_EXE_TIME=0 -DENABLE_MERGE_BACK_PLAN=0 -DENABLE_PARALLEL_EXECUTION=0 -DENABLE_QUERY_SPLIT=0 -DENABLE_SPECIFY_EST_STAT=0 -I/home/pei/Project/duckdb-polr/src/include -I/home/pei/Project/duckdb-polr/third_party/fsst -I/home/pei/Project/duckdb-polr/third_party/fmt/include -I/home/pei/Project/duckdb-polr/third_party/hyperloglog -I/home/pei/Project/duckdb-polr/third_party/fastpforlib -I/home/pei/Project/duckdb-polr/third_party/fast_float -I/home/pei/Project/duckdb-polr/third_party/re2 -I/home/pei/Project/duckdb-polr/third_party/miniz -I/home/pei/Project/duckdb-polr/third_party/utf8proc/include -I/home/pei/Project/duckdb-polr/third_party/miniparquet -I/home/pei/Project/duckdb-polr/third_party/concurrentqueue -I/home/pei/Project/duckdb-polr/third_party/pcg -I/home/pei/Project/duckdb-polr/third_party/tdigest -I/home/pei/Project/duckdb-polr/third_party/mbedtls/include -I/home/pei/Project/duckdb-polr/third_party/jaro_winkler -O3 -DNDEBUG -O3 -DNDEBUG   -fPIC -fdiagnostics-color=always -std=c++11 -MD -MT src/optimizer/query_split/CMakeFiles/duckdb_optimizer_query_split.dir/ub_duckdb_optimizer_query_split.cpp.o -MF src/optimizer/query_split/CMakeFiles/duckdb_optimizer_query_split.dir/ub_duckdb_optimizer_query_split.cpp.o.d -o src/optimizer/query_split/CMakeFiles/duckdb_optimizer_query_split.dir/ub_duckdb_optimizer_query_split.cpp.o -c /home/pei/Project/duckdb-polr/build/release/src/optimizer/query_split/ub_duckdb_optimizer_query_split.cpp
In file included from /home/pei/Project/duckdb-polr/build/release/src/optimizer/query_split/ub_duckdb_optimizer_query_split.cpp:4:
/home/pei/Project/duckdb-polr/src/optimizer/query_split/foreign_key_center.cpp: In lambda function:
/home/pei/Project/duckdb-polr/src/optimizer/query_split/foreign_key_center.cpp:205:61: warning: init-statement in selection statements only available with ‘-std=c++17’ or ‘-std=gnu++17’ [-Wc++17-extensions]
  205 |                                                         if (auto find_left = std::find_if(
      |                                                             ^~~~
In file included from /home/pei/Project/duckdb-polr/build/release/src/optimizer/query_split/ub_duckdb_optimizer_query_split.cpp:3:
/home/pei/Project/duckdb-polr/src/optimizer/query_split/query_split_util.cpp: In function ‘duckdb::ColumnBinding& duckdb::GetRefColumnBinding(std::unique_ptr<Expression>&)’:
/home/pei/Project/duckdb-polr/src/optimizer/query_split/query_split_util.cpp:152:88: warning: control reaches end of non-void function [-Wreturn-type]
  152 |                 Printer::Print("Doesn't support " + ExpressionTypeToString(expr->type) + " in GetColumnBinding yet!");
      |                                ~~~~~~~~~~~~~~~~~~~~~~~~~~~~~~~~~~~~~~~~~~~~~~~~~~~~~~~~^~~~~~~~~~~~~~~~~~~~~~~~~~~~~
[10/376] /usr/bin/ccache /usr/lib/ccache/c++ -DDUCKDB -DDUCKDB_BUILD_LIBRARY -DDUCKDB_MAIN_LIBRARY -DENABLE_CROSS_PRODUCT_REWRITE=0 -DENABLE_DEBUG_PRINT=0 -DENABLE_MEASURE_EXE_TIME=0 -DENABLE_MERGE_BACK_PLAN=0 -DENABLE_PARALLEL_EXECUTION=0 -DENABLE_QUERY_SPLIT=0 -DENABLE_SPECIFY_EST_STAT=0 -I/home/pei/Project/duckdb-polr/src/include -I/home/pei/Project/duckdb-polr/third_party/fsst -I/home/pei/Project/duckdb-polr/third_party/fmt/include -I/home/pei/Project/duckdb-polr/third_party/hyperloglog -I/home/pei/Project/duckdb-polr/third_party/fastpforlib -I/home/pei/Project/duckdb-polr/third_party/fast_float -I/home/pei/Project/duckdb-polr/third_party/re2 -I/home/pei/Project/duckdb-polr/third_party/miniz -I/home/pei/Project/duckdb-polr/third_party/utf8proc/include -I/home/pei/Project/duckdb-polr/third_party/miniparquet -I/home/pei/Project/duckdb-polr/third_party/concurrentqueue -I/home/pei/Project/duckdb-polr/third_party/pcg -I/home/pei/Project/duckdb-polr/third_party/tdigest -I/home/pei/Project/duckdb-polr/third_party/mbedtls/include -I/home/pei/Project/duckdb-polr/third_party/jaro_winkler -O3 -DNDEBUG -O3 -DNDEBUG   -fPIC -fdiagnostics-color=always -std=c++11 -MD -MT src/planner/CMakeFiles/duckdb_planner.dir/ub_duckdb_planner.cpp.o -MF src/planner/CMakeFiles/duckdb_planner.dir/ub_duckdb_planner.cpp.o.d -o src/planner/CMakeFiles/duckdb_planner.dir/ub_duckdb_planner.cpp.o -c /home/pei/Project/duckdb-polr/build/release/src/planner/ub_duckdb_planner.cpp
[11/376] /usr/bin/ccache /usr/lib/ccache/c++ -DDUCKDB -DDUCKDB_BUILD_LIBRARY -DDUCKDB_MAIN_LIBRARY -DENABLE_CROSS_PRODUCT_REWRITE=0 -DENABLE_DEBUG_PRINT=0 -DENABLE_MEASURE_EXE_TIME=0 -DENABLE_MERGE_BACK_PLAN=0 -DENABLE_PARALLEL_EXECUTION=0 -DENABLE_QUERY_SPLIT=0 -DENABLE_SPECIFY_EST_STAT=0 -I/home/pei/Project/duckdb-polr/src/include -I/home/pei/Project/duckdb-polr/third_party/fsst -I/home/pei/Project/duckdb-polr/third_party/fmt/include -I/home/pei/Project/duckdb-polr/third_party/hyperloglog -I/home/pei/Project/duckdb-polr/third_party/fastpforlib -I/home/pei/Project/duckdb-polr/third_party/fast_float -I/home/pei/Project/duckdb-polr/third_party/re2 -I/home/pei/Project/duckdb-polr/third_party/miniz -I/home/pei/Project/duckdb-polr/third_party/utf8proc/include -I/home/pei/Project/duckdb-polr/third_party/miniparquet -I/home/pei/Project/duckdb-polr/third_party/concurrentqueue -I/home/pei/Project/duckdb-polr/third_party/pcg -I/home/pei/Project/duckdb-polr/third_party/tdigest -I/home/pei/Project/duckdb-polr/third_party/mbedtls/include -I/home/pei/Project/duckdb-polr/third_party/jaro_winkler -O3 -DNDEBUG -O3 -DNDEBUG   -fPIC -fdiagnostics-color=always -std=c++11 -MD -MT src/planner/expression/CMakeFiles/duckdb_planner_expression.dir/ub_duckdb_planner_expression.cpp.o -MF src/planner/expression/CMakeFiles/duckdb_planner_expression.dir/ub_duckdb_planner_expression.cpp.o.d -o src/planner/expression/CMakeFiles/duckdb_planner_expression.dir/ub_duckdb_planner_expression.cpp.o -c /home/pei/Project/duckdb-polr/build/release/src/planner/expression/ub_duckdb_planner_expression.cpp
[12/376] /usr/bin/ccache /usr/lib/ccache/c++ -DDUCKDB -DDUCKDB_BUILD_LIBRARY -DDUCKDB_MAIN_LIBRARY -DENABLE_CROSS_PRODUCT_REWRITE=0 -DENABLE_DEBUG_PRINT=0 -DENABLE_MEASURE_EXE_TIME=0 -DENABLE_MERGE_BACK_PLAN=0 -DENABLE_PARALLEL_EXECUTION=0 -DENABLE_QUERY_SPLIT=0 -DENABLE_SPECIFY_EST_STAT=0 -I/home/pei/Project/duckdb-polr/src/include -I/home/pei/Project/duckdb-polr/third_party/fsst -I/home/pei/Project/duckdb-polr/third_party/fmt/include -I/home/pei/Project/duckdb-polr/third_party/hyperloglog -I/home/pei/Project/duckdb-polr/third_party/fastpforlib -I/home/pei/Project/duckdb-polr/third_party/fast_float -I/home/pei/Project/duckdb-polr/third_party/re2 -I/home/pei/Project/duckdb-polr/third_party/miniz -I/home/pei/Project/duckdb-polr/third_party/utf8proc/include -I/home/pei/Project/duckdb-polr/third_party/miniparquet -I/home/pei/Project/duckdb-polr/third_party/concurrentqueue -I/home/pei/Project/duckdb-polr/third_party/pcg -I/home/pei/Project/duckdb-polr/third_party/tdigest -I/home/pei/Project/duckdb-polr/third_party/mbedtls/include -I/home/pei/Project/duckdb-polr/third_party/jaro_winkler -O3 -DNDEBUG -O3 -DNDEBUG   -fPIC -fdiagnostics-color=always -std=c++11 -MD -MT src/planner/binder/query_node/CMakeFiles/duckdb_bind_query_node.dir/ub_duckdb_bind_query_node.cpp.o -MF src/planner/binder/query_node/CMakeFiles/duckdb_bind_query_node.dir/ub_duckdb_bind_query_node.cpp.o.d -o src/planner/binder/query_node/CMakeFiles/duckdb_bind_query_node.dir/ub_duckdb_bind_query_node.cpp.o -c /home/pei/Project/duckdb-polr/build/release/src/planner/binder/query_node/ub_duckdb_bind_query_node.cpp
[13/376] /usr/bin/ccache /usr/lib/ccache/c++ -DDUCKDB -DDUCKDB_BUILD_LIBRARY -DDUCKDB_MAIN_LIBRARY -DENABLE_CROSS_PRODUCT_REWRITE=0 -DENABLE_DEBUG_PRINT=0 -DENABLE_MEASURE_EXE_TIME=0 -DENABLE_MERGE_BACK_PLAN=0 -DENABLE_PARALLEL_EXECUTION=0 -DENABLE_QUERY_SPLIT=0 -DENABLE_SPECIFY_EST_STAT=0 -I/home/pei/Project/duckdb-polr/src/include -I/home/pei/Project/duckdb-polr/third_party/fsst -I/home/pei/Project/duckdb-polr/third_party/fmt/include -I/home/pei/Project/duckdb-polr/third_party/hyperloglog -I/home/pei/Project/duckdb-polr/third_party/fastpforlib -I/home/pei/Project/duckdb-polr/third_party/fast_float -I/home/pei/Project/duckdb-polr/third_party/re2 -I/home/pei/Project/duckdb-polr/third_party/miniz -I/home/pei/Project/duckdb-polr/third_party/utf8proc/include -I/home/pei/Project/duckdb-polr/third_party/miniparquet -I/home/pei/Project/duckdb-polr/third_party/concurrentqueue -I/home/pei/Project/duckdb-polr/third_party/pcg -I/home/pei/Project/duckdb-polr/third_party/tdigest -I/home/pei/Project/duckdb-polr/third_party/mbedtls/include -I/home/pei/Project/duckdb-polr/third_party/jaro_winkler -O3 -DNDEBUG -O3 -DNDEBUG   -fPIC -fdiagnostics-color=always -std=c++11 -MD -MT src/planner/filter/CMakeFiles/duckdb_planner_filter.dir/ub_duckdb_planner_filter.cpp.o -MF src/planner/filter/CMakeFiles/duckdb_planner_filter.dir/ub_duckdb_planner_filter.cpp.o.d -o src/planner/filter/CMakeFiles/duckdb_planner_filter.dir/ub_duckdb_planner_filter.cpp.o -c /home/pei/Project/duckdb-polr/build/release/src/planner/filter/ub_duckdb_planner_filter.cpp
[14/376] /usr/bin/ccache /usr/lib/ccache/c++ -DDUCKDB -DDUCKDB_BUILD_LIBRARY -DDUCKDB_MAIN_LIBRARY -DENABLE_CROSS_PRODUCT_REWRITE=0 -DENABLE_DEBUG_PRINT=0 -DENABLE_MEASURE_EXE_TIME=0 -DENABLE_MERGE_BACK_PLAN=0 -DENABLE_PARALLEL_EXECUTION=0 -DENABLE_QUERY_SPLIT=0 -DENABLE_SPECIFY_EST_STAT=0 -I/home/pei/Project/duckdb-polr/src/include -I/home/pei/Project/duckdb-polr/third_party/fsst -I/home/pei/Project/duckdb-polr/third_party/fmt/include -I/home/pei/Project/duckdb-polr/third_party/hyperloglog -I/home/pei/Project/duckdb-polr/third_party/fastpforlib -I/home/pei/Project/duckdb-polr/third_party/fast_float -I/home/pei/Project/duckdb-polr/third_party/re2 -I/home/pei/Project/duckdb-polr/third_party/miniz -I/home/pei/Project/duckdb-polr/third_party/utf8proc/include -I/home/pei/Project/duckdb-polr/third_party/miniparquet -I/home/pei/Project/duckdb-polr/third_party/concurrentqueue -I/home/pei/Project/duckdb-polr/third_party/pcg -I/home/pei/Project/duckdb-polr/third_party/tdigest -I/home/pei/Project/duckdb-polr/third_party/mbedtls/include -I/home/pei/Project/duckdb-polr/third_party/jaro_winkler -O3 -DNDEBUG -O3 -DNDEBUG   -fPIC -fdiagnostics-color=always -std=c++11 -MD -MT src/planner/binder/expression/CMakeFiles/duckdb_bind_expression.dir/ub_duckdb_bind_expression.cpp.o -MF src/planner/binder/expression/CMakeFiles/duckdb_bind_expression.dir/ub_duckdb_bind_expression.cpp.o.d -o src/planner/binder/expression/CMakeFiles/duckdb_bind_expression.dir/ub_duckdb_bind_expression.cpp.o -c /home/pei/Project/duckdb-polr/build/release/src/planner/binder/expression/ub_duckdb_bind_expression.cpp
[15/376] /usr/bin/ccache /usr/lib/ccache/c++ -DDUCKDB -DDUCKDB_BUILD_LIBRARY -DDUCKDB_MAIN_LIBRARY -DENABLE_CROSS_PRODUCT_REWRITE=0 -DENABLE_DEBUG_PRINT=0 -DENABLE_MEASURE_EXE_TIME=0 -DENABLE_MERGE_BACK_PLAN=0 -DENABLE_PARALLEL_EXECUTION=0 -DENABLE_QUERY_SPLIT=0 -DENABLE_SPECIFY_EST_STAT=0 -I/home/pei/Project/duckdb-polr/src/include -I/home/pei/Project/duckdb-polr/third_party/fsst -I/home/pei/Project/duckdb-polr/third_party/fmt/include -I/home/pei/Project/duckdb-polr/third_party/hyperloglog -I/home/pei/Project/duckdb-polr/third_party/fastpforlib -I/home/pei/Project/duckdb-polr/third_party/fast_float -I/home/pei/Project/duckdb-polr/third_party/re2 -I/home/pei/Project/duckdb-polr/third_party/miniz -I/home/pei/Project/duckdb-polr/third_party/utf8proc/include -I/home/pei/Project/duckdb-polr/third_party/miniparquet -I/home/pei/Project/duckdb-polr/third_party/concurrentqueue -I/home/pei/Project/duckdb-polr/third_party/pcg -I/home/pei/Project/duckdb-polr/third_party/tdigest -I/home/pei/Project/duckdb-polr/third_party/mbedtls/include -I/home/pei/Project/duckdb-polr/third_party/jaro_winkler -O3 -DNDEBUG -O3 -DNDEBUG   -fPIC -fdiagnostics-color=always -std=c++11 -MD -MT src/planner/binder/tableref/CMakeFiles/duckdb_bind_tableref.dir/ub_duckdb_bind_tableref.cpp.o -MF src/planner/binder/tableref/CMakeFiles/duckdb_bind_tableref.dir/ub_duckdb_bind_tableref.cpp.o.d -o src/planner/binder/tableref/CMakeFiles/duckdb_bind_tableref.dir/ub_duckdb_bind_tableref.cpp.o -c /home/pei/Project/duckdb-polr/build/release/src/planner/binder/tableref/ub_duckdb_bind_tableref.cpp
[16/376] /usr/bin/ccache /usr/lib/ccache/c++ -DDUCKDB -DDUCKDB_BUILD_LIBRARY -DDUCKDB_MAIN_LIBRARY -DENABLE_CROSS_PRODUCT_REWRITE=0 -DENABLE_DEBUG_PRINT=0 -DENABLE_MEASURE_EXE_TIME=0 -DENABLE_MERGE_BACK_PLAN=0 -DENABLE_PARALLEL_EXECUTION=0 -DENABLE_QUERY_SPLIT=0 -DENABLE_SPECIFY_EST_STAT=0 -I/home/pei/Project/duckdb-polr/src/include -I/home/pei/Project/duckdb-polr/third_party/fsst -I/home/pei/Project/duckdb-polr/third_party/fmt/include -I/home/pei/Project/duckdb-polr/third_party/hyperloglog -I/home/pei/Project/duckdb-polr/third_party/fastpforlib -I/home/pei/Project/duckdb-polr/third_party/fast_float -I/home/pei/Project/duckdb-polr/third_party/re2 -I/home/pei/Project/duckdb-polr/third_party/miniz -I/home/pei/Project/duckdb-polr/third_party/utf8proc/include -I/home/pei/Project/duckdb-polr/third_party/miniparquet -I/home/pei/Project/duckdb-polr/third_party/concurrentqueue -I/home/pei/Project/duckdb-polr/third_party/pcg -I/home/pei/Project/duckdb-polr/third_party/tdigest -I/home/pei/Project/duckdb-polr/third_party/mbedtls/include -I/home/pei/Project/duckdb-polr/third_party/jaro_winkler -O3 -DNDEBUG -O3 -DNDEBUG   -fPIC -fdiagnostics-color=always -std=c++11 -MD -MT src/planner/expression_binder/CMakeFiles/duckdb_expression_binders.dir/ub_duckdb_expression_binders.cpp.o -MF src/planner/expression_binder/CMakeFiles/duckdb_expression_binders.dir/ub_duckdb_expression_binders.cpp.o.d -o src/planner/expression_binder/CMakeFiles/duckdb_expression_binders.dir/ub_duckdb_expression_binders.cpp.o -c /home/pei/Project/duckdb-polr/build/release/src/planner/expression_binder/ub_duckdb_expression_binders.cpp
[17/376] /usr/bin/ccache /usr/lib/ccache/c++ -DDUCKDB -DDUCKDB_BUILD_LIBRARY -DDUCKDB_MAIN_LIBRARY -DENABLE_CROSS_PRODUCT_REWRITE=0 -DENABLE_DEBUG_PRINT=0 -DENABLE_MEASURE_EXE_TIME=0 -DENABLE_MERGE_BACK_PLAN=0 -DENABLE_PARALLEL_EXECUTION=0 -DENABLE_QUERY_SPLIT=0 -DENABLE_SPECIFY_EST_STAT=0 -I/home/pei/Project/duckdb-polr/src/include -I/home/pei/Project/duckdb-polr/third_party/fsst -I/home/pei/Project/duckdb-polr/third_party/fmt/include -I/home/pei/Project/duckdb-polr/third_party/hyperloglog -I/home/pei/Project/duckdb-polr/third_party/fastpforlib -I/home/pei/Project/duckdb-polr/third_party/fast_float -I/home/pei/Project/duckdb-polr/third_party/re2 -I/home/pei/Project/duckdb-polr/third_party/miniz -I/home/pei/Project/duckdb-polr/third_party/utf8proc/include -I/home/pei/Project/duckdb-polr/third_party/miniparquet -I/home/pei/Project/duckdb-polr/third_party/concurrentqueue -I/home/pei/Project/duckdb-polr/third_party/pcg -I/home/pei/Project/duckdb-polr/third_party/tdigest -I/home/pei/Project/duckdb-polr/third_party/mbedtls/include -I/home/pei/Project/duckdb-polr/third_party/jaro_winkler -O3 -DNDEBUG -O3 -DNDEBUG   -fPIC -fdiagnostics-color=always -std=c++11 -MD -MT src/planner/parsed_data/CMakeFiles/duckdb_planner_parsed_data.dir/ub_duckdb_planner_parsed_data.cpp.o -MF src/planner/parsed_data/CMakeFiles/duckdb_planner_parsed_data.dir/ub_duckdb_planner_parsed_data.cpp.o.d -o src/planner/parsed_data/CMakeFiles/duckdb_planner_parsed_data.dir/ub_duckdb_planner_parsed_data.cpp.o -c /home/pei/Project/duckdb-polr/build/release/src/planner/parsed_data/ub_duckdb_planner_parsed_data.cpp
[18/376] /usr/bin/ccache /usr/lib/ccache/c++ -DDUCKDB -DDUCKDB_BUILD_LIBRARY -DDUCKDB_MAIN_LIBRARY -DENABLE_CROSS_PRODUCT_REWRITE=0 -DENABLE_DEBUG_PRINT=0 -DENABLE_MEASURE_EXE_TIME=0 -DENABLE_MERGE_BACK_PLAN=0 -DENABLE_PARALLEL_EXECUTION=0 -DENABLE_QUERY_SPLIT=0 -DENABLE_SPECIFY_EST_STAT=0 -I/home/pei/Project/duckdb-polr/src/include -I/home/pei/Project/duckdb-polr/third_party/fsst -I/home/pei/Project/duckdb-polr/third_party/fmt/include -I/home/pei/Project/duckdb-polr/third_party/hyperloglog -I/home/pei/Project/duckdb-polr/third_party/fastpforlib -I/home/pei/Project/duckdb-polr/third_party/fast_float -I/home/pei/Project/duckdb-polr/third_party/re2 -I/home/pei/Project/duckdb-polr/third_party/miniz -I/home/pei/Project/duckdb-polr/third_party/utf8proc/include -I/home/pei/Project/duckdb-polr/third_party/miniparquet -I/home/pei/Project/duckdb-polr/third_party/concurrentqueue -I/home/pei/Project/duckdb-polr/third_party/pcg -I/home/pei/Project/duckdb-polr/third_party/tdigest -I/home/pei/Project/duckdb-polr/third_party/mbedtls/include -I/home/pei/Project/duckdb-polr/third_party/jaro_winkler -I/home/pei/Project/duckdb-polr/src/parser/../../third_party/libpg_query/include -I/home/pei/Project/duckdb-polr/src/parser/../../third_party/libpg_query -O3 -DNDEBUG -O3 -DNDEBUG   -fPIC -fdiagnostics-color=always -std=c++11 -MD -MT src/parser/constraints/CMakeFiles/duckdb_constraints.dir/ub_duckdb_constraints.cpp.o -MF src/parser/constraints/CMakeFiles/duckdb_constraints.dir/ub_duckdb_constraints.cpp.o.d -o src/parser/constraints/CMakeFiles/duckdb_constraints.dir/ub_duckdb_constraints.cpp.o -c /home/pei/Project/duckdb-polr/build/release/src/parser/constraints/ub_duckdb_constraints.cpp
[19/376] /usr/bin/ccache /usr/lib/ccache/c++ -DDUCKDB -DDUCKDB_BUILD_LIBRARY -DDUCKDB_MAIN_LIBRARY -DENABLE_CROSS_PRODUCT_REWRITE=0 -DENABLE_DEBUG_PRINT=0 -DENABLE_MEASURE_EXE_TIME=0 -DENABLE_MERGE_BACK_PLAN=0 -DENABLE_PARALLEL_EXECUTION=0 -DENABLE_QUERY_SPLIT=0 -DENABLE_SPECIFY_EST_STAT=0 -I/home/pei/Project/duckdb-polr/src/include -I/home/pei/Project/duckdb-polr/third_party/fsst -I/home/pei/Project/duckdb-polr/third_party/fmt/include -I/home/pei/Project/duckdb-polr/third_party/hyperloglog -I/home/pei/Project/duckdb-polr/third_party/fastpforlib -I/home/pei/Project/duckdb-polr/third_party/fast_float -I/home/pei/Project/duckdb-polr/third_party/re2 -I/home/pei/Project/duckdb-polr/third_party/miniz -I/home/pei/Project/duckdb-polr/third_party/utf8proc/include -I/home/pei/Project/duckdb-polr/third_party/miniparquet -I/home/pei/Project/duckdb-polr/third_party/concurrentqueue -I/home/pei/Project/duckdb-polr/third_party/pcg -I/home/pei/Project/duckdb-polr/third_party/tdigest -I/home/pei/Project/duckdb-polr/third_party/mbedtls/include -I/home/pei/Project/duckdb-polr/third_party/jaro_winkler -O3 -DNDEBUG -O3 -DNDEBUG   -fPIC -fdiagnostics-color=always -std=c++11 -MD -MT src/planner/binder/statement/CMakeFiles/duckdb_bind_statement.dir/ub_duckdb_bind_statement.cpp.o -MF src/planner/binder/statement/CMakeFiles/duckdb_bind_statement.dir/ub_duckdb_bind_statement.cpp.o.d -o src/planner/binder/statement/CMakeFiles/duckdb_bind_statement.dir/ub_duckdb_bind_statement.cpp.o -c /home/pei/Project/duckdb-polr/build/release/src/planner/binder/statement/ub_duckdb_bind_statement.cpp
[20/376] /usr/bin/ccache /usr/lib/ccache/c++ -DDUCKDB -DDUCKDB_BUILD_LIBRARY -DDUCKDB_MAIN_LIBRARY -DENABLE_CROSS_PRODUCT_REWRITE=0 -DENABLE_DEBUG_PRINT=0 -DENABLE_MEASURE_EXE_TIME=0 -DENABLE_MERGE_BACK_PLAN=0 -DENABLE_PARALLEL_EXECUTION=0 -DENABLE_QUERY_SPLIT=0 -DENABLE_SPECIFY_EST_STAT=0 -I/home/pei/Project/duckdb-polr/src/include -I/home/pei/Project/duckdb-polr/third_party/fsst -I/home/pei/Project/duckdb-polr/third_party/fmt/include -I/home/pei/Project/duckdb-polr/third_party/hyperloglog -I/home/pei/Project/duckdb-polr/third_party/fastpforlib -I/home/pei/Project/duckdb-polr/third_party/fast_float -I/home/pei/Project/duckdb-polr/third_party/re2 -I/home/pei/Project/duckdb-polr/third_party/miniz -I/home/pei/Project/duckdb-polr/third_party/utf8proc/include -I/home/pei/Project/duckdb-polr/third_party/miniparquet -I/home/pei/Project/duckdb-polr/third_party/concurrentqueue -I/home/pei/Project/duckdb-polr/third_party/pcg -I/home/pei/Project/duckdb-polr/third_party/tdigest -I/home/pei/Project/duckdb-polr/third_party/mbedtls/include -I/home/pei/Project/duckdb-polr/third_party/jaro_winkler -I/home/pei/Project/duckdb-polr/src/parser/../../third_party/libpg_query/include -I/home/pei/Project/duckdb-polr/src/parser/../../third_party/libpg_query -O3 -DNDEBUG -O3 -DNDEBUG   -fPIC -fdiagnostics-color=always -std=c++11 -MD -MT src/parser/expression/CMakeFiles/duckdb_expression.dir/ub_duckdb_expression.cpp.o -MF src/parser/expression/CMakeFiles/duckdb_expression.dir/ub_duckdb_expression.cpp.o.d -o src/parser/expression/CMakeFiles/duckdb_expression.dir/ub_duckdb_expression.cpp.o -c /home/pei/Project/duckdb-polr/build/release/src/parser/expression/ub_duckdb_expression.cpp
[21/376] /usr/bin/ccache /usr/lib/ccache/c++ -DDUCKDB -DDUCKDB_BUILD_LIBRARY -DDUCKDB_MAIN_LIBRARY -DENABLE_CROSS_PRODUCT_REWRITE=0 -DENABLE_DEBUG_PRINT=0 -DENABLE_MEASURE_EXE_TIME=0 -DENABLE_MERGE_BACK_PLAN=0 -DENABLE_PARALLEL_EXECUTION=0 -DENABLE_QUERY_SPLIT=0 -DENABLE_SPECIFY_EST_STAT=0 -I/home/pei/Project/duckdb-polr/src/include -I/home/pei/Project/duckdb-polr/third_party/fsst -I/home/pei/Project/duckdb-polr/third_party/fmt/include -I/home/pei/Project/duckdb-polr/third_party/hyperloglog -I/home/pei/Project/duckdb-polr/third_party/fastpforlib -I/home/pei/Project/duckdb-polr/third_party/fast_float -I/home/pei/Project/duckdb-polr/third_party/re2 -I/home/pei/Project/duckdb-polr/third_party/miniz -I/home/pei/Project/duckdb-polr/third_party/utf8proc/include -I/home/pei/Project/duckdb-polr/third_party/miniparquet -I/home/pei/Project/duckdb-polr/third_party/concurrentqueue -I/home/pei/Project/duckdb-polr/third_party/pcg -I/home/pei/Project/duckdb-polr/third_party/tdigest -I/home/pei/Project/duckdb-polr/third_party/mbedtls/include -I/home/pei/Project/duckdb-polr/third_party/jaro_winkler -O3 -DNDEBUG -O3 -DNDEBUG   -fPIC -fdiagnostics-color=always -std=c++11 -MD -MT src/planner/operator/CMakeFiles/duckdb_planner_operator.dir/ub_duckdb_planner_operator.cpp.o -MF src/planner/operator/CMakeFiles/duckdb_planner_operator.dir/ub_duckdb_planner_operator.cpp.o.d -o src/planner/operator/CMakeFiles/duckdb_planner_operator.dir/ub_duckdb_planner_operator.cpp.o -c /home/pei/Project/duckdb-polr/build/release/src/planner/operator/ub_duckdb_planner_operator.cpp
[22/376] /usr/bin/ccache /usr/lib/ccache/c++ -DDUCKDB -DDUCKDB_BUILD_LIBRARY -DDUCKDB_MAIN_LIBRARY -DENABLE_CROSS_PRODUCT_REWRITE=0 -DENABLE_DEBUG_PRINT=0 -DENABLE_MEASURE_EXE_TIME=0 -DENABLE_MERGE_BACK_PLAN=0 -DENABLE_PARALLEL_EXECUTION=0 -DENABLE_QUERY_SPLIT=0 -DENABLE_SPECIFY_EST_STAT=0 -I/home/pei/Project/duckdb-polr/src/include -I/home/pei/Project/duckdb-polr/third_party/fsst -I/home/pei/Project/duckdb-polr/third_party/fmt/include -I/home/pei/Project/duckdb-polr/third_party/hyperloglog -I/home/pei/Project/duckdb-polr/third_party/fastpforlib -I/home/pei/Project/duckdb-polr/third_party/fast_float -I/home/pei/Project/duckdb-polr/third_party/re2 -I/home/pei/Project/duckdb-polr/third_party/miniz -I/home/pei/Project/duckdb-polr/third_party/utf8proc/include -I/home/pei/Project/duckdb-polr/third_party/miniparquet -I/home/pei/Project/duckdb-polr/third_party/concurrentqueue -I/home/pei/Project/duckdb-polr/third_party/pcg -I/home/pei/Project/duckdb-polr/third_party/tdigest -I/home/pei/Project/duckdb-polr/third_party/mbedtls/include -I/home/pei/Project/duckdb-polr/third_party/jaro_winkler -O3 -DNDEBUG -O3 -DNDEBUG   -fPIC -fdiagnostics-color=always -std=c++11 -MD -MT src/planner/subquery/CMakeFiles/duckdb_planner_subquery.dir/ub_duckdb_planner_subquery.cpp.o -MF src/planner/subquery/CMakeFiles/duckdb_planner_subquery.dir/ub_duckdb_planner_subquery.cpp.o.d -o src/planner/subquery/CMakeFiles/duckdb_planner_subquery.dir/ub_duckdb_planner_subquery.cpp.o -c /home/pei/Project/duckdb-polr/build/release/src/planner/subquery/ub_duckdb_planner_subquery.cpp
[23/376] /usr/bin/ccache /usr/lib/ccache/c++ -DDUCKDB -DDUCKDB_BUILD_LIBRARY -DDUCKDB_MAIN_LIBRARY -DENABLE_CROSS_PRODUCT_REWRITE=0 -DENABLE_DEBUG_PRINT=0 -DENABLE_MEASURE_EXE_TIME=0 -DENABLE_MERGE_BACK_PLAN=0 -DENABLE_PARALLEL_EXECUTION=0 -DENABLE_QUERY_SPLIT=0 -DENABLE_SPECIFY_EST_STAT=0 -I/home/pei/Project/duckdb-polr/src/include -I/home/pei/Project/duckdb-polr/third_party/fsst -I/home/pei/Project/duckdb-polr/third_party/fmt/include -I/home/pei/Project/duckdb-polr/third_party/hyperloglog -I/home/pei/Project/duckdb-polr/third_party/fastpforlib -I/home/pei/Project/duckdb-polr/third_party/fast_float -I/home/pei/Project/duckdb-polr/third_party/re2 -I/home/pei/Project/duckdb-polr/third_party/miniz -I/home/pei/Project/duckdb-polr/third_party/utf8proc/include -I/home/pei/Project/duckdb-polr/third_party/miniparquet -I/home/pei/Project/duckdb-polr/third_party/concurrentqueue -I/home/pei/Project/duckdb-polr/third_party/pcg -I/home/pei/Project/duckdb-polr/third_party/tdigest -I/home/pei/Project/duckdb-polr/third_party/mbedtls/include -I/home/pei/Project/duckdb-polr/third_party/jaro_winkler -I/home/pei/Project/duckdb-polr/src/parser/../../third_party/libpg_query/include -I/home/pei/Project/duckdb-polr/src/parser/../../third_party/libpg_query -O3 -DNDEBUG -O3 -DNDEBUG   -fPIC -fdiagnostics-color=always -std=c++11 -MD -MT src/parser/CMakeFiles/duckdb_parser.dir/ub_duckdb_parser.cpp.o -MF src/parser/CMakeFiles/duckdb_parser.dir/ub_duckdb_parser.cpp.o.d -o src/parser/CMakeFiles/duckdb_parser.dir/ub_duckdb_parser.cpp.o -c /home/pei/Project/duckdb-polr/build/release/src/parser/ub_duckdb_parser.cpp
[24/376] /usr/bin/ccache /usr/lib/ccache/c++ -DDUCKDB -DDUCKDB_BUILD_LIBRARY -DDUCKDB_MAIN_LIBRARY -DENABLE_CROSS_PRODUCT_REWRITE=0 -DENABLE_DEBUG_PRINT=0 -DENABLE_MEASURE_EXE_TIME=0 -DENABLE_MERGE_BACK_PLAN=0 -DENABLE_PARALLEL_EXECUTION=0 -DENABLE_QUERY_SPLIT=0 -DENABLE_SPECIFY_EST_STAT=0 -I/home/pei/Project/duckdb-polr/src/include -I/home/pei/Project/duckdb-polr/third_party/fsst -I/home/pei/Project/duckdb-polr/third_party/fmt/include -I/home/pei/Project/duckdb-polr/third_party/hyperloglog -I/home/pei/Project/duckdb-polr/third_party/fastpforlib -I/home/pei/Project/duckdb-polr/third_party/fast_float -I/home/pei/Project/duckdb-polr/third_party/re2 -I/home/pei/Project/duckdb-polr/third_party/miniz -I/home/pei/Project/duckdb-polr/third_party/utf8proc/include -I/home/pei/Project/duckdb-polr/third_party/miniparquet -I/home/pei/Project/duckdb-polr/third_party/concurrentqueue -I/home/pei/Project/duckdb-polr/third_party/pcg -I/home/pei/Project/duckdb-polr/third_party/tdigest -I/home/pei/Project/duckdb-polr/third_party/mbedtls/include -I/home/pei/Project/duckdb-polr/third_party/jaro_winkler -I/home/pei/Project/duckdb-polr/src/parser/../../third_party/libpg_query/include -I/home/pei/Project/duckdb-polr/src/parser/../../third_party/libpg_query -O3 -DNDEBUG -O3 -DNDEBUG   -fPIC -fdiagnostics-color=always -std=c++11 -MD -MT src/parser/query_node/CMakeFiles/duckdb_query_node.dir/ub_duckdb_query_node.cpp.o -MF src/parser/query_node/CMakeFiles/duckdb_query_node.dir/ub_duckdb_query_node.cpp.o.d -o src/parser/query_node/CMakeFiles/duckdb_query_node.dir/ub_duckdb_query_node.cpp.o -c /home/pei/Project/duckdb-polr/build/release/src/parser/query_node/ub_duckdb_query_node.cpp
[25/376] /usr/bin/ccache /usr/lib/ccache/c++ -DDUCKDB -DDUCKDB_BUILD_LIBRARY -DDUCKDB_MAIN_LIBRARY -DENABLE_CROSS_PRODUCT_REWRITE=0 -DENABLE_DEBUG_PRINT=0 -DENABLE_MEASURE_EXE_TIME=0 -DENABLE_MERGE_BACK_PLAN=0 -DENABLE_PARALLEL_EXECUTION=0 -DENABLE_QUERY_SPLIT=0 -DENABLE_SPECIFY_EST_STAT=0 -I/home/pei/Project/duckdb-polr/src/include -I/home/pei/Project/duckdb-polr/third_party/fsst -I/home/pei/Project/duckdb-polr/third_party/fmt/include -I/home/pei/Project/duckdb-polr/third_party/hyperloglog -I/home/pei/Project/duckdb-polr/third_party/fastpforlib -I/home/pei/Project/duckdb-polr/third_party/fast_float -I/home/pei/Project/duckdb-polr/third_party/re2 -I/home/pei/Project/duckdb-polr/third_party/miniz -I/home/pei/Project/duckdb-polr/third_party/utf8proc/include -I/home/pei/Project/duckdb-polr/third_party/miniparquet -I/home/pei/Project/duckdb-polr/third_party/concurrentqueue -I/home/pei/Project/duckdb-polr/third_party/pcg -I/home/pei/Project/duckdb-polr/third_party/tdigest -I/home/pei/Project/duckdb-polr/third_party/mbedtls/include -I/home/pei/Project/duckdb-polr/third_party/jaro_winkler -I/home/pei/Project/duckdb-polr/src/parser/../../third_party/libpg_query/include -I/home/pei/Project/duckdb-polr/src/parser/../../third_party/libpg_query -O3 -DNDEBUG -O3 -DNDEBUG   -fPIC -fdiagnostics-color=always -std=c++11 -MD -MT src/parser/parsed_data/CMakeFiles/duckdb_parsed_data.dir/ub_duckdb_parsed_data.cpp.o -MF src/parser/parsed_data/CMakeFiles/duckdb_parsed_data.dir/ub_duckdb_parsed_data.cpp.o.d -o src/parser/parsed_data/CMakeFiles/duckdb_parsed_data.dir/ub_duckdb_parsed_data.cpp.o -c /home/pei/Project/duckdb-polr/build/release/src/parser/parsed_data/ub_duckdb_parsed_data.cpp
[26/376] /usr/bin/ccache /usr/lib/ccache/c++ -DDUCKDB -DDUCKDB_BUILD_LIBRARY -DDUCKDB_MAIN_LIBRARY -DENABLE_CROSS_PRODUCT_REWRITE=0 -DENABLE_DEBUG_PRINT=0 -DENABLE_MEASURE_EXE_TIME=0 -DENABLE_MERGE_BACK_PLAN=0 -DENABLE_PARALLEL_EXECUTION=0 -DENABLE_QUERY_SPLIT=0 -DENABLE_SPECIFY_EST_STAT=0 -I/home/pei/Project/duckdb-polr/src/include -I/home/pei/Project/duckdb-polr/third_party/fsst -I/home/pei/Project/duckdb-polr/third_party/fmt/include -I/home/pei/Project/duckdb-polr/third_party/hyperloglog -I/home/pei/Project/duckdb-polr/third_party/fastpforlib -I/home/pei/Project/duckdb-polr/third_party/fast_float -I/home/pei/Project/duckdb-polr/third_party/re2 -I/home/pei/Project/duckdb-polr/third_party/miniz -I/home/pei/Project/duckdb-polr/third_party/utf8proc/include -I/home/pei/Project/duckdb-polr/third_party/miniparquet -I/home/pei/Project/duckdb-polr/third_party/concurrentqueue -I/home/pei/Project/duckdb-polr/third_party/pcg -I/home/pei/Project/duckdb-polr/third_party/tdigest -I/home/pei/Project/duckdb-polr/third_party/mbedtls/include -I/home/pei/Project/duckdb-polr/third_party/jaro_winkler -I/home/pei/Project/duckdb-polr/src/parser/../../third_party/libpg_query/include -I/home/pei/Project/duckdb-polr/src/parser/../../third_party/libpg_query -O3 -DNDEBUG -O3 -DNDEBUG   -fPIC -fdiagnostics-color=always -std=c++11 -MD -MT src/parser/tableref/CMakeFiles/duckdb_parser_tableref.dir/ub_duckdb_parser_tableref.cpp.o -MF src/parser/tableref/CMakeFiles/duckdb_parser_tableref.dir/ub_duckdb_parser_tableref.cpp.o.d -o src/parser/tableref/CMakeFiles/duckdb_parser_tableref.dir/ub_duckdb_parser_tableref.cpp.o -c /home/pei/Project/duckdb-polr/build/release/src/parser/tableref/ub_duckdb_parser_tableref.cpp
[27/376] /usr/bin/ccache /usr/lib/ccache/c++ -DDUCKDB -DDUCKDB_BUILD_LIBRARY -DDUCKDB_MAIN_LIBRARY -DENABLE_CROSS_PRODUCT_REWRITE=0 -DENABLE_DEBUG_PRINT=0 -DENABLE_MEASURE_EXE_TIME=0 -DENABLE_MERGE_BACK_PLAN=0 -DENABLE_PARALLEL_EXECUTION=0 -DENABLE_QUERY_SPLIT=0 -DENABLE_SPECIFY_EST_STAT=0 -I/home/pei/Project/duckdb-polr/src/include -I/home/pei/Project/duckdb-polr/third_party/fsst -I/home/pei/Project/duckdb-polr/third_party/fmt/include -I/home/pei/Project/duckdb-polr/third_party/hyperloglog -I/home/pei/Project/duckdb-polr/third_party/fastpforlib -I/home/pei/Project/duckdb-polr/third_party/fast_float -I/home/pei/Project/duckdb-polr/third_party/re2 -I/home/pei/Project/duckdb-polr/third_party/miniz -I/home/pei/Project/duckdb-polr/third_party/utf8proc/include -I/home/pei/Project/duckdb-polr/third_party/miniparquet -I/home/pei/Project/duckdb-polr/third_party/concurrentqueue -I/home/pei/Project/duckdb-polr/third_party/pcg -I/home/pei/Project/duckdb-polr/third_party/tdigest -I/home/pei/Project/duckdb-polr/third_party/mbedtls/include -I/home/pei/Project/duckdb-polr/third_party/jaro_winkler -I/home/pei/Project/duckdb-polr/src/parser/../../third_party/libpg_query/include -I/home/pei/Project/duckdb-polr/src/parser/../../third_party/libpg_query -O3 -DNDEBUG -O3 -DNDEBUG   -fPIC -fdiagnostics-color=always -std=c++11 -MD -MT src/parser/statement/CMakeFiles/duckdb_statement.dir/ub_duckdb_statement.cpp.o -MF src/parser/statement/CMakeFiles/duckdb_statement.dir/ub_duckdb_statement.cpp.o.d -o src/parser/statement/CMakeFiles/duckdb_statement.dir/ub_duckdb_statement.cpp.o -c /home/pei/Project/duckdb-polr/build/release/src/parser/statement/ub_duckdb_statement.cpp
[28/376] /usr/bin/ccache /usr/lib/ccache/c++ -DDUCKDB -DDUCKDB_BUILD_LIBRARY -DDUCKDB_MAIN_LIBRARY -DENABLE_CROSS_PRODUCT_REWRITE=0 -DENABLE_DEBUG_PRINT=0 -DENABLE_MEASURE_EXE_TIME=0 -DENABLE_MERGE_BACK_PLAN=0 -DENABLE_PARALLEL_EXECUTION=0 -DENABLE_QUERY_SPLIT=0 -DENABLE_SPECIFY_EST_STAT=0 -I/home/pei/Project/duckdb-polr/src/include -I/home/pei/Project/duckdb-polr/third_party/fsst -I/home/pei/Project/duckdb-polr/third_party/fmt/include -I/home/pei/Project/duckdb-polr/third_party/hyperloglog -I/home/pei/Project/duckdb-polr/third_party/fastpforlib -I/home/pei/Project/duckdb-polr/third_party/fast_float -I/home/pei/Project/duckdb-polr/third_party/re2 -I/home/pei/Project/duckdb-polr/third_party/miniz -I/home/pei/Project/duckdb-polr/third_party/utf8proc/include -I/home/pei/Project/duckdb-polr/third_party/miniparquet -I/home/pei/Project/duckdb-polr/third_party/concurrentqueue -I/home/pei/Project/duckdb-polr/third_party/pcg -I/home/pei/Project/duckdb-polr/third_party/tdigest -I/home/pei/Project/duckdb-polr/third_party/mbedtls/include -I/home/pei/Project/duckdb-polr/third_party/jaro_winkler -I/home/pei/Project/duckdb-polr/src/parser/../../third_party/libpg_query/include -I/home/pei/Project/duckdb-polr/src/parser/../../third_party/libpg_query -O3 -DNDEBUG -O3 -DNDEBUG   -fPIC -fdiagnostics-color=always -std=c++11 -MD -MT src/parser/transform/constraint/CMakeFiles/duckdb_transformer_constraint.dir/ub_duckdb_transformer_constraint.cpp.o -MF src/parser/transform/constraint/CMakeFiles/duckdb_transformer_constraint.dir/ub_duckdb_transformer_constraint.cpp.o.d -o src/parser/transform/constraint/CMakeFiles/duckdb_transformer_constraint.dir/ub_duckdb_transformer_constraint.cpp.o -c /home/pei/Project/duckdb-polr/build/release/src/parser/transform/constraint/ub_duckdb_transformer_constraint.cpp
[29/376] /usr/bin/ccache /usr/lib/ccache/c++ -DDUCKDB -DDUCKDB_BUILD_LIBRARY -DDUCKDB_MAIN_LIBRARY -DENABLE_CROSS_PRODUCT_REWRITE=0 -DENABLE_DEBUG_PRINT=0 -DENABLE_MEASURE_EXE_TIME=0 -DENABLE_MERGE_BACK_PLAN=0 -DENABLE_PARALLEL_EXECUTION=0 -DENABLE_QUERY_SPLIT=0 -DENABLE_SPECIFY_EST_STAT=0 -I/home/pei/Project/duckdb-polr/src/include -I/home/pei/Project/duckdb-polr/third_party/fsst -I/home/pei/Project/duckdb-polr/third_party/fmt/include -I/home/pei/Project/duckdb-polr/third_party/hyperloglog -I/home/pei/Project/duckdb-polr/third_party/fastpforlib -I/home/pei/Project/duckdb-polr/third_party/fast_float -I/home/pei/Project/duckdb-polr/third_party/re2 -I/home/pei/Project/duckdb-polr/third_party/miniz -I/home/pei/Project/duckdb-polr/third_party/utf8proc/include -I/home/pei/Project/duckdb-polr/third_party/miniparquet -I/home/pei/Project/duckdb-polr/third_party/concurrentqueue -I/home/pei/Project/duckdb-polr/third_party/pcg -I/home/pei/Project/duckdb-polr/third_party/tdigest -I/home/pei/Project/duckdb-polr/third_party/mbedtls/include -I/home/pei/Project/duckdb-polr/third_party/jaro_winkler -I/home/pei/Project/duckdb-polr/src/parser/../../third_party/libpg_query/include -I/home/pei/Project/duckdb-polr/src/parser/../../third_party/libpg_query -O3 -DNDEBUG -O3 -DNDEBUG   -fPIC -fdiagnostics-color=always -std=c++11 -MD -MT src/parser/transform/expression/CMakeFiles/duckdb_transformer_expression.dir/ub_duckdb_transformer_expression.cpp.o -MF src/parser/transform/expression/CMakeFiles/duckdb_transformer_expression.dir/ub_duckdb_transformer_expression.cpp.o.d -o src/parser/transform/expression/CMakeFiles/duckdb_transformer_expression.dir/ub_duckdb_transformer_expression.cpp.o -c /home/pei/Project/duckdb-polr/build/release/src/parser/transform/expression/ub_duckdb_transformer_expression.cpp
[30/376] /usr/bin/ccache /usr/lib/ccache/c++ -DDUCKDB -DDUCKDB_BUILD_LIBRARY -DDUCKDB_MAIN_LIBRARY -DENABLE_CROSS_PRODUCT_REWRITE=0 -DENABLE_DEBUG_PRINT=0 -DENABLE_MEASURE_EXE_TIME=0 -DENABLE_MERGE_BACK_PLAN=0 -DENABLE_PARALLEL_EXECUTION=0 -DENABLE_QUERY_SPLIT=0 -DENABLE_SPECIFY_EST_STAT=0 -I/home/pei/Project/duckdb-polr/src/include -I/home/pei/Project/duckdb-polr/third_party/fsst -I/home/pei/Project/duckdb-polr/third_party/fmt/include -I/home/pei/Project/duckdb-polr/third_party/hyperloglog -I/home/pei/Project/duckdb-polr/third_party/fastpforlib -I/home/pei/Project/duckdb-polr/third_party/fast_float -I/home/pei/Project/duckdb-polr/third_party/re2 -I/home/pei/Project/duckdb-polr/third_party/miniz -I/home/pei/Project/duckdb-polr/third_party/utf8proc/include -I/home/pei/Project/duckdb-polr/third_party/miniparquet -I/home/pei/Project/duckdb-polr/third_party/concurrentqueue -I/home/pei/Project/duckdb-polr/third_party/pcg -I/home/pei/Project/duckdb-polr/third_party/tdigest -I/home/pei/Project/duckdb-polr/third_party/mbedtls/include -I/home/pei/Project/duckdb-polr/third_party/jaro_winkler -I/home/pei/Project/duckdb-polr/src/parser/../../third_party/libpg_query/include -I/home/pei/Project/duckdb-polr/src/parser/../../third_party/libpg_query -O3 -DNDEBUG -O3 -DNDEBUG   -fPIC -fdiagnostics-color=always -std=c++11 -MD -MT src/parser/transform/helpers/CMakeFiles/duckdb_transformer_helpers.dir/ub_duckdb_transformer_helpers.cpp.o -MF src/parser/transform/helpers/CMakeFiles/duckdb_transformer_helpers.dir/ub_duckdb_transformer_helpers.cpp.o.d -o src/parser/transform/helpers/CMakeFiles/duckdb_transformer_helpers.dir/ub_duckdb_transformer_helpers.cpp.o -c /home/pei/Project/duckdb-polr/build/release/src/parser/transform/helpers/ub_duckdb_transformer_helpers.cpp
[31/376] /usr/bin/ccache /usr/lib/ccache/c++ -DDUCKDB -DDUCKDB_BUILD_LIBRARY -DDUCKDB_MAIN_LIBRARY -DENABLE_CROSS_PRODUCT_REWRITE=0 -DENABLE_DEBUG_PRINT=0 -DENABLE_MEASURE_EXE_TIME=0 -DENABLE_MERGE_BACK_PLAN=0 -DENABLE_PARALLEL_EXECUTION=0 -DENABLE_QUERY_SPLIT=0 -DENABLE_SPECIFY_EST_STAT=0 -I/home/pei/Project/duckdb-polr/src/include -I/home/pei/Project/duckdb-polr/third_party/fsst -I/home/pei/Project/duckdb-polr/third_party/fmt/include -I/home/pei/Project/duckdb-polr/third_party/hyperloglog -I/home/pei/Project/duckdb-polr/third_party/fastpforlib -I/home/pei/Project/duckdb-polr/third_party/fast_float -I/home/pei/Project/duckdb-polr/third_party/re2 -I/home/pei/Project/duckdb-polr/third_party/miniz -I/home/pei/Project/duckdb-polr/third_party/utf8proc/include -I/home/pei/Project/duckdb-polr/third_party/miniparquet -I/home/pei/Project/duckdb-polr/third_party/concurrentqueue -I/home/pei/Project/duckdb-polr/third_party/pcg -I/home/pei/Project/duckdb-polr/third_party/tdigest -I/home/pei/Project/duckdb-polr/third_party/mbedtls/include -I/home/pei/Project/duckdb-polr/third_party/jaro_winkler -I/home/pei/Project/duckdb-polr/src/parser/../../third_party/libpg_query/include -I/home/pei/Project/duckdb-polr/src/parser/../../third_party/libpg_query -O3 -DNDEBUG -O3 -DNDEBUG   -fPIC -fdiagnostics-color=always -std=c++11 -MD -MT src/parser/transform/statement/CMakeFiles/duckdb_transformer_statement.dir/ub_duckdb_transformer_statement.cpp.o -MF src/parser/transform/statement/CMakeFiles/duckdb_transformer_statement.dir/ub_duckdb_transformer_statement.cpp.o.d -o src/parser/transform/statement/CMakeFiles/duckdb_transformer_statement.dir/ub_duckdb_transformer_statement.cpp.o -c /home/pei/Project/duckdb-polr/build/release/src/parser/transform/statement/ub_duckdb_transformer_statement.cpp
[32/376] /usr/bin/ccache /usr/lib/ccache/c++ -DDUCKDB -DDUCKDB_BUILD_LIBRARY -DDUCKDB_MAIN_LIBRARY -DENABLE_CROSS_PRODUCT_REWRITE=0 -DENABLE_DEBUG_PRINT=0 -DENABLE_MEASURE_EXE_TIME=0 -DENABLE_MERGE_BACK_PLAN=0 -DENABLE_PARALLEL_EXECUTION=0 -DENABLE_QUERY_SPLIT=0 -DENABLE_SPECIFY_EST_STAT=0 -I/home/pei/Project/duckdb-polr/src/include -I/home/pei/Project/duckdb-polr/third_party/fsst -I/home/pei/Project/duckdb-polr/third_party/fmt/include -I/home/pei/Project/duckdb-polr/third_party/hyperloglog -I/home/pei/Project/duckdb-polr/third_party/fastpforlib -I/home/pei/Project/duckdb-polr/third_party/fast_float -I/home/pei/Project/duckdb-polr/third_party/re2 -I/home/pei/Project/duckdb-polr/third_party/miniz -I/home/pei/Project/duckdb-polr/third_party/utf8proc/include -I/home/pei/Project/duckdb-polr/third_party/miniparquet -I/home/pei/Project/duckdb-polr/third_party/concurrentqueue -I/home/pei/Project/duckdb-polr/third_party/pcg -I/home/pei/Project/duckdb-polr/third_party/tdigest -I/home/pei/Project/duckdb-polr/third_party/mbedtls/include -I/home/pei/Project/duckdb-polr/third_party/jaro_winkler -I/home/pei/Project/duckdb-polr/src/parser/../../third_party/libpg_query/include -I/home/pei/Project/duckdb-polr/src/parser/../../third_party/libpg_query -O3 -DNDEBUG -O3 -DNDEBUG   -fPIC -fdiagnostics-color=always -std=c++11 -MD -MT src/parser/transform/tableref/CMakeFiles/duckdb_transformer_tableref.dir/ub_duckdb_transformer_tableref.cpp.o -MF src/parser/transform/tableref/CMakeFiles/duckdb_transformer_tableref.dir/ub_duckdb_transformer_tableref.cpp.o.d -o src/parser/transform/tableref/CMakeFiles/duckdb_transformer_tableref.dir/ub_duckdb_transformer_tableref.cpp.o -c /home/pei/Project/duckdb-polr/build/release/src/parser/transform/tableref/ub_duckdb_transformer_tableref.cpp
[33/376] /usr/bin/ccache /usr/lib/ccache/c++ -DDUCKDB -DDUCKDB_BUILD_LIBRARY -DDUCKDB_MAIN_LIBRARY -DENABLE_CROSS_PRODUCT_REWRITE=0 -DENABLE_DEBUG_PRINT=0 -DENABLE_MEASURE_EXE_TIME=0 -DENABLE_MERGE_BACK_PLAN=0 -DENABLE_PARALLEL_EXECUTION=0 -DENABLE_QUERY_SPLIT=0 -DENABLE_SPECIFY_EST_STAT=0 -I/home/pei/Project/duckdb-polr/src/include -I/home/pei/Project/duckdb-polr/third_party/fsst -I/home/pei/Project/duckdb-polr/third_party/fmt/include -I/home/pei/Project/duckdb-polr/third_party/hyperloglog -I/home/pei/Project/duckdb-polr/third_party/fastpforlib -I/home/pei/Project/duckdb-polr/third_party/fast_float -I/home/pei/Project/duckdb-polr/third_party/re2 -I/home/pei/Project/duckdb-polr/third_party/miniz -I/home/pei/Project/duckdb-polr/third_party/utf8proc/include -I/home/pei/Project/duckdb-polr/third_party/miniparquet -I/home/pei/Project/duckdb-polr/third_party/concurrentqueue -I/home/pei/Project/duckdb-polr/third_party/pcg -I/home/pei/Project/duckdb-polr/third_party/tdigest -I/home/pei/Project/duckdb-polr/third_party/mbedtls/include -I/home/pei/Project/duckdb-polr/third_party/jaro_winkler -O3 -DNDEBUG -O3 -DNDEBUG   -fPIC -fdiagnostics-color=always -std=c++11 -MD -MT src/function/aggregate/CMakeFiles/duckdb_func_aggr.dir/ub_duckdb_func_aggr.cpp.o -MF src/function/aggregate/CMakeFiles/duckdb_func_aggr.dir/ub_duckdb_func_aggr.cpp.o.d -o src/function/aggregate/CMakeFiles/duckdb_func_aggr.dir/ub_duckdb_func_aggr.cpp.o -c /home/pei/Project/duckdb-polr/build/release/src/function/aggregate/ub_duckdb_func_aggr.cpp
[34/376] /usr/bin/ccache /usr/lib/ccache/c++ -DDUCKDB -DDUCKDB_BUILD_LIBRARY -DDUCKDB_MAIN_LIBRARY -DENABLE_CROSS_PRODUCT_REWRITE=0 -DENABLE_DEBUG_PRINT=0 -DENABLE_MEASURE_EXE_TIME=0 -DENABLE_MERGE_BACK_PLAN=0 -DENABLE_PARALLEL_EXECUTION=0 -DENABLE_QUERY_SPLIT=0 -DENABLE_SPECIFY_EST_STAT=0 -I/home/pei/Project/duckdb-polr/src/include -I/home/pei/Project/duckdb-polr/third_party/fsst -I/home/pei/Project/duckdb-polr/third_party/fmt/include -I/home/pei/Project/duckdb-polr/third_party/hyperloglog -I/home/pei/Project/duckdb-polr/third_party/fastpforlib -I/home/pei/Project/duckdb-polr/third_party/fast_float -I/home/pei/Project/duckdb-polr/third_party/re2 -I/home/pei/Project/duckdb-polr/third_party/miniz -I/home/pei/Project/duckdb-polr/third_party/utf8proc/include -I/home/pei/Project/duckdb-polr/third_party/miniparquet -I/home/pei/Project/duckdb-polr/third_party/concurrentqueue -I/home/pei/Project/duckdb-polr/third_party/pcg -I/home/pei/Project/duckdb-polr/third_party/tdigest -I/home/pei/Project/duckdb-polr/third_party/mbedtls/include -I/home/pei/Project/duckdb-polr/third_party/jaro_winkler -O3 -DNDEBUG -O3 -DNDEBUG   -fPIC -fdiagnostics-color=always -std=c++11 -MD -MT src/function/aggregate/algebraic/CMakeFiles/duckdb_aggr_algebraic.dir/ub_duckdb_aggr_algebraic.cpp.o -MF src/function/aggregate/algebraic/CMakeFiles/duckdb_aggr_algebraic.dir/ub_duckdb_aggr_algebraic.cpp.o.d -o src/function/aggregate/algebraic/CMakeFiles/duckdb_aggr_algebraic.dir/ub_duckdb_aggr_algebraic.cpp.o -c /home/pei/Project/duckdb-polr/build/release/src/function/aggregate/algebraic/ub_duckdb_aggr_algebraic.cpp
[35/376] /usr/bin/ccache /usr/lib/ccache/c++ -DDUCKDB -DDUCKDB_BUILD_LIBRARY -DDUCKDB_MAIN_LIBRARY -DENABLE_CROSS_PRODUCT_REWRITE=0 -DENABLE_DEBUG_PRINT=0 -DENABLE_MEASURE_EXE_TIME=0 -DENABLE_MERGE_BACK_PLAN=0 -DENABLE_PARALLEL_EXECUTION=0 -DENABLE_QUERY_SPLIT=0 -DENABLE_SPECIFY_EST_STAT=0 -I/home/pei/Project/duckdb-polr/src/include -I/home/pei/Project/duckdb-polr/third_party/fsst -I/home/pei/Project/duckdb-polr/third_party/fmt/include -I/home/pei/Project/duckdb-polr/third_party/hyperloglog -I/home/pei/Project/duckdb-polr/third_party/fastpforlib -I/home/pei/Project/duckdb-polr/third_party/fast_float -I/home/pei/Project/duckdb-polr/third_party/re2 -I/home/pei/Project/duckdb-polr/third_party/miniz -I/home/pei/Project/duckdb-polr/third_party/utf8proc/include -I/home/pei/Project/duckdb-polr/third_party/miniparquet -I/home/pei/Project/duckdb-polr/third_party/concurrentqueue -I/home/pei/Project/duckdb-polr/third_party/pcg -I/home/pei/Project/duckdb-polr/third_party/tdigest -I/home/pei/Project/duckdb-polr/third_party/mbedtls/include -I/home/pei/Project/duckdb-polr/third_party/jaro_winkler -O3 -DNDEBUG -O3 -DNDEBUG   -fPIC -fdiagnostics-color=always -std=c++11 -MD -MT src/function/CMakeFiles/duckdb_function.dir/ub_duckdb_function.cpp.o -MF src/function/CMakeFiles/duckdb_function.dir/ub_duckdb_function.cpp.o.d -o src/function/CMakeFiles/duckdb_function.dir/ub_duckdb_function.cpp.o -c /home/pei/Project/duckdb-polr/build/release/src/function/ub_duckdb_function.cpp
[36/376] /usr/bin/ccache /usr/lib/ccache/c++ -DDUCKDB -DDUCKDB_BUILD_LIBRARY -DDUCKDB_MAIN_LIBRARY -DENABLE_CROSS_PRODUCT_REWRITE=0 -DENABLE_DEBUG_PRINT=0 -DENABLE_MEASURE_EXE_TIME=0 -DENABLE_MERGE_BACK_PLAN=0 -DENABLE_PARALLEL_EXECUTION=0 -DENABLE_QUERY_SPLIT=0 -DENABLE_SPECIFY_EST_STAT=0 -I/home/pei/Project/duckdb-polr/src/include -I/home/pei/Project/duckdb-polr/third_party/fsst -I/home/pei/Project/duckdb-polr/third_party/fmt/include -I/home/pei/Project/duckdb-polr/third_party/hyperloglog -I/home/pei/Project/duckdb-polr/third_party/fastpforlib -I/home/pei/Project/duckdb-polr/third_party/fast_float -I/home/pei/Project/duckdb-polr/third_party/re2 -I/home/pei/Project/duckdb-polr/third_party/miniz -I/home/pei/Project/duckdb-polr/third_party/utf8proc/include -I/home/pei/Project/duckdb-polr/third_party/miniparquet -I/home/pei/Project/duckdb-polr/third_party/concurrentqueue -I/home/pei/Project/duckdb-polr/third_party/pcg -I/home/pei/Project/duckdb-polr/third_party/tdigest -I/home/pei/Project/duckdb-polr/third_party/mbedtls/include -I/home/pei/Project/duckdb-polr/third_party/jaro_winkler -O3 -DNDEBUG -O3 -DNDEBUG   -fPIC -fdiagnostics-color=always -std=c++11 -MD -MT src/function/aggregate/nested/CMakeFiles/duckdb_aggr_nested.dir/ub_duckdb_aggr_nested.cpp.o -MF src/function/aggregate/nested/CMakeFiles/duckdb_aggr_nested.dir/ub_duckdb_aggr_nested.cpp.o.d -o src/function/aggregate/nested/CMakeFiles/duckdb_aggr_nested.dir/ub_duckdb_aggr_nested.cpp.o -c /home/pei/Project/duckdb-polr/build/release/src/function/aggregate/nested/ub_duckdb_aggr_nested.cpp
[37/376] /usr/bin/ccache /usr/lib/ccache/c++ -DDUCKDB -DDUCKDB_BUILD_LIBRARY -DDUCKDB_MAIN_LIBRARY -DENABLE_CROSS_PRODUCT_REWRITE=0 -DENABLE_DEBUG_PRINT=0 -DENABLE_MEASURE_EXE_TIME=0 -DENABLE_MERGE_BACK_PLAN=0 -DENABLE_PARALLEL_EXECUTION=0 -DENABLE_QUERY_SPLIT=0 -DENABLE_SPECIFY_EST_STAT=0 -I/home/pei/Project/duckdb-polr/src/include -I/home/pei/Project/duckdb-polr/third_party/fsst -I/home/pei/Project/duckdb-polr/third_party/fmt/include -I/home/pei/Project/duckdb-polr/third_party/hyperloglog -I/home/pei/Project/duckdb-polr/third_party/fastpforlib -I/home/pei/Project/duckdb-polr/third_party/fast_float -I/home/pei/Project/duckdb-polr/third_party/re2 -I/home/pei/Project/duckdb-polr/third_party/miniz -I/home/pei/Project/duckdb-polr/third_party/utf8proc/include -I/home/pei/Project/duckdb-polr/third_party/miniparquet -I/home/pei/Project/duckdb-polr/third_party/concurrentqueue -I/home/pei/Project/duckdb-polr/third_party/pcg -I/home/pei/Project/duckdb-polr/third_party/tdigest -I/home/pei/Project/duckdb-polr/third_party/mbedtls/include -I/home/pei/Project/duckdb-polr/third_party/jaro_winkler -O3 -DNDEBUG -O3 -DNDEBUG   -fPIC -fdiagnostics-color=always -std=c++11 -MD -MT src/function/aggregate/regression/CMakeFiles/duckdb_aggr_regr.dir/ub_duckdb_aggr_regr.cpp.o -MF src/function/aggregate/regression/CMakeFiles/duckdb_aggr_regr.dir/ub_duckdb_aggr_regr.cpp.o.d -o src/function/aggregate/regression/CMakeFiles/duckdb_aggr_regr.dir/ub_duckdb_aggr_regr.cpp.o -c /home/pei/Project/duckdb-polr/build/release/src/function/aggregate/regression/ub_duckdb_aggr_regr.cpp
[38/376] /usr/bin/ccache /usr/lib/ccache/c++ -DDUCKDB -DDUCKDB_BUILD_LIBRARY -DDUCKDB_MAIN_LIBRARY -DENABLE_CROSS_PRODUCT_REWRITE=0 -DENABLE_DEBUG_PRINT=0 -DENABLE_MEASURE_EXE_TIME=0 -DENABLE_MERGE_BACK_PLAN=0 -DENABLE_PARALLEL_EXECUTION=0 -DENABLE_QUERY_SPLIT=0 -DENABLE_SPECIFY_EST_STAT=0 -I/home/pei/Project/duckdb-polr/src/include -I/home/pei/Project/duckdb-polr/third_party/fsst -I/home/pei/Project/duckdb-polr/third_party/fmt/include -I/home/pei/Project/duckdb-polr/third_party/hyperloglog -I/home/pei/Project/duckdb-polr/third_party/fastpforlib -I/home/pei/Project/duckdb-polr/third_party/fast_float -I/home/pei/Project/duckdb-polr/third_party/re2 -I/home/pei/Project/duckdb-polr/third_party/miniz -I/home/pei/Project/duckdb-polr/third_party/utf8proc/include -I/home/pei/Project/duckdb-polr/third_party/miniparquet -I/home/pei/Project/duckdb-polr/third_party/concurrentqueue -I/home/pei/Project/duckdb-polr/third_party/pcg -I/home/pei/Project/duckdb-polr/third_party/tdigest -I/home/pei/Project/duckdb-polr/third_party/mbedtls/include -I/home/pei/Project/duckdb-polr/third_party/jaro_winkler -O3 -DNDEBUG -O3 -DNDEBUG   -fPIC -fdiagnostics-color=always -std=c++11 -MD -MT src/function/aggregate/distributive/CMakeFiles/duckdb_aggr_distr.dir/ub_duckdb_aggr_distr.cpp.o -MF src/function/aggregate/distributive/CMakeFiles/duckdb_aggr_distr.dir/ub_duckdb_aggr_distr.cpp.o.d -o src/function/aggregate/distributive/CMakeFiles/duckdb_aggr_distr.dir/ub_duckdb_aggr_distr.cpp.o -c /home/pei/Project/duckdb-polr/build/release/src/function/aggregate/distributive/ub_duckdb_aggr_distr.cpp
[39/376] /usr/bin/ccache /usr/lib/ccache/c++ -DDUCKDB -DDUCKDB_BUILD_LIBRARY -DDUCKDB_MAIN_LIBRARY -DENABLE_CROSS_PRODUCT_REWRITE=0 -DENABLE_DEBUG_PRINT=0 -DENABLE_MEASURE_EXE_TIME=0 -DENABLE_MERGE_BACK_PLAN=0 -DENABLE_PARALLEL_EXECUTION=0 -DENABLE_QUERY_SPLIT=0 -DENABLE_SPECIFY_EST_STAT=0 -I/home/pei/Project/duckdb-polr/src/include -I/home/pei/Project/duckdb-polr/third_party/fsst -I/home/pei/Project/duckdb-polr/third_party/fmt/include -I/home/pei/Project/duckdb-polr/third_party/hyperloglog -I/home/pei/Project/duckdb-polr/third_party/fastpforlib -I/home/pei/Project/duckdb-polr/third_party/fast_float -I/home/pei/Project/duckdb-polr/third_party/re2 -I/home/pei/Project/duckdb-polr/third_party/miniz -I/home/pei/Project/duckdb-polr/third_party/utf8proc/include -I/home/pei/Project/duckdb-polr/third_party/miniparquet -I/home/pei/Project/duckdb-polr/third_party/concurrentqueue -I/home/pei/Project/duckdb-polr/third_party/pcg -I/home/pei/Project/duckdb-polr/third_party/tdigest -I/home/pei/Project/duckdb-polr/third_party/mbedtls/include -I/home/pei/Project/duckdb-polr/third_party/jaro_winkler -O3 -DNDEBUG -O3 -DNDEBUG   -fPIC -fdiagnostics-color=always -std=c++11 -MD -MT src/function/aggregate/holistic/CMakeFiles/duckdb_aggr_holistic.dir/ub_duckdb_aggr_holistic.cpp.o -MF src/function/aggregate/holistic/CMakeFiles/duckdb_aggr_holistic.dir/ub_duckdb_aggr_holistic.cpp.o.d -o src/function/aggregate/holistic/CMakeFiles/duckdb_aggr_holistic.dir/ub_duckdb_aggr_holistic.cpp.o -c /home/pei/Project/duckdb-polr/build/release/src/function/aggregate/holistic/ub_duckdb_aggr_holistic.cpp
[40/376] /usr/bin/ccache /usr/lib/ccache/c++ -DDUCKDB -DDUCKDB_BUILD_LIBRARY -DDUCKDB_MAIN_LIBRARY -DENABLE_CROSS_PRODUCT_REWRITE=0 -DENABLE_DEBUG_PRINT=0 -DENABLE_MEASURE_EXE_TIME=0 -DENABLE_MERGE_BACK_PLAN=0 -DENABLE_PARALLEL_EXECUTION=0 -DENABLE_QUERY_SPLIT=0 -DENABLE_SPECIFY_EST_STAT=0 -I/home/pei/Project/duckdb-polr/src/include -I/home/pei/Project/duckdb-polr/third_party/fsst -I/home/pei/Project/duckdb-polr/third_party/fmt/include -I/home/pei/Project/duckdb-polr/third_party/hyperloglog -I/home/pei/Project/duckdb-polr/third_party/fastpforlib -I/home/pei/Project/duckdb-polr/third_party/fast_float -I/home/pei/Project/duckdb-polr/third_party/re2 -I/home/pei/Project/duckdb-polr/third_party/miniz -I/home/pei/Project/duckdb-polr/third_party/utf8proc/include -I/home/pei/Project/duckdb-polr/third_party/miniparquet -I/home/pei/Project/duckdb-polr/third_party/concurrentqueue -I/home/pei/Project/duckdb-polr/third_party/pcg -I/home/pei/Project/duckdb-polr/third_party/tdigest -I/home/pei/Project/duckdb-polr/third_party/mbedtls/include -I/home/pei/Project/duckdb-polr/third_party/jaro_winkler -O3 -DNDEBUG -O3 -DNDEBUG   -fPIC -fdiagnostics-color=always -std=c++11 -MD -MT src/function/cast/CMakeFiles/duckdb_func_cast.dir/ub_duckdb_func_cast.cpp.o -MF src/function/cast/CMakeFiles/duckdb_func_cast.dir/ub_duckdb_func_cast.cpp.o.d -o src/function/cast/CMakeFiles/duckdb_func_cast.dir/ub_duckdb_func_cast.cpp.o -c /home/pei/Project/duckdb-polr/build/release/src/function/cast/ub_duckdb_func_cast.cpp
[41/376] /usr/bin/ccache /usr/lib/ccache/c++ -DDUCKDB -DDUCKDB_BUILD_LIBRARY -DDUCKDB_MAIN_LIBRARY -DENABLE_CROSS_PRODUCT_REWRITE=0 -DENABLE_DEBUG_PRINT=0 -DENABLE_MEASURE_EXE_TIME=0 -DENABLE_MERGE_BACK_PLAN=0 -DENABLE_PARALLEL_EXECUTION=0 -DENABLE_QUERY_SPLIT=0 -DENABLE_SPECIFY_EST_STAT=0 -I/home/pei/Project/duckdb-polr/src/include -I/home/pei/Project/duckdb-polr/third_party/fsst -I/home/pei/Project/duckdb-polr/third_party/fmt/include -I/home/pei/Project/duckdb-polr/third_party/hyperloglog -I/home/pei/Project/duckdb-polr/third_party/fastpforlib -I/home/pei/Project/duckdb-polr/third_party/fast_float -I/home/pei/Project/duckdb-polr/third_party/re2 -I/home/pei/Project/duckdb-polr/third_party/miniz -I/home/pei/Project/duckdb-polr/third_party/utf8proc/include -I/home/pei/Project/duckdb-polr/third_party/miniparquet -I/home/pei/Project/duckdb-polr/third_party/concurrentqueue -I/home/pei/Project/duckdb-polr/third_party/pcg -I/home/pei/Project/duckdb-polr/third_party/tdigest -I/home/pei/Project/duckdb-polr/third_party/mbedtls/include -I/home/pei/Project/duckdb-polr/third_party/jaro_winkler -O3 -DNDEBUG -O3 -DNDEBUG   -fPIC -fdiagnostics-color=always -std=c++11 -MD -MT src/function/pragma/CMakeFiles/duckdb_func_pragma.dir/ub_duckdb_func_pragma.cpp.o -MF src/function/pragma/CMakeFiles/duckdb_func_pragma.dir/ub_duckdb_func_pragma.cpp.o.d -o src/function/pragma/CMakeFiles/duckdb_func_pragma.dir/ub_duckdb_func_pragma.cpp.o -c /home/pei/Project/duckdb-polr/build/release/src/function/pragma/ub_duckdb_func_pragma.cpp
[42/376] /usr/bin/ccache /usr/lib/ccache/c++ -DDUCKDB -DDUCKDB_BUILD_LIBRARY -DDUCKDB_MAIN_LIBRARY -DENABLE_CROSS_PRODUCT_REWRITE=0 -DENABLE_DEBUG_PRINT=0 -DENABLE_MEASURE_EXE_TIME=0 -DENABLE_MERGE_BACK_PLAN=0 -DENABLE_PARALLEL_EXECUTION=0 -DENABLE_QUERY_SPLIT=0 -DENABLE_SPECIFY_EST_STAT=0 -I/home/pei/Project/duckdb-polr/src/include -I/home/pei/Project/duckdb-polr/third_party/fsst -I/home/pei/Project/duckdb-polr/third_party/fmt/include -I/home/pei/Project/duckdb-polr/third_party/hyperloglog -I/home/pei/Project/duckdb-polr/third_party/fastpforlib -I/home/pei/Project/duckdb-polr/third_party/fast_float -I/home/pei/Project/duckdb-polr/third_party/re2 -I/home/pei/Project/duckdb-polr/third_party/miniz -I/home/pei/Project/duckdb-polr/third_party/utf8proc/include -I/home/pei/Project/duckdb-polr/third_party/miniparquet -I/home/pei/Project/duckdb-polr/third_party/concurrentqueue -I/home/pei/Project/duckdb-polr/third_party/pcg -I/home/pei/Project/duckdb-polr/third_party/tdigest -I/home/pei/Project/duckdb-polr/third_party/mbedtls/include -I/home/pei/Project/duckdb-polr/third_party/jaro_winkler -O3 -DNDEBUG -O3 -DNDEBUG   -fPIC -fdiagnostics-color=always -std=c++11 -MD -MT src/function/scalar/CMakeFiles/duckdb_func_scalar.dir/ub_duckdb_func_scalar.cpp.o -MF src/function/scalar/CMakeFiles/duckdb_func_scalar.dir/ub_duckdb_func_scalar.cpp.o.d -o src/function/scalar/CMakeFiles/duckdb_func_scalar.dir/ub_duckdb_func_scalar.cpp.o -c /home/pei/Project/duckdb-polr/build/release/src/function/scalar/ub_duckdb_func_scalar.cpp
[43/376] /usr/bin/ccache /usr/lib/ccache/c++ -DDUCKDB -DDUCKDB_BUILD_LIBRARY -DDUCKDB_MAIN_LIBRARY -DENABLE_CROSS_PRODUCT_REWRITE=0 -DENABLE_DEBUG_PRINT=0 -DENABLE_MEASURE_EXE_TIME=0 -DENABLE_MERGE_BACK_PLAN=0 -DENABLE_PARALLEL_EXECUTION=0 -DENABLE_QUERY_SPLIT=0 -DENABLE_SPECIFY_EST_STAT=0 -I/home/pei/Project/duckdb-polr/src/include -I/home/pei/Project/duckdb-polr/third_party/fsst -I/home/pei/Project/duckdb-polr/third_party/fmt/include -I/home/pei/Project/duckdb-polr/third_party/hyperloglog -I/home/pei/Project/duckdb-polr/third_party/fastpforlib -I/home/pei/Project/duckdb-polr/third_party/fast_float -I/home/pei/Project/duckdb-polr/third_party/re2 -I/home/pei/Project/duckdb-polr/third_party/miniz -I/home/pei/Project/duckdb-polr/third_party/utf8proc/include -I/home/pei/Project/duckdb-polr/third_party/miniparquet -I/home/pei/Project/duckdb-polr/third_party/concurrentqueue -I/home/pei/Project/duckdb-polr/third_party/pcg -I/home/pei/Project/duckdb-polr/third_party/tdigest -I/home/pei/Project/duckdb-polr/third_party/mbedtls/include -I/home/pei/Project/duckdb-polr/third_party/jaro_winkler -O3 -DNDEBUG -O3 -DNDEBUG   -fPIC -fdiagnostics-color=always -std=c++11 -MD -MT src/function/scalar/blob/CMakeFiles/duckdb_func_blob.dir/ub_duckdb_func_blob.cpp.o -MF src/function/scalar/blob/CMakeFiles/duckdb_func_blob.dir/ub_duckdb_func_blob.cpp.o.d -o src/function/scalar/blob/CMakeFiles/duckdb_func_blob.dir/ub_duckdb_func_blob.cpp.o -c /home/pei/Project/duckdb-polr/build/release/src/function/scalar/blob/ub_duckdb_func_blob.cpp
[44/376] /usr/bin/ccache /usr/lib/ccache/c++ -DDUCKDB -DDUCKDB_BUILD_LIBRARY -DDUCKDB_MAIN_LIBRARY -DENABLE_CROSS_PRODUCT_REWRITE=0 -DENABLE_DEBUG_PRINT=0 -DENABLE_MEASURE_EXE_TIME=0 -DENABLE_MERGE_BACK_PLAN=0 -DENABLE_PARALLEL_EXECUTION=0 -DENABLE_QUERY_SPLIT=0 -DENABLE_SPECIFY_EST_STAT=0 -I/home/pei/Project/duckdb-polr/src/include -I/home/pei/Project/duckdb-polr/third_party/fsst -I/home/pei/Project/duckdb-polr/third_party/fmt/include -I/home/pei/Project/duckdb-polr/third_party/hyperloglog -I/home/pei/Project/duckdb-polr/third_party/fastpforlib -I/home/pei/Project/duckdb-polr/third_party/fast_float -I/home/pei/Project/duckdb-polr/third_party/re2 -I/home/pei/Project/duckdb-polr/third_party/miniz -I/home/pei/Project/duckdb-polr/third_party/utf8proc/include -I/home/pei/Project/duckdb-polr/third_party/miniparquet -I/home/pei/Project/duckdb-polr/third_party/concurrentqueue -I/home/pei/Project/duckdb-polr/third_party/pcg -I/home/pei/Project/duckdb-polr/third_party/tdigest -I/home/pei/Project/duckdb-polr/third_party/mbedtls/include -I/home/pei/Project/duckdb-polr/third_party/jaro_winkler -O3 -DNDEBUG -O3 -DNDEBUG   -fPIC -fdiagnostics-color=always -std=c++11 -MD -MT src/function/scalar/map/CMakeFiles/duckdb_func_map_nested.dir/ub_duckdb_func_map_nested.cpp.o -MF src/function/scalar/map/CMakeFiles/duckdb_func_map_nested.dir/ub_duckdb_func_map_nested.cpp.o.d -o src/function/scalar/map/CMakeFiles/duckdb_func_map_nested.dir/ub_duckdb_func_map_nested.cpp.o -c /home/pei/Project/duckdb-polr/build/release/src/function/scalar/map/ub_duckdb_func_map_nested.cpp
[45/376] /usr/bin/ccache /usr/lib/ccache/c++ -DDUCKDB -DDUCKDB_BUILD_LIBRARY -DDUCKDB_MAIN_LIBRARY -DENABLE_CROSS_PRODUCT_REWRITE=0 -DENABLE_DEBUG_PRINT=0 -DENABLE_MEASURE_EXE_TIME=0 -DENABLE_MERGE_BACK_PLAN=0 -DENABLE_PARALLEL_EXECUTION=0 -DENABLE_QUERY_SPLIT=0 -DENABLE_SPECIFY_EST_STAT=0 -I/home/pei/Project/duckdb-polr/src/include -I/home/pei/Project/duckdb-polr/third_party/fsst -I/home/pei/Project/duckdb-polr/third_party/fmt/include -I/home/pei/Project/duckdb-polr/third_party/hyperloglog -I/home/pei/Project/duckdb-polr/third_party/fastpforlib -I/home/pei/Project/duckdb-polr/third_party/fast_float -I/home/pei/Project/duckdb-polr/third_party/re2 -I/home/pei/Project/duckdb-polr/third_party/miniz -I/home/pei/Project/duckdb-polr/third_party/utf8proc/include -I/home/pei/Project/duckdb-polr/third_party/miniparquet -I/home/pei/Project/duckdb-polr/third_party/concurrentqueue -I/home/pei/Project/duckdb-polr/third_party/pcg -I/home/pei/Project/duckdb-polr/third_party/tdigest -I/home/pei/Project/duckdb-polr/third_party/mbedtls/include -I/home/pei/Project/duckdb-polr/third_party/jaro_winkler -O3 -DNDEBUG -O3 -DNDEBUG   -fPIC -fdiagnostics-color=always -std=c++11 -MD -MT src/function/scalar/generic/CMakeFiles/duckdb_func_generic.dir/ub_duckdb_func_generic.cpp.o -MF src/function/scalar/generic/CMakeFiles/duckdb_func_generic.dir/ub_duckdb_func_generic.cpp.o.d -o src/function/scalar/generic/CMakeFiles/duckdb_func_generic.dir/ub_duckdb_func_generic.cpp.o -c /home/pei/Project/duckdb-polr/build/release/src/function/scalar/generic/ub_duckdb_func_generic.cpp
[46/376] /usr/bin/ccache /usr/lib/ccache/c++ -DDUCKDB -DDUCKDB_BUILD_LIBRARY -DDUCKDB_MAIN_LIBRARY -DENABLE_CROSS_PRODUCT_REWRITE=0 -DENABLE_DEBUG_PRINT=0 -DENABLE_MEASURE_EXE_TIME=0 -DENABLE_MERGE_BACK_PLAN=0 -DENABLE_PARALLEL_EXECUTION=0 -DENABLE_QUERY_SPLIT=0 -DENABLE_SPECIFY_EST_STAT=0 -I/home/pei/Project/duckdb-polr/src/include -I/home/pei/Project/duckdb-polr/third_party/fsst -I/home/pei/Project/duckdb-polr/third_party/fmt/include -I/home/pei/Project/duckdb-polr/third_party/hyperloglog -I/home/pei/Project/duckdb-polr/third_party/fastpforlib -I/home/pei/Project/duckdb-polr/third_party/fast_float -I/home/pei/Project/duckdb-polr/third_party/re2 -I/home/pei/Project/duckdb-polr/third_party/miniz -I/home/pei/Project/duckdb-polr/third_party/utf8proc/include -I/home/pei/Project/duckdb-polr/third_party/miniparquet -I/home/pei/Project/duckdb-polr/third_party/concurrentqueue -I/home/pei/Project/duckdb-polr/third_party/pcg -I/home/pei/Project/duckdb-polr/third_party/tdigest -I/home/pei/Project/duckdb-polr/third_party/mbedtls/include -I/home/pei/Project/duckdb-polr/third_party/jaro_winkler -O3 -DNDEBUG -O3 -DNDEBUG   -fPIC -fdiagnostics-color=always -std=c++11 -MD -MT src/function/scalar/list/CMakeFiles/duckdb_func_list.dir/ub_duckdb_func_list.cpp.o -MF src/function/scalar/list/CMakeFiles/duckdb_func_list.dir/ub_duckdb_func_list.cpp.o.d -o src/function/scalar/list/CMakeFiles/duckdb_func_list.dir/ub_duckdb_func_list.cpp.o -c /home/pei/Project/duckdb-polr/build/release/src/function/scalar/list/ub_duckdb_func_list.cpp
[47/376] /usr/bin/ccache /usr/lib/ccache/c++ -DDUCKDB -DDUCKDB_BUILD_LIBRARY -DDUCKDB_MAIN_LIBRARY -DENABLE_CROSS_PRODUCT_REWRITE=0 -DENABLE_DEBUG_PRINT=0 -DENABLE_MEASURE_EXE_TIME=0 -DENABLE_MERGE_BACK_PLAN=0 -DENABLE_PARALLEL_EXECUTION=0 -DENABLE_QUERY_SPLIT=0 -DENABLE_SPECIFY_EST_STAT=0 -I/home/pei/Project/duckdb-polr/src/include -I/home/pei/Project/duckdb-polr/third_party/fsst -I/home/pei/Project/duckdb-polr/third_party/fmt/include -I/home/pei/Project/duckdb-polr/third_party/hyperloglog -I/home/pei/Project/duckdb-polr/third_party/fastpforlib -I/home/pei/Project/duckdb-polr/third_party/fast_float -I/home/pei/Project/duckdb-polr/third_party/re2 -I/home/pei/Project/duckdb-polr/third_party/miniz -I/home/pei/Project/duckdb-polr/third_party/utf8proc/include -I/home/pei/Project/duckdb-polr/third_party/miniparquet -I/home/pei/Project/duckdb-polr/third_party/concurrentqueue -I/home/pei/Project/duckdb-polr/third_party/pcg -I/home/pei/Project/duckdb-polr/third_party/tdigest -I/home/pei/Project/duckdb-polr/third_party/mbedtls/include -I/home/pei/Project/duckdb-polr/third_party/jaro_winkler -O3 -DNDEBUG -O3 -DNDEBUG   -fPIC -fdiagnostics-color=always -std=c++11 -MD -MT src/function/scalar/math/CMakeFiles/duckdb_func_math.dir/ub_duckdb_func_math.cpp.o -MF src/function/scalar/math/CMakeFiles/duckdb_func_math.dir/ub_duckdb_func_math.cpp.o.d -o src/function/scalar/math/CMakeFiles/duckdb_func_math.dir/ub_duckdb_func_math.cpp.o -c /home/pei/Project/duckdb-polr/build/release/src/function/scalar/math/ub_duckdb_func_math.cpp
[48/376] /usr/bin/ccache /usr/lib/ccache/c++ -DDUCKDB -DDUCKDB_BUILD_LIBRARY -DDUCKDB_MAIN_LIBRARY -DENABLE_CROSS_PRODUCT_REWRITE=0 -DENABLE_DEBUG_PRINT=0 -DENABLE_MEASURE_EXE_TIME=0 -DENABLE_MERGE_BACK_PLAN=0 -DENABLE_PARALLEL_EXECUTION=0 -DENABLE_QUERY_SPLIT=0 -DENABLE_SPECIFY_EST_STAT=0 -I/home/pei/Project/duckdb-polr/src/include -I/home/pei/Project/duckdb-polr/third_party/fsst -I/home/pei/Project/duckdb-polr/third_party/fmt/include -I/home/pei/Project/duckdb-polr/third_party/hyperloglog -I/home/pei/Project/duckdb-polr/third_party/fastpforlib -I/home/pei/Project/duckdb-polr/third_party/fast_float -I/home/pei/Project/duckdb-polr/third_party/re2 -I/home/pei/Project/duckdb-polr/third_party/miniz -I/home/pei/Project/duckdb-polr/third_party/utf8proc/include -I/home/pei/Project/duckdb-polr/third_party/miniparquet -I/home/pei/Project/duckdb-polr/third_party/concurrentqueue -I/home/pei/Project/duckdb-polr/third_party/pcg -I/home/pei/Project/duckdb-polr/third_party/tdigest -I/home/pei/Project/duckdb-polr/third_party/mbedtls/include -I/home/pei/Project/duckdb-polr/third_party/jaro_winkler -O3 -DNDEBUG -O3 -DNDEBUG   -fPIC -fdiagnostics-color=always -std=c++11 -MD -MT src/function/scalar/date/CMakeFiles/duckdb_func_date.dir/ub_duckdb_func_date.cpp.o -MF src/function/scalar/date/CMakeFiles/duckdb_func_date.dir/ub_duckdb_func_date.cpp.o.d -o src/function/scalar/date/CMakeFiles/duckdb_func_date.dir/ub_duckdb_func_date.cpp.o -c /home/pei/Project/duckdb-polr/build/release/src/function/scalar/date/ub_duckdb_func_date.cpp
[49/376] /usr/bin/ccache /usr/lib/ccache/c++ -DDUCKDB -DDUCKDB_BUILD_LIBRARY -DDUCKDB_MAIN_LIBRARY -DENABLE_CROSS_PRODUCT_REWRITE=0 -DENABLE_DEBUG_PRINT=0 -DENABLE_MEASURE_EXE_TIME=0 -DENABLE_MERGE_BACK_PLAN=0 -DENABLE_PARALLEL_EXECUTION=0 -DENABLE_QUERY_SPLIT=0 -DENABLE_SPECIFY_EST_STAT=0 -I/home/pei/Project/duckdb-polr/src/include -I/home/pei/Project/duckdb-polr/third_party/fsst -I/home/pei/Project/duckdb-polr/third_party/fmt/include -I/home/pei/Project/duckdb-polr/third_party/hyperloglog -I/home/pei/Project/duckdb-polr/third_party/fastpforlib -I/home/pei/Project/duckdb-polr/third_party/fast_float -I/home/pei/Project/duckdb-polr/third_party/re2 -I/home/pei/Project/duckdb-polr/third_party/miniz -I/home/pei/Project/duckdb-polr/third_party/utf8proc/include -I/home/pei/Project/duckdb-polr/third_party/miniparquet -I/home/pei/Project/duckdb-polr/third_party/concurrentqueue -I/home/pei/Project/duckdb-polr/third_party/pcg -I/home/pei/Project/duckdb-polr/third_party/tdigest -I/home/pei/Project/duckdb-polr/third_party/mbedtls/include -I/home/pei/Project/duckdb-polr/third_party/jaro_winkler -O3 -DNDEBUG -O3 -DNDEBUG   -fPIC -fdiagnostics-color=always -std=c++11 -MD -MT src/function/scalar/sequence/CMakeFiles/duckdb_func_seq.dir/ub_duckdb_func_seq.cpp.o -MF src/function/scalar/sequence/CMakeFiles/duckdb_func_seq.dir/ub_duckdb_func_seq.cpp.o.d -o src/function/scalar/sequence/CMakeFiles/duckdb_func_seq.dir/ub_duckdb_func_seq.cpp.o -c /home/pei/Project/duckdb-polr/build/release/src/function/scalar/sequence/ub_duckdb_func_seq.cpp
[50/376] /usr/bin/ccache /usr/lib/ccache/c++ -DDUCKDB -DDUCKDB_BUILD_LIBRARY -DDUCKDB_MAIN_LIBRARY -DENABLE_CROSS_PRODUCT_REWRITE=0 -DENABLE_DEBUG_PRINT=0 -DENABLE_MEASURE_EXE_TIME=0 -DENABLE_MERGE_BACK_PLAN=0 -DENABLE_PARALLEL_EXECUTION=0 -DENABLE_QUERY_SPLIT=0 -DENABLE_SPECIFY_EST_STAT=0 -I/home/pei/Project/duckdb-polr/src/include -I/home/pei/Project/duckdb-polr/third_party/fsst -I/home/pei/Project/duckdb-polr/third_party/fmt/include -I/home/pei/Project/duckdb-polr/third_party/hyperloglog -I/home/pei/Project/duckdb-polr/third_party/fastpforlib -I/home/pei/Project/duckdb-polr/third_party/fast_float -I/home/pei/Project/duckdb-polr/third_party/re2 -I/home/pei/Project/duckdb-polr/third_party/miniz -I/home/pei/Project/duckdb-polr/third_party/utf8proc/include -I/home/pei/Project/duckdb-polr/third_party/miniparquet -I/home/pei/Project/duckdb-polr/third_party/concurrentqueue -I/home/pei/Project/duckdb-polr/third_party/pcg -I/home/pei/Project/duckdb-polr/third_party/tdigest -I/home/pei/Project/duckdb-polr/third_party/mbedtls/include -I/home/pei/Project/duckdb-polr/third_party/jaro_winkler -O3 -DNDEBUG -O3 -DNDEBUG   -fPIC -fdiagnostics-color=always -std=c++11 -MD -MT src/function/scalar/operators/CMakeFiles/duckdb_func_ops.dir/ub_duckdb_func_ops.cpp.o -MF src/function/scalar/operators/CMakeFiles/duckdb_func_ops.dir/ub_duckdb_func_ops.cpp.o.d -o src/function/scalar/operators/CMakeFiles/duckdb_func_ops.dir/ub_duckdb_func_ops.cpp.o -c /home/pei/Project/duckdb-polr/build/release/src/function/scalar/operators/ub_duckdb_func_ops.cpp
[51/376] /usr/bin/ccache /usr/lib/ccache/c++ -DDUCKDB -DDUCKDB_BUILD_LIBRARY -DDUCKDB_MAIN_LIBRARY -DENABLE_CROSS_PRODUCT_REWRITE=0 -DENABLE_DEBUG_PRINT=0 -DENABLE_MEASURE_EXE_TIME=0 -DENABLE_MERGE_BACK_PLAN=0 -DENABLE_PARALLEL_EXECUTION=0 -DENABLE_QUERY_SPLIT=0 -DENABLE_SPECIFY_EST_STAT=0 -I/home/pei/Project/duckdb-polr/src/include -I/home/pei/Project/duckdb-polr/third_party/fsst -I/home/pei/Project/duckdb-polr/third_party/fmt/include -I/home/pei/Project/duckdb-polr/third_party/hyperloglog -I/home/pei/Project/duckdb-polr/third_party/fastpforlib -I/home/pei/Project/duckdb-polr/third_party/fast_float -I/home/pei/Project/duckdb-polr/third_party/re2 -I/home/pei/Project/duckdb-polr/third_party/miniz -I/home/pei/Project/duckdb-polr/third_party/utf8proc/include -I/home/pei/Project/duckdb-polr/third_party/miniparquet -I/home/pei/Project/duckdb-polr/third_party/concurrentqueue -I/home/pei/Project/duckdb-polr/third_party/pcg -I/home/pei/Project/duckdb-polr/third_party/tdigest -I/home/pei/Project/duckdb-polr/third_party/mbedtls/include -I/home/pei/Project/duckdb-polr/third_party/jaro_winkler -O3 -DNDEBUG -O3 -DNDEBUG   -fPIC -fdiagnostics-color=always -std=c++11 -MD -MT src/function/scalar/struct/CMakeFiles/duckdb_func_struct.dir/ub_duckdb_func_struct.cpp.o -MF src/function/scalar/struct/CMakeFiles/duckdb_func_struct.dir/ub_duckdb_func_struct.cpp.o.d -o src/function/scalar/struct/CMakeFiles/duckdb_func_struct.dir/ub_duckdb_func_struct.cpp.o -c /home/pei/Project/duckdb-polr/build/release/src/function/scalar/struct/ub_duckdb_func_struct.cpp
[52/376] /usr/bin/ccache /usr/lib/ccache/c++ -DDUCKDB -DDUCKDB_BUILD_LIBRARY -DDUCKDB_MAIN_LIBRARY -DENABLE_CROSS_PRODUCT_REWRITE=0 -DENABLE_DEBUG_PRINT=0 -DENABLE_MEASURE_EXE_TIME=0 -DENABLE_MERGE_BACK_PLAN=0 -DENABLE_PARALLEL_EXECUTION=0 -DENABLE_QUERY_SPLIT=0 -DENABLE_SPECIFY_EST_STAT=0 -I/home/pei/Project/duckdb-polr/src/include -I/home/pei/Project/duckdb-polr/third_party/fsst -I/home/pei/Project/duckdb-polr/third_party/fmt/include -I/home/pei/Project/duckdb-polr/third_party/hyperloglog -I/home/pei/Project/duckdb-polr/third_party/fastpforlib -I/home/pei/Project/duckdb-polr/third_party/fast_float -I/home/pei/Project/duckdb-polr/third_party/re2 -I/home/pei/Project/duckdb-polr/third_party/miniz -I/home/pei/Project/duckdb-polr/third_party/utf8proc/include -I/home/pei/Project/duckdb-polr/third_party/miniparquet -I/home/pei/Project/duckdb-polr/third_party/concurrentqueue -I/home/pei/Project/duckdb-polr/third_party/pcg -I/home/pei/Project/duckdb-polr/third_party/tdigest -I/home/pei/Project/duckdb-polr/third_party/mbedtls/include -I/home/pei/Project/duckdb-polr/third_party/jaro_winkler -O3 -DNDEBUG -O3 -DNDEBUG   -fPIC -fdiagnostics-color=always -std=c++11 -MD -MT src/function/scalar/system/CMakeFiles/duckdb_func_system.dir/ub_duckdb_func_system.cpp.o -MF src/function/scalar/system/CMakeFiles/duckdb_func_system.dir/ub_duckdb_func_system.cpp.o.d -o src/function/scalar/system/CMakeFiles/duckdb_func_system.dir/ub_duckdb_func_system.cpp.o -c /home/pei/Project/duckdb-polr/build/release/src/function/scalar/system/ub_duckdb_func_system.cpp
[53/376] /usr/bin/ccache /usr/lib/ccache/c++ -DDUCKDB -DDUCKDB_BUILD_LIBRARY -DDUCKDB_MAIN_LIBRARY -DENABLE_CROSS_PRODUCT_REWRITE=0 -DENABLE_DEBUG_PRINT=0 -DENABLE_MEASURE_EXE_TIME=0 -DENABLE_MERGE_BACK_PLAN=0 -DENABLE_PARALLEL_EXECUTION=0 -DENABLE_QUERY_SPLIT=0 -DENABLE_SPECIFY_EST_STAT=0 -I/home/pei/Project/duckdb-polr/src/include -I/home/pei/Project/duckdb-polr/third_party/fsst -I/home/pei/Project/duckdb-polr/third_party/fmt/include -I/home/pei/Project/duckdb-polr/third_party/hyperloglog -I/home/pei/Project/duckdb-polr/third_party/fastpforlib -I/home/pei/Project/duckdb-polr/third_party/fast_float -I/home/pei/Project/duckdb-polr/third_party/re2 -I/home/pei/Project/duckdb-polr/third_party/miniz -I/home/pei/Project/duckdb-polr/third_party/utf8proc/include -I/home/pei/Project/duckdb-polr/third_party/miniparquet -I/home/pei/Project/duckdb-polr/third_party/concurrentqueue -I/home/pei/Project/duckdb-polr/third_party/pcg -I/home/pei/Project/duckdb-polr/third_party/tdigest -I/home/pei/Project/duckdb-polr/third_party/mbedtls/include -I/home/pei/Project/duckdb-polr/third_party/jaro_winkler -O3 -DNDEBUG -O3 -DNDEBUG   -fPIC -fdiagnostics-color=always -std=c++11 -MD -MT src/function/scalar/union/CMakeFiles/duckdb_func_union.dir/ub_duckdb_func_union.cpp.o -MF src/function/scalar/union/CMakeFiles/duckdb_func_union.dir/ub_duckdb_func_union.cpp.o.d -o src/function/scalar/union/CMakeFiles/duckdb_func_union.dir/ub_duckdb_func_union.cpp.o -c /home/pei/Project/duckdb-polr/build/release/src/function/scalar/union/ub_duckdb_func_union.cpp
[54/376] /usr/bin/ccache /usr/lib/ccache/c++ -DDUCKDB -DDUCKDB_BUILD_LIBRARY -DDUCKDB_MAIN_LIBRARY -DENABLE_CROSS_PRODUCT_REWRITE=0 -DENABLE_DEBUG_PRINT=0 -DENABLE_MEASURE_EXE_TIME=0 -DENABLE_MERGE_BACK_PLAN=0 -DENABLE_PARALLEL_EXECUTION=0 -DENABLE_QUERY_SPLIT=0 -DENABLE_SPECIFY_EST_STAT=0 -I/home/pei/Project/duckdb-polr/src/include -I/home/pei/Project/duckdb-polr/third_party/fsst -I/home/pei/Project/duckdb-polr/third_party/fmt/include -I/home/pei/Project/duckdb-polr/third_party/hyperloglog -I/home/pei/Project/duckdb-polr/third_party/fastpforlib -I/home/pei/Project/duckdb-polr/third_party/fast_float -I/home/pei/Project/duckdb-polr/third_party/re2 -I/home/pei/Project/duckdb-polr/third_party/miniz -I/home/pei/Project/duckdb-polr/third_party/utf8proc/include -I/home/pei/Project/duckdb-polr/third_party/miniparquet -I/home/pei/Project/duckdb-polr/third_party/concurrentqueue -I/home/pei/Project/duckdb-polr/third_party/pcg -I/home/pei/Project/duckdb-polr/third_party/tdigest -I/home/pei/Project/duckdb-polr/third_party/mbedtls/include -I/home/pei/Project/duckdb-polr/third_party/jaro_winkler -O3 -DNDEBUG -O3 -DNDEBUG   -fPIC -fdiagnostics-color=always -std=c++11 -MD -MT src/function/scalar/string/CMakeFiles/duckdb_func_string.dir/ub_duckdb_func_string.cpp.o -MF src/function/scalar/string/CMakeFiles/duckdb_func_string.dir/ub_duckdb_func_string.cpp.o.d -o src/function/scalar/string/CMakeFiles/duckdb_func_string.dir/ub_duckdb_func_string.cpp.o -c /home/pei/Project/duckdb-polr/build/release/src/function/scalar/string/ub_duckdb_func_string.cpp
[55/376] /usr/bin/ccache /usr/lib/ccache/c++ -DDUCKDB -DDUCKDB_BUILD_LIBRARY -DDUCKDB_MAIN_LIBRARY -DENABLE_CROSS_PRODUCT_REWRITE=0 -DENABLE_DEBUG_PRINT=0 -DENABLE_MEASURE_EXE_TIME=0 -DENABLE_MERGE_BACK_PLAN=0 -DENABLE_PARALLEL_EXECUTION=0 -DENABLE_QUERY_SPLIT=0 -DENABLE_SPECIFY_EST_STAT=0 -I/home/pei/Project/duckdb-polr/src/include -I/home/pei/Project/duckdb-polr/third_party/fsst -I/home/pei/Project/duckdb-polr/third_party/fmt/include -I/home/pei/Project/duckdb-polr/third_party/hyperloglog -I/home/pei/Project/duckdb-polr/third_party/fastpforlib -I/home/pei/Project/duckdb-polr/third_party/fast_float -I/home/pei/Project/duckdb-polr/third_party/re2 -I/home/pei/Project/duckdb-polr/third_party/miniz -I/home/pei/Project/duckdb-polr/third_party/utf8proc/include -I/home/pei/Project/duckdb-polr/third_party/miniparquet -I/home/pei/Project/duckdb-polr/third_party/concurrentqueue -I/home/pei/Project/duckdb-polr/third_party/pcg -I/home/pei/Project/duckdb-polr/third_party/tdigest -I/home/pei/Project/duckdb-polr/third_party/mbedtls/include -I/home/pei/Project/duckdb-polr/third_party/jaro_winkler -O3 -DNDEBUG -O3 -DNDEBUG   -fPIC -fdiagnostics-color=always -std=c++11 -MD -MT src/function/scalar/enum/CMakeFiles/duckdb_func_enum.dir/ub_duckdb_func_enum.cpp.o -MF src/function/scalar/enum/CMakeFiles/duckdb_func_enum.dir/ub_duckdb_func_enum.cpp.o.d -o src/function/scalar/enum/CMakeFiles/duckdb_func_enum.dir/ub_duckdb_func_enum.cpp.o -c /home/pei/Project/duckdb-polr/build/release/src/function/scalar/enum/ub_duckdb_func_enum.cpp
[56/376] /usr/bin/ccache /usr/lib/ccache/c++ -DDUCKDB -DDUCKDB_BUILD_LIBRARY -DDUCKDB_MAIN_LIBRARY -DENABLE_CROSS_PRODUCT_REWRITE=0 -DENABLE_DEBUG_PRINT=0 -DENABLE_MEASURE_EXE_TIME=0 -DENABLE_MERGE_BACK_PLAN=0 -DENABLE_PARALLEL_EXECUTION=0 -DENABLE_QUERY_SPLIT=0 -DENABLE_SPECIFY_EST_STAT=0 -I/home/pei/Project/duckdb-polr/src/include -I/home/pei/Project/duckdb-polr/third_party/fsst -I/home/pei/Project/duckdb-polr/third_party/fmt/include -I/home/pei/Project/duckdb-polr/third_party/hyperloglog -I/home/pei/Project/duckdb-polr/third_party/fastpforlib -I/home/pei/Project/duckdb-polr/third_party/fast_float -I/home/pei/Project/duckdb-polr/third_party/re2 -I/home/pei/Project/duckdb-polr/third_party/miniz -I/home/pei/Project/duckdb-polr/third_party/utf8proc/include -I/home/pei/Project/duckdb-polr/third_party/miniparquet -I/home/pei/Project/duckdb-polr/third_party/concurrentqueue -I/home/pei/Project/duckdb-polr/third_party/pcg -I/home/pei/Project/duckdb-polr/third_party/tdigest -I/home/pei/Project/duckdb-polr/third_party/mbedtls/include -I/home/pei/Project/duckdb-polr/third_party/jaro_winkler -O3 -DNDEBUG -O3 -DNDEBUG   -fPIC -fdiagnostics-color=always -std=c++11 -MD -MT src/common/crypto/CMakeFiles/duckdb_common_crypto.dir/ub_duckdb_common_crypto.cpp.o -MF src/common/crypto/CMakeFiles/duckdb_common_crypto.dir/ub_duckdb_common_crypto.cpp.o.d -o src/common/crypto/CMakeFiles/duckdb_common_crypto.dir/ub_duckdb_common_crypto.cpp.o -c /home/pei/Project/duckdb-polr/build/release/src/common/crypto/ub_duckdb_common_crypto.cpp
[57/376] /usr/bin/ccache /usr/lib/ccache/c++ -DDUCKDB -DDUCKDB_BUILD_LIBRARY -DDUCKDB_MAIN_LIBRARY -DDUCKDB_SOURCE_ID=\"\"\"cd7a58694b\"\"\" -DDUCKDB_VERSION=\"\"\"v..1-dev\"\"\" -DENABLE_CROSS_PRODUCT_REWRITE=0 -DENABLE_DEBUG_PRINT=0 -DENABLE_MEASURE_EXE_TIME=0 -DENABLE_MERGE_BACK_PLAN=0 -DENABLE_PARALLEL_EXECUTION=0 -DENABLE_QUERY_SPLIT=0 -DENABLE_SPECIFY_EST_STAT=0 -I/home/pei/Project/duckdb-polr/src/include -I/home/pei/Project/duckdb-polr/third_party/fsst -I/home/pei/Project/duckdb-polr/third_party/fmt/include -I/home/pei/Project/duckdb-polr/third_party/hyperloglog -I/home/pei/Project/duckdb-polr/third_party/fastpforlib -I/home/pei/Project/duckdb-polr/third_party/fast_float -I/home/pei/Project/duckdb-polr/third_party/re2 -I/home/pei/Project/duckdb-polr/third_party/miniz -I/home/pei/Project/duckdb-polr/third_party/utf8proc/include -I/home/pei/Project/duckdb-polr/third_party/miniparquet -I/home/pei/Project/duckdb-polr/third_party/concurrentqueue -I/home/pei/Project/duckdb-polr/third_party/pcg -I/home/pei/Project/duckdb-polr/third_party/tdigest -I/home/pei/Project/duckdb-polr/third_party/mbedtls/include -I/home/pei/Project/duckdb-polr/third_party/jaro_winkler -O3 -DNDEBUG -O3 -DNDEBUG   -fPIC -fdiagnostics-color=always -std=c++11 -MD -MT src/function/table/version/CMakeFiles/duckdb_func_table_version.dir/ub_duckdb_func_table_version.cpp.o -MF src/function/table/version/CMakeFiles/duckdb_func_table_version.dir/ub_duckdb_func_table_version.cpp.o.d -o src/function/table/version/CMakeFiles/duckdb_func_table_version.dir/ub_duckdb_func_table_version.cpp.o -c /home/pei/Project/duckdb-polr/build/release/src/function/table/version/ub_duckdb_func_table_version.cpp
[58/376] /usr/bin/ccache /usr/lib/ccache/c++ -DDUCKDB -DDUCKDB_BUILD_LIBRARY -DDUCKDB_MAIN_LIBRARY -DENABLE_CROSS_PRODUCT_REWRITE=0 -DENABLE_DEBUG_PRINT=0 -DENABLE_MEASURE_EXE_TIME=0 -DENABLE_MERGE_BACK_PLAN=0 -DENABLE_PARALLEL_EXECUTION=0 -DENABLE_QUERY_SPLIT=0 -DENABLE_SPECIFY_EST_STAT=0 -I/home/pei/Project/duckdb-polr/src/include -I/home/pei/Project/duckdb-polr/third_party/fsst -I/home/pei/Project/duckdb-polr/third_party/fmt/include -I/home/pei/Project/duckdb-polr/third_party/hyperloglog -I/home/pei/Project/duckdb-polr/third_party/fastpforlib -I/home/pei/Project/duckdb-polr/third_party/fast_float -I/home/pei/Project/duckdb-polr/third_party/re2 -I/home/pei/Project/duckdb-polr/third_party/miniz -I/home/pei/Project/duckdb-polr/third_party/utf8proc/include -I/home/pei/Project/duckdb-polr/third_party/miniparquet -I/home/pei/Project/duckdb-polr/third_party/concurrentqueue -I/home/pei/Project/duckdb-polr/third_party/pcg -I/home/pei/Project/duckdb-polr/third_party/tdigest -I/home/pei/Project/duckdb-polr/third_party/mbedtls/include -I/home/pei/Project/duckdb-polr/third_party/jaro_winkler -O3 -DNDEBUG -O3 -DNDEBUG   -fPIC -fdiagnostics-color=always -std=c++11 -MD -MT src/catalog/default/CMakeFiles/duckdb_catalog_default_entries.dir/ub_duckdb_catalog_default_entries.cpp.o -MF src/catalog/default/CMakeFiles/duckdb_catalog_default_entries.dir/ub_duckdb_catalog_default_entries.cpp.o.d -o src/catalog/default/CMakeFiles/duckdb_catalog_default_entries.dir/ub_duckdb_catalog_default_entries.cpp.o -c /home/pei/Project/duckdb-polr/build/release/src/catalog/default/ub_duckdb_catalog_default_entries.cpp
[59/376] /usr/bin/ccache /usr/lib/ccache/c++ -DDUCKDB -DDUCKDB_BUILD_LIBRARY -DDUCKDB_MAIN_LIBRARY -DENABLE_CROSS_PRODUCT_REWRITE=0 -DENABLE_DEBUG_PRINT=0 -DENABLE_MEASURE_EXE_TIME=0 -DENABLE_MERGE_BACK_PLAN=0 -DENABLE_PARALLEL_EXECUTION=0 -DENABLE_QUERY_SPLIT=0 -DENABLE_SPECIFY_EST_STAT=0 -I/home/pei/Project/duckdb-polr/src/include -I/home/pei/Project/duckdb-polr/third_party/fsst -I/home/pei/Project/duckdb-polr/third_party/fmt/include -I/home/pei/Project/duckdb-polr/third_party/hyperloglog -I/home/pei/Project/duckdb-polr/third_party/fastpforlib -I/home/pei/Project/duckdb-polr/third_party/fast_float -I/home/pei/Project/duckdb-polr/third_party/re2 -I/home/pei/Project/duckdb-polr/third_party/miniz -I/home/pei/Project/duckdb-polr/third_party/utf8proc/include -I/home/pei/Project/duckdb-polr/third_party/miniparquet -I/home/pei/Project/duckdb-polr/third_party/concurrentqueue -I/home/pei/Project/duckdb-polr/third_party/pcg -I/home/pei/Project/duckdb-polr/third_party/tdigest -I/home/pei/Project/duckdb-polr/third_party/mbedtls/include -I/home/pei/Project/duckdb-polr/third_party/jaro_winkler -O3 -DNDEBUG -O3 -DNDEBUG   -fPIC -fdiagnostics-color=always -std=c++11 -MD -MT src/function/table/CMakeFiles/duckdb_func_table.dir/ub_duckdb_func_table.cpp.o -MF src/function/table/CMakeFiles/duckdb_func_table.dir/ub_duckdb_func_table.cpp.o.d -o src/function/table/CMakeFiles/duckdb_func_table.dir/ub_duckdb_func_table.cpp.o -c /home/pei/Project/duckdb-polr/build/release/src/function/table/ub_duckdb_func_table.cpp
[60/376] /usr/bin/ccache /usr/lib/ccache/c++ -DDUCKDB -DDUCKDB_BUILD_LIBRARY -DDUCKDB_MAIN_LIBRARY -DENABLE_CROSS_PRODUCT_REWRITE=0 -DENABLE_DEBUG_PRINT=0 -DENABLE_MEASURE_EXE_TIME=0 -DENABLE_MERGE_BACK_PLAN=0 -DENABLE_PARALLEL_EXECUTION=0 -DENABLE_QUERY_SPLIT=0 -DENABLE_SPECIFY_EST_STAT=0 -I/home/pei/Project/duckdb-polr/src/include -I/home/pei/Project/duckdb-polr/third_party/fsst -I/home/pei/Project/duckdb-polr/third_party/fmt/include -I/home/pei/Project/duckdb-polr/third_party/hyperloglog -I/home/pei/Project/duckdb-polr/third_party/fastpforlib -I/home/pei/Project/duckdb-polr/third_party/fast_float -I/home/pei/Project/duckdb-polr/third_party/re2 -I/home/pei/Project/duckdb-polr/third_party/miniz -I/home/pei/Project/duckdb-polr/third_party/utf8proc/include -I/home/pei/Project/duckdb-polr/third_party/miniparquet -I/home/pei/Project/duckdb-polr/third_party/concurrentqueue -I/home/pei/Project/duckdb-polr/third_party/pcg -I/home/pei/Project/duckdb-polr/third_party/tdigest -I/home/pei/Project/duckdb-polr/third_party/mbedtls/include -I/home/pei/Project/duckdb-polr/third_party/jaro_winkler -O3 -DNDEBUG -O3 -DNDEBUG   -fPIC -fdiagnostics-color=always -std=c++11 -MD -MT src/common/arrow/CMakeFiles/duckdb_common_arrow.dir/ub_duckdb_common_arrow.cpp.o -MF src/common/arrow/CMakeFiles/duckdb_common_arrow.dir/ub_duckdb_common_arrow.cpp.o.d -o src/common/arrow/CMakeFiles/duckdb_common_arrow.dir/ub_duckdb_common_arrow.cpp.o -c /home/pei/Project/duckdb-polr/build/release/src/common/arrow/ub_duckdb_common_arrow.cpp
[61/376] /usr/bin/ccache /usr/lib/ccache/c++ -DDUCKDB -DDUCKDB_BUILD_LIBRARY -DDUCKDB_MAIN_LIBRARY -DENABLE_CROSS_PRODUCT_REWRITE=0 -DENABLE_DEBUG_PRINT=0 -DENABLE_MEASURE_EXE_TIME=0 -DENABLE_MERGE_BACK_PLAN=0 -DENABLE_PARALLEL_EXECUTION=0 -DENABLE_QUERY_SPLIT=0 -DENABLE_SPECIFY_EST_STAT=0 -I/home/pei/Project/duckdb-polr/src/include -I/home/pei/Project/duckdb-polr/third_party/fsst -I/home/pei/Project/duckdb-polr/third_party/fmt/include -I/home/pei/Project/duckdb-polr/third_party/hyperloglog -I/home/pei/Project/duckdb-polr/third_party/fastpforlib -I/home/pei/Project/duckdb-polr/third_party/fast_float -I/home/pei/Project/duckdb-polr/third_party/re2 -I/home/pei/Project/duckdb-polr/third_party/miniz -I/home/pei/Project/duckdb-polr/third_party/utf8proc/include -I/home/pei/Project/duckdb-polr/third_party/miniparquet -I/home/pei/Project/duckdb-polr/third_party/concurrentqueue -I/home/pei/Project/duckdb-polr/third_party/pcg -I/home/pei/Project/duckdb-polr/third_party/tdigest -I/home/pei/Project/duckdb-polr/third_party/mbedtls/include -I/home/pei/Project/duckdb-polr/third_party/jaro_winkler -O3 -DNDEBUG -O3 -DNDEBUG   -fPIC -fdiagnostics-color=always -std=c++11 -MD -MT src/common/enums/CMakeFiles/duckdb_common_enums.dir/ub_duckdb_common_enums.cpp.o -MF src/common/enums/CMakeFiles/duckdb_common_enums.dir/ub_duckdb_common_enums.cpp.o.d -o src/common/enums/CMakeFiles/duckdb_common_enums.dir/ub_duckdb_common_enums.cpp.o -c /home/pei/Project/duckdb-polr/build/release/src/common/enums/ub_duckdb_common_enums.cpp
[62/376] /usr/bin/ccache /usr/lib/ccache/c++ -DDUCKDB -DDUCKDB_BUILD_LIBRARY -DDUCKDB_MAIN_LIBRARY -DENABLE_CROSS_PRODUCT_REWRITE=0 -DENABLE_DEBUG_PRINT=0 -DENABLE_MEASURE_EXE_TIME=0 -DENABLE_MERGE_BACK_PLAN=0 -DENABLE_PARALLEL_EXECUTION=0 -DENABLE_QUERY_SPLIT=0 -DENABLE_SPECIFY_EST_STAT=0 -I/home/pei/Project/duckdb-polr/src/include -I/home/pei/Project/duckdb-polr/third_party/fsst -I/home/pei/Project/duckdb-polr/third_party/fmt/include -I/home/pei/Project/duckdb-polr/third_party/hyperloglog -I/home/pei/Project/duckdb-polr/third_party/fastpforlib -I/home/pei/Project/duckdb-polr/third_party/fast_float -I/home/pei/Project/duckdb-polr/third_party/re2 -I/home/pei/Project/duckdb-polr/third_party/miniz -I/home/pei/Project/duckdb-polr/third_party/utf8proc/include -I/home/pei/Project/duckdb-polr/third_party/miniparquet -I/home/pei/Project/duckdb-polr/third_party/concurrentqueue -I/home/pei/Project/duckdb-polr/third_party/pcg -I/home/pei/Project/duckdb-polr/third_party/tdigest -I/home/pei/Project/duckdb-polr/third_party/mbedtls/include -I/home/pei/Project/duckdb-polr/third_party/jaro_winkler -O3 -DNDEBUG -O3 -DNDEBUG   -fPIC -fdiagnostics-color=always -std=c++11 -MD -MT src/function/table/system/CMakeFiles/duckdb_table_func_system.dir/ub_duckdb_table_func_system.cpp.o -MF src/function/table/system/CMakeFiles/duckdb_table_func_system.dir/ub_duckdb_table_func_system.cpp.o.d -o src/function/table/system/CMakeFiles/duckdb_table_func_system.dir/ub_duckdb_table_func_system.cpp.o -c /home/pei/Project/duckdb-polr/build/release/src/function/table/system/ub_duckdb_table_func_system.cpp
[63/376] /usr/bin/ccache /usr/lib/ccache/c++ -DDUCKDB -DDUCKDB_BUILD_LIBRARY -DDUCKDB_MAIN_LIBRARY -DENABLE_CROSS_PRODUCT_REWRITE=0 -DENABLE_DEBUG_PRINT=0 -DENABLE_MEASURE_EXE_TIME=0 -DENABLE_MERGE_BACK_PLAN=0 -DENABLE_PARALLEL_EXECUTION=0 -DENABLE_QUERY_SPLIT=0 -DENABLE_SPECIFY_EST_STAT=0 -I/home/pei/Project/duckdb-polr/src/include -I/home/pei/Project/duckdb-polr/third_party/fsst -I/home/pei/Project/duckdb-polr/third_party/fmt/include -I/home/pei/Project/duckdb-polr/third_party/hyperloglog -I/home/pei/Project/duckdb-polr/third_party/fastpforlib -I/home/pei/Project/duckdb-polr/third_party/fast_float -I/home/pei/Project/duckdb-polr/third_party/re2 -I/home/pei/Project/duckdb-polr/third_party/miniz -I/home/pei/Project/duckdb-polr/third_party/utf8proc/include -I/home/pei/Project/duckdb-polr/third_party/miniparquet -I/home/pei/Project/duckdb-polr/third_party/concurrentqueue -I/home/pei/Project/duckdb-polr/third_party/pcg -I/home/pei/Project/duckdb-polr/third_party/tdigest -I/home/pei/Project/duckdb-polr/third_party/mbedtls/include -I/home/pei/Project/duckdb-polr/third_party/jaro_winkler -O3 -DNDEBUG -O3 -DNDEBUG   -fPIC -fdiagnostics-color=always -std=c++11 -MD -MT src/catalog/CMakeFiles/duckdb_catalog.dir/ub_duckdb_catalog.cpp.o -MF src/catalog/CMakeFiles/duckdb_catalog.dir/ub_duckdb_catalog.cpp.o.d -o src/catalog/CMakeFiles/duckdb_catalog.dir/ub_duckdb_catalog.cpp.o -c /home/pei/Project/duckdb-polr/build/release/src/catalog/ub_duckdb_catalog.cpp
[64/376] /usr/bin/ccache /usr/lib/ccache/c++ -DDUCKDB -DDUCKDB_BUILD_LIBRARY -DDUCKDB_MAIN_LIBRARY -DENABLE_CROSS_PRODUCT_REWRITE=0 -DENABLE_DEBUG_PRINT=0 -DENABLE_MEASURE_EXE_TIME=0 -DENABLE_MERGE_BACK_PLAN=0 -DENABLE_PARALLEL_EXECUTION=0 -DENABLE_QUERY_SPLIT=0 -DENABLE_SPECIFY_EST_STAT=0 -I/home/pei/Project/duckdb-polr/src/include -I/home/pei/Project/duckdb-polr/third_party/fsst -I/home/pei/Project/duckdb-polr/third_party/fmt/include -I/home/pei/Project/duckdb-polr/third_party/hyperloglog -I/home/pei/Project/duckdb-polr/third_party/fastpforlib -I/home/pei/Project/duckdb-polr/third_party/fast_float -I/home/pei/Project/duckdb-polr/third_party/re2 -I/home/pei/Project/duckdb-polr/third_party/miniz -I/home/pei/Project/duckdb-polr/third_party/utf8proc/include -I/home/pei/Project/duckdb-polr/third_party/miniparquet -I/home/pei/Project/duckdb-polr/third_party/concurrentqueue -I/home/pei/Project/duckdb-polr/third_party/pcg -I/home/pei/Project/duckdb-polr/third_party/tdigest -I/home/pei/Project/duckdb-polr/third_party/mbedtls/include -I/home/pei/Project/duckdb-polr/third_party/jaro_winkler -O3 -DNDEBUG -O3 -DNDEBUG   -fPIC -fdiagnostics-color=always -std=c++11 -MD -MT src/catalog/catalog_entry/CMakeFiles/duckdb_catalog_entries.dir/ub_duckdb_catalog_entries.cpp.o -MF src/catalog/catalog_entry/CMakeFiles/duckdb_catalog_entries.dir/ub_duckdb_catalog_entries.cpp.o.d -o src/catalog/catalog_entry/CMakeFiles/duckdb_catalog_entries.dir/ub_duckdb_catalog_entries.cpp.o -c /home/pei/Project/duckdb-polr/build/release/src/catalog/catalog_entry/ub_duckdb_catalog_entries.cpp
[65/376] /usr/bin/ccache /usr/lib/ccache/c++ -DDUCKDB -DDUCKDB_BUILD_LIBRARY -DDUCKDB_MAIN_LIBRARY -DENABLE_CROSS_PRODUCT_REWRITE=0 -DENABLE_DEBUG_PRINT=0 -DENABLE_MEASURE_EXE_TIME=0 -DENABLE_MERGE_BACK_PLAN=0 -DENABLE_PARALLEL_EXECUTION=0 -DENABLE_QUERY_SPLIT=0 -DENABLE_SPECIFY_EST_STAT=0 -I/home/pei/Project/duckdb-polr/src/include -I/home/pei/Project/duckdb-polr/third_party/fsst -I/home/pei/Project/duckdb-polr/third_party/fmt/include -I/home/pei/Project/duckdb-polr/third_party/hyperloglog -I/home/pei/Project/duckdb-polr/third_party/fastpforlib -I/home/pei/Project/duckdb-polr/third_party/fast_float -I/home/pei/Project/duckdb-polr/third_party/re2 -I/home/pei/Project/duckdb-polr/third_party/miniz -I/home/pei/Project/duckdb-polr/third_party/utf8proc/include -I/home/pei/Project/duckdb-polr/third_party/miniparquet -I/home/pei/Project/duckdb-polr/third_party/concurrentqueue -I/home/pei/Project/duckdb-polr/third_party/pcg -I/home/pei/Project/duckdb-polr/third_party/tdigest -I/home/pei/Project/duckdb-polr/third_party/mbedtls/include -I/home/pei/Project/duckdb-polr/third_party/jaro_winkler -O3 -DNDEBUG -O3 -DNDEBUG   -fPIC -fdiagnostics-color=always -std=c++11 -MD -MT src/common/operator/CMakeFiles/duckdb_common_operators.dir/ub_duckdb_common_operators.cpp.o -MF src/common/operator/CMakeFiles/duckdb_common_operators.dir/ub_duckdb_common_operators.cpp.o.d -o src/common/operator/CMakeFiles/duckdb_common_operators.dir/ub_duckdb_common_operators.cpp.o -c /home/pei/Project/duckdb-polr/build/release/src/common/operator/ub_duckdb_common_operators.cpp
[66/376] /usr/bin/ccache /usr/lib/ccache/c++ -DDUCKDB -DDUCKDB_BUILD_LIBRARY -DDUCKDB_MAIN_LIBRARY -DENABLE_CROSS_PRODUCT_REWRITE=0 -DENABLE_DEBUG_PRINT=0 -DENABLE_MEASURE_EXE_TIME=0 -DENABLE_MERGE_BACK_PLAN=0 -DENABLE_PARALLEL_EXECUTION=0 -DENABLE_QUERY_SPLIT=0 -DENABLE_SPECIFY_EST_STAT=0 -I/home/pei/Project/duckdb-polr/src/include -I/home/pei/Project/duckdb-polr/third_party/fsst -I/home/pei/Project/duckdb-polr/third_party/fmt/include -I/home/pei/Project/duckdb-polr/third_party/hyperloglog -I/home/pei/Project/duckdb-polr/third_party/fastpforlib -I/home/pei/Project/duckdb-polr/third_party/fast_float -I/home/pei/Project/duckdb-polr/third_party/re2 -I/home/pei/Project/duckdb-polr/third_party/miniz -I/home/pei/Project/duckdb-polr/third_party/utf8proc/include -I/home/pei/Project/duckdb-polr/third_party/miniparquet -I/home/pei/Project/duckdb-polr/third_party/concurrentqueue -I/home/pei/Project/duckdb-polr/third_party/pcg -I/home/pei/Project/duckdb-polr/third_party/tdigest -I/home/pei/Project/duckdb-polr/third_party/mbedtls/include -I/home/pei/Project/duckdb-polr/third_party/jaro_winkler -O3 -DNDEBUG -O3 -DNDEBUG   -fPIC -fdiagnostics-color=always -std=c++11 -MD -MT src/common/serializer/CMakeFiles/duckdb_common_serializer.dir/ub_duckdb_common_serializer.cpp.o -MF src/common/serializer/CMakeFiles/duckdb_common_serializer.dir/ub_duckdb_common_serializer.cpp.o.d -o src/common/serializer/CMakeFiles/duckdb_common_serializer.dir/ub_duckdb_common_serializer.cpp.o -c /home/pei/Project/duckdb-polr/build/release/src/common/serializer/ub_duckdb_common_serializer.cpp
[67/376] /usr/bin/ccache /usr/lib/ccache/c++ -DDUCKDB -DDUCKDB_BUILD_LIBRARY -DDUCKDB_MAIN_LIBRARY -DENABLE_CROSS_PRODUCT_REWRITE=0 -DENABLE_DEBUG_PRINT=0 -DENABLE_MEASURE_EXE_TIME=0 -DENABLE_MERGE_BACK_PLAN=0 -DENABLE_PARALLEL_EXECUTION=0 -DENABLE_QUERY_SPLIT=0 -DENABLE_SPECIFY_EST_STAT=0 -I/home/pei/Project/duckdb-polr/src/include -I/home/pei/Project/duckdb-polr/third_party/fsst -I/home/pei/Project/duckdb-polr/third_party/fmt/include -I/home/pei/Project/duckdb-polr/third_party/hyperloglog -I/home/pei/Project/duckdb-polr/third_party/fastpforlib -I/home/pei/Project/duckdb-polr/third_party/fast_float -I/home/pei/Project/duckdb-polr/third_party/re2 -I/home/pei/Project/duckdb-polr/third_party/miniz -I/home/pei/Project/duckdb-polr/third_party/utf8proc/include -I/home/pei/Project/duckdb-polr/third_party/miniparquet -I/home/pei/Project/duckdb-polr/third_party/concurrentqueue -I/home/pei/Project/duckdb-polr/third_party/pcg -I/home/pei/Project/duckdb-polr/third_party/tdigest -I/home/pei/Project/duckdb-polr/third_party/mbedtls/include -I/home/pei/Project/duckdb-polr/third_party/jaro_winkler -O3 -DNDEBUG -O3 -DNDEBUG   -fPIC -fdiagnostics-color=always -std=c++11 -MD -MT src/common/progress_bar/CMakeFiles/duckdb_progress_bar.dir/ub_duckdb_progress_bar.cpp.o -MF src/common/progress_bar/CMakeFiles/duckdb_progress_bar.dir/ub_duckdb_progress_bar.cpp.o.d -o src/common/progress_bar/CMakeFiles/duckdb_progress_bar.dir/ub_duckdb_progress_bar.cpp.o -c /home/pei/Project/duckdb-polr/build/release/src/common/progress_bar/ub_duckdb_progress_bar.cpp
[68/376] /usr/bin/ccache /usr/lib/ccache/c++ -DDUCKDB -DDUCKDB_BUILD_LIBRARY -DDUCKDB_MAIN_LIBRARY -DENABLE_CROSS_PRODUCT_REWRITE=0 -DENABLE_DEBUG_PRINT=0 -DENABLE_MEASURE_EXE_TIME=0 -DENABLE_MERGE_BACK_PLAN=0 -DENABLE_PARALLEL_EXECUTION=0 -DENABLE_QUERY_SPLIT=0 -DENABLE_SPECIFY_EST_STAT=0 -I/home/pei/Project/duckdb-polr/src/include -I/home/pei/Project/duckdb-polr/third_party/fsst -I/home/pei/Project/duckdb-polr/third_party/fmt/include -I/home/pei/Project/duckdb-polr/third_party/hyperloglog -I/home/pei/Project/duckdb-polr/third_party/fastpforlib -I/home/pei/Project/duckdb-polr/third_party/fast_float -I/home/pei/Project/duckdb-polr/third_party/re2 -I/home/pei/Project/duckdb-polr/third_party/miniz -I/home/pei/Project/duckdb-polr/third_party/utf8proc/include -I/home/pei/Project/duckdb-polr/third_party/miniparquet -I/home/pei/Project/duckdb-polr/third_party/concurrentqueue -I/home/pei/Project/duckdb-polr/third_party/pcg -I/home/pei/Project/duckdb-polr/third_party/tdigest -I/home/pei/Project/duckdb-polr/third_party/mbedtls/include -I/home/pei/Project/duckdb-polr/third_party/jaro_winkler -O3 -DNDEBUG -O3 -DNDEBUG   -fPIC -fdiagnostics-color=always -std=c++11 -MD -MT src/common/value_operations/CMakeFiles/duckdb_value_operations.dir/ub_duckdb_value_operations.cpp.o -MF src/common/value_operations/CMakeFiles/duckdb_value_operations.dir/ub_duckdb_value_operations.cpp.o.d -o src/common/value_operations/CMakeFiles/duckdb_value_operations.dir/ub_duckdb_value_operations.cpp.o -c /home/pei/Project/duckdb-polr/build/release/src/common/value_operations/ub_duckdb_value_operations.cpp
[69/376] /usr/bin/ccache /usr/lib/ccache/c++ -DDUCKDB -DDUCKDB_BUILD_LIBRARY -DDUCKDB_MAIN_LIBRARY -DENABLE_CROSS_PRODUCT_REWRITE=0 -DENABLE_DEBUG_PRINT=0 -DENABLE_MEASURE_EXE_TIME=0 -DENABLE_MERGE_BACK_PLAN=0 -DENABLE_PARALLEL_EXECUTION=0 -DENABLE_QUERY_SPLIT=0 -DENABLE_SPECIFY_EST_STAT=0 -I/home/pei/Project/duckdb-polr/src/include -I/home/pei/Project/duckdb-polr/third_party/fsst -I/home/pei/Project/duckdb-polr/third_party/fmt/include -I/home/pei/Project/duckdb-polr/third_party/hyperloglog -I/home/pei/Project/duckdb-polr/third_party/fastpforlib -I/home/pei/Project/duckdb-polr/third_party/fast_float -I/home/pei/Project/duckdb-polr/third_party/re2 -I/home/pei/Project/duckdb-polr/third_party/miniz -I/home/pei/Project/duckdb-polr/third_party/utf8proc/include -I/home/pei/Project/duckdb-polr/third_party/miniparquet -I/home/pei/Project/duckdb-polr/third_party/concurrentqueue -I/home/pei/Project/duckdb-polr/third_party/pcg -I/home/pei/Project/duckdb-polr/third_party/tdigest -I/home/pei/Project/duckdb-polr/third_party/mbedtls/include -I/home/pei/Project/duckdb-polr/third_party/jaro_winkler -O3 -DNDEBUG -O3 -DNDEBUG   -fPIC -fdiagnostics-color=always -std=c++11 -MD -MT src/common/vector_operations/CMakeFiles/duckdb_vector_operations.dir/boolean_operators.cpp.o -MF src/common/vector_operations/CMakeFiles/duckdb_vector_operations.dir/boolean_operators.cpp.o.d -o src/common/vector_operations/CMakeFiles/duckdb_vector_operations.dir/boolean_operators.cpp.o -c /home/pei/Project/duckdb-polr/src/common/vector_operations/boolean_operators.cpp
[70/376] /usr/bin/ccache /usr/lib/ccache/c++ -DDUCKDB -DDUCKDB_BUILD_LIBRARY -DDUCKDB_MAIN_LIBRARY -DENABLE_CROSS_PRODUCT_REWRITE=0 -DENABLE_DEBUG_PRINT=0 -DENABLE_MEASURE_EXE_TIME=0 -DENABLE_MERGE_BACK_PLAN=0 -DENABLE_PARALLEL_EXECUTION=0 -DENABLE_QUERY_SPLIT=0 -DENABLE_SPECIFY_EST_STAT=0 -I/home/pei/Project/duckdb-polr/src/include -I/home/pei/Project/duckdb-polr/third_party/fsst -I/home/pei/Project/duckdb-polr/third_party/fmt/include -I/home/pei/Project/duckdb-polr/third_party/hyperloglog -I/home/pei/Project/duckdb-polr/third_party/fastpforlib -I/home/pei/Project/duckdb-polr/third_party/fast_float -I/home/pei/Project/duckdb-polr/third_party/re2 -I/home/pei/Project/duckdb-polr/third_party/miniz -I/home/pei/Project/duckdb-polr/third_party/utf8proc/include -I/home/pei/Project/duckdb-polr/third_party/miniparquet -I/home/pei/Project/duckdb-polr/third_party/concurrentqueue -I/home/pei/Project/duckdb-polr/third_party/pcg -I/home/pei/Project/duckdb-polr/third_party/tdigest -I/home/pei/Project/duckdb-polr/third_party/mbedtls/include -I/home/pei/Project/duckdb-polr/third_party/jaro_winkler -O3 -DNDEBUG -O3 -DNDEBUG   -fPIC -fdiagnostics-color=always -std=c++11 -MD -MT src/common/row_operations/CMakeFiles/duckdb_row_operations.dir/ub_duckdb_row_operations.cpp.o -MF src/common/row_operations/CMakeFiles/duckdb_row_operations.dir/ub_duckdb_row_operations.cpp.o.d -o src/common/row_operations/CMakeFiles/duckdb_row_operations.dir/ub_duckdb_row_operations.cpp.o -c /home/pei/Project/duckdb-polr/build/release/src/common/row_operations/ub_duckdb_row_operations.cpp
[71/376] /usr/bin/ccache /usr/lib/ccache/c++ -DDUCKDB -DDUCKDB_BUILD_LIBRARY -DDUCKDB_MAIN_LIBRARY -DENABLE_CROSS_PRODUCT_REWRITE=0 -DENABLE_DEBUG_PRINT=0 -DENABLE_MEASURE_EXE_TIME=0 -DENABLE_MERGE_BACK_PLAN=0 -DENABLE_PARALLEL_EXECUTION=0 -DENABLE_QUERY_SPLIT=0 -DENABLE_SPECIFY_EST_STAT=0 -I/home/pei/Project/duckdb-polr/src/include -I/home/pei/Project/duckdb-polr/third_party/fsst -I/home/pei/Project/duckdb-polr/third_party/fmt/include -I/home/pei/Project/duckdb-polr/third_party/hyperloglog -I/home/pei/Project/duckdb-polr/third_party/fastpforlib -I/home/pei/Project/duckdb-polr/third_party/fast_float -I/home/pei/Project/duckdb-polr/third_party/re2 -I/home/pei/Project/duckdb-polr/third_party/miniz -I/home/pei/Project/duckdb-polr/third_party/utf8proc/include -I/home/pei/Project/duckdb-polr/third_party/miniparquet -I/home/pei/Project/duckdb-polr/third_party/concurrentqueue -I/home/pei/Project/duckdb-polr/third_party/pcg -I/home/pei/Project/duckdb-polr/third_party/tdigest -I/home/pei/Project/duckdb-polr/third_party/mbedtls/include -I/home/pei/Project/duckdb-polr/third_party/jaro_winkler -O3 -DNDEBUG -O3 -DNDEBUG   -fPIC -fdiagnostics-color=always -std=c++11 -MD -MT src/common/sort/CMakeFiles/duckdb_sort.dir/ub_duckdb_sort.cpp.o -MF src/common/sort/CMakeFiles/duckdb_sort.dir/ub_duckdb_sort.cpp.o.d -o src/common/sort/CMakeFiles/duckdb_sort.dir/ub_duckdb_sort.cpp.o -c /home/pei/Project/duckdb-polr/build/release/src/common/sort/ub_duckdb_sort.cpp
[72/376] /usr/bin/ccache /usr/lib/ccache/c++ -DDUCKDB -DDUCKDB_BUILD_LIBRARY -DDUCKDB_MAIN_LIBRARY -DENABLE_CROSS_PRODUCT_REWRITE=0 -DENABLE_DEBUG_PRINT=0 -DENABLE_MEASURE_EXE_TIME=0 -DENABLE_MERGE_BACK_PLAN=0 -DENABLE_PARALLEL_EXECUTION=0 -DENABLE_QUERY_SPLIT=0 -DENABLE_SPECIFY_EST_STAT=0 -I/home/pei/Project/duckdb-polr/src/include -I/home/pei/Project/duckdb-polr/third_party/fsst -I/home/pei/Project/duckdb-polr/third_party/fmt/include -I/home/pei/Project/duckdb-polr/third_party/hyperloglog -I/home/pei/Project/duckdb-polr/third_party/fastpforlib -I/home/pei/Project/duckdb-polr/third_party/fast_float -I/home/pei/Project/duckdb-polr/third_party/re2 -I/home/pei/Project/duckdb-polr/third_party/miniz -I/home/pei/Project/duckdb-polr/third_party/utf8proc/include -I/home/pei/Project/duckdb-polr/third_party/miniparquet -I/home/pei/Project/duckdb-polr/third_party/concurrentqueue -I/home/pei/Project/duckdb-polr/third_party/pcg -I/home/pei/Project/duckdb-polr/third_party/tdigest -I/home/pei/Project/duckdb-polr/third_party/mbedtls/include -I/home/pei/Project/duckdb-polr/third_party/jaro_winkler -O3 -DNDEBUG -O3 -DNDEBUG   -fPIC -fdiagnostics-color=always -std=c++11 -MD -MT src/common/vector_operations/CMakeFiles/duckdb_vector_operations.dir/vector_cast.cpp.o -MF src/common/vector_operations/CMakeFiles/duckdb_vector_operations.dir/vector_cast.cpp.o.d -o src/common/vector_operations/CMakeFiles/duckdb_vector_operations.dir/vector_cast.cpp.o -c /home/pei/Project/duckdb-polr/src/common/vector_operations/vector_cast.cpp
[73/376] /usr/bin/ccache /usr/lib/ccache/c++ -DDUCKDB -DDUCKDB_BUILD_LIBRARY -DDUCKDB_MAIN_LIBRARY -DENABLE_CROSS_PRODUCT_REWRITE=0 -DENABLE_DEBUG_PRINT=0 -DENABLE_MEASURE_EXE_TIME=0 -DENABLE_MERGE_BACK_PLAN=0 -DENABLE_PARALLEL_EXECUTION=0 -DENABLE_QUERY_SPLIT=0 -DENABLE_SPECIFY_EST_STAT=0 -I/home/pei/Project/duckdb-polr/src/include -I/home/pei/Project/duckdb-polr/third_party/fsst -I/home/pei/Project/duckdb-polr/third_party/fmt/include -I/home/pei/Project/duckdb-polr/third_party/hyperloglog -I/home/pei/Project/duckdb-polr/third_party/fastpforlib -I/home/pei/Project/duckdb-polr/third_party/fast_float -I/home/pei/Project/duckdb-polr/third_party/re2 -I/home/pei/Project/duckdb-polr/third_party/miniz -I/home/pei/Project/duckdb-polr/third_party/utf8proc/include -I/home/pei/Project/duckdb-polr/third_party/miniparquet -I/home/pei/Project/duckdb-polr/third_party/concurrentqueue -I/home/pei/Project/duckdb-polr/third_party/pcg -I/home/pei/Project/duckdb-polr/third_party/tdigest -I/home/pei/Project/duckdb-polr/third_party/mbedtls/include -I/home/pei/Project/duckdb-polr/third_party/jaro_winkler -O3 -DNDEBUG -O3 -DNDEBUG   -fPIC -fdiagnostics-color=always -std=c++11 -MD -MT src/common/vector_operations/CMakeFiles/duckdb_vector_operations.dir/comparison_operators.cpp.o -MF src/common/vector_operations/CMakeFiles/duckdb_vector_operations.dir/comparison_operators.cpp.o.d -o src/common/vector_operations/CMakeFiles/duckdb_vector_operations.dir/comparison_operators.cpp.o -c /home/pei/Project/duckdb-polr/src/common/vector_operations/comparison_operators.cpp
[74/376] /usr/bin/ccache /usr/lib/ccache/c++ -DDUCKDB -DDUCKDB_BUILD_LIBRARY -DDUCKDB_MAIN_LIBRARY -DENABLE_CROSS_PRODUCT_REWRITE=0 -DENABLE_DEBUG_PRINT=0 -DENABLE_MEASURE_EXE_TIME=0 -DENABLE_MERGE_BACK_PLAN=0 -DENABLE_PARALLEL_EXECUTION=0 -DENABLE_QUERY_SPLIT=0 -DENABLE_SPECIFY_EST_STAT=0 -I/home/pei/Project/duckdb-polr/src/include -I/home/pei/Project/duckdb-polr/third_party/fsst -I/home/pei/Project/duckdb-polr/third_party/fmt/include -I/home/pei/Project/duckdb-polr/third_party/hyperloglog -I/home/pei/Project/duckdb-polr/third_party/fastpforlib -I/home/pei/Project/duckdb-polr/third_party/fast_float -I/home/pei/Project/duckdb-polr/third_party/re2 -I/home/pei/Project/duckdb-polr/third_party/miniz -I/home/pei/Project/duckdb-polr/third_party/utf8proc/include -I/home/pei/Project/duckdb-polr/third_party/miniparquet -I/home/pei/Project/duckdb-polr/third_party/concurrentqueue -I/home/pei/Project/duckdb-polr/third_party/pcg -I/home/pei/Project/duckdb-polr/third_party/tdigest -I/home/pei/Project/duckdb-polr/third_party/mbedtls/include -I/home/pei/Project/duckdb-polr/third_party/jaro_winkler -O3 -DNDEBUG -O3 -DNDEBUG   -fPIC -fdiagnostics-color=always -std=c++11 -MD -MT src/common/vector_operations/CMakeFiles/duckdb_vector_operations.dir/vector_hash.cpp.o -MF src/common/vector_operations/CMakeFiles/duckdb_vector_operations.dir/vector_hash.cpp.o.d -o src/common/vector_operations/CMakeFiles/duckdb_vector_operations.dir/vector_hash.cpp.o -c /home/pei/Project/duckdb-polr/src/common/vector_operations/vector_hash.cpp
[75/376] /usr/bin/ccache /usr/lib/ccache/c++ -DDUCKDB -DDUCKDB_BUILD_LIBRARY -DDUCKDB_MAIN_LIBRARY -DENABLE_CROSS_PRODUCT_REWRITE=0 -DENABLE_DEBUG_PRINT=0 -DENABLE_MEASURE_EXE_TIME=0 -DENABLE_MERGE_BACK_PLAN=0 -DENABLE_PARALLEL_EXECUTION=0 -DENABLE_QUERY_SPLIT=0 -DENABLE_SPECIFY_EST_STAT=0 -I/home/pei/Project/duckdb-polr/src/include -I/home/pei/Project/duckdb-polr/third_party/fsst -I/home/pei/Project/duckdb-polr/third_party/fmt/include -I/home/pei/Project/duckdb-polr/third_party/hyperloglog -I/home/pei/Project/duckdb-polr/third_party/fastpforlib -I/home/pei/Project/duckdb-polr/third_party/fast_float -I/home/pei/Project/duckdb-polr/third_party/re2 -I/home/pei/Project/duckdb-polr/third_party/miniz -I/home/pei/Project/duckdb-polr/third_party/utf8proc/include -I/home/pei/Project/duckdb-polr/third_party/miniparquet -I/home/pei/Project/duckdb-polr/third_party/concurrentqueue -I/home/pei/Project/duckdb-polr/third_party/pcg -I/home/pei/Project/duckdb-polr/third_party/tdigest -I/home/pei/Project/duckdb-polr/third_party/mbedtls/include -I/home/pei/Project/duckdb-polr/third_party/jaro_winkler -O3 -DNDEBUG -O3 -DNDEBUG   -fPIC -fdiagnostics-color=always -std=c++11 -MD -MT src/common/vector_operations/CMakeFiles/duckdb_vector_operations.dir/vector_storage.cpp.o -MF src/common/vector_operations/CMakeFiles/duckdb_vector_operations.dir/vector_storage.cpp.o.d -o src/common/vector_operations/CMakeFiles/duckdb_vector_operations.dir/vector_storage.cpp.o -c /home/pei/Project/duckdb-polr/src/common/vector_operations/vector_storage.cpp
[76/376] /usr/bin/ccache /usr/lib/ccache/c++ -DDUCKDB -DDUCKDB_BUILD_LIBRARY -DDUCKDB_MAIN_LIBRARY -DENABLE_CROSS_PRODUCT_REWRITE=0 -DENABLE_DEBUG_PRINT=0 -DENABLE_MEASURE_EXE_TIME=0 -DENABLE_MERGE_BACK_PLAN=0 -DENABLE_PARALLEL_EXECUTION=0 -DENABLE_QUERY_SPLIT=0 -DENABLE_SPECIFY_EST_STAT=0 -I/home/pei/Project/duckdb-polr/src/include -I/home/pei/Project/duckdb-polr/third_party/fsst -I/home/pei/Project/duckdb-polr/third_party/fmt/include -I/home/pei/Project/duckdb-polr/third_party/hyperloglog -I/home/pei/Project/duckdb-polr/third_party/fastpforlib -I/home/pei/Project/duckdb-polr/third_party/fast_float -I/home/pei/Project/duckdb-polr/third_party/re2 -I/home/pei/Project/duckdb-polr/third_party/miniz -I/home/pei/Project/duckdb-polr/third_party/utf8proc/include -I/home/pei/Project/duckdb-polr/third_party/miniparquet -I/home/pei/Project/duckdb-polr/third_party/concurrentqueue -I/home/pei/Project/duckdb-polr/third_party/pcg -I/home/pei/Project/duckdb-polr/third_party/tdigest -I/home/pei/Project/duckdb-polr/third_party/mbedtls/include -I/home/pei/Project/duckdb-polr/third_party/jaro_winkler -O3 -DNDEBUG -O3 -DNDEBUG   -fPIC -fdiagnostics-color=always -std=c++11 -MD -MT src/common/vector_operations/CMakeFiles/duckdb_vector_operations.dir/null_operations.cpp.o -MF src/common/vector_operations/CMakeFiles/duckdb_vector_operations.dir/null_operations.cpp.o.d -o src/common/vector_operations/CMakeFiles/duckdb_vector_operations.dir/null_operations.cpp.o -c /home/pei/Project/duckdb-polr/src/common/vector_operations/null_operations.cpp
[77/376] /usr/bin/ccache /usr/lib/ccache/c++ -DDUCKDB -DDUCKDB_BUILD_LIBRARY -DDUCKDB_MAIN_LIBRARY -DENABLE_CROSS_PRODUCT_REWRITE=0 -DENABLE_DEBUG_PRINT=0 -DENABLE_MEASURE_EXE_TIME=0 -DENABLE_MERGE_BACK_PLAN=0 -DENABLE_PARALLEL_EXECUTION=0 -DENABLE_QUERY_SPLIT=0 -DENABLE_SPECIFY_EST_STAT=0 -I/home/pei/Project/duckdb-polr/src/include -I/home/pei/Project/duckdb-polr/third_party/fsst -I/home/pei/Project/duckdb-polr/third_party/fmt/include -I/home/pei/Project/duckdb-polr/third_party/hyperloglog -I/home/pei/Project/duckdb-polr/third_party/fastpforlib -I/home/pei/Project/duckdb-polr/third_party/fast_float -I/home/pei/Project/duckdb-polr/third_party/re2 -I/home/pei/Project/duckdb-polr/third_party/miniz -I/home/pei/Project/duckdb-polr/third_party/utf8proc/include -I/home/pei/Project/duckdb-polr/third_party/miniparquet -I/home/pei/Project/duckdb-polr/third_party/concurrentqueue -I/home/pei/Project/duckdb-polr/third_party/pcg -I/home/pei/Project/duckdb-polr/third_party/tdigest -I/home/pei/Project/duckdb-polr/third_party/mbedtls/include -I/home/pei/Project/duckdb-polr/third_party/jaro_winkler -O3 -DNDEBUG -O3 -DNDEBUG   -fPIC -fdiagnostics-color=always -std=c++11 -MD -MT src/common/vector_operations/CMakeFiles/duckdb_vector_operations.dir/vector_copy.cpp.o -MF src/common/vector_operations/CMakeFiles/duckdb_vector_operations.dir/vector_copy.cpp.o.d -o src/common/vector_operations/CMakeFiles/duckdb_vector_operations.dir/vector_copy.cpp.o -c /home/pei/Project/duckdb-polr/src/common/vector_operations/vector_copy.cpp
[78/376] /usr/bin/ccache /usr/lib/ccache/c++ -DDUCKDB -DDUCKDB_BUILD_LIBRARY -DDUCKDB_MAIN_LIBRARY -DENABLE_CROSS_PRODUCT_REWRITE=0 -DENABLE_DEBUG_PRINT=0 -DENABLE_MEASURE_EXE_TIME=0 -DENABLE_MERGE_BACK_PLAN=0 -DENABLE_PARALLEL_EXECUTION=0 -DENABLE_QUERY_SPLIT=0 -DENABLE_SPECIFY_EST_STAT=0 -I/home/pei/Project/duckdb-polr/src/include -I/home/pei/Project/duckdb-polr/third_party/fsst -I/home/pei/Project/duckdb-polr/third_party/fmt/include -I/home/pei/Project/duckdb-polr/third_party/hyperloglog -I/home/pei/Project/duckdb-polr/third_party/fastpforlib -I/home/pei/Project/duckdb-polr/third_party/fast_float -I/home/pei/Project/duckdb-polr/third_party/re2 -I/home/pei/Project/duckdb-polr/third_party/miniz -I/home/pei/Project/duckdb-polr/third_party/utf8proc/include -I/home/pei/Project/duckdb-polr/third_party/miniparquet -I/home/pei/Project/duckdb-polr/third_party/concurrentqueue -I/home/pei/Project/duckdb-polr/third_party/pcg -I/home/pei/Project/duckdb-polr/third_party/tdigest -I/home/pei/Project/duckdb-polr/third_party/mbedtls/include -I/home/pei/Project/duckdb-polr/third_party/jaro_winkler -O3 -DNDEBUG -O3 -DNDEBUG   -fPIC -fdiagnostics-color=always -std=c++11 -MD -MT src/common/vector_operations/CMakeFiles/duckdb_vector_operations.dir/generators.cpp.o -MF src/common/vector_operations/CMakeFiles/duckdb_vector_operations.dir/generators.cpp.o.d -o src/common/vector_operations/CMakeFiles/duckdb_vector_operations.dir/generators.cpp.o -c /home/pei/Project/duckdb-polr/src/common/vector_operations/generators.cpp
[79/376] /usr/bin/ccache /usr/lib/ccache/c++ -DDUCKDB -DDUCKDB_BUILD_LIBRARY -DDUCKDB_MAIN_LIBRARY -DENABLE_CROSS_PRODUCT_REWRITE=0 -DENABLE_DEBUG_PRINT=0 -DENABLE_MEASURE_EXE_TIME=0 -DENABLE_MERGE_BACK_PLAN=0 -DENABLE_PARALLEL_EXECUTION=0 -DENABLE_QUERY_SPLIT=0 -DENABLE_SPECIFY_EST_STAT=0 -I/home/pei/Project/duckdb-polr/src/include -I/home/pei/Project/duckdb-polr/third_party/fsst -I/home/pei/Project/duckdb-polr/third_party/fmt/include -I/home/pei/Project/duckdb-polr/third_party/hyperloglog -I/home/pei/Project/duckdb-polr/third_party/fastpforlib -I/home/pei/Project/duckdb-polr/third_party/fast_float -I/home/pei/Project/duckdb-polr/third_party/re2 -I/home/pei/Project/duckdb-polr/third_party/miniz -I/home/pei/Project/duckdb-polr/third_party/utf8proc/include -I/home/pei/Project/duckdb-polr/third_party/miniparquet -I/home/pei/Project/duckdb-polr/third_party/concurrentqueue -I/home/pei/Project/duckdb-polr/third_party/pcg -I/home/pei/Project/duckdb-polr/third_party/tdigest -I/home/pei/Project/duckdb-polr/third_party/mbedtls/include -I/home/pei/Project/duckdb-polr/third_party/jaro_winkler -O3 -DNDEBUG -O3 -DNDEBUG   -fPIC -fdiagnostics-color=always -std=c++11 -MD -MT src/common/vector_operations/CMakeFiles/duckdb_vector_operations.dir/numeric_inplace_operators.cpp.o -MF src/common/vector_operations/CMakeFiles/duckdb_vector_operations.dir/numeric_inplace_operators.cpp.o.d -o src/common/vector_operations/CMakeFiles/duckdb_vector_operations.dir/numeric_inplace_operators.cpp.o -c /home/pei/Project/duckdb-polr/src/common/vector_operations/numeric_inplace_operators.cpp
[80/376] /usr/bin/ccache /usr/lib/ccache/c++ -DDUCKDB -DDUCKDB_BUILD_LIBRARY -DDUCKDB_MAIN_LIBRARY -DENABLE_CROSS_PRODUCT_REWRITE=0 -DENABLE_DEBUG_PRINT=0 -DENABLE_MEASURE_EXE_TIME=0 -DENABLE_MERGE_BACK_PLAN=0 -DENABLE_PARALLEL_EXECUTION=0 -DENABLE_QUERY_SPLIT=0 -DENABLE_SPECIFY_EST_STAT=0 -I/home/pei/Project/duckdb-polr/src/include -I/home/pei/Project/duckdb-polr/third_party/fsst -I/home/pei/Project/duckdb-polr/third_party/fmt/include -I/home/pei/Project/duckdb-polr/third_party/hyperloglog -I/home/pei/Project/duckdb-polr/third_party/fastpforlib -I/home/pei/Project/duckdb-polr/third_party/fast_float -I/home/pei/Project/duckdb-polr/third_party/re2 -I/home/pei/Project/duckdb-polr/third_party/miniz -I/home/pei/Project/duckdb-polr/third_party/utf8proc/include -I/home/pei/Project/duckdb-polr/third_party/miniparquet -I/home/pei/Project/duckdb-polr/third_party/concurrentqueue -I/home/pei/Project/duckdb-polr/third_party/pcg -I/home/pei/Project/duckdb-polr/third_party/tdigest -I/home/pei/Project/duckdb-polr/third_party/mbedtls/include -I/home/pei/Project/duckdb-polr/third_party/jaro_winkler -O3 -DNDEBUG -O3 -DNDEBUG   -fPIC -fdiagnostics-color=always -std=c++11 -MD -MT src/common/types/CMakeFiles/duckdb_common_types.dir/ub_duckdb_common_types.cpp.o -MF src/common/types/CMakeFiles/duckdb_common_types.dir/ub_duckdb_common_types.cpp.o.d -o src/common/types/CMakeFiles/duckdb_common_types.dir/ub_duckdb_common_types.cpp.o -c /home/pei/Project/duckdb-polr/build/release/src/common/types/ub_duckdb_common_types.cpp
[81/376] /usr/bin/ccache /usr/lib/ccache/c++ -DDUCKDB -DDUCKDB_BUILD_LIBRARY -DDUCKDB_MAIN_LIBRARY -DENABLE_CROSS_PRODUCT_REWRITE=0 -DENABLE_DEBUG_PRINT=0 -DENABLE_MEASURE_EXE_TIME=0 -DENABLE_MERGE_BACK_PLAN=0 -DENABLE_PARALLEL_EXECUTION=0 -DENABLE_QUERY_SPLIT=0 -DENABLE_SPECIFY_EST_STAT=0 -I/home/pei/Project/duckdb-polr/src/include -I/home/pei/Project/duckdb-polr/third_party/fsst -I/home/pei/Project/duckdb-polr/third_party/fmt/include -I/home/pei/Project/duckdb-polr/third_party/hyperloglog -I/home/pei/Project/duckdb-polr/third_party/fastpforlib -I/home/pei/Project/duckdb-polr/third_party/fast_float -I/home/pei/Project/duckdb-polr/third_party/re2 -I/home/pei/Project/duckdb-polr/third_party/miniz -I/home/pei/Project/duckdb-polr/third_party/utf8proc/include -I/home/pei/Project/duckdb-polr/third_party/miniparquet -I/home/pei/Project/duckdb-polr/third_party/concurrentqueue -I/home/pei/Project/duckdb-polr/third_party/pcg -I/home/pei/Project/duckdb-polr/third_party/tdigest -I/home/pei/Project/duckdb-polr/third_party/mbedtls/include -I/home/pei/Project/duckdb-polr/third_party/jaro_winkler -O3 -DNDEBUG -O3 -DNDEBUG   -fPIC -fdiagnostics-color=always -std=c++11 -MD -MT src/execution/nested_loop_join/CMakeFiles/duckdb_nested_loop_join.dir/ub_duckdb_nested_loop_join.cpp.o -MF src/execution/nested_loop_join/CMakeFiles/duckdb_nested_loop_join.dir/ub_duckdb_nested_loop_join.cpp.o.d -o src/execution/nested_loop_join/CMakeFiles/duckdb_nested_loop_join.dir/ub_duckdb_nested_loop_join.cpp.o -c /home/pei/Project/duckdb-polr/build/release/src/execution/nested_loop_join/ub_duckdb_nested_loop_join.cpp
[82/376] /usr/bin/ccache /usr/lib/ccache/c++ -DDUCKDB -DDUCKDB_BUILD_LIBRARY -DDUCKDB_MAIN_LIBRARY -DENABLE_CROSS_PRODUCT_REWRITE=0 -DENABLE_DEBUG_PRINT=0 -DENABLE_MEASURE_EXE_TIME=0 -DENABLE_MERGE_BACK_PLAN=0 -DENABLE_PARALLEL_EXECUTION=0 -DENABLE_QUERY_SPLIT=0 -DENABLE_SPECIFY_EST_STAT=0 -I/home/pei/Project/duckdb-polr/src/include -I/home/pei/Project/duckdb-polr/third_party/fsst -I/home/pei/Project/duckdb-polr/third_party/fmt/include -I/home/pei/Project/duckdb-polr/third_party/hyperloglog -I/home/pei/Project/duckdb-polr/third_party/fastpforlib -I/home/pei/Project/duckdb-polr/third_party/fast_float -I/home/pei/Project/duckdb-polr/third_party/re2 -I/home/pei/Project/duckdb-polr/third_party/miniz -I/home/pei/Project/duckdb-polr/third_party/utf8proc/include -I/home/pei/Project/duckdb-polr/third_party/miniparquet -I/home/pei/Project/duckdb-polr/third_party/concurrentqueue -I/home/pei/Project/duckdb-polr/third_party/pcg -I/home/pei/Project/duckdb-polr/third_party/tdigest -I/home/pei/Project/duckdb-polr/third_party/mbedtls/include -I/home/pei/Project/duckdb-polr/third_party/jaro_winkler -O3 -DNDEBUG -O3 -DNDEBUG   -fPIC -fdiagnostics-color=always -std=c++11 -MD -MT src/common/vector_operations/CMakeFiles/duckdb_vector_operations.dir/is_distinct_from.cpp.o -MF src/common/vector_operations/CMakeFiles/duckdb_vector_operations.dir/is_distinct_from.cpp.o.d -o src/common/vector_operations/CMakeFiles/duckdb_vector_operations.dir/is_distinct_from.cpp.o -c /home/pei/Project/duckdb-polr/src/common/vector_operations/is_distinct_from.cpp
[83/376] /usr/bin/ccache /usr/lib/ccache/c++ -DDUCKDB -DDUCKDB_BUILD_LIBRARY -DDUCKDB_MAIN_LIBRARY -DENABLE_CROSS_PRODUCT_REWRITE=0 -DENABLE_DEBUG_PRINT=0 -DENABLE_MEASURE_EXE_TIME=0 -DENABLE_MERGE_BACK_PLAN=0 -DENABLE_PARALLEL_EXECUTION=0 -DENABLE_QUERY_SPLIT=0 -DENABLE_SPECIFY_EST_STAT=0 -I/home/pei/Project/duckdb-polr/src/include -I/home/pei/Project/duckdb-polr/third_party/fsst -I/home/pei/Project/duckdb-polr/third_party/fmt/include -I/home/pei/Project/duckdb-polr/third_party/hyperloglog -I/home/pei/Project/duckdb-polr/third_party/fastpforlib -I/home/pei/Project/duckdb-polr/third_party/fast_float -I/home/pei/Project/duckdb-polr/third_party/re2 -I/home/pei/Project/duckdb-polr/third_party/miniz -I/home/pei/Project/duckdb-polr/third_party/utf8proc/include -I/home/pei/Project/duckdb-polr/third_party/miniparquet -I/home/pei/Project/duckdb-polr/third_party/concurrentqueue -I/home/pei/Project/duckdb-polr/third_party/pcg -I/home/pei/Project/duckdb-polr/third_party/tdigest -I/home/pei/Project/duckdb-polr/third_party/mbedtls/include -I/home/pei/Project/duckdb-polr/third_party/jaro_winkler -O3 -DNDEBUG -O3 -DNDEBUG   -fPIC -fdiagnostics-color=always -std=c++11 -MD -MT src/execution/operator/filter/CMakeFiles/duckdb_operator_filter.dir/ub_duckdb_operator_filter.cpp.o -MF src/execution/operator/filter/CMakeFiles/duckdb_operator_filter.dir/ub_duckdb_operator_filter.cpp.o.d -o src/execution/operator/filter/CMakeFiles/duckdb_operator_filter.dir/ub_duckdb_operator_filter.cpp.o -c /home/pei/Project/duckdb-polr/build/release/src/execution/operator/filter/ub_duckdb_operator_filter.cpp
[84/376] /usr/bin/ccache /usr/lib/ccache/c++ -DDUCKDB -DDUCKDB_BUILD_LIBRARY -DDUCKDB_MAIN_LIBRARY -DENABLE_CROSS_PRODUCT_REWRITE=0 -DENABLE_DEBUG_PRINT=0 -DENABLE_MEASURE_EXE_TIME=0 -DENABLE_MERGE_BACK_PLAN=0 -DENABLE_PARALLEL_EXECUTION=0 -DENABLE_QUERY_SPLIT=0 -DENABLE_SPECIFY_EST_STAT=0 -I/home/pei/Project/duckdb-polr/src/include -I/home/pei/Project/duckdb-polr/third_party/fsst -I/home/pei/Project/duckdb-polr/third_party/fmt/include -I/home/pei/Project/duckdb-polr/third_party/hyperloglog -I/home/pei/Project/duckdb-polr/third_party/fastpforlib -I/home/pei/Project/duckdb-polr/third_party/fast_float -I/home/pei/Project/duckdb-polr/third_party/re2 -I/home/pei/Project/duckdb-polr/third_party/miniz -I/home/pei/Project/duckdb-polr/third_party/utf8proc/include -I/home/pei/Project/duckdb-polr/third_party/miniparquet -I/home/pei/Project/duckdb-polr/third_party/concurrentqueue -I/home/pei/Project/duckdb-polr/third_party/pcg -I/home/pei/Project/duckdb-polr/third_party/tdigest -I/home/pei/Project/duckdb-polr/third_party/mbedtls/include -I/home/pei/Project/duckdb-polr/third_party/jaro_winkler -O3 -DNDEBUG -O3 -DNDEBUG   -fPIC -fdiagnostics-color=always -std=c++11 -MD -MT src/execution/CMakeFiles/duckdb_execution.dir/ub_duckdb_execution.cpp.o -MF src/execution/CMakeFiles/duckdb_execution.dir/ub_duckdb_execution.cpp.o.d -o src/execution/CMakeFiles/duckdb_execution.dir/ub_duckdb_execution.cpp.o -c /home/pei/Project/duckdb-polr/build/release/src/execution/ub_duckdb_execution.cpp
[85/376] /usr/bin/ccache /usr/lib/ccache/c++ -DDUCKDB -DDUCKDB_BUILD_LIBRARY -DDUCKDB_MAIN_LIBRARY -DENABLE_CROSS_PRODUCT_REWRITE=0 -DENABLE_DEBUG_PRINT=0 -DENABLE_MEASURE_EXE_TIME=0 -DENABLE_MERGE_BACK_PLAN=0 -DENABLE_PARALLEL_EXECUTION=0 -DENABLE_QUERY_SPLIT=0 -DENABLE_SPECIFY_EST_STAT=0 -I/home/pei/Project/duckdb-polr/src/include -I/home/pei/Project/duckdb-polr/third_party/fsst -I/home/pei/Project/duckdb-polr/third_party/fmt/include -I/home/pei/Project/duckdb-polr/third_party/hyperloglog -I/home/pei/Project/duckdb-polr/third_party/fastpforlib -I/home/pei/Project/duckdb-polr/third_party/fast_float -I/home/pei/Project/duckdb-polr/third_party/re2 -I/home/pei/Project/duckdb-polr/third_party/miniz -I/home/pei/Project/duckdb-polr/third_party/utf8proc/include -I/home/pei/Project/duckdb-polr/third_party/miniparquet -I/home/pei/Project/duckdb-polr/third_party/concurrentqueue -I/home/pei/Project/duckdb-polr/third_party/pcg -I/home/pei/Project/duckdb-polr/third_party/tdigest -I/home/pei/Project/duckdb-polr/third_party/mbedtls/include -I/home/pei/Project/duckdb-polr/third_party/jaro_winkler -O3 -DNDEBUG -O3 -DNDEBUG   -fPIC -fdiagnostics-color=always -std=c++11 -MD -MT src/execution/operator/aggregate/CMakeFiles/duckdb_operator_aggregate.dir/ub_duckdb_operator_aggregate.cpp.o -MF src/execution/operator/aggregate/CMakeFiles/duckdb_operator_aggregate.dir/ub_duckdb_operator_aggregate.cpp.o.d -o src/execution/operator/aggregate/CMakeFiles/duckdb_operator_aggregate.dir/ub_duckdb_operator_aggregate.cpp.o -c /home/pei/Project/duckdb-polr/build/release/src/execution/operator/aggregate/ub_duckdb_operator_aggregate.cpp
[86/376] /usr/bin/ccache /usr/lib/ccache/c++ -DDUCKDB -DDUCKDB_BUILD_LIBRARY -DDUCKDB_MAIN_LIBRARY -DENABLE_CROSS_PRODUCT_REWRITE=0 -DENABLE_DEBUG_PRINT=0 -DENABLE_MEASURE_EXE_TIME=0 -DENABLE_MERGE_BACK_PLAN=0 -DENABLE_PARALLEL_EXECUTION=0 -DENABLE_QUERY_SPLIT=0 -DENABLE_SPECIFY_EST_STAT=0 -I/home/pei/Project/duckdb-polr/src/include -I/home/pei/Project/duckdb-polr/third_party/fsst -I/home/pei/Project/duckdb-polr/third_party/fmt/include -I/home/pei/Project/duckdb-polr/third_party/hyperloglog -I/home/pei/Project/duckdb-polr/third_party/fastpforlib -I/home/pei/Project/duckdb-polr/third_party/fast_float -I/home/pei/Project/duckdb-polr/third_party/re2 -I/home/pei/Project/duckdb-polr/third_party/miniz -I/home/pei/Project/duckdb-polr/third_party/utf8proc/include -I/home/pei/Project/duckdb-polr/third_party/miniparquet -I/home/pei/Project/duckdb-polr/third_party/concurrentqueue -I/home/pei/Project/duckdb-polr/third_party/pcg -I/home/pei/Project/duckdb-polr/third_party/tdigest -I/home/pei/Project/duckdb-polr/third_party/mbedtls/include -I/home/pei/Project/duckdb-polr/third_party/jaro_winkler -O3 -DNDEBUG -O3 -DNDEBUG   -fPIC -fdiagnostics-color=always -std=c++11 -MD -MT src/execution/operator/helper/CMakeFiles/duckdb_operator_helper.dir/ub_duckdb_operator_helper.cpp.o -MF src/execution/operator/helper/CMakeFiles/duckdb_operator_helper.dir/ub_duckdb_operator_helper.cpp.o.d -o src/execution/operator/helper/CMakeFiles/duckdb_operator_helper.dir/ub_duckdb_operator_helper.cpp.o -c /home/pei/Project/duckdb-polr/build/release/src/execution/operator/helper/ub_duckdb_operator_helper.cpp
[87/376] /usr/bin/ccache /usr/lib/ccache/c++ -DDUCKDB -DDUCKDB_BUILD_LIBRARY -DDUCKDB_MAIN_LIBRARY -DENABLE_CROSS_PRODUCT_REWRITE=0 -DENABLE_DEBUG_PRINT=0 -DENABLE_MEASURE_EXE_TIME=0 -DENABLE_MERGE_BACK_PLAN=0 -DENABLE_PARALLEL_EXECUTION=0 -DENABLE_QUERY_SPLIT=0 -DENABLE_SPECIFY_EST_STAT=0 -I/home/pei/Project/duckdb-polr/src/include -I/home/pei/Project/duckdb-polr/third_party/fsst -I/home/pei/Project/duckdb-polr/third_party/fmt/include -I/home/pei/Project/duckdb-polr/third_party/hyperloglog -I/home/pei/Project/duckdb-polr/third_party/fastpforlib -I/home/pei/Project/duckdb-polr/third_party/fast_float -I/home/pei/Project/duckdb-polr/third_party/re2 -I/home/pei/Project/duckdb-polr/third_party/miniz -I/home/pei/Project/duckdb-polr/third_party/utf8proc/include -I/home/pei/Project/duckdb-polr/third_party/miniparquet -I/home/pei/Project/duckdb-polr/third_party/concurrentqueue -I/home/pei/Project/duckdb-polr/third_party/pcg -I/home/pei/Project/duckdb-polr/third_party/tdigest -I/home/pei/Project/duckdb-polr/third_party/mbedtls/include -I/home/pei/Project/duckdb-polr/third_party/jaro_winkler -O3 -DNDEBUG -O3 -DNDEBUG   -fPIC -fdiagnostics-color=always -std=c++11 -MD -MT src/execution/operator/order/CMakeFiles/duckdb_operator_order.dir/ub_duckdb_operator_order.cpp.o -MF src/execution/operator/order/CMakeFiles/duckdb_operator_order.dir/ub_duckdb_operator_order.cpp.o.d -o src/execution/operator/order/CMakeFiles/duckdb_operator_order.dir/ub_duckdb_operator_order.cpp.o -c /home/pei/Project/duckdb-polr/build/release/src/execution/operator/order/ub_duckdb_operator_order.cpp
[88/376] /usr/bin/ccache /usr/lib/ccache/c++ -DDUCKDB -DDUCKDB_BUILD_LIBRARY -DDUCKDB_MAIN_LIBRARY -DENABLE_CROSS_PRODUCT_REWRITE=0 -DENABLE_DEBUG_PRINT=0 -DENABLE_MEASURE_EXE_TIME=0 -DENABLE_MERGE_BACK_PLAN=0 -DENABLE_PARALLEL_EXECUTION=0 -DENABLE_QUERY_SPLIT=0 -DENABLE_SPECIFY_EST_STAT=0 -I/home/pei/Project/duckdb-polr/src/include -I/home/pei/Project/duckdb-polr/third_party/fsst -I/home/pei/Project/duckdb-polr/third_party/fmt/include -I/home/pei/Project/duckdb-polr/third_party/hyperloglog -I/home/pei/Project/duckdb-polr/third_party/fastpforlib -I/home/pei/Project/duckdb-polr/third_party/fast_float -I/home/pei/Project/duckdb-polr/third_party/re2 -I/home/pei/Project/duckdb-polr/third_party/miniz -I/home/pei/Project/duckdb-polr/third_party/utf8proc/include -I/home/pei/Project/duckdb-polr/third_party/miniparquet -I/home/pei/Project/duckdb-polr/third_party/concurrentqueue -I/home/pei/Project/duckdb-polr/third_party/pcg -I/home/pei/Project/duckdb-polr/third_party/tdigest -I/home/pei/Project/duckdb-polr/third_party/mbedtls/include -I/home/pei/Project/duckdb-polr/third_party/jaro_winkler -O3 -DNDEBUG -O3 -DNDEBUG   -fPIC -fdiagnostics-color=always -std=c++11 -MD -MT src/execution/expression_executor/CMakeFiles/duckdb_expression_executor.dir/ub_duckdb_expression_executor.cpp.o -MF src/execution/expression_executor/CMakeFiles/duckdb_expression_executor.dir/ub_duckdb_expression_executor.cpp.o.d -o src/execution/expression_executor/CMakeFiles/duckdb_expression_executor.dir/ub_duckdb_expression_executor.cpp.o -c /home/pei/Project/duckdb-polr/build/release/src/execution/expression_executor/ub_duckdb_expression_executor.cpp
[89/376] /usr/bin/ccache /usr/lib/ccache/c++ -DDUCKDB -DDUCKDB_BUILD_LIBRARY -DDUCKDB_MAIN_LIBRARY -DENABLE_CROSS_PRODUCT_REWRITE=0 -DENABLE_DEBUG_PRINT=0 -DENABLE_MEASURE_EXE_TIME=0 -DENABLE_MERGE_BACK_PLAN=0 -DENABLE_PARALLEL_EXECUTION=0 -DENABLE_QUERY_SPLIT=0 -DENABLE_SPECIFY_EST_STAT=0 -I/home/pei/Project/duckdb-polr/src/include -I/home/pei/Project/duckdb-polr/third_party/fsst -I/home/pei/Project/duckdb-polr/third_party/fmt/include -I/home/pei/Project/duckdb-polr/third_party/hyperloglog -I/home/pei/Project/duckdb-polr/third_party/fastpforlib -I/home/pei/Project/duckdb-polr/third_party/fast_float -I/home/pei/Project/duckdb-polr/third_party/re2 -I/home/pei/Project/duckdb-polr/third_party/miniz -I/home/pei/Project/duckdb-polr/third_party/utf8proc/include -I/home/pei/Project/duckdb-polr/third_party/miniparquet -I/home/pei/Project/duckdb-polr/third_party/concurrentqueue -I/home/pei/Project/duckdb-polr/third_party/pcg -I/home/pei/Project/duckdb-polr/third_party/tdigest -I/home/pei/Project/duckdb-polr/third_party/mbedtls/include -I/home/pei/Project/duckdb-polr/third_party/jaro_winkler -O3 -DNDEBUG -O3 -DNDEBUG   -fPIC -fdiagnostics-color=always -std=c++11 -MD -MT src/execution/operator/join/CMakeFiles/duckdb_operator_join.dir/ub_duckdb_operator_join.cpp.o -MF src/execution/operator/join/CMakeFiles/duckdb_operator_join.dir/ub_duckdb_operator_join.cpp.o.d -o src/execution/operator/join/CMakeFiles/duckdb_operator_join.dir/ub_duckdb_operator_join.cpp.o -c /home/pei/Project/duckdb-polr/build/release/src/execution/operator/join/ub_duckdb_operator_join.cpp
[90/376] /usr/bin/ccache /usr/lib/ccache/c++ -DDUCKDB -DDUCKDB_BUILD_LIBRARY -DDUCKDB_MAIN_LIBRARY -DENABLE_CROSS_PRODUCT_REWRITE=0 -DENABLE_DEBUG_PRINT=0 -DENABLE_MEASURE_EXE_TIME=0 -DENABLE_MERGE_BACK_PLAN=0 -DENABLE_PARALLEL_EXECUTION=0 -DENABLE_QUERY_SPLIT=0 -DENABLE_SPECIFY_EST_STAT=0 -I/home/pei/Project/duckdb-polr/src/include -I/home/pei/Project/duckdb-polr/third_party/fsst -I/home/pei/Project/duckdb-polr/third_party/fmt/include -I/home/pei/Project/duckdb-polr/third_party/hyperloglog -I/home/pei/Project/duckdb-polr/third_party/fastpforlib -I/home/pei/Project/duckdb-polr/third_party/fast_float -I/home/pei/Project/duckdb-polr/third_party/re2 -I/home/pei/Project/duckdb-polr/third_party/miniz -I/home/pei/Project/duckdb-polr/third_party/utf8proc/include -I/home/pei/Project/duckdb-polr/third_party/miniparquet -I/home/pei/Project/duckdb-polr/third_party/concurrentqueue -I/home/pei/Project/duckdb-polr/third_party/pcg -I/home/pei/Project/duckdb-polr/third_party/tdigest -I/home/pei/Project/duckdb-polr/third_party/mbedtls/include -I/home/pei/Project/duckdb-polr/third_party/jaro_winkler -O3 -DNDEBUG -O3 -DNDEBUG   -fPIC -fdiagnostics-color=always -std=c++11 -MD -MT src/execution/operator/persistent/CMakeFiles/duckdb_operator_persistent.dir/ub_duckdb_operator_persistent.cpp.o -MF src/execution/operator/persistent/CMakeFiles/duckdb_operator_persistent.dir/ub_duckdb_operator_persistent.cpp.o.d -o src/execution/operator/persistent/CMakeFiles/duckdb_operator_persistent.dir/ub_duckdb_operator_persistent.cpp.o -c /home/pei/Project/duckdb-polr/build/release/src/execution/operator/persistent/ub_duckdb_operator_persistent.cpp
[91/376] /usr/bin/ccache /usr/lib/ccache/c++ -DDUCKDB -DDUCKDB_BUILD_LIBRARY -DDUCKDB_MAIN_LIBRARY -DENABLE_CROSS_PRODUCT_REWRITE=0 -DENABLE_DEBUG_PRINT=0 -DENABLE_MEASURE_EXE_TIME=0 -DENABLE_MERGE_BACK_PLAN=0 -DENABLE_PARALLEL_EXECUTION=0 -DENABLE_QUERY_SPLIT=0 -DENABLE_SPECIFY_EST_STAT=0 -I/home/pei/Project/duckdb-polr/src/include -I/home/pei/Project/duckdb-polr/third_party/fsst -I/home/pei/Project/duckdb-polr/third_party/fmt/include -I/home/pei/Project/duckdb-polr/third_party/hyperloglog -I/home/pei/Project/duckdb-polr/third_party/fastpforlib -I/home/pei/Project/duckdb-polr/third_party/fast_float -I/home/pei/Project/duckdb-polr/third_party/re2 -I/home/pei/Project/duckdb-polr/third_party/miniz -I/home/pei/Project/duckdb-polr/third_party/utf8proc/include -I/home/pei/Project/duckdb-polr/third_party/miniparquet -I/home/pei/Project/duckdb-polr/third_party/concurrentqueue -I/home/pei/Project/duckdb-polr/third_party/pcg -I/home/pei/Project/duckdb-polr/third_party/tdigest -I/home/pei/Project/duckdb-polr/third_party/mbedtls/include -I/home/pei/Project/duckdb-polr/third_party/jaro_winkler -O3 -DNDEBUG -O3 -DNDEBUG   -fPIC -fdiagnostics-color=always -std=c++11 -MD -MT src/execution/operator/projection/CMakeFiles/duckdb_operator_projection.dir/ub_duckdb_operator_projection.cpp.o -MF src/execution/operator/projection/CMakeFiles/duckdb_operator_projection.dir/ub_duckdb_operator_projection.cpp.o.d -o src/execution/operator/projection/CMakeFiles/duckdb_operator_projection.dir/ub_duckdb_operator_projection.cpp.o -c /home/pei/Project/duckdb-polr/build/release/src/execution/operator/projection/ub_duckdb_operator_projection.cpp
[92/376] /usr/bin/ccache /usr/lib/ccache/c++ -DDUCKDB -DDUCKDB_BUILD_LIBRARY -DDUCKDB_MAIN_LIBRARY -DENABLE_CROSS_PRODUCT_REWRITE=0 -DENABLE_DEBUG_PRINT=0 -DENABLE_MEASURE_EXE_TIME=0 -DENABLE_MERGE_BACK_PLAN=0 -DENABLE_PARALLEL_EXECUTION=0 -DENABLE_QUERY_SPLIT=0 -DENABLE_SPECIFY_EST_STAT=0 -I/home/pei/Project/duckdb-polr/src/include -I/home/pei/Project/duckdb-polr/third_party/fsst -I/home/pei/Project/duckdb-polr/third_party/fmt/include -I/home/pei/Project/duckdb-polr/third_party/hyperloglog -I/home/pei/Project/duckdb-polr/third_party/fastpforlib -I/home/pei/Project/duckdb-polr/third_party/fast_float -I/home/pei/Project/duckdb-polr/third_party/re2 -I/home/pei/Project/duckdb-polr/third_party/miniz -I/home/pei/Project/duckdb-polr/third_party/utf8proc/include -I/home/pei/Project/duckdb-polr/third_party/miniparquet -I/home/pei/Project/duckdb-polr/third_party/concurrentqueue -I/home/pei/Project/duckdb-polr/third_party/pcg -I/home/pei/Project/duckdb-polr/third_party/tdigest -I/home/pei/Project/duckdb-polr/third_party/mbedtls/include -I/home/pei/Project/duckdb-polr/third_party/jaro_winkler -O3 -DNDEBUG -O3 -DNDEBUG   -fPIC -fdiagnostics-color=always -std=c++11 -MD -MT src/execution/operator/set/CMakeFiles/duckdb_operator_set.dir/ub_duckdb_operator_set.cpp.o -MF src/execution/operator/set/CMakeFiles/duckdb_operator_set.dir/ub_duckdb_operator_set.cpp.o.d -o src/execution/operator/set/CMakeFiles/duckdb_operator_set.dir/ub_duckdb_operator_set.cpp.o -c /home/pei/Project/duckdb-polr/build/release/src/execution/operator/set/ub_duckdb_operator_set.cpp
[93/376] /usr/bin/ccache /usr/lib/ccache/c++ -DDUCKDB -DDUCKDB_BUILD_LIBRARY -DDUCKDB_MAIN_LIBRARY -DENABLE_CROSS_PRODUCT_REWRITE=0 -DENABLE_DEBUG_PRINT=0 -DENABLE_MEASURE_EXE_TIME=0 -DENABLE_MERGE_BACK_PLAN=0 -DENABLE_PARALLEL_EXECUTION=0 -DENABLE_QUERY_SPLIT=0 -DENABLE_SPECIFY_EST_STAT=0 -I/home/pei/Project/duckdb-polr/src/include -I/home/pei/Project/duckdb-polr/third_party/fsst -I/home/pei/Project/duckdb-polr/third_party/fmt/include -I/home/pei/Project/duckdb-polr/third_party/hyperloglog -I/home/pei/Project/duckdb-polr/third_party/fastpforlib -I/home/pei/Project/duckdb-polr/third_party/fast_float -I/home/pei/Project/duckdb-polr/third_party/re2 -I/home/pei/Project/duckdb-polr/third_party/miniz -I/home/pei/Project/duckdb-polr/third_party/utf8proc/include -I/home/pei/Project/duckdb-polr/third_party/miniparquet -I/home/pei/Project/duckdb-polr/third_party/concurrentqueue -I/home/pei/Project/duckdb-polr/third_party/pcg -I/home/pei/Project/duckdb-polr/third_party/tdigest -I/home/pei/Project/duckdb-polr/third_party/mbedtls/include -I/home/pei/Project/duckdb-polr/third_party/jaro_winkler -O3 -DNDEBUG -O3 -DNDEBUG   -fPIC -fdiagnostics-color=always -std=c++11 -MD -MT src/execution/operator/scan/CMakeFiles/duckdb_operator_scan.dir/ub_duckdb_operator_scan.cpp.o -MF src/execution/operator/scan/CMakeFiles/duckdb_operator_scan.dir/ub_duckdb_operator_scan.cpp.o.d -o src/execution/operator/scan/CMakeFiles/duckdb_operator_scan.dir/ub_duckdb_operator_scan.cpp.o -c /home/pei/Project/duckdb-polr/build/release/src/execution/operator/scan/ub_duckdb_operator_scan.cpp
[94/376] /usr/bin/ccache /usr/lib/ccache/c++ -DDUCKDB -DDUCKDB_BUILD_LIBRARY -DDUCKDB_MAIN_LIBRARY -DENABLE_CROSS_PRODUCT_REWRITE=0 -DENABLE_DEBUG_PRINT=0 -DENABLE_MEASURE_EXE_TIME=0 -DENABLE_MERGE_BACK_PLAN=0 -DENABLE_PARALLEL_EXECUTION=0 -DENABLE_QUERY_SPLIT=0 -DENABLE_SPECIFY_EST_STAT=0 -I/home/pei/Project/duckdb-polr/src/include -I/home/pei/Project/duckdb-polr/third_party/fsst -I/home/pei/Project/duckdb-polr/third_party/fmt/include -I/home/pei/Project/duckdb-polr/third_party/hyperloglog -I/home/pei/Project/duckdb-polr/third_party/fastpforlib -I/home/pei/Project/duckdb-polr/third_party/fast_float -I/home/pei/Project/duckdb-polr/third_party/re2 -I/home/pei/Project/duckdb-polr/third_party/miniz -I/home/pei/Project/duckdb-polr/third_party/utf8proc/include -I/home/pei/Project/duckdb-polr/third_party/miniparquet -I/home/pei/Project/duckdb-polr/third_party/concurrentqueue -I/home/pei/Project/duckdb-polr/third_party/pcg -I/home/pei/Project/duckdb-polr/third_party/tdigest -I/home/pei/Project/duckdb-polr/third_party/mbedtls/include -I/home/pei/Project/duckdb-polr/third_party/jaro_winkler -O3 -DNDEBUG -O3 -DNDEBUG   -fPIC -fdiagnostics-color=always -std=c++11 -MD -MT src/execution/operator/schema/CMakeFiles/duckdb_operator_schema.dir/ub_duckdb_operator_schema.cpp.o -MF src/execution/operator/schema/CMakeFiles/duckdb_operator_schema.dir/ub_duckdb_operator_schema.cpp.o.d -o src/execution/operator/schema/CMakeFiles/duckdb_operator_schema.dir/ub_duckdb_operator_schema.cpp.o -c /home/pei/Project/duckdb-polr/build/release/src/execution/operator/schema/ub_duckdb_operator_schema.cpp
[95/376] /usr/bin/ccache /usr/lib/ccache/c++ -DDUCKDB -DDUCKDB_BUILD_LIBRARY -DDUCKDB_MAIN_LIBRARY -DENABLE_CROSS_PRODUCT_REWRITE=0 -DENABLE_DEBUG_PRINT=0 -DENABLE_MEASURE_EXE_TIME=0 -DENABLE_MERGE_BACK_PLAN=0 -DENABLE_PARALLEL_EXECUTION=0 -DENABLE_QUERY_SPLIT=0 -DENABLE_SPECIFY_EST_STAT=0 -I/home/pei/Project/duckdb-polr/src/include -I/home/pei/Project/duckdb-polr/third_party/fsst -I/home/pei/Project/duckdb-polr/third_party/fmt/include -I/home/pei/Project/duckdb-polr/third_party/hyperloglog -I/home/pei/Project/duckdb-polr/third_party/fastpforlib -I/home/pei/Project/duckdb-polr/third_party/fast_float -I/home/pei/Project/duckdb-polr/third_party/re2 -I/home/pei/Project/duckdb-polr/third_party/miniz -I/home/pei/Project/duckdb-polr/third_party/utf8proc/include -I/home/pei/Project/duckdb-polr/third_party/miniparquet -I/home/pei/Project/duckdb-polr/third_party/concurrentqueue -I/home/pei/Project/duckdb-polr/third_party/pcg -I/home/pei/Project/duckdb-polr/third_party/tdigest -I/home/pei/Project/duckdb-polr/third_party/mbedtls/include -I/home/pei/Project/duckdb-polr/third_party/jaro_winkler -O3 -DNDEBUG -O3 -DNDEBUG   -fPIC -fdiagnostics-color=always -std=c++11 -MD -MT src/execution/index/art/CMakeFiles/duckdb_art_index_execution.dir/ub_duckdb_art_index_execution.cpp.o -MF src/execution/index/art/CMakeFiles/duckdb_art_index_execution.dir/ub_duckdb_art_index_execution.cpp.o.d -o src/execution/index/art/CMakeFiles/duckdb_art_index_execution.dir/ub_duckdb_art_index_execution.cpp.o -c /home/pei/Project/duckdb-polr/build/release/src/execution/index/art/ub_duckdb_art_index_execution.cpp
[96/376] /usr/bin/ccache /usr/lib/ccache/c++ -DDUCKDB -DDUCKDB_BUILD_LIBRARY -DDUCKDB_MAIN_LIBRARY -DENABLE_CROSS_PRODUCT_REWRITE=0 -DENABLE_DEBUG_PRINT=0 -DENABLE_MEASURE_EXE_TIME=0 -DENABLE_MERGE_BACK_PLAN=0 -DENABLE_PARALLEL_EXECUTION=0 -DENABLE_QUERY_SPLIT=0 -DENABLE_SPECIFY_EST_STAT=0 -I/home/pei/Project/duckdb-polr/src/include -I/home/pei/Project/duckdb-polr/third_party/fsst -I/home/pei/Project/duckdb-polr/third_party/fmt/include -I/home/pei/Project/duckdb-polr/third_party/hyperloglog -I/home/pei/Project/duckdb-polr/third_party/fastpforlib -I/home/pei/Project/duckdb-polr/third_party/fast_float -I/home/pei/Project/duckdb-polr/third_party/re2 -I/home/pei/Project/duckdb-polr/third_party/miniz -I/home/pei/Project/duckdb-polr/third_party/utf8proc/include -I/home/pei/Project/duckdb-polr/third_party/miniparquet -I/home/pei/Project/duckdb-polr/third_party/concurrentqueue -I/home/pei/Project/duckdb-polr/third_party/pcg -I/home/pei/Project/duckdb-polr/third_party/tdigest -I/home/pei/Project/duckdb-polr/third_party/mbedtls/include -I/home/pei/Project/duckdb-polr/third_party/jaro_winkler -O3 -DNDEBUG -O3 -DNDEBUG   -fPIC -fdiagnostics-color=always -std=c++11 -MD -MT src/main/capi/CMakeFiles/duckdb_main_capi.dir/ub_duckdb_main_capi.cpp.o -MF src/main/capi/CMakeFiles/duckdb_main_capi.dir/ub_duckdb_main_capi.cpp.o.d -o src/main/capi/CMakeFiles/duckdb_main_capi.dir/ub_duckdb_main_capi.cpp.o -c /home/pei/Project/duckdb-polr/build/release/src/main/capi/ub_duckdb_main_capi.cpp
[97/376] /usr/bin/ccache /usr/lib/ccache/c++ -DDUCKDB -DDUCKDB_BUILD_LIBRARY -DDUCKDB_MAIN_LIBRARY -DENABLE_CROSS_PRODUCT_REWRITE=0 -DENABLE_DEBUG_PRINT=0 -DENABLE_MEASURE_EXE_TIME=0 -DENABLE_MERGE_BACK_PLAN=0 -DENABLE_PARALLEL_EXECUTION=0 -DENABLE_QUERY_SPLIT=0 -DENABLE_SPECIFY_EST_STAT=0 -I/home/pei/Project/duckdb-polr/src/include -I/home/pei/Project/duckdb-polr/third_party/fsst -I/home/pei/Project/duckdb-polr/third_party/fmt/include -I/home/pei/Project/duckdb-polr/third_party/hyperloglog -I/home/pei/Project/duckdb-polr/third_party/fastpforlib -I/home/pei/Project/duckdb-polr/third_party/fast_float -I/home/pei/Project/duckdb-polr/third_party/re2 -I/home/pei/Project/duckdb-polr/third_party/miniz -I/home/pei/Project/duckdb-polr/third_party/utf8proc/include -I/home/pei/Project/duckdb-polr/third_party/miniparquet -I/home/pei/Project/duckdb-polr/third_party/concurrentqueue -I/home/pei/Project/duckdb-polr/third_party/pcg -I/home/pei/Project/duckdb-polr/third_party/tdigest -I/home/pei/Project/duckdb-polr/third_party/mbedtls/include -I/home/pei/Project/duckdb-polr/third_party/jaro_winkler -O3 -DNDEBUG -O3 -DNDEBUG   -fPIC -fdiagnostics-color=always -std=c++11 -MD -MT src/main/CMakeFiles/duckdb_main.dir/ub_duckdb_main.cpp.o -MF src/main/CMakeFiles/duckdb_main.dir/ub_duckdb_main.cpp.o.d -o src/main/CMakeFiles/duckdb_main.dir/ub_duckdb_main.cpp.o -c /home/pei/Project/duckdb-polr/build/release/src/main/ub_duckdb_main.cpp
[98/376] /usr/bin/ccache /usr/lib/ccache/c++ -DDUCKDB -DDUCKDB_BUILD_LIBRARY -DDUCKDB_MAIN_LIBRARY -DENABLE_CROSS_PRODUCT_REWRITE=0 -DENABLE_DEBUG_PRINT=0 -DENABLE_MEASURE_EXE_TIME=0 -DENABLE_MERGE_BACK_PLAN=0 -DENABLE_PARALLEL_EXECUTION=0 -DENABLE_QUERY_SPLIT=0 -DENABLE_SPECIFY_EST_STAT=0 -I/home/pei/Project/duckdb-polr/src/include -I/home/pei/Project/duckdb-polr/third_party/fsst -I/home/pei/Project/duckdb-polr/third_party/fmt/include -I/home/pei/Project/duckdb-polr/third_party/hyperloglog -I/home/pei/Project/duckdb-polr/third_party/fastpforlib -I/home/pei/Project/duckdb-polr/third_party/fast_float -I/home/pei/Project/duckdb-polr/third_party/re2 -I/home/pei/Project/duckdb-polr/third_party/miniz -I/home/pei/Project/duckdb-polr/third_party/utf8proc/include -I/home/pei/Project/duckdb-polr/third_party/miniparquet -I/home/pei/Project/duckdb-polr/third_party/concurrentqueue -I/home/pei/Project/duckdb-polr/third_party/pcg -I/home/pei/Project/duckdb-polr/third_party/tdigest -I/home/pei/Project/duckdb-polr/third_party/mbedtls/include -I/home/pei/Project/duckdb-polr/third_party/jaro_winkler -O3 -DNDEBUG -O3 -DNDEBUG   -fPIC -fdiagnostics-color=always -std=c++11 -MD -MT src/main/capi/cast/CMakeFiles/duckdb_main_capi_cast.dir/ub_duckdb_main_capi_cast.cpp.o -MF src/main/capi/cast/CMakeFiles/duckdb_main_capi_cast.dir/ub_duckdb_main_capi_cast.cpp.o.d -o src/main/capi/cast/CMakeFiles/duckdb_main_capi_cast.dir/ub_duckdb_main_capi_cast.cpp.o -c /home/pei/Project/duckdb-polr/build/release/src/main/capi/cast/ub_duckdb_main_capi_cast.cpp
[99/376] /usr/bin/ccache /usr/lib/ccache/c++ -DDUCKDB -DDUCKDB_BUILD_LIBRARY -DDUCKDB_MAIN_LIBRARY -DENABLE_CROSS_PRODUCT_REWRITE=0 -DENABLE_DEBUG_PRINT=0 -DENABLE_MEASURE_EXE_TIME=0 -DENABLE_MERGE_BACK_PLAN=0 -DENABLE_PARALLEL_EXECUTION=0 -DENABLE_QUERY_SPLIT=0 -DENABLE_SPECIFY_EST_STAT=0 -I/home/pei/Project/duckdb-polr/src/include -I/home/pei/Project/duckdb-polr/third_party/fsst -I/home/pei/Project/duckdb-polr/third_party/fmt/include -I/home/pei/Project/duckdb-polr/third_party/hyperloglog -I/home/pei/Project/duckdb-polr/third_party/fastpforlib -I/home/pei/Project/duckdb-polr/third_party/fast_float -I/home/pei/Project/duckdb-polr/third_party/re2 -I/home/pei/Project/duckdb-polr/third_party/miniz -I/home/pei/Project/duckdb-polr/third_party/utf8proc/include -I/home/pei/Project/duckdb-polr/third_party/miniparquet -I/home/pei/Project/duckdb-polr/third_party/concurrentqueue -I/home/pei/Project/duckdb-polr/third_party/pcg -I/home/pei/Project/duckdb-polr/third_party/tdigest -I/home/pei/Project/duckdb-polr/third_party/mbedtls/include -I/home/pei/Project/duckdb-polr/third_party/jaro_winkler -O3 -DNDEBUG -O3 -DNDEBUG   -fPIC -fdiagnostics-color=always -std=c++11 -MD -MT src/storage/buffer/CMakeFiles/duckdb_storage_buffer.dir/ub_duckdb_storage_buffer.cpp.o -MF src/storage/buffer/CMakeFiles/duckdb_storage_buffer.dir/ub_duckdb_storage_buffer.cpp.o.d -o src/storage/buffer/CMakeFiles/duckdb_storage_buffer.dir/ub_duckdb_storage_buffer.cpp.o -c /home/pei/Project/duckdb-polr/build/release/src/storage/buffer/ub_duckdb_storage_buffer.cpp
[100/376] /usr/bin/ccache /usr/lib/ccache/c++ -DDUCKDB -DDUCKDB_BUILD_LIBRARY -DDUCKDB_MAIN_LIBRARY -DENABLE_CROSS_PRODUCT_REWRITE=0 -DENABLE_DEBUG_PRINT=0 -DENABLE_MEASURE_EXE_TIME=0 -DENABLE_MERGE_BACK_PLAN=0 -DENABLE_PARALLEL_EXECUTION=0 -DENABLE_QUERY_SPLIT=0 -DENABLE_SPECIFY_EST_STAT=0 -I/home/pei/Project/duckdb-polr/src/include -I/home/pei/Project/duckdb-polr/third_party/fsst -I/home/pei/Project/duckdb-polr/third_party/fmt/include -I/home/pei/Project/duckdb-polr/third_party/hyperloglog -I/home/pei/Project/duckdb-polr/third_party/fastpforlib -I/home/pei/Project/duckdb-polr/third_party/fast_float -I/home/pei/Project/duckdb-polr/third_party/re2 -I/home/pei/Project/duckdb-polr/third_party/miniz -I/home/pei/Project/duckdb-polr/third_party/utf8proc/include -I/home/pei/Project/duckdb-polr/third_party/miniparquet -I/home/pei/Project/duckdb-polr/third_party/concurrentqueue -I/home/pei/Project/duckdb-polr/third_party/pcg -I/home/pei/Project/duckdb-polr/third_party/tdigest -I/home/pei/Project/duckdb-polr/third_party/mbedtls/include -I/home/pei/Project/duckdb-polr/third_party/jaro_winkler -O3 -DNDEBUG -O3 -DNDEBUG   -fPIC -fdiagnostics-color=always -std=c++11 -MD -MT src/execution/physical_plan/CMakeFiles/duckdb_physical_plan.dir/ub_duckdb_physical_plan.cpp.o -MF src/execution/physical_plan/CMakeFiles/duckdb_physical_plan.dir/ub_duckdb_physical_plan.cpp.o.d -o src/execution/physical_plan/CMakeFiles/duckdb_physical_plan.dir/ub_duckdb_physical_plan.cpp.o -c /home/pei/Project/duckdb-polr/build/release/src/execution/physical_plan/ub_duckdb_physical_plan.cpp
[101/376] /usr/bin/ccache /usr/lib/ccache/c++ -DBUILD_JEMALLOC_EXTENSION=ON -DBUILD_PARQUET_EXTENSION=TRUE -DDUCKDB -DDUCKDB_BUILD_LIBRARY -DDUCKDB_MAIN_LIBRARY -DENABLE_CROSS_PRODUCT_REWRITE=0 -DENABLE_DEBUG_PRINT=0 -DENABLE_MEASURE_EXE_TIME=0 -DENABLE_MERGE_BACK_PLAN=0 -DENABLE_PARALLEL_EXECUTION=0 -DENABLE_QUERY_SPLIT=0 -DENABLE_SPECIFY_EST_STAT=0 -I/home/pei/Project/duckdb-polr/src/include -I/home/pei/Project/duckdb-polr/third_party/fsst -I/home/pei/Project/duckdb-polr/third_party/fmt/include -I/home/pei/Project/duckdb-polr/third_party/hyperloglog -I/home/pei/Project/duckdb-polr/third_party/fastpforlib -I/home/pei/Project/duckdb-polr/third_party/fast_float -I/home/pei/Project/duckdb-polr/third_party/re2 -I/home/pei/Project/duckdb-polr/third_party/miniz -I/home/pei/Project/duckdb-polr/third_party/utf8proc/include -I/home/pei/Project/duckdb-polr/third_party/miniparquet -I/home/pei/Project/duckdb-polr/third_party/concurrentqueue -I/home/pei/Project/duckdb-polr/third_party/pcg -I/home/pei/Project/duckdb-polr/third_party/tdigest -I/home/pei/Project/duckdb-polr/third_party/mbedtls/include -I/home/pei/Project/duckdb-polr/third_party/jaro_winkler -I/home/pei/Project/duckdb-polr/src/main/extension/../../../third_party/httplib -I/home/pei/Project/duckdb-polr/extension -I/home/pei/Project/duckdb-polr/extension/parquet/include -I/home/pei/Project/duckdb-polr/extension/jemalloc/include -O3 -DNDEBUG -O3 -DNDEBUG   -fPIC -fdiagnostics-color=always -std=c++11 -MD -MT src/main/extension/CMakeFiles/duckdb_main_extension.dir/ub_duckdb_main_extension.cpp.o -MF src/main/extension/CMakeFiles/duckdb_main_extension.dir/ub_duckdb_main_extension.cpp.o.d -o src/main/extension/CMakeFiles/duckdb_main_extension.dir/ub_duckdb_main_extension.cpp.o -c /home/pei/Project/duckdb-polr/build/release/src/main/extension/ub_duckdb_main_extension.cpp
[102/376] /usr/bin/ccache /usr/lib/ccache/c++ -DDUCKDB -DDUCKDB_BUILD_LIBRARY -DDUCKDB_MAIN_LIBRARY -DENABLE_CROSS_PRODUCT_REWRITE=0 -DENABLE_DEBUG_PRINT=0 -DENABLE_MEASURE_EXE_TIME=0 -DENABLE_MERGE_BACK_PLAN=0 -DENABLE_PARALLEL_EXECUTION=0 -DENABLE_QUERY_SPLIT=0 -DENABLE_SPECIFY_EST_STAT=0 -I/home/pei/Project/duckdb-polr/src/include -I/home/pei/Project/duckdb-polr/third_party/fsst -I/home/pei/Project/duckdb-polr/third_party/fmt/include -I/home/pei/Project/duckdb-polr/third_party/hyperloglog -I/home/pei/Project/duckdb-polr/third_party/fastpforlib -I/home/pei/Project/duckdb-polr/third_party/fast_float -I/home/pei/Project/duckdb-polr/third_party/re2 -I/home/pei/Project/duckdb-polr/third_party/miniz -I/home/pei/Project/duckdb-polr/third_party/utf8proc/include -I/home/pei/Project/duckdb-polr/third_party/miniparquet -I/home/pei/Project/duckdb-polr/third_party/concurrentqueue -I/home/pei/Project/duckdb-polr/third_party/pcg -I/home/pei/Project/duckdb-polr/third_party/tdigest -I/home/pei/Project/duckdb-polr/third_party/mbedtls/include -I/home/pei/Project/duckdb-polr/third_party/jaro_winkler -O3 -DNDEBUG -O3 -DNDEBUG   -fPIC -fdiagnostics-color=always -std=c++11 -MD -MT src/main/relation/CMakeFiles/duckdb_main_relation.dir/ub_duckdb_main_relation.cpp.o -MF src/main/relation/CMakeFiles/duckdb_main_relation.dir/ub_duckdb_main_relation.cpp.o.d -o src/main/relation/CMakeFiles/duckdb_main_relation.dir/ub_duckdb_main_relation.cpp.o -c /home/pei/Project/duckdb-polr/build/release/src/main/relation/ub_duckdb_main_relation.cpp
[103/376] /usr/bin/ccache /usr/lib/ccache/c++ -DDUCKDB -DDUCKDB_BUILD_LIBRARY -DDUCKDB_MAIN_LIBRARY -DENABLE_CROSS_PRODUCT_REWRITE=0 -DENABLE_DEBUG_PRINT=0 -DENABLE_MEASURE_EXE_TIME=0 -DENABLE_MERGE_BACK_PLAN=0 -DENABLE_PARALLEL_EXECUTION=0 -DENABLE_QUERY_SPLIT=0 -DENABLE_SPECIFY_EST_STAT=0 -I/home/pei/Project/duckdb-polr/src/include -I/home/pei/Project/duckdb-polr/third_party/fsst -I/home/pei/Project/duckdb-polr/third_party/fmt/include -I/home/pei/Project/duckdb-polr/third_party/hyperloglog -I/home/pei/Project/duckdb-polr/third_party/fastpforlib -I/home/pei/Project/duckdb-polr/third_party/fast_float -I/home/pei/Project/duckdb-polr/third_party/re2 -I/home/pei/Project/duckdb-polr/third_party/miniz -I/home/pei/Project/duckdb-polr/third_party/utf8proc/include -I/home/pei/Project/duckdb-polr/third_party/miniparquet -I/home/pei/Project/duckdb-polr/third_party/concurrentqueue -I/home/pei/Project/duckdb-polr/third_party/pcg -I/home/pei/Project/duckdb-polr/third_party/tdigest -I/home/pei/Project/duckdb-polr/third_party/mbedtls/include -I/home/pei/Project/duckdb-polr/third_party/jaro_winkler -O3 -DNDEBUG -O3 -DNDEBUG   -fPIC -fdiagnostics-color=always -std=c++11 -MD -MT src/main/settings/CMakeFiles/duckdb_main_settings.dir/ub_duckdb_main_settings.cpp.o -MF src/main/settings/CMakeFiles/duckdb_main_settings.dir/ub_duckdb_main_settings.cpp.o.d -o src/main/settings/CMakeFiles/duckdb_main_settings.dir/ub_duckdb_main_settings.cpp.o -c /home/pei/Project/duckdb-polr/build/release/src/main/settings/ub_duckdb_main_settings.cpp
[104/376] /usr/bin/ccache /usr/lib/ccache/c++ -DDUCKDB -DDUCKDB_BUILD_LIBRARY -DDUCKDB_MAIN_LIBRARY -DENABLE_CROSS_PRODUCT_REWRITE=0 -DENABLE_DEBUG_PRINT=0 -DENABLE_MEASURE_EXE_TIME=0 -DENABLE_MERGE_BACK_PLAN=0 -DENABLE_PARALLEL_EXECUTION=0 -DENABLE_QUERY_SPLIT=0 -DENABLE_SPECIFY_EST_STAT=0 -I/home/pei/Project/duckdb-polr/src/include -I/home/pei/Project/duckdb-polr/third_party/fsst -I/home/pei/Project/duckdb-polr/third_party/fmt/include -I/home/pei/Project/duckdb-polr/third_party/hyperloglog -I/home/pei/Project/duckdb-polr/third_party/fastpforlib -I/home/pei/Project/duckdb-polr/third_party/fast_float -I/home/pei/Project/duckdb-polr/third_party/re2 -I/home/pei/Project/duckdb-polr/third_party/miniz -I/home/pei/Project/duckdb-polr/third_party/utf8proc/include -I/home/pei/Project/duckdb-polr/third_party/miniparquet -I/home/pei/Project/duckdb-polr/third_party/concurrentqueue -I/home/pei/Project/duckdb-polr/third_party/pcg -I/home/pei/Project/duckdb-polr/third_party/tdigest -I/home/pei/Project/duckdb-polr/third_party/mbedtls/include -I/home/pei/Project/duckdb-polr/third_party/jaro_winkler -O3 -DNDEBUG -O3 -DNDEBUG   -fPIC -fdiagnostics-color=always -std=c++11 -MD -MT src/storage/CMakeFiles/duckdb_storage.dir/ub_duckdb_storage.cpp.o -MF src/storage/CMakeFiles/duckdb_storage.dir/ub_duckdb_storage.cpp.o.d -o src/storage/CMakeFiles/duckdb_storage.dir/ub_duckdb_storage.cpp.o -c /home/pei/Project/duckdb-polr/build/release/src/storage/ub_duckdb_storage.cpp
[105/376] /usr/bin/ccache /usr/lib/ccache/c++ -DDUCKDB -DDUCKDB_BUILD_LIBRARY -DDUCKDB_MAIN_LIBRARY -DENABLE_CROSS_PRODUCT_REWRITE=0 -DENABLE_DEBUG_PRINT=0 -DENABLE_MEASURE_EXE_TIME=0 -DENABLE_MERGE_BACK_PLAN=0 -DENABLE_PARALLEL_EXECUTION=0 -DENABLE_QUERY_SPLIT=0 -DENABLE_SPECIFY_EST_STAT=0 -I/home/pei/Project/duckdb-polr/src/include -I/home/pei/Project/duckdb-polr/third_party/fsst -I/home/pei/Project/duckdb-polr/third_party/fmt/include -I/home/pei/Project/duckdb-polr/third_party/hyperloglog -I/home/pei/Project/duckdb-polr/third_party/fastpforlib -I/home/pei/Project/duckdb-polr/third_party/fast_float -I/home/pei/Project/duckdb-polr/third_party/re2 -I/home/pei/Project/duckdb-polr/third_party/miniz -I/home/pei/Project/duckdb-polr/third_party/utf8proc/include -I/home/pei/Project/duckdb-polr/third_party/miniparquet -I/home/pei/Project/duckdb-polr/third_party/concurrentqueue -I/home/pei/Project/duckdb-polr/third_party/pcg -I/home/pei/Project/duckdb-polr/third_party/tdigest -I/home/pei/Project/duckdb-polr/third_party/mbedtls/include -I/home/pei/Project/duckdb-polr/third_party/jaro_winkler -O3 -DNDEBUG -O3 -DNDEBUG   -fPIC -fdiagnostics-color=always -std=c++11 -MD -MT src/storage/checkpoint/CMakeFiles/duckdb_storage_checkpoint.dir/ub_duckdb_storage_checkpoint.cpp.o -MF src/storage/checkpoint/CMakeFiles/duckdb_storage_checkpoint.dir/ub_duckdb_storage_checkpoint.cpp.o.d -o src/storage/checkpoint/CMakeFiles/duckdb_storage_checkpoint.dir/ub_duckdb_storage_checkpoint.cpp.o -c /home/pei/Project/duckdb-polr/build/release/src/storage/checkpoint/ub_duckdb_storage_checkpoint.cpp
[106/376] /usr/bin/ccache /usr/lib/ccache/c++ -DDUCKDB -DDUCKDB_BUILD_LIBRARY -DDUCKDB_MAIN_LIBRARY -DENABLE_CROSS_PRODUCT_REWRITE=0 -DENABLE_DEBUG_PRINT=0 -DENABLE_MEASURE_EXE_TIME=0 -DENABLE_MERGE_BACK_PLAN=0 -DENABLE_PARALLEL_EXECUTION=0 -DENABLE_QUERY_SPLIT=0 -DENABLE_SPECIFY_EST_STAT=0 -I/home/pei/Project/duckdb-polr/src/include -I/home/pei/Project/duckdb-polr/third_party/fsst -I/home/pei/Project/duckdb-polr/third_party/fmt/include -I/home/pei/Project/duckdb-polr/third_party/hyperloglog -I/home/pei/Project/duckdb-polr/third_party/fastpforlib -I/home/pei/Project/duckdb-polr/third_party/fast_float -I/home/pei/Project/duckdb-polr/third_party/re2 -I/home/pei/Project/duckdb-polr/third_party/miniz -I/home/pei/Project/duckdb-polr/third_party/utf8proc/include -I/home/pei/Project/duckdb-polr/third_party/miniparquet -I/home/pei/Project/duckdb-polr/third_party/concurrentqueue -I/home/pei/Project/duckdb-polr/third_party/pcg -I/home/pei/Project/duckdb-polr/third_party/tdigest -I/home/pei/Project/duckdb-polr/third_party/mbedtls/include -I/home/pei/Project/duckdb-polr/third_party/jaro_winkler -O3 -DNDEBUG -O3 -DNDEBUG   -fPIC -fdiagnostics-color=always -std=c++11 -MD -MT src/storage/compression/CMakeFiles/duckdb_storage_compression.dir/ub_duckdb_storage_compression.cpp.o -MF src/storage/compression/CMakeFiles/duckdb_storage_compression.dir/ub_duckdb_storage_compression.cpp.o.d -o src/storage/compression/CMakeFiles/duckdb_storage_compression.dir/ub_duckdb_storage_compression.cpp.o -c /home/pei/Project/duckdb-polr/build/release/src/storage/compression/ub_duckdb_storage_compression.cpp
[107/376] /usr/bin/ccache /usr/lib/ccache/c++ -DDUCKDB -DDUCKDB_BUILD_LIBRARY -DDUCKDB_MAIN_LIBRARY -DENABLE_CROSS_PRODUCT_REWRITE=0 -DENABLE_DEBUG_PRINT=0 -DENABLE_MEASURE_EXE_TIME=0 -DENABLE_MERGE_BACK_PLAN=0 -DENABLE_PARALLEL_EXECUTION=0 -DENABLE_QUERY_SPLIT=0 -DENABLE_SPECIFY_EST_STAT=0 -I/home/pei/Project/duckdb-polr/src/include -I/home/pei/Project/duckdb-polr/third_party/fsst -I/home/pei/Project/duckdb-polr/third_party/fmt/include -I/home/pei/Project/duckdb-polr/third_party/hyperloglog -I/home/pei/Project/duckdb-polr/third_party/fastpforlib -I/home/pei/Project/duckdb-polr/third_party/fast_float -I/home/pei/Project/duckdb-polr/third_party/re2 -I/home/pei/Project/duckdb-polr/third_party/miniz -I/home/pei/Project/duckdb-polr/third_party/utf8proc/include -I/home/pei/Project/duckdb-polr/third_party/miniparquet -I/home/pei/Project/duckdb-polr/third_party/concurrentqueue -I/home/pei/Project/duckdb-polr/third_party/pcg -I/home/pei/Project/duckdb-polr/third_party/tdigest -I/home/pei/Project/duckdb-polr/third_party/mbedtls/include -I/home/pei/Project/duckdb-polr/third_party/jaro_winkler -O3 -DNDEBUG -O3 -DNDEBUG   -fPIC -fdiagnostics-color=always -std=c++11 -MD -MT src/storage/compression/chimp/CMakeFiles/duckdb_storage_compression_chimp.dir/ub_duckdb_storage_compression_chimp.cpp.o -MF src/storage/compression/chimp/CMakeFiles/duckdb_storage_compression_chimp.dir/ub_duckdb_storage_compression_chimp.cpp.o.d -o src/storage/compression/chimp/CMakeFiles/duckdb_storage_compression_chimp.dir/ub_duckdb_storage_compression_chimp.cpp.o -c /home/pei/Project/duckdb-polr/build/release/src/storage/compression/chimp/ub_duckdb_storage_compression_chimp.cpp
[108/376] /usr/bin/ccache /usr/lib/ccache/c++ -DDUCKDB -DDUCKDB_BUILD_LIBRARY -DDUCKDB_MAIN_LIBRARY -DENABLE_CROSS_PRODUCT_REWRITE=0 -DENABLE_DEBUG_PRINT=0 -DENABLE_MEASURE_EXE_TIME=0 -DENABLE_MERGE_BACK_PLAN=0 -DENABLE_PARALLEL_EXECUTION=0 -DENABLE_QUERY_SPLIT=0 -DENABLE_SPECIFY_EST_STAT=0 -I/home/pei/Project/duckdb-polr/src/include -I/home/pei/Project/duckdb-polr/third_party/fsst -I/home/pei/Project/duckdb-polr/third_party/fmt/include -I/home/pei/Project/duckdb-polr/third_party/hyperloglog -I/home/pei/Project/duckdb-polr/third_party/fastpforlib -I/home/pei/Project/duckdb-polr/third_party/fast_float -I/home/pei/Project/duckdb-polr/third_party/re2 -I/home/pei/Project/duckdb-polr/third_party/miniz -I/home/pei/Project/duckdb-polr/third_party/utf8proc/include -I/home/pei/Project/duckdb-polr/third_party/miniparquet -I/home/pei/Project/duckdb-polr/third_party/concurrentqueue -I/home/pei/Project/duckdb-polr/third_party/pcg -I/home/pei/Project/duckdb-polr/third_party/tdigest -I/home/pei/Project/duckdb-polr/third_party/mbedtls/include -I/home/pei/Project/duckdb-polr/third_party/jaro_winkler -O3 -DNDEBUG -O3 -DNDEBUG   -fPIC -fdiagnostics-color=always -std=c++11 -MD -MT src/storage/statistics/CMakeFiles/duckdb_storage_statistics.dir/ub_duckdb_storage_statistics.cpp.o -MF src/storage/statistics/CMakeFiles/duckdb_storage_statistics.dir/ub_duckdb_storage_statistics.cpp.o.d -o src/storage/statistics/CMakeFiles/duckdb_storage_statistics.dir/ub_duckdb_storage_statistics.cpp.o -c /home/pei/Project/duckdb-polr/build/release/src/storage/statistics/ub_duckdb_storage_statistics.cpp
[109/376] /usr/bin/ccache /usr/lib/ccache/c++ -DDUCKDB -DDUCKDB_BUILD_LIBRARY -DDUCKDB_MAIN_LIBRARY -DENABLE_CROSS_PRODUCT_REWRITE=0 -DENABLE_DEBUG_PRINT=0 -DENABLE_MEASURE_EXE_TIME=0 -DENABLE_MERGE_BACK_PLAN=0 -DENABLE_PARALLEL_EXECUTION=0 -DENABLE_QUERY_SPLIT=0 -DENABLE_SPECIFY_EST_STAT=0 -I/home/pei/Project/duckdb-polr/src/include -I/home/pei/Project/duckdb-polr/third_party/fsst -I/home/pei/Project/duckdb-polr/third_party/fmt/include -I/home/pei/Project/duckdb-polr/third_party/hyperloglog -I/home/pei/Project/duckdb-polr/third_party/fastpforlib -I/home/pei/Project/duckdb-polr/third_party/fast_float -I/home/pei/Project/duckdb-polr/third_party/re2 -I/home/pei/Project/duckdb-polr/third_party/miniz -I/home/pei/Project/duckdb-polr/third_party/utf8proc/include -I/home/pei/Project/duckdb-polr/third_party/miniparquet -I/home/pei/Project/duckdb-polr/third_party/concurrentqueue -I/home/pei/Project/duckdb-polr/third_party/pcg -I/home/pei/Project/duckdb-polr/third_party/tdigest -I/home/pei/Project/duckdb-polr/third_party/mbedtls/include -I/home/pei/Project/duckdb-polr/third_party/jaro_winkler -O3 -DNDEBUG -O3 -DNDEBUG   -fPIC -fdiagnostics-color=always -std=c++11 -MD -MT src/verification/CMakeFiles/duckdb_verification.dir/copied_statement_verifier.cpp.o -MF src/verification/CMakeFiles/duckdb_verification.dir/copied_statement_verifier.cpp.o.d -o src/verification/CMakeFiles/duckdb_verification.dir/copied_statement_verifier.cpp.o -c /home/pei/Project/duckdb-polr/src/verification/copied_statement_verifier.cpp
[110/376] /usr/bin/ccache /usr/lib/ccache/c++ -DDUCKDB -DDUCKDB_BUILD_LIBRARY -DDUCKDB_MAIN_LIBRARY -DENABLE_CROSS_PRODUCT_REWRITE=0 -DENABLE_DEBUG_PRINT=0 -DENABLE_MEASURE_EXE_TIME=0 -DENABLE_MERGE_BACK_PLAN=0 -DENABLE_PARALLEL_EXECUTION=0 -DENABLE_QUERY_SPLIT=0 -DENABLE_SPECIFY_EST_STAT=0 -I/home/pei/Project/duckdb-polr/src/include -I/home/pei/Project/duckdb-polr/third_party/fsst -I/home/pei/Project/duckdb-polr/third_party/fmt/include -I/home/pei/Project/duckdb-polr/third_party/hyperloglog -I/home/pei/Project/duckdb-polr/third_party/fastpforlib -I/home/pei/Project/duckdb-polr/third_party/fast_float -I/home/pei/Project/duckdb-polr/third_party/re2 -I/home/pei/Project/duckdb-polr/third_party/miniz -I/home/pei/Project/duckdb-polr/third_party/utf8proc/include -I/home/pei/Project/duckdb-polr/third_party/miniparquet -I/home/pei/Project/duckdb-polr/third_party/concurrentqueue -I/home/pei/Project/duckdb-polr/third_party/pcg -I/home/pei/Project/duckdb-polr/third_party/tdigest -I/home/pei/Project/duckdb-polr/third_party/mbedtls/include -I/home/pei/Project/duckdb-polr/third_party/jaro_winkler -O3 -DNDEBUG -O3 -DNDEBUG   -fPIC -fdiagnostics-color=always -std=c++11 -MD -MT src/parallel/CMakeFiles/duckdb_parallel.dir/ub_duckdb_parallel.cpp.o -MF src/parallel/CMakeFiles/duckdb_parallel.dir/ub_duckdb_parallel.cpp.o.d -o src/parallel/CMakeFiles/duckdb_parallel.dir/ub_duckdb_parallel.cpp.o -c /home/pei/Project/duckdb-polr/build/release/src/parallel/ub_duckdb_parallel.cpp
[111/376] /usr/bin/ccache /usr/lib/ccache/c++ -DDUCKDB -DDUCKDB_BUILD_LIBRARY -DDUCKDB_MAIN_LIBRARY -DENABLE_CROSS_PRODUCT_REWRITE=0 -DENABLE_DEBUG_PRINT=0 -DENABLE_MEASURE_EXE_TIME=0 -DENABLE_MERGE_BACK_PLAN=0 -DENABLE_PARALLEL_EXECUTION=0 -DENABLE_QUERY_SPLIT=0 -DENABLE_SPECIFY_EST_STAT=0 -I/home/pei/Project/duckdb-polr/src/include -I/home/pei/Project/duckdb-polr/third_party/fsst -I/home/pei/Project/duckdb-polr/third_party/fmt/include -I/home/pei/Project/duckdb-polr/third_party/hyperloglog -I/home/pei/Project/duckdb-polr/third_party/fastpforlib -I/home/pei/Project/duckdb-polr/third_party/fast_float -I/home/pei/Project/duckdb-polr/third_party/re2 -I/home/pei/Project/duckdb-polr/third_party/miniz -I/home/pei/Project/duckdb-polr/third_party/utf8proc/include -I/home/pei/Project/duckdb-polr/third_party/miniparquet -I/home/pei/Project/duckdb-polr/third_party/concurrentqueue -I/home/pei/Project/duckdb-polr/third_party/pcg -I/home/pei/Project/duckdb-polr/third_party/tdigest -I/home/pei/Project/duckdb-polr/third_party/mbedtls/include -I/home/pei/Project/duckdb-polr/third_party/jaro_winkler -O3 -DNDEBUG -O3 -DNDEBUG   -fPIC -fdiagnostics-color=always -std=c++11 -MD -MT src/transaction/CMakeFiles/duckdb_transaction.dir/ub_duckdb_transaction.cpp.o -MF src/transaction/CMakeFiles/duckdb_transaction.dir/ub_duckdb_transaction.cpp.o.d -o src/transaction/CMakeFiles/duckdb_transaction.dir/ub_duckdb_transaction.cpp.o -c /home/pei/Project/duckdb-polr/build/release/src/transaction/ub_duckdb_transaction.cpp
[112/376] /usr/bin/ccache /usr/lib/ccache/c++ -DDUCKDB -DDUCKDB_BUILD_LIBRARY -DDUCKDB_MAIN_LIBRARY -DENABLE_CROSS_PRODUCT_REWRITE=0 -DENABLE_DEBUG_PRINT=0 -DENABLE_MEASURE_EXE_TIME=0 -DENABLE_MERGE_BACK_PLAN=0 -DENABLE_PARALLEL_EXECUTION=0 -DENABLE_QUERY_SPLIT=0 -DENABLE_SPECIFY_EST_STAT=0 -I/home/pei/Project/duckdb-polr/src/include -I/home/pei/Project/duckdb-polr/third_party/fsst -I/home/pei/Project/duckdb-polr/third_party/fmt/include -I/home/pei/Project/duckdb-polr/third_party/hyperloglog -I/home/pei/Project/duckdb-polr/third_party/fastpforlib -I/home/pei/Project/duckdb-polr/third_party/fast_float -I/home/pei/Project/duckdb-polr/third_party/re2 -I/home/pei/Project/duckdb-polr/third_party/miniz -I/home/pei/Project/duckdb-polr/third_party/utf8proc/include -I/home/pei/Project/duckdb-polr/third_party/miniparquet -I/home/pei/Project/duckdb-polr/third_party/concurrentqueue -I/home/pei/Project/duckdb-polr/third_party/pcg -I/home/pei/Project/duckdb-polr/third_party/tdigest -I/home/pei/Project/duckdb-polr/third_party/mbedtls/include -I/home/pei/Project/duckdb-polr/third_party/jaro_winkler -O3 -DNDEBUG -O3 -DNDEBUG   -fPIC -fdiagnostics-color=always -std=c++11 -MD -MT src/verification/CMakeFiles/duckdb_verification.dir/external_statement_verifier.cpp.o -MF src/verification/CMakeFiles/duckdb_verification.dir/external_statement_verifier.cpp.o.d -o src/verification/CMakeFiles/duckdb_verification.dir/external_statement_verifier.cpp.o -c /home/pei/Project/duckdb-polr/src/verification/external_statement_verifier.cpp
[113/376] /usr/bin/ccache /usr/lib/ccache/c++ -DDUCKDB -DDUCKDB_BUILD_LIBRARY -DDUCKDB_MAIN_LIBRARY -DENABLE_CROSS_PRODUCT_REWRITE=0 -DENABLE_DEBUG_PRINT=0 -DENABLE_MEASURE_EXE_TIME=0 -DENABLE_MERGE_BACK_PLAN=0 -DENABLE_PARALLEL_EXECUTION=0 -DENABLE_QUERY_SPLIT=0 -DENABLE_SPECIFY_EST_STAT=0 -I/home/pei/Project/duckdb-polr/src/include -I/home/pei/Project/duckdb-polr/third_party/fsst -I/home/pei/Project/duckdb-polr/third_party/fmt/include -I/home/pei/Project/duckdb-polr/third_party/hyperloglog -I/home/pei/Project/duckdb-polr/third_party/fastpforlib -I/home/pei/Project/duckdb-polr/third_party/fast_float -I/home/pei/Project/duckdb-polr/third_party/re2 -I/home/pei/Project/duckdb-polr/third_party/miniz -I/home/pei/Project/duckdb-polr/third_party/utf8proc/include -I/home/pei/Project/duckdb-polr/third_party/miniparquet -I/home/pei/Project/duckdb-polr/third_party/concurrentqueue -I/home/pei/Project/duckdb-polr/third_party/pcg -I/home/pei/Project/duckdb-polr/third_party/tdigest -I/home/pei/Project/duckdb-polr/third_party/mbedtls/include -I/home/pei/Project/duckdb-polr/third_party/jaro_winkler -O3 -DNDEBUG -O3 -DNDEBUG   -fPIC -fdiagnostics-color=always -std=c++11 -MD -MT src/storage/table/CMakeFiles/duckdb_storage_table.dir/ub_duckdb_storage_table.cpp.o -MF src/storage/table/CMakeFiles/duckdb_storage_table.dir/ub_duckdb_storage_table.cpp.o.d -o src/storage/table/CMakeFiles/duckdb_storage_table.dir/ub_duckdb_storage_table.cpp.o -c /home/pei/Project/duckdb-polr/build/release/src/storage/table/ub_duckdb_storage_table.cpp
[114/376] /usr/bin/ccache /usr/lib/ccache/c++ -DDUCKDB -DDUCKDB_BUILD_LIBRARY -DDUCKDB_MAIN_LIBRARY -DENABLE_CROSS_PRODUCT_REWRITE=0 -DENABLE_DEBUG_PRINT=0 -DENABLE_MEASURE_EXE_TIME=0 -DENABLE_MERGE_BACK_PLAN=0 -DENABLE_PARALLEL_EXECUTION=0 -DENABLE_QUERY_SPLIT=0 -DENABLE_SPECIFY_EST_STAT=0 -I/home/pei/Project/duckdb-polr/src/include -I/home/pei/Project/duckdb-polr/third_party/fsst -I/home/pei/Project/duckdb-polr/third_party/fmt/include -I/home/pei/Project/duckdb-polr/third_party/hyperloglog -I/home/pei/Project/duckdb-polr/third_party/fastpforlib -I/home/pei/Project/duckdb-polr/third_party/fast_float -I/home/pei/Project/duckdb-polr/third_party/re2 -I/home/pei/Project/duckdb-polr/third_party/miniz -I/home/pei/Project/duckdb-polr/third_party/utf8proc/include -I/home/pei/Project/duckdb-polr/third_party/miniparquet -I/home/pei/Project/duckdb-polr/third_party/concurrentqueue -I/home/pei/Project/duckdb-polr/third_party/pcg -I/home/pei/Project/duckdb-polr/third_party/tdigest -I/home/pei/Project/duckdb-polr/third_party/mbedtls/include -I/home/pei/Project/duckdb-polr/third_party/jaro_winkler -O3 -DNDEBUG -O3 -DNDEBUG   -fPIC -fdiagnostics-color=always -std=c++11 -MD -MT src/verification/CMakeFiles/duckdb_verification.dir/prepared_statement_verifier.cpp.o -MF src/verification/CMakeFiles/duckdb_verification.dir/prepared_statement_verifier.cpp.o.d -o src/verification/CMakeFiles/duckdb_verification.dir/prepared_statement_verifier.cpp.o -c /home/pei/Project/duckdb-polr/src/verification/prepared_statement_verifier.cpp
[115/376] /usr/bin/ccache /usr/lib/ccache/c++ -DDUCKDB -DDUCKDB_BUILD_LIBRARY -DDUCKDB_MAIN_LIBRARY -DENABLE_CROSS_PRODUCT_REWRITE=0 -DENABLE_DEBUG_PRINT=0 -DENABLE_MEASURE_EXE_TIME=0 -DENABLE_MERGE_BACK_PLAN=0 -DENABLE_PARALLEL_EXECUTION=0 -DENABLE_QUERY_SPLIT=0 -DENABLE_SPECIFY_EST_STAT=0 -I/home/pei/Project/duckdb-polr/src/include -I/home/pei/Project/duckdb-polr/third_party/fsst -I/home/pei/Project/duckdb-polr/third_party/fmt/include -I/home/pei/Project/duckdb-polr/third_party/hyperloglog -I/home/pei/Project/duckdb-polr/third_party/fastpforlib -I/home/pei/Project/duckdb-polr/third_party/fast_float -I/home/pei/Project/duckdb-polr/third_party/re2 -I/home/pei/Project/duckdb-polr/third_party/miniz -I/home/pei/Project/duckdb-polr/third_party/utf8proc/include -I/home/pei/Project/duckdb-polr/third_party/miniparquet -I/home/pei/Project/duckdb-polr/third_party/concurrentqueue -I/home/pei/Project/duckdb-polr/third_party/pcg -I/home/pei/Project/duckdb-polr/third_party/tdigest -I/home/pei/Project/duckdb-polr/third_party/mbedtls/include -I/home/pei/Project/duckdb-polr/third_party/jaro_winkler -O3 -DNDEBUG -O3 -DNDEBUG   -fPIC -fdiagnostics-color=always -std=c++11 -MD -MT src/verification/CMakeFiles/duckdb_verification.dir/deserialized_statement_verifier.cpp.o -MF src/verification/CMakeFiles/duckdb_verification.dir/deserialized_statement_verifier.cpp.o.d -o src/verification/CMakeFiles/duckdb_verification.dir/deserialized_statement_verifier.cpp.o -c /home/pei/Project/duckdb-polr/src/verification/deserialized_statement_verifier.cpp
[116/376] /usr/bin/ccache /usr/lib/ccache/c++ -DDUCKDB -DDUCKDB_BUILD_LIBRARY -DDUCKDB_MAIN_LIBRARY -DENABLE_CROSS_PRODUCT_REWRITE=0 -DENABLE_DEBUG_PRINT=0 -DENABLE_MEASURE_EXE_TIME=0 -DENABLE_MERGE_BACK_PLAN=0 -DENABLE_PARALLEL_EXECUTION=0 -DENABLE_QUERY_SPLIT=0 -DENABLE_SPECIFY_EST_STAT=0 -I/home/pei/Project/duckdb-polr/src/include -I/home/pei/Project/duckdb-polr/third_party/fsst -I/home/pei/Project/duckdb-polr/third_party/fmt/include -I/home/pei/Project/duckdb-polr/third_party/hyperloglog -I/home/pei/Project/duckdb-polr/third_party/fastpforlib -I/home/pei/Project/duckdb-polr/third_party/fast_float -I/home/pei/Project/duckdb-polr/third_party/re2 -I/home/pei/Project/duckdb-polr/third_party/miniz -I/home/pei/Project/duckdb-polr/third_party/utf8proc/include -I/home/pei/Project/duckdb-polr/third_party/miniparquet -I/home/pei/Project/duckdb-polr/third_party/concurrentqueue -I/home/pei/Project/duckdb-polr/third_party/pcg -I/home/pei/Project/duckdb-polr/third_party/tdigest -I/home/pei/Project/duckdb-polr/third_party/mbedtls/include -I/home/pei/Project/duckdb-polr/third_party/jaro_winkler -O3 -DNDEBUG -O3 -DNDEBUG   -fPIC -fdiagnostics-color=always -std=c++11 -MD -MT src/verification/CMakeFiles/duckdb_verification.dir/statement_verifier.cpp.o -MF src/verification/CMakeFiles/duckdb_verification.dir/statement_verifier.cpp.o.d -o src/verification/CMakeFiles/duckdb_verification.dir/statement_verifier.cpp.o -c /home/pei/Project/duckdb-polr/src/verification/statement_verifier.cpp
[117/376] /usr/bin/ccache /usr/lib/ccache/c++ -DDUCKDB -DDUCKDB_BUILD_LIBRARY -DDUCKDB_MAIN_LIBRARY -DENABLE_CROSS_PRODUCT_REWRITE=0 -DENABLE_DEBUG_PRINT=0 -DENABLE_MEASURE_EXE_TIME=0 -DENABLE_MERGE_BACK_PLAN=0 -DENABLE_PARALLEL_EXECUTION=0 -DENABLE_QUERY_SPLIT=0 -DENABLE_SPECIFY_EST_STAT=0 -I/home/pei/Project/duckdb-polr/src/include -I/home/pei/Project/duckdb-polr/third_party/fsst -I/home/pei/Project/duckdb-polr/third_party/fmt/include -I/home/pei/Project/duckdb-polr/third_party/hyperloglog -I/home/pei/Project/duckdb-polr/third_party/fastpforlib -I/home/pei/Project/duckdb-polr/third_party/fast_float -I/home/pei/Project/duckdb-polr/third_party/re2 -I/home/pei/Project/duckdb-polr/third_party/miniz -I/home/pei/Project/duckdb-polr/third_party/utf8proc/include -I/home/pei/Project/duckdb-polr/third_party/miniparquet -I/home/pei/Project/duckdb-polr/third_party/concurrentqueue -I/home/pei/Project/duckdb-polr/third_party/pcg -I/home/pei/Project/duckdb-polr/third_party/tdigest -I/home/pei/Project/duckdb-polr/third_party/mbedtls/include -I/home/pei/Project/duckdb-polr/third_party/jaro_winkler -O3 -DNDEBUG -O3 -DNDEBUG   -fPIC -fdiagnostics-color=always -std=c++11 -MD -MT src/verification/CMakeFiles/duckdb_verification.dir/parsed_statement_verifier.cpp.o -MF src/verification/CMakeFiles/duckdb_verification.dir/parsed_statement_verifier.cpp.o.d -o src/verification/CMakeFiles/duckdb_verification.dir/parsed_statement_verifier.cpp.o -c /home/pei/Project/duckdb-polr/src/verification/parsed_statement_verifier.cpp
[118/376] /usr/bin/ccache /usr/lib/ccache/cc -DDUCKDB_BUILD_LIBRARY -DENABLE_CROSS_PRODUCT_REWRITE=0 -DENABLE_DEBUG_PRINT=0 -DENABLE_MEASURE_EXE_TIME=0 -DENABLE_MERGE_BACK_PLAN=0 -DENABLE_PARALLEL_EXECUTION=0 -DENABLE_QUERY_SPLIT=0 -DENABLE_SPECIFY_EST_STAT=0 -DUSE_DUCKDB_SHELL_WRAPPER -I/home/pei/Project/duckdb-polr/src/include -I/home/pei/Project/duckdb-polr/third_party/fsst -I/home/pei/Project/duckdb-polr/third_party/fmt/include -I/home/pei/Project/duckdb-polr/third_party/hyperloglog -I/home/pei/Project/duckdb-polr/third_party/fastpforlib -I/home/pei/Project/duckdb-polr/third_party/fast_float -I/home/pei/Project/duckdb-polr/third_party/re2 -I/home/pei/Project/duckdb-polr/third_party/miniz -I/home/pei/Project/duckdb-polr/third_party/utf8proc/include -I/home/pei/Project/duckdb-polr/third_party/miniparquet -I/home/pei/Project/duckdb-polr/third_party/concurrentqueue -I/home/pei/Project/duckdb-polr/third_party/pcg -I/home/pei/Project/duckdb-polr/third_party/tdigest -I/home/pei/Project/duckdb-polr/third_party/mbedtls/include -I/home/pei/Project/duckdb-polr/third_party/jaro_winkler -I/home/pei/Project/duckdb-polr/tools/sqlite3_api_wrapper/include -O3 -DNDEBUG -O3 -DNDEBUG   -fPIC -fdiagnostics-color=always -MD -MT tools/sqlite3_api_wrapper/sqlite3/CMakeFiles/sqlite3_api_wrapper_sqlite3.dir/printf.c.o -MF tools/sqlite3_api_wrapper/sqlite3/CMakeFiles/sqlite3_api_wrapper_sqlite3.dir/printf.c.o.d -o tools/sqlite3_api_wrapper/sqlite3/CMakeFiles/sqlite3_api_wrapper_sqlite3.dir/printf.c.o -c /home/pei/Project/duckdb-polr/tools/sqlite3_api_wrapper/sqlite3/printf.c
[119/376] /usr/bin/ccache /usr/lib/ccache/c++ -DDUCKDB -DDUCKDB_BUILD_LIBRARY -DDUCKDB_MAIN_LIBRARY -DENABLE_CROSS_PRODUCT_REWRITE=0 -DENABLE_DEBUG_PRINT=0 -DENABLE_MEASURE_EXE_TIME=0 -DENABLE_MERGE_BACK_PLAN=0 -DENABLE_PARALLEL_EXECUTION=0 -DENABLE_QUERY_SPLIT=0 -DENABLE_SPECIFY_EST_STAT=0 -I/home/pei/Project/duckdb-polr/src/include -I/home/pei/Project/duckdb-polr/third_party/fsst -I/home/pei/Project/duckdb-polr/third_party/fmt/include -I/home/pei/Project/duckdb-polr/third_party/hyperloglog -I/home/pei/Project/duckdb-polr/third_party/fastpforlib -I/home/pei/Project/duckdb-polr/third_party/fast_float -I/home/pei/Project/duckdb-polr/third_party/re2 -I/home/pei/Project/duckdb-polr/third_party/miniz -I/home/pei/Project/duckdb-polr/third_party/utf8proc/include -I/home/pei/Project/duckdb-polr/third_party/miniparquet -I/home/pei/Project/duckdb-polr/third_party/concurrentqueue -I/home/pei/Project/duckdb-polr/third_party/pcg -I/home/pei/Project/duckdb-polr/third_party/tdigest -I/home/pei/Project/duckdb-polr/third_party/mbedtls/include -I/home/pei/Project/duckdb-polr/third_party/jaro_winkler -O3 -DNDEBUG -O3 -DNDEBUG   -fPIC -fdiagnostics-color=always -std=c++11 -MD -MT src/verification/CMakeFiles/duckdb_verification.dir/unoptimized_statement_verifier.cpp.o -MF src/verification/CMakeFiles/duckdb_verification.dir/unoptimized_statement_verifier.cpp.o.d -o src/verification/CMakeFiles/duckdb_verification.dir/unoptimized_statement_verifier.cpp.o -c /home/pei/Project/duckdb-polr/src/verification/unoptimized_statement_verifier.cpp
[120/376] /usr/bin/ccache /usr/lib/ccache/c++ -DBUILD_JEMALLOC_EXTENSION=ON -DBUILD_PARQUET_EXTENSION=TRUE -DDUCKDB_BUILD_LIBRARY -DENABLE_CROSS_PRODUCT_REWRITE=0 -DENABLE_DEBUG_PRINT=0 -DENABLE_MEASURE_EXE_TIME=0 -DENABLE_MERGE_BACK_PLAN=0 -DENABLE_PARALLEL_EXECUTION=0 -DENABLE_QUERY_SPLIT=0 -DENABLE_SPECIFY_EST_STAT=0 -DSQLITE_SHELL_IS_UTF8 -DUSE_DUCKDB_SHELL_WRAPPER -I/home/pei/Project/duckdb-polr/src/include -I/home/pei/Project/duckdb-polr/third_party/fsst -I/home/pei/Project/duckdb-polr/third_party/fmt/include -I/home/pei/Project/duckdb-polr/third_party/hyperloglog -I/home/pei/Project/duckdb-polr/third_party/fastpforlib -I/home/pei/Project/duckdb-polr/third_party/fast_float -I/home/pei/Project/duckdb-polr/third_party/re2 -I/home/pei/Project/duckdb-polr/third_party/miniz -I/home/pei/Project/duckdb-polr/third_party/utf8proc/include -I/home/pei/Project/duckdb-polr/third_party/miniparquet -I/home/pei/Project/duckdb-polr/third_party/concurrentqueue -I/home/pei/Project/duckdb-polr/third_party/pcg -I/home/pei/Project/duckdb-polr/third_party/tdigest -I/home/pei/Project/duckdb-polr/third_party/mbedtls/include -I/home/pei/Project/duckdb-polr/third_party/jaro_winkler -I/home/pei/Project/duckdb-polr/tools/sqlite3_api_wrapper/include -I/home/pei/Project/duckdb-polr/tools/sqlite3_api_wrapper/sqlite3_udf_api/include -I/home/pei/Project/duckdb-polr/extension -I/home/pei/Project/duckdb-polr/extension/parquet/include -I/home/pei/Project/duckdb-polr/extension/jemalloc/include -I/home/pei/Project/duckdb-polr/tools/sqlite3_api_wrapper/../../third_party/utf8proc/include -I/home/pei/Project/duckdb-polr/tools/sqlite3_api_wrapper/../../third_party/catch -I/home/pei/Project/duckdb-polr/tools/sqlite3_api_wrapper/test/include -I/home/pei/Project/duckdb-polr/third_party/libpg_query/include -O3 -DNDEBUG -O3 -DNDEBUG   -fPIC -fdiagnostics-color=always -std=c++11 -MD -MT tools/sqlite3_api_wrapper/CMakeFiles/sqlite3_api_wrapper_static.dir/sqlite3_api_wrapper.cpp.o -MF tools/sqlite3_api_wrapper/CMakeFiles/sqlite3_api_wrapper_static.dir/sqlite3_api_wrapper.cpp.o.d -o tools/sqlite3_api_wrapper/CMakeFiles/sqlite3_api_wrapper_static.dir/sqlite3_api_wrapper.cpp.o -c /home/pei/Project/duckdb-polr/tools/sqlite3_api_wrapper/sqlite3_api_wrapper.cpp
[121/376] /usr/bin/ccache /usr/lib/ccache/c++ -DBUILD_JEMALLOC_EXTENSION=ON -DBUILD_PARQUET_EXTENSION=TRUE -DDUCKDB_BUILD_LIBRARY -DENABLE_CROSS_PRODUCT_REWRITE=0 -DENABLE_DEBUG_PRINT=0 -DENABLE_MEASURE_EXE_TIME=0 -DENABLE_MERGE_BACK_PLAN=0 -DENABLE_PARALLEL_EXECUTION=0 -DENABLE_QUERY_SPLIT=0 -DENABLE_SPECIFY_EST_STAT=0 -DSQLITE_SHELL_IS_UTF8 -DUSE_DUCKDB_SHELL_WRAPPER -I/home/pei/Project/duckdb-polr/src/include -I/home/pei/Project/duckdb-polr/third_party/fsst -I/home/pei/Project/duckdb-polr/third_party/fmt/include -I/home/pei/Project/duckdb-polr/third_party/hyperloglog -I/home/pei/Project/duckdb-polr/third_party/fastpforlib -I/home/pei/Project/duckdb-polr/third_party/fast_float -I/home/pei/Project/duckdb-polr/third_party/re2 -I/home/pei/Project/duckdb-polr/third_party/miniz -I/home/pei/Project/duckdb-polr/third_party/utf8proc/include -I/home/pei/Project/duckdb-polr/third_party/miniparquet -I/home/pei/Project/duckdb-polr/third_party/concurrentqueue -I/home/pei/Project/duckdb-polr/third_party/pcg -I/home/pei/Project/duckdb-polr/third_party/tdigest -I/home/pei/Project/duckdb-polr/third_party/mbedtls/include -I/home/pei/Project/duckdb-polr/third_party/jaro_winkler -I/home/pei/Project/duckdb-polr/tools/sqlite3_api_wrapper/include -I/home/pei/Project/duckdb-polr/tools/sqlite3_api_wrapper/sqlite3_udf_api/include -I/home/pei/Project/duckdb-polr/extension -I/home/pei/Project/duckdb-polr/extension/parquet/include -I/home/pei/Project/duckdb-polr/extension/jemalloc/include -I/home/pei/Project/duckdb-polr/tools/sqlite3_api_wrapper/../../third_party/utf8proc/include -I/home/pei/Project/duckdb-polr/tools/sqlite3_api_wrapper/../../third_party/catch -I/home/pei/Project/duckdb-polr/tools/sqlite3_api_wrapper/test/include -I/home/pei/Project/duckdb-polr/third_party/libpg_query/include -O3 -DNDEBUG -O3 -DNDEBUG   -fPIC -fdiagnostics-color=always -std=c++11 -MD -MT tools/sqlite3_api_wrapper/CMakeFiles/sqlite3_api_wrapper_static.dir/sql_auto_complete_extension.cpp.o -MF tools/sqlite3_api_wrapper/CMakeFiles/sqlite3_api_wrapper_static.dir/sql_auto_complete_extension.cpp.o.d -o tools/sqlite3_api_wrapper/CMakeFiles/sqlite3_api_wrapper_static.dir/sql_auto_complete_extension.cpp.o -c /home/pei/Project/duckdb-polr/tools/sqlite3_api_wrapper/sql_auto_complete_extension.cpp
[122/376] /usr/bin/ccache /usr/lib/ccache/c++ -DBUILD_JEMALLOC_EXTENSION=ON -DBUILD_PARQUET_EXTENSION=TRUE -DDUCKDB_BUILD_LIBRARY -DENABLE_CROSS_PRODUCT_REWRITE=0 -DENABLE_DEBUG_PRINT=0 -DENABLE_MEASURE_EXE_TIME=0 -DENABLE_MERGE_BACK_PLAN=0 -DENABLE_PARALLEL_EXECUTION=0 -DENABLE_QUERY_SPLIT=0 -DENABLE_SPECIFY_EST_STAT=0 -DSQLITE_SHELL_IS_UTF8 -DUSE_DUCKDB_SHELL_WRAPPER -Dsqlite3_api_wrapper_EXPORTS -I/home/pei/Project/duckdb-polr/src/include -I/home/pei/Project/duckdb-polr/third_party/fsst -I/home/pei/Project/duckdb-polr/third_party/fmt/include -I/home/pei/Project/duckdb-polr/third_party/hyperloglog -I/home/pei/Project/duckdb-polr/third_party/fastpforlib -I/home/pei/Project/duckdb-polr/third_party/fast_float -I/home/pei/Project/duckdb-polr/third_party/re2 -I/home/pei/Project/duckdb-polr/third_party/miniz -I/home/pei/Project/duckdb-polr/third_party/utf8proc/include -I/home/pei/Project/duckdb-polr/third_party/miniparquet -I/home/pei/Project/duckdb-polr/third_party/concurrentqueue -I/home/pei/Project/duckdb-polr/third_party/pcg -I/home/pei/Project/duckdb-polr/third_party/tdigest -I/home/pei/Project/duckdb-polr/third_party/mbedtls/include -I/home/pei/Project/duckdb-polr/third_party/jaro_winkler -I/home/pei/Project/duckdb-polr/tools/sqlite3_api_wrapper/include -I/home/pei/Project/duckdb-polr/tools/sqlite3_api_wrapper/sqlite3_udf_api/include -I/home/pei/Project/duckdb-polr/extension -I/home/pei/Project/duckdb-polr/extension/parquet/include -I/home/pei/Project/duckdb-polr/extension/jemalloc/include -I/home/pei/Project/duckdb-polr/tools/sqlite3_api_wrapper/../../third_party/utf8proc/include -I/home/pei/Project/duckdb-polr/tools/sqlite3_api_wrapper/../../third_party/catch -I/home/pei/Project/duckdb-polr/tools/sqlite3_api_wrapper/test/include -I/home/pei/Project/duckdb-polr/third_party/libpg_query/include -O3 -DNDEBUG -O3 -DNDEBUG   -fPIC -fdiagnostics-color=always -std=c++11 -MD -MT tools/sqlite3_api_wrapper/CMakeFiles/sqlite3_api_wrapper.dir/sqlite3_api_wrapper.cpp.o -MF tools/sqlite3_api_wrapper/CMakeFiles/sqlite3_api_wrapper.dir/sqlite3_api_wrapper.cpp.o.d -o tools/sqlite3_api_wrapper/CMakeFiles/sqlite3_api_wrapper.dir/sqlite3_api_wrapper.cpp.o -c /home/pei/Project/duckdb-polr/tools/sqlite3_api_wrapper/sqlite3_api_wrapper.cpp
[123/376] /usr/bin/ccache /usr/lib/ccache/c++ -DBUILD_JEMALLOC_EXTENSION=ON -DBUILD_PARQUET_EXTENSION=TRUE -DDUCKDB_BUILD_LIBRARY -DENABLE_CROSS_PRODUCT_REWRITE=0 -DENABLE_DEBUG_PRINT=0 -DENABLE_MEASURE_EXE_TIME=0 -DENABLE_MERGE_BACK_PLAN=0 -DENABLE_PARALLEL_EXECUTION=0 -DENABLE_QUERY_SPLIT=0 -DENABLE_SPECIFY_EST_STAT=0 -DSQLITE_SHELL_IS_UTF8 -DUSE_DUCKDB_SHELL_WRAPPER -Dsqlite3_api_wrapper_EXPORTS -I/home/pei/Project/duckdb-polr/src/include -I/home/pei/Project/duckdb-polr/third_party/fsst -I/home/pei/Project/duckdb-polr/third_party/fmt/include -I/home/pei/Project/duckdb-polr/third_party/hyperloglog -I/home/pei/Project/duckdb-polr/third_party/fastpforlib -I/home/pei/Project/duckdb-polr/third_party/fast_float -I/home/pei/Project/duckdb-polr/third_party/re2 -I/home/pei/Project/duckdb-polr/third_party/miniz -I/home/pei/Project/duckdb-polr/third_party/utf8proc/include -I/home/pei/Project/duckdb-polr/third_party/miniparquet -I/home/pei/Project/duckdb-polr/third_party/concurrentqueue -I/home/pei/Project/duckdb-polr/third_party/pcg -I/home/pei/Project/duckdb-polr/third_party/tdigest -I/home/pei/Project/duckdb-polr/third_party/mbedtls/include -I/home/pei/Project/duckdb-polr/third_party/jaro_winkler -I/home/pei/Project/duckdb-polr/tools/sqlite3_api_wrapper/include -I/home/pei/Project/duckdb-polr/tools/sqlite3_api_wrapper/sqlite3_udf_api/include -I/home/pei/Project/duckdb-polr/extension -I/home/pei/Project/duckdb-polr/extension/parquet/include -I/home/pei/Project/duckdb-polr/extension/jemalloc/include -I/home/pei/Project/duckdb-polr/tools/sqlite3_api_wrapper/../../third_party/utf8proc/include -I/home/pei/Project/duckdb-polr/tools/sqlite3_api_wrapper/../../third_party/catch -I/home/pei/Project/duckdb-polr/tools/sqlite3_api_wrapper/test/include -I/home/pei/Project/duckdb-polr/third_party/libpg_query/include -O3 -DNDEBUG -O3 -DNDEBUG   -fPIC -fdiagnostics-color=always -std=c++11 -MD -MT tools/sqlite3_api_wrapper/CMakeFiles/sqlite3_api_wrapper.dir/sql_auto_complete_extension.cpp.o -MF tools/sqlite3_api_wrapper/CMakeFiles/sqlite3_api_wrapper.dir/sql_auto_complete_extension.cpp.o.d -o tools/sqlite3_api_wrapper/CMakeFiles/sqlite3_api_wrapper.dir/sql_auto_complete_extension.cpp.o -c /home/pei/Project/duckdb-polr/tools/sqlite3_api_wrapper/sql_auto_complete_extension.cpp
[124/376] /usr/bin/ccache /usr/lib/ccache/cc -DDUCKDB_BUILD_LIBRARY -DENABLE_CROSS_PRODUCT_REWRITE=0 -DENABLE_DEBUG_PRINT=0 -DENABLE_MEASURE_EXE_TIME=0 -DENABLE_MERGE_BACK_PLAN=0 -DENABLE_PARALLEL_EXECUTION=0 -DENABLE_QUERY_SPLIT=0 -DENABLE_SPECIFY_EST_STAT=0 -DUSE_DUCKDB_SHELL_WRAPPER -I/home/pei/Project/duckdb-polr/src/include -I/home/pei/Project/duckdb-polr/third_party/fsst -I/home/pei/Project/duckdb-polr/third_party/fmt/include -I/home/pei/Project/duckdb-polr/third_party/hyperloglog -I/home/pei/Project/duckdb-polr/third_party/fastpforlib -I/home/pei/Project/duckdb-polr/third_party/fast_float -I/home/pei/Project/duckdb-polr/third_party/re2 -I/home/pei/Project/duckdb-polr/third_party/miniz -I/home/pei/Project/duckdb-polr/third_party/utf8proc/include -I/home/pei/Project/duckdb-polr/third_party/miniparquet -I/home/pei/Project/duckdb-polr/third_party/concurrentqueue -I/home/pei/Project/duckdb-polr/third_party/pcg -I/home/pei/Project/duckdb-polr/third_party/tdigest -I/home/pei/Project/duckdb-polr/third_party/mbedtls/include -I/home/pei/Project/duckdb-polr/third_party/jaro_winkler -I/home/pei/Project/duckdb-polr/tools/sqlite3_api_wrapper/include -O3 -DNDEBUG -O3 -DNDEBUG   -fPIC -fdiagnostics-color=always -MD -MT tools/sqlite3_api_wrapper/sqlite3/CMakeFiles/sqlite3_api_wrapper_sqlite3.dir/strglob.c.o -MF tools/sqlite3_api_wrapper/sqlite3/CMakeFiles/sqlite3_api_wrapper_sqlite3.dir/strglob.c.o.d -o tools/sqlite3_api_wrapper/sqlite3/CMakeFiles/sqlite3_api_wrapper_sqlite3.dir/strglob.c.o -c /home/pei/Project/duckdb-polr/tools/sqlite3_api_wrapper/sqlite3/strglob.c
[125/376] /usr/bin/ccache /usr/lib/ccache/c++ -DBUILD_JEMALLOC_EXTENSION=ON -DBUILD_PARQUET_EXTENSION=TRUE -DDUCKDB_BUILD_LIBRARY -DENABLE_CROSS_PRODUCT_REWRITE=0 -DENABLE_DEBUG_PRINT=0 -DENABLE_MEASURE_EXE_TIME=0 -DENABLE_MERGE_BACK_PLAN=0 -DENABLE_PARALLEL_EXECUTION=0 -DENABLE_QUERY_SPLIT=0 -DENABLE_SPECIFY_EST_STAT=0 -DSQLITE_SHELL_IS_UTF8 -DUSE_DUCKDB_SHELL_WRAPPER -I/home/pei/Project/duckdb-polr/src/include -I/home/pei/Project/duckdb-polr/third_party/fsst -I/home/pei/Project/duckdb-polr/third_party/fmt/include -I/home/pei/Project/duckdb-polr/third_party/hyperloglog -I/home/pei/Project/duckdb-polr/third_party/fastpforlib -I/home/pei/Project/duckdb-polr/third_party/fast_float -I/home/pei/Project/duckdb-polr/third_party/re2 -I/home/pei/Project/duckdb-polr/third_party/miniz -I/home/pei/Project/duckdb-polr/third_party/utf8proc/include -I/home/pei/Project/duckdb-polr/third_party/miniparquet -I/home/pei/Project/duckdb-polr/third_party/concurrentqueue -I/home/pei/Project/duckdb-polr/third_party/pcg -I/home/pei/Project/duckdb-polr/third_party/tdigest -I/home/pei/Project/duckdb-polr/third_party/mbedtls/include -I/home/pei/Project/duckdb-polr/third_party/jaro_winkler -I/home/pei/Project/duckdb-polr/tools/sqlite3_api_wrapper/include -I/home/pei/Project/duckdb-polr/tools/sqlite3_api_wrapper/sqlite3_udf_api/include -I/home/pei/Project/duckdb-polr/extension -I/home/pei/Project/duckdb-polr/extension/parquet/include -I/home/pei/Project/duckdb-polr/extension/jemalloc/include -I/home/pei/Project/duckdb-polr/tools/sqlite3_api_wrapper/../../third_party/utf8proc/include -I/home/pei/Project/duckdb-polr/tools/sqlite3_api_wrapper/../../third_party/catch -I/home/pei/Project/duckdb-polr/tools/sqlite3_api_wrapper/test/include -I/home/pei/Project/duckdb-polr/third_party/libpg_query/include -O3 -DNDEBUG -O3 -DNDEBUG   -fPIE -fdiagnostics-color=always -std=c++11 -MD -MT tools/sqlite3_api_wrapper/CMakeFiles/test_sqlite3_api_wrapper.dir/test/test_sqlite3_udf_api_wrapper.cpp.o -MF tools/sqlite3_api_wrapper/CMakeFiles/test_sqlite3_api_wrapper.dir/test/test_sqlite3_udf_api_wrapper.cpp.o.d -o tools/sqlite3_api_wrapper/CMakeFiles/test_sqlite3_api_wrapper.dir/test/test_sqlite3_udf_api_wrapper.cpp.o -c /home/pei/Project/duckdb-polr/tools/sqlite3_api_wrapper/test/test_sqlite3_udf_api_wrapper.cpp
[126/376] /usr/bin/ccache /usr/lib/ccache/c++ -DDUCKDB_BUILD_LIBRARY -DENABLE_CROSS_PRODUCT_REWRITE=0 -DENABLE_DEBUG_PRINT=0 -DENABLE_MEASURE_EXE_TIME=0 -DENABLE_MERGE_BACK_PLAN=0 -DENABLE_PARALLEL_EXECUTION=0 -DENABLE_QUERY_SPLIT=0 -DENABLE_SPECIFY_EST_STAT=0 -I/home/pei/Project/duckdb-polr/src/include -I/home/pei/Project/duckdb-polr/third_party/fsst -I/home/pei/Project/duckdb-polr/third_party/fmt/include -I/home/pei/Project/duckdb-polr/third_party/hyperloglog -I/home/pei/Project/duckdb-polr/third_party/fastpforlib -I/home/pei/Project/duckdb-polr/third_party/fast_float -I/home/pei/Project/duckdb-polr/third_party/re2 -I/home/pei/Project/duckdb-polr/third_party/miniz -I/home/pei/Project/duckdb-polr/third_party/utf8proc/include -I/home/pei/Project/duckdb-polr/third_party/miniparquet -I/home/pei/Project/duckdb-polr/third_party/concurrentqueue -I/home/pei/Project/duckdb-polr/third_party/pcg -I/home/pei/Project/duckdb-polr/third_party/tdigest -I/home/pei/Project/duckdb-polr/third_party/mbedtls/include -I/home/pei/Project/duckdb-polr/third_party/jaro_winkler -I/home/pei/Project/duckdb-polr/tools/sqlite3_api_wrapper/include -I/home/pei/Project/duckdb-polr/tools/sqlite3_api_wrapper/sqlite3_udf_api/include -O3 -DNDEBUG -O3 -DNDEBUG   -fPIC -fdiagnostics-color=always -std=c++11 -MD -MT tools/sqlite3_api_wrapper/sqlite3_udf_api/CMakeFiles/sqlite3_udf_api.dir/sqlite3_udf_wrapper.cpp.o -MF tools/sqlite3_api_wrapper/sqlite3_udf_api/CMakeFiles/sqlite3_udf_api.dir/sqlite3_udf_wrapper.cpp.o.d -o tools/sqlite3_api_wrapper/sqlite3_udf_api/CMakeFiles/sqlite3_udf_api.dir/sqlite3_udf_wrapper.cpp.o -c /home/pei/Project/duckdb-polr/tools/sqlite3_api_wrapper/sqlite3_udf_api/sqlite3_udf_wrapper.cpp
[127/376] /usr/bin/ccache /usr/lib/ccache/cc -DDUCKDB_BUILD_LIBRARY -DENABLE_CROSS_PRODUCT_REWRITE=0 -DENABLE_DEBUG_PRINT=0 -DENABLE_MEASURE_EXE_TIME=0 -DENABLE_MERGE_BACK_PLAN=0 -DENABLE_PARALLEL_EXECUTION=0 -DENABLE_QUERY_SPLIT=0 -DENABLE_SPECIFY_EST_STAT=0 -DHAVE_LINENOISE=1 -DSQLITE_OMIT_LOAD_EXTENSION=1 -I/home/pei/Project/duckdb-polr/src/include -I/home/pei/Project/duckdb-polr/third_party/fsst -I/home/pei/Project/duckdb-polr/third_party/fmt/include -I/home/pei/Project/duckdb-polr/third_party/hyperloglog -I/home/pei/Project/duckdb-polr/third_party/fastpforlib -I/home/pei/Project/duckdb-polr/third_party/fast_float -I/home/pei/Project/duckdb-polr/third_party/re2 -I/home/pei/Project/duckdb-polr/third_party/miniz -I/home/pei/Project/duckdb-polr/third_party/utf8proc/include -I/home/pei/Project/duckdb-polr/third_party/miniparquet -I/home/pei/Project/duckdb-polr/third_party/concurrentqueue -I/home/pei/Project/duckdb-polr/third_party/pcg -I/home/pei/Project/duckdb-polr/third_party/tdigest -I/home/pei/Project/duckdb-polr/third_party/mbedtls/include -I/home/pei/Project/duckdb-polr/third_party/jaro_winkler -I/home/pei/Project/duckdb-polr/tools/shell/../../third_party/utf8proc/include -I/home/pei/Project/duckdb-polr/tools/shell/include -I/home/pei/Project/duckdb-polr/tools/shell/../sqlite3_api_wrapper/include -I/home/pei/Project/duckdb-polr/third_party/libpg_query/include -O3 -DNDEBUG -O3 -DNDEBUG   -fPIE -fdiagnostics-color=always -MD -MT tools/shell/CMakeFiles/shell.dir/shell.c.o -MF tools/shell/CMakeFiles/shell.dir/shell.c.o.d -o tools/shell/CMakeFiles/shell.dir/shell.c.o -c /home/pei/Project/duckdb-polr/tools/shell/shell.c
[128/376] /usr/bin/ccache /usr/lib/ccache/c++ -DBUILD_JEMALLOC_EXTENSION=ON -DBUILD_PARQUET_EXTENSION=TRUE -DDUCKDB_BUILD_LIBRARY -DENABLE_CROSS_PRODUCT_REWRITE=0 -DENABLE_DEBUG_PRINT=0 -DENABLE_MEASURE_EXE_TIME=0 -DENABLE_MERGE_BACK_PLAN=0 -DENABLE_PARALLEL_EXECUTION=0 -DENABLE_QUERY_SPLIT=0 -DENABLE_SPECIFY_EST_STAT=0 -DSQLITE_SHELL_IS_UTF8 -DUSE_DUCKDB_SHELL_WRAPPER -I/home/pei/Project/duckdb-polr/src/include -I/home/pei/Project/duckdb-polr/third_party/fsst -I/home/pei/Project/duckdb-polr/third_party/fmt/include -I/home/pei/Project/duckdb-polr/third_party/hyperloglog -I/home/pei/Project/duckdb-polr/third_party/fastpforlib -I/home/pei/Project/duckdb-polr/third_party/fast_float -I/home/pei/Project/duckdb-polr/third_party/re2 -I/home/pei/Project/duckdb-polr/third_party/miniz -I/home/pei/Project/duckdb-polr/third_party/utf8proc/include -I/home/pei/Project/duckdb-polr/third_party/miniparquet -I/home/pei/Project/duckdb-polr/third_party/concurrentqueue -I/home/pei/Project/duckdb-polr/third_party/pcg -I/home/pei/Project/duckdb-polr/third_party/tdigest -I/home/pei/Project/duckdb-polr/third_party/mbedtls/include -I/home/pei/Project/duckdb-polr/third_party/jaro_winkler -I/home/pei/Project/duckdb-polr/tools/sqlite3_api_wrapper/include -I/home/pei/Project/duckdb-polr/tools/sqlite3_api_wrapper/sqlite3_udf_api/include -I/home/pei/Project/duckdb-polr/extension -I/home/pei/Project/duckdb-polr/extension/parquet/include -I/home/pei/Project/duckdb-polr/extension/jemalloc/include -I/home/pei/Project/duckdb-polr/tools/sqlite3_api_wrapper/../../third_party/utf8proc/include -I/home/pei/Project/duckdb-polr/tools/sqlite3_api_wrapper/../../third_party/catch -I/home/pei/Project/duckdb-polr/tools/sqlite3_api_wrapper/test/include -I/home/pei/Project/duckdb-polr/third_party/libpg_query/include -O3 -DNDEBUG -O3 -DNDEBUG   -fPIE -fdiagnostics-color=always -std=c++11 -MD -MT tools/sqlite3_api_wrapper/CMakeFiles/test_sqlite3_api_wrapper.dir/test/test_sqlite3_api_wrapper.cpp.o -MF tools/sqlite3_api_wrapper/CMakeFiles/test_sqlite3_api_wrapper.dir/test/test_sqlite3_api_wrapper.cpp.o.d -o tools/sqlite3_api_wrapper/CMakeFiles/test_sqlite3_api_wrapper.dir/test/test_sqlite3_api_wrapper.cpp.o -c /home/pei/Project/duckdb-polr/tools/sqlite3_api_wrapper/test/test_sqlite3_api_wrapper.cpp
[129/376] /usr/bin/ccache /usr/lib/ccache/c++ -DDUCKDB_BUILD_LIBRARY -DENABLE_CROSS_PRODUCT_REWRITE=0 -DENABLE_DEBUG_PRINT=0 -DENABLE_MEASURE_EXE_TIME=0 -DENABLE_MERGE_BACK_PLAN=0 -DENABLE_PARALLEL_EXECUTION=0 -DENABLE_QUERY_SPLIT=0 -DENABLE_SPECIFY_EST_STAT=0 -I/home/pei/Project/duckdb-polr/src/include -I/home/pei/Project/duckdb-polr/third_party/fsst -I/home/pei/Project/duckdb-polr/third_party/fmt/include -I/home/pei/Project/duckdb-polr/third_party/hyperloglog -I/home/pei/Project/duckdb-polr/third_party/fastpforlib -I/home/pei/Project/duckdb-polr/third_party/fast_float -I/home/pei/Project/duckdb-polr/third_party/re2 -I/home/pei/Project/duckdb-polr/third_party/miniz -I/home/pei/Project/duckdb-polr/third_party/utf8proc/include -I/home/pei/Project/duckdb-polr/third_party/miniparquet -I/home/pei/Project/duckdb-polr/third_party/concurrentqueue -I/home/pei/Project/duckdb-polr/third_party/pcg -I/home/pei/Project/duckdb-polr/third_party/tdigest -I/home/pei/Project/duckdb-polr/third_party/mbedtls/include -I/home/pei/Project/duckdb-polr/third_party/jaro_winkler -I/home/pei/Project/duckdb-polr/tools/sqlite3_api_wrapper/include -I/home/pei/Project/duckdb-polr/tools/sqlite3_api_wrapper/sqlite3_udf_api/include -O3 -DNDEBUG -O3 -DNDEBUG   -fPIC -fdiagnostics-color=always -std=c++11 -MD -MT tools/sqlite3_api_wrapper/sqlite3_udf_api/CMakeFiles/sqlite3_udf_api.dir/cast_sqlite.cpp.o -MF tools/sqlite3_api_wrapper/sqlite3_udf_api/CMakeFiles/sqlite3_udf_api.dir/cast_sqlite.cpp.o.d -o tools/sqlite3_api_wrapper/sqlite3_udf_api/CMakeFiles/sqlite3_udf_api.dir/cast_sqlite.cpp.o -c /home/pei/Project/duckdb-polr/tools/sqlite3_api_wrapper/sqlite3_udf_api/cast_sqlite.cpp
[130/376] /usr/bin/ccache /usr/lib/ccache/c++ -DDUCKDB_BUILD_LIBRARY -DENABLE_CROSS_PRODUCT_REWRITE=0 -DENABLE_DEBUG_PRINT=0 -DENABLE_MEASURE_EXE_TIME=0 -DENABLE_MERGE_BACK_PLAN=0 -DENABLE_PARALLEL_EXECUTION=0 -DENABLE_QUERY_SPLIT=0 -DENABLE_SPECIFY_EST_STAT=0 -DHAVE_LINENOISE=1 -DSQLITE_OMIT_LOAD_EXTENSION=1 -I/home/pei/Project/duckdb-polr/src/include -I/home/pei/Project/duckdb-polr/third_party/fsst -I/home/pei/Project/duckdb-polr/third_party/fmt/include -I/home/pei/Project/duckdb-polr/third_party/hyperloglog -I/home/pei/Project/duckdb-polr/third_party/fastpforlib -I/home/pei/Project/duckdb-polr/third_party/fast_float -I/home/pei/Project/duckdb-polr/third_party/re2 -I/home/pei/Project/duckdb-polr/third_party/miniz -I/home/pei/Project/duckdb-polr/third_party/utf8proc/include -I/home/pei/Project/duckdb-polr/third_party/miniparquet -I/home/pei/Project/duckdb-polr/third_party/concurrentqueue -I/home/pei/Project/duckdb-polr/third_party/pcg -I/home/pei/Project/duckdb-polr/third_party/tdigest -I/home/pei/Project/duckdb-polr/third_party/mbedtls/include -I/home/pei/Project/duckdb-polr/third_party/jaro_winkler -I/home/pei/Project/duckdb-polr/tools/shell/../../third_party/utf8proc/include -I/home/pei/Project/duckdb-polr/tools/shell/include -I/home/pei/Project/duckdb-polr/tools/shell/../sqlite3_api_wrapper/include -I/home/pei/Project/duckdb-polr/third_party/libpg_query/include -O3 -DNDEBUG -O3 -DNDEBUG   -fPIE -fdiagnostics-color=always -std=c++11 -MD -MT tools/shell/CMakeFiles/shell.dir/linenoise.cpp.o -MF tools/shell/CMakeFiles/shell.dir/linenoise.cpp.o.d -o tools/shell/CMakeFiles/shell.dir/linenoise.cpp.o -c /home/pei/Project/duckdb-polr/tools/shell/linenoise.cpp
[131/376] /usr/bin/ccache /usr/lib/ccache/c++ -DDUCKDB_BUILD_LIBRARY -DENABLE_CROSS_PRODUCT_REWRITE=0 -DENABLE_DEBUG_PRINT=0 -DENABLE_MEASURE_EXE_TIME=0 -DENABLE_MERGE_BACK_PLAN=0 -DENABLE_PARALLEL_EXECUTION=0 -DENABLE_QUERY_SPLIT=0 -DENABLE_SPECIFY_EST_STAT=0 -I/home/pei/Project/duckdb-polr/src/include -I/home/pei/Project/duckdb-polr/third_party/fsst -I/home/pei/Project/duckdb-polr/third_party/fmt/include -I/home/pei/Project/duckdb-polr/third_party/hyperloglog -I/home/pei/Project/duckdb-polr/third_party/fastpforlib -I/home/pei/Project/duckdb-polr/third_party/fast_float -I/home/pei/Project/duckdb-polr/third_party/re2 -I/home/pei/Project/duckdb-polr/third_party/miniz -I/home/pei/Project/duckdb-polr/third_party/utf8proc/include -I/home/pei/Project/duckdb-polr/third_party/miniparquet -I/home/pei/Project/duckdb-polr/third_party/concurrentqueue -I/home/pei/Project/duckdb-polr/third_party/pcg -I/home/pei/Project/duckdb-polr/third_party/tdigest -I/home/pei/Project/duckdb-polr/third_party/mbedtls/include -I/home/pei/Project/duckdb-polr/third_party/jaro_winkler -I/home/pei/Project/duckdb-polr/extension/parquet/include -I/home/pei/Project/duckdb-polr/extension/parquet/../../third_party/parquet -I/home/pei/Project/duckdb-polr/extension/parquet/../../third_party/snappy -I/home/pei/Project/duckdb-polr/extension/parquet/../../third_party/miniz -I/home/pei/Project/duckdb-polr/extension/parquet/../../third_party/thrift -I/home/pei/Project/duckdb-polr/extension/parquet/../../third_party/zstd/include -O3 -DNDEBUG -O3 -DNDEBUG   -fPIC -fdiagnostics-color=always -std=c++11 -MD -MT extension/parquet/CMakeFiles/parquet_extension.dir/column_writer.cpp.o -MF extension/parquet/CMakeFiles/parquet_extension.dir/column_writer.cpp.o.d -o extension/parquet/CMakeFiles/parquet_extension.dir/column_writer.cpp.o -c /home/pei/Project/duckdb-polr/extension/parquet/column_writer.cpp
[132/376] /usr/bin/ccache /usr/lib/ccache/c++ -DDUCKDB_BUILD_LIBRARY -DENABLE_CROSS_PRODUCT_REWRITE=0 -DENABLE_DEBUG_PRINT=0 -DENABLE_MEASURE_EXE_TIME=0 -DENABLE_MERGE_BACK_PLAN=0 -DENABLE_PARALLEL_EXECUTION=0 -DENABLE_QUERY_SPLIT=0 -DENABLE_SPECIFY_EST_STAT=0 -I/home/pei/Project/duckdb-polr/src/include -I/home/pei/Project/duckdb-polr/third_party/fsst -I/home/pei/Project/duckdb-polr/third_party/fmt/include -I/home/pei/Project/duckdb-polr/third_party/hyperloglog -I/home/pei/Project/duckdb-polr/third_party/fastpforlib -I/home/pei/Project/duckdb-polr/third_party/fast_float -I/home/pei/Project/duckdb-polr/third_party/re2 -I/home/pei/Project/duckdb-polr/third_party/miniz -I/home/pei/Project/duckdb-polr/third_party/utf8proc/include -I/home/pei/Project/duckdb-polr/third_party/miniparquet -I/home/pei/Project/duckdb-polr/third_party/concurrentqueue -I/home/pei/Project/duckdb-polr/third_party/pcg -I/home/pei/Project/duckdb-polr/third_party/tdigest -I/home/pei/Project/duckdb-polr/third_party/mbedtls/include -I/home/pei/Project/duckdb-polr/third_party/jaro_winkler -I/home/pei/Project/duckdb-polr/extension/parquet/include -I/home/pei/Project/duckdb-polr/extension/parquet/../../third_party/parquet -I/home/pei/Project/duckdb-polr/extension/parquet/../../third_party/snappy -I/home/pei/Project/duckdb-polr/extension/parquet/../../third_party/miniz -I/home/pei/Project/duckdb-polr/extension/parquet/../../third_party/thrift -I/home/pei/Project/duckdb-polr/extension/parquet/../../third_party/zstd/include -O3 -DNDEBUG -O3 -DNDEBUG   -fPIC -fdiagnostics-color=always -std=c++11 -MD -MT extension/parquet/CMakeFiles/parquet_extension.dir/parquet_metadata.cpp.o -MF extension/parquet/CMakeFiles/parquet_extension.dir/parquet_metadata.cpp.o.d -o extension/parquet/CMakeFiles/parquet_extension.dir/parquet_metadata.cpp.o -c /home/pei/Project/duckdb-polr/extension/parquet/parquet_metadata.cpp
[133/376] /usr/bin/ccache /usr/lib/ccache/c++ -DDUCKDB_BUILD_LIBRARY -DENABLE_CROSS_PRODUCT_REWRITE=0 -DENABLE_DEBUG_PRINT=0 -DENABLE_MEASURE_EXE_TIME=0 -DENABLE_MERGE_BACK_PLAN=0 -DENABLE_PARALLEL_EXECUTION=0 -DENABLE_QUERY_SPLIT=0 -DENABLE_SPECIFY_EST_STAT=0 -I/home/pei/Project/duckdb-polr/src/include -I/home/pei/Project/duckdb-polr/third_party/fsst -I/home/pei/Project/duckdb-polr/third_party/fmt/include -I/home/pei/Project/duckdb-polr/third_party/hyperloglog -I/home/pei/Project/duckdb-polr/third_party/fastpforlib -I/home/pei/Project/duckdb-polr/third_party/fast_float -I/home/pei/Project/duckdb-polr/third_party/re2 -I/home/pei/Project/duckdb-polr/third_party/miniz -I/home/pei/Project/duckdb-polr/third_party/utf8proc/include -I/home/pei/Project/duckdb-polr/third_party/miniparquet -I/home/pei/Project/duckdb-polr/third_party/concurrentqueue -I/home/pei/Project/duckdb-polr/third_party/pcg -I/home/pei/Project/duckdb-polr/third_party/tdigest -I/home/pei/Project/duckdb-polr/third_party/mbedtls/include -I/home/pei/Project/duckdb-polr/third_party/jaro_winkler -I/home/pei/Project/duckdb-polr/extension/parquet/include -I/home/pei/Project/duckdb-polr/extension/parquet/../../third_party/parquet -I/home/pei/Project/duckdb-polr/extension/parquet/../../third_party/snappy -I/home/pei/Project/duckdb-polr/extension/parquet/../../third_party/miniz -I/home/pei/Project/duckdb-polr/extension/parquet/../../third_party/thrift -I/home/pei/Project/duckdb-polr/extension/parquet/../../third_party/zstd/include -O3 -DNDEBUG -O3 -DNDEBUG   -fPIC -fdiagnostics-color=always -std=c++11 -MD -MT extension/parquet/CMakeFiles/parquet_extension.dir/__/__/third_party/parquet/parquet_constants.cpp.o -MF extension/parquet/CMakeFiles/parquet_extension.dir/__/__/third_party/parquet/parquet_constants.cpp.o.d -o extension/parquet/CMakeFiles/parquet_extension.dir/__/__/third_party/parquet/parquet_constants.cpp.o -c /home/pei/Project/duckdb-polr/third_party/parquet/parquet_constants.cpp
[134/376] /usr/bin/ccache /usr/lib/ccache/c++ -DDUCKDB_BUILD_LIBRARY -DENABLE_CROSS_PRODUCT_REWRITE=0 -DENABLE_DEBUG_PRINT=0 -DENABLE_MEASURE_EXE_TIME=0 -DENABLE_MERGE_BACK_PLAN=0 -DENABLE_PARALLEL_EXECUTION=0 -DENABLE_QUERY_SPLIT=0 -DENABLE_SPECIFY_EST_STAT=0 -I/home/pei/Project/duckdb-polr/src/include -I/home/pei/Project/duckdb-polr/third_party/fsst -I/home/pei/Project/duckdb-polr/third_party/fmt/include -I/home/pei/Project/duckdb-polr/third_party/hyperloglog -I/home/pei/Project/duckdb-polr/third_party/fastpforlib -I/home/pei/Project/duckdb-polr/third_party/fast_float -I/home/pei/Project/duckdb-polr/third_party/re2 -I/home/pei/Project/duckdb-polr/third_party/miniz -I/home/pei/Project/duckdb-polr/third_party/utf8proc/include -I/home/pei/Project/duckdb-polr/third_party/miniparquet -I/home/pei/Project/duckdb-polr/third_party/concurrentqueue -I/home/pei/Project/duckdb-polr/third_party/pcg -I/home/pei/Project/duckdb-polr/third_party/tdigest -I/home/pei/Project/duckdb-polr/third_party/mbedtls/include -I/home/pei/Project/duckdb-polr/third_party/jaro_winkler -I/home/pei/Project/duckdb-polr/extension/parquet/include -I/home/pei/Project/duckdb-polr/extension/parquet/../../third_party/parquet -I/home/pei/Project/duckdb-polr/extension/parquet/../../third_party/snappy -I/home/pei/Project/duckdb-polr/extension/parquet/../../third_party/miniz -I/home/pei/Project/duckdb-polr/extension/parquet/../../third_party/thrift -I/home/pei/Project/duckdb-polr/extension/parquet/../../third_party/zstd/include -O3 -DNDEBUG -O3 -DNDEBUG   -fPIC -fdiagnostics-color=always -std=c++11 -MD -MT extension/parquet/CMakeFiles/parquet_extension.dir/parquet-extension.cpp.o -MF extension/parquet/CMakeFiles/parquet_extension.dir/parquet-extension.cpp.o.d -o extension/parquet/CMakeFiles/parquet_extension.dir/parquet-extension.cpp.o -c /home/pei/Project/duckdb-polr/extension/parquet/parquet-extension.cpp
[135/376] /usr/bin/ccache /usr/lib/ccache/c++ -DDUCKDB_BUILD_LIBRARY -DENABLE_CROSS_PRODUCT_REWRITE=0 -DENABLE_DEBUG_PRINT=0 -DENABLE_MEASURE_EXE_TIME=0 -DENABLE_MERGE_BACK_PLAN=0 -DENABLE_PARALLEL_EXECUTION=0 -DENABLE_QUERY_SPLIT=0 -DENABLE_SPECIFY_EST_STAT=0 -I/home/pei/Project/duckdb-polr/src/include -I/home/pei/Project/duckdb-polr/third_party/fsst -I/home/pei/Project/duckdb-polr/third_party/fmt/include -I/home/pei/Project/duckdb-polr/third_party/hyperloglog -I/home/pei/Project/duckdb-polr/third_party/fastpforlib -I/home/pei/Project/duckdb-polr/third_party/fast_float -I/home/pei/Project/duckdb-polr/third_party/re2 -I/home/pei/Project/duckdb-polr/third_party/miniz -I/home/pei/Project/duckdb-polr/third_party/utf8proc/include -I/home/pei/Project/duckdb-polr/third_party/miniparquet -I/home/pei/Project/duckdb-polr/third_party/concurrentqueue -I/home/pei/Project/duckdb-polr/third_party/pcg -I/home/pei/Project/duckdb-polr/third_party/tdigest -I/home/pei/Project/duckdb-polr/third_party/mbedtls/include -I/home/pei/Project/duckdb-polr/third_party/jaro_winkler -I/home/pei/Project/duckdb-polr/extension/parquet/include -I/home/pei/Project/duckdb-polr/extension/parquet/../../third_party/parquet -I/home/pei/Project/duckdb-polr/extension/parquet/../../third_party/snappy -I/home/pei/Project/duckdb-polr/extension/parquet/../../third_party/miniz -I/home/pei/Project/duckdb-polr/extension/parquet/../../third_party/thrift -I/home/pei/Project/duckdb-polr/extension/parquet/../../third_party/zstd/include -O3 -DNDEBUG -O3 -DNDEBUG   -fPIC -fdiagnostics-color=always -std=c++11 -MD -MT extension/parquet/CMakeFiles/parquet_extension.dir/parquet_timestamp.cpp.o -MF extension/parquet/CMakeFiles/parquet_extension.dir/parquet_timestamp.cpp.o.d -o extension/parquet/CMakeFiles/parquet_extension.dir/parquet_timestamp.cpp.o -c /home/pei/Project/duckdb-polr/extension/parquet/parquet_timestamp.cpp
[136/376] /usr/bin/ccache /usr/lib/ccache/c++ -DDUCKDB_BUILD_LIBRARY -DENABLE_CROSS_PRODUCT_REWRITE=0 -DENABLE_DEBUG_PRINT=0 -DENABLE_MEASURE_EXE_TIME=0 -DENABLE_MERGE_BACK_PLAN=0 -DENABLE_PARALLEL_EXECUTION=0 -DENABLE_QUERY_SPLIT=0 -DENABLE_SPECIFY_EST_STAT=0 -I/home/pei/Project/duckdb-polr/src/include -I/home/pei/Project/duckdb-polr/third_party/fsst -I/home/pei/Project/duckdb-polr/third_party/fmt/include -I/home/pei/Project/duckdb-polr/third_party/hyperloglog -I/home/pei/Project/duckdb-polr/third_party/fastpforlib -I/home/pei/Project/duckdb-polr/third_party/fast_float -I/home/pei/Project/duckdb-polr/third_party/re2 -I/home/pei/Project/duckdb-polr/third_party/miniz -I/home/pei/Project/duckdb-polr/third_party/utf8proc/include -I/home/pei/Project/duckdb-polr/third_party/miniparquet -I/home/pei/Project/duckdb-polr/third_party/concurrentqueue -I/home/pei/Project/duckdb-polr/third_party/pcg -I/home/pei/Project/duckdb-polr/third_party/tdigest -I/home/pei/Project/duckdb-polr/third_party/mbedtls/include -I/home/pei/Project/duckdb-polr/third_party/jaro_winkler -I/home/pei/Project/duckdb-polr/extension/parquet/include -I/home/pei/Project/duckdb-polr/extension/parquet/../../third_party/parquet -I/home/pei/Project/duckdb-polr/extension/parquet/../../third_party/snappy -I/home/pei/Project/duckdb-polr/extension/parquet/../../third_party/miniz -I/home/pei/Project/duckdb-polr/extension/parquet/../../third_party/thrift -I/home/pei/Project/duckdb-polr/extension/parquet/../../third_party/zstd/include -O3 -DNDEBUG -O3 -DNDEBUG   -fPIC -fdiagnostics-color=always -std=c++11 -MD -MT extension/parquet/CMakeFiles/parquet_extension.dir/parquet_writer.cpp.o -MF extension/parquet/CMakeFiles/parquet_extension.dir/parquet_writer.cpp.o.d -o extension/parquet/CMakeFiles/parquet_extension.dir/parquet_writer.cpp.o -c /home/pei/Project/duckdb-polr/extension/parquet/parquet_writer.cpp
[137/376] /usr/bin/ccache /usr/lib/ccache/c++ -DDUCKDB_BUILD_LIBRARY -DENABLE_CROSS_PRODUCT_REWRITE=0 -DENABLE_DEBUG_PRINT=0 -DENABLE_MEASURE_EXE_TIME=0 -DENABLE_MERGE_BACK_PLAN=0 -DENABLE_PARALLEL_EXECUTION=0 -DENABLE_QUERY_SPLIT=0 -DENABLE_SPECIFY_EST_STAT=0 -I/home/pei/Project/duckdb-polr/src/include -I/home/pei/Project/duckdb-polr/third_party/fsst -I/home/pei/Project/duckdb-polr/third_party/fmt/include -I/home/pei/Project/duckdb-polr/third_party/hyperloglog -I/home/pei/Project/duckdb-polr/third_party/fastpforlib -I/home/pei/Project/duckdb-polr/third_party/fast_float -I/home/pei/Project/duckdb-polr/third_party/re2 -I/home/pei/Project/duckdb-polr/third_party/miniz -I/home/pei/Project/duckdb-polr/third_party/utf8proc/include -I/home/pei/Project/duckdb-polr/third_party/miniparquet -I/home/pei/Project/duckdb-polr/third_party/concurrentqueue -I/home/pei/Project/duckdb-polr/third_party/pcg -I/home/pei/Project/duckdb-polr/third_party/tdigest -I/home/pei/Project/duckdb-polr/third_party/mbedtls/include -I/home/pei/Project/duckdb-polr/third_party/jaro_winkler -I/home/pei/Project/duckdb-polr/extension/parquet/include -I/home/pei/Project/duckdb-polr/extension/parquet/../../third_party/parquet -I/home/pei/Project/duckdb-polr/extension/parquet/../../third_party/snappy -I/home/pei/Project/duckdb-polr/extension/parquet/../../third_party/miniz -I/home/pei/Project/duckdb-polr/extension/parquet/../../third_party/thrift -I/home/pei/Project/duckdb-polr/extension/parquet/../../third_party/zstd/include -O3 -DNDEBUG -O3 -DNDEBUG   -fPIC -fdiagnostics-color=always -std=c++11 -MD -MT extension/parquet/CMakeFiles/parquet_extension.dir/parquet_reader.cpp.o -MF extension/parquet/CMakeFiles/parquet_extension.dir/parquet_reader.cpp.o.d -o extension/parquet/CMakeFiles/parquet_extension.dir/parquet_reader.cpp.o -c /home/pei/Project/duckdb-polr/extension/parquet/parquet_reader.cpp
[138/376] /usr/bin/ccache /usr/lib/ccache/c++ -DDUCKDB_BUILD_LIBRARY -DENABLE_CROSS_PRODUCT_REWRITE=0 -DENABLE_DEBUG_PRINT=0 -DENABLE_MEASURE_EXE_TIME=0 -DENABLE_MERGE_BACK_PLAN=0 -DENABLE_PARALLEL_EXECUTION=0 -DENABLE_QUERY_SPLIT=0 -DENABLE_SPECIFY_EST_STAT=0 -I/home/pei/Project/duckdb-polr/src/include -I/home/pei/Project/duckdb-polr/third_party/fsst -I/home/pei/Project/duckdb-polr/third_party/fmt/include -I/home/pei/Project/duckdb-polr/third_party/hyperloglog -I/home/pei/Project/duckdb-polr/third_party/fastpforlib -I/home/pei/Project/duckdb-polr/third_party/fast_float -I/home/pei/Project/duckdb-polr/third_party/re2 -I/home/pei/Project/duckdb-polr/third_party/miniz -I/home/pei/Project/duckdb-polr/third_party/utf8proc/include -I/home/pei/Project/duckdb-polr/third_party/miniparquet -I/home/pei/Project/duckdb-polr/third_party/concurrentqueue -I/home/pei/Project/duckdb-polr/third_party/pcg -I/home/pei/Project/duckdb-polr/third_party/tdigest -I/home/pei/Project/duckdb-polr/third_party/mbedtls/include -I/home/pei/Project/duckdb-polr/third_party/jaro_winkler -I/home/pei/Project/duckdb-polr/extension/parquet/include -I/home/pei/Project/duckdb-polr/extension/parquet/../../third_party/parquet -I/home/pei/Project/duckdb-polr/extension/parquet/../../third_party/snappy -I/home/pei/Project/duckdb-polr/extension/parquet/../../third_party/miniz -I/home/pei/Project/duckdb-polr/extension/parquet/../../third_party/thrift -I/home/pei/Project/duckdb-polr/extension/parquet/../../third_party/zstd/include -O3 -DNDEBUG -O3 -DNDEBUG   -fPIC -fdiagnostics-color=always -std=c++11 -MD -MT extension/parquet/CMakeFiles/parquet_extension.dir/parquet_statistics.cpp.o -MF extension/parquet/CMakeFiles/parquet_extension.dir/parquet_statistics.cpp.o.d -o extension/parquet/CMakeFiles/parquet_extension.dir/parquet_statistics.cpp.o -c /home/pei/Project/duckdb-polr/extension/parquet/parquet_statistics.cpp
[139/376] /usr/bin/ccache /usr/lib/ccache/c++ -DDUCKDB_BUILD_LIBRARY -DENABLE_CROSS_PRODUCT_REWRITE=0 -DENABLE_DEBUG_PRINT=0 -DENABLE_MEASURE_EXE_TIME=0 -DENABLE_MERGE_BACK_PLAN=0 -DENABLE_PARALLEL_EXECUTION=0 -DENABLE_QUERY_SPLIT=0 -DENABLE_SPECIFY_EST_STAT=0 -I/home/pei/Project/duckdb-polr/src/include -I/home/pei/Project/duckdb-polr/third_party/fsst -I/home/pei/Project/duckdb-polr/third_party/fmt/include -I/home/pei/Project/duckdb-polr/third_party/hyperloglog -I/home/pei/Project/duckdb-polr/third_party/fastpforlib -I/home/pei/Project/duckdb-polr/third_party/fast_float -I/home/pei/Project/duckdb-polr/third_party/re2 -I/home/pei/Project/duckdb-polr/third_party/miniz -I/home/pei/Project/duckdb-polr/third_party/utf8proc/include -I/home/pei/Project/duckdb-polr/third_party/miniparquet -I/home/pei/Project/duckdb-polr/third_party/concurrentqueue -I/home/pei/Project/duckdb-polr/third_party/pcg -I/home/pei/Project/duckdb-polr/third_party/tdigest -I/home/pei/Project/duckdb-polr/third_party/mbedtls/include -I/home/pei/Project/duckdb-polr/third_party/jaro_winkler -I/home/pei/Project/duckdb-polr/extension/parquet/include -I/home/pei/Project/duckdb-polr/extension/parquet/../../third_party/parquet -I/home/pei/Project/duckdb-polr/extension/parquet/../../third_party/snappy -I/home/pei/Project/duckdb-polr/extension/parquet/../../third_party/miniz -I/home/pei/Project/duckdb-polr/extension/parquet/../../third_party/thrift -I/home/pei/Project/duckdb-polr/extension/parquet/../../third_party/zstd/include -O3 -DNDEBUG -O3 -DNDEBUG   -fPIC -fdiagnostics-color=always -std=c++11 -MD -MT extension/parquet/CMakeFiles/parquet_extension.dir/zstd_file_system.cpp.o -MF extension/parquet/CMakeFiles/parquet_extension.dir/zstd_file_system.cpp.o.d -o extension/parquet/CMakeFiles/parquet_extension.dir/zstd_file_system.cpp.o -c /home/pei/Project/duckdb-polr/extension/parquet/zstd_file_system.cpp
[140/376] /usr/bin/ccache /usr/lib/ccache/c++ -DDUCKDB_BUILD_LIBRARY -DENABLE_CROSS_PRODUCT_REWRITE=0 -DENABLE_DEBUG_PRINT=0 -DENABLE_MEASURE_EXE_TIME=0 -DENABLE_MERGE_BACK_PLAN=0 -DENABLE_PARALLEL_EXECUTION=0 -DENABLE_QUERY_SPLIT=0 -DENABLE_SPECIFY_EST_STAT=0 -I/home/pei/Project/duckdb-polr/src/include -I/home/pei/Project/duckdb-polr/third_party/fsst -I/home/pei/Project/duckdb-polr/third_party/fmt/include -I/home/pei/Project/duckdb-polr/third_party/hyperloglog -I/home/pei/Project/duckdb-polr/third_party/fastpforlib -I/home/pei/Project/duckdb-polr/third_party/fast_float -I/home/pei/Project/duckdb-polr/third_party/re2 -I/home/pei/Project/duckdb-polr/third_party/miniz -I/home/pei/Project/duckdb-polr/third_party/utf8proc/include -I/home/pei/Project/duckdb-polr/third_party/miniparquet -I/home/pei/Project/duckdb-polr/third_party/concurrentqueue -I/home/pei/Project/duckdb-polr/third_party/pcg -I/home/pei/Project/duckdb-polr/third_party/tdigest -I/home/pei/Project/duckdb-polr/third_party/mbedtls/include -I/home/pei/Project/duckdb-polr/third_party/jaro_winkler -I/home/pei/Project/duckdb-polr/extension/parquet/include -I/home/pei/Project/duckdb-polr/extension/parquet/../../third_party/parquet -I/home/pei/Project/duckdb-polr/extension/parquet/../../third_party/snappy -I/home/pei/Project/duckdb-polr/extension/parquet/../../third_party/miniz -I/home/pei/Project/duckdb-polr/extension/parquet/../../third_party/thrift -I/home/pei/Project/duckdb-polr/extension/parquet/../../third_party/zstd/include -O3 -DNDEBUG -O3 -DNDEBUG   -fPIC -fdiagnostics-color=always -std=c++11 -MD -MT extension/parquet/CMakeFiles/parquet_extension.dir/column_reader.cpp.o -MF extension/parquet/CMakeFiles/parquet_extension.dir/column_reader.cpp.o.d -o extension/parquet/CMakeFiles/parquet_extension.dir/column_reader.cpp.o -c /home/pei/Project/duckdb-polr/extension/parquet/column_reader.cpp
[141/376] /usr/bin/ccache /usr/lib/ccache/c++ -DDUCKDB_BUILD_LIBRARY -DENABLE_CROSS_PRODUCT_REWRITE=0 -DENABLE_DEBUG_PRINT=0 -DENABLE_MEASURE_EXE_TIME=0 -DENABLE_MERGE_BACK_PLAN=0 -DENABLE_PARALLEL_EXECUTION=0 -DENABLE_QUERY_SPLIT=0 -DENABLE_SPECIFY_EST_STAT=0 -I/home/pei/Project/duckdb-polr/src/include -I/home/pei/Project/duckdb-polr/third_party/fsst -I/home/pei/Project/duckdb-polr/third_party/fmt/include -I/home/pei/Project/duckdb-polr/third_party/hyperloglog -I/home/pei/Project/duckdb-polr/third_party/fastpforlib -I/home/pei/Project/duckdb-polr/third_party/fast_float -I/home/pei/Project/duckdb-polr/third_party/re2 -I/home/pei/Project/duckdb-polr/third_party/miniz -I/home/pei/Project/duckdb-polr/third_party/utf8proc/include -I/home/pei/Project/duckdb-polr/third_party/miniparquet -I/home/pei/Project/duckdb-polr/third_party/concurrentqueue -I/home/pei/Project/duckdb-polr/third_party/pcg -I/home/pei/Project/duckdb-polr/third_party/tdigest -I/home/pei/Project/duckdb-polr/third_party/mbedtls/include -I/home/pei/Project/duckdb-polr/third_party/jaro_winkler -I/home/pei/Project/duckdb-polr/extension/parquet/include -I/home/pei/Project/duckdb-polr/extension/parquet/../../third_party/parquet -I/home/pei/Project/duckdb-polr/extension/parquet/../../third_party/snappy -I/home/pei/Project/duckdb-polr/extension/parquet/../../third_party/miniz -I/home/pei/Project/duckdb-polr/extension/parquet/../../third_party/thrift -I/home/pei/Project/duckdb-polr/extension/parquet/../../third_party/zstd/include -O3 -DNDEBUG -O3 -DNDEBUG   -fPIC -fdiagnostics-color=always -std=c++11 -MD -MT extension/parquet/CMakeFiles/parquet_extension.dir/__/__/third_party/thrift/thrift/transport/TTransportException.cpp.o -MF extension/parquet/CMakeFiles/parquet_extension.dir/__/__/third_party/thrift/thrift/transport/TTransportException.cpp.o.d -o extension/parquet/CMakeFiles/parquet_extension.dir/__/__/third_party/thrift/thrift/transport/TTransportException.cpp.o -c /home/pei/Project/duckdb-polr/third_party/thrift/thrift/transport/TTransportException.cpp
[142/376] /usr/bin/ccache /usr/lib/ccache/c++ -DDUCKDB_BUILD_LIBRARY -DENABLE_CROSS_PRODUCT_REWRITE=0 -DENABLE_DEBUG_PRINT=0 -DENABLE_MEASURE_EXE_TIME=0 -DENABLE_MERGE_BACK_PLAN=0 -DENABLE_PARALLEL_EXECUTION=0 -DENABLE_QUERY_SPLIT=0 -DENABLE_SPECIFY_EST_STAT=0 -I/home/pei/Project/duckdb-polr/src/include -I/home/pei/Project/duckdb-polr/third_party/fsst -I/home/pei/Project/duckdb-polr/third_party/fmt/include -I/home/pei/Project/duckdb-polr/third_party/hyperloglog -I/home/pei/Project/duckdb-polr/third_party/fastpforlib -I/home/pei/Project/duckdb-polr/third_party/fast_float -I/home/pei/Project/duckdb-polr/third_party/re2 -I/home/pei/Project/duckdb-polr/third_party/miniz -I/home/pei/Project/duckdb-polr/third_party/utf8proc/include -I/home/pei/Project/duckdb-polr/third_party/miniparquet -I/home/pei/Project/duckdb-polr/third_party/concurrentqueue -I/home/pei/Project/duckdb-polr/third_party/pcg -I/home/pei/Project/duckdb-polr/third_party/tdigest -I/home/pei/Project/duckdb-polr/third_party/mbedtls/include -I/home/pei/Project/duckdb-polr/third_party/jaro_winkler -I/home/pei/Project/duckdb-polr/extension/parquet/include -I/home/pei/Project/duckdb-polr/extension/parquet/../../third_party/parquet -I/home/pei/Project/duckdb-polr/extension/parquet/../../third_party/snappy -I/home/pei/Project/duckdb-polr/extension/parquet/../../third_party/miniz -I/home/pei/Project/duckdb-polr/extension/parquet/../../third_party/thrift -I/home/pei/Project/duckdb-polr/extension/parquet/../../third_party/zstd/include -O3 -DNDEBUG -O3 -DNDEBUG   -fPIC -fdiagnostics-color=always -std=c++11 -MD -MT extension/parquet/CMakeFiles/parquet_extension.dir/__/__/third_party/snappy/snappy-sinksource.cc.o -MF extension/parquet/CMakeFiles/parquet_extension.dir/__/__/third_party/snappy/snappy-sinksource.cc.o.d -o extension/parquet/CMakeFiles/parquet_extension.dir/__/__/third_party/snappy/snappy-sinksource.cc.o -c /home/pei/Project/duckdb-polr/third_party/snappy/snappy-sinksource.cc
[143/376] /usr/bin/ccache /usr/lib/ccache/c++ -DDUCKDB_BUILD_LIBRARY -DENABLE_CROSS_PRODUCT_REWRITE=0 -DENABLE_DEBUG_PRINT=0 -DENABLE_MEASURE_EXE_TIME=0 -DENABLE_MERGE_BACK_PLAN=0 -DENABLE_PARALLEL_EXECUTION=0 -DENABLE_QUERY_SPLIT=0 -DENABLE_SPECIFY_EST_STAT=0 -I/home/pei/Project/duckdb-polr/src/include -I/home/pei/Project/duckdb-polr/third_party/fsst -I/home/pei/Project/duckdb-polr/third_party/fmt/include -I/home/pei/Project/duckdb-polr/third_party/hyperloglog -I/home/pei/Project/duckdb-polr/third_party/fastpforlib -I/home/pei/Project/duckdb-polr/third_party/fast_float -I/home/pei/Project/duckdb-polr/third_party/re2 -I/home/pei/Project/duckdb-polr/third_party/miniz -I/home/pei/Project/duckdb-polr/third_party/utf8proc/include -I/home/pei/Project/duckdb-polr/third_party/miniparquet -I/home/pei/Project/duckdb-polr/third_party/concurrentqueue -I/home/pei/Project/duckdb-polr/third_party/pcg -I/home/pei/Project/duckdb-polr/third_party/tdigest -I/home/pei/Project/duckdb-polr/third_party/mbedtls/include -I/home/pei/Project/duckdb-polr/third_party/jaro_winkler -I/home/pei/Project/duckdb-polr/extension/parquet/include -I/home/pei/Project/duckdb-polr/extension/parquet/../../third_party/parquet -I/home/pei/Project/duckdb-polr/extension/parquet/../../third_party/snappy -I/home/pei/Project/duckdb-polr/extension/parquet/../../third_party/miniz -I/home/pei/Project/duckdb-polr/extension/parquet/../../third_party/thrift -I/home/pei/Project/duckdb-polr/extension/parquet/../../third_party/zstd/include -O3 -DNDEBUG -O3 -DNDEBUG   -fPIC -fdiagnostics-color=always -std=c++11 -MD -MT extension/parquet/CMakeFiles/parquet_extension.dir/__/__/third_party/parquet/parquet_types.cpp.o -MF extension/parquet/CMakeFiles/parquet_extension.dir/__/__/third_party/parquet/parquet_types.cpp.o.d -o extension/parquet/CMakeFiles/parquet_extension.dir/__/__/third_party/parquet/parquet_types.cpp.o -c /home/pei/Project/duckdb-polr/third_party/parquet/parquet_types.cpp
[144/376] /usr/bin/ccache /usr/lib/ccache/c++ -DDUCKDB_BUILD_LIBRARY -DENABLE_CROSS_PRODUCT_REWRITE=0 -DENABLE_DEBUG_PRINT=0 -DENABLE_MEASURE_EXE_TIME=0 -DENABLE_MERGE_BACK_PLAN=0 -DENABLE_PARALLEL_EXECUTION=0 -DENABLE_QUERY_SPLIT=0 -DENABLE_SPECIFY_EST_STAT=0 -I/home/pei/Project/duckdb-polr/src/include -I/home/pei/Project/duckdb-polr/third_party/fsst -I/home/pei/Project/duckdb-polr/third_party/fmt/include -I/home/pei/Project/duckdb-polr/third_party/hyperloglog -I/home/pei/Project/duckdb-polr/third_party/fastpforlib -I/home/pei/Project/duckdb-polr/third_party/fast_float -I/home/pei/Project/duckdb-polr/third_party/re2 -I/home/pei/Project/duckdb-polr/third_party/miniz -I/home/pei/Project/duckdb-polr/third_party/utf8proc/include -I/home/pei/Project/duckdb-polr/third_party/miniparquet -I/home/pei/Project/duckdb-polr/third_party/concurrentqueue -I/home/pei/Project/duckdb-polr/third_party/pcg -I/home/pei/Project/duckdb-polr/third_party/tdigest -I/home/pei/Project/duckdb-polr/third_party/mbedtls/include -I/home/pei/Project/duckdb-polr/third_party/jaro_winkler -I/home/pei/Project/duckdb-polr/extension/parquet/include -I/home/pei/Project/duckdb-polr/extension/parquet/../../third_party/parquet -I/home/pei/Project/duckdb-polr/extension/parquet/../../third_party/snappy -I/home/pei/Project/duckdb-polr/extension/parquet/../../third_party/miniz -I/home/pei/Project/duckdb-polr/extension/parquet/../../third_party/thrift -I/home/pei/Project/duckdb-polr/extension/parquet/../../third_party/zstd/include -O3 -DNDEBUG -O3 -DNDEBUG   -fPIC -fdiagnostics-color=always -std=c++11 -MD -MT extension/parquet/CMakeFiles/parquet_extension.dir/__/__/third_party/thrift/thrift/protocol/TProtocol.cpp.o -MF extension/parquet/CMakeFiles/parquet_extension.dir/__/__/third_party/thrift/thrift/protocol/TProtocol.cpp.o.d -o extension/parquet/CMakeFiles/parquet_extension.dir/__/__/third_party/thrift/thrift/protocol/TProtocol.cpp.o -c /home/pei/Project/duckdb-polr/third_party/thrift/thrift/protocol/TProtocol.cpp
[145/376] /usr/bin/ccache /usr/lib/ccache/c++ -DDUCKDB_BUILD_LIBRARY -DENABLE_CROSS_PRODUCT_REWRITE=0 -DENABLE_DEBUG_PRINT=0 -DENABLE_MEASURE_EXE_TIME=0 -DENABLE_MERGE_BACK_PLAN=0 -DENABLE_PARALLEL_EXECUTION=0 -DENABLE_QUERY_SPLIT=0 -DENABLE_SPECIFY_EST_STAT=0 -I/home/pei/Project/duckdb-polr/src/include -I/home/pei/Project/duckdb-polr/third_party/fsst -I/home/pei/Project/duckdb-polr/third_party/fmt/include -I/home/pei/Project/duckdb-polr/third_party/hyperloglog -I/home/pei/Project/duckdb-polr/third_party/fastpforlib -I/home/pei/Project/duckdb-polr/third_party/fast_float -I/home/pei/Project/duckdb-polr/third_party/re2 -I/home/pei/Project/duckdb-polr/third_party/miniz -I/home/pei/Project/duckdb-polr/third_party/utf8proc/include -I/home/pei/Project/duckdb-polr/third_party/miniparquet -I/home/pei/Project/duckdb-polr/third_party/concurrentqueue -I/home/pei/Project/duckdb-polr/third_party/pcg -I/home/pei/Project/duckdb-polr/third_party/tdigest -I/home/pei/Project/duckdb-polr/third_party/mbedtls/include -I/home/pei/Project/duckdb-polr/third_party/jaro_winkler -I/home/pei/Project/duckdb-polr/extension/parquet/include -I/home/pei/Project/duckdb-polr/extension/parquet/../../third_party/parquet -I/home/pei/Project/duckdb-polr/extension/parquet/../../third_party/snappy -I/home/pei/Project/duckdb-polr/extension/parquet/../../third_party/miniz -I/home/pei/Project/duckdb-polr/extension/parquet/../../third_party/thrift -I/home/pei/Project/duckdb-polr/extension/parquet/../../third_party/zstd/include -O3 -DNDEBUG -O3 -DNDEBUG   -fPIC -fdiagnostics-color=always -std=c++11 -MD -MT extension/parquet/CMakeFiles/parquet_extension.dir/__/__/third_party/thrift/thrift/transport/TBufferTransports.cpp.o -MF extension/parquet/CMakeFiles/parquet_extension.dir/__/__/third_party/thrift/thrift/transport/TBufferTransports.cpp.o.d -o extension/parquet/CMakeFiles/parquet_extension.dir/__/__/third_party/thrift/thrift/transport/TBufferTransports.cpp.o -c /home/pei/Project/duckdb-polr/third_party/thrift/thrift/transport/TBufferTransports.cpp
[146/376] /usr/bin/ccache /usr/lib/ccache/c++ -DDUCKDB_BUILD_LIBRARY -DENABLE_CROSS_PRODUCT_REWRITE=0 -DENABLE_DEBUG_PRINT=0 -DENABLE_MEASURE_EXE_TIME=0 -DENABLE_MERGE_BACK_PLAN=0 -DENABLE_PARALLEL_EXECUTION=0 -DENABLE_QUERY_SPLIT=0 -DENABLE_SPECIFY_EST_STAT=0 -I/home/pei/Project/duckdb-polr/src/include -I/home/pei/Project/duckdb-polr/third_party/fsst -I/home/pei/Project/duckdb-polr/third_party/fmt/include -I/home/pei/Project/duckdb-polr/third_party/hyperloglog -I/home/pei/Project/duckdb-polr/third_party/fastpforlib -I/home/pei/Project/duckdb-polr/third_party/fast_float -I/home/pei/Project/duckdb-polr/third_party/re2 -I/home/pei/Project/duckdb-polr/third_party/miniz -I/home/pei/Project/duckdb-polr/third_party/utf8proc/include -I/home/pei/Project/duckdb-polr/third_party/miniparquet -I/home/pei/Project/duckdb-polr/third_party/concurrentqueue -I/home/pei/Project/duckdb-polr/third_party/pcg -I/home/pei/Project/duckdb-polr/third_party/tdigest -I/home/pei/Project/duckdb-polr/third_party/mbedtls/include -I/home/pei/Project/duckdb-polr/third_party/jaro_winkler -I/home/pei/Project/duckdb-polr/extension/parquet/include -I/home/pei/Project/duckdb-polr/extension/parquet/../../third_party/parquet -I/home/pei/Project/duckdb-polr/extension/parquet/../../third_party/snappy -I/home/pei/Project/duckdb-polr/extension/parquet/../../third_party/miniz -I/home/pei/Project/duckdb-polr/extension/parquet/../../third_party/thrift -I/home/pei/Project/duckdb-polr/extension/parquet/../../third_party/zstd/include -O3 -DNDEBUG -O3 -DNDEBUG   -fPIC -fdiagnostics-color=always -std=c++11 -MD -MT extension/parquet/CMakeFiles/parquet_extension.dir/__/__/third_party/snappy/snappy.cc.o -MF extension/parquet/CMakeFiles/parquet_extension.dir/__/__/third_party/snappy/snappy.cc.o.d -o extension/parquet/CMakeFiles/parquet_extension.dir/__/__/third_party/snappy/snappy.cc.o -c /home/pei/Project/duckdb-polr/third_party/snappy/snappy.cc
[147/376] /usr/bin/ccache /usr/lib/ccache/c++ -DDUCKDB_BUILD_LIBRARY -DENABLE_CROSS_PRODUCT_REWRITE=0 -DENABLE_DEBUG_PRINT=0 -DENABLE_MEASURE_EXE_TIME=0 -DENABLE_MERGE_BACK_PLAN=0 -DENABLE_PARALLEL_EXECUTION=0 -DENABLE_QUERY_SPLIT=0 -DENABLE_SPECIFY_EST_STAT=0 -I/home/pei/Project/duckdb-polr/src/include -I/home/pei/Project/duckdb-polr/third_party/fsst -I/home/pei/Project/duckdb-polr/third_party/fmt/include -I/home/pei/Project/duckdb-polr/third_party/hyperloglog -I/home/pei/Project/duckdb-polr/third_party/fastpforlib -I/home/pei/Project/duckdb-polr/third_party/fast_float -I/home/pei/Project/duckdb-polr/third_party/re2 -I/home/pei/Project/duckdb-polr/third_party/miniz -I/home/pei/Project/duckdb-polr/third_party/utf8proc/include -I/home/pei/Project/duckdb-polr/third_party/miniparquet -I/home/pei/Project/duckdb-polr/third_party/concurrentqueue -I/home/pei/Project/duckdb-polr/third_party/pcg -I/home/pei/Project/duckdb-polr/third_party/tdigest -I/home/pei/Project/duckdb-polr/third_party/mbedtls/include -I/home/pei/Project/duckdb-polr/third_party/jaro_winkler -I/home/pei/Project/duckdb-polr/extension/parquet/include -I/home/pei/Project/duckdb-polr/extension/parquet/../../third_party/parquet -I/home/pei/Project/duckdb-polr/extension/parquet/../../third_party/snappy -I/home/pei/Project/duckdb-polr/extension/parquet/../../third_party/miniz -I/home/pei/Project/duckdb-polr/extension/parquet/../../third_party/thrift -I/home/pei/Project/duckdb-polr/extension/parquet/../../third_party/zstd/include -O3 -DNDEBUG -O3 -DNDEBUG   -fPIC -fdiagnostics-color=always -std=c++11 -MD -MT extension/parquet/CMakeFiles/parquet_extension.dir/__/__/third_party/zstd/decompress/zstd_ddict.cpp.o -MF extension/parquet/CMakeFiles/parquet_extension.dir/__/__/third_party/zstd/decompress/zstd_ddict.cpp.o.d -o extension/parquet/CMakeFiles/parquet_extension.dir/__/__/third_party/zstd/decompress/zstd_ddict.cpp.o -c /home/pei/Project/duckdb-polr/third_party/zstd/decompress/zstd_ddict.cpp
[148/376] /usr/bin/ccache /usr/lib/ccache/c++ -DDUCKDB_BUILD_LIBRARY -DENABLE_CROSS_PRODUCT_REWRITE=0 -DENABLE_DEBUG_PRINT=0 -DENABLE_MEASURE_EXE_TIME=0 -DENABLE_MERGE_BACK_PLAN=0 -DENABLE_PARALLEL_EXECUTION=0 -DENABLE_QUERY_SPLIT=0 -DENABLE_SPECIFY_EST_STAT=0 -I/home/pei/Project/duckdb-polr/src/include -I/home/pei/Project/duckdb-polr/third_party/fsst -I/home/pei/Project/duckdb-polr/third_party/fmt/include -I/home/pei/Project/duckdb-polr/third_party/hyperloglog -I/home/pei/Project/duckdb-polr/third_party/fastpforlib -I/home/pei/Project/duckdb-polr/third_party/fast_float -I/home/pei/Project/duckdb-polr/third_party/re2 -I/home/pei/Project/duckdb-polr/third_party/miniz -I/home/pei/Project/duckdb-polr/third_party/utf8proc/include -I/home/pei/Project/duckdb-polr/third_party/miniparquet -I/home/pei/Project/duckdb-polr/third_party/concurrentqueue -I/home/pei/Project/duckdb-polr/third_party/pcg -I/home/pei/Project/duckdb-polr/third_party/tdigest -I/home/pei/Project/duckdb-polr/third_party/mbedtls/include -I/home/pei/Project/duckdb-polr/third_party/jaro_winkler -I/home/pei/Project/duckdb-polr/extension/parquet/include -I/home/pei/Project/duckdb-polr/extension/parquet/../../third_party/parquet -I/home/pei/Project/duckdb-polr/extension/parquet/../../third_party/snappy -I/home/pei/Project/duckdb-polr/extension/parquet/../../third_party/miniz -I/home/pei/Project/duckdb-polr/extension/parquet/../../third_party/thrift -I/home/pei/Project/duckdb-polr/extension/parquet/../../third_party/zstd/include -O3 -DNDEBUG -O3 -DNDEBUG   -fPIC -fdiagnostics-color=always -std=c++11 -MD -MT extension/parquet/CMakeFiles/parquet_extension.dir/__/__/third_party/zstd/decompress/huf_decompress.cpp.o -MF extension/parquet/CMakeFiles/parquet_extension.dir/__/__/third_party/zstd/decompress/huf_decompress.cpp.o.d -o extension/parquet/CMakeFiles/parquet_extension.dir/__/__/third_party/zstd/decompress/huf_decompress.cpp.o -c /home/pei/Project/duckdb-polr/third_party/zstd/decompress/huf_decompress.cpp
[149/376] /usr/bin/ccache /usr/lib/ccache/c++ -DDUCKDB_BUILD_LIBRARY -DENABLE_CROSS_PRODUCT_REWRITE=0 -DENABLE_DEBUG_PRINT=0 -DENABLE_MEASURE_EXE_TIME=0 -DENABLE_MERGE_BACK_PLAN=0 -DENABLE_PARALLEL_EXECUTION=0 -DENABLE_QUERY_SPLIT=0 -DENABLE_SPECIFY_EST_STAT=0 -I/home/pei/Project/duckdb-polr/src/include -I/home/pei/Project/duckdb-polr/third_party/fsst -I/home/pei/Project/duckdb-polr/third_party/fmt/include -I/home/pei/Project/duckdb-polr/third_party/hyperloglog -I/home/pei/Project/duckdb-polr/third_party/fastpforlib -I/home/pei/Project/duckdb-polr/third_party/fast_float -I/home/pei/Project/duckdb-polr/third_party/re2 -I/home/pei/Project/duckdb-polr/third_party/miniz -I/home/pei/Project/duckdb-polr/third_party/utf8proc/include -I/home/pei/Project/duckdb-polr/third_party/miniparquet -I/home/pei/Project/duckdb-polr/third_party/concurrentqueue -I/home/pei/Project/duckdb-polr/third_party/pcg -I/home/pei/Project/duckdb-polr/third_party/tdigest -I/home/pei/Project/duckdb-polr/third_party/mbedtls/include -I/home/pei/Project/duckdb-polr/third_party/jaro_winkler -I/home/pei/Project/duckdb-polr/extension/parquet/include -I/home/pei/Project/duckdb-polr/extension/parquet/../../third_party/parquet -I/home/pei/Project/duckdb-polr/extension/parquet/../../third_party/snappy -I/home/pei/Project/duckdb-polr/extension/parquet/../../third_party/miniz -I/home/pei/Project/duckdb-polr/extension/parquet/../../third_party/thrift -I/home/pei/Project/duckdb-polr/extension/parquet/../../third_party/zstd/include -O3 -DNDEBUG -O3 -DNDEBUG   -fPIC -fdiagnostics-color=always -std=c++11 -MD -MT extension/parquet/CMakeFiles/parquet_extension.dir/__/__/third_party/zstd/decompress/zstd_decompress.cpp.o -MF extension/parquet/CMakeFiles/parquet_extension.dir/__/__/third_party/zstd/decompress/zstd_decompress.cpp.o.d -o extension/parquet/CMakeFiles/parquet_extension.dir/__/__/third_party/zstd/decompress/zstd_decompress.cpp.o -c /home/pei/Project/duckdb-polr/third_party/zstd/decompress/zstd_decompress.cpp
[150/376] /usr/bin/ccache /usr/lib/ccache/c++ -DDUCKDB_BUILD_LIBRARY -DENABLE_CROSS_PRODUCT_REWRITE=0 -DENABLE_DEBUG_PRINT=0 -DENABLE_MEASURE_EXE_TIME=0 -DENABLE_MERGE_BACK_PLAN=0 -DENABLE_PARALLEL_EXECUTION=0 -DENABLE_QUERY_SPLIT=0 -DENABLE_SPECIFY_EST_STAT=0 -I/home/pei/Project/duckdb-polr/src/include -I/home/pei/Project/duckdb-polr/third_party/fsst -I/home/pei/Project/duckdb-polr/third_party/fmt/include -I/home/pei/Project/duckdb-polr/third_party/hyperloglog -I/home/pei/Project/duckdb-polr/third_party/fastpforlib -I/home/pei/Project/duckdb-polr/third_party/fast_float -I/home/pei/Project/duckdb-polr/third_party/re2 -I/home/pei/Project/duckdb-polr/third_party/miniz -I/home/pei/Project/duckdb-polr/third_party/utf8proc/include -I/home/pei/Project/duckdb-polr/third_party/miniparquet -I/home/pei/Project/duckdb-polr/third_party/concurrentqueue -I/home/pei/Project/duckdb-polr/third_party/pcg -I/home/pei/Project/duckdb-polr/third_party/tdigest -I/home/pei/Project/duckdb-polr/third_party/mbedtls/include -I/home/pei/Project/duckdb-polr/third_party/jaro_winkler -I/home/pei/Project/duckdb-polr/extension/parquet/include -I/home/pei/Project/duckdb-polr/extension/parquet/../../third_party/parquet -I/home/pei/Project/duckdb-polr/extension/parquet/../../third_party/snappy -I/home/pei/Project/duckdb-polr/extension/parquet/../../third_party/miniz -I/home/pei/Project/duckdb-polr/extension/parquet/../../third_party/thrift -I/home/pei/Project/duckdb-polr/extension/parquet/../../third_party/zstd/include -O3 -DNDEBUG -O3 -DNDEBUG   -fPIC -fdiagnostics-color=always -std=c++11 -MD -MT extension/parquet/CMakeFiles/parquet_extension.dir/__/__/third_party/zstd/decompress/zstd_decompress_block.cpp.o -MF extension/parquet/CMakeFiles/parquet_extension.dir/__/__/third_party/zstd/decompress/zstd_decompress_block.cpp.o.d -o extension/parquet/CMakeFiles/parquet_extension.dir/__/__/third_party/zstd/decompress/zstd_decompress_block.cpp.o -c /home/pei/Project/duckdb-polr/third_party/zstd/decompress/zstd_decompress_block.cpp
[151/376] /usr/bin/ccache /usr/lib/ccache/c++ -DDUCKDB_BUILD_LIBRARY -DENABLE_CROSS_PRODUCT_REWRITE=0 -DENABLE_DEBUG_PRINT=0 -DENABLE_MEASURE_EXE_TIME=0 -DENABLE_MERGE_BACK_PLAN=0 -DENABLE_PARALLEL_EXECUTION=0 -DENABLE_QUERY_SPLIT=0 -DENABLE_SPECIFY_EST_STAT=0 -I/home/pei/Project/duckdb-polr/src/include -I/home/pei/Project/duckdb-polr/third_party/fsst -I/home/pei/Project/duckdb-polr/third_party/fmt/include -I/home/pei/Project/duckdb-polr/third_party/hyperloglog -I/home/pei/Project/duckdb-polr/third_party/fastpforlib -I/home/pei/Project/duckdb-polr/third_party/fast_float -I/home/pei/Project/duckdb-polr/third_party/re2 -I/home/pei/Project/duckdb-polr/third_party/miniz -I/home/pei/Project/duckdb-polr/third_party/utf8proc/include -I/home/pei/Project/duckdb-polr/third_party/miniparquet -I/home/pei/Project/duckdb-polr/third_party/concurrentqueue -I/home/pei/Project/duckdb-polr/third_party/pcg -I/home/pei/Project/duckdb-polr/third_party/tdigest -I/home/pei/Project/duckdb-polr/third_party/mbedtls/include -I/home/pei/Project/duckdb-polr/third_party/jaro_winkler -I/home/pei/Project/duckdb-polr/extension/parquet/include -I/home/pei/Project/duckdb-polr/extension/parquet/../../third_party/parquet -I/home/pei/Project/duckdb-polr/extension/parquet/../../third_party/snappy -I/home/pei/Project/duckdb-polr/extension/parquet/../../third_party/miniz -I/home/pei/Project/duckdb-polr/extension/parquet/../../third_party/thrift -I/home/pei/Project/duckdb-polr/extension/parquet/../../third_party/zstd/include -O3 -DNDEBUG -O3 -DNDEBUG   -fPIC -fdiagnostics-color=always -std=c++11 -MD -MT extension/parquet/CMakeFiles/parquet_extension.dir/__/__/third_party/zstd/common/entropy_common.cpp.o -MF extension/parquet/CMakeFiles/parquet_extension.dir/__/__/third_party/zstd/common/entropy_common.cpp.o.d -o extension/parquet/CMakeFiles/parquet_extension.dir/__/__/third_party/zstd/common/entropy_common.cpp.o -c /home/pei/Project/duckdb-polr/third_party/zstd/common/entropy_common.cpp
[152/376] /usr/bin/ccache /usr/lib/ccache/c++ -DDUCKDB_BUILD_LIBRARY -DENABLE_CROSS_PRODUCT_REWRITE=0 -DENABLE_DEBUG_PRINT=0 -DENABLE_MEASURE_EXE_TIME=0 -DENABLE_MERGE_BACK_PLAN=0 -DENABLE_PARALLEL_EXECUTION=0 -DENABLE_QUERY_SPLIT=0 -DENABLE_SPECIFY_EST_STAT=0 -I/home/pei/Project/duckdb-polr/src/include -I/home/pei/Project/duckdb-polr/third_party/fsst -I/home/pei/Project/duckdb-polr/third_party/fmt/include -I/home/pei/Project/duckdb-polr/third_party/hyperloglog -I/home/pei/Project/duckdb-polr/third_party/fastpforlib -I/home/pei/Project/duckdb-polr/third_party/fast_float -I/home/pei/Project/duckdb-polr/third_party/re2 -I/home/pei/Project/duckdb-polr/third_party/miniz -I/home/pei/Project/duckdb-polr/third_party/utf8proc/include -I/home/pei/Project/duckdb-polr/third_party/miniparquet -I/home/pei/Project/duckdb-polr/third_party/concurrentqueue -I/home/pei/Project/duckdb-polr/third_party/pcg -I/home/pei/Project/duckdb-polr/third_party/tdigest -I/home/pei/Project/duckdb-polr/third_party/mbedtls/include -I/home/pei/Project/duckdb-polr/third_party/jaro_winkler -I/home/pei/Project/duckdb-polr/extension/parquet/include -I/home/pei/Project/duckdb-polr/extension/parquet/../../third_party/parquet -I/home/pei/Project/duckdb-polr/extension/parquet/../../third_party/snappy -I/home/pei/Project/duckdb-polr/extension/parquet/../../third_party/miniz -I/home/pei/Project/duckdb-polr/extension/parquet/../../third_party/thrift -I/home/pei/Project/duckdb-polr/extension/parquet/../../third_party/zstd/include -O3 -DNDEBUG -O3 -DNDEBUG   -fPIC -fdiagnostics-color=always -std=c++11 -MD -MT extension/parquet/CMakeFiles/parquet_extension.dir/__/__/third_party/zstd/common/fse_decompress.cpp.o -MF extension/parquet/CMakeFiles/parquet_extension.dir/__/__/third_party/zstd/common/fse_decompress.cpp.o.d -o extension/parquet/CMakeFiles/parquet_extension.dir/__/__/third_party/zstd/common/fse_decompress.cpp.o -c /home/pei/Project/duckdb-polr/third_party/zstd/common/fse_decompress.cpp
[153/376] /usr/bin/ccache /usr/lib/ccache/c++ -DDUCKDB_BUILD_LIBRARY -DENABLE_CROSS_PRODUCT_REWRITE=0 -DENABLE_DEBUG_PRINT=0 -DENABLE_MEASURE_EXE_TIME=0 -DENABLE_MERGE_BACK_PLAN=0 -DENABLE_PARALLEL_EXECUTION=0 -DENABLE_QUERY_SPLIT=0 -DENABLE_SPECIFY_EST_STAT=0 -I/home/pei/Project/duckdb-polr/src/include -I/home/pei/Project/duckdb-polr/third_party/fsst -I/home/pei/Project/duckdb-polr/third_party/fmt/include -I/home/pei/Project/duckdb-polr/third_party/hyperloglog -I/home/pei/Project/duckdb-polr/third_party/fastpforlib -I/home/pei/Project/duckdb-polr/third_party/fast_float -I/home/pei/Project/duckdb-polr/third_party/re2 -I/home/pei/Project/duckdb-polr/third_party/miniz -I/home/pei/Project/duckdb-polr/third_party/utf8proc/include -I/home/pei/Project/duckdb-polr/third_party/miniparquet -I/home/pei/Project/duckdb-polr/third_party/concurrentqueue -I/home/pei/Project/duckdb-polr/third_party/pcg -I/home/pei/Project/duckdb-polr/third_party/tdigest -I/home/pei/Project/duckdb-polr/third_party/mbedtls/include -I/home/pei/Project/duckdb-polr/third_party/jaro_winkler -I/home/pei/Project/duckdb-polr/extension/parquet/include -I/home/pei/Project/duckdb-polr/extension/parquet/../../third_party/parquet -I/home/pei/Project/duckdb-polr/extension/parquet/../../third_party/snappy -I/home/pei/Project/duckdb-polr/extension/parquet/../../third_party/miniz -I/home/pei/Project/duckdb-polr/extension/parquet/../../third_party/thrift -I/home/pei/Project/duckdb-polr/extension/parquet/../../third_party/zstd/include -O3 -DNDEBUG -O3 -DNDEBUG   -fPIC -fdiagnostics-color=always -std=c++11 -MD -MT extension/parquet/CMakeFiles/parquet_extension.dir/__/__/third_party/zstd/common/zstd_common.cpp.o -MF extension/parquet/CMakeFiles/parquet_extension.dir/__/__/third_party/zstd/common/zstd_common.cpp.o.d -o extension/parquet/CMakeFiles/parquet_extension.dir/__/__/third_party/zstd/common/zstd_common.cpp.o -c /home/pei/Project/duckdb-polr/third_party/zstd/common/zstd_common.cpp
[154/376] /usr/bin/ccache /usr/lib/ccache/c++ -DDUCKDB_BUILD_LIBRARY -DENABLE_CROSS_PRODUCT_REWRITE=0 -DENABLE_DEBUG_PRINT=0 -DENABLE_MEASURE_EXE_TIME=0 -DENABLE_MERGE_BACK_PLAN=0 -DENABLE_PARALLEL_EXECUTION=0 -DENABLE_QUERY_SPLIT=0 -DENABLE_SPECIFY_EST_STAT=0 -I/home/pei/Project/duckdb-polr/src/include -I/home/pei/Project/duckdb-polr/third_party/fsst -I/home/pei/Project/duckdb-polr/third_party/fmt/include -I/home/pei/Project/duckdb-polr/third_party/hyperloglog -I/home/pei/Project/duckdb-polr/third_party/fastpforlib -I/home/pei/Project/duckdb-polr/third_party/fast_float -I/home/pei/Project/duckdb-polr/third_party/re2 -I/home/pei/Project/duckdb-polr/third_party/miniz -I/home/pei/Project/duckdb-polr/third_party/utf8proc/include -I/home/pei/Project/duckdb-polr/third_party/miniparquet -I/home/pei/Project/duckdb-polr/third_party/concurrentqueue -I/home/pei/Project/duckdb-polr/third_party/pcg -I/home/pei/Project/duckdb-polr/third_party/tdigest -I/home/pei/Project/duckdb-polr/third_party/mbedtls/include -I/home/pei/Project/duckdb-polr/third_party/jaro_winkler -I/home/pei/Project/duckdb-polr/extension/parquet/include -I/home/pei/Project/duckdb-polr/extension/parquet/../../third_party/parquet -I/home/pei/Project/duckdb-polr/extension/parquet/../../third_party/snappy -I/home/pei/Project/duckdb-polr/extension/parquet/../../third_party/miniz -I/home/pei/Project/duckdb-polr/extension/parquet/../../third_party/thrift -I/home/pei/Project/duckdb-polr/extension/parquet/../../third_party/zstd/include -O3 -DNDEBUG -O3 -DNDEBUG   -fPIC -fdiagnostics-color=always -std=c++11 -MD -MT extension/parquet/CMakeFiles/parquet_extension.dir/__/__/third_party/zstd/common/error_private.cpp.o -MF extension/parquet/CMakeFiles/parquet_extension.dir/__/__/third_party/zstd/common/error_private.cpp.o.d -o extension/parquet/CMakeFiles/parquet_extension.dir/__/__/third_party/zstd/common/error_private.cpp.o -c /home/pei/Project/duckdb-polr/third_party/zstd/common/error_private.cpp
[155/376] /usr/bin/ccache /usr/lib/ccache/c++ -DDUCKDB_BUILD_LIBRARY -DENABLE_CROSS_PRODUCT_REWRITE=0 -DENABLE_DEBUG_PRINT=0 -DENABLE_MEASURE_EXE_TIME=0 -DENABLE_MERGE_BACK_PLAN=0 -DENABLE_PARALLEL_EXECUTION=0 -DENABLE_QUERY_SPLIT=0 -DENABLE_SPECIFY_EST_STAT=0 -I/home/pei/Project/duckdb-polr/src/include -I/home/pei/Project/duckdb-polr/third_party/fsst -I/home/pei/Project/duckdb-polr/third_party/fmt/include -I/home/pei/Project/duckdb-polr/third_party/hyperloglog -I/home/pei/Project/duckdb-polr/third_party/fastpforlib -I/home/pei/Project/duckdb-polr/third_party/fast_float -I/home/pei/Project/duckdb-polr/third_party/re2 -I/home/pei/Project/duckdb-polr/third_party/miniz -I/home/pei/Project/duckdb-polr/third_party/utf8proc/include -I/home/pei/Project/duckdb-polr/third_party/miniparquet -I/home/pei/Project/duckdb-polr/third_party/concurrentqueue -I/home/pei/Project/duckdb-polr/third_party/pcg -I/home/pei/Project/duckdb-polr/third_party/tdigest -I/home/pei/Project/duckdb-polr/third_party/mbedtls/include -I/home/pei/Project/duckdb-polr/third_party/jaro_winkler -I/home/pei/Project/duckdb-polr/extension/parquet/include -I/home/pei/Project/duckdb-polr/extension/parquet/../../third_party/parquet -I/home/pei/Project/duckdb-polr/extension/parquet/../../third_party/snappy -I/home/pei/Project/duckdb-polr/extension/parquet/../../third_party/miniz -I/home/pei/Project/duckdb-polr/extension/parquet/../../third_party/thrift -I/home/pei/Project/duckdb-polr/extension/parquet/../../third_party/zstd/include -O3 -DNDEBUG -O3 -DNDEBUG   -fPIC -fdiagnostics-color=always -std=c++11 -MD -MT extension/parquet/CMakeFiles/parquet_extension.dir/__/__/third_party/zstd/common/xxhash.cpp.o -MF extension/parquet/CMakeFiles/parquet_extension.dir/__/__/third_party/zstd/common/xxhash.cpp.o.d -o extension/parquet/CMakeFiles/parquet_extension.dir/__/__/third_party/zstd/common/xxhash.cpp.o -c /home/pei/Project/duckdb-polr/third_party/zstd/common/xxhash.cpp
[156/376] /usr/bin/ccache /usr/lib/ccache/c++ -DDUCKDB_BUILD_LIBRARY -DENABLE_CROSS_PRODUCT_REWRITE=0 -DENABLE_DEBUG_PRINT=0 -DENABLE_MEASURE_EXE_TIME=0 -DENABLE_MERGE_BACK_PLAN=0 -DENABLE_PARALLEL_EXECUTION=0 -DENABLE_QUERY_SPLIT=0 -DENABLE_SPECIFY_EST_STAT=0 -I/home/pei/Project/duckdb-polr/src/include -I/home/pei/Project/duckdb-polr/third_party/fsst -I/home/pei/Project/duckdb-polr/third_party/fmt/include -I/home/pei/Project/duckdb-polr/third_party/hyperloglog -I/home/pei/Project/duckdb-polr/third_party/fastpforlib -I/home/pei/Project/duckdb-polr/third_party/fast_float -I/home/pei/Project/duckdb-polr/third_party/re2 -I/home/pei/Project/duckdb-polr/third_party/miniz -I/home/pei/Project/duckdb-polr/third_party/utf8proc/include -I/home/pei/Project/duckdb-polr/third_party/miniparquet -I/home/pei/Project/duckdb-polr/third_party/concurrentqueue -I/home/pei/Project/duckdb-polr/third_party/pcg -I/home/pei/Project/duckdb-polr/third_party/tdigest -I/home/pei/Project/duckdb-polr/third_party/mbedtls/include -I/home/pei/Project/duckdb-polr/third_party/jaro_winkler -I/home/pei/Project/duckdb-polr/extension/parquet/include -I/home/pei/Project/duckdb-polr/extension/parquet/../../third_party/parquet -I/home/pei/Project/duckdb-polr/extension/parquet/../../third_party/snappy -I/home/pei/Project/duckdb-polr/extension/parquet/../../third_party/miniz -I/home/pei/Project/duckdb-polr/extension/parquet/../../third_party/thrift -I/home/pei/Project/duckdb-polr/extension/parquet/../../third_party/zstd/include -O3 -DNDEBUG -O3 -DNDEBUG   -fPIC -fdiagnostics-color=always -std=c++11 -MD -MT extension/parquet/CMakeFiles/parquet_extension.dir/__/__/third_party/zstd/compress/hist.cpp.o -MF extension/parquet/CMakeFiles/parquet_extension.dir/__/__/third_party/zstd/compress/hist.cpp.o.d -o extension/parquet/CMakeFiles/parquet_extension.dir/__/__/third_party/zstd/compress/hist.cpp.o -c /home/pei/Project/duckdb-polr/third_party/zstd/compress/hist.cpp
[157/376] /usr/bin/ccache /usr/lib/ccache/c++ -DDUCKDB_BUILD_LIBRARY -DENABLE_CROSS_PRODUCT_REWRITE=0 -DENABLE_DEBUG_PRINT=0 -DENABLE_MEASURE_EXE_TIME=0 -DENABLE_MERGE_BACK_PLAN=0 -DENABLE_PARALLEL_EXECUTION=0 -DENABLE_QUERY_SPLIT=0 -DENABLE_SPECIFY_EST_STAT=0 -I/home/pei/Project/duckdb-polr/src/include -I/home/pei/Project/duckdb-polr/third_party/fsst -I/home/pei/Project/duckdb-polr/third_party/fmt/include -I/home/pei/Project/duckdb-polr/third_party/hyperloglog -I/home/pei/Project/duckdb-polr/third_party/fastpforlib -I/home/pei/Project/duckdb-polr/third_party/fast_float -I/home/pei/Project/duckdb-polr/third_party/re2 -I/home/pei/Project/duckdb-polr/third_party/miniz -I/home/pei/Project/duckdb-polr/third_party/utf8proc/include -I/home/pei/Project/duckdb-polr/third_party/miniparquet -I/home/pei/Project/duckdb-polr/third_party/concurrentqueue -I/home/pei/Project/duckdb-polr/third_party/pcg -I/home/pei/Project/duckdb-polr/third_party/tdigest -I/home/pei/Project/duckdb-polr/third_party/mbedtls/include -I/home/pei/Project/duckdb-polr/third_party/jaro_winkler -I/home/pei/Project/duckdb-polr/extension/parquet/include -I/home/pei/Project/duckdb-polr/extension/parquet/../../third_party/parquet -I/home/pei/Project/duckdb-polr/extension/parquet/../../third_party/snappy -I/home/pei/Project/duckdb-polr/extension/parquet/../../third_party/miniz -I/home/pei/Project/duckdb-polr/extension/parquet/../../third_party/thrift -I/home/pei/Project/duckdb-polr/extension/parquet/../../third_party/zstd/include -O3 -DNDEBUG -O3 -DNDEBUG   -fPIC -fdiagnostics-color=always -std=c++11 -MD -MT extension/parquet/CMakeFiles/parquet_extension.dir/__/__/third_party/zstd/compress/fse_compress.cpp.o -MF extension/parquet/CMakeFiles/parquet_extension.dir/__/__/third_party/zstd/compress/fse_compress.cpp.o.d -o extension/parquet/CMakeFiles/parquet_extension.dir/__/__/third_party/zstd/compress/fse_compress.cpp.o -c /home/pei/Project/duckdb-polr/third_party/zstd/compress/fse_compress.cpp
[158/376] /usr/bin/ccache /usr/lib/ccache/c++ -DDUCKDB_BUILD_LIBRARY -DENABLE_CROSS_PRODUCT_REWRITE=0 -DENABLE_DEBUG_PRINT=0 -DENABLE_MEASURE_EXE_TIME=0 -DENABLE_MERGE_BACK_PLAN=0 -DENABLE_PARALLEL_EXECUTION=0 -DENABLE_QUERY_SPLIT=0 -DENABLE_SPECIFY_EST_STAT=0 -I/home/pei/Project/duckdb-polr/src/include -I/home/pei/Project/duckdb-polr/third_party/fsst -I/home/pei/Project/duckdb-polr/third_party/fmt/include -I/home/pei/Project/duckdb-polr/third_party/hyperloglog -I/home/pei/Project/duckdb-polr/third_party/fastpforlib -I/home/pei/Project/duckdb-polr/third_party/fast_float -I/home/pei/Project/duckdb-polr/third_party/re2 -I/home/pei/Project/duckdb-polr/third_party/miniz -I/home/pei/Project/duckdb-polr/third_party/utf8proc/include -I/home/pei/Project/duckdb-polr/third_party/miniparquet -I/home/pei/Project/duckdb-polr/third_party/concurrentqueue -I/home/pei/Project/duckdb-polr/third_party/pcg -I/home/pei/Project/duckdb-polr/third_party/tdigest -I/home/pei/Project/duckdb-polr/third_party/mbedtls/include -I/home/pei/Project/duckdb-polr/third_party/jaro_winkler -I/home/pei/Project/duckdb-polr/extension/parquet/include -I/home/pei/Project/duckdb-polr/extension/parquet/../../third_party/parquet -I/home/pei/Project/duckdb-polr/extension/parquet/../../third_party/snappy -I/home/pei/Project/duckdb-polr/extension/parquet/../../third_party/miniz -I/home/pei/Project/duckdb-polr/extension/parquet/../../third_party/thrift -I/home/pei/Project/duckdb-polr/extension/parquet/../../third_party/zstd/include -O3 -DNDEBUG -O3 -DNDEBUG   -fPIC -fdiagnostics-color=always -std=c++11 -MD -MT extension/parquet/CMakeFiles/parquet_extension.dir/__/__/third_party/zstd/compress/huf_compress.cpp.o -MF extension/parquet/CMakeFiles/parquet_extension.dir/__/__/third_party/zstd/compress/huf_compress.cpp.o.d -o extension/parquet/CMakeFiles/parquet_extension.dir/__/__/third_party/zstd/compress/huf_compress.cpp.o -c /home/pei/Project/duckdb-polr/third_party/zstd/compress/huf_compress.cpp
[159/376] /usr/bin/ccache /usr/lib/ccache/c++ -DDUCKDB_BUILD_LIBRARY -DENABLE_CROSS_PRODUCT_REWRITE=0 -DENABLE_DEBUG_PRINT=0 -DENABLE_MEASURE_EXE_TIME=0 -DENABLE_MERGE_BACK_PLAN=0 -DENABLE_PARALLEL_EXECUTION=0 -DENABLE_QUERY_SPLIT=0 -DENABLE_SPECIFY_EST_STAT=0 -I/home/pei/Project/duckdb-polr/src/include -I/home/pei/Project/duckdb-polr/third_party/fsst -I/home/pei/Project/duckdb-polr/third_party/fmt/include -I/home/pei/Project/duckdb-polr/third_party/hyperloglog -I/home/pei/Project/duckdb-polr/third_party/fastpforlib -I/home/pei/Project/duckdb-polr/third_party/fast_float -I/home/pei/Project/duckdb-polr/third_party/re2 -I/home/pei/Project/duckdb-polr/third_party/miniz -I/home/pei/Project/duckdb-polr/third_party/utf8proc/include -I/home/pei/Project/duckdb-polr/third_party/miniparquet -I/home/pei/Project/duckdb-polr/third_party/concurrentqueue -I/home/pei/Project/duckdb-polr/third_party/pcg -I/home/pei/Project/duckdb-polr/third_party/tdigest -I/home/pei/Project/duckdb-polr/third_party/mbedtls/include -I/home/pei/Project/duckdb-polr/third_party/jaro_winkler -I/home/pei/Project/duckdb-polr/extension/parquet/include -I/home/pei/Project/duckdb-polr/extension/parquet/../../third_party/parquet -I/home/pei/Project/duckdb-polr/extension/parquet/../../third_party/snappy -I/home/pei/Project/duckdb-polr/extension/parquet/../../third_party/miniz -I/home/pei/Project/duckdb-polr/extension/parquet/../../third_party/thrift -I/home/pei/Project/duckdb-polr/extension/parquet/../../third_party/zstd/include -O3 -DNDEBUG -O3 -DNDEBUG   -fPIC -fdiagnostics-color=always -std=c++11 -MD -MT extension/parquet/CMakeFiles/parquet_extension.dir/__/__/third_party/zstd/compress/zstd_compress.cpp.o -MF extension/parquet/CMakeFiles/parquet_extension.dir/__/__/third_party/zstd/compress/zstd_compress.cpp.o.d -o extension/parquet/CMakeFiles/parquet_extension.dir/__/__/third_party/zstd/compress/zstd_compress.cpp.o -c /home/pei/Project/duckdb-polr/third_party/zstd/compress/zstd_compress.cpp
[160/376] /usr/bin/ccache /usr/lib/ccache/c++ -DDUCKDB_BUILD_LIBRARY -DENABLE_CROSS_PRODUCT_REWRITE=0 -DENABLE_DEBUG_PRINT=0 -DENABLE_MEASURE_EXE_TIME=0 -DENABLE_MERGE_BACK_PLAN=0 -DENABLE_PARALLEL_EXECUTION=0 -DENABLE_QUERY_SPLIT=0 -DENABLE_SPECIFY_EST_STAT=0 -I/home/pei/Project/duckdb-polr/src/include -I/home/pei/Project/duckdb-polr/third_party/fsst -I/home/pei/Project/duckdb-polr/third_party/fmt/include -I/home/pei/Project/duckdb-polr/third_party/hyperloglog -I/home/pei/Project/duckdb-polr/third_party/fastpforlib -I/home/pei/Project/duckdb-polr/third_party/fast_float -I/home/pei/Project/duckdb-polr/third_party/re2 -I/home/pei/Project/duckdb-polr/third_party/miniz -I/home/pei/Project/duckdb-polr/third_party/utf8proc/include -I/home/pei/Project/duckdb-polr/third_party/miniparquet -I/home/pei/Project/duckdb-polr/third_party/concurrentqueue -I/home/pei/Project/duckdb-polr/third_party/pcg -I/home/pei/Project/duckdb-polr/third_party/tdigest -I/home/pei/Project/duckdb-polr/third_party/mbedtls/include -I/home/pei/Project/duckdb-polr/third_party/jaro_winkler -I/home/pei/Project/duckdb-polr/extension/parquet/include -I/home/pei/Project/duckdb-polr/extension/parquet/../../third_party/parquet -I/home/pei/Project/duckdb-polr/extension/parquet/../../third_party/snappy -I/home/pei/Project/duckdb-polr/extension/parquet/../../third_party/miniz -I/home/pei/Project/duckdb-polr/extension/parquet/../../third_party/thrift -I/home/pei/Project/duckdb-polr/extension/parquet/../../third_party/zstd/include -O3 -DNDEBUG -O3 -DNDEBUG   -fPIC -fdiagnostics-color=always -std=c++11 -MD -MT extension/parquet/CMakeFiles/parquet_extension.dir/__/__/third_party/zstd/compress/zstd_compress_literals.cpp.o -MF extension/parquet/CMakeFiles/parquet_extension.dir/__/__/third_party/zstd/compress/zstd_compress_literals.cpp.o.d -o extension/parquet/CMakeFiles/parquet_extension.dir/__/__/third_party/zstd/compress/zstd_compress_literals.cpp.o -c /home/pei/Project/duckdb-polr/third_party/zstd/compress/zstd_compress_literals.cpp
[161/376] /usr/bin/ccache /usr/lib/ccache/c++ -DDUCKDB_BUILD_LIBRARY -DENABLE_CROSS_PRODUCT_REWRITE=0 -DENABLE_DEBUG_PRINT=0 -DENABLE_MEASURE_EXE_TIME=0 -DENABLE_MERGE_BACK_PLAN=0 -DENABLE_PARALLEL_EXECUTION=0 -DENABLE_QUERY_SPLIT=0 -DENABLE_SPECIFY_EST_STAT=0 -I/home/pei/Project/duckdb-polr/src/include -I/home/pei/Project/duckdb-polr/third_party/fsst -I/home/pei/Project/duckdb-polr/third_party/fmt/include -I/home/pei/Project/duckdb-polr/third_party/hyperloglog -I/home/pei/Project/duckdb-polr/third_party/fastpforlib -I/home/pei/Project/duckdb-polr/third_party/fast_float -I/home/pei/Project/duckdb-polr/third_party/re2 -I/home/pei/Project/duckdb-polr/third_party/miniz -I/home/pei/Project/duckdb-polr/third_party/utf8proc/include -I/home/pei/Project/duckdb-polr/third_party/miniparquet -I/home/pei/Project/duckdb-polr/third_party/concurrentqueue -I/home/pei/Project/duckdb-polr/third_party/pcg -I/home/pei/Project/duckdb-polr/third_party/tdigest -I/home/pei/Project/duckdb-polr/third_party/mbedtls/include -I/home/pei/Project/duckdb-polr/third_party/jaro_winkler -I/home/pei/Project/duckdb-polr/extension/parquet/include -I/home/pei/Project/duckdb-polr/extension/parquet/../../third_party/parquet -I/home/pei/Project/duckdb-polr/extension/parquet/../../third_party/snappy -I/home/pei/Project/duckdb-polr/extension/parquet/../../third_party/miniz -I/home/pei/Project/duckdb-polr/extension/parquet/../../third_party/thrift -I/home/pei/Project/duckdb-polr/extension/parquet/../../third_party/zstd/include -O3 -DNDEBUG -O3 -DNDEBUG   -fPIC -fdiagnostics-color=always -std=c++11 -MD -MT extension/parquet/CMakeFiles/parquet_extension.dir/__/__/third_party/zstd/compress/zstd_compress_sequences.cpp.o -MF extension/parquet/CMakeFiles/parquet_extension.dir/__/__/third_party/zstd/compress/zstd_compress_sequences.cpp.o.d -o extension/parquet/CMakeFiles/parquet_extension.dir/__/__/third_party/zstd/compress/zstd_compress_sequences.cpp.o -c /home/pei/Project/duckdb-polr/third_party/zstd/compress/zstd_compress_sequences.cpp
[162/376] /usr/bin/ccache /usr/lib/ccache/c++ -DDUCKDB_BUILD_LIBRARY -DENABLE_CROSS_PRODUCT_REWRITE=0 -DENABLE_DEBUG_PRINT=0 -DENABLE_MEASURE_EXE_TIME=0 -DENABLE_MERGE_BACK_PLAN=0 -DENABLE_PARALLEL_EXECUTION=0 -DENABLE_QUERY_SPLIT=0 -DENABLE_SPECIFY_EST_STAT=0 -I/home/pei/Project/duckdb-polr/src/include -I/home/pei/Project/duckdb-polr/third_party/fsst -I/home/pei/Project/duckdb-polr/third_party/fmt/include -I/home/pei/Project/duckdb-polr/third_party/hyperloglog -I/home/pei/Project/duckdb-polr/third_party/fastpforlib -I/home/pei/Project/duckdb-polr/third_party/fast_float -I/home/pei/Project/duckdb-polr/third_party/re2 -I/home/pei/Project/duckdb-polr/third_party/miniz -I/home/pei/Project/duckdb-polr/third_party/utf8proc/include -I/home/pei/Project/duckdb-polr/third_party/miniparquet -I/home/pei/Project/duckdb-polr/third_party/concurrentqueue -I/home/pei/Project/duckdb-polr/third_party/pcg -I/home/pei/Project/duckdb-polr/third_party/tdigest -I/home/pei/Project/duckdb-polr/third_party/mbedtls/include -I/home/pei/Project/duckdb-polr/third_party/jaro_winkler -I/home/pei/Project/duckdb-polr/extension/parquet/include -I/home/pei/Project/duckdb-polr/extension/parquet/../../third_party/parquet -I/home/pei/Project/duckdb-polr/extension/parquet/../../third_party/snappy -I/home/pei/Project/duckdb-polr/extension/parquet/../../third_party/miniz -I/home/pei/Project/duckdb-polr/extension/parquet/../../third_party/thrift -I/home/pei/Project/duckdb-polr/extension/parquet/../../third_party/zstd/include -O3 -DNDEBUG -O3 -DNDEBUG   -fPIC -fdiagnostics-color=always -std=c++11 -MD -MT extension/parquet/CMakeFiles/parquet_extension.dir/__/__/third_party/zstd/compress/zstd_compress_superblock.cpp.o -MF extension/parquet/CMakeFiles/parquet_extension.dir/__/__/third_party/zstd/compress/zstd_compress_superblock.cpp.o.d -o extension/parquet/CMakeFiles/parquet_extension.dir/__/__/third_party/zstd/compress/zstd_compress_superblock.cpp.o -c /home/pei/Project/duckdb-polr/third_party/zstd/compress/zstd_compress_superblock.cpp
[163/376] /usr/bin/ccache /usr/lib/ccache/c++ -DDUCKDB_BUILD_LIBRARY -DENABLE_CROSS_PRODUCT_REWRITE=0 -DENABLE_DEBUG_PRINT=0 -DENABLE_MEASURE_EXE_TIME=0 -DENABLE_MERGE_BACK_PLAN=0 -DENABLE_PARALLEL_EXECUTION=0 -DENABLE_QUERY_SPLIT=0 -DENABLE_SPECIFY_EST_STAT=0 -I/home/pei/Project/duckdb-polr/src/include -I/home/pei/Project/duckdb-polr/third_party/fsst -I/home/pei/Project/duckdb-polr/third_party/fmt/include -I/home/pei/Project/duckdb-polr/third_party/hyperloglog -I/home/pei/Project/duckdb-polr/third_party/fastpforlib -I/home/pei/Project/duckdb-polr/third_party/fast_float -I/home/pei/Project/duckdb-polr/third_party/re2 -I/home/pei/Project/duckdb-polr/third_party/miniz -I/home/pei/Project/duckdb-polr/third_party/utf8proc/include -I/home/pei/Project/duckdb-polr/third_party/miniparquet -I/home/pei/Project/duckdb-polr/third_party/concurrentqueue -I/home/pei/Project/duckdb-polr/third_party/pcg -I/home/pei/Project/duckdb-polr/third_party/tdigest -I/home/pei/Project/duckdb-polr/third_party/mbedtls/include -I/home/pei/Project/duckdb-polr/third_party/jaro_winkler -I/home/pei/Project/duckdb-polr/extension/parquet/include -I/home/pei/Project/duckdb-polr/extension/parquet/../../third_party/parquet -I/home/pei/Project/duckdb-polr/extension/parquet/../../third_party/snappy -I/home/pei/Project/duckdb-polr/extension/parquet/../../third_party/miniz -I/home/pei/Project/duckdb-polr/extension/parquet/../../third_party/thrift -I/home/pei/Project/duckdb-polr/extension/parquet/../../third_party/zstd/include -O3 -DNDEBUG -O3 -DNDEBUG   -fPIC -fdiagnostics-color=always -std=c++11 -MD -MT extension/parquet/CMakeFiles/parquet_extension.dir/__/__/third_party/zstd/compress/zstd_double_fast.cpp.o -MF extension/parquet/CMakeFiles/parquet_extension.dir/__/__/third_party/zstd/compress/zstd_double_fast.cpp.o.d -o extension/parquet/CMakeFiles/parquet_extension.dir/__/__/third_party/zstd/compress/zstd_double_fast.cpp.o -c /home/pei/Project/duckdb-polr/third_party/zstd/compress/zstd_double_fast.cpp
[164/376] /usr/bin/ccache /usr/lib/ccache/c++ -DDUCKDB_BUILD_LIBRARY -DENABLE_CROSS_PRODUCT_REWRITE=0 -DENABLE_DEBUG_PRINT=0 -DENABLE_MEASURE_EXE_TIME=0 -DENABLE_MERGE_BACK_PLAN=0 -DENABLE_PARALLEL_EXECUTION=0 -DENABLE_QUERY_SPLIT=0 -DENABLE_SPECIFY_EST_STAT=0 -I/home/pei/Project/duckdb-polr/src/include -I/home/pei/Project/duckdb-polr/third_party/fsst -I/home/pei/Project/duckdb-polr/third_party/fmt/include -I/home/pei/Project/duckdb-polr/third_party/hyperloglog -I/home/pei/Project/duckdb-polr/third_party/fastpforlib -I/home/pei/Project/duckdb-polr/third_party/fast_float -I/home/pei/Project/duckdb-polr/third_party/re2 -I/home/pei/Project/duckdb-polr/third_party/miniz -I/home/pei/Project/duckdb-polr/third_party/utf8proc/include -I/home/pei/Project/duckdb-polr/third_party/miniparquet -I/home/pei/Project/duckdb-polr/third_party/concurrentqueue -I/home/pei/Project/duckdb-polr/third_party/pcg -I/home/pei/Project/duckdb-polr/third_party/tdigest -I/home/pei/Project/duckdb-polr/third_party/mbedtls/include -I/home/pei/Project/duckdb-polr/third_party/jaro_winkler -I/home/pei/Project/duckdb-polr/extension/parquet/include -I/home/pei/Project/duckdb-polr/extension/parquet/../../third_party/parquet -I/home/pei/Project/duckdb-polr/extension/parquet/../../third_party/snappy -I/home/pei/Project/duckdb-polr/extension/parquet/../../third_party/miniz -I/home/pei/Project/duckdb-polr/extension/parquet/../../third_party/thrift -I/home/pei/Project/duckdb-polr/extension/parquet/../../third_party/zstd/include -O3 -DNDEBUG -O3 -DNDEBUG   -fPIC -fdiagnostics-color=always -std=c++11 -MD -MT extension/parquet/CMakeFiles/parquet_extension.dir/__/__/third_party/zstd/compress/zstd_fast.cpp.o -MF extension/parquet/CMakeFiles/parquet_extension.dir/__/__/third_party/zstd/compress/zstd_fast.cpp.o.d -o extension/parquet/CMakeFiles/parquet_extension.dir/__/__/third_party/zstd/compress/zstd_fast.cpp.o -c /home/pei/Project/duckdb-polr/third_party/zstd/compress/zstd_fast.cpp
[165/376] /usr/bin/ccache /usr/lib/ccache/c++ -DDUCKDB_BUILD_LIBRARY -DENABLE_CROSS_PRODUCT_REWRITE=0 -DENABLE_DEBUG_PRINT=0 -DENABLE_MEASURE_EXE_TIME=0 -DENABLE_MERGE_BACK_PLAN=0 -DENABLE_PARALLEL_EXECUTION=0 -DENABLE_QUERY_SPLIT=0 -DENABLE_SPECIFY_EST_STAT=0 -I/home/pei/Project/duckdb-polr/src/include -I/home/pei/Project/duckdb-polr/third_party/fsst -I/home/pei/Project/duckdb-polr/third_party/fmt/include -I/home/pei/Project/duckdb-polr/third_party/hyperloglog -I/home/pei/Project/duckdb-polr/third_party/fastpforlib -I/home/pei/Project/duckdb-polr/third_party/fast_float -I/home/pei/Project/duckdb-polr/third_party/re2 -I/home/pei/Project/duckdb-polr/third_party/miniz -I/home/pei/Project/duckdb-polr/third_party/utf8proc/include -I/home/pei/Project/duckdb-polr/third_party/miniparquet -I/home/pei/Project/duckdb-polr/third_party/concurrentqueue -I/home/pei/Project/duckdb-polr/third_party/pcg -I/home/pei/Project/duckdb-polr/third_party/tdigest -I/home/pei/Project/duckdb-polr/third_party/mbedtls/include -I/home/pei/Project/duckdb-polr/third_party/jaro_winkler -I/home/pei/Project/duckdb-polr/extension/parquet/include -I/home/pei/Project/duckdb-polr/extension/parquet/../../third_party/parquet -I/home/pei/Project/duckdb-polr/extension/parquet/../../third_party/snappy -I/home/pei/Project/duckdb-polr/extension/parquet/../../third_party/miniz -I/home/pei/Project/duckdb-polr/extension/parquet/../../third_party/thrift -I/home/pei/Project/duckdb-polr/extension/parquet/../../third_party/zstd/include -O3 -DNDEBUG -O3 -DNDEBUG   -fPIC -fdiagnostics-color=always -std=c++11 -MD -MT extension/parquet/CMakeFiles/parquet_extension.dir/__/__/third_party/zstd/compress/zstd_lazy.cpp.o -MF extension/parquet/CMakeFiles/parquet_extension.dir/__/__/third_party/zstd/compress/zstd_lazy.cpp.o.d -o extension/parquet/CMakeFiles/parquet_extension.dir/__/__/third_party/zstd/compress/zstd_lazy.cpp.o -c /home/pei/Project/duckdb-polr/third_party/zstd/compress/zstd_lazy.cpp
[166/376] /usr/bin/ccache /usr/lib/ccache/c++ -DDUCKDB_BUILD_LIBRARY -DENABLE_CROSS_PRODUCT_REWRITE=0 -DENABLE_DEBUG_PRINT=0 -DENABLE_MEASURE_EXE_TIME=0 -DENABLE_MERGE_BACK_PLAN=0 -DENABLE_PARALLEL_EXECUTION=0 -DENABLE_QUERY_SPLIT=0 -DENABLE_SPECIFY_EST_STAT=0 -I/home/pei/Project/duckdb-polr/src/include -I/home/pei/Project/duckdb-polr/third_party/fsst -I/home/pei/Project/duckdb-polr/third_party/fmt/include -I/home/pei/Project/duckdb-polr/third_party/hyperloglog -I/home/pei/Project/duckdb-polr/third_party/fastpforlib -I/home/pei/Project/duckdb-polr/third_party/fast_float -I/home/pei/Project/duckdb-polr/third_party/re2 -I/home/pei/Project/duckdb-polr/third_party/miniz -I/home/pei/Project/duckdb-polr/third_party/utf8proc/include -I/home/pei/Project/duckdb-polr/third_party/miniparquet -I/home/pei/Project/duckdb-polr/third_party/concurrentqueue -I/home/pei/Project/duckdb-polr/third_party/pcg -I/home/pei/Project/duckdb-polr/third_party/tdigest -I/home/pei/Project/duckdb-polr/third_party/mbedtls/include -I/home/pei/Project/duckdb-polr/third_party/jaro_winkler -I/home/pei/Project/duckdb-polr/extension/parquet/include -I/home/pei/Project/duckdb-polr/extension/parquet/../../third_party/parquet -I/home/pei/Project/duckdb-polr/extension/parquet/../../third_party/snappy -I/home/pei/Project/duckdb-polr/extension/parquet/../../third_party/miniz -I/home/pei/Project/duckdb-polr/extension/parquet/../../third_party/thrift -I/home/pei/Project/duckdb-polr/extension/parquet/../../third_party/zstd/include -O3 -DNDEBUG -O3 -DNDEBUG   -fPIC -fdiagnostics-color=always -std=c++11 -MD -MT extension/parquet/CMakeFiles/parquet_extension.dir/__/__/third_party/zstd/compress/zstd_ldm.cpp.o -MF extension/parquet/CMakeFiles/parquet_extension.dir/__/__/third_party/zstd/compress/zstd_ldm.cpp.o.d -o extension/parquet/CMakeFiles/parquet_extension.dir/__/__/third_party/zstd/compress/zstd_ldm.cpp.o -c /home/pei/Project/duckdb-polr/third_party/zstd/compress/zstd_ldm.cpp
[167/376] /usr/bin/ccache /usr/lib/ccache/c++ -DDUCKDB_BUILD_LIBRARY -DENABLE_CROSS_PRODUCT_REWRITE=0 -DENABLE_DEBUG_PRINT=0 -DENABLE_MEASURE_EXE_TIME=0 -DENABLE_MERGE_BACK_PLAN=0 -DENABLE_PARALLEL_EXECUTION=0 -DENABLE_QUERY_SPLIT=0 -DENABLE_SPECIFY_EST_STAT=0 -I/home/pei/Project/duckdb-polr/src/include -I/home/pei/Project/duckdb-polr/third_party/fsst -I/home/pei/Project/duckdb-polr/third_party/fmt/include -I/home/pei/Project/duckdb-polr/third_party/hyperloglog -I/home/pei/Project/duckdb-polr/third_party/fastpforlib -I/home/pei/Project/duckdb-polr/third_party/fast_float -I/home/pei/Project/duckdb-polr/third_party/re2 -I/home/pei/Project/duckdb-polr/third_party/miniz -I/home/pei/Project/duckdb-polr/third_party/utf8proc/include -I/home/pei/Project/duckdb-polr/third_party/miniparquet -I/home/pei/Project/duckdb-polr/third_party/concurrentqueue -I/home/pei/Project/duckdb-polr/third_party/pcg -I/home/pei/Project/duckdb-polr/third_party/tdigest -I/home/pei/Project/duckdb-polr/third_party/mbedtls/include -I/home/pei/Project/duckdb-polr/third_party/jaro_winkler -I/home/pei/Project/duckdb-polr/extension/parquet/include -I/home/pei/Project/duckdb-polr/extension/parquet/../../third_party/parquet -I/home/pei/Project/duckdb-polr/extension/parquet/../../third_party/snappy -I/home/pei/Project/duckdb-polr/extension/parquet/../../third_party/miniz -I/home/pei/Project/duckdb-polr/extension/parquet/../../third_party/thrift -I/home/pei/Project/duckdb-polr/extension/parquet/../../third_party/zstd/include -O3 -DNDEBUG -O3 -DNDEBUG   -fPIC -fdiagnostics-color=always -std=c++11 -MD -MT extension/parquet/CMakeFiles/parquet_extension.dir/__/__/third_party/zstd/compress/zstd_opt.cpp.o -MF extension/parquet/CMakeFiles/parquet_extension.dir/__/__/third_party/zstd/compress/zstd_opt.cpp.o.d -o extension/parquet/CMakeFiles/parquet_extension.dir/__/__/third_party/zstd/compress/zstd_opt.cpp.o -c /home/pei/Project/duckdb-polr/third_party/zstd/compress/zstd_opt.cpp
[168/376] /usr/bin/ccache /usr/lib/ccache/c++ -DDUCKDB_BUILD_LIBRARY -DDUCKDB_BUILD_LOADABLE_EXTENSION -DENABLE_CROSS_PRODUCT_REWRITE=0 -DENABLE_DEBUG_PRINT=0 -DENABLE_MEASURE_EXE_TIME=0 -DENABLE_MERGE_BACK_PLAN=0 -DENABLE_PARALLEL_EXECUTION=0 -DENABLE_QUERY_SPLIT=0 -DENABLE_SPECIFY_EST_STAT=0 -I/home/pei/Project/duckdb-polr/src/include -I/home/pei/Project/duckdb-polr/third_party/fsst -I/home/pei/Project/duckdb-polr/third_party/fmt/include -I/home/pei/Project/duckdb-polr/third_party/hyperloglog -I/home/pei/Project/duckdb-polr/third_party/fastpforlib -I/home/pei/Project/duckdb-polr/third_party/fast_float -I/home/pei/Project/duckdb-polr/third_party/re2 -I/home/pei/Project/duckdb-polr/third_party/miniz -I/home/pei/Project/duckdb-polr/third_party/utf8proc/include -I/home/pei/Project/duckdb-polr/third_party/miniparquet -I/home/pei/Project/duckdb-polr/third_party/concurrentqueue -I/home/pei/Project/duckdb-polr/third_party/pcg -I/home/pei/Project/duckdb-polr/third_party/tdigest -I/home/pei/Project/duckdb-polr/third_party/mbedtls/include -I/home/pei/Project/duckdb-polr/third_party/jaro_winkler -I/home/pei/Project/duckdb-polr/extension/parquet/include -I/home/pei/Project/duckdb-polr/extension/parquet/../../third_party/parquet -I/home/pei/Project/duckdb-polr/extension/parquet/../../third_party/snappy -I/home/pei/Project/duckdb-polr/extension/parquet/../../third_party/miniz -I/home/pei/Project/duckdb-polr/extension/parquet/../../third_party/thrift -I/home/pei/Project/duckdb-polr/extension/parquet/../../third_party/zstd/include -O3 -DNDEBUG -O3 -DNDEBUG   -fPIC -fdiagnostics-color=always -std=c++11 -MD -MT extension/parquet/CMakeFiles/parquet_loadable_extension.dir/__/__/third_party/parquet/parquet_constants.cpp.o -MF extension/parquet/CMakeFiles/parquet_loadable_extension.dir/__/__/third_party/parquet/parquet_constants.cpp.o.d -o extension/parquet/CMakeFiles/parquet_loadable_extension.dir/__/__/third_party/parquet/parquet_constants.cpp.o -c /home/pei/Project/duckdb-polr/third_party/parquet/parquet_constants.cpp
[169/376] /usr/bin/ccache /usr/lib/ccache/c++ -DDUCKDB_BUILD_LIBRARY -DDUCKDB_BUILD_LOADABLE_EXTENSION -DENABLE_CROSS_PRODUCT_REWRITE=0 -DENABLE_DEBUG_PRINT=0 -DENABLE_MEASURE_EXE_TIME=0 -DENABLE_MERGE_BACK_PLAN=0 -DENABLE_PARALLEL_EXECUTION=0 -DENABLE_QUERY_SPLIT=0 -DENABLE_SPECIFY_EST_STAT=0 -I/home/pei/Project/duckdb-polr/src/include -I/home/pei/Project/duckdb-polr/third_party/fsst -I/home/pei/Project/duckdb-polr/third_party/fmt/include -I/home/pei/Project/duckdb-polr/third_party/hyperloglog -I/home/pei/Project/duckdb-polr/third_party/fastpforlib -I/home/pei/Project/duckdb-polr/third_party/fast_float -I/home/pei/Project/duckdb-polr/third_party/re2 -I/home/pei/Project/duckdb-polr/third_party/miniz -I/home/pei/Project/duckdb-polr/third_party/utf8proc/include -I/home/pei/Project/duckdb-polr/third_party/miniparquet -I/home/pei/Project/duckdb-polr/third_party/concurrentqueue -I/home/pei/Project/duckdb-polr/third_party/pcg -I/home/pei/Project/duckdb-polr/third_party/tdigest -I/home/pei/Project/duckdb-polr/third_party/mbedtls/include -I/home/pei/Project/duckdb-polr/third_party/jaro_winkler -I/home/pei/Project/duckdb-polr/extension/parquet/include -I/home/pei/Project/duckdb-polr/extension/parquet/../../third_party/parquet -I/home/pei/Project/duckdb-polr/extension/parquet/../../third_party/snappy -I/home/pei/Project/duckdb-polr/extension/parquet/../../third_party/miniz -I/home/pei/Project/duckdb-polr/extension/parquet/../../third_party/thrift -I/home/pei/Project/duckdb-polr/extension/parquet/../../third_party/zstd/include -O3 -DNDEBUG -O3 -DNDEBUG   -fPIC -fdiagnostics-color=always -std=c++11 -MD -MT extension/parquet/CMakeFiles/parquet_loadable_extension.dir/parquet_timestamp.cpp.o -MF extension/parquet/CMakeFiles/parquet_loadable_extension.dir/parquet_timestamp.cpp.o.d -o extension/parquet/CMakeFiles/parquet_loadable_extension.dir/parquet_timestamp.cpp.o -c /home/pei/Project/duckdb-polr/extension/parquet/parquet_timestamp.cpp
[170/376] /usr/bin/ccache /usr/lib/ccache/c++ -DDUCKDB_BUILD_LIBRARY -DDUCKDB_BUILD_LOADABLE_EXTENSION -DENABLE_CROSS_PRODUCT_REWRITE=0 -DENABLE_DEBUG_PRINT=0 -DENABLE_MEASURE_EXE_TIME=0 -DENABLE_MERGE_BACK_PLAN=0 -DENABLE_PARALLEL_EXECUTION=0 -DENABLE_QUERY_SPLIT=0 -DENABLE_SPECIFY_EST_STAT=0 -I/home/pei/Project/duckdb-polr/src/include -I/home/pei/Project/duckdb-polr/third_party/fsst -I/home/pei/Project/duckdb-polr/third_party/fmt/include -I/home/pei/Project/duckdb-polr/third_party/hyperloglog -I/home/pei/Project/duckdb-polr/third_party/fastpforlib -I/home/pei/Project/duckdb-polr/third_party/fast_float -I/home/pei/Project/duckdb-polr/third_party/re2 -I/home/pei/Project/duckdb-polr/third_party/miniz -I/home/pei/Project/duckdb-polr/third_party/utf8proc/include -I/home/pei/Project/duckdb-polr/third_party/miniparquet -I/home/pei/Project/duckdb-polr/third_party/concurrentqueue -I/home/pei/Project/duckdb-polr/third_party/pcg -I/home/pei/Project/duckdb-polr/third_party/tdigest -I/home/pei/Project/duckdb-polr/third_party/mbedtls/include -I/home/pei/Project/duckdb-polr/third_party/jaro_winkler -I/home/pei/Project/duckdb-polr/extension/parquet/include -I/home/pei/Project/duckdb-polr/extension/parquet/../../third_party/parquet -I/home/pei/Project/duckdb-polr/extension/parquet/../../third_party/snappy -I/home/pei/Project/duckdb-polr/extension/parquet/../../third_party/miniz -I/home/pei/Project/duckdb-polr/extension/parquet/../../third_party/thrift -I/home/pei/Project/duckdb-polr/extension/parquet/../../third_party/zstd/include -O3 -DNDEBUG -O3 -DNDEBUG   -fPIC -fdiagnostics-color=always -std=c++11 -MD -MT extension/parquet/CMakeFiles/parquet_loadable_extension.dir/column_writer.cpp.o -MF extension/parquet/CMakeFiles/parquet_loadable_extension.dir/column_writer.cpp.o.d -o extension/parquet/CMakeFiles/parquet_loadable_extension.dir/column_writer.cpp.o -c /home/pei/Project/duckdb-polr/extension/parquet/column_writer.cpp
[171/376] /usr/bin/ccache /usr/lib/ccache/c++ -DDUCKDB_BUILD_LIBRARY -DDUCKDB_BUILD_LOADABLE_EXTENSION -DENABLE_CROSS_PRODUCT_REWRITE=0 -DENABLE_DEBUG_PRINT=0 -DENABLE_MEASURE_EXE_TIME=0 -DENABLE_MERGE_BACK_PLAN=0 -DENABLE_PARALLEL_EXECUTION=0 -DENABLE_QUERY_SPLIT=0 -DENABLE_SPECIFY_EST_STAT=0 -I/home/pei/Project/duckdb-polr/src/include -I/home/pei/Project/duckdb-polr/third_party/fsst -I/home/pei/Project/duckdb-polr/third_party/fmt/include -I/home/pei/Project/duckdb-polr/third_party/hyperloglog -I/home/pei/Project/duckdb-polr/third_party/fastpforlib -I/home/pei/Project/duckdb-polr/third_party/fast_float -I/home/pei/Project/duckdb-polr/third_party/re2 -I/home/pei/Project/duckdb-polr/third_party/miniz -I/home/pei/Project/duckdb-polr/third_party/utf8proc/include -I/home/pei/Project/duckdb-polr/third_party/miniparquet -I/home/pei/Project/duckdb-polr/third_party/concurrentqueue -I/home/pei/Project/duckdb-polr/third_party/pcg -I/home/pei/Project/duckdb-polr/third_party/tdigest -I/home/pei/Project/duckdb-polr/third_party/mbedtls/include -I/home/pei/Project/duckdb-polr/third_party/jaro_winkler -I/home/pei/Project/duckdb-polr/extension/parquet/include -I/home/pei/Project/duckdb-polr/extension/parquet/../../third_party/parquet -I/home/pei/Project/duckdb-polr/extension/parquet/../../third_party/snappy -I/home/pei/Project/duckdb-polr/extension/parquet/../../third_party/miniz -I/home/pei/Project/duckdb-polr/extension/parquet/../../third_party/thrift -I/home/pei/Project/duckdb-polr/extension/parquet/../../third_party/zstd/include -O3 -DNDEBUG -O3 -DNDEBUG   -fPIC -fdiagnostics-color=always -std=c++11 -MD -MT extension/parquet/CMakeFiles/parquet_loadable_extension.dir/parquet_metadata.cpp.o -MF extension/parquet/CMakeFiles/parquet_loadable_extension.dir/parquet_metadata.cpp.o.d -o extension/parquet/CMakeFiles/parquet_loadable_extension.dir/parquet_metadata.cpp.o -c /home/pei/Project/duckdb-polr/extension/parquet/parquet_metadata.cpp
[172/376] /usr/bin/ccache /usr/lib/ccache/c++ -DDUCKDB_BUILD_LIBRARY -DDUCKDB_BUILD_LOADABLE_EXTENSION -DENABLE_CROSS_PRODUCT_REWRITE=0 -DENABLE_DEBUG_PRINT=0 -DENABLE_MEASURE_EXE_TIME=0 -DENABLE_MERGE_BACK_PLAN=0 -DENABLE_PARALLEL_EXECUTION=0 -DENABLE_QUERY_SPLIT=0 -DENABLE_SPECIFY_EST_STAT=0 -I/home/pei/Project/duckdb-polr/src/include -I/home/pei/Project/duckdb-polr/third_party/fsst -I/home/pei/Project/duckdb-polr/third_party/fmt/include -I/home/pei/Project/duckdb-polr/third_party/hyperloglog -I/home/pei/Project/duckdb-polr/third_party/fastpforlib -I/home/pei/Project/duckdb-polr/third_party/fast_float -I/home/pei/Project/duckdb-polr/third_party/re2 -I/home/pei/Project/duckdb-polr/third_party/miniz -I/home/pei/Project/duckdb-polr/third_party/utf8proc/include -I/home/pei/Project/duckdb-polr/third_party/miniparquet -I/home/pei/Project/duckdb-polr/third_party/concurrentqueue -I/home/pei/Project/duckdb-polr/third_party/pcg -I/home/pei/Project/duckdb-polr/third_party/tdigest -I/home/pei/Project/duckdb-polr/third_party/mbedtls/include -I/home/pei/Project/duckdb-polr/third_party/jaro_winkler -I/home/pei/Project/duckdb-polr/extension/parquet/include -I/home/pei/Project/duckdb-polr/extension/parquet/../../third_party/parquet -I/home/pei/Project/duckdb-polr/extension/parquet/../../third_party/snappy -I/home/pei/Project/duckdb-polr/extension/parquet/../../third_party/miniz -I/home/pei/Project/duckdb-polr/extension/parquet/../../third_party/thrift -I/home/pei/Project/duckdb-polr/extension/parquet/../../third_party/zstd/include -O3 -DNDEBUG -O3 -DNDEBUG   -fPIC -fdiagnostics-color=always -std=c++11 -MD -MT extension/parquet/CMakeFiles/parquet_loadable_extension.dir/parquet_writer.cpp.o -MF extension/parquet/CMakeFiles/parquet_loadable_extension.dir/parquet_writer.cpp.o.d -o extension/parquet/CMakeFiles/parquet_loadable_extension.dir/parquet_writer.cpp.o -c /home/pei/Project/duckdb-polr/extension/parquet/parquet_writer.cpp
[173/376] /usr/bin/ccache /usr/lib/ccache/c++ -DDUCKDB_BUILD_LIBRARY -DDUCKDB_BUILD_LOADABLE_EXTENSION -DENABLE_CROSS_PRODUCT_REWRITE=0 -DENABLE_DEBUG_PRINT=0 -DENABLE_MEASURE_EXE_TIME=0 -DENABLE_MERGE_BACK_PLAN=0 -DENABLE_PARALLEL_EXECUTION=0 -DENABLE_QUERY_SPLIT=0 -DENABLE_SPECIFY_EST_STAT=0 -I/home/pei/Project/duckdb-polr/src/include -I/home/pei/Project/duckdb-polr/third_party/fsst -I/home/pei/Project/duckdb-polr/third_party/fmt/include -I/home/pei/Project/duckdb-polr/third_party/hyperloglog -I/home/pei/Project/duckdb-polr/third_party/fastpforlib -I/home/pei/Project/duckdb-polr/third_party/fast_float -I/home/pei/Project/duckdb-polr/third_party/re2 -I/home/pei/Project/duckdb-polr/third_party/miniz -I/home/pei/Project/duckdb-polr/third_party/utf8proc/include -I/home/pei/Project/duckdb-polr/third_party/miniparquet -I/home/pei/Project/duckdb-polr/third_party/concurrentqueue -I/home/pei/Project/duckdb-polr/third_party/pcg -I/home/pei/Project/duckdb-polr/third_party/tdigest -I/home/pei/Project/duckdb-polr/third_party/mbedtls/include -I/home/pei/Project/duckdb-polr/third_party/jaro_winkler -I/home/pei/Project/duckdb-polr/extension/parquet/include -I/home/pei/Project/duckdb-polr/extension/parquet/../../third_party/parquet -I/home/pei/Project/duckdb-polr/extension/parquet/../../third_party/snappy -I/home/pei/Project/duckdb-polr/extension/parquet/../../third_party/miniz -I/home/pei/Project/duckdb-polr/extension/parquet/../../third_party/thrift -I/home/pei/Project/duckdb-polr/extension/parquet/../../third_party/zstd/include -O3 -DNDEBUG -O3 -DNDEBUG   -fPIC -fdiagnostics-color=always -std=c++11 -MD -MT extension/parquet/CMakeFiles/parquet_loadable_extension.dir/zstd_file_system.cpp.o -MF extension/parquet/CMakeFiles/parquet_loadable_extension.dir/zstd_file_system.cpp.o.d -o extension/parquet/CMakeFiles/parquet_loadable_extension.dir/zstd_file_system.cpp.o -c /home/pei/Project/duckdb-polr/extension/parquet/zstd_file_system.cpp
[174/376] /usr/bin/ccache /usr/lib/ccache/c++ -DDUCKDB_BUILD_LIBRARY -DDUCKDB_BUILD_LOADABLE_EXTENSION -DENABLE_CROSS_PRODUCT_REWRITE=0 -DENABLE_DEBUG_PRINT=0 -DENABLE_MEASURE_EXE_TIME=0 -DENABLE_MERGE_BACK_PLAN=0 -DENABLE_PARALLEL_EXECUTION=0 -DENABLE_QUERY_SPLIT=0 -DENABLE_SPECIFY_EST_STAT=0 -I/home/pei/Project/duckdb-polr/src/include -I/home/pei/Project/duckdb-polr/third_party/fsst -I/home/pei/Project/duckdb-polr/third_party/fmt/include -I/home/pei/Project/duckdb-polr/third_party/hyperloglog -I/home/pei/Project/duckdb-polr/third_party/fastpforlib -I/home/pei/Project/duckdb-polr/third_party/fast_float -I/home/pei/Project/duckdb-polr/third_party/re2 -I/home/pei/Project/duckdb-polr/third_party/miniz -I/home/pei/Project/duckdb-polr/third_party/utf8proc/include -I/home/pei/Project/duckdb-polr/third_party/miniparquet -I/home/pei/Project/duckdb-polr/third_party/concurrentqueue -I/home/pei/Project/duckdb-polr/third_party/pcg -I/home/pei/Project/duckdb-polr/third_party/tdigest -I/home/pei/Project/duckdb-polr/third_party/mbedtls/include -I/home/pei/Project/duckdb-polr/third_party/jaro_winkler -I/home/pei/Project/duckdb-polr/extension/parquet/include -I/home/pei/Project/duckdb-polr/extension/parquet/../../third_party/parquet -I/home/pei/Project/duckdb-polr/extension/parquet/../../third_party/snappy -I/home/pei/Project/duckdb-polr/extension/parquet/../../third_party/miniz -I/home/pei/Project/duckdb-polr/extension/parquet/../../third_party/thrift -I/home/pei/Project/duckdb-polr/extension/parquet/../../third_party/zstd/include -O3 -DNDEBUG -O3 -DNDEBUG   -fPIC -fdiagnostics-color=always -std=c++11 -MD -MT extension/parquet/CMakeFiles/parquet_loadable_extension.dir/parquet-extension.cpp.o -MF extension/parquet/CMakeFiles/parquet_loadable_extension.dir/parquet-extension.cpp.o.d -o extension/parquet/CMakeFiles/parquet_loadable_extension.dir/parquet-extension.cpp.o -c /home/pei/Project/duckdb-polr/extension/parquet/parquet-extension.cpp
[175/376] /usr/bin/ccache /usr/lib/ccache/c++ -DDUCKDB_BUILD_LIBRARY -DDUCKDB_BUILD_LOADABLE_EXTENSION -DENABLE_CROSS_PRODUCT_REWRITE=0 -DENABLE_DEBUG_PRINT=0 -DENABLE_MEASURE_EXE_TIME=0 -DENABLE_MERGE_BACK_PLAN=0 -DENABLE_PARALLEL_EXECUTION=0 -DENABLE_QUERY_SPLIT=0 -DENABLE_SPECIFY_EST_STAT=0 -I/home/pei/Project/duckdb-polr/src/include -I/home/pei/Project/duckdb-polr/third_party/fsst -I/home/pei/Project/duckdb-polr/third_party/fmt/include -I/home/pei/Project/duckdb-polr/third_party/hyperloglog -I/home/pei/Project/duckdb-polr/third_party/fastpforlib -I/home/pei/Project/duckdb-polr/third_party/fast_float -I/home/pei/Project/duckdb-polr/third_party/re2 -I/home/pei/Project/duckdb-polr/third_party/miniz -I/home/pei/Project/duckdb-polr/third_party/utf8proc/include -I/home/pei/Project/duckdb-polr/third_party/miniparquet -I/home/pei/Project/duckdb-polr/third_party/concurrentqueue -I/home/pei/Project/duckdb-polr/third_party/pcg -I/home/pei/Project/duckdb-polr/third_party/tdigest -I/home/pei/Project/duckdb-polr/third_party/mbedtls/include -I/home/pei/Project/duckdb-polr/third_party/jaro_winkler -I/home/pei/Project/duckdb-polr/extension/parquet/include -I/home/pei/Project/duckdb-polr/extension/parquet/../../third_party/parquet -I/home/pei/Project/duckdb-polr/extension/parquet/../../third_party/snappy -I/home/pei/Project/duckdb-polr/extension/parquet/../../third_party/miniz -I/home/pei/Project/duckdb-polr/extension/parquet/../../third_party/thrift -I/home/pei/Project/duckdb-polr/extension/parquet/../../third_party/zstd/include -O3 -DNDEBUG -O3 -DNDEBUG   -fPIC -fdiagnostics-color=always -std=c++11 -MD -MT extension/parquet/CMakeFiles/parquet_loadable_extension.dir/parquet_reader.cpp.o -MF extension/parquet/CMakeFiles/parquet_loadable_extension.dir/parquet_reader.cpp.o.d -o extension/parquet/CMakeFiles/parquet_loadable_extension.dir/parquet_reader.cpp.o -c /home/pei/Project/duckdb-polr/extension/parquet/parquet_reader.cpp
[176/376] /usr/bin/ccache /usr/lib/ccache/c++ -DDUCKDB_BUILD_LIBRARY -DDUCKDB_BUILD_LOADABLE_EXTENSION -DENABLE_CROSS_PRODUCT_REWRITE=0 -DENABLE_DEBUG_PRINT=0 -DENABLE_MEASURE_EXE_TIME=0 -DENABLE_MERGE_BACK_PLAN=0 -DENABLE_PARALLEL_EXECUTION=0 -DENABLE_QUERY_SPLIT=0 -DENABLE_SPECIFY_EST_STAT=0 -I/home/pei/Project/duckdb-polr/src/include -I/home/pei/Project/duckdb-polr/third_party/fsst -I/home/pei/Project/duckdb-polr/third_party/fmt/include -I/home/pei/Project/duckdb-polr/third_party/hyperloglog -I/home/pei/Project/duckdb-polr/third_party/fastpforlib -I/home/pei/Project/duckdb-polr/third_party/fast_float -I/home/pei/Project/duckdb-polr/third_party/re2 -I/home/pei/Project/duckdb-polr/third_party/miniz -I/home/pei/Project/duckdb-polr/third_party/utf8proc/include -I/home/pei/Project/duckdb-polr/third_party/miniparquet -I/home/pei/Project/duckdb-polr/third_party/concurrentqueue -I/home/pei/Project/duckdb-polr/third_party/pcg -I/home/pei/Project/duckdb-polr/third_party/tdigest -I/home/pei/Project/duckdb-polr/third_party/mbedtls/include -I/home/pei/Project/duckdb-polr/third_party/jaro_winkler -I/home/pei/Project/duckdb-polr/extension/parquet/include -I/home/pei/Project/duckdb-polr/extension/parquet/../../third_party/parquet -I/home/pei/Project/duckdb-polr/extension/parquet/../../third_party/snappy -I/home/pei/Project/duckdb-polr/extension/parquet/../../third_party/miniz -I/home/pei/Project/duckdb-polr/extension/parquet/../../third_party/thrift -I/home/pei/Project/duckdb-polr/extension/parquet/../../third_party/zstd/include -O3 -DNDEBUG -O3 -DNDEBUG   -fPIC -fdiagnostics-color=always -std=c++11 -MD -MT extension/parquet/CMakeFiles/parquet_loadable_extension.dir/parquet_statistics.cpp.o -MF extension/parquet/CMakeFiles/parquet_loadable_extension.dir/parquet_statistics.cpp.o.d -o extension/parquet/CMakeFiles/parquet_loadable_extension.dir/parquet_statistics.cpp.o -c /home/pei/Project/duckdb-polr/extension/parquet/parquet_statistics.cpp
[177/376] /usr/bin/ccache /usr/lib/ccache/c++ -DDUCKDB_BUILD_LIBRARY -DDUCKDB_BUILD_LOADABLE_EXTENSION -DENABLE_CROSS_PRODUCT_REWRITE=0 -DENABLE_DEBUG_PRINT=0 -DENABLE_MEASURE_EXE_TIME=0 -DENABLE_MERGE_BACK_PLAN=0 -DENABLE_PARALLEL_EXECUTION=0 -DENABLE_QUERY_SPLIT=0 -DENABLE_SPECIFY_EST_STAT=0 -I/home/pei/Project/duckdb-polr/src/include -I/home/pei/Project/duckdb-polr/third_party/fsst -I/home/pei/Project/duckdb-polr/third_party/fmt/include -I/home/pei/Project/duckdb-polr/third_party/hyperloglog -I/home/pei/Project/duckdb-polr/third_party/fastpforlib -I/home/pei/Project/duckdb-polr/third_party/fast_float -I/home/pei/Project/duckdb-polr/third_party/re2 -I/home/pei/Project/duckdb-polr/third_party/miniz -I/home/pei/Project/duckdb-polr/third_party/utf8proc/include -I/home/pei/Project/duckdb-polr/third_party/miniparquet -I/home/pei/Project/duckdb-polr/third_party/concurrentqueue -I/home/pei/Project/duckdb-polr/third_party/pcg -I/home/pei/Project/duckdb-polr/third_party/tdigest -I/home/pei/Project/duckdb-polr/third_party/mbedtls/include -I/home/pei/Project/duckdb-polr/third_party/jaro_winkler -I/home/pei/Project/duckdb-polr/extension/parquet/include -I/home/pei/Project/duckdb-polr/extension/parquet/../../third_party/parquet -I/home/pei/Project/duckdb-polr/extension/parquet/../../third_party/snappy -I/home/pei/Project/duckdb-polr/extension/parquet/../../third_party/miniz -I/home/pei/Project/duckdb-polr/extension/parquet/../../third_party/thrift -I/home/pei/Project/duckdb-polr/extension/parquet/../../third_party/zstd/include -O3 -DNDEBUG -O3 -DNDEBUG   -fPIC -fdiagnostics-color=always -std=c++11 -MD -MT extension/parquet/CMakeFiles/parquet_loadable_extension.dir/column_reader.cpp.o -MF extension/parquet/CMakeFiles/parquet_loadable_extension.dir/column_reader.cpp.o.d -o extension/parquet/CMakeFiles/parquet_loadable_extension.dir/column_reader.cpp.o -c /home/pei/Project/duckdb-polr/extension/parquet/column_reader.cpp
[178/376] /usr/bin/ccache /usr/lib/ccache/c++ -DDUCKDB_BUILD_LIBRARY -DDUCKDB_BUILD_LOADABLE_EXTENSION -DENABLE_CROSS_PRODUCT_REWRITE=0 -DENABLE_DEBUG_PRINT=0 -DENABLE_MEASURE_EXE_TIME=0 -DENABLE_MERGE_BACK_PLAN=0 -DENABLE_PARALLEL_EXECUTION=0 -DENABLE_QUERY_SPLIT=0 -DENABLE_SPECIFY_EST_STAT=0 -I/home/pei/Project/duckdb-polr/src/include -I/home/pei/Project/duckdb-polr/third_party/fsst -I/home/pei/Project/duckdb-polr/third_party/fmt/include -I/home/pei/Project/duckdb-polr/third_party/hyperloglog -I/home/pei/Project/duckdb-polr/third_party/fastpforlib -I/home/pei/Project/duckdb-polr/third_party/fast_float -I/home/pei/Project/duckdb-polr/third_party/re2 -I/home/pei/Project/duckdb-polr/third_party/miniz -I/home/pei/Project/duckdb-polr/third_party/utf8proc/include -I/home/pei/Project/duckdb-polr/third_party/miniparquet -I/home/pei/Project/duckdb-polr/third_party/concurrentqueue -I/home/pei/Project/duckdb-polr/third_party/pcg -I/home/pei/Project/duckdb-polr/third_party/tdigest -I/home/pei/Project/duckdb-polr/third_party/mbedtls/include -I/home/pei/Project/duckdb-polr/third_party/jaro_winkler -I/home/pei/Project/duckdb-polr/extension/parquet/include -I/home/pei/Project/duckdb-polr/extension/parquet/../../third_party/parquet -I/home/pei/Project/duckdb-polr/extension/parquet/../../third_party/snappy -I/home/pei/Project/duckdb-polr/extension/parquet/../../third_party/miniz -I/home/pei/Project/duckdb-polr/extension/parquet/../../third_party/thrift -I/home/pei/Project/duckdb-polr/extension/parquet/../../third_party/zstd/include -O3 -DNDEBUG -O3 -DNDEBUG   -fPIC -fdiagnostics-color=always -std=c++11 -MD -MT extension/parquet/CMakeFiles/parquet_loadable_extension.dir/__/__/third_party/thrift/thrift/protocol/TProtocol.cpp.o -MF extension/parquet/CMakeFiles/parquet_loadable_extension.dir/__/__/third_party/thrift/thrift/protocol/TProtocol.cpp.o.d -o extension/parquet/CMakeFiles/parquet_loadable_extension.dir/__/__/third_party/thrift/thrift/protocol/TProtocol.cpp.o -c /home/pei/Project/duckdb-polr/third_party/thrift/thrift/protocol/TProtocol.cpp
[179/376] /usr/bin/ccache /usr/lib/ccache/c++ -DDUCKDB_BUILD_LIBRARY -DDUCKDB_BUILD_LOADABLE_EXTENSION -DENABLE_CROSS_PRODUCT_REWRITE=0 -DENABLE_DEBUG_PRINT=0 -DENABLE_MEASURE_EXE_TIME=0 -DENABLE_MERGE_BACK_PLAN=0 -DENABLE_PARALLEL_EXECUTION=0 -DENABLE_QUERY_SPLIT=0 -DENABLE_SPECIFY_EST_STAT=0 -I/home/pei/Project/duckdb-polr/src/include -I/home/pei/Project/duckdb-polr/third_party/fsst -I/home/pei/Project/duckdb-polr/third_party/fmt/include -I/home/pei/Project/duckdb-polr/third_party/hyperloglog -I/home/pei/Project/duckdb-polr/third_party/fastpforlib -I/home/pei/Project/duckdb-polr/third_party/fast_float -I/home/pei/Project/duckdb-polr/third_party/re2 -I/home/pei/Project/duckdb-polr/third_party/miniz -I/home/pei/Project/duckdb-polr/third_party/utf8proc/include -I/home/pei/Project/duckdb-polr/third_party/miniparquet -I/home/pei/Project/duckdb-polr/third_party/concurrentqueue -I/home/pei/Project/duckdb-polr/third_party/pcg -I/home/pei/Project/duckdb-polr/third_party/tdigest -I/home/pei/Project/duckdb-polr/third_party/mbedtls/include -I/home/pei/Project/duckdb-polr/third_party/jaro_winkler -I/home/pei/Project/duckdb-polr/extension/parquet/include -I/home/pei/Project/duckdb-polr/extension/parquet/../../third_party/parquet -I/home/pei/Project/duckdb-polr/extension/parquet/../../third_party/snappy -I/home/pei/Project/duckdb-polr/extension/parquet/../../third_party/miniz -I/home/pei/Project/duckdb-polr/extension/parquet/../../third_party/thrift -I/home/pei/Project/duckdb-polr/extension/parquet/../../third_party/zstd/include -O3 -DNDEBUG -O3 -DNDEBUG   -fPIC -fdiagnostics-color=always -std=c++11 -MD -MT extension/parquet/CMakeFiles/parquet_loadable_extension.dir/__/__/third_party/thrift/thrift/transport/TTransportException.cpp.o -MF extension/parquet/CMakeFiles/parquet_loadable_extension.dir/__/__/third_party/thrift/thrift/transport/TTransportException.cpp.o.d -o extension/parquet/CMakeFiles/parquet_loadable_extension.dir/__/__/third_party/thrift/thrift/transport/TTransportException.cpp.o -c /home/pei/Project/duckdb-polr/third_party/thrift/thrift/transport/TTransportException.cpp
[180/376] /usr/bin/ccache /usr/lib/ccache/c++ -DDUCKDB_BUILD_LIBRARY -DDUCKDB_BUILD_LOADABLE_EXTENSION -DENABLE_CROSS_PRODUCT_REWRITE=0 -DENABLE_DEBUG_PRINT=0 -DENABLE_MEASURE_EXE_TIME=0 -DENABLE_MERGE_BACK_PLAN=0 -DENABLE_PARALLEL_EXECUTION=0 -DENABLE_QUERY_SPLIT=0 -DENABLE_SPECIFY_EST_STAT=0 -I/home/pei/Project/duckdb-polr/src/include -I/home/pei/Project/duckdb-polr/third_party/fsst -I/home/pei/Project/duckdb-polr/third_party/fmt/include -I/home/pei/Project/duckdb-polr/third_party/hyperloglog -I/home/pei/Project/duckdb-polr/third_party/fastpforlib -I/home/pei/Project/duckdb-polr/third_party/fast_float -I/home/pei/Project/duckdb-polr/third_party/re2 -I/home/pei/Project/duckdb-polr/third_party/miniz -I/home/pei/Project/duckdb-polr/third_party/utf8proc/include -I/home/pei/Project/duckdb-polr/third_party/miniparquet -I/home/pei/Project/duckdb-polr/third_party/concurrentqueue -I/home/pei/Project/duckdb-polr/third_party/pcg -I/home/pei/Project/duckdb-polr/third_party/tdigest -I/home/pei/Project/duckdb-polr/third_party/mbedtls/include -I/home/pei/Project/duckdb-polr/third_party/jaro_winkler -I/home/pei/Project/duckdb-polr/extension/parquet/include -I/home/pei/Project/duckdb-polr/extension/parquet/../../third_party/parquet -I/home/pei/Project/duckdb-polr/extension/parquet/../../third_party/snappy -I/home/pei/Project/duckdb-polr/extension/parquet/../../third_party/miniz -I/home/pei/Project/duckdb-polr/extension/parquet/../../third_party/thrift -I/home/pei/Project/duckdb-polr/extension/parquet/../../third_party/zstd/include -O3 -DNDEBUG -O3 -DNDEBUG   -fPIC -fdiagnostics-color=always -std=c++11 -MD -MT extension/parquet/CMakeFiles/parquet_loadable_extension.dir/__/__/third_party/snappy/snappy-sinksource.cc.o -MF extension/parquet/CMakeFiles/parquet_loadable_extension.dir/__/__/third_party/snappy/snappy-sinksource.cc.o.d -o extension/parquet/CMakeFiles/parquet_loadable_extension.dir/__/__/third_party/snappy/snappy-sinksource.cc.o -c /home/pei/Project/duckdb-polr/third_party/snappy/snappy-sinksource.cc
[181/376] /usr/bin/ccache /usr/lib/ccache/c++ -DDUCKDB_BUILD_LIBRARY -DDUCKDB_BUILD_LOADABLE_EXTENSION -DENABLE_CROSS_PRODUCT_REWRITE=0 -DENABLE_DEBUG_PRINT=0 -DENABLE_MEASURE_EXE_TIME=0 -DENABLE_MERGE_BACK_PLAN=0 -DENABLE_PARALLEL_EXECUTION=0 -DENABLE_QUERY_SPLIT=0 -DENABLE_SPECIFY_EST_STAT=0 -I/home/pei/Project/duckdb-polr/src/include -I/home/pei/Project/duckdb-polr/third_party/fsst -I/home/pei/Project/duckdb-polr/third_party/fmt/include -I/home/pei/Project/duckdb-polr/third_party/hyperloglog -I/home/pei/Project/duckdb-polr/third_party/fastpforlib -I/home/pei/Project/duckdb-polr/third_party/fast_float -I/home/pei/Project/duckdb-polr/third_party/re2 -I/home/pei/Project/duckdb-polr/third_party/miniz -I/home/pei/Project/duckdb-polr/third_party/utf8proc/include -I/home/pei/Project/duckdb-polr/third_party/miniparquet -I/home/pei/Project/duckdb-polr/third_party/concurrentqueue -I/home/pei/Project/duckdb-polr/third_party/pcg -I/home/pei/Project/duckdb-polr/third_party/tdigest -I/home/pei/Project/duckdb-polr/third_party/mbedtls/include -I/home/pei/Project/duckdb-polr/third_party/jaro_winkler -I/home/pei/Project/duckdb-polr/extension/parquet/include -I/home/pei/Project/duckdb-polr/extension/parquet/../../third_party/parquet -I/home/pei/Project/duckdb-polr/extension/parquet/../../third_party/snappy -I/home/pei/Project/duckdb-polr/extension/parquet/../../third_party/miniz -I/home/pei/Project/duckdb-polr/extension/parquet/../../third_party/thrift -I/home/pei/Project/duckdb-polr/extension/parquet/../../third_party/zstd/include -O3 -DNDEBUG -O3 -DNDEBUG   -fPIC -fdiagnostics-color=always -std=c++11 -MD -MT extension/parquet/CMakeFiles/parquet_loadable_extension.dir/__/__/third_party/snappy/snappy.cc.o -MF extension/parquet/CMakeFiles/parquet_loadable_extension.dir/__/__/third_party/snappy/snappy.cc.o.d -o extension/parquet/CMakeFiles/parquet_loadable_extension.dir/__/__/third_party/snappy/snappy.cc.o -c /home/pei/Project/duckdb-polr/third_party/snappy/snappy.cc
[182/376] /usr/bin/ccache /usr/lib/ccache/c++ -DDUCKDB_BUILD_LIBRARY -DDUCKDB_BUILD_LOADABLE_EXTENSION -DENABLE_CROSS_PRODUCT_REWRITE=0 -DENABLE_DEBUG_PRINT=0 -DENABLE_MEASURE_EXE_TIME=0 -DENABLE_MERGE_BACK_PLAN=0 -DENABLE_PARALLEL_EXECUTION=0 -DENABLE_QUERY_SPLIT=0 -DENABLE_SPECIFY_EST_STAT=0 -I/home/pei/Project/duckdb-polr/src/include -I/home/pei/Project/duckdb-polr/third_party/fsst -I/home/pei/Project/duckdb-polr/third_party/fmt/include -I/home/pei/Project/duckdb-polr/third_party/hyperloglog -I/home/pei/Project/duckdb-polr/third_party/fastpforlib -I/home/pei/Project/duckdb-polr/third_party/fast_float -I/home/pei/Project/duckdb-polr/third_party/re2 -I/home/pei/Project/duckdb-polr/third_party/miniz -I/home/pei/Project/duckdb-polr/third_party/utf8proc/include -I/home/pei/Project/duckdb-polr/third_party/miniparquet -I/home/pei/Project/duckdb-polr/third_party/concurrentqueue -I/home/pei/Project/duckdb-polr/third_party/pcg -I/home/pei/Project/duckdb-polr/third_party/tdigest -I/home/pei/Project/duckdb-polr/third_party/mbedtls/include -I/home/pei/Project/duckdb-polr/third_party/jaro_winkler -I/home/pei/Project/duckdb-polr/extension/parquet/include -I/home/pei/Project/duckdb-polr/extension/parquet/../../third_party/parquet -I/home/pei/Project/duckdb-polr/extension/parquet/../../third_party/snappy -I/home/pei/Project/duckdb-polr/extension/parquet/../../third_party/miniz -I/home/pei/Project/duckdb-polr/extension/parquet/../../third_party/thrift -I/home/pei/Project/duckdb-polr/extension/parquet/../../third_party/zstd/include -O3 -DNDEBUG -O3 -DNDEBUG   -fPIC -fdiagnostics-color=always -std=c++11 -MD -MT extension/parquet/CMakeFiles/parquet_loadable_extension.dir/__/__/third_party/zstd/decompress/zstd_ddict.cpp.o -MF extension/parquet/CMakeFiles/parquet_loadable_extension.dir/__/__/third_party/zstd/decompress/zstd_ddict.cpp.o.d -o extension/parquet/CMakeFiles/parquet_loadable_extension.dir/__/__/third_party/zstd/decompress/zstd_ddict.cpp.o -c /home/pei/Project/duckdb-polr/third_party/zstd/decompress/zstd_ddict.cpp
[183/376] /usr/bin/ccache /usr/lib/ccache/c++ -DDUCKDB_BUILD_LIBRARY -DDUCKDB_BUILD_LOADABLE_EXTENSION -DENABLE_CROSS_PRODUCT_REWRITE=0 -DENABLE_DEBUG_PRINT=0 -DENABLE_MEASURE_EXE_TIME=0 -DENABLE_MERGE_BACK_PLAN=0 -DENABLE_PARALLEL_EXECUTION=0 -DENABLE_QUERY_SPLIT=0 -DENABLE_SPECIFY_EST_STAT=0 -I/home/pei/Project/duckdb-polr/src/include -I/home/pei/Project/duckdb-polr/third_party/fsst -I/home/pei/Project/duckdb-polr/third_party/fmt/include -I/home/pei/Project/duckdb-polr/third_party/hyperloglog -I/home/pei/Project/duckdb-polr/third_party/fastpforlib -I/home/pei/Project/duckdb-polr/third_party/fast_float -I/home/pei/Project/duckdb-polr/third_party/re2 -I/home/pei/Project/duckdb-polr/third_party/miniz -I/home/pei/Project/duckdb-polr/third_party/utf8proc/include -I/home/pei/Project/duckdb-polr/third_party/miniparquet -I/home/pei/Project/duckdb-polr/third_party/concurrentqueue -I/home/pei/Project/duckdb-polr/third_party/pcg -I/home/pei/Project/duckdb-polr/third_party/tdigest -I/home/pei/Project/duckdb-polr/third_party/mbedtls/include -I/home/pei/Project/duckdb-polr/third_party/jaro_winkler -I/home/pei/Project/duckdb-polr/extension/parquet/include -I/home/pei/Project/duckdb-polr/extension/parquet/../../third_party/parquet -I/home/pei/Project/duckdb-polr/extension/parquet/../../third_party/snappy -I/home/pei/Project/duckdb-polr/extension/parquet/../../third_party/miniz -I/home/pei/Project/duckdb-polr/extension/parquet/../../third_party/thrift -I/home/pei/Project/duckdb-polr/extension/parquet/../../third_party/zstd/include -O3 -DNDEBUG -O3 -DNDEBUG   -fPIC -fdiagnostics-color=always -std=c++11 -MD -MT extension/parquet/CMakeFiles/parquet_loadable_extension.dir/__/__/third_party/zstd/decompress/huf_decompress.cpp.o -MF extension/parquet/CMakeFiles/parquet_loadable_extension.dir/__/__/third_party/zstd/decompress/huf_decompress.cpp.o.d -o extension/parquet/CMakeFiles/parquet_loadable_extension.dir/__/__/third_party/zstd/decompress/huf_decompress.cpp.o -c /home/pei/Project/duckdb-polr/third_party/zstd/decompress/huf_decompress.cpp
[184/376] /usr/bin/ccache /usr/lib/ccache/c++ -DDUCKDB_BUILD_LIBRARY -DDUCKDB_BUILD_LOADABLE_EXTENSION -DENABLE_CROSS_PRODUCT_REWRITE=0 -DENABLE_DEBUG_PRINT=0 -DENABLE_MEASURE_EXE_TIME=0 -DENABLE_MERGE_BACK_PLAN=0 -DENABLE_PARALLEL_EXECUTION=0 -DENABLE_QUERY_SPLIT=0 -DENABLE_SPECIFY_EST_STAT=0 -I/home/pei/Project/duckdb-polr/src/include -I/home/pei/Project/duckdb-polr/third_party/fsst -I/home/pei/Project/duckdb-polr/third_party/fmt/include -I/home/pei/Project/duckdb-polr/third_party/hyperloglog -I/home/pei/Project/duckdb-polr/third_party/fastpforlib -I/home/pei/Project/duckdb-polr/third_party/fast_float -I/home/pei/Project/duckdb-polr/third_party/re2 -I/home/pei/Project/duckdb-polr/third_party/miniz -I/home/pei/Project/duckdb-polr/third_party/utf8proc/include -I/home/pei/Project/duckdb-polr/third_party/miniparquet -I/home/pei/Project/duckdb-polr/third_party/concurrentqueue -I/home/pei/Project/duckdb-polr/third_party/pcg -I/home/pei/Project/duckdb-polr/third_party/tdigest -I/home/pei/Project/duckdb-polr/third_party/mbedtls/include -I/home/pei/Project/duckdb-polr/third_party/jaro_winkler -I/home/pei/Project/duckdb-polr/extension/parquet/include -I/home/pei/Project/duckdb-polr/extension/parquet/../../third_party/parquet -I/home/pei/Project/duckdb-polr/extension/parquet/../../third_party/snappy -I/home/pei/Project/duckdb-polr/extension/parquet/../../third_party/miniz -I/home/pei/Project/duckdb-polr/extension/parquet/../../third_party/thrift -I/home/pei/Project/duckdb-polr/extension/parquet/../../third_party/zstd/include -O3 -DNDEBUG -O3 -DNDEBUG   -fPIC -fdiagnostics-color=always -std=c++11 -MD -MT extension/parquet/CMakeFiles/parquet_loadable_extension.dir/__/__/third_party/parquet/parquet_types.cpp.o -MF extension/parquet/CMakeFiles/parquet_loadable_extension.dir/__/__/third_party/parquet/parquet_types.cpp.o.d -o extension/parquet/CMakeFiles/parquet_loadable_extension.dir/__/__/third_party/parquet/parquet_types.cpp.o -c /home/pei/Project/duckdb-polr/third_party/parquet/parquet_types.cpp
[185/376] /usr/bin/ccache /usr/lib/ccache/c++ -DDUCKDB_BUILD_LIBRARY -DDUCKDB_BUILD_LOADABLE_EXTENSION -DENABLE_CROSS_PRODUCT_REWRITE=0 -DENABLE_DEBUG_PRINT=0 -DENABLE_MEASURE_EXE_TIME=0 -DENABLE_MERGE_BACK_PLAN=0 -DENABLE_PARALLEL_EXECUTION=0 -DENABLE_QUERY_SPLIT=0 -DENABLE_SPECIFY_EST_STAT=0 -I/home/pei/Project/duckdb-polr/src/include -I/home/pei/Project/duckdb-polr/third_party/fsst -I/home/pei/Project/duckdb-polr/third_party/fmt/include -I/home/pei/Project/duckdb-polr/third_party/hyperloglog -I/home/pei/Project/duckdb-polr/third_party/fastpforlib -I/home/pei/Project/duckdb-polr/third_party/fast_float -I/home/pei/Project/duckdb-polr/third_party/re2 -I/home/pei/Project/duckdb-polr/third_party/miniz -I/home/pei/Project/duckdb-polr/third_party/utf8proc/include -I/home/pei/Project/duckdb-polr/third_party/miniparquet -I/home/pei/Project/duckdb-polr/third_party/concurrentqueue -I/home/pei/Project/duckdb-polr/third_party/pcg -I/home/pei/Project/duckdb-polr/third_party/tdigest -I/home/pei/Project/duckdb-polr/third_party/mbedtls/include -I/home/pei/Project/duckdb-polr/third_party/jaro_winkler -I/home/pei/Project/duckdb-polr/extension/parquet/include -I/home/pei/Project/duckdb-polr/extension/parquet/../../third_party/parquet -I/home/pei/Project/duckdb-polr/extension/parquet/../../third_party/snappy -I/home/pei/Project/duckdb-polr/extension/parquet/../../third_party/miniz -I/home/pei/Project/duckdb-polr/extension/parquet/../../third_party/thrift -I/home/pei/Project/duckdb-polr/extension/parquet/../../third_party/zstd/include -O3 -DNDEBUG -O3 -DNDEBUG   -fPIC -fdiagnostics-color=always -std=c++11 -MD -MT extension/parquet/CMakeFiles/parquet_loadable_extension.dir/__/__/third_party/thrift/thrift/transport/TBufferTransports.cpp.o -MF extension/parquet/CMakeFiles/parquet_loadable_extension.dir/__/__/third_party/thrift/thrift/transport/TBufferTransports.cpp.o.d -o extension/parquet/CMakeFiles/parquet_loadable_extension.dir/__/__/third_party/thrift/thrift/transport/TBufferTransports.cpp.o -c /home/pei/Project/duckdb-polr/third_party/thrift/thrift/transport/TBufferTransports.cpp
[186/376] /usr/bin/ccache /usr/lib/ccache/c++ -DDUCKDB_BUILD_LIBRARY -DDUCKDB_BUILD_LOADABLE_EXTENSION -DENABLE_CROSS_PRODUCT_REWRITE=0 -DENABLE_DEBUG_PRINT=0 -DENABLE_MEASURE_EXE_TIME=0 -DENABLE_MERGE_BACK_PLAN=0 -DENABLE_PARALLEL_EXECUTION=0 -DENABLE_QUERY_SPLIT=0 -DENABLE_SPECIFY_EST_STAT=0 -I/home/pei/Project/duckdb-polr/src/include -I/home/pei/Project/duckdb-polr/third_party/fsst -I/home/pei/Project/duckdb-polr/third_party/fmt/include -I/home/pei/Project/duckdb-polr/third_party/hyperloglog -I/home/pei/Project/duckdb-polr/third_party/fastpforlib -I/home/pei/Project/duckdb-polr/third_party/fast_float -I/home/pei/Project/duckdb-polr/third_party/re2 -I/home/pei/Project/duckdb-polr/third_party/miniz -I/home/pei/Project/duckdb-polr/third_party/utf8proc/include -I/home/pei/Project/duckdb-polr/third_party/miniparquet -I/home/pei/Project/duckdb-polr/third_party/concurrentqueue -I/home/pei/Project/duckdb-polr/third_party/pcg -I/home/pei/Project/duckdb-polr/third_party/tdigest -I/home/pei/Project/duckdb-polr/third_party/mbedtls/include -I/home/pei/Project/duckdb-polr/third_party/jaro_winkler -I/home/pei/Project/duckdb-polr/extension/parquet/include -I/home/pei/Project/duckdb-polr/extension/parquet/../../third_party/parquet -I/home/pei/Project/duckdb-polr/extension/parquet/../../third_party/snappy -I/home/pei/Project/duckdb-polr/extension/parquet/../../third_party/miniz -I/home/pei/Project/duckdb-polr/extension/parquet/../../third_party/thrift -I/home/pei/Project/duckdb-polr/extension/parquet/../../third_party/zstd/include -O3 -DNDEBUG -O3 -DNDEBUG   -fPIC -fdiagnostics-color=always -std=c++11 -MD -MT extension/parquet/CMakeFiles/parquet_loadable_extension.dir/__/__/third_party/zstd/decompress/zstd_decompress.cpp.o -MF extension/parquet/CMakeFiles/parquet_loadable_extension.dir/__/__/third_party/zstd/decompress/zstd_decompress.cpp.o.d -o extension/parquet/CMakeFiles/parquet_loadable_extension.dir/__/__/third_party/zstd/decompress/zstd_decompress.cpp.o -c /home/pei/Project/duckdb-polr/third_party/zstd/decompress/zstd_decompress.cpp
[187/376] /usr/bin/ccache /usr/lib/ccache/c++ -DDUCKDB_BUILD_LIBRARY -DDUCKDB_BUILD_LOADABLE_EXTENSION -DENABLE_CROSS_PRODUCT_REWRITE=0 -DENABLE_DEBUG_PRINT=0 -DENABLE_MEASURE_EXE_TIME=0 -DENABLE_MERGE_BACK_PLAN=0 -DENABLE_PARALLEL_EXECUTION=0 -DENABLE_QUERY_SPLIT=0 -DENABLE_SPECIFY_EST_STAT=0 -I/home/pei/Project/duckdb-polr/src/include -I/home/pei/Project/duckdb-polr/third_party/fsst -I/home/pei/Project/duckdb-polr/third_party/fmt/include -I/home/pei/Project/duckdb-polr/third_party/hyperloglog -I/home/pei/Project/duckdb-polr/third_party/fastpforlib -I/home/pei/Project/duckdb-polr/third_party/fast_float -I/home/pei/Project/duckdb-polr/third_party/re2 -I/home/pei/Project/duckdb-polr/third_party/miniz -I/home/pei/Project/duckdb-polr/third_party/utf8proc/include -I/home/pei/Project/duckdb-polr/third_party/miniparquet -I/home/pei/Project/duckdb-polr/third_party/concurrentqueue -I/home/pei/Project/duckdb-polr/third_party/pcg -I/home/pei/Project/duckdb-polr/third_party/tdigest -I/home/pei/Project/duckdb-polr/third_party/mbedtls/include -I/home/pei/Project/duckdb-polr/third_party/jaro_winkler -I/home/pei/Project/duckdb-polr/extension/parquet/include -I/home/pei/Project/duckdb-polr/extension/parquet/../../third_party/parquet -I/home/pei/Project/duckdb-polr/extension/parquet/../../third_party/snappy -I/home/pei/Project/duckdb-polr/extension/parquet/../../third_party/miniz -I/home/pei/Project/duckdb-polr/extension/parquet/../../third_party/thrift -I/home/pei/Project/duckdb-polr/extension/parquet/../../third_party/zstd/include -O3 -DNDEBUG -O3 -DNDEBUG   -fPIC -fdiagnostics-color=always -std=c++11 -MD -MT extension/parquet/CMakeFiles/parquet_loadable_extension.dir/__/__/third_party/zstd/decompress/zstd_decompress_block.cpp.o -MF extension/parquet/CMakeFiles/parquet_loadable_extension.dir/__/__/third_party/zstd/decompress/zstd_decompress_block.cpp.o.d -o extension/parquet/CMakeFiles/parquet_loadable_extension.dir/__/__/third_party/zstd/decompress/zstd_decompress_block.cpp.o -c /home/pei/Project/duckdb-polr/third_party/zstd/decompress/zstd_decompress_block.cpp
[188/376] /usr/bin/ccache /usr/lib/ccache/c++ -DDUCKDB_BUILD_LIBRARY -DDUCKDB_BUILD_LOADABLE_EXTENSION -DENABLE_CROSS_PRODUCT_REWRITE=0 -DENABLE_DEBUG_PRINT=0 -DENABLE_MEASURE_EXE_TIME=0 -DENABLE_MERGE_BACK_PLAN=0 -DENABLE_PARALLEL_EXECUTION=0 -DENABLE_QUERY_SPLIT=0 -DENABLE_SPECIFY_EST_STAT=0 -I/home/pei/Project/duckdb-polr/src/include -I/home/pei/Project/duckdb-polr/third_party/fsst -I/home/pei/Project/duckdb-polr/third_party/fmt/include -I/home/pei/Project/duckdb-polr/third_party/hyperloglog -I/home/pei/Project/duckdb-polr/third_party/fastpforlib -I/home/pei/Project/duckdb-polr/third_party/fast_float -I/home/pei/Project/duckdb-polr/third_party/re2 -I/home/pei/Project/duckdb-polr/third_party/miniz -I/home/pei/Project/duckdb-polr/third_party/utf8proc/include -I/home/pei/Project/duckdb-polr/third_party/miniparquet -I/home/pei/Project/duckdb-polr/third_party/concurrentqueue -I/home/pei/Project/duckdb-polr/third_party/pcg -I/home/pei/Project/duckdb-polr/third_party/tdigest -I/home/pei/Project/duckdb-polr/third_party/mbedtls/include -I/home/pei/Project/duckdb-polr/third_party/jaro_winkler -I/home/pei/Project/duckdb-polr/extension/parquet/include -I/home/pei/Project/duckdb-polr/extension/parquet/../../third_party/parquet -I/home/pei/Project/duckdb-polr/extension/parquet/../../third_party/snappy -I/home/pei/Project/duckdb-polr/extension/parquet/../../third_party/miniz -I/home/pei/Project/duckdb-polr/extension/parquet/../../third_party/thrift -I/home/pei/Project/duckdb-polr/extension/parquet/../../third_party/zstd/include -O3 -DNDEBUG -O3 -DNDEBUG   -fPIC -fdiagnostics-color=always -std=c++11 -MD -MT extension/parquet/CMakeFiles/parquet_loadable_extension.dir/__/__/third_party/zstd/common/entropy_common.cpp.o -MF extension/parquet/CMakeFiles/parquet_loadable_extension.dir/__/__/third_party/zstd/common/entropy_common.cpp.o.d -o extension/parquet/CMakeFiles/parquet_loadable_extension.dir/__/__/third_party/zstd/common/entropy_common.cpp.o -c /home/pei/Project/duckdb-polr/third_party/zstd/common/entropy_common.cpp
[189/376] /usr/bin/ccache /usr/lib/ccache/c++ -DDUCKDB_BUILD_LIBRARY -DDUCKDB_BUILD_LOADABLE_EXTENSION -DENABLE_CROSS_PRODUCT_REWRITE=0 -DENABLE_DEBUG_PRINT=0 -DENABLE_MEASURE_EXE_TIME=0 -DENABLE_MERGE_BACK_PLAN=0 -DENABLE_PARALLEL_EXECUTION=0 -DENABLE_QUERY_SPLIT=0 -DENABLE_SPECIFY_EST_STAT=0 -I/home/pei/Project/duckdb-polr/src/include -I/home/pei/Project/duckdb-polr/third_party/fsst -I/home/pei/Project/duckdb-polr/third_party/fmt/include -I/home/pei/Project/duckdb-polr/third_party/hyperloglog -I/home/pei/Project/duckdb-polr/third_party/fastpforlib -I/home/pei/Project/duckdb-polr/third_party/fast_float -I/home/pei/Project/duckdb-polr/third_party/re2 -I/home/pei/Project/duckdb-polr/third_party/miniz -I/home/pei/Project/duckdb-polr/third_party/utf8proc/include -I/home/pei/Project/duckdb-polr/third_party/miniparquet -I/home/pei/Project/duckdb-polr/third_party/concurrentqueue -I/home/pei/Project/duckdb-polr/third_party/pcg -I/home/pei/Project/duckdb-polr/third_party/tdigest -I/home/pei/Project/duckdb-polr/third_party/mbedtls/include -I/home/pei/Project/duckdb-polr/third_party/jaro_winkler -I/home/pei/Project/duckdb-polr/extension/parquet/include -I/home/pei/Project/duckdb-polr/extension/parquet/../../third_party/parquet -I/home/pei/Project/duckdb-polr/extension/parquet/../../third_party/snappy -I/home/pei/Project/duckdb-polr/extension/parquet/../../third_party/miniz -I/home/pei/Project/duckdb-polr/extension/parquet/../../third_party/thrift -I/home/pei/Project/duckdb-polr/extension/parquet/../../third_party/zstd/include -O3 -DNDEBUG -O3 -DNDEBUG   -fPIC -fdiagnostics-color=always -std=c++11 -MD -MT extension/parquet/CMakeFiles/parquet_loadable_extension.dir/__/__/third_party/zstd/common/fse_decompress.cpp.o -MF extension/parquet/CMakeFiles/parquet_loadable_extension.dir/__/__/third_party/zstd/common/fse_decompress.cpp.o.d -o extension/parquet/CMakeFiles/parquet_loadable_extension.dir/__/__/third_party/zstd/common/fse_decompress.cpp.o -c /home/pei/Project/duckdb-polr/third_party/zstd/common/fse_decompress.cpp
[190/376] /usr/bin/ccache /usr/lib/ccache/c++ -DDUCKDB_BUILD_LIBRARY -DDUCKDB_BUILD_LOADABLE_EXTENSION -DENABLE_CROSS_PRODUCT_REWRITE=0 -DENABLE_DEBUG_PRINT=0 -DENABLE_MEASURE_EXE_TIME=0 -DENABLE_MERGE_BACK_PLAN=0 -DENABLE_PARALLEL_EXECUTION=0 -DENABLE_QUERY_SPLIT=0 -DENABLE_SPECIFY_EST_STAT=0 -I/home/pei/Project/duckdb-polr/src/include -I/home/pei/Project/duckdb-polr/third_party/fsst -I/home/pei/Project/duckdb-polr/third_party/fmt/include -I/home/pei/Project/duckdb-polr/third_party/hyperloglog -I/home/pei/Project/duckdb-polr/third_party/fastpforlib -I/home/pei/Project/duckdb-polr/third_party/fast_float -I/home/pei/Project/duckdb-polr/third_party/re2 -I/home/pei/Project/duckdb-polr/third_party/miniz -I/home/pei/Project/duckdb-polr/third_party/utf8proc/include -I/home/pei/Project/duckdb-polr/third_party/miniparquet -I/home/pei/Project/duckdb-polr/third_party/concurrentqueue -I/home/pei/Project/duckdb-polr/third_party/pcg -I/home/pei/Project/duckdb-polr/third_party/tdigest -I/home/pei/Project/duckdb-polr/third_party/mbedtls/include -I/home/pei/Project/duckdb-polr/third_party/jaro_winkler -I/home/pei/Project/duckdb-polr/extension/parquet/include -I/home/pei/Project/duckdb-polr/extension/parquet/../../third_party/parquet -I/home/pei/Project/duckdb-polr/extension/parquet/../../third_party/snappy -I/home/pei/Project/duckdb-polr/extension/parquet/../../third_party/miniz -I/home/pei/Project/duckdb-polr/extension/parquet/../../third_party/thrift -I/home/pei/Project/duckdb-polr/extension/parquet/../../third_party/zstd/include -O3 -DNDEBUG -O3 -DNDEBUG   -fPIC -fdiagnostics-color=always -std=c++11 -MD -MT extension/parquet/CMakeFiles/parquet_loadable_extension.dir/__/__/third_party/zstd/common/zstd_common.cpp.o -MF extension/parquet/CMakeFiles/parquet_loadable_extension.dir/__/__/third_party/zstd/common/zstd_common.cpp.o.d -o extension/parquet/CMakeFiles/parquet_loadable_extension.dir/__/__/third_party/zstd/common/zstd_common.cpp.o -c /home/pei/Project/duckdb-polr/third_party/zstd/common/zstd_common.cpp
[191/376] /usr/bin/ccache /usr/lib/ccache/c++ -DDUCKDB_BUILD_LIBRARY -DDUCKDB_BUILD_LOADABLE_EXTENSION -DENABLE_CROSS_PRODUCT_REWRITE=0 -DENABLE_DEBUG_PRINT=0 -DENABLE_MEASURE_EXE_TIME=0 -DENABLE_MERGE_BACK_PLAN=0 -DENABLE_PARALLEL_EXECUTION=0 -DENABLE_QUERY_SPLIT=0 -DENABLE_SPECIFY_EST_STAT=0 -I/home/pei/Project/duckdb-polr/src/include -I/home/pei/Project/duckdb-polr/third_party/fsst -I/home/pei/Project/duckdb-polr/third_party/fmt/include -I/home/pei/Project/duckdb-polr/third_party/hyperloglog -I/home/pei/Project/duckdb-polr/third_party/fastpforlib -I/home/pei/Project/duckdb-polr/third_party/fast_float -I/home/pei/Project/duckdb-polr/third_party/re2 -I/home/pei/Project/duckdb-polr/third_party/miniz -I/home/pei/Project/duckdb-polr/third_party/utf8proc/include -I/home/pei/Project/duckdb-polr/third_party/miniparquet -I/home/pei/Project/duckdb-polr/third_party/concurrentqueue -I/home/pei/Project/duckdb-polr/third_party/pcg -I/home/pei/Project/duckdb-polr/third_party/tdigest -I/home/pei/Project/duckdb-polr/third_party/mbedtls/include -I/home/pei/Project/duckdb-polr/third_party/jaro_winkler -I/home/pei/Project/duckdb-polr/extension/parquet/include -I/home/pei/Project/duckdb-polr/extension/parquet/../../third_party/parquet -I/home/pei/Project/duckdb-polr/extension/parquet/../../third_party/snappy -I/home/pei/Project/duckdb-polr/extension/parquet/../../third_party/miniz -I/home/pei/Project/duckdb-polr/extension/parquet/../../third_party/thrift -I/home/pei/Project/duckdb-polr/extension/parquet/../../third_party/zstd/include -O3 -DNDEBUG -O3 -DNDEBUG   -fPIC -fdiagnostics-color=always -std=c++11 -MD -MT extension/parquet/CMakeFiles/parquet_loadable_extension.dir/__/__/third_party/zstd/common/error_private.cpp.o -MF extension/parquet/CMakeFiles/parquet_loadable_extension.dir/__/__/third_party/zstd/common/error_private.cpp.o.d -o extension/parquet/CMakeFiles/parquet_loadable_extension.dir/__/__/third_party/zstd/common/error_private.cpp.o -c /home/pei/Project/duckdb-polr/third_party/zstd/common/error_private.cpp
[192/376] /usr/bin/ccache /usr/lib/ccache/c++ -DDUCKDB_BUILD_LIBRARY -DDUCKDB_BUILD_LOADABLE_EXTENSION -DENABLE_CROSS_PRODUCT_REWRITE=0 -DENABLE_DEBUG_PRINT=0 -DENABLE_MEASURE_EXE_TIME=0 -DENABLE_MERGE_BACK_PLAN=0 -DENABLE_PARALLEL_EXECUTION=0 -DENABLE_QUERY_SPLIT=0 -DENABLE_SPECIFY_EST_STAT=0 -I/home/pei/Project/duckdb-polr/src/include -I/home/pei/Project/duckdb-polr/third_party/fsst -I/home/pei/Project/duckdb-polr/third_party/fmt/include -I/home/pei/Project/duckdb-polr/third_party/hyperloglog -I/home/pei/Project/duckdb-polr/third_party/fastpforlib -I/home/pei/Project/duckdb-polr/third_party/fast_float -I/home/pei/Project/duckdb-polr/third_party/re2 -I/home/pei/Project/duckdb-polr/third_party/miniz -I/home/pei/Project/duckdb-polr/third_party/utf8proc/include -I/home/pei/Project/duckdb-polr/third_party/miniparquet -I/home/pei/Project/duckdb-polr/third_party/concurrentqueue -I/home/pei/Project/duckdb-polr/third_party/pcg -I/home/pei/Project/duckdb-polr/third_party/tdigest -I/home/pei/Project/duckdb-polr/third_party/mbedtls/include -I/home/pei/Project/duckdb-polr/third_party/jaro_winkler -I/home/pei/Project/duckdb-polr/extension/parquet/include -I/home/pei/Project/duckdb-polr/extension/parquet/../../third_party/parquet -I/home/pei/Project/duckdb-polr/extension/parquet/../../third_party/snappy -I/home/pei/Project/duckdb-polr/extension/parquet/../../third_party/miniz -I/home/pei/Project/duckdb-polr/extension/parquet/../../third_party/thrift -I/home/pei/Project/duckdb-polr/extension/parquet/../../third_party/zstd/include -O3 -DNDEBUG -O3 -DNDEBUG   -fPIC -fdiagnostics-color=always -std=c++11 -MD -MT extension/parquet/CMakeFiles/parquet_loadable_extension.dir/__/__/third_party/zstd/common/xxhash.cpp.o -MF extension/parquet/CMakeFiles/parquet_loadable_extension.dir/__/__/third_party/zstd/common/xxhash.cpp.o.d -o extension/parquet/CMakeFiles/parquet_loadable_extension.dir/__/__/third_party/zstd/common/xxhash.cpp.o -c /home/pei/Project/duckdb-polr/third_party/zstd/common/xxhash.cpp
[193/376] /usr/bin/ccache /usr/lib/ccache/c++ -DDUCKDB_BUILD_LIBRARY -DDUCKDB_BUILD_LOADABLE_EXTENSION -DENABLE_CROSS_PRODUCT_REWRITE=0 -DENABLE_DEBUG_PRINT=0 -DENABLE_MEASURE_EXE_TIME=0 -DENABLE_MERGE_BACK_PLAN=0 -DENABLE_PARALLEL_EXECUTION=0 -DENABLE_QUERY_SPLIT=0 -DENABLE_SPECIFY_EST_STAT=0 -I/home/pei/Project/duckdb-polr/src/include -I/home/pei/Project/duckdb-polr/third_party/fsst -I/home/pei/Project/duckdb-polr/third_party/fmt/include -I/home/pei/Project/duckdb-polr/third_party/hyperloglog -I/home/pei/Project/duckdb-polr/third_party/fastpforlib -I/home/pei/Project/duckdb-polr/third_party/fast_float -I/home/pei/Project/duckdb-polr/third_party/re2 -I/home/pei/Project/duckdb-polr/third_party/miniz -I/home/pei/Project/duckdb-polr/third_party/utf8proc/include -I/home/pei/Project/duckdb-polr/third_party/miniparquet -I/home/pei/Project/duckdb-polr/third_party/concurrentqueue -I/home/pei/Project/duckdb-polr/third_party/pcg -I/home/pei/Project/duckdb-polr/third_party/tdigest -I/home/pei/Project/duckdb-polr/third_party/mbedtls/include -I/home/pei/Project/duckdb-polr/third_party/jaro_winkler -I/home/pei/Project/duckdb-polr/extension/parquet/include -I/home/pei/Project/duckdb-polr/extension/parquet/../../third_party/parquet -I/home/pei/Project/duckdb-polr/extension/parquet/../../third_party/snappy -I/home/pei/Project/duckdb-polr/extension/parquet/../../third_party/miniz -I/home/pei/Project/duckdb-polr/extension/parquet/../../third_party/thrift -I/home/pei/Project/duckdb-polr/extension/parquet/../../third_party/zstd/include -O3 -DNDEBUG -O3 -DNDEBUG   -fPIC -fdiagnostics-color=always -std=c++11 -MD -MT extension/parquet/CMakeFiles/parquet_loadable_extension.dir/__/__/third_party/zstd/compress/fse_compress.cpp.o -MF extension/parquet/CMakeFiles/parquet_loadable_extension.dir/__/__/third_party/zstd/compress/fse_compress.cpp.o.d -o extension/parquet/CMakeFiles/parquet_loadable_extension.dir/__/__/third_party/zstd/compress/fse_compress.cpp.o -c /home/pei/Project/duckdb-polr/third_party/zstd/compress/fse_compress.cpp
[194/376] /usr/bin/ccache /usr/lib/ccache/c++ -DDUCKDB_BUILD_LIBRARY -DDUCKDB_BUILD_LOADABLE_EXTENSION -DENABLE_CROSS_PRODUCT_REWRITE=0 -DENABLE_DEBUG_PRINT=0 -DENABLE_MEASURE_EXE_TIME=0 -DENABLE_MERGE_BACK_PLAN=0 -DENABLE_PARALLEL_EXECUTION=0 -DENABLE_QUERY_SPLIT=0 -DENABLE_SPECIFY_EST_STAT=0 -I/home/pei/Project/duckdb-polr/src/include -I/home/pei/Project/duckdb-polr/third_party/fsst -I/home/pei/Project/duckdb-polr/third_party/fmt/include -I/home/pei/Project/duckdb-polr/third_party/hyperloglog -I/home/pei/Project/duckdb-polr/third_party/fastpforlib -I/home/pei/Project/duckdb-polr/third_party/fast_float -I/home/pei/Project/duckdb-polr/third_party/re2 -I/home/pei/Project/duckdb-polr/third_party/miniz -I/home/pei/Project/duckdb-polr/third_party/utf8proc/include -I/home/pei/Project/duckdb-polr/third_party/miniparquet -I/home/pei/Project/duckdb-polr/third_party/concurrentqueue -I/home/pei/Project/duckdb-polr/third_party/pcg -I/home/pei/Project/duckdb-polr/third_party/tdigest -I/home/pei/Project/duckdb-polr/third_party/mbedtls/include -I/home/pei/Project/duckdb-polr/third_party/jaro_winkler -I/home/pei/Project/duckdb-polr/extension/parquet/include -I/home/pei/Project/duckdb-polr/extension/parquet/../../third_party/parquet -I/home/pei/Project/duckdb-polr/extension/parquet/../../third_party/snappy -I/home/pei/Project/duckdb-polr/extension/parquet/../../third_party/miniz -I/home/pei/Project/duckdb-polr/extension/parquet/../../third_party/thrift -I/home/pei/Project/duckdb-polr/extension/parquet/../../third_party/zstd/include -O3 -DNDEBUG -O3 -DNDEBUG   -fPIC -fdiagnostics-color=always -std=c++11 -MD -MT extension/parquet/CMakeFiles/parquet_loadable_extension.dir/__/__/third_party/zstd/compress/hist.cpp.o -MF extension/parquet/CMakeFiles/parquet_loadable_extension.dir/__/__/third_party/zstd/compress/hist.cpp.o.d -o extension/parquet/CMakeFiles/parquet_loadable_extension.dir/__/__/third_party/zstd/compress/hist.cpp.o -c /home/pei/Project/duckdb-polr/third_party/zstd/compress/hist.cpp
[195/376] /usr/bin/ccache /usr/lib/ccache/c++ -DDUCKDB_BUILD_LIBRARY -DDUCKDB_BUILD_LOADABLE_EXTENSION -DENABLE_CROSS_PRODUCT_REWRITE=0 -DENABLE_DEBUG_PRINT=0 -DENABLE_MEASURE_EXE_TIME=0 -DENABLE_MERGE_BACK_PLAN=0 -DENABLE_PARALLEL_EXECUTION=0 -DENABLE_QUERY_SPLIT=0 -DENABLE_SPECIFY_EST_STAT=0 -I/home/pei/Project/duckdb-polr/src/include -I/home/pei/Project/duckdb-polr/third_party/fsst -I/home/pei/Project/duckdb-polr/third_party/fmt/include -I/home/pei/Project/duckdb-polr/third_party/hyperloglog -I/home/pei/Project/duckdb-polr/third_party/fastpforlib -I/home/pei/Project/duckdb-polr/third_party/fast_float -I/home/pei/Project/duckdb-polr/third_party/re2 -I/home/pei/Project/duckdb-polr/third_party/miniz -I/home/pei/Project/duckdb-polr/third_party/utf8proc/include -I/home/pei/Project/duckdb-polr/third_party/miniparquet -I/home/pei/Project/duckdb-polr/third_party/concurrentqueue -I/home/pei/Project/duckdb-polr/third_party/pcg -I/home/pei/Project/duckdb-polr/third_party/tdigest -I/home/pei/Project/duckdb-polr/third_party/mbedtls/include -I/home/pei/Project/duckdb-polr/third_party/jaro_winkler -I/home/pei/Project/duckdb-polr/extension/parquet/include -I/home/pei/Project/duckdb-polr/extension/parquet/../../third_party/parquet -I/home/pei/Project/duckdb-polr/extension/parquet/../../third_party/snappy -I/home/pei/Project/duckdb-polr/extension/parquet/../../third_party/miniz -I/home/pei/Project/duckdb-polr/extension/parquet/../../third_party/thrift -I/home/pei/Project/duckdb-polr/extension/parquet/../../third_party/zstd/include -O3 -DNDEBUG -O3 -DNDEBUG   -fPIC -fdiagnostics-color=always -std=c++11 -MD -MT extension/parquet/CMakeFiles/parquet_loadable_extension.dir/__/__/third_party/zstd/compress/huf_compress.cpp.o -MF extension/parquet/CMakeFiles/parquet_loadable_extension.dir/__/__/third_party/zstd/compress/huf_compress.cpp.o.d -o extension/parquet/CMakeFiles/parquet_loadable_extension.dir/__/__/third_party/zstd/compress/huf_compress.cpp.o -c /home/pei/Project/duckdb-polr/third_party/zstd/compress/huf_compress.cpp
[196/376] /usr/bin/ccache /usr/lib/ccache/c++ -DDUCKDB_BUILD_LIBRARY -DDUCKDB_BUILD_LOADABLE_EXTENSION -DENABLE_CROSS_PRODUCT_REWRITE=0 -DENABLE_DEBUG_PRINT=0 -DENABLE_MEASURE_EXE_TIME=0 -DENABLE_MERGE_BACK_PLAN=0 -DENABLE_PARALLEL_EXECUTION=0 -DENABLE_QUERY_SPLIT=0 -DENABLE_SPECIFY_EST_STAT=0 -I/home/pei/Project/duckdb-polr/src/include -I/home/pei/Project/duckdb-polr/third_party/fsst -I/home/pei/Project/duckdb-polr/third_party/fmt/include -I/home/pei/Project/duckdb-polr/third_party/hyperloglog -I/home/pei/Project/duckdb-polr/third_party/fastpforlib -I/home/pei/Project/duckdb-polr/third_party/fast_float -I/home/pei/Project/duckdb-polr/third_party/re2 -I/home/pei/Project/duckdb-polr/third_party/miniz -I/home/pei/Project/duckdb-polr/third_party/utf8proc/include -I/home/pei/Project/duckdb-polr/third_party/miniparquet -I/home/pei/Project/duckdb-polr/third_party/concurrentqueue -I/home/pei/Project/duckdb-polr/third_party/pcg -I/home/pei/Project/duckdb-polr/third_party/tdigest -I/home/pei/Project/duckdb-polr/third_party/mbedtls/include -I/home/pei/Project/duckdb-polr/third_party/jaro_winkler -I/home/pei/Project/duckdb-polr/extension/parquet/include -I/home/pei/Project/duckdb-polr/extension/parquet/../../third_party/parquet -I/home/pei/Project/duckdb-polr/extension/parquet/../../third_party/snappy -I/home/pei/Project/duckdb-polr/extension/parquet/../../third_party/miniz -I/home/pei/Project/duckdb-polr/extension/parquet/../../third_party/thrift -I/home/pei/Project/duckdb-polr/extension/parquet/../../third_party/zstd/include -O3 -DNDEBUG -O3 -DNDEBUG   -fPIC -fdiagnostics-color=always -std=c++11 -MD -MT extension/parquet/CMakeFiles/parquet_loadable_extension.dir/__/__/third_party/zstd/compress/zstd_compress.cpp.o -MF extension/parquet/CMakeFiles/parquet_loadable_extension.dir/__/__/third_party/zstd/compress/zstd_compress.cpp.o.d -o extension/parquet/CMakeFiles/parquet_loadable_extension.dir/__/__/third_party/zstd/compress/zstd_compress.cpp.o -c /home/pei/Project/duckdb-polr/third_party/zstd/compress/zstd_compress.cpp
[197/376] /usr/bin/ccache /usr/lib/ccache/c++ -DDUCKDB_BUILD_LIBRARY -DDUCKDB_BUILD_LOADABLE_EXTENSION -DENABLE_CROSS_PRODUCT_REWRITE=0 -DENABLE_DEBUG_PRINT=0 -DENABLE_MEASURE_EXE_TIME=0 -DENABLE_MERGE_BACK_PLAN=0 -DENABLE_PARALLEL_EXECUTION=0 -DENABLE_QUERY_SPLIT=0 -DENABLE_SPECIFY_EST_STAT=0 -I/home/pei/Project/duckdb-polr/src/include -I/home/pei/Project/duckdb-polr/third_party/fsst -I/home/pei/Project/duckdb-polr/third_party/fmt/include -I/home/pei/Project/duckdb-polr/third_party/hyperloglog -I/home/pei/Project/duckdb-polr/third_party/fastpforlib -I/home/pei/Project/duckdb-polr/third_party/fast_float -I/home/pei/Project/duckdb-polr/third_party/re2 -I/home/pei/Project/duckdb-polr/third_party/miniz -I/home/pei/Project/duckdb-polr/third_party/utf8proc/include -I/home/pei/Project/duckdb-polr/third_party/miniparquet -I/home/pei/Project/duckdb-polr/third_party/concurrentqueue -I/home/pei/Project/duckdb-polr/third_party/pcg -I/home/pei/Project/duckdb-polr/third_party/tdigest -I/home/pei/Project/duckdb-polr/third_party/mbedtls/include -I/home/pei/Project/duckdb-polr/third_party/jaro_winkler -I/home/pei/Project/duckdb-polr/extension/parquet/include -I/home/pei/Project/duckdb-polr/extension/parquet/../../third_party/parquet -I/home/pei/Project/duckdb-polr/extension/parquet/../../third_party/snappy -I/home/pei/Project/duckdb-polr/extension/parquet/../../third_party/miniz -I/home/pei/Project/duckdb-polr/extension/parquet/../../third_party/thrift -I/home/pei/Project/duckdb-polr/extension/parquet/../../third_party/zstd/include -O3 -DNDEBUG -O3 -DNDEBUG   -fPIC -fdiagnostics-color=always -std=c++11 -MD -MT extension/parquet/CMakeFiles/parquet_loadable_extension.dir/__/__/third_party/zstd/compress/zstd_compress_literals.cpp.o -MF extension/parquet/CMakeFiles/parquet_loadable_extension.dir/__/__/third_party/zstd/compress/zstd_compress_literals.cpp.o.d -o extension/parquet/CMakeFiles/parquet_loadable_extension.dir/__/__/third_party/zstd/compress/zstd_compress_literals.cpp.o -c /home/pei/Project/duckdb-polr/third_party/zstd/compress/zstd_compress_literals.cpp
[198/376] /usr/bin/ccache /usr/lib/ccache/c++ -DDUCKDB_BUILD_LIBRARY -DDUCKDB_BUILD_LOADABLE_EXTENSION -DENABLE_CROSS_PRODUCT_REWRITE=0 -DENABLE_DEBUG_PRINT=0 -DENABLE_MEASURE_EXE_TIME=0 -DENABLE_MERGE_BACK_PLAN=0 -DENABLE_PARALLEL_EXECUTION=0 -DENABLE_QUERY_SPLIT=0 -DENABLE_SPECIFY_EST_STAT=0 -I/home/pei/Project/duckdb-polr/src/include -I/home/pei/Project/duckdb-polr/third_party/fsst -I/home/pei/Project/duckdb-polr/third_party/fmt/include -I/home/pei/Project/duckdb-polr/third_party/hyperloglog -I/home/pei/Project/duckdb-polr/third_party/fastpforlib -I/home/pei/Project/duckdb-polr/third_party/fast_float -I/home/pei/Project/duckdb-polr/third_party/re2 -I/home/pei/Project/duckdb-polr/third_party/miniz -I/home/pei/Project/duckdb-polr/third_party/utf8proc/include -I/home/pei/Project/duckdb-polr/third_party/miniparquet -I/home/pei/Project/duckdb-polr/third_party/concurrentqueue -I/home/pei/Project/duckdb-polr/third_party/pcg -I/home/pei/Project/duckdb-polr/third_party/tdigest -I/home/pei/Project/duckdb-polr/third_party/mbedtls/include -I/home/pei/Project/duckdb-polr/third_party/jaro_winkler -I/home/pei/Project/duckdb-polr/extension/parquet/include -I/home/pei/Project/duckdb-polr/extension/parquet/../../third_party/parquet -I/home/pei/Project/duckdb-polr/extension/parquet/../../third_party/snappy -I/home/pei/Project/duckdb-polr/extension/parquet/../../third_party/miniz -I/home/pei/Project/duckdb-polr/extension/parquet/../../third_party/thrift -I/home/pei/Project/duckdb-polr/extension/parquet/../../third_party/zstd/include -O3 -DNDEBUG -O3 -DNDEBUG   -fPIC -fdiagnostics-color=always -std=c++11 -MD -MT extension/parquet/CMakeFiles/parquet_loadable_extension.dir/__/__/third_party/zstd/compress/zstd_compress_sequences.cpp.o -MF extension/parquet/CMakeFiles/parquet_loadable_extension.dir/__/__/third_party/zstd/compress/zstd_compress_sequences.cpp.o.d -o extension/parquet/CMakeFiles/parquet_loadable_extension.dir/__/__/third_party/zstd/compress/zstd_compress_sequences.cpp.o -c /home/pei/Project/duckdb-polr/third_party/zstd/compress/zstd_compress_sequences.cpp
[199/376] /usr/bin/ccache /usr/lib/ccache/c++ -DDUCKDB_BUILD_LIBRARY -DDUCKDB_BUILD_LOADABLE_EXTENSION -DENABLE_CROSS_PRODUCT_REWRITE=0 -DENABLE_DEBUG_PRINT=0 -DENABLE_MEASURE_EXE_TIME=0 -DENABLE_MERGE_BACK_PLAN=0 -DENABLE_PARALLEL_EXECUTION=0 -DENABLE_QUERY_SPLIT=0 -DENABLE_SPECIFY_EST_STAT=0 -I/home/pei/Project/duckdb-polr/src/include -I/home/pei/Project/duckdb-polr/third_party/fsst -I/home/pei/Project/duckdb-polr/third_party/fmt/include -I/home/pei/Project/duckdb-polr/third_party/hyperloglog -I/home/pei/Project/duckdb-polr/third_party/fastpforlib -I/home/pei/Project/duckdb-polr/third_party/fast_float -I/home/pei/Project/duckdb-polr/third_party/re2 -I/home/pei/Project/duckdb-polr/third_party/miniz -I/home/pei/Project/duckdb-polr/third_party/utf8proc/include -I/home/pei/Project/duckdb-polr/third_party/miniparquet -I/home/pei/Project/duckdb-polr/third_party/concurrentqueue -I/home/pei/Project/duckdb-polr/third_party/pcg -I/home/pei/Project/duckdb-polr/third_party/tdigest -I/home/pei/Project/duckdb-polr/third_party/mbedtls/include -I/home/pei/Project/duckdb-polr/third_party/jaro_winkler -I/home/pei/Project/duckdb-polr/extension/parquet/include -I/home/pei/Project/duckdb-polr/extension/parquet/../../third_party/parquet -I/home/pei/Project/duckdb-polr/extension/parquet/../../third_party/snappy -I/home/pei/Project/duckdb-polr/extension/parquet/../../third_party/miniz -I/home/pei/Project/duckdb-polr/extension/parquet/../../third_party/thrift -I/home/pei/Project/duckdb-polr/extension/parquet/../../third_party/zstd/include -O3 -DNDEBUG -O3 -DNDEBUG   -fPIC -fdiagnostics-color=always -std=c++11 -MD -MT extension/parquet/CMakeFiles/parquet_loadable_extension.dir/__/__/third_party/zstd/compress/zstd_compress_superblock.cpp.o -MF extension/parquet/CMakeFiles/parquet_loadable_extension.dir/__/__/third_party/zstd/compress/zstd_compress_superblock.cpp.o.d -o extension/parquet/CMakeFiles/parquet_loadable_extension.dir/__/__/third_party/zstd/compress/zstd_compress_superblock.cpp.o -c /home/pei/Project/duckdb-polr/third_party/zstd/compress/zstd_compress_superblock.cpp
[200/376] /usr/bin/ccache /usr/lib/ccache/c++ -DDUCKDB_BUILD_LIBRARY -DDUCKDB_BUILD_LOADABLE_EXTENSION -DENABLE_CROSS_PRODUCT_REWRITE=0 -DENABLE_DEBUG_PRINT=0 -DENABLE_MEASURE_EXE_TIME=0 -DENABLE_MERGE_BACK_PLAN=0 -DENABLE_PARALLEL_EXECUTION=0 -DENABLE_QUERY_SPLIT=0 -DENABLE_SPECIFY_EST_STAT=0 -I/home/pei/Project/duckdb-polr/src/include -I/home/pei/Project/duckdb-polr/third_party/fsst -I/home/pei/Project/duckdb-polr/third_party/fmt/include -I/home/pei/Project/duckdb-polr/third_party/hyperloglog -I/home/pei/Project/duckdb-polr/third_party/fastpforlib -I/home/pei/Project/duckdb-polr/third_party/fast_float -I/home/pei/Project/duckdb-polr/third_party/re2 -I/home/pei/Project/duckdb-polr/third_party/miniz -I/home/pei/Project/duckdb-polr/third_party/utf8proc/include -I/home/pei/Project/duckdb-polr/third_party/miniparquet -I/home/pei/Project/duckdb-polr/third_party/concurrentqueue -I/home/pei/Project/duckdb-polr/third_party/pcg -I/home/pei/Project/duckdb-polr/third_party/tdigest -I/home/pei/Project/duckdb-polr/third_party/mbedtls/include -I/home/pei/Project/duckdb-polr/third_party/jaro_winkler -I/home/pei/Project/duckdb-polr/extension/parquet/include -I/home/pei/Project/duckdb-polr/extension/parquet/../../third_party/parquet -I/home/pei/Project/duckdb-polr/extension/parquet/../../third_party/snappy -I/home/pei/Project/duckdb-polr/extension/parquet/../../third_party/miniz -I/home/pei/Project/duckdb-polr/extension/parquet/../../third_party/thrift -I/home/pei/Project/duckdb-polr/extension/parquet/../../third_party/zstd/include -O3 -DNDEBUG -O3 -DNDEBUG   -fPIC -fdiagnostics-color=always -std=c++11 -MD -MT extension/parquet/CMakeFiles/parquet_loadable_extension.dir/__/__/third_party/zstd/compress/zstd_double_fast.cpp.o -MF extension/parquet/CMakeFiles/parquet_loadable_extension.dir/__/__/third_party/zstd/compress/zstd_double_fast.cpp.o.d -o extension/parquet/CMakeFiles/parquet_loadable_extension.dir/__/__/third_party/zstd/compress/zstd_double_fast.cpp.o -c /home/pei/Project/duckdb-polr/third_party/zstd/compress/zstd_double_fast.cpp
[201/376] /usr/bin/ccache /usr/lib/ccache/c++ -DDUCKDB_BUILD_LIBRARY -DDUCKDB_BUILD_LOADABLE_EXTENSION -DENABLE_CROSS_PRODUCT_REWRITE=0 -DENABLE_DEBUG_PRINT=0 -DENABLE_MEASURE_EXE_TIME=0 -DENABLE_MERGE_BACK_PLAN=0 -DENABLE_PARALLEL_EXECUTION=0 -DENABLE_QUERY_SPLIT=0 -DENABLE_SPECIFY_EST_STAT=0 -I/home/pei/Project/duckdb-polr/src/include -I/home/pei/Project/duckdb-polr/third_party/fsst -I/home/pei/Project/duckdb-polr/third_party/fmt/include -I/home/pei/Project/duckdb-polr/third_party/hyperloglog -I/home/pei/Project/duckdb-polr/third_party/fastpforlib -I/home/pei/Project/duckdb-polr/third_party/fast_float -I/home/pei/Project/duckdb-polr/third_party/re2 -I/home/pei/Project/duckdb-polr/third_party/miniz -I/home/pei/Project/duckdb-polr/third_party/utf8proc/include -I/home/pei/Project/duckdb-polr/third_party/miniparquet -I/home/pei/Project/duckdb-polr/third_party/concurrentqueue -I/home/pei/Project/duckdb-polr/third_party/pcg -I/home/pei/Project/duckdb-polr/third_party/tdigest -I/home/pei/Project/duckdb-polr/third_party/mbedtls/include -I/home/pei/Project/duckdb-polr/third_party/jaro_winkler -I/home/pei/Project/duckdb-polr/extension/parquet/include -I/home/pei/Project/duckdb-polr/extension/parquet/../../third_party/parquet -I/home/pei/Project/duckdb-polr/extension/parquet/../../third_party/snappy -I/home/pei/Project/duckdb-polr/extension/parquet/../../third_party/miniz -I/home/pei/Project/duckdb-polr/extension/parquet/../../third_party/thrift -I/home/pei/Project/duckdb-polr/extension/parquet/../../third_party/zstd/include -O3 -DNDEBUG -O3 -DNDEBUG   -fPIC -fdiagnostics-color=always -std=c++11 -MD -MT extension/parquet/CMakeFiles/parquet_loadable_extension.dir/__/__/third_party/zstd/compress/zstd_fast.cpp.o -MF extension/parquet/CMakeFiles/parquet_loadable_extension.dir/__/__/third_party/zstd/compress/zstd_fast.cpp.o.d -o extension/parquet/CMakeFiles/parquet_loadable_extension.dir/__/__/third_party/zstd/compress/zstd_fast.cpp.o -c /home/pei/Project/duckdb-polr/third_party/zstd/compress/zstd_fast.cpp
[202/376] /usr/bin/ccache /usr/lib/ccache/c++ -DDUCKDB_BUILD_LIBRARY -DDUCKDB_BUILD_LOADABLE_EXTENSION -DENABLE_CROSS_PRODUCT_REWRITE=0 -DENABLE_DEBUG_PRINT=0 -DENABLE_MEASURE_EXE_TIME=0 -DENABLE_MERGE_BACK_PLAN=0 -DENABLE_PARALLEL_EXECUTION=0 -DENABLE_QUERY_SPLIT=0 -DENABLE_SPECIFY_EST_STAT=0 -I/home/pei/Project/duckdb-polr/src/include -I/home/pei/Project/duckdb-polr/third_party/fsst -I/home/pei/Project/duckdb-polr/third_party/fmt/include -I/home/pei/Project/duckdb-polr/third_party/hyperloglog -I/home/pei/Project/duckdb-polr/third_party/fastpforlib -I/home/pei/Project/duckdb-polr/third_party/fast_float -I/home/pei/Project/duckdb-polr/third_party/re2 -I/home/pei/Project/duckdb-polr/third_party/miniz -I/home/pei/Project/duckdb-polr/third_party/utf8proc/include -I/home/pei/Project/duckdb-polr/third_party/miniparquet -I/home/pei/Project/duckdb-polr/third_party/concurrentqueue -I/home/pei/Project/duckdb-polr/third_party/pcg -I/home/pei/Project/duckdb-polr/third_party/tdigest -I/home/pei/Project/duckdb-polr/third_party/mbedtls/include -I/home/pei/Project/duckdb-polr/third_party/jaro_winkler -I/home/pei/Project/duckdb-polr/extension/parquet/include -I/home/pei/Project/duckdb-polr/extension/parquet/../../third_party/parquet -I/home/pei/Project/duckdb-polr/extension/parquet/../../third_party/snappy -I/home/pei/Project/duckdb-polr/extension/parquet/../../third_party/miniz -I/home/pei/Project/duckdb-polr/extension/parquet/../../third_party/thrift -I/home/pei/Project/duckdb-polr/extension/parquet/../../third_party/zstd/include -O3 -DNDEBUG -O3 -DNDEBUG   -fPIC -fdiagnostics-color=always -std=c++11 -MD -MT extension/parquet/CMakeFiles/parquet_loadable_extension.dir/__/__/third_party/zstd/compress/zstd_lazy.cpp.o -MF extension/parquet/CMakeFiles/parquet_loadable_extension.dir/__/__/third_party/zstd/compress/zstd_lazy.cpp.o.d -o extension/parquet/CMakeFiles/parquet_loadable_extension.dir/__/__/third_party/zstd/compress/zstd_lazy.cpp.o -c /home/pei/Project/duckdb-polr/third_party/zstd/compress/zstd_lazy.cpp
[203/376] /usr/bin/ccache /usr/lib/ccache/c++ -DDUCKDB_BUILD_LIBRARY -DDUCKDB_BUILD_LOADABLE_EXTENSION -DENABLE_CROSS_PRODUCT_REWRITE=0 -DENABLE_DEBUG_PRINT=0 -DENABLE_MEASURE_EXE_TIME=0 -DENABLE_MERGE_BACK_PLAN=0 -DENABLE_PARALLEL_EXECUTION=0 -DENABLE_QUERY_SPLIT=0 -DENABLE_SPECIFY_EST_STAT=0 -I/home/pei/Project/duckdb-polr/src/include -I/home/pei/Project/duckdb-polr/third_party/fsst -I/home/pei/Project/duckdb-polr/third_party/fmt/include -I/home/pei/Project/duckdb-polr/third_party/hyperloglog -I/home/pei/Project/duckdb-polr/third_party/fastpforlib -I/home/pei/Project/duckdb-polr/third_party/fast_float -I/home/pei/Project/duckdb-polr/third_party/re2 -I/home/pei/Project/duckdb-polr/third_party/miniz -I/home/pei/Project/duckdb-polr/third_party/utf8proc/include -I/home/pei/Project/duckdb-polr/third_party/miniparquet -I/home/pei/Project/duckdb-polr/third_party/concurrentqueue -I/home/pei/Project/duckdb-polr/third_party/pcg -I/home/pei/Project/duckdb-polr/third_party/tdigest -I/home/pei/Project/duckdb-polr/third_party/mbedtls/include -I/home/pei/Project/duckdb-polr/third_party/jaro_winkler -I/home/pei/Project/duckdb-polr/extension/parquet/include -I/home/pei/Project/duckdb-polr/extension/parquet/../../third_party/parquet -I/home/pei/Project/duckdb-polr/extension/parquet/../../third_party/snappy -I/home/pei/Project/duckdb-polr/extension/parquet/../../third_party/miniz -I/home/pei/Project/duckdb-polr/extension/parquet/../../third_party/thrift -I/home/pei/Project/duckdb-polr/extension/parquet/../../third_party/zstd/include -O3 -DNDEBUG -O3 -DNDEBUG   -fPIC -fdiagnostics-color=always -std=c++11 -MD -MT extension/parquet/CMakeFiles/parquet_loadable_extension.dir/__/__/third_party/zstd/compress/zstd_ldm.cpp.o -MF extension/parquet/CMakeFiles/parquet_loadable_extension.dir/__/__/third_party/zstd/compress/zstd_ldm.cpp.o.d -o extension/parquet/CMakeFiles/parquet_loadable_extension.dir/__/__/third_party/zstd/compress/zstd_ldm.cpp.o -c /home/pei/Project/duckdb-polr/third_party/zstd/compress/zstd_ldm.cpp
[204/376] /usr/bin/ccache /usr/lib/ccache/c++ -DDUCKDB_BUILD_LIBRARY -DDUCKDB_BUILD_LOADABLE_EXTENSION -DENABLE_CROSS_PRODUCT_REWRITE=0 -DENABLE_DEBUG_PRINT=0 -DENABLE_MEASURE_EXE_TIME=0 -DENABLE_MERGE_BACK_PLAN=0 -DENABLE_PARALLEL_EXECUTION=0 -DENABLE_QUERY_SPLIT=0 -DENABLE_SPECIFY_EST_STAT=0 -I/home/pei/Project/duckdb-polr/src/include -I/home/pei/Project/duckdb-polr/third_party/fsst -I/home/pei/Project/duckdb-polr/third_party/fmt/include -I/home/pei/Project/duckdb-polr/third_party/hyperloglog -I/home/pei/Project/duckdb-polr/third_party/fastpforlib -I/home/pei/Project/duckdb-polr/third_party/fast_float -I/home/pei/Project/duckdb-polr/third_party/re2 -I/home/pei/Project/duckdb-polr/third_party/miniz -I/home/pei/Project/duckdb-polr/third_party/utf8proc/include -I/home/pei/Project/duckdb-polr/third_party/miniparquet -I/home/pei/Project/duckdb-polr/third_party/concurrentqueue -I/home/pei/Project/duckdb-polr/third_party/pcg -I/home/pei/Project/duckdb-polr/third_party/tdigest -I/home/pei/Project/duckdb-polr/third_party/mbedtls/include -I/home/pei/Project/duckdb-polr/third_party/jaro_winkler -I/home/pei/Project/duckdb-polr/extension/parquet/include -I/home/pei/Project/duckdb-polr/extension/parquet/../../third_party/parquet -I/home/pei/Project/duckdb-polr/extension/parquet/../../third_party/snappy -I/home/pei/Project/duckdb-polr/extension/parquet/../../third_party/miniz -I/home/pei/Project/duckdb-polr/extension/parquet/../../third_party/thrift -I/home/pei/Project/duckdb-polr/extension/parquet/../../third_party/zstd/include -O3 -DNDEBUG -O3 -DNDEBUG   -fPIC -fdiagnostics-color=always -std=c++11 -MD -MT extension/parquet/CMakeFiles/parquet_loadable_extension.dir/__/__/third_party/zstd/compress/zstd_opt.cpp.o -MF extension/parquet/CMakeFiles/parquet_loadable_extension.dir/__/__/third_party/zstd/compress/zstd_opt.cpp.o.d -o extension/parquet/CMakeFiles/parquet_loadable_extension.dir/__/__/third_party/zstd/compress/zstd_opt.cpp.o -c /home/pei/Project/duckdb-polr/third_party/zstd/compress/zstd_opt.cpp
[205/376] /usr/bin/ccache /usr/lib/ccache/c++ -DDUCKDB_BUILD_LIBRARY -DENABLE_CROSS_PRODUCT_REWRITE=0 -DENABLE_DEBUG_PRINT=0 -DENABLE_MEASURE_EXE_TIME=0 -DENABLE_MERGE_BACK_PLAN=0 -DENABLE_PARALLEL_EXECUTION=0 -DENABLE_QUERY_SPLIT=0 -DENABLE_SPECIFY_EST_STAT=0 -DJEMALLOC_NO_PRIVATE_NAMESPACE -DJEMALLOC_NO_RENAME -I/home/pei/Project/duckdb-polr/src/include -I/home/pei/Project/duckdb-polr/third_party/fsst -I/home/pei/Project/duckdb-polr/third_party/fmt/include -I/home/pei/Project/duckdb-polr/third_party/hyperloglog -I/home/pei/Project/duckdb-polr/third_party/fastpforlib -I/home/pei/Project/duckdb-polr/third_party/fast_float -I/home/pei/Project/duckdb-polr/third_party/re2 -I/home/pei/Project/duckdb-polr/third_party/miniz -I/home/pei/Project/duckdb-polr/third_party/utf8proc/include -I/home/pei/Project/duckdb-polr/third_party/miniparquet -I/home/pei/Project/duckdb-polr/third_party/concurrentqueue -I/home/pei/Project/duckdb-polr/third_party/pcg -I/home/pei/Project/duckdb-polr/third_party/tdigest -I/home/pei/Project/duckdb-polr/third_party/mbedtls/include -I/home/pei/Project/duckdb-polr/third_party/jaro_winkler -I/home/pei/Project/duckdb-polr/extension/jemalloc/include -I/home/pei/Project/duckdb-polr/extension/jemalloc/jemalloc/include -O3 -DNDEBUG -O3 -DNDEBUG   -fPIC -fdiagnostics-color=always -w -std=c++11 -MD -MT extension/jemalloc/jemalloc/CMakeFiles/jemalloc.dir/src/arena.cpp.o -MF extension/jemalloc/jemalloc/CMakeFiles/jemalloc.dir/src/arena.cpp.o.d -o extension/jemalloc/jemalloc/CMakeFiles/jemalloc.dir/src/arena.cpp.o -c /home/pei/Project/duckdb-polr/extension/jemalloc/jemalloc/src/arena.cpp
[206/376] /usr/bin/ccache /usr/lib/ccache/c++ -DDUCKDB_BUILD_LIBRARY -DENABLE_CROSS_PRODUCT_REWRITE=0 -DENABLE_DEBUG_PRINT=0 -DENABLE_MEASURE_EXE_TIME=0 -DENABLE_MERGE_BACK_PLAN=0 -DENABLE_PARALLEL_EXECUTION=0 -DENABLE_QUERY_SPLIT=0 -DENABLE_SPECIFY_EST_STAT=0 -DJEMALLOC_NO_PRIVATE_NAMESPACE -DJEMALLOC_NO_RENAME -I/home/pei/Project/duckdb-polr/src/include -I/home/pei/Project/duckdb-polr/third_party/fsst -I/home/pei/Project/duckdb-polr/third_party/fmt/include -I/home/pei/Project/duckdb-polr/third_party/hyperloglog -I/home/pei/Project/duckdb-polr/third_party/fastpforlib -I/home/pei/Project/duckdb-polr/third_party/fast_float -I/home/pei/Project/duckdb-polr/third_party/re2 -I/home/pei/Project/duckdb-polr/third_party/miniz -I/home/pei/Project/duckdb-polr/third_party/utf8proc/include -I/home/pei/Project/duckdb-polr/third_party/miniparquet -I/home/pei/Project/duckdb-polr/third_party/concurrentqueue -I/home/pei/Project/duckdb-polr/third_party/pcg -I/home/pei/Project/duckdb-polr/third_party/tdigest -I/home/pei/Project/duckdb-polr/third_party/mbedtls/include -I/home/pei/Project/duckdb-polr/third_party/jaro_winkler -I/home/pei/Project/duckdb-polr/extension/jemalloc/include -I/home/pei/Project/duckdb-polr/extension/jemalloc/jemalloc/include -O3 -DNDEBUG -O3 -DNDEBUG   -fPIC -fdiagnostics-color=always -w -std=c++11 -MD -MT extension/jemalloc/jemalloc/CMakeFiles/jemalloc.dir/src/background_thread.cpp.o -MF extension/jemalloc/jemalloc/CMakeFiles/jemalloc.dir/src/background_thread.cpp.o.d -o extension/jemalloc/jemalloc/CMakeFiles/jemalloc.dir/src/background_thread.cpp.o -c /home/pei/Project/duckdb-polr/extension/jemalloc/jemalloc/src/background_thread.cpp
[207/376] /usr/bin/ccache /usr/lib/ccache/c++ -DDUCKDB_BUILD_LIBRARY -DENABLE_CROSS_PRODUCT_REWRITE=0 -DENABLE_DEBUG_PRINT=0 -DENABLE_MEASURE_EXE_TIME=0 -DENABLE_MERGE_BACK_PLAN=0 -DENABLE_PARALLEL_EXECUTION=0 -DENABLE_QUERY_SPLIT=0 -DENABLE_SPECIFY_EST_STAT=0 -DJEMALLOC_NO_PRIVATE_NAMESPACE -DJEMALLOC_NO_RENAME -I/home/pei/Project/duckdb-polr/src/include -I/home/pei/Project/duckdb-polr/third_party/fsst -I/home/pei/Project/duckdb-polr/third_party/fmt/include -I/home/pei/Project/duckdb-polr/third_party/hyperloglog -I/home/pei/Project/duckdb-polr/third_party/fastpforlib -I/home/pei/Project/duckdb-polr/third_party/fast_float -I/home/pei/Project/duckdb-polr/third_party/re2 -I/home/pei/Project/duckdb-polr/third_party/miniz -I/home/pei/Project/duckdb-polr/third_party/utf8proc/include -I/home/pei/Project/duckdb-polr/third_party/miniparquet -I/home/pei/Project/duckdb-polr/third_party/concurrentqueue -I/home/pei/Project/duckdb-polr/third_party/pcg -I/home/pei/Project/duckdb-polr/third_party/tdigest -I/home/pei/Project/duckdb-polr/third_party/mbedtls/include -I/home/pei/Project/duckdb-polr/third_party/jaro_winkler -I/home/pei/Project/duckdb-polr/extension/jemalloc/include -I/home/pei/Project/duckdb-polr/extension/jemalloc/jemalloc/include -O3 -DNDEBUG -O3 -DNDEBUG   -fPIC -fdiagnostics-color=always -w -std=c++11 -MD -MT extension/jemalloc/jemalloc/CMakeFiles/jemalloc.dir/src/base.cpp.o -MF extension/jemalloc/jemalloc/CMakeFiles/jemalloc.dir/src/base.cpp.o.d -o extension/jemalloc/jemalloc/CMakeFiles/jemalloc.dir/src/base.cpp.o -c /home/pei/Project/duckdb-polr/extension/jemalloc/jemalloc/src/base.cpp
[208/376] /usr/bin/ccache /usr/lib/ccache/c++ -DDUCKDB_BUILD_LIBRARY -DENABLE_CROSS_PRODUCT_REWRITE=0 -DENABLE_DEBUG_PRINT=0 -DENABLE_MEASURE_EXE_TIME=0 -DENABLE_MERGE_BACK_PLAN=0 -DENABLE_PARALLEL_EXECUTION=0 -DENABLE_QUERY_SPLIT=0 -DENABLE_SPECIFY_EST_STAT=0 -DJEMALLOC_NO_PRIVATE_NAMESPACE -DJEMALLOC_NO_RENAME -I/home/pei/Project/duckdb-polr/src/include -I/home/pei/Project/duckdb-polr/third_party/fsst -I/home/pei/Project/duckdb-polr/third_party/fmt/include -I/home/pei/Project/duckdb-polr/third_party/hyperloglog -I/home/pei/Project/duckdb-polr/third_party/fastpforlib -I/home/pei/Project/duckdb-polr/third_party/fast_float -I/home/pei/Project/duckdb-polr/third_party/re2 -I/home/pei/Project/duckdb-polr/third_party/miniz -I/home/pei/Project/duckdb-polr/third_party/utf8proc/include -I/home/pei/Project/duckdb-polr/third_party/miniparquet -I/home/pei/Project/duckdb-polr/third_party/concurrentqueue -I/home/pei/Project/duckdb-polr/third_party/pcg -I/home/pei/Project/duckdb-polr/third_party/tdigest -I/home/pei/Project/duckdb-polr/third_party/mbedtls/include -I/home/pei/Project/duckdb-polr/third_party/jaro_winkler -I/home/pei/Project/duckdb-polr/extension/jemalloc/include -I/home/pei/Project/duckdb-polr/extension/jemalloc/jemalloc/include -O3 -DNDEBUG -O3 -DNDEBUG   -fPIC -fdiagnostics-color=always -w -std=c++11 -MD -MT extension/jemalloc/jemalloc/CMakeFiles/jemalloc.dir/src/bitmap.cpp.o -MF extension/jemalloc/jemalloc/CMakeFiles/jemalloc.dir/src/bitmap.cpp.o.d -o extension/jemalloc/jemalloc/CMakeFiles/jemalloc.dir/src/bitmap.cpp.o -c /home/pei/Project/duckdb-polr/extension/jemalloc/jemalloc/src/bitmap.cpp
[209/376] /usr/bin/ccache /usr/lib/ccache/c++ -DDUCKDB_BUILD_LIBRARY -DENABLE_CROSS_PRODUCT_REWRITE=0 -DENABLE_DEBUG_PRINT=0 -DENABLE_MEASURE_EXE_TIME=0 -DENABLE_MERGE_BACK_PLAN=0 -DENABLE_PARALLEL_EXECUTION=0 -DENABLE_QUERY_SPLIT=0 -DENABLE_SPECIFY_EST_STAT=0 -I/home/pei/Project/duckdb-polr/src/include -I/home/pei/Project/duckdb-polr/third_party/fsst -I/home/pei/Project/duckdb-polr/third_party/fmt/include -I/home/pei/Project/duckdb-polr/third_party/hyperloglog -I/home/pei/Project/duckdb-polr/third_party/fastpforlib -I/home/pei/Project/duckdb-polr/third_party/fast_float -I/home/pei/Project/duckdb-polr/third_party/re2 -I/home/pei/Project/duckdb-polr/third_party/miniz -I/home/pei/Project/duckdb-polr/third_party/utf8proc/include -I/home/pei/Project/duckdb-polr/third_party/miniparquet -I/home/pei/Project/duckdb-polr/third_party/concurrentqueue -I/home/pei/Project/duckdb-polr/third_party/pcg -I/home/pei/Project/duckdb-polr/third_party/tdigest -I/home/pei/Project/duckdb-polr/third_party/mbedtls/include -I/home/pei/Project/duckdb-polr/third_party/jaro_winkler -I/home/pei/Project/duckdb-polr/extension/parquet/include -I/home/pei/Project/duckdb-polr/extension/parquet/../../third_party/parquet -I/home/pei/Project/duckdb-polr/extension/parquet/../../third_party/snappy -I/home/pei/Project/duckdb-polr/extension/parquet/../../third_party/miniz -I/home/pei/Project/duckdb-polr/extension/parquet/../../third_party/thrift -I/home/pei/Project/duckdb-polr/extension/parquet/../../third_party/zstd/include -I/home/pei/Project/duckdb-polr/third_party/libpg_query/include -O3 -DNDEBUG -O3 -DNDEBUG   -fPIE -fdiagnostics-color=always -std=c++11 -MD -MT extension/parquet/CMakeFiles/parquetcli.dir/parquetcli.cpp.o -MF extension/parquet/CMakeFiles/parquetcli.dir/parquetcli.cpp.o.d -o extension/parquet/CMakeFiles/parquetcli.dir/parquetcli.cpp.o -c /home/pei/Project/duckdb-polr/extension/parquet/parquetcli.cpp
[210/376] /usr/bin/ccache /usr/lib/ccache/c++ -DDUCKDB_BUILD_LIBRARY -DENABLE_CROSS_PRODUCT_REWRITE=0 -DENABLE_DEBUG_PRINT=0 -DENABLE_MEASURE_EXE_TIME=0 -DENABLE_MERGE_BACK_PLAN=0 -DENABLE_PARALLEL_EXECUTION=0 -DENABLE_QUERY_SPLIT=0 -DENABLE_SPECIFY_EST_STAT=0 -DJEMALLOC_NO_PRIVATE_NAMESPACE -DJEMALLOC_NO_RENAME -I/home/pei/Project/duckdb-polr/src/include -I/home/pei/Project/duckdb-polr/third_party/fsst -I/home/pei/Project/duckdb-polr/third_party/fmt/include -I/home/pei/Project/duckdb-polr/third_party/hyperloglog -I/home/pei/Project/duckdb-polr/third_party/fastpforlib -I/home/pei/Project/duckdb-polr/third_party/fast_float -I/home/pei/Project/duckdb-polr/third_party/re2 -I/home/pei/Project/duckdb-polr/third_party/miniz -I/home/pei/Project/duckdb-polr/third_party/utf8proc/include -I/home/pei/Project/duckdb-polr/third_party/miniparquet -I/home/pei/Project/duckdb-polr/third_party/concurrentqueue -I/home/pei/Project/duckdb-polr/third_party/pcg -I/home/pei/Project/duckdb-polr/third_party/tdigest -I/home/pei/Project/duckdb-polr/third_party/mbedtls/include -I/home/pei/Project/duckdb-polr/third_party/jaro_winkler -I/home/pei/Project/duckdb-polr/extension/jemalloc/include -I/home/pei/Project/duckdb-polr/extension/jemalloc/jemalloc/include -O3 -DNDEBUG -O3 -DNDEBUG   -fPIC -fdiagnostics-color=always -w -std=c++11 -MD -MT extension/jemalloc/jemalloc/CMakeFiles/jemalloc.dir/src/bin.cpp.o -MF extension/jemalloc/jemalloc/CMakeFiles/jemalloc.dir/src/bin.cpp.o.d -o extension/jemalloc/jemalloc/CMakeFiles/jemalloc.dir/src/bin.cpp.o -c /home/pei/Project/duckdb-polr/extension/jemalloc/jemalloc/src/bin.cpp
[211/376] /usr/bin/ccache /usr/lib/ccache/c++ -DDUCKDB_BUILD_LIBRARY -DENABLE_CROSS_PRODUCT_REWRITE=0 -DENABLE_DEBUG_PRINT=0 -DENABLE_MEASURE_EXE_TIME=0 -DENABLE_MERGE_BACK_PLAN=0 -DENABLE_PARALLEL_EXECUTION=0 -DENABLE_QUERY_SPLIT=0 -DENABLE_SPECIFY_EST_STAT=0 -DJEMALLOC_NO_PRIVATE_NAMESPACE -DJEMALLOC_NO_RENAME -I/home/pei/Project/duckdb-polr/src/include -I/home/pei/Project/duckdb-polr/third_party/fsst -I/home/pei/Project/duckdb-polr/third_party/fmt/include -I/home/pei/Project/duckdb-polr/third_party/hyperloglog -I/home/pei/Project/duckdb-polr/third_party/fastpforlib -I/home/pei/Project/duckdb-polr/third_party/fast_float -I/home/pei/Project/duckdb-polr/third_party/re2 -I/home/pei/Project/duckdb-polr/third_party/miniz -I/home/pei/Project/duckdb-polr/third_party/utf8proc/include -I/home/pei/Project/duckdb-polr/third_party/miniparquet -I/home/pei/Project/duckdb-polr/third_party/concurrentqueue -I/home/pei/Project/duckdb-polr/third_party/pcg -I/home/pei/Project/duckdb-polr/third_party/tdigest -I/home/pei/Project/duckdb-polr/third_party/mbedtls/include -I/home/pei/Project/duckdb-polr/third_party/jaro_winkler -I/home/pei/Project/duckdb-polr/extension/jemalloc/include -I/home/pei/Project/duckdb-polr/extension/jemalloc/jemalloc/include -O3 -DNDEBUG -O3 -DNDEBUG   -fPIC -fdiagnostics-color=always -w -std=c++11 -MD -MT extension/jemalloc/jemalloc/CMakeFiles/jemalloc.dir/src/bin_info.cpp.o -MF extension/jemalloc/jemalloc/CMakeFiles/jemalloc.dir/src/bin_info.cpp.o.d -o extension/jemalloc/jemalloc/CMakeFiles/jemalloc.dir/src/bin_info.cpp.o -c /home/pei/Project/duckdb-polr/extension/jemalloc/jemalloc/src/bin_info.cpp
[212/376] /usr/bin/ccache /usr/lib/ccache/c++ -DDUCKDB_BUILD_LIBRARY -DENABLE_CROSS_PRODUCT_REWRITE=0 -DENABLE_DEBUG_PRINT=0 -DENABLE_MEASURE_EXE_TIME=0 -DENABLE_MERGE_BACK_PLAN=0 -DENABLE_PARALLEL_EXECUTION=0 -DENABLE_QUERY_SPLIT=0 -DENABLE_SPECIFY_EST_STAT=0 -DJEMALLOC_NO_PRIVATE_NAMESPACE -DJEMALLOC_NO_RENAME -I/home/pei/Project/duckdb-polr/src/include -I/home/pei/Project/duckdb-polr/third_party/fsst -I/home/pei/Project/duckdb-polr/third_party/fmt/include -I/home/pei/Project/duckdb-polr/third_party/hyperloglog -I/home/pei/Project/duckdb-polr/third_party/fastpforlib -I/home/pei/Project/duckdb-polr/third_party/fast_float -I/home/pei/Project/duckdb-polr/third_party/re2 -I/home/pei/Project/duckdb-polr/third_party/miniz -I/home/pei/Project/duckdb-polr/third_party/utf8proc/include -I/home/pei/Project/duckdb-polr/third_party/miniparquet -I/home/pei/Project/duckdb-polr/third_party/concurrentqueue -I/home/pei/Project/duckdb-polr/third_party/pcg -I/home/pei/Project/duckdb-polr/third_party/tdigest -I/home/pei/Project/duckdb-polr/third_party/mbedtls/include -I/home/pei/Project/duckdb-polr/third_party/jaro_winkler -I/home/pei/Project/duckdb-polr/extension/jemalloc/include -I/home/pei/Project/duckdb-polr/extension/jemalloc/jemalloc/include -O3 -DNDEBUG -O3 -DNDEBUG   -fPIC -fdiagnostics-color=always -w -std=c++11 -MD -MT extension/jemalloc/jemalloc/CMakeFiles/jemalloc.dir/src/buf_writer.cpp.o -MF extension/jemalloc/jemalloc/CMakeFiles/jemalloc.dir/src/buf_writer.cpp.o.d -o extension/jemalloc/jemalloc/CMakeFiles/jemalloc.dir/src/buf_writer.cpp.o -c /home/pei/Project/duckdb-polr/extension/jemalloc/jemalloc/src/buf_writer.cpp
[213/376] /usr/bin/ccache /usr/lib/ccache/c++ -DDUCKDB_BUILD_LIBRARY -DENABLE_CROSS_PRODUCT_REWRITE=0 -DENABLE_DEBUG_PRINT=0 -DENABLE_MEASURE_EXE_TIME=0 -DENABLE_MERGE_BACK_PLAN=0 -DENABLE_PARALLEL_EXECUTION=0 -DENABLE_QUERY_SPLIT=0 -DENABLE_SPECIFY_EST_STAT=0 -I/home/pei/Project/duckdb-polr/src/include -I/home/pei/Project/duckdb-polr/third_party/fsst -I/home/pei/Project/duckdb-polr/third_party/fmt/include -I/home/pei/Project/duckdb-polr/third_party/hyperloglog -I/home/pei/Project/duckdb-polr/third_party/fastpforlib -I/home/pei/Project/duckdb-polr/third_party/fast_float -I/home/pei/Project/duckdb-polr/third_party/re2 -I/home/pei/Project/duckdb-polr/third_party/miniz -I/home/pei/Project/duckdb-polr/third_party/utf8proc/include -I/home/pei/Project/duckdb-polr/third_party/miniparquet -I/home/pei/Project/duckdb-polr/third_party/concurrentqueue -I/home/pei/Project/duckdb-polr/third_party/pcg -I/home/pei/Project/duckdb-polr/third_party/tdigest -I/home/pei/Project/duckdb-polr/third_party/mbedtls/include -I/home/pei/Project/duckdb-polr/third_party/jaro_winkler -I/home/pei/Project/duckdb-polr/extension/jemalloc/include -I/home/pei/Project/duckdb-polr/extension/jemalloc/jemalloc/include -O3 -DNDEBUG -O3 -DNDEBUG   -fPIC -fdiagnostics-color=always -std=c++11 -MD -MT extension/jemalloc/CMakeFiles/jemalloc_extension.dir/jemalloc-extension.cpp.o -MF extension/jemalloc/CMakeFiles/jemalloc_extension.dir/jemalloc-extension.cpp.o.d -o extension/jemalloc/CMakeFiles/jemalloc_extension.dir/jemalloc-extension.cpp.o -c /home/pei/Project/duckdb-polr/extension/jemalloc/jemalloc-extension.cpp
[214/376] /usr/bin/ccache /usr/lib/ccache/c++ -DDUCKDB_BUILD_LIBRARY -DENABLE_CROSS_PRODUCT_REWRITE=0 -DENABLE_DEBUG_PRINT=0 -DENABLE_MEASURE_EXE_TIME=0 -DENABLE_MERGE_BACK_PLAN=0 -DENABLE_PARALLEL_EXECUTION=0 -DENABLE_QUERY_SPLIT=0 -DENABLE_SPECIFY_EST_STAT=0 -DJEMALLOC_NO_PRIVATE_NAMESPACE -DJEMALLOC_NO_RENAME -I/home/pei/Project/duckdb-polr/src/include -I/home/pei/Project/duckdb-polr/third_party/fsst -I/home/pei/Project/duckdb-polr/third_party/fmt/include -I/home/pei/Project/duckdb-polr/third_party/hyperloglog -I/home/pei/Project/duckdb-polr/third_party/fastpforlib -I/home/pei/Project/duckdb-polr/third_party/fast_float -I/home/pei/Project/duckdb-polr/third_party/re2 -I/home/pei/Project/duckdb-polr/third_party/miniz -I/home/pei/Project/duckdb-polr/third_party/utf8proc/include -I/home/pei/Project/duckdb-polr/third_party/miniparquet -I/home/pei/Project/duckdb-polr/third_party/concurrentqueue -I/home/pei/Project/duckdb-polr/third_party/pcg -I/home/pei/Project/duckdb-polr/third_party/tdigest -I/home/pei/Project/duckdb-polr/third_party/mbedtls/include -I/home/pei/Project/duckdb-polr/third_party/jaro_winkler -I/home/pei/Project/duckdb-polr/extension/jemalloc/include -I/home/pei/Project/duckdb-polr/extension/jemalloc/jemalloc/include -O3 -DNDEBUG -O3 -DNDEBUG   -fPIC -fdiagnostics-color=always -w -std=c++11 -MD -MT extension/jemalloc/jemalloc/CMakeFiles/jemalloc.dir/src/cache_bin.cpp.o -MF extension/jemalloc/jemalloc/CMakeFiles/jemalloc.dir/src/cache_bin.cpp.o.d -o extension/jemalloc/jemalloc/CMakeFiles/jemalloc.dir/src/cache_bin.cpp.o -c /home/pei/Project/duckdb-polr/extension/jemalloc/jemalloc/src/cache_bin.cpp
[215/376] /usr/bin/ccache /usr/lib/ccache/c++ -DDUCKDB_BUILD_LIBRARY -DENABLE_CROSS_PRODUCT_REWRITE=0 -DENABLE_DEBUG_PRINT=0 -DENABLE_MEASURE_EXE_TIME=0 -DENABLE_MERGE_BACK_PLAN=0 -DENABLE_PARALLEL_EXECUTION=0 -DENABLE_QUERY_SPLIT=0 -DENABLE_SPECIFY_EST_STAT=0 -DJEMALLOC_NO_PRIVATE_NAMESPACE -DJEMALLOC_NO_RENAME -I/home/pei/Project/duckdb-polr/src/include -I/home/pei/Project/duckdb-polr/third_party/fsst -I/home/pei/Project/duckdb-polr/third_party/fmt/include -I/home/pei/Project/duckdb-polr/third_party/hyperloglog -I/home/pei/Project/duckdb-polr/third_party/fastpforlib -I/home/pei/Project/duckdb-polr/third_party/fast_float -I/home/pei/Project/duckdb-polr/third_party/re2 -I/home/pei/Project/duckdb-polr/third_party/miniz -I/home/pei/Project/duckdb-polr/third_party/utf8proc/include -I/home/pei/Project/duckdb-polr/third_party/miniparquet -I/home/pei/Project/duckdb-polr/third_party/concurrentqueue -I/home/pei/Project/duckdb-polr/third_party/pcg -I/home/pei/Project/duckdb-polr/third_party/tdigest -I/home/pei/Project/duckdb-polr/third_party/mbedtls/include -I/home/pei/Project/duckdb-polr/third_party/jaro_winkler -I/home/pei/Project/duckdb-polr/extension/jemalloc/include -I/home/pei/Project/duckdb-polr/extension/jemalloc/jemalloc/include -O3 -DNDEBUG -O3 -DNDEBUG   -fPIC -fdiagnostics-color=always -w -std=c++11 -MD -MT extension/jemalloc/jemalloc/CMakeFiles/jemalloc.dir/src/ckh.cpp.o -MF extension/jemalloc/jemalloc/CMakeFiles/jemalloc.dir/src/ckh.cpp.o.d -o extension/jemalloc/jemalloc/CMakeFiles/jemalloc.dir/src/ckh.cpp.o -c /home/pei/Project/duckdb-polr/extension/jemalloc/jemalloc/src/ckh.cpp
[216/376] /usr/bin/ccache /usr/lib/ccache/c++ -DDUCKDB_BUILD_LIBRARY -DENABLE_CROSS_PRODUCT_REWRITE=0 -DENABLE_DEBUG_PRINT=0 -DENABLE_MEASURE_EXE_TIME=0 -DENABLE_MERGE_BACK_PLAN=0 -DENABLE_PARALLEL_EXECUTION=0 -DENABLE_QUERY_SPLIT=0 -DENABLE_SPECIFY_EST_STAT=0 -DJEMALLOC_NO_PRIVATE_NAMESPACE -DJEMALLOC_NO_RENAME -I/home/pei/Project/duckdb-polr/src/include -I/home/pei/Project/duckdb-polr/third_party/fsst -I/home/pei/Project/duckdb-polr/third_party/fmt/include -I/home/pei/Project/duckdb-polr/third_party/hyperloglog -I/home/pei/Project/duckdb-polr/third_party/fastpforlib -I/home/pei/Project/duckdb-polr/third_party/fast_float -I/home/pei/Project/duckdb-polr/third_party/re2 -I/home/pei/Project/duckdb-polr/third_party/miniz -I/home/pei/Project/duckdb-polr/third_party/utf8proc/include -I/home/pei/Project/duckdb-polr/third_party/miniparquet -I/home/pei/Project/duckdb-polr/third_party/concurrentqueue -I/home/pei/Project/duckdb-polr/third_party/pcg -I/home/pei/Project/duckdb-polr/third_party/tdigest -I/home/pei/Project/duckdb-polr/third_party/mbedtls/include -I/home/pei/Project/duckdb-polr/third_party/jaro_winkler -I/home/pei/Project/duckdb-polr/extension/jemalloc/include -I/home/pei/Project/duckdb-polr/extension/jemalloc/jemalloc/include -O3 -DNDEBUG -O3 -DNDEBUG   -fPIC -fdiagnostics-color=always -w -std=c++11 -MD -MT extension/jemalloc/jemalloc/CMakeFiles/jemalloc.dir/src/counter.cpp.o -MF extension/jemalloc/jemalloc/CMakeFiles/jemalloc.dir/src/counter.cpp.o.d -o extension/jemalloc/jemalloc/CMakeFiles/jemalloc.dir/src/counter.cpp.o -c /home/pei/Project/duckdb-polr/extension/jemalloc/jemalloc/src/counter.cpp
[217/376] /usr/bin/ccache /usr/lib/ccache/c++ -DDUCKDB_BUILD_LIBRARY -DENABLE_CROSS_PRODUCT_REWRITE=0 -DENABLE_DEBUG_PRINT=0 -DENABLE_MEASURE_EXE_TIME=0 -DENABLE_MERGE_BACK_PLAN=0 -DENABLE_PARALLEL_EXECUTION=0 -DENABLE_QUERY_SPLIT=0 -DENABLE_SPECIFY_EST_STAT=0 -DJEMALLOC_NO_PRIVATE_NAMESPACE -DJEMALLOC_NO_RENAME -I/home/pei/Project/duckdb-polr/src/include -I/home/pei/Project/duckdb-polr/third_party/fsst -I/home/pei/Project/duckdb-polr/third_party/fmt/include -I/home/pei/Project/duckdb-polr/third_party/hyperloglog -I/home/pei/Project/duckdb-polr/third_party/fastpforlib -I/home/pei/Project/duckdb-polr/third_party/fast_float -I/home/pei/Project/duckdb-polr/third_party/re2 -I/home/pei/Project/duckdb-polr/third_party/miniz -I/home/pei/Project/duckdb-polr/third_party/utf8proc/include -I/home/pei/Project/duckdb-polr/third_party/miniparquet -I/home/pei/Project/duckdb-polr/third_party/concurrentqueue -I/home/pei/Project/duckdb-polr/third_party/pcg -I/home/pei/Project/duckdb-polr/third_party/tdigest -I/home/pei/Project/duckdb-polr/third_party/mbedtls/include -I/home/pei/Project/duckdb-polr/third_party/jaro_winkler -I/home/pei/Project/duckdb-polr/extension/jemalloc/include -I/home/pei/Project/duckdb-polr/extension/jemalloc/jemalloc/include -O3 -DNDEBUG -O3 -DNDEBUG   -fPIC -fdiagnostics-color=always -w -std=c++11 -MD -MT extension/jemalloc/jemalloc/CMakeFiles/jemalloc.dir/src/ctl.cpp.o -MF extension/jemalloc/jemalloc/CMakeFiles/jemalloc.dir/src/ctl.cpp.o.d -o extension/jemalloc/jemalloc/CMakeFiles/jemalloc.dir/src/ctl.cpp.o -c /home/pei/Project/duckdb-polr/extension/jemalloc/jemalloc/src/ctl.cpp
[218/376] /usr/bin/ccache /usr/lib/ccache/c++ -DDUCKDB_BUILD_LIBRARY -DENABLE_CROSS_PRODUCT_REWRITE=0 -DENABLE_DEBUG_PRINT=0 -DENABLE_MEASURE_EXE_TIME=0 -DENABLE_MERGE_BACK_PLAN=0 -DENABLE_PARALLEL_EXECUTION=0 -DENABLE_QUERY_SPLIT=0 -DENABLE_SPECIFY_EST_STAT=0 -DJEMALLOC_NO_PRIVATE_NAMESPACE -DJEMALLOC_NO_RENAME -I/home/pei/Project/duckdb-polr/src/include -I/home/pei/Project/duckdb-polr/third_party/fsst -I/home/pei/Project/duckdb-polr/third_party/fmt/include -I/home/pei/Project/duckdb-polr/third_party/hyperloglog -I/home/pei/Project/duckdb-polr/third_party/fastpforlib -I/home/pei/Project/duckdb-polr/third_party/fast_float -I/home/pei/Project/duckdb-polr/third_party/re2 -I/home/pei/Project/duckdb-polr/third_party/miniz -I/home/pei/Project/duckdb-polr/third_party/utf8proc/include -I/home/pei/Project/duckdb-polr/third_party/miniparquet -I/home/pei/Project/duckdb-polr/third_party/concurrentqueue -I/home/pei/Project/duckdb-polr/third_party/pcg -I/home/pei/Project/duckdb-polr/third_party/tdigest -I/home/pei/Project/duckdb-polr/third_party/mbedtls/include -I/home/pei/Project/duckdb-polr/third_party/jaro_winkler -I/home/pei/Project/duckdb-polr/extension/jemalloc/include -I/home/pei/Project/duckdb-polr/extension/jemalloc/jemalloc/include -O3 -DNDEBUG -O3 -DNDEBUG   -fPIC -fdiagnostics-color=always -w -std=c++11 -MD -MT extension/jemalloc/jemalloc/CMakeFiles/jemalloc.dir/src/decay.cpp.o -MF extension/jemalloc/jemalloc/CMakeFiles/jemalloc.dir/src/decay.cpp.o.d -o extension/jemalloc/jemalloc/CMakeFiles/jemalloc.dir/src/decay.cpp.o -c /home/pei/Project/duckdb-polr/extension/jemalloc/jemalloc/src/decay.cpp
[219/376] /usr/bin/ccache /usr/lib/ccache/c++ -DDUCKDB_BUILD_LIBRARY -DENABLE_CROSS_PRODUCT_REWRITE=0 -DENABLE_DEBUG_PRINT=0 -DENABLE_MEASURE_EXE_TIME=0 -DENABLE_MERGE_BACK_PLAN=0 -DENABLE_PARALLEL_EXECUTION=0 -DENABLE_QUERY_SPLIT=0 -DENABLE_SPECIFY_EST_STAT=0 -DJEMALLOC_NO_PRIVATE_NAMESPACE -DJEMALLOC_NO_RENAME -I/home/pei/Project/duckdb-polr/src/include -I/home/pei/Project/duckdb-polr/third_party/fsst -I/home/pei/Project/duckdb-polr/third_party/fmt/include -I/home/pei/Project/duckdb-polr/third_party/hyperloglog -I/home/pei/Project/duckdb-polr/third_party/fastpforlib -I/home/pei/Project/duckdb-polr/third_party/fast_float -I/home/pei/Project/duckdb-polr/third_party/re2 -I/home/pei/Project/duckdb-polr/third_party/miniz -I/home/pei/Project/duckdb-polr/third_party/utf8proc/include -I/home/pei/Project/duckdb-polr/third_party/miniparquet -I/home/pei/Project/duckdb-polr/third_party/concurrentqueue -I/home/pei/Project/duckdb-polr/third_party/pcg -I/home/pei/Project/duckdb-polr/third_party/tdigest -I/home/pei/Project/duckdb-polr/third_party/mbedtls/include -I/home/pei/Project/duckdb-polr/third_party/jaro_winkler -I/home/pei/Project/duckdb-polr/extension/jemalloc/include -I/home/pei/Project/duckdb-polr/extension/jemalloc/jemalloc/include -O3 -DNDEBUG -O3 -DNDEBUG   -fPIC -fdiagnostics-color=always -w -std=c++11 -MD -MT extension/jemalloc/jemalloc/CMakeFiles/jemalloc.dir/src/div.cpp.o -MF extension/jemalloc/jemalloc/CMakeFiles/jemalloc.dir/src/div.cpp.o.d -o extension/jemalloc/jemalloc/CMakeFiles/jemalloc.dir/src/div.cpp.o -c /home/pei/Project/duckdb-polr/extension/jemalloc/jemalloc/src/div.cpp
[220/376] /usr/bin/ccache /usr/lib/ccache/c++ -DDUCKDB_BUILD_LIBRARY -DENABLE_CROSS_PRODUCT_REWRITE=0 -DENABLE_DEBUG_PRINT=0 -DENABLE_MEASURE_EXE_TIME=0 -DENABLE_MERGE_BACK_PLAN=0 -DENABLE_PARALLEL_EXECUTION=0 -DENABLE_QUERY_SPLIT=0 -DENABLE_SPECIFY_EST_STAT=0 -DJEMALLOC_NO_PRIVATE_NAMESPACE -DJEMALLOC_NO_RENAME -I/home/pei/Project/duckdb-polr/src/include -I/home/pei/Project/duckdb-polr/third_party/fsst -I/home/pei/Project/duckdb-polr/third_party/fmt/include -I/home/pei/Project/duckdb-polr/third_party/hyperloglog -I/home/pei/Project/duckdb-polr/third_party/fastpforlib -I/home/pei/Project/duckdb-polr/third_party/fast_float -I/home/pei/Project/duckdb-polr/third_party/re2 -I/home/pei/Project/duckdb-polr/third_party/miniz -I/home/pei/Project/duckdb-polr/third_party/utf8proc/include -I/home/pei/Project/duckdb-polr/third_party/miniparquet -I/home/pei/Project/duckdb-polr/third_party/concurrentqueue -I/home/pei/Project/duckdb-polr/third_party/pcg -I/home/pei/Project/duckdb-polr/third_party/tdigest -I/home/pei/Project/duckdb-polr/third_party/mbedtls/include -I/home/pei/Project/duckdb-polr/third_party/jaro_winkler -I/home/pei/Project/duckdb-polr/extension/jemalloc/include -I/home/pei/Project/duckdb-polr/extension/jemalloc/jemalloc/include -O3 -DNDEBUG -O3 -DNDEBUG   -fPIC -fdiagnostics-color=always -w -std=c++11 -MD -MT extension/jemalloc/jemalloc/CMakeFiles/jemalloc.dir/src/ecache.cpp.o -MF extension/jemalloc/jemalloc/CMakeFiles/jemalloc.dir/src/ecache.cpp.o.d -o extension/jemalloc/jemalloc/CMakeFiles/jemalloc.dir/src/ecache.cpp.o -c /home/pei/Project/duckdb-polr/extension/jemalloc/jemalloc/src/ecache.cpp
[221/376] /usr/bin/ccache /usr/lib/ccache/c++ -DDUCKDB_BUILD_LIBRARY -DENABLE_CROSS_PRODUCT_REWRITE=0 -DENABLE_DEBUG_PRINT=0 -DENABLE_MEASURE_EXE_TIME=0 -DENABLE_MERGE_BACK_PLAN=0 -DENABLE_PARALLEL_EXECUTION=0 -DENABLE_QUERY_SPLIT=0 -DENABLE_SPECIFY_EST_STAT=0 -DJEMALLOC_NO_PRIVATE_NAMESPACE -DJEMALLOC_NO_RENAME -I/home/pei/Project/duckdb-polr/src/include -I/home/pei/Project/duckdb-polr/third_party/fsst -I/home/pei/Project/duckdb-polr/third_party/fmt/include -I/home/pei/Project/duckdb-polr/third_party/hyperloglog -I/home/pei/Project/duckdb-polr/third_party/fastpforlib -I/home/pei/Project/duckdb-polr/third_party/fast_float -I/home/pei/Project/duckdb-polr/third_party/re2 -I/home/pei/Project/duckdb-polr/third_party/miniz -I/home/pei/Project/duckdb-polr/third_party/utf8proc/include -I/home/pei/Project/duckdb-polr/third_party/miniparquet -I/home/pei/Project/duckdb-polr/third_party/concurrentqueue -I/home/pei/Project/duckdb-polr/third_party/pcg -I/home/pei/Project/duckdb-polr/third_party/tdigest -I/home/pei/Project/duckdb-polr/third_party/mbedtls/include -I/home/pei/Project/duckdb-polr/third_party/jaro_winkler -I/home/pei/Project/duckdb-polr/extension/jemalloc/include -I/home/pei/Project/duckdb-polr/extension/jemalloc/jemalloc/include -O3 -DNDEBUG -O3 -DNDEBUG   -fPIC -fdiagnostics-color=always -w -std=c++11 -MD -MT extension/jemalloc/jemalloc/CMakeFiles/jemalloc.dir/src/edata.cpp.o -MF extension/jemalloc/jemalloc/CMakeFiles/jemalloc.dir/src/edata.cpp.o.d -o extension/jemalloc/jemalloc/CMakeFiles/jemalloc.dir/src/edata.cpp.o -c /home/pei/Project/duckdb-polr/extension/jemalloc/jemalloc/src/edata.cpp
[222/376] /usr/bin/ccache /usr/lib/ccache/c++ -DDUCKDB_BUILD_LIBRARY -DENABLE_CROSS_PRODUCT_REWRITE=0 -DENABLE_DEBUG_PRINT=0 -DENABLE_MEASURE_EXE_TIME=0 -DENABLE_MERGE_BACK_PLAN=0 -DENABLE_PARALLEL_EXECUTION=0 -DENABLE_QUERY_SPLIT=0 -DENABLE_SPECIFY_EST_STAT=0 -DJEMALLOC_NO_PRIVATE_NAMESPACE -DJEMALLOC_NO_RENAME -I/home/pei/Project/duckdb-polr/src/include -I/home/pei/Project/duckdb-polr/third_party/fsst -I/home/pei/Project/duckdb-polr/third_party/fmt/include -I/home/pei/Project/duckdb-polr/third_party/hyperloglog -I/home/pei/Project/duckdb-polr/third_party/fastpforlib -I/home/pei/Project/duckdb-polr/third_party/fast_float -I/home/pei/Project/duckdb-polr/third_party/re2 -I/home/pei/Project/duckdb-polr/third_party/miniz -I/home/pei/Project/duckdb-polr/third_party/utf8proc/include -I/home/pei/Project/duckdb-polr/third_party/miniparquet -I/home/pei/Project/duckdb-polr/third_party/concurrentqueue -I/home/pei/Project/duckdb-polr/third_party/pcg -I/home/pei/Project/duckdb-polr/third_party/tdigest -I/home/pei/Project/duckdb-polr/third_party/mbedtls/include -I/home/pei/Project/duckdb-polr/third_party/jaro_winkler -I/home/pei/Project/duckdb-polr/extension/jemalloc/include -I/home/pei/Project/duckdb-polr/extension/jemalloc/jemalloc/include -O3 -DNDEBUG -O3 -DNDEBUG   -fPIC -fdiagnostics-color=always -w -std=c++11 -MD -MT extension/jemalloc/jemalloc/CMakeFiles/jemalloc.dir/src/edata_cache.cpp.o -MF extension/jemalloc/jemalloc/CMakeFiles/jemalloc.dir/src/edata_cache.cpp.o.d -o extension/jemalloc/jemalloc/CMakeFiles/jemalloc.dir/src/edata_cache.cpp.o -c /home/pei/Project/duckdb-polr/extension/jemalloc/jemalloc/src/edata_cache.cpp
[223/376] /usr/bin/ccache /usr/lib/ccache/c++ -DDUCKDB_BUILD_LIBRARY -DENABLE_CROSS_PRODUCT_REWRITE=0 -DENABLE_DEBUG_PRINT=0 -DENABLE_MEASURE_EXE_TIME=0 -DENABLE_MERGE_BACK_PLAN=0 -DENABLE_PARALLEL_EXECUTION=0 -DENABLE_QUERY_SPLIT=0 -DENABLE_SPECIFY_EST_STAT=0 -DJEMALLOC_NO_PRIVATE_NAMESPACE -DJEMALLOC_NO_RENAME -I/home/pei/Project/duckdb-polr/src/include -I/home/pei/Project/duckdb-polr/third_party/fsst -I/home/pei/Project/duckdb-polr/third_party/fmt/include -I/home/pei/Project/duckdb-polr/third_party/hyperloglog -I/home/pei/Project/duckdb-polr/third_party/fastpforlib -I/home/pei/Project/duckdb-polr/third_party/fast_float -I/home/pei/Project/duckdb-polr/third_party/re2 -I/home/pei/Project/duckdb-polr/third_party/miniz -I/home/pei/Project/duckdb-polr/third_party/utf8proc/include -I/home/pei/Project/duckdb-polr/third_party/miniparquet -I/home/pei/Project/duckdb-polr/third_party/concurrentqueue -I/home/pei/Project/duckdb-polr/third_party/pcg -I/home/pei/Project/duckdb-polr/third_party/tdigest -I/home/pei/Project/duckdb-polr/third_party/mbedtls/include -I/home/pei/Project/duckdb-polr/third_party/jaro_winkler -I/home/pei/Project/duckdb-polr/extension/jemalloc/include -I/home/pei/Project/duckdb-polr/extension/jemalloc/jemalloc/include -O3 -DNDEBUG -O3 -DNDEBUG   -fPIC -fdiagnostics-color=always -w -std=c++11 -MD -MT extension/jemalloc/jemalloc/CMakeFiles/jemalloc.dir/src/ehooks.cpp.o -MF extension/jemalloc/jemalloc/CMakeFiles/jemalloc.dir/src/ehooks.cpp.o.d -o extension/jemalloc/jemalloc/CMakeFiles/jemalloc.dir/src/ehooks.cpp.o -c /home/pei/Project/duckdb-polr/extension/jemalloc/jemalloc/src/ehooks.cpp
[224/376] /usr/bin/ccache /usr/lib/ccache/c++ -DDUCKDB_BUILD_LIBRARY -DENABLE_CROSS_PRODUCT_REWRITE=0 -DENABLE_DEBUG_PRINT=0 -DENABLE_MEASURE_EXE_TIME=0 -DENABLE_MERGE_BACK_PLAN=0 -DENABLE_PARALLEL_EXECUTION=0 -DENABLE_QUERY_SPLIT=0 -DENABLE_SPECIFY_EST_STAT=0 -DJEMALLOC_NO_PRIVATE_NAMESPACE -DJEMALLOC_NO_RENAME -I/home/pei/Project/duckdb-polr/src/include -I/home/pei/Project/duckdb-polr/third_party/fsst -I/home/pei/Project/duckdb-polr/third_party/fmt/include -I/home/pei/Project/duckdb-polr/third_party/hyperloglog -I/home/pei/Project/duckdb-polr/third_party/fastpforlib -I/home/pei/Project/duckdb-polr/third_party/fast_float -I/home/pei/Project/duckdb-polr/third_party/re2 -I/home/pei/Project/duckdb-polr/third_party/miniz -I/home/pei/Project/duckdb-polr/third_party/utf8proc/include -I/home/pei/Project/duckdb-polr/third_party/miniparquet -I/home/pei/Project/duckdb-polr/third_party/concurrentqueue -I/home/pei/Project/duckdb-polr/third_party/pcg -I/home/pei/Project/duckdb-polr/third_party/tdigest -I/home/pei/Project/duckdb-polr/third_party/mbedtls/include -I/home/pei/Project/duckdb-polr/third_party/jaro_winkler -I/home/pei/Project/duckdb-polr/extension/jemalloc/include -I/home/pei/Project/duckdb-polr/extension/jemalloc/jemalloc/include -O3 -DNDEBUG -O3 -DNDEBUG   -fPIC -fdiagnostics-color=always -w -std=c++11 -MD -MT extension/jemalloc/jemalloc/CMakeFiles/jemalloc.dir/src/emap.cpp.o -MF extension/jemalloc/jemalloc/CMakeFiles/jemalloc.dir/src/emap.cpp.o.d -o extension/jemalloc/jemalloc/CMakeFiles/jemalloc.dir/src/emap.cpp.o -c /home/pei/Project/duckdb-polr/extension/jemalloc/jemalloc/src/emap.cpp
[225/376] /usr/bin/ccache /usr/lib/ccache/c++ -DDUCKDB_BUILD_LIBRARY -DENABLE_CROSS_PRODUCT_REWRITE=0 -DENABLE_DEBUG_PRINT=0 -DENABLE_MEASURE_EXE_TIME=0 -DENABLE_MERGE_BACK_PLAN=0 -DENABLE_PARALLEL_EXECUTION=0 -DENABLE_QUERY_SPLIT=0 -DENABLE_SPECIFY_EST_STAT=0 -DJEMALLOC_NO_PRIVATE_NAMESPACE -DJEMALLOC_NO_RENAME -I/home/pei/Project/duckdb-polr/src/include -I/home/pei/Project/duckdb-polr/third_party/fsst -I/home/pei/Project/duckdb-polr/third_party/fmt/include -I/home/pei/Project/duckdb-polr/third_party/hyperloglog -I/home/pei/Project/duckdb-polr/third_party/fastpforlib -I/home/pei/Project/duckdb-polr/third_party/fast_float -I/home/pei/Project/duckdb-polr/third_party/re2 -I/home/pei/Project/duckdb-polr/third_party/miniz -I/home/pei/Project/duckdb-polr/third_party/utf8proc/include -I/home/pei/Project/duckdb-polr/third_party/miniparquet -I/home/pei/Project/duckdb-polr/third_party/concurrentqueue -I/home/pei/Project/duckdb-polr/third_party/pcg -I/home/pei/Project/duckdb-polr/third_party/tdigest -I/home/pei/Project/duckdb-polr/third_party/mbedtls/include -I/home/pei/Project/duckdb-polr/third_party/jaro_winkler -I/home/pei/Project/duckdb-polr/extension/jemalloc/include -I/home/pei/Project/duckdb-polr/extension/jemalloc/jemalloc/include -O3 -DNDEBUG -O3 -DNDEBUG   -fPIC -fdiagnostics-color=always -w -std=c++11 -MD -MT extension/jemalloc/jemalloc/CMakeFiles/jemalloc.dir/src/eset.cpp.o -MF extension/jemalloc/jemalloc/CMakeFiles/jemalloc.dir/src/eset.cpp.o.d -o extension/jemalloc/jemalloc/CMakeFiles/jemalloc.dir/src/eset.cpp.o -c /home/pei/Project/duckdb-polr/extension/jemalloc/jemalloc/src/eset.cpp
[226/376] /usr/bin/ccache /usr/lib/ccache/c++ -DDUCKDB_BUILD_LIBRARY -DENABLE_CROSS_PRODUCT_REWRITE=0 -DENABLE_DEBUG_PRINT=0 -DENABLE_MEASURE_EXE_TIME=0 -DENABLE_MERGE_BACK_PLAN=0 -DENABLE_PARALLEL_EXECUTION=0 -DENABLE_QUERY_SPLIT=0 -DENABLE_SPECIFY_EST_STAT=0 -DJEMALLOC_NO_PRIVATE_NAMESPACE -DJEMALLOC_NO_RENAME -I/home/pei/Project/duckdb-polr/src/include -I/home/pei/Project/duckdb-polr/third_party/fsst -I/home/pei/Project/duckdb-polr/third_party/fmt/include -I/home/pei/Project/duckdb-polr/third_party/hyperloglog -I/home/pei/Project/duckdb-polr/third_party/fastpforlib -I/home/pei/Project/duckdb-polr/third_party/fast_float -I/home/pei/Project/duckdb-polr/third_party/re2 -I/home/pei/Project/duckdb-polr/third_party/miniz -I/home/pei/Project/duckdb-polr/third_party/utf8proc/include -I/home/pei/Project/duckdb-polr/third_party/miniparquet -I/home/pei/Project/duckdb-polr/third_party/concurrentqueue -I/home/pei/Project/duckdb-polr/third_party/pcg -I/home/pei/Project/duckdb-polr/third_party/tdigest -I/home/pei/Project/duckdb-polr/third_party/mbedtls/include -I/home/pei/Project/duckdb-polr/third_party/jaro_winkler -I/home/pei/Project/duckdb-polr/extension/jemalloc/include -I/home/pei/Project/duckdb-polr/extension/jemalloc/jemalloc/include -O3 -DNDEBUG -O3 -DNDEBUG   -fPIC -fdiagnostics-color=always -w -std=c++11 -MD -MT extension/jemalloc/jemalloc/CMakeFiles/jemalloc.dir/src/extent.cpp.o -MF extension/jemalloc/jemalloc/CMakeFiles/jemalloc.dir/src/extent.cpp.o.d -o extension/jemalloc/jemalloc/CMakeFiles/jemalloc.dir/src/extent.cpp.o -c /home/pei/Project/duckdb-polr/extension/jemalloc/jemalloc/src/extent.cpp
[227/376] /usr/bin/ccache /usr/lib/ccache/c++ -DDUCKDB_BUILD_LIBRARY -DENABLE_CROSS_PRODUCT_REWRITE=0 -DENABLE_DEBUG_PRINT=0 -DENABLE_MEASURE_EXE_TIME=0 -DENABLE_MERGE_BACK_PLAN=0 -DENABLE_PARALLEL_EXECUTION=0 -DENABLE_QUERY_SPLIT=0 -DENABLE_SPECIFY_EST_STAT=0 -DJEMALLOC_NO_PRIVATE_NAMESPACE -DJEMALLOC_NO_RENAME -I/home/pei/Project/duckdb-polr/src/include -I/home/pei/Project/duckdb-polr/third_party/fsst -I/home/pei/Project/duckdb-polr/third_party/fmt/include -I/home/pei/Project/duckdb-polr/third_party/hyperloglog -I/home/pei/Project/duckdb-polr/third_party/fastpforlib -I/home/pei/Project/duckdb-polr/third_party/fast_float -I/home/pei/Project/duckdb-polr/third_party/re2 -I/home/pei/Project/duckdb-polr/third_party/miniz -I/home/pei/Project/duckdb-polr/third_party/utf8proc/include -I/home/pei/Project/duckdb-polr/third_party/miniparquet -I/home/pei/Project/duckdb-polr/third_party/concurrentqueue -I/home/pei/Project/duckdb-polr/third_party/pcg -I/home/pei/Project/duckdb-polr/third_party/tdigest -I/home/pei/Project/duckdb-polr/third_party/mbedtls/include -I/home/pei/Project/duckdb-polr/third_party/jaro_winkler -I/home/pei/Project/duckdb-polr/extension/jemalloc/include -I/home/pei/Project/duckdb-polr/extension/jemalloc/jemalloc/include -O3 -DNDEBUG -O3 -DNDEBUG   -fPIC -fdiagnostics-color=always -w -std=c++11 -MD -MT extension/jemalloc/jemalloc/CMakeFiles/jemalloc.dir/src/extent_dss.cpp.o -MF extension/jemalloc/jemalloc/CMakeFiles/jemalloc.dir/src/extent_dss.cpp.o.d -o extension/jemalloc/jemalloc/CMakeFiles/jemalloc.dir/src/extent_dss.cpp.o -c /home/pei/Project/duckdb-polr/extension/jemalloc/jemalloc/src/extent_dss.cpp
[228/376] /usr/bin/ccache /usr/lib/ccache/c++ -DDUCKDB_BUILD_LIBRARY -DENABLE_CROSS_PRODUCT_REWRITE=0 -DENABLE_DEBUG_PRINT=0 -DENABLE_MEASURE_EXE_TIME=0 -DENABLE_MERGE_BACK_PLAN=0 -DENABLE_PARALLEL_EXECUTION=0 -DENABLE_QUERY_SPLIT=0 -DENABLE_SPECIFY_EST_STAT=0 -DJEMALLOC_NO_PRIVATE_NAMESPACE -DJEMALLOC_NO_RENAME -I/home/pei/Project/duckdb-polr/src/include -I/home/pei/Project/duckdb-polr/third_party/fsst -I/home/pei/Project/duckdb-polr/third_party/fmt/include -I/home/pei/Project/duckdb-polr/third_party/hyperloglog -I/home/pei/Project/duckdb-polr/third_party/fastpforlib -I/home/pei/Project/duckdb-polr/third_party/fast_float -I/home/pei/Project/duckdb-polr/third_party/re2 -I/home/pei/Project/duckdb-polr/third_party/miniz -I/home/pei/Project/duckdb-polr/third_party/utf8proc/include -I/home/pei/Project/duckdb-polr/third_party/miniparquet -I/home/pei/Project/duckdb-polr/third_party/concurrentqueue -I/home/pei/Project/duckdb-polr/third_party/pcg -I/home/pei/Project/duckdb-polr/third_party/tdigest -I/home/pei/Project/duckdb-polr/third_party/mbedtls/include -I/home/pei/Project/duckdb-polr/third_party/jaro_winkler -I/home/pei/Project/duckdb-polr/extension/jemalloc/include -I/home/pei/Project/duckdb-polr/extension/jemalloc/jemalloc/include -O3 -DNDEBUG -O3 -DNDEBUG   -fPIC -fdiagnostics-color=always -w -std=c++11 -MD -MT extension/jemalloc/jemalloc/CMakeFiles/jemalloc.dir/src/exp_grow.cpp.o -MF extension/jemalloc/jemalloc/CMakeFiles/jemalloc.dir/src/exp_grow.cpp.o.d -o extension/jemalloc/jemalloc/CMakeFiles/jemalloc.dir/src/exp_grow.cpp.o -c /home/pei/Project/duckdb-polr/extension/jemalloc/jemalloc/src/exp_grow.cpp
[229/376] /usr/bin/ccache /usr/lib/ccache/c++ -DDUCKDB_BUILD_LIBRARY -DENABLE_CROSS_PRODUCT_REWRITE=0 -DENABLE_DEBUG_PRINT=0 -DENABLE_MEASURE_EXE_TIME=0 -DENABLE_MERGE_BACK_PLAN=0 -DENABLE_PARALLEL_EXECUTION=0 -DENABLE_QUERY_SPLIT=0 -DENABLE_SPECIFY_EST_STAT=0 -DJEMALLOC_NO_PRIVATE_NAMESPACE -DJEMALLOC_NO_RENAME -I/home/pei/Project/duckdb-polr/src/include -I/home/pei/Project/duckdb-polr/third_party/fsst -I/home/pei/Project/duckdb-polr/third_party/fmt/include -I/home/pei/Project/duckdb-polr/third_party/hyperloglog -I/home/pei/Project/duckdb-polr/third_party/fastpforlib -I/home/pei/Project/duckdb-polr/third_party/fast_float -I/home/pei/Project/duckdb-polr/third_party/re2 -I/home/pei/Project/duckdb-polr/third_party/miniz -I/home/pei/Project/duckdb-polr/third_party/utf8proc/include -I/home/pei/Project/duckdb-polr/third_party/miniparquet -I/home/pei/Project/duckdb-polr/third_party/concurrentqueue -I/home/pei/Project/duckdb-polr/third_party/pcg -I/home/pei/Project/duckdb-polr/third_party/tdigest -I/home/pei/Project/duckdb-polr/third_party/mbedtls/include -I/home/pei/Project/duckdb-polr/third_party/jaro_winkler -I/home/pei/Project/duckdb-polr/extension/jemalloc/include -I/home/pei/Project/duckdb-polr/extension/jemalloc/jemalloc/include -O3 -DNDEBUG -O3 -DNDEBUG   -fPIC -fdiagnostics-color=always -w -std=c++11 -MD -MT extension/jemalloc/jemalloc/CMakeFiles/jemalloc.dir/src/extent_mmap.cpp.o -MF extension/jemalloc/jemalloc/CMakeFiles/jemalloc.dir/src/extent_mmap.cpp.o.d -o extension/jemalloc/jemalloc/CMakeFiles/jemalloc.dir/src/extent_mmap.cpp.o -c /home/pei/Project/duckdb-polr/extension/jemalloc/jemalloc/src/extent_mmap.cpp
[230/376] /usr/bin/ccache /usr/lib/ccache/c++ -DDUCKDB_BUILD_LIBRARY -DENABLE_CROSS_PRODUCT_REWRITE=0 -DENABLE_DEBUG_PRINT=0 -DENABLE_MEASURE_EXE_TIME=0 -DENABLE_MERGE_BACK_PLAN=0 -DENABLE_PARALLEL_EXECUTION=0 -DENABLE_QUERY_SPLIT=0 -DENABLE_SPECIFY_EST_STAT=0 -DJEMALLOC_NO_PRIVATE_NAMESPACE -DJEMALLOC_NO_RENAME -I/home/pei/Project/duckdb-polr/src/include -I/home/pei/Project/duckdb-polr/third_party/fsst -I/home/pei/Project/duckdb-polr/third_party/fmt/include -I/home/pei/Project/duckdb-polr/third_party/hyperloglog -I/home/pei/Project/duckdb-polr/third_party/fastpforlib -I/home/pei/Project/duckdb-polr/third_party/fast_float -I/home/pei/Project/duckdb-polr/third_party/re2 -I/home/pei/Project/duckdb-polr/third_party/miniz -I/home/pei/Project/duckdb-polr/third_party/utf8proc/include -I/home/pei/Project/duckdb-polr/third_party/miniparquet -I/home/pei/Project/duckdb-polr/third_party/concurrentqueue -I/home/pei/Project/duckdb-polr/third_party/pcg -I/home/pei/Project/duckdb-polr/third_party/tdigest -I/home/pei/Project/duckdb-polr/third_party/mbedtls/include -I/home/pei/Project/duckdb-polr/third_party/jaro_winkler -I/home/pei/Project/duckdb-polr/extension/jemalloc/include -I/home/pei/Project/duckdb-polr/extension/jemalloc/jemalloc/include -O3 -DNDEBUG -O3 -DNDEBUG   -fPIC -fdiagnostics-color=always -w -std=c++11 -MD -MT extension/jemalloc/jemalloc/CMakeFiles/jemalloc.dir/src/fxp.cpp.o -MF extension/jemalloc/jemalloc/CMakeFiles/jemalloc.dir/src/fxp.cpp.o.d -o extension/jemalloc/jemalloc/CMakeFiles/jemalloc.dir/src/fxp.cpp.o -c /home/pei/Project/duckdb-polr/extension/jemalloc/jemalloc/src/fxp.cpp
[231/376] /usr/bin/ccache /usr/lib/ccache/c++ -DDUCKDB_BUILD_LIBRARY -DENABLE_CROSS_PRODUCT_REWRITE=0 -DENABLE_DEBUG_PRINT=0 -DENABLE_MEASURE_EXE_TIME=0 -DENABLE_MERGE_BACK_PLAN=0 -DENABLE_PARALLEL_EXECUTION=0 -DENABLE_QUERY_SPLIT=0 -DENABLE_SPECIFY_EST_STAT=0 -DJEMALLOC_NO_PRIVATE_NAMESPACE -DJEMALLOC_NO_RENAME -I/home/pei/Project/duckdb-polr/src/include -I/home/pei/Project/duckdb-polr/third_party/fsst -I/home/pei/Project/duckdb-polr/third_party/fmt/include -I/home/pei/Project/duckdb-polr/third_party/hyperloglog -I/home/pei/Project/duckdb-polr/third_party/fastpforlib -I/home/pei/Project/duckdb-polr/third_party/fast_float -I/home/pei/Project/duckdb-polr/third_party/re2 -I/home/pei/Project/duckdb-polr/third_party/miniz -I/home/pei/Project/duckdb-polr/third_party/utf8proc/include -I/home/pei/Project/duckdb-polr/third_party/miniparquet -I/home/pei/Project/duckdb-polr/third_party/concurrentqueue -I/home/pei/Project/duckdb-polr/third_party/pcg -I/home/pei/Project/duckdb-polr/third_party/tdigest -I/home/pei/Project/duckdb-polr/third_party/mbedtls/include -I/home/pei/Project/duckdb-polr/third_party/jaro_winkler -I/home/pei/Project/duckdb-polr/extension/jemalloc/include -I/home/pei/Project/duckdb-polr/extension/jemalloc/jemalloc/include -O3 -DNDEBUG -O3 -DNDEBUG   -fPIC -fdiagnostics-color=always -w -std=c++11 -MD -MT extension/jemalloc/jemalloc/CMakeFiles/jemalloc.dir/src/hook.cpp.o -MF extension/jemalloc/jemalloc/CMakeFiles/jemalloc.dir/src/hook.cpp.o.d -o extension/jemalloc/jemalloc/CMakeFiles/jemalloc.dir/src/hook.cpp.o -c /home/pei/Project/duckdb-polr/extension/jemalloc/jemalloc/src/hook.cpp
[232/376] /usr/bin/ccache /usr/lib/ccache/c++ -DDUCKDB_BUILD_LIBRARY -DENABLE_CROSS_PRODUCT_REWRITE=0 -DENABLE_DEBUG_PRINT=0 -DENABLE_MEASURE_EXE_TIME=0 -DENABLE_MERGE_BACK_PLAN=0 -DENABLE_PARALLEL_EXECUTION=0 -DENABLE_QUERY_SPLIT=0 -DENABLE_SPECIFY_EST_STAT=0 -DJEMALLOC_NO_PRIVATE_NAMESPACE -DJEMALLOC_NO_RENAME -I/home/pei/Project/duckdb-polr/src/include -I/home/pei/Project/duckdb-polr/third_party/fsst -I/home/pei/Project/duckdb-polr/third_party/fmt/include -I/home/pei/Project/duckdb-polr/third_party/hyperloglog -I/home/pei/Project/duckdb-polr/third_party/fastpforlib -I/home/pei/Project/duckdb-polr/third_party/fast_float -I/home/pei/Project/duckdb-polr/third_party/re2 -I/home/pei/Project/duckdb-polr/third_party/miniz -I/home/pei/Project/duckdb-polr/third_party/utf8proc/include -I/home/pei/Project/duckdb-polr/third_party/miniparquet -I/home/pei/Project/duckdb-polr/third_party/concurrentqueue -I/home/pei/Project/duckdb-polr/third_party/pcg -I/home/pei/Project/duckdb-polr/third_party/tdigest -I/home/pei/Project/duckdb-polr/third_party/mbedtls/include -I/home/pei/Project/duckdb-polr/third_party/jaro_winkler -I/home/pei/Project/duckdb-polr/extension/jemalloc/include -I/home/pei/Project/duckdb-polr/extension/jemalloc/jemalloc/include -O3 -DNDEBUG -O3 -DNDEBUG   -fPIC -fdiagnostics-color=always -w -std=c++11 -MD -MT extension/jemalloc/jemalloc/CMakeFiles/jemalloc.dir/src/hpa.cpp.o -MF extension/jemalloc/jemalloc/CMakeFiles/jemalloc.dir/src/hpa.cpp.o.d -o extension/jemalloc/jemalloc/CMakeFiles/jemalloc.dir/src/hpa.cpp.o -c /home/pei/Project/duckdb-polr/extension/jemalloc/jemalloc/src/hpa.cpp
[233/376] /usr/bin/ccache /usr/lib/ccache/c++ -DDUCKDB_BUILD_LIBRARY -DENABLE_CROSS_PRODUCT_REWRITE=0 -DENABLE_DEBUG_PRINT=0 -DENABLE_MEASURE_EXE_TIME=0 -DENABLE_MERGE_BACK_PLAN=0 -DENABLE_PARALLEL_EXECUTION=0 -DENABLE_QUERY_SPLIT=0 -DENABLE_SPECIFY_EST_STAT=0 -DJEMALLOC_NO_PRIVATE_NAMESPACE -DJEMALLOC_NO_RENAME -I/home/pei/Project/duckdb-polr/src/include -I/home/pei/Project/duckdb-polr/third_party/fsst -I/home/pei/Project/duckdb-polr/third_party/fmt/include -I/home/pei/Project/duckdb-polr/third_party/hyperloglog -I/home/pei/Project/duckdb-polr/third_party/fastpforlib -I/home/pei/Project/duckdb-polr/third_party/fast_float -I/home/pei/Project/duckdb-polr/third_party/re2 -I/home/pei/Project/duckdb-polr/third_party/miniz -I/home/pei/Project/duckdb-polr/third_party/utf8proc/include -I/home/pei/Project/duckdb-polr/third_party/miniparquet -I/home/pei/Project/duckdb-polr/third_party/concurrentqueue -I/home/pei/Project/duckdb-polr/third_party/pcg -I/home/pei/Project/duckdb-polr/third_party/tdigest -I/home/pei/Project/duckdb-polr/third_party/mbedtls/include -I/home/pei/Project/duckdb-polr/third_party/jaro_winkler -I/home/pei/Project/duckdb-polr/extension/jemalloc/include -I/home/pei/Project/duckdb-polr/extension/jemalloc/jemalloc/include -O3 -DNDEBUG -O3 -DNDEBUG   -fPIC -fdiagnostics-color=always -w -std=c++11 -MD -MT extension/jemalloc/jemalloc/CMakeFiles/jemalloc.dir/src/hpa_hooks.cpp.o -MF extension/jemalloc/jemalloc/CMakeFiles/jemalloc.dir/src/hpa_hooks.cpp.o.d -o extension/jemalloc/jemalloc/CMakeFiles/jemalloc.dir/src/hpa_hooks.cpp.o -c /home/pei/Project/duckdb-polr/extension/jemalloc/jemalloc/src/hpa_hooks.cpp
[234/376] /usr/bin/ccache /usr/lib/ccache/c++ -DDUCKDB_BUILD_LIBRARY -DENABLE_CROSS_PRODUCT_REWRITE=0 -DENABLE_DEBUG_PRINT=0 -DENABLE_MEASURE_EXE_TIME=0 -DENABLE_MERGE_BACK_PLAN=0 -DENABLE_PARALLEL_EXECUTION=0 -DENABLE_QUERY_SPLIT=0 -DENABLE_SPECIFY_EST_STAT=0 -DJEMALLOC_NO_PRIVATE_NAMESPACE -DJEMALLOC_NO_RENAME -I/home/pei/Project/duckdb-polr/src/include -I/home/pei/Project/duckdb-polr/third_party/fsst -I/home/pei/Project/duckdb-polr/third_party/fmt/include -I/home/pei/Project/duckdb-polr/third_party/hyperloglog -I/home/pei/Project/duckdb-polr/third_party/fastpforlib -I/home/pei/Project/duckdb-polr/third_party/fast_float -I/home/pei/Project/duckdb-polr/third_party/re2 -I/home/pei/Project/duckdb-polr/third_party/miniz -I/home/pei/Project/duckdb-polr/third_party/utf8proc/include -I/home/pei/Project/duckdb-polr/third_party/miniparquet -I/home/pei/Project/duckdb-polr/third_party/concurrentqueue -I/home/pei/Project/duckdb-polr/third_party/pcg -I/home/pei/Project/duckdb-polr/third_party/tdigest -I/home/pei/Project/duckdb-polr/third_party/mbedtls/include -I/home/pei/Project/duckdb-polr/third_party/jaro_winkler -I/home/pei/Project/duckdb-polr/extension/jemalloc/include -I/home/pei/Project/duckdb-polr/extension/jemalloc/jemalloc/include -O3 -DNDEBUG -O3 -DNDEBUG   -fPIC -fdiagnostics-color=always -w -std=c++11 -MD -MT extension/jemalloc/jemalloc/CMakeFiles/jemalloc.dir/src/inspect.cpp.o -MF extension/jemalloc/jemalloc/CMakeFiles/jemalloc.dir/src/inspect.cpp.o.d -o extension/jemalloc/jemalloc/CMakeFiles/jemalloc.dir/src/inspect.cpp.o -c /home/pei/Project/duckdb-polr/extension/jemalloc/jemalloc/src/inspect.cpp
[235/376] /usr/bin/ccache /usr/lib/ccache/c++ -DDUCKDB_BUILD_LIBRARY -DENABLE_CROSS_PRODUCT_REWRITE=0 -DENABLE_DEBUG_PRINT=0 -DENABLE_MEASURE_EXE_TIME=0 -DENABLE_MERGE_BACK_PLAN=0 -DENABLE_PARALLEL_EXECUTION=0 -DENABLE_QUERY_SPLIT=0 -DENABLE_SPECIFY_EST_STAT=0 -DJEMALLOC_NO_PRIVATE_NAMESPACE -DJEMALLOC_NO_RENAME -I/home/pei/Project/duckdb-polr/src/include -I/home/pei/Project/duckdb-polr/third_party/fsst -I/home/pei/Project/duckdb-polr/third_party/fmt/include -I/home/pei/Project/duckdb-polr/third_party/hyperloglog -I/home/pei/Project/duckdb-polr/third_party/fastpforlib -I/home/pei/Project/duckdb-polr/third_party/fast_float -I/home/pei/Project/duckdb-polr/third_party/re2 -I/home/pei/Project/duckdb-polr/third_party/miniz -I/home/pei/Project/duckdb-polr/third_party/utf8proc/include -I/home/pei/Project/duckdb-polr/third_party/miniparquet -I/home/pei/Project/duckdb-polr/third_party/concurrentqueue -I/home/pei/Project/duckdb-polr/third_party/pcg -I/home/pei/Project/duckdb-polr/third_party/tdigest -I/home/pei/Project/duckdb-polr/third_party/mbedtls/include -I/home/pei/Project/duckdb-polr/third_party/jaro_winkler -I/home/pei/Project/duckdb-polr/extension/jemalloc/include -I/home/pei/Project/duckdb-polr/extension/jemalloc/jemalloc/include -O3 -DNDEBUG -O3 -DNDEBUG   -fPIC -fdiagnostics-color=always -w -std=c++11 -MD -MT extension/jemalloc/jemalloc/CMakeFiles/jemalloc.dir/src/hpdata.cpp.o -MF extension/jemalloc/jemalloc/CMakeFiles/jemalloc.dir/src/hpdata.cpp.o.d -o extension/jemalloc/jemalloc/CMakeFiles/jemalloc.dir/src/hpdata.cpp.o -c /home/pei/Project/duckdb-polr/extension/jemalloc/jemalloc/src/hpdata.cpp
[236/376] /usr/bin/ccache /usr/lib/ccache/c++ -DDUCKDB_BUILD_LIBRARY -DENABLE_CROSS_PRODUCT_REWRITE=0 -DENABLE_DEBUG_PRINT=0 -DENABLE_MEASURE_EXE_TIME=0 -DENABLE_MERGE_BACK_PLAN=0 -DENABLE_PARALLEL_EXECUTION=0 -DENABLE_QUERY_SPLIT=0 -DENABLE_SPECIFY_EST_STAT=0 -DJEMALLOC_NO_PRIVATE_NAMESPACE -DJEMALLOC_NO_RENAME -I/home/pei/Project/duckdb-polr/src/include -I/home/pei/Project/duckdb-polr/third_party/fsst -I/home/pei/Project/duckdb-polr/third_party/fmt/include -I/home/pei/Project/duckdb-polr/third_party/hyperloglog -I/home/pei/Project/duckdb-polr/third_party/fastpforlib -I/home/pei/Project/duckdb-polr/third_party/fast_float -I/home/pei/Project/duckdb-polr/third_party/re2 -I/home/pei/Project/duckdb-polr/third_party/miniz -I/home/pei/Project/duckdb-polr/third_party/utf8proc/include -I/home/pei/Project/duckdb-polr/third_party/miniparquet -I/home/pei/Project/duckdb-polr/third_party/concurrentqueue -I/home/pei/Project/duckdb-polr/third_party/pcg -I/home/pei/Project/duckdb-polr/third_party/tdigest -I/home/pei/Project/duckdb-polr/third_party/mbedtls/include -I/home/pei/Project/duckdb-polr/third_party/jaro_winkler -I/home/pei/Project/duckdb-polr/extension/jemalloc/include -I/home/pei/Project/duckdb-polr/extension/jemalloc/jemalloc/include -O3 -DNDEBUG -O3 -DNDEBUG   -fPIC -fdiagnostics-color=always -w -std=c++11 -MD -MT extension/jemalloc/jemalloc/CMakeFiles/jemalloc.dir/src/large.cpp.o -MF extension/jemalloc/jemalloc/CMakeFiles/jemalloc.dir/src/large.cpp.o.d -o extension/jemalloc/jemalloc/CMakeFiles/jemalloc.dir/src/large.cpp.o -c /home/pei/Project/duckdb-polr/extension/jemalloc/jemalloc/src/large.cpp
[237/376] /usr/bin/ccache /usr/lib/ccache/c++ -DDUCKDB_BUILD_LIBRARY -DENABLE_CROSS_PRODUCT_REWRITE=0 -DENABLE_DEBUG_PRINT=0 -DENABLE_MEASURE_EXE_TIME=0 -DENABLE_MERGE_BACK_PLAN=0 -DENABLE_PARALLEL_EXECUTION=0 -DENABLE_QUERY_SPLIT=0 -DENABLE_SPECIFY_EST_STAT=0 -DJEMALLOC_NO_PRIVATE_NAMESPACE -DJEMALLOC_NO_RENAME -I/home/pei/Project/duckdb-polr/src/include -I/home/pei/Project/duckdb-polr/third_party/fsst -I/home/pei/Project/duckdb-polr/third_party/fmt/include -I/home/pei/Project/duckdb-polr/third_party/hyperloglog -I/home/pei/Project/duckdb-polr/third_party/fastpforlib -I/home/pei/Project/duckdb-polr/third_party/fast_float -I/home/pei/Project/duckdb-polr/third_party/re2 -I/home/pei/Project/duckdb-polr/third_party/miniz -I/home/pei/Project/duckdb-polr/third_party/utf8proc/include -I/home/pei/Project/duckdb-polr/third_party/miniparquet -I/home/pei/Project/duckdb-polr/third_party/concurrentqueue -I/home/pei/Project/duckdb-polr/third_party/pcg -I/home/pei/Project/duckdb-polr/third_party/tdigest -I/home/pei/Project/duckdb-polr/third_party/mbedtls/include -I/home/pei/Project/duckdb-polr/third_party/jaro_winkler -I/home/pei/Project/duckdb-polr/extension/jemalloc/include -I/home/pei/Project/duckdb-polr/extension/jemalloc/jemalloc/include -O3 -DNDEBUG -O3 -DNDEBUG   -fPIC -fdiagnostics-color=always -w -std=c++11 -MD -MT extension/jemalloc/jemalloc/CMakeFiles/jemalloc.dir/src/log.cpp.o -MF extension/jemalloc/jemalloc/CMakeFiles/jemalloc.dir/src/log.cpp.o.d -o extension/jemalloc/jemalloc/CMakeFiles/jemalloc.dir/src/log.cpp.o -c /home/pei/Project/duckdb-polr/extension/jemalloc/jemalloc/src/log.cpp
[238/376] /usr/bin/ccache /usr/lib/ccache/c++ -DDUCKDB_BUILD_LIBRARY -DENABLE_CROSS_PRODUCT_REWRITE=0 -DENABLE_DEBUG_PRINT=0 -DENABLE_MEASURE_EXE_TIME=0 -DENABLE_MERGE_BACK_PLAN=0 -DENABLE_PARALLEL_EXECUTION=0 -DENABLE_QUERY_SPLIT=0 -DENABLE_SPECIFY_EST_STAT=0 -DJEMALLOC_NO_PRIVATE_NAMESPACE -DJEMALLOC_NO_RENAME -I/home/pei/Project/duckdb-polr/src/include -I/home/pei/Project/duckdb-polr/third_party/fsst -I/home/pei/Project/duckdb-polr/third_party/fmt/include -I/home/pei/Project/duckdb-polr/third_party/hyperloglog -I/home/pei/Project/duckdb-polr/third_party/fastpforlib -I/home/pei/Project/duckdb-polr/third_party/fast_float -I/home/pei/Project/duckdb-polr/third_party/re2 -I/home/pei/Project/duckdb-polr/third_party/miniz -I/home/pei/Project/duckdb-polr/third_party/utf8proc/include -I/home/pei/Project/duckdb-polr/third_party/miniparquet -I/home/pei/Project/duckdb-polr/third_party/concurrentqueue -I/home/pei/Project/duckdb-polr/third_party/pcg -I/home/pei/Project/duckdb-polr/third_party/tdigest -I/home/pei/Project/duckdb-polr/third_party/mbedtls/include -I/home/pei/Project/duckdb-polr/third_party/jaro_winkler -I/home/pei/Project/duckdb-polr/extension/jemalloc/include -I/home/pei/Project/duckdb-polr/extension/jemalloc/jemalloc/include -O3 -DNDEBUG -O3 -DNDEBUG   -fPIC -fdiagnostics-color=always -w -std=c++11 -MD -MT extension/jemalloc/jemalloc/CMakeFiles/jemalloc.dir/src/jemalloc.cpp.o -MF extension/jemalloc/jemalloc/CMakeFiles/jemalloc.dir/src/jemalloc.cpp.o.d -o extension/jemalloc/jemalloc/CMakeFiles/jemalloc.dir/src/jemalloc.cpp.o -c /home/pei/Project/duckdb-polr/extension/jemalloc/jemalloc/src/jemalloc.cpp
[239/376] /usr/bin/ccache /usr/lib/ccache/c++ -DDUCKDB_BUILD_LIBRARY -DENABLE_CROSS_PRODUCT_REWRITE=0 -DENABLE_DEBUG_PRINT=0 -DENABLE_MEASURE_EXE_TIME=0 -DENABLE_MERGE_BACK_PLAN=0 -DENABLE_PARALLEL_EXECUTION=0 -DENABLE_QUERY_SPLIT=0 -DENABLE_SPECIFY_EST_STAT=0 -DJEMALLOC_NO_PRIVATE_NAMESPACE -DJEMALLOC_NO_RENAME -I/home/pei/Project/duckdb-polr/src/include -I/home/pei/Project/duckdb-polr/third_party/fsst -I/home/pei/Project/duckdb-polr/third_party/fmt/include -I/home/pei/Project/duckdb-polr/third_party/hyperloglog -I/home/pei/Project/duckdb-polr/third_party/fastpforlib -I/home/pei/Project/duckdb-polr/third_party/fast_float -I/home/pei/Project/duckdb-polr/third_party/re2 -I/home/pei/Project/duckdb-polr/third_party/miniz -I/home/pei/Project/duckdb-polr/third_party/utf8proc/include -I/home/pei/Project/duckdb-polr/third_party/miniparquet -I/home/pei/Project/duckdb-polr/third_party/concurrentqueue -I/home/pei/Project/duckdb-polr/third_party/pcg -I/home/pei/Project/duckdb-polr/third_party/tdigest -I/home/pei/Project/duckdb-polr/third_party/mbedtls/include -I/home/pei/Project/duckdb-polr/third_party/jaro_winkler -I/home/pei/Project/duckdb-polr/extension/jemalloc/include -I/home/pei/Project/duckdb-polr/extension/jemalloc/jemalloc/include -O3 -DNDEBUG -O3 -DNDEBUG   -fPIC -fdiagnostics-color=always -w -std=c++11 -MD -MT extension/jemalloc/jemalloc/CMakeFiles/jemalloc.dir/src/nstime.cpp.o -MF extension/jemalloc/jemalloc/CMakeFiles/jemalloc.dir/src/nstime.cpp.o.d -o extension/jemalloc/jemalloc/CMakeFiles/jemalloc.dir/src/nstime.cpp.o -c /home/pei/Project/duckdb-polr/extension/jemalloc/jemalloc/src/nstime.cpp
[240/376] /usr/bin/ccache /usr/lib/ccache/c++ -DDUCKDB_BUILD_LIBRARY -DENABLE_CROSS_PRODUCT_REWRITE=0 -DENABLE_DEBUG_PRINT=0 -DENABLE_MEASURE_EXE_TIME=0 -DENABLE_MERGE_BACK_PLAN=0 -DENABLE_PARALLEL_EXECUTION=0 -DENABLE_QUERY_SPLIT=0 -DENABLE_SPECIFY_EST_STAT=0 -DJEMALLOC_NO_PRIVATE_NAMESPACE -DJEMALLOC_NO_RENAME -I/home/pei/Project/duckdb-polr/src/include -I/home/pei/Project/duckdb-polr/third_party/fsst -I/home/pei/Project/duckdb-polr/third_party/fmt/include -I/home/pei/Project/duckdb-polr/third_party/hyperloglog -I/home/pei/Project/duckdb-polr/third_party/fastpforlib -I/home/pei/Project/duckdb-polr/third_party/fast_float -I/home/pei/Project/duckdb-polr/third_party/re2 -I/home/pei/Project/duckdb-polr/third_party/miniz -I/home/pei/Project/duckdb-polr/third_party/utf8proc/include -I/home/pei/Project/duckdb-polr/third_party/miniparquet -I/home/pei/Project/duckdb-polr/third_party/concurrentqueue -I/home/pei/Project/duckdb-polr/third_party/pcg -I/home/pei/Project/duckdb-polr/third_party/tdigest -I/home/pei/Project/duckdb-polr/third_party/mbedtls/include -I/home/pei/Project/duckdb-polr/third_party/jaro_winkler -I/home/pei/Project/duckdb-polr/extension/jemalloc/include -I/home/pei/Project/duckdb-polr/extension/jemalloc/jemalloc/include -O3 -DNDEBUG -O3 -DNDEBUG   -fPIC -fdiagnostics-color=always -w -std=c++11 -MD -MT extension/jemalloc/jemalloc/CMakeFiles/jemalloc.dir/src/malloc_io.cpp.o -MF extension/jemalloc/jemalloc/CMakeFiles/jemalloc.dir/src/malloc_io.cpp.o.d -o extension/jemalloc/jemalloc/CMakeFiles/jemalloc.dir/src/malloc_io.cpp.o -c /home/pei/Project/duckdb-polr/extension/jemalloc/jemalloc/src/malloc_io.cpp
[241/376] /usr/bin/ccache /usr/lib/ccache/c++ -DDUCKDB_BUILD_LIBRARY -DENABLE_CROSS_PRODUCT_REWRITE=0 -DENABLE_DEBUG_PRINT=0 -DENABLE_MEASURE_EXE_TIME=0 -DENABLE_MERGE_BACK_PLAN=0 -DENABLE_PARALLEL_EXECUTION=0 -DENABLE_QUERY_SPLIT=0 -DENABLE_SPECIFY_EST_STAT=0 -DJEMALLOC_NO_PRIVATE_NAMESPACE -DJEMALLOC_NO_RENAME -I/home/pei/Project/duckdb-polr/src/include -I/home/pei/Project/duckdb-polr/third_party/fsst -I/home/pei/Project/duckdb-polr/third_party/fmt/include -I/home/pei/Project/duckdb-polr/third_party/hyperloglog -I/home/pei/Project/duckdb-polr/third_party/fastpforlib -I/home/pei/Project/duckdb-polr/third_party/fast_float -I/home/pei/Project/duckdb-polr/third_party/re2 -I/home/pei/Project/duckdb-polr/third_party/miniz -I/home/pei/Project/duckdb-polr/third_party/utf8proc/include -I/home/pei/Project/duckdb-polr/third_party/miniparquet -I/home/pei/Project/duckdb-polr/third_party/concurrentqueue -I/home/pei/Project/duckdb-polr/third_party/pcg -I/home/pei/Project/duckdb-polr/third_party/tdigest -I/home/pei/Project/duckdb-polr/third_party/mbedtls/include -I/home/pei/Project/duckdb-polr/third_party/jaro_winkler -I/home/pei/Project/duckdb-polr/extension/jemalloc/include -I/home/pei/Project/duckdb-polr/extension/jemalloc/jemalloc/include -O3 -DNDEBUG -O3 -DNDEBUG   -fPIC -fdiagnostics-color=always -w -std=c++11 -MD -MT extension/jemalloc/jemalloc/CMakeFiles/jemalloc.dir/src/mutex.cpp.o -MF extension/jemalloc/jemalloc/CMakeFiles/jemalloc.dir/src/mutex.cpp.o.d -o extension/jemalloc/jemalloc/CMakeFiles/jemalloc.dir/src/mutex.cpp.o -c /home/pei/Project/duckdb-polr/extension/jemalloc/jemalloc/src/mutex.cpp
[242/376] /usr/bin/ccache /usr/lib/ccache/c++ -DDUCKDB_BUILD_LIBRARY -DENABLE_CROSS_PRODUCT_REWRITE=0 -DENABLE_DEBUG_PRINT=0 -DENABLE_MEASURE_EXE_TIME=0 -DENABLE_MERGE_BACK_PLAN=0 -DENABLE_PARALLEL_EXECUTION=0 -DENABLE_QUERY_SPLIT=0 -DENABLE_SPECIFY_EST_STAT=0 -DJEMALLOC_NO_PRIVATE_NAMESPACE -DJEMALLOC_NO_RENAME -I/home/pei/Project/duckdb-polr/src/include -I/home/pei/Project/duckdb-polr/third_party/fsst -I/home/pei/Project/duckdb-polr/third_party/fmt/include -I/home/pei/Project/duckdb-polr/third_party/hyperloglog -I/home/pei/Project/duckdb-polr/third_party/fastpforlib -I/home/pei/Project/duckdb-polr/third_party/fast_float -I/home/pei/Project/duckdb-polr/third_party/re2 -I/home/pei/Project/duckdb-polr/third_party/miniz -I/home/pei/Project/duckdb-polr/third_party/utf8proc/include -I/home/pei/Project/duckdb-polr/third_party/miniparquet -I/home/pei/Project/duckdb-polr/third_party/concurrentqueue -I/home/pei/Project/duckdb-polr/third_party/pcg -I/home/pei/Project/duckdb-polr/third_party/tdigest -I/home/pei/Project/duckdb-polr/third_party/mbedtls/include -I/home/pei/Project/duckdb-polr/third_party/jaro_winkler -I/home/pei/Project/duckdb-polr/extension/jemalloc/include -I/home/pei/Project/duckdb-polr/extension/jemalloc/jemalloc/include -O3 -DNDEBUG -O3 -DNDEBUG   -fPIC -fdiagnostics-color=always -w -std=c++11 -MD -MT extension/jemalloc/jemalloc/CMakeFiles/jemalloc.dir/src/pa.cpp.o -MF extension/jemalloc/jemalloc/CMakeFiles/jemalloc.dir/src/pa.cpp.o.d -o extension/jemalloc/jemalloc/CMakeFiles/jemalloc.dir/src/pa.cpp.o -c /home/pei/Project/duckdb-polr/extension/jemalloc/jemalloc/src/pa.cpp
[243/376] /usr/bin/ccache /usr/lib/ccache/c++ -DDUCKDB_BUILD_LIBRARY -DENABLE_CROSS_PRODUCT_REWRITE=0 -DENABLE_DEBUG_PRINT=0 -DENABLE_MEASURE_EXE_TIME=0 -DENABLE_MERGE_BACK_PLAN=0 -DENABLE_PARALLEL_EXECUTION=0 -DENABLE_QUERY_SPLIT=0 -DENABLE_SPECIFY_EST_STAT=0 -DJEMALLOC_NO_PRIVATE_NAMESPACE -DJEMALLOC_NO_RENAME -I/home/pei/Project/duckdb-polr/src/include -I/home/pei/Project/duckdb-polr/third_party/fsst -I/home/pei/Project/duckdb-polr/third_party/fmt/include -I/home/pei/Project/duckdb-polr/third_party/hyperloglog -I/home/pei/Project/duckdb-polr/third_party/fastpforlib -I/home/pei/Project/duckdb-polr/third_party/fast_float -I/home/pei/Project/duckdb-polr/third_party/re2 -I/home/pei/Project/duckdb-polr/third_party/miniz -I/home/pei/Project/duckdb-polr/third_party/utf8proc/include -I/home/pei/Project/duckdb-polr/third_party/miniparquet -I/home/pei/Project/duckdb-polr/third_party/concurrentqueue -I/home/pei/Project/duckdb-polr/third_party/pcg -I/home/pei/Project/duckdb-polr/third_party/tdigest -I/home/pei/Project/duckdb-polr/third_party/mbedtls/include -I/home/pei/Project/duckdb-polr/third_party/jaro_winkler -I/home/pei/Project/duckdb-polr/extension/jemalloc/include -I/home/pei/Project/duckdb-polr/extension/jemalloc/jemalloc/include -O3 -DNDEBUG -O3 -DNDEBUG   -fPIC -fdiagnostics-color=always -w -std=c++11 -MD -MT extension/jemalloc/jemalloc/CMakeFiles/jemalloc.dir/src/pa_extra.cpp.o -MF extension/jemalloc/jemalloc/CMakeFiles/jemalloc.dir/src/pa_extra.cpp.o.d -o extension/jemalloc/jemalloc/CMakeFiles/jemalloc.dir/src/pa_extra.cpp.o -c /home/pei/Project/duckdb-polr/extension/jemalloc/jemalloc/src/pa_extra.cpp
[244/376] /usr/bin/ccache /usr/lib/ccache/c++ -DDUCKDB_BUILD_LIBRARY -DENABLE_CROSS_PRODUCT_REWRITE=0 -DENABLE_DEBUG_PRINT=0 -DENABLE_MEASURE_EXE_TIME=0 -DENABLE_MERGE_BACK_PLAN=0 -DENABLE_PARALLEL_EXECUTION=0 -DENABLE_QUERY_SPLIT=0 -DENABLE_SPECIFY_EST_STAT=0 -DJEMALLOC_NO_PRIVATE_NAMESPACE -DJEMALLOC_NO_RENAME -I/home/pei/Project/duckdb-polr/src/include -I/home/pei/Project/duckdb-polr/third_party/fsst -I/home/pei/Project/duckdb-polr/third_party/fmt/include -I/home/pei/Project/duckdb-polr/third_party/hyperloglog -I/home/pei/Project/duckdb-polr/third_party/fastpforlib -I/home/pei/Project/duckdb-polr/third_party/fast_float -I/home/pei/Project/duckdb-polr/third_party/re2 -I/home/pei/Project/duckdb-polr/third_party/miniz -I/home/pei/Project/duckdb-polr/third_party/utf8proc/include -I/home/pei/Project/duckdb-polr/third_party/miniparquet -I/home/pei/Project/duckdb-polr/third_party/concurrentqueue -I/home/pei/Project/duckdb-polr/third_party/pcg -I/home/pei/Project/duckdb-polr/third_party/tdigest -I/home/pei/Project/duckdb-polr/third_party/mbedtls/include -I/home/pei/Project/duckdb-polr/third_party/jaro_winkler -I/home/pei/Project/duckdb-polr/extension/jemalloc/include -I/home/pei/Project/duckdb-polr/extension/jemalloc/jemalloc/include -O3 -DNDEBUG -O3 -DNDEBUG   -fPIC -fdiagnostics-color=always -w -std=c++11 -MD -MT extension/jemalloc/jemalloc/CMakeFiles/jemalloc.dir/src/pac.cpp.o -MF extension/jemalloc/jemalloc/CMakeFiles/jemalloc.dir/src/pac.cpp.o.d -o extension/jemalloc/jemalloc/CMakeFiles/jemalloc.dir/src/pac.cpp.o -c /home/pei/Project/duckdb-polr/extension/jemalloc/jemalloc/src/pac.cpp
[245/376] /usr/bin/ccache /usr/lib/ccache/c++ -DDUCKDB_BUILD_LIBRARY -DENABLE_CROSS_PRODUCT_REWRITE=0 -DENABLE_DEBUG_PRINT=0 -DENABLE_MEASURE_EXE_TIME=0 -DENABLE_MERGE_BACK_PLAN=0 -DENABLE_PARALLEL_EXECUTION=0 -DENABLE_QUERY_SPLIT=0 -DENABLE_SPECIFY_EST_STAT=0 -DJEMALLOC_NO_PRIVATE_NAMESPACE -DJEMALLOC_NO_RENAME -I/home/pei/Project/duckdb-polr/src/include -I/home/pei/Project/duckdb-polr/third_party/fsst -I/home/pei/Project/duckdb-polr/third_party/fmt/include -I/home/pei/Project/duckdb-polr/third_party/hyperloglog -I/home/pei/Project/duckdb-polr/third_party/fastpforlib -I/home/pei/Project/duckdb-polr/third_party/fast_float -I/home/pei/Project/duckdb-polr/third_party/re2 -I/home/pei/Project/duckdb-polr/third_party/miniz -I/home/pei/Project/duckdb-polr/third_party/utf8proc/include -I/home/pei/Project/duckdb-polr/third_party/miniparquet -I/home/pei/Project/duckdb-polr/third_party/concurrentqueue -I/home/pei/Project/duckdb-polr/third_party/pcg -I/home/pei/Project/duckdb-polr/third_party/tdigest -I/home/pei/Project/duckdb-polr/third_party/mbedtls/include -I/home/pei/Project/duckdb-polr/third_party/jaro_winkler -I/home/pei/Project/duckdb-polr/extension/jemalloc/include -I/home/pei/Project/duckdb-polr/extension/jemalloc/jemalloc/include -O3 -DNDEBUG -O3 -DNDEBUG   -fPIC -fdiagnostics-color=always -w -std=c++11 -MD -MT extension/jemalloc/jemalloc/CMakeFiles/jemalloc.dir/src/pages.cpp.o -MF extension/jemalloc/jemalloc/CMakeFiles/jemalloc.dir/src/pages.cpp.o.d -o extension/jemalloc/jemalloc/CMakeFiles/jemalloc.dir/src/pages.cpp.o -c /home/pei/Project/duckdb-polr/extension/jemalloc/jemalloc/src/pages.cpp
[246/376] /usr/bin/ccache /usr/lib/ccache/c++ -DDUCKDB_BUILD_LIBRARY -DENABLE_CROSS_PRODUCT_REWRITE=0 -DENABLE_DEBUG_PRINT=0 -DENABLE_MEASURE_EXE_TIME=0 -DENABLE_MERGE_BACK_PLAN=0 -DENABLE_PARALLEL_EXECUTION=0 -DENABLE_QUERY_SPLIT=0 -DENABLE_SPECIFY_EST_STAT=0 -DJEMALLOC_NO_PRIVATE_NAMESPACE -DJEMALLOC_NO_RENAME -I/home/pei/Project/duckdb-polr/src/include -I/home/pei/Project/duckdb-polr/third_party/fsst -I/home/pei/Project/duckdb-polr/third_party/fmt/include -I/home/pei/Project/duckdb-polr/third_party/hyperloglog -I/home/pei/Project/duckdb-polr/third_party/fastpforlib -I/home/pei/Project/duckdb-polr/third_party/fast_float -I/home/pei/Project/duckdb-polr/third_party/re2 -I/home/pei/Project/duckdb-polr/third_party/miniz -I/home/pei/Project/duckdb-polr/third_party/utf8proc/include -I/home/pei/Project/duckdb-polr/third_party/miniparquet -I/home/pei/Project/duckdb-polr/third_party/concurrentqueue -I/home/pei/Project/duckdb-polr/third_party/pcg -I/home/pei/Project/duckdb-polr/third_party/tdigest -I/home/pei/Project/duckdb-polr/third_party/mbedtls/include -I/home/pei/Project/duckdb-polr/third_party/jaro_winkler -I/home/pei/Project/duckdb-polr/extension/jemalloc/include -I/home/pei/Project/duckdb-polr/extension/jemalloc/jemalloc/include -O3 -DNDEBUG -O3 -DNDEBUG   -fPIC -fdiagnostics-color=always -w -std=c++11 -MD -MT extension/jemalloc/jemalloc/CMakeFiles/jemalloc.dir/src/pai.cpp.o -MF extension/jemalloc/jemalloc/CMakeFiles/jemalloc.dir/src/pai.cpp.o.d -o extension/jemalloc/jemalloc/CMakeFiles/jemalloc.dir/src/pai.cpp.o -c /home/pei/Project/duckdb-polr/extension/jemalloc/jemalloc/src/pai.cpp
[247/376] /usr/bin/ccache /usr/lib/ccache/c++ -DDUCKDB_BUILD_LIBRARY -DENABLE_CROSS_PRODUCT_REWRITE=0 -DENABLE_DEBUG_PRINT=0 -DENABLE_MEASURE_EXE_TIME=0 -DENABLE_MERGE_BACK_PLAN=0 -DENABLE_PARALLEL_EXECUTION=0 -DENABLE_QUERY_SPLIT=0 -DENABLE_SPECIFY_EST_STAT=0 -DJEMALLOC_NO_PRIVATE_NAMESPACE -DJEMALLOC_NO_RENAME -I/home/pei/Project/duckdb-polr/src/include -I/home/pei/Project/duckdb-polr/third_party/fsst -I/home/pei/Project/duckdb-polr/third_party/fmt/include -I/home/pei/Project/duckdb-polr/third_party/hyperloglog -I/home/pei/Project/duckdb-polr/third_party/fastpforlib -I/home/pei/Project/duckdb-polr/third_party/fast_float -I/home/pei/Project/duckdb-polr/third_party/re2 -I/home/pei/Project/duckdb-polr/third_party/miniz -I/home/pei/Project/duckdb-polr/third_party/utf8proc/include -I/home/pei/Project/duckdb-polr/third_party/miniparquet -I/home/pei/Project/duckdb-polr/third_party/concurrentqueue -I/home/pei/Project/duckdb-polr/third_party/pcg -I/home/pei/Project/duckdb-polr/third_party/tdigest -I/home/pei/Project/duckdb-polr/third_party/mbedtls/include -I/home/pei/Project/duckdb-polr/third_party/jaro_winkler -I/home/pei/Project/duckdb-polr/extension/jemalloc/include -I/home/pei/Project/duckdb-polr/extension/jemalloc/jemalloc/include -O3 -DNDEBUG -O3 -DNDEBUG   -fPIC -fdiagnostics-color=always -w -std=c++11 -MD -MT extension/jemalloc/jemalloc/CMakeFiles/jemalloc.dir/src/peak_event.cpp.o -MF extension/jemalloc/jemalloc/CMakeFiles/jemalloc.dir/src/peak_event.cpp.o.d -o extension/jemalloc/jemalloc/CMakeFiles/jemalloc.dir/src/peak_event.cpp.o -c /home/pei/Project/duckdb-polr/extension/jemalloc/jemalloc/src/peak_event.cpp
[248/376] /usr/bin/ccache /usr/lib/ccache/c++ -DDUCKDB_BUILD_LIBRARY -DENABLE_CROSS_PRODUCT_REWRITE=0 -DENABLE_DEBUG_PRINT=0 -DENABLE_MEASURE_EXE_TIME=0 -DENABLE_MERGE_BACK_PLAN=0 -DENABLE_PARALLEL_EXECUTION=0 -DENABLE_QUERY_SPLIT=0 -DENABLE_SPECIFY_EST_STAT=0 -DJEMALLOC_NO_PRIVATE_NAMESPACE -DJEMALLOC_NO_RENAME -I/home/pei/Project/duckdb-polr/src/include -I/home/pei/Project/duckdb-polr/third_party/fsst -I/home/pei/Project/duckdb-polr/third_party/fmt/include -I/home/pei/Project/duckdb-polr/third_party/hyperloglog -I/home/pei/Project/duckdb-polr/third_party/fastpforlib -I/home/pei/Project/duckdb-polr/third_party/fast_float -I/home/pei/Project/duckdb-polr/third_party/re2 -I/home/pei/Project/duckdb-polr/third_party/miniz -I/home/pei/Project/duckdb-polr/third_party/utf8proc/include -I/home/pei/Project/duckdb-polr/third_party/miniparquet -I/home/pei/Project/duckdb-polr/third_party/concurrentqueue -I/home/pei/Project/duckdb-polr/third_party/pcg -I/home/pei/Project/duckdb-polr/third_party/tdigest -I/home/pei/Project/duckdb-polr/third_party/mbedtls/include -I/home/pei/Project/duckdb-polr/third_party/jaro_winkler -I/home/pei/Project/duckdb-polr/extension/jemalloc/include -I/home/pei/Project/duckdb-polr/extension/jemalloc/jemalloc/include -O3 -DNDEBUG -O3 -DNDEBUG   -fPIC -fdiagnostics-color=always -w -std=c++11 -MD -MT extension/jemalloc/jemalloc/CMakeFiles/jemalloc.dir/src/prof.cpp.o -MF extension/jemalloc/jemalloc/CMakeFiles/jemalloc.dir/src/prof.cpp.o.d -o extension/jemalloc/jemalloc/CMakeFiles/jemalloc.dir/src/prof.cpp.o -c /home/pei/Project/duckdb-polr/extension/jemalloc/jemalloc/src/prof.cpp
[249/376] /usr/bin/ccache /usr/lib/ccache/c++ -DDUCKDB_BUILD_LIBRARY -DENABLE_CROSS_PRODUCT_REWRITE=0 -DENABLE_DEBUG_PRINT=0 -DENABLE_MEASURE_EXE_TIME=0 -DENABLE_MERGE_BACK_PLAN=0 -DENABLE_PARALLEL_EXECUTION=0 -DENABLE_QUERY_SPLIT=0 -DENABLE_SPECIFY_EST_STAT=0 -DJEMALLOC_NO_PRIVATE_NAMESPACE -DJEMALLOC_NO_RENAME -I/home/pei/Project/duckdb-polr/src/include -I/home/pei/Project/duckdb-polr/third_party/fsst -I/home/pei/Project/duckdb-polr/third_party/fmt/include -I/home/pei/Project/duckdb-polr/third_party/hyperloglog -I/home/pei/Project/duckdb-polr/third_party/fastpforlib -I/home/pei/Project/duckdb-polr/third_party/fast_float -I/home/pei/Project/duckdb-polr/third_party/re2 -I/home/pei/Project/duckdb-polr/third_party/miniz -I/home/pei/Project/duckdb-polr/third_party/utf8proc/include -I/home/pei/Project/duckdb-polr/third_party/miniparquet -I/home/pei/Project/duckdb-polr/third_party/concurrentqueue -I/home/pei/Project/duckdb-polr/third_party/pcg -I/home/pei/Project/duckdb-polr/third_party/tdigest -I/home/pei/Project/duckdb-polr/third_party/mbedtls/include -I/home/pei/Project/duckdb-polr/third_party/jaro_winkler -I/home/pei/Project/duckdb-polr/extension/jemalloc/include -I/home/pei/Project/duckdb-polr/extension/jemalloc/jemalloc/include -O3 -DNDEBUG -O3 -DNDEBUG   -fPIC -fdiagnostics-color=always -w -std=c++11 -MD -MT extension/jemalloc/jemalloc/CMakeFiles/jemalloc.dir/src/prof_data.cpp.o -MF extension/jemalloc/jemalloc/CMakeFiles/jemalloc.dir/src/prof_data.cpp.o.d -o extension/jemalloc/jemalloc/CMakeFiles/jemalloc.dir/src/prof_data.cpp.o -c /home/pei/Project/duckdb-polr/extension/jemalloc/jemalloc/src/prof_data.cpp
[250/376] /usr/bin/ccache /usr/lib/ccache/c++ -DDUCKDB_BUILD_LIBRARY -DENABLE_CROSS_PRODUCT_REWRITE=0 -DENABLE_DEBUG_PRINT=0 -DENABLE_MEASURE_EXE_TIME=0 -DENABLE_MERGE_BACK_PLAN=0 -DENABLE_PARALLEL_EXECUTION=0 -DENABLE_QUERY_SPLIT=0 -DENABLE_SPECIFY_EST_STAT=0 -DJEMALLOC_NO_PRIVATE_NAMESPACE -DJEMALLOC_NO_RENAME -I/home/pei/Project/duckdb-polr/src/include -I/home/pei/Project/duckdb-polr/third_party/fsst -I/home/pei/Project/duckdb-polr/third_party/fmt/include -I/home/pei/Project/duckdb-polr/third_party/hyperloglog -I/home/pei/Project/duckdb-polr/third_party/fastpforlib -I/home/pei/Project/duckdb-polr/third_party/fast_float -I/home/pei/Project/duckdb-polr/third_party/re2 -I/home/pei/Project/duckdb-polr/third_party/miniz -I/home/pei/Project/duckdb-polr/third_party/utf8proc/include -I/home/pei/Project/duckdb-polr/third_party/miniparquet -I/home/pei/Project/duckdb-polr/third_party/concurrentqueue -I/home/pei/Project/duckdb-polr/third_party/pcg -I/home/pei/Project/duckdb-polr/third_party/tdigest -I/home/pei/Project/duckdb-polr/third_party/mbedtls/include -I/home/pei/Project/duckdb-polr/third_party/jaro_winkler -I/home/pei/Project/duckdb-polr/extension/jemalloc/include -I/home/pei/Project/duckdb-polr/extension/jemalloc/jemalloc/include -O3 -DNDEBUG -O3 -DNDEBUG   -fPIC -fdiagnostics-color=always -w -std=c++11 -MD -MT extension/jemalloc/jemalloc/CMakeFiles/jemalloc.dir/src/prof_recent.cpp.o -MF extension/jemalloc/jemalloc/CMakeFiles/jemalloc.dir/src/prof_recent.cpp.o.d -o extension/jemalloc/jemalloc/CMakeFiles/jemalloc.dir/src/prof_recent.cpp.o -c /home/pei/Project/duckdb-polr/extension/jemalloc/jemalloc/src/prof_recent.cpp
[251/376] /usr/bin/ccache /usr/lib/ccache/c++ -DDUCKDB_BUILD_LIBRARY -DENABLE_CROSS_PRODUCT_REWRITE=0 -DENABLE_DEBUG_PRINT=0 -DENABLE_MEASURE_EXE_TIME=0 -DENABLE_MERGE_BACK_PLAN=0 -DENABLE_PARALLEL_EXECUTION=0 -DENABLE_QUERY_SPLIT=0 -DENABLE_SPECIFY_EST_STAT=0 -DJEMALLOC_NO_PRIVATE_NAMESPACE -DJEMALLOC_NO_RENAME -I/home/pei/Project/duckdb-polr/src/include -I/home/pei/Project/duckdb-polr/third_party/fsst -I/home/pei/Project/duckdb-polr/third_party/fmt/include -I/home/pei/Project/duckdb-polr/third_party/hyperloglog -I/home/pei/Project/duckdb-polr/third_party/fastpforlib -I/home/pei/Project/duckdb-polr/third_party/fast_float -I/home/pei/Project/duckdb-polr/third_party/re2 -I/home/pei/Project/duckdb-polr/third_party/miniz -I/home/pei/Project/duckdb-polr/third_party/utf8proc/include -I/home/pei/Project/duckdb-polr/third_party/miniparquet -I/home/pei/Project/duckdb-polr/third_party/concurrentqueue -I/home/pei/Project/duckdb-polr/third_party/pcg -I/home/pei/Project/duckdb-polr/third_party/tdigest -I/home/pei/Project/duckdb-polr/third_party/mbedtls/include -I/home/pei/Project/duckdb-polr/third_party/jaro_winkler -I/home/pei/Project/duckdb-polr/extension/jemalloc/include -I/home/pei/Project/duckdb-polr/extension/jemalloc/jemalloc/include -O3 -DNDEBUG -O3 -DNDEBUG   -fPIC -fdiagnostics-color=always -w -std=c++11 -MD -MT extension/jemalloc/jemalloc/CMakeFiles/jemalloc.dir/src/prof_log.cpp.o -MF extension/jemalloc/jemalloc/CMakeFiles/jemalloc.dir/src/prof_log.cpp.o.d -o extension/jemalloc/jemalloc/CMakeFiles/jemalloc.dir/src/prof_log.cpp.o -c /home/pei/Project/duckdb-polr/extension/jemalloc/jemalloc/src/prof_log.cpp
[252/376] /usr/bin/ccache /usr/lib/ccache/c++ -DDUCKDB_BUILD_LIBRARY -DENABLE_CROSS_PRODUCT_REWRITE=0 -DENABLE_DEBUG_PRINT=0 -DENABLE_MEASURE_EXE_TIME=0 -DENABLE_MERGE_BACK_PLAN=0 -DENABLE_PARALLEL_EXECUTION=0 -DENABLE_QUERY_SPLIT=0 -DENABLE_SPECIFY_EST_STAT=0 -DJEMALLOC_NO_PRIVATE_NAMESPACE -DJEMALLOC_NO_RENAME -I/home/pei/Project/duckdb-polr/src/include -I/home/pei/Project/duckdb-polr/third_party/fsst -I/home/pei/Project/duckdb-polr/third_party/fmt/include -I/home/pei/Project/duckdb-polr/third_party/hyperloglog -I/home/pei/Project/duckdb-polr/third_party/fastpforlib -I/home/pei/Project/duckdb-polr/third_party/fast_float -I/home/pei/Project/duckdb-polr/third_party/re2 -I/home/pei/Project/duckdb-polr/third_party/miniz -I/home/pei/Project/duckdb-polr/third_party/utf8proc/include -I/home/pei/Project/duckdb-polr/third_party/miniparquet -I/home/pei/Project/duckdb-polr/third_party/concurrentqueue -I/home/pei/Project/duckdb-polr/third_party/pcg -I/home/pei/Project/duckdb-polr/third_party/tdigest -I/home/pei/Project/duckdb-polr/third_party/mbedtls/include -I/home/pei/Project/duckdb-polr/third_party/jaro_winkler -I/home/pei/Project/duckdb-polr/extension/jemalloc/include -I/home/pei/Project/duckdb-polr/extension/jemalloc/jemalloc/include -O3 -DNDEBUG -O3 -DNDEBUG   -fPIC -fdiagnostics-color=always -w -std=c++11 -MD -MT extension/jemalloc/jemalloc/CMakeFiles/jemalloc.dir/src/prof_stats.cpp.o -MF extension/jemalloc/jemalloc/CMakeFiles/jemalloc.dir/src/prof_stats.cpp.o.d -o extension/jemalloc/jemalloc/CMakeFiles/jemalloc.dir/src/prof_stats.cpp.o -c /home/pei/Project/duckdb-polr/extension/jemalloc/jemalloc/src/prof_stats.cpp
[253/376] /usr/bin/ccache /usr/lib/ccache/c++ -DDUCKDB_BUILD_LIBRARY -DENABLE_CROSS_PRODUCT_REWRITE=0 -DENABLE_DEBUG_PRINT=0 -DENABLE_MEASURE_EXE_TIME=0 -DENABLE_MERGE_BACK_PLAN=0 -DENABLE_PARALLEL_EXECUTION=0 -DENABLE_QUERY_SPLIT=0 -DENABLE_SPECIFY_EST_STAT=0 -DJEMALLOC_NO_PRIVATE_NAMESPACE -DJEMALLOC_NO_RENAME -I/home/pei/Project/duckdb-polr/src/include -I/home/pei/Project/duckdb-polr/third_party/fsst -I/home/pei/Project/duckdb-polr/third_party/fmt/include -I/home/pei/Project/duckdb-polr/third_party/hyperloglog -I/home/pei/Project/duckdb-polr/third_party/fastpforlib -I/home/pei/Project/duckdb-polr/third_party/fast_float -I/home/pei/Project/duckdb-polr/third_party/re2 -I/home/pei/Project/duckdb-polr/third_party/miniz -I/home/pei/Project/duckdb-polr/third_party/utf8proc/include -I/home/pei/Project/duckdb-polr/third_party/miniparquet -I/home/pei/Project/duckdb-polr/third_party/concurrentqueue -I/home/pei/Project/duckdb-polr/third_party/pcg -I/home/pei/Project/duckdb-polr/third_party/tdigest -I/home/pei/Project/duckdb-polr/third_party/mbedtls/include -I/home/pei/Project/duckdb-polr/third_party/jaro_winkler -I/home/pei/Project/duckdb-polr/extension/jemalloc/include -I/home/pei/Project/duckdb-polr/extension/jemalloc/jemalloc/include -O3 -DNDEBUG -O3 -DNDEBUG   -fPIC -fdiagnostics-color=always -w -std=c++11 -MD -MT extension/jemalloc/jemalloc/CMakeFiles/jemalloc.dir/src/prof_sys.cpp.o -MF extension/jemalloc/jemalloc/CMakeFiles/jemalloc.dir/src/prof_sys.cpp.o.d -o extension/jemalloc/jemalloc/CMakeFiles/jemalloc.dir/src/prof_sys.cpp.o -c /home/pei/Project/duckdb-polr/extension/jemalloc/jemalloc/src/prof_sys.cpp
[254/376] /usr/bin/ccache /usr/lib/ccache/c++ -DDUCKDB_BUILD_LIBRARY -DENABLE_CROSS_PRODUCT_REWRITE=0 -DENABLE_DEBUG_PRINT=0 -DENABLE_MEASURE_EXE_TIME=0 -DENABLE_MERGE_BACK_PLAN=0 -DENABLE_PARALLEL_EXECUTION=0 -DENABLE_QUERY_SPLIT=0 -DENABLE_SPECIFY_EST_STAT=0 -DJEMALLOC_NO_PRIVATE_NAMESPACE -DJEMALLOC_NO_RENAME -I/home/pei/Project/duckdb-polr/src/include -I/home/pei/Project/duckdb-polr/third_party/fsst -I/home/pei/Project/duckdb-polr/third_party/fmt/include -I/home/pei/Project/duckdb-polr/third_party/hyperloglog -I/home/pei/Project/duckdb-polr/third_party/fastpforlib -I/home/pei/Project/duckdb-polr/third_party/fast_float -I/home/pei/Project/duckdb-polr/third_party/re2 -I/home/pei/Project/duckdb-polr/third_party/miniz -I/home/pei/Project/duckdb-polr/third_party/utf8proc/include -I/home/pei/Project/duckdb-polr/third_party/miniparquet -I/home/pei/Project/duckdb-polr/third_party/concurrentqueue -I/home/pei/Project/duckdb-polr/third_party/pcg -I/home/pei/Project/duckdb-polr/third_party/tdigest -I/home/pei/Project/duckdb-polr/third_party/mbedtls/include -I/home/pei/Project/duckdb-polr/third_party/jaro_winkler -I/home/pei/Project/duckdb-polr/extension/jemalloc/include -I/home/pei/Project/duckdb-polr/extension/jemalloc/jemalloc/include -O3 -DNDEBUG -O3 -DNDEBUG   -fPIC -fdiagnostics-color=always -w -std=c++11 -MD -MT extension/jemalloc/jemalloc/CMakeFiles/jemalloc.dir/src/psset.cpp.o -MF extension/jemalloc/jemalloc/CMakeFiles/jemalloc.dir/src/psset.cpp.o.d -o extension/jemalloc/jemalloc/CMakeFiles/jemalloc.dir/src/psset.cpp.o -c /home/pei/Project/duckdb-polr/extension/jemalloc/jemalloc/src/psset.cpp
[255/376] /usr/bin/ccache /usr/lib/ccache/c++ -DDUCKDB_BUILD_LIBRARY -DENABLE_CROSS_PRODUCT_REWRITE=0 -DENABLE_DEBUG_PRINT=0 -DENABLE_MEASURE_EXE_TIME=0 -DENABLE_MERGE_BACK_PLAN=0 -DENABLE_PARALLEL_EXECUTION=0 -DENABLE_QUERY_SPLIT=0 -DENABLE_SPECIFY_EST_STAT=0 -DJEMALLOC_NO_PRIVATE_NAMESPACE -DJEMALLOC_NO_RENAME -I/home/pei/Project/duckdb-polr/src/include -I/home/pei/Project/duckdb-polr/third_party/fsst -I/home/pei/Project/duckdb-polr/third_party/fmt/include -I/home/pei/Project/duckdb-polr/third_party/hyperloglog -I/home/pei/Project/duckdb-polr/third_party/fastpforlib -I/home/pei/Project/duckdb-polr/third_party/fast_float -I/home/pei/Project/duckdb-polr/third_party/re2 -I/home/pei/Project/duckdb-polr/third_party/miniz -I/home/pei/Project/duckdb-polr/third_party/utf8proc/include -I/home/pei/Project/duckdb-polr/third_party/miniparquet -I/home/pei/Project/duckdb-polr/third_party/concurrentqueue -I/home/pei/Project/duckdb-polr/third_party/pcg -I/home/pei/Project/duckdb-polr/third_party/tdigest -I/home/pei/Project/duckdb-polr/third_party/mbedtls/include -I/home/pei/Project/duckdb-polr/third_party/jaro_winkler -I/home/pei/Project/duckdb-polr/extension/jemalloc/include -I/home/pei/Project/duckdb-polr/extension/jemalloc/jemalloc/include -O3 -DNDEBUG -O3 -DNDEBUG   -fPIC -fdiagnostics-color=always -w -std=c++11 -MD -MT extension/jemalloc/jemalloc/CMakeFiles/jemalloc.dir/src/safety_check.cpp.o -MF extension/jemalloc/jemalloc/CMakeFiles/jemalloc.dir/src/safety_check.cpp.o.d -o extension/jemalloc/jemalloc/CMakeFiles/jemalloc.dir/src/safety_check.cpp.o -c /home/pei/Project/duckdb-polr/extension/jemalloc/jemalloc/src/safety_check.cpp
[256/376] /usr/bin/ccache /usr/lib/ccache/c++ -DDUCKDB_BUILD_LIBRARY -DENABLE_CROSS_PRODUCT_REWRITE=0 -DENABLE_DEBUG_PRINT=0 -DENABLE_MEASURE_EXE_TIME=0 -DENABLE_MERGE_BACK_PLAN=0 -DENABLE_PARALLEL_EXECUTION=0 -DENABLE_QUERY_SPLIT=0 -DENABLE_SPECIFY_EST_STAT=0 -DJEMALLOC_NO_PRIVATE_NAMESPACE -DJEMALLOC_NO_RENAME -I/home/pei/Project/duckdb-polr/src/include -I/home/pei/Project/duckdb-polr/third_party/fsst -I/home/pei/Project/duckdb-polr/third_party/fmt/include -I/home/pei/Project/duckdb-polr/third_party/hyperloglog -I/home/pei/Project/duckdb-polr/third_party/fastpforlib -I/home/pei/Project/duckdb-polr/third_party/fast_float -I/home/pei/Project/duckdb-polr/third_party/re2 -I/home/pei/Project/duckdb-polr/third_party/miniz -I/home/pei/Project/duckdb-polr/third_party/utf8proc/include -I/home/pei/Project/duckdb-polr/third_party/miniparquet -I/home/pei/Project/duckdb-polr/third_party/concurrentqueue -I/home/pei/Project/duckdb-polr/third_party/pcg -I/home/pei/Project/duckdb-polr/third_party/tdigest -I/home/pei/Project/duckdb-polr/third_party/mbedtls/include -I/home/pei/Project/duckdb-polr/third_party/jaro_winkler -I/home/pei/Project/duckdb-polr/extension/jemalloc/include -I/home/pei/Project/duckdb-polr/extension/jemalloc/jemalloc/include -O3 -DNDEBUG -O3 -DNDEBUG   -fPIC -fdiagnostics-color=always -w -std=c++11 -MD -MT extension/jemalloc/jemalloc/CMakeFiles/jemalloc.dir/src/san.cpp.o -MF extension/jemalloc/jemalloc/CMakeFiles/jemalloc.dir/src/san.cpp.o.d -o extension/jemalloc/jemalloc/CMakeFiles/jemalloc.dir/src/san.cpp.o -c /home/pei/Project/duckdb-polr/extension/jemalloc/jemalloc/src/san.cpp
[257/376] /usr/bin/ccache /usr/lib/ccache/c++ -DDUCKDB_BUILD_LIBRARY -DENABLE_CROSS_PRODUCT_REWRITE=0 -DENABLE_DEBUG_PRINT=0 -DENABLE_MEASURE_EXE_TIME=0 -DENABLE_MERGE_BACK_PLAN=0 -DENABLE_PARALLEL_EXECUTION=0 -DENABLE_QUERY_SPLIT=0 -DENABLE_SPECIFY_EST_STAT=0 -DJEMALLOC_NO_PRIVATE_NAMESPACE -DJEMALLOC_NO_RENAME -I/home/pei/Project/duckdb-polr/src/include -I/home/pei/Project/duckdb-polr/third_party/fsst -I/home/pei/Project/duckdb-polr/third_party/fmt/include -I/home/pei/Project/duckdb-polr/third_party/hyperloglog -I/home/pei/Project/duckdb-polr/third_party/fastpforlib -I/home/pei/Project/duckdb-polr/third_party/fast_float -I/home/pei/Project/duckdb-polr/third_party/re2 -I/home/pei/Project/duckdb-polr/third_party/miniz -I/home/pei/Project/duckdb-polr/third_party/utf8proc/include -I/home/pei/Project/duckdb-polr/third_party/miniparquet -I/home/pei/Project/duckdb-polr/third_party/concurrentqueue -I/home/pei/Project/duckdb-polr/third_party/pcg -I/home/pei/Project/duckdb-polr/third_party/tdigest -I/home/pei/Project/duckdb-polr/third_party/mbedtls/include -I/home/pei/Project/duckdb-polr/third_party/jaro_winkler -I/home/pei/Project/duckdb-polr/extension/jemalloc/include -I/home/pei/Project/duckdb-polr/extension/jemalloc/jemalloc/include -O3 -DNDEBUG -O3 -DNDEBUG   -fPIC -fdiagnostics-color=always -w -std=c++11 -MD -MT extension/jemalloc/jemalloc/CMakeFiles/jemalloc.dir/src/sc.cpp.o -MF extension/jemalloc/jemalloc/CMakeFiles/jemalloc.dir/src/sc.cpp.o.d -o extension/jemalloc/jemalloc/CMakeFiles/jemalloc.dir/src/sc.cpp.o -c /home/pei/Project/duckdb-polr/extension/jemalloc/jemalloc/src/sc.cpp
[258/376] /usr/bin/ccache /usr/lib/ccache/c++ -DDUCKDB_BUILD_LIBRARY -DENABLE_CROSS_PRODUCT_REWRITE=0 -DENABLE_DEBUG_PRINT=0 -DENABLE_MEASURE_EXE_TIME=0 -DENABLE_MERGE_BACK_PLAN=0 -DENABLE_PARALLEL_EXECUTION=0 -DENABLE_QUERY_SPLIT=0 -DENABLE_SPECIFY_EST_STAT=0 -DJEMALLOC_NO_PRIVATE_NAMESPACE -DJEMALLOC_NO_RENAME -I/home/pei/Project/duckdb-polr/src/include -I/home/pei/Project/duckdb-polr/third_party/fsst -I/home/pei/Project/duckdb-polr/third_party/fmt/include -I/home/pei/Project/duckdb-polr/third_party/hyperloglog -I/home/pei/Project/duckdb-polr/third_party/fastpforlib -I/home/pei/Project/duckdb-polr/third_party/fast_float -I/home/pei/Project/duckdb-polr/third_party/re2 -I/home/pei/Project/duckdb-polr/third_party/miniz -I/home/pei/Project/duckdb-polr/third_party/utf8proc/include -I/home/pei/Project/duckdb-polr/third_party/miniparquet -I/home/pei/Project/duckdb-polr/third_party/concurrentqueue -I/home/pei/Project/duckdb-polr/third_party/pcg -I/home/pei/Project/duckdb-polr/third_party/tdigest -I/home/pei/Project/duckdb-polr/third_party/mbedtls/include -I/home/pei/Project/duckdb-polr/third_party/jaro_winkler -I/home/pei/Project/duckdb-polr/extension/jemalloc/include -I/home/pei/Project/duckdb-polr/extension/jemalloc/jemalloc/include -O3 -DNDEBUG -O3 -DNDEBUG   -fPIC -fdiagnostics-color=always -w -std=c++11 -MD -MT extension/jemalloc/jemalloc/CMakeFiles/jemalloc.dir/src/san_bump.cpp.o -MF extension/jemalloc/jemalloc/CMakeFiles/jemalloc.dir/src/san_bump.cpp.o.d -o extension/jemalloc/jemalloc/CMakeFiles/jemalloc.dir/src/san_bump.cpp.o -c /home/pei/Project/duckdb-polr/extension/jemalloc/jemalloc/src/san_bump.cpp
[259/376] /usr/bin/ccache /usr/lib/ccache/c++ -DDUCKDB_BUILD_LIBRARY -DENABLE_CROSS_PRODUCT_REWRITE=0 -DENABLE_DEBUG_PRINT=0 -DENABLE_MEASURE_EXE_TIME=0 -DENABLE_MERGE_BACK_PLAN=0 -DENABLE_PARALLEL_EXECUTION=0 -DENABLE_QUERY_SPLIT=0 -DENABLE_SPECIFY_EST_STAT=0 -DJEMALLOC_NO_PRIVATE_NAMESPACE -DJEMALLOC_NO_RENAME -I/home/pei/Project/duckdb-polr/src/include -I/home/pei/Project/duckdb-polr/third_party/fsst -I/home/pei/Project/duckdb-polr/third_party/fmt/include -I/home/pei/Project/duckdb-polr/third_party/hyperloglog -I/home/pei/Project/duckdb-polr/third_party/fastpforlib -I/home/pei/Project/duckdb-polr/third_party/fast_float -I/home/pei/Project/duckdb-polr/third_party/re2 -I/home/pei/Project/duckdb-polr/third_party/miniz -I/home/pei/Project/duckdb-polr/third_party/utf8proc/include -I/home/pei/Project/duckdb-polr/third_party/miniparquet -I/home/pei/Project/duckdb-polr/third_party/concurrentqueue -I/home/pei/Project/duckdb-polr/third_party/pcg -I/home/pei/Project/duckdb-polr/third_party/tdigest -I/home/pei/Project/duckdb-polr/third_party/mbedtls/include -I/home/pei/Project/duckdb-polr/third_party/jaro_winkler -I/home/pei/Project/duckdb-polr/extension/jemalloc/include -I/home/pei/Project/duckdb-polr/extension/jemalloc/jemalloc/include -O3 -DNDEBUG -O3 -DNDEBUG   -fPIC -fdiagnostics-color=always -w -std=c++11 -MD -MT extension/jemalloc/jemalloc/CMakeFiles/jemalloc.dir/src/rtree.cpp.o -MF extension/jemalloc/jemalloc/CMakeFiles/jemalloc.dir/src/rtree.cpp.o.d -o extension/jemalloc/jemalloc/CMakeFiles/jemalloc.dir/src/rtree.cpp.o -c /home/pei/Project/duckdb-polr/extension/jemalloc/jemalloc/src/rtree.cpp
[260/376] /usr/bin/ccache /usr/lib/ccache/c++ -DDUCKDB_BUILD_LIBRARY -DENABLE_CROSS_PRODUCT_REWRITE=0 -DENABLE_DEBUG_PRINT=0 -DENABLE_MEASURE_EXE_TIME=0 -DENABLE_MERGE_BACK_PLAN=0 -DENABLE_PARALLEL_EXECUTION=0 -DENABLE_QUERY_SPLIT=0 -DENABLE_SPECIFY_EST_STAT=0 -DJEMALLOC_NO_PRIVATE_NAMESPACE -DJEMALLOC_NO_RENAME -I/home/pei/Project/duckdb-polr/src/include -I/home/pei/Project/duckdb-polr/third_party/fsst -I/home/pei/Project/duckdb-polr/third_party/fmt/include -I/home/pei/Project/duckdb-polr/third_party/hyperloglog -I/home/pei/Project/duckdb-polr/third_party/fastpforlib -I/home/pei/Project/duckdb-polr/third_party/fast_float -I/home/pei/Project/duckdb-polr/third_party/re2 -I/home/pei/Project/duckdb-polr/third_party/miniz -I/home/pei/Project/duckdb-polr/third_party/utf8proc/include -I/home/pei/Project/duckdb-polr/third_party/miniparquet -I/home/pei/Project/duckdb-polr/third_party/concurrentqueue -I/home/pei/Project/duckdb-polr/third_party/pcg -I/home/pei/Project/duckdb-polr/third_party/tdigest -I/home/pei/Project/duckdb-polr/third_party/mbedtls/include -I/home/pei/Project/duckdb-polr/third_party/jaro_winkler -I/home/pei/Project/duckdb-polr/extension/jemalloc/include -I/home/pei/Project/duckdb-polr/extension/jemalloc/jemalloc/include -O3 -DNDEBUG -O3 -DNDEBUG   -fPIC -fdiagnostics-color=always -w -std=c++11 -MD -MT extension/jemalloc/jemalloc/CMakeFiles/jemalloc.dir/src/sec.cpp.o -MF extension/jemalloc/jemalloc/CMakeFiles/jemalloc.dir/src/sec.cpp.o.d -o extension/jemalloc/jemalloc/CMakeFiles/jemalloc.dir/src/sec.cpp.o -c /home/pei/Project/duckdb-polr/extension/jemalloc/jemalloc/src/sec.cpp
[261/376] /usr/bin/ccache /usr/lib/ccache/c++ -DDUCKDB_BUILD_LIBRARY -DENABLE_CROSS_PRODUCT_REWRITE=0 -DENABLE_DEBUG_PRINT=0 -DENABLE_MEASURE_EXE_TIME=0 -DENABLE_MERGE_BACK_PLAN=0 -DENABLE_PARALLEL_EXECUTION=0 -DENABLE_QUERY_SPLIT=0 -DENABLE_SPECIFY_EST_STAT=0 -DJEMALLOC_NO_PRIVATE_NAMESPACE -DJEMALLOC_NO_RENAME -I/home/pei/Project/duckdb-polr/src/include -I/home/pei/Project/duckdb-polr/third_party/fsst -I/home/pei/Project/duckdb-polr/third_party/fmt/include -I/home/pei/Project/duckdb-polr/third_party/hyperloglog -I/home/pei/Project/duckdb-polr/third_party/fastpforlib -I/home/pei/Project/duckdb-polr/third_party/fast_float -I/home/pei/Project/duckdb-polr/third_party/re2 -I/home/pei/Project/duckdb-polr/third_party/miniz -I/home/pei/Project/duckdb-polr/third_party/utf8proc/include -I/home/pei/Project/duckdb-polr/third_party/miniparquet -I/home/pei/Project/duckdb-polr/third_party/concurrentqueue -I/home/pei/Project/duckdb-polr/third_party/pcg -I/home/pei/Project/duckdb-polr/third_party/tdigest -I/home/pei/Project/duckdb-polr/third_party/mbedtls/include -I/home/pei/Project/duckdb-polr/third_party/jaro_winkler -I/home/pei/Project/duckdb-polr/extension/jemalloc/include -I/home/pei/Project/duckdb-polr/extension/jemalloc/jemalloc/include -O3 -DNDEBUG -O3 -DNDEBUG   -fPIC -fdiagnostics-color=always -w -std=c++11 -MD -MT extension/jemalloc/jemalloc/CMakeFiles/jemalloc.dir/src/stats.cpp.o -MF extension/jemalloc/jemalloc/CMakeFiles/jemalloc.dir/src/stats.cpp.o.d -o extension/jemalloc/jemalloc/CMakeFiles/jemalloc.dir/src/stats.cpp.o -c /home/pei/Project/duckdb-polr/extension/jemalloc/jemalloc/src/stats.cpp
[262/376] /usr/bin/ccache /usr/lib/ccache/c++ -DDUCKDB_BUILD_LIBRARY -DENABLE_CROSS_PRODUCT_REWRITE=0 -DENABLE_DEBUG_PRINT=0 -DENABLE_MEASURE_EXE_TIME=0 -DENABLE_MERGE_BACK_PLAN=0 -DENABLE_PARALLEL_EXECUTION=0 -DENABLE_QUERY_SPLIT=0 -DENABLE_SPECIFY_EST_STAT=0 -DJEMALLOC_NO_PRIVATE_NAMESPACE -DJEMALLOC_NO_RENAME -I/home/pei/Project/duckdb-polr/src/include -I/home/pei/Project/duckdb-polr/third_party/fsst -I/home/pei/Project/duckdb-polr/third_party/fmt/include -I/home/pei/Project/duckdb-polr/third_party/hyperloglog -I/home/pei/Project/duckdb-polr/third_party/fastpforlib -I/home/pei/Project/duckdb-polr/third_party/fast_float -I/home/pei/Project/duckdb-polr/third_party/re2 -I/home/pei/Project/duckdb-polr/third_party/miniz -I/home/pei/Project/duckdb-polr/third_party/utf8proc/include -I/home/pei/Project/duckdb-polr/third_party/miniparquet -I/home/pei/Project/duckdb-polr/third_party/concurrentqueue -I/home/pei/Project/duckdb-polr/third_party/pcg -I/home/pei/Project/duckdb-polr/third_party/tdigest -I/home/pei/Project/duckdb-polr/third_party/mbedtls/include -I/home/pei/Project/duckdb-polr/third_party/jaro_winkler -I/home/pei/Project/duckdb-polr/extension/jemalloc/include -I/home/pei/Project/duckdb-polr/extension/jemalloc/jemalloc/include -O3 -DNDEBUG -O3 -DNDEBUG   -fPIC -fdiagnostics-color=always -w -std=c++11 -MD -MT extension/jemalloc/jemalloc/CMakeFiles/jemalloc.dir/src/sz.cpp.o -MF extension/jemalloc/jemalloc/CMakeFiles/jemalloc.dir/src/sz.cpp.o.d -o extension/jemalloc/jemalloc/CMakeFiles/jemalloc.dir/src/sz.cpp.o -c /home/pei/Project/duckdb-polr/extension/jemalloc/jemalloc/src/sz.cpp
[263/376] /usr/bin/ccache /usr/lib/ccache/c++ -DDUCKDB_BUILD_LIBRARY -DENABLE_CROSS_PRODUCT_REWRITE=0 -DENABLE_DEBUG_PRINT=0 -DENABLE_MEASURE_EXE_TIME=0 -DENABLE_MERGE_BACK_PLAN=0 -DENABLE_PARALLEL_EXECUTION=0 -DENABLE_QUERY_SPLIT=0 -DENABLE_SPECIFY_EST_STAT=0 -DJEMALLOC_NO_PRIVATE_NAMESPACE -DJEMALLOC_NO_RENAME -I/home/pei/Project/duckdb-polr/src/include -I/home/pei/Project/duckdb-polr/third_party/fsst -I/home/pei/Project/duckdb-polr/third_party/fmt/include -I/home/pei/Project/duckdb-polr/third_party/hyperloglog -I/home/pei/Project/duckdb-polr/third_party/fastpforlib -I/home/pei/Project/duckdb-polr/third_party/fast_float -I/home/pei/Project/duckdb-polr/third_party/re2 -I/home/pei/Project/duckdb-polr/third_party/miniz -I/home/pei/Project/duckdb-polr/third_party/utf8proc/include -I/home/pei/Project/duckdb-polr/third_party/miniparquet -I/home/pei/Project/duckdb-polr/third_party/concurrentqueue -I/home/pei/Project/duckdb-polr/third_party/pcg -I/home/pei/Project/duckdb-polr/third_party/tdigest -I/home/pei/Project/duckdb-polr/third_party/mbedtls/include -I/home/pei/Project/duckdb-polr/third_party/jaro_winkler -I/home/pei/Project/duckdb-polr/extension/jemalloc/include -I/home/pei/Project/duckdb-polr/extension/jemalloc/jemalloc/include -O3 -DNDEBUG -O3 -DNDEBUG   -fPIC -fdiagnostics-color=always -w -std=c++11 -MD -MT extension/jemalloc/jemalloc/CMakeFiles/jemalloc.dir/src/tcache.cpp.o -MF extension/jemalloc/jemalloc/CMakeFiles/jemalloc.dir/src/tcache.cpp.o.d -o extension/jemalloc/jemalloc/CMakeFiles/jemalloc.dir/src/tcache.cpp.o -c /home/pei/Project/duckdb-polr/extension/jemalloc/jemalloc/src/tcache.cpp
[264/376] /usr/bin/ccache /usr/lib/ccache/c++ -DDUCKDB_BUILD_LIBRARY -DENABLE_CROSS_PRODUCT_REWRITE=0 -DENABLE_DEBUG_PRINT=0 -DENABLE_MEASURE_EXE_TIME=0 -DENABLE_MERGE_BACK_PLAN=0 -DENABLE_PARALLEL_EXECUTION=0 -DENABLE_QUERY_SPLIT=0 -DENABLE_SPECIFY_EST_STAT=0 -DJEMALLOC_NO_PRIVATE_NAMESPACE -DJEMALLOC_NO_RENAME -I/home/pei/Project/duckdb-polr/src/include -I/home/pei/Project/duckdb-polr/third_party/fsst -I/home/pei/Project/duckdb-polr/third_party/fmt/include -I/home/pei/Project/duckdb-polr/third_party/hyperloglog -I/home/pei/Project/duckdb-polr/third_party/fastpforlib -I/home/pei/Project/duckdb-polr/third_party/fast_float -I/home/pei/Project/duckdb-polr/third_party/re2 -I/home/pei/Project/duckdb-polr/third_party/miniz -I/home/pei/Project/duckdb-polr/third_party/utf8proc/include -I/home/pei/Project/duckdb-polr/third_party/miniparquet -I/home/pei/Project/duckdb-polr/third_party/concurrentqueue -I/home/pei/Project/duckdb-polr/third_party/pcg -I/home/pei/Project/duckdb-polr/third_party/tdigest -I/home/pei/Project/duckdb-polr/third_party/mbedtls/include -I/home/pei/Project/duckdb-polr/third_party/jaro_winkler -I/home/pei/Project/duckdb-polr/extension/jemalloc/include -I/home/pei/Project/duckdb-polr/extension/jemalloc/jemalloc/include -O3 -DNDEBUG -O3 -DNDEBUG   -fPIC -fdiagnostics-color=always -w -std=c++11 -MD -MT extension/jemalloc/jemalloc/CMakeFiles/jemalloc.dir/src/test_hooks.cpp.o -MF extension/jemalloc/jemalloc/CMakeFiles/jemalloc.dir/src/test_hooks.cpp.o.d -o extension/jemalloc/jemalloc/CMakeFiles/jemalloc.dir/src/test_hooks.cpp.o -c /home/pei/Project/duckdb-polr/extension/jemalloc/jemalloc/src/test_hooks.cpp
[265/376] /usr/bin/ccache /usr/lib/ccache/c++ -DDUCKDB_BUILD_LIBRARY -DENABLE_CROSS_PRODUCT_REWRITE=0 -DENABLE_DEBUG_PRINT=0 -DENABLE_MEASURE_EXE_TIME=0 -DENABLE_MERGE_BACK_PLAN=0 -DENABLE_PARALLEL_EXECUTION=0 -DENABLE_QUERY_SPLIT=0 -DENABLE_SPECIFY_EST_STAT=0 -DJEMALLOC_NO_PRIVATE_NAMESPACE -DJEMALLOC_NO_RENAME -I/home/pei/Project/duckdb-polr/src/include -I/home/pei/Project/duckdb-polr/third_party/fsst -I/home/pei/Project/duckdb-polr/third_party/fmt/include -I/home/pei/Project/duckdb-polr/third_party/hyperloglog -I/home/pei/Project/duckdb-polr/third_party/fastpforlib -I/home/pei/Project/duckdb-polr/third_party/fast_float -I/home/pei/Project/duckdb-polr/third_party/re2 -I/home/pei/Project/duckdb-polr/third_party/miniz -I/home/pei/Project/duckdb-polr/third_party/utf8proc/include -I/home/pei/Project/duckdb-polr/third_party/miniparquet -I/home/pei/Project/duckdb-polr/third_party/concurrentqueue -I/home/pei/Project/duckdb-polr/third_party/pcg -I/home/pei/Project/duckdb-polr/third_party/tdigest -I/home/pei/Project/duckdb-polr/third_party/mbedtls/include -I/home/pei/Project/duckdb-polr/third_party/jaro_winkler -I/home/pei/Project/duckdb-polr/extension/jemalloc/include -I/home/pei/Project/duckdb-polr/extension/jemalloc/jemalloc/include -O3 -DNDEBUG -O3 -DNDEBUG   -fPIC -fdiagnostics-color=always -w -std=c++11 -MD -MT extension/jemalloc/jemalloc/CMakeFiles/jemalloc.dir/src/thread_event.cpp.o -MF extension/jemalloc/jemalloc/CMakeFiles/jemalloc.dir/src/thread_event.cpp.o.d -o extension/jemalloc/jemalloc/CMakeFiles/jemalloc.dir/src/thread_event.cpp.o -c /home/pei/Project/duckdb-polr/extension/jemalloc/jemalloc/src/thread_event.cpp
[266/376] : && /usr/bin/cmake -E rm -f extension/parquet/libparquet_extension.a && /usr/bin/ar qc extension/parquet/libparquet_extension.a  extension/parquet/CMakeFiles/parquet_extension.dir/column_writer.cpp.o extension/parquet/CMakeFiles/parquet_extension.dir/parquet-extension.cpp.o extension/parquet/CMakeFiles/parquet_extension.dir/parquet_metadata.cpp.o extension/parquet/CMakeFiles/parquet_extension.dir/parquet_reader.cpp.o extension/parquet/CMakeFiles/parquet_extension.dir/parquet_timestamp.cpp.o extension/parquet/CMakeFiles/parquet_extension.dir/parquet_writer.cpp.o extension/parquet/CMakeFiles/parquet_extension.dir/parquet_statistics.cpp.o extension/parquet/CMakeFiles/parquet_extension.dir/zstd_file_system.cpp.o extension/parquet/CMakeFiles/parquet_extension.dir/column_reader.cpp.o extension/parquet/CMakeFiles/parquet_extension.dir/__/__/third_party/parquet/parquet_constants.cpp.o extension/parquet/CMakeFiles/parquet_extension.dir/__/__/third_party/parquet/parquet_types.cpp.o extension/parquet/CMakeFiles/parquet_extension.dir/__/__/third_party/thrift/thrift/protocol/TProtocol.cpp.o extension/parquet/CMakeFiles/parquet_extension.dir/__/__/third_party/thrift/thrift/transport/TTransportException.cpp.o extension/parquet/CMakeFiles/parquet_extension.dir/__/__/third_party/thrift/thrift/transport/TBufferTransports.cpp.o extension/parquet/CMakeFiles/parquet_extension.dir/__/__/third_party/snappy/snappy.cc.o extension/parquet/CMakeFiles/parquet_extension.dir/__/__/third_party/snappy/snappy-sinksource.cc.o extension/parquet/CMakeFiles/parquet_extension.dir/__/__/third_party/zstd/decompress/zstd_ddict.cpp.o extension/parquet/CMakeFiles/parquet_extension.dir/__/__/third_party/zstd/decompress/huf_decompress.cpp.o extension/parquet/CMakeFiles/parquet_extension.dir/__/__/third_party/zstd/decompress/zstd_decompress.cpp.o extension/parquet/CMakeFiles/parquet_extension.dir/__/__/third_party/zstd/decompress/zstd_decompress_block.cpp.o extension/parquet/CMakeFiles/parquet_extension.dir/__/__/third_party/zstd/common/entropy_common.cpp.o extension/parquet/CMakeFiles/parquet_extension.dir/__/__/third_party/zstd/common/fse_decompress.cpp.o extension/parquet/CMakeFiles/parquet_extension.dir/__/__/third_party/zstd/common/zstd_common.cpp.o extension/parquet/CMakeFiles/parquet_extension.dir/__/__/third_party/zstd/common/error_private.cpp.o extension/parquet/CMakeFiles/parquet_extension.dir/__/__/third_party/zstd/common/xxhash.cpp.o extension/parquet/CMakeFiles/parquet_extension.dir/__/__/third_party/zstd/compress/fse_compress.cpp.o extension/parquet/CMakeFiles/parquet_extension.dir/__/__/third_party/zstd/compress/hist.cpp.o extension/parquet/CMakeFiles/parquet_extension.dir/__/__/third_party/zstd/compress/huf_compress.cpp.o extension/parquet/CMakeFiles/parquet_extension.dir/__/__/third_party/zstd/compress/zstd_compress.cpp.o extension/parquet/CMakeFiles/parquet_extension.dir/__/__/third_party/zstd/compress/zstd_compress_literals.cpp.o extension/parquet/CMakeFiles/parquet_extension.dir/__/__/third_party/zstd/compress/zstd_compress_sequences.cpp.o extension/parquet/CMakeFiles/parquet_extension.dir/__/__/third_party/zstd/compress/zstd_compress_superblock.cpp.o extension/parquet/CMakeFiles/parquet_extension.dir/__/__/third_party/zstd/compress/zstd_double_fast.cpp.o extension/parquet/CMakeFiles/parquet_extension.dir/__/__/third_party/zstd/compress/zstd_fast.cpp.o extension/parquet/CMakeFiles/parquet_extension.dir/__/__/third_party/zstd/compress/zstd_lazy.cpp.o extension/parquet/CMakeFiles/parquet_extension.dir/__/__/third_party/zstd/compress/zstd_ldm.cpp.o extension/parquet/CMakeFiles/parquet_extension.dir/__/__/third_party/zstd/compress/zstd_opt.cpp.o && /usr/bin/ranlib extension/parquet/libparquet_extension.a && :
[267/376] /usr/bin/ccache /usr/lib/ccache/c++ -DDUCKDB_BUILD_LIBRARY -DENABLE_CROSS_PRODUCT_REWRITE=0 -DENABLE_DEBUG_PRINT=0 -DENABLE_MEASURE_EXE_TIME=0 -DENABLE_MERGE_BACK_PLAN=0 -DENABLE_PARALLEL_EXECUTION=0 -DENABLE_QUERY_SPLIT=0 -DENABLE_SPECIFY_EST_STAT=0 -DJEMALLOC_NO_PRIVATE_NAMESPACE -DJEMALLOC_NO_RENAME -I/home/pei/Project/duckdb-polr/src/include -I/home/pei/Project/duckdb-polr/third_party/fsst -I/home/pei/Project/duckdb-polr/third_party/fmt/include -I/home/pei/Project/duckdb-polr/third_party/hyperloglog -I/home/pei/Project/duckdb-polr/third_party/fastpforlib -I/home/pei/Project/duckdb-polr/third_party/fast_float -I/home/pei/Project/duckdb-polr/third_party/re2 -I/home/pei/Project/duckdb-polr/third_party/miniz -I/home/pei/Project/duckdb-polr/third_party/utf8proc/include -I/home/pei/Project/duckdb-polr/third_party/miniparquet -I/home/pei/Project/duckdb-polr/third_party/concurrentqueue -I/home/pei/Project/duckdb-polr/third_party/pcg -I/home/pei/Project/duckdb-polr/third_party/tdigest -I/home/pei/Project/duckdb-polr/third_party/mbedtls/include -I/home/pei/Project/duckdb-polr/third_party/jaro_winkler -I/home/pei/Project/duckdb-polr/extension/jemalloc/include -I/home/pei/Project/duckdb-polr/extension/jemalloc/jemalloc/include -O3 -DNDEBUG -O3 -DNDEBUG   -fPIC -fdiagnostics-color=always -w -std=c++11 -MD -MT extension/jemalloc/jemalloc/CMakeFiles/jemalloc.dir/src/ticker.cpp.o -MF extension/jemalloc/jemalloc/CMakeFiles/jemalloc.dir/src/ticker.cpp.o.d -o extension/jemalloc/jemalloc/CMakeFiles/jemalloc.dir/src/ticker.cpp.o -c /home/pei/Project/duckdb-polr/extension/jemalloc/jemalloc/src/ticker.cpp
[268/376] /usr/bin/ccache /usr/lib/ccache/c++ -DDUCKDB_BUILD_LIBRARY -DENABLE_CROSS_PRODUCT_REWRITE=0 -DENABLE_DEBUG_PRINT=0 -DENABLE_MEASURE_EXE_TIME=0 -DENABLE_MERGE_BACK_PLAN=0 -DENABLE_PARALLEL_EXECUTION=0 -DENABLE_QUERY_SPLIT=0 -DENABLE_SPECIFY_EST_STAT=0 -DJEMALLOC_NO_PRIVATE_NAMESPACE -DJEMALLOC_NO_RENAME -I/home/pei/Project/duckdb-polr/src/include -I/home/pei/Project/duckdb-polr/third_party/fsst -I/home/pei/Project/duckdb-polr/third_party/fmt/include -I/home/pei/Project/duckdb-polr/third_party/hyperloglog -I/home/pei/Project/duckdb-polr/third_party/fastpforlib -I/home/pei/Project/duckdb-polr/third_party/fast_float -I/home/pei/Project/duckdb-polr/third_party/re2 -I/home/pei/Project/duckdb-polr/third_party/miniz -I/home/pei/Project/duckdb-polr/third_party/utf8proc/include -I/home/pei/Project/duckdb-polr/third_party/miniparquet -I/home/pei/Project/duckdb-polr/third_party/concurrentqueue -I/home/pei/Project/duckdb-polr/third_party/pcg -I/home/pei/Project/duckdb-polr/third_party/tdigest -I/home/pei/Project/duckdb-polr/third_party/mbedtls/include -I/home/pei/Project/duckdb-polr/third_party/jaro_winkler -I/home/pei/Project/duckdb-polr/extension/jemalloc/include -I/home/pei/Project/duckdb-polr/extension/jemalloc/jemalloc/include -O3 -DNDEBUG -O3 -DNDEBUG   -fPIC -fdiagnostics-color=always -w -std=c++11 -MD -MT extension/jemalloc/jemalloc/CMakeFiles/jemalloc.dir/src/tsd.cpp.o -MF extension/jemalloc/jemalloc/CMakeFiles/jemalloc.dir/src/tsd.cpp.o.d -o extension/jemalloc/jemalloc/CMakeFiles/jemalloc.dir/src/tsd.cpp.o -c /home/pei/Project/duckdb-polr/extension/jemalloc/jemalloc/src/tsd.cpp
[269/376] /usr/bin/ccache /usr/lib/ccache/c++ -DDUCKDB_BUILD_LIBRARY -DENABLE_CROSS_PRODUCT_REWRITE=0 -DENABLE_DEBUG_PRINT=0 -DENABLE_MEASURE_EXE_TIME=0 -DENABLE_MERGE_BACK_PLAN=0 -DENABLE_PARALLEL_EXECUTION=0 -DENABLE_QUERY_SPLIT=0 -DENABLE_SPECIFY_EST_STAT=0 -DJEMALLOC_NO_PRIVATE_NAMESPACE -DJEMALLOC_NO_RENAME -I/home/pei/Project/duckdb-polr/src/include -I/home/pei/Project/duckdb-polr/third_party/fsst -I/home/pei/Project/duckdb-polr/third_party/fmt/include -I/home/pei/Project/duckdb-polr/third_party/hyperloglog -I/home/pei/Project/duckdb-polr/third_party/fastpforlib -I/home/pei/Project/duckdb-polr/third_party/fast_float -I/home/pei/Project/duckdb-polr/third_party/re2 -I/home/pei/Project/duckdb-polr/third_party/miniz -I/home/pei/Project/duckdb-polr/third_party/utf8proc/include -I/home/pei/Project/duckdb-polr/third_party/miniparquet -I/home/pei/Project/duckdb-polr/third_party/concurrentqueue -I/home/pei/Project/duckdb-polr/third_party/pcg -I/home/pei/Project/duckdb-polr/third_party/tdigest -I/home/pei/Project/duckdb-polr/third_party/mbedtls/include -I/home/pei/Project/duckdb-polr/third_party/jaro_winkler -I/home/pei/Project/duckdb-polr/extension/jemalloc/include -I/home/pei/Project/duckdb-polr/extension/jemalloc/jemalloc/include -O3 -DNDEBUG -O3 -DNDEBUG   -fPIC -fdiagnostics-color=always -w -std=c++11 -MD -MT extension/jemalloc/jemalloc/CMakeFiles/jemalloc.dir/src/witness.cpp.o -MF extension/jemalloc/jemalloc/CMakeFiles/jemalloc.dir/src/witness.cpp.o.d -o extension/jemalloc/jemalloc/CMakeFiles/jemalloc.dir/src/witness.cpp.o -c /home/pei/Project/duckdb-polr/extension/jemalloc/jemalloc/src/witness.cpp
[270/376] /usr/bin/ccache /usr/lib/ccache/c++ -DDUCKDB_BUILD_LIBRARY -DENABLE_CROSS_PRODUCT_REWRITE=0 -DENABLE_DEBUG_PRINT=0 -DENABLE_MEASURE_EXE_TIME=0 -DENABLE_MERGE_BACK_PLAN=0 -DENABLE_PARALLEL_EXECUTION=0 -DENABLE_QUERY_SPLIT=0 -DENABLE_SPECIFY_EST_STAT=0 -I/home/pei/Project/duckdb-polr/src/include -I/home/pei/Project/duckdb-polr/third_party/fsst -I/home/pei/Project/duckdb-polr/third_party/fmt/include -I/home/pei/Project/duckdb-polr/third_party/hyperloglog -I/home/pei/Project/duckdb-polr/third_party/fastpforlib -I/home/pei/Project/duckdb-polr/third_party/fast_float -I/home/pei/Project/duckdb-polr/third_party/re2 -I/home/pei/Project/duckdb-polr/third_party/miniz -I/home/pei/Project/duckdb-polr/third_party/utf8proc/include -I/home/pei/Project/duckdb-polr/third_party/miniparquet -I/home/pei/Project/duckdb-polr/third_party/concurrentqueue -I/home/pei/Project/duckdb-polr/third_party/pcg -I/home/pei/Project/duckdb-polr/third_party/tdigest -I/home/pei/Project/duckdb-polr/third_party/mbedtls/include -I/home/pei/Project/duckdb-polr/third_party/jaro_winkler -I/home/pei/Project/duckdb-polr/test/../third_party/catch -I/home/pei/Project/duckdb-polr/test/../third_party/tpce-tool/include -I/home/pei/Project/duckdb-polr/test/../third_party/sqlite/include -I/home/pei/Project/duckdb-polr/test/include -O3 -DNDEBUG -O3 -DNDEBUG   -fPIC -fdiagnostics-color=always -std=c++11 -MD -MT test/api/udf_function/CMakeFiles/test_api_udf_function.dir/ub_test_api_udf_function.cpp.o -MF test/api/udf_function/CMakeFiles/test_api_udf_function.dir/ub_test_api_udf_function.cpp.o.d -o test/api/udf_function/CMakeFiles/test_api_udf_function.dir/ub_test_api_udf_function.cpp.o -c /home/pei/Project/duckdb-polr/build/release/test/api/udf_function/ub_test_api_udf_function.cpp
[271/376] /usr/bin/ccache /usr/lib/ccache/c++ -DDUCKDB_BUILD_LIBRARY -DDUCKDB_ROOT_DIRECTORY=\"/home/pei/Project/duckdb-polr\" -DENABLE_CROSS_PRODUCT_REWRITE=0 -DENABLE_DEBUG_PRINT=0 -DENABLE_MEASURE_EXE_TIME=0 -DENABLE_MERGE_BACK_PLAN=0 -DENABLE_PARALLEL_EXECUTION=0 -DENABLE_QUERY_SPLIT=0 -DENABLE_SPECIFY_EST_STAT=0 -I/home/pei/Project/duckdb-polr/src/include -I/home/pei/Project/duckdb-polr/third_party/fsst -I/home/pei/Project/duckdb-polr/third_party/fmt/include -I/home/pei/Project/duckdb-polr/third_party/hyperloglog -I/home/pei/Project/duckdb-polr/third_party/fastpforlib -I/home/pei/Project/duckdb-polr/third_party/fast_float -I/home/pei/Project/duckdb-polr/third_party/re2 -I/home/pei/Project/duckdb-polr/third_party/miniz -I/home/pei/Project/duckdb-polr/third_party/utf8proc/include -I/home/pei/Project/duckdb-polr/third_party/miniparquet -I/home/pei/Project/duckdb-polr/third_party/concurrentqueue -I/home/pei/Project/duckdb-polr/third_party/pcg -I/home/pei/Project/duckdb-polr/third_party/tdigest -I/home/pei/Project/duckdb-polr/third_party/mbedtls/include -I/home/pei/Project/duckdb-polr/third_party/jaro_winkler -I/home/pei/Project/duckdb-polr/test/../third_party/catch -I/home/pei/Project/duckdb-polr/test/../third_party/tpce-tool/include -I/home/pei/Project/duckdb-polr/test/../third_party/sqlite/include -I/home/pei/Project/duckdb-polr/test/include -I/home/pei/Project/duckdb-polr/third_party/libpg_query/include -O3 -DNDEBUG -O3 -DNDEBUG   -fPIE -fdiagnostics-color=always -std=c++11 -MD -MT test/CMakeFiles/unittest.dir/unittest.cpp.o -MF test/CMakeFiles/unittest.dir/unittest.cpp.o.d -o test/CMakeFiles/unittest.dir/unittest.cpp.o -c /home/pei/Project/duckdb-polr/test/unittest.cpp
[272/376] /usr/bin/ccache /usr/lib/ccache/c++ -DDUCKDB_BUILD_LIBRARY -DENABLE_CROSS_PRODUCT_REWRITE=0 -DENABLE_DEBUG_PRINT=0 -DENABLE_MEASURE_EXE_TIME=0 -DENABLE_MERGE_BACK_PLAN=0 -DENABLE_PARALLEL_EXECUTION=0 -DENABLE_QUERY_SPLIT=0 -DENABLE_SPECIFY_EST_STAT=0 -I/home/pei/Project/duckdb-polr/src/include -I/home/pei/Project/duckdb-polr/third_party/fsst -I/home/pei/Project/duckdb-polr/third_party/fmt/include -I/home/pei/Project/duckdb-polr/third_party/hyperloglog -I/home/pei/Project/duckdb-polr/third_party/fastpforlib -I/home/pei/Project/duckdb-polr/third_party/fast_float -I/home/pei/Project/duckdb-polr/third_party/re2 -I/home/pei/Project/duckdb-polr/third_party/miniz -I/home/pei/Project/duckdb-polr/third_party/utf8proc/include -I/home/pei/Project/duckdb-polr/third_party/miniparquet -I/home/pei/Project/duckdb-polr/third_party/concurrentqueue -I/home/pei/Project/duckdb-polr/third_party/pcg -I/home/pei/Project/duckdb-polr/third_party/tdigest -I/home/pei/Project/duckdb-polr/third_party/mbedtls/include -I/home/pei/Project/duckdb-polr/third_party/jaro_winkler -I/home/pei/Project/duckdb-polr/test/../third_party/catch -I/home/pei/Project/duckdb-polr/test/../third_party/tpce-tool/include -I/home/pei/Project/duckdb-polr/test/../third_party/sqlite/include -I/home/pei/Project/duckdb-polr/test/include -O3 -DNDEBUG -O3 -DNDEBUG   -fPIC -fdiagnostics-color=always -std=c++11 -MD -MT test/appender/CMakeFiles/test_appender.dir/ub_test_appender.cpp.o -MF test/appender/CMakeFiles/test_appender.dir/ub_test_appender.cpp.o.d -o test/appender/CMakeFiles/test_appender.dir/ub_test_appender.cpp.o -c /home/pei/Project/duckdb-polr/build/release/test/appender/ub_test_appender.cpp
[273/376] /usr/bin/ccache /usr/lib/ccache/c++ -DDUCKDB_BUILD_LIBRARY -DENABLE_CROSS_PRODUCT_REWRITE=0 -DENABLE_DEBUG_PRINT=0 -DENABLE_MEASURE_EXE_TIME=0 -DENABLE_MERGE_BACK_PLAN=0 -DENABLE_PARALLEL_EXECUTION=0 -DENABLE_QUERY_SPLIT=0 -DENABLE_SPECIFY_EST_STAT=0 -I/home/pei/Project/duckdb-polr/src/include -I/home/pei/Project/duckdb-polr/third_party/fsst -I/home/pei/Project/duckdb-polr/third_party/fmt/include -I/home/pei/Project/duckdb-polr/third_party/hyperloglog -I/home/pei/Project/duckdb-polr/third_party/fastpforlib -I/home/pei/Project/duckdb-polr/third_party/fast_float -I/home/pei/Project/duckdb-polr/third_party/re2 -I/home/pei/Project/duckdb-polr/third_party/miniz -I/home/pei/Project/duckdb-polr/third_party/utf8proc/include -I/home/pei/Project/duckdb-polr/third_party/miniparquet -I/home/pei/Project/duckdb-polr/third_party/concurrentqueue -I/home/pei/Project/duckdb-polr/third_party/pcg -I/home/pei/Project/duckdb-polr/third_party/tdigest -I/home/pei/Project/duckdb-polr/third_party/mbedtls/include -I/home/pei/Project/duckdb-polr/third_party/jaro_winkler -I/home/pei/Project/duckdb-polr/test/../third_party/catch -I/home/pei/Project/duckdb-polr/test/../third_party/tpce-tool/include -I/home/pei/Project/duckdb-polr/test/../third_party/sqlite/include -I/home/pei/Project/duckdb-polr/test/include -O3 -DNDEBUG -O3 -DNDEBUG   -fPIC -fdiagnostics-color=always -std=c++11 -MD -MT test/arrow_roundtrip/CMakeFiles/test_arrow_roundtrip.dir/ub_test_arrow_roundtrip.cpp.o -MF test/arrow_roundtrip/CMakeFiles/test_arrow_roundtrip.dir/ub_test_arrow_roundtrip.cpp.o.d -o test/arrow_roundtrip/CMakeFiles/test_arrow_roundtrip.dir/ub_test_arrow_roundtrip.cpp.o -c /home/pei/Project/duckdb-polr/build/release/test/arrow_roundtrip/ub_test_arrow_roundtrip.cpp
[274/376] /usr/bin/ccache /usr/lib/ccache/c++ -DDUCKDB_BUILD_DIRECTORY=\"/home/pei/Project/duckdb-polr/build/release\" -DDUCKDB_BUILD_LIBRARY -DDUCKDB_BUILD_LOADABLE_EXTENSION -DENABLE_CROSS_PRODUCT_REWRITE=0 -DENABLE_DEBUG_PRINT=0 -DENABLE_MEASURE_EXE_TIME=0 -DENABLE_MERGE_BACK_PLAN=0 -DENABLE_PARALLEL_EXECUTION=0 -DENABLE_QUERY_SPLIT=0 -DENABLE_SPECIFY_EST_STAT=0 -I/home/pei/Project/duckdb-polr/src/include -I/home/pei/Project/duckdb-polr/third_party/fsst -I/home/pei/Project/duckdb-polr/third_party/fmt/include -I/home/pei/Project/duckdb-polr/third_party/hyperloglog -I/home/pei/Project/duckdb-polr/third_party/fastpforlib -I/home/pei/Project/duckdb-polr/third_party/fast_float -I/home/pei/Project/duckdb-polr/third_party/re2 -I/home/pei/Project/duckdb-polr/third_party/miniz -I/home/pei/Project/duckdb-polr/third_party/utf8proc/include -I/home/pei/Project/duckdb-polr/third_party/miniparquet -I/home/pei/Project/duckdb-polr/third_party/concurrentqueue -I/home/pei/Project/duckdb-polr/third_party/pcg -I/home/pei/Project/duckdb-polr/third_party/tdigest -I/home/pei/Project/duckdb-polr/third_party/mbedtls/include -I/home/pei/Project/duckdb-polr/third_party/jaro_winkler -I/home/pei/Project/duckdb-polr/test/../third_party/catch -I/home/pei/Project/duckdb-polr/test/../third_party/tpce-tool/include -I/home/pei/Project/duckdb-polr/test/../third_party/sqlite/include -I/home/pei/Project/duckdb-polr/test/include -O3 -DNDEBUG -O3 -DNDEBUG   -fPIC -fdiagnostics-color=always -std=c++11 -MD -MT test/extension/CMakeFiles/loadable_extension_demo_loadable_extension.dir/loadable_extension_demo.cpp.o -MF test/extension/CMakeFiles/loadable_extension_demo_loadable_extension.dir/loadable_extension_demo.cpp.o.d -o test/extension/CMakeFiles/loadable_extension_demo_loadable_extension.dir/loadable_extension_demo.cpp.o -c /home/pei/Project/duckdb-polr/test/extension/loadable_extension_demo.cpp
[275/376] /usr/bin/ccache /usr/lib/ccache/c++ -DDUCKDB_BUILD_LIBRARY -DENABLE_CROSS_PRODUCT_REWRITE=0 -DENABLE_DEBUG_PRINT=0 -DENABLE_MEASURE_EXE_TIME=0 -DENABLE_MERGE_BACK_PLAN=0 -DENABLE_PARALLEL_EXECUTION=0 -DENABLE_QUERY_SPLIT=0 -DENABLE_SPECIFY_EST_STAT=0 -I/home/pei/Project/duckdb-polr/src/include -I/home/pei/Project/duckdb-polr/third_party/fsst -I/home/pei/Project/duckdb-polr/third_party/fmt/include -I/home/pei/Project/duckdb-polr/third_party/hyperloglog -I/home/pei/Project/duckdb-polr/third_party/fastpforlib -I/home/pei/Project/duckdb-polr/third_party/fast_float -I/home/pei/Project/duckdb-polr/third_party/re2 -I/home/pei/Project/duckdb-polr/third_party/miniz -I/home/pei/Project/duckdb-polr/third_party/utf8proc/include -I/home/pei/Project/duckdb-polr/third_party/miniparquet -I/home/pei/Project/duckdb-polr/third_party/concurrentqueue -I/home/pei/Project/duckdb-polr/third_party/pcg -I/home/pei/Project/duckdb-polr/third_party/tdigest -I/home/pei/Project/duckdb-polr/third_party/mbedtls/include -I/home/pei/Project/duckdb-polr/third_party/jaro_winkler -I/home/pei/Project/duckdb-polr/test/../third_party/catch -I/home/pei/Project/duckdb-polr/test/../third_party/tpce-tool/include -I/home/pei/Project/duckdb-polr/test/../third_party/sqlite/include -I/home/pei/Project/duckdb-polr/test/include -O3 -DNDEBUG -O3 -DNDEBUG   -fPIC -fdiagnostics-color=always -std=c++11 -MD -MT test/api/capi/CMakeFiles/test_sql_capi.dir/ub_test_sql_capi.cpp.o -MF test/api/capi/CMakeFiles/test_sql_capi.dir/ub_test_sql_capi.cpp.o.d -o test/api/capi/CMakeFiles/test_sql_capi.dir/ub_test_sql_capi.cpp.o -c /home/pei/Project/duckdb-polr/build/release/test/api/capi/ub_test_sql_capi.cpp
[276/376] /usr/bin/ccache /usr/lib/ccache/c++ -DDUCKDB_BUILD_LIBRARY -DENABLE_CROSS_PRODUCT_REWRITE=0 -DENABLE_DEBUG_PRINT=0 -DENABLE_MEASURE_EXE_TIME=0 -DENABLE_MERGE_BACK_PLAN=0 -DENABLE_PARALLEL_EXECUTION=0 -DENABLE_QUERY_SPLIT=0 -DENABLE_SPECIFY_EST_STAT=0 -I/home/pei/Project/duckdb-polr/src/include -I/home/pei/Project/duckdb-polr/third_party/fsst -I/home/pei/Project/duckdb-polr/third_party/fmt/include -I/home/pei/Project/duckdb-polr/third_party/hyperloglog -I/home/pei/Project/duckdb-polr/third_party/fastpforlib -I/home/pei/Project/duckdb-polr/third_party/fast_float -I/home/pei/Project/duckdb-polr/third_party/re2 -I/home/pei/Project/duckdb-polr/third_party/miniz -I/home/pei/Project/duckdb-polr/third_party/utf8proc/include -I/home/pei/Project/duckdb-polr/third_party/miniparquet -I/home/pei/Project/duckdb-polr/third_party/concurrentqueue -I/home/pei/Project/duckdb-polr/third_party/pcg -I/home/pei/Project/duckdb-polr/third_party/tdigest -I/home/pei/Project/duckdb-polr/third_party/mbedtls/include -I/home/pei/Project/duckdb-polr/third_party/jaro_winkler -I/home/pei/Project/duckdb-polr/test/../third_party/catch -I/home/pei/Project/duckdb-polr/test/../third_party/tpce-tool/include -I/home/pei/Project/duckdb-polr/test/../third_party/sqlite/include -I/home/pei/Project/duckdb-polr/test/include -O3 -DNDEBUG -O3 -DNDEBUG   -fPIC -fdiagnostics-color=always -std=c++11 -MD -MT test/common/CMakeFiles/test_common.dir/ub_test_common.cpp.o -MF test/common/CMakeFiles/test_common.dir/ub_test_common.cpp.o.d -o test/common/CMakeFiles/test_common.dir/ub_test_common.cpp.o -c /home/pei/Project/duckdb-polr/build/release/test/common/ub_test_common.cpp
[277/376] /usr/bin/ccache /usr/lib/ccache/c++ -DDUCKDB_BUILD_DIRECTORY=\"/home/pei/Project/duckdb-polr/build/release\" -DDUCKDB_BUILD_LIBRARY -DDUCKDB_BUILD_LOADABLE_EXTENSION -DENABLE_CROSS_PRODUCT_REWRITE=0 -DENABLE_DEBUG_PRINT=0 -DENABLE_MEASURE_EXE_TIME=0 -DENABLE_MERGE_BACK_PLAN=0 -DENABLE_PARALLEL_EXECUTION=0 -DENABLE_QUERY_SPLIT=0 -DENABLE_SPECIFY_EST_STAT=0 -I/home/pei/Project/duckdb-polr/src/include -I/home/pei/Project/duckdb-polr/third_party/fsst -I/home/pei/Project/duckdb-polr/third_party/fmt/include -I/home/pei/Project/duckdb-polr/third_party/hyperloglog -I/home/pei/Project/duckdb-polr/third_party/fastpforlib -I/home/pei/Project/duckdb-polr/third_party/fast_float -I/home/pei/Project/duckdb-polr/third_party/re2 -I/home/pei/Project/duckdb-polr/third_party/miniz -I/home/pei/Project/duckdb-polr/third_party/utf8proc/include -I/home/pei/Project/duckdb-polr/third_party/miniparquet -I/home/pei/Project/duckdb-polr/third_party/concurrentqueue -I/home/pei/Project/duckdb-polr/third_party/pcg -I/home/pei/Project/duckdb-polr/third_party/tdigest -I/home/pei/Project/duckdb-polr/third_party/mbedtls/include -I/home/pei/Project/duckdb-polr/third_party/jaro_winkler -I/home/pei/Project/duckdb-polr/test/../third_party/catch -I/home/pei/Project/duckdb-polr/test/../third_party/tpce-tool/include -I/home/pei/Project/duckdb-polr/test/../third_party/sqlite/include -I/home/pei/Project/duckdb-polr/test/include -O3 -DNDEBUG -O3 -DNDEBUG   -fPIC -fdiagnostics-color=always -std=c++11 -MD -MT test/extension/CMakeFiles/loadable_extension_optimizer_demo_loadable_extension.dir/loadable_extension_optimizer_demo.cpp.o -MF test/extension/CMakeFiles/loadable_extension_optimizer_demo_loadable_extension.dir/loadable_extension_optimizer_demo.cpp.o.d -o test/extension/CMakeFiles/loadable_extension_optimizer_demo_loadable_extension.dir/loadable_extension_optimizer_demo.cpp.o -c /home/pei/Project/duckdb-polr/test/extension/loadable_extension_optimizer_demo.cpp
[278/376] /usr/bin/ccache /usr/lib/ccache/c++ -DDUCKDB_BUILD_LIBRARY -DENABLE_CROSS_PRODUCT_REWRITE=0 -DENABLE_DEBUG_PRINT=0 -DENABLE_MEASURE_EXE_TIME=0 -DENABLE_MERGE_BACK_PLAN=0 -DENABLE_PARALLEL_EXECUTION=0 -DENABLE_QUERY_SPLIT=0 -DENABLE_SPECIFY_EST_STAT=0 -I/home/pei/Project/duckdb-polr/src/include -I/home/pei/Project/duckdb-polr/third_party/fsst -I/home/pei/Project/duckdb-polr/third_party/fmt/include -I/home/pei/Project/duckdb-polr/third_party/hyperloglog -I/home/pei/Project/duckdb-polr/third_party/fastpforlib -I/home/pei/Project/duckdb-polr/third_party/fast_float -I/home/pei/Project/duckdb-polr/third_party/re2 -I/home/pei/Project/duckdb-polr/third_party/miniz -I/home/pei/Project/duckdb-polr/third_party/utf8proc/include -I/home/pei/Project/duckdb-polr/third_party/miniparquet -I/home/pei/Project/duckdb-polr/third_party/concurrentqueue -I/home/pei/Project/duckdb-polr/third_party/pcg -I/home/pei/Project/duckdb-polr/third_party/tdigest -I/home/pei/Project/duckdb-polr/third_party/mbedtls/include -I/home/pei/Project/duckdb-polr/third_party/jaro_winkler -I/home/pei/Project/duckdb-polr/test/../third_party/catch -I/home/pei/Project/duckdb-polr/test/../third_party/tpce-tool/include -I/home/pei/Project/duckdb-polr/test/../third_party/sqlite/include -I/home/pei/Project/duckdb-polr/test/include -O3 -DNDEBUG -O3 -DNDEBUG   -fPIC -fdiagnostics-color=always -std=c++11 -MD -MT test/api/CMakeFiles/test_api.dir/ub_test_api.cpp.o -MF test/api/CMakeFiles/test_api.dir/ub_test_api.cpp.o.d -o test/api/CMakeFiles/test_api.dir/ub_test_api.cpp.o -c /home/pei/Project/duckdb-polr/build/release/test/api/ub_test_api.cpp
[279/376] /usr/bin/ccache /usr/lib/ccache/c++ -DDUCKDB_BUILD_DIRECTORY=\"/home/pei/Project/duckdb-polr/build/release\" -DDUCKDB_BUILD_LIBRARY -DENABLE_CROSS_PRODUCT_REWRITE=0 -DENABLE_DEBUG_PRINT=0 -DENABLE_MEASURE_EXE_TIME=0 -DENABLE_MERGE_BACK_PLAN=0 -DENABLE_PARALLEL_EXECUTION=0 -DENABLE_QUERY_SPLIT=0 -DENABLE_SPECIFY_EST_STAT=0 -I/home/pei/Project/duckdb-polr/src/include -I/home/pei/Project/duckdb-polr/third_party/fsst -I/home/pei/Project/duckdb-polr/third_party/fmt/include -I/home/pei/Project/duckdb-polr/third_party/hyperloglog -I/home/pei/Project/duckdb-polr/third_party/fastpforlib -I/home/pei/Project/duckdb-polr/third_party/fast_float -I/home/pei/Project/duckdb-polr/third_party/re2 -I/home/pei/Project/duckdb-polr/third_party/miniz -I/home/pei/Project/duckdb-polr/third_party/utf8proc/include -I/home/pei/Project/duckdb-polr/third_party/miniparquet -I/home/pei/Project/duckdb-polr/third_party/concurrentqueue -I/home/pei/Project/duckdb-polr/third_party/pcg -I/home/pei/Project/duckdb-polr/third_party/tdigest -I/home/pei/Project/duckdb-polr/third_party/mbedtls/include -I/home/pei/Project/duckdb-polr/third_party/jaro_winkler -I/home/pei/Project/duckdb-polr/test/../third_party/catch -I/home/pei/Project/duckdb-polr/test/../third_party/tpce-tool/include -I/home/pei/Project/duckdb-polr/test/../third_party/sqlite/include -I/home/pei/Project/duckdb-polr/test/include -O3 -DNDEBUG -O3 -DNDEBUG   -fPIC -fdiagnostics-color=always -std=c++11 -MD -MT test/extension/CMakeFiles/test_extensions.dir/ub_test_extensions.cpp.o -MF test/extension/CMakeFiles/test_extensions.dir/ub_test_extensions.cpp.o.d -o test/extension/CMakeFiles/test_extensions.dir/ub_test_extensions.cpp.o -c /home/pei/Project/duckdb-polr/build/release/test/extension/ub_test_extensions.cpp
[280/376] /usr/bin/ccache /usr/lib/ccache/c++ -DDUCKDB_BUILD_LIBRARY -DENABLE_CROSS_PRODUCT_REWRITE=0 -DENABLE_DEBUG_PRINT=0 -DENABLE_MEASURE_EXE_TIME=0 -DENABLE_MERGE_BACK_PLAN=0 -DENABLE_PARALLEL_EXECUTION=0 -DENABLE_QUERY_SPLIT=0 -DENABLE_SPECIFY_EST_STAT=0 -I/home/pei/Project/duckdb-polr/src/include -I/home/pei/Project/duckdb-polr/third_party/fsst -I/home/pei/Project/duckdb-polr/third_party/fmt/include -I/home/pei/Project/duckdb-polr/third_party/hyperloglog -I/home/pei/Project/duckdb-polr/third_party/fastpforlib -I/home/pei/Project/duckdb-polr/third_party/fast_float -I/home/pei/Project/duckdb-polr/third_party/re2 -I/home/pei/Project/duckdb-polr/third_party/miniz -I/home/pei/Project/duckdb-polr/third_party/utf8proc/include -I/home/pei/Project/duckdb-polr/third_party/miniparquet -I/home/pei/Project/duckdb-polr/third_party/concurrentqueue -I/home/pei/Project/duckdb-polr/third_party/pcg -I/home/pei/Project/duckdb-polr/third_party/tdigest -I/home/pei/Project/duckdb-polr/third_party/mbedtls/include -I/home/pei/Project/duckdb-polr/third_party/jaro_winkler -I/home/pei/Project/duckdb-polr/test/../third_party/catch -I/home/pei/Project/duckdb-polr/test/../third_party/tpce-tool/include -I/home/pei/Project/duckdb-polr/test/../third_party/sqlite/include -I/home/pei/Project/duckdb-polr/test/include -I/home/pei/Project/duckdb-polr/third_party/libpg_query/include -O3 -DNDEBUG -O3 -DNDEBUG   -fPIC -fdiagnostics-color=always -std=c++11 -MD -MT test/helpers/CMakeFiles/test_helpers.dir/pid.cpp.o -MF test/helpers/CMakeFiles/test_helpers.dir/pid.cpp.o.d -o test/helpers/CMakeFiles/test_helpers.dir/pid.cpp.o -c /home/pei/Project/duckdb-polr/test/helpers/pid.cpp
[281/376] /usr/bin/ccache /usr/lib/ccache/c++ -DDUCKDB_BUILD_LIBRARY -DENABLE_CROSS_PRODUCT_REWRITE=0 -DENABLE_DEBUG_PRINT=0 -DENABLE_MEASURE_EXE_TIME=0 -DENABLE_MERGE_BACK_PLAN=0 -DENABLE_PARALLEL_EXECUTION=0 -DENABLE_QUERY_SPLIT=0 -DENABLE_SPECIFY_EST_STAT=0 -I/home/pei/Project/duckdb-polr/src/include -I/home/pei/Project/duckdb-polr/third_party/fsst -I/home/pei/Project/duckdb-polr/third_party/fmt/include -I/home/pei/Project/duckdb-polr/third_party/hyperloglog -I/home/pei/Project/duckdb-polr/third_party/fastpforlib -I/home/pei/Project/duckdb-polr/third_party/fast_float -I/home/pei/Project/duckdb-polr/third_party/re2 -I/home/pei/Project/duckdb-polr/third_party/miniz -I/home/pei/Project/duckdb-polr/third_party/utf8proc/include -I/home/pei/Project/duckdb-polr/third_party/miniparquet -I/home/pei/Project/duckdb-polr/third_party/concurrentqueue -I/home/pei/Project/duckdb-polr/third_party/pcg -I/home/pei/Project/duckdb-polr/third_party/tdigest -I/home/pei/Project/duckdb-polr/third_party/mbedtls/include -I/home/pei/Project/duckdb-polr/third_party/jaro_winkler -I/home/pei/Project/duckdb-polr/test/../third_party/catch -I/home/pei/Project/duckdb-polr/test/../third_party/tpce-tool/include -I/home/pei/Project/duckdb-polr/test/../third_party/sqlite/include -I/home/pei/Project/duckdb-polr/test/include -I/home/pei/Project/duckdb-polr/third_party/libpg_query/include -O3 -DNDEBUG -O3 -DNDEBUG   -fPIC -fdiagnostics-color=always -std=c++11 -MD -MT test/helpers/CMakeFiles/test_helpers.dir/test_helpers.cpp.o -MF test/helpers/CMakeFiles/test_helpers.dir/test_helpers.cpp.o.d -o test/helpers/CMakeFiles/test_helpers.dir/test_helpers.cpp.o -c /home/pei/Project/duckdb-polr/test/helpers/test_helpers.cpp
[282/376] /usr/bin/ccache /usr/lib/ccache/c++ -DDUCKDB_BUILD_LIBRARY -DENABLE_CROSS_PRODUCT_REWRITE=0 -DENABLE_DEBUG_PRINT=0 -DENABLE_MEASURE_EXE_TIME=0 -DENABLE_MERGE_BACK_PLAN=0 -DENABLE_PARALLEL_EXECUTION=0 -DENABLE_QUERY_SPLIT=0 -DENABLE_SPECIFY_EST_STAT=0 -I/home/pei/Project/duckdb-polr/src/include -I/home/pei/Project/duckdb-polr/third_party/fsst -I/home/pei/Project/duckdb-polr/third_party/fmt/include -I/home/pei/Project/duckdb-polr/third_party/hyperloglog -I/home/pei/Project/duckdb-polr/third_party/fastpforlib -I/home/pei/Project/duckdb-polr/third_party/fast_float -I/home/pei/Project/duckdb-polr/third_party/re2 -I/home/pei/Project/duckdb-polr/third_party/miniz -I/home/pei/Project/duckdb-polr/third_party/utf8proc/include -I/home/pei/Project/duckdb-polr/third_party/miniparquet -I/home/pei/Project/duckdb-polr/third_party/concurrentqueue -I/home/pei/Project/duckdb-polr/third_party/pcg -I/home/pei/Project/duckdb-polr/third_party/tdigest -I/home/pei/Project/duckdb-polr/third_party/mbedtls/include -I/home/pei/Project/duckdb-polr/third_party/jaro_winkler -I/home/pei/Project/duckdb-polr/test/../third_party/catch -I/home/pei/Project/duckdb-polr/test/../third_party/tpce-tool/include -I/home/pei/Project/duckdb-polr/test/../third_party/sqlite/include -I/home/pei/Project/duckdb-polr/test/include -I/home/pei/Project/duckdb-polr/third_party/libpg_query/include -O3 -DNDEBUG -O3 -DNDEBUG   -fPIC -fdiagnostics-color=always -std=c++11 -MD -MT test/helpers/CMakeFiles/test_helpers.dir/capi_tester.cpp.o -MF test/helpers/CMakeFiles/test_helpers.dir/capi_tester.cpp.o.d -o test/helpers/CMakeFiles/test_helpers.dir/capi_tester.cpp.o -c /home/pei/Project/duckdb-polr/test/helpers/capi_tester.cpp
[283/376] /usr/bin/ccache /usr/lib/ccache/c++ -DDUCKDB_BUILD_LIBRARY -DENABLE_CROSS_PRODUCT_REWRITE=0 -DENABLE_DEBUG_PRINT=0 -DENABLE_MEASURE_EXE_TIME=0 -DENABLE_MERGE_BACK_PLAN=0 -DENABLE_PARALLEL_EXECUTION=0 -DENABLE_QUERY_SPLIT=0 -DENABLE_SPECIFY_EST_STAT=0 -I/home/pei/Project/duckdb-polr/src/include -I/home/pei/Project/duckdb-polr/third_party/fsst -I/home/pei/Project/duckdb-polr/third_party/fmt/include -I/home/pei/Project/duckdb-polr/third_party/hyperloglog -I/home/pei/Project/duckdb-polr/third_party/fastpforlib -I/home/pei/Project/duckdb-polr/third_party/fast_float -I/home/pei/Project/duckdb-polr/third_party/re2 -I/home/pei/Project/duckdb-polr/third_party/miniz -I/home/pei/Project/duckdb-polr/third_party/utf8proc/include -I/home/pei/Project/duckdb-polr/third_party/miniparquet -I/home/pei/Project/duckdb-polr/third_party/concurrentqueue -I/home/pei/Project/duckdb-polr/third_party/pcg -I/home/pei/Project/duckdb-polr/third_party/tdigest -I/home/pei/Project/duckdb-polr/third_party/mbedtls/include -I/home/pei/Project/duckdb-polr/third_party/jaro_winkler -I/home/pei/Project/duckdb-polr/test/../third_party/catch -I/home/pei/Project/duckdb-polr/test/../third_party/tpce-tool/include -I/home/pei/Project/duckdb-polr/test/../third_party/sqlite/include -I/home/pei/Project/duckdb-polr/test/include -O3 -DNDEBUG -O3 -DNDEBUG   -fPIC -fdiagnostics-color=always -std=c++11 -MD -MT test/sql/filter/CMakeFiles/test_filter.dir/ub_test_filter.cpp.o -MF test/sql/filter/CMakeFiles/test_filter.dir/ub_test_filter.cpp.o.d -o test/sql/filter/CMakeFiles/test_filter.dir/ub_test_filter.cpp.o -c /home/pei/Project/duckdb-polr/build/release/test/sql/filter/ub_test_filter.cpp
[284/376] /usr/bin/ccache /usr/lib/ccache/c++ -DDUCKDB_BUILD_LIBRARY -DENABLE_CROSS_PRODUCT_REWRITE=0 -DENABLE_DEBUG_PRINT=0 -DENABLE_MEASURE_EXE_TIME=0 -DENABLE_MERGE_BACK_PLAN=0 -DENABLE_PARALLEL_EXECUTION=0 -DENABLE_QUERY_SPLIT=0 -DENABLE_SPECIFY_EST_STAT=0 -I/home/pei/Project/duckdb-polr/src/include -I/home/pei/Project/duckdb-polr/third_party/fsst -I/home/pei/Project/duckdb-polr/third_party/fmt/include -I/home/pei/Project/duckdb-polr/third_party/hyperloglog -I/home/pei/Project/duckdb-polr/third_party/fastpforlib -I/home/pei/Project/duckdb-polr/third_party/fast_float -I/home/pei/Project/duckdb-polr/third_party/re2 -I/home/pei/Project/duckdb-polr/third_party/miniz -I/home/pei/Project/duckdb-polr/third_party/utf8proc/include -I/home/pei/Project/duckdb-polr/third_party/miniparquet -I/home/pei/Project/duckdb-polr/third_party/concurrentqueue -I/home/pei/Project/duckdb-polr/third_party/pcg -I/home/pei/Project/duckdb-polr/third_party/tdigest -I/home/pei/Project/duckdb-polr/third_party/mbedtls/include -I/home/pei/Project/duckdb-polr/third_party/jaro_winkler -I/home/pei/Project/duckdb-polr/test/../third_party/catch -I/home/pei/Project/duckdb-polr/test/../third_party/tpce-tool/include -I/home/pei/Project/duckdb-polr/test/../third_party/sqlite/include -I/home/pei/Project/duckdb-polr/test/include -O3 -DNDEBUG -O3 -DNDEBUG   -fPIC -fdiagnostics-color=always -std=c++11 -MD -MT test/memoryleak/CMakeFiles/test_memory_leak.dir/ub_test_memory_leak.cpp.o -MF test/memoryleak/CMakeFiles/test_memory_leak.dir/ub_test_memory_leak.cpp.o.d -o test/memoryleak/CMakeFiles/test_memory_leak.dir/ub_test_memory_leak.cpp.o -c /home/pei/Project/duckdb-polr/build/release/test/memoryleak/ub_test_memory_leak.cpp
[285/376] /usr/bin/ccache /usr/lib/ccache/c++ -DDUCKDB_BUILD_LIBRARY -DENABLE_CROSS_PRODUCT_REWRITE=0 -DENABLE_DEBUG_PRINT=0 -DENABLE_MEASURE_EXE_TIME=0 -DENABLE_MERGE_BACK_PLAN=0 -DENABLE_PARALLEL_EXECUTION=0 -DENABLE_QUERY_SPLIT=0 -DENABLE_SPECIFY_EST_STAT=0 -I/home/pei/Project/duckdb-polr/src/include -I/home/pei/Project/duckdb-polr/third_party/fsst -I/home/pei/Project/duckdb-polr/third_party/fmt/include -I/home/pei/Project/duckdb-polr/third_party/hyperloglog -I/home/pei/Project/duckdb-polr/third_party/fastpforlib -I/home/pei/Project/duckdb-polr/third_party/fast_float -I/home/pei/Project/duckdb-polr/third_party/re2 -I/home/pei/Project/duckdb-polr/third_party/miniz -I/home/pei/Project/duckdb-polr/third_party/utf8proc/include -I/home/pei/Project/duckdb-polr/third_party/miniparquet -I/home/pei/Project/duckdb-polr/third_party/concurrentqueue -I/home/pei/Project/duckdb-polr/third_party/pcg -I/home/pei/Project/duckdb-polr/third_party/tdigest -I/home/pei/Project/duckdb-polr/third_party/mbedtls/include -I/home/pei/Project/duckdb-polr/third_party/jaro_winkler -I/home/pei/Project/duckdb-polr/test/../third_party/catch -I/home/pei/Project/duckdb-polr/test/../third_party/tpce-tool/include -I/home/pei/Project/duckdb-polr/test/../third_party/sqlite/include -I/home/pei/Project/duckdb-polr/test/include -O3 -DNDEBUG -O3 -DNDEBUG   -fPIC -fdiagnostics-color=always -std=c++11 -MD -MT test/sql/function/table/CMakeFiles/test_table_function.dir/ub_test_table_function.cpp.o -MF test/sql/function/table/CMakeFiles/test_table_function.dir/ub_test_table_function.cpp.o.d -o test/sql/function/table/CMakeFiles/test_table_function.dir/ub_test_table_function.cpp.o -c /home/pei/Project/duckdb-polr/build/release/test/sql/function/table/ub_test_table_function.cpp
[286/376] /usr/bin/ccache /usr/lib/ccache/c++ -DDUCKDB_BUILD_LIBRARY -DENABLE_CROSS_PRODUCT_REWRITE=0 -DENABLE_DEBUG_PRINT=0 -DENABLE_MEASURE_EXE_TIME=0 -DENABLE_MERGE_BACK_PLAN=0 -DENABLE_PARALLEL_EXECUTION=0 -DENABLE_QUERY_SPLIT=0 -DENABLE_SPECIFY_EST_STAT=0 -I/home/pei/Project/duckdb-polr/src/include -I/home/pei/Project/duckdb-polr/third_party/fsst -I/home/pei/Project/duckdb-polr/third_party/fmt/include -I/home/pei/Project/duckdb-polr/third_party/hyperloglog -I/home/pei/Project/duckdb-polr/third_party/fastpforlib -I/home/pei/Project/duckdb-polr/third_party/fast_float -I/home/pei/Project/duckdb-polr/third_party/re2 -I/home/pei/Project/duckdb-polr/third_party/miniz -I/home/pei/Project/duckdb-polr/third_party/utf8proc/include -I/home/pei/Project/duckdb-polr/third_party/miniparquet -I/home/pei/Project/duckdb-polr/third_party/concurrentqueue -I/home/pei/Project/duckdb-polr/third_party/pcg -I/home/pei/Project/duckdb-polr/third_party/tdigest -I/home/pei/Project/duckdb-polr/third_party/mbedtls/include -I/home/pei/Project/duckdb-polr/third_party/jaro_winkler -I/home/pei/Project/duckdb-polr/test/../third_party/catch -I/home/pei/Project/duckdb-polr/test/../third_party/tpce-tool/include -I/home/pei/Project/duckdb-polr/test/../third_party/sqlite/include -I/home/pei/Project/duckdb-polr/test/include -O3 -DNDEBUG -O3 -DNDEBUG   -fPIC -fdiagnostics-color=always -std=c++11 -MD -MT test/sql/index/CMakeFiles/test_index.dir/ub_test_index.cpp.o -MF test/sql/index/CMakeFiles/test_index.dir/ub_test_index.cpp.o.d -o test/sql/index/CMakeFiles/test_index.dir/ub_test_index.cpp.o -c /home/pei/Project/duckdb-polr/build/release/test/sql/index/ub_test_index.cpp
[287/376] /usr/bin/ccache /usr/lib/ccache/c++ -DDUCKDB_BUILD_LIBRARY -DENABLE_CROSS_PRODUCT_REWRITE=0 -DENABLE_DEBUG_PRINT=0 -DENABLE_MEASURE_EXE_TIME=0 -DENABLE_MERGE_BACK_PLAN=0 -DENABLE_PARALLEL_EXECUTION=0 -DENABLE_QUERY_SPLIT=0 -DENABLE_SPECIFY_EST_STAT=0 -I/home/pei/Project/duckdb-polr/src/include -I/home/pei/Project/duckdb-polr/third_party/fsst -I/home/pei/Project/duckdb-polr/third_party/fmt/include -I/home/pei/Project/duckdb-polr/third_party/hyperloglog -I/home/pei/Project/duckdb-polr/third_party/fastpforlib -I/home/pei/Project/duckdb-polr/third_party/fast_float -I/home/pei/Project/duckdb-polr/third_party/re2 -I/home/pei/Project/duckdb-polr/third_party/miniz -I/home/pei/Project/duckdb-polr/third_party/utf8proc/include -I/home/pei/Project/duckdb-polr/third_party/miniparquet -I/home/pei/Project/duckdb-polr/third_party/concurrentqueue -I/home/pei/Project/duckdb-polr/third_party/pcg -I/home/pei/Project/duckdb-polr/third_party/tdigest -I/home/pei/Project/duckdb-polr/third_party/mbedtls/include -I/home/pei/Project/duckdb-polr/third_party/jaro_winkler -I/home/pei/Project/duckdb-polr/test/../third_party/catch -I/home/pei/Project/duckdb-polr/test/../third_party/tpce-tool/include -I/home/pei/Project/duckdb-polr/test/../third_party/sqlite/include -I/home/pei/Project/duckdb-polr/test/include -O3 -DNDEBUG -O3 -DNDEBUG   -fPIC -fdiagnostics-color=always -std=c++11 -MD -MT test/sql/parallelism/interquery/CMakeFiles/test_sql_interquery_parallelism.dir/ub_test_sql_interquery_parallelism.cpp.o -MF test/sql/parallelism/interquery/CMakeFiles/test_sql_interquery_parallelism.dir/ub_test_sql_interquery_parallelism.cpp.o.d -o test/sql/parallelism/interquery/CMakeFiles/test_sql_interquery_parallelism.dir/ub_test_sql_interquery_parallelism.cpp.o -c /home/pei/Project/duckdb-polr/build/release/test/sql/parallelism/interquery/ub_test_sql_interquery_parallelism.cpp
[288/376] /usr/bin/ccache /usr/lib/ccache/c++ -DDUCKDB_BUILD_LIBRARY -DENABLE_CROSS_PRODUCT_REWRITE=0 -DENABLE_DEBUG_PRINT=0 -DENABLE_MEASURE_EXE_TIME=0 -DENABLE_MERGE_BACK_PLAN=0 -DENABLE_PARALLEL_EXECUTION=0 -DENABLE_QUERY_SPLIT=0 -DENABLE_SPECIFY_EST_STAT=0 -I/home/pei/Project/duckdb-polr/src/include -I/home/pei/Project/duckdb-polr/third_party/fsst -I/home/pei/Project/duckdb-polr/third_party/fmt/include -I/home/pei/Project/duckdb-polr/third_party/hyperloglog -I/home/pei/Project/duckdb-polr/third_party/fastpforlib -I/home/pei/Project/duckdb-polr/third_party/fast_float -I/home/pei/Project/duckdb-polr/third_party/re2 -I/home/pei/Project/duckdb-polr/third_party/miniz -I/home/pei/Project/duckdb-polr/third_party/utf8proc/include -I/home/pei/Project/duckdb-polr/third_party/miniparquet -I/home/pei/Project/duckdb-polr/third_party/concurrentqueue -I/home/pei/Project/duckdb-polr/third_party/pcg -I/home/pei/Project/duckdb-polr/third_party/tdigest -I/home/pei/Project/duckdb-polr/third_party/mbedtls/include -I/home/pei/Project/duckdb-polr/third_party/jaro_winkler -I/home/pei/Project/duckdb-polr/test/../third_party/catch -I/home/pei/Project/duckdb-polr/test/../third_party/tpce-tool/include -I/home/pei/Project/duckdb-polr/test/../third_party/sqlite/include -I/home/pei/Project/duckdb-polr/test/include -O3 -DNDEBUG -O3 -DNDEBUG   -fPIC -fdiagnostics-color=always -std=c++11 -MD -MT test/sql/storage/CMakeFiles/test_sql_storage.dir/ub_test_sql_storage.cpp.o -MF test/sql/storage/CMakeFiles/test_sql_storage.dir/ub_test_sql_storage.cpp.o.d -o test/sql/storage/CMakeFiles/test_sql_storage.dir/ub_test_sql_storage.cpp.o -c /home/pei/Project/duckdb-polr/build/release/test/sql/storage/ub_test_sql_storage.cpp
[289/376] /usr/bin/ccache /usr/lib/ccache/c++ -DDUCKDB_BUILD_LIBRARY -DENABLE_CROSS_PRODUCT_REWRITE=0 -DENABLE_DEBUG_PRINT=0 -DENABLE_MEASURE_EXE_TIME=0 -DENABLE_MERGE_BACK_PLAN=0 -DENABLE_PARALLEL_EXECUTION=0 -DENABLE_QUERY_SPLIT=0 -DENABLE_SPECIFY_EST_STAT=0 -I/home/pei/Project/duckdb-polr/src/include -I/home/pei/Project/duckdb-polr/third_party/fsst -I/home/pei/Project/duckdb-polr/third_party/fmt/include -I/home/pei/Project/duckdb-polr/third_party/hyperloglog -I/home/pei/Project/duckdb-polr/third_party/fastpforlib -I/home/pei/Project/duckdb-polr/third_party/fast_float -I/home/pei/Project/duckdb-polr/third_party/re2 -I/home/pei/Project/duckdb-polr/third_party/miniz -I/home/pei/Project/duckdb-polr/third_party/utf8proc/include -I/home/pei/Project/duckdb-polr/third_party/miniparquet -I/home/pei/Project/duckdb-polr/third_party/concurrentqueue -I/home/pei/Project/duckdb-polr/third_party/pcg -I/home/pei/Project/duckdb-polr/third_party/tdigest -I/home/pei/Project/duckdb-polr/third_party/mbedtls/include -I/home/pei/Project/duckdb-polr/third_party/jaro_winkler -I/home/pei/Project/duckdb-polr/test/../third_party/catch -I/home/pei/Project/duckdb-polr/test/../third_party/tpce-tool/include -I/home/pei/Project/duckdb-polr/test/../third_party/sqlite/include -I/home/pei/Project/duckdb-polr/test/include -O3 -DNDEBUG -O3 -DNDEBUG   -fPIC -fdiagnostics-color=always -std=c++11 -MD -MT test/sql/storage/catalog/CMakeFiles/test_sql_storage_catalog.dir/ub_test_sql_storage_catalog.cpp.o -MF test/sql/storage/catalog/CMakeFiles/test_sql_storage_catalog.dir/ub_test_sql_storage_catalog.cpp.o.d -o test/sql/storage/catalog/CMakeFiles/test_sql_storage_catalog.dir/ub_test_sql_storage_catalog.cpp.o -c /home/pei/Project/duckdb-polr/build/release/test/sql/storage/catalog/ub_test_sql_storage_catalog.cpp
[290/376] /usr/bin/ccache /usr/lib/ccache/c++ -DBUILD_JEMALLOC_EXTENSION=ON -DBUILD_PARQUET_EXTENSION=TRUE -DDUCKDB_BUILD_DIRECTORY=\"/home/pei/Project/duckdb-polr/build/release\" -DDUCKDB_BUILD_LIBRARY -DDUCKDB_ROOT_DIRECTORY=\"/home/pei/Project/duckdb-polr\" -DENABLE_CROSS_PRODUCT_REWRITE=0 -DENABLE_DEBUG_PRINT=0 -DENABLE_MEASURE_EXE_TIME=0 -DENABLE_MERGE_BACK_PLAN=0 -DENABLE_PARALLEL_EXECUTION=0 -DENABLE_QUERY_SPLIT=0 -DENABLE_SPECIFY_EST_STAT=0 -I/home/pei/Project/duckdb-polr/src/include -I/home/pei/Project/duckdb-polr/third_party/fsst -I/home/pei/Project/duckdb-polr/third_party/fmt/include -I/home/pei/Project/duckdb-polr/third_party/hyperloglog -I/home/pei/Project/duckdb-polr/third_party/fastpforlib -I/home/pei/Project/duckdb-polr/third_party/fast_float -I/home/pei/Project/duckdb-polr/third_party/re2 -I/home/pei/Project/duckdb-polr/third_party/miniz -I/home/pei/Project/duckdb-polr/third_party/utf8proc/include -I/home/pei/Project/duckdb-polr/third_party/miniparquet -I/home/pei/Project/duckdb-polr/third_party/concurrentqueue -I/home/pei/Project/duckdb-polr/third_party/pcg -I/home/pei/Project/duckdb-polr/third_party/tdigest -I/home/pei/Project/duckdb-polr/third_party/mbedtls/include -I/home/pei/Project/duckdb-polr/third_party/jaro_winkler -I/home/pei/Project/duckdb-polr/test/../third_party/catch -I/home/pei/Project/duckdb-polr/test/../third_party/tpce-tool/include -I/home/pei/Project/duckdb-polr/test/../third_party/sqlite/include -I/home/pei/Project/duckdb-polr/test/include -I/home/pei/Project/duckdb-polr/extension -I/home/pei/Project/duckdb-polr/extension/parquet/include -I/home/pei/Project/duckdb-polr/extension/jemalloc/include -O3 -DNDEBUG -O3 -DNDEBUG   -fPIC -fdiagnostics-color=always -std=c++11 -MD -MT test/sqlite/CMakeFiles/test_sqlite.dir/ub_test_sqlite.cpp.o -MF test/sqlite/CMakeFiles/test_sqlite.dir/ub_test_sqlite.cpp.o.d -o test/sqlite/CMakeFiles/test_sqlite.dir/ub_test_sqlite.cpp.o -c /home/pei/Project/duckdb-polr/build/release/test/sqlite/ub_test_sqlite.cpp
[291/376] /usr/bin/ccache /usr/lib/ccache/c++ -DDUCKDB_BUILD_LIBRARY -DENABLE_CROSS_PRODUCT_REWRITE=0 -DENABLE_DEBUG_PRINT=0 -DENABLE_MEASURE_EXE_TIME=0 -DENABLE_MERGE_BACK_PLAN=0 -DENABLE_PARALLEL_EXECUTION=0 -DENABLE_QUERY_SPLIT=0 -DENABLE_SPECIFY_EST_STAT=0 -I/home/pei/Project/duckdb-polr/src/include -I/home/pei/Project/duckdb-polr/third_party/fsst -I/home/pei/Project/duckdb-polr/third_party/fmt/include -I/home/pei/Project/duckdb-polr/third_party/hyperloglog -I/home/pei/Project/duckdb-polr/third_party/fastpforlib -I/home/pei/Project/duckdb-polr/third_party/fast_float -I/home/pei/Project/duckdb-polr/third_party/re2 -I/home/pei/Project/duckdb-polr/third_party/miniz -I/home/pei/Project/duckdb-polr/third_party/utf8proc/include -I/home/pei/Project/duckdb-polr/third_party/miniparquet -I/home/pei/Project/duckdb-polr/third_party/concurrentqueue -I/home/pei/Project/duckdb-polr/third_party/pcg -I/home/pei/Project/duckdb-polr/third_party/tdigest -I/home/pei/Project/duckdb-polr/third_party/mbedtls/include -I/home/pei/Project/duckdb-polr/third_party/jaro_winkler -I/home/pei/Project/duckdb-polr/test/../third_party/catch -I/home/pei/Project/duckdb-polr/test/../third_party/tpce-tool/include -I/home/pei/Project/duckdb-polr/test/../third_party/sqlite/include -I/home/pei/Project/duckdb-polr/test/include -O3 -DNDEBUG -O3 -DNDEBUG   -fPIC -fdiagnostics-color=always -std=c++11 -MD -MT test/mbedtls/CMakeFiles/test_mbedtls.dir/ub_test_mbedtls.cpp.o -MF test/mbedtls/CMakeFiles/test_mbedtls.dir/ub_test_mbedtls.cpp.o.d -o test/mbedtls/CMakeFiles/test_mbedtls.dir/ub_test_mbedtls.cpp.o -c /home/pei/Project/duckdb-polr/build/release/test/mbedtls/ub_test_mbedtls.cpp
[292/376] /usr/bin/ccache /usr/lib/ccache/c++ -DDUCKDB_BUILD_LIBRARY -DENABLE_CROSS_PRODUCT_REWRITE=0 -DENABLE_DEBUG_PRINT=0 -DENABLE_MEASURE_EXE_TIME=0 -DENABLE_MERGE_BACK_PLAN=0 -DENABLE_PARALLEL_EXECUTION=0 -DENABLE_QUERY_SPLIT=0 -DENABLE_SPECIFY_EST_STAT=0 -I/home/pei/Project/duckdb-polr/src/include -I/home/pei/Project/duckdb-polr/third_party/fsst -I/home/pei/Project/duckdb-polr/third_party/fmt/include -I/home/pei/Project/duckdb-polr/third_party/hyperloglog -I/home/pei/Project/duckdb-polr/third_party/fastpforlib -I/home/pei/Project/duckdb-polr/third_party/fast_float -I/home/pei/Project/duckdb-polr/third_party/re2 -I/home/pei/Project/duckdb-polr/third_party/miniz -I/home/pei/Project/duckdb-polr/third_party/utf8proc/include -I/home/pei/Project/duckdb-polr/third_party/miniparquet -I/home/pei/Project/duckdb-polr/third_party/concurrentqueue -I/home/pei/Project/duckdb-polr/third_party/pcg -I/home/pei/Project/duckdb-polr/third_party/tdigest -I/home/pei/Project/duckdb-polr/third_party/mbedtls/include -I/home/pei/Project/duckdb-polr/third_party/jaro_winkler -I/home/pei/Project/duckdb-polr/test/../third_party/catch -I/home/pei/Project/duckdb-polr/test/../third_party/tpce-tool/include -I/home/pei/Project/duckdb-polr/test/../third_party/sqlite/include -I/home/pei/Project/duckdb-polr/test/include -O3 -DNDEBUG -O3 -DNDEBUG   -fPIC -fdiagnostics-color=always -std=c++11 -MD -MT test/ossfuzz/CMakeFiles/test_ossfuzz.dir/ub_test_ossfuzz.cpp.o -MF test/ossfuzz/CMakeFiles/test_ossfuzz.dir/ub_test_ossfuzz.cpp.o.d -o test/ossfuzz/CMakeFiles/test_ossfuzz.dir/ub_test_ossfuzz.cpp.o -c /home/pei/Project/duckdb-polr/build/release/test/ossfuzz/ub_test_ossfuzz.cpp
[293/376] /usr/bin/ccache /usr/lib/ccache/c++ -DDUCKDB_BUILD_LIBRARY -DENABLE_CROSS_PRODUCT_REWRITE=0 -DENABLE_DEBUG_PRINT=0 -DENABLE_MEASURE_EXE_TIME=0 -DENABLE_MERGE_BACK_PLAN=0 -DENABLE_PARALLEL_EXECUTION=0 -DENABLE_QUERY_SPLIT=0 -DENABLE_SPECIFY_EST_STAT=0 -I/home/pei/Project/duckdb-polr/src/include -I/home/pei/Project/duckdb-polr/third_party/fsst -I/home/pei/Project/duckdb-polr/third_party/fmt/include -I/home/pei/Project/duckdb-polr/third_party/hyperloglog -I/home/pei/Project/duckdb-polr/third_party/fastpforlib -I/home/pei/Project/duckdb-polr/third_party/fast_float -I/home/pei/Project/duckdb-polr/third_party/re2 -I/home/pei/Project/duckdb-polr/third_party/miniz -I/home/pei/Project/duckdb-polr/third_party/utf8proc/include -I/home/pei/Project/duckdb-polr/third_party/miniparquet -I/home/pei/Project/duckdb-polr/third_party/concurrentqueue -I/home/pei/Project/duckdb-polr/third_party/pcg -I/home/pei/Project/duckdb-polr/third_party/tdigest -I/home/pei/Project/duckdb-polr/third_party/mbedtls/include -I/home/pei/Project/duckdb-polr/third_party/jaro_winkler -I/home/pei/Project/duckdb-polr/test/../third_party/catch -I/home/pei/Project/duckdb-polr/test/../third_party/tpce-tool/include -I/home/pei/Project/duckdb-polr/test/../third_party/sqlite/include -I/home/pei/Project/duckdb-polr/test/include -O3 -DNDEBUG -O3 -DNDEBUG   -fPIC -fdiagnostics-color=always -std=c++11 -MD -MT test/persistence/CMakeFiles/test_persistence.dir/ub_test_persistence.cpp.o -MF test/persistence/CMakeFiles/test_persistence.dir/ub_test_persistence.cpp.o.d -o test/persistence/CMakeFiles/test_persistence.dir/ub_test_persistence.cpp.o -c /home/pei/Project/duckdb-polr/build/release/test/persistence/ub_test_persistence.cpp
[294/376] /usr/bin/ccache /usr/lib/ccache/c++ -DDUCKDB_BUILD_LIBRARY -DENABLE_CROSS_PRODUCT_REWRITE=0 -DENABLE_DEBUG_PRINT=0 -DENABLE_MEASURE_EXE_TIME=0 -DENABLE_MERGE_BACK_PLAN=0 -DENABLE_PARALLEL_EXECUTION=0 -DENABLE_QUERY_SPLIT=0 -DENABLE_SPECIFY_EST_STAT=0 -I/home/pei/Project/duckdb-polr/src/include -I/home/pei/Project/duckdb-polr/third_party/fsst -I/home/pei/Project/duckdb-polr/third_party/fmt/include -I/home/pei/Project/duckdb-polr/third_party/hyperloglog -I/home/pei/Project/duckdb-polr/third_party/fastpforlib -I/home/pei/Project/duckdb-polr/third_party/fast_float -I/home/pei/Project/duckdb-polr/third_party/re2 -I/home/pei/Project/duckdb-polr/third_party/miniz -I/home/pei/Project/duckdb-polr/third_party/utf8proc/include -I/home/pei/Project/duckdb-polr/third_party/miniparquet -I/home/pei/Project/duckdb-polr/third_party/concurrentqueue -I/home/pei/Project/duckdb-polr/third_party/pcg -I/home/pei/Project/duckdb-polr/third_party/tdigest -I/home/pei/Project/duckdb-polr/third_party/mbedtls/include -I/home/pei/Project/duckdb-polr/third_party/jaro_winkler -O3 -DNDEBUG -O3 -DNDEBUG   -fPIC -fdiagnostics-color=always -w -std=c++11 -MD -MT third_party/fmt/CMakeFiles/duckdb_fmt.dir/format.cc.o -MF third_party/fmt/CMakeFiles/duckdb_fmt.dir/format.cc.o.d -o third_party/fmt/CMakeFiles/duckdb_fmt.dir/format.cc.o -c /home/pei/Project/duckdb-polr/third_party/fmt/format.cc
[295/376] /usr/bin/ccache /usr/lib/ccache/c++ -DDUCKDB_BUILD_LIBRARY -DENABLE_CROSS_PRODUCT_REWRITE=0 -DENABLE_DEBUG_PRINT=0 -DENABLE_MEASURE_EXE_TIME=0 -DENABLE_MERGE_BACK_PLAN=0 -DENABLE_PARALLEL_EXECUTION=0 -DENABLE_QUERY_SPLIT=0 -DENABLE_SPECIFY_EST_STAT=0 -I/home/pei/Project/duckdb-polr/src/include -I/home/pei/Project/duckdb-polr/third_party/fsst -I/home/pei/Project/duckdb-polr/third_party/fmt/include -I/home/pei/Project/duckdb-polr/third_party/hyperloglog -I/home/pei/Project/duckdb-polr/third_party/fastpforlib -I/home/pei/Project/duckdb-polr/third_party/fast_float -I/home/pei/Project/duckdb-polr/third_party/re2 -I/home/pei/Project/duckdb-polr/third_party/miniz -I/home/pei/Project/duckdb-polr/third_party/utf8proc/include -I/home/pei/Project/duckdb-polr/third_party/miniparquet -I/home/pei/Project/duckdb-polr/third_party/concurrentqueue -I/home/pei/Project/duckdb-polr/third_party/pcg -I/home/pei/Project/duckdb-polr/third_party/tdigest -I/home/pei/Project/duckdb-polr/third_party/mbedtls/include -I/home/pei/Project/duckdb-polr/third_party/jaro_winkler -I/home/pei/Project/duckdb-polr/third_party/libpg_query/include -O3 -DNDEBUG -O3 -DNDEBUG   -fPIC -fvisibility=hidden -fdiagnostics-color=always -w -std=c++11 -MD -MT third_party/libpg_query/CMakeFiles/duckdb_pg_query.dir/postgres_parser.cpp.o -MF third_party/libpg_query/CMakeFiles/duckdb_pg_query.dir/postgres_parser.cpp.o.d -o third_party/libpg_query/CMakeFiles/duckdb_pg_query.dir/postgres_parser.cpp.o -c /home/pei/Project/duckdb-polr/third_party/libpg_query/postgres_parser.cpp
[296/376] /usr/bin/ccache /usr/lib/ccache/c++ -DDUCKDB_BUILD_LIBRARY -DENABLE_CROSS_PRODUCT_REWRITE=0 -DENABLE_DEBUG_PRINT=0 -DENABLE_MEASURE_EXE_TIME=0 -DENABLE_MERGE_BACK_PLAN=0 -DENABLE_PARALLEL_EXECUTION=0 -DENABLE_QUERY_SPLIT=0 -DENABLE_SPECIFY_EST_STAT=0 -I/home/pei/Project/duckdb-polr/src/include -I/home/pei/Project/duckdb-polr/third_party/fsst -I/home/pei/Project/duckdb-polr/third_party/fmt/include -I/home/pei/Project/duckdb-polr/third_party/hyperloglog -I/home/pei/Project/duckdb-polr/third_party/fastpforlib -I/home/pei/Project/duckdb-polr/third_party/fast_float -I/home/pei/Project/duckdb-polr/third_party/re2 -I/home/pei/Project/duckdb-polr/third_party/miniz -I/home/pei/Project/duckdb-polr/third_party/utf8proc/include -I/home/pei/Project/duckdb-polr/third_party/miniparquet -I/home/pei/Project/duckdb-polr/third_party/concurrentqueue -I/home/pei/Project/duckdb-polr/third_party/pcg -I/home/pei/Project/duckdb-polr/third_party/tdigest -I/home/pei/Project/duckdb-polr/third_party/mbedtls/include -I/home/pei/Project/duckdb-polr/third_party/jaro_winkler -I/home/pei/Project/duckdb-polr/third_party/libpg_query/include -O3 -DNDEBUG -O3 -DNDEBUG   -fPIC -fvisibility=hidden -fdiagnostics-color=always -w -std=c++11 -MD -MT third_party/libpg_query/CMakeFiles/duckdb_pg_query.dir/pg_functions.cpp.o -MF third_party/libpg_query/CMakeFiles/duckdb_pg_query.dir/pg_functions.cpp.o.d -o third_party/libpg_query/CMakeFiles/duckdb_pg_query.dir/pg_functions.cpp.o -c /home/pei/Project/duckdb-polr/third_party/libpg_query/pg_functions.cpp
[297/376] /usr/bin/ccache /usr/lib/ccache/c++ -DDUCKDB_BUILD_LIBRARY -DENABLE_CROSS_PRODUCT_REWRITE=0 -DENABLE_DEBUG_PRINT=0 -DENABLE_MEASURE_EXE_TIME=0 -DENABLE_MERGE_BACK_PLAN=0 -DENABLE_PARALLEL_EXECUTION=0 -DENABLE_QUERY_SPLIT=0 -DENABLE_SPECIFY_EST_STAT=0 -I/home/pei/Project/duckdb-polr/src/include -I/home/pei/Project/duckdb-polr/third_party/fsst -I/home/pei/Project/duckdb-polr/third_party/fmt/include -I/home/pei/Project/duckdb-polr/third_party/hyperloglog -I/home/pei/Project/duckdb-polr/third_party/fastpforlib -I/home/pei/Project/duckdb-polr/third_party/fast_float -I/home/pei/Project/duckdb-polr/third_party/re2 -I/home/pei/Project/duckdb-polr/third_party/miniz -I/home/pei/Project/duckdb-polr/third_party/utf8proc/include -I/home/pei/Project/duckdb-polr/third_party/miniparquet -I/home/pei/Project/duckdb-polr/third_party/concurrentqueue -I/home/pei/Project/duckdb-polr/third_party/pcg -I/home/pei/Project/duckdb-polr/third_party/tdigest -I/home/pei/Project/duckdb-polr/third_party/mbedtls/include -I/home/pei/Project/duckdb-polr/third_party/jaro_winkler -I/home/pei/Project/duckdb-polr/third_party/libpg_query/include -O3 -DNDEBUG -O3 -DNDEBUG   -fPIC -fvisibility=hidden -fdiagnostics-color=always -w -std=c++11 -MD -MT third_party/libpg_query/CMakeFiles/duckdb_pg_query.dir/src_backend_nodes_list.cpp.o -MF third_party/libpg_query/CMakeFiles/duckdb_pg_query.dir/src_backend_nodes_list.cpp.o.d -o third_party/libpg_query/CMakeFiles/duckdb_pg_query.dir/src_backend_nodes_list.cpp.o -c /home/pei/Project/duckdb-polr/third_party/libpg_query/src_backend_nodes_list.cpp
[298/376] /usr/bin/ccache /usr/lib/ccache/c++ -DDUCKDB_BUILD_LIBRARY -DENABLE_CROSS_PRODUCT_REWRITE=0 -DENABLE_DEBUG_PRINT=0 -DENABLE_MEASURE_EXE_TIME=0 -DENABLE_MERGE_BACK_PLAN=0 -DENABLE_PARALLEL_EXECUTION=0 -DENABLE_QUERY_SPLIT=0 -DENABLE_SPECIFY_EST_STAT=0 -I/home/pei/Project/duckdb-polr/src/include -I/home/pei/Project/duckdb-polr/third_party/fsst -I/home/pei/Project/duckdb-polr/third_party/fmt/include -I/home/pei/Project/duckdb-polr/third_party/hyperloglog -I/home/pei/Project/duckdb-polr/third_party/fastpforlib -I/home/pei/Project/duckdb-polr/third_party/fast_float -I/home/pei/Project/duckdb-polr/third_party/re2 -I/home/pei/Project/duckdb-polr/third_party/miniz -I/home/pei/Project/duckdb-polr/third_party/utf8proc/include -I/home/pei/Project/duckdb-polr/third_party/miniparquet -I/home/pei/Project/duckdb-polr/third_party/concurrentqueue -I/home/pei/Project/duckdb-polr/third_party/pcg -I/home/pei/Project/duckdb-polr/third_party/tdigest -I/home/pei/Project/duckdb-polr/third_party/mbedtls/include -I/home/pei/Project/duckdb-polr/third_party/jaro_winkler -I/home/pei/Project/duckdb-polr/third_party/libpg_query/include -O3 -DNDEBUG -O3 -DNDEBUG   -fPIC -fvisibility=hidden -fdiagnostics-color=always -w -std=c++11 -MD -MT third_party/libpg_query/CMakeFiles/duckdb_pg_query.dir/src_backend_parser_scansup.cpp.o -MF third_party/libpg_query/CMakeFiles/duckdb_pg_query.dir/src_backend_parser_scansup.cpp.o.d -o third_party/libpg_query/CMakeFiles/duckdb_pg_query.dir/src_backend_parser_scansup.cpp.o -c /home/pei/Project/duckdb-polr/third_party/libpg_query/src_backend_parser_scansup.cpp
[299/376] /usr/bin/ccache /usr/lib/ccache/c++ -DDUCKDB_BUILD_LIBRARY -DENABLE_CROSS_PRODUCT_REWRITE=0 -DENABLE_DEBUG_PRINT=0 -DENABLE_MEASURE_EXE_TIME=0 -DENABLE_MERGE_BACK_PLAN=0 -DENABLE_PARALLEL_EXECUTION=0 -DENABLE_QUERY_SPLIT=0 -DENABLE_SPECIFY_EST_STAT=0 -I/home/pei/Project/duckdb-polr/src/include -I/home/pei/Project/duckdb-polr/third_party/fsst -I/home/pei/Project/duckdb-polr/third_party/fmt/include -I/home/pei/Project/duckdb-polr/third_party/hyperloglog -I/home/pei/Project/duckdb-polr/third_party/fastpforlib -I/home/pei/Project/duckdb-polr/third_party/fast_float -I/home/pei/Project/duckdb-polr/third_party/re2 -I/home/pei/Project/duckdb-polr/third_party/miniz -I/home/pei/Project/duckdb-polr/third_party/utf8proc/include -I/home/pei/Project/duckdb-polr/third_party/miniparquet -I/home/pei/Project/duckdb-polr/third_party/concurrentqueue -I/home/pei/Project/duckdb-polr/third_party/pcg -I/home/pei/Project/duckdb-polr/third_party/tdigest -I/home/pei/Project/duckdb-polr/third_party/mbedtls/include -I/home/pei/Project/duckdb-polr/third_party/jaro_winkler -I/home/pei/Project/duckdb-polr/third_party/libpg_query/include -O3 -DNDEBUG -O3 -DNDEBUG   -fPIC -fvisibility=hidden -fdiagnostics-color=always -w -std=c++11 -MD -MT third_party/libpg_query/CMakeFiles/duckdb_pg_query.dir/src_backend_nodes_makefuncs.cpp.o -MF third_party/libpg_query/CMakeFiles/duckdb_pg_query.dir/src_backend_nodes_makefuncs.cpp.o.d -o third_party/libpg_query/CMakeFiles/duckdb_pg_query.dir/src_backend_nodes_makefuncs.cpp.o -c /home/pei/Project/duckdb-polr/third_party/libpg_query/src_backend_nodes_makefuncs.cpp
[300/376] /usr/bin/ccache /usr/lib/ccache/c++ -DDUCKDB_BUILD_LIBRARY -DENABLE_CROSS_PRODUCT_REWRITE=0 -DENABLE_DEBUG_PRINT=0 -DENABLE_MEASURE_EXE_TIME=0 -DENABLE_MERGE_BACK_PLAN=0 -DENABLE_PARALLEL_EXECUTION=0 -DENABLE_QUERY_SPLIT=0 -DENABLE_SPECIFY_EST_STAT=0 -I/home/pei/Project/duckdb-polr/src/include -I/home/pei/Project/duckdb-polr/third_party/fsst -I/home/pei/Project/duckdb-polr/third_party/fmt/include -I/home/pei/Project/duckdb-polr/third_party/hyperloglog -I/home/pei/Project/duckdb-polr/third_party/fastpforlib -I/home/pei/Project/duckdb-polr/third_party/fast_float -I/home/pei/Project/duckdb-polr/third_party/re2 -I/home/pei/Project/duckdb-polr/third_party/miniz -I/home/pei/Project/duckdb-polr/third_party/utf8proc/include -I/home/pei/Project/duckdb-polr/third_party/miniparquet -I/home/pei/Project/duckdb-polr/third_party/concurrentqueue -I/home/pei/Project/duckdb-polr/third_party/pcg -I/home/pei/Project/duckdb-polr/third_party/tdigest -I/home/pei/Project/duckdb-polr/third_party/mbedtls/include -I/home/pei/Project/duckdb-polr/third_party/jaro_winkler -I/home/pei/Project/duckdb-polr/third_party/libpg_query/include -O3 -DNDEBUG -O3 -DNDEBUG   -fPIC -fvisibility=hidden -fdiagnostics-color=always -w -std=c++11 -MD -MT third_party/libpg_query/CMakeFiles/duckdb_pg_query.dir/src_backend_nodes_value.cpp.o -MF third_party/libpg_query/CMakeFiles/duckdb_pg_query.dir/src_backend_nodes_value.cpp.o.d -o third_party/libpg_query/CMakeFiles/duckdb_pg_query.dir/src_backend_nodes_value.cpp.o -c /home/pei/Project/duckdb-polr/third_party/libpg_query/src_backend_nodes_value.cpp
[301/376] /usr/bin/ccache /usr/lib/ccache/c++ -DDUCKDB_BUILD_LIBRARY -DENABLE_CROSS_PRODUCT_REWRITE=0 -DENABLE_DEBUG_PRINT=0 -DENABLE_MEASURE_EXE_TIME=0 -DENABLE_MERGE_BACK_PLAN=0 -DENABLE_PARALLEL_EXECUTION=0 -DENABLE_QUERY_SPLIT=0 -DENABLE_SPECIFY_EST_STAT=0 -I/home/pei/Project/duckdb-polr/src/include -I/home/pei/Project/duckdb-polr/third_party/fsst -I/home/pei/Project/duckdb-polr/third_party/fmt/include -I/home/pei/Project/duckdb-polr/third_party/hyperloglog -I/home/pei/Project/duckdb-polr/third_party/fastpforlib -I/home/pei/Project/duckdb-polr/third_party/fast_float -I/home/pei/Project/duckdb-polr/third_party/re2 -I/home/pei/Project/duckdb-polr/third_party/miniz -I/home/pei/Project/duckdb-polr/third_party/utf8proc/include -I/home/pei/Project/duckdb-polr/third_party/miniparquet -I/home/pei/Project/duckdb-polr/third_party/concurrentqueue -I/home/pei/Project/duckdb-polr/third_party/pcg -I/home/pei/Project/duckdb-polr/third_party/tdigest -I/home/pei/Project/duckdb-polr/third_party/mbedtls/include -I/home/pei/Project/duckdb-polr/third_party/jaro_winkler -O3 -DNDEBUG -O3 -DNDEBUG   -fPIC -fvisibility=hidden -fdiagnostics-color=always -std=c++11 -w -std=c++11 -MD -MT third_party/re2/CMakeFiles/duckdb_re2.dir/re2/bitstate.cc.o -MF third_party/re2/CMakeFiles/duckdb_re2.dir/re2/bitstate.cc.o.d -o third_party/re2/CMakeFiles/duckdb_re2.dir/re2/bitstate.cc.o -c /home/pei/Project/duckdb-polr/third_party/re2/re2/bitstate.cc
[302/376] : && /usr/bin/cmake -E rm -f extension/jemalloc/libjemalloc_extension.a && /usr/bin/ar qc extension/jemalloc/libjemalloc_extension.a  extension/jemalloc/jemalloc/CMakeFiles/jemalloc.dir/src/arena.cpp.o extension/jemalloc/jemalloc/CMakeFiles/jemalloc.dir/src/background_thread.cpp.o extension/jemalloc/jemalloc/CMakeFiles/jemalloc.dir/src/base.cpp.o extension/jemalloc/jemalloc/CMakeFiles/jemalloc.dir/src/bin.cpp.o extension/jemalloc/jemalloc/CMakeFiles/jemalloc.dir/src/bin_info.cpp.o extension/jemalloc/jemalloc/CMakeFiles/jemalloc.dir/src/bitmap.cpp.o extension/jemalloc/jemalloc/CMakeFiles/jemalloc.dir/src/buf_writer.cpp.o extension/jemalloc/jemalloc/CMakeFiles/jemalloc.dir/src/cache_bin.cpp.o extension/jemalloc/jemalloc/CMakeFiles/jemalloc.dir/src/ckh.cpp.o extension/jemalloc/jemalloc/CMakeFiles/jemalloc.dir/src/counter.cpp.o extension/jemalloc/jemalloc/CMakeFiles/jemalloc.dir/src/ctl.cpp.o extension/jemalloc/jemalloc/CMakeFiles/jemalloc.dir/src/decay.cpp.o extension/jemalloc/jemalloc/CMakeFiles/jemalloc.dir/src/div.cpp.o extension/jemalloc/jemalloc/CMakeFiles/jemalloc.dir/src/ecache.cpp.o extension/jemalloc/jemalloc/CMakeFiles/jemalloc.dir/src/edata.cpp.o extension/jemalloc/jemalloc/CMakeFiles/jemalloc.dir/src/edata_cache.cpp.o extension/jemalloc/jemalloc/CMakeFiles/jemalloc.dir/src/ehooks.cpp.o extension/jemalloc/jemalloc/CMakeFiles/jemalloc.dir/src/emap.cpp.o extension/jemalloc/jemalloc/CMakeFiles/jemalloc.dir/src/eset.cpp.o extension/jemalloc/jemalloc/CMakeFiles/jemalloc.dir/src/exp_grow.cpp.o extension/jemalloc/jemalloc/CMakeFiles/jemalloc.dir/src/extent.cpp.o extension/jemalloc/jemalloc/CMakeFiles/jemalloc.dir/src/extent_dss.cpp.o extension/jemalloc/jemalloc/CMakeFiles/jemalloc.dir/src/extent_mmap.cpp.o extension/jemalloc/jemalloc/CMakeFiles/jemalloc.dir/src/fxp.cpp.o extension/jemalloc/jemalloc/CMakeFiles/jemalloc.dir/src/hook.cpp.o extension/jemalloc/jemalloc/CMakeFiles/jemalloc.dir/src/hpa.cpp.o extension/jemalloc/jemalloc/CMakeFiles/jemalloc.dir/src/hpa_hooks.cpp.o extension/jemalloc/jemalloc/CMakeFiles/jemalloc.dir/src/hpdata.cpp.o extension/jemalloc/jemalloc/CMakeFiles/jemalloc.dir/src/inspect.cpp.o extension/jemalloc/jemalloc/CMakeFiles/jemalloc.dir/src/jemalloc.cpp.o extension/jemalloc/jemalloc/CMakeFiles/jemalloc.dir/src/large.cpp.o extension/jemalloc/jemalloc/CMakeFiles/jemalloc.dir/src/log.cpp.o extension/jemalloc/jemalloc/CMakeFiles/jemalloc.dir/src/malloc_io.cpp.o extension/jemalloc/jemalloc/CMakeFiles/jemalloc.dir/src/mutex.cpp.o extension/jemalloc/jemalloc/CMakeFiles/jemalloc.dir/src/nstime.cpp.o extension/jemalloc/jemalloc/CMakeFiles/jemalloc.dir/src/pa.cpp.o extension/jemalloc/jemalloc/CMakeFiles/jemalloc.dir/src/pa_extra.cpp.o extension/jemalloc/jemalloc/CMakeFiles/jemalloc.dir/src/pac.cpp.o extension/jemalloc/jemalloc/CMakeFiles/jemalloc.dir/src/pages.cpp.o extension/jemalloc/jemalloc/CMakeFiles/jemalloc.dir/src/pai.cpp.o extension/jemalloc/jemalloc/CMakeFiles/jemalloc.dir/src/peak_event.cpp.o extension/jemalloc/jemalloc/CMakeFiles/jemalloc.dir/src/prof.cpp.o extension/jemalloc/jemalloc/CMakeFiles/jemalloc.dir/src/prof_data.cpp.o extension/jemalloc/jemalloc/CMakeFiles/jemalloc.dir/src/prof_log.cpp.o extension/jemalloc/jemalloc/CMakeFiles/jemalloc.dir/src/prof_recent.cpp.o extension/jemalloc/jemalloc/CMakeFiles/jemalloc.dir/src/prof_stats.cpp.o extension/jemalloc/jemalloc/CMakeFiles/jemalloc.dir/src/prof_sys.cpp.o extension/jemalloc/jemalloc/CMakeFiles/jemalloc.dir/src/psset.cpp.o extension/jemalloc/jemalloc/CMakeFiles/jemalloc.dir/src/rtree.cpp.o extension/jemalloc/jemalloc/CMakeFiles/jemalloc.dir/src/safety_check.cpp.o extension/jemalloc/jemalloc/CMakeFiles/jemalloc.dir/src/san.cpp.o extension/jemalloc/jemalloc/CMakeFiles/jemalloc.dir/src/san_bump.cpp.o extension/jemalloc/jemalloc/CMakeFiles/jemalloc.dir/src/sc.cpp.o extension/jemalloc/jemalloc/CMakeFiles/jemalloc.dir/src/sec.cpp.o extension/jemalloc/jemalloc/CMakeFiles/jemalloc.dir/src/stats.cpp.o extension/jemalloc/jemalloc/CMakeFiles/jemalloc.dir/src/sz.cpp.o extension/jemalloc/jemalloc/CMakeFiles/jemalloc.dir/src/tcache.cpp.o extension/jemalloc/jemalloc/CMakeFiles/jemalloc.dir/src/test_hooks.cpp.o extension/jemalloc/jemalloc/CMakeFiles/jemalloc.dir/src/thread_event.cpp.o extension/jemalloc/jemalloc/CMakeFiles/jemalloc.dir/src/ticker.cpp.o extension/jemalloc/jemalloc/CMakeFiles/jemalloc.dir/src/tsd.cpp.o extension/jemalloc/jemalloc/CMakeFiles/jemalloc.dir/src/witness.cpp.o extension/jemalloc/CMakeFiles/jemalloc_extension.dir/jemalloc-extension.cpp.o && /usr/bin/ranlib extension/jemalloc/libjemalloc_extension.a && :
[303/376] /usr/bin/ccache /usr/lib/ccache/c++ -DDUCKDB_BUILD_LIBRARY -DENABLE_CROSS_PRODUCT_REWRITE=0 -DENABLE_DEBUG_PRINT=0 -DENABLE_MEASURE_EXE_TIME=0 -DENABLE_MERGE_BACK_PLAN=0 -DENABLE_PARALLEL_EXECUTION=0 -DENABLE_QUERY_SPLIT=0 -DENABLE_SPECIFY_EST_STAT=0 -I/home/pei/Project/duckdb-polr/src/include -I/home/pei/Project/duckdb-polr/third_party/fsst -I/home/pei/Project/duckdb-polr/third_party/fmt/include -I/home/pei/Project/duckdb-polr/third_party/hyperloglog -I/home/pei/Project/duckdb-polr/third_party/fastpforlib -I/home/pei/Project/duckdb-polr/third_party/fast_float -I/home/pei/Project/duckdb-polr/third_party/re2 -I/home/pei/Project/duckdb-polr/third_party/miniz -I/home/pei/Project/duckdb-polr/third_party/utf8proc/include -I/home/pei/Project/duckdb-polr/third_party/miniparquet -I/home/pei/Project/duckdb-polr/third_party/concurrentqueue -I/home/pei/Project/duckdb-polr/third_party/pcg -I/home/pei/Project/duckdb-polr/third_party/tdigest -I/home/pei/Project/duckdb-polr/third_party/mbedtls/include -I/home/pei/Project/duckdb-polr/third_party/jaro_winkler -O3 -DNDEBUG -O3 -DNDEBUG   -fPIC -fvisibility=hidden -fdiagnostics-color=always -std=c++11 -w -std=c++11 -MD -MT third_party/re2/CMakeFiles/duckdb_re2.dir/re2/filtered_re2.cc.o -MF third_party/re2/CMakeFiles/duckdb_re2.dir/re2/filtered_re2.cc.o.d -o third_party/re2/CMakeFiles/duckdb_re2.dir/re2/filtered_re2.cc.o -c /home/pei/Project/duckdb-polr/third_party/re2/re2/filtered_re2.cc
[304/376] /usr/bin/ccache /usr/lib/ccache/c++ -DDUCKDB_BUILD_LIBRARY -DENABLE_CROSS_PRODUCT_REWRITE=0 -DENABLE_DEBUG_PRINT=0 -DENABLE_MEASURE_EXE_TIME=0 -DENABLE_MERGE_BACK_PLAN=0 -DENABLE_PARALLEL_EXECUTION=0 -DENABLE_QUERY_SPLIT=0 -DENABLE_SPECIFY_EST_STAT=0 -I/home/pei/Project/duckdb-polr/src/include -I/home/pei/Project/duckdb-polr/third_party/fsst -I/home/pei/Project/duckdb-polr/third_party/fmt/include -I/home/pei/Project/duckdb-polr/third_party/hyperloglog -I/home/pei/Project/duckdb-polr/third_party/fastpforlib -I/home/pei/Project/duckdb-polr/third_party/fast_float -I/home/pei/Project/duckdb-polr/third_party/re2 -I/home/pei/Project/duckdb-polr/third_party/miniz -I/home/pei/Project/duckdb-polr/third_party/utf8proc/include -I/home/pei/Project/duckdb-polr/third_party/miniparquet -I/home/pei/Project/duckdb-polr/third_party/concurrentqueue -I/home/pei/Project/duckdb-polr/third_party/pcg -I/home/pei/Project/duckdb-polr/third_party/tdigest -I/home/pei/Project/duckdb-polr/third_party/mbedtls/include -I/home/pei/Project/duckdb-polr/third_party/jaro_winkler -O3 -DNDEBUG -O3 -DNDEBUG   -fPIC -fvisibility=hidden -fdiagnostics-color=always -std=c++11 -w -std=c++11 -MD -MT third_party/re2/CMakeFiles/duckdb_re2.dir/re2/dfa.cc.o -MF third_party/re2/CMakeFiles/duckdb_re2.dir/re2/dfa.cc.o.d -o third_party/re2/CMakeFiles/duckdb_re2.dir/re2/dfa.cc.o -c /home/pei/Project/duckdb-polr/third_party/re2/re2/dfa.cc
[305/376] : && /usr/bin/cmake -E rm -f third_party/fmt/libduckdb_fmt.a && /usr/bin/ar qc third_party/fmt/libduckdb_fmt.a  third_party/fmt/CMakeFiles/duckdb_fmt.dir/format.cc.o && /usr/bin/ranlib third_party/fmt/libduckdb_fmt.a && :
[306/376] /usr/bin/ccache /usr/lib/ccache/c++ -DDUCKDB_BUILD_LIBRARY -DENABLE_CROSS_PRODUCT_REWRITE=0 -DENABLE_DEBUG_PRINT=0 -DENABLE_MEASURE_EXE_TIME=0 -DENABLE_MERGE_BACK_PLAN=0 -DENABLE_PARALLEL_EXECUTION=0 -DENABLE_QUERY_SPLIT=0 -DENABLE_SPECIFY_EST_STAT=0 -I/home/pei/Project/duckdb-polr/src/include -I/home/pei/Project/duckdb-polr/third_party/fsst -I/home/pei/Project/duckdb-polr/third_party/fmt/include -I/home/pei/Project/duckdb-polr/third_party/hyperloglog -I/home/pei/Project/duckdb-polr/third_party/fastpforlib -I/home/pei/Project/duckdb-polr/third_party/fast_float -I/home/pei/Project/duckdb-polr/third_party/re2 -I/home/pei/Project/duckdb-polr/third_party/miniz -I/home/pei/Project/duckdb-polr/third_party/utf8proc/include -I/home/pei/Project/duckdb-polr/third_party/miniparquet -I/home/pei/Project/duckdb-polr/third_party/concurrentqueue -I/home/pei/Project/duckdb-polr/third_party/pcg -I/home/pei/Project/duckdb-polr/third_party/tdigest -I/home/pei/Project/duckdb-polr/third_party/mbedtls/include -I/home/pei/Project/duckdb-polr/third_party/jaro_winkler -O3 -DNDEBUG -O3 -DNDEBUG   -fPIC -fvisibility=hidden -fdiagnostics-color=always -std=c++11 -w -std=c++11 -MD -MT third_party/re2/CMakeFiles/duckdb_re2.dir/re2/compile.cc.o -MF third_party/re2/CMakeFiles/duckdb_re2.dir/re2/compile.cc.o.d -o third_party/re2/CMakeFiles/duckdb_re2.dir/re2/compile.cc.o -c /home/pei/Project/duckdb-polr/third_party/re2/re2/compile.cc
[307/376] /usr/bin/ccache /usr/lib/ccache/c++ -DDUCKDB_BUILD_LIBRARY -DENABLE_CROSS_PRODUCT_REWRITE=0 -DENABLE_DEBUG_PRINT=0 -DENABLE_MEASURE_EXE_TIME=0 -DENABLE_MERGE_BACK_PLAN=0 -DENABLE_PARALLEL_EXECUTION=0 -DENABLE_QUERY_SPLIT=0 -DENABLE_SPECIFY_EST_STAT=0 -I/home/pei/Project/duckdb-polr/src/include -I/home/pei/Project/duckdb-polr/third_party/fsst -I/home/pei/Project/duckdb-polr/third_party/fmt/include -I/home/pei/Project/duckdb-polr/third_party/hyperloglog -I/home/pei/Project/duckdb-polr/third_party/fastpforlib -I/home/pei/Project/duckdb-polr/third_party/fast_float -I/home/pei/Project/duckdb-polr/third_party/re2 -I/home/pei/Project/duckdb-polr/third_party/miniz -I/home/pei/Project/duckdb-polr/third_party/utf8proc/include -I/home/pei/Project/duckdb-polr/third_party/miniparquet -I/home/pei/Project/duckdb-polr/third_party/concurrentqueue -I/home/pei/Project/duckdb-polr/third_party/pcg -I/home/pei/Project/duckdb-polr/third_party/tdigest -I/home/pei/Project/duckdb-polr/third_party/mbedtls/include -I/home/pei/Project/duckdb-polr/third_party/jaro_winkler -O3 -DNDEBUG -O3 -DNDEBUG   -fPIC -fvisibility=hidden -fdiagnostics-color=always -std=c++11 -w -std=c++11 -MD -MT third_party/re2/CMakeFiles/duckdb_re2.dir/re2/onepass.cc.o -MF third_party/re2/CMakeFiles/duckdb_re2.dir/re2/onepass.cc.o.d -o third_party/re2/CMakeFiles/duckdb_re2.dir/re2/onepass.cc.o -c /home/pei/Project/duckdb-polr/third_party/re2/re2/onepass.cc
[308/376] /usr/bin/ccache /usr/lib/ccache/c++ -DDUCKDB_BUILD_LIBRARY -DENABLE_CROSS_PRODUCT_REWRITE=0 -DENABLE_DEBUG_PRINT=0 -DENABLE_MEASURE_EXE_TIME=0 -DENABLE_MERGE_BACK_PLAN=0 -DENABLE_PARALLEL_EXECUTION=0 -DENABLE_QUERY_SPLIT=0 -DENABLE_SPECIFY_EST_STAT=0 -I/home/pei/Project/duckdb-polr/src/include -I/home/pei/Project/duckdb-polr/third_party/fsst -I/home/pei/Project/duckdb-polr/third_party/fmt/include -I/home/pei/Project/duckdb-polr/third_party/hyperloglog -I/home/pei/Project/duckdb-polr/third_party/fastpforlib -I/home/pei/Project/duckdb-polr/third_party/fast_float -I/home/pei/Project/duckdb-polr/third_party/re2 -I/home/pei/Project/duckdb-polr/third_party/miniz -I/home/pei/Project/duckdb-polr/third_party/utf8proc/include -I/home/pei/Project/duckdb-polr/third_party/miniparquet -I/home/pei/Project/duckdb-polr/third_party/concurrentqueue -I/home/pei/Project/duckdb-polr/third_party/pcg -I/home/pei/Project/duckdb-polr/third_party/tdigest -I/home/pei/Project/duckdb-polr/third_party/mbedtls/include -I/home/pei/Project/duckdb-polr/third_party/jaro_winkler -O3 -DNDEBUG -O3 -DNDEBUG   -fPIC -fvisibility=hidden -fdiagnostics-color=always -std=c++11 -w -std=c++11 -MD -MT third_party/re2/CMakeFiles/duckdb_re2.dir/re2/nfa.cc.o -MF third_party/re2/CMakeFiles/duckdb_re2.dir/re2/nfa.cc.o.d -o third_party/re2/CMakeFiles/duckdb_re2.dir/re2/nfa.cc.o -c /home/pei/Project/duckdb-polr/third_party/re2/re2/nfa.cc
[309/376] /usr/bin/ccache /usr/lib/ccache/c++ -DDUCKDB_BUILD_LIBRARY -DENABLE_CROSS_PRODUCT_REWRITE=0 -DENABLE_DEBUG_PRINT=0 -DENABLE_MEASURE_EXE_TIME=0 -DENABLE_MERGE_BACK_PLAN=0 -DENABLE_PARALLEL_EXECUTION=0 -DENABLE_QUERY_SPLIT=0 -DENABLE_SPECIFY_EST_STAT=0 -I/home/pei/Project/duckdb-polr/src/include -I/home/pei/Project/duckdb-polr/third_party/fsst -I/home/pei/Project/duckdb-polr/third_party/fmt/include -I/home/pei/Project/duckdb-polr/third_party/hyperloglog -I/home/pei/Project/duckdb-polr/third_party/fastpforlib -I/home/pei/Project/duckdb-polr/third_party/fast_float -I/home/pei/Project/duckdb-polr/third_party/re2 -I/home/pei/Project/duckdb-polr/third_party/miniz -I/home/pei/Project/duckdb-polr/third_party/utf8proc/include -I/home/pei/Project/duckdb-polr/third_party/miniparquet -I/home/pei/Project/duckdb-polr/third_party/concurrentqueue -I/home/pei/Project/duckdb-polr/third_party/pcg -I/home/pei/Project/duckdb-polr/third_party/tdigest -I/home/pei/Project/duckdb-polr/third_party/mbedtls/include -I/home/pei/Project/duckdb-polr/third_party/jaro_winkler -O3 -DNDEBUG -O3 -DNDEBUG   -fPIC -fvisibility=hidden -fdiagnostics-color=always -std=c++11 -w -std=c++11 -MD -MT third_party/re2/CMakeFiles/duckdb_re2.dir/re2/perl_groups.cc.o -MF third_party/re2/CMakeFiles/duckdb_re2.dir/re2/perl_groups.cc.o.d -o third_party/re2/CMakeFiles/duckdb_re2.dir/re2/perl_groups.cc.o -c /home/pei/Project/duckdb-polr/third_party/re2/re2/perl_groups.cc
[310/376] /usr/bin/ccache /usr/lib/ccache/c++ -DDUCKDB_BUILD_LIBRARY -DENABLE_CROSS_PRODUCT_REWRITE=0 -DENABLE_DEBUG_PRINT=0 -DENABLE_MEASURE_EXE_TIME=0 -DENABLE_MERGE_BACK_PLAN=0 -DENABLE_PARALLEL_EXECUTION=0 -DENABLE_QUERY_SPLIT=0 -DENABLE_SPECIFY_EST_STAT=0 -I/home/pei/Project/duckdb-polr/src/include -I/home/pei/Project/duckdb-polr/third_party/fsst -I/home/pei/Project/duckdb-polr/third_party/fmt/include -I/home/pei/Project/duckdb-polr/third_party/hyperloglog -I/home/pei/Project/duckdb-polr/third_party/fastpforlib -I/home/pei/Project/duckdb-polr/third_party/fast_float -I/home/pei/Project/duckdb-polr/third_party/re2 -I/home/pei/Project/duckdb-polr/third_party/miniz -I/home/pei/Project/duckdb-polr/third_party/utf8proc/include -I/home/pei/Project/duckdb-polr/third_party/miniparquet -I/home/pei/Project/duckdb-polr/third_party/concurrentqueue -I/home/pei/Project/duckdb-polr/third_party/pcg -I/home/pei/Project/duckdb-polr/third_party/tdigest -I/home/pei/Project/duckdb-polr/third_party/mbedtls/include -I/home/pei/Project/duckdb-polr/third_party/jaro_winkler -O3 -DNDEBUG -O3 -DNDEBUG   -fPIC -fvisibility=hidden -fdiagnostics-color=always -std=c++11 -w -std=c++11 -MD -MT third_party/re2/CMakeFiles/duckdb_re2.dir/re2/mimics_pcre.cc.o -MF third_party/re2/CMakeFiles/duckdb_re2.dir/re2/mimics_pcre.cc.o.d -o third_party/re2/CMakeFiles/duckdb_re2.dir/re2/mimics_pcre.cc.o -c /home/pei/Project/duckdb-polr/third_party/re2/re2/mimics_pcre.cc
[311/376] /usr/bin/ccache /usr/lib/ccache/c++ -DDUCKDB_BUILD_LIBRARY -DENABLE_CROSS_PRODUCT_REWRITE=0 -DENABLE_DEBUG_PRINT=0 -DENABLE_MEASURE_EXE_TIME=0 -DENABLE_MERGE_BACK_PLAN=0 -DENABLE_PARALLEL_EXECUTION=0 -DENABLE_QUERY_SPLIT=0 -DENABLE_SPECIFY_EST_STAT=0 -I/home/pei/Project/duckdb-polr/src/include -I/home/pei/Project/duckdb-polr/third_party/fsst -I/home/pei/Project/duckdb-polr/third_party/fmt/include -I/home/pei/Project/duckdb-polr/third_party/hyperloglog -I/home/pei/Project/duckdb-polr/third_party/fastpforlib -I/home/pei/Project/duckdb-polr/third_party/fast_float -I/home/pei/Project/duckdb-polr/third_party/re2 -I/home/pei/Project/duckdb-polr/third_party/miniz -I/home/pei/Project/duckdb-polr/third_party/utf8proc/include -I/home/pei/Project/duckdb-polr/third_party/miniparquet -I/home/pei/Project/duckdb-polr/third_party/concurrentqueue -I/home/pei/Project/duckdb-polr/third_party/pcg -I/home/pei/Project/duckdb-polr/third_party/tdigest -I/home/pei/Project/duckdb-polr/third_party/mbedtls/include -I/home/pei/Project/duckdb-polr/third_party/jaro_winkler -O3 -DNDEBUG -O3 -DNDEBUG   -fPIC -fvisibility=hidden -fdiagnostics-color=always -std=c++11 -w -std=c++11 -MD -MT third_party/re2/CMakeFiles/duckdb_re2.dir/re2/parse.cc.o -MF third_party/re2/CMakeFiles/duckdb_re2.dir/re2/parse.cc.o.d -o third_party/re2/CMakeFiles/duckdb_re2.dir/re2/parse.cc.o -c /home/pei/Project/duckdb-polr/third_party/re2/re2/parse.cc
[312/376] /usr/bin/ccache /usr/lib/ccache/c++ -DDUCKDB_BUILD_LIBRARY -DENABLE_CROSS_PRODUCT_REWRITE=0 -DENABLE_DEBUG_PRINT=0 -DENABLE_MEASURE_EXE_TIME=0 -DENABLE_MERGE_BACK_PLAN=0 -DENABLE_PARALLEL_EXECUTION=0 -DENABLE_QUERY_SPLIT=0 -DENABLE_SPECIFY_EST_STAT=0 -I/home/pei/Project/duckdb-polr/src/include -I/home/pei/Project/duckdb-polr/third_party/fsst -I/home/pei/Project/duckdb-polr/third_party/fmt/include -I/home/pei/Project/duckdb-polr/third_party/hyperloglog -I/home/pei/Project/duckdb-polr/third_party/fastpforlib -I/home/pei/Project/duckdb-polr/third_party/fast_float -I/home/pei/Project/duckdb-polr/third_party/re2 -I/home/pei/Project/duckdb-polr/third_party/miniz -I/home/pei/Project/duckdb-polr/third_party/utf8proc/include -I/home/pei/Project/duckdb-polr/third_party/miniparquet -I/home/pei/Project/duckdb-polr/third_party/concurrentqueue -I/home/pei/Project/duckdb-polr/third_party/pcg -I/home/pei/Project/duckdb-polr/third_party/tdigest -I/home/pei/Project/duckdb-polr/third_party/mbedtls/include -I/home/pei/Project/duckdb-polr/third_party/jaro_winkler -O3 -DNDEBUG -O3 -DNDEBUG   -fPIC -fvisibility=hidden -fdiagnostics-color=always -std=c++11 -w -std=c++11 -MD -MT third_party/re2/CMakeFiles/duckdb_re2.dir/re2/prog.cc.o -MF third_party/re2/CMakeFiles/duckdb_re2.dir/re2/prog.cc.o.d -o third_party/re2/CMakeFiles/duckdb_re2.dir/re2/prog.cc.o -c /home/pei/Project/duckdb-polr/third_party/re2/re2/prog.cc
[313/376] /usr/bin/ccache /usr/lib/ccache/c++ -DDUCKDB_BUILD_LIBRARY -DENABLE_CROSS_PRODUCT_REWRITE=0 -DENABLE_DEBUG_PRINT=0 -DENABLE_MEASURE_EXE_TIME=0 -DENABLE_MERGE_BACK_PLAN=0 -DENABLE_PARALLEL_EXECUTION=0 -DENABLE_QUERY_SPLIT=0 -DENABLE_SPECIFY_EST_STAT=0 -I/home/pei/Project/duckdb-polr/src/include -I/home/pei/Project/duckdb-polr/third_party/fsst -I/home/pei/Project/duckdb-polr/third_party/fmt/include -I/home/pei/Project/duckdb-polr/third_party/hyperloglog -I/home/pei/Project/duckdb-polr/third_party/fastpforlib -I/home/pei/Project/duckdb-polr/third_party/fast_float -I/home/pei/Project/duckdb-polr/third_party/re2 -I/home/pei/Project/duckdb-polr/third_party/miniz -I/home/pei/Project/duckdb-polr/third_party/utf8proc/include -I/home/pei/Project/duckdb-polr/third_party/miniparquet -I/home/pei/Project/duckdb-polr/third_party/concurrentqueue -I/home/pei/Project/duckdb-polr/third_party/pcg -I/home/pei/Project/duckdb-polr/third_party/tdigest -I/home/pei/Project/duckdb-polr/third_party/mbedtls/include -I/home/pei/Project/duckdb-polr/third_party/jaro_winkler -O3 -DNDEBUG -O3 -DNDEBUG   -fPIC -fvisibility=hidden -fdiagnostics-color=always -std=c++11 -w -std=c++11 -MD -MT third_party/re2/CMakeFiles/duckdb_re2.dir/re2/prefilter_tree.cc.o -MF third_party/re2/CMakeFiles/duckdb_re2.dir/re2/prefilter_tree.cc.o.d -o third_party/re2/CMakeFiles/duckdb_re2.dir/re2/prefilter_tree.cc.o -c /home/pei/Project/duckdb-polr/third_party/re2/re2/prefilter_tree.cc
[314/376] /usr/bin/ccache /usr/lib/ccache/c++ -DDUCKDB_BUILD_LIBRARY -DENABLE_CROSS_PRODUCT_REWRITE=0 -DENABLE_DEBUG_PRINT=0 -DENABLE_MEASURE_EXE_TIME=0 -DENABLE_MERGE_BACK_PLAN=0 -DENABLE_PARALLEL_EXECUTION=0 -DENABLE_QUERY_SPLIT=0 -DENABLE_SPECIFY_EST_STAT=0 -I/home/pei/Project/duckdb-polr/src/include -I/home/pei/Project/duckdb-polr/third_party/fsst -I/home/pei/Project/duckdb-polr/third_party/fmt/include -I/home/pei/Project/duckdb-polr/third_party/hyperloglog -I/home/pei/Project/duckdb-polr/third_party/fastpforlib -I/home/pei/Project/duckdb-polr/third_party/fast_float -I/home/pei/Project/duckdb-polr/third_party/re2 -I/home/pei/Project/duckdb-polr/third_party/miniz -I/home/pei/Project/duckdb-polr/third_party/utf8proc/include -I/home/pei/Project/duckdb-polr/third_party/miniparquet -I/home/pei/Project/duckdb-polr/third_party/concurrentqueue -I/home/pei/Project/duckdb-polr/third_party/pcg -I/home/pei/Project/duckdb-polr/third_party/tdigest -I/home/pei/Project/duckdb-polr/third_party/mbedtls/include -I/home/pei/Project/duckdb-polr/third_party/jaro_winkler -O3 -DNDEBUG -O3 -DNDEBUG   -fPIC -fvisibility=hidden -fdiagnostics-color=always -std=c++11 -w -std=c++11 -MD -MT third_party/re2/CMakeFiles/duckdb_re2.dir/re2/prefilter.cc.o -MF third_party/re2/CMakeFiles/duckdb_re2.dir/re2/prefilter.cc.o.d -o third_party/re2/CMakeFiles/duckdb_re2.dir/re2/prefilter.cc.o -c /home/pei/Project/duckdb-polr/third_party/re2/re2/prefilter.cc
[315/376] /usr/bin/ccache /usr/lib/ccache/c++ -DDUCKDB_BUILD_LIBRARY -DENABLE_CROSS_PRODUCT_REWRITE=0 -DENABLE_DEBUG_PRINT=0 -DENABLE_MEASURE_EXE_TIME=0 -DENABLE_MERGE_BACK_PLAN=0 -DENABLE_PARALLEL_EXECUTION=0 -DENABLE_QUERY_SPLIT=0 -DENABLE_SPECIFY_EST_STAT=0 -I/home/pei/Project/duckdb-polr/src/include -I/home/pei/Project/duckdb-polr/third_party/fsst -I/home/pei/Project/duckdb-polr/third_party/fmt/include -I/home/pei/Project/duckdb-polr/third_party/hyperloglog -I/home/pei/Project/duckdb-polr/third_party/fastpforlib -I/home/pei/Project/duckdb-polr/third_party/fast_float -I/home/pei/Project/duckdb-polr/third_party/re2 -I/home/pei/Project/duckdb-polr/third_party/miniz -I/home/pei/Project/duckdb-polr/third_party/utf8proc/include -I/home/pei/Project/duckdb-polr/third_party/miniparquet -I/home/pei/Project/duckdb-polr/third_party/concurrentqueue -I/home/pei/Project/duckdb-polr/third_party/pcg -I/home/pei/Project/duckdb-polr/third_party/tdigest -I/home/pei/Project/duckdb-polr/third_party/mbedtls/include -I/home/pei/Project/duckdb-polr/third_party/jaro_winkler -O3 -DNDEBUG -O3 -DNDEBUG   -fPIC -fvisibility=hidden -fdiagnostics-color=always -std=c++11 -w -std=c++11 -MD -MT third_party/re2/CMakeFiles/duckdb_re2.dir/re2/re2.cc.o -MF third_party/re2/CMakeFiles/duckdb_re2.dir/re2/re2.cc.o.d -o third_party/re2/CMakeFiles/duckdb_re2.dir/re2/re2.cc.o -c /home/pei/Project/duckdb-polr/third_party/re2/re2/re2.cc
[316/376] /usr/bin/ccache /usr/lib/ccache/c++ -DDUCKDB_BUILD_LIBRARY -DENABLE_CROSS_PRODUCT_REWRITE=0 -DENABLE_DEBUG_PRINT=0 -DENABLE_MEASURE_EXE_TIME=0 -DENABLE_MERGE_BACK_PLAN=0 -DENABLE_PARALLEL_EXECUTION=0 -DENABLE_QUERY_SPLIT=0 -DENABLE_SPECIFY_EST_STAT=0 -I/home/pei/Project/duckdb-polr/src/include -I/home/pei/Project/duckdb-polr/third_party/fsst -I/home/pei/Project/duckdb-polr/third_party/fmt/include -I/home/pei/Project/duckdb-polr/third_party/hyperloglog -I/home/pei/Project/duckdb-polr/third_party/fastpforlib -I/home/pei/Project/duckdb-polr/third_party/fast_float -I/home/pei/Project/duckdb-polr/third_party/re2 -I/home/pei/Project/duckdb-polr/third_party/miniz -I/home/pei/Project/duckdb-polr/third_party/utf8proc/include -I/home/pei/Project/duckdb-polr/third_party/miniparquet -I/home/pei/Project/duckdb-polr/third_party/concurrentqueue -I/home/pei/Project/duckdb-polr/third_party/pcg -I/home/pei/Project/duckdb-polr/third_party/tdigest -I/home/pei/Project/duckdb-polr/third_party/mbedtls/include -I/home/pei/Project/duckdb-polr/third_party/jaro_winkler -O3 -DNDEBUG -O3 -DNDEBUG   -fPIC -fvisibility=hidden -fdiagnostics-color=always -std=c++11 -w -std=c++11 -MD -MT third_party/re2/CMakeFiles/duckdb_re2.dir/re2/regexp.cc.o -MF third_party/re2/CMakeFiles/duckdb_re2.dir/re2/regexp.cc.o.d -o third_party/re2/CMakeFiles/duckdb_re2.dir/re2/regexp.cc.o -c /home/pei/Project/duckdb-polr/third_party/re2/re2/regexp.cc
[317/376] /usr/bin/ccache /usr/lib/ccache/c++ -DDUCKDB_BUILD_LIBRARY -DENABLE_CROSS_PRODUCT_REWRITE=0 -DENABLE_DEBUG_PRINT=0 -DENABLE_MEASURE_EXE_TIME=0 -DENABLE_MERGE_BACK_PLAN=0 -DENABLE_PARALLEL_EXECUTION=0 -DENABLE_QUERY_SPLIT=0 -DENABLE_SPECIFY_EST_STAT=0 -I/home/pei/Project/duckdb-polr/src/include -I/home/pei/Project/duckdb-polr/third_party/fsst -I/home/pei/Project/duckdb-polr/third_party/fmt/include -I/home/pei/Project/duckdb-polr/third_party/hyperloglog -I/home/pei/Project/duckdb-polr/third_party/fastpforlib -I/home/pei/Project/duckdb-polr/third_party/fast_float -I/home/pei/Project/duckdb-polr/third_party/re2 -I/home/pei/Project/duckdb-polr/third_party/miniz -I/home/pei/Project/duckdb-polr/third_party/utf8proc/include -I/home/pei/Project/duckdb-polr/third_party/miniparquet -I/home/pei/Project/duckdb-polr/third_party/concurrentqueue -I/home/pei/Project/duckdb-polr/third_party/pcg -I/home/pei/Project/duckdb-polr/third_party/tdigest -I/home/pei/Project/duckdb-polr/third_party/mbedtls/include -I/home/pei/Project/duckdb-polr/third_party/jaro_winkler -O3 -DNDEBUG -O3 -DNDEBUG   -fPIC -fvisibility=hidden -fdiagnostics-color=always -std=c++11 -w -std=c++11 -MD -MT third_party/re2/CMakeFiles/duckdb_re2.dir/re2/set.cc.o -MF third_party/re2/CMakeFiles/duckdb_re2.dir/re2/set.cc.o.d -o third_party/re2/CMakeFiles/duckdb_re2.dir/re2/set.cc.o -c /home/pei/Project/duckdb-polr/third_party/re2/re2/set.cc
[318/376] /usr/bin/ccache /usr/lib/ccache/c++ -DDUCKDB_BUILD_LIBRARY -DENABLE_CROSS_PRODUCT_REWRITE=0 -DENABLE_DEBUG_PRINT=0 -DENABLE_MEASURE_EXE_TIME=0 -DENABLE_MERGE_BACK_PLAN=0 -DENABLE_PARALLEL_EXECUTION=0 -DENABLE_QUERY_SPLIT=0 -DENABLE_SPECIFY_EST_STAT=0 -I/home/pei/Project/duckdb-polr/src/include -I/home/pei/Project/duckdb-polr/third_party/fsst -I/home/pei/Project/duckdb-polr/third_party/fmt/include -I/home/pei/Project/duckdb-polr/third_party/hyperloglog -I/home/pei/Project/duckdb-polr/third_party/fastpforlib -I/home/pei/Project/duckdb-polr/third_party/fast_float -I/home/pei/Project/duckdb-polr/third_party/re2 -I/home/pei/Project/duckdb-polr/third_party/miniz -I/home/pei/Project/duckdb-polr/third_party/utf8proc/include -I/home/pei/Project/duckdb-polr/third_party/miniparquet -I/home/pei/Project/duckdb-polr/third_party/concurrentqueue -I/home/pei/Project/duckdb-polr/third_party/pcg -I/home/pei/Project/duckdb-polr/third_party/tdigest -I/home/pei/Project/duckdb-polr/third_party/mbedtls/include -I/home/pei/Project/duckdb-polr/third_party/jaro_winkler -O3 -DNDEBUG -O3 -DNDEBUG   -fPIC -fvisibility=hidden -fdiagnostics-color=always -std=c++11 -w -std=c++11 -MD -MT third_party/re2/CMakeFiles/duckdb_re2.dir/re2/simplify.cc.o -MF third_party/re2/CMakeFiles/duckdb_re2.dir/re2/simplify.cc.o.d -o third_party/re2/CMakeFiles/duckdb_re2.dir/re2/simplify.cc.o -c /home/pei/Project/duckdb-polr/third_party/re2/re2/simplify.cc
[319/376] : && /usr/lib/ccache/c++ -fPIC -O3 -DNDEBUG -O3 -DNDEBUG   -shared -Wl,-soname,loadable_extension_demo.duckdb_extension -o test/extension/loadable_extension_demo.duckdb_extension test/extension/CMakeFiles/loadable_extension_demo_loadable_extension.dir/loadable_extension_demo.cpp.o   && :
[320/376] /usr/bin/ccache /usr/lib/ccache/c++ -DDUCKDB_BUILD_LIBRARY -DENABLE_CROSS_PRODUCT_REWRITE=0 -DENABLE_DEBUG_PRINT=0 -DENABLE_MEASURE_EXE_TIME=0 -DENABLE_MERGE_BACK_PLAN=0 -DENABLE_PARALLEL_EXECUTION=0 -DENABLE_QUERY_SPLIT=0 -DENABLE_SPECIFY_EST_STAT=0 -I/home/pei/Project/duckdb-polr/src/include -I/home/pei/Project/duckdb-polr/third_party/fsst -I/home/pei/Project/duckdb-polr/third_party/fmt/include -I/home/pei/Project/duckdb-polr/third_party/hyperloglog -I/home/pei/Project/duckdb-polr/third_party/fastpforlib -I/home/pei/Project/duckdb-polr/third_party/fast_float -I/home/pei/Project/duckdb-polr/third_party/re2 -I/home/pei/Project/duckdb-polr/third_party/miniz -I/home/pei/Project/duckdb-polr/third_party/utf8proc/include -I/home/pei/Project/duckdb-polr/third_party/miniparquet -I/home/pei/Project/duckdb-polr/third_party/concurrentqueue -I/home/pei/Project/duckdb-polr/third_party/pcg -I/home/pei/Project/duckdb-polr/third_party/tdigest -I/home/pei/Project/duckdb-polr/third_party/mbedtls/include -I/home/pei/Project/duckdb-polr/third_party/jaro_winkler -O3 -DNDEBUG -O3 -DNDEBUG   -fPIC -fvisibility=hidden -fdiagnostics-color=always -std=c++11 -w -std=c++11 -MD -MT third_party/re2/CMakeFiles/duckdb_re2.dir/re2/stringpiece.cc.o -MF third_party/re2/CMakeFiles/duckdb_re2.dir/re2/stringpiece.cc.o.d -o third_party/re2/CMakeFiles/duckdb_re2.dir/re2/stringpiece.cc.o -c /home/pei/Project/duckdb-polr/third_party/re2/re2/stringpiece.cc
[321/376] /usr/bin/ccache /usr/lib/ccache/c++ -DDUCKDB_BUILD_LIBRARY -DENABLE_CROSS_PRODUCT_REWRITE=0 -DENABLE_DEBUG_PRINT=0 -DENABLE_MEASURE_EXE_TIME=0 -DENABLE_MERGE_BACK_PLAN=0 -DENABLE_PARALLEL_EXECUTION=0 -DENABLE_QUERY_SPLIT=0 -DENABLE_SPECIFY_EST_STAT=0 -I/home/pei/Project/duckdb-polr/src/include -I/home/pei/Project/duckdb-polr/third_party/fsst -I/home/pei/Project/duckdb-polr/third_party/fmt/include -I/home/pei/Project/duckdb-polr/third_party/hyperloglog -I/home/pei/Project/duckdb-polr/third_party/fastpforlib -I/home/pei/Project/duckdb-polr/third_party/fast_float -I/home/pei/Project/duckdb-polr/third_party/re2 -I/home/pei/Project/duckdb-polr/third_party/miniz -I/home/pei/Project/duckdb-polr/third_party/utf8proc/include -I/home/pei/Project/duckdb-polr/third_party/miniparquet -I/home/pei/Project/duckdb-polr/third_party/concurrentqueue -I/home/pei/Project/duckdb-polr/third_party/pcg -I/home/pei/Project/duckdb-polr/third_party/tdigest -I/home/pei/Project/duckdb-polr/third_party/mbedtls/include -I/home/pei/Project/duckdb-polr/third_party/jaro_winkler -O3 -DNDEBUG -O3 -DNDEBUG   -fPIC -fvisibility=hidden -fdiagnostics-color=always -std=c++11 -w -std=c++11 -MD -MT third_party/re2/CMakeFiles/duckdb_re2.dir/re2/tostring.cc.o -MF third_party/re2/CMakeFiles/duckdb_re2.dir/re2/tostring.cc.o.d -o third_party/re2/CMakeFiles/duckdb_re2.dir/re2/tostring.cc.o -c /home/pei/Project/duckdb-polr/third_party/re2/re2/tostring.cc
[322/376] /usr/bin/ccache /usr/lib/ccache/c++ -DDUCKDB_BUILD_LIBRARY -DENABLE_CROSS_PRODUCT_REWRITE=0 -DENABLE_DEBUG_PRINT=0 -DENABLE_MEASURE_EXE_TIME=0 -DENABLE_MERGE_BACK_PLAN=0 -DENABLE_PARALLEL_EXECUTION=0 -DENABLE_QUERY_SPLIT=0 -DENABLE_SPECIFY_EST_STAT=0 -I/home/pei/Project/duckdb-polr/src/include -I/home/pei/Project/duckdb-polr/third_party/fsst -I/home/pei/Project/duckdb-polr/third_party/fmt/include -I/home/pei/Project/duckdb-polr/third_party/hyperloglog -I/home/pei/Project/duckdb-polr/third_party/fastpforlib -I/home/pei/Project/duckdb-polr/third_party/fast_float -I/home/pei/Project/duckdb-polr/third_party/re2 -I/home/pei/Project/duckdb-polr/third_party/miniz -I/home/pei/Project/duckdb-polr/third_party/utf8proc/include -I/home/pei/Project/duckdb-polr/third_party/miniparquet -I/home/pei/Project/duckdb-polr/third_party/concurrentqueue -I/home/pei/Project/duckdb-polr/third_party/pcg -I/home/pei/Project/duckdb-polr/third_party/tdigest -I/home/pei/Project/duckdb-polr/third_party/mbedtls/include -I/home/pei/Project/duckdb-polr/third_party/jaro_winkler -O3 -DNDEBUG -O3 -DNDEBUG   -fPIC -fvisibility=hidden -fdiagnostics-color=always -std=c++11 -w -std=c++11 -MD -MT third_party/re2/CMakeFiles/duckdb_re2.dir/re2/unicode_casefold.cc.o -MF third_party/re2/CMakeFiles/duckdb_re2.dir/re2/unicode_casefold.cc.o.d -o third_party/re2/CMakeFiles/duckdb_re2.dir/re2/unicode_casefold.cc.o -c /home/pei/Project/duckdb-polr/third_party/re2/re2/unicode_casefold.cc
[323/376] /usr/bin/ccache /usr/lib/ccache/c++ -DDUCKDB_BUILD_LIBRARY -DENABLE_CROSS_PRODUCT_REWRITE=0 -DENABLE_DEBUG_PRINT=0 -DENABLE_MEASURE_EXE_TIME=0 -DENABLE_MERGE_BACK_PLAN=0 -DENABLE_PARALLEL_EXECUTION=0 -DENABLE_QUERY_SPLIT=0 -DENABLE_SPECIFY_EST_STAT=0 -I/home/pei/Project/duckdb-polr/src/include -I/home/pei/Project/duckdb-polr/third_party/fsst -I/home/pei/Project/duckdb-polr/third_party/fmt/include -I/home/pei/Project/duckdb-polr/third_party/hyperloglog -I/home/pei/Project/duckdb-polr/third_party/fastpforlib -I/home/pei/Project/duckdb-polr/third_party/fast_float -I/home/pei/Project/duckdb-polr/third_party/re2 -I/home/pei/Project/duckdb-polr/third_party/miniz -I/home/pei/Project/duckdb-polr/third_party/utf8proc/include -I/home/pei/Project/duckdb-polr/third_party/miniparquet -I/home/pei/Project/duckdb-polr/third_party/concurrentqueue -I/home/pei/Project/duckdb-polr/third_party/pcg -I/home/pei/Project/duckdb-polr/third_party/tdigest -I/home/pei/Project/duckdb-polr/third_party/mbedtls/include -I/home/pei/Project/duckdb-polr/third_party/jaro_winkler -O3 -DNDEBUG -O3 -DNDEBUG   -fPIC -fvisibility=hidden -fdiagnostics-color=always -std=c++11 -w -std=c++11 -MD -MT third_party/re2/CMakeFiles/duckdb_re2.dir/util/rune.cc.o -MF third_party/re2/CMakeFiles/duckdb_re2.dir/util/rune.cc.o.d -o third_party/re2/CMakeFiles/duckdb_re2.dir/util/rune.cc.o -c /home/pei/Project/duckdb-polr/third_party/re2/util/rune.cc
[324/376] : && /usr/lib/ccache/c++ -fPIC -O3 -DNDEBUG -O3 -DNDEBUG   -shared -Wl,-soname,loadable_extension_optimizer_demo.duckdb_extension -o test/extension/loadable_extension_optimizer_demo.duckdb_extension test/extension/CMakeFiles/loadable_extension_optimizer_demo_loadable_extension.dir/loadable_extension_optimizer_demo.cpp.o   && :
[325/376] /usr/bin/ccache /usr/lib/ccache/c++ -DDUCKDB_BUILD_LIBRARY -DENABLE_CROSS_PRODUCT_REWRITE=0 -DENABLE_DEBUG_PRINT=0 -DENABLE_MEASURE_EXE_TIME=0 -DENABLE_MERGE_BACK_PLAN=0 -DENABLE_PARALLEL_EXECUTION=0 -DENABLE_QUERY_SPLIT=0 -DENABLE_SPECIFY_EST_STAT=0 -I/home/pei/Project/duckdb-polr/src/include -I/home/pei/Project/duckdb-polr/third_party/fsst -I/home/pei/Project/duckdb-polr/third_party/fmt/include -I/home/pei/Project/duckdb-polr/third_party/hyperloglog -I/home/pei/Project/duckdb-polr/third_party/fastpforlib -I/home/pei/Project/duckdb-polr/third_party/fast_float -I/home/pei/Project/duckdb-polr/third_party/re2 -I/home/pei/Project/duckdb-polr/third_party/miniz -I/home/pei/Project/duckdb-polr/third_party/utf8proc/include -I/home/pei/Project/duckdb-polr/third_party/miniparquet -I/home/pei/Project/duckdb-polr/third_party/concurrentqueue -I/home/pei/Project/duckdb-polr/third_party/pcg -I/home/pei/Project/duckdb-polr/third_party/tdigest -I/home/pei/Project/duckdb-polr/third_party/mbedtls/include -I/home/pei/Project/duckdb-polr/third_party/jaro_winkler -O3 -DNDEBUG -O3 -DNDEBUG   -fPIC -fvisibility=hidden -fdiagnostics-color=always -std=c++11 -w -std=c++11 -MD -MT third_party/re2/CMakeFiles/duckdb_re2.dir/re2/unicode_groups.cc.o -MF third_party/re2/CMakeFiles/duckdb_re2.dir/re2/unicode_groups.cc.o.d -o third_party/re2/CMakeFiles/duckdb_re2.dir/re2/unicode_groups.cc.o -c /home/pei/Project/duckdb-polr/third_party/re2/re2/unicode_groups.cc
[326/376] /usr/bin/ccache /usr/lib/ccache/c++ -DDUCKDB_BUILD_LIBRARY -DENABLE_CROSS_PRODUCT_REWRITE=0 -DENABLE_DEBUG_PRINT=0 -DENABLE_MEASURE_EXE_TIME=0 -DENABLE_MERGE_BACK_PLAN=0 -DENABLE_PARALLEL_EXECUTION=0 -DENABLE_QUERY_SPLIT=0 -DENABLE_SPECIFY_EST_STAT=0 -I/home/pei/Project/duckdb-polr/src/include -I/home/pei/Project/duckdb-polr/third_party/fsst -I/home/pei/Project/duckdb-polr/third_party/fmt/include -I/home/pei/Project/duckdb-polr/third_party/hyperloglog -I/home/pei/Project/duckdb-polr/third_party/fastpforlib -I/home/pei/Project/duckdb-polr/third_party/fast_float -I/home/pei/Project/duckdb-polr/third_party/re2 -I/home/pei/Project/duckdb-polr/third_party/miniz -I/home/pei/Project/duckdb-polr/third_party/utf8proc/include -I/home/pei/Project/duckdb-polr/third_party/miniparquet -I/home/pei/Project/duckdb-polr/third_party/concurrentqueue -I/home/pei/Project/duckdb-polr/third_party/pcg -I/home/pei/Project/duckdb-polr/third_party/tdigest -I/home/pei/Project/duckdb-polr/third_party/mbedtls/include -I/home/pei/Project/duckdb-polr/third_party/jaro_winkler -O3 -DNDEBUG -O3 -DNDEBUG   -fPIC -fdiagnostics-color=always -w -std=c++11 -MD -MT third_party/miniz/CMakeFiles/duckdb_miniz.dir/miniz.cpp.o -MF third_party/miniz/CMakeFiles/duckdb_miniz.dir/miniz.cpp.o.d -o third_party/miniz/CMakeFiles/duckdb_miniz.dir/miniz.cpp.o -c /home/pei/Project/duckdb-polr/third_party/miniz/miniz.cpp
[327/376] /usr/bin/ccache /usr/lib/ccache/c++ -DDUCKDB_BUILD_LIBRARY -DENABLE_CROSS_PRODUCT_REWRITE=0 -DENABLE_DEBUG_PRINT=0 -DENABLE_MEASURE_EXE_TIME=0 -DENABLE_MERGE_BACK_PLAN=0 -DENABLE_PARALLEL_EXECUTION=0 -DENABLE_QUERY_SPLIT=0 -DENABLE_SPECIFY_EST_STAT=0 -I/home/pei/Project/duckdb-polr/src/include -I/home/pei/Project/duckdb-polr/third_party/fsst -I/home/pei/Project/duckdb-polr/third_party/fmt/include -I/home/pei/Project/duckdb-polr/third_party/hyperloglog -I/home/pei/Project/duckdb-polr/third_party/fastpforlib -I/home/pei/Project/duckdb-polr/third_party/fast_float -I/home/pei/Project/duckdb-polr/third_party/re2 -I/home/pei/Project/duckdb-polr/third_party/miniz -I/home/pei/Project/duckdb-polr/third_party/utf8proc/include -I/home/pei/Project/duckdb-polr/third_party/miniparquet -I/home/pei/Project/duckdb-polr/third_party/concurrentqueue -I/home/pei/Project/duckdb-polr/third_party/pcg -I/home/pei/Project/duckdb-polr/third_party/tdigest -I/home/pei/Project/duckdb-polr/third_party/mbedtls/include -I/home/pei/Project/duckdb-polr/third_party/jaro_winkler -O3 -DNDEBUG -O3 -DNDEBUG   -fPIC -fvisibility=hidden -fdiagnostics-color=always -std=c++11 -w -std=c++11 -MD -MT third_party/re2/CMakeFiles/duckdb_re2.dir/util/strutil.cc.o -MF third_party/re2/CMakeFiles/duckdb_re2.dir/util/strutil.cc.o.d -o third_party/re2/CMakeFiles/duckdb_re2.dir/util/strutil.cc.o -c /home/pei/Project/duckdb-polr/third_party/re2/util/strutil.cc
[328/376] /usr/bin/ccache /usr/lib/ccache/c++ -DDUCKDB_BUILD_LIBRARY -DENABLE_CROSS_PRODUCT_REWRITE=0 -DENABLE_DEBUG_PRINT=0 -DENABLE_MEASURE_EXE_TIME=0 -DENABLE_MERGE_BACK_PLAN=0 -DENABLE_PARALLEL_EXECUTION=0 -DENABLE_QUERY_SPLIT=0 -DENABLE_SPECIFY_EST_STAT=0 -I/home/pei/Project/duckdb-polr/src/include -I/home/pei/Project/duckdb-polr/third_party/fsst -I/home/pei/Project/duckdb-polr/third_party/fmt/include -I/home/pei/Project/duckdb-polr/third_party/hyperloglog -I/home/pei/Project/duckdb-polr/third_party/fastpforlib -I/home/pei/Project/duckdb-polr/third_party/fast_float -I/home/pei/Project/duckdb-polr/third_party/re2 -I/home/pei/Project/duckdb-polr/third_party/miniz -I/home/pei/Project/duckdb-polr/third_party/utf8proc/include -I/home/pei/Project/duckdb-polr/third_party/miniparquet -I/home/pei/Project/duckdb-polr/third_party/concurrentqueue -I/home/pei/Project/duckdb-polr/third_party/pcg -I/home/pei/Project/duckdb-polr/third_party/tdigest -I/home/pei/Project/duckdb-polr/third_party/mbedtls/include -I/home/pei/Project/duckdb-polr/third_party/jaro_winkler -O3 -DNDEBUG -O3 -DNDEBUG   -fPIC -fdiagnostics-color=always -std=c++11 -MD -MT third_party/utf8proc/CMakeFiles/duckdb_utf8proc.dir/utf8proc.cpp.o -MF third_party/utf8proc/CMakeFiles/duckdb_utf8proc.dir/utf8proc.cpp.o.d -o third_party/utf8proc/CMakeFiles/duckdb_utf8proc.dir/utf8proc.cpp.o -c /home/pei/Project/duckdb-polr/third_party/utf8proc/utf8proc.cpp
[329/376] /usr/bin/ccache /usr/lib/ccache/c++ -DDUCKDB_BUILD_LIBRARY -DENABLE_CROSS_PRODUCT_REWRITE=0 -DENABLE_DEBUG_PRINT=0 -DENABLE_MEASURE_EXE_TIME=0 -DENABLE_MERGE_BACK_PLAN=0 -DENABLE_PARALLEL_EXECUTION=0 -DENABLE_QUERY_SPLIT=0 -DENABLE_SPECIFY_EST_STAT=0 -I/home/pei/Project/duckdb-polr/src/include -I/home/pei/Project/duckdb-polr/third_party/fsst -I/home/pei/Project/duckdb-polr/third_party/fmt/include -I/home/pei/Project/duckdb-polr/third_party/hyperloglog -I/home/pei/Project/duckdb-polr/third_party/fastpforlib -I/home/pei/Project/duckdb-polr/third_party/fast_float -I/home/pei/Project/duckdb-polr/third_party/re2 -I/home/pei/Project/duckdb-polr/third_party/miniz -I/home/pei/Project/duckdb-polr/third_party/utf8proc/include -I/home/pei/Project/duckdb-polr/third_party/miniparquet -I/home/pei/Project/duckdb-polr/third_party/concurrentqueue -I/home/pei/Project/duckdb-polr/third_party/pcg -I/home/pei/Project/duckdb-polr/third_party/tdigest -I/home/pei/Project/duckdb-polr/third_party/mbedtls/include -I/home/pei/Project/duckdb-polr/third_party/jaro_winkler -O3 -DNDEBUG -O3 -DNDEBUG   -fPIC -fdiagnostics-color=always -w -std=c++11 -MD -MT third_party/hyperloglog/CMakeFiles/duckdb_hyperloglog.dir/hyperloglog.cpp.o -MF third_party/hyperloglog/CMakeFiles/duckdb_hyperloglog.dir/hyperloglog.cpp.o.d -o third_party/hyperloglog/CMakeFiles/duckdb_hyperloglog.dir/hyperloglog.cpp.o -c /home/pei/Project/duckdb-polr/third_party/hyperloglog/hyperloglog.cpp
[330/376] /usr/bin/ccache /usr/lib/ccache/c++ -DDUCKDB_BUILD_LIBRARY -DENABLE_CROSS_PRODUCT_REWRITE=0 -DENABLE_DEBUG_PRINT=0 -DENABLE_MEASURE_EXE_TIME=0 -DENABLE_MERGE_BACK_PLAN=0 -DENABLE_PARALLEL_EXECUTION=0 -DENABLE_QUERY_SPLIT=0 -DENABLE_SPECIFY_EST_STAT=0 -I/home/pei/Project/duckdb-polr/src/include -I/home/pei/Project/duckdb-polr/third_party/fsst -I/home/pei/Project/duckdb-polr/third_party/fmt/include -I/home/pei/Project/duckdb-polr/third_party/hyperloglog -I/home/pei/Project/duckdb-polr/third_party/fastpforlib -I/home/pei/Project/duckdb-polr/third_party/fast_float -I/home/pei/Project/duckdb-polr/third_party/re2 -I/home/pei/Project/duckdb-polr/third_party/miniz -I/home/pei/Project/duckdb-polr/third_party/utf8proc/include -I/home/pei/Project/duckdb-polr/third_party/miniparquet -I/home/pei/Project/duckdb-polr/third_party/concurrentqueue -I/home/pei/Project/duckdb-polr/third_party/pcg -I/home/pei/Project/duckdb-polr/third_party/tdigest -I/home/pei/Project/duckdb-polr/third_party/mbedtls/include -I/home/pei/Project/duckdb-polr/third_party/jaro_winkler -O3 -DNDEBUG -O3 -DNDEBUG   -fPIC -fdiagnostics-color=always -w -std=c++11 -MD -MT third_party/hyperloglog/CMakeFiles/duckdb_hyperloglog.dir/sds.cpp.o -MF third_party/hyperloglog/CMakeFiles/duckdb_hyperloglog.dir/sds.cpp.o.d -o third_party/hyperloglog/CMakeFiles/duckdb_hyperloglog.dir/sds.cpp.o -c /home/pei/Project/duckdb-polr/third_party/hyperloglog/sds.cpp
[331/376] /usr/bin/ccache /usr/lib/ccache/c++ -DDUCKDB_BUILD_LIBRARY -DENABLE_CROSS_PRODUCT_REWRITE=0 -DENABLE_DEBUG_PRINT=0 -DENABLE_MEASURE_EXE_TIME=0 -DENABLE_MERGE_BACK_PLAN=0 -DENABLE_PARALLEL_EXECUTION=0 -DENABLE_QUERY_SPLIT=0 -DENABLE_SPECIFY_EST_STAT=0 -I/home/pei/Project/duckdb-polr/src/include -I/home/pei/Project/duckdb-polr/third_party/fsst -I/home/pei/Project/duckdb-polr/third_party/fmt/include -I/home/pei/Project/duckdb-polr/third_party/hyperloglog -I/home/pei/Project/duckdb-polr/third_party/fastpforlib -I/home/pei/Project/duckdb-polr/third_party/fast_float -I/home/pei/Project/duckdb-polr/third_party/re2 -I/home/pei/Project/duckdb-polr/third_party/miniz -I/home/pei/Project/duckdb-polr/third_party/utf8proc/include -I/home/pei/Project/duckdb-polr/third_party/miniparquet -I/home/pei/Project/duckdb-polr/third_party/concurrentqueue -I/home/pei/Project/duckdb-polr/third_party/pcg -I/home/pei/Project/duckdb-polr/third_party/tdigest -I/home/pei/Project/duckdb-polr/third_party/mbedtls/include -I/home/pei/Project/duckdb-polr/third_party/jaro_winkler -O3 -DNDEBUG -O3 -DNDEBUG   -fPIC -fdiagnostics-color=always -std=c++11 -MD -MT third_party/utf8proc/CMakeFiles/duckdb_utf8proc.dir/utf8proc_wrapper.cpp.o -MF third_party/utf8proc/CMakeFiles/duckdb_utf8proc.dir/utf8proc_wrapper.cpp.o.d -o third_party/utf8proc/CMakeFiles/duckdb_utf8proc.dir/utf8proc_wrapper.cpp.o -c /home/pei/Project/duckdb-polr/third_party/utf8proc/utf8proc_wrapper.cpp
[332/376] /usr/bin/ccache /usr/lib/ccache/c++ -DDUCKDB_BUILD_LIBRARY -DENABLE_CROSS_PRODUCT_REWRITE=0 -DENABLE_DEBUG_PRINT=0 -DENABLE_MEASURE_EXE_TIME=0 -DENABLE_MERGE_BACK_PLAN=0 -DENABLE_PARALLEL_EXECUTION=0 -DENABLE_QUERY_SPLIT=0 -DENABLE_SPECIFY_EST_STAT=0 -I/home/pei/Project/duckdb-polr/src/include -I/home/pei/Project/duckdb-polr/third_party/fsst -I/home/pei/Project/duckdb-polr/third_party/fmt/include -I/home/pei/Project/duckdb-polr/third_party/hyperloglog -I/home/pei/Project/duckdb-polr/third_party/fastpforlib -I/home/pei/Project/duckdb-polr/third_party/fast_float -I/home/pei/Project/duckdb-polr/third_party/re2 -I/home/pei/Project/duckdb-polr/third_party/miniz -I/home/pei/Project/duckdb-polr/third_party/utf8proc/include -I/home/pei/Project/duckdb-polr/third_party/miniparquet -I/home/pei/Project/duckdb-polr/third_party/concurrentqueue -I/home/pei/Project/duckdb-polr/third_party/pcg -I/home/pei/Project/duckdb-polr/third_party/tdigest -I/home/pei/Project/duckdb-polr/third_party/mbedtls/include -I/home/pei/Project/duckdb-polr/third_party/jaro_winkler -O3 -DNDEBUG -O3 -DNDEBUG   -fPIC -fvisibility=hidden -fdiagnostics-color=always -std=c++11 -MD -MT third_party/mbedtls/CMakeFiles/duckdb_mbedtls.dir/mbedtls_wrapper.cpp.o -MF third_party/mbedtls/CMakeFiles/duckdb_mbedtls.dir/mbedtls_wrapper.cpp.o.d -o third_party/mbedtls/CMakeFiles/duckdb_mbedtls.dir/mbedtls_wrapper.cpp.o -c /home/pei/Project/duckdb-polr/third_party/mbedtls/mbedtls_wrapper.cpp
[333/376] /usr/bin/ccache /usr/lib/ccache/c++ -DDUCKDB_BUILD_LIBRARY -DENABLE_CROSS_PRODUCT_REWRITE=0 -DENABLE_DEBUG_PRINT=0 -DENABLE_MEASURE_EXE_TIME=0 -DENABLE_MERGE_BACK_PLAN=0 -DENABLE_PARALLEL_EXECUTION=0 -DENABLE_QUERY_SPLIT=0 -DENABLE_SPECIFY_EST_STAT=0 -I/home/pei/Project/duckdb-polr/src/include -I/home/pei/Project/duckdb-polr/third_party/fsst -I/home/pei/Project/duckdb-polr/third_party/fmt/include -I/home/pei/Project/duckdb-polr/third_party/hyperloglog -I/home/pei/Project/duckdb-polr/third_party/fastpforlib -I/home/pei/Project/duckdb-polr/third_party/fast_float -I/home/pei/Project/duckdb-polr/third_party/re2 -I/home/pei/Project/duckdb-polr/third_party/miniz -I/home/pei/Project/duckdb-polr/third_party/utf8proc/include -I/home/pei/Project/duckdb-polr/third_party/miniparquet -I/home/pei/Project/duckdb-polr/third_party/concurrentqueue -I/home/pei/Project/duckdb-polr/third_party/pcg -I/home/pei/Project/duckdb-polr/third_party/tdigest -I/home/pei/Project/duckdb-polr/third_party/mbedtls/include -I/home/pei/Project/duckdb-polr/third_party/jaro_winkler -O3 -DNDEBUG -O3 -DNDEBUG   -fPIC -fdiagnostics-color=always -w -std=c++11 -MD -MT third_party/fastpforlib/CMakeFiles/duckdb_fastpforlib.dir/bitpacking.cpp.o -MF third_party/fastpforlib/CMakeFiles/duckdb_fastpforlib.dir/bitpacking.cpp.o.d -o third_party/fastpforlib/CMakeFiles/duckdb_fastpforlib.dir/bitpacking.cpp.o -c /home/pei/Project/duckdb-polr/third_party/fastpforlib/bitpacking.cpp
[334/376] /usr/bin/ccache /usr/lib/ccache/c++ -DDUCKDB_BUILD_LIBRARY -DENABLE_CROSS_PRODUCT_REWRITE=0 -DENABLE_DEBUG_PRINT=0 -DENABLE_MEASURE_EXE_TIME=0 -DENABLE_MERGE_BACK_PLAN=0 -DENABLE_PARALLEL_EXECUTION=0 -DENABLE_QUERY_SPLIT=0 -DENABLE_SPECIFY_EST_STAT=0 -I/home/pei/Project/duckdb-polr/src/include -I/home/pei/Project/duckdb-polr/third_party/fsst -I/home/pei/Project/duckdb-polr/third_party/fmt/include -I/home/pei/Project/duckdb-polr/third_party/hyperloglog -I/home/pei/Project/duckdb-polr/third_party/fastpforlib -I/home/pei/Project/duckdb-polr/third_party/fast_float -I/home/pei/Project/duckdb-polr/third_party/re2 -I/home/pei/Project/duckdb-polr/third_party/miniz -I/home/pei/Project/duckdb-polr/third_party/utf8proc/include -I/home/pei/Project/duckdb-polr/third_party/miniparquet -I/home/pei/Project/duckdb-polr/third_party/concurrentqueue -I/home/pei/Project/duckdb-polr/third_party/pcg -I/home/pei/Project/duckdb-polr/third_party/tdigest -I/home/pei/Project/duckdb-polr/third_party/mbedtls/include -I/home/pei/Project/duckdb-polr/third_party/jaro_winkler -O3 -DNDEBUG -O3 -DNDEBUG   -fPIC -fvisibility=hidden -fdiagnostics-color=always -std=c++11 -MD -MT third_party/mbedtls/CMakeFiles/duckdb_mbedtls.dir/library/rsa.cpp.o -MF third_party/mbedtls/CMakeFiles/duckdb_mbedtls.dir/library/rsa.cpp.o.d -o third_party/mbedtls/CMakeFiles/duckdb_mbedtls.dir/library/rsa.cpp.o -c /home/pei/Project/duckdb-polr/third_party/mbedtls/library/rsa.cpp
[335/376] /usr/bin/ccache /usr/lib/ccache/c++ -DDUCKDB_BUILD_LIBRARY -DENABLE_CROSS_PRODUCT_REWRITE=0 -DENABLE_DEBUG_PRINT=0 -DENABLE_MEASURE_EXE_TIME=0 -DENABLE_MERGE_BACK_PLAN=0 -DENABLE_PARALLEL_EXECUTION=0 -DENABLE_QUERY_SPLIT=0 -DENABLE_SPECIFY_EST_STAT=0 -I/home/pei/Project/duckdb-polr/src/include -I/home/pei/Project/duckdb-polr/third_party/fsst -I/home/pei/Project/duckdb-polr/third_party/fmt/include -I/home/pei/Project/duckdb-polr/third_party/hyperloglog -I/home/pei/Project/duckdb-polr/third_party/fastpforlib -I/home/pei/Project/duckdb-polr/third_party/fast_float -I/home/pei/Project/duckdb-polr/third_party/re2 -I/home/pei/Project/duckdb-polr/third_party/miniz -I/home/pei/Project/duckdb-polr/third_party/utf8proc/include -I/home/pei/Project/duckdb-polr/third_party/miniparquet -I/home/pei/Project/duckdb-polr/third_party/concurrentqueue -I/home/pei/Project/duckdb-polr/third_party/pcg -I/home/pei/Project/duckdb-polr/third_party/tdigest -I/home/pei/Project/duckdb-polr/third_party/mbedtls/include -I/home/pei/Project/duckdb-polr/third_party/jaro_winkler -O3 -DNDEBUG -O3 -DNDEBUG   -fPIC -fvisibility=hidden -fdiagnostics-color=always -std=c++11 -MD -MT third_party/mbedtls/CMakeFiles/duckdb_mbedtls.dir/library/sha256.cpp.o -MF third_party/mbedtls/CMakeFiles/duckdb_mbedtls.dir/library/sha256.cpp.o.d -o third_party/mbedtls/CMakeFiles/duckdb_mbedtls.dir/library/sha256.cpp.o -c /home/pei/Project/duckdb-polr/third_party/mbedtls/library/sha256.cpp
[336/376] : && /usr/lib/ccache/c++ -fPIC -O3 -DNDEBUG -O3 -DNDEBUG   -shared -Wl,-soname,parquet.duckdb_extension -o extension/parquet/parquet.duckdb_extension extension/parquet/CMakeFiles/parquet_loadable_extension.dir/column_writer.cpp.o extension/parquet/CMakeFiles/parquet_loadable_extension.dir/parquet-extension.cpp.o extension/parquet/CMakeFiles/parquet_loadable_extension.dir/parquet_metadata.cpp.o extension/parquet/CMakeFiles/parquet_loadable_extension.dir/parquet_reader.cpp.o extension/parquet/CMakeFiles/parquet_loadable_extension.dir/parquet_timestamp.cpp.o extension/parquet/CMakeFiles/parquet_loadable_extension.dir/parquet_writer.cpp.o extension/parquet/CMakeFiles/parquet_loadable_extension.dir/parquet_statistics.cpp.o extension/parquet/CMakeFiles/parquet_loadable_extension.dir/zstd_file_system.cpp.o extension/parquet/CMakeFiles/parquet_loadable_extension.dir/column_reader.cpp.o extension/parquet/CMakeFiles/parquet_loadable_extension.dir/__/__/third_party/parquet/parquet_constants.cpp.o extension/parquet/CMakeFiles/parquet_loadable_extension.dir/__/__/third_party/parquet/parquet_types.cpp.o extension/parquet/CMakeFiles/parquet_loadable_extension.dir/__/__/third_party/thrift/thrift/protocol/TProtocol.cpp.o extension/parquet/CMakeFiles/parquet_loadable_extension.dir/__/__/third_party/thrift/thrift/transport/TTransportException.cpp.o extension/parquet/CMakeFiles/parquet_loadable_extension.dir/__/__/third_party/thrift/thrift/transport/TBufferTransports.cpp.o extension/parquet/CMakeFiles/parquet_loadable_extension.dir/__/__/third_party/snappy/snappy.cc.o extension/parquet/CMakeFiles/parquet_loadable_extension.dir/__/__/third_party/snappy/snappy-sinksource.cc.o extension/parquet/CMakeFiles/parquet_loadable_extension.dir/__/__/third_party/zstd/decompress/zstd_ddict.cpp.o extension/parquet/CMakeFiles/parquet_loadable_extension.dir/__/__/third_party/zstd/decompress/huf_decompress.cpp.o extension/parquet/CMakeFiles/parquet_loadable_extension.dir/__/__/third_party/zstd/decompress/zstd_decompress.cpp.o extension/parquet/CMakeFiles/parquet_loadable_extension.dir/__/__/third_party/zstd/decompress/zstd_decompress_block.cpp.o extension/parquet/CMakeFiles/parquet_loadable_extension.dir/__/__/third_party/zstd/common/entropy_common.cpp.o extension/parquet/CMakeFiles/parquet_loadable_extension.dir/__/__/third_party/zstd/common/fse_decompress.cpp.o extension/parquet/CMakeFiles/parquet_loadable_extension.dir/__/__/third_party/zstd/common/zstd_common.cpp.o extension/parquet/CMakeFiles/parquet_loadable_extension.dir/__/__/third_party/zstd/common/error_private.cpp.o extension/parquet/CMakeFiles/parquet_loadable_extension.dir/__/__/third_party/zstd/common/xxhash.cpp.o extension/parquet/CMakeFiles/parquet_loadable_extension.dir/__/__/third_party/zstd/compress/fse_compress.cpp.o extension/parquet/CMakeFiles/parquet_loadable_extension.dir/__/__/third_party/zstd/compress/hist.cpp.o extension/parquet/CMakeFiles/parquet_loadable_extension.dir/__/__/third_party/zstd/compress/huf_compress.cpp.o extension/parquet/CMakeFiles/parquet_loadable_extension.dir/__/__/third_party/zstd/compress/zstd_compress.cpp.o extension/parquet/CMakeFiles/parquet_loadable_extension.dir/__/__/third_party/zstd/compress/zstd_compress_literals.cpp.o extension/parquet/CMakeFiles/parquet_loadable_extension.dir/__/__/third_party/zstd/compress/zstd_compress_sequences.cpp.o extension/parquet/CMakeFiles/parquet_loadable_extension.dir/__/__/third_party/zstd/compress/zstd_compress_superblock.cpp.o extension/parquet/CMakeFiles/parquet_loadable_extension.dir/__/__/third_party/zstd/compress/zstd_double_fast.cpp.o extension/parquet/CMakeFiles/parquet_loadable_extension.dir/__/__/third_party/zstd/compress/zstd_fast.cpp.o extension/parquet/CMakeFiles/parquet_loadable_extension.dir/__/__/third_party/zstd/compress/zstd_lazy.cpp.o extension/parquet/CMakeFiles/parquet_loadable_extension.dir/__/__/third_party/zstd/compress/zstd_ldm.cpp.o extension/parquet/CMakeFiles/parquet_loadable_extension.dir/__/__/third_party/zstd/compress/zstd_opt.cpp.o   && :
[337/376] /usr/bin/ccache /usr/lib/ccache/c++ -DDUCKDB_BUILD_LIBRARY -DENABLE_CROSS_PRODUCT_REWRITE=0 -DENABLE_DEBUG_PRINT=0 -DENABLE_MEASURE_EXE_TIME=0 -DENABLE_MERGE_BACK_PLAN=0 -DENABLE_PARALLEL_EXECUTION=0 -DENABLE_QUERY_SPLIT=0 -DENABLE_SPECIFY_EST_STAT=0 -I/home/pei/Project/duckdb-polr/src/include -I/home/pei/Project/duckdb-polr/third_party/fsst -I/home/pei/Project/duckdb-polr/third_party/fmt/include -I/home/pei/Project/duckdb-polr/third_party/hyperloglog -I/home/pei/Project/duckdb-polr/third_party/fastpforlib -I/home/pei/Project/duckdb-polr/third_party/fast_float -I/home/pei/Project/duckdb-polr/third_party/re2 -I/home/pei/Project/duckdb-polr/third_party/miniz -I/home/pei/Project/duckdb-polr/third_party/utf8proc/include -I/home/pei/Project/duckdb-polr/third_party/miniparquet -I/home/pei/Project/duckdb-polr/third_party/concurrentqueue -I/home/pei/Project/duckdb-polr/third_party/pcg -I/home/pei/Project/duckdb-polr/third_party/tdigest -I/home/pei/Project/duckdb-polr/third_party/mbedtls/include -I/home/pei/Project/duckdb-polr/third_party/jaro_winkler -O3 -DNDEBUG -O3 -DNDEBUG   -fPIC -fvisibility=hidden -fdiagnostics-color=always -std=c++11 -MD -MT third_party/mbedtls/CMakeFiles/duckdb_mbedtls.dir/library/rsa_alt_helpers.cpp.o -MF third_party/mbedtls/CMakeFiles/duckdb_mbedtls.dir/library/rsa_alt_helpers.cpp.o.d -o third_party/mbedtls/CMakeFiles/duckdb_mbedtls.dir/library/rsa_alt_helpers.cpp.o -c /home/pei/Project/duckdb-polr/third_party/mbedtls/library/rsa_alt_helpers.cpp
[338/376] /usr/bin/ccache /usr/lib/ccache/c++ -DDUCKDB_BUILD_LIBRARY -DENABLE_CROSS_PRODUCT_REWRITE=0 -DENABLE_DEBUG_PRINT=0 -DENABLE_MEASURE_EXE_TIME=0 -DENABLE_MERGE_BACK_PLAN=0 -DENABLE_PARALLEL_EXECUTION=0 -DENABLE_QUERY_SPLIT=0 -DENABLE_SPECIFY_EST_STAT=0 -I/home/pei/Project/duckdb-polr/src/include -I/home/pei/Project/duckdb-polr/third_party/fsst -I/home/pei/Project/duckdb-polr/third_party/fmt/include -I/home/pei/Project/duckdb-polr/third_party/hyperloglog -I/home/pei/Project/duckdb-polr/third_party/fastpforlib -I/home/pei/Project/duckdb-polr/third_party/fast_float -I/home/pei/Project/duckdb-polr/third_party/re2 -I/home/pei/Project/duckdb-polr/third_party/miniz -I/home/pei/Project/duckdb-polr/third_party/utf8proc/include -I/home/pei/Project/duckdb-polr/third_party/miniparquet -I/home/pei/Project/duckdb-polr/third_party/concurrentqueue -I/home/pei/Project/duckdb-polr/third_party/pcg -I/home/pei/Project/duckdb-polr/third_party/tdigest -I/home/pei/Project/duckdb-polr/third_party/mbedtls/include -I/home/pei/Project/duckdb-polr/third_party/jaro_winkler -O3 -DNDEBUG -O3 -DNDEBUG   -fPIC -fvisibility=hidden -fdiagnostics-color=always -std=c++11 -MD -MT third_party/mbedtls/CMakeFiles/duckdb_mbedtls.dir/library/md.cpp.o -MF third_party/mbedtls/CMakeFiles/duckdb_mbedtls.dir/library/md.cpp.o.d -o third_party/mbedtls/CMakeFiles/duckdb_mbedtls.dir/library/md.cpp.o -c /home/pei/Project/duckdb-polr/third_party/mbedtls/library/md.cpp
[339/376] /usr/bin/ccache /usr/lib/ccache/c++ -DDUCKDB_BUILD_LIBRARY -DENABLE_CROSS_PRODUCT_REWRITE=0 -DENABLE_DEBUG_PRINT=0 -DENABLE_MEASURE_EXE_TIME=0 -DENABLE_MERGE_BACK_PLAN=0 -DENABLE_PARALLEL_EXECUTION=0 -DENABLE_QUERY_SPLIT=0 -DENABLE_SPECIFY_EST_STAT=0 -I/home/pei/Project/duckdb-polr/src/include -I/home/pei/Project/duckdb-polr/third_party/fsst -I/home/pei/Project/duckdb-polr/third_party/fmt/include -I/home/pei/Project/duckdb-polr/third_party/hyperloglog -I/home/pei/Project/duckdb-polr/third_party/fastpforlib -I/home/pei/Project/duckdb-polr/third_party/fast_float -I/home/pei/Project/duckdb-polr/third_party/re2 -I/home/pei/Project/duckdb-polr/third_party/miniz -I/home/pei/Project/duckdb-polr/third_party/utf8proc/include -I/home/pei/Project/duckdb-polr/third_party/miniparquet -I/home/pei/Project/duckdb-polr/third_party/concurrentqueue -I/home/pei/Project/duckdb-polr/third_party/pcg -I/home/pei/Project/duckdb-polr/third_party/tdigest -I/home/pei/Project/duckdb-polr/third_party/mbedtls/include -I/home/pei/Project/duckdb-polr/third_party/jaro_winkler -O3 -DNDEBUG -O3 -DNDEBUG   -fPIC -fvisibility=hidden -fdiagnostics-color=always -std=c++11 -MD -MT third_party/mbedtls/CMakeFiles/duckdb_mbedtls.dir/library/oid.cpp.o -MF third_party/mbedtls/CMakeFiles/duckdb_mbedtls.dir/library/oid.cpp.o.d -o third_party/mbedtls/CMakeFiles/duckdb_mbedtls.dir/library/oid.cpp.o -c /home/pei/Project/duckdb-polr/third_party/mbedtls/library/oid.cpp
[340/376] : && /usr/bin/cmake -E rm -f third_party/miniz/libduckdb_miniz.a && /usr/bin/ar qc third_party/miniz/libduckdb_miniz.a  third_party/miniz/CMakeFiles/duckdb_miniz.dir/miniz.cpp.o && /usr/bin/ranlib third_party/miniz/libduckdb_miniz.a && :
[341/376] /usr/bin/ccache /usr/lib/ccache/c++ -DDUCKDB_BUILD_LIBRARY -DENABLE_CROSS_PRODUCT_REWRITE=0 -DENABLE_DEBUG_PRINT=0 -DENABLE_MEASURE_EXE_TIME=0 -DENABLE_MERGE_BACK_PLAN=0 -DENABLE_PARALLEL_EXECUTION=0 -DENABLE_QUERY_SPLIT=0 -DENABLE_SPECIFY_EST_STAT=0 -I/home/pei/Project/duckdb-polr/src/include -I/home/pei/Project/duckdb-polr/third_party/fsst -I/home/pei/Project/duckdb-polr/third_party/fmt/include -I/home/pei/Project/duckdb-polr/third_party/hyperloglog -I/home/pei/Project/duckdb-polr/third_party/fastpforlib -I/home/pei/Project/duckdb-polr/third_party/fast_float -I/home/pei/Project/duckdb-polr/third_party/re2 -I/home/pei/Project/duckdb-polr/third_party/miniz -I/home/pei/Project/duckdb-polr/third_party/utf8proc/include -I/home/pei/Project/duckdb-polr/third_party/miniparquet -I/home/pei/Project/duckdb-polr/third_party/concurrentqueue -I/home/pei/Project/duckdb-polr/third_party/pcg -I/home/pei/Project/duckdb-polr/third_party/tdigest -I/home/pei/Project/duckdb-polr/third_party/mbedtls/include -I/home/pei/Project/duckdb-polr/third_party/jaro_winkler -O3 -DNDEBUG -O3 -DNDEBUG   -fPIC -fvisibility=hidden -fdiagnostics-color=always -std=c++11 -MD -MT third_party/mbedtls/CMakeFiles/duckdb_mbedtls.dir/library/bignum.cpp.o -MF third_party/mbedtls/CMakeFiles/duckdb_mbedtls.dir/library/bignum.cpp.o.d -o third_party/mbedtls/CMakeFiles/duckdb_mbedtls.dir/library/bignum.cpp.o -c /home/pei/Project/duckdb-polr/third_party/mbedtls/library/bignum.cpp
[342/376] /usr/bin/ccache /usr/lib/ccache/c++ -DDUCKDB_BUILD_LIBRARY -DENABLE_CROSS_PRODUCT_REWRITE=0 -DENABLE_DEBUG_PRINT=0 -DENABLE_MEASURE_EXE_TIME=0 -DENABLE_MERGE_BACK_PLAN=0 -DENABLE_PARALLEL_EXECUTION=0 -DENABLE_QUERY_SPLIT=0 -DENABLE_SPECIFY_EST_STAT=0 -I/home/pei/Project/duckdb-polr/src/include -I/home/pei/Project/duckdb-polr/third_party/fsst -I/home/pei/Project/duckdb-polr/third_party/fmt/include -I/home/pei/Project/duckdb-polr/third_party/hyperloglog -I/home/pei/Project/duckdb-polr/third_party/fastpforlib -I/home/pei/Project/duckdb-polr/third_party/fast_float -I/home/pei/Project/duckdb-polr/third_party/re2 -I/home/pei/Project/duckdb-polr/third_party/miniz -I/home/pei/Project/duckdb-polr/third_party/utf8proc/include -I/home/pei/Project/duckdb-polr/third_party/miniparquet -I/home/pei/Project/duckdb-polr/third_party/concurrentqueue -I/home/pei/Project/duckdb-polr/third_party/pcg -I/home/pei/Project/duckdb-polr/third_party/tdigest -I/home/pei/Project/duckdb-polr/third_party/mbedtls/include -I/home/pei/Project/duckdb-polr/third_party/jaro_winkler -O3 -DNDEBUG -O3 -DNDEBUG   -fPIC -fvisibility=hidden -fdiagnostics-color=always -std=c++11 -MD -MT third_party/mbedtls/CMakeFiles/duckdb_mbedtls.dir/library/constant_time.cpp.o -MF third_party/mbedtls/CMakeFiles/duckdb_mbedtls.dir/library/constant_time.cpp.o.d -o third_party/mbedtls/CMakeFiles/duckdb_mbedtls.dir/library/constant_time.cpp.o -c /home/pei/Project/duckdb-polr/third_party/mbedtls/library/constant_time.cpp
[343/376] /usr/bin/ccache /usr/lib/ccache/c++ -DDUCKDB_BUILD_LIBRARY -DENABLE_CROSS_PRODUCT_REWRITE=0 -DENABLE_DEBUG_PRINT=0 -DENABLE_MEASURE_EXE_TIME=0 -DENABLE_MERGE_BACK_PLAN=0 -DENABLE_PARALLEL_EXECUTION=0 -DENABLE_QUERY_SPLIT=0 -DENABLE_SPECIFY_EST_STAT=0 -I/home/pei/Project/duckdb-polr/src/include -I/home/pei/Project/duckdb-polr/third_party/fsst -I/home/pei/Project/duckdb-polr/third_party/fmt/include -I/home/pei/Project/duckdb-polr/third_party/hyperloglog -I/home/pei/Project/duckdb-polr/third_party/fastpforlib -I/home/pei/Project/duckdb-polr/third_party/fast_float -I/home/pei/Project/duckdb-polr/third_party/re2 -I/home/pei/Project/duckdb-polr/third_party/miniz -I/home/pei/Project/duckdb-polr/third_party/utf8proc/include -I/home/pei/Project/duckdb-polr/third_party/miniparquet -I/home/pei/Project/duckdb-polr/third_party/concurrentqueue -I/home/pei/Project/duckdb-polr/third_party/pcg -I/home/pei/Project/duckdb-polr/third_party/tdigest -I/home/pei/Project/duckdb-polr/third_party/mbedtls/include -I/home/pei/Project/duckdb-polr/third_party/jaro_winkler -O3 -DNDEBUG -O3 -DNDEBUG   -fPIC -fvisibility=hidden -fdiagnostics-color=always -std=c++11 -MD -MT third_party/mbedtls/CMakeFiles/duckdb_mbedtls.dir/library/platform_util.cpp.o -MF third_party/mbedtls/CMakeFiles/duckdb_mbedtls.dir/library/platform_util.cpp.o.d -o third_party/mbedtls/CMakeFiles/duckdb_mbedtls.dir/library/platform_util.cpp.o -c /home/pei/Project/duckdb-polr/third_party/mbedtls/library/platform_util.cpp
[344/376] /usr/bin/ccache /usr/lib/ccache/c++ -DDUCKDB_BUILD_LIBRARY -DENABLE_CROSS_PRODUCT_REWRITE=0 -DENABLE_DEBUG_PRINT=0 -DENABLE_MEASURE_EXE_TIME=0 -DENABLE_MERGE_BACK_PLAN=0 -DENABLE_PARALLEL_EXECUTION=0 -DENABLE_QUERY_SPLIT=0 -DENABLE_SPECIFY_EST_STAT=0 -I/home/pei/Project/duckdb-polr/src/include -I/home/pei/Project/duckdb-polr/third_party/fsst -I/home/pei/Project/duckdb-polr/third_party/fmt/include -I/home/pei/Project/duckdb-polr/third_party/hyperloglog -I/home/pei/Project/duckdb-polr/third_party/fastpforlib -I/home/pei/Project/duckdb-polr/third_party/fast_float -I/home/pei/Project/duckdb-polr/third_party/re2 -I/home/pei/Project/duckdb-polr/third_party/miniz -I/home/pei/Project/duckdb-polr/third_party/utf8proc/include -I/home/pei/Project/duckdb-polr/third_party/miniparquet -I/home/pei/Project/duckdb-polr/third_party/concurrentqueue -I/home/pei/Project/duckdb-polr/third_party/pcg -I/home/pei/Project/duckdb-polr/third_party/tdigest -I/home/pei/Project/duckdb-polr/third_party/mbedtls/include -I/home/pei/Project/duckdb-polr/third_party/jaro_winkler -I/home/pei/Project/duckdb-polr/third_party/libpg_query/include -O3 -DNDEBUG -O3 -DNDEBUG   -fPIC -fvisibility=hidden -fdiagnostics-color=always -w -std=c++11 -MD -MT third_party/libpg_query/CMakeFiles/duckdb_pg_query.dir/src_backend_parser_parser.cpp.o -MF third_party/libpg_query/CMakeFiles/duckdb_pg_query.dir/src_backend_parser_parser.cpp.o.d -o third_party/libpg_query/CMakeFiles/duckdb_pg_query.dir/src_backend_parser_parser.cpp.o -c /home/pei/Project/duckdb-polr/third_party/libpg_query/src_backend_parser_parser.cpp
[345/376] : && /usr/bin/cmake -E rm -f third_party/hyperloglog/libduckdb_hyperloglog.a && /usr/bin/ar qc third_party/hyperloglog/libduckdb_hyperloglog.a  third_party/hyperloglog/CMakeFiles/duckdb_hyperloglog.dir/hyperloglog.cpp.o third_party/hyperloglog/CMakeFiles/duckdb_hyperloglog.dir/sds.cpp.o && /usr/bin/ranlib third_party/hyperloglog/libduckdb_hyperloglog.a && :
[346/376] /usr/bin/ccache /usr/lib/ccache/c++ -DDUCKDB_BUILD_LIBRARY -DENABLE_CROSS_PRODUCT_REWRITE=0 -DENABLE_DEBUG_PRINT=0 -DENABLE_MEASURE_EXE_TIME=0 -DENABLE_MERGE_BACK_PLAN=0 -DENABLE_PARALLEL_EXECUTION=0 -DENABLE_QUERY_SPLIT=0 -DENABLE_SPECIFY_EST_STAT=0 -I/home/pei/Project/duckdb-polr/src/include -I/home/pei/Project/duckdb-polr/third_party/fsst -I/home/pei/Project/duckdb-polr/third_party/fmt/include -I/home/pei/Project/duckdb-polr/third_party/hyperloglog -I/home/pei/Project/duckdb-polr/third_party/fastpforlib -I/home/pei/Project/duckdb-polr/third_party/fast_float -I/home/pei/Project/duckdb-polr/third_party/re2 -I/home/pei/Project/duckdb-polr/third_party/miniz -I/home/pei/Project/duckdb-polr/third_party/utf8proc/include -I/home/pei/Project/duckdb-polr/third_party/miniparquet -I/home/pei/Project/duckdb-polr/third_party/concurrentqueue -I/home/pei/Project/duckdb-polr/third_party/pcg -I/home/pei/Project/duckdb-polr/third_party/tdigest -I/home/pei/Project/duckdb-polr/third_party/mbedtls/include -I/home/pei/Project/duckdb-polr/third_party/jaro_winkler -O3 -DNDEBUG -O3 -DNDEBUG   -fPIC -fvisibility=hidden -fdiagnostics-color=always -std=c++11 -MD -MT third_party/mbedtls/CMakeFiles/duckdb_mbedtls.dir/library/base64.cpp.o -MF third_party/mbedtls/CMakeFiles/duckdb_mbedtls.dir/library/base64.cpp.o.d -o third_party/mbedtls/CMakeFiles/duckdb_mbedtls.dir/library/base64.cpp.o -c /home/pei/Project/duckdb-polr/third_party/mbedtls/library/base64.cpp
[347/376] /usr/bin/ccache /usr/lib/ccache/c++ -DDUCKDB_BUILD_LIBRARY -DENABLE_CROSS_PRODUCT_REWRITE=0 -DENABLE_DEBUG_PRINT=0 -DENABLE_MEASURE_EXE_TIME=0 -DENABLE_MERGE_BACK_PLAN=0 -DENABLE_PARALLEL_EXECUTION=0 -DENABLE_QUERY_SPLIT=0 -DENABLE_SPECIFY_EST_STAT=0 -I/home/pei/Project/duckdb-polr/src/include -I/home/pei/Project/duckdb-polr/third_party/fsst -I/home/pei/Project/duckdb-polr/third_party/fmt/include -I/home/pei/Project/duckdb-polr/third_party/hyperloglog -I/home/pei/Project/duckdb-polr/third_party/fastpforlib -I/home/pei/Project/duckdb-polr/third_party/fast_float -I/home/pei/Project/duckdb-polr/third_party/re2 -I/home/pei/Project/duckdb-polr/third_party/miniz -I/home/pei/Project/duckdb-polr/third_party/utf8proc/include -I/home/pei/Project/duckdb-polr/third_party/miniparquet -I/home/pei/Project/duckdb-polr/third_party/concurrentqueue -I/home/pei/Project/duckdb-polr/third_party/pcg -I/home/pei/Project/duckdb-polr/third_party/tdigest -I/home/pei/Project/duckdb-polr/third_party/mbedtls/include -I/home/pei/Project/duckdb-polr/third_party/jaro_winkler -O3 -DNDEBUG -O3 -DNDEBUG   -fPIC -fvisibility=hidden -fdiagnostics-color=always -std=c++11 -MD -MT third_party/mbedtls/CMakeFiles/duckdb_mbedtls.dir/library/pk.cpp.o -MF third_party/mbedtls/CMakeFiles/duckdb_mbedtls.dir/library/pk.cpp.o.d -o third_party/mbedtls/CMakeFiles/duckdb_mbedtls.dir/library/pk.cpp.o -c /home/pei/Project/duckdb-polr/third_party/mbedtls/library/pk.cpp
[348/376] /usr/bin/ccache /usr/lib/ccache/c++ -DDUCKDB_BUILD_LIBRARY -DENABLE_CROSS_PRODUCT_REWRITE=0 -DENABLE_DEBUG_PRINT=0 -DENABLE_MEASURE_EXE_TIME=0 -DENABLE_MERGE_BACK_PLAN=0 -DENABLE_PARALLEL_EXECUTION=0 -DENABLE_QUERY_SPLIT=0 -DENABLE_SPECIFY_EST_STAT=0 -I/home/pei/Project/duckdb-polr/src/include -I/home/pei/Project/duckdb-polr/third_party/fsst -I/home/pei/Project/duckdb-polr/third_party/fmt/include -I/home/pei/Project/duckdb-polr/third_party/hyperloglog -I/home/pei/Project/duckdb-polr/third_party/fastpforlib -I/home/pei/Project/duckdb-polr/third_party/fast_float -I/home/pei/Project/duckdb-polr/third_party/re2 -I/home/pei/Project/duckdb-polr/third_party/miniz -I/home/pei/Project/duckdb-polr/third_party/utf8proc/include -I/home/pei/Project/duckdb-polr/third_party/miniparquet -I/home/pei/Project/duckdb-polr/third_party/concurrentqueue -I/home/pei/Project/duckdb-polr/third_party/pcg -I/home/pei/Project/duckdb-polr/third_party/tdigest -I/home/pei/Project/duckdb-polr/third_party/mbedtls/include -I/home/pei/Project/duckdb-polr/third_party/jaro_winkler -O3 -DNDEBUG -O3 -DNDEBUG   -fPIC -fvisibility=hidden -fdiagnostics-color=always -std=c++11 -MD -MT third_party/mbedtls/CMakeFiles/duckdb_mbedtls.dir/library/asn1parse.cpp.o -MF third_party/mbedtls/CMakeFiles/duckdb_mbedtls.dir/library/asn1parse.cpp.o.d -o third_party/mbedtls/CMakeFiles/duckdb_mbedtls.dir/library/asn1parse.cpp.o -c /home/pei/Project/duckdb-polr/third_party/mbedtls/library/asn1parse.cpp
[349/376] /usr/bin/ccache /usr/lib/ccache/c++ -DDUCKDB_BUILD_LIBRARY -DENABLE_CROSS_PRODUCT_REWRITE=0 -DENABLE_DEBUG_PRINT=0 -DENABLE_MEASURE_EXE_TIME=0 -DENABLE_MERGE_BACK_PLAN=0 -DENABLE_PARALLEL_EXECUTION=0 -DENABLE_QUERY_SPLIT=0 -DENABLE_SPECIFY_EST_STAT=0 -I/home/pei/Project/duckdb-polr/src/include -I/home/pei/Project/duckdb-polr/third_party/fsst -I/home/pei/Project/duckdb-polr/third_party/fmt/include -I/home/pei/Project/duckdb-polr/third_party/hyperloglog -I/home/pei/Project/duckdb-polr/third_party/fastpforlib -I/home/pei/Project/duckdb-polr/third_party/fast_float -I/home/pei/Project/duckdb-polr/third_party/re2 -I/home/pei/Project/duckdb-polr/third_party/miniz -I/home/pei/Project/duckdb-polr/third_party/utf8proc/include -I/home/pei/Project/duckdb-polr/third_party/miniparquet -I/home/pei/Project/duckdb-polr/third_party/concurrentqueue -I/home/pei/Project/duckdb-polr/third_party/pcg -I/home/pei/Project/duckdb-polr/third_party/tdigest -I/home/pei/Project/duckdb-polr/third_party/mbedtls/include -I/home/pei/Project/duckdb-polr/third_party/jaro_winkler -O3 -DNDEBUG -O3 -DNDEBUG   -fPIC -fvisibility=hidden -fdiagnostics-color=always -std=c++11 -MD -MT third_party/mbedtls/CMakeFiles/duckdb_mbedtls.dir/library/pkparse.cpp.o -MF third_party/mbedtls/CMakeFiles/duckdb_mbedtls.dir/library/pkparse.cpp.o.d -o third_party/mbedtls/CMakeFiles/duckdb_mbedtls.dir/library/pkparse.cpp.o -c /home/pei/Project/duckdb-polr/third_party/mbedtls/library/pkparse.cpp
[350/376] /usr/bin/ccache /usr/lib/ccache/c++ -DDUCKDB_BUILD_LIBRARY -DENABLE_CROSS_PRODUCT_REWRITE=0 -DENABLE_DEBUG_PRINT=0 -DENABLE_MEASURE_EXE_TIME=0 -DENABLE_MERGE_BACK_PLAN=0 -DENABLE_PARALLEL_EXECUTION=0 -DENABLE_QUERY_SPLIT=0 -DENABLE_SPECIFY_EST_STAT=0 -I/home/pei/Project/duckdb-polr/src/include -I/home/pei/Project/duckdb-polr/third_party/fsst -I/home/pei/Project/duckdb-polr/third_party/fmt/include -I/home/pei/Project/duckdb-polr/third_party/hyperloglog -I/home/pei/Project/duckdb-polr/third_party/fastpforlib -I/home/pei/Project/duckdb-polr/third_party/fast_float -I/home/pei/Project/duckdb-polr/third_party/re2 -I/home/pei/Project/duckdb-polr/third_party/miniz -I/home/pei/Project/duckdb-polr/third_party/utf8proc/include -I/home/pei/Project/duckdb-polr/third_party/miniparquet -I/home/pei/Project/duckdb-polr/third_party/concurrentqueue -I/home/pei/Project/duckdb-polr/third_party/pcg -I/home/pei/Project/duckdb-polr/third_party/tdigest -I/home/pei/Project/duckdb-polr/third_party/mbedtls/include -I/home/pei/Project/duckdb-polr/third_party/jaro_winkler -O3 -DNDEBUG -O3 -DNDEBUG   -fPIC -fvisibility=hidden -fdiagnostics-color=always -std=c++11 -MD -MT third_party/mbedtls/CMakeFiles/duckdb_mbedtls.dir/library/pem.cpp.o -MF third_party/mbedtls/CMakeFiles/duckdb_mbedtls.dir/library/pem.cpp.o.d -o third_party/mbedtls/CMakeFiles/duckdb_mbedtls.dir/library/pem.cpp.o -c /home/pei/Project/duckdb-polr/third_party/mbedtls/library/pem.cpp
[351/376] /usr/bin/ccache /usr/lib/ccache/c++ -DDUCKDB_BUILD_LIBRARY -DENABLE_CROSS_PRODUCT_REWRITE=0 -DENABLE_DEBUG_PRINT=0 -DENABLE_MEASURE_EXE_TIME=0 -DENABLE_MERGE_BACK_PLAN=0 -DENABLE_PARALLEL_EXECUTION=0 -DENABLE_QUERY_SPLIT=0 -DENABLE_SPECIFY_EST_STAT=0 -I/home/pei/Project/duckdb-polr/src/include -I/home/pei/Project/duckdb-polr/third_party/fsst -I/home/pei/Project/duckdb-polr/third_party/fmt/include -I/home/pei/Project/duckdb-polr/third_party/hyperloglog -I/home/pei/Project/duckdb-polr/third_party/fastpforlib -I/home/pei/Project/duckdb-polr/third_party/fast_float -I/home/pei/Project/duckdb-polr/third_party/re2 -I/home/pei/Project/duckdb-polr/third_party/miniz -I/home/pei/Project/duckdb-polr/third_party/utf8proc/include -I/home/pei/Project/duckdb-polr/third_party/miniparquet -I/home/pei/Project/duckdb-polr/third_party/concurrentqueue -I/home/pei/Project/duckdb-polr/third_party/pcg -I/home/pei/Project/duckdb-polr/third_party/tdigest -I/home/pei/Project/duckdb-polr/third_party/mbedtls/include -I/home/pei/Project/duckdb-polr/third_party/jaro_winkler -O3 -DNDEBUG -O3 -DNDEBUG   -fPIC -fvisibility=hidden -fdiagnostics-color=always -std=c++11 -MD -MT third_party/mbedtls/CMakeFiles/duckdb_mbedtls.dir/library/pk_wrap.cpp.o -MF third_party/mbedtls/CMakeFiles/duckdb_mbedtls.dir/library/pk_wrap.cpp.o.d -o third_party/mbedtls/CMakeFiles/duckdb_mbedtls.dir/library/pk_wrap.cpp.o -c /home/pei/Project/duckdb-polr/third_party/mbedtls/library/pk_wrap.cpp
[352/376] : && /usr/bin/cmake -E rm -f third_party/fastpforlib/libduckdb_fastpforlib.a && /usr/bin/ar qc third_party/fastpforlib/libduckdb_fastpforlib.a  third_party/fastpforlib/CMakeFiles/duckdb_fastpforlib.dir/bitpacking.cpp.o && /usr/bin/ranlib third_party/fastpforlib/libduckdb_fastpforlib.a && :
[353/376] /usr/bin/ccache /usr/lib/ccache/c++ -DDUCKDB_BUILD_LIBRARY -DENABLE_CROSS_PRODUCT_REWRITE=0 -DENABLE_DEBUG_PRINT=0 -DENABLE_MEASURE_EXE_TIME=0 -DENABLE_MERGE_BACK_PLAN=0 -DENABLE_PARALLEL_EXECUTION=0 -DENABLE_QUERY_SPLIT=0 -DENABLE_SPECIFY_EST_STAT=0 -I/home/pei/Project/duckdb-polr/src/include -I/home/pei/Project/duckdb-polr/third_party/fsst -I/home/pei/Project/duckdb-polr/third_party/fmt/include -I/home/pei/Project/duckdb-polr/third_party/hyperloglog -I/home/pei/Project/duckdb-polr/third_party/fastpforlib -I/home/pei/Project/duckdb-polr/third_party/fast_float -I/home/pei/Project/duckdb-polr/third_party/re2 -I/home/pei/Project/duckdb-polr/third_party/miniz -I/home/pei/Project/duckdb-polr/third_party/utf8proc/include -I/home/pei/Project/duckdb-polr/third_party/miniparquet -I/home/pei/Project/duckdb-polr/third_party/concurrentqueue -I/home/pei/Project/duckdb-polr/third_party/pcg -I/home/pei/Project/duckdb-polr/third_party/tdigest -I/home/pei/Project/duckdb-polr/third_party/mbedtls/include -I/home/pei/Project/duckdb-polr/third_party/jaro_winkler -O3 -DNDEBUG -O3 -DNDEBUG   -fPIC -fvisibility=hidden -fdiagnostics-color=always -w -std=c++11 -O1 -MD -MT third_party/fsst/CMakeFiles/duckdb_fsst.dir/fsst_avx512.cpp.o -MF third_party/fsst/CMakeFiles/duckdb_fsst.dir/fsst_avx512.cpp.o.d -o third_party/fsst/CMakeFiles/duckdb_fsst.dir/fsst_avx512.cpp.o -c /home/pei/Project/duckdb-polr/third_party/fsst/fsst_avx512.cpp
[354/376] /usr/bin/ccache /usr/lib/ccache/c++ -DDUCKDB_BUILD_LIBRARY -DENABLE_CROSS_PRODUCT_REWRITE=0 -DENABLE_DEBUG_PRINT=0 -DENABLE_MEASURE_EXE_TIME=0 -DENABLE_MERGE_BACK_PLAN=0 -DENABLE_PARALLEL_EXECUTION=0 -DENABLE_QUERY_SPLIT=0 -DENABLE_SPECIFY_EST_STAT=0 -I/home/pei/Project/duckdb-polr/src/include -I/home/pei/Project/duckdb-polr/third_party/fsst -I/home/pei/Project/duckdb-polr/third_party/fmt/include -I/home/pei/Project/duckdb-polr/third_party/hyperloglog -I/home/pei/Project/duckdb-polr/third_party/fastpforlib -I/home/pei/Project/duckdb-polr/third_party/fast_float -I/home/pei/Project/duckdb-polr/third_party/re2 -I/home/pei/Project/duckdb-polr/third_party/miniz -I/home/pei/Project/duckdb-polr/third_party/utf8proc/include -I/home/pei/Project/duckdb-polr/third_party/miniparquet -I/home/pei/Project/duckdb-polr/third_party/concurrentqueue -I/home/pei/Project/duckdb-polr/third_party/pcg -I/home/pei/Project/duckdb-polr/third_party/tdigest -I/home/pei/Project/duckdb-polr/third_party/mbedtls/include -I/home/pei/Project/duckdb-polr/third_party/jaro_winkler -O3 -DNDEBUG -O3 -DNDEBUG   -fPIC -fvisibility=hidden -fdiagnostics-color=always -w -std=c++11 -MD -MT third_party/fsst/CMakeFiles/duckdb_fsst.dir/libfsst.cpp.o -MF third_party/fsst/CMakeFiles/duckdb_fsst.dir/libfsst.cpp.o.d -o third_party/fsst/CMakeFiles/duckdb_fsst.dir/libfsst.cpp.o -c /home/pei/Project/duckdb-polr/third_party/fsst/libfsst.cpp
[355/376] /usr/bin/ccache /usr/lib/ccache/c++ -DDUCKDB_BUILD_LIBRARY -DENABLE_CROSS_PRODUCT_REWRITE=0 -DENABLE_DEBUG_PRINT=0 -DENABLE_MEASURE_EXE_TIME=0 -DENABLE_MERGE_BACK_PLAN=0 -DENABLE_PARALLEL_EXECUTION=0 -DENABLE_QUERY_SPLIT=0 -DENABLE_SPECIFY_EST_STAT=0 -I/home/pei/Project/duckdb-polr/src/include -I/home/pei/Project/duckdb-polr/third_party/fsst -I/home/pei/Project/duckdb-polr/third_party/fmt/include -I/home/pei/Project/duckdb-polr/third_party/hyperloglog -I/home/pei/Project/duckdb-polr/third_party/fastpforlib -I/home/pei/Project/duckdb-polr/third_party/fast_float -I/home/pei/Project/duckdb-polr/third_party/re2 -I/home/pei/Project/duckdb-polr/third_party/miniz -I/home/pei/Project/duckdb-polr/third_party/utf8proc/include -I/home/pei/Project/duckdb-polr/third_party/miniparquet -I/home/pei/Project/duckdb-polr/third_party/concurrentqueue -I/home/pei/Project/duckdb-polr/third_party/pcg -I/home/pei/Project/duckdb-polr/third_party/tdigest -I/home/pei/Project/duckdb-polr/third_party/mbedtls/include -I/home/pei/Project/duckdb-polr/third_party/jaro_winkler -I/home/pei/Project/duckdb-polr/third_party/libpg_query/include -O3 -DNDEBUG -O3 -DNDEBUG   -fPIC -fvisibility=hidden -fdiagnostics-color=always -w -std=c++11 -MD -MT third_party/libpg_query/CMakeFiles/duckdb_pg_query.dir/src_backend_parser_scan.cpp.o -MF third_party/libpg_query/CMakeFiles/duckdb_pg_query.dir/src_backend_parser_scan.cpp.o.d -o third_party/libpg_query/CMakeFiles/duckdb_pg_query.dir/src_backend_parser_scan.cpp.o -c /home/pei/Project/duckdb-polr/third_party/libpg_query/src_backend_parser_scan.cpp
[356/376] /usr/bin/ccache /usr/lib/ccache/c++ -DDUCKDB_BUILD_LIBRARY -DENABLE_CROSS_PRODUCT_REWRITE=0 -DENABLE_DEBUG_PRINT=0 -DENABLE_MEASURE_EXE_TIME=0 -DENABLE_MERGE_BACK_PLAN=0 -DENABLE_PARALLEL_EXECUTION=0 -DENABLE_QUERY_SPLIT=0 -DENABLE_SPECIFY_EST_STAT=0 -I/home/pei/Project/duckdb-polr/src/include -I/home/pei/Project/duckdb-polr/third_party/fsst -I/home/pei/Project/duckdb-polr/third_party/fmt/include -I/home/pei/Project/duckdb-polr/third_party/hyperloglog -I/home/pei/Project/duckdb-polr/third_party/fastpforlib -I/home/pei/Project/duckdb-polr/third_party/fast_float -I/home/pei/Project/duckdb-polr/third_party/re2 -I/home/pei/Project/duckdb-polr/third_party/miniz -I/home/pei/Project/duckdb-polr/third_party/utf8proc/include -I/home/pei/Project/duckdb-polr/third_party/miniparquet -I/home/pei/Project/duckdb-polr/third_party/concurrentqueue -I/home/pei/Project/duckdb-polr/third_party/pcg -I/home/pei/Project/duckdb-polr/third_party/tdigest -I/home/pei/Project/duckdb-polr/third_party/mbedtls/include -I/home/pei/Project/duckdb-polr/third_party/jaro_winkler -I/home/pei/Project/duckdb-polr/third_party/imdb/include -O3 -DNDEBUG -O3 -DNDEBUG   -fPIC -fdiagnostics-color=always -w -std=c++11 -MD -MT third_party/imdb/CMakeFiles/imdb.dir/imdb.cpp.o -MF third_party/imdb/CMakeFiles/imdb.dir/imdb.cpp.o.d -o third_party/imdb/CMakeFiles/imdb.dir/imdb.cpp.o -c /home/pei/Project/duckdb-polr/third_party/imdb/imdb.cpp
[357/376] : && /usr/bin/cmake -E rm -f third_party/utf8proc/libduckdb_utf8proc.a && /usr/bin/ar qc third_party/utf8proc/libduckdb_utf8proc.a  third_party/utf8proc/CMakeFiles/duckdb_utf8proc.dir/utf8proc.cpp.o third_party/utf8proc/CMakeFiles/duckdb_utf8proc.dir/utf8proc_wrapper.cpp.o && /usr/bin/ranlib third_party/utf8proc/libduckdb_utf8proc.a && :
[358/376] /usr/bin/ccache /usr/lib/ccache/cc -DDUCKDB_BUILD_LIBRARY -DENABLE_CROSS_PRODUCT_REWRITE=0 -DENABLE_DEBUG_PRINT=0 -DENABLE_MEASURE_EXE_TIME=0 -DENABLE_MERGE_BACK_PLAN=0 -DENABLE_PARALLEL_EXECUTION=0 -DENABLE_QUERY_SPLIT=0 -DENABLE_SPECIFY_EST_STAT=0 -I/home/pei/Project/duckdb-polr/src/include -I/home/pei/Project/duckdb-polr/third_party/fsst -I/home/pei/Project/duckdb-polr/third_party/fmt/include -I/home/pei/Project/duckdb-polr/third_party/hyperloglog -I/home/pei/Project/duckdb-polr/third_party/fastpforlib -I/home/pei/Project/duckdb-polr/third_party/fast_float -I/home/pei/Project/duckdb-polr/third_party/re2 -I/home/pei/Project/duckdb-polr/third_party/miniz -I/home/pei/Project/duckdb-polr/third_party/utf8proc/include -I/home/pei/Project/duckdb-polr/third_party/miniparquet -I/home/pei/Project/duckdb-polr/third_party/concurrentqueue -I/home/pei/Project/duckdb-polr/third_party/pcg -I/home/pei/Project/duckdb-polr/third_party/tdigest -I/home/pei/Project/duckdb-polr/third_party/mbedtls/include -I/home/pei/Project/duckdb-polr/third_party/jaro_winkler -I/home/pei/Project/duckdb-polr/third_party/sqlite/include -O3 -DNDEBUG -O3 -DNDEBUG   -fPIC -fvisibility=hidden -fdiagnostics-color=always -MD -MT third_party/sqlite/CMakeFiles/duckdb_sqlite3.dir/sqlite3.c.o -MF third_party/sqlite/CMakeFiles/duckdb_sqlite3.dir/sqlite3.c.o.d -o third_party/sqlite/CMakeFiles/duckdb_sqlite3.dir/sqlite3.c.o -c /home/pei/Project/duckdb-polr/third_party/sqlite/sqlite3.c
[359/376] : && /usr/bin/cmake -E rm -f third_party/fsst/libduckdb_fsst.a && /usr/bin/ar qc third_party/fsst/libduckdb_fsst.a  third_party/fsst/CMakeFiles/duckdb_fsst.dir/libfsst.cpp.o third_party/fsst/CMakeFiles/duckdb_fsst.dir/fsst_avx512.cpp.o && /usr/bin/ranlib third_party/fsst/libduckdb_fsst.a && :
[360/376] /usr/bin/ccache /usr/lib/ccache/c++ -DDUCKDB_BUILD_LIBRARY -DENABLE_CROSS_PRODUCT_REWRITE=0 -DENABLE_DEBUG_PRINT=0 -DENABLE_MEASURE_EXE_TIME=0 -DENABLE_MERGE_BACK_PLAN=0 -DENABLE_PARALLEL_EXECUTION=0 -DENABLE_QUERY_SPLIT=0 -DENABLE_SPECIFY_EST_STAT=0 -I/home/pei/Project/duckdb-polr/src/include -I/home/pei/Project/duckdb-polr/third_party/fsst -I/home/pei/Project/duckdb-polr/third_party/fmt/include -I/home/pei/Project/duckdb-polr/third_party/hyperloglog -I/home/pei/Project/duckdb-polr/third_party/fastpforlib -I/home/pei/Project/duckdb-polr/third_party/fast_float -I/home/pei/Project/duckdb-polr/third_party/re2 -I/home/pei/Project/duckdb-polr/third_party/miniz -I/home/pei/Project/duckdb-polr/third_party/utf8proc/include -I/home/pei/Project/duckdb-polr/third_party/miniparquet -I/home/pei/Project/duckdb-polr/third_party/concurrentqueue -I/home/pei/Project/duckdb-polr/third_party/pcg -I/home/pei/Project/duckdb-polr/third_party/tdigest -I/home/pei/Project/duckdb-polr/third_party/mbedtls/include -I/home/pei/Project/duckdb-polr/third_party/jaro_winkler -I/home/pei/Project/duckdb-polr/third_party/libpg_query/include -O3 -DNDEBUG -O3 -DNDEBUG   -fPIC -fvisibility=hidden -fdiagnostics-color=always -w -std=c++11 -MD -MT third_party/libpg_query/CMakeFiles/duckdb_pg_query.dir/src_common_keywords.cpp.o -MF third_party/libpg_query/CMakeFiles/duckdb_pg_query.dir/src_common_keywords.cpp.o.d -o third_party/libpg_query/CMakeFiles/duckdb_pg_query.dir/src_common_keywords.cpp.o -c /home/pei/Project/duckdb-polr/third_party/libpg_query/src_common_keywords.cpp
[361/376] : && /usr/bin/cmake -E rm -f third_party/mbedtls/libduckdb_mbedtls.a && /usr/bin/ar qc third_party/mbedtls/libduckdb_mbedtls.a  third_party/mbedtls/CMakeFiles/duckdb_mbedtls.dir/mbedtls_wrapper.cpp.o third_party/mbedtls/CMakeFiles/duckdb_mbedtls.dir/library/sha256.cpp.o third_party/mbedtls/CMakeFiles/duckdb_mbedtls.dir/library/rsa.cpp.o third_party/mbedtls/CMakeFiles/duckdb_mbedtls.dir/library/rsa_alt_helpers.cpp.o third_party/mbedtls/CMakeFiles/duckdb_mbedtls.dir/library/md.cpp.o third_party/mbedtls/CMakeFiles/duckdb_mbedtls.dir/library/bignum.cpp.o third_party/mbedtls/CMakeFiles/duckdb_mbedtls.dir/library/oid.cpp.o third_party/mbedtls/CMakeFiles/duckdb_mbedtls.dir/library/constant_time.cpp.o third_party/mbedtls/CMakeFiles/duckdb_mbedtls.dir/library/platform_util.cpp.o third_party/mbedtls/CMakeFiles/duckdb_mbedtls.dir/library/base64.cpp.o third_party/mbedtls/CMakeFiles/duckdb_mbedtls.dir/library/pkparse.cpp.o third_party/mbedtls/CMakeFiles/duckdb_mbedtls.dir/library/pk.cpp.o third_party/mbedtls/CMakeFiles/duckdb_mbedtls.dir/library/pk_wrap.cpp.o third_party/mbedtls/CMakeFiles/duckdb_mbedtls.dir/library/asn1parse.cpp.o third_party/mbedtls/CMakeFiles/duckdb_mbedtls.dir/library/pem.cpp.o && /usr/bin/ranlib third_party/mbedtls/libduckdb_mbedtls.a && :
[362/376] : && /usr/bin/cmake -E rm -f third_party/imdb/libimdb.a && /usr/bin/ar qc third_party/imdb/libimdb.a  third_party/imdb/CMakeFiles/imdb.dir/imdb.cpp.o && /usr/bin/ranlib third_party/imdb/libimdb.a && :
[363/376] : && /usr/bin/cmake -E rm -f third_party/sqlite/libduckdb_sqlite3.a && /usr/bin/ar qc third_party/sqlite/libduckdb_sqlite3.a  third_party/sqlite/CMakeFiles/duckdb_sqlite3.dir/sqlite3.c.o && /usr/bin/ranlib third_party/sqlite/libduckdb_sqlite3.a && :
[364/376] /usr/bin/ccache /usr/lib/ccache/c++ -DDUCKDB_BUILD_LIBRARY -DENABLE_CROSS_PRODUCT_REWRITE=0 -DENABLE_DEBUG_PRINT=0 -DENABLE_MEASURE_EXE_TIME=0 -DENABLE_MERGE_BACK_PLAN=0 -DENABLE_PARALLEL_EXECUTION=0 -DENABLE_QUERY_SPLIT=0 -DENABLE_SPECIFY_EST_STAT=0 -I/home/pei/Project/duckdb-polr/src/include -I/home/pei/Project/duckdb-polr/third_party/fsst -I/home/pei/Project/duckdb-polr/third_party/fmt/include -I/home/pei/Project/duckdb-polr/third_party/hyperloglog -I/home/pei/Project/duckdb-polr/third_party/fastpforlib -I/home/pei/Project/duckdb-polr/third_party/fast_float -I/home/pei/Project/duckdb-polr/third_party/re2 -I/home/pei/Project/duckdb-polr/third_party/miniz -I/home/pei/Project/duckdb-polr/third_party/utf8proc/include -I/home/pei/Project/duckdb-polr/third_party/miniparquet -I/home/pei/Project/duckdb-polr/third_party/concurrentqueue -I/home/pei/Project/duckdb-polr/third_party/pcg -I/home/pei/Project/duckdb-polr/third_party/tdigest -I/home/pei/Project/duckdb-polr/third_party/mbedtls/include -I/home/pei/Project/duckdb-polr/third_party/jaro_winkler -I/home/pei/Project/duckdb-polr/third_party/libpg_query/include -O3 -DNDEBUG -O3 -DNDEBUG   -fPIC -fvisibility=hidden -fdiagnostics-color=always -w -std=c++11 -MD -MT third_party/libpg_query/CMakeFiles/duckdb_pg_query.dir/src_backend_parser_gram.cpp.o -MF third_party/libpg_query/CMakeFiles/duckdb_pg_query.dir/src_backend_parser_gram.cpp.o.d -o third_party/libpg_query/CMakeFiles/duckdb_pg_query.dir/src_backend_parser_gram.cpp.o -c /home/pei/Project/duckdb-polr/third_party/libpg_query/src_backend_parser_gram.cpp
[365/376] : && /usr/bin/cmake -E rm -f third_party/re2/libduckdb_re2.a && /usr/bin/ar qc third_party/re2/libduckdb_re2.a  third_party/re2/CMakeFiles/duckdb_re2.dir/re2/bitstate.cc.o third_party/re2/CMakeFiles/duckdb_re2.dir/re2/compile.cc.o third_party/re2/CMakeFiles/duckdb_re2.dir/re2/dfa.cc.o third_party/re2/CMakeFiles/duckdb_re2.dir/re2/filtered_re2.cc.o third_party/re2/CMakeFiles/duckdb_re2.dir/re2/mimics_pcre.cc.o third_party/re2/CMakeFiles/duckdb_re2.dir/re2/nfa.cc.o third_party/re2/CMakeFiles/duckdb_re2.dir/re2/onepass.cc.o third_party/re2/CMakeFiles/duckdb_re2.dir/re2/parse.cc.o third_party/re2/CMakeFiles/duckdb_re2.dir/re2/perl_groups.cc.o third_party/re2/CMakeFiles/duckdb_re2.dir/re2/prefilter.cc.o third_party/re2/CMakeFiles/duckdb_re2.dir/re2/prefilter_tree.cc.o third_party/re2/CMakeFiles/duckdb_re2.dir/re2/prog.cc.o third_party/re2/CMakeFiles/duckdb_re2.dir/re2/re2.cc.o third_party/re2/CMakeFiles/duckdb_re2.dir/re2/regexp.cc.o third_party/re2/CMakeFiles/duckdb_re2.dir/re2/set.cc.o third_party/re2/CMakeFiles/duckdb_re2.dir/re2/simplify.cc.o third_party/re2/CMakeFiles/duckdb_re2.dir/re2/stringpiece.cc.o third_party/re2/CMakeFiles/duckdb_re2.dir/re2/tostring.cc.o third_party/re2/CMakeFiles/duckdb_re2.dir/re2/unicode_casefold.cc.o third_party/re2/CMakeFiles/duckdb_re2.dir/re2/unicode_groups.cc.o third_party/re2/CMakeFiles/duckdb_re2.dir/util/rune.cc.o third_party/re2/CMakeFiles/duckdb_re2.dir/util/strutil.cc.o && /usr/bin/ranlib third_party/re2/libduckdb_re2.a && :
[366/376] : && /usr/bin/cmake -E rm -f third_party/libpg_query/libduckdb_pg_query.a && /usr/bin/ar qc third_party/libpg_query/libduckdb_pg_query.a  third_party/libpg_query/CMakeFiles/duckdb_pg_query.dir/postgres_parser.cpp.o third_party/libpg_query/CMakeFiles/duckdb_pg_query.dir/pg_functions.cpp.o third_party/libpg_query/CMakeFiles/duckdb_pg_query.dir/src_backend_parser_parser.cpp.o third_party/libpg_query/CMakeFiles/duckdb_pg_query.dir/src_backend_parser_gram.cpp.o third_party/libpg_query/CMakeFiles/duckdb_pg_query.dir/src_backend_nodes_list.cpp.o third_party/libpg_query/CMakeFiles/duckdb_pg_query.dir/src_backend_parser_scansup.cpp.o third_party/libpg_query/CMakeFiles/duckdb_pg_query.dir/src_backend_nodes_makefuncs.cpp.o third_party/libpg_query/CMakeFiles/duckdb_pg_query.dir/src_backend_nodes_value.cpp.o third_party/libpg_query/CMakeFiles/duckdb_pg_query.dir/src_backend_parser_scan.cpp.o third_party/libpg_query/CMakeFiles/duckdb_pg_query.dir/src_common_keywords.cpp.o && /usr/bin/ranlib third_party/libpg_query/libduckdb_pg_query.a && :
[367/376] /usr/bin/ccache /usr/lib/ccache/c++ -DBUILD_JEMALLOC_EXTENSION=ON -DDUCKDB -DDUCKDB_BUILD_LIBRARY -DDUCKDB_MAIN_LIBRARY -DENABLE_CROSS_PRODUCT_REWRITE=0 -DENABLE_DEBUG_PRINT=0 -DENABLE_MEASURE_EXE_TIME=0 -DENABLE_MERGE_BACK_PLAN=0 -DENABLE_PARALLEL_EXECUTION=0 -DENABLE_QUERY_SPLIT=0 -DENABLE_SPECIFY_EST_STAT=0 -I/home/pei/Project/duckdb-polr/src/include -I/home/pei/Project/duckdb-polr/third_party/fsst -I/home/pei/Project/duckdb-polr/third_party/fmt/include -I/home/pei/Project/duckdb-polr/third_party/hyperloglog -I/home/pei/Project/duckdb-polr/third_party/fastpforlib -I/home/pei/Project/duckdb-polr/third_party/fast_float -I/home/pei/Project/duckdb-polr/third_party/re2 -I/home/pei/Project/duckdb-polr/third_party/miniz -I/home/pei/Project/duckdb-polr/third_party/utf8proc/include -I/home/pei/Project/duckdb-polr/third_party/miniparquet -I/home/pei/Project/duckdb-polr/third_party/concurrentqueue -I/home/pei/Project/duckdb-polr/third_party/pcg -I/home/pei/Project/duckdb-polr/third_party/tdigest -I/home/pei/Project/duckdb-polr/third_party/mbedtls/include -I/home/pei/Project/duckdb-polr/third_party/jaro_winkler -I/home/pei/Project/duckdb-polr/extension/jemalloc/include -O3 -DNDEBUG -O3 -DNDEBUG   -fPIC -fdiagnostics-color=always -std=c++11 -MD -MT src/common/CMakeFiles/duckdb_common.dir/ub_duckdb_common.cpp.o -MF src/common/CMakeFiles/duckdb_common.dir/ub_duckdb_common.cpp.o.d -o src/common/CMakeFiles/duckdb_common.dir/ub_duckdb_common.cpp.o -c /home/pei/Project/duckdb-polr/build/release/src/common/ub_duckdb_common.cpp
ninja: build stopped: interrupted by user.
make: *** [Makefile:217: release] Interrupt
mkdir -p build/release && \
cd build/release && \
cmake -G "Ninja" -DFORCE_COLORED_OUTPUT=1        -DBUILD_PARQUET_EXTENSION=TRUE -DCMAKE_BUILD_TYPE=Release ../.. && \
cmake --build . --config Release
Re-run cmake no build system arguments
-- The C compiler identification is GNU 12.2.0
-- The CXX compiler identification is GNU 12.2.0
-- Detecting C compiler ABI info
-- Detecting C compiler ABI info - done
-- Check for working C compiler: /usr/lib/ccache/cc - skipped
-- Detecting C compile features
-- Detecting C compile features - done
-- Detecting CXX compiler ABI info
-- Detecting CXX compiler ABI info - done
-- Check for working CXX compiler: /usr/lib/ccache/c++ - skipped
-- Detecting CXX compile features
-- Detecting CXX compile features - done
-- Performing Test CMAKE_HAVE_LIBC_PTHREAD
-- Performing Test CMAKE_HAVE_LIBC_PTHREAD - Success
-- Found Threads: TRUE  
-- Found Git: /usr/bin/git (found version "2.39.5") 
fatal: No names found, cannot describe anything.
fatal: No names found, cannot describe anything.
-- git hash cd7a58694b, version v..1-dev
-- Configuring done
-- Generating done
-- Build files have been written to: /home/pei/Project/duckdb-polr/build/release
[1/376] /usr/bin/ccache /usr/lib/ccache/c++ -DDUCKDB -DDUCKDB_BUILD_LIBRARY -DDUCKDB_MAIN_LIBRARY -DENABLE_CROSS_PRODUCT_REWRITE=0 -DENABLE_DEBUG_PRINT=0 -DENABLE_MEASURE_EXE_TIME=0 -DENABLE_MERGE_BACK_PLAN=0 -DENABLE_PARALLEL_EXECUTION=0 -DENABLE_QUERY_SPLIT=0 -DENABLE_SPECIFY_EST_STAT=0 -I/home/pei/Project/duckdb-polr/src/include -I/home/pei/Project/duckdb-polr/third_party/fsst -I/home/pei/Project/duckdb-polr/third_party/fmt/include -I/home/pei/Project/duckdb-polr/third_party/hyperloglog -I/home/pei/Project/duckdb-polr/third_party/fastpforlib -I/home/pei/Project/duckdb-polr/third_party/fast_float -I/home/pei/Project/duckdb-polr/third_party/re2 -I/home/pei/Project/duckdb-polr/third_party/miniz -I/home/pei/Project/duckdb-polr/third_party/utf8proc/include -I/home/pei/Project/duckdb-polr/third_party/miniparquet -I/home/pei/Project/duckdb-polr/third_party/concurrentqueue -I/home/pei/Project/duckdb-polr/third_party/pcg -I/home/pei/Project/duckdb-polr/third_party/tdigest -I/home/pei/Project/duckdb-polr/third_party/mbedtls/include -I/home/pei/Project/duckdb-polr/third_party/jaro_winkler -O3 -DNDEBUG -O3 -DNDEBUG   -fPIC -fdiagnostics-color=always -std=c++11 -MD -MT src/optimizer/matcher/CMakeFiles/duckdb_optimizer_matcher.dir/ub_duckdb_optimizer_matcher.cpp.o -MF src/optimizer/matcher/CMakeFiles/duckdb_optimizer_matcher.dir/ub_duckdb_optimizer_matcher.cpp.o.d -o src/optimizer/matcher/CMakeFiles/duckdb_optimizer_matcher.dir/ub_duckdb_optimizer_matcher.cpp.o -c /home/pei/Project/duckdb-polr/build/release/src/optimizer/matcher/ub_duckdb_optimizer_matcher.cpp
[2/376] /usr/bin/ccache /usr/lib/ccache/c++ -DDUCKDB -DDUCKDB_BUILD_LIBRARY -DDUCKDB_MAIN_LIBRARY -DENABLE_CROSS_PRODUCT_REWRITE=0 -DENABLE_DEBUG_PRINT=0 -DENABLE_MEASURE_EXE_TIME=0 -DENABLE_MERGE_BACK_PLAN=0 -DENABLE_PARALLEL_EXECUTION=0 -DENABLE_QUERY_SPLIT=0 -DENABLE_SPECIFY_EST_STAT=0 -I/home/pei/Project/duckdb-polr/src/include -I/home/pei/Project/duckdb-polr/third_party/fsst -I/home/pei/Project/duckdb-polr/third_party/fmt/include -I/home/pei/Project/duckdb-polr/third_party/hyperloglog -I/home/pei/Project/duckdb-polr/third_party/fastpforlib -I/home/pei/Project/duckdb-polr/third_party/fast_float -I/home/pei/Project/duckdb-polr/third_party/re2 -I/home/pei/Project/duckdb-polr/third_party/miniz -I/home/pei/Project/duckdb-polr/third_party/utf8proc/include -I/home/pei/Project/duckdb-polr/third_party/miniparquet -I/home/pei/Project/duckdb-polr/third_party/concurrentqueue -I/home/pei/Project/duckdb-polr/third_party/pcg -I/home/pei/Project/duckdb-polr/third_party/tdigest -I/home/pei/Project/duckdb-polr/third_party/mbedtls/include -I/home/pei/Project/duckdb-polr/third_party/jaro_winkler -O3 -DNDEBUG -O3 -DNDEBUG   -fPIC -fdiagnostics-color=always -std=c++11 -MD -MT src/optimizer/pullup/CMakeFiles/duckdb_optimizer_pullup.dir/ub_duckdb_optimizer_pullup.cpp.o -MF src/optimizer/pullup/CMakeFiles/duckdb_optimizer_pullup.dir/ub_duckdb_optimizer_pullup.cpp.o.d -o src/optimizer/pullup/CMakeFiles/duckdb_optimizer_pullup.dir/ub_duckdb_optimizer_pullup.cpp.o -c /home/pei/Project/duckdb-polr/build/release/src/optimizer/pullup/ub_duckdb_optimizer_pullup.cpp
[3/376] /usr/bin/ccache /usr/lib/ccache/c++ -DDUCKDB -DDUCKDB_BUILD_LIBRARY -DDUCKDB_MAIN_LIBRARY -DENABLE_CROSS_PRODUCT_REWRITE=0 -DENABLE_DEBUG_PRINT=0 -DENABLE_MEASURE_EXE_TIME=0 -DENABLE_MERGE_BACK_PLAN=0 -DENABLE_PARALLEL_EXECUTION=0 -DENABLE_QUERY_SPLIT=0 -DENABLE_SPECIFY_EST_STAT=0 -I/home/pei/Project/duckdb-polr/src/include -I/home/pei/Project/duckdb-polr/third_party/fsst -I/home/pei/Project/duckdb-polr/third_party/fmt/include -I/home/pei/Project/duckdb-polr/third_party/hyperloglog -I/home/pei/Project/duckdb-polr/third_party/fastpforlib -I/home/pei/Project/duckdb-polr/third_party/fast_float -I/home/pei/Project/duckdb-polr/third_party/re2 -I/home/pei/Project/duckdb-polr/third_party/miniz -I/home/pei/Project/duckdb-polr/third_party/utf8proc/include -I/home/pei/Project/duckdb-polr/third_party/miniparquet -I/home/pei/Project/duckdb-polr/third_party/concurrentqueue -I/home/pei/Project/duckdb-polr/third_party/pcg -I/home/pei/Project/duckdb-polr/third_party/tdigest -I/home/pei/Project/duckdb-polr/third_party/mbedtls/include -I/home/pei/Project/duckdb-polr/third_party/jaro_winkler -O3 -DNDEBUG -O3 -DNDEBUG   -fPIC -fdiagnostics-color=always -std=c++11 -MD -MT src/optimizer/join_order/CMakeFiles/duckdb_optimizer_join_order.dir/ub_duckdb_optimizer_join_order.cpp.o -MF src/optimizer/join_order/CMakeFiles/duckdb_optimizer_join_order.dir/ub_duckdb_optimizer_join_order.cpp.o.d -o src/optimizer/join_order/CMakeFiles/duckdb_optimizer_join_order.dir/ub_duckdb_optimizer_join_order.cpp.o -c /home/pei/Project/duckdb-polr/build/release/src/optimizer/join_order/ub_duckdb_optimizer_join_order.cpp
[4/376] /usr/bin/ccache /usr/lib/ccache/c++ -DDUCKDB -DDUCKDB_BUILD_LIBRARY -DDUCKDB_MAIN_LIBRARY -DENABLE_CROSS_PRODUCT_REWRITE=0 -DENABLE_DEBUG_PRINT=0 -DENABLE_MEASURE_EXE_TIME=0 -DENABLE_MERGE_BACK_PLAN=0 -DENABLE_PARALLEL_EXECUTION=0 -DENABLE_QUERY_SPLIT=0 -DENABLE_SPECIFY_EST_STAT=0 -I/home/pei/Project/duckdb-polr/src/include -I/home/pei/Project/duckdb-polr/third_party/fsst -I/home/pei/Project/duckdb-polr/third_party/fmt/include -I/home/pei/Project/duckdb-polr/third_party/hyperloglog -I/home/pei/Project/duckdb-polr/third_party/fastpforlib -I/home/pei/Project/duckdb-polr/third_party/fast_float -I/home/pei/Project/duckdb-polr/third_party/re2 -I/home/pei/Project/duckdb-polr/third_party/miniz -I/home/pei/Project/duckdb-polr/third_party/utf8proc/include -I/home/pei/Project/duckdb-polr/third_party/miniparquet -I/home/pei/Project/duckdb-polr/third_party/concurrentqueue -I/home/pei/Project/duckdb-polr/third_party/pcg -I/home/pei/Project/duckdb-polr/third_party/tdigest -I/home/pei/Project/duckdb-polr/third_party/mbedtls/include -I/home/pei/Project/duckdb-polr/third_party/jaro_winkler -O3 -DNDEBUG -O3 -DNDEBUG   -fPIC -fdiagnostics-color=always -std=c++11 -MD -MT src/optimizer/pushdown/CMakeFiles/duckdb_optimizer_pushdown.dir/ub_duckdb_optimizer_pushdown.cpp.o -MF src/optimizer/pushdown/CMakeFiles/duckdb_optimizer_pushdown.dir/ub_duckdb_optimizer_pushdown.cpp.o.d -o src/optimizer/pushdown/CMakeFiles/duckdb_optimizer_pushdown.dir/ub_duckdb_optimizer_pushdown.cpp.o -c /home/pei/Project/duckdb-polr/build/release/src/optimizer/pushdown/ub_duckdb_optimizer_pushdown.cpp
[5/376] /usr/bin/ccache /usr/lib/ccache/c++ -DDUCKDB -DDUCKDB_BUILD_LIBRARY -DDUCKDB_MAIN_LIBRARY -DENABLE_CROSS_PRODUCT_REWRITE=0 -DENABLE_DEBUG_PRINT=0 -DENABLE_MEASURE_EXE_TIME=0 -DENABLE_MERGE_BACK_PLAN=0 -DENABLE_PARALLEL_EXECUTION=0 -DENABLE_QUERY_SPLIT=0 -DENABLE_SPECIFY_EST_STAT=0 -I/home/pei/Project/duckdb-polr/src/include -I/home/pei/Project/duckdb-polr/third_party/fsst -I/home/pei/Project/duckdb-polr/third_party/fmt/include -I/home/pei/Project/duckdb-polr/third_party/hyperloglog -I/home/pei/Project/duckdb-polr/third_party/fastpforlib -I/home/pei/Project/duckdb-polr/third_party/fast_float -I/home/pei/Project/duckdb-polr/third_party/re2 -I/home/pei/Project/duckdb-polr/third_party/miniz -I/home/pei/Project/duckdb-polr/third_party/utf8proc/include -I/home/pei/Project/duckdb-polr/third_party/miniparquet -I/home/pei/Project/duckdb-polr/third_party/concurrentqueue -I/home/pei/Project/duckdb-polr/third_party/pcg -I/home/pei/Project/duckdb-polr/third_party/tdigest -I/home/pei/Project/duckdb-polr/third_party/mbedtls/include -I/home/pei/Project/duckdb-polr/third_party/jaro_winkler -O3 -DNDEBUG -O3 -DNDEBUG   -fPIC -fdiagnostics-color=always -std=c++11 -MD -MT src/optimizer/rule/CMakeFiles/duckdb_optimizer_rules.dir/ub_duckdb_optimizer_rules.cpp.o -MF src/optimizer/rule/CMakeFiles/duckdb_optimizer_rules.dir/ub_duckdb_optimizer_rules.cpp.o.d -o src/optimizer/rule/CMakeFiles/duckdb_optimizer_rules.dir/ub_duckdb_optimizer_rules.cpp.o -c /home/pei/Project/duckdb-polr/build/release/src/optimizer/rule/ub_duckdb_optimizer_rules.cpp
[6/376] /usr/bin/ccache /usr/lib/ccache/c++ -DDUCKDB -DDUCKDB_BUILD_LIBRARY -DDUCKDB_MAIN_LIBRARY -DENABLE_CROSS_PRODUCT_REWRITE=0 -DENABLE_DEBUG_PRINT=0 -DENABLE_MEASURE_EXE_TIME=0 -DENABLE_MERGE_BACK_PLAN=0 -DENABLE_PARALLEL_EXECUTION=0 -DENABLE_QUERY_SPLIT=0 -DENABLE_SPECIFY_EST_STAT=0 -I/home/pei/Project/duckdb-polr/src/include -I/home/pei/Project/duckdb-polr/third_party/fsst -I/home/pei/Project/duckdb-polr/third_party/fmt/include -I/home/pei/Project/duckdb-polr/third_party/hyperloglog -I/home/pei/Project/duckdb-polr/third_party/fastpforlib -I/home/pei/Project/duckdb-polr/third_party/fast_float -I/home/pei/Project/duckdb-polr/third_party/re2 -I/home/pei/Project/duckdb-polr/third_party/miniz -I/home/pei/Project/duckdb-polr/third_party/utf8proc/include -I/home/pei/Project/duckdb-polr/third_party/miniparquet -I/home/pei/Project/duckdb-polr/third_party/concurrentqueue -I/home/pei/Project/duckdb-polr/third_party/pcg -I/home/pei/Project/duckdb-polr/third_party/tdigest -I/home/pei/Project/duckdb-polr/third_party/mbedtls/include -I/home/pei/Project/duckdb-polr/third_party/jaro_winkler -O3 -DNDEBUG -O3 -DNDEBUG   -fPIC -fdiagnostics-color=always -std=c++11 -MD -MT src/optimizer/statistics/expression/CMakeFiles/duckdb_optimizer_statistics_expr.dir/ub_duckdb_optimizer_statistics_expr.cpp.o -MF src/optimizer/statistics/expression/CMakeFiles/duckdb_optimizer_statistics_expr.dir/ub_duckdb_optimizer_statistics_expr.cpp.o.d -o src/optimizer/statistics/expression/CMakeFiles/duckdb_optimizer_statistics_expr.dir/ub_duckdb_optimizer_statistics_expr.cpp.o -c /home/pei/Project/duckdb-polr/build/release/src/optimizer/statistics/expression/ub_duckdb_optimizer_statistics_expr.cpp
[7/376] /usr/bin/ccache /usr/lib/ccache/c++ -DDUCKDB -DDUCKDB_BUILD_LIBRARY -DDUCKDB_MAIN_LIBRARY -DENABLE_CROSS_PRODUCT_REWRITE=0 -DENABLE_DEBUG_PRINT=0 -DENABLE_MEASURE_EXE_TIME=0 -DENABLE_MERGE_BACK_PLAN=0 -DENABLE_PARALLEL_EXECUTION=0 -DENABLE_QUERY_SPLIT=0 -DENABLE_SPECIFY_EST_STAT=0 -I/home/pei/Project/duckdb-polr/src/include -I/home/pei/Project/duckdb-polr/third_party/fsst -I/home/pei/Project/duckdb-polr/third_party/fmt/include -I/home/pei/Project/duckdb-polr/third_party/hyperloglog -I/home/pei/Project/duckdb-polr/third_party/fastpforlib -I/home/pei/Project/duckdb-polr/third_party/fast_float -I/home/pei/Project/duckdb-polr/third_party/re2 -I/home/pei/Project/duckdb-polr/third_party/miniz -I/home/pei/Project/duckdb-polr/third_party/utf8proc/include -I/home/pei/Project/duckdb-polr/third_party/miniparquet -I/home/pei/Project/duckdb-polr/third_party/concurrentqueue -I/home/pei/Project/duckdb-polr/third_party/pcg -I/home/pei/Project/duckdb-polr/third_party/tdigest -I/home/pei/Project/duckdb-polr/third_party/mbedtls/include -I/home/pei/Project/duckdb-polr/third_party/jaro_winkler -O3 -DNDEBUG -O3 -DNDEBUG   -fPIC -fdiagnostics-color=always -std=c++11 -MD -MT src/optimizer/statistics/operator/CMakeFiles/duckdb_optimizer_statistics_op.dir/ub_duckdb_optimizer_statistics_op.cpp.o -MF src/optimizer/statistics/operator/CMakeFiles/duckdb_optimizer_statistics_op.dir/ub_duckdb_optimizer_statistics_op.cpp.o.d -o src/optimizer/statistics/operator/CMakeFiles/duckdb_optimizer_statistics_op.dir/ub_duckdb_optimizer_statistics_op.cpp.o -c /home/pei/Project/duckdb-polr/build/release/src/optimizer/statistics/operator/ub_duckdb_optimizer_statistics_op.cpp
[8/376] /usr/bin/ccache /usr/lib/ccache/c++ -DDUCKDB -DDUCKDB_BUILD_LIBRARY -DDUCKDB_MAIN_LIBRARY -DENABLE_CROSS_PRODUCT_REWRITE=0 -DENABLE_DEBUG_PRINT=0 -DENABLE_MEASURE_EXE_TIME=0 -DENABLE_MERGE_BACK_PLAN=0 -DENABLE_PARALLEL_EXECUTION=0 -DENABLE_QUERY_SPLIT=0 -DENABLE_SPECIFY_EST_STAT=0 -I/home/pei/Project/duckdb-polr/src/include -I/home/pei/Project/duckdb-polr/third_party/fsst -I/home/pei/Project/duckdb-polr/third_party/fmt/include -I/home/pei/Project/duckdb-polr/third_party/hyperloglog -I/home/pei/Project/duckdb-polr/third_party/fastpforlib -I/home/pei/Project/duckdb-polr/third_party/fast_float -I/home/pei/Project/duckdb-polr/third_party/re2 -I/home/pei/Project/duckdb-polr/third_party/miniz -I/home/pei/Project/duckdb-polr/third_party/utf8proc/include -I/home/pei/Project/duckdb-polr/third_party/miniparquet -I/home/pei/Project/duckdb-polr/third_party/concurrentqueue -I/home/pei/Project/duckdb-polr/third_party/pcg -I/home/pei/Project/duckdb-polr/third_party/tdigest -I/home/pei/Project/duckdb-polr/third_party/mbedtls/include -I/home/pei/Project/duckdb-polr/third_party/jaro_winkler -O3 -DNDEBUG -O3 -DNDEBUG   -fPIC -fdiagnostics-color=always -std=c++11 -MD -MT src/optimizer/CMakeFiles/duckdb_optimizer.dir/ub_duckdb_optimizer.cpp.o -MF src/optimizer/CMakeFiles/duckdb_optimizer.dir/ub_duckdb_optimizer.cpp.o.d -o src/optimizer/CMakeFiles/duckdb_optimizer.dir/ub_duckdb_optimizer.cpp.o -c /home/pei/Project/duckdb-polr/build/release/src/optimizer/ub_duckdb_optimizer.cpp
[9/376] /usr/bin/ccache /usr/lib/ccache/c++ -DDUCKDB -DDUCKDB_BUILD_LIBRARY -DDUCKDB_MAIN_LIBRARY -DENABLE_CROSS_PRODUCT_REWRITE=0 -DENABLE_DEBUG_PRINT=0 -DENABLE_MEASURE_EXE_TIME=0 -DENABLE_MERGE_BACK_PLAN=0 -DENABLE_PARALLEL_EXECUTION=0 -DENABLE_QUERY_SPLIT=0 -DENABLE_SPECIFY_EST_STAT=0 -I/home/pei/Project/duckdb-polr/src/include -I/home/pei/Project/duckdb-polr/third_party/fsst -I/home/pei/Project/duckdb-polr/third_party/fmt/include -I/home/pei/Project/duckdb-polr/third_party/hyperloglog -I/home/pei/Project/duckdb-polr/third_party/fastpforlib -I/home/pei/Project/duckdb-polr/third_party/fast_float -I/home/pei/Project/duckdb-polr/third_party/re2 -I/home/pei/Project/duckdb-polr/third_party/miniz -I/home/pei/Project/duckdb-polr/third_party/utf8proc/include -I/home/pei/Project/duckdb-polr/third_party/miniparquet -I/home/pei/Project/duckdb-polr/third_party/concurrentqueue -I/home/pei/Project/duckdb-polr/third_party/pcg -I/home/pei/Project/duckdb-polr/third_party/tdigest -I/home/pei/Project/duckdb-polr/third_party/mbedtls/include -I/home/pei/Project/duckdb-polr/third_party/jaro_winkler -O3 -DNDEBUG -O3 -DNDEBUG   -fPIC -fdiagnostics-color=always -std=c++11 -MD -MT src/optimizer/query_split/CMakeFiles/duckdb_optimizer_query_split.dir/ub_duckdb_optimizer_query_split.cpp.o -MF src/optimizer/query_split/CMakeFiles/duckdb_optimizer_query_split.dir/ub_duckdb_optimizer_query_split.cpp.o.d -o src/optimizer/query_split/CMakeFiles/duckdb_optimizer_query_split.dir/ub_duckdb_optimizer_query_split.cpp.o -c /home/pei/Project/duckdb-polr/build/release/src/optimizer/query_split/ub_duckdb_optimizer_query_split.cpp
In file included from /home/pei/Project/duckdb-polr/build/release/src/optimizer/query_split/ub_duckdb_optimizer_query_split.cpp:4:
/home/pei/Project/duckdb-polr/src/optimizer/query_split/foreign_key_center.cpp: In lambda function:
/home/pei/Project/duckdb-polr/src/optimizer/query_split/foreign_key_center.cpp:205:61: warning: init-statement in selection statements only available with ‘-std=c++17’ or ‘-std=gnu++17’ [-Wc++17-extensions]
  205 |                                                         if (auto find_left = std::find_if(
      |                                                             ^~~~
In file included from /home/pei/Project/duckdb-polr/build/release/src/optimizer/query_split/ub_duckdb_optimizer_query_split.cpp:3:
/home/pei/Project/duckdb-polr/src/optimizer/query_split/query_split_util.cpp: In function ‘duckdb::ColumnBinding& duckdb::GetRefColumnBinding(std::unique_ptr<Expression>&)’:
/home/pei/Project/duckdb-polr/src/optimizer/query_split/query_split_util.cpp:152:88: warning: control reaches end of non-void function [-Wreturn-type]
  152 |                 Printer::Print("Doesn't support " + ExpressionTypeToString(expr->type) + " in GetColumnBinding yet!");
      |                                ~~~~~~~~~~~~~~~~~~~~~~~~~~~~~~~~~~~~~~~~~~~~~~~~~~~~~~~~^~~~~~~~~~~~~~~~~~~~~~~~~~~~~
[10/376] /usr/bin/ccache /usr/lib/ccache/c++ -DDUCKDB -DDUCKDB_BUILD_LIBRARY -DDUCKDB_MAIN_LIBRARY -DENABLE_CROSS_PRODUCT_REWRITE=0 -DENABLE_DEBUG_PRINT=0 -DENABLE_MEASURE_EXE_TIME=0 -DENABLE_MERGE_BACK_PLAN=0 -DENABLE_PARALLEL_EXECUTION=0 -DENABLE_QUERY_SPLIT=0 -DENABLE_SPECIFY_EST_STAT=0 -I/home/pei/Project/duckdb-polr/src/include -I/home/pei/Project/duckdb-polr/third_party/fsst -I/home/pei/Project/duckdb-polr/third_party/fmt/include -I/home/pei/Project/duckdb-polr/third_party/hyperloglog -I/home/pei/Project/duckdb-polr/third_party/fastpforlib -I/home/pei/Project/duckdb-polr/third_party/fast_float -I/home/pei/Project/duckdb-polr/third_party/re2 -I/home/pei/Project/duckdb-polr/third_party/miniz -I/home/pei/Project/duckdb-polr/third_party/utf8proc/include -I/home/pei/Project/duckdb-polr/third_party/miniparquet -I/home/pei/Project/duckdb-polr/third_party/concurrentqueue -I/home/pei/Project/duckdb-polr/third_party/pcg -I/home/pei/Project/duckdb-polr/third_party/tdigest -I/home/pei/Project/duckdb-polr/third_party/mbedtls/include -I/home/pei/Project/duckdb-polr/third_party/jaro_winkler -O3 -DNDEBUG -O3 -DNDEBUG   -fPIC -fdiagnostics-color=always -std=c++11 -MD -MT src/planner/CMakeFiles/duckdb_planner.dir/ub_duckdb_planner.cpp.o -MF src/planner/CMakeFiles/duckdb_planner.dir/ub_duckdb_planner.cpp.o.d -o src/planner/CMakeFiles/duckdb_planner.dir/ub_duckdb_planner.cpp.o -c /home/pei/Project/duckdb-polr/build/release/src/planner/ub_duckdb_planner.cpp
[11/376] /usr/bin/ccache /usr/lib/ccache/c++ -DDUCKDB -DDUCKDB_BUILD_LIBRARY -DDUCKDB_MAIN_LIBRARY -DENABLE_CROSS_PRODUCT_REWRITE=0 -DENABLE_DEBUG_PRINT=0 -DENABLE_MEASURE_EXE_TIME=0 -DENABLE_MERGE_BACK_PLAN=0 -DENABLE_PARALLEL_EXECUTION=0 -DENABLE_QUERY_SPLIT=0 -DENABLE_SPECIFY_EST_STAT=0 -I/home/pei/Project/duckdb-polr/src/include -I/home/pei/Project/duckdb-polr/third_party/fsst -I/home/pei/Project/duckdb-polr/third_party/fmt/include -I/home/pei/Project/duckdb-polr/third_party/hyperloglog -I/home/pei/Project/duckdb-polr/third_party/fastpforlib -I/home/pei/Project/duckdb-polr/third_party/fast_float -I/home/pei/Project/duckdb-polr/third_party/re2 -I/home/pei/Project/duckdb-polr/third_party/miniz -I/home/pei/Project/duckdb-polr/third_party/utf8proc/include -I/home/pei/Project/duckdb-polr/third_party/miniparquet -I/home/pei/Project/duckdb-polr/third_party/concurrentqueue -I/home/pei/Project/duckdb-polr/third_party/pcg -I/home/pei/Project/duckdb-polr/third_party/tdigest -I/home/pei/Project/duckdb-polr/third_party/mbedtls/include -I/home/pei/Project/duckdb-polr/third_party/jaro_winkler -O3 -DNDEBUG -O3 -DNDEBUG   -fPIC -fdiagnostics-color=always -std=c++11 -MD -MT src/planner/expression/CMakeFiles/duckdb_planner_expression.dir/ub_duckdb_planner_expression.cpp.o -MF src/planner/expression/CMakeFiles/duckdb_planner_expression.dir/ub_duckdb_planner_expression.cpp.o.d -o src/planner/expression/CMakeFiles/duckdb_planner_expression.dir/ub_duckdb_planner_expression.cpp.o -c /home/pei/Project/duckdb-polr/build/release/src/planner/expression/ub_duckdb_planner_expression.cpp
[12/376] /usr/bin/ccache /usr/lib/ccache/c++ -DDUCKDB -DDUCKDB_BUILD_LIBRARY -DDUCKDB_MAIN_LIBRARY -DENABLE_CROSS_PRODUCT_REWRITE=0 -DENABLE_DEBUG_PRINT=0 -DENABLE_MEASURE_EXE_TIME=0 -DENABLE_MERGE_BACK_PLAN=0 -DENABLE_PARALLEL_EXECUTION=0 -DENABLE_QUERY_SPLIT=0 -DENABLE_SPECIFY_EST_STAT=0 -I/home/pei/Project/duckdb-polr/src/include -I/home/pei/Project/duckdb-polr/third_party/fsst -I/home/pei/Project/duckdb-polr/third_party/fmt/include -I/home/pei/Project/duckdb-polr/third_party/hyperloglog -I/home/pei/Project/duckdb-polr/third_party/fastpforlib -I/home/pei/Project/duckdb-polr/third_party/fast_float -I/home/pei/Project/duckdb-polr/third_party/re2 -I/home/pei/Project/duckdb-polr/third_party/miniz -I/home/pei/Project/duckdb-polr/third_party/utf8proc/include -I/home/pei/Project/duckdb-polr/third_party/miniparquet -I/home/pei/Project/duckdb-polr/third_party/concurrentqueue -I/home/pei/Project/duckdb-polr/third_party/pcg -I/home/pei/Project/duckdb-polr/third_party/tdigest -I/home/pei/Project/duckdb-polr/third_party/mbedtls/include -I/home/pei/Project/duckdb-polr/third_party/jaro_winkler -O3 -DNDEBUG -O3 -DNDEBUG   -fPIC -fdiagnostics-color=always -std=c++11 -MD -MT src/planner/binder/expression/CMakeFiles/duckdb_bind_expression.dir/ub_duckdb_bind_expression.cpp.o -MF src/planner/binder/expression/CMakeFiles/duckdb_bind_expression.dir/ub_duckdb_bind_expression.cpp.o.d -o src/planner/binder/expression/CMakeFiles/duckdb_bind_expression.dir/ub_duckdb_bind_expression.cpp.o -c /home/pei/Project/duckdb-polr/build/release/src/planner/binder/expression/ub_duckdb_bind_expression.cpp
[13/376] /usr/bin/ccache /usr/lib/ccache/c++ -DDUCKDB -DDUCKDB_BUILD_LIBRARY -DDUCKDB_MAIN_LIBRARY -DENABLE_CROSS_PRODUCT_REWRITE=0 -DENABLE_DEBUG_PRINT=0 -DENABLE_MEASURE_EXE_TIME=0 -DENABLE_MERGE_BACK_PLAN=0 -DENABLE_PARALLEL_EXECUTION=0 -DENABLE_QUERY_SPLIT=0 -DENABLE_SPECIFY_EST_STAT=0 -I/home/pei/Project/duckdb-polr/src/include -I/home/pei/Project/duckdb-polr/third_party/fsst -I/home/pei/Project/duckdb-polr/third_party/fmt/include -I/home/pei/Project/duckdb-polr/third_party/hyperloglog -I/home/pei/Project/duckdb-polr/third_party/fastpforlib -I/home/pei/Project/duckdb-polr/third_party/fast_float -I/home/pei/Project/duckdb-polr/third_party/re2 -I/home/pei/Project/duckdb-polr/third_party/miniz -I/home/pei/Project/duckdb-polr/third_party/utf8proc/include -I/home/pei/Project/duckdb-polr/third_party/miniparquet -I/home/pei/Project/duckdb-polr/third_party/concurrentqueue -I/home/pei/Project/duckdb-polr/third_party/pcg -I/home/pei/Project/duckdb-polr/third_party/tdigest -I/home/pei/Project/duckdb-polr/third_party/mbedtls/include -I/home/pei/Project/duckdb-polr/third_party/jaro_winkler -O3 -DNDEBUG -O3 -DNDEBUG   -fPIC -fdiagnostics-color=always -std=c++11 -MD -MT src/planner/filter/CMakeFiles/duckdb_planner_filter.dir/ub_duckdb_planner_filter.cpp.o -MF src/planner/filter/CMakeFiles/duckdb_planner_filter.dir/ub_duckdb_planner_filter.cpp.o.d -o src/planner/filter/CMakeFiles/duckdb_planner_filter.dir/ub_duckdb_planner_filter.cpp.o -c /home/pei/Project/duckdb-polr/build/release/src/planner/filter/ub_duckdb_planner_filter.cpp
[14/376] /usr/bin/ccache /usr/lib/ccache/c++ -DDUCKDB -DDUCKDB_BUILD_LIBRARY -DDUCKDB_MAIN_LIBRARY -DENABLE_CROSS_PRODUCT_REWRITE=0 -DENABLE_DEBUG_PRINT=0 -DENABLE_MEASURE_EXE_TIME=0 -DENABLE_MERGE_BACK_PLAN=0 -DENABLE_PARALLEL_EXECUTION=0 -DENABLE_QUERY_SPLIT=0 -DENABLE_SPECIFY_EST_STAT=0 -I/home/pei/Project/duckdb-polr/src/include -I/home/pei/Project/duckdb-polr/third_party/fsst -I/home/pei/Project/duckdb-polr/third_party/fmt/include -I/home/pei/Project/duckdb-polr/third_party/hyperloglog -I/home/pei/Project/duckdb-polr/third_party/fastpforlib -I/home/pei/Project/duckdb-polr/third_party/fast_float -I/home/pei/Project/duckdb-polr/third_party/re2 -I/home/pei/Project/duckdb-polr/third_party/miniz -I/home/pei/Project/duckdb-polr/third_party/utf8proc/include -I/home/pei/Project/duckdb-polr/third_party/miniparquet -I/home/pei/Project/duckdb-polr/third_party/concurrentqueue -I/home/pei/Project/duckdb-polr/third_party/pcg -I/home/pei/Project/duckdb-polr/third_party/tdigest -I/home/pei/Project/duckdb-polr/third_party/mbedtls/include -I/home/pei/Project/duckdb-polr/third_party/jaro_winkler -O3 -DNDEBUG -O3 -DNDEBUG   -fPIC -fdiagnostics-color=always -std=c++11 -MD -MT src/planner/binder/query_node/CMakeFiles/duckdb_bind_query_node.dir/ub_duckdb_bind_query_node.cpp.o -MF src/planner/binder/query_node/CMakeFiles/duckdb_bind_query_node.dir/ub_duckdb_bind_query_node.cpp.o.d -o src/planner/binder/query_node/CMakeFiles/duckdb_bind_query_node.dir/ub_duckdb_bind_query_node.cpp.o -c /home/pei/Project/duckdb-polr/build/release/src/planner/binder/query_node/ub_duckdb_bind_query_node.cpp
[15/376] /usr/bin/ccache /usr/lib/ccache/c++ -DDUCKDB -DDUCKDB_BUILD_LIBRARY -DDUCKDB_MAIN_LIBRARY -DENABLE_CROSS_PRODUCT_REWRITE=0 -DENABLE_DEBUG_PRINT=0 -DENABLE_MEASURE_EXE_TIME=0 -DENABLE_MERGE_BACK_PLAN=0 -DENABLE_PARALLEL_EXECUTION=0 -DENABLE_QUERY_SPLIT=0 -DENABLE_SPECIFY_EST_STAT=0 -I/home/pei/Project/duckdb-polr/src/include -I/home/pei/Project/duckdb-polr/third_party/fsst -I/home/pei/Project/duckdb-polr/third_party/fmt/include -I/home/pei/Project/duckdb-polr/third_party/hyperloglog -I/home/pei/Project/duckdb-polr/third_party/fastpforlib -I/home/pei/Project/duckdb-polr/third_party/fast_float -I/home/pei/Project/duckdb-polr/third_party/re2 -I/home/pei/Project/duckdb-polr/third_party/miniz -I/home/pei/Project/duckdb-polr/third_party/utf8proc/include -I/home/pei/Project/duckdb-polr/third_party/miniparquet -I/home/pei/Project/duckdb-polr/third_party/concurrentqueue -I/home/pei/Project/duckdb-polr/third_party/pcg -I/home/pei/Project/duckdb-polr/third_party/tdigest -I/home/pei/Project/duckdb-polr/third_party/mbedtls/include -I/home/pei/Project/duckdb-polr/third_party/jaro_winkler -O3 -DNDEBUG -O3 -DNDEBUG   -fPIC -fdiagnostics-color=always -std=c++11 -MD -MT src/planner/binder/tableref/CMakeFiles/duckdb_bind_tableref.dir/ub_duckdb_bind_tableref.cpp.o -MF src/planner/binder/tableref/CMakeFiles/duckdb_bind_tableref.dir/ub_duckdb_bind_tableref.cpp.o.d -o src/planner/binder/tableref/CMakeFiles/duckdb_bind_tableref.dir/ub_duckdb_bind_tableref.cpp.o -c /home/pei/Project/duckdb-polr/build/release/src/planner/binder/tableref/ub_duckdb_bind_tableref.cpp
[16/376] /usr/bin/ccache /usr/lib/ccache/c++ -DDUCKDB -DDUCKDB_BUILD_LIBRARY -DDUCKDB_MAIN_LIBRARY -DENABLE_CROSS_PRODUCT_REWRITE=0 -DENABLE_DEBUG_PRINT=0 -DENABLE_MEASURE_EXE_TIME=0 -DENABLE_MERGE_BACK_PLAN=0 -DENABLE_PARALLEL_EXECUTION=0 -DENABLE_QUERY_SPLIT=0 -DENABLE_SPECIFY_EST_STAT=0 -I/home/pei/Project/duckdb-polr/src/include -I/home/pei/Project/duckdb-polr/third_party/fsst -I/home/pei/Project/duckdb-polr/third_party/fmt/include -I/home/pei/Project/duckdb-polr/third_party/hyperloglog -I/home/pei/Project/duckdb-polr/third_party/fastpforlib -I/home/pei/Project/duckdb-polr/third_party/fast_float -I/home/pei/Project/duckdb-polr/third_party/re2 -I/home/pei/Project/duckdb-polr/third_party/miniz -I/home/pei/Project/duckdb-polr/third_party/utf8proc/include -I/home/pei/Project/duckdb-polr/third_party/miniparquet -I/home/pei/Project/duckdb-polr/third_party/concurrentqueue -I/home/pei/Project/duckdb-polr/third_party/pcg -I/home/pei/Project/duckdb-polr/third_party/tdigest -I/home/pei/Project/duckdb-polr/third_party/mbedtls/include -I/home/pei/Project/duckdb-polr/third_party/jaro_winkler -O3 -DNDEBUG -O3 -DNDEBUG   -fPIC -fdiagnostics-color=always -std=c++11 -MD -MT src/planner/expression_binder/CMakeFiles/duckdb_expression_binders.dir/ub_duckdb_expression_binders.cpp.o -MF src/planner/expression_binder/CMakeFiles/duckdb_expression_binders.dir/ub_duckdb_expression_binders.cpp.o.d -o src/planner/expression_binder/CMakeFiles/duckdb_expression_binders.dir/ub_duckdb_expression_binders.cpp.o -c /home/pei/Project/duckdb-polr/build/release/src/planner/expression_binder/ub_duckdb_expression_binders.cpp
[17/376] /usr/bin/ccache /usr/lib/ccache/c++ -DDUCKDB -DDUCKDB_BUILD_LIBRARY -DDUCKDB_MAIN_LIBRARY -DENABLE_CROSS_PRODUCT_REWRITE=0 -DENABLE_DEBUG_PRINT=0 -DENABLE_MEASURE_EXE_TIME=0 -DENABLE_MERGE_BACK_PLAN=0 -DENABLE_PARALLEL_EXECUTION=0 -DENABLE_QUERY_SPLIT=0 -DENABLE_SPECIFY_EST_STAT=0 -I/home/pei/Project/duckdb-polr/src/include -I/home/pei/Project/duckdb-polr/third_party/fsst -I/home/pei/Project/duckdb-polr/third_party/fmt/include -I/home/pei/Project/duckdb-polr/third_party/hyperloglog -I/home/pei/Project/duckdb-polr/third_party/fastpforlib -I/home/pei/Project/duckdb-polr/third_party/fast_float -I/home/pei/Project/duckdb-polr/third_party/re2 -I/home/pei/Project/duckdb-polr/third_party/miniz -I/home/pei/Project/duckdb-polr/third_party/utf8proc/include -I/home/pei/Project/duckdb-polr/third_party/miniparquet -I/home/pei/Project/duckdb-polr/third_party/concurrentqueue -I/home/pei/Project/duckdb-polr/third_party/pcg -I/home/pei/Project/duckdb-polr/third_party/tdigest -I/home/pei/Project/duckdb-polr/third_party/mbedtls/include -I/home/pei/Project/duckdb-polr/third_party/jaro_winkler -O3 -DNDEBUG -O3 -DNDEBUG   -fPIC -fdiagnostics-color=always -std=c++11 -MD -MT src/planner/parsed_data/CMakeFiles/duckdb_planner_parsed_data.dir/ub_duckdb_planner_parsed_data.cpp.o -MF src/planner/parsed_data/CMakeFiles/duckdb_planner_parsed_data.dir/ub_duckdb_planner_parsed_data.cpp.o.d -o src/planner/parsed_data/CMakeFiles/duckdb_planner_parsed_data.dir/ub_duckdb_planner_parsed_data.cpp.o -c /home/pei/Project/duckdb-polr/build/release/src/planner/parsed_data/ub_duckdb_planner_parsed_data.cpp
[18/376] /usr/bin/ccache /usr/lib/ccache/c++ -DDUCKDB -DDUCKDB_BUILD_LIBRARY -DDUCKDB_MAIN_LIBRARY -DENABLE_CROSS_PRODUCT_REWRITE=0 -DENABLE_DEBUG_PRINT=0 -DENABLE_MEASURE_EXE_TIME=0 -DENABLE_MERGE_BACK_PLAN=0 -DENABLE_PARALLEL_EXECUTION=0 -DENABLE_QUERY_SPLIT=0 -DENABLE_SPECIFY_EST_STAT=0 -I/home/pei/Project/duckdb-polr/src/include -I/home/pei/Project/duckdb-polr/third_party/fsst -I/home/pei/Project/duckdb-polr/third_party/fmt/include -I/home/pei/Project/duckdb-polr/third_party/hyperloglog -I/home/pei/Project/duckdb-polr/third_party/fastpforlib -I/home/pei/Project/duckdb-polr/third_party/fast_float -I/home/pei/Project/duckdb-polr/third_party/re2 -I/home/pei/Project/duckdb-polr/third_party/miniz -I/home/pei/Project/duckdb-polr/third_party/utf8proc/include -I/home/pei/Project/duckdb-polr/third_party/miniparquet -I/home/pei/Project/duckdb-polr/third_party/concurrentqueue -I/home/pei/Project/duckdb-polr/third_party/pcg -I/home/pei/Project/duckdb-polr/third_party/tdigest -I/home/pei/Project/duckdb-polr/third_party/mbedtls/include -I/home/pei/Project/duckdb-polr/third_party/jaro_winkler -I/home/pei/Project/duckdb-polr/src/parser/../../third_party/libpg_query/include -I/home/pei/Project/duckdb-polr/src/parser/../../third_party/libpg_query -O3 -DNDEBUG -O3 -DNDEBUG   -fPIC -fdiagnostics-color=always -std=c++11 -MD -MT src/parser/constraints/CMakeFiles/duckdb_constraints.dir/ub_duckdb_constraints.cpp.o -MF src/parser/constraints/CMakeFiles/duckdb_constraints.dir/ub_duckdb_constraints.cpp.o.d -o src/parser/constraints/CMakeFiles/duckdb_constraints.dir/ub_duckdb_constraints.cpp.o -c /home/pei/Project/duckdb-polr/build/release/src/parser/constraints/ub_duckdb_constraints.cpp
[19/376] /usr/bin/ccache /usr/lib/ccache/c++ -DDUCKDB -DDUCKDB_BUILD_LIBRARY -DDUCKDB_MAIN_LIBRARY -DENABLE_CROSS_PRODUCT_REWRITE=0 -DENABLE_DEBUG_PRINT=0 -DENABLE_MEASURE_EXE_TIME=0 -DENABLE_MERGE_BACK_PLAN=0 -DENABLE_PARALLEL_EXECUTION=0 -DENABLE_QUERY_SPLIT=0 -DENABLE_SPECIFY_EST_STAT=0 -I/home/pei/Project/duckdb-polr/src/include -I/home/pei/Project/duckdb-polr/third_party/fsst -I/home/pei/Project/duckdb-polr/third_party/fmt/include -I/home/pei/Project/duckdb-polr/third_party/hyperloglog -I/home/pei/Project/duckdb-polr/third_party/fastpforlib -I/home/pei/Project/duckdb-polr/third_party/fast_float -I/home/pei/Project/duckdb-polr/third_party/re2 -I/home/pei/Project/duckdb-polr/third_party/miniz -I/home/pei/Project/duckdb-polr/third_party/utf8proc/include -I/home/pei/Project/duckdb-polr/third_party/miniparquet -I/home/pei/Project/duckdb-polr/third_party/concurrentqueue -I/home/pei/Project/duckdb-polr/third_party/pcg -I/home/pei/Project/duckdb-polr/third_party/tdigest -I/home/pei/Project/duckdb-polr/third_party/mbedtls/include -I/home/pei/Project/duckdb-polr/third_party/jaro_winkler -O3 -DNDEBUG -O3 -DNDEBUG   -fPIC -fdiagnostics-color=always -std=c++11 -MD -MT src/planner/binder/statement/CMakeFiles/duckdb_bind_statement.dir/ub_duckdb_bind_statement.cpp.o -MF src/planner/binder/statement/CMakeFiles/duckdb_bind_statement.dir/ub_duckdb_bind_statement.cpp.o.d -o src/planner/binder/statement/CMakeFiles/duckdb_bind_statement.dir/ub_duckdb_bind_statement.cpp.o -c /home/pei/Project/duckdb-polr/build/release/src/planner/binder/statement/ub_duckdb_bind_statement.cpp
[20/376] /usr/bin/ccache /usr/lib/ccache/c++ -DDUCKDB -DDUCKDB_BUILD_LIBRARY -DDUCKDB_MAIN_LIBRARY -DENABLE_CROSS_PRODUCT_REWRITE=0 -DENABLE_DEBUG_PRINT=0 -DENABLE_MEASURE_EXE_TIME=0 -DENABLE_MERGE_BACK_PLAN=0 -DENABLE_PARALLEL_EXECUTION=0 -DENABLE_QUERY_SPLIT=0 -DENABLE_SPECIFY_EST_STAT=0 -I/home/pei/Project/duckdb-polr/src/include -I/home/pei/Project/duckdb-polr/third_party/fsst -I/home/pei/Project/duckdb-polr/third_party/fmt/include -I/home/pei/Project/duckdb-polr/third_party/hyperloglog -I/home/pei/Project/duckdb-polr/third_party/fastpforlib -I/home/pei/Project/duckdb-polr/third_party/fast_float -I/home/pei/Project/duckdb-polr/third_party/re2 -I/home/pei/Project/duckdb-polr/third_party/miniz -I/home/pei/Project/duckdb-polr/third_party/utf8proc/include -I/home/pei/Project/duckdb-polr/third_party/miniparquet -I/home/pei/Project/duckdb-polr/third_party/concurrentqueue -I/home/pei/Project/duckdb-polr/third_party/pcg -I/home/pei/Project/duckdb-polr/third_party/tdigest -I/home/pei/Project/duckdb-polr/third_party/mbedtls/include -I/home/pei/Project/duckdb-polr/third_party/jaro_winkler -I/home/pei/Project/duckdb-polr/src/parser/../../third_party/libpg_query/include -I/home/pei/Project/duckdb-polr/src/parser/../../third_party/libpg_query -O3 -DNDEBUG -O3 -DNDEBUG   -fPIC -fdiagnostics-color=always -std=c++11 -MD -MT src/parser/expression/CMakeFiles/duckdb_expression.dir/ub_duckdb_expression.cpp.o -MF src/parser/expression/CMakeFiles/duckdb_expression.dir/ub_duckdb_expression.cpp.o.d -o src/parser/expression/CMakeFiles/duckdb_expression.dir/ub_duckdb_expression.cpp.o -c /home/pei/Project/duckdb-polr/build/release/src/parser/expression/ub_duckdb_expression.cpp
[21/376] /usr/bin/ccache /usr/lib/ccache/c++ -DDUCKDB -DDUCKDB_BUILD_LIBRARY -DDUCKDB_MAIN_LIBRARY -DENABLE_CROSS_PRODUCT_REWRITE=0 -DENABLE_DEBUG_PRINT=0 -DENABLE_MEASURE_EXE_TIME=0 -DENABLE_MERGE_BACK_PLAN=0 -DENABLE_PARALLEL_EXECUTION=0 -DENABLE_QUERY_SPLIT=0 -DENABLE_SPECIFY_EST_STAT=0 -I/home/pei/Project/duckdb-polr/src/include -I/home/pei/Project/duckdb-polr/third_party/fsst -I/home/pei/Project/duckdb-polr/third_party/fmt/include -I/home/pei/Project/duckdb-polr/third_party/hyperloglog -I/home/pei/Project/duckdb-polr/third_party/fastpforlib -I/home/pei/Project/duckdb-polr/third_party/fast_float -I/home/pei/Project/duckdb-polr/third_party/re2 -I/home/pei/Project/duckdb-polr/third_party/miniz -I/home/pei/Project/duckdb-polr/third_party/utf8proc/include -I/home/pei/Project/duckdb-polr/third_party/miniparquet -I/home/pei/Project/duckdb-polr/third_party/concurrentqueue -I/home/pei/Project/duckdb-polr/third_party/pcg -I/home/pei/Project/duckdb-polr/third_party/tdigest -I/home/pei/Project/duckdb-polr/third_party/mbedtls/include -I/home/pei/Project/duckdb-polr/third_party/jaro_winkler -O3 -DNDEBUG -O3 -DNDEBUG   -fPIC -fdiagnostics-color=always -std=c++11 -MD -MT src/planner/operator/CMakeFiles/duckdb_planner_operator.dir/ub_duckdb_planner_operator.cpp.o -MF src/planner/operator/CMakeFiles/duckdb_planner_operator.dir/ub_duckdb_planner_operator.cpp.o.d -o src/planner/operator/CMakeFiles/duckdb_planner_operator.dir/ub_duckdb_planner_operator.cpp.o -c /home/pei/Project/duckdb-polr/build/release/src/planner/operator/ub_duckdb_planner_operator.cpp
[22/376] /usr/bin/ccache /usr/lib/ccache/c++ -DDUCKDB -DDUCKDB_BUILD_LIBRARY -DDUCKDB_MAIN_LIBRARY -DENABLE_CROSS_PRODUCT_REWRITE=0 -DENABLE_DEBUG_PRINT=0 -DENABLE_MEASURE_EXE_TIME=0 -DENABLE_MERGE_BACK_PLAN=0 -DENABLE_PARALLEL_EXECUTION=0 -DENABLE_QUERY_SPLIT=0 -DENABLE_SPECIFY_EST_STAT=0 -I/home/pei/Project/duckdb-polr/src/include -I/home/pei/Project/duckdb-polr/third_party/fsst -I/home/pei/Project/duckdb-polr/third_party/fmt/include -I/home/pei/Project/duckdb-polr/third_party/hyperloglog -I/home/pei/Project/duckdb-polr/third_party/fastpforlib -I/home/pei/Project/duckdb-polr/third_party/fast_float -I/home/pei/Project/duckdb-polr/third_party/re2 -I/home/pei/Project/duckdb-polr/third_party/miniz -I/home/pei/Project/duckdb-polr/third_party/utf8proc/include -I/home/pei/Project/duckdb-polr/third_party/miniparquet -I/home/pei/Project/duckdb-polr/third_party/concurrentqueue -I/home/pei/Project/duckdb-polr/third_party/pcg -I/home/pei/Project/duckdb-polr/third_party/tdigest -I/home/pei/Project/duckdb-polr/third_party/mbedtls/include -I/home/pei/Project/duckdb-polr/third_party/jaro_winkler -O3 -DNDEBUG -O3 -DNDEBUG   -fPIC -fdiagnostics-color=always -std=c++11 -MD -MT src/planner/subquery/CMakeFiles/duckdb_planner_subquery.dir/ub_duckdb_planner_subquery.cpp.o -MF src/planner/subquery/CMakeFiles/duckdb_planner_subquery.dir/ub_duckdb_planner_subquery.cpp.o.d -o src/planner/subquery/CMakeFiles/duckdb_planner_subquery.dir/ub_duckdb_planner_subquery.cpp.o -c /home/pei/Project/duckdb-polr/build/release/src/planner/subquery/ub_duckdb_planner_subquery.cpp
[23/376] /usr/bin/ccache /usr/lib/ccache/c++ -DDUCKDB -DDUCKDB_BUILD_LIBRARY -DDUCKDB_MAIN_LIBRARY -DENABLE_CROSS_PRODUCT_REWRITE=0 -DENABLE_DEBUG_PRINT=0 -DENABLE_MEASURE_EXE_TIME=0 -DENABLE_MERGE_BACK_PLAN=0 -DENABLE_PARALLEL_EXECUTION=0 -DENABLE_QUERY_SPLIT=0 -DENABLE_SPECIFY_EST_STAT=0 -I/home/pei/Project/duckdb-polr/src/include -I/home/pei/Project/duckdb-polr/third_party/fsst -I/home/pei/Project/duckdb-polr/third_party/fmt/include -I/home/pei/Project/duckdb-polr/third_party/hyperloglog -I/home/pei/Project/duckdb-polr/third_party/fastpforlib -I/home/pei/Project/duckdb-polr/third_party/fast_float -I/home/pei/Project/duckdb-polr/third_party/re2 -I/home/pei/Project/duckdb-polr/third_party/miniz -I/home/pei/Project/duckdb-polr/third_party/utf8proc/include -I/home/pei/Project/duckdb-polr/third_party/miniparquet -I/home/pei/Project/duckdb-polr/third_party/concurrentqueue -I/home/pei/Project/duckdb-polr/third_party/pcg -I/home/pei/Project/duckdb-polr/third_party/tdigest -I/home/pei/Project/duckdb-polr/third_party/mbedtls/include -I/home/pei/Project/duckdb-polr/third_party/jaro_winkler -I/home/pei/Project/duckdb-polr/src/parser/../../third_party/libpg_query/include -I/home/pei/Project/duckdb-polr/src/parser/../../third_party/libpg_query -O3 -DNDEBUG -O3 -DNDEBUG   -fPIC -fdiagnostics-color=always -std=c++11 -MD -MT src/parser/CMakeFiles/duckdb_parser.dir/ub_duckdb_parser.cpp.o -MF src/parser/CMakeFiles/duckdb_parser.dir/ub_duckdb_parser.cpp.o.d -o src/parser/CMakeFiles/duckdb_parser.dir/ub_duckdb_parser.cpp.o -c /home/pei/Project/duckdb-polr/build/release/src/parser/ub_duckdb_parser.cpp
[24/376] /usr/bin/ccache /usr/lib/ccache/c++ -DDUCKDB -DDUCKDB_BUILD_LIBRARY -DDUCKDB_MAIN_LIBRARY -DENABLE_CROSS_PRODUCT_REWRITE=0 -DENABLE_DEBUG_PRINT=0 -DENABLE_MEASURE_EXE_TIME=0 -DENABLE_MERGE_BACK_PLAN=0 -DENABLE_PARALLEL_EXECUTION=0 -DENABLE_QUERY_SPLIT=0 -DENABLE_SPECIFY_EST_STAT=0 -I/home/pei/Project/duckdb-polr/src/include -I/home/pei/Project/duckdb-polr/third_party/fsst -I/home/pei/Project/duckdb-polr/third_party/fmt/include -I/home/pei/Project/duckdb-polr/third_party/hyperloglog -I/home/pei/Project/duckdb-polr/third_party/fastpforlib -I/home/pei/Project/duckdb-polr/third_party/fast_float -I/home/pei/Project/duckdb-polr/third_party/re2 -I/home/pei/Project/duckdb-polr/third_party/miniz -I/home/pei/Project/duckdb-polr/third_party/utf8proc/include -I/home/pei/Project/duckdb-polr/third_party/miniparquet -I/home/pei/Project/duckdb-polr/third_party/concurrentqueue -I/home/pei/Project/duckdb-polr/third_party/pcg -I/home/pei/Project/duckdb-polr/third_party/tdigest -I/home/pei/Project/duckdb-polr/third_party/mbedtls/include -I/home/pei/Project/duckdb-polr/third_party/jaro_winkler -I/home/pei/Project/duckdb-polr/src/parser/../../third_party/libpg_query/include -I/home/pei/Project/duckdb-polr/src/parser/../../third_party/libpg_query -O3 -DNDEBUG -O3 -DNDEBUG   -fPIC -fdiagnostics-color=always -std=c++11 -MD -MT src/parser/query_node/CMakeFiles/duckdb_query_node.dir/ub_duckdb_query_node.cpp.o -MF src/parser/query_node/CMakeFiles/duckdb_query_node.dir/ub_duckdb_query_node.cpp.o.d -o src/parser/query_node/CMakeFiles/duckdb_query_node.dir/ub_duckdb_query_node.cpp.o -c /home/pei/Project/duckdb-polr/build/release/src/parser/query_node/ub_duckdb_query_node.cpp
[25/376] /usr/bin/ccache /usr/lib/ccache/c++ -DDUCKDB -DDUCKDB_BUILD_LIBRARY -DDUCKDB_MAIN_LIBRARY -DENABLE_CROSS_PRODUCT_REWRITE=0 -DENABLE_DEBUG_PRINT=0 -DENABLE_MEASURE_EXE_TIME=0 -DENABLE_MERGE_BACK_PLAN=0 -DENABLE_PARALLEL_EXECUTION=0 -DENABLE_QUERY_SPLIT=0 -DENABLE_SPECIFY_EST_STAT=0 -I/home/pei/Project/duckdb-polr/src/include -I/home/pei/Project/duckdb-polr/third_party/fsst -I/home/pei/Project/duckdb-polr/third_party/fmt/include -I/home/pei/Project/duckdb-polr/third_party/hyperloglog -I/home/pei/Project/duckdb-polr/third_party/fastpforlib -I/home/pei/Project/duckdb-polr/third_party/fast_float -I/home/pei/Project/duckdb-polr/third_party/re2 -I/home/pei/Project/duckdb-polr/third_party/miniz -I/home/pei/Project/duckdb-polr/third_party/utf8proc/include -I/home/pei/Project/duckdb-polr/third_party/miniparquet -I/home/pei/Project/duckdb-polr/third_party/concurrentqueue -I/home/pei/Project/duckdb-polr/third_party/pcg -I/home/pei/Project/duckdb-polr/third_party/tdigest -I/home/pei/Project/duckdb-polr/third_party/mbedtls/include -I/home/pei/Project/duckdb-polr/third_party/jaro_winkler -I/home/pei/Project/duckdb-polr/src/parser/../../third_party/libpg_query/include -I/home/pei/Project/duckdb-polr/src/parser/../../third_party/libpg_query -O3 -DNDEBUG -O3 -DNDEBUG   -fPIC -fdiagnostics-color=always -std=c++11 -MD -MT src/parser/statement/CMakeFiles/duckdb_statement.dir/ub_duckdb_statement.cpp.o -MF src/parser/statement/CMakeFiles/duckdb_statement.dir/ub_duckdb_statement.cpp.o.d -o src/parser/statement/CMakeFiles/duckdb_statement.dir/ub_duckdb_statement.cpp.o -c /home/pei/Project/duckdb-polr/build/release/src/parser/statement/ub_duckdb_statement.cpp
[26/376] /usr/bin/ccache /usr/lib/ccache/c++ -DDUCKDB -DDUCKDB_BUILD_LIBRARY -DDUCKDB_MAIN_LIBRARY -DENABLE_CROSS_PRODUCT_REWRITE=0 -DENABLE_DEBUG_PRINT=0 -DENABLE_MEASURE_EXE_TIME=0 -DENABLE_MERGE_BACK_PLAN=0 -DENABLE_PARALLEL_EXECUTION=0 -DENABLE_QUERY_SPLIT=0 -DENABLE_SPECIFY_EST_STAT=0 -I/home/pei/Project/duckdb-polr/src/include -I/home/pei/Project/duckdb-polr/third_party/fsst -I/home/pei/Project/duckdb-polr/third_party/fmt/include -I/home/pei/Project/duckdb-polr/third_party/hyperloglog -I/home/pei/Project/duckdb-polr/third_party/fastpforlib -I/home/pei/Project/duckdb-polr/third_party/fast_float -I/home/pei/Project/duckdb-polr/third_party/re2 -I/home/pei/Project/duckdb-polr/third_party/miniz -I/home/pei/Project/duckdb-polr/third_party/utf8proc/include -I/home/pei/Project/duckdb-polr/third_party/miniparquet -I/home/pei/Project/duckdb-polr/third_party/concurrentqueue -I/home/pei/Project/duckdb-polr/third_party/pcg -I/home/pei/Project/duckdb-polr/third_party/tdigest -I/home/pei/Project/duckdb-polr/third_party/mbedtls/include -I/home/pei/Project/duckdb-polr/third_party/jaro_winkler -I/home/pei/Project/duckdb-polr/src/parser/../../third_party/libpg_query/include -I/home/pei/Project/duckdb-polr/src/parser/../../third_party/libpg_query -O3 -DNDEBUG -O3 -DNDEBUG   -fPIC -fdiagnostics-color=always -std=c++11 -MD -MT src/parser/tableref/CMakeFiles/duckdb_parser_tableref.dir/ub_duckdb_parser_tableref.cpp.o -MF src/parser/tableref/CMakeFiles/duckdb_parser_tableref.dir/ub_duckdb_parser_tableref.cpp.o.d -o src/parser/tableref/CMakeFiles/duckdb_parser_tableref.dir/ub_duckdb_parser_tableref.cpp.o -c /home/pei/Project/duckdb-polr/build/release/src/parser/tableref/ub_duckdb_parser_tableref.cpp
[27/376] /usr/bin/ccache /usr/lib/ccache/c++ -DDUCKDB -DDUCKDB_BUILD_LIBRARY -DDUCKDB_MAIN_LIBRARY -DENABLE_CROSS_PRODUCT_REWRITE=0 -DENABLE_DEBUG_PRINT=0 -DENABLE_MEASURE_EXE_TIME=0 -DENABLE_MERGE_BACK_PLAN=0 -DENABLE_PARALLEL_EXECUTION=0 -DENABLE_QUERY_SPLIT=0 -DENABLE_SPECIFY_EST_STAT=0 -I/home/pei/Project/duckdb-polr/src/include -I/home/pei/Project/duckdb-polr/third_party/fsst -I/home/pei/Project/duckdb-polr/third_party/fmt/include -I/home/pei/Project/duckdb-polr/third_party/hyperloglog -I/home/pei/Project/duckdb-polr/third_party/fastpforlib -I/home/pei/Project/duckdb-polr/third_party/fast_float -I/home/pei/Project/duckdb-polr/third_party/re2 -I/home/pei/Project/duckdb-polr/third_party/miniz -I/home/pei/Project/duckdb-polr/third_party/utf8proc/include -I/home/pei/Project/duckdb-polr/third_party/miniparquet -I/home/pei/Project/duckdb-polr/third_party/concurrentqueue -I/home/pei/Project/duckdb-polr/third_party/pcg -I/home/pei/Project/duckdb-polr/third_party/tdigest -I/home/pei/Project/duckdb-polr/third_party/mbedtls/include -I/home/pei/Project/duckdb-polr/third_party/jaro_winkler -I/home/pei/Project/duckdb-polr/src/parser/../../third_party/libpg_query/include -I/home/pei/Project/duckdb-polr/src/parser/../../third_party/libpg_query -O3 -DNDEBUG -O3 -DNDEBUG   -fPIC -fdiagnostics-color=always -std=c++11 -MD -MT src/parser/parsed_data/CMakeFiles/duckdb_parsed_data.dir/ub_duckdb_parsed_data.cpp.o -MF src/parser/parsed_data/CMakeFiles/duckdb_parsed_data.dir/ub_duckdb_parsed_data.cpp.o.d -o src/parser/parsed_data/CMakeFiles/duckdb_parsed_data.dir/ub_duckdb_parsed_data.cpp.o -c /home/pei/Project/duckdb-polr/build/release/src/parser/parsed_data/ub_duckdb_parsed_data.cpp
[28/376] /usr/bin/ccache /usr/lib/ccache/c++ -DDUCKDB -DDUCKDB_BUILD_LIBRARY -DDUCKDB_MAIN_LIBRARY -DENABLE_CROSS_PRODUCT_REWRITE=0 -DENABLE_DEBUG_PRINT=0 -DENABLE_MEASURE_EXE_TIME=0 -DENABLE_MERGE_BACK_PLAN=0 -DENABLE_PARALLEL_EXECUTION=0 -DENABLE_QUERY_SPLIT=0 -DENABLE_SPECIFY_EST_STAT=0 -I/home/pei/Project/duckdb-polr/src/include -I/home/pei/Project/duckdb-polr/third_party/fsst -I/home/pei/Project/duckdb-polr/third_party/fmt/include -I/home/pei/Project/duckdb-polr/third_party/hyperloglog -I/home/pei/Project/duckdb-polr/third_party/fastpforlib -I/home/pei/Project/duckdb-polr/third_party/fast_float -I/home/pei/Project/duckdb-polr/third_party/re2 -I/home/pei/Project/duckdb-polr/third_party/miniz -I/home/pei/Project/duckdb-polr/third_party/utf8proc/include -I/home/pei/Project/duckdb-polr/third_party/miniparquet -I/home/pei/Project/duckdb-polr/third_party/concurrentqueue -I/home/pei/Project/duckdb-polr/third_party/pcg -I/home/pei/Project/duckdb-polr/third_party/tdigest -I/home/pei/Project/duckdb-polr/third_party/mbedtls/include -I/home/pei/Project/duckdb-polr/third_party/jaro_winkler -I/home/pei/Project/duckdb-polr/src/parser/../../third_party/libpg_query/include -I/home/pei/Project/duckdb-polr/src/parser/../../third_party/libpg_query -O3 -DNDEBUG -O3 -DNDEBUG   -fPIC -fdiagnostics-color=always -std=c++11 -MD -MT src/parser/transform/constraint/CMakeFiles/duckdb_transformer_constraint.dir/ub_duckdb_transformer_constraint.cpp.o -MF src/parser/transform/constraint/CMakeFiles/duckdb_transformer_constraint.dir/ub_duckdb_transformer_constraint.cpp.o.d -o src/parser/transform/constraint/CMakeFiles/duckdb_transformer_constraint.dir/ub_duckdb_transformer_constraint.cpp.o -c /home/pei/Project/duckdb-polr/build/release/src/parser/transform/constraint/ub_duckdb_transformer_constraint.cpp
[29/376] /usr/bin/ccache /usr/lib/ccache/c++ -DDUCKDB -DDUCKDB_BUILD_LIBRARY -DDUCKDB_MAIN_LIBRARY -DENABLE_CROSS_PRODUCT_REWRITE=0 -DENABLE_DEBUG_PRINT=0 -DENABLE_MEASURE_EXE_TIME=0 -DENABLE_MERGE_BACK_PLAN=0 -DENABLE_PARALLEL_EXECUTION=0 -DENABLE_QUERY_SPLIT=0 -DENABLE_SPECIFY_EST_STAT=0 -I/home/pei/Project/duckdb-polr/src/include -I/home/pei/Project/duckdb-polr/third_party/fsst -I/home/pei/Project/duckdb-polr/third_party/fmt/include -I/home/pei/Project/duckdb-polr/third_party/hyperloglog -I/home/pei/Project/duckdb-polr/third_party/fastpforlib -I/home/pei/Project/duckdb-polr/third_party/fast_float -I/home/pei/Project/duckdb-polr/third_party/re2 -I/home/pei/Project/duckdb-polr/third_party/miniz -I/home/pei/Project/duckdb-polr/third_party/utf8proc/include -I/home/pei/Project/duckdb-polr/third_party/miniparquet -I/home/pei/Project/duckdb-polr/third_party/concurrentqueue -I/home/pei/Project/duckdb-polr/third_party/pcg -I/home/pei/Project/duckdb-polr/third_party/tdigest -I/home/pei/Project/duckdb-polr/third_party/mbedtls/include -I/home/pei/Project/duckdb-polr/third_party/jaro_winkler -I/home/pei/Project/duckdb-polr/src/parser/../../third_party/libpg_query/include -I/home/pei/Project/duckdb-polr/src/parser/../../third_party/libpg_query -O3 -DNDEBUG -O3 -DNDEBUG   -fPIC -fdiagnostics-color=always -std=c++11 -MD -MT src/parser/transform/helpers/CMakeFiles/duckdb_transformer_helpers.dir/ub_duckdb_transformer_helpers.cpp.o -MF src/parser/transform/helpers/CMakeFiles/duckdb_transformer_helpers.dir/ub_duckdb_transformer_helpers.cpp.o.d -o src/parser/transform/helpers/CMakeFiles/duckdb_transformer_helpers.dir/ub_duckdb_transformer_helpers.cpp.o -c /home/pei/Project/duckdb-polr/build/release/src/parser/transform/helpers/ub_duckdb_transformer_helpers.cpp
[30/376] /usr/bin/ccache /usr/lib/ccache/c++ -DDUCKDB -DDUCKDB_BUILD_LIBRARY -DDUCKDB_MAIN_LIBRARY -DENABLE_CROSS_PRODUCT_REWRITE=0 -DENABLE_DEBUG_PRINT=0 -DENABLE_MEASURE_EXE_TIME=0 -DENABLE_MERGE_BACK_PLAN=0 -DENABLE_PARALLEL_EXECUTION=0 -DENABLE_QUERY_SPLIT=0 -DENABLE_SPECIFY_EST_STAT=0 -I/home/pei/Project/duckdb-polr/src/include -I/home/pei/Project/duckdb-polr/third_party/fsst -I/home/pei/Project/duckdb-polr/third_party/fmt/include -I/home/pei/Project/duckdb-polr/third_party/hyperloglog -I/home/pei/Project/duckdb-polr/third_party/fastpforlib -I/home/pei/Project/duckdb-polr/third_party/fast_float -I/home/pei/Project/duckdb-polr/third_party/re2 -I/home/pei/Project/duckdb-polr/third_party/miniz -I/home/pei/Project/duckdb-polr/third_party/utf8proc/include -I/home/pei/Project/duckdb-polr/third_party/miniparquet -I/home/pei/Project/duckdb-polr/third_party/concurrentqueue -I/home/pei/Project/duckdb-polr/third_party/pcg -I/home/pei/Project/duckdb-polr/third_party/tdigest -I/home/pei/Project/duckdb-polr/third_party/mbedtls/include -I/home/pei/Project/duckdb-polr/third_party/jaro_winkler -I/home/pei/Project/duckdb-polr/src/parser/../../third_party/libpg_query/include -I/home/pei/Project/duckdb-polr/src/parser/../../third_party/libpg_query -O3 -DNDEBUG -O3 -DNDEBUG   -fPIC -fdiagnostics-color=always -std=c++11 -MD -MT src/parser/transform/expression/CMakeFiles/duckdb_transformer_expression.dir/ub_duckdb_transformer_expression.cpp.o -MF src/parser/transform/expression/CMakeFiles/duckdb_transformer_expression.dir/ub_duckdb_transformer_expression.cpp.o.d -o src/parser/transform/expression/CMakeFiles/duckdb_transformer_expression.dir/ub_duckdb_transformer_expression.cpp.o -c /home/pei/Project/duckdb-polr/build/release/src/parser/transform/expression/ub_duckdb_transformer_expression.cpp
[31/376] /usr/bin/ccache /usr/lib/ccache/c++ -DDUCKDB -DDUCKDB_BUILD_LIBRARY -DDUCKDB_MAIN_LIBRARY -DENABLE_CROSS_PRODUCT_REWRITE=0 -DENABLE_DEBUG_PRINT=0 -DENABLE_MEASURE_EXE_TIME=0 -DENABLE_MERGE_BACK_PLAN=0 -DENABLE_PARALLEL_EXECUTION=0 -DENABLE_QUERY_SPLIT=0 -DENABLE_SPECIFY_EST_STAT=0 -I/home/pei/Project/duckdb-polr/src/include -I/home/pei/Project/duckdb-polr/third_party/fsst -I/home/pei/Project/duckdb-polr/third_party/fmt/include -I/home/pei/Project/duckdb-polr/third_party/hyperloglog -I/home/pei/Project/duckdb-polr/third_party/fastpforlib -I/home/pei/Project/duckdb-polr/third_party/fast_float -I/home/pei/Project/duckdb-polr/third_party/re2 -I/home/pei/Project/duckdb-polr/third_party/miniz -I/home/pei/Project/duckdb-polr/third_party/utf8proc/include -I/home/pei/Project/duckdb-polr/third_party/miniparquet -I/home/pei/Project/duckdb-polr/third_party/concurrentqueue -I/home/pei/Project/duckdb-polr/third_party/pcg -I/home/pei/Project/duckdb-polr/third_party/tdigest -I/home/pei/Project/duckdb-polr/third_party/mbedtls/include -I/home/pei/Project/duckdb-polr/third_party/jaro_winkler -I/home/pei/Project/duckdb-polr/src/parser/../../third_party/libpg_query/include -I/home/pei/Project/duckdb-polr/src/parser/../../third_party/libpg_query -O3 -DNDEBUG -O3 -DNDEBUG   -fPIC -fdiagnostics-color=always -std=c++11 -MD -MT src/parser/transform/tableref/CMakeFiles/duckdb_transformer_tableref.dir/ub_duckdb_transformer_tableref.cpp.o -MF src/parser/transform/tableref/CMakeFiles/duckdb_transformer_tableref.dir/ub_duckdb_transformer_tableref.cpp.o.d -o src/parser/transform/tableref/CMakeFiles/duckdb_transformer_tableref.dir/ub_duckdb_transformer_tableref.cpp.o -c /home/pei/Project/duckdb-polr/build/release/src/parser/transform/tableref/ub_duckdb_transformer_tableref.cpp
[32/376] /usr/bin/ccache /usr/lib/ccache/c++ -DDUCKDB -DDUCKDB_BUILD_LIBRARY -DDUCKDB_MAIN_LIBRARY -DENABLE_CROSS_PRODUCT_REWRITE=0 -DENABLE_DEBUG_PRINT=0 -DENABLE_MEASURE_EXE_TIME=0 -DENABLE_MERGE_BACK_PLAN=0 -DENABLE_PARALLEL_EXECUTION=0 -DENABLE_QUERY_SPLIT=0 -DENABLE_SPECIFY_EST_STAT=0 -I/home/pei/Project/duckdb-polr/src/include -I/home/pei/Project/duckdb-polr/third_party/fsst -I/home/pei/Project/duckdb-polr/third_party/fmt/include -I/home/pei/Project/duckdb-polr/third_party/hyperloglog -I/home/pei/Project/duckdb-polr/third_party/fastpforlib -I/home/pei/Project/duckdb-polr/third_party/fast_float -I/home/pei/Project/duckdb-polr/third_party/re2 -I/home/pei/Project/duckdb-polr/third_party/miniz -I/home/pei/Project/duckdb-polr/third_party/utf8proc/include -I/home/pei/Project/duckdb-polr/third_party/miniparquet -I/home/pei/Project/duckdb-polr/third_party/concurrentqueue -I/home/pei/Project/duckdb-polr/third_party/pcg -I/home/pei/Project/duckdb-polr/third_party/tdigest -I/home/pei/Project/duckdb-polr/third_party/mbedtls/include -I/home/pei/Project/duckdb-polr/third_party/jaro_winkler -O3 -DNDEBUG -O3 -DNDEBUG   -fPIC -fdiagnostics-color=always -std=c++11 -MD -MT src/function/aggregate/CMakeFiles/duckdb_func_aggr.dir/ub_duckdb_func_aggr.cpp.o -MF src/function/aggregate/CMakeFiles/duckdb_func_aggr.dir/ub_duckdb_func_aggr.cpp.o.d -o src/function/aggregate/CMakeFiles/duckdb_func_aggr.dir/ub_duckdb_func_aggr.cpp.o -c /home/pei/Project/duckdb-polr/build/release/src/function/aggregate/ub_duckdb_func_aggr.cpp
[33/376] /usr/bin/ccache /usr/lib/ccache/c++ -DDUCKDB -DDUCKDB_BUILD_LIBRARY -DDUCKDB_MAIN_LIBRARY -DENABLE_CROSS_PRODUCT_REWRITE=0 -DENABLE_DEBUG_PRINT=0 -DENABLE_MEASURE_EXE_TIME=0 -DENABLE_MERGE_BACK_PLAN=0 -DENABLE_PARALLEL_EXECUTION=0 -DENABLE_QUERY_SPLIT=0 -DENABLE_SPECIFY_EST_STAT=0 -I/home/pei/Project/duckdb-polr/src/include -I/home/pei/Project/duckdb-polr/third_party/fsst -I/home/pei/Project/duckdb-polr/third_party/fmt/include -I/home/pei/Project/duckdb-polr/third_party/hyperloglog -I/home/pei/Project/duckdb-polr/third_party/fastpforlib -I/home/pei/Project/duckdb-polr/third_party/fast_float -I/home/pei/Project/duckdb-polr/third_party/re2 -I/home/pei/Project/duckdb-polr/third_party/miniz -I/home/pei/Project/duckdb-polr/third_party/utf8proc/include -I/home/pei/Project/duckdb-polr/third_party/miniparquet -I/home/pei/Project/duckdb-polr/third_party/concurrentqueue -I/home/pei/Project/duckdb-polr/third_party/pcg -I/home/pei/Project/duckdb-polr/third_party/tdigest -I/home/pei/Project/duckdb-polr/third_party/mbedtls/include -I/home/pei/Project/duckdb-polr/third_party/jaro_winkler -I/home/pei/Project/duckdb-polr/src/parser/../../third_party/libpg_query/include -I/home/pei/Project/duckdb-polr/src/parser/../../third_party/libpg_query -O3 -DNDEBUG -O3 -DNDEBUG   -fPIC -fdiagnostics-color=always -std=c++11 -MD -MT src/parser/transform/statement/CMakeFiles/duckdb_transformer_statement.dir/ub_duckdb_transformer_statement.cpp.o -MF src/parser/transform/statement/CMakeFiles/duckdb_transformer_statement.dir/ub_duckdb_transformer_statement.cpp.o.d -o src/parser/transform/statement/CMakeFiles/duckdb_transformer_statement.dir/ub_duckdb_transformer_statement.cpp.o -c /home/pei/Project/duckdb-polr/build/release/src/parser/transform/statement/ub_duckdb_transformer_statement.cpp
[34/376] /usr/bin/ccache /usr/lib/ccache/c++ -DDUCKDB -DDUCKDB_BUILD_LIBRARY -DDUCKDB_MAIN_LIBRARY -DENABLE_CROSS_PRODUCT_REWRITE=0 -DENABLE_DEBUG_PRINT=0 -DENABLE_MEASURE_EXE_TIME=0 -DENABLE_MERGE_BACK_PLAN=0 -DENABLE_PARALLEL_EXECUTION=0 -DENABLE_QUERY_SPLIT=0 -DENABLE_SPECIFY_EST_STAT=0 -I/home/pei/Project/duckdb-polr/src/include -I/home/pei/Project/duckdb-polr/third_party/fsst -I/home/pei/Project/duckdb-polr/third_party/fmt/include -I/home/pei/Project/duckdb-polr/third_party/hyperloglog -I/home/pei/Project/duckdb-polr/third_party/fastpforlib -I/home/pei/Project/duckdb-polr/third_party/fast_float -I/home/pei/Project/duckdb-polr/third_party/re2 -I/home/pei/Project/duckdb-polr/third_party/miniz -I/home/pei/Project/duckdb-polr/third_party/utf8proc/include -I/home/pei/Project/duckdb-polr/third_party/miniparquet -I/home/pei/Project/duckdb-polr/third_party/concurrentqueue -I/home/pei/Project/duckdb-polr/third_party/pcg -I/home/pei/Project/duckdb-polr/third_party/tdigest -I/home/pei/Project/duckdb-polr/third_party/mbedtls/include -I/home/pei/Project/duckdb-polr/third_party/jaro_winkler -O3 -DNDEBUG -O3 -DNDEBUG   -fPIC -fdiagnostics-color=always -std=c++11 -MD -MT src/function/aggregate/algebraic/CMakeFiles/duckdb_aggr_algebraic.dir/ub_duckdb_aggr_algebraic.cpp.o -MF src/function/aggregate/algebraic/CMakeFiles/duckdb_aggr_algebraic.dir/ub_duckdb_aggr_algebraic.cpp.o.d -o src/function/aggregate/algebraic/CMakeFiles/duckdb_aggr_algebraic.dir/ub_duckdb_aggr_algebraic.cpp.o -c /home/pei/Project/duckdb-polr/build/release/src/function/aggregate/algebraic/ub_duckdb_aggr_algebraic.cpp
[35/376] /usr/bin/ccache /usr/lib/ccache/c++ -DDUCKDB -DDUCKDB_BUILD_LIBRARY -DDUCKDB_MAIN_LIBRARY -DENABLE_CROSS_PRODUCT_REWRITE=0 -DENABLE_DEBUG_PRINT=0 -DENABLE_MEASURE_EXE_TIME=0 -DENABLE_MERGE_BACK_PLAN=0 -DENABLE_PARALLEL_EXECUTION=0 -DENABLE_QUERY_SPLIT=0 -DENABLE_SPECIFY_EST_STAT=0 -I/home/pei/Project/duckdb-polr/src/include -I/home/pei/Project/duckdb-polr/third_party/fsst -I/home/pei/Project/duckdb-polr/third_party/fmt/include -I/home/pei/Project/duckdb-polr/third_party/hyperloglog -I/home/pei/Project/duckdb-polr/third_party/fastpforlib -I/home/pei/Project/duckdb-polr/third_party/fast_float -I/home/pei/Project/duckdb-polr/third_party/re2 -I/home/pei/Project/duckdb-polr/third_party/miniz -I/home/pei/Project/duckdb-polr/third_party/utf8proc/include -I/home/pei/Project/duckdb-polr/third_party/miniparquet -I/home/pei/Project/duckdb-polr/third_party/concurrentqueue -I/home/pei/Project/duckdb-polr/third_party/pcg -I/home/pei/Project/duckdb-polr/third_party/tdigest -I/home/pei/Project/duckdb-polr/third_party/mbedtls/include -I/home/pei/Project/duckdb-polr/third_party/jaro_winkler -O3 -DNDEBUG -O3 -DNDEBUG   -fPIC -fdiagnostics-color=always -std=c++11 -MD -MT src/function/CMakeFiles/duckdb_function.dir/ub_duckdb_function.cpp.o -MF src/function/CMakeFiles/duckdb_function.dir/ub_duckdb_function.cpp.o.d -o src/function/CMakeFiles/duckdb_function.dir/ub_duckdb_function.cpp.o -c /home/pei/Project/duckdb-polr/build/release/src/function/ub_duckdb_function.cpp
[36/376] /usr/bin/ccache /usr/lib/ccache/c++ -DDUCKDB -DDUCKDB_BUILD_LIBRARY -DDUCKDB_MAIN_LIBRARY -DENABLE_CROSS_PRODUCT_REWRITE=0 -DENABLE_DEBUG_PRINT=0 -DENABLE_MEASURE_EXE_TIME=0 -DENABLE_MERGE_BACK_PLAN=0 -DENABLE_PARALLEL_EXECUTION=0 -DENABLE_QUERY_SPLIT=0 -DENABLE_SPECIFY_EST_STAT=0 -I/home/pei/Project/duckdb-polr/src/include -I/home/pei/Project/duckdb-polr/third_party/fsst -I/home/pei/Project/duckdb-polr/third_party/fmt/include -I/home/pei/Project/duckdb-polr/third_party/hyperloglog -I/home/pei/Project/duckdb-polr/third_party/fastpforlib -I/home/pei/Project/duckdb-polr/third_party/fast_float -I/home/pei/Project/duckdb-polr/third_party/re2 -I/home/pei/Project/duckdb-polr/third_party/miniz -I/home/pei/Project/duckdb-polr/third_party/utf8proc/include -I/home/pei/Project/duckdb-polr/third_party/miniparquet -I/home/pei/Project/duckdb-polr/third_party/concurrentqueue -I/home/pei/Project/duckdb-polr/third_party/pcg -I/home/pei/Project/duckdb-polr/third_party/tdigest -I/home/pei/Project/duckdb-polr/third_party/mbedtls/include -I/home/pei/Project/duckdb-polr/third_party/jaro_winkler -O3 -DNDEBUG -O3 -DNDEBUG   -fPIC -fdiagnostics-color=always -std=c++11 -MD -MT src/function/aggregate/nested/CMakeFiles/duckdb_aggr_nested.dir/ub_duckdb_aggr_nested.cpp.o -MF src/function/aggregate/nested/CMakeFiles/duckdb_aggr_nested.dir/ub_duckdb_aggr_nested.cpp.o.d -o src/function/aggregate/nested/CMakeFiles/duckdb_aggr_nested.dir/ub_duckdb_aggr_nested.cpp.o -c /home/pei/Project/duckdb-polr/build/release/src/function/aggregate/nested/ub_duckdb_aggr_nested.cpp
[37/376] /usr/bin/ccache /usr/lib/ccache/c++ -DDUCKDB -DDUCKDB_BUILD_LIBRARY -DDUCKDB_MAIN_LIBRARY -DENABLE_CROSS_PRODUCT_REWRITE=0 -DENABLE_DEBUG_PRINT=0 -DENABLE_MEASURE_EXE_TIME=0 -DENABLE_MERGE_BACK_PLAN=0 -DENABLE_PARALLEL_EXECUTION=0 -DENABLE_QUERY_SPLIT=0 -DENABLE_SPECIFY_EST_STAT=0 -I/home/pei/Project/duckdb-polr/src/include -I/home/pei/Project/duckdb-polr/third_party/fsst -I/home/pei/Project/duckdb-polr/third_party/fmt/include -I/home/pei/Project/duckdb-polr/third_party/hyperloglog -I/home/pei/Project/duckdb-polr/third_party/fastpforlib -I/home/pei/Project/duckdb-polr/third_party/fast_float -I/home/pei/Project/duckdb-polr/third_party/re2 -I/home/pei/Project/duckdb-polr/third_party/miniz -I/home/pei/Project/duckdb-polr/third_party/utf8proc/include -I/home/pei/Project/duckdb-polr/third_party/miniparquet -I/home/pei/Project/duckdb-polr/third_party/concurrentqueue -I/home/pei/Project/duckdb-polr/third_party/pcg -I/home/pei/Project/duckdb-polr/third_party/tdigest -I/home/pei/Project/duckdb-polr/third_party/mbedtls/include -I/home/pei/Project/duckdb-polr/third_party/jaro_winkler -O3 -DNDEBUG -O3 -DNDEBUG   -fPIC -fdiagnostics-color=always -std=c++11 -MD -MT src/function/aggregate/regression/CMakeFiles/duckdb_aggr_regr.dir/ub_duckdb_aggr_regr.cpp.o -MF src/function/aggregate/regression/CMakeFiles/duckdb_aggr_regr.dir/ub_duckdb_aggr_regr.cpp.o.d -o src/function/aggregate/regression/CMakeFiles/duckdb_aggr_regr.dir/ub_duckdb_aggr_regr.cpp.o -c /home/pei/Project/duckdb-polr/build/release/src/function/aggregate/regression/ub_duckdb_aggr_regr.cpp
[38/376] /usr/bin/ccache /usr/lib/ccache/c++ -DDUCKDB -DDUCKDB_BUILD_LIBRARY -DDUCKDB_MAIN_LIBRARY -DENABLE_CROSS_PRODUCT_REWRITE=0 -DENABLE_DEBUG_PRINT=0 -DENABLE_MEASURE_EXE_TIME=0 -DENABLE_MERGE_BACK_PLAN=0 -DENABLE_PARALLEL_EXECUTION=0 -DENABLE_QUERY_SPLIT=0 -DENABLE_SPECIFY_EST_STAT=0 -I/home/pei/Project/duckdb-polr/src/include -I/home/pei/Project/duckdb-polr/third_party/fsst -I/home/pei/Project/duckdb-polr/third_party/fmt/include -I/home/pei/Project/duckdb-polr/third_party/hyperloglog -I/home/pei/Project/duckdb-polr/third_party/fastpforlib -I/home/pei/Project/duckdb-polr/third_party/fast_float -I/home/pei/Project/duckdb-polr/third_party/re2 -I/home/pei/Project/duckdb-polr/third_party/miniz -I/home/pei/Project/duckdb-polr/third_party/utf8proc/include -I/home/pei/Project/duckdb-polr/third_party/miniparquet -I/home/pei/Project/duckdb-polr/third_party/concurrentqueue -I/home/pei/Project/duckdb-polr/third_party/pcg -I/home/pei/Project/duckdb-polr/third_party/tdigest -I/home/pei/Project/duckdb-polr/third_party/mbedtls/include -I/home/pei/Project/duckdb-polr/third_party/jaro_winkler -O3 -DNDEBUG -O3 -DNDEBUG   -fPIC -fdiagnostics-color=always -std=c++11 -MD -MT src/function/scalar/CMakeFiles/duckdb_func_scalar.dir/ub_duckdb_func_scalar.cpp.o -MF src/function/scalar/CMakeFiles/duckdb_func_scalar.dir/ub_duckdb_func_scalar.cpp.o.d -o src/function/scalar/CMakeFiles/duckdb_func_scalar.dir/ub_duckdb_func_scalar.cpp.o -c /home/pei/Project/duckdb-polr/build/release/src/function/scalar/ub_duckdb_func_scalar.cpp
[39/376] /usr/bin/ccache /usr/lib/ccache/c++ -DDUCKDB -DDUCKDB_BUILD_LIBRARY -DDUCKDB_MAIN_LIBRARY -DENABLE_CROSS_PRODUCT_REWRITE=0 -DENABLE_DEBUG_PRINT=0 -DENABLE_MEASURE_EXE_TIME=0 -DENABLE_MERGE_BACK_PLAN=0 -DENABLE_PARALLEL_EXECUTION=0 -DENABLE_QUERY_SPLIT=0 -DENABLE_SPECIFY_EST_STAT=0 -I/home/pei/Project/duckdb-polr/src/include -I/home/pei/Project/duckdb-polr/third_party/fsst -I/home/pei/Project/duckdb-polr/third_party/fmt/include -I/home/pei/Project/duckdb-polr/third_party/hyperloglog -I/home/pei/Project/duckdb-polr/third_party/fastpforlib -I/home/pei/Project/duckdb-polr/third_party/fast_float -I/home/pei/Project/duckdb-polr/third_party/re2 -I/home/pei/Project/duckdb-polr/third_party/miniz -I/home/pei/Project/duckdb-polr/third_party/utf8proc/include -I/home/pei/Project/duckdb-polr/third_party/miniparquet -I/home/pei/Project/duckdb-polr/third_party/concurrentqueue -I/home/pei/Project/duckdb-polr/third_party/pcg -I/home/pei/Project/duckdb-polr/third_party/tdigest -I/home/pei/Project/duckdb-polr/third_party/mbedtls/include -I/home/pei/Project/duckdb-polr/third_party/jaro_winkler -O3 -DNDEBUG -O3 -DNDEBUG   -fPIC -fdiagnostics-color=always -std=c++11 -MD -MT src/function/aggregate/distributive/CMakeFiles/duckdb_aggr_distr.dir/ub_duckdb_aggr_distr.cpp.o -MF src/function/aggregate/distributive/CMakeFiles/duckdb_aggr_distr.dir/ub_duckdb_aggr_distr.cpp.o.d -o src/function/aggregate/distributive/CMakeFiles/duckdb_aggr_distr.dir/ub_duckdb_aggr_distr.cpp.o -c /home/pei/Project/duckdb-polr/build/release/src/function/aggregate/distributive/ub_duckdb_aggr_distr.cpp
[40/376] /usr/bin/ccache /usr/lib/ccache/c++ -DDUCKDB -DDUCKDB_BUILD_LIBRARY -DDUCKDB_MAIN_LIBRARY -DENABLE_CROSS_PRODUCT_REWRITE=0 -DENABLE_DEBUG_PRINT=0 -DENABLE_MEASURE_EXE_TIME=0 -DENABLE_MERGE_BACK_PLAN=0 -DENABLE_PARALLEL_EXECUTION=0 -DENABLE_QUERY_SPLIT=0 -DENABLE_SPECIFY_EST_STAT=0 -I/home/pei/Project/duckdb-polr/src/include -I/home/pei/Project/duckdb-polr/third_party/fsst -I/home/pei/Project/duckdb-polr/third_party/fmt/include -I/home/pei/Project/duckdb-polr/third_party/hyperloglog -I/home/pei/Project/duckdb-polr/third_party/fastpforlib -I/home/pei/Project/duckdb-polr/third_party/fast_float -I/home/pei/Project/duckdb-polr/third_party/re2 -I/home/pei/Project/duckdb-polr/third_party/miniz -I/home/pei/Project/duckdb-polr/third_party/utf8proc/include -I/home/pei/Project/duckdb-polr/third_party/miniparquet -I/home/pei/Project/duckdb-polr/third_party/concurrentqueue -I/home/pei/Project/duckdb-polr/third_party/pcg -I/home/pei/Project/duckdb-polr/third_party/tdigest -I/home/pei/Project/duckdb-polr/third_party/mbedtls/include -I/home/pei/Project/duckdb-polr/third_party/jaro_winkler -O3 -DNDEBUG -O3 -DNDEBUG   -fPIC -fdiagnostics-color=always -std=c++11 -MD -MT src/function/scalar/blob/CMakeFiles/duckdb_func_blob.dir/ub_duckdb_func_blob.cpp.o -MF src/function/scalar/blob/CMakeFiles/duckdb_func_blob.dir/ub_duckdb_func_blob.cpp.o.d -o src/function/scalar/blob/CMakeFiles/duckdb_func_blob.dir/ub_duckdb_func_blob.cpp.o -c /home/pei/Project/duckdb-polr/build/release/src/function/scalar/blob/ub_duckdb_func_blob.cpp
[41/376] /usr/bin/ccache /usr/lib/ccache/c++ -DDUCKDB -DDUCKDB_BUILD_LIBRARY -DDUCKDB_MAIN_LIBRARY -DENABLE_CROSS_PRODUCT_REWRITE=0 -DENABLE_DEBUG_PRINT=0 -DENABLE_MEASURE_EXE_TIME=0 -DENABLE_MERGE_BACK_PLAN=0 -DENABLE_PARALLEL_EXECUTION=0 -DENABLE_QUERY_SPLIT=0 -DENABLE_SPECIFY_EST_STAT=0 -I/home/pei/Project/duckdb-polr/src/include -I/home/pei/Project/duckdb-polr/third_party/fsst -I/home/pei/Project/duckdb-polr/third_party/fmt/include -I/home/pei/Project/duckdb-polr/third_party/hyperloglog -I/home/pei/Project/duckdb-polr/third_party/fastpforlib -I/home/pei/Project/duckdb-polr/third_party/fast_float -I/home/pei/Project/duckdb-polr/third_party/re2 -I/home/pei/Project/duckdb-polr/third_party/miniz -I/home/pei/Project/duckdb-polr/third_party/utf8proc/include -I/home/pei/Project/duckdb-polr/third_party/miniparquet -I/home/pei/Project/duckdb-polr/third_party/concurrentqueue -I/home/pei/Project/duckdb-polr/third_party/pcg -I/home/pei/Project/duckdb-polr/third_party/tdigest -I/home/pei/Project/duckdb-polr/third_party/mbedtls/include -I/home/pei/Project/duckdb-polr/third_party/jaro_winkler -O3 -DNDEBUG -O3 -DNDEBUG   -fPIC -fdiagnostics-color=always -std=c++11 -MD -MT src/function/aggregate/holistic/CMakeFiles/duckdb_aggr_holistic.dir/ub_duckdb_aggr_holistic.cpp.o -MF src/function/aggregate/holistic/CMakeFiles/duckdb_aggr_holistic.dir/ub_duckdb_aggr_holistic.cpp.o.d -o src/function/aggregate/holistic/CMakeFiles/duckdb_aggr_holistic.dir/ub_duckdb_aggr_holistic.cpp.o -c /home/pei/Project/duckdb-polr/build/release/src/function/aggregate/holistic/ub_duckdb_aggr_holistic.cpp
[42/376] /usr/bin/ccache /usr/lib/ccache/c++ -DDUCKDB -DDUCKDB_BUILD_LIBRARY -DDUCKDB_MAIN_LIBRARY -DENABLE_CROSS_PRODUCT_REWRITE=0 -DENABLE_DEBUG_PRINT=0 -DENABLE_MEASURE_EXE_TIME=0 -DENABLE_MERGE_BACK_PLAN=0 -DENABLE_PARALLEL_EXECUTION=0 -DENABLE_QUERY_SPLIT=0 -DENABLE_SPECIFY_EST_STAT=0 -I/home/pei/Project/duckdb-polr/src/include -I/home/pei/Project/duckdb-polr/third_party/fsst -I/home/pei/Project/duckdb-polr/third_party/fmt/include -I/home/pei/Project/duckdb-polr/third_party/hyperloglog -I/home/pei/Project/duckdb-polr/third_party/fastpforlib -I/home/pei/Project/duckdb-polr/third_party/fast_float -I/home/pei/Project/duckdb-polr/third_party/re2 -I/home/pei/Project/duckdb-polr/third_party/miniz -I/home/pei/Project/duckdb-polr/third_party/utf8proc/include -I/home/pei/Project/duckdb-polr/third_party/miniparquet -I/home/pei/Project/duckdb-polr/third_party/concurrentqueue -I/home/pei/Project/duckdb-polr/third_party/pcg -I/home/pei/Project/duckdb-polr/third_party/tdigest -I/home/pei/Project/duckdb-polr/third_party/mbedtls/include -I/home/pei/Project/duckdb-polr/third_party/jaro_winkler -O3 -DNDEBUG -O3 -DNDEBUG   -fPIC -fdiagnostics-color=always -std=c++11 -MD -MT src/function/pragma/CMakeFiles/duckdb_func_pragma.dir/ub_duckdb_func_pragma.cpp.o -MF src/function/pragma/CMakeFiles/duckdb_func_pragma.dir/ub_duckdb_func_pragma.cpp.o.d -o src/function/pragma/CMakeFiles/duckdb_func_pragma.dir/ub_duckdb_func_pragma.cpp.o -c /home/pei/Project/duckdb-polr/build/release/src/function/pragma/ub_duckdb_func_pragma.cpp
[43/376] /usr/bin/ccache /usr/lib/ccache/c++ -DDUCKDB -DDUCKDB_BUILD_LIBRARY -DDUCKDB_MAIN_LIBRARY -DENABLE_CROSS_PRODUCT_REWRITE=0 -DENABLE_DEBUG_PRINT=0 -DENABLE_MEASURE_EXE_TIME=0 -DENABLE_MERGE_BACK_PLAN=0 -DENABLE_PARALLEL_EXECUTION=0 -DENABLE_QUERY_SPLIT=0 -DENABLE_SPECIFY_EST_STAT=0 -I/home/pei/Project/duckdb-polr/src/include -I/home/pei/Project/duckdb-polr/third_party/fsst -I/home/pei/Project/duckdb-polr/third_party/fmt/include -I/home/pei/Project/duckdb-polr/third_party/hyperloglog -I/home/pei/Project/duckdb-polr/third_party/fastpforlib -I/home/pei/Project/duckdb-polr/third_party/fast_float -I/home/pei/Project/duckdb-polr/third_party/re2 -I/home/pei/Project/duckdb-polr/third_party/miniz -I/home/pei/Project/duckdb-polr/third_party/utf8proc/include -I/home/pei/Project/duckdb-polr/third_party/miniparquet -I/home/pei/Project/duckdb-polr/third_party/concurrentqueue -I/home/pei/Project/duckdb-polr/third_party/pcg -I/home/pei/Project/duckdb-polr/third_party/tdigest -I/home/pei/Project/duckdb-polr/third_party/mbedtls/include -I/home/pei/Project/duckdb-polr/third_party/jaro_winkler -O3 -DNDEBUG -O3 -DNDEBUG   -fPIC -fdiagnostics-color=always -std=c++11 -MD -MT src/function/cast/CMakeFiles/duckdb_func_cast.dir/ub_duckdb_func_cast.cpp.o -MF src/function/cast/CMakeFiles/duckdb_func_cast.dir/ub_duckdb_func_cast.cpp.o.d -o src/function/cast/CMakeFiles/duckdb_func_cast.dir/ub_duckdb_func_cast.cpp.o -c /home/pei/Project/duckdb-polr/build/release/src/function/cast/ub_duckdb_func_cast.cpp
[44/376] /usr/bin/ccache /usr/lib/ccache/c++ -DDUCKDB -DDUCKDB_BUILD_LIBRARY -DDUCKDB_MAIN_LIBRARY -DENABLE_CROSS_PRODUCT_REWRITE=0 -DENABLE_DEBUG_PRINT=0 -DENABLE_MEASURE_EXE_TIME=0 -DENABLE_MERGE_BACK_PLAN=0 -DENABLE_PARALLEL_EXECUTION=0 -DENABLE_QUERY_SPLIT=0 -DENABLE_SPECIFY_EST_STAT=0 -I/home/pei/Project/duckdb-polr/src/include -I/home/pei/Project/duckdb-polr/third_party/fsst -I/home/pei/Project/duckdb-polr/third_party/fmt/include -I/home/pei/Project/duckdb-polr/third_party/hyperloglog -I/home/pei/Project/duckdb-polr/third_party/fastpforlib -I/home/pei/Project/duckdb-polr/third_party/fast_float -I/home/pei/Project/duckdb-polr/third_party/re2 -I/home/pei/Project/duckdb-polr/third_party/miniz -I/home/pei/Project/duckdb-polr/third_party/utf8proc/include -I/home/pei/Project/duckdb-polr/third_party/miniparquet -I/home/pei/Project/duckdb-polr/third_party/concurrentqueue -I/home/pei/Project/duckdb-polr/third_party/pcg -I/home/pei/Project/duckdb-polr/third_party/tdigest -I/home/pei/Project/duckdb-polr/third_party/mbedtls/include -I/home/pei/Project/duckdb-polr/third_party/jaro_winkler -O3 -DNDEBUG -O3 -DNDEBUG   -fPIC -fdiagnostics-color=always -std=c++11 -MD -MT src/function/scalar/map/CMakeFiles/duckdb_func_map_nested.dir/ub_duckdb_func_map_nested.cpp.o -MF src/function/scalar/map/CMakeFiles/duckdb_func_map_nested.dir/ub_duckdb_func_map_nested.cpp.o.d -o src/function/scalar/map/CMakeFiles/duckdb_func_map_nested.dir/ub_duckdb_func_map_nested.cpp.o -c /home/pei/Project/duckdb-polr/build/release/src/function/scalar/map/ub_duckdb_func_map_nested.cpp
[45/376] /usr/bin/ccache /usr/lib/ccache/c++ -DDUCKDB -DDUCKDB_BUILD_LIBRARY -DDUCKDB_MAIN_LIBRARY -DENABLE_CROSS_PRODUCT_REWRITE=0 -DENABLE_DEBUG_PRINT=0 -DENABLE_MEASURE_EXE_TIME=0 -DENABLE_MERGE_BACK_PLAN=0 -DENABLE_PARALLEL_EXECUTION=0 -DENABLE_QUERY_SPLIT=0 -DENABLE_SPECIFY_EST_STAT=0 -I/home/pei/Project/duckdb-polr/src/include -I/home/pei/Project/duckdb-polr/third_party/fsst -I/home/pei/Project/duckdb-polr/third_party/fmt/include -I/home/pei/Project/duckdb-polr/third_party/hyperloglog -I/home/pei/Project/duckdb-polr/third_party/fastpforlib -I/home/pei/Project/duckdb-polr/third_party/fast_float -I/home/pei/Project/duckdb-polr/third_party/re2 -I/home/pei/Project/duckdb-polr/third_party/miniz -I/home/pei/Project/duckdb-polr/third_party/utf8proc/include -I/home/pei/Project/duckdb-polr/third_party/miniparquet -I/home/pei/Project/duckdb-polr/third_party/concurrentqueue -I/home/pei/Project/duckdb-polr/third_party/pcg -I/home/pei/Project/duckdb-polr/third_party/tdigest -I/home/pei/Project/duckdb-polr/third_party/mbedtls/include -I/home/pei/Project/duckdb-polr/third_party/jaro_winkler -O3 -DNDEBUG -O3 -DNDEBUG   -fPIC -fdiagnostics-color=always -std=c++11 -MD -MT src/function/scalar/generic/CMakeFiles/duckdb_func_generic.dir/ub_duckdb_func_generic.cpp.o -MF src/function/scalar/generic/CMakeFiles/duckdb_func_generic.dir/ub_duckdb_func_generic.cpp.o.d -o src/function/scalar/generic/CMakeFiles/duckdb_func_generic.dir/ub_duckdb_func_generic.cpp.o -c /home/pei/Project/duckdb-polr/build/release/src/function/scalar/generic/ub_duckdb_func_generic.cpp
[46/376] /usr/bin/ccache /usr/lib/ccache/c++ -DDUCKDB -DDUCKDB_BUILD_LIBRARY -DDUCKDB_MAIN_LIBRARY -DENABLE_CROSS_PRODUCT_REWRITE=0 -DENABLE_DEBUG_PRINT=0 -DENABLE_MEASURE_EXE_TIME=0 -DENABLE_MERGE_BACK_PLAN=0 -DENABLE_PARALLEL_EXECUTION=0 -DENABLE_QUERY_SPLIT=0 -DENABLE_SPECIFY_EST_STAT=0 -I/home/pei/Project/duckdb-polr/src/include -I/home/pei/Project/duckdb-polr/third_party/fsst -I/home/pei/Project/duckdb-polr/third_party/fmt/include -I/home/pei/Project/duckdb-polr/third_party/hyperloglog -I/home/pei/Project/duckdb-polr/third_party/fastpforlib -I/home/pei/Project/duckdb-polr/third_party/fast_float -I/home/pei/Project/duckdb-polr/third_party/re2 -I/home/pei/Project/duckdb-polr/third_party/miniz -I/home/pei/Project/duckdb-polr/third_party/utf8proc/include -I/home/pei/Project/duckdb-polr/third_party/miniparquet -I/home/pei/Project/duckdb-polr/third_party/concurrentqueue -I/home/pei/Project/duckdb-polr/third_party/pcg -I/home/pei/Project/duckdb-polr/third_party/tdigest -I/home/pei/Project/duckdb-polr/third_party/mbedtls/include -I/home/pei/Project/duckdb-polr/third_party/jaro_winkler -O3 -DNDEBUG -O3 -DNDEBUG   -fPIC -fdiagnostics-color=always -std=c++11 -MD -MT src/function/scalar/list/CMakeFiles/duckdb_func_list.dir/ub_duckdb_func_list.cpp.o -MF src/function/scalar/list/CMakeFiles/duckdb_func_list.dir/ub_duckdb_func_list.cpp.o.d -o src/function/scalar/list/CMakeFiles/duckdb_func_list.dir/ub_duckdb_func_list.cpp.o -c /home/pei/Project/duckdb-polr/build/release/src/function/scalar/list/ub_duckdb_func_list.cpp
[47/376] /usr/bin/ccache /usr/lib/ccache/c++ -DDUCKDB -DDUCKDB_BUILD_LIBRARY -DDUCKDB_MAIN_LIBRARY -DENABLE_CROSS_PRODUCT_REWRITE=0 -DENABLE_DEBUG_PRINT=0 -DENABLE_MEASURE_EXE_TIME=0 -DENABLE_MERGE_BACK_PLAN=0 -DENABLE_PARALLEL_EXECUTION=0 -DENABLE_QUERY_SPLIT=0 -DENABLE_SPECIFY_EST_STAT=0 -I/home/pei/Project/duckdb-polr/src/include -I/home/pei/Project/duckdb-polr/third_party/fsst -I/home/pei/Project/duckdb-polr/third_party/fmt/include -I/home/pei/Project/duckdb-polr/third_party/hyperloglog -I/home/pei/Project/duckdb-polr/third_party/fastpforlib -I/home/pei/Project/duckdb-polr/third_party/fast_float -I/home/pei/Project/duckdb-polr/third_party/re2 -I/home/pei/Project/duckdb-polr/third_party/miniz -I/home/pei/Project/duckdb-polr/third_party/utf8proc/include -I/home/pei/Project/duckdb-polr/third_party/miniparquet -I/home/pei/Project/duckdb-polr/third_party/concurrentqueue -I/home/pei/Project/duckdb-polr/third_party/pcg -I/home/pei/Project/duckdb-polr/third_party/tdigest -I/home/pei/Project/duckdb-polr/third_party/mbedtls/include -I/home/pei/Project/duckdb-polr/third_party/jaro_winkler -O3 -DNDEBUG -O3 -DNDEBUG   -fPIC -fdiagnostics-color=always -std=c++11 -MD -MT src/function/scalar/date/CMakeFiles/duckdb_func_date.dir/ub_duckdb_func_date.cpp.o -MF src/function/scalar/date/CMakeFiles/duckdb_func_date.dir/ub_duckdb_func_date.cpp.o.d -o src/function/scalar/date/CMakeFiles/duckdb_func_date.dir/ub_duckdb_func_date.cpp.o -c /home/pei/Project/duckdb-polr/build/release/src/function/scalar/date/ub_duckdb_func_date.cpp
[48/376] /usr/bin/ccache /usr/lib/ccache/c++ -DDUCKDB -DDUCKDB_BUILD_LIBRARY -DDUCKDB_MAIN_LIBRARY -DENABLE_CROSS_PRODUCT_REWRITE=0 -DENABLE_DEBUG_PRINT=0 -DENABLE_MEASURE_EXE_TIME=0 -DENABLE_MERGE_BACK_PLAN=0 -DENABLE_PARALLEL_EXECUTION=0 -DENABLE_QUERY_SPLIT=0 -DENABLE_SPECIFY_EST_STAT=0 -I/home/pei/Project/duckdb-polr/src/include -I/home/pei/Project/duckdb-polr/third_party/fsst -I/home/pei/Project/duckdb-polr/third_party/fmt/include -I/home/pei/Project/duckdb-polr/third_party/hyperloglog -I/home/pei/Project/duckdb-polr/third_party/fastpforlib -I/home/pei/Project/duckdb-polr/third_party/fast_float -I/home/pei/Project/duckdb-polr/third_party/re2 -I/home/pei/Project/duckdb-polr/third_party/miniz -I/home/pei/Project/duckdb-polr/third_party/utf8proc/include -I/home/pei/Project/duckdb-polr/third_party/miniparquet -I/home/pei/Project/duckdb-polr/third_party/concurrentqueue -I/home/pei/Project/duckdb-polr/third_party/pcg -I/home/pei/Project/duckdb-polr/third_party/tdigest -I/home/pei/Project/duckdb-polr/third_party/mbedtls/include -I/home/pei/Project/duckdb-polr/third_party/jaro_winkler -O3 -DNDEBUG -O3 -DNDEBUG   -fPIC -fdiagnostics-color=always -std=c++11 -MD -MT src/function/scalar/math/CMakeFiles/duckdb_func_math.dir/ub_duckdb_func_math.cpp.o -MF src/function/scalar/math/CMakeFiles/duckdb_func_math.dir/ub_duckdb_func_math.cpp.o.d -o src/function/scalar/math/CMakeFiles/duckdb_func_math.dir/ub_duckdb_func_math.cpp.o -c /home/pei/Project/duckdb-polr/build/release/src/function/scalar/math/ub_duckdb_func_math.cpp
[49/376] /usr/bin/ccache /usr/lib/ccache/c++ -DDUCKDB -DDUCKDB_BUILD_LIBRARY -DDUCKDB_MAIN_LIBRARY -DENABLE_CROSS_PRODUCT_REWRITE=0 -DENABLE_DEBUG_PRINT=0 -DENABLE_MEASURE_EXE_TIME=0 -DENABLE_MERGE_BACK_PLAN=0 -DENABLE_PARALLEL_EXECUTION=0 -DENABLE_QUERY_SPLIT=0 -DENABLE_SPECIFY_EST_STAT=0 -I/home/pei/Project/duckdb-polr/src/include -I/home/pei/Project/duckdb-polr/third_party/fsst -I/home/pei/Project/duckdb-polr/third_party/fmt/include -I/home/pei/Project/duckdb-polr/third_party/hyperloglog -I/home/pei/Project/duckdb-polr/third_party/fastpforlib -I/home/pei/Project/duckdb-polr/third_party/fast_float -I/home/pei/Project/duckdb-polr/third_party/re2 -I/home/pei/Project/duckdb-polr/third_party/miniz -I/home/pei/Project/duckdb-polr/third_party/utf8proc/include -I/home/pei/Project/duckdb-polr/third_party/miniparquet -I/home/pei/Project/duckdb-polr/third_party/concurrentqueue -I/home/pei/Project/duckdb-polr/third_party/pcg -I/home/pei/Project/duckdb-polr/third_party/tdigest -I/home/pei/Project/duckdb-polr/third_party/mbedtls/include -I/home/pei/Project/duckdb-polr/third_party/jaro_winkler -O3 -DNDEBUG -O3 -DNDEBUG   -fPIC -fdiagnostics-color=always -std=c++11 -MD -MT src/function/scalar/operators/CMakeFiles/duckdb_func_ops.dir/ub_duckdb_func_ops.cpp.o -MF src/function/scalar/operators/CMakeFiles/duckdb_func_ops.dir/ub_duckdb_func_ops.cpp.o.d -o src/function/scalar/operators/CMakeFiles/duckdb_func_ops.dir/ub_duckdb_func_ops.cpp.o -c /home/pei/Project/duckdb-polr/build/release/src/function/scalar/operators/ub_duckdb_func_ops.cpp
[50/376] /usr/bin/ccache /usr/lib/ccache/c++ -DDUCKDB -DDUCKDB_BUILD_LIBRARY -DDUCKDB_MAIN_LIBRARY -DENABLE_CROSS_PRODUCT_REWRITE=0 -DENABLE_DEBUG_PRINT=0 -DENABLE_MEASURE_EXE_TIME=0 -DENABLE_MERGE_BACK_PLAN=0 -DENABLE_PARALLEL_EXECUTION=0 -DENABLE_QUERY_SPLIT=0 -DENABLE_SPECIFY_EST_STAT=0 -I/home/pei/Project/duckdb-polr/src/include -I/home/pei/Project/duckdb-polr/third_party/fsst -I/home/pei/Project/duckdb-polr/third_party/fmt/include -I/home/pei/Project/duckdb-polr/third_party/hyperloglog -I/home/pei/Project/duckdb-polr/third_party/fastpforlib -I/home/pei/Project/duckdb-polr/third_party/fast_float -I/home/pei/Project/duckdb-polr/third_party/re2 -I/home/pei/Project/duckdb-polr/third_party/miniz -I/home/pei/Project/duckdb-polr/third_party/utf8proc/include -I/home/pei/Project/duckdb-polr/third_party/miniparquet -I/home/pei/Project/duckdb-polr/third_party/concurrentqueue -I/home/pei/Project/duckdb-polr/third_party/pcg -I/home/pei/Project/duckdb-polr/third_party/tdigest -I/home/pei/Project/duckdb-polr/third_party/mbedtls/include -I/home/pei/Project/duckdb-polr/third_party/jaro_winkler -O3 -DNDEBUG -O3 -DNDEBUG   -fPIC -fdiagnostics-color=always -std=c++11 -MD -MT src/function/scalar/sequence/CMakeFiles/duckdb_func_seq.dir/ub_duckdb_func_seq.cpp.o -MF src/function/scalar/sequence/CMakeFiles/duckdb_func_seq.dir/ub_duckdb_func_seq.cpp.o.d -o src/function/scalar/sequence/CMakeFiles/duckdb_func_seq.dir/ub_duckdb_func_seq.cpp.o -c /home/pei/Project/duckdb-polr/build/release/src/function/scalar/sequence/ub_duckdb_func_seq.cpp
[51/376] /usr/bin/ccache /usr/lib/ccache/c++ -DDUCKDB -DDUCKDB_BUILD_LIBRARY -DDUCKDB_MAIN_LIBRARY -DENABLE_CROSS_PRODUCT_REWRITE=0 -DENABLE_DEBUG_PRINT=0 -DENABLE_MEASURE_EXE_TIME=0 -DENABLE_MERGE_BACK_PLAN=0 -DENABLE_PARALLEL_EXECUTION=0 -DENABLE_QUERY_SPLIT=0 -DENABLE_SPECIFY_EST_STAT=0 -I/home/pei/Project/duckdb-polr/src/include -I/home/pei/Project/duckdb-polr/third_party/fsst -I/home/pei/Project/duckdb-polr/third_party/fmt/include -I/home/pei/Project/duckdb-polr/third_party/hyperloglog -I/home/pei/Project/duckdb-polr/third_party/fastpforlib -I/home/pei/Project/duckdb-polr/third_party/fast_float -I/home/pei/Project/duckdb-polr/third_party/re2 -I/home/pei/Project/duckdb-polr/third_party/miniz -I/home/pei/Project/duckdb-polr/third_party/utf8proc/include -I/home/pei/Project/duckdb-polr/third_party/miniparquet -I/home/pei/Project/duckdb-polr/third_party/concurrentqueue -I/home/pei/Project/duckdb-polr/third_party/pcg -I/home/pei/Project/duckdb-polr/third_party/tdigest -I/home/pei/Project/duckdb-polr/third_party/mbedtls/include -I/home/pei/Project/duckdb-polr/third_party/jaro_winkler -O3 -DNDEBUG -O3 -DNDEBUG   -fPIC -fdiagnostics-color=always -std=c++11 -MD -MT src/function/scalar/struct/CMakeFiles/duckdb_func_struct.dir/ub_duckdb_func_struct.cpp.o -MF src/function/scalar/struct/CMakeFiles/duckdb_func_struct.dir/ub_duckdb_func_struct.cpp.o.d -o src/function/scalar/struct/CMakeFiles/duckdb_func_struct.dir/ub_duckdb_func_struct.cpp.o -c /home/pei/Project/duckdb-polr/build/release/src/function/scalar/struct/ub_duckdb_func_struct.cpp
[52/376] /usr/bin/ccache /usr/lib/ccache/c++ -DDUCKDB -DDUCKDB_BUILD_LIBRARY -DDUCKDB_MAIN_LIBRARY -DENABLE_CROSS_PRODUCT_REWRITE=0 -DENABLE_DEBUG_PRINT=0 -DENABLE_MEASURE_EXE_TIME=0 -DENABLE_MERGE_BACK_PLAN=0 -DENABLE_PARALLEL_EXECUTION=0 -DENABLE_QUERY_SPLIT=0 -DENABLE_SPECIFY_EST_STAT=0 -I/home/pei/Project/duckdb-polr/src/include -I/home/pei/Project/duckdb-polr/third_party/fsst -I/home/pei/Project/duckdb-polr/third_party/fmt/include -I/home/pei/Project/duckdb-polr/third_party/hyperloglog -I/home/pei/Project/duckdb-polr/third_party/fastpforlib -I/home/pei/Project/duckdb-polr/third_party/fast_float -I/home/pei/Project/duckdb-polr/third_party/re2 -I/home/pei/Project/duckdb-polr/third_party/miniz -I/home/pei/Project/duckdb-polr/third_party/utf8proc/include -I/home/pei/Project/duckdb-polr/third_party/miniparquet -I/home/pei/Project/duckdb-polr/third_party/concurrentqueue -I/home/pei/Project/duckdb-polr/third_party/pcg -I/home/pei/Project/duckdb-polr/third_party/tdigest -I/home/pei/Project/duckdb-polr/third_party/mbedtls/include -I/home/pei/Project/duckdb-polr/third_party/jaro_winkler -O3 -DNDEBUG -O3 -DNDEBUG   -fPIC -fdiagnostics-color=always -std=c++11 -MD -MT src/function/scalar/union/CMakeFiles/duckdb_func_union.dir/ub_duckdb_func_union.cpp.o -MF src/function/scalar/union/CMakeFiles/duckdb_func_union.dir/ub_duckdb_func_union.cpp.o.d -o src/function/scalar/union/CMakeFiles/duckdb_func_union.dir/ub_duckdb_func_union.cpp.o -c /home/pei/Project/duckdb-polr/build/release/src/function/scalar/union/ub_duckdb_func_union.cpp
[53/376] /usr/bin/ccache /usr/lib/ccache/c++ -DDUCKDB -DDUCKDB_BUILD_LIBRARY -DDUCKDB_MAIN_LIBRARY -DENABLE_CROSS_PRODUCT_REWRITE=0 -DENABLE_DEBUG_PRINT=0 -DENABLE_MEASURE_EXE_TIME=0 -DENABLE_MERGE_BACK_PLAN=0 -DENABLE_PARALLEL_EXECUTION=0 -DENABLE_QUERY_SPLIT=0 -DENABLE_SPECIFY_EST_STAT=0 -I/home/pei/Project/duckdb-polr/src/include -I/home/pei/Project/duckdb-polr/third_party/fsst -I/home/pei/Project/duckdb-polr/third_party/fmt/include -I/home/pei/Project/duckdb-polr/third_party/hyperloglog -I/home/pei/Project/duckdb-polr/third_party/fastpforlib -I/home/pei/Project/duckdb-polr/third_party/fast_float -I/home/pei/Project/duckdb-polr/third_party/re2 -I/home/pei/Project/duckdb-polr/third_party/miniz -I/home/pei/Project/duckdb-polr/third_party/utf8proc/include -I/home/pei/Project/duckdb-polr/third_party/miniparquet -I/home/pei/Project/duckdb-polr/third_party/concurrentqueue -I/home/pei/Project/duckdb-polr/third_party/pcg -I/home/pei/Project/duckdb-polr/third_party/tdigest -I/home/pei/Project/duckdb-polr/third_party/mbedtls/include -I/home/pei/Project/duckdb-polr/third_party/jaro_winkler -O3 -DNDEBUG -O3 -DNDEBUG   -fPIC -fdiagnostics-color=always -std=c++11 -MD -MT src/function/scalar/string/CMakeFiles/duckdb_func_string.dir/ub_duckdb_func_string.cpp.o -MF src/function/scalar/string/CMakeFiles/duckdb_func_string.dir/ub_duckdb_func_string.cpp.o.d -o src/function/scalar/string/CMakeFiles/duckdb_func_string.dir/ub_duckdb_func_string.cpp.o -c /home/pei/Project/duckdb-polr/build/release/src/function/scalar/string/ub_duckdb_func_string.cpp
[54/376] /usr/bin/ccache /usr/lib/ccache/c++ -DDUCKDB -DDUCKDB_BUILD_LIBRARY -DDUCKDB_MAIN_LIBRARY -DENABLE_CROSS_PRODUCT_REWRITE=0 -DENABLE_DEBUG_PRINT=0 -DENABLE_MEASURE_EXE_TIME=0 -DENABLE_MERGE_BACK_PLAN=0 -DENABLE_PARALLEL_EXECUTION=0 -DENABLE_QUERY_SPLIT=0 -DENABLE_SPECIFY_EST_STAT=0 -I/home/pei/Project/duckdb-polr/src/include -I/home/pei/Project/duckdb-polr/third_party/fsst -I/home/pei/Project/duckdb-polr/third_party/fmt/include -I/home/pei/Project/duckdb-polr/third_party/hyperloglog -I/home/pei/Project/duckdb-polr/third_party/fastpforlib -I/home/pei/Project/duckdb-polr/third_party/fast_float -I/home/pei/Project/duckdb-polr/third_party/re2 -I/home/pei/Project/duckdb-polr/third_party/miniz -I/home/pei/Project/duckdb-polr/third_party/utf8proc/include -I/home/pei/Project/duckdb-polr/third_party/miniparquet -I/home/pei/Project/duckdb-polr/third_party/concurrentqueue -I/home/pei/Project/duckdb-polr/third_party/pcg -I/home/pei/Project/duckdb-polr/third_party/tdigest -I/home/pei/Project/duckdb-polr/third_party/mbedtls/include -I/home/pei/Project/duckdb-polr/third_party/jaro_winkler -O3 -DNDEBUG -O3 -DNDEBUG   -fPIC -fdiagnostics-color=always -std=c++11 -MD -MT src/function/scalar/system/CMakeFiles/duckdb_func_system.dir/ub_duckdb_func_system.cpp.o -MF src/function/scalar/system/CMakeFiles/duckdb_func_system.dir/ub_duckdb_func_system.cpp.o.d -o src/function/scalar/system/CMakeFiles/duckdb_func_system.dir/ub_duckdb_func_system.cpp.o -c /home/pei/Project/duckdb-polr/build/release/src/function/scalar/system/ub_duckdb_func_system.cpp
[55/376] /usr/bin/ccache /usr/lib/ccache/c++ -DDUCKDB -DDUCKDB_BUILD_LIBRARY -DDUCKDB_MAIN_LIBRARY -DENABLE_CROSS_PRODUCT_REWRITE=0 -DENABLE_DEBUG_PRINT=0 -DENABLE_MEASURE_EXE_TIME=0 -DENABLE_MERGE_BACK_PLAN=0 -DENABLE_PARALLEL_EXECUTION=0 -DENABLE_QUERY_SPLIT=0 -DENABLE_SPECIFY_EST_STAT=0 -I/home/pei/Project/duckdb-polr/src/include -I/home/pei/Project/duckdb-polr/third_party/fsst -I/home/pei/Project/duckdb-polr/third_party/fmt/include -I/home/pei/Project/duckdb-polr/third_party/hyperloglog -I/home/pei/Project/duckdb-polr/third_party/fastpforlib -I/home/pei/Project/duckdb-polr/third_party/fast_float -I/home/pei/Project/duckdb-polr/third_party/re2 -I/home/pei/Project/duckdb-polr/third_party/miniz -I/home/pei/Project/duckdb-polr/third_party/utf8proc/include -I/home/pei/Project/duckdb-polr/third_party/miniparquet -I/home/pei/Project/duckdb-polr/third_party/concurrentqueue -I/home/pei/Project/duckdb-polr/third_party/pcg -I/home/pei/Project/duckdb-polr/third_party/tdigest -I/home/pei/Project/duckdb-polr/third_party/mbedtls/include -I/home/pei/Project/duckdb-polr/third_party/jaro_winkler -O3 -DNDEBUG -O3 -DNDEBUG   -fPIC -fdiagnostics-color=always -std=c++11 -MD -MT src/function/scalar/enum/CMakeFiles/duckdb_func_enum.dir/ub_duckdb_func_enum.cpp.o -MF src/function/scalar/enum/CMakeFiles/duckdb_func_enum.dir/ub_duckdb_func_enum.cpp.o.d -o src/function/scalar/enum/CMakeFiles/duckdb_func_enum.dir/ub_duckdb_func_enum.cpp.o -c /home/pei/Project/duckdb-polr/build/release/src/function/scalar/enum/ub_duckdb_func_enum.cpp
[56/376] /usr/bin/ccache /usr/lib/ccache/c++ -DDUCKDB -DDUCKDB_BUILD_LIBRARY -DDUCKDB_MAIN_LIBRARY -DENABLE_CROSS_PRODUCT_REWRITE=0 -DENABLE_DEBUG_PRINT=0 -DENABLE_MEASURE_EXE_TIME=0 -DENABLE_MERGE_BACK_PLAN=0 -DENABLE_PARALLEL_EXECUTION=0 -DENABLE_QUERY_SPLIT=0 -DENABLE_SPECIFY_EST_STAT=0 -I/home/pei/Project/duckdb-polr/src/include -I/home/pei/Project/duckdb-polr/third_party/fsst -I/home/pei/Project/duckdb-polr/third_party/fmt/include -I/home/pei/Project/duckdb-polr/third_party/hyperloglog -I/home/pei/Project/duckdb-polr/third_party/fastpforlib -I/home/pei/Project/duckdb-polr/third_party/fast_float -I/home/pei/Project/duckdb-polr/third_party/re2 -I/home/pei/Project/duckdb-polr/third_party/miniz -I/home/pei/Project/duckdb-polr/third_party/utf8proc/include -I/home/pei/Project/duckdb-polr/third_party/miniparquet -I/home/pei/Project/duckdb-polr/third_party/concurrentqueue -I/home/pei/Project/duckdb-polr/third_party/pcg -I/home/pei/Project/duckdb-polr/third_party/tdigest -I/home/pei/Project/duckdb-polr/third_party/mbedtls/include -I/home/pei/Project/duckdb-polr/third_party/jaro_winkler -O3 -DNDEBUG -O3 -DNDEBUG   -fPIC -fdiagnostics-color=always -std=c++11 -MD -MT src/common/arrow/CMakeFiles/duckdb_common_arrow.dir/ub_duckdb_common_arrow.cpp.o -MF src/common/arrow/CMakeFiles/duckdb_common_arrow.dir/ub_duckdb_common_arrow.cpp.o.d -o src/common/arrow/CMakeFiles/duckdb_common_arrow.dir/ub_duckdb_common_arrow.cpp.o -c /home/pei/Project/duckdb-polr/build/release/src/common/arrow/ub_duckdb_common_arrow.cpp
[57/376] /usr/bin/ccache /usr/lib/ccache/c++ -DDUCKDB -DDUCKDB_BUILD_LIBRARY -DDUCKDB_MAIN_LIBRARY -DENABLE_CROSS_PRODUCT_REWRITE=0 -DENABLE_DEBUG_PRINT=0 -DENABLE_MEASURE_EXE_TIME=0 -DENABLE_MERGE_BACK_PLAN=0 -DENABLE_PARALLEL_EXECUTION=0 -DENABLE_QUERY_SPLIT=0 -DENABLE_SPECIFY_EST_STAT=0 -I/home/pei/Project/duckdb-polr/src/include -I/home/pei/Project/duckdb-polr/third_party/fsst -I/home/pei/Project/duckdb-polr/third_party/fmt/include -I/home/pei/Project/duckdb-polr/third_party/hyperloglog -I/home/pei/Project/duckdb-polr/third_party/fastpforlib -I/home/pei/Project/duckdb-polr/third_party/fast_float -I/home/pei/Project/duckdb-polr/third_party/re2 -I/home/pei/Project/duckdb-polr/third_party/miniz -I/home/pei/Project/duckdb-polr/third_party/utf8proc/include -I/home/pei/Project/duckdb-polr/third_party/miniparquet -I/home/pei/Project/duckdb-polr/third_party/concurrentqueue -I/home/pei/Project/duckdb-polr/third_party/pcg -I/home/pei/Project/duckdb-polr/third_party/tdigest -I/home/pei/Project/duckdb-polr/third_party/mbedtls/include -I/home/pei/Project/duckdb-polr/third_party/jaro_winkler -O3 -DNDEBUG -O3 -DNDEBUG   -fPIC -fdiagnostics-color=always -std=c++11 -MD -MT src/common/crypto/CMakeFiles/duckdb_common_crypto.dir/ub_duckdb_common_crypto.cpp.o -MF src/common/crypto/CMakeFiles/duckdb_common_crypto.dir/ub_duckdb_common_crypto.cpp.o.d -o src/common/crypto/CMakeFiles/duckdb_common_crypto.dir/ub_duckdb_common_crypto.cpp.o -c /home/pei/Project/duckdb-polr/build/release/src/common/crypto/ub_duckdb_common_crypto.cpp
[58/376] /usr/bin/ccache /usr/lib/ccache/c++ -DDUCKDB -DDUCKDB_BUILD_LIBRARY -DDUCKDB_MAIN_LIBRARY -DENABLE_CROSS_PRODUCT_REWRITE=0 -DENABLE_DEBUG_PRINT=0 -DENABLE_MEASURE_EXE_TIME=0 -DENABLE_MERGE_BACK_PLAN=0 -DENABLE_PARALLEL_EXECUTION=0 -DENABLE_QUERY_SPLIT=0 -DENABLE_SPECIFY_EST_STAT=0 -I/home/pei/Project/duckdb-polr/src/include -I/home/pei/Project/duckdb-polr/third_party/fsst -I/home/pei/Project/duckdb-polr/third_party/fmt/include -I/home/pei/Project/duckdb-polr/third_party/hyperloglog -I/home/pei/Project/duckdb-polr/third_party/fastpforlib -I/home/pei/Project/duckdb-polr/third_party/fast_float -I/home/pei/Project/duckdb-polr/third_party/re2 -I/home/pei/Project/duckdb-polr/third_party/miniz -I/home/pei/Project/duckdb-polr/third_party/utf8proc/include -I/home/pei/Project/duckdb-polr/third_party/miniparquet -I/home/pei/Project/duckdb-polr/third_party/concurrentqueue -I/home/pei/Project/duckdb-polr/third_party/pcg -I/home/pei/Project/duckdb-polr/third_party/tdigest -I/home/pei/Project/duckdb-polr/third_party/mbedtls/include -I/home/pei/Project/duckdb-polr/third_party/jaro_winkler -O3 -DNDEBUG -O3 -DNDEBUG   -fPIC -fdiagnostics-color=always -std=c++11 -MD -MT src/catalog/default/CMakeFiles/duckdb_catalog_default_entries.dir/ub_duckdb_catalog_default_entries.cpp.o -MF src/catalog/default/CMakeFiles/duckdb_catalog_default_entries.dir/ub_duckdb_catalog_default_entries.cpp.o.d -o src/catalog/default/CMakeFiles/duckdb_catalog_default_entries.dir/ub_duckdb_catalog_default_entries.cpp.o -c /home/pei/Project/duckdb-polr/build/release/src/catalog/default/ub_duckdb_catalog_default_entries.cpp
[59/376] /usr/bin/ccache /usr/lib/ccache/c++ -DDUCKDB -DDUCKDB_BUILD_LIBRARY -DDUCKDB_MAIN_LIBRARY -DENABLE_CROSS_PRODUCT_REWRITE=0 -DENABLE_DEBUG_PRINT=0 -DENABLE_MEASURE_EXE_TIME=0 -DENABLE_MERGE_BACK_PLAN=0 -DENABLE_PARALLEL_EXECUTION=0 -DENABLE_QUERY_SPLIT=0 -DENABLE_SPECIFY_EST_STAT=0 -I/home/pei/Project/duckdb-polr/src/include -I/home/pei/Project/duckdb-polr/third_party/fsst -I/home/pei/Project/duckdb-polr/third_party/fmt/include -I/home/pei/Project/duckdb-polr/third_party/hyperloglog -I/home/pei/Project/duckdb-polr/third_party/fastpforlib -I/home/pei/Project/duckdb-polr/third_party/fast_float -I/home/pei/Project/duckdb-polr/third_party/re2 -I/home/pei/Project/duckdb-polr/third_party/miniz -I/home/pei/Project/duckdb-polr/third_party/utf8proc/include -I/home/pei/Project/duckdb-polr/third_party/miniparquet -I/home/pei/Project/duckdb-polr/third_party/concurrentqueue -I/home/pei/Project/duckdb-polr/third_party/pcg -I/home/pei/Project/duckdb-polr/third_party/tdigest -I/home/pei/Project/duckdb-polr/third_party/mbedtls/include -I/home/pei/Project/duckdb-polr/third_party/jaro_winkler -O3 -DNDEBUG -O3 -DNDEBUG   -fPIC -fdiagnostics-color=always -std=c++11 -MD -MT src/common/enums/CMakeFiles/duckdb_common_enums.dir/ub_duckdb_common_enums.cpp.o -MF src/common/enums/CMakeFiles/duckdb_common_enums.dir/ub_duckdb_common_enums.cpp.o.d -o src/common/enums/CMakeFiles/duckdb_common_enums.dir/ub_duckdb_common_enums.cpp.o -c /home/pei/Project/duckdb-polr/build/release/src/common/enums/ub_duckdb_common_enums.cpp
[60/376] /usr/bin/ccache /usr/lib/ccache/c++ -DDUCKDB -DDUCKDB_BUILD_LIBRARY -DDUCKDB_MAIN_LIBRARY -DENABLE_CROSS_PRODUCT_REWRITE=0 -DENABLE_DEBUG_PRINT=0 -DENABLE_MEASURE_EXE_TIME=0 -DENABLE_MERGE_BACK_PLAN=0 -DENABLE_PARALLEL_EXECUTION=0 -DENABLE_QUERY_SPLIT=0 -DENABLE_SPECIFY_EST_STAT=0 -I/home/pei/Project/duckdb-polr/src/include -I/home/pei/Project/duckdb-polr/third_party/fsst -I/home/pei/Project/duckdb-polr/third_party/fmt/include -I/home/pei/Project/duckdb-polr/third_party/hyperloglog -I/home/pei/Project/duckdb-polr/third_party/fastpforlib -I/home/pei/Project/duckdb-polr/third_party/fast_float -I/home/pei/Project/duckdb-polr/third_party/re2 -I/home/pei/Project/duckdb-polr/third_party/miniz -I/home/pei/Project/duckdb-polr/third_party/utf8proc/include -I/home/pei/Project/duckdb-polr/third_party/miniparquet -I/home/pei/Project/duckdb-polr/third_party/concurrentqueue -I/home/pei/Project/duckdb-polr/third_party/pcg -I/home/pei/Project/duckdb-polr/third_party/tdigest -I/home/pei/Project/duckdb-polr/third_party/mbedtls/include -I/home/pei/Project/duckdb-polr/third_party/jaro_winkler -O3 -DNDEBUG -O3 -DNDEBUG   -fPIC -fdiagnostics-color=always -std=c++11 -MD -MT src/function/table/CMakeFiles/duckdb_func_table.dir/ub_duckdb_func_table.cpp.o -MF src/function/table/CMakeFiles/duckdb_func_table.dir/ub_duckdb_func_table.cpp.o.d -o src/function/table/CMakeFiles/duckdb_func_table.dir/ub_duckdb_func_table.cpp.o -c /home/pei/Project/duckdb-polr/build/release/src/function/table/ub_duckdb_func_table.cpp
[61/376] /usr/bin/ccache /usr/lib/ccache/c++ -DDUCKDB -DDUCKDB_BUILD_LIBRARY -DDUCKDB_MAIN_LIBRARY -DENABLE_CROSS_PRODUCT_REWRITE=0 -DENABLE_DEBUG_PRINT=0 -DENABLE_MEASURE_EXE_TIME=0 -DENABLE_MERGE_BACK_PLAN=0 -DENABLE_PARALLEL_EXECUTION=0 -DENABLE_QUERY_SPLIT=0 -DENABLE_SPECIFY_EST_STAT=0 -I/home/pei/Project/duckdb-polr/src/include -I/home/pei/Project/duckdb-polr/third_party/fsst -I/home/pei/Project/duckdb-polr/third_party/fmt/include -I/home/pei/Project/duckdb-polr/third_party/hyperloglog -I/home/pei/Project/duckdb-polr/third_party/fastpforlib -I/home/pei/Project/duckdb-polr/third_party/fast_float -I/home/pei/Project/duckdb-polr/third_party/re2 -I/home/pei/Project/duckdb-polr/third_party/miniz -I/home/pei/Project/duckdb-polr/third_party/utf8proc/include -I/home/pei/Project/duckdb-polr/third_party/miniparquet -I/home/pei/Project/duckdb-polr/third_party/concurrentqueue -I/home/pei/Project/duckdb-polr/third_party/pcg -I/home/pei/Project/duckdb-polr/third_party/tdigest -I/home/pei/Project/duckdb-polr/third_party/mbedtls/include -I/home/pei/Project/duckdb-polr/third_party/jaro_winkler -O3 -DNDEBUG -O3 -DNDEBUG   -fPIC -fdiagnostics-color=always -std=c++11 -MD -MT src/function/table/system/CMakeFiles/duckdb_table_func_system.dir/ub_duckdb_table_func_system.cpp.o -MF src/function/table/system/CMakeFiles/duckdb_table_func_system.dir/ub_duckdb_table_func_system.cpp.o.d -o src/function/table/system/CMakeFiles/duckdb_table_func_system.dir/ub_duckdb_table_func_system.cpp.o -c /home/pei/Project/duckdb-polr/build/release/src/function/table/system/ub_duckdb_table_func_system.cpp
[62/376] /usr/bin/ccache /usr/lib/ccache/c++ -DDUCKDB -DDUCKDB_BUILD_LIBRARY -DDUCKDB_MAIN_LIBRARY -DENABLE_CROSS_PRODUCT_REWRITE=0 -DENABLE_DEBUG_PRINT=0 -DENABLE_MEASURE_EXE_TIME=0 -DENABLE_MERGE_BACK_PLAN=0 -DENABLE_PARALLEL_EXECUTION=0 -DENABLE_QUERY_SPLIT=0 -DENABLE_SPECIFY_EST_STAT=0 -I/home/pei/Project/duckdb-polr/src/include -I/home/pei/Project/duckdb-polr/third_party/fsst -I/home/pei/Project/duckdb-polr/third_party/fmt/include -I/home/pei/Project/duckdb-polr/third_party/hyperloglog -I/home/pei/Project/duckdb-polr/third_party/fastpforlib -I/home/pei/Project/duckdb-polr/third_party/fast_float -I/home/pei/Project/duckdb-polr/third_party/re2 -I/home/pei/Project/duckdb-polr/third_party/miniz -I/home/pei/Project/duckdb-polr/third_party/utf8proc/include -I/home/pei/Project/duckdb-polr/third_party/miniparquet -I/home/pei/Project/duckdb-polr/third_party/concurrentqueue -I/home/pei/Project/duckdb-polr/third_party/pcg -I/home/pei/Project/duckdb-polr/third_party/tdigest -I/home/pei/Project/duckdb-polr/third_party/mbedtls/include -I/home/pei/Project/duckdb-polr/third_party/jaro_winkler -O3 -DNDEBUG -O3 -DNDEBUG   -fPIC -fdiagnostics-color=always -std=c++11 -MD -MT src/catalog/CMakeFiles/duckdb_catalog.dir/ub_duckdb_catalog.cpp.o -MF src/catalog/CMakeFiles/duckdb_catalog.dir/ub_duckdb_catalog.cpp.o.d -o src/catalog/CMakeFiles/duckdb_catalog.dir/ub_duckdb_catalog.cpp.o -c /home/pei/Project/duckdb-polr/build/release/src/catalog/ub_duckdb_catalog.cpp
[63/376] /usr/bin/ccache /usr/lib/ccache/c++ -DDUCKDB -DDUCKDB_BUILD_LIBRARY -DDUCKDB_MAIN_LIBRARY -DENABLE_CROSS_PRODUCT_REWRITE=0 -DENABLE_DEBUG_PRINT=0 -DENABLE_MEASURE_EXE_TIME=0 -DENABLE_MERGE_BACK_PLAN=0 -DENABLE_PARALLEL_EXECUTION=0 -DENABLE_QUERY_SPLIT=0 -DENABLE_SPECIFY_EST_STAT=0 -I/home/pei/Project/duckdb-polr/src/include -I/home/pei/Project/duckdb-polr/third_party/fsst -I/home/pei/Project/duckdb-polr/third_party/fmt/include -I/home/pei/Project/duckdb-polr/third_party/hyperloglog -I/home/pei/Project/duckdb-polr/third_party/fastpforlib -I/home/pei/Project/duckdb-polr/third_party/fast_float -I/home/pei/Project/duckdb-polr/third_party/re2 -I/home/pei/Project/duckdb-polr/third_party/miniz -I/home/pei/Project/duckdb-polr/third_party/utf8proc/include -I/home/pei/Project/duckdb-polr/third_party/miniparquet -I/home/pei/Project/duckdb-polr/third_party/concurrentqueue -I/home/pei/Project/duckdb-polr/third_party/pcg -I/home/pei/Project/duckdb-polr/third_party/tdigest -I/home/pei/Project/duckdb-polr/third_party/mbedtls/include -I/home/pei/Project/duckdb-polr/third_party/jaro_winkler -O3 -DNDEBUG -O3 -DNDEBUG   -fPIC -fdiagnostics-color=always -std=c++11 -MD -MT src/catalog/catalog_entry/CMakeFiles/duckdb_catalog_entries.dir/ub_duckdb_catalog_entries.cpp.o -MF src/catalog/catalog_entry/CMakeFiles/duckdb_catalog_entries.dir/ub_duckdb_catalog_entries.cpp.o.d -o src/catalog/catalog_entry/CMakeFiles/duckdb_catalog_entries.dir/ub_duckdb_catalog_entries.cpp.o -c /home/pei/Project/duckdb-polr/build/release/src/catalog/catalog_entry/ub_duckdb_catalog_entries.cpp
[64/376] /usr/bin/ccache /usr/lib/ccache/c++ -DDUCKDB -DDUCKDB_BUILD_LIBRARY -DDUCKDB_MAIN_LIBRARY -DENABLE_CROSS_PRODUCT_REWRITE=0 -DENABLE_DEBUG_PRINT=0 -DENABLE_MEASURE_EXE_TIME=0 -DENABLE_MERGE_BACK_PLAN=0 -DENABLE_PARALLEL_EXECUTION=0 -DENABLE_QUERY_SPLIT=0 -DENABLE_SPECIFY_EST_STAT=0 -I/home/pei/Project/duckdb-polr/src/include -I/home/pei/Project/duckdb-polr/third_party/fsst -I/home/pei/Project/duckdb-polr/third_party/fmt/include -I/home/pei/Project/duckdb-polr/third_party/hyperloglog -I/home/pei/Project/duckdb-polr/third_party/fastpforlib -I/home/pei/Project/duckdb-polr/third_party/fast_float -I/home/pei/Project/duckdb-polr/third_party/re2 -I/home/pei/Project/duckdb-polr/third_party/miniz -I/home/pei/Project/duckdb-polr/third_party/utf8proc/include -I/home/pei/Project/duckdb-polr/third_party/miniparquet -I/home/pei/Project/duckdb-polr/third_party/concurrentqueue -I/home/pei/Project/duckdb-polr/third_party/pcg -I/home/pei/Project/duckdb-polr/third_party/tdigest -I/home/pei/Project/duckdb-polr/third_party/mbedtls/include -I/home/pei/Project/duckdb-polr/third_party/jaro_winkler -O3 -DNDEBUG -O3 -DNDEBUG   -fPIC -fdiagnostics-color=always -std=c++11 -MD -MT src/common/operator/CMakeFiles/duckdb_common_operators.dir/ub_duckdb_common_operators.cpp.o -MF src/common/operator/CMakeFiles/duckdb_common_operators.dir/ub_duckdb_common_operators.cpp.o.d -o src/common/operator/CMakeFiles/duckdb_common_operators.dir/ub_duckdb_common_operators.cpp.o -c /home/pei/Project/duckdb-polr/build/release/src/common/operator/ub_duckdb_common_operators.cpp
[65/376] /usr/bin/ccache /usr/lib/ccache/c++ -DDUCKDB -DDUCKDB_BUILD_LIBRARY -DDUCKDB_MAIN_LIBRARY -DENABLE_CROSS_PRODUCT_REWRITE=0 -DENABLE_DEBUG_PRINT=0 -DENABLE_MEASURE_EXE_TIME=0 -DENABLE_MERGE_BACK_PLAN=0 -DENABLE_PARALLEL_EXECUTION=0 -DENABLE_QUERY_SPLIT=0 -DENABLE_SPECIFY_EST_STAT=0 -I/home/pei/Project/duckdb-polr/src/include -I/home/pei/Project/duckdb-polr/third_party/fsst -I/home/pei/Project/duckdb-polr/third_party/fmt/include -I/home/pei/Project/duckdb-polr/third_party/hyperloglog -I/home/pei/Project/duckdb-polr/third_party/fastpforlib -I/home/pei/Project/duckdb-polr/third_party/fast_float -I/home/pei/Project/duckdb-polr/third_party/re2 -I/home/pei/Project/duckdb-polr/third_party/miniz -I/home/pei/Project/duckdb-polr/third_party/utf8proc/include -I/home/pei/Project/duckdb-polr/third_party/miniparquet -I/home/pei/Project/duckdb-polr/third_party/concurrentqueue -I/home/pei/Project/duckdb-polr/third_party/pcg -I/home/pei/Project/duckdb-polr/third_party/tdigest -I/home/pei/Project/duckdb-polr/third_party/mbedtls/include -I/home/pei/Project/duckdb-polr/third_party/jaro_winkler -O3 -DNDEBUG -O3 -DNDEBUG   -fPIC -fdiagnostics-color=always -std=c++11 -MD -MT src/common/progress_bar/CMakeFiles/duckdb_progress_bar.dir/ub_duckdb_progress_bar.cpp.o -MF src/common/progress_bar/CMakeFiles/duckdb_progress_bar.dir/ub_duckdb_progress_bar.cpp.o.d -o src/common/progress_bar/CMakeFiles/duckdb_progress_bar.dir/ub_duckdb_progress_bar.cpp.o -c /home/pei/Project/duckdb-polr/build/release/src/common/progress_bar/ub_duckdb_progress_bar.cpp
[66/376] /usr/bin/ccache /usr/lib/ccache/c++ -DDUCKDB -DDUCKDB_BUILD_LIBRARY -DDUCKDB_MAIN_LIBRARY -DENABLE_CROSS_PRODUCT_REWRITE=0 -DENABLE_DEBUG_PRINT=0 -DENABLE_MEASURE_EXE_TIME=0 -DENABLE_MERGE_BACK_PLAN=0 -DENABLE_PARALLEL_EXECUTION=0 -DENABLE_QUERY_SPLIT=0 -DENABLE_SPECIFY_EST_STAT=0 -I/home/pei/Project/duckdb-polr/src/include -I/home/pei/Project/duckdb-polr/third_party/fsst -I/home/pei/Project/duckdb-polr/third_party/fmt/include -I/home/pei/Project/duckdb-polr/third_party/hyperloglog -I/home/pei/Project/duckdb-polr/third_party/fastpforlib -I/home/pei/Project/duckdb-polr/third_party/fast_float -I/home/pei/Project/duckdb-polr/third_party/re2 -I/home/pei/Project/duckdb-polr/third_party/miniz -I/home/pei/Project/duckdb-polr/third_party/utf8proc/include -I/home/pei/Project/duckdb-polr/third_party/miniparquet -I/home/pei/Project/duckdb-polr/third_party/concurrentqueue -I/home/pei/Project/duckdb-polr/third_party/pcg -I/home/pei/Project/duckdb-polr/third_party/tdigest -I/home/pei/Project/duckdb-polr/third_party/mbedtls/include -I/home/pei/Project/duckdb-polr/third_party/jaro_winkler -O3 -DNDEBUG -O3 -DNDEBUG   -fPIC -fdiagnostics-color=always -std=c++11 -MD -MT src/common/serializer/CMakeFiles/duckdb_common_serializer.dir/ub_duckdb_common_serializer.cpp.o -MF src/common/serializer/CMakeFiles/duckdb_common_serializer.dir/ub_duckdb_common_serializer.cpp.o.d -o src/common/serializer/CMakeFiles/duckdb_common_serializer.dir/ub_duckdb_common_serializer.cpp.o -c /home/pei/Project/duckdb-polr/build/release/src/common/serializer/ub_duckdb_common_serializer.cpp
[67/376] /usr/bin/ccache /usr/lib/ccache/c++ -DDUCKDB -DDUCKDB_BUILD_LIBRARY -DDUCKDB_MAIN_LIBRARY -DENABLE_CROSS_PRODUCT_REWRITE=0 -DENABLE_DEBUG_PRINT=0 -DENABLE_MEASURE_EXE_TIME=0 -DENABLE_MERGE_BACK_PLAN=0 -DENABLE_PARALLEL_EXECUTION=0 -DENABLE_QUERY_SPLIT=0 -DENABLE_SPECIFY_EST_STAT=0 -I/home/pei/Project/duckdb-polr/src/include -I/home/pei/Project/duckdb-polr/third_party/fsst -I/home/pei/Project/duckdb-polr/third_party/fmt/include -I/home/pei/Project/duckdb-polr/third_party/hyperloglog -I/home/pei/Project/duckdb-polr/third_party/fastpforlib -I/home/pei/Project/duckdb-polr/third_party/fast_float -I/home/pei/Project/duckdb-polr/third_party/re2 -I/home/pei/Project/duckdb-polr/third_party/miniz -I/home/pei/Project/duckdb-polr/third_party/utf8proc/include -I/home/pei/Project/duckdb-polr/third_party/miniparquet -I/home/pei/Project/duckdb-polr/third_party/concurrentqueue -I/home/pei/Project/duckdb-polr/third_party/pcg -I/home/pei/Project/duckdb-polr/third_party/tdigest -I/home/pei/Project/duckdb-polr/third_party/mbedtls/include -I/home/pei/Project/duckdb-polr/third_party/jaro_winkler -O3 -DNDEBUG -O3 -DNDEBUG   -fPIC -fdiagnostics-color=always -std=c++11 -MD -MT src/common/value_operations/CMakeFiles/duckdb_value_operations.dir/ub_duckdb_value_operations.cpp.o -MF src/common/value_operations/CMakeFiles/duckdb_value_operations.dir/ub_duckdb_value_operations.cpp.o.d -o src/common/value_operations/CMakeFiles/duckdb_value_operations.dir/ub_duckdb_value_operations.cpp.o -c /home/pei/Project/duckdb-polr/build/release/src/common/value_operations/ub_duckdb_value_operations.cpp
[68/376] /usr/bin/ccache /usr/lib/ccache/c++ -DDUCKDB -DDUCKDB_BUILD_LIBRARY -DDUCKDB_MAIN_LIBRARY -DENABLE_CROSS_PRODUCT_REWRITE=0 -DENABLE_DEBUG_PRINT=0 -DENABLE_MEASURE_EXE_TIME=0 -DENABLE_MERGE_BACK_PLAN=0 -DENABLE_PARALLEL_EXECUTION=0 -DENABLE_QUERY_SPLIT=0 -DENABLE_SPECIFY_EST_STAT=0 -I/home/pei/Project/duckdb-polr/src/include -I/home/pei/Project/duckdb-polr/third_party/fsst -I/home/pei/Project/duckdb-polr/third_party/fmt/include -I/home/pei/Project/duckdb-polr/third_party/hyperloglog -I/home/pei/Project/duckdb-polr/third_party/fastpforlib -I/home/pei/Project/duckdb-polr/third_party/fast_float -I/home/pei/Project/duckdb-polr/third_party/re2 -I/home/pei/Project/duckdb-polr/third_party/miniz -I/home/pei/Project/duckdb-polr/third_party/utf8proc/include -I/home/pei/Project/duckdb-polr/third_party/miniparquet -I/home/pei/Project/duckdb-polr/third_party/concurrentqueue -I/home/pei/Project/duckdb-polr/third_party/pcg -I/home/pei/Project/duckdb-polr/third_party/tdigest -I/home/pei/Project/duckdb-polr/third_party/mbedtls/include -I/home/pei/Project/duckdb-polr/third_party/jaro_winkler -O3 -DNDEBUG -O3 -DNDEBUG   -fPIC -fdiagnostics-color=always -std=c++11 -MD -MT src/common/vector_operations/CMakeFiles/duckdb_vector_operations.dir/boolean_operators.cpp.o -MF src/common/vector_operations/CMakeFiles/duckdb_vector_operations.dir/boolean_operators.cpp.o.d -o src/common/vector_operations/CMakeFiles/duckdb_vector_operations.dir/boolean_operators.cpp.o -c /home/pei/Project/duckdb-polr/src/common/vector_operations/boolean_operators.cpp
[69/376] /usr/bin/ccache /usr/lib/ccache/c++ -DDUCKDB -DDUCKDB_BUILD_LIBRARY -DDUCKDB_MAIN_LIBRARY -DENABLE_CROSS_PRODUCT_REWRITE=0 -DENABLE_DEBUG_PRINT=0 -DENABLE_MEASURE_EXE_TIME=0 -DENABLE_MERGE_BACK_PLAN=0 -DENABLE_PARALLEL_EXECUTION=0 -DENABLE_QUERY_SPLIT=0 -DENABLE_SPECIFY_EST_STAT=0 -I/home/pei/Project/duckdb-polr/src/include -I/home/pei/Project/duckdb-polr/third_party/fsst -I/home/pei/Project/duckdb-polr/third_party/fmt/include -I/home/pei/Project/duckdb-polr/third_party/hyperloglog -I/home/pei/Project/duckdb-polr/third_party/fastpforlib -I/home/pei/Project/duckdb-polr/third_party/fast_float -I/home/pei/Project/duckdb-polr/third_party/re2 -I/home/pei/Project/duckdb-polr/third_party/miniz -I/home/pei/Project/duckdb-polr/third_party/utf8proc/include -I/home/pei/Project/duckdb-polr/third_party/miniparquet -I/home/pei/Project/duckdb-polr/third_party/concurrentqueue -I/home/pei/Project/duckdb-polr/third_party/pcg -I/home/pei/Project/duckdb-polr/third_party/tdigest -I/home/pei/Project/duckdb-polr/third_party/mbedtls/include -I/home/pei/Project/duckdb-polr/third_party/jaro_winkler -O3 -DNDEBUG -O3 -DNDEBUG   -fPIC -fdiagnostics-color=always -std=c++11 -MD -MT src/common/sort/CMakeFiles/duckdb_sort.dir/ub_duckdb_sort.cpp.o -MF src/common/sort/CMakeFiles/duckdb_sort.dir/ub_duckdb_sort.cpp.o.d -o src/common/sort/CMakeFiles/duckdb_sort.dir/ub_duckdb_sort.cpp.o -c /home/pei/Project/duckdb-polr/build/release/src/common/sort/ub_duckdb_sort.cpp
[70/376] /usr/bin/ccache /usr/lib/ccache/c++ -DDUCKDB -DDUCKDB_BUILD_LIBRARY -DDUCKDB_MAIN_LIBRARY -DENABLE_CROSS_PRODUCT_REWRITE=0 -DENABLE_DEBUG_PRINT=0 -DENABLE_MEASURE_EXE_TIME=0 -DENABLE_MERGE_BACK_PLAN=0 -DENABLE_PARALLEL_EXECUTION=0 -DENABLE_QUERY_SPLIT=0 -DENABLE_SPECIFY_EST_STAT=0 -I/home/pei/Project/duckdb-polr/src/include -I/home/pei/Project/duckdb-polr/third_party/fsst -I/home/pei/Project/duckdb-polr/third_party/fmt/include -I/home/pei/Project/duckdb-polr/third_party/hyperloglog -I/home/pei/Project/duckdb-polr/third_party/fastpforlib -I/home/pei/Project/duckdb-polr/third_party/fast_float -I/home/pei/Project/duckdb-polr/third_party/re2 -I/home/pei/Project/duckdb-polr/third_party/miniz -I/home/pei/Project/duckdb-polr/third_party/utf8proc/include -I/home/pei/Project/duckdb-polr/third_party/miniparquet -I/home/pei/Project/duckdb-polr/third_party/concurrentqueue -I/home/pei/Project/duckdb-polr/third_party/pcg -I/home/pei/Project/duckdb-polr/third_party/tdigest -I/home/pei/Project/duckdb-polr/third_party/mbedtls/include -I/home/pei/Project/duckdb-polr/third_party/jaro_winkler -O3 -DNDEBUG -O3 -DNDEBUG   -fPIC -fdiagnostics-color=always -std=c++11 -MD -MT src/common/row_operations/CMakeFiles/duckdb_row_operations.dir/ub_duckdb_row_operations.cpp.o -MF src/common/row_operations/CMakeFiles/duckdb_row_operations.dir/ub_duckdb_row_operations.cpp.o.d -o src/common/row_operations/CMakeFiles/duckdb_row_operations.dir/ub_duckdb_row_operations.cpp.o -c /home/pei/Project/duckdb-polr/build/release/src/common/row_operations/ub_duckdb_row_operations.cpp
[71/376] /usr/bin/ccache /usr/lib/ccache/c++ -DDUCKDB -DDUCKDB_BUILD_LIBRARY -DDUCKDB_MAIN_LIBRARY -DENABLE_CROSS_PRODUCT_REWRITE=0 -DENABLE_DEBUG_PRINT=0 -DENABLE_MEASURE_EXE_TIME=0 -DENABLE_MERGE_BACK_PLAN=0 -DENABLE_PARALLEL_EXECUTION=0 -DENABLE_QUERY_SPLIT=0 -DENABLE_SPECIFY_EST_STAT=0 -I/home/pei/Project/duckdb-polr/src/include -I/home/pei/Project/duckdb-polr/third_party/fsst -I/home/pei/Project/duckdb-polr/third_party/fmt/include -I/home/pei/Project/duckdb-polr/third_party/hyperloglog -I/home/pei/Project/duckdb-polr/third_party/fastpforlib -I/home/pei/Project/duckdb-polr/third_party/fast_float -I/home/pei/Project/duckdb-polr/third_party/re2 -I/home/pei/Project/duckdb-polr/third_party/miniz -I/home/pei/Project/duckdb-polr/third_party/utf8proc/include -I/home/pei/Project/duckdb-polr/third_party/miniparquet -I/home/pei/Project/duckdb-polr/third_party/concurrentqueue -I/home/pei/Project/duckdb-polr/third_party/pcg -I/home/pei/Project/duckdb-polr/third_party/tdigest -I/home/pei/Project/duckdb-polr/third_party/mbedtls/include -I/home/pei/Project/duckdb-polr/third_party/jaro_winkler -O3 -DNDEBUG -O3 -DNDEBUG   -fPIC -fdiagnostics-color=always -std=c++11 -MD -MT src/common/vector_operations/CMakeFiles/duckdb_vector_operations.dir/comparison_operators.cpp.o -MF src/common/vector_operations/CMakeFiles/duckdb_vector_operations.dir/comparison_operators.cpp.o.d -o src/common/vector_operations/CMakeFiles/duckdb_vector_operations.dir/comparison_operators.cpp.o -c /home/pei/Project/duckdb-polr/src/common/vector_operations/comparison_operators.cpp
[72/376] /usr/bin/ccache /usr/lib/ccache/c++ -DDUCKDB -DDUCKDB_BUILD_LIBRARY -DDUCKDB_MAIN_LIBRARY -DENABLE_CROSS_PRODUCT_REWRITE=0 -DENABLE_DEBUG_PRINT=0 -DENABLE_MEASURE_EXE_TIME=0 -DENABLE_MERGE_BACK_PLAN=0 -DENABLE_PARALLEL_EXECUTION=0 -DENABLE_QUERY_SPLIT=0 -DENABLE_SPECIFY_EST_STAT=0 -I/home/pei/Project/duckdb-polr/src/include -I/home/pei/Project/duckdb-polr/third_party/fsst -I/home/pei/Project/duckdb-polr/third_party/fmt/include -I/home/pei/Project/duckdb-polr/third_party/hyperloglog -I/home/pei/Project/duckdb-polr/third_party/fastpforlib -I/home/pei/Project/duckdb-polr/third_party/fast_float -I/home/pei/Project/duckdb-polr/third_party/re2 -I/home/pei/Project/duckdb-polr/third_party/miniz -I/home/pei/Project/duckdb-polr/third_party/utf8proc/include -I/home/pei/Project/duckdb-polr/third_party/miniparquet -I/home/pei/Project/duckdb-polr/third_party/concurrentqueue -I/home/pei/Project/duckdb-polr/third_party/pcg -I/home/pei/Project/duckdb-polr/third_party/tdigest -I/home/pei/Project/duckdb-polr/third_party/mbedtls/include -I/home/pei/Project/duckdb-polr/third_party/jaro_winkler -O3 -DNDEBUG -O3 -DNDEBUG   -fPIC -fdiagnostics-color=always -std=c++11 -MD -MT src/common/vector_operations/CMakeFiles/duckdb_vector_operations.dir/vector_cast.cpp.o -MF src/common/vector_operations/CMakeFiles/duckdb_vector_operations.dir/vector_cast.cpp.o.d -o src/common/vector_operations/CMakeFiles/duckdb_vector_operations.dir/vector_cast.cpp.o -c /home/pei/Project/duckdb-polr/src/common/vector_operations/vector_cast.cpp
[73/376] /usr/bin/ccache /usr/lib/ccache/c++ -DDUCKDB -DDUCKDB_BUILD_LIBRARY -DDUCKDB_MAIN_LIBRARY -DENABLE_CROSS_PRODUCT_REWRITE=0 -DENABLE_DEBUG_PRINT=0 -DENABLE_MEASURE_EXE_TIME=0 -DENABLE_MERGE_BACK_PLAN=0 -DENABLE_PARALLEL_EXECUTION=0 -DENABLE_QUERY_SPLIT=0 -DENABLE_SPECIFY_EST_STAT=0 -I/home/pei/Project/duckdb-polr/src/include -I/home/pei/Project/duckdb-polr/third_party/fsst -I/home/pei/Project/duckdb-polr/third_party/fmt/include -I/home/pei/Project/duckdb-polr/third_party/hyperloglog -I/home/pei/Project/duckdb-polr/third_party/fastpforlib -I/home/pei/Project/duckdb-polr/third_party/fast_float -I/home/pei/Project/duckdb-polr/third_party/re2 -I/home/pei/Project/duckdb-polr/third_party/miniz -I/home/pei/Project/duckdb-polr/third_party/utf8proc/include -I/home/pei/Project/duckdb-polr/third_party/miniparquet -I/home/pei/Project/duckdb-polr/third_party/concurrentqueue -I/home/pei/Project/duckdb-polr/third_party/pcg -I/home/pei/Project/duckdb-polr/third_party/tdigest -I/home/pei/Project/duckdb-polr/third_party/mbedtls/include -I/home/pei/Project/duckdb-polr/third_party/jaro_winkler -O3 -DNDEBUG -O3 -DNDEBUG   -fPIC -fdiagnostics-color=always -std=c++11 -MD -MT src/common/vector_operations/CMakeFiles/duckdb_vector_operations.dir/vector_copy.cpp.o -MF src/common/vector_operations/CMakeFiles/duckdb_vector_operations.dir/vector_copy.cpp.o.d -o src/common/vector_operations/CMakeFiles/duckdb_vector_operations.dir/vector_copy.cpp.o -c /home/pei/Project/duckdb-polr/src/common/vector_operations/vector_copy.cpp
[74/376] /usr/bin/ccache /usr/lib/ccache/c++ -DDUCKDB -DDUCKDB_BUILD_LIBRARY -DDUCKDB_MAIN_LIBRARY -DENABLE_CROSS_PRODUCT_REWRITE=0 -DENABLE_DEBUG_PRINT=0 -DENABLE_MEASURE_EXE_TIME=0 -DENABLE_MERGE_BACK_PLAN=0 -DENABLE_PARALLEL_EXECUTION=0 -DENABLE_QUERY_SPLIT=0 -DENABLE_SPECIFY_EST_STAT=0 -I/home/pei/Project/duckdb-polr/src/include -I/home/pei/Project/duckdb-polr/third_party/fsst -I/home/pei/Project/duckdb-polr/third_party/fmt/include -I/home/pei/Project/duckdb-polr/third_party/hyperloglog -I/home/pei/Project/duckdb-polr/third_party/fastpforlib -I/home/pei/Project/duckdb-polr/third_party/fast_float -I/home/pei/Project/duckdb-polr/third_party/re2 -I/home/pei/Project/duckdb-polr/third_party/miniz -I/home/pei/Project/duckdb-polr/third_party/utf8proc/include -I/home/pei/Project/duckdb-polr/third_party/miniparquet -I/home/pei/Project/duckdb-polr/third_party/concurrentqueue -I/home/pei/Project/duckdb-polr/third_party/pcg -I/home/pei/Project/duckdb-polr/third_party/tdigest -I/home/pei/Project/duckdb-polr/third_party/mbedtls/include -I/home/pei/Project/duckdb-polr/third_party/jaro_winkler -O3 -DNDEBUG -O3 -DNDEBUG   -fPIC -fdiagnostics-color=always -std=c++11 -MD -MT src/common/vector_operations/CMakeFiles/duckdb_vector_operations.dir/generators.cpp.o -MF src/common/vector_operations/CMakeFiles/duckdb_vector_operations.dir/generators.cpp.o.d -o src/common/vector_operations/CMakeFiles/duckdb_vector_operations.dir/generators.cpp.o -c /home/pei/Project/duckdb-polr/src/common/vector_operations/generators.cpp
[75/376] /usr/bin/ccache /usr/lib/ccache/c++ -DDUCKDB -DDUCKDB_BUILD_LIBRARY -DDUCKDB_MAIN_LIBRARY -DENABLE_CROSS_PRODUCT_REWRITE=0 -DENABLE_DEBUG_PRINT=0 -DENABLE_MEASURE_EXE_TIME=0 -DENABLE_MERGE_BACK_PLAN=0 -DENABLE_PARALLEL_EXECUTION=0 -DENABLE_QUERY_SPLIT=0 -DENABLE_SPECIFY_EST_STAT=0 -I/home/pei/Project/duckdb-polr/src/include -I/home/pei/Project/duckdb-polr/third_party/fsst -I/home/pei/Project/duckdb-polr/third_party/fmt/include -I/home/pei/Project/duckdb-polr/third_party/hyperloglog -I/home/pei/Project/duckdb-polr/third_party/fastpforlib -I/home/pei/Project/duckdb-polr/third_party/fast_float -I/home/pei/Project/duckdb-polr/third_party/re2 -I/home/pei/Project/duckdb-polr/third_party/miniz -I/home/pei/Project/duckdb-polr/third_party/utf8proc/include -I/home/pei/Project/duckdb-polr/third_party/miniparquet -I/home/pei/Project/duckdb-polr/third_party/concurrentqueue -I/home/pei/Project/duckdb-polr/third_party/pcg -I/home/pei/Project/duckdb-polr/third_party/tdigest -I/home/pei/Project/duckdb-polr/third_party/mbedtls/include -I/home/pei/Project/duckdb-polr/third_party/jaro_winkler -O3 -DNDEBUG -O3 -DNDEBUG   -fPIC -fdiagnostics-color=always -std=c++11 -MD -MT src/common/vector_operations/CMakeFiles/duckdb_vector_operations.dir/vector_hash.cpp.o -MF src/common/vector_operations/CMakeFiles/duckdb_vector_operations.dir/vector_hash.cpp.o.d -o src/common/vector_operations/CMakeFiles/duckdb_vector_operations.dir/vector_hash.cpp.o -c /home/pei/Project/duckdb-polr/src/common/vector_operations/vector_hash.cpp
[76/376] /usr/bin/ccache /usr/lib/ccache/c++ -DDUCKDB -DDUCKDB_BUILD_LIBRARY -DDUCKDB_MAIN_LIBRARY -DENABLE_CROSS_PRODUCT_REWRITE=0 -DENABLE_DEBUG_PRINT=0 -DENABLE_MEASURE_EXE_TIME=0 -DENABLE_MERGE_BACK_PLAN=0 -DENABLE_PARALLEL_EXECUTION=0 -DENABLE_QUERY_SPLIT=0 -DENABLE_SPECIFY_EST_STAT=0 -I/home/pei/Project/duckdb-polr/src/include -I/home/pei/Project/duckdb-polr/third_party/fsst -I/home/pei/Project/duckdb-polr/third_party/fmt/include -I/home/pei/Project/duckdb-polr/third_party/hyperloglog -I/home/pei/Project/duckdb-polr/third_party/fastpforlib -I/home/pei/Project/duckdb-polr/third_party/fast_float -I/home/pei/Project/duckdb-polr/third_party/re2 -I/home/pei/Project/duckdb-polr/third_party/miniz -I/home/pei/Project/duckdb-polr/third_party/utf8proc/include -I/home/pei/Project/duckdb-polr/third_party/miniparquet -I/home/pei/Project/duckdb-polr/third_party/concurrentqueue -I/home/pei/Project/duckdb-polr/third_party/pcg -I/home/pei/Project/duckdb-polr/third_party/tdigest -I/home/pei/Project/duckdb-polr/third_party/mbedtls/include -I/home/pei/Project/duckdb-polr/third_party/jaro_winkler -O3 -DNDEBUG -O3 -DNDEBUG   -fPIC -fdiagnostics-color=always -std=c++11 -MD -MT src/common/vector_operations/CMakeFiles/duckdb_vector_operations.dir/numeric_inplace_operators.cpp.o -MF src/common/vector_operations/CMakeFiles/duckdb_vector_operations.dir/numeric_inplace_operators.cpp.o.d -o src/common/vector_operations/CMakeFiles/duckdb_vector_operations.dir/numeric_inplace_operators.cpp.o -c /home/pei/Project/duckdb-polr/src/common/vector_operations/numeric_inplace_operators.cpp
[77/376] /usr/bin/ccache /usr/lib/ccache/c++ -DDUCKDB -DDUCKDB_BUILD_LIBRARY -DDUCKDB_MAIN_LIBRARY -DENABLE_CROSS_PRODUCT_REWRITE=0 -DENABLE_DEBUG_PRINT=0 -DENABLE_MEASURE_EXE_TIME=0 -DENABLE_MERGE_BACK_PLAN=0 -DENABLE_PARALLEL_EXECUTION=0 -DENABLE_QUERY_SPLIT=0 -DENABLE_SPECIFY_EST_STAT=0 -I/home/pei/Project/duckdb-polr/src/include -I/home/pei/Project/duckdb-polr/third_party/fsst -I/home/pei/Project/duckdb-polr/third_party/fmt/include -I/home/pei/Project/duckdb-polr/third_party/hyperloglog -I/home/pei/Project/duckdb-polr/third_party/fastpforlib -I/home/pei/Project/duckdb-polr/third_party/fast_float -I/home/pei/Project/duckdb-polr/third_party/re2 -I/home/pei/Project/duckdb-polr/third_party/miniz -I/home/pei/Project/duckdb-polr/third_party/utf8proc/include -I/home/pei/Project/duckdb-polr/third_party/miniparquet -I/home/pei/Project/duckdb-polr/third_party/concurrentqueue -I/home/pei/Project/duckdb-polr/third_party/pcg -I/home/pei/Project/duckdb-polr/third_party/tdigest -I/home/pei/Project/duckdb-polr/third_party/mbedtls/include -I/home/pei/Project/duckdb-polr/third_party/jaro_winkler -O3 -DNDEBUG -O3 -DNDEBUG   -fPIC -fdiagnostics-color=always -std=c++11 -MD -MT src/common/types/CMakeFiles/duckdb_common_types.dir/ub_duckdb_common_types.cpp.o -MF src/common/types/CMakeFiles/duckdb_common_types.dir/ub_duckdb_common_types.cpp.o.d -o src/common/types/CMakeFiles/duckdb_common_types.dir/ub_duckdb_common_types.cpp.o -c /home/pei/Project/duckdb-polr/build/release/src/common/types/ub_duckdb_common_types.cpp
[78/376] /usr/bin/ccache /usr/lib/ccache/c++ -DDUCKDB -DDUCKDB_BUILD_LIBRARY -DDUCKDB_MAIN_LIBRARY -DENABLE_CROSS_PRODUCT_REWRITE=0 -DENABLE_DEBUG_PRINT=0 -DENABLE_MEASURE_EXE_TIME=0 -DENABLE_MERGE_BACK_PLAN=0 -DENABLE_PARALLEL_EXECUTION=0 -DENABLE_QUERY_SPLIT=0 -DENABLE_SPECIFY_EST_STAT=0 -I/home/pei/Project/duckdb-polr/src/include -I/home/pei/Project/duckdb-polr/third_party/fsst -I/home/pei/Project/duckdb-polr/third_party/fmt/include -I/home/pei/Project/duckdb-polr/third_party/hyperloglog -I/home/pei/Project/duckdb-polr/third_party/fastpforlib -I/home/pei/Project/duckdb-polr/third_party/fast_float -I/home/pei/Project/duckdb-polr/third_party/re2 -I/home/pei/Project/duckdb-polr/third_party/miniz -I/home/pei/Project/duckdb-polr/third_party/utf8proc/include -I/home/pei/Project/duckdb-polr/third_party/miniparquet -I/home/pei/Project/duckdb-polr/third_party/concurrentqueue -I/home/pei/Project/duckdb-polr/third_party/pcg -I/home/pei/Project/duckdb-polr/third_party/tdigest -I/home/pei/Project/duckdb-polr/third_party/mbedtls/include -I/home/pei/Project/duckdb-polr/third_party/jaro_winkler -O3 -DNDEBUG -O3 -DNDEBUG   -fPIC -fdiagnostics-color=always -std=c++11 -MD -MT src/common/vector_operations/CMakeFiles/duckdb_vector_operations.dir/vector_storage.cpp.o -MF src/common/vector_operations/CMakeFiles/duckdb_vector_operations.dir/vector_storage.cpp.o.d -o src/common/vector_operations/CMakeFiles/duckdb_vector_operations.dir/vector_storage.cpp.o -c /home/pei/Project/duckdb-polr/src/common/vector_operations/vector_storage.cpp
[79/376] /usr/bin/ccache /usr/lib/ccache/c++ -DDUCKDB -DDUCKDB_BUILD_LIBRARY -DDUCKDB_MAIN_LIBRARY -DENABLE_CROSS_PRODUCT_REWRITE=0 -DENABLE_DEBUG_PRINT=0 -DENABLE_MEASURE_EXE_TIME=0 -DENABLE_MERGE_BACK_PLAN=0 -DENABLE_PARALLEL_EXECUTION=0 -DENABLE_QUERY_SPLIT=0 -DENABLE_SPECIFY_EST_STAT=0 -I/home/pei/Project/duckdb-polr/src/include -I/home/pei/Project/duckdb-polr/third_party/fsst -I/home/pei/Project/duckdb-polr/third_party/fmt/include -I/home/pei/Project/duckdb-polr/third_party/hyperloglog -I/home/pei/Project/duckdb-polr/third_party/fastpforlib -I/home/pei/Project/duckdb-polr/third_party/fast_float -I/home/pei/Project/duckdb-polr/third_party/re2 -I/home/pei/Project/duckdb-polr/third_party/miniz -I/home/pei/Project/duckdb-polr/third_party/utf8proc/include -I/home/pei/Project/duckdb-polr/third_party/miniparquet -I/home/pei/Project/duckdb-polr/third_party/concurrentqueue -I/home/pei/Project/duckdb-polr/third_party/pcg -I/home/pei/Project/duckdb-polr/third_party/tdigest -I/home/pei/Project/duckdb-polr/third_party/mbedtls/include -I/home/pei/Project/duckdb-polr/third_party/jaro_winkler -O3 -DNDEBUG -O3 -DNDEBUG   -fPIC -fdiagnostics-color=always -std=c++11 -MD -MT src/common/vector_operations/CMakeFiles/duckdb_vector_operations.dir/null_operations.cpp.o -MF src/common/vector_operations/CMakeFiles/duckdb_vector_operations.dir/null_operations.cpp.o.d -o src/common/vector_operations/CMakeFiles/duckdb_vector_operations.dir/null_operations.cpp.o -c /home/pei/Project/duckdb-polr/src/common/vector_operations/null_operations.cpp
[80/376] /usr/bin/ccache /usr/lib/ccache/c++ -DDUCKDB -DDUCKDB_BUILD_LIBRARY -DDUCKDB_MAIN_LIBRARY -DENABLE_CROSS_PRODUCT_REWRITE=0 -DENABLE_DEBUG_PRINT=0 -DENABLE_MEASURE_EXE_TIME=0 -DENABLE_MERGE_BACK_PLAN=0 -DENABLE_PARALLEL_EXECUTION=0 -DENABLE_QUERY_SPLIT=0 -DENABLE_SPECIFY_EST_STAT=0 -I/home/pei/Project/duckdb-polr/src/include -I/home/pei/Project/duckdb-polr/third_party/fsst -I/home/pei/Project/duckdb-polr/third_party/fmt/include -I/home/pei/Project/duckdb-polr/third_party/hyperloglog -I/home/pei/Project/duckdb-polr/third_party/fastpforlib -I/home/pei/Project/duckdb-polr/third_party/fast_float -I/home/pei/Project/duckdb-polr/third_party/re2 -I/home/pei/Project/duckdb-polr/third_party/miniz -I/home/pei/Project/duckdb-polr/third_party/utf8proc/include -I/home/pei/Project/duckdb-polr/third_party/miniparquet -I/home/pei/Project/duckdb-polr/third_party/concurrentqueue -I/home/pei/Project/duckdb-polr/third_party/pcg -I/home/pei/Project/duckdb-polr/third_party/tdigest -I/home/pei/Project/duckdb-polr/third_party/mbedtls/include -I/home/pei/Project/duckdb-polr/third_party/jaro_winkler -O3 -DNDEBUG -O3 -DNDEBUG   -fPIC -fdiagnostics-color=always -std=c++11 -MD -MT src/common/vector_operations/CMakeFiles/duckdb_vector_operations.dir/is_distinct_from.cpp.o -MF src/common/vector_operations/CMakeFiles/duckdb_vector_operations.dir/is_distinct_from.cpp.o.d -o src/common/vector_operations/CMakeFiles/duckdb_vector_operations.dir/is_distinct_from.cpp.o -c /home/pei/Project/duckdb-polr/src/common/vector_operations/is_distinct_from.cpp
[81/376] /usr/bin/ccache /usr/lib/ccache/c++ -DDUCKDB -DDUCKDB_BUILD_LIBRARY -DDUCKDB_MAIN_LIBRARY -DENABLE_CROSS_PRODUCT_REWRITE=0 -DENABLE_DEBUG_PRINT=0 -DENABLE_MEASURE_EXE_TIME=0 -DENABLE_MERGE_BACK_PLAN=0 -DENABLE_PARALLEL_EXECUTION=0 -DENABLE_QUERY_SPLIT=0 -DENABLE_SPECIFY_EST_STAT=0 -I/home/pei/Project/duckdb-polr/src/include -I/home/pei/Project/duckdb-polr/third_party/fsst -I/home/pei/Project/duckdb-polr/third_party/fmt/include -I/home/pei/Project/duckdb-polr/third_party/hyperloglog -I/home/pei/Project/duckdb-polr/third_party/fastpforlib -I/home/pei/Project/duckdb-polr/third_party/fast_float -I/home/pei/Project/duckdb-polr/third_party/re2 -I/home/pei/Project/duckdb-polr/third_party/miniz -I/home/pei/Project/duckdb-polr/third_party/utf8proc/include -I/home/pei/Project/duckdb-polr/third_party/miniparquet -I/home/pei/Project/duckdb-polr/third_party/concurrentqueue -I/home/pei/Project/duckdb-polr/third_party/pcg -I/home/pei/Project/duckdb-polr/third_party/tdigest -I/home/pei/Project/duckdb-polr/third_party/mbedtls/include -I/home/pei/Project/duckdb-polr/third_party/jaro_winkler -O3 -DNDEBUG -O3 -DNDEBUG   -fPIC -fdiagnostics-color=always -std=c++11 -MD -MT src/execution/CMakeFiles/duckdb_execution.dir/ub_duckdb_execution.cpp.o -MF src/execution/CMakeFiles/duckdb_execution.dir/ub_duckdb_execution.cpp.o.d -o src/execution/CMakeFiles/duckdb_execution.dir/ub_duckdb_execution.cpp.o -c /home/pei/Project/duckdb-polr/build/release/src/execution/ub_duckdb_execution.cpp
[82/376] /usr/bin/ccache /usr/lib/ccache/c++ -DDUCKDB -DDUCKDB_BUILD_LIBRARY -DDUCKDB_MAIN_LIBRARY -DENABLE_CROSS_PRODUCT_REWRITE=0 -DENABLE_DEBUG_PRINT=0 -DENABLE_MEASURE_EXE_TIME=0 -DENABLE_MERGE_BACK_PLAN=0 -DENABLE_PARALLEL_EXECUTION=0 -DENABLE_QUERY_SPLIT=0 -DENABLE_SPECIFY_EST_STAT=0 -I/home/pei/Project/duckdb-polr/src/include -I/home/pei/Project/duckdb-polr/third_party/fsst -I/home/pei/Project/duckdb-polr/third_party/fmt/include -I/home/pei/Project/duckdb-polr/third_party/hyperloglog -I/home/pei/Project/duckdb-polr/third_party/fastpforlib -I/home/pei/Project/duckdb-polr/third_party/fast_float -I/home/pei/Project/duckdb-polr/third_party/re2 -I/home/pei/Project/duckdb-polr/third_party/miniz -I/home/pei/Project/duckdb-polr/third_party/utf8proc/include -I/home/pei/Project/duckdb-polr/third_party/miniparquet -I/home/pei/Project/duckdb-polr/third_party/concurrentqueue -I/home/pei/Project/duckdb-polr/third_party/pcg -I/home/pei/Project/duckdb-polr/third_party/tdigest -I/home/pei/Project/duckdb-polr/third_party/mbedtls/include -I/home/pei/Project/duckdb-polr/third_party/jaro_winkler -O3 -DNDEBUG -O3 -DNDEBUG   -fPIC -fdiagnostics-color=always -std=c++11 -MD -MT src/execution/nested_loop_join/CMakeFiles/duckdb_nested_loop_join.dir/ub_duckdb_nested_loop_join.cpp.o -MF src/execution/nested_loop_join/CMakeFiles/duckdb_nested_loop_join.dir/ub_duckdb_nested_loop_join.cpp.o.d -o src/execution/nested_loop_join/CMakeFiles/duckdb_nested_loop_join.dir/ub_duckdb_nested_loop_join.cpp.o -c /home/pei/Project/duckdb-polr/build/release/src/execution/nested_loop_join/ub_duckdb_nested_loop_join.cpp
[83/376] /usr/bin/ccache /usr/lib/ccache/c++ -DDUCKDB -DDUCKDB_BUILD_LIBRARY -DDUCKDB_MAIN_LIBRARY -DENABLE_CROSS_PRODUCT_REWRITE=0 -DENABLE_DEBUG_PRINT=0 -DENABLE_MEASURE_EXE_TIME=0 -DENABLE_MERGE_BACK_PLAN=0 -DENABLE_PARALLEL_EXECUTION=0 -DENABLE_QUERY_SPLIT=0 -DENABLE_SPECIFY_EST_STAT=0 -I/home/pei/Project/duckdb-polr/src/include -I/home/pei/Project/duckdb-polr/third_party/fsst -I/home/pei/Project/duckdb-polr/third_party/fmt/include -I/home/pei/Project/duckdb-polr/third_party/hyperloglog -I/home/pei/Project/duckdb-polr/third_party/fastpforlib -I/home/pei/Project/duckdb-polr/third_party/fast_float -I/home/pei/Project/duckdb-polr/third_party/re2 -I/home/pei/Project/duckdb-polr/third_party/miniz -I/home/pei/Project/duckdb-polr/third_party/utf8proc/include -I/home/pei/Project/duckdb-polr/third_party/miniparquet -I/home/pei/Project/duckdb-polr/third_party/concurrentqueue -I/home/pei/Project/duckdb-polr/third_party/pcg -I/home/pei/Project/duckdb-polr/third_party/tdigest -I/home/pei/Project/duckdb-polr/third_party/mbedtls/include -I/home/pei/Project/duckdb-polr/third_party/jaro_winkler -O3 -DNDEBUG -O3 -DNDEBUG   -fPIC -fdiagnostics-color=always -std=c++11 -MD -MT src/execution/expression_executor/CMakeFiles/duckdb_expression_executor.dir/ub_duckdb_expression_executor.cpp.o -MF src/execution/expression_executor/CMakeFiles/duckdb_expression_executor.dir/ub_duckdb_expression_executor.cpp.o.d -o src/execution/expression_executor/CMakeFiles/duckdb_expression_executor.dir/ub_duckdb_expression_executor.cpp.o -c /home/pei/Project/duckdb-polr/build/release/src/execution/expression_executor/ub_duckdb_expression_executor.cpp
[84/376] /usr/bin/ccache /usr/lib/ccache/c++ -DDUCKDB -DDUCKDB_BUILD_LIBRARY -DDUCKDB_MAIN_LIBRARY -DENABLE_CROSS_PRODUCT_REWRITE=0 -DENABLE_DEBUG_PRINT=0 -DENABLE_MEASURE_EXE_TIME=0 -DENABLE_MERGE_BACK_PLAN=0 -DENABLE_PARALLEL_EXECUTION=0 -DENABLE_QUERY_SPLIT=0 -DENABLE_SPECIFY_EST_STAT=0 -I/home/pei/Project/duckdb-polr/src/include -I/home/pei/Project/duckdb-polr/third_party/fsst -I/home/pei/Project/duckdb-polr/third_party/fmt/include -I/home/pei/Project/duckdb-polr/third_party/hyperloglog -I/home/pei/Project/duckdb-polr/third_party/fastpforlib -I/home/pei/Project/duckdb-polr/third_party/fast_float -I/home/pei/Project/duckdb-polr/third_party/re2 -I/home/pei/Project/duckdb-polr/third_party/miniz -I/home/pei/Project/duckdb-polr/third_party/utf8proc/include -I/home/pei/Project/duckdb-polr/third_party/miniparquet -I/home/pei/Project/duckdb-polr/third_party/concurrentqueue -I/home/pei/Project/duckdb-polr/third_party/pcg -I/home/pei/Project/duckdb-polr/third_party/tdigest -I/home/pei/Project/duckdb-polr/third_party/mbedtls/include -I/home/pei/Project/duckdb-polr/third_party/jaro_winkler -O3 -DNDEBUG -O3 -DNDEBUG   -fPIC -fdiagnostics-color=always -std=c++11 -MD -MT src/execution/operator/aggregate/CMakeFiles/duckdb_operator_aggregate.dir/ub_duckdb_operator_aggregate.cpp.o -MF src/execution/operator/aggregate/CMakeFiles/duckdb_operator_aggregate.dir/ub_duckdb_operator_aggregate.cpp.o.d -o src/execution/operator/aggregate/CMakeFiles/duckdb_operator_aggregate.dir/ub_duckdb_operator_aggregate.cpp.o -c /home/pei/Project/duckdb-polr/build/release/src/execution/operator/aggregate/ub_duckdb_operator_aggregate.cpp
[85/376] /usr/bin/ccache /usr/lib/ccache/c++ -DDUCKDB -DDUCKDB_BUILD_LIBRARY -DDUCKDB_MAIN_LIBRARY -DENABLE_CROSS_PRODUCT_REWRITE=0 -DENABLE_DEBUG_PRINT=0 -DENABLE_MEASURE_EXE_TIME=0 -DENABLE_MERGE_BACK_PLAN=0 -DENABLE_PARALLEL_EXECUTION=0 -DENABLE_QUERY_SPLIT=0 -DENABLE_SPECIFY_EST_STAT=0 -I/home/pei/Project/duckdb-polr/src/include -I/home/pei/Project/duckdb-polr/third_party/fsst -I/home/pei/Project/duckdb-polr/third_party/fmt/include -I/home/pei/Project/duckdb-polr/third_party/hyperloglog -I/home/pei/Project/duckdb-polr/third_party/fastpforlib -I/home/pei/Project/duckdb-polr/third_party/fast_float -I/home/pei/Project/duckdb-polr/third_party/re2 -I/home/pei/Project/duckdb-polr/third_party/miniz -I/home/pei/Project/duckdb-polr/third_party/utf8proc/include -I/home/pei/Project/duckdb-polr/third_party/miniparquet -I/home/pei/Project/duckdb-polr/third_party/concurrentqueue -I/home/pei/Project/duckdb-polr/third_party/pcg -I/home/pei/Project/duckdb-polr/third_party/tdigest -I/home/pei/Project/duckdb-polr/third_party/mbedtls/include -I/home/pei/Project/duckdb-polr/third_party/jaro_winkler -O3 -DNDEBUG -O3 -DNDEBUG   -fPIC -fdiagnostics-color=always -std=c++11 -MD -MT src/execution/operator/filter/CMakeFiles/duckdb_operator_filter.dir/ub_duckdb_operator_filter.cpp.o -MF src/execution/operator/filter/CMakeFiles/duckdb_operator_filter.dir/ub_duckdb_operator_filter.cpp.o.d -o src/execution/operator/filter/CMakeFiles/duckdb_operator_filter.dir/ub_duckdb_operator_filter.cpp.o -c /home/pei/Project/duckdb-polr/build/release/src/execution/operator/filter/ub_duckdb_operator_filter.cpp
[86/376] /usr/bin/ccache /usr/lib/ccache/c++ -DDUCKDB -DDUCKDB_BUILD_LIBRARY -DDUCKDB_MAIN_LIBRARY -DENABLE_CROSS_PRODUCT_REWRITE=0 -DENABLE_DEBUG_PRINT=0 -DENABLE_MEASURE_EXE_TIME=0 -DENABLE_MERGE_BACK_PLAN=0 -DENABLE_PARALLEL_EXECUTION=0 -DENABLE_QUERY_SPLIT=0 -DENABLE_SPECIFY_EST_STAT=0 -I/home/pei/Project/duckdb-polr/src/include -I/home/pei/Project/duckdb-polr/third_party/fsst -I/home/pei/Project/duckdb-polr/third_party/fmt/include -I/home/pei/Project/duckdb-polr/third_party/hyperloglog -I/home/pei/Project/duckdb-polr/third_party/fastpforlib -I/home/pei/Project/duckdb-polr/third_party/fast_float -I/home/pei/Project/duckdb-polr/third_party/re2 -I/home/pei/Project/duckdb-polr/third_party/miniz -I/home/pei/Project/duckdb-polr/third_party/utf8proc/include -I/home/pei/Project/duckdb-polr/third_party/miniparquet -I/home/pei/Project/duckdb-polr/third_party/concurrentqueue -I/home/pei/Project/duckdb-polr/third_party/pcg -I/home/pei/Project/duckdb-polr/third_party/tdigest -I/home/pei/Project/duckdb-polr/third_party/mbedtls/include -I/home/pei/Project/duckdb-polr/third_party/jaro_winkler -O3 -DNDEBUG -O3 -DNDEBUG   -fPIC -fdiagnostics-color=always -std=c++11 -MD -MT src/execution/operator/helper/CMakeFiles/duckdb_operator_helper.dir/ub_duckdb_operator_helper.cpp.o -MF src/execution/operator/helper/CMakeFiles/duckdb_operator_helper.dir/ub_duckdb_operator_helper.cpp.o.d -o src/execution/operator/helper/CMakeFiles/duckdb_operator_helper.dir/ub_duckdb_operator_helper.cpp.o -c /home/pei/Project/duckdb-polr/build/release/src/execution/operator/helper/ub_duckdb_operator_helper.cpp
[87/376] /usr/bin/ccache /usr/lib/ccache/c++ -DDUCKDB -DDUCKDB_BUILD_LIBRARY -DDUCKDB_MAIN_LIBRARY -DENABLE_CROSS_PRODUCT_REWRITE=0 -DENABLE_DEBUG_PRINT=0 -DENABLE_MEASURE_EXE_TIME=0 -DENABLE_MERGE_BACK_PLAN=0 -DENABLE_PARALLEL_EXECUTION=0 -DENABLE_QUERY_SPLIT=0 -DENABLE_SPECIFY_EST_STAT=0 -I/home/pei/Project/duckdb-polr/src/include -I/home/pei/Project/duckdb-polr/third_party/fsst -I/home/pei/Project/duckdb-polr/third_party/fmt/include -I/home/pei/Project/duckdb-polr/third_party/hyperloglog -I/home/pei/Project/duckdb-polr/third_party/fastpforlib -I/home/pei/Project/duckdb-polr/third_party/fast_float -I/home/pei/Project/duckdb-polr/third_party/re2 -I/home/pei/Project/duckdb-polr/third_party/miniz -I/home/pei/Project/duckdb-polr/third_party/utf8proc/include -I/home/pei/Project/duckdb-polr/third_party/miniparquet -I/home/pei/Project/duckdb-polr/third_party/concurrentqueue -I/home/pei/Project/duckdb-polr/third_party/pcg -I/home/pei/Project/duckdb-polr/third_party/tdigest -I/home/pei/Project/duckdb-polr/third_party/mbedtls/include -I/home/pei/Project/duckdb-polr/third_party/jaro_winkler -O3 -DNDEBUG -O3 -DNDEBUG   -fPIC -fdiagnostics-color=always -std=c++11 -MD -MT src/execution/operator/order/CMakeFiles/duckdb_operator_order.dir/ub_duckdb_operator_order.cpp.o -MF src/execution/operator/order/CMakeFiles/duckdb_operator_order.dir/ub_duckdb_operator_order.cpp.o.d -o src/execution/operator/order/CMakeFiles/duckdb_operator_order.dir/ub_duckdb_operator_order.cpp.o -c /home/pei/Project/duckdb-polr/build/release/src/execution/operator/order/ub_duckdb_operator_order.cpp
[88/376] /usr/bin/ccache /usr/lib/ccache/c++ -DDUCKDB -DDUCKDB_BUILD_LIBRARY -DDUCKDB_MAIN_LIBRARY -DENABLE_CROSS_PRODUCT_REWRITE=0 -DENABLE_DEBUG_PRINT=0 -DENABLE_MEASURE_EXE_TIME=0 -DENABLE_MERGE_BACK_PLAN=0 -DENABLE_PARALLEL_EXECUTION=0 -DENABLE_QUERY_SPLIT=0 -DENABLE_SPECIFY_EST_STAT=0 -I/home/pei/Project/duckdb-polr/src/include -I/home/pei/Project/duckdb-polr/third_party/fsst -I/home/pei/Project/duckdb-polr/third_party/fmt/include -I/home/pei/Project/duckdb-polr/third_party/hyperloglog -I/home/pei/Project/duckdb-polr/third_party/fastpforlib -I/home/pei/Project/duckdb-polr/third_party/fast_float -I/home/pei/Project/duckdb-polr/third_party/re2 -I/home/pei/Project/duckdb-polr/third_party/miniz -I/home/pei/Project/duckdb-polr/third_party/utf8proc/include -I/home/pei/Project/duckdb-polr/third_party/miniparquet -I/home/pei/Project/duckdb-polr/third_party/concurrentqueue -I/home/pei/Project/duckdb-polr/third_party/pcg -I/home/pei/Project/duckdb-polr/third_party/tdigest -I/home/pei/Project/duckdb-polr/third_party/mbedtls/include -I/home/pei/Project/duckdb-polr/third_party/jaro_winkler -O3 -DNDEBUG -O3 -DNDEBUG   -fPIC -fdiagnostics-color=always -std=c++11 -MD -MT src/execution/operator/persistent/CMakeFiles/duckdb_operator_persistent.dir/ub_duckdb_operator_persistent.cpp.o -MF src/execution/operator/persistent/CMakeFiles/duckdb_operator_persistent.dir/ub_duckdb_operator_persistent.cpp.o.d -o src/execution/operator/persistent/CMakeFiles/duckdb_operator_persistent.dir/ub_duckdb_operator_persistent.cpp.o -c /home/pei/Project/duckdb-polr/build/release/src/execution/operator/persistent/ub_duckdb_operator_persistent.cpp
[89/376] /usr/bin/ccache /usr/lib/ccache/c++ -DDUCKDB -DDUCKDB_BUILD_LIBRARY -DDUCKDB_MAIN_LIBRARY -DENABLE_CROSS_PRODUCT_REWRITE=0 -DENABLE_DEBUG_PRINT=0 -DENABLE_MEASURE_EXE_TIME=0 -DENABLE_MERGE_BACK_PLAN=0 -DENABLE_PARALLEL_EXECUTION=0 -DENABLE_QUERY_SPLIT=0 -DENABLE_SPECIFY_EST_STAT=0 -I/home/pei/Project/duckdb-polr/src/include -I/home/pei/Project/duckdb-polr/third_party/fsst -I/home/pei/Project/duckdb-polr/third_party/fmt/include -I/home/pei/Project/duckdb-polr/third_party/hyperloglog -I/home/pei/Project/duckdb-polr/third_party/fastpforlib -I/home/pei/Project/duckdb-polr/third_party/fast_float -I/home/pei/Project/duckdb-polr/third_party/re2 -I/home/pei/Project/duckdb-polr/third_party/miniz -I/home/pei/Project/duckdb-polr/third_party/utf8proc/include -I/home/pei/Project/duckdb-polr/third_party/miniparquet -I/home/pei/Project/duckdb-polr/third_party/concurrentqueue -I/home/pei/Project/duckdb-polr/third_party/pcg -I/home/pei/Project/duckdb-polr/third_party/tdigest -I/home/pei/Project/duckdb-polr/third_party/mbedtls/include -I/home/pei/Project/duckdb-polr/third_party/jaro_winkler -O3 -DNDEBUG -O3 -DNDEBUG   -fPIC -fdiagnostics-color=always -std=c++11 -MD -MT src/execution/operator/scan/CMakeFiles/duckdb_operator_scan.dir/ub_duckdb_operator_scan.cpp.o -MF src/execution/operator/scan/CMakeFiles/duckdb_operator_scan.dir/ub_duckdb_operator_scan.cpp.o.d -o src/execution/operator/scan/CMakeFiles/duckdb_operator_scan.dir/ub_duckdb_operator_scan.cpp.o -c /home/pei/Project/duckdb-polr/build/release/src/execution/operator/scan/ub_duckdb_operator_scan.cpp
[90/376] /usr/bin/ccache /usr/lib/ccache/c++ -DDUCKDB -DDUCKDB_BUILD_LIBRARY -DDUCKDB_MAIN_LIBRARY -DENABLE_CROSS_PRODUCT_REWRITE=0 -DENABLE_DEBUG_PRINT=0 -DENABLE_MEASURE_EXE_TIME=0 -DENABLE_MERGE_BACK_PLAN=0 -DENABLE_PARALLEL_EXECUTION=0 -DENABLE_QUERY_SPLIT=0 -DENABLE_SPECIFY_EST_STAT=0 -I/home/pei/Project/duckdb-polr/src/include -I/home/pei/Project/duckdb-polr/third_party/fsst -I/home/pei/Project/duckdb-polr/third_party/fmt/include -I/home/pei/Project/duckdb-polr/third_party/hyperloglog -I/home/pei/Project/duckdb-polr/third_party/fastpforlib -I/home/pei/Project/duckdb-polr/third_party/fast_float -I/home/pei/Project/duckdb-polr/third_party/re2 -I/home/pei/Project/duckdb-polr/third_party/miniz -I/home/pei/Project/duckdb-polr/third_party/utf8proc/include -I/home/pei/Project/duckdb-polr/third_party/miniparquet -I/home/pei/Project/duckdb-polr/third_party/concurrentqueue -I/home/pei/Project/duckdb-polr/third_party/pcg -I/home/pei/Project/duckdb-polr/third_party/tdigest -I/home/pei/Project/duckdb-polr/third_party/mbedtls/include -I/home/pei/Project/duckdb-polr/third_party/jaro_winkler -O3 -DNDEBUG -O3 -DNDEBUG   -fPIC -fdiagnostics-color=always -std=c++11 -MD -MT src/execution/operator/projection/CMakeFiles/duckdb_operator_projection.dir/ub_duckdb_operator_projection.cpp.o -MF src/execution/operator/projection/CMakeFiles/duckdb_operator_projection.dir/ub_duckdb_operator_projection.cpp.o.d -o src/execution/operator/projection/CMakeFiles/duckdb_operator_projection.dir/ub_duckdb_operator_projection.cpp.o -c /home/pei/Project/duckdb-polr/build/release/src/execution/operator/projection/ub_duckdb_operator_projection.cpp
[91/376] /usr/bin/ccache /usr/lib/ccache/c++ -DDUCKDB -DDUCKDB_BUILD_LIBRARY -DDUCKDB_MAIN_LIBRARY -DENABLE_CROSS_PRODUCT_REWRITE=0 -DENABLE_DEBUG_PRINT=0 -DENABLE_MEASURE_EXE_TIME=0 -DENABLE_MERGE_BACK_PLAN=0 -DENABLE_PARALLEL_EXECUTION=0 -DENABLE_QUERY_SPLIT=0 -DENABLE_SPECIFY_EST_STAT=0 -I/home/pei/Project/duckdb-polr/src/include -I/home/pei/Project/duckdb-polr/third_party/fsst -I/home/pei/Project/duckdb-polr/third_party/fmt/include -I/home/pei/Project/duckdb-polr/third_party/hyperloglog -I/home/pei/Project/duckdb-polr/third_party/fastpforlib -I/home/pei/Project/duckdb-polr/third_party/fast_float -I/home/pei/Project/duckdb-polr/third_party/re2 -I/home/pei/Project/duckdb-polr/third_party/miniz -I/home/pei/Project/duckdb-polr/third_party/utf8proc/include -I/home/pei/Project/duckdb-polr/third_party/miniparquet -I/home/pei/Project/duckdb-polr/third_party/concurrentqueue -I/home/pei/Project/duckdb-polr/third_party/pcg -I/home/pei/Project/duckdb-polr/third_party/tdigest -I/home/pei/Project/duckdb-polr/third_party/mbedtls/include -I/home/pei/Project/duckdb-polr/third_party/jaro_winkler -O3 -DNDEBUG -O3 -DNDEBUG   -fPIC -fdiagnostics-color=always -std=c++11 -MD -MT src/execution/operator/set/CMakeFiles/duckdb_operator_set.dir/ub_duckdb_operator_set.cpp.o -MF src/execution/operator/set/CMakeFiles/duckdb_operator_set.dir/ub_duckdb_operator_set.cpp.o.d -o src/execution/operator/set/CMakeFiles/duckdb_operator_set.dir/ub_duckdb_operator_set.cpp.o -c /home/pei/Project/duckdb-polr/build/release/src/execution/operator/set/ub_duckdb_operator_set.cpp
[92/376] /usr/bin/ccache /usr/lib/ccache/c++ -DDUCKDB -DDUCKDB_BUILD_LIBRARY -DDUCKDB_MAIN_LIBRARY -DENABLE_CROSS_PRODUCT_REWRITE=0 -DENABLE_DEBUG_PRINT=0 -DENABLE_MEASURE_EXE_TIME=0 -DENABLE_MERGE_BACK_PLAN=0 -DENABLE_PARALLEL_EXECUTION=0 -DENABLE_QUERY_SPLIT=0 -DENABLE_SPECIFY_EST_STAT=0 -I/home/pei/Project/duckdb-polr/src/include -I/home/pei/Project/duckdb-polr/third_party/fsst -I/home/pei/Project/duckdb-polr/third_party/fmt/include -I/home/pei/Project/duckdb-polr/third_party/hyperloglog -I/home/pei/Project/duckdb-polr/third_party/fastpforlib -I/home/pei/Project/duckdb-polr/third_party/fast_float -I/home/pei/Project/duckdb-polr/third_party/re2 -I/home/pei/Project/duckdb-polr/third_party/miniz -I/home/pei/Project/duckdb-polr/third_party/utf8proc/include -I/home/pei/Project/duckdb-polr/third_party/miniparquet -I/home/pei/Project/duckdb-polr/third_party/concurrentqueue -I/home/pei/Project/duckdb-polr/third_party/pcg -I/home/pei/Project/duckdb-polr/third_party/tdigest -I/home/pei/Project/duckdb-polr/third_party/mbedtls/include -I/home/pei/Project/duckdb-polr/third_party/jaro_winkler -O3 -DNDEBUG -O3 -DNDEBUG   -fPIC -fdiagnostics-color=always -std=c++11 -MD -MT src/execution/operator/join/CMakeFiles/duckdb_operator_join.dir/ub_duckdb_operator_join.cpp.o -MF src/execution/operator/join/CMakeFiles/duckdb_operator_join.dir/ub_duckdb_operator_join.cpp.o.d -o src/execution/operator/join/CMakeFiles/duckdb_operator_join.dir/ub_duckdb_operator_join.cpp.o -c /home/pei/Project/duckdb-polr/build/release/src/execution/operator/join/ub_duckdb_operator_join.cpp
[93/376] /usr/bin/ccache /usr/lib/ccache/c++ -DDUCKDB -DDUCKDB_BUILD_LIBRARY -DDUCKDB_MAIN_LIBRARY -DENABLE_CROSS_PRODUCT_REWRITE=0 -DENABLE_DEBUG_PRINT=0 -DENABLE_MEASURE_EXE_TIME=0 -DENABLE_MERGE_BACK_PLAN=0 -DENABLE_PARALLEL_EXECUTION=0 -DENABLE_QUERY_SPLIT=0 -DENABLE_SPECIFY_EST_STAT=0 -I/home/pei/Project/duckdb-polr/src/include -I/home/pei/Project/duckdb-polr/third_party/fsst -I/home/pei/Project/duckdb-polr/third_party/fmt/include -I/home/pei/Project/duckdb-polr/third_party/hyperloglog -I/home/pei/Project/duckdb-polr/third_party/fastpforlib -I/home/pei/Project/duckdb-polr/third_party/fast_float -I/home/pei/Project/duckdb-polr/third_party/re2 -I/home/pei/Project/duckdb-polr/third_party/miniz -I/home/pei/Project/duckdb-polr/third_party/utf8proc/include -I/home/pei/Project/duckdb-polr/third_party/miniparquet -I/home/pei/Project/duckdb-polr/third_party/concurrentqueue -I/home/pei/Project/duckdb-polr/third_party/pcg -I/home/pei/Project/duckdb-polr/third_party/tdigest -I/home/pei/Project/duckdb-polr/third_party/mbedtls/include -I/home/pei/Project/duckdb-polr/third_party/jaro_winkler -O3 -DNDEBUG -O3 -DNDEBUG   -fPIC -fdiagnostics-color=always -std=c++11 -MD -MT src/execution/operator/schema/CMakeFiles/duckdb_operator_schema.dir/ub_duckdb_operator_schema.cpp.o -MF src/execution/operator/schema/CMakeFiles/duckdb_operator_schema.dir/ub_duckdb_operator_schema.cpp.o.d -o src/execution/operator/schema/CMakeFiles/duckdb_operator_schema.dir/ub_duckdb_operator_schema.cpp.o -c /home/pei/Project/duckdb-polr/build/release/src/execution/operator/schema/ub_duckdb_operator_schema.cpp
[94/376] /usr/bin/ccache /usr/lib/ccache/c++ -DDUCKDB -DDUCKDB_BUILD_LIBRARY -DDUCKDB_MAIN_LIBRARY -DENABLE_CROSS_PRODUCT_REWRITE=0 -DENABLE_DEBUG_PRINT=0 -DENABLE_MEASURE_EXE_TIME=0 -DENABLE_MERGE_BACK_PLAN=0 -DENABLE_PARALLEL_EXECUTION=0 -DENABLE_QUERY_SPLIT=0 -DENABLE_SPECIFY_EST_STAT=0 -I/home/pei/Project/duckdb-polr/src/include -I/home/pei/Project/duckdb-polr/third_party/fsst -I/home/pei/Project/duckdb-polr/third_party/fmt/include -I/home/pei/Project/duckdb-polr/third_party/hyperloglog -I/home/pei/Project/duckdb-polr/third_party/fastpforlib -I/home/pei/Project/duckdb-polr/third_party/fast_float -I/home/pei/Project/duckdb-polr/third_party/re2 -I/home/pei/Project/duckdb-polr/third_party/miniz -I/home/pei/Project/duckdb-polr/third_party/utf8proc/include -I/home/pei/Project/duckdb-polr/third_party/miniparquet -I/home/pei/Project/duckdb-polr/third_party/concurrentqueue -I/home/pei/Project/duckdb-polr/third_party/pcg -I/home/pei/Project/duckdb-polr/third_party/tdigest -I/home/pei/Project/duckdb-polr/third_party/mbedtls/include -I/home/pei/Project/duckdb-polr/third_party/jaro_winkler -O3 -DNDEBUG -O3 -DNDEBUG   -fPIC -fdiagnostics-color=always -std=c++11 -MD -MT src/execution/index/art/CMakeFiles/duckdb_art_index_execution.dir/ub_duckdb_art_index_execution.cpp.o -MF src/execution/index/art/CMakeFiles/duckdb_art_index_execution.dir/ub_duckdb_art_index_execution.cpp.o.d -o src/execution/index/art/CMakeFiles/duckdb_art_index_execution.dir/ub_duckdb_art_index_execution.cpp.o -c /home/pei/Project/duckdb-polr/build/release/src/execution/index/art/ub_duckdb_art_index_execution.cpp
[95/376] /usr/bin/ccache /usr/lib/ccache/c++ -DDUCKDB -DDUCKDB_BUILD_LIBRARY -DDUCKDB_MAIN_LIBRARY -DENABLE_CROSS_PRODUCT_REWRITE=0 -DENABLE_DEBUG_PRINT=0 -DENABLE_MEASURE_EXE_TIME=0 -DENABLE_MERGE_BACK_PLAN=0 -DENABLE_PARALLEL_EXECUTION=0 -DENABLE_QUERY_SPLIT=0 -DENABLE_SPECIFY_EST_STAT=0 -I/home/pei/Project/duckdb-polr/src/include -I/home/pei/Project/duckdb-polr/third_party/fsst -I/home/pei/Project/duckdb-polr/third_party/fmt/include -I/home/pei/Project/duckdb-polr/third_party/hyperloglog -I/home/pei/Project/duckdb-polr/third_party/fastpforlib -I/home/pei/Project/duckdb-polr/third_party/fast_float -I/home/pei/Project/duckdb-polr/third_party/re2 -I/home/pei/Project/duckdb-polr/third_party/miniz -I/home/pei/Project/duckdb-polr/third_party/utf8proc/include -I/home/pei/Project/duckdb-polr/third_party/miniparquet -I/home/pei/Project/duckdb-polr/third_party/concurrentqueue -I/home/pei/Project/duckdb-polr/third_party/pcg -I/home/pei/Project/duckdb-polr/third_party/tdigest -I/home/pei/Project/duckdb-polr/third_party/mbedtls/include -I/home/pei/Project/duckdb-polr/third_party/jaro_winkler -O3 -DNDEBUG -O3 -DNDEBUG   -fPIC -fdiagnostics-color=always -std=c++11 -MD -MT src/main/capi/CMakeFiles/duckdb_main_capi.dir/ub_duckdb_main_capi.cpp.o -MF src/main/capi/CMakeFiles/duckdb_main_capi.dir/ub_duckdb_main_capi.cpp.o.d -o src/main/capi/CMakeFiles/duckdb_main_capi.dir/ub_duckdb_main_capi.cpp.o -c /home/pei/Project/duckdb-polr/build/release/src/main/capi/ub_duckdb_main_capi.cpp
[96/376] /usr/bin/ccache /usr/lib/ccache/c++ -DDUCKDB -DDUCKDB_BUILD_LIBRARY -DDUCKDB_MAIN_LIBRARY -DENABLE_CROSS_PRODUCT_REWRITE=0 -DENABLE_DEBUG_PRINT=0 -DENABLE_MEASURE_EXE_TIME=0 -DENABLE_MERGE_BACK_PLAN=0 -DENABLE_PARALLEL_EXECUTION=0 -DENABLE_QUERY_SPLIT=0 -DENABLE_SPECIFY_EST_STAT=0 -I/home/pei/Project/duckdb-polr/src/include -I/home/pei/Project/duckdb-polr/third_party/fsst -I/home/pei/Project/duckdb-polr/third_party/fmt/include -I/home/pei/Project/duckdb-polr/third_party/hyperloglog -I/home/pei/Project/duckdb-polr/third_party/fastpforlib -I/home/pei/Project/duckdb-polr/third_party/fast_float -I/home/pei/Project/duckdb-polr/third_party/re2 -I/home/pei/Project/duckdb-polr/third_party/miniz -I/home/pei/Project/duckdb-polr/third_party/utf8proc/include -I/home/pei/Project/duckdb-polr/third_party/miniparquet -I/home/pei/Project/duckdb-polr/third_party/concurrentqueue -I/home/pei/Project/duckdb-polr/third_party/pcg -I/home/pei/Project/duckdb-polr/third_party/tdigest -I/home/pei/Project/duckdb-polr/third_party/mbedtls/include -I/home/pei/Project/duckdb-polr/third_party/jaro_winkler -O3 -DNDEBUG -O3 -DNDEBUG   -fPIC -fdiagnostics-color=always -std=c++11 -MD -MT src/execution/physical_plan/CMakeFiles/duckdb_physical_plan.dir/ub_duckdb_physical_plan.cpp.o -MF src/execution/physical_plan/CMakeFiles/duckdb_physical_plan.dir/ub_duckdb_physical_plan.cpp.o.d -o src/execution/physical_plan/CMakeFiles/duckdb_physical_plan.dir/ub_duckdb_physical_plan.cpp.o -c /home/pei/Project/duckdb-polr/build/release/src/execution/physical_plan/ub_duckdb_physical_plan.cpp
[97/376] /usr/bin/ccache /usr/lib/ccache/c++ -DDUCKDB -DDUCKDB_BUILD_LIBRARY -DDUCKDB_MAIN_LIBRARY -DENABLE_CROSS_PRODUCT_REWRITE=0 -DENABLE_DEBUG_PRINT=0 -DENABLE_MEASURE_EXE_TIME=0 -DENABLE_MERGE_BACK_PLAN=0 -DENABLE_PARALLEL_EXECUTION=0 -DENABLE_QUERY_SPLIT=0 -DENABLE_SPECIFY_EST_STAT=0 -I/home/pei/Project/duckdb-polr/src/include -I/home/pei/Project/duckdb-polr/third_party/fsst -I/home/pei/Project/duckdb-polr/third_party/fmt/include -I/home/pei/Project/duckdb-polr/third_party/hyperloglog -I/home/pei/Project/duckdb-polr/third_party/fastpforlib -I/home/pei/Project/duckdb-polr/third_party/fast_float -I/home/pei/Project/duckdb-polr/third_party/re2 -I/home/pei/Project/duckdb-polr/third_party/miniz -I/home/pei/Project/duckdb-polr/third_party/utf8proc/include -I/home/pei/Project/duckdb-polr/third_party/miniparquet -I/home/pei/Project/duckdb-polr/third_party/concurrentqueue -I/home/pei/Project/duckdb-polr/third_party/pcg -I/home/pei/Project/duckdb-polr/third_party/tdigest -I/home/pei/Project/duckdb-polr/third_party/mbedtls/include -I/home/pei/Project/duckdb-polr/third_party/jaro_winkler -O3 -DNDEBUG -O3 -DNDEBUG   -fPIC -fdiagnostics-color=always -std=c++11 -MD -MT src/main/capi/cast/CMakeFiles/duckdb_main_capi_cast.dir/ub_duckdb_main_capi_cast.cpp.o -MF src/main/capi/cast/CMakeFiles/duckdb_main_capi_cast.dir/ub_duckdb_main_capi_cast.cpp.o.d -o src/main/capi/cast/CMakeFiles/duckdb_main_capi_cast.dir/ub_duckdb_main_capi_cast.cpp.o -c /home/pei/Project/duckdb-polr/build/release/src/main/capi/cast/ub_duckdb_main_capi_cast.cpp
[98/376] /usr/bin/ccache /usr/lib/ccache/c++ -DDUCKDB -DDUCKDB_BUILD_LIBRARY -DDUCKDB_MAIN_LIBRARY -DENABLE_CROSS_PRODUCT_REWRITE=0 -DENABLE_DEBUG_PRINT=0 -DENABLE_MEASURE_EXE_TIME=0 -DENABLE_MERGE_BACK_PLAN=0 -DENABLE_PARALLEL_EXECUTION=0 -DENABLE_QUERY_SPLIT=0 -DENABLE_SPECIFY_EST_STAT=0 -I/home/pei/Project/duckdb-polr/src/include -I/home/pei/Project/duckdb-polr/third_party/fsst -I/home/pei/Project/duckdb-polr/third_party/fmt/include -I/home/pei/Project/duckdb-polr/third_party/hyperloglog -I/home/pei/Project/duckdb-polr/third_party/fastpforlib -I/home/pei/Project/duckdb-polr/third_party/fast_float -I/home/pei/Project/duckdb-polr/third_party/re2 -I/home/pei/Project/duckdb-polr/third_party/miniz -I/home/pei/Project/duckdb-polr/third_party/utf8proc/include -I/home/pei/Project/duckdb-polr/third_party/miniparquet -I/home/pei/Project/duckdb-polr/third_party/concurrentqueue -I/home/pei/Project/duckdb-polr/third_party/pcg -I/home/pei/Project/duckdb-polr/third_party/tdigest -I/home/pei/Project/duckdb-polr/third_party/mbedtls/include -I/home/pei/Project/duckdb-polr/third_party/jaro_winkler -O3 -DNDEBUG -O3 -DNDEBUG   -fPIC -fdiagnostics-color=always -std=c++11 -MD -MT src/main/relation/CMakeFiles/duckdb_main_relation.dir/ub_duckdb_main_relation.cpp.o -MF src/main/relation/CMakeFiles/duckdb_main_relation.dir/ub_duckdb_main_relation.cpp.o.d -o src/main/relation/CMakeFiles/duckdb_main_relation.dir/ub_duckdb_main_relation.cpp.o -c /home/pei/Project/duckdb-polr/build/release/src/main/relation/ub_duckdb_main_relation.cpp
[99/376] /usr/bin/ccache /usr/lib/ccache/c++ -DBUILD_JEMALLOC_EXTENSION=ON -DBUILD_PARQUET_EXTENSION=TRUE -DDUCKDB -DDUCKDB_BUILD_LIBRARY -DDUCKDB_MAIN_LIBRARY -DENABLE_CROSS_PRODUCT_REWRITE=0 -DENABLE_DEBUG_PRINT=0 -DENABLE_MEASURE_EXE_TIME=0 -DENABLE_MERGE_BACK_PLAN=0 -DENABLE_PARALLEL_EXECUTION=0 -DENABLE_QUERY_SPLIT=0 -DENABLE_SPECIFY_EST_STAT=0 -I/home/pei/Project/duckdb-polr/src/include -I/home/pei/Project/duckdb-polr/third_party/fsst -I/home/pei/Project/duckdb-polr/third_party/fmt/include -I/home/pei/Project/duckdb-polr/third_party/hyperloglog -I/home/pei/Project/duckdb-polr/third_party/fastpforlib -I/home/pei/Project/duckdb-polr/third_party/fast_float -I/home/pei/Project/duckdb-polr/third_party/re2 -I/home/pei/Project/duckdb-polr/third_party/miniz -I/home/pei/Project/duckdb-polr/third_party/utf8proc/include -I/home/pei/Project/duckdb-polr/third_party/miniparquet -I/home/pei/Project/duckdb-polr/third_party/concurrentqueue -I/home/pei/Project/duckdb-polr/third_party/pcg -I/home/pei/Project/duckdb-polr/third_party/tdigest -I/home/pei/Project/duckdb-polr/third_party/mbedtls/include -I/home/pei/Project/duckdb-polr/third_party/jaro_winkler -I/home/pei/Project/duckdb-polr/src/main/extension/../../../third_party/httplib -I/home/pei/Project/duckdb-polr/extension -I/home/pei/Project/duckdb-polr/extension/parquet/include -I/home/pei/Project/duckdb-polr/extension/jemalloc/include -O3 -DNDEBUG -O3 -DNDEBUG   -fPIC -fdiagnostics-color=always -std=c++11 -MD -MT src/main/extension/CMakeFiles/duckdb_main_extension.dir/ub_duckdb_main_extension.cpp.o -MF src/main/extension/CMakeFiles/duckdb_main_extension.dir/ub_duckdb_main_extension.cpp.o.d -o src/main/extension/CMakeFiles/duckdb_main_extension.dir/ub_duckdb_main_extension.cpp.o -c /home/pei/Project/duckdb-polr/build/release/src/main/extension/ub_duckdb_main_extension.cpp
[100/376] /usr/bin/ccache /usr/lib/ccache/c++ -DDUCKDB -DDUCKDB_BUILD_LIBRARY -DDUCKDB_MAIN_LIBRARY -DENABLE_CROSS_PRODUCT_REWRITE=0 -DENABLE_DEBUG_PRINT=0 -DENABLE_MEASURE_EXE_TIME=0 -DENABLE_MERGE_BACK_PLAN=0 -DENABLE_PARALLEL_EXECUTION=0 -DENABLE_QUERY_SPLIT=0 -DENABLE_SPECIFY_EST_STAT=0 -I/home/pei/Project/duckdb-polr/src/include -I/home/pei/Project/duckdb-polr/third_party/fsst -I/home/pei/Project/duckdb-polr/third_party/fmt/include -I/home/pei/Project/duckdb-polr/third_party/hyperloglog -I/home/pei/Project/duckdb-polr/third_party/fastpforlib -I/home/pei/Project/duckdb-polr/third_party/fast_float -I/home/pei/Project/duckdb-polr/third_party/re2 -I/home/pei/Project/duckdb-polr/third_party/miniz -I/home/pei/Project/duckdb-polr/third_party/utf8proc/include -I/home/pei/Project/duckdb-polr/third_party/miniparquet -I/home/pei/Project/duckdb-polr/third_party/concurrentqueue -I/home/pei/Project/duckdb-polr/third_party/pcg -I/home/pei/Project/duckdb-polr/third_party/tdigest -I/home/pei/Project/duckdb-polr/third_party/mbedtls/include -I/home/pei/Project/duckdb-polr/third_party/jaro_winkler -O3 -DNDEBUG -O3 -DNDEBUG   -fPIC -fdiagnostics-color=always -std=c++11 -MD -MT src/main/settings/CMakeFiles/duckdb_main_settings.dir/ub_duckdb_main_settings.cpp.o -MF src/main/settings/CMakeFiles/duckdb_main_settings.dir/ub_duckdb_main_settings.cpp.o.d -o src/main/settings/CMakeFiles/duckdb_main_settings.dir/ub_duckdb_main_settings.cpp.o -c /home/pei/Project/duckdb-polr/build/release/src/main/settings/ub_duckdb_main_settings.cpp
[101/376] /usr/bin/ccache /usr/lib/ccache/c++ -DDUCKDB -DDUCKDB_BUILD_LIBRARY -DDUCKDB_MAIN_LIBRARY -DENABLE_CROSS_PRODUCT_REWRITE=0 -DENABLE_DEBUG_PRINT=0 -DENABLE_MEASURE_EXE_TIME=0 -DENABLE_MERGE_BACK_PLAN=0 -DENABLE_PARALLEL_EXECUTION=0 -DENABLE_QUERY_SPLIT=0 -DENABLE_SPECIFY_EST_STAT=0 -I/home/pei/Project/duckdb-polr/src/include -I/home/pei/Project/duckdb-polr/third_party/fsst -I/home/pei/Project/duckdb-polr/third_party/fmt/include -I/home/pei/Project/duckdb-polr/third_party/hyperloglog -I/home/pei/Project/duckdb-polr/third_party/fastpforlib -I/home/pei/Project/duckdb-polr/third_party/fast_float -I/home/pei/Project/duckdb-polr/third_party/re2 -I/home/pei/Project/duckdb-polr/third_party/miniz -I/home/pei/Project/duckdb-polr/third_party/utf8proc/include -I/home/pei/Project/duckdb-polr/third_party/miniparquet -I/home/pei/Project/duckdb-polr/third_party/concurrentqueue -I/home/pei/Project/duckdb-polr/third_party/pcg -I/home/pei/Project/duckdb-polr/third_party/tdigest -I/home/pei/Project/duckdb-polr/third_party/mbedtls/include -I/home/pei/Project/duckdb-polr/third_party/jaro_winkler -O3 -DNDEBUG -O3 -DNDEBUG   -fPIC -fdiagnostics-color=always -std=c++11 -MD -MT src/main/CMakeFiles/duckdb_main.dir/ub_duckdb_main.cpp.o -MF src/main/CMakeFiles/duckdb_main.dir/ub_duckdb_main.cpp.o.d -o src/main/CMakeFiles/duckdb_main.dir/ub_duckdb_main.cpp.o -c /home/pei/Project/duckdb-polr/build/release/src/main/ub_duckdb_main.cpp
[102/376] /usr/bin/ccache /usr/lib/ccache/c++ -DDUCKDB -DDUCKDB_BUILD_LIBRARY -DDUCKDB_MAIN_LIBRARY -DENABLE_CROSS_PRODUCT_REWRITE=0 -DENABLE_DEBUG_PRINT=0 -DENABLE_MEASURE_EXE_TIME=0 -DENABLE_MERGE_BACK_PLAN=0 -DENABLE_PARALLEL_EXECUTION=0 -DENABLE_QUERY_SPLIT=0 -DENABLE_SPECIFY_EST_STAT=0 -I/home/pei/Project/duckdb-polr/src/include -I/home/pei/Project/duckdb-polr/third_party/fsst -I/home/pei/Project/duckdb-polr/third_party/fmt/include -I/home/pei/Project/duckdb-polr/third_party/hyperloglog -I/home/pei/Project/duckdb-polr/third_party/fastpforlib -I/home/pei/Project/duckdb-polr/third_party/fast_float -I/home/pei/Project/duckdb-polr/third_party/re2 -I/home/pei/Project/duckdb-polr/third_party/miniz -I/home/pei/Project/duckdb-polr/third_party/utf8proc/include -I/home/pei/Project/duckdb-polr/third_party/miniparquet -I/home/pei/Project/duckdb-polr/third_party/concurrentqueue -I/home/pei/Project/duckdb-polr/third_party/pcg -I/home/pei/Project/duckdb-polr/third_party/tdigest -I/home/pei/Project/duckdb-polr/third_party/mbedtls/include -I/home/pei/Project/duckdb-polr/third_party/jaro_winkler -O3 -DNDEBUG -O3 -DNDEBUG   -fPIC -fdiagnostics-color=always -std=c++11 -MD -MT src/parallel/CMakeFiles/duckdb_parallel.dir/ub_duckdb_parallel.cpp.o -MF src/parallel/CMakeFiles/duckdb_parallel.dir/ub_duckdb_parallel.cpp.o.d -o src/parallel/CMakeFiles/duckdb_parallel.dir/ub_duckdb_parallel.cpp.o -c /home/pei/Project/duckdb-polr/build/release/src/parallel/ub_duckdb_parallel.cpp
[103/376] /usr/bin/ccache /usr/lib/ccache/c++ -DDUCKDB -DDUCKDB_BUILD_LIBRARY -DDUCKDB_MAIN_LIBRARY -DENABLE_CROSS_PRODUCT_REWRITE=0 -DENABLE_DEBUG_PRINT=0 -DENABLE_MEASURE_EXE_TIME=0 -DENABLE_MERGE_BACK_PLAN=0 -DENABLE_PARALLEL_EXECUTION=0 -DENABLE_QUERY_SPLIT=0 -DENABLE_SPECIFY_EST_STAT=0 -I/home/pei/Project/duckdb-polr/src/include -I/home/pei/Project/duckdb-polr/third_party/fsst -I/home/pei/Project/duckdb-polr/third_party/fmt/include -I/home/pei/Project/duckdb-polr/third_party/hyperloglog -I/home/pei/Project/duckdb-polr/third_party/fastpforlib -I/home/pei/Project/duckdb-polr/third_party/fast_float -I/home/pei/Project/duckdb-polr/third_party/re2 -I/home/pei/Project/duckdb-polr/third_party/miniz -I/home/pei/Project/duckdb-polr/third_party/utf8proc/include -I/home/pei/Project/duckdb-polr/third_party/miniparquet -I/home/pei/Project/duckdb-polr/third_party/concurrentqueue -I/home/pei/Project/duckdb-polr/third_party/pcg -I/home/pei/Project/duckdb-polr/third_party/tdigest -I/home/pei/Project/duckdb-polr/third_party/mbedtls/include -I/home/pei/Project/duckdb-polr/third_party/jaro_winkler -O3 -DNDEBUG -O3 -DNDEBUG   -fPIC -fdiagnostics-color=always -std=c++11 -MD -MT src/storage/CMakeFiles/duckdb_storage.dir/ub_duckdb_storage.cpp.o -MF src/storage/CMakeFiles/duckdb_storage.dir/ub_duckdb_storage.cpp.o.d -o src/storage/CMakeFiles/duckdb_storage.dir/ub_duckdb_storage.cpp.o -c /home/pei/Project/duckdb-polr/build/release/src/storage/ub_duckdb_storage.cpp
[104/376] /usr/bin/ccache /usr/lib/ccache/c++ -DDUCKDB -DDUCKDB_BUILD_LIBRARY -DDUCKDB_MAIN_LIBRARY -DENABLE_CROSS_PRODUCT_REWRITE=0 -DENABLE_DEBUG_PRINT=0 -DENABLE_MEASURE_EXE_TIME=0 -DENABLE_MERGE_BACK_PLAN=0 -DENABLE_PARALLEL_EXECUTION=0 -DENABLE_QUERY_SPLIT=0 -DENABLE_SPECIFY_EST_STAT=0 -I/home/pei/Project/duckdb-polr/src/include -I/home/pei/Project/duckdb-polr/third_party/fsst -I/home/pei/Project/duckdb-polr/third_party/fmt/include -I/home/pei/Project/duckdb-polr/third_party/hyperloglog -I/home/pei/Project/duckdb-polr/third_party/fastpforlib -I/home/pei/Project/duckdb-polr/third_party/fast_float -I/home/pei/Project/duckdb-polr/third_party/re2 -I/home/pei/Project/duckdb-polr/third_party/miniz -I/home/pei/Project/duckdb-polr/third_party/utf8proc/include -I/home/pei/Project/duckdb-polr/third_party/miniparquet -I/home/pei/Project/duckdb-polr/third_party/concurrentqueue -I/home/pei/Project/duckdb-polr/third_party/pcg -I/home/pei/Project/duckdb-polr/third_party/tdigest -I/home/pei/Project/duckdb-polr/third_party/mbedtls/include -I/home/pei/Project/duckdb-polr/third_party/jaro_winkler -O3 -DNDEBUG -O3 -DNDEBUG   -fPIC -fdiagnostics-color=always -std=c++11 -MD -MT src/storage/buffer/CMakeFiles/duckdb_storage_buffer.dir/ub_duckdb_storage_buffer.cpp.o -MF src/storage/buffer/CMakeFiles/duckdb_storage_buffer.dir/ub_duckdb_storage_buffer.cpp.o.d -o src/storage/buffer/CMakeFiles/duckdb_storage_buffer.dir/ub_duckdb_storage_buffer.cpp.o -c /home/pei/Project/duckdb-polr/build/release/src/storage/buffer/ub_duckdb_storage_buffer.cpp
[105/376] /usr/bin/ccache /usr/lib/ccache/c++ -DDUCKDB -DDUCKDB_BUILD_LIBRARY -DDUCKDB_MAIN_LIBRARY -DENABLE_CROSS_PRODUCT_REWRITE=0 -DENABLE_DEBUG_PRINT=0 -DENABLE_MEASURE_EXE_TIME=0 -DENABLE_MERGE_BACK_PLAN=0 -DENABLE_PARALLEL_EXECUTION=0 -DENABLE_QUERY_SPLIT=0 -DENABLE_SPECIFY_EST_STAT=0 -I/home/pei/Project/duckdb-polr/src/include -I/home/pei/Project/duckdb-polr/third_party/fsst -I/home/pei/Project/duckdb-polr/third_party/fmt/include -I/home/pei/Project/duckdb-polr/third_party/hyperloglog -I/home/pei/Project/duckdb-polr/third_party/fastpforlib -I/home/pei/Project/duckdb-polr/third_party/fast_float -I/home/pei/Project/duckdb-polr/third_party/re2 -I/home/pei/Project/duckdb-polr/third_party/miniz -I/home/pei/Project/duckdb-polr/third_party/utf8proc/include -I/home/pei/Project/duckdb-polr/third_party/miniparquet -I/home/pei/Project/duckdb-polr/third_party/concurrentqueue -I/home/pei/Project/duckdb-polr/third_party/pcg -I/home/pei/Project/duckdb-polr/third_party/tdigest -I/home/pei/Project/duckdb-polr/third_party/mbedtls/include -I/home/pei/Project/duckdb-polr/third_party/jaro_winkler -O3 -DNDEBUG -O3 -DNDEBUG   -fPIC -fdiagnostics-color=always -std=c++11 -MD -MT src/storage/checkpoint/CMakeFiles/duckdb_storage_checkpoint.dir/ub_duckdb_storage_checkpoint.cpp.o -MF src/storage/checkpoint/CMakeFiles/duckdb_storage_checkpoint.dir/ub_duckdb_storage_checkpoint.cpp.o.d -o src/storage/checkpoint/CMakeFiles/duckdb_storage_checkpoint.dir/ub_duckdb_storage_checkpoint.cpp.o -c /home/pei/Project/duckdb-polr/build/release/src/storage/checkpoint/ub_duckdb_storage_checkpoint.cpp
[106/376] /usr/bin/ccache /usr/lib/ccache/c++ -DDUCKDB -DDUCKDB_BUILD_LIBRARY -DDUCKDB_MAIN_LIBRARY -DENABLE_CROSS_PRODUCT_REWRITE=0 -DENABLE_DEBUG_PRINT=0 -DENABLE_MEASURE_EXE_TIME=0 -DENABLE_MERGE_BACK_PLAN=0 -DENABLE_PARALLEL_EXECUTION=0 -DENABLE_QUERY_SPLIT=0 -DENABLE_SPECIFY_EST_STAT=0 -I/home/pei/Project/duckdb-polr/src/include -I/home/pei/Project/duckdb-polr/third_party/fsst -I/home/pei/Project/duckdb-polr/third_party/fmt/include -I/home/pei/Project/duckdb-polr/third_party/hyperloglog -I/home/pei/Project/duckdb-polr/third_party/fastpforlib -I/home/pei/Project/duckdb-polr/third_party/fast_float -I/home/pei/Project/duckdb-polr/third_party/re2 -I/home/pei/Project/duckdb-polr/third_party/miniz -I/home/pei/Project/duckdb-polr/third_party/utf8proc/include -I/home/pei/Project/duckdb-polr/third_party/miniparquet -I/home/pei/Project/duckdb-polr/third_party/concurrentqueue -I/home/pei/Project/duckdb-polr/third_party/pcg -I/home/pei/Project/duckdb-polr/third_party/tdigest -I/home/pei/Project/duckdb-polr/third_party/mbedtls/include -I/home/pei/Project/duckdb-polr/third_party/jaro_winkler -O3 -DNDEBUG -O3 -DNDEBUG   -fPIC -fdiagnostics-color=always -std=c++11 -MD -MT src/storage/statistics/CMakeFiles/duckdb_storage_statistics.dir/ub_duckdb_storage_statistics.cpp.o -MF src/storage/statistics/CMakeFiles/duckdb_storage_statistics.dir/ub_duckdb_storage_statistics.cpp.o.d -o src/storage/statistics/CMakeFiles/duckdb_storage_statistics.dir/ub_duckdb_storage_statistics.cpp.o -c /home/pei/Project/duckdb-polr/build/release/src/storage/statistics/ub_duckdb_storage_statistics.cpp
[107/376] /usr/bin/ccache /usr/lib/ccache/c++ -DDUCKDB -DDUCKDB_BUILD_LIBRARY -DDUCKDB_MAIN_LIBRARY -DENABLE_CROSS_PRODUCT_REWRITE=0 -DENABLE_DEBUG_PRINT=0 -DENABLE_MEASURE_EXE_TIME=0 -DENABLE_MERGE_BACK_PLAN=0 -DENABLE_PARALLEL_EXECUTION=0 -DENABLE_QUERY_SPLIT=0 -DENABLE_SPECIFY_EST_STAT=0 -I/home/pei/Project/duckdb-polr/src/include -I/home/pei/Project/duckdb-polr/third_party/fsst -I/home/pei/Project/duckdb-polr/third_party/fmt/include -I/home/pei/Project/duckdb-polr/third_party/hyperloglog -I/home/pei/Project/duckdb-polr/third_party/fastpforlib -I/home/pei/Project/duckdb-polr/third_party/fast_float -I/home/pei/Project/duckdb-polr/third_party/re2 -I/home/pei/Project/duckdb-polr/third_party/miniz -I/home/pei/Project/duckdb-polr/third_party/utf8proc/include -I/home/pei/Project/duckdb-polr/third_party/miniparquet -I/home/pei/Project/duckdb-polr/third_party/concurrentqueue -I/home/pei/Project/duckdb-polr/third_party/pcg -I/home/pei/Project/duckdb-polr/third_party/tdigest -I/home/pei/Project/duckdb-polr/third_party/mbedtls/include -I/home/pei/Project/duckdb-polr/third_party/jaro_winkler -O3 -DNDEBUG -O3 -DNDEBUG   -fPIC -fdiagnostics-color=always -std=c++11 -MD -MT src/storage/compression/CMakeFiles/duckdb_storage_compression.dir/ub_duckdb_storage_compression.cpp.o -MF src/storage/compression/CMakeFiles/duckdb_storage_compression.dir/ub_duckdb_storage_compression.cpp.o.d -o src/storage/compression/CMakeFiles/duckdb_storage_compression.dir/ub_duckdb_storage_compression.cpp.o -c /home/pei/Project/duckdb-polr/build/release/src/storage/compression/ub_duckdb_storage_compression.cpp
[108/376] /usr/bin/ccache /usr/lib/ccache/c++ -DDUCKDB -DDUCKDB_BUILD_LIBRARY -DDUCKDB_MAIN_LIBRARY -DENABLE_CROSS_PRODUCT_REWRITE=0 -DENABLE_DEBUG_PRINT=0 -DENABLE_MEASURE_EXE_TIME=0 -DENABLE_MERGE_BACK_PLAN=0 -DENABLE_PARALLEL_EXECUTION=0 -DENABLE_QUERY_SPLIT=0 -DENABLE_SPECIFY_EST_STAT=0 -I/home/pei/Project/duckdb-polr/src/include -I/home/pei/Project/duckdb-polr/third_party/fsst -I/home/pei/Project/duckdb-polr/third_party/fmt/include -I/home/pei/Project/duckdb-polr/third_party/hyperloglog -I/home/pei/Project/duckdb-polr/third_party/fastpforlib -I/home/pei/Project/duckdb-polr/third_party/fast_float -I/home/pei/Project/duckdb-polr/third_party/re2 -I/home/pei/Project/duckdb-polr/third_party/miniz -I/home/pei/Project/duckdb-polr/third_party/utf8proc/include -I/home/pei/Project/duckdb-polr/third_party/miniparquet -I/home/pei/Project/duckdb-polr/third_party/concurrentqueue -I/home/pei/Project/duckdb-polr/third_party/pcg -I/home/pei/Project/duckdb-polr/third_party/tdigest -I/home/pei/Project/duckdb-polr/third_party/mbedtls/include -I/home/pei/Project/duckdb-polr/third_party/jaro_winkler -O3 -DNDEBUG -O3 -DNDEBUG   -fPIC -fdiagnostics-color=always -std=c++11 -MD -MT src/storage/compression/chimp/CMakeFiles/duckdb_storage_compression_chimp.dir/ub_duckdb_storage_compression_chimp.cpp.o -MF src/storage/compression/chimp/CMakeFiles/duckdb_storage_compression_chimp.dir/ub_duckdb_storage_compression_chimp.cpp.o.d -o src/storage/compression/chimp/CMakeFiles/duckdb_storage_compression_chimp.dir/ub_duckdb_storage_compression_chimp.cpp.o -c /home/pei/Project/duckdb-polr/build/release/src/storage/compression/chimp/ub_duckdb_storage_compression_chimp.cpp
[109/376] /usr/bin/ccache /usr/lib/ccache/c++ -DDUCKDB -DDUCKDB_BUILD_LIBRARY -DDUCKDB_MAIN_LIBRARY -DENABLE_CROSS_PRODUCT_REWRITE=0 -DENABLE_DEBUG_PRINT=0 -DENABLE_MEASURE_EXE_TIME=0 -DENABLE_MERGE_BACK_PLAN=0 -DENABLE_PARALLEL_EXECUTION=0 -DENABLE_QUERY_SPLIT=0 -DENABLE_SPECIFY_EST_STAT=0 -I/home/pei/Project/duckdb-polr/src/include -I/home/pei/Project/duckdb-polr/third_party/fsst -I/home/pei/Project/duckdb-polr/third_party/fmt/include -I/home/pei/Project/duckdb-polr/third_party/hyperloglog -I/home/pei/Project/duckdb-polr/third_party/fastpforlib -I/home/pei/Project/duckdb-polr/third_party/fast_float -I/home/pei/Project/duckdb-polr/third_party/re2 -I/home/pei/Project/duckdb-polr/third_party/miniz -I/home/pei/Project/duckdb-polr/third_party/utf8proc/include -I/home/pei/Project/duckdb-polr/third_party/miniparquet -I/home/pei/Project/duckdb-polr/third_party/concurrentqueue -I/home/pei/Project/duckdb-polr/third_party/pcg -I/home/pei/Project/duckdb-polr/third_party/tdigest -I/home/pei/Project/duckdb-polr/third_party/mbedtls/include -I/home/pei/Project/duckdb-polr/third_party/jaro_winkler -O3 -DNDEBUG -O3 -DNDEBUG   -fPIC -fdiagnostics-color=always -std=c++11 -MD -MT src/verification/CMakeFiles/duckdb_verification.dir/copied_statement_verifier.cpp.o -MF src/verification/CMakeFiles/duckdb_verification.dir/copied_statement_verifier.cpp.o.d -o src/verification/CMakeFiles/duckdb_verification.dir/copied_statement_verifier.cpp.o -c /home/pei/Project/duckdb-polr/src/verification/copied_statement_verifier.cpp
[110/376] /usr/bin/ccache /usr/lib/ccache/c++ -DDUCKDB -DDUCKDB_BUILD_LIBRARY -DDUCKDB_MAIN_LIBRARY -DENABLE_CROSS_PRODUCT_REWRITE=0 -DENABLE_DEBUG_PRINT=0 -DENABLE_MEASURE_EXE_TIME=0 -DENABLE_MERGE_BACK_PLAN=0 -DENABLE_PARALLEL_EXECUTION=0 -DENABLE_QUERY_SPLIT=0 -DENABLE_SPECIFY_EST_STAT=0 -I/home/pei/Project/duckdb-polr/src/include -I/home/pei/Project/duckdb-polr/third_party/fsst -I/home/pei/Project/duckdb-polr/third_party/fmt/include -I/home/pei/Project/duckdb-polr/third_party/hyperloglog -I/home/pei/Project/duckdb-polr/third_party/fastpforlib -I/home/pei/Project/duckdb-polr/third_party/fast_float -I/home/pei/Project/duckdb-polr/third_party/re2 -I/home/pei/Project/duckdb-polr/third_party/miniz -I/home/pei/Project/duckdb-polr/third_party/utf8proc/include -I/home/pei/Project/duckdb-polr/third_party/miniparquet -I/home/pei/Project/duckdb-polr/third_party/concurrentqueue -I/home/pei/Project/duckdb-polr/third_party/pcg -I/home/pei/Project/duckdb-polr/third_party/tdigest -I/home/pei/Project/duckdb-polr/third_party/mbedtls/include -I/home/pei/Project/duckdb-polr/third_party/jaro_winkler -O3 -DNDEBUG -O3 -DNDEBUG   -fPIC -fdiagnostics-color=always -std=c++11 -MD -MT src/verification/CMakeFiles/duckdb_verification.dir/external_statement_verifier.cpp.o -MF src/verification/CMakeFiles/duckdb_verification.dir/external_statement_verifier.cpp.o.d -o src/verification/CMakeFiles/duckdb_verification.dir/external_statement_verifier.cpp.o -c /home/pei/Project/duckdb-polr/src/verification/external_statement_verifier.cpp
[111/376] /usr/bin/ccache /usr/lib/ccache/c++ -DDUCKDB -DDUCKDB_BUILD_LIBRARY -DDUCKDB_MAIN_LIBRARY -DENABLE_CROSS_PRODUCT_REWRITE=0 -DENABLE_DEBUG_PRINT=0 -DENABLE_MEASURE_EXE_TIME=0 -DENABLE_MERGE_BACK_PLAN=0 -DENABLE_PARALLEL_EXECUTION=0 -DENABLE_QUERY_SPLIT=0 -DENABLE_SPECIFY_EST_STAT=0 -I/home/pei/Project/duckdb-polr/src/include -I/home/pei/Project/duckdb-polr/third_party/fsst -I/home/pei/Project/duckdb-polr/third_party/fmt/include -I/home/pei/Project/duckdb-polr/third_party/hyperloglog -I/home/pei/Project/duckdb-polr/third_party/fastpforlib -I/home/pei/Project/duckdb-polr/third_party/fast_float -I/home/pei/Project/duckdb-polr/third_party/re2 -I/home/pei/Project/duckdb-polr/third_party/miniz -I/home/pei/Project/duckdb-polr/third_party/utf8proc/include -I/home/pei/Project/duckdb-polr/third_party/miniparquet -I/home/pei/Project/duckdb-polr/third_party/concurrentqueue -I/home/pei/Project/duckdb-polr/third_party/pcg -I/home/pei/Project/duckdb-polr/third_party/tdigest -I/home/pei/Project/duckdb-polr/third_party/mbedtls/include -I/home/pei/Project/duckdb-polr/third_party/jaro_winkler -O3 -DNDEBUG -O3 -DNDEBUG   -fPIC -fdiagnostics-color=always -std=c++11 -MD -MT src/storage/table/CMakeFiles/duckdb_storage_table.dir/ub_duckdb_storage_table.cpp.o -MF src/storage/table/CMakeFiles/duckdb_storage_table.dir/ub_duckdb_storage_table.cpp.o.d -o src/storage/table/CMakeFiles/duckdb_storage_table.dir/ub_duckdb_storage_table.cpp.o -c /home/pei/Project/duckdb-polr/build/release/src/storage/table/ub_duckdb_storage_table.cpp
[112/376] /usr/bin/ccache /usr/lib/ccache/c++ -DDUCKDB -DDUCKDB_BUILD_LIBRARY -DDUCKDB_MAIN_LIBRARY -DENABLE_CROSS_PRODUCT_REWRITE=0 -DENABLE_DEBUG_PRINT=0 -DENABLE_MEASURE_EXE_TIME=0 -DENABLE_MERGE_BACK_PLAN=0 -DENABLE_PARALLEL_EXECUTION=0 -DENABLE_QUERY_SPLIT=0 -DENABLE_SPECIFY_EST_STAT=0 -I/home/pei/Project/duckdb-polr/src/include -I/home/pei/Project/duckdb-polr/third_party/fsst -I/home/pei/Project/duckdb-polr/third_party/fmt/include -I/home/pei/Project/duckdb-polr/third_party/hyperloglog -I/home/pei/Project/duckdb-polr/third_party/fastpforlib -I/home/pei/Project/duckdb-polr/third_party/fast_float -I/home/pei/Project/duckdb-polr/third_party/re2 -I/home/pei/Project/duckdb-polr/third_party/miniz -I/home/pei/Project/duckdb-polr/third_party/utf8proc/include -I/home/pei/Project/duckdb-polr/third_party/miniparquet -I/home/pei/Project/duckdb-polr/third_party/concurrentqueue -I/home/pei/Project/duckdb-polr/third_party/pcg -I/home/pei/Project/duckdb-polr/third_party/tdigest -I/home/pei/Project/duckdb-polr/third_party/mbedtls/include -I/home/pei/Project/duckdb-polr/third_party/jaro_winkler -O3 -DNDEBUG -O3 -DNDEBUG   -fPIC -fdiagnostics-color=always -std=c++11 -MD -MT src/verification/CMakeFiles/duckdb_verification.dir/deserialized_statement_verifier.cpp.o -MF src/verification/CMakeFiles/duckdb_verification.dir/deserialized_statement_verifier.cpp.o.d -o src/verification/CMakeFiles/duckdb_verification.dir/deserialized_statement_verifier.cpp.o -c /home/pei/Project/duckdb-polr/src/verification/deserialized_statement_verifier.cpp
[113/376] /usr/bin/ccache /usr/lib/ccache/c++ -DDUCKDB -DDUCKDB_BUILD_LIBRARY -DDUCKDB_MAIN_LIBRARY -DENABLE_CROSS_PRODUCT_REWRITE=0 -DENABLE_DEBUG_PRINT=0 -DENABLE_MEASURE_EXE_TIME=0 -DENABLE_MERGE_BACK_PLAN=0 -DENABLE_PARALLEL_EXECUTION=0 -DENABLE_QUERY_SPLIT=0 -DENABLE_SPECIFY_EST_STAT=0 -I/home/pei/Project/duckdb-polr/src/include -I/home/pei/Project/duckdb-polr/third_party/fsst -I/home/pei/Project/duckdb-polr/third_party/fmt/include -I/home/pei/Project/duckdb-polr/third_party/hyperloglog -I/home/pei/Project/duckdb-polr/third_party/fastpforlib -I/home/pei/Project/duckdb-polr/third_party/fast_float -I/home/pei/Project/duckdb-polr/third_party/re2 -I/home/pei/Project/duckdb-polr/third_party/miniz -I/home/pei/Project/duckdb-polr/third_party/utf8proc/include -I/home/pei/Project/duckdb-polr/third_party/miniparquet -I/home/pei/Project/duckdb-polr/third_party/concurrentqueue -I/home/pei/Project/duckdb-polr/third_party/pcg -I/home/pei/Project/duckdb-polr/third_party/tdigest -I/home/pei/Project/duckdb-polr/third_party/mbedtls/include -I/home/pei/Project/duckdb-polr/third_party/jaro_winkler -O3 -DNDEBUG -O3 -DNDEBUG   -fPIC -fdiagnostics-color=always -std=c++11 -MD -MT src/transaction/CMakeFiles/duckdb_transaction.dir/ub_duckdb_transaction.cpp.o -MF src/transaction/CMakeFiles/duckdb_transaction.dir/ub_duckdb_transaction.cpp.o.d -o src/transaction/CMakeFiles/duckdb_transaction.dir/ub_duckdb_transaction.cpp.o -c /home/pei/Project/duckdb-polr/build/release/src/transaction/ub_duckdb_transaction.cpp
[114/376] /usr/bin/ccache /usr/lib/ccache/c++ -DDUCKDB -DDUCKDB_BUILD_LIBRARY -DDUCKDB_MAIN_LIBRARY -DENABLE_CROSS_PRODUCT_REWRITE=0 -DENABLE_DEBUG_PRINT=0 -DENABLE_MEASURE_EXE_TIME=0 -DENABLE_MERGE_BACK_PLAN=0 -DENABLE_PARALLEL_EXECUTION=0 -DENABLE_QUERY_SPLIT=0 -DENABLE_SPECIFY_EST_STAT=0 -I/home/pei/Project/duckdb-polr/src/include -I/home/pei/Project/duckdb-polr/third_party/fsst -I/home/pei/Project/duckdb-polr/third_party/fmt/include -I/home/pei/Project/duckdb-polr/third_party/hyperloglog -I/home/pei/Project/duckdb-polr/third_party/fastpforlib -I/home/pei/Project/duckdb-polr/third_party/fast_float -I/home/pei/Project/duckdb-polr/third_party/re2 -I/home/pei/Project/duckdb-polr/third_party/miniz -I/home/pei/Project/duckdb-polr/third_party/utf8proc/include -I/home/pei/Project/duckdb-polr/third_party/miniparquet -I/home/pei/Project/duckdb-polr/third_party/concurrentqueue -I/home/pei/Project/duckdb-polr/third_party/pcg -I/home/pei/Project/duckdb-polr/third_party/tdigest -I/home/pei/Project/duckdb-polr/third_party/mbedtls/include -I/home/pei/Project/duckdb-polr/third_party/jaro_winkler -O3 -DNDEBUG -O3 -DNDEBUG   -fPIC -fdiagnostics-color=always -std=c++11 -MD -MT src/verification/CMakeFiles/duckdb_verification.dir/statement_verifier.cpp.o -MF src/verification/CMakeFiles/duckdb_verification.dir/statement_verifier.cpp.o.d -o src/verification/CMakeFiles/duckdb_verification.dir/statement_verifier.cpp.o -c /home/pei/Project/duckdb-polr/src/verification/statement_verifier.cpp
[115/376] /usr/bin/ccache /usr/lib/ccache/c++ -DDUCKDB -DDUCKDB_BUILD_LIBRARY -DDUCKDB_MAIN_LIBRARY -DENABLE_CROSS_PRODUCT_REWRITE=0 -DENABLE_DEBUG_PRINT=0 -DENABLE_MEASURE_EXE_TIME=0 -DENABLE_MERGE_BACK_PLAN=0 -DENABLE_PARALLEL_EXECUTION=0 -DENABLE_QUERY_SPLIT=0 -DENABLE_SPECIFY_EST_STAT=0 -I/home/pei/Project/duckdb-polr/src/include -I/home/pei/Project/duckdb-polr/third_party/fsst -I/home/pei/Project/duckdb-polr/third_party/fmt/include -I/home/pei/Project/duckdb-polr/third_party/hyperloglog -I/home/pei/Project/duckdb-polr/third_party/fastpforlib -I/home/pei/Project/duckdb-polr/third_party/fast_float -I/home/pei/Project/duckdb-polr/third_party/re2 -I/home/pei/Project/duckdb-polr/third_party/miniz -I/home/pei/Project/duckdb-polr/third_party/utf8proc/include -I/home/pei/Project/duckdb-polr/third_party/miniparquet -I/home/pei/Project/duckdb-polr/third_party/concurrentqueue -I/home/pei/Project/duckdb-polr/third_party/pcg -I/home/pei/Project/duckdb-polr/third_party/tdigest -I/home/pei/Project/duckdb-polr/third_party/mbedtls/include -I/home/pei/Project/duckdb-polr/third_party/jaro_winkler -O3 -DNDEBUG -O3 -DNDEBUG   -fPIC -fdiagnostics-color=always -std=c++11 -MD -MT src/verification/CMakeFiles/duckdb_verification.dir/prepared_statement_verifier.cpp.o -MF src/verification/CMakeFiles/duckdb_verification.dir/prepared_statement_verifier.cpp.o.d -o src/verification/CMakeFiles/duckdb_verification.dir/prepared_statement_verifier.cpp.o -c /home/pei/Project/duckdb-polr/src/verification/prepared_statement_verifier.cpp
[116/376] /usr/bin/ccache /usr/lib/ccache/c++ -DDUCKDB -DDUCKDB_BUILD_LIBRARY -DDUCKDB_MAIN_LIBRARY -DENABLE_CROSS_PRODUCT_REWRITE=0 -DENABLE_DEBUG_PRINT=0 -DENABLE_MEASURE_EXE_TIME=0 -DENABLE_MERGE_BACK_PLAN=0 -DENABLE_PARALLEL_EXECUTION=0 -DENABLE_QUERY_SPLIT=0 -DENABLE_SPECIFY_EST_STAT=0 -I/home/pei/Project/duckdb-polr/src/include -I/home/pei/Project/duckdb-polr/third_party/fsst -I/home/pei/Project/duckdb-polr/third_party/fmt/include -I/home/pei/Project/duckdb-polr/third_party/hyperloglog -I/home/pei/Project/duckdb-polr/third_party/fastpforlib -I/home/pei/Project/duckdb-polr/third_party/fast_float -I/home/pei/Project/duckdb-polr/third_party/re2 -I/home/pei/Project/duckdb-polr/third_party/miniz -I/home/pei/Project/duckdb-polr/third_party/utf8proc/include -I/home/pei/Project/duckdb-polr/third_party/miniparquet -I/home/pei/Project/duckdb-polr/third_party/concurrentqueue -I/home/pei/Project/duckdb-polr/third_party/pcg -I/home/pei/Project/duckdb-polr/third_party/tdigest -I/home/pei/Project/duckdb-polr/third_party/mbedtls/include -I/home/pei/Project/duckdb-polr/third_party/jaro_winkler -O3 -DNDEBUG -O3 -DNDEBUG   -fPIC -fdiagnostics-color=always -std=c++11 -MD -MT src/verification/CMakeFiles/duckdb_verification.dir/parsed_statement_verifier.cpp.o -MF src/verification/CMakeFiles/duckdb_verification.dir/parsed_statement_verifier.cpp.o.d -o src/verification/CMakeFiles/duckdb_verification.dir/parsed_statement_verifier.cpp.o -c /home/pei/Project/duckdb-polr/src/verification/parsed_statement_verifier.cpp
[117/376] /usr/bin/ccache /usr/lib/ccache/cc -DDUCKDB_BUILD_LIBRARY -DENABLE_CROSS_PRODUCT_REWRITE=0 -DENABLE_DEBUG_PRINT=0 -DENABLE_MEASURE_EXE_TIME=0 -DENABLE_MERGE_BACK_PLAN=0 -DENABLE_PARALLEL_EXECUTION=0 -DENABLE_QUERY_SPLIT=0 -DENABLE_SPECIFY_EST_STAT=0 -DUSE_DUCKDB_SHELL_WRAPPER -I/home/pei/Project/duckdb-polr/src/include -I/home/pei/Project/duckdb-polr/third_party/fsst -I/home/pei/Project/duckdb-polr/third_party/fmt/include -I/home/pei/Project/duckdb-polr/third_party/hyperloglog -I/home/pei/Project/duckdb-polr/third_party/fastpforlib -I/home/pei/Project/duckdb-polr/third_party/fast_float -I/home/pei/Project/duckdb-polr/third_party/re2 -I/home/pei/Project/duckdb-polr/third_party/miniz -I/home/pei/Project/duckdb-polr/third_party/utf8proc/include -I/home/pei/Project/duckdb-polr/third_party/miniparquet -I/home/pei/Project/duckdb-polr/third_party/concurrentqueue -I/home/pei/Project/duckdb-polr/third_party/pcg -I/home/pei/Project/duckdb-polr/third_party/tdigest -I/home/pei/Project/duckdb-polr/third_party/mbedtls/include -I/home/pei/Project/duckdb-polr/third_party/jaro_winkler -I/home/pei/Project/duckdb-polr/tools/sqlite3_api_wrapper/include -O3 -DNDEBUG -O3 -DNDEBUG   -fPIC -fdiagnostics-color=always -MD -MT tools/sqlite3_api_wrapper/sqlite3/CMakeFiles/sqlite3_api_wrapper_sqlite3.dir/printf.c.o -MF tools/sqlite3_api_wrapper/sqlite3/CMakeFiles/sqlite3_api_wrapper_sqlite3.dir/printf.c.o.d -o tools/sqlite3_api_wrapper/sqlite3/CMakeFiles/sqlite3_api_wrapper_sqlite3.dir/printf.c.o -c /home/pei/Project/duckdb-polr/tools/sqlite3_api_wrapper/sqlite3/printf.c
[118/376] /usr/bin/ccache /usr/lib/ccache/c++ -DDUCKDB -DDUCKDB_BUILD_LIBRARY -DDUCKDB_MAIN_LIBRARY -DENABLE_CROSS_PRODUCT_REWRITE=0 -DENABLE_DEBUG_PRINT=0 -DENABLE_MEASURE_EXE_TIME=0 -DENABLE_MERGE_BACK_PLAN=0 -DENABLE_PARALLEL_EXECUTION=0 -DENABLE_QUERY_SPLIT=0 -DENABLE_SPECIFY_EST_STAT=0 -I/home/pei/Project/duckdb-polr/src/include -I/home/pei/Project/duckdb-polr/third_party/fsst -I/home/pei/Project/duckdb-polr/third_party/fmt/include -I/home/pei/Project/duckdb-polr/third_party/hyperloglog -I/home/pei/Project/duckdb-polr/third_party/fastpforlib -I/home/pei/Project/duckdb-polr/third_party/fast_float -I/home/pei/Project/duckdb-polr/third_party/re2 -I/home/pei/Project/duckdb-polr/third_party/miniz -I/home/pei/Project/duckdb-polr/third_party/utf8proc/include -I/home/pei/Project/duckdb-polr/third_party/miniparquet -I/home/pei/Project/duckdb-polr/third_party/concurrentqueue -I/home/pei/Project/duckdb-polr/third_party/pcg -I/home/pei/Project/duckdb-polr/third_party/tdigest -I/home/pei/Project/duckdb-polr/third_party/mbedtls/include -I/home/pei/Project/duckdb-polr/third_party/jaro_winkler -O3 -DNDEBUG -O3 -DNDEBUG   -fPIC -fdiagnostics-color=always -std=c++11 -MD -MT src/verification/CMakeFiles/duckdb_verification.dir/unoptimized_statement_verifier.cpp.o -MF src/verification/CMakeFiles/duckdb_verification.dir/unoptimized_statement_verifier.cpp.o.d -o src/verification/CMakeFiles/duckdb_verification.dir/unoptimized_statement_verifier.cpp.o -c /home/pei/Project/duckdb-polr/src/verification/unoptimized_statement_verifier.cpp
[119/376] /usr/bin/ccache /usr/lib/ccache/cc -DDUCKDB_BUILD_LIBRARY -DENABLE_CROSS_PRODUCT_REWRITE=0 -DENABLE_DEBUG_PRINT=0 -DENABLE_MEASURE_EXE_TIME=0 -DENABLE_MERGE_BACK_PLAN=0 -DENABLE_PARALLEL_EXECUTION=0 -DENABLE_QUERY_SPLIT=0 -DENABLE_SPECIFY_EST_STAT=0 -DUSE_DUCKDB_SHELL_WRAPPER -I/home/pei/Project/duckdb-polr/src/include -I/home/pei/Project/duckdb-polr/third_party/fsst -I/home/pei/Project/duckdb-polr/third_party/fmt/include -I/home/pei/Project/duckdb-polr/third_party/hyperloglog -I/home/pei/Project/duckdb-polr/third_party/fastpforlib -I/home/pei/Project/duckdb-polr/third_party/fast_float -I/home/pei/Project/duckdb-polr/third_party/re2 -I/home/pei/Project/duckdb-polr/third_party/miniz -I/home/pei/Project/duckdb-polr/third_party/utf8proc/include -I/home/pei/Project/duckdb-polr/third_party/miniparquet -I/home/pei/Project/duckdb-polr/third_party/concurrentqueue -I/home/pei/Project/duckdb-polr/third_party/pcg -I/home/pei/Project/duckdb-polr/third_party/tdigest -I/home/pei/Project/duckdb-polr/third_party/mbedtls/include -I/home/pei/Project/duckdb-polr/third_party/jaro_winkler -I/home/pei/Project/duckdb-polr/tools/sqlite3_api_wrapper/include -O3 -DNDEBUG -O3 -DNDEBUG   -fPIC -fdiagnostics-color=always -MD -MT tools/sqlite3_api_wrapper/sqlite3/CMakeFiles/sqlite3_api_wrapper_sqlite3.dir/strglob.c.o -MF tools/sqlite3_api_wrapper/sqlite3/CMakeFiles/sqlite3_api_wrapper_sqlite3.dir/strglob.c.o.d -o tools/sqlite3_api_wrapper/sqlite3/CMakeFiles/sqlite3_api_wrapper_sqlite3.dir/strglob.c.o -c /home/pei/Project/duckdb-polr/tools/sqlite3_api_wrapper/sqlite3/strglob.c
[120/376] /usr/bin/ccache /usr/lib/ccache/c++ -DBUILD_JEMALLOC_EXTENSION=ON -DBUILD_PARQUET_EXTENSION=TRUE -DDUCKDB_BUILD_LIBRARY -DENABLE_CROSS_PRODUCT_REWRITE=0 -DENABLE_DEBUG_PRINT=0 -DENABLE_MEASURE_EXE_TIME=0 -DENABLE_MERGE_BACK_PLAN=0 -DENABLE_PARALLEL_EXECUTION=0 -DENABLE_QUERY_SPLIT=0 -DENABLE_SPECIFY_EST_STAT=0 -DSQLITE_SHELL_IS_UTF8 -DUSE_DUCKDB_SHELL_WRAPPER -I/home/pei/Project/duckdb-polr/src/include -I/home/pei/Project/duckdb-polr/third_party/fsst -I/home/pei/Project/duckdb-polr/third_party/fmt/include -I/home/pei/Project/duckdb-polr/third_party/hyperloglog -I/home/pei/Project/duckdb-polr/third_party/fastpforlib -I/home/pei/Project/duckdb-polr/third_party/fast_float -I/home/pei/Project/duckdb-polr/third_party/re2 -I/home/pei/Project/duckdb-polr/third_party/miniz -I/home/pei/Project/duckdb-polr/third_party/utf8proc/include -I/home/pei/Project/duckdb-polr/third_party/miniparquet -I/home/pei/Project/duckdb-polr/third_party/concurrentqueue -I/home/pei/Project/duckdb-polr/third_party/pcg -I/home/pei/Project/duckdb-polr/third_party/tdigest -I/home/pei/Project/duckdb-polr/third_party/mbedtls/include -I/home/pei/Project/duckdb-polr/third_party/jaro_winkler -I/home/pei/Project/duckdb-polr/tools/sqlite3_api_wrapper/include -I/home/pei/Project/duckdb-polr/tools/sqlite3_api_wrapper/sqlite3_udf_api/include -I/home/pei/Project/duckdb-polr/extension -I/home/pei/Project/duckdb-polr/extension/parquet/include -I/home/pei/Project/duckdb-polr/extension/jemalloc/include -I/home/pei/Project/duckdb-polr/tools/sqlite3_api_wrapper/../../third_party/utf8proc/include -I/home/pei/Project/duckdb-polr/tools/sqlite3_api_wrapper/../../third_party/catch -I/home/pei/Project/duckdb-polr/tools/sqlite3_api_wrapper/test/include -I/home/pei/Project/duckdb-polr/third_party/libpg_query/include -O3 -DNDEBUG -O3 -DNDEBUG   -fPIC -fdiagnostics-color=always -std=c++11 -MD -MT tools/sqlite3_api_wrapper/CMakeFiles/sqlite3_api_wrapper_static.dir/sql_auto_complete_extension.cpp.o -MF tools/sqlite3_api_wrapper/CMakeFiles/sqlite3_api_wrapper_static.dir/sql_auto_complete_extension.cpp.o.d -o tools/sqlite3_api_wrapper/CMakeFiles/sqlite3_api_wrapper_static.dir/sql_auto_complete_extension.cpp.o -c /home/pei/Project/duckdb-polr/tools/sqlite3_api_wrapper/sql_auto_complete_extension.cpp
[121/376] /usr/bin/ccache /usr/lib/ccache/c++ -DBUILD_JEMALLOC_EXTENSION=ON -DBUILD_PARQUET_EXTENSION=TRUE -DDUCKDB_BUILD_LIBRARY -DENABLE_CROSS_PRODUCT_REWRITE=0 -DENABLE_DEBUG_PRINT=0 -DENABLE_MEASURE_EXE_TIME=0 -DENABLE_MERGE_BACK_PLAN=0 -DENABLE_PARALLEL_EXECUTION=0 -DENABLE_QUERY_SPLIT=0 -DENABLE_SPECIFY_EST_STAT=0 -DSQLITE_SHELL_IS_UTF8 -DUSE_DUCKDB_SHELL_WRAPPER -Dsqlite3_api_wrapper_EXPORTS -I/home/pei/Project/duckdb-polr/src/include -I/home/pei/Project/duckdb-polr/third_party/fsst -I/home/pei/Project/duckdb-polr/third_party/fmt/include -I/home/pei/Project/duckdb-polr/third_party/hyperloglog -I/home/pei/Project/duckdb-polr/third_party/fastpforlib -I/home/pei/Project/duckdb-polr/third_party/fast_float -I/home/pei/Project/duckdb-polr/third_party/re2 -I/home/pei/Project/duckdb-polr/third_party/miniz -I/home/pei/Project/duckdb-polr/third_party/utf8proc/include -I/home/pei/Project/duckdb-polr/third_party/miniparquet -I/home/pei/Project/duckdb-polr/third_party/concurrentqueue -I/home/pei/Project/duckdb-polr/third_party/pcg -I/home/pei/Project/duckdb-polr/third_party/tdigest -I/home/pei/Project/duckdb-polr/third_party/mbedtls/include -I/home/pei/Project/duckdb-polr/third_party/jaro_winkler -I/home/pei/Project/duckdb-polr/tools/sqlite3_api_wrapper/include -I/home/pei/Project/duckdb-polr/tools/sqlite3_api_wrapper/sqlite3_udf_api/include -I/home/pei/Project/duckdb-polr/extension -I/home/pei/Project/duckdb-polr/extension/parquet/include -I/home/pei/Project/duckdb-polr/extension/jemalloc/include -I/home/pei/Project/duckdb-polr/tools/sqlite3_api_wrapper/../../third_party/utf8proc/include -I/home/pei/Project/duckdb-polr/tools/sqlite3_api_wrapper/../../third_party/catch -I/home/pei/Project/duckdb-polr/tools/sqlite3_api_wrapper/test/include -I/home/pei/Project/duckdb-polr/third_party/libpg_query/include -O3 -DNDEBUG -O3 -DNDEBUG   -fPIC -fdiagnostics-color=always -std=c++11 -MD -MT tools/sqlite3_api_wrapper/CMakeFiles/sqlite3_api_wrapper.dir/sqlite3_api_wrapper.cpp.o -MF tools/sqlite3_api_wrapper/CMakeFiles/sqlite3_api_wrapper.dir/sqlite3_api_wrapper.cpp.o.d -o tools/sqlite3_api_wrapper/CMakeFiles/sqlite3_api_wrapper.dir/sqlite3_api_wrapper.cpp.o -c /home/pei/Project/duckdb-polr/tools/sqlite3_api_wrapper/sqlite3_api_wrapper.cpp
[122/376] /usr/bin/ccache /usr/lib/ccache/c++ -DBUILD_JEMALLOC_EXTENSION=ON -DBUILD_PARQUET_EXTENSION=TRUE -DDUCKDB_BUILD_LIBRARY -DENABLE_CROSS_PRODUCT_REWRITE=0 -DENABLE_DEBUG_PRINT=0 -DENABLE_MEASURE_EXE_TIME=0 -DENABLE_MERGE_BACK_PLAN=0 -DENABLE_PARALLEL_EXECUTION=0 -DENABLE_QUERY_SPLIT=0 -DENABLE_SPECIFY_EST_STAT=0 -DSQLITE_SHELL_IS_UTF8 -DUSE_DUCKDB_SHELL_WRAPPER -Dsqlite3_api_wrapper_EXPORTS -I/home/pei/Project/duckdb-polr/src/include -I/home/pei/Project/duckdb-polr/third_party/fsst -I/home/pei/Project/duckdb-polr/third_party/fmt/include -I/home/pei/Project/duckdb-polr/third_party/hyperloglog -I/home/pei/Project/duckdb-polr/third_party/fastpforlib -I/home/pei/Project/duckdb-polr/third_party/fast_float -I/home/pei/Project/duckdb-polr/third_party/re2 -I/home/pei/Project/duckdb-polr/third_party/miniz -I/home/pei/Project/duckdb-polr/third_party/utf8proc/include -I/home/pei/Project/duckdb-polr/third_party/miniparquet -I/home/pei/Project/duckdb-polr/third_party/concurrentqueue -I/home/pei/Project/duckdb-polr/third_party/pcg -I/home/pei/Project/duckdb-polr/third_party/tdigest -I/home/pei/Project/duckdb-polr/third_party/mbedtls/include -I/home/pei/Project/duckdb-polr/third_party/jaro_winkler -I/home/pei/Project/duckdb-polr/tools/sqlite3_api_wrapper/include -I/home/pei/Project/duckdb-polr/tools/sqlite3_api_wrapper/sqlite3_udf_api/include -I/home/pei/Project/duckdb-polr/extension -I/home/pei/Project/duckdb-polr/extension/parquet/include -I/home/pei/Project/duckdb-polr/extension/jemalloc/include -I/home/pei/Project/duckdb-polr/tools/sqlite3_api_wrapper/../../third_party/utf8proc/include -I/home/pei/Project/duckdb-polr/tools/sqlite3_api_wrapper/../../third_party/catch -I/home/pei/Project/duckdb-polr/tools/sqlite3_api_wrapper/test/include -I/home/pei/Project/duckdb-polr/third_party/libpg_query/include -O3 -DNDEBUG -O3 -DNDEBUG   -fPIC -fdiagnostics-color=always -std=c++11 -MD -MT tools/sqlite3_api_wrapper/CMakeFiles/sqlite3_api_wrapper.dir/sql_auto_complete_extension.cpp.o -MF tools/sqlite3_api_wrapper/CMakeFiles/sqlite3_api_wrapper.dir/sql_auto_complete_extension.cpp.o.d -o tools/sqlite3_api_wrapper/CMakeFiles/sqlite3_api_wrapper.dir/sql_auto_complete_extension.cpp.o -c /home/pei/Project/duckdb-polr/tools/sqlite3_api_wrapper/sql_auto_complete_extension.cpp
[123/376] /usr/bin/ccache /usr/lib/ccache/c++ -DBUILD_JEMALLOC_EXTENSION=ON -DBUILD_PARQUET_EXTENSION=TRUE -DDUCKDB_BUILD_LIBRARY -DENABLE_CROSS_PRODUCT_REWRITE=0 -DENABLE_DEBUG_PRINT=0 -DENABLE_MEASURE_EXE_TIME=0 -DENABLE_MERGE_BACK_PLAN=0 -DENABLE_PARALLEL_EXECUTION=0 -DENABLE_QUERY_SPLIT=0 -DENABLE_SPECIFY_EST_STAT=0 -DSQLITE_SHELL_IS_UTF8 -DUSE_DUCKDB_SHELL_WRAPPER -I/home/pei/Project/duckdb-polr/src/include -I/home/pei/Project/duckdb-polr/third_party/fsst -I/home/pei/Project/duckdb-polr/third_party/fmt/include -I/home/pei/Project/duckdb-polr/third_party/hyperloglog -I/home/pei/Project/duckdb-polr/third_party/fastpforlib -I/home/pei/Project/duckdb-polr/third_party/fast_float -I/home/pei/Project/duckdb-polr/third_party/re2 -I/home/pei/Project/duckdb-polr/third_party/miniz -I/home/pei/Project/duckdb-polr/third_party/utf8proc/include -I/home/pei/Project/duckdb-polr/third_party/miniparquet -I/home/pei/Project/duckdb-polr/third_party/concurrentqueue -I/home/pei/Project/duckdb-polr/third_party/pcg -I/home/pei/Project/duckdb-polr/third_party/tdigest -I/home/pei/Project/duckdb-polr/third_party/mbedtls/include -I/home/pei/Project/duckdb-polr/third_party/jaro_winkler -I/home/pei/Project/duckdb-polr/tools/sqlite3_api_wrapper/include -I/home/pei/Project/duckdb-polr/tools/sqlite3_api_wrapper/sqlite3_udf_api/include -I/home/pei/Project/duckdb-polr/extension -I/home/pei/Project/duckdb-polr/extension/parquet/include -I/home/pei/Project/duckdb-polr/extension/jemalloc/include -I/home/pei/Project/duckdb-polr/tools/sqlite3_api_wrapper/../../third_party/utf8proc/include -I/home/pei/Project/duckdb-polr/tools/sqlite3_api_wrapper/../../third_party/catch -I/home/pei/Project/duckdb-polr/tools/sqlite3_api_wrapper/test/include -I/home/pei/Project/duckdb-polr/third_party/libpg_query/include -O3 -DNDEBUG -O3 -DNDEBUG   -fPIC -fdiagnostics-color=always -std=c++11 -MD -MT tools/sqlite3_api_wrapper/CMakeFiles/sqlite3_api_wrapper_static.dir/sqlite3_api_wrapper.cpp.o -MF tools/sqlite3_api_wrapper/CMakeFiles/sqlite3_api_wrapper_static.dir/sqlite3_api_wrapper.cpp.o.d -o tools/sqlite3_api_wrapper/CMakeFiles/sqlite3_api_wrapper_static.dir/sqlite3_api_wrapper.cpp.o -c /home/pei/Project/duckdb-polr/tools/sqlite3_api_wrapper/sqlite3_api_wrapper.cpp
[124/376] /usr/bin/ccache /usr/lib/ccache/cc -DDUCKDB_BUILD_LIBRARY -DENABLE_CROSS_PRODUCT_REWRITE=0 -DENABLE_DEBUG_PRINT=0 -DENABLE_MEASURE_EXE_TIME=0 -DENABLE_MERGE_BACK_PLAN=0 -DENABLE_PARALLEL_EXECUTION=0 -DENABLE_QUERY_SPLIT=0 -DENABLE_SPECIFY_EST_STAT=0 -DHAVE_LINENOISE=1 -DSQLITE_OMIT_LOAD_EXTENSION=1 -I/home/pei/Project/duckdb-polr/src/include -I/home/pei/Project/duckdb-polr/third_party/fsst -I/home/pei/Project/duckdb-polr/third_party/fmt/include -I/home/pei/Project/duckdb-polr/third_party/hyperloglog -I/home/pei/Project/duckdb-polr/third_party/fastpforlib -I/home/pei/Project/duckdb-polr/third_party/fast_float -I/home/pei/Project/duckdb-polr/third_party/re2 -I/home/pei/Project/duckdb-polr/third_party/miniz -I/home/pei/Project/duckdb-polr/third_party/utf8proc/include -I/home/pei/Project/duckdb-polr/third_party/miniparquet -I/home/pei/Project/duckdb-polr/third_party/concurrentqueue -I/home/pei/Project/duckdb-polr/third_party/pcg -I/home/pei/Project/duckdb-polr/third_party/tdigest -I/home/pei/Project/duckdb-polr/third_party/mbedtls/include -I/home/pei/Project/duckdb-polr/third_party/jaro_winkler -I/home/pei/Project/duckdb-polr/tools/shell/../../third_party/utf8proc/include -I/home/pei/Project/duckdb-polr/tools/shell/include -I/home/pei/Project/duckdb-polr/tools/shell/../sqlite3_api_wrapper/include -I/home/pei/Project/duckdb-polr/third_party/libpg_query/include -O3 -DNDEBUG -O3 -DNDEBUG   -fPIE -fdiagnostics-color=always -MD -MT tools/shell/CMakeFiles/shell.dir/shell.c.o -MF tools/shell/CMakeFiles/shell.dir/shell.c.o.d -o tools/shell/CMakeFiles/shell.dir/shell.c.o -c /home/pei/Project/duckdb-polr/tools/shell/shell.c
[125/376] /usr/bin/ccache /usr/lib/ccache/c++ -DBUILD_JEMALLOC_EXTENSION=ON -DBUILD_PARQUET_EXTENSION=TRUE -DDUCKDB_BUILD_LIBRARY -DENABLE_CROSS_PRODUCT_REWRITE=0 -DENABLE_DEBUG_PRINT=0 -DENABLE_MEASURE_EXE_TIME=0 -DENABLE_MERGE_BACK_PLAN=0 -DENABLE_PARALLEL_EXECUTION=0 -DENABLE_QUERY_SPLIT=0 -DENABLE_SPECIFY_EST_STAT=0 -DSQLITE_SHELL_IS_UTF8 -DUSE_DUCKDB_SHELL_WRAPPER -I/home/pei/Project/duckdb-polr/src/include -I/home/pei/Project/duckdb-polr/third_party/fsst -I/home/pei/Project/duckdb-polr/third_party/fmt/include -I/home/pei/Project/duckdb-polr/third_party/hyperloglog -I/home/pei/Project/duckdb-polr/third_party/fastpforlib -I/home/pei/Project/duckdb-polr/third_party/fast_float -I/home/pei/Project/duckdb-polr/third_party/re2 -I/home/pei/Project/duckdb-polr/third_party/miniz -I/home/pei/Project/duckdb-polr/third_party/utf8proc/include -I/home/pei/Project/duckdb-polr/third_party/miniparquet -I/home/pei/Project/duckdb-polr/third_party/concurrentqueue -I/home/pei/Project/duckdb-polr/third_party/pcg -I/home/pei/Project/duckdb-polr/third_party/tdigest -I/home/pei/Project/duckdb-polr/third_party/mbedtls/include -I/home/pei/Project/duckdb-polr/third_party/jaro_winkler -I/home/pei/Project/duckdb-polr/tools/sqlite3_api_wrapper/include -I/home/pei/Project/duckdb-polr/tools/sqlite3_api_wrapper/sqlite3_udf_api/include -I/home/pei/Project/duckdb-polr/extension -I/home/pei/Project/duckdb-polr/extension/parquet/include -I/home/pei/Project/duckdb-polr/extension/jemalloc/include -I/home/pei/Project/duckdb-polr/tools/sqlite3_api_wrapper/../../third_party/utf8proc/include -I/home/pei/Project/duckdb-polr/tools/sqlite3_api_wrapper/../../third_party/catch -I/home/pei/Project/duckdb-polr/tools/sqlite3_api_wrapper/test/include -I/home/pei/Project/duckdb-polr/third_party/libpg_query/include -O3 -DNDEBUG -O3 -DNDEBUG   -fPIE -fdiagnostics-color=always -std=c++11 -MD -MT tools/sqlite3_api_wrapper/CMakeFiles/test_sqlite3_api_wrapper.dir/test/test_sqlite3_api_wrapper.cpp.o -MF tools/sqlite3_api_wrapper/CMakeFiles/test_sqlite3_api_wrapper.dir/test/test_sqlite3_api_wrapper.cpp.o.d -o tools/sqlite3_api_wrapper/CMakeFiles/test_sqlite3_api_wrapper.dir/test/test_sqlite3_api_wrapper.cpp.o -c /home/pei/Project/duckdb-polr/tools/sqlite3_api_wrapper/test/test_sqlite3_api_wrapper.cpp
[126/376] /usr/bin/ccache /usr/lib/ccache/c++ -DDUCKDB_BUILD_LIBRARY -DENABLE_CROSS_PRODUCT_REWRITE=0 -DENABLE_DEBUG_PRINT=0 -DENABLE_MEASURE_EXE_TIME=0 -DENABLE_MERGE_BACK_PLAN=0 -DENABLE_PARALLEL_EXECUTION=0 -DENABLE_QUERY_SPLIT=0 -DENABLE_SPECIFY_EST_STAT=0 -I/home/pei/Project/duckdb-polr/src/include -I/home/pei/Project/duckdb-polr/third_party/fsst -I/home/pei/Project/duckdb-polr/third_party/fmt/include -I/home/pei/Project/duckdb-polr/third_party/hyperloglog -I/home/pei/Project/duckdb-polr/third_party/fastpforlib -I/home/pei/Project/duckdb-polr/third_party/fast_float -I/home/pei/Project/duckdb-polr/third_party/re2 -I/home/pei/Project/duckdb-polr/third_party/miniz -I/home/pei/Project/duckdb-polr/third_party/utf8proc/include -I/home/pei/Project/duckdb-polr/third_party/miniparquet -I/home/pei/Project/duckdb-polr/third_party/concurrentqueue -I/home/pei/Project/duckdb-polr/third_party/pcg -I/home/pei/Project/duckdb-polr/third_party/tdigest -I/home/pei/Project/duckdb-polr/third_party/mbedtls/include -I/home/pei/Project/duckdb-polr/third_party/jaro_winkler -I/home/pei/Project/duckdb-polr/tools/sqlite3_api_wrapper/include -I/home/pei/Project/duckdb-polr/tools/sqlite3_api_wrapper/sqlite3_udf_api/include -O3 -DNDEBUG -O3 -DNDEBUG   -fPIC -fdiagnostics-color=always -std=c++11 -MD -MT tools/sqlite3_api_wrapper/sqlite3_udf_api/CMakeFiles/sqlite3_udf_api.dir/sqlite3_udf_wrapper.cpp.o -MF tools/sqlite3_api_wrapper/sqlite3_udf_api/CMakeFiles/sqlite3_udf_api.dir/sqlite3_udf_wrapper.cpp.o.d -o tools/sqlite3_api_wrapper/sqlite3_udf_api/CMakeFiles/sqlite3_udf_api.dir/sqlite3_udf_wrapper.cpp.o -c /home/pei/Project/duckdb-polr/tools/sqlite3_api_wrapper/sqlite3_udf_api/sqlite3_udf_wrapper.cpp
[127/376] /usr/bin/ccache /usr/lib/ccache/c++ -DBUILD_JEMALLOC_EXTENSION=ON -DBUILD_PARQUET_EXTENSION=TRUE -DDUCKDB_BUILD_LIBRARY -DENABLE_CROSS_PRODUCT_REWRITE=0 -DENABLE_DEBUG_PRINT=0 -DENABLE_MEASURE_EXE_TIME=0 -DENABLE_MERGE_BACK_PLAN=0 -DENABLE_PARALLEL_EXECUTION=0 -DENABLE_QUERY_SPLIT=0 -DENABLE_SPECIFY_EST_STAT=0 -DSQLITE_SHELL_IS_UTF8 -DUSE_DUCKDB_SHELL_WRAPPER -I/home/pei/Project/duckdb-polr/src/include -I/home/pei/Project/duckdb-polr/third_party/fsst -I/home/pei/Project/duckdb-polr/third_party/fmt/include -I/home/pei/Project/duckdb-polr/third_party/hyperloglog -I/home/pei/Project/duckdb-polr/third_party/fastpforlib -I/home/pei/Project/duckdb-polr/third_party/fast_float -I/home/pei/Project/duckdb-polr/third_party/re2 -I/home/pei/Project/duckdb-polr/third_party/miniz -I/home/pei/Project/duckdb-polr/third_party/utf8proc/include -I/home/pei/Project/duckdb-polr/third_party/miniparquet -I/home/pei/Project/duckdb-polr/third_party/concurrentqueue -I/home/pei/Project/duckdb-polr/third_party/pcg -I/home/pei/Project/duckdb-polr/third_party/tdigest -I/home/pei/Project/duckdb-polr/third_party/mbedtls/include -I/home/pei/Project/duckdb-polr/third_party/jaro_winkler -I/home/pei/Project/duckdb-polr/tools/sqlite3_api_wrapper/include -I/home/pei/Project/duckdb-polr/tools/sqlite3_api_wrapper/sqlite3_udf_api/include -I/home/pei/Project/duckdb-polr/extension -I/home/pei/Project/duckdb-polr/extension/parquet/include -I/home/pei/Project/duckdb-polr/extension/jemalloc/include -I/home/pei/Project/duckdb-polr/tools/sqlite3_api_wrapper/../../third_party/utf8proc/include -I/home/pei/Project/duckdb-polr/tools/sqlite3_api_wrapper/../../third_party/catch -I/home/pei/Project/duckdb-polr/tools/sqlite3_api_wrapper/test/include -I/home/pei/Project/duckdb-polr/third_party/libpg_query/include -O3 -DNDEBUG -O3 -DNDEBUG   -fPIE -fdiagnostics-color=always -std=c++11 -MD -MT tools/sqlite3_api_wrapper/CMakeFiles/test_sqlite3_api_wrapper.dir/test/test_sqlite3_udf_api_wrapper.cpp.o -MF tools/sqlite3_api_wrapper/CMakeFiles/test_sqlite3_api_wrapper.dir/test/test_sqlite3_udf_api_wrapper.cpp.o.d -o tools/sqlite3_api_wrapper/CMakeFiles/test_sqlite3_api_wrapper.dir/test/test_sqlite3_udf_api_wrapper.cpp.o -c /home/pei/Project/duckdb-polr/tools/sqlite3_api_wrapper/test/test_sqlite3_udf_api_wrapper.cpp
[128/376] /usr/bin/ccache /usr/lib/ccache/c++ -DDUCKDB_BUILD_LIBRARY -DENABLE_CROSS_PRODUCT_REWRITE=0 -DENABLE_DEBUG_PRINT=0 -DENABLE_MEASURE_EXE_TIME=0 -DENABLE_MERGE_BACK_PLAN=0 -DENABLE_PARALLEL_EXECUTION=0 -DENABLE_QUERY_SPLIT=0 -DENABLE_SPECIFY_EST_STAT=0 -I/home/pei/Project/duckdb-polr/src/include -I/home/pei/Project/duckdb-polr/third_party/fsst -I/home/pei/Project/duckdb-polr/third_party/fmt/include -I/home/pei/Project/duckdb-polr/third_party/hyperloglog -I/home/pei/Project/duckdb-polr/third_party/fastpforlib -I/home/pei/Project/duckdb-polr/third_party/fast_float -I/home/pei/Project/duckdb-polr/third_party/re2 -I/home/pei/Project/duckdb-polr/third_party/miniz -I/home/pei/Project/duckdb-polr/third_party/utf8proc/include -I/home/pei/Project/duckdb-polr/third_party/miniparquet -I/home/pei/Project/duckdb-polr/third_party/concurrentqueue -I/home/pei/Project/duckdb-polr/third_party/pcg -I/home/pei/Project/duckdb-polr/third_party/tdigest -I/home/pei/Project/duckdb-polr/third_party/mbedtls/include -I/home/pei/Project/duckdb-polr/third_party/jaro_winkler -I/home/pei/Project/duckdb-polr/tools/sqlite3_api_wrapper/include -I/home/pei/Project/duckdb-polr/tools/sqlite3_api_wrapper/sqlite3_udf_api/include -O3 -DNDEBUG -O3 -DNDEBUG   -fPIC -fdiagnostics-color=always -std=c++11 -MD -MT tools/sqlite3_api_wrapper/sqlite3_udf_api/CMakeFiles/sqlite3_udf_api.dir/cast_sqlite.cpp.o -MF tools/sqlite3_api_wrapper/sqlite3_udf_api/CMakeFiles/sqlite3_udf_api.dir/cast_sqlite.cpp.o.d -o tools/sqlite3_api_wrapper/sqlite3_udf_api/CMakeFiles/sqlite3_udf_api.dir/cast_sqlite.cpp.o -c /home/pei/Project/duckdb-polr/tools/sqlite3_api_wrapper/sqlite3_udf_api/cast_sqlite.cpp
[129/376] /usr/bin/ccache /usr/lib/ccache/c++ -DDUCKDB_BUILD_LIBRARY -DENABLE_CROSS_PRODUCT_REWRITE=0 -DENABLE_DEBUG_PRINT=0 -DENABLE_MEASURE_EXE_TIME=0 -DENABLE_MERGE_BACK_PLAN=0 -DENABLE_PARALLEL_EXECUTION=0 -DENABLE_QUERY_SPLIT=0 -DENABLE_SPECIFY_EST_STAT=0 -DHAVE_LINENOISE=1 -DSQLITE_OMIT_LOAD_EXTENSION=1 -I/home/pei/Project/duckdb-polr/src/include -I/home/pei/Project/duckdb-polr/third_party/fsst -I/home/pei/Project/duckdb-polr/third_party/fmt/include -I/home/pei/Project/duckdb-polr/third_party/hyperloglog -I/home/pei/Project/duckdb-polr/third_party/fastpforlib -I/home/pei/Project/duckdb-polr/third_party/fast_float -I/home/pei/Project/duckdb-polr/third_party/re2 -I/home/pei/Project/duckdb-polr/third_party/miniz -I/home/pei/Project/duckdb-polr/third_party/utf8proc/include -I/home/pei/Project/duckdb-polr/third_party/miniparquet -I/home/pei/Project/duckdb-polr/third_party/concurrentqueue -I/home/pei/Project/duckdb-polr/third_party/pcg -I/home/pei/Project/duckdb-polr/third_party/tdigest -I/home/pei/Project/duckdb-polr/third_party/mbedtls/include -I/home/pei/Project/duckdb-polr/third_party/jaro_winkler -I/home/pei/Project/duckdb-polr/tools/shell/../../third_party/utf8proc/include -I/home/pei/Project/duckdb-polr/tools/shell/include -I/home/pei/Project/duckdb-polr/tools/shell/../sqlite3_api_wrapper/include -I/home/pei/Project/duckdb-polr/third_party/libpg_query/include -O3 -DNDEBUG -O3 -DNDEBUG   -fPIE -fdiagnostics-color=always -std=c++11 -MD -MT tools/shell/CMakeFiles/shell.dir/linenoise.cpp.o -MF tools/shell/CMakeFiles/shell.dir/linenoise.cpp.o.d -o tools/shell/CMakeFiles/shell.dir/linenoise.cpp.o -c /home/pei/Project/duckdb-polr/tools/shell/linenoise.cpp
[130/376] /usr/bin/ccache /usr/lib/ccache/c++ -DDUCKDB_BUILD_LIBRARY -DENABLE_CROSS_PRODUCT_REWRITE=0 -DENABLE_DEBUG_PRINT=0 -DENABLE_MEASURE_EXE_TIME=0 -DENABLE_MERGE_BACK_PLAN=0 -DENABLE_PARALLEL_EXECUTION=0 -DENABLE_QUERY_SPLIT=0 -DENABLE_SPECIFY_EST_STAT=0 -I/home/pei/Project/duckdb-polr/src/include -I/home/pei/Project/duckdb-polr/third_party/fsst -I/home/pei/Project/duckdb-polr/third_party/fmt/include -I/home/pei/Project/duckdb-polr/third_party/hyperloglog -I/home/pei/Project/duckdb-polr/third_party/fastpforlib -I/home/pei/Project/duckdb-polr/third_party/fast_float -I/home/pei/Project/duckdb-polr/third_party/re2 -I/home/pei/Project/duckdb-polr/third_party/miniz -I/home/pei/Project/duckdb-polr/third_party/utf8proc/include -I/home/pei/Project/duckdb-polr/third_party/miniparquet -I/home/pei/Project/duckdb-polr/third_party/concurrentqueue -I/home/pei/Project/duckdb-polr/third_party/pcg -I/home/pei/Project/duckdb-polr/third_party/tdigest -I/home/pei/Project/duckdb-polr/third_party/mbedtls/include -I/home/pei/Project/duckdb-polr/third_party/jaro_winkler -I/home/pei/Project/duckdb-polr/extension/parquet/include -I/home/pei/Project/duckdb-polr/extension/parquet/../../third_party/parquet -I/home/pei/Project/duckdb-polr/extension/parquet/../../third_party/snappy -I/home/pei/Project/duckdb-polr/extension/parquet/../../third_party/miniz -I/home/pei/Project/duckdb-polr/extension/parquet/../../third_party/thrift -I/home/pei/Project/duckdb-polr/extension/parquet/../../third_party/zstd/include -O3 -DNDEBUG -O3 -DNDEBUG   -fPIC -fdiagnostics-color=always -std=c++11 -MD -MT extension/parquet/CMakeFiles/parquet_extension.dir/column_writer.cpp.o -MF extension/parquet/CMakeFiles/parquet_extension.dir/column_writer.cpp.o.d -o extension/parquet/CMakeFiles/parquet_extension.dir/column_writer.cpp.o -c /home/pei/Project/duckdb-polr/extension/parquet/column_writer.cpp
[131/376] /usr/bin/ccache /usr/lib/ccache/c++ -DDUCKDB_BUILD_LIBRARY -DENABLE_CROSS_PRODUCT_REWRITE=0 -DENABLE_DEBUG_PRINT=0 -DENABLE_MEASURE_EXE_TIME=0 -DENABLE_MERGE_BACK_PLAN=0 -DENABLE_PARALLEL_EXECUTION=0 -DENABLE_QUERY_SPLIT=0 -DENABLE_SPECIFY_EST_STAT=0 -I/home/pei/Project/duckdb-polr/src/include -I/home/pei/Project/duckdb-polr/third_party/fsst -I/home/pei/Project/duckdb-polr/third_party/fmt/include -I/home/pei/Project/duckdb-polr/third_party/hyperloglog -I/home/pei/Project/duckdb-polr/third_party/fastpforlib -I/home/pei/Project/duckdb-polr/third_party/fast_float -I/home/pei/Project/duckdb-polr/third_party/re2 -I/home/pei/Project/duckdb-polr/third_party/miniz -I/home/pei/Project/duckdb-polr/third_party/utf8proc/include -I/home/pei/Project/duckdb-polr/third_party/miniparquet -I/home/pei/Project/duckdb-polr/third_party/concurrentqueue -I/home/pei/Project/duckdb-polr/third_party/pcg -I/home/pei/Project/duckdb-polr/third_party/tdigest -I/home/pei/Project/duckdb-polr/third_party/mbedtls/include -I/home/pei/Project/duckdb-polr/third_party/jaro_winkler -I/home/pei/Project/duckdb-polr/extension/parquet/include -I/home/pei/Project/duckdb-polr/extension/parquet/../../third_party/parquet -I/home/pei/Project/duckdb-polr/extension/parquet/../../third_party/snappy -I/home/pei/Project/duckdb-polr/extension/parquet/../../third_party/miniz -I/home/pei/Project/duckdb-polr/extension/parquet/../../third_party/thrift -I/home/pei/Project/duckdb-polr/extension/parquet/../../third_party/zstd/include -O3 -DNDEBUG -O3 -DNDEBUG   -fPIC -fdiagnostics-color=always -std=c++11 -MD -MT extension/parquet/CMakeFiles/parquet_extension.dir/parquet-extension.cpp.o -MF extension/parquet/CMakeFiles/parquet_extension.dir/parquet-extension.cpp.o.d -o extension/parquet/CMakeFiles/parquet_extension.dir/parquet-extension.cpp.o -c /home/pei/Project/duckdb-polr/extension/parquet/parquet-extension.cpp
[132/376] /usr/bin/ccache /usr/lib/ccache/c++ -DDUCKDB_BUILD_LIBRARY -DENABLE_CROSS_PRODUCT_REWRITE=0 -DENABLE_DEBUG_PRINT=0 -DENABLE_MEASURE_EXE_TIME=0 -DENABLE_MERGE_BACK_PLAN=0 -DENABLE_PARALLEL_EXECUTION=0 -DENABLE_QUERY_SPLIT=0 -DENABLE_SPECIFY_EST_STAT=0 -I/home/pei/Project/duckdb-polr/src/include -I/home/pei/Project/duckdb-polr/third_party/fsst -I/home/pei/Project/duckdb-polr/third_party/fmt/include -I/home/pei/Project/duckdb-polr/third_party/hyperloglog -I/home/pei/Project/duckdb-polr/third_party/fastpforlib -I/home/pei/Project/duckdb-polr/third_party/fast_float -I/home/pei/Project/duckdb-polr/third_party/re2 -I/home/pei/Project/duckdb-polr/third_party/miniz -I/home/pei/Project/duckdb-polr/third_party/utf8proc/include -I/home/pei/Project/duckdb-polr/third_party/miniparquet -I/home/pei/Project/duckdb-polr/third_party/concurrentqueue -I/home/pei/Project/duckdb-polr/third_party/pcg -I/home/pei/Project/duckdb-polr/third_party/tdigest -I/home/pei/Project/duckdb-polr/third_party/mbedtls/include -I/home/pei/Project/duckdb-polr/third_party/jaro_winkler -I/home/pei/Project/duckdb-polr/extension/parquet/include -I/home/pei/Project/duckdb-polr/extension/parquet/../../third_party/parquet -I/home/pei/Project/duckdb-polr/extension/parquet/../../third_party/snappy -I/home/pei/Project/duckdb-polr/extension/parquet/../../third_party/miniz -I/home/pei/Project/duckdb-polr/extension/parquet/../../third_party/thrift -I/home/pei/Project/duckdb-polr/extension/parquet/../../third_party/zstd/include -O3 -DNDEBUG -O3 -DNDEBUG   -fPIC -fdiagnostics-color=always -std=c++11 -MD -MT extension/parquet/CMakeFiles/parquet_extension.dir/parquet_metadata.cpp.o -MF extension/parquet/CMakeFiles/parquet_extension.dir/parquet_metadata.cpp.o.d -o extension/parquet/CMakeFiles/parquet_extension.dir/parquet_metadata.cpp.o -c /home/pei/Project/duckdb-polr/extension/parquet/parquet_metadata.cpp
[133/376] /usr/bin/ccache /usr/lib/ccache/c++ -DDUCKDB_BUILD_LIBRARY -DENABLE_CROSS_PRODUCT_REWRITE=0 -DENABLE_DEBUG_PRINT=0 -DENABLE_MEASURE_EXE_TIME=0 -DENABLE_MERGE_BACK_PLAN=0 -DENABLE_PARALLEL_EXECUTION=0 -DENABLE_QUERY_SPLIT=0 -DENABLE_SPECIFY_EST_STAT=0 -I/home/pei/Project/duckdb-polr/src/include -I/home/pei/Project/duckdb-polr/third_party/fsst -I/home/pei/Project/duckdb-polr/third_party/fmt/include -I/home/pei/Project/duckdb-polr/third_party/hyperloglog -I/home/pei/Project/duckdb-polr/third_party/fastpforlib -I/home/pei/Project/duckdb-polr/third_party/fast_float -I/home/pei/Project/duckdb-polr/third_party/re2 -I/home/pei/Project/duckdb-polr/third_party/miniz -I/home/pei/Project/duckdb-polr/third_party/utf8proc/include -I/home/pei/Project/duckdb-polr/third_party/miniparquet -I/home/pei/Project/duckdb-polr/third_party/concurrentqueue -I/home/pei/Project/duckdb-polr/third_party/pcg -I/home/pei/Project/duckdb-polr/third_party/tdigest -I/home/pei/Project/duckdb-polr/third_party/mbedtls/include -I/home/pei/Project/duckdb-polr/third_party/jaro_winkler -I/home/pei/Project/duckdb-polr/extension/parquet/include -I/home/pei/Project/duckdb-polr/extension/parquet/../../third_party/parquet -I/home/pei/Project/duckdb-polr/extension/parquet/../../third_party/snappy -I/home/pei/Project/duckdb-polr/extension/parquet/../../third_party/miniz -I/home/pei/Project/duckdb-polr/extension/parquet/../../third_party/thrift -I/home/pei/Project/duckdb-polr/extension/parquet/../../third_party/zstd/include -O3 -DNDEBUG -O3 -DNDEBUG   -fPIC -fdiagnostics-color=always -std=c++11 -MD -MT extension/parquet/CMakeFiles/parquet_extension.dir/parquet_reader.cpp.o -MF extension/parquet/CMakeFiles/parquet_extension.dir/parquet_reader.cpp.o.d -o extension/parquet/CMakeFiles/parquet_extension.dir/parquet_reader.cpp.o -c /home/pei/Project/duckdb-polr/extension/parquet/parquet_reader.cpp
[134/376] /usr/bin/ccache /usr/lib/ccache/c++ -DDUCKDB_BUILD_LIBRARY -DENABLE_CROSS_PRODUCT_REWRITE=0 -DENABLE_DEBUG_PRINT=0 -DENABLE_MEASURE_EXE_TIME=0 -DENABLE_MERGE_BACK_PLAN=0 -DENABLE_PARALLEL_EXECUTION=0 -DENABLE_QUERY_SPLIT=0 -DENABLE_SPECIFY_EST_STAT=0 -I/home/pei/Project/duckdb-polr/src/include -I/home/pei/Project/duckdb-polr/third_party/fsst -I/home/pei/Project/duckdb-polr/third_party/fmt/include -I/home/pei/Project/duckdb-polr/third_party/hyperloglog -I/home/pei/Project/duckdb-polr/third_party/fastpforlib -I/home/pei/Project/duckdb-polr/third_party/fast_float -I/home/pei/Project/duckdb-polr/third_party/re2 -I/home/pei/Project/duckdb-polr/third_party/miniz -I/home/pei/Project/duckdb-polr/third_party/utf8proc/include -I/home/pei/Project/duckdb-polr/third_party/miniparquet -I/home/pei/Project/duckdb-polr/third_party/concurrentqueue -I/home/pei/Project/duckdb-polr/third_party/pcg -I/home/pei/Project/duckdb-polr/third_party/tdigest -I/home/pei/Project/duckdb-polr/third_party/mbedtls/include -I/home/pei/Project/duckdb-polr/third_party/jaro_winkler -I/home/pei/Project/duckdb-polr/extension/parquet/include -I/home/pei/Project/duckdb-polr/extension/parquet/../../third_party/parquet -I/home/pei/Project/duckdb-polr/extension/parquet/../../third_party/snappy -I/home/pei/Project/duckdb-polr/extension/parquet/../../third_party/miniz -I/home/pei/Project/duckdb-polr/extension/parquet/../../third_party/thrift -I/home/pei/Project/duckdb-polr/extension/parquet/../../third_party/zstd/include -O3 -DNDEBUG -O3 -DNDEBUG   -fPIC -fdiagnostics-color=always -std=c++11 -MD -MT extension/parquet/CMakeFiles/parquet_extension.dir/parquet_timestamp.cpp.o -MF extension/parquet/CMakeFiles/parquet_extension.dir/parquet_timestamp.cpp.o.d -o extension/parquet/CMakeFiles/parquet_extension.dir/parquet_timestamp.cpp.o -c /home/pei/Project/duckdb-polr/extension/parquet/parquet_timestamp.cpp
[135/376] /usr/bin/ccache /usr/lib/ccache/c++ -DDUCKDB_BUILD_LIBRARY -DENABLE_CROSS_PRODUCT_REWRITE=0 -DENABLE_DEBUG_PRINT=0 -DENABLE_MEASURE_EXE_TIME=0 -DENABLE_MERGE_BACK_PLAN=0 -DENABLE_PARALLEL_EXECUTION=0 -DENABLE_QUERY_SPLIT=0 -DENABLE_SPECIFY_EST_STAT=0 -I/home/pei/Project/duckdb-polr/src/include -I/home/pei/Project/duckdb-polr/third_party/fsst -I/home/pei/Project/duckdb-polr/third_party/fmt/include -I/home/pei/Project/duckdb-polr/third_party/hyperloglog -I/home/pei/Project/duckdb-polr/third_party/fastpforlib -I/home/pei/Project/duckdb-polr/third_party/fast_float -I/home/pei/Project/duckdb-polr/third_party/re2 -I/home/pei/Project/duckdb-polr/third_party/miniz -I/home/pei/Project/duckdb-polr/third_party/utf8proc/include -I/home/pei/Project/duckdb-polr/third_party/miniparquet -I/home/pei/Project/duckdb-polr/third_party/concurrentqueue -I/home/pei/Project/duckdb-polr/third_party/pcg -I/home/pei/Project/duckdb-polr/third_party/tdigest -I/home/pei/Project/duckdb-polr/third_party/mbedtls/include -I/home/pei/Project/duckdb-polr/third_party/jaro_winkler -I/home/pei/Project/duckdb-polr/extension/parquet/include -I/home/pei/Project/duckdb-polr/extension/parquet/../../third_party/parquet -I/home/pei/Project/duckdb-polr/extension/parquet/../../third_party/snappy -I/home/pei/Project/duckdb-polr/extension/parquet/../../third_party/miniz -I/home/pei/Project/duckdb-polr/extension/parquet/../../third_party/thrift -I/home/pei/Project/duckdb-polr/extension/parquet/../../third_party/zstd/include -O3 -DNDEBUG -O3 -DNDEBUG   -fPIC -fdiagnostics-color=always -std=c++11 -MD -MT extension/parquet/CMakeFiles/parquet_extension.dir/parquet_writer.cpp.o -MF extension/parquet/CMakeFiles/parquet_extension.dir/parquet_writer.cpp.o.d -o extension/parquet/CMakeFiles/parquet_extension.dir/parquet_writer.cpp.o -c /home/pei/Project/duckdb-polr/extension/parquet/parquet_writer.cpp
[136/376] /usr/bin/ccache /usr/lib/ccache/c++ -DDUCKDB_BUILD_LIBRARY -DENABLE_CROSS_PRODUCT_REWRITE=0 -DENABLE_DEBUG_PRINT=0 -DENABLE_MEASURE_EXE_TIME=0 -DENABLE_MERGE_BACK_PLAN=0 -DENABLE_PARALLEL_EXECUTION=0 -DENABLE_QUERY_SPLIT=0 -DENABLE_SPECIFY_EST_STAT=0 -I/home/pei/Project/duckdb-polr/src/include -I/home/pei/Project/duckdb-polr/third_party/fsst -I/home/pei/Project/duckdb-polr/third_party/fmt/include -I/home/pei/Project/duckdb-polr/third_party/hyperloglog -I/home/pei/Project/duckdb-polr/third_party/fastpforlib -I/home/pei/Project/duckdb-polr/third_party/fast_float -I/home/pei/Project/duckdb-polr/third_party/re2 -I/home/pei/Project/duckdb-polr/third_party/miniz -I/home/pei/Project/duckdb-polr/third_party/utf8proc/include -I/home/pei/Project/duckdb-polr/third_party/miniparquet -I/home/pei/Project/duckdb-polr/third_party/concurrentqueue -I/home/pei/Project/duckdb-polr/third_party/pcg -I/home/pei/Project/duckdb-polr/third_party/tdigest -I/home/pei/Project/duckdb-polr/third_party/mbedtls/include -I/home/pei/Project/duckdb-polr/third_party/jaro_winkler -I/home/pei/Project/duckdb-polr/extension/parquet/include -I/home/pei/Project/duckdb-polr/extension/parquet/../../third_party/parquet -I/home/pei/Project/duckdb-polr/extension/parquet/../../third_party/snappy -I/home/pei/Project/duckdb-polr/extension/parquet/../../third_party/miniz -I/home/pei/Project/duckdb-polr/extension/parquet/../../third_party/thrift -I/home/pei/Project/duckdb-polr/extension/parquet/../../third_party/zstd/include -O3 -DNDEBUG -O3 -DNDEBUG   -fPIC -fdiagnostics-color=always -std=c++11 -MD -MT extension/parquet/CMakeFiles/parquet_extension.dir/parquet_statistics.cpp.o -MF extension/parquet/CMakeFiles/parquet_extension.dir/parquet_statistics.cpp.o.d -o extension/parquet/CMakeFiles/parquet_extension.dir/parquet_statistics.cpp.o -c /home/pei/Project/duckdb-polr/extension/parquet/parquet_statistics.cpp
[137/376] /usr/bin/ccache /usr/lib/ccache/c++ -DDUCKDB_BUILD_LIBRARY -DENABLE_CROSS_PRODUCT_REWRITE=0 -DENABLE_DEBUG_PRINT=0 -DENABLE_MEASURE_EXE_TIME=0 -DENABLE_MERGE_BACK_PLAN=0 -DENABLE_PARALLEL_EXECUTION=0 -DENABLE_QUERY_SPLIT=0 -DENABLE_SPECIFY_EST_STAT=0 -I/home/pei/Project/duckdb-polr/src/include -I/home/pei/Project/duckdb-polr/third_party/fsst -I/home/pei/Project/duckdb-polr/third_party/fmt/include -I/home/pei/Project/duckdb-polr/third_party/hyperloglog -I/home/pei/Project/duckdb-polr/third_party/fastpforlib -I/home/pei/Project/duckdb-polr/third_party/fast_float -I/home/pei/Project/duckdb-polr/third_party/re2 -I/home/pei/Project/duckdb-polr/third_party/miniz -I/home/pei/Project/duckdb-polr/third_party/utf8proc/include -I/home/pei/Project/duckdb-polr/third_party/miniparquet -I/home/pei/Project/duckdb-polr/third_party/concurrentqueue -I/home/pei/Project/duckdb-polr/third_party/pcg -I/home/pei/Project/duckdb-polr/third_party/tdigest -I/home/pei/Project/duckdb-polr/third_party/mbedtls/include -I/home/pei/Project/duckdb-polr/third_party/jaro_winkler -I/home/pei/Project/duckdb-polr/extension/parquet/include -I/home/pei/Project/duckdb-polr/extension/parquet/../../third_party/parquet -I/home/pei/Project/duckdb-polr/extension/parquet/../../third_party/snappy -I/home/pei/Project/duckdb-polr/extension/parquet/../../third_party/miniz -I/home/pei/Project/duckdb-polr/extension/parquet/../../third_party/thrift -I/home/pei/Project/duckdb-polr/extension/parquet/../../third_party/zstd/include -O3 -DNDEBUG -O3 -DNDEBUG   -fPIC -fdiagnostics-color=always -std=c++11 -MD -MT extension/parquet/CMakeFiles/parquet_extension.dir/zstd_file_system.cpp.o -MF extension/parquet/CMakeFiles/parquet_extension.dir/zstd_file_system.cpp.o.d -o extension/parquet/CMakeFiles/parquet_extension.dir/zstd_file_system.cpp.o -c /home/pei/Project/duckdb-polr/extension/parquet/zstd_file_system.cpp
[138/376] /usr/bin/ccache /usr/lib/ccache/c++ -DDUCKDB_BUILD_LIBRARY -DENABLE_CROSS_PRODUCT_REWRITE=0 -DENABLE_DEBUG_PRINT=0 -DENABLE_MEASURE_EXE_TIME=0 -DENABLE_MERGE_BACK_PLAN=0 -DENABLE_PARALLEL_EXECUTION=0 -DENABLE_QUERY_SPLIT=0 -DENABLE_SPECIFY_EST_STAT=0 -I/home/pei/Project/duckdb-polr/src/include -I/home/pei/Project/duckdb-polr/third_party/fsst -I/home/pei/Project/duckdb-polr/third_party/fmt/include -I/home/pei/Project/duckdb-polr/third_party/hyperloglog -I/home/pei/Project/duckdb-polr/third_party/fastpforlib -I/home/pei/Project/duckdb-polr/third_party/fast_float -I/home/pei/Project/duckdb-polr/third_party/re2 -I/home/pei/Project/duckdb-polr/third_party/miniz -I/home/pei/Project/duckdb-polr/third_party/utf8proc/include -I/home/pei/Project/duckdb-polr/third_party/miniparquet -I/home/pei/Project/duckdb-polr/third_party/concurrentqueue -I/home/pei/Project/duckdb-polr/third_party/pcg -I/home/pei/Project/duckdb-polr/third_party/tdigest -I/home/pei/Project/duckdb-polr/third_party/mbedtls/include -I/home/pei/Project/duckdb-polr/third_party/jaro_winkler -I/home/pei/Project/duckdb-polr/extension/parquet/include -I/home/pei/Project/duckdb-polr/extension/parquet/../../third_party/parquet -I/home/pei/Project/duckdb-polr/extension/parquet/../../third_party/snappy -I/home/pei/Project/duckdb-polr/extension/parquet/../../third_party/miniz -I/home/pei/Project/duckdb-polr/extension/parquet/../../third_party/thrift -I/home/pei/Project/duckdb-polr/extension/parquet/../../third_party/zstd/include -O3 -DNDEBUG -O3 -DNDEBUG   -fPIC -fdiagnostics-color=always -std=c++11 -MD -MT extension/parquet/CMakeFiles/parquet_extension.dir/__/__/third_party/parquet/parquet_constants.cpp.o -MF extension/parquet/CMakeFiles/parquet_extension.dir/__/__/third_party/parquet/parquet_constants.cpp.o.d -o extension/parquet/CMakeFiles/parquet_extension.dir/__/__/third_party/parquet/parquet_constants.cpp.o -c /home/pei/Project/duckdb-polr/third_party/parquet/parquet_constants.cpp
[139/376] /usr/bin/ccache /usr/lib/ccache/c++ -DDUCKDB_BUILD_LIBRARY -DENABLE_CROSS_PRODUCT_REWRITE=0 -DENABLE_DEBUG_PRINT=0 -DENABLE_MEASURE_EXE_TIME=0 -DENABLE_MERGE_BACK_PLAN=0 -DENABLE_PARALLEL_EXECUTION=0 -DENABLE_QUERY_SPLIT=0 -DENABLE_SPECIFY_EST_STAT=0 -I/home/pei/Project/duckdb-polr/src/include -I/home/pei/Project/duckdb-polr/third_party/fsst -I/home/pei/Project/duckdb-polr/third_party/fmt/include -I/home/pei/Project/duckdb-polr/third_party/hyperloglog -I/home/pei/Project/duckdb-polr/third_party/fastpforlib -I/home/pei/Project/duckdb-polr/third_party/fast_float -I/home/pei/Project/duckdb-polr/third_party/re2 -I/home/pei/Project/duckdb-polr/third_party/miniz -I/home/pei/Project/duckdb-polr/third_party/utf8proc/include -I/home/pei/Project/duckdb-polr/third_party/miniparquet -I/home/pei/Project/duckdb-polr/third_party/concurrentqueue -I/home/pei/Project/duckdb-polr/third_party/pcg -I/home/pei/Project/duckdb-polr/third_party/tdigest -I/home/pei/Project/duckdb-polr/third_party/mbedtls/include -I/home/pei/Project/duckdb-polr/third_party/jaro_winkler -I/home/pei/Project/duckdb-polr/extension/parquet/include -I/home/pei/Project/duckdb-polr/extension/parquet/../../third_party/parquet -I/home/pei/Project/duckdb-polr/extension/parquet/../../third_party/snappy -I/home/pei/Project/duckdb-polr/extension/parquet/../../third_party/miniz -I/home/pei/Project/duckdb-polr/extension/parquet/../../third_party/thrift -I/home/pei/Project/duckdb-polr/extension/parquet/../../third_party/zstd/include -O3 -DNDEBUG -O3 -DNDEBUG   -fPIC -fdiagnostics-color=always -std=c++11 -MD -MT extension/parquet/CMakeFiles/parquet_extension.dir/__/__/third_party/thrift/thrift/protocol/TProtocol.cpp.o -MF extension/parquet/CMakeFiles/parquet_extension.dir/__/__/third_party/thrift/thrift/protocol/TProtocol.cpp.o.d -o extension/parquet/CMakeFiles/parquet_extension.dir/__/__/third_party/thrift/thrift/protocol/TProtocol.cpp.o -c /home/pei/Project/duckdb-polr/third_party/thrift/thrift/protocol/TProtocol.cpp
[140/376] /usr/bin/ccache /usr/lib/ccache/c++ -DDUCKDB_BUILD_LIBRARY -DENABLE_CROSS_PRODUCT_REWRITE=0 -DENABLE_DEBUG_PRINT=0 -DENABLE_MEASURE_EXE_TIME=0 -DENABLE_MERGE_BACK_PLAN=0 -DENABLE_PARALLEL_EXECUTION=0 -DENABLE_QUERY_SPLIT=0 -DENABLE_SPECIFY_EST_STAT=0 -I/home/pei/Project/duckdb-polr/src/include -I/home/pei/Project/duckdb-polr/third_party/fsst -I/home/pei/Project/duckdb-polr/third_party/fmt/include -I/home/pei/Project/duckdb-polr/third_party/hyperloglog -I/home/pei/Project/duckdb-polr/third_party/fastpforlib -I/home/pei/Project/duckdb-polr/third_party/fast_float -I/home/pei/Project/duckdb-polr/third_party/re2 -I/home/pei/Project/duckdb-polr/third_party/miniz -I/home/pei/Project/duckdb-polr/third_party/utf8proc/include -I/home/pei/Project/duckdb-polr/third_party/miniparquet -I/home/pei/Project/duckdb-polr/third_party/concurrentqueue -I/home/pei/Project/duckdb-polr/third_party/pcg -I/home/pei/Project/duckdb-polr/third_party/tdigest -I/home/pei/Project/duckdb-polr/third_party/mbedtls/include -I/home/pei/Project/duckdb-polr/third_party/jaro_winkler -I/home/pei/Project/duckdb-polr/extension/parquet/include -I/home/pei/Project/duckdb-polr/extension/parquet/../../third_party/parquet -I/home/pei/Project/duckdb-polr/extension/parquet/../../third_party/snappy -I/home/pei/Project/duckdb-polr/extension/parquet/../../third_party/miniz -I/home/pei/Project/duckdb-polr/extension/parquet/../../third_party/thrift -I/home/pei/Project/duckdb-polr/extension/parquet/../../third_party/zstd/include -O3 -DNDEBUG -O3 -DNDEBUG   -fPIC -fdiagnostics-color=always -std=c++11 -MD -MT extension/parquet/CMakeFiles/parquet_extension.dir/__/__/third_party/thrift/thrift/transport/TTransportException.cpp.o -MF extension/parquet/CMakeFiles/parquet_extension.dir/__/__/third_party/thrift/thrift/transport/TTransportException.cpp.o.d -o extension/parquet/CMakeFiles/parquet_extension.dir/__/__/third_party/thrift/thrift/transport/TTransportException.cpp.o -c /home/pei/Project/duckdb-polr/third_party/thrift/thrift/transport/TTransportException.cpp
[141/376] /usr/bin/ccache /usr/lib/ccache/c++ -DDUCKDB_BUILD_LIBRARY -DENABLE_CROSS_PRODUCT_REWRITE=0 -DENABLE_DEBUG_PRINT=0 -DENABLE_MEASURE_EXE_TIME=0 -DENABLE_MERGE_BACK_PLAN=0 -DENABLE_PARALLEL_EXECUTION=0 -DENABLE_QUERY_SPLIT=0 -DENABLE_SPECIFY_EST_STAT=0 -I/home/pei/Project/duckdb-polr/src/include -I/home/pei/Project/duckdb-polr/third_party/fsst -I/home/pei/Project/duckdb-polr/third_party/fmt/include -I/home/pei/Project/duckdb-polr/third_party/hyperloglog -I/home/pei/Project/duckdb-polr/third_party/fastpforlib -I/home/pei/Project/duckdb-polr/third_party/fast_float -I/home/pei/Project/duckdb-polr/third_party/re2 -I/home/pei/Project/duckdb-polr/third_party/miniz -I/home/pei/Project/duckdb-polr/third_party/utf8proc/include -I/home/pei/Project/duckdb-polr/third_party/miniparquet -I/home/pei/Project/duckdb-polr/third_party/concurrentqueue -I/home/pei/Project/duckdb-polr/third_party/pcg -I/home/pei/Project/duckdb-polr/third_party/tdigest -I/home/pei/Project/duckdb-polr/third_party/mbedtls/include -I/home/pei/Project/duckdb-polr/third_party/jaro_winkler -I/home/pei/Project/duckdb-polr/extension/parquet/include -I/home/pei/Project/duckdb-polr/extension/parquet/../../third_party/parquet -I/home/pei/Project/duckdb-polr/extension/parquet/../../third_party/snappy -I/home/pei/Project/duckdb-polr/extension/parquet/../../third_party/miniz -I/home/pei/Project/duckdb-polr/extension/parquet/../../third_party/thrift -I/home/pei/Project/duckdb-polr/extension/parquet/../../third_party/zstd/include -O3 -DNDEBUG -O3 -DNDEBUG   -fPIC -fdiagnostics-color=always -std=c++11 -MD -MT extension/parquet/CMakeFiles/parquet_extension.dir/column_reader.cpp.o -MF extension/parquet/CMakeFiles/parquet_extension.dir/column_reader.cpp.o.d -o extension/parquet/CMakeFiles/parquet_extension.dir/column_reader.cpp.o -c /home/pei/Project/duckdb-polr/extension/parquet/column_reader.cpp
[142/376] /usr/bin/ccache /usr/lib/ccache/c++ -DDUCKDB_BUILD_LIBRARY -DENABLE_CROSS_PRODUCT_REWRITE=0 -DENABLE_DEBUG_PRINT=0 -DENABLE_MEASURE_EXE_TIME=0 -DENABLE_MERGE_BACK_PLAN=0 -DENABLE_PARALLEL_EXECUTION=0 -DENABLE_QUERY_SPLIT=0 -DENABLE_SPECIFY_EST_STAT=0 -I/home/pei/Project/duckdb-polr/src/include -I/home/pei/Project/duckdb-polr/third_party/fsst -I/home/pei/Project/duckdb-polr/third_party/fmt/include -I/home/pei/Project/duckdb-polr/third_party/hyperloglog -I/home/pei/Project/duckdb-polr/third_party/fastpforlib -I/home/pei/Project/duckdb-polr/third_party/fast_float -I/home/pei/Project/duckdb-polr/third_party/re2 -I/home/pei/Project/duckdb-polr/third_party/miniz -I/home/pei/Project/duckdb-polr/third_party/utf8proc/include -I/home/pei/Project/duckdb-polr/third_party/miniparquet -I/home/pei/Project/duckdb-polr/third_party/concurrentqueue -I/home/pei/Project/duckdb-polr/third_party/pcg -I/home/pei/Project/duckdb-polr/third_party/tdigest -I/home/pei/Project/duckdb-polr/third_party/mbedtls/include -I/home/pei/Project/duckdb-polr/third_party/jaro_winkler -I/home/pei/Project/duckdb-polr/extension/parquet/include -I/home/pei/Project/duckdb-polr/extension/parquet/../../third_party/parquet -I/home/pei/Project/duckdb-polr/extension/parquet/../../third_party/snappy -I/home/pei/Project/duckdb-polr/extension/parquet/../../third_party/miniz -I/home/pei/Project/duckdb-polr/extension/parquet/../../third_party/thrift -I/home/pei/Project/duckdb-polr/extension/parquet/../../third_party/zstd/include -O3 -DNDEBUG -O3 -DNDEBUG   -fPIC -fdiagnostics-color=always -std=c++11 -MD -MT extension/parquet/CMakeFiles/parquet_extension.dir/__/__/third_party/snappy/snappy-sinksource.cc.o -MF extension/parquet/CMakeFiles/parquet_extension.dir/__/__/third_party/snappy/snappy-sinksource.cc.o.d -o extension/parquet/CMakeFiles/parquet_extension.dir/__/__/third_party/snappy/snappy-sinksource.cc.o -c /home/pei/Project/duckdb-polr/third_party/snappy/snappy-sinksource.cc
[143/376] /usr/bin/ccache /usr/lib/ccache/c++ -DDUCKDB_BUILD_LIBRARY -DENABLE_CROSS_PRODUCT_REWRITE=0 -DENABLE_DEBUG_PRINT=0 -DENABLE_MEASURE_EXE_TIME=0 -DENABLE_MERGE_BACK_PLAN=0 -DENABLE_PARALLEL_EXECUTION=0 -DENABLE_QUERY_SPLIT=0 -DENABLE_SPECIFY_EST_STAT=0 -I/home/pei/Project/duckdb-polr/src/include -I/home/pei/Project/duckdb-polr/third_party/fsst -I/home/pei/Project/duckdb-polr/third_party/fmt/include -I/home/pei/Project/duckdb-polr/third_party/hyperloglog -I/home/pei/Project/duckdb-polr/third_party/fastpforlib -I/home/pei/Project/duckdb-polr/third_party/fast_float -I/home/pei/Project/duckdb-polr/third_party/re2 -I/home/pei/Project/duckdb-polr/third_party/miniz -I/home/pei/Project/duckdb-polr/third_party/utf8proc/include -I/home/pei/Project/duckdb-polr/third_party/miniparquet -I/home/pei/Project/duckdb-polr/third_party/concurrentqueue -I/home/pei/Project/duckdb-polr/third_party/pcg -I/home/pei/Project/duckdb-polr/third_party/tdigest -I/home/pei/Project/duckdb-polr/third_party/mbedtls/include -I/home/pei/Project/duckdb-polr/third_party/jaro_winkler -I/home/pei/Project/duckdb-polr/extension/parquet/include -I/home/pei/Project/duckdb-polr/extension/parquet/../../third_party/parquet -I/home/pei/Project/duckdb-polr/extension/parquet/../../third_party/snappy -I/home/pei/Project/duckdb-polr/extension/parquet/../../third_party/miniz -I/home/pei/Project/duckdb-polr/extension/parquet/../../third_party/thrift -I/home/pei/Project/duckdb-polr/extension/parquet/../../third_party/zstd/include -O3 -DNDEBUG -O3 -DNDEBUG   -fPIC -fdiagnostics-color=always -std=c++11 -MD -MT extension/parquet/CMakeFiles/parquet_extension.dir/__/__/third_party/zstd/decompress/zstd_ddict.cpp.o -MF extension/parquet/CMakeFiles/parquet_extension.dir/__/__/third_party/zstd/decompress/zstd_ddict.cpp.o.d -o extension/parquet/CMakeFiles/parquet_extension.dir/__/__/third_party/zstd/decompress/zstd_ddict.cpp.o -c /home/pei/Project/duckdb-polr/third_party/zstd/decompress/zstd_ddict.cpp
[144/376] /usr/bin/ccache /usr/lib/ccache/c++ -DDUCKDB_BUILD_LIBRARY -DENABLE_CROSS_PRODUCT_REWRITE=0 -DENABLE_DEBUG_PRINT=0 -DENABLE_MEASURE_EXE_TIME=0 -DENABLE_MERGE_BACK_PLAN=0 -DENABLE_PARALLEL_EXECUTION=0 -DENABLE_QUERY_SPLIT=0 -DENABLE_SPECIFY_EST_STAT=0 -I/home/pei/Project/duckdb-polr/src/include -I/home/pei/Project/duckdb-polr/third_party/fsst -I/home/pei/Project/duckdb-polr/third_party/fmt/include -I/home/pei/Project/duckdb-polr/third_party/hyperloglog -I/home/pei/Project/duckdb-polr/third_party/fastpforlib -I/home/pei/Project/duckdb-polr/third_party/fast_float -I/home/pei/Project/duckdb-polr/third_party/re2 -I/home/pei/Project/duckdb-polr/third_party/miniz -I/home/pei/Project/duckdb-polr/third_party/utf8proc/include -I/home/pei/Project/duckdb-polr/third_party/miniparquet -I/home/pei/Project/duckdb-polr/third_party/concurrentqueue -I/home/pei/Project/duckdb-polr/third_party/pcg -I/home/pei/Project/duckdb-polr/third_party/tdigest -I/home/pei/Project/duckdb-polr/third_party/mbedtls/include -I/home/pei/Project/duckdb-polr/third_party/jaro_winkler -I/home/pei/Project/duckdb-polr/extension/parquet/include -I/home/pei/Project/duckdb-polr/extension/parquet/../../third_party/parquet -I/home/pei/Project/duckdb-polr/extension/parquet/../../third_party/snappy -I/home/pei/Project/duckdb-polr/extension/parquet/../../third_party/miniz -I/home/pei/Project/duckdb-polr/extension/parquet/../../third_party/thrift -I/home/pei/Project/duckdb-polr/extension/parquet/../../third_party/zstd/include -O3 -DNDEBUG -O3 -DNDEBUG   -fPIC -fdiagnostics-color=always -std=c++11 -MD -MT extension/parquet/CMakeFiles/parquet_extension.dir/__/__/third_party/thrift/thrift/transport/TBufferTransports.cpp.o -MF extension/parquet/CMakeFiles/parquet_extension.dir/__/__/third_party/thrift/thrift/transport/TBufferTransports.cpp.o.d -o extension/parquet/CMakeFiles/parquet_extension.dir/__/__/third_party/thrift/thrift/transport/TBufferTransports.cpp.o -c /home/pei/Project/duckdb-polr/third_party/thrift/thrift/transport/TBufferTransports.cpp
[145/376] /usr/bin/ccache /usr/lib/ccache/c++ -DDUCKDB_BUILD_LIBRARY -DENABLE_CROSS_PRODUCT_REWRITE=0 -DENABLE_DEBUG_PRINT=0 -DENABLE_MEASURE_EXE_TIME=0 -DENABLE_MERGE_BACK_PLAN=0 -DENABLE_PARALLEL_EXECUTION=0 -DENABLE_QUERY_SPLIT=0 -DENABLE_SPECIFY_EST_STAT=0 -I/home/pei/Project/duckdb-polr/src/include -I/home/pei/Project/duckdb-polr/third_party/fsst -I/home/pei/Project/duckdb-polr/third_party/fmt/include -I/home/pei/Project/duckdb-polr/third_party/hyperloglog -I/home/pei/Project/duckdb-polr/third_party/fastpforlib -I/home/pei/Project/duckdb-polr/third_party/fast_float -I/home/pei/Project/duckdb-polr/third_party/re2 -I/home/pei/Project/duckdb-polr/third_party/miniz -I/home/pei/Project/duckdb-polr/third_party/utf8proc/include -I/home/pei/Project/duckdb-polr/third_party/miniparquet -I/home/pei/Project/duckdb-polr/third_party/concurrentqueue -I/home/pei/Project/duckdb-polr/third_party/pcg -I/home/pei/Project/duckdb-polr/third_party/tdigest -I/home/pei/Project/duckdb-polr/third_party/mbedtls/include -I/home/pei/Project/duckdb-polr/third_party/jaro_winkler -I/home/pei/Project/duckdb-polr/extension/parquet/include -I/home/pei/Project/duckdb-polr/extension/parquet/../../third_party/parquet -I/home/pei/Project/duckdb-polr/extension/parquet/../../third_party/snappy -I/home/pei/Project/duckdb-polr/extension/parquet/../../third_party/miniz -I/home/pei/Project/duckdb-polr/extension/parquet/../../third_party/thrift -I/home/pei/Project/duckdb-polr/extension/parquet/../../third_party/zstd/include -O3 -DNDEBUG -O3 -DNDEBUG   -fPIC -fdiagnostics-color=always -std=c++11 -MD -MT extension/parquet/CMakeFiles/parquet_extension.dir/__/__/third_party/snappy/snappy.cc.o -MF extension/parquet/CMakeFiles/parquet_extension.dir/__/__/third_party/snappy/snappy.cc.o.d -o extension/parquet/CMakeFiles/parquet_extension.dir/__/__/third_party/snappy/snappy.cc.o -c /home/pei/Project/duckdb-polr/third_party/snappy/snappy.cc
[146/376] /usr/bin/ccache /usr/lib/ccache/c++ -DDUCKDB_BUILD_LIBRARY -DENABLE_CROSS_PRODUCT_REWRITE=0 -DENABLE_DEBUG_PRINT=0 -DENABLE_MEASURE_EXE_TIME=0 -DENABLE_MERGE_BACK_PLAN=0 -DENABLE_PARALLEL_EXECUTION=0 -DENABLE_QUERY_SPLIT=0 -DENABLE_SPECIFY_EST_STAT=0 -I/home/pei/Project/duckdb-polr/src/include -I/home/pei/Project/duckdb-polr/third_party/fsst -I/home/pei/Project/duckdb-polr/third_party/fmt/include -I/home/pei/Project/duckdb-polr/third_party/hyperloglog -I/home/pei/Project/duckdb-polr/third_party/fastpforlib -I/home/pei/Project/duckdb-polr/third_party/fast_float -I/home/pei/Project/duckdb-polr/third_party/re2 -I/home/pei/Project/duckdb-polr/third_party/miniz -I/home/pei/Project/duckdb-polr/third_party/utf8proc/include -I/home/pei/Project/duckdb-polr/third_party/miniparquet -I/home/pei/Project/duckdb-polr/third_party/concurrentqueue -I/home/pei/Project/duckdb-polr/third_party/pcg -I/home/pei/Project/duckdb-polr/third_party/tdigest -I/home/pei/Project/duckdb-polr/third_party/mbedtls/include -I/home/pei/Project/duckdb-polr/third_party/jaro_winkler -I/home/pei/Project/duckdb-polr/extension/parquet/include -I/home/pei/Project/duckdb-polr/extension/parquet/../../third_party/parquet -I/home/pei/Project/duckdb-polr/extension/parquet/../../third_party/snappy -I/home/pei/Project/duckdb-polr/extension/parquet/../../third_party/miniz -I/home/pei/Project/duckdb-polr/extension/parquet/../../third_party/thrift -I/home/pei/Project/duckdb-polr/extension/parquet/../../third_party/zstd/include -O3 -DNDEBUG -O3 -DNDEBUG   -fPIC -fdiagnostics-color=always -std=c++11 -MD -MT extension/parquet/CMakeFiles/parquet_extension.dir/__/__/third_party/zstd/decompress/huf_decompress.cpp.o -MF extension/parquet/CMakeFiles/parquet_extension.dir/__/__/third_party/zstd/decompress/huf_decompress.cpp.o.d -o extension/parquet/CMakeFiles/parquet_extension.dir/__/__/third_party/zstd/decompress/huf_decompress.cpp.o -c /home/pei/Project/duckdb-polr/third_party/zstd/decompress/huf_decompress.cpp
[147/376] /usr/bin/ccache /usr/lib/ccache/c++ -DDUCKDB_BUILD_LIBRARY -DENABLE_CROSS_PRODUCT_REWRITE=0 -DENABLE_DEBUG_PRINT=0 -DENABLE_MEASURE_EXE_TIME=0 -DENABLE_MERGE_BACK_PLAN=0 -DENABLE_PARALLEL_EXECUTION=0 -DENABLE_QUERY_SPLIT=0 -DENABLE_SPECIFY_EST_STAT=0 -I/home/pei/Project/duckdb-polr/src/include -I/home/pei/Project/duckdb-polr/third_party/fsst -I/home/pei/Project/duckdb-polr/third_party/fmt/include -I/home/pei/Project/duckdb-polr/third_party/hyperloglog -I/home/pei/Project/duckdb-polr/third_party/fastpforlib -I/home/pei/Project/duckdb-polr/third_party/fast_float -I/home/pei/Project/duckdb-polr/third_party/re2 -I/home/pei/Project/duckdb-polr/third_party/miniz -I/home/pei/Project/duckdb-polr/third_party/utf8proc/include -I/home/pei/Project/duckdb-polr/third_party/miniparquet -I/home/pei/Project/duckdb-polr/third_party/concurrentqueue -I/home/pei/Project/duckdb-polr/third_party/pcg -I/home/pei/Project/duckdb-polr/third_party/tdigest -I/home/pei/Project/duckdb-polr/third_party/mbedtls/include -I/home/pei/Project/duckdb-polr/third_party/jaro_winkler -I/home/pei/Project/duckdb-polr/extension/parquet/include -I/home/pei/Project/duckdb-polr/extension/parquet/../../third_party/parquet -I/home/pei/Project/duckdb-polr/extension/parquet/../../third_party/snappy -I/home/pei/Project/duckdb-polr/extension/parquet/../../third_party/miniz -I/home/pei/Project/duckdb-polr/extension/parquet/../../third_party/thrift -I/home/pei/Project/duckdb-polr/extension/parquet/../../third_party/zstd/include -O3 -DNDEBUG -O3 -DNDEBUG   -fPIC -fdiagnostics-color=always -std=c++11 -MD -MT extension/parquet/CMakeFiles/parquet_extension.dir/__/__/third_party/parquet/parquet_types.cpp.o -MF extension/parquet/CMakeFiles/parquet_extension.dir/__/__/third_party/parquet/parquet_types.cpp.o.d -o extension/parquet/CMakeFiles/parquet_extension.dir/__/__/third_party/parquet/parquet_types.cpp.o -c /home/pei/Project/duckdb-polr/third_party/parquet/parquet_types.cpp
[148/376] /usr/bin/ccache /usr/lib/ccache/c++ -DDUCKDB_BUILD_LIBRARY -DENABLE_CROSS_PRODUCT_REWRITE=0 -DENABLE_DEBUG_PRINT=0 -DENABLE_MEASURE_EXE_TIME=0 -DENABLE_MERGE_BACK_PLAN=0 -DENABLE_PARALLEL_EXECUTION=0 -DENABLE_QUERY_SPLIT=0 -DENABLE_SPECIFY_EST_STAT=0 -I/home/pei/Project/duckdb-polr/src/include -I/home/pei/Project/duckdb-polr/third_party/fsst -I/home/pei/Project/duckdb-polr/third_party/fmt/include -I/home/pei/Project/duckdb-polr/third_party/hyperloglog -I/home/pei/Project/duckdb-polr/third_party/fastpforlib -I/home/pei/Project/duckdb-polr/third_party/fast_float -I/home/pei/Project/duckdb-polr/third_party/re2 -I/home/pei/Project/duckdb-polr/third_party/miniz -I/home/pei/Project/duckdb-polr/third_party/utf8proc/include -I/home/pei/Project/duckdb-polr/third_party/miniparquet -I/home/pei/Project/duckdb-polr/third_party/concurrentqueue -I/home/pei/Project/duckdb-polr/third_party/pcg -I/home/pei/Project/duckdb-polr/third_party/tdigest -I/home/pei/Project/duckdb-polr/third_party/mbedtls/include -I/home/pei/Project/duckdb-polr/third_party/jaro_winkler -I/home/pei/Project/duckdb-polr/extension/parquet/include -I/home/pei/Project/duckdb-polr/extension/parquet/../../third_party/parquet -I/home/pei/Project/duckdb-polr/extension/parquet/../../third_party/snappy -I/home/pei/Project/duckdb-polr/extension/parquet/../../third_party/miniz -I/home/pei/Project/duckdb-polr/extension/parquet/../../third_party/thrift -I/home/pei/Project/duckdb-polr/extension/parquet/../../third_party/zstd/include -O3 -DNDEBUG -O3 -DNDEBUG   -fPIC -fdiagnostics-color=always -std=c++11 -MD -MT extension/parquet/CMakeFiles/parquet_extension.dir/__/__/third_party/zstd/decompress/zstd_decompress.cpp.o -MF extension/parquet/CMakeFiles/parquet_extension.dir/__/__/third_party/zstd/decompress/zstd_decompress.cpp.o.d -o extension/parquet/CMakeFiles/parquet_extension.dir/__/__/third_party/zstd/decompress/zstd_decompress.cpp.o -c /home/pei/Project/duckdb-polr/third_party/zstd/decompress/zstd_decompress.cpp
[149/376] /usr/bin/ccache /usr/lib/ccache/c++ -DDUCKDB_BUILD_LIBRARY -DENABLE_CROSS_PRODUCT_REWRITE=0 -DENABLE_DEBUG_PRINT=0 -DENABLE_MEASURE_EXE_TIME=0 -DENABLE_MERGE_BACK_PLAN=0 -DENABLE_PARALLEL_EXECUTION=0 -DENABLE_QUERY_SPLIT=0 -DENABLE_SPECIFY_EST_STAT=0 -I/home/pei/Project/duckdb-polr/src/include -I/home/pei/Project/duckdb-polr/third_party/fsst -I/home/pei/Project/duckdb-polr/third_party/fmt/include -I/home/pei/Project/duckdb-polr/third_party/hyperloglog -I/home/pei/Project/duckdb-polr/third_party/fastpforlib -I/home/pei/Project/duckdb-polr/third_party/fast_float -I/home/pei/Project/duckdb-polr/third_party/re2 -I/home/pei/Project/duckdb-polr/third_party/miniz -I/home/pei/Project/duckdb-polr/third_party/utf8proc/include -I/home/pei/Project/duckdb-polr/third_party/miniparquet -I/home/pei/Project/duckdb-polr/third_party/concurrentqueue -I/home/pei/Project/duckdb-polr/third_party/pcg -I/home/pei/Project/duckdb-polr/third_party/tdigest -I/home/pei/Project/duckdb-polr/third_party/mbedtls/include -I/home/pei/Project/duckdb-polr/third_party/jaro_winkler -I/home/pei/Project/duckdb-polr/extension/parquet/include -I/home/pei/Project/duckdb-polr/extension/parquet/../../third_party/parquet -I/home/pei/Project/duckdb-polr/extension/parquet/../../third_party/snappy -I/home/pei/Project/duckdb-polr/extension/parquet/../../third_party/miniz -I/home/pei/Project/duckdb-polr/extension/parquet/../../third_party/thrift -I/home/pei/Project/duckdb-polr/extension/parquet/../../third_party/zstd/include -O3 -DNDEBUG -O3 -DNDEBUG   -fPIC -fdiagnostics-color=always -std=c++11 -MD -MT extension/parquet/CMakeFiles/parquet_extension.dir/__/__/third_party/zstd/decompress/zstd_decompress_block.cpp.o -MF extension/parquet/CMakeFiles/parquet_extension.dir/__/__/third_party/zstd/decompress/zstd_decompress_block.cpp.o.d -o extension/parquet/CMakeFiles/parquet_extension.dir/__/__/third_party/zstd/decompress/zstd_decompress_block.cpp.o -c /home/pei/Project/duckdb-polr/third_party/zstd/decompress/zstd_decompress_block.cpp
[150/376] /usr/bin/ccache /usr/lib/ccache/c++ -DDUCKDB_BUILD_LIBRARY -DENABLE_CROSS_PRODUCT_REWRITE=0 -DENABLE_DEBUG_PRINT=0 -DENABLE_MEASURE_EXE_TIME=0 -DENABLE_MERGE_BACK_PLAN=0 -DENABLE_PARALLEL_EXECUTION=0 -DENABLE_QUERY_SPLIT=0 -DENABLE_SPECIFY_EST_STAT=0 -I/home/pei/Project/duckdb-polr/src/include -I/home/pei/Project/duckdb-polr/third_party/fsst -I/home/pei/Project/duckdb-polr/third_party/fmt/include -I/home/pei/Project/duckdb-polr/third_party/hyperloglog -I/home/pei/Project/duckdb-polr/third_party/fastpforlib -I/home/pei/Project/duckdb-polr/third_party/fast_float -I/home/pei/Project/duckdb-polr/third_party/re2 -I/home/pei/Project/duckdb-polr/third_party/miniz -I/home/pei/Project/duckdb-polr/third_party/utf8proc/include -I/home/pei/Project/duckdb-polr/third_party/miniparquet -I/home/pei/Project/duckdb-polr/third_party/concurrentqueue -I/home/pei/Project/duckdb-polr/third_party/pcg -I/home/pei/Project/duckdb-polr/third_party/tdigest -I/home/pei/Project/duckdb-polr/third_party/mbedtls/include -I/home/pei/Project/duckdb-polr/third_party/jaro_winkler -I/home/pei/Project/duckdb-polr/extension/parquet/include -I/home/pei/Project/duckdb-polr/extension/parquet/../../third_party/parquet -I/home/pei/Project/duckdb-polr/extension/parquet/../../third_party/snappy -I/home/pei/Project/duckdb-polr/extension/parquet/../../third_party/miniz -I/home/pei/Project/duckdb-polr/extension/parquet/../../third_party/thrift -I/home/pei/Project/duckdb-polr/extension/parquet/../../third_party/zstd/include -O3 -DNDEBUG -O3 -DNDEBUG   -fPIC -fdiagnostics-color=always -std=c++11 -MD -MT extension/parquet/CMakeFiles/parquet_extension.dir/__/__/third_party/zstd/common/entropy_common.cpp.o -MF extension/parquet/CMakeFiles/parquet_extension.dir/__/__/third_party/zstd/common/entropy_common.cpp.o.d -o extension/parquet/CMakeFiles/parquet_extension.dir/__/__/third_party/zstd/common/entropy_common.cpp.o -c /home/pei/Project/duckdb-polr/third_party/zstd/common/entropy_common.cpp
[151/376] /usr/bin/ccache /usr/lib/ccache/c++ -DDUCKDB_BUILD_LIBRARY -DENABLE_CROSS_PRODUCT_REWRITE=0 -DENABLE_DEBUG_PRINT=0 -DENABLE_MEASURE_EXE_TIME=0 -DENABLE_MERGE_BACK_PLAN=0 -DENABLE_PARALLEL_EXECUTION=0 -DENABLE_QUERY_SPLIT=0 -DENABLE_SPECIFY_EST_STAT=0 -I/home/pei/Project/duckdb-polr/src/include -I/home/pei/Project/duckdb-polr/third_party/fsst -I/home/pei/Project/duckdb-polr/third_party/fmt/include -I/home/pei/Project/duckdb-polr/third_party/hyperloglog -I/home/pei/Project/duckdb-polr/third_party/fastpforlib -I/home/pei/Project/duckdb-polr/third_party/fast_float -I/home/pei/Project/duckdb-polr/third_party/re2 -I/home/pei/Project/duckdb-polr/third_party/miniz -I/home/pei/Project/duckdb-polr/third_party/utf8proc/include -I/home/pei/Project/duckdb-polr/third_party/miniparquet -I/home/pei/Project/duckdb-polr/third_party/concurrentqueue -I/home/pei/Project/duckdb-polr/third_party/pcg -I/home/pei/Project/duckdb-polr/third_party/tdigest -I/home/pei/Project/duckdb-polr/third_party/mbedtls/include -I/home/pei/Project/duckdb-polr/third_party/jaro_winkler -I/home/pei/Project/duckdb-polr/extension/parquet/include -I/home/pei/Project/duckdb-polr/extension/parquet/../../third_party/parquet -I/home/pei/Project/duckdb-polr/extension/parquet/../../third_party/snappy -I/home/pei/Project/duckdb-polr/extension/parquet/../../third_party/miniz -I/home/pei/Project/duckdb-polr/extension/parquet/../../third_party/thrift -I/home/pei/Project/duckdb-polr/extension/parquet/../../third_party/zstd/include -O3 -DNDEBUG -O3 -DNDEBUG   -fPIC -fdiagnostics-color=always -std=c++11 -MD -MT extension/parquet/CMakeFiles/parquet_extension.dir/__/__/third_party/zstd/common/fse_decompress.cpp.o -MF extension/parquet/CMakeFiles/parquet_extension.dir/__/__/third_party/zstd/common/fse_decompress.cpp.o.d -o extension/parquet/CMakeFiles/parquet_extension.dir/__/__/third_party/zstd/common/fse_decompress.cpp.o -c /home/pei/Project/duckdb-polr/third_party/zstd/common/fse_decompress.cpp
[152/376] /usr/bin/ccache /usr/lib/ccache/c++ -DDUCKDB_BUILD_LIBRARY -DENABLE_CROSS_PRODUCT_REWRITE=0 -DENABLE_DEBUG_PRINT=0 -DENABLE_MEASURE_EXE_TIME=0 -DENABLE_MERGE_BACK_PLAN=0 -DENABLE_PARALLEL_EXECUTION=0 -DENABLE_QUERY_SPLIT=0 -DENABLE_SPECIFY_EST_STAT=0 -I/home/pei/Project/duckdb-polr/src/include -I/home/pei/Project/duckdb-polr/third_party/fsst -I/home/pei/Project/duckdb-polr/third_party/fmt/include -I/home/pei/Project/duckdb-polr/third_party/hyperloglog -I/home/pei/Project/duckdb-polr/third_party/fastpforlib -I/home/pei/Project/duckdb-polr/third_party/fast_float -I/home/pei/Project/duckdb-polr/third_party/re2 -I/home/pei/Project/duckdb-polr/third_party/miniz -I/home/pei/Project/duckdb-polr/third_party/utf8proc/include -I/home/pei/Project/duckdb-polr/third_party/miniparquet -I/home/pei/Project/duckdb-polr/third_party/concurrentqueue -I/home/pei/Project/duckdb-polr/third_party/pcg -I/home/pei/Project/duckdb-polr/third_party/tdigest -I/home/pei/Project/duckdb-polr/third_party/mbedtls/include -I/home/pei/Project/duckdb-polr/third_party/jaro_winkler -I/home/pei/Project/duckdb-polr/extension/parquet/include -I/home/pei/Project/duckdb-polr/extension/parquet/../../third_party/parquet -I/home/pei/Project/duckdb-polr/extension/parquet/../../third_party/snappy -I/home/pei/Project/duckdb-polr/extension/parquet/../../third_party/miniz -I/home/pei/Project/duckdb-polr/extension/parquet/../../third_party/thrift -I/home/pei/Project/duckdb-polr/extension/parquet/../../third_party/zstd/include -O3 -DNDEBUG -O3 -DNDEBUG   -fPIC -fdiagnostics-color=always -std=c++11 -MD -MT extension/parquet/CMakeFiles/parquet_extension.dir/__/__/third_party/zstd/common/zstd_common.cpp.o -MF extension/parquet/CMakeFiles/parquet_extension.dir/__/__/third_party/zstd/common/zstd_common.cpp.o.d -o extension/parquet/CMakeFiles/parquet_extension.dir/__/__/third_party/zstd/common/zstd_common.cpp.o -c /home/pei/Project/duckdb-polr/third_party/zstd/common/zstd_common.cpp
[153/376] /usr/bin/ccache /usr/lib/ccache/c++ -DDUCKDB_BUILD_LIBRARY -DENABLE_CROSS_PRODUCT_REWRITE=0 -DENABLE_DEBUG_PRINT=0 -DENABLE_MEASURE_EXE_TIME=0 -DENABLE_MERGE_BACK_PLAN=0 -DENABLE_PARALLEL_EXECUTION=0 -DENABLE_QUERY_SPLIT=0 -DENABLE_SPECIFY_EST_STAT=0 -I/home/pei/Project/duckdb-polr/src/include -I/home/pei/Project/duckdb-polr/third_party/fsst -I/home/pei/Project/duckdb-polr/third_party/fmt/include -I/home/pei/Project/duckdb-polr/third_party/hyperloglog -I/home/pei/Project/duckdb-polr/third_party/fastpforlib -I/home/pei/Project/duckdb-polr/third_party/fast_float -I/home/pei/Project/duckdb-polr/third_party/re2 -I/home/pei/Project/duckdb-polr/third_party/miniz -I/home/pei/Project/duckdb-polr/third_party/utf8proc/include -I/home/pei/Project/duckdb-polr/third_party/miniparquet -I/home/pei/Project/duckdb-polr/third_party/concurrentqueue -I/home/pei/Project/duckdb-polr/third_party/pcg -I/home/pei/Project/duckdb-polr/third_party/tdigest -I/home/pei/Project/duckdb-polr/third_party/mbedtls/include -I/home/pei/Project/duckdb-polr/third_party/jaro_winkler -I/home/pei/Project/duckdb-polr/extension/parquet/include -I/home/pei/Project/duckdb-polr/extension/parquet/../../third_party/parquet -I/home/pei/Project/duckdb-polr/extension/parquet/../../third_party/snappy -I/home/pei/Project/duckdb-polr/extension/parquet/../../third_party/miniz -I/home/pei/Project/duckdb-polr/extension/parquet/../../third_party/thrift -I/home/pei/Project/duckdb-polr/extension/parquet/../../third_party/zstd/include -O3 -DNDEBUG -O3 -DNDEBUG   -fPIC -fdiagnostics-color=always -std=c++11 -MD -MT extension/parquet/CMakeFiles/parquet_extension.dir/__/__/third_party/zstd/common/error_private.cpp.o -MF extension/parquet/CMakeFiles/parquet_extension.dir/__/__/third_party/zstd/common/error_private.cpp.o.d -o extension/parquet/CMakeFiles/parquet_extension.dir/__/__/third_party/zstd/common/error_private.cpp.o -c /home/pei/Project/duckdb-polr/third_party/zstd/common/error_private.cpp
[154/376] /usr/bin/ccache /usr/lib/ccache/c++ -DDUCKDB_BUILD_LIBRARY -DENABLE_CROSS_PRODUCT_REWRITE=0 -DENABLE_DEBUG_PRINT=0 -DENABLE_MEASURE_EXE_TIME=0 -DENABLE_MERGE_BACK_PLAN=0 -DENABLE_PARALLEL_EXECUTION=0 -DENABLE_QUERY_SPLIT=0 -DENABLE_SPECIFY_EST_STAT=0 -I/home/pei/Project/duckdb-polr/src/include -I/home/pei/Project/duckdb-polr/third_party/fsst -I/home/pei/Project/duckdb-polr/third_party/fmt/include -I/home/pei/Project/duckdb-polr/third_party/hyperloglog -I/home/pei/Project/duckdb-polr/third_party/fastpforlib -I/home/pei/Project/duckdb-polr/third_party/fast_float -I/home/pei/Project/duckdb-polr/third_party/re2 -I/home/pei/Project/duckdb-polr/third_party/miniz -I/home/pei/Project/duckdb-polr/third_party/utf8proc/include -I/home/pei/Project/duckdb-polr/third_party/miniparquet -I/home/pei/Project/duckdb-polr/third_party/concurrentqueue -I/home/pei/Project/duckdb-polr/third_party/pcg -I/home/pei/Project/duckdb-polr/third_party/tdigest -I/home/pei/Project/duckdb-polr/third_party/mbedtls/include -I/home/pei/Project/duckdb-polr/third_party/jaro_winkler -I/home/pei/Project/duckdb-polr/extension/parquet/include -I/home/pei/Project/duckdb-polr/extension/parquet/../../third_party/parquet -I/home/pei/Project/duckdb-polr/extension/parquet/../../third_party/snappy -I/home/pei/Project/duckdb-polr/extension/parquet/../../third_party/miniz -I/home/pei/Project/duckdb-polr/extension/parquet/../../third_party/thrift -I/home/pei/Project/duckdb-polr/extension/parquet/../../third_party/zstd/include -O3 -DNDEBUG -O3 -DNDEBUG   -fPIC -fdiagnostics-color=always -std=c++11 -MD -MT extension/parquet/CMakeFiles/parquet_extension.dir/__/__/third_party/zstd/common/xxhash.cpp.o -MF extension/parquet/CMakeFiles/parquet_extension.dir/__/__/third_party/zstd/common/xxhash.cpp.o.d -o extension/parquet/CMakeFiles/parquet_extension.dir/__/__/third_party/zstd/common/xxhash.cpp.o -c /home/pei/Project/duckdb-polr/third_party/zstd/common/xxhash.cpp
[155/376] /usr/bin/ccache /usr/lib/ccache/c++ -DDUCKDB_BUILD_LIBRARY -DENABLE_CROSS_PRODUCT_REWRITE=0 -DENABLE_DEBUG_PRINT=0 -DENABLE_MEASURE_EXE_TIME=0 -DENABLE_MERGE_BACK_PLAN=0 -DENABLE_PARALLEL_EXECUTION=0 -DENABLE_QUERY_SPLIT=0 -DENABLE_SPECIFY_EST_STAT=0 -I/home/pei/Project/duckdb-polr/src/include -I/home/pei/Project/duckdb-polr/third_party/fsst -I/home/pei/Project/duckdb-polr/third_party/fmt/include -I/home/pei/Project/duckdb-polr/third_party/hyperloglog -I/home/pei/Project/duckdb-polr/third_party/fastpforlib -I/home/pei/Project/duckdb-polr/third_party/fast_float -I/home/pei/Project/duckdb-polr/third_party/re2 -I/home/pei/Project/duckdb-polr/third_party/miniz -I/home/pei/Project/duckdb-polr/third_party/utf8proc/include -I/home/pei/Project/duckdb-polr/third_party/miniparquet -I/home/pei/Project/duckdb-polr/third_party/concurrentqueue -I/home/pei/Project/duckdb-polr/third_party/pcg -I/home/pei/Project/duckdb-polr/third_party/tdigest -I/home/pei/Project/duckdb-polr/third_party/mbedtls/include -I/home/pei/Project/duckdb-polr/third_party/jaro_winkler -I/home/pei/Project/duckdb-polr/extension/parquet/include -I/home/pei/Project/duckdb-polr/extension/parquet/../../third_party/parquet -I/home/pei/Project/duckdb-polr/extension/parquet/../../third_party/snappy -I/home/pei/Project/duckdb-polr/extension/parquet/../../third_party/miniz -I/home/pei/Project/duckdb-polr/extension/parquet/../../third_party/thrift -I/home/pei/Project/duckdb-polr/extension/parquet/../../third_party/zstd/include -O3 -DNDEBUG -O3 -DNDEBUG   -fPIC -fdiagnostics-color=always -std=c++11 -MD -MT extension/parquet/CMakeFiles/parquet_extension.dir/__/__/third_party/zstd/compress/fse_compress.cpp.o -MF extension/parquet/CMakeFiles/parquet_extension.dir/__/__/third_party/zstd/compress/fse_compress.cpp.o.d -o extension/parquet/CMakeFiles/parquet_extension.dir/__/__/third_party/zstd/compress/fse_compress.cpp.o -c /home/pei/Project/duckdb-polr/third_party/zstd/compress/fse_compress.cpp
[156/376] /usr/bin/ccache /usr/lib/ccache/c++ -DDUCKDB_BUILD_LIBRARY -DENABLE_CROSS_PRODUCT_REWRITE=0 -DENABLE_DEBUG_PRINT=0 -DENABLE_MEASURE_EXE_TIME=0 -DENABLE_MERGE_BACK_PLAN=0 -DENABLE_PARALLEL_EXECUTION=0 -DENABLE_QUERY_SPLIT=0 -DENABLE_SPECIFY_EST_STAT=0 -I/home/pei/Project/duckdb-polr/src/include -I/home/pei/Project/duckdb-polr/third_party/fsst -I/home/pei/Project/duckdb-polr/third_party/fmt/include -I/home/pei/Project/duckdb-polr/third_party/hyperloglog -I/home/pei/Project/duckdb-polr/third_party/fastpforlib -I/home/pei/Project/duckdb-polr/third_party/fast_float -I/home/pei/Project/duckdb-polr/third_party/re2 -I/home/pei/Project/duckdb-polr/third_party/miniz -I/home/pei/Project/duckdb-polr/third_party/utf8proc/include -I/home/pei/Project/duckdb-polr/third_party/miniparquet -I/home/pei/Project/duckdb-polr/third_party/concurrentqueue -I/home/pei/Project/duckdb-polr/third_party/pcg -I/home/pei/Project/duckdb-polr/third_party/tdigest -I/home/pei/Project/duckdb-polr/third_party/mbedtls/include -I/home/pei/Project/duckdb-polr/third_party/jaro_winkler -I/home/pei/Project/duckdb-polr/extension/parquet/include -I/home/pei/Project/duckdb-polr/extension/parquet/../../third_party/parquet -I/home/pei/Project/duckdb-polr/extension/parquet/../../third_party/snappy -I/home/pei/Project/duckdb-polr/extension/parquet/../../third_party/miniz -I/home/pei/Project/duckdb-polr/extension/parquet/../../third_party/thrift -I/home/pei/Project/duckdb-polr/extension/parquet/../../third_party/zstd/include -O3 -DNDEBUG -O3 -DNDEBUG   -fPIC -fdiagnostics-color=always -std=c++11 -MD -MT extension/parquet/CMakeFiles/parquet_extension.dir/__/__/third_party/zstd/compress/hist.cpp.o -MF extension/parquet/CMakeFiles/parquet_extension.dir/__/__/third_party/zstd/compress/hist.cpp.o.d -o extension/parquet/CMakeFiles/parquet_extension.dir/__/__/third_party/zstd/compress/hist.cpp.o -c /home/pei/Project/duckdb-polr/third_party/zstd/compress/hist.cpp
[157/376] /usr/bin/ccache /usr/lib/ccache/c++ -DDUCKDB_BUILD_LIBRARY -DENABLE_CROSS_PRODUCT_REWRITE=0 -DENABLE_DEBUG_PRINT=0 -DENABLE_MEASURE_EXE_TIME=0 -DENABLE_MERGE_BACK_PLAN=0 -DENABLE_PARALLEL_EXECUTION=0 -DENABLE_QUERY_SPLIT=0 -DENABLE_SPECIFY_EST_STAT=0 -I/home/pei/Project/duckdb-polr/src/include -I/home/pei/Project/duckdb-polr/third_party/fsst -I/home/pei/Project/duckdb-polr/third_party/fmt/include -I/home/pei/Project/duckdb-polr/third_party/hyperloglog -I/home/pei/Project/duckdb-polr/third_party/fastpforlib -I/home/pei/Project/duckdb-polr/third_party/fast_float -I/home/pei/Project/duckdb-polr/third_party/re2 -I/home/pei/Project/duckdb-polr/third_party/miniz -I/home/pei/Project/duckdb-polr/third_party/utf8proc/include -I/home/pei/Project/duckdb-polr/third_party/miniparquet -I/home/pei/Project/duckdb-polr/third_party/concurrentqueue -I/home/pei/Project/duckdb-polr/third_party/pcg -I/home/pei/Project/duckdb-polr/third_party/tdigest -I/home/pei/Project/duckdb-polr/third_party/mbedtls/include -I/home/pei/Project/duckdb-polr/third_party/jaro_winkler -I/home/pei/Project/duckdb-polr/extension/parquet/include -I/home/pei/Project/duckdb-polr/extension/parquet/../../third_party/parquet -I/home/pei/Project/duckdb-polr/extension/parquet/../../third_party/snappy -I/home/pei/Project/duckdb-polr/extension/parquet/../../third_party/miniz -I/home/pei/Project/duckdb-polr/extension/parquet/../../third_party/thrift -I/home/pei/Project/duckdb-polr/extension/parquet/../../third_party/zstd/include -O3 -DNDEBUG -O3 -DNDEBUG   -fPIC -fdiagnostics-color=always -std=c++11 -MD -MT extension/parquet/CMakeFiles/parquet_extension.dir/__/__/third_party/zstd/compress/huf_compress.cpp.o -MF extension/parquet/CMakeFiles/parquet_extension.dir/__/__/third_party/zstd/compress/huf_compress.cpp.o.d -o extension/parquet/CMakeFiles/parquet_extension.dir/__/__/third_party/zstd/compress/huf_compress.cpp.o -c /home/pei/Project/duckdb-polr/third_party/zstd/compress/huf_compress.cpp
[158/376] /usr/bin/ccache /usr/lib/ccache/c++ -DDUCKDB_BUILD_LIBRARY -DENABLE_CROSS_PRODUCT_REWRITE=0 -DENABLE_DEBUG_PRINT=0 -DENABLE_MEASURE_EXE_TIME=0 -DENABLE_MERGE_BACK_PLAN=0 -DENABLE_PARALLEL_EXECUTION=0 -DENABLE_QUERY_SPLIT=0 -DENABLE_SPECIFY_EST_STAT=0 -I/home/pei/Project/duckdb-polr/src/include -I/home/pei/Project/duckdb-polr/third_party/fsst -I/home/pei/Project/duckdb-polr/third_party/fmt/include -I/home/pei/Project/duckdb-polr/third_party/hyperloglog -I/home/pei/Project/duckdb-polr/third_party/fastpforlib -I/home/pei/Project/duckdb-polr/third_party/fast_float -I/home/pei/Project/duckdb-polr/third_party/re2 -I/home/pei/Project/duckdb-polr/third_party/miniz -I/home/pei/Project/duckdb-polr/third_party/utf8proc/include -I/home/pei/Project/duckdb-polr/third_party/miniparquet -I/home/pei/Project/duckdb-polr/third_party/concurrentqueue -I/home/pei/Project/duckdb-polr/third_party/pcg -I/home/pei/Project/duckdb-polr/third_party/tdigest -I/home/pei/Project/duckdb-polr/third_party/mbedtls/include -I/home/pei/Project/duckdb-polr/third_party/jaro_winkler -I/home/pei/Project/duckdb-polr/extension/parquet/include -I/home/pei/Project/duckdb-polr/extension/parquet/../../third_party/parquet -I/home/pei/Project/duckdb-polr/extension/parquet/../../third_party/snappy -I/home/pei/Project/duckdb-polr/extension/parquet/../../third_party/miniz -I/home/pei/Project/duckdb-polr/extension/parquet/../../third_party/thrift -I/home/pei/Project/duckdb-polr/extension/parquet/../../third_party/zstd/include -O3 -DNDEBUG -O3 -DNDEBUG   -fPIC -fdiagnostics-color=always -std=c++11 -MD -MT extension/parquet/CMakeFiles/parquet_extension.dir/__/__/third_party/zstd/compress/zstd_compress_literals.cpp.o -MF extension/parquet/CMakeFiles/parquet_extension.dir/__/__/third_party/zstd/compress/zstd_compress_literals.cpp.o.d -o extension/parquet/CMakeFiles/parquet_extension.dir/__/__/third_party/zstd/compress/zstd_compress_literals.cpp.o -c /home/pei/Project/duckdb-polr/third_party/zstd/compress/zstd_compress_literals.cpp
[159/376] /usr/bin/ccache /usr/lib/ccache/c++ -DDUCKDB_BUILD_LIBRARY -DENABLE_CROSS_PRODUCT_REWRITE=0 -DENABLE_DEBUG_PRINT=0 -DENABLE_MEASURE_EXE_TIME=0 -DENABLE_MERGE_BACK_PLAN=0 -DENABLE_PARALLEL_EXECUTION=0 -DENABLE_QUERY_SPLIT=0 -DENABLE_SPECIFY_EST_STAT=0 -I/home/pei/Project/duckdb-polr/src/include -I/home/pei/Project/duckdb-polr/third_party/fsst -I/home/pei/Project/duckdb-polr/third_party/fmt/include -I/home/pei/Project/duckdb-polr/third_party/hyperloglog -I/home/pei/Project/duckdb-polr/third_party/fastpforlib -I/home/pei/Project/duckdb-polr/third_party/fast_float -I/home/pei/Project/duckdb-polr/third_party/re2 -I/home/pei/Project/duckdb-polr/third_party/miniz -I/home/pei/Project/duckdb-polr/third_party/utf8proc/include -I/home/pei/Project/duckdb-polr/third_party/miniparquet -I/home/pei/Project/duckdb-polr/third_party/concurrentqueue -I/home/pei/Project/duckdb-polr/third_party/pcg -I/home/pei/Project/duckdb-polr/third_party/tdigest -I/home/pei/Project/duckdb-polr/third_party/mbedtls/include -I/home/pei/Project/duckdb-polr/third_party/jaro_winkler -I/home/pei/Project/duckdb-polr/extension/parquet/include -I/home/pei/Project/duckdb-polr/extension/parquet/../../third_party/parquet -I/home/pei/Project/duckdb-polr/extension/parquet/../../third_party/snappy -I/home/pei/Project/duckdb-polr/extension/parquet/../../third_party/miniz -I/home/pei/Project/duckdb-polr/extension/parquet/../../third_party/thrift -I/home/pei/Project/duckdb-polr/extension/parquet/../../third_party/zstd/include -O3 -DNDEBUG -O3 -DNDEBUG   -fPIC -fdiagnostics-color=always -std=c++11 -MD -MT extension/parquet/CMakeFiles/parquet_extension.dir/__/__/third_party/zstd/compress/zstd_compress.cpp.o -MF extension/parquet/CMakeFiles/parquet_extension.dir/__/__/third_party/zstd/compress/zstd_compress.cpp.o.d -o extension/parquet/CMakeFiles/parquet_extension.dir/__/__/third_party/zstd/compress/zstd_compress.cpp.o -c /home/pei/Project/duckdb-polr/third_party/zstd/compress/zstd_compress.cpp
[160/376] /usr/bin/ccache /usr/lib/ccache/c++ -DDUCKDB_BUILD_LIBRARY -DENABLE_CROSS_PRODUCT_REWRITE=0 -DENABLE_DEBUG_PRINT=0 -DENABLE_MEASURE_EXE_TIME=0 -DENABLE_MERGE_BACK_PLAN=0 -DENABLE_PARALLEL_EXECUTION=0 -DENABLE_QUERY_SPLIT=0 -DENABLE_SPECIFY_EST_STAT=0 -I/home/pei/Project/duckdb-polr/src/include -I/home/pei/Project/duckdb-polr/third_party/fsst -I/home/pei/Project/duckdb-polr/third_party/fmt/include -I/home/pei/Project/duckdb-polr/third_party/hyperloglog -I/home/pei/Project/duckdb-polr/third_party/fastpforlib -I/home/pei/Project/duckdb-polr/third_party/fast_float -I/home/pei/Project/duckdb-polr/third_party/re2 -I/home/pei/Project/duckdb-polr/third_party/miniz -I/home/pei/Project/duckdb-polr/third_party/utf8proc/include -I/home/pei/Project/duckdb-polr/third_party/miniparquet -I/home/pei/Project/duckdb-polr/third_party/concurrentqueue -I/home/pei/Project/duckdb-polr/third_party/pcg -I/home/pei/Project/duckdb-polr/third_party/tdigest -I/home/pei/Project/duckdb-polr/third_party/mbedtls/include -I/home/pei/Project/duckdb-polr/third_party/jaro_winkler -I/home/pei/Project/duckdb-polr/extension/parquet/include -I/home/pei/Project/duckdb-polr/extension/parquet/../../third_party/parquet -I/home/pei/Project/duckdb-polr/extension/parquet/../../third_party/snappy -I/home/pei/Project/duckdb-polr/extension/parquet/../../third_party/miniz -I/home/pei/Project/duckdb-polr/extension/parquet/../../third_party/thrift -I/home/pei/Project/duckdb-polr/extension/parquet/../../third_party/zstd/include -O3 -DNDEBUG -O3 -DNDEBUG   -fPIC -fdiagnostics-color=always -std=c++11 -MD -MT extension/parquet/CMakeFiles/parquet_extension.dir/__/__/third_party/zstd/compress/zstd_compress_sequences.cpp.o -MF extension/parquet/CMakeFiles/parquet_extension.dir/__/__/third_party/zstd/compress/zstd_compress_sequences.cpp.o.d -o extension/parquet/CMakeFiles/parquet_extension.dir/__/__/third_party/zstd/compress/zstd_compress_sequences.cpp.o -c /home/pei/Project/duckdb-polr/third_party/zstd/compress/zstd_compress_sequences.cpp
[161/376] /usr/bin/ccache /usr/lib/ccache/c++ -DDUCKDB_BUILD_LIBRARY -DENABLE_CROSS_PRODUCT_REWRITE=0 -DENABLE_DEBUG_PRINT=0 -DENABLE_MEASURE_EXE_TIME=0 -DENABLE_MERGE_BACK_PLAN=0 -DENABLE_PARALLEL_EXECUTION=0 -DENABLE_QUERY_SPLIT=0 -DENABLE_SPECIFY_EST_STAT=0 -I/home/pei/Project/duckdb-polr/src/include -I/home/pei/Project/duckdb-polr/third_party/fsst -I/home/pei/Project/duckdb-polr/third_party/fmt/include -I/home/pei/Project/duckdb-polr/third_party/hyperloglog -I/home/pei/Project/duckdb-polr/third_party/fastpforlib -I/home/pei/Project/duckdb-polr/third_party/fast_float -I/home/pei/Project/duckdb-polr/third_party/re2 -I/home/pei/Project/duckdb-polr/third_party/miniz -I/home/pei/Project/duckdb-polr/third_party/utf8proc/include -I/home/pei/Project/duckdb-polr/third_party/miniparquet -I/home/pei/Project/duckdb-polr/third_party/concurrentqueue -I/home/pei/Project/duckdb-polr/third_party/pcg -I/home/pei/Project/duckdb-polr/third_party/tdigest -I/home/pei/Project/duckdb-polr/third_party/mbedtls/include -I/home/pei/Project/duckdb-polr/third_party/jaro_winkler -I/home/pei/Project/duckdb-polr/extension/parquet/include -I/home/pei/Project/duckdb-polr/extension/parquet/../../third_party/parquet -I/home/pei/Project/duckdb-polr/extension/parquet/../../third_party/snappy -I/home/pei/Project/duckdb-polr/extension/parquet/../../third_party/miniz -I/home/pei/Project/duckdb-polr/extension/parquet/../../third_party/thrift -I/home/pei/Project/duckdb-polr/extension/parquet/../../third_party/zstd/include -O3 -DNDEBUG -O3 -DNDEBUG   -fPIC -fdiagnostics-color=always -std=c++11 -MD -MT extension/parquet/CMakeFiles/parquet_extension.dir/__/__/third_party/zstd/compress/zstd_compress_superblock.cpp.o -MF extension/parquet/CMakeFiles/parquet_extension.dir/__/__/third_party/zstd/compress/zstd_compress_superblock.cpp.o.d -o extension/parquet/CMakeFiles/parquet_extension.dir/__/__/third_party/zstd/compress/zstd_compress_superblock.cpp.o -c /home/pei/Project/duckdb-polr/third_party/zstd/compress/zstd_compress_superblock.cpp
[162/376] /usr/bin/ccache /usr/lib/ccache/c++ -DDUCKDB_BUILD_LIBRARY -DENABLE_CROSS_PRODUCT_REWRITE=0 -DENABLE_DEBUG_PRINT=0 -DENABLE_MEASURE_EXE_TIME=0 -DENABLE_MERGE_BACK_PLAN=0 -DENABLE_PARALLEL_EXECUTION=0 -DENABLE_QUERY_SPLIT=0 -DENABLE_SPECIFY_EST_STAT=0 -I/home/pei/Project/duckdb-polr/src/include -I/home/pei/Project/duckdb-polr/third_party/fsst -I/home/pei/Project/duckdb-polr/third_party/fmt/include -I/home/pei/Project/duckdb-polr/third_party/hyperloglog -I/home/pei/Project/duckdb-polr/third_party/fastpforlib -I/home/pei/Project/duckdb-polr/third_party/fast_float -I/home/pei/Project/duckdb-polr/third_party/re2 -I/home/pei/Project/duckdb-polr/third_party/miniz -I/home/pei/Project/duckdb-polr/third_party/utf8proc/include -I/home/pei/Project/duckdb-polr/third_party/miniparquet -I/home/pei/Project/duckdb-polr/third_party/concurrentqueue -I/home/pei/Project/duckdb-polr/third_party/pcg -I/home/pei/Project/duckdb-polr/third_party/tdigest -I/home/pei/Project/duckdb-polr/third_party/mbedtls/include -I/home/pei/Project/duckdb-polr/third_party/jaro_winkler -I/home/pei/Project/duckdb-polr/extension/parquet/include -I/home/pei/Project/duckdb-polr/extension/parquet/../../third_party/parquet -I/home/pei/Project/duckdb-polr/extension/parquet/../../third_party/snappy -I/home/pei/Project/duckdb-polr/extension/parquet/../../third_party/miniz -I/home/pei/Project/duckdb-polr/extension/parquet/../../third_party/thrift -I/home/pei/Project/duckdb-polr/extension/parquet/../../third_party/zstd/include -O3 -DNDEBUG -O3 -DNDEBUG   -fPIC -fdiagnostics-color=always -std=c++11 -MD -MT extension/parquet/CMakeFiles/parquet_extension.dir/__/__/third_party/zstd/compress/zstd_double_fast.cpp.o -MF extension/parquet/CMakeFiles/parquet_extension.dir/__/__/third_party/zstd/compress/zstd_double_fast.cpp.o.d -o extension/parquet/CMakeFiles/parquet_extension.dir/__/__/third_party/zstd/compress/zstd_double_fast.cpp.o -c /home/pei/Project/duckdb-polr/third_party/zstd/compress/zstd_double_fast.cpp
[163/376] /usr/bin/ccache /usr/lib/ccache/c++ -DDUCKDB_BUILD_LIBRARY -DENABLE_CROSS_PRODUCT_REWRITE=0 -DENABLE_DEBUG_PRINT=0 -DENABLE_MEASURE_EXE_TIME=0 -DENABLE_MERGE_BACK_PLAN=0 -DENABLE_PARALLEL_EXECUTION=0 -DENABLE_QUERY_SPLIT=0 -DENABLE_SPECIFY_EST_STAT=0 -I/home/pei/Project/duckdb-polr/src/include -I/home/pei/Project/duckdb-polr/third_party/fsst -I/home/pei/Project/duckdb-polr/third_party/fmt/include -I/home/pei/Project/duckdb-polr/third_party/hyperloglog -I/home/pei/Project/duckdb-polr/third_party/fastpforlib -I/home/pei/Project/duckdb-polr/third_party/fast_float -I/home/pei/Project/duckdb-polr/third_party/re2 -I/home/pei/Project/duckdb-polr/third_party/miniz -I/home/pei/Project/duckdb-polr/third_party/utf8proc/include -I/home/pei/Project/duckdb-polr/third_party/miniparquet -I/home/pei/Project/duckdb-polr/third_party/concurrentqueue -I/home/pei/Project/duckdb-polr/third_party/pcg -I/home/pei/Project/duckdb-polr/third_party/tdigest -I/home/pei/Project/duckdb-polr/third_party/mbedtls/include -I/home/pei/Project/duckdb-polr/third_party/jaro_winkler -I/home/pei/Project/duckdb-polr/extension/parquet/include -I/home/pei/Project/duckdb-polr/extension/parquet/../../third_party/parquet -I/home/pei/Project/duckdb-polr/extension/parquet/../../third_party/snappy -I/home/pei/Project/duckdb-polr/extension/parquet/../../third_party/miniz -I/home/pei/Project/duckdb-polr/extension/parquet/../../third_party/thrift -I/home/pei/Project/duckdb-polr/extension/parquet/../../third_party/zstd/include -O3 -DNDEBUG -O3 -DNDEBUG   -fPIC -fdiagnostics-color=always -std=c++11 -MD -MT extension/parquet/CMakeFiles/parquet_extension.dir/__/__/third_party/zstd/compress/zstd_fast.cpp.o -MF extension/parquet/CMakeFiles/parquet_extension.dir/__/__/third_party/zstd/compress/zstd_fast.cpp.o.d -o extension/parquet/CMakeFiles/parquet_extension.dir/__/__/third_party/zstd/compress/zstd_fast.cpp.o -c /home/pei/Project/duckdb-polr/third_party/zstd/compress/zstd_fast.cpp
[164/376] /usr/bin/ccache /usr/lib/ccache/c++ -DDUCKDB_BUILD_LIBRARY -DENABLE_CROSS_PRODUCT_REWRITE=0 -DENABLE_DEBUG_PRINT=0 -DENABLE_MEASURE_EXE_TIME=0 -DENABLE_MERGE_BACK_PLAN=0 -DENABLE_PARALLEL_EXECUTION=0 -DENABLE_QUERY_SPLIT=0 -DENABLE_SPECIFY_EST_STAT=0 -I/home/pei/Project/duckdb-polr/src/include -I/home/pei/Project/duckdb-polr/third_party/fsst -I/home/pei/Project/duckdb-polr/third_party/fmt/include -I/home/pei/Project/duckdb-polr/third_party/hyperloglog -I/home/pei/Project/duckdb-polr/third_party/fastpforlib -I/home/pei/Project/duckdb-polr/third_party/fast_float -I/home/pei/Project/duckdb-polr/third_party/re2 -I/home/pei/Project/duckdb-polr/third_party/miniz -I/home/pei/Project/duckdb-polr/third_party/utf8proc/include -I/home/pei/Project/duckdb-polr/third_party/miniparquet -I/home/pei/Project/duckdb-polr/third_party/concurrentqueue -I/home/pei/Project/duckdb-polr/third_party/pcg -I/home/pei/Project/duckdb-polr/third_party/tdigest -I/home/pei/Project/duckdb-polr/third_party/mbedtls/include -I/home/pei/Project/duckdb-polr/third_party/jaro_winkler -I/home/pei/Project/duckdb-polr/extension/parquet/include -I/home/pei/Project/duckdb-polr/extension/parquet/../../third_party/parquet -I/home/pei/Project/duckdb-polr/extension/parquet/../../third_party/snappy -I/home/pei/Project/duckdb-polr/extension/parquet/../../third_party/miniz -I/home/pei/Project/duckdb-polr/extension/parquet/../../third_party/thrift -I/home/pei/Project/duckdb-polr/extension/parquet/../../third_party/zstd/include -O3 -DNDEBUG -O3 -DNDEBUG   -fPIC -fdiagnostics-color=always -std=c++11 -MD -MT extension/parquet/CMakeFiles/parquet_extension.dir/__/__/third_party/zstd/compress/zstd_lazy.cpp.o -MF extension/parquet/CMakeFiles/parquet_extension.dir/__/__/third_party/zstd/compress/zstd_lazy.cpp.o.d -o extension/parquet/CMakeFiles/parquet_extension.dir/__/__/third_party/zstd/compress/zstd_lazy.cpp.o -c /home/pei/Project/duckdb-polr/third_party/zstd/compress/zstd_lazy.cpp
[165/376] /usr/bin/ccache /usr/lib/ccache/c++ -DDUCKDB_BUILD_LIBRARY -DENABLE_CROSS_PRODUCT_REWRITE=0 -DENABLE_DEBUG_PRINT=0 -DENABLE_MEASURE_EXE_TIME=0 -DENABLE_MERGE_BACK_PLAN=0 -DENABLE_PARALLEL_EXECUTION=0 -DENABLE_QUERY_SPLIT=0 -DENABLE_SPECIFY_EST_STAT=0 -I/home/pei/Project/duckdb-polr/src/include -I/home/pei/Project/duckdb-polr/third_party/fsst -I/home/pei/Project/duckdb-polr/third_party/fmt/include -I/home/pei/Project/duckdb-polr/third_party/hyperloglog -I/home/pei/Project/duckdb-polr/third_party/fastpforlib -I/home/pei/Project/duckdb-polr/third_party/fast_float -I/home/pei/Project/duckdb-polr/third_party/re2 -I/home/pei/Project/duckdb-polr/third_party/miniz -I/home/pei/Project/duckdb-polr/third_party/utf8proc/include -I/home/pei/Project/duckdb-polr/third_party/miniparquet -I/home/pei/Project/duckdb-polr/third_party/concurrentqueue -I/home/pei/Project/duckdb-polr/third_party/pcg -I/home/pei/Project/duckdb-polr/third_party/tdigest -I/home/pei/Project/duckdb-polr/third_party/mbedtls/include -I/home/pei/Project/duckdb-polr/third_party/jaro_winkler -I/home/pei/Project/duckdb-polr/extension/parquet/include -I/home/pei/Project/duckdb-polr/extension/parquet/../../third_party/parquet -I/home/pei/Project/duckdb-polr/extension/parquet/../../third_party/snappy -I/home/pei/Project/duckdb-polr/extension/parquet/../../third_party/miniz -I/home/pei/Project/duckdb-polr/extension/parquet/../../third_party/thrift -I/home/pei/Project/duckdb-polr/extension/parquet/../../third_party/zstd/include -O3 -DNDEBUG -O3 -DNDEBUG   -fPIC -fdiagnostics-color=always -std=c++11 -MD -MT extension/parquet/CMakeFiles/parquet_extension.dir/__/__/third_party/zstd/compress/zstd_ldm.cpp.o -MF extension/parquet/CMakeFiles/parquet_extension.dir/__/__/third_party/zstd/compress/zstd_ldm.cpp.o.d -o extension/parquet/CMakeFiles/parquet_extension.dir/__/__/third_party/zstd/compress/zstd_ldm.cpp.o -c /home/pei/Project/duckdb-polr/third_party/zstd/compress/zstd_ldm.cpp
[166/376] /usr/bin/ccache /usr/lib/ccache/c++ -DDUCKDB_BUILD_LIBRARY -DENABLE_CROSS_PRODUCT_REWRITE=0 -DENABLE_DEBUG_PRINT=0 -DENABLE_MEASURE_EXE_TIME=0 -DENABLE_MERGE_BACK_PLAN=0 -DENABLE_PARALLEL_EXECUTION=0 -DENABLE_QUERY_SPLIT=0 -DENABLE_SPECIFY_EST_STAT=0 -I/home/pei/Project/duckdb-polr/src/include -I/home/pei/Project/duckdb-polr/third_party/fsst -I/home/pei/Project/duckdb-polr/third_party/fmt/include -I/home/pei/Project/duckdb-polr/third_party/hyperloglog -I/home/pei/Project/duckdb-polr/third_party/fastpforlib -I/home/pei/Project/duckdb-polr/third_party/fast_float -I/home/pei/Project/duckdb-polr/third_party/re2 -I/home/pei/Project/duckdb-polr/third_party/miniz -I/home/pei/Project/duckdb-polr/third_party/utf8proc/include -I/home/pei/Project/duckdb-polr/third_party/miniparquet -I/home/pei/Project/duckdb-polr/third_party/concurrentqueue -I/home/pei/Project/duckdb-polr/third_party/pcg -I/home/pei/Project/duckdb-polr/third_party/tdigest -I/home/pei/Project/duckdb-polr/third_party/mbedtls/include -I/home/pei/Project/duckdb-polr/third_party/jaro_winkler -I/home/pei/Project/duckdb-polr/extension/parquet/include -I/home/pei/Project/duckdb-polr/extension/parquet/../../third_party/parquet -I/home/pei/Project/duckdb-polr/extension/parquet/../../third_party/snappy -I/home/pei/Project/duckdb-polr/extension/parquet/../../third_party/miniz -I/home/pei/Project/duckdb-polr/extension/parquet/../../third_party/thrift -I/home/pei/Project/duckdb-polr/extension/parquet/../../third_party/zstd/include -O3 -DNDEBUG -O3 -DNDEBUG   -fPIC -fdiagnostics-color=always -std=c++11 -MD -MT extension/parquet/CMakeFiles/parquet_extension.dir/__/__/third_party/zstd/compress/zstd_opt.cpp.o -MF extension/parquet/CMakeFiles/parquet_extension.dir/__/__/third_party/zstd/compress/zstd_opt.cpp.o.d -o extension/parquet/CMakeFiles/parquet_extension.dir/__/__/third_party/zstd/compress/zstd_opt.cpp.o -c /home/pei/Project/duckdb-polr/third_party/zstd/compress/zstd_opt.cpp
[167/376] /usr/bin/ccache /usr/lib/ccache/c++ -DDUCKDB_BUILD_LIBRARY -DDUCKDB_BUILD_LOADABLE_EXTENSION -DENABLE_CROSS_PRODUCT_REWRITE=0 -DENABLE_DEBUG_PRINT=0 -DENABLE_MEASURE_EXE_TIME=0 -DENABLE_MERGE_BACK_PLAN=0 -DENABLE_PARALLEL_EXECUTION=0 -DENABLE_QUERY_SPLIT=0 -DENABLE_SPECIFY_EST_STAT=0 -I/home/pei/Project/duckdb-polr/src/include -I/home/pei/Project/duckdb-polr/third_party/fsst -I/home/pei/Project/duckdb-polr/third_party/fmt/include -I/home/pei/Project/duckdb-polr/third_party/hyperloglog -I/home/pei/Project/duckdb-polr/third_party/fastpforlib -I/home/pei/Project/duckdb-polr/third_party/fast_float -I/home/pei/Project/duckdb-polr/third_party/re2 -I/home/pei/Project/duckdb-polr/third_party/miniz -I/home/pei/Project/duckdb-polr/third_party/utf8proc/include -I/home/pei/Project/duckdb-polr/third_party/miniparquet -I/home/pei/Project/duckdb-polr/third_party/concurrentqueue -I/home/pei/Project/duckdb-polr/third_party/pcg -I/home/pei/Project/duckdb-polr/third_party/tdigest -I/home/pei/Project/duckdb-polr/third_party/mbedtls/include -I/home/pei/Project/duckdb-polr/third_party/jaro_winkler -I/home/pei/Project/duckdb-polr/extension/parquet/include -I/home/pei/Project/duckdb-polr/extension/parquet/../../third_party/parquet -I/home/pei/Project/duckdb-polr/extension/parquet/../../third_party/snappy -I/home/pei/Project/duckdb-polr/extension/parquet/../../third_party/miniz -I/home/pei/Project/duckdb-polr/extension/parquet/../../third_party/thrift -I/home/pei/Project/duckdb-polr/extension/parquet/../../third_party/zstd/include -O3 -DNDEBUG -O3 -DNDEBUG   -fPIC -fdiagnostics-color=always -std=c++11 -MD -MT extension/parquet/CMakeFiles/parquet_loadable_extension.dir/column_writer.cpp.o -MF extension/parquet/CMakeFiles/parquet_loadable_extension.dir/column_writer.cpp.o.d -o extension/parquet/CMakeFiles/parquet_loadable_extension.dir/column_writer.cpp.o -c /home/pei/Project/duckdb-polr/extension/parquet/column_writer.cpp
[168/376] /usr/bin/ccache /usr/lib/ccache/c++ -DDUCKDB_BUILD_LIBRARY -DDUCKDB_BUILD_LOADABLE_EXTENSION -DENABLE_CROSS_PRODUCT_REWRITE=0 -DENABLE_DEBUG_PRINT=0 -DENABLE_MEASURE_EXE_TIME=0 -DENABLE_MERGE_BACK_PLAN=0 -DENABLE_PARALLEL_EXECUTION=0 -DENABLE_QUERY_SPLIT=0 -DENABLE_SPECIFY_EST_STAT=0 -I/home/pei/Project/duckdb-polr/src/include -I/home/pei/Project/duckdb-polr/third_party/fsst -I/home/pei/Project/duckdb-polr/third_party/fmt/include -I/home/pei/Project/duckdb-polr/third_party/hyperloglog -I/home/pei/Project/duckdb-polr/third_party/fastpforlib -I/home/pei/Project/duckdb-polr/third_party/fast_float -I/home/pei/Project/duckdb-polr/third_party/re2 -I/home/pei/Project/duckdb-polr/third_party/miniz -I/home/pei/Project/duckdb-polr/third_party/utf8proc/include -I/home/pei/Project/duckdb-polr/third_party/miniparquet -I/home/pei/Project/duckdb-polr/third_party/concurrentqueue -I/home/pei/Project/duckdb-polr/third_party/pcg -I/home/pei/Project/duckdb-polr/third_party/tdigest -I/home/pei/Project/duckdb-polr/third_party/mbedtls/include -I/home/pei/Project/duckdb-polr/third_party/jaro_winkler -I/home/pei/Project/duckdb-polr/extension/parquet/include -I/home/pei/Project/duckdb-polr/extension/parquet/../../third_party/parquet -I/home/pei/Project/duckdb-polr/extension/parquet/../../third_party/snappy -I/home/pei/Project/duckdb-polr/extension/parquet/../../third_party/miniz -I/home/pei/Project/duckdb-polr/extension/parquet/../../third_party/thrift -I/home/pei/Project/duckdb-polr/extension/parquet/../../third_party/zstd/include -O3 -DNDEBUG -O3 -DNDEBUG   -fPIC -fdiagnostics-color=always -std=c++11 -MD -MT extension/parquet/CMakeFiles/parquet_loadable_extension.dir/parquet-extension.cpp.o -MF extension/parquet/CMakeFiles/parquet_loadable_extension.dir/parquet-extension.cpp.o.d -o extension/parquet/CMakeFiles/parquet_loadable_extension.dir/parquet-extension.cpp.o -c /home/pei/Project/duckdb-polr/extension/parquet/parquet-extension.cpp
[169/376] /usr/bin/ccache /usr/lib/ccache/c++ -DDUCKDB_BUILD_LIBRARY -DDUCKDB_BUILD_LOADABLE_EXTENSION -DENABLE_CROSS_PRODUCT_REWRITE=0 -DENABLE_DEBUG_PRINT=0 -DENABLE_MEASURE_EXE_TIME=0 -DENABLE_MERGE_BACK_PLAN=0 -DENABLE_PARALLEL_EXECUTION=0 -DENABLE_QUERY_SPLIT=0 -DENABLE_SPECIFY_EST_STAT=0 -I/home/pei/Project/duckdb-polr/src/include -I/home/pei/Project/duckdb-polr/third_party/fsst -I/home/pei/Project/duckdb-polr/third_party/fmt/include -I/home/pei/Project/duckdb-polr/third_party/hyperloglog -I/home/pei/Project/duckdb-polr/third_party/fastpforlib -I/home/pei/Project/duckdb-polr/third_party/fast_float -I/home/pei/Project/duckdb-polr/third_party/re2 -I/home/pei/Project/duckdb-polr/third_party/miniz -I/home/pei/Project/duckdb-polr/third_party/utf8proc/include -I/home/pei/Project/duckdb-polr/third_party/miniparquet -I/home/pei/Project/duckdb-polr/third_party/concurrentqueue -I/home/pei/Project/duckdb-polr/third_party/pcg -I/home/pei/Project/duckdb-polr/third_party/tdigest -I/home/pei/Project/duckdb-polr/third_party/mbedtls/include -I/home/pei/Project/duckdb-polr/third_party/jaro_winkler -I/home/pei/Project/duckdb-polr/extension/parquet/include -I/home/pei/Project/duckdb-polr/extension/parquet/../../third_party/parquet -I/home/pei/Project/duckdb-polr/extension/parquet/../../third_party/snappy -I/home/pei/Project/duckdb-polr/extension/parquet/../../third_party/miniz -I/home/pei/Project/duckdb-polr/extension/parquet/../../third_party/thrift -I/home/pei/Project/duckdb-polr/extension/parquet/../../third_party/zstd/include -O3 -DNDEBUG -O3 -DNDEBUG   -fPIC -fdiagnostics-color=always -std=c++11 -MD -MT extension/parquet/CMakeFiles/parquet_loadable_extension.dir/parquet_metadata.cpp.o -MF extension/parquet/CMakeFiles/parquet_loadable_extension.dir/parquet_metadata.cpp.o.d -o extension/parquet/CMakeFiles/parquet_loadable_extension.dir/parquet_metadata.cpp.o -c /home/pei/Project/duckdb-polr/extension/parquet/parquet_metadata.cpp
[170/376] /usr/bin/ccache /usr/lib/ccache/c++ -DDUCKDB_BUILD_LIBRARY -DDUCKDB_BUILD_LOADABLE_EXTENSION -DENABLE_CROSS_PRODUCT_REWRITE=0 -DENABLE_DEBUG_PRINT=0 -DENABLE_MEASURE_EXE_TIME=0 -DENABLE_MERGE_BACK_PLAN=0 -DENABLE_PARALLEL_EXECUTION=0 -DENABLE_QUERY_SPLIT=0 -DENABLE_SPECIFY_EST_STAT=0 -I/home/pei/Project/duckdb-polr/src/include -I/home/pei/Project/duckdb-polr/third_party/fsst -I/home/pei/Project/duckdb-polr/third_party/fmt/include -I/home/pei/Project/duckdb-polr/third_party/hyperloglog -I/home/pei/Project/duckdb-polr/third_party/fastpforlib -I/home/pei/Project/duckdb-polr/third_party/fast_float -I/home/pei/Project/duckdb-polr/third_party/re2 -I/home/pei/Project/duckdb-polr/third_party/miniz -I/home/pei/Project/duckdb-polr/third_party/utf8proc/include -I/home/pei/Project/duckdb-polr/third_party/miniparquet -I/home/pei/Project/duckdb-polr/third_party/concurrentqueue -I/home/pei/Project/duckdb-polr/third_party/pcg -I/home/pei/Project/duckdb-polr/third_party/tdigest -I/home/pei/Project/duckdb-polr/third_party/mbedtls/include -I/home/pei/Project/duckdb-polr/third_party/jaro_winkler -I/home/pei/Project/duckdb-polr/extension/parquet/include -I/home/pei/Project/duckdb-polr/extension/parquet/../../third_party/parquet -I/home/pei/Project/duckdb-polr/extension/parquet/../../third_party/snappy -I/home/pei/Project/duckdb-polr/extension/parquet/../../third_party/miniz -I/home/pei/Project/duckdb-polr/extension/parquet/../../third_party/thrift -I/home/pei/Project/duckdb-polr/extension/parquet/../../third_party/zstd/include -O3 -DNDEBUG -O3 -DNDEBUG   -fPIC -fdiagnostics-color=always -std=c++11 -MD -MT extension/parquet/CMakeFiles/parquet_loadable_extension.dir/parquet_timestamp.cpp.o -MF extension/parquet/CMakeFiles/parquet_loadable_extension.dir/parquet_timestamp.cpp.o.d -o extension/parquet/CMakeFiles/parquet_loadable_extension.dir/parquet_timestamp.cpp.o -c /home/pei/Project/duckdb-polr/extension/parquet/parquet_timestamp.cpp
[171/376] /usr/bin/ccache /usr/lib/ccache/c++ -DDUCKDB_BUILD_LIBRARY -DDUCKDB_BUILD_LOADABLE_EXTENSION -DENABLE_CROSS_PRODUCT_REWRITE=0 -DENABLE_DEBUG_PRINT=0 -DENABLE_MEASURE_EXE_TIME=0 -DENABLE_MERGE_BACK_PLAN=0 -DENABLE_PARALLEL_EXECUTION=0 -DENABLE_QUERY_SPLIT=0 -DENABLE_SPECIFY_EST_STAT=0 -I/home/pei/Project/duckdb-polr/src/include -I/home/pei/Project/duckdb-polr/third_party/fsst -I/home/pei/Project/duckdb-polr/third_party/fmt/include -I/home/pei/Project/duckdb-polr/third_party/hyperloglog -I/home/pei/Project/duckdb-polr/third_party/fastpforlib -I/home/pei/Project/duckdb-polr/third_party/fast_float -I/home/pei/Project/duckdb-polr/third_party/re2 -I/home/pei/Project/duckdb-polr/third_party/miniz -I/home/pei/Project/duckdb-polr/third_party/utf8proc/include -I/home/pei/Project/duckdb-polr/third_party/miniparquet -I/home/pei/Project/duckdb-polr/third_party/concurrentqueue -I/home/pei/Project/duckdb-polr/third_party/pcg -I/home/pei/Project/duckdb-polr/third_party/tdigest -I/home/pei/Project/duckdb-polr/third_party/mbedtls/include -I/home/pei/Project/duckdb-polr/third_party/jaro_winkler -I/home/pei/Project/duckdb-polr/extension/parquet/include -I/home/pei/Project/duckdb-polr/extension/parquet/../../third_party/parquet -I/home/pei/Project/duckdb-polr/extension/parquet/../../third_party/snappy -I/home/pei/Project/duckdb-polr/extension/parquet/../../third_party/miniz -I/home/pei/Project/duckdb-polr/extension/parquet/../../third_party/thrift -I/home/pei/Project/duckdb-polr/extension/parquet/../../third_party/zstd/include -O3 -DNDEBUG -O3 -DNDEBUG   -fPIC -fdiagnostics-color=always -std=c++11 -MD -MT extension/parquet/CMakeFiles/parquet_loadable_extension.dir/zstd_file_system.cpp.o -MF extension/parquet/CMakeFiles/parquet_loadable_extension.dir/zstd_file_system.cpp.o.d -o extension/parquet/CMakeFiles/parquet_loadable_extension.dir/zstd_file_system.cpp.o -c /home/pei/Project/duckdb-polr/extension/parquet/zstd_file_system.cpp
[172/376] /usr/bin/ccache /usr/lib/ccache/c++ -DDUCKDB_BUILD_LIBRARY -DDUCKDB_BUILD_LOADABLE_EXTENSION -DENABLE_CROSS_PRODUCT_REWRITE=0 -DENABLE_DEBUG_PRINT=0 -DENABLE_MEASURE_EXE_TIME=0 -DENABLE_MERGE_BACK_PLAN=0 -DENABLE_PARALLEL_EXECUTION=0 -DENABLE_QUERY_SPLIT=0 -DENABLE_SPECIFY_EST_STAT=0 -I/home/pei/Project/duckdb-polr/src/include -I/home/pei/Project/duckdb-polr/third_party/fsst -I/home/pei/Project/duckdb-polr/third_party/fmt/include -I/home/pei/Project/duckdb-polr/third_party/hyperloglog -I/home/pei/Project/duckdb-polr/third_party/fastpforlib -I/home/pei/Project/duckdb-polr/third_party/fast_float -I/home/pei/Project/duckdb-polr/third_party/re2 -I/home/pei/Project/duckdb-polr/third_party/miniz -I/home/pei/Project/duckdb-polr/third_party/utf8proc/include -I/home/pei/Project/duckdb-polr/third_party/miniparquet -I/home/pei/Project/duckdb-polr/third_party/concurrentqueue -I/home/pei/Project/duckdb-polr/third_party/pcg -I/home/pei/Project/duckdb-polr/third_party/tdigest -I/home/pei/Project/duckdb-polr/third_party/mbedtls/include -I/home/pei/Project/duckdb-polr/third_party/jaro_winkler -I/home/pei/Project/duckdb-polr/extension/parquet/include -I/home/pei/Project/duckdb-polr/extension/parquet/../../third_party/parquet -I/home/pei/Project/duckdb-polr/extension/parquet/../../third_party/snappy -I/home/pei/Project/duckdb-polr/extension/parquet/../../third_party/miniz -I/home/pei/Project/duckdb-polr/extension/parquet/../../third_party/thrift -I/home/pei/Project/duckdb-polr/extension/parquet/../../third_party/zstd/include -O3 -DNDEBUG -O3 -DNDEBUG   -fPIC -fdiagnostics-color=always -std=c++11 -MD -MT extension/parquet/CMakeFiles/parquet_loadable_extension.dir/parquet_reader.cpp.o -MF extension/parquet/CMakeFiles/parquet_loadable_extension.dir/parquet_reader.cpp.o.d -o extension/parquet/CMakeFiles/parquet_loadable_extension.dir/parquet_reader.cpp.o -c /home/pei/Project/duckdb-polr/extension/parquet/parquet_reader.cpp
[173/376] /usr/bin/ccache /usr/lib/ccache/c++ -DDUCKDB_BUILD_LIBRARY -DDUCKDB_BUILD_LOADABLE_EXTENSION -DENABLE_CROSS_PRODUCT_REWRITE=0 -DENABLE_DEBUG_PRINT=0 -DENABLE_MEASURE_EXE_TIME=0 -DENABLE_MERGE_BACK_PLAN=0 -DENABLE_PARALLEL_EXECUTION=0 -DENABLE_QUERY_SPLIT=0 -DENABLE_SPECIFY_EST_STAT=0 -I/home/pei/Project/duckdb-polr/src/include -I/home/pei/Project/duckdb-polr/third_party/fsst -I/home/pei/Project/duckdb-polr/third_party/fmt/include -I/home/pei/Project/duckdb-polr/third_party/hyperloglog -I/home/pei/Project/duckdb-polr/third_party/fastpforlib -I/home/pei/Project/duckdb-polr/third_party/fast_float -I/home/pei/Project/duckdb-polr/third_party/re2 -I/home/pei/Project/duckdb-polr/third_party/miniz -I/home/pei/Project/duckdb-polr/third_party/utf8proc/include -I/home/pei/Project/duckdb-polr/third_party/miniparquet -I/home/pei/Project/duckdb-polr/third_party/concurrentqueue -I/home/pei/Project/duckdb-polr/third_party/pcg -I/home/pei/Project/duckdb-polr/third_party/tdigest -I/home/pei/Project/duckdb-polr/third_party/mbedtls/include -I/home/pei/Project/duckdb-polr/third_party/jaro_winkler -I/home/pei/Project/duckdb-polr/extension/parquet/include -I/home/pei/Project/duckdb-polr/extension/parquet/../../third_party/parquet -I/home/pei/Project/duckdb-polr/extension/parquet/../../third_party/snappy -I/home/pei/Project/duckdb-polr/extension/parquet/../../third_party/miniz -I/home/pei/Project/duckdb-polr/extension/parquet/../../third_party/thrift -I/home/pei/Project/duckdb-polr/extension/parquet/../../third_party/zstd/include -O3 -DNDEBUG -O3 -DNDEBUG   -fPIC -fdiagnostics-color=always -std=c++11 -MD -MT extension/parquet/CMakeFiles/parquet_loadable_extension.dir/parquet_writer.cpp.o -MF extension/parquet/CMakeFiles/parquet_loadable_extension.dir/parquet_writer.cpp.o.d -o extension/parquet/CMakeFiles/parquet_loadable_extension.dir/parquet_writer.cpp.o -c /home/pei/Project/duckdb-polr/extension/parquet/parquet_writer.cpp
[174/376] /usr/bin/ccache /usr/lib/ccache/c++ -DDUCKDB_BUILD_LIBRARY -DDUCKDB_BUILD_LOADABLE_EXTENSION -DENABLE_CROSS_PRODUCT_REWRITE=0 -DENABLE_DEBUG_PRINT=0 -DENABLE_MEASURE_EXE_TIME=0 -DENABLE_MERGE_BACK_PLAN=0 -DENABLE_PARALLEL_EXECUTION=0 -DENABLE_QUERY_SPLIT=0 -DENABLE_SPECIFY_EST_STAT=0 -I/home/pei/Project/duckdb-polr/src/include -I/home/pei/Project/duckdb-polr/third_party/fsst -I/home/pei/Project/duckdb-polr/third_party/fmt/include -I/home/pei/Project/duckdb-polr/third_party/hyperloglog -I/home/pei/Project/duckdb-polr/third_party/fastpforlib -I/home/pei/Project/duckdb-polr/third_party/fast_float -I/home/pei/Project/duckdb-polr/third_party/re2 -I/home/pei/Project/duckdb-polr/third_party/miniz -I/home/pei/Project/duckdb-polr/third_party/utf8proc/include -I/home/pei/Project/duckdb-polr/third_party/miniparquet -I/home/pei/Project/duckdb-polr/third_party/concurrentqueue -I/home/pei/Project/duckdb-polr/third_party/pcg -I/home/pei/Project/duckdb-polr/third_party/tdigest -I/home/pei/Project/duckdb-polr/third_party/mbedtls/include -I/home/pei/Project/duckdb-polr/third_party/jaro_winkler -I/home/pei/Project/duckdb-polr/extension/parquet/include -I/home/pei/Project/duckdb-polr/extension/parquet/../../third_party/parquet -I/home/pei/Project/duckdb-polr/extension/parquet/../../third_party/snappy -I/home/pei/Project/duckdb-polr/extension/parquet/../../third_party/miniz -I/home/pei/Project/duckdb-polr/extension/parquet/../../third_party/thrift -I/home/pei/Project/duckdb-polr/extension/parquet/../../third_party/zstd/include -O3 -DNDEBUG -O3 -DNDEBUG   -fPIC -fdiagnostics-color=always -std=c++11 -MD -MT extension/parquet/CMakeFiles/parquet_loadable_extension.dir/parquet_statistics.cpp.o -MF extension/parquet/CMakeFiles/parquet_loadable_extension.dir/parquet_statistics.cpp.o.d -o extension/parquet/CMakeFiles/parquet_loadable_extension.dir/parquet_statistics.cpp.o -c /home/pei/Project/duckdb-polr/extension/parquet/parquet_statistics.cpp
[175/376] /usr/bin/ccache /usr/lib/ccache/c++ -DDUCKDB_BUILD_LIBRARY -DDUCKDB_BUILD_LOADABLE_EXTENSION -DENABLE_CROSS_PRODUCT_REWRITE=0 -DENABLE_DEBUG_PRINT=0 -DENABLE_MEASURE_EXE_TIME=0 -DENABLE_MERGE_BACK_PLAN=0 -DENABLE_PARALLEL_EXECUTION=0 -DENABLE_QUERY_SPLIT=0 -DENABLE_SPECIFY_EST_STAT=0 -I/home/pei/Project/duckdb-polr/src/include -I/home/pei/Project/duckdb-polr/third_party/fsst -I/home/pei/Project/duckdb-polr/third_party/fmt/include -I/home/pei/Project/duckdb-polr/third_party/hyperloglog -I/home/pei/Project/duckdb-polr/third_party/fastpforlib -I/home/pei/Project/duckdb-polr/third_party/fast_float -I/home/pei/Project/duckdb-polr/third_party/re2 -I/home/pei/Project/duckdb-polr/third_party/miniz -I/home/pei/Project/duckdb-polr/third_party/utf8proc/include -I/home/pei/Project/duckdb-polr/third_party/miniparquet -I/home/pei/Project/duckdb-polr/third_party/concurrentqueue -I/home/pei/Project/duckdb-polr/third_party/pcg -I/home/pei/Project/duckdb-polr/third_party/tdigest -I/home/pei/Project/duckdb-polr/third_party/mbedtls/include -I/home/pei/Project/duckdb-polr/third_party/jaro_winkler -I/home/pei/Project/duckdb-polr/extension/parquet/include -I/home/pei/Project/duckdb-polr/extension/parquet/../../third_party/parquet -I/home/pei/Project/duckdb-polr/extension/parquet/../../third_party/snappy -I/home/pei/Project/duckdb-polr/extension/parquet/../../third_party/miniz -I/home/pei/Project/duckdb-polr/extension/parquet/../../third_party/thrift -I/home/pei/Project/duckdb-polr/extension/parquet/../../third_party/zstd/include -O3 -DNDEBUG -O3 -DNDEBUG   -fPIC -fdiagnostics-color=always -std=c++11 -MD -MT extension/parquet/CMakeFiles/parquet_loadable_extension.dir/__/__/third_party/parquet/parquet_constants.cpp.o -MF extension/parquet/CMakeFiles/parquet_loadable_extension.dir/__/__/third_party/parquet/parquet_constants.cpp.o.d -o extension/parquet/CMakeFiles/parquet_loadable_extension.dir/__/__/third_party/parquet/parquet_constants.cpp.o -c /home/pei/Project/duckdb-polr/third_party/parquet/parquet_constants.cpp
[176/376] /usr/bin/ccache /usr/lib/ccache/c++ -DDUCKDB_BUILD_LIBRARY -DDUCKDB_BUILD_LOADABLE_EXTENSION -DENABLE_CROSS_PRODUCT_REWRITE=0 -DENABLE_DEBUG_PRINT=0 -DENABLE_MEASURE_EXE_TIME=0 -DENABLE_MERGE_BACK_PLAN=0 -DENABLE_PARALLEL_EXECUTION=0 -DENABLE_QUERY_SPLIT=0 -DENABLE_SPECIFY_EST_STAT=0 -I/home/pei/Project/duckdb-polr/src/include -I/home/pei/Project/duckdb-polr/third_party/fsst -I/home/pei/Project/duckdb-polr/third_party/fmt/include -I/home/pei/Project/duckdb-polr/third_party/hyperloglog -I/home/pei/Project/duckdb-polr/third_party/fastpforlib -I/home/pei/Project/duckdb-polr/third_party/fast_float -I/home/pei/Project/duckdb-polr/third_party/re2 -I/home/pei/Project/duckdb-polr/third_party/miniz -I/home/pei/Project/duckdb-polr/third_party/utf8proc/include -I/home/pei/Project/duckdb-polr/third_party/miniparquet -I/home/pei/Project/duckdb-polr/third_party/concurrentqueue -I/home/pei/Project/duckdb-polr/third_party/pcg -I/home/pei/Project/duckdb-polr/third_party/tdigest -I/home/pei/Project/duckdb-polr/third_party/mbedtls/include -I/home/pei/Project/duckdb-polr/third_party/jaro_winkler -I/home/pei/Project/duckdb-polr/extension/parquet/include -I/home/pei/Project/duckdb-polr/extension/parquet/../../third_party/parquet -I/home/pei/Project/duckdb-polr/extension/parquet/../../third_party/snappy -I/home/pei/Project/duckdb-polr/extension/parquet/../../third_party/miniz -I/home/pei/Project/duckdb-polr/extension/parquet/../../third_party/thrift -I/home/pei/Project/duckdb-polr/extension/parquet/../../third_party/zstd/include -O3 -DNDEBUG -O3 -DNDEBUG   -fPIC -fdiagnostics-color=always -std=c++11 -MD -MT extension/parquet/CMakeFiles/parquet_loadable_extension.dir/__/__/third_party/snappy/snappy-sinksource.cc.o -MF extension/parquet/CMakeFiles/parquet_loadable_extension.dir/__/__/third_party/snappy/snappy-sinksource.cc.o.d -o extension/parquet/CMakeFiles/parquet_loadable_extension.dir/__/__/third_party/snappy/snappy-sinksource.cc.o -c /home/pei/Project/duckdb-polr/third_party/snappy/snappy-sinksource.cc
[177/376] /usr/bin/ccache /usr/lib/ccache/c++ -DDUCKDB_BUILD_LIBRARY -DDUCKDB_BUILD_LOADABLE_EXTENSION -DENABLE_CROSS_PRODUCT_REWRITE=0 -DENABLE_DEBUG_PRINT=0 -DENABLE_MEASURE_EXE_TIME=0 -DENABLE_MERGE_BACK_PLAN=0 -DENABLE_PARALLEL_EXECUTION=0 -DENABLE_QUERY_SPLIT=0 -DENABLE_SPECIFY_EST_STAT=0 -I/home/pei/Project/duckdb-polr/src/include -I/home/pei/Project/duckdb-polr/third_party/fsst -I/home/pei/Project/duckdb-polr/third_party/fmt/include -I/home/pei/Project/duckdb-polr/third_party/hyperloglog -I/home/pei/Project/duckdb-polr/third_party/fastpforlib -I/home/pei/Project/duckdb-polr/third_party/fast_float -I/home/pei/Project/duckdb-polr/third_party/re2 -I/home/pei/Project/duckdb-polr/third_party/miniz -I/home/pei/Project/duckdb-polr/third_party/utf8proc/include -I/home/pei/Project/duckdb-polr/third_party/miniparquet -I/home/pei/Project/duckdb-polr/third_party/concurrentqueue -I/home/pei/Project/duckdb-polr/third_party/pcg -I/home/pei/Project/duckdb-polr/third_party/tdigest -I/home/pei/Project/duckdb-polr/third_party/mbedtls/include -I/home/pei/Project/duckdb-polr/third_party/jaro_winkler -I/home/pei/Project/duckdb-polr/extension/parquet/include -I/home/pei/Project/duckdb-polr/extension/parquet/../../third_party/parquet -I/home/pei/Project/duckdb-polr/extension/parquet/../../third_party/snappy -I/home/pei/Project/duckdb-polr/extension/parquet/../../third_party/miniz -I/home/pei/Project/duckdb-polr/extension/parquet/../../third_party/thrift -I/home/pei/Project/duckdb-polr/extension/parquet/../../third_party/zstd/include -O3 -DNDEBUG -O3 -DNDEBUG   -fPIC -fdiagnostics-color=always -std=c++11 -MD -MT extension/parquet/CMakeFiles/parquet_loadable_extension.dir/__/__/third_party/thrift/thrift/transport/TTransportException.cpp.o -MF extension/parquet/CMakeFiles/parquet_loadable_extension.dir/__/__/third_party/thrift/thrift/transport/TTransportException.cpp.o.d -o extension/parquet/CMakeFiles/parquet_loadable_extension.dir/__/__/third_party/thrift/thrift/transport/TTransportException.cpp.o -c /home/pei/Project/duckdb-polr/third_party/thrift/thrift/transport/TTransportException.cpp
[178/376] /usr/bin/ccache /usr/lib/ccache/c++ -DDUCKDB_BUILD_LIBRARY -DDUCKDB_BUILD_LOADABLE_EXTENSION -DENABLE_CROSS_PRODUCT_REWRITE=0 -DENABLE_DEBUG_PRINT=0 -DENABLE_MEASURE_EXE_TIME=0 -DENABLE_MERGE_BACK_PLAN=0 -DENABLE_PARALLEL_EXECUTION=0 -DENABLE_QUERY_SPLIT=0 -DENABLE_SPECIFY_EST_STAT=0 -I/home/pei/Project/duckdb-polr/src/include -I/home/pei/Project/duckdb-polr/third_party/fsst -I/home/pei/Project/duckdb-polr/third_party/fmt/include -I/home/pei/Project/duckdb-polr/third_party/hyperloglog -I/home/pei/Project/duckdb-polr/third_party/fastpforlib -I/home/pei/Project/duckdb-polr/third_party/fast_float -I/home/pei/Project/duckdb-polr/third_party/re2 -I/home/pei/Project/duckdb-polr/third_party/miniz -I/home/pei/Project/duckdb-polr/third_party/utf8proc/include -I/home/pei/Project/duckdb-polr/third_party/miniparquet -I/home/pei/Project/duckdb-polr/third_party/concurrentqueue -I/home/pei/Project/duckdb-polr/third_party/pcg -I/home/pei/Project/duckdb-polr/third_party/tdigest -I/home/pei/Project/duckdb-polr/third_party/mbedtls/include -I/home/pei/Project/duckdb-polr/third_party/jaro_winkler -I/home/pei/Project/duckdb-polr/extension/parquet/include -I/home/pei/Project/duckdb-polr/extension/parquet/../../third_party/parquet -I/home/pei/Project/duckdb-polr/extension/parquet/../../third_party/snappy -I/home/pei/Project/duckdb-polr/extension/parquet/../../third_party/miniz -I/home/pei/Project/duckdb-polr/extension/parquet/../../third_party/thrift -I/home/pei/Project/duckdb-polr/extension/parquet/../../third_party/zstd/include -O3 -DNDEBUG -O3 -DNDEBUG   -fPIC -fdiagnostics-color=always -std=c++11 -MD -MT extension/parquet/CMakeFiles/parquet_loadable_extension.dir/__/__/third_party/parquet/parquet_types.cpp.o -MF extension/parquet/CMakeFiles/parquet_loadable_extension.dir/__/__/third_party/parquet/parquet_types.cpp.o.d -o extension/parquet/CMakeFiles/parquet_loadable_extension.dir/__/__/third_party/parquet/parquet_types.cpp.o -c /home/pei/Project/duckdb-polr/third_party/parquet/parquet_types.cpp
[179/376] /usr/bin/ccache /usr/lib/ccache/c++ -DDUCKDB_BUILD_LIBRARY -DDUCKDB_BUILD_LOADABLE_EXTENSION -DENABLE_CROSS_PRODUCT_REWRITE=0 -DENABLE_DEBUG_PRINT=0 -DENABLE_MEASURE_EXE_TIME=0 -DENABLE_MERGE_BACK_PLAN=0 -DENABLE_PARALLEL_EXECUTION=0 -DENABLE_QUERY_SPLIT=0 -DENABLE_SPECIFY_EST_STAT=0 -I/home/pei/Project/duckdb-polr/src/include -I/home/pei/Project/duckdb-polr/third_party/fsst -I/home/pei/Project/duckdb-polr/third_party/fmt/include -I/home/pei/Project/duckdb-polr/third_party/hyperloglog -I/home/pei/Project/duckdb-polr/third_party/fastpforlib -I/home/pei/Project/duckdb-polr/third_party/fast_float -I/home/pei/Project/duckdb-polr/third_party/re2 -I/home/pei/Project/duckdb-polr/third_party/miniz -I/home/pei/Project/duckdb-polr/third_party/utf8proc/include -I/home/pei/Project/duckdb-polr/third_party/miniparquet -I/home/pei/Project/duckdb-polr/third_party/concurrentqueue -I/home/pei/Project/duckdb-polr/third_party/pcg -I/home/pei/Project/duckdb-polr/third_party/tdigest -I/home/pei/Project/duckdb-polr/third_party/mbedtls/include -I/home/pei/Project/duckdb-polr/third_party/jaro_winkler -I/home/pei/Project/duckdb-polr/extension/parquet/include -I/home/pei/Project/duckdb-polr/extension/parquet/../../third_party/parquet -I/home/pei/Project/duckdb-polr/extension/parquet/../../third_party/snappy -I/home/pei/Project/duckdb-polr/extension/parquet/../../third_party/miniz -I/home/pei/Project/duckdb-polr/extension/parquet/../../third_party/thrift -I/home/pei/Project/duckdb-polr/extension/parquet/../../third_party/zstd/include -O3 -DNDEBUG -O3 -DNDEBUG   -fPIC -fdiagnostics-color=always -std=c++11 -MD -MT extension/parquet/CMakeFiles/parquet_loadable_extension.dir/__/__/third_party/thrift/thrift/protocol/TProtocol.cpp.o -MF extension/parquet/CMakeFiles/parquet_loadable_extension.dir/__/__/third_party/thrift/thrift/protocol/TProtocol.cpp.o.d -o extension/parquet/CMakeFiles/parquet_loadable_extension.dir/__/__/third_party/thrift/thrift/protocol/TProtocol.cpp.o -c /home/pei/Project/duckdb-polr/third_party/thrift/thrift/protocol/TProtocol.cpp
[180/376] /usr/bin/ccache /usr/lib/ccache/c++ -DDUCKDB_BUILD_LIBRARY -DDUCKDB_BUILD_LOADABLE_EXTENSION -DENABLE_CROSS_PRODUCT_REWRITE=0 -DENABLE_DEBUG_PRINT=0 -DENABLE_MEASURE_EXE_TIME=0 -DENABLE_MERGE_BACK_PLAN=0 -DENABLE_PARALLEL_EXECUTION=0 -DENABLE_QUERY_SPLIT=0 -DENABLE_SPECIFY_EST_STAT=0 -I/home/pei/Project/duckdb-polr/src/include -I/home/pei/Project/duckdb-polr/third_party/fsst -I/home/pei/Project/duckdb-polr/third_party/fmt/include -I/home/pei/Project/duckdb-polr/third_party/hyperloglog -I/home/pei/Project/duckdb-polr/third_party/fastpforlib -I/home/pei/Project/duckdb-polr/third_party/fast_float -I/home/pei/Project/duckdb-polr/third_party/re2 -I/home/pei/Project/duckdb-polr/third_party/miniz -I/home/pei/Project/duckdb-polr/third_party/utf8proc/include -I/home/pei/Project/duckdb-polr/third_party/miniparquet -I/home/pei/Project/duckdb-polr/third_party/concurrentqueue -I/home/pei/Project/duckdb-polr/third_party/pcg -I/home/pei/Project/duckdb-polr/third_party/tdigest -I/home/pei/Project/duckdb-polr/third_party/mbedtls/include -I/home/pei/Project/duckdb-polr/third_party/jaro_winkler -I/home/pei/Project/duckdb-polr/extension/parquet/include -I/home/pei/Project/duckdb-polr/extension/parquet/../../third_party/parquet -I/home/pei/Project/duckdb-polr/extension/parquet/../../third_party/snappy -I/home/pei/Project/duckdb-polr/extension/parquet/../../third_party/miniz -I/home/pei/Project/duckdb-polr/extension/parquet/../../third_party/thrift -I/home/pei/Project/duckdb-polr/extension/parquet/../../third_party/zstd/include -O3 -DNDEBUG -O3 -DNDEBUG   -fPIC -fdiagnostics-color=always -std=c++11 -MD -MT extension/parquet/CMakeFiles/parquet_loadable_extension.dir/__/__/third_party/snappy/snappy.cc.o -MF extension/parquet/CMakeFiles/parquet_loadable_extension.dir/__/__/third_party/snappy/snappy.cc.o.d -o extension/parquet/CMakeFiles/parquet_loadable_extension.dir/__/__/third_party/snappy/snappy.cc.o -c /home/pei/Project/duckdb-polr/third_party/snappy/snappy.cc
[181/376] /usr/bin/ccache /usr/lib/ccache/c++ -DDUCKDB_BUILD_LIBRARY -DDUCKDB_BUILD_LOADABLE_EXTENSION -DENABLE_CROSS_PRODUCT_REWRITE=0 -DENABLE_DEBUG_PRINT=0 -DENABLE_MEASURE_EXE_TIME=0 -DENABLE_MERGE_BACK_PLAN=0 -DENABLE_PARALLEL_EXECUTION=0 -DENABLE_QUERY_SPLIT=0 -DENABLE_SPECIFY_EST_STAT=0 -I/home/pei/Project/duckdb-polr/src/include -I/home/pei/Project/duckdb-polr/third_party/fsst -I/home/pei/Project/duckdb-polr/third_party/fmt/include -I/home/pei/Project/duckdb-polr/third_party/hyperloglog -I/home/pei/Project/duckdb-polr/third_party/fastpforlib -I/home/pei/Project/duckdb-polr/third_party/fast_float -I/home/pei/Project/duckdb-polr/third_party/re2 -I/home/pei/Project/duckdb-polr/third_party/miniz -I/home/pei/Project/duckdb-polr/third_party/utf8proc/include -I/home/pei/Project/duckdb-polr/third_party/miniparquet -I/home/pei/Project/duckdb-polr/third_party/concurrentqueue -I/home/pei/Project/duckdb-polr/third_party/pcg -I/home/pei/Project/duckdb-polr/third_party/tdigest -I/home/pei/Project/duckdb-polr/third_party/mbedtls/include -I/home/pei/Project/duckdb-polr/third_party/jaro_winkler -I/home/pei/Project/duckdb-polr/extension/parquet/include -I/home/pei/Project/duckdb-polr/extension/parquet/../../third_party/parquet -I/home/pei/Project/duckdb-polr/extension/parquet/../../third_party/snappy -I/home/pei/Project/duckdb-polr/extension/parquet/../../third_party/miniz -I/home/pei/Project/duckdb-polr/extension/parquet/../../third_party/thrift -I/home/pei/Project/duckdb-polr/extension/parquet/../../third_party/zstd/include -O3 -DNDEBUG -O3 -DNDEBUG   -fPIC -fdiagnostics-color=always -std=c++11 -MD -MT extension/parquet/CMakeFiles/parquet_loadable_extension.dir/__/__/third_party/thrift/thrift/transport/TBufferTransports.cpp.o -MF extension/parquet/CMakeFiles/parquet_loadable_extension.dir/__/__/third_party/thrift/thrift/transport/TBufferTransports.cpp.o.d -o extension/parquet/CMakeFiles/parquet_loadable_extension.dir/__/__/third_party/thrift/thrift/transport/TBufferTransports.cpp.o -c /home/pei/Project/duckdb-polr/third_party/thrift/thrift/transport/TBufferTransports.cpp
[182/376] /usr/bin/ccache /usr/lib/ccache/c++ -DDUCKDB_BUILD_LIBRARY -DDUCKDB_BUILD_LOADABLE_EXTENSION -DENABLE_CROSS_PRODUCT_REWRITE=0 -DENABLE_DEBUG_PRINT=0 -DENABLE_MEASURE_EXE_TIME=0 -DENABLE_MERGE_BACK_PLAN=0 -DENABLE_PARALLEL_EXECUTION=0 -DENABLE_QUERY_SPLIT=0 -DENABLE_SPECIFY_EST_STAT=0 -I/home/pei/Project/duckdb-polr/src/include -I/home/pei/Project/duckdb-polr/third_party/fsst -I/home/pei/Project/duckdb-polr/third_party/fmt/include -I/home/pei/Project/duckdb-polr/third_party/hyperloglog -I/home/pei/Project/duckdb-polr/third_party/fastpforlib -I/home/pei/Project/duckdb-polr/third_party/fast_float -I/home/pei/Project/duckdb-polr/third_party/re2 -I/home/pei/Project/duckdb-polr/third_party/miniz -I/home/pei/Project/duckdb-polr/third_party/utf8proc/include -I/home/pei/Project/duckdb-polr/third_party/miniparquet -I/home/pei/Project/duckdb-polr/third_party/concurrentqueue -I/home/pei/Project/duckdb-polr/third_party/pcg -I/home/pei/Project/duckdb-polr/third_party/tdigest -I/home/pei/Project/duckdb-polr/third_party/mbedtls/include -I/home/pei/Project/duckdb-polr/third_party/jaro_winkler -I/home/pei/Project/duckdb-polr/extension/parquet/include -I/home/pei/Project/duckdb-polr/extension/parquet/../../third_party/parquet -I/home/pei/Project/duckdb-polr/extension/parquet/../../third_party/snappy -I/home/pei/Project/duckdb-polr/extension/parquet/../../third_party/miniz -I/home/pei/Project/duckdb-polr/extension/parquet/../../third_party/thrift -I/home/pei/Project/duckdb-polr/extension/parquet/../../third_party/zstd/include -O3 -DNDEBUG -O3 -DNDEBUG   -fPIC -fdiagnostics-color=always -std=c++11 -MD -MT extension/parquet/CMakeFiles/parquet_loadable_extension.dir/__/__/third_party/zstd/decompress/zstd_ddict.cpp.o -MF extension/parquet/CMakeFiles/parquet_loadable_extension.dir/__/__/third_party/zstd/decompress/zstd_ddict.cpp.o.d -o extension/parquet/CMakeFiles/parquet_loadable_extension.dir/__/__/third_party/zstd/decompress/zstd_ddict.cpp.o -c /home/pei/Project/duckdb-polr/third_party/zstd/decompress/zstd_ddict.cpp
[183/376] /usr/bin/ccache /usr/lib/ccache/c++ -DDUCKDB_BUILD_LIBRARY -DDUCKDB_BUILD_LOADABLE_EXTENSION -DENABLE_CROSS_PRODUCT_REWRITE=0 -DENABLE_DEBUG_PRINT=0 -DENABLE_MEASURE_EXE_TIME=0 -DENABLE_MERGE_BACK_PLAN=0 -DENABLE_PARALLEL_EXECUTION=0 -DENABLE_QUERY_SPLIT=0 -DENABLE_SPECIFY_EST_STAT=0 -I/home/pei/Project/duckdb-polr/src/include -I/home/pei/Project/duckdb-polr/third_party/fsst -I/home/pei/Project/duckdb-polr/third_party/fmt/include -I/home/pei/Project/duckdb-polr/third_party/hyperloglog -I/home/pei/Project/duckdb-polr/third_party/fastpforlib -I/home/pei/Project/duckdb-polr/third_party/fast_float -I/home/pei/Project/duckdb-polr/third_party/re2 -I/home/pei/Project/duckdb-polr/third_party/miniz -I/home/pei/Project/duckdb-polr/third_party/utf8proc/include -I/home/pei/Project/duckdb-polr/third_party/miniparquet -I/home/pei/Project/duckdb-polr/third_party/concurrentqueue -I/home/pei/Project/duckdb-polr/third_party/pcg -I/home/pei/Project/duckdb-polr/third_party/tdigest -I/home/pei/Project/duckdb-polr/third_party/mbedtls/include -I/home/pei/Project/duckdb-polr/third_party/jaro_winkler -I/home/pei/Project/duckdb-polr/extension/parquet/include -I/home/pei/Project/duckdb-polr/extension/parquet/../../third_party/parquet -I/home/pei/Project/duckdb-polr/extension/parquet/../../third_party/snappy -I/home/pei/Project/duckdb-polr/extension/parquet/../../third_party/miniz -I/home/pei/Project/duckdb-polr/extension/parquet/../../third_party/thrift -I/home/pei/Project/duckdb-polr/extension/parquet/../../third_party/zstd/include -O3 -DNDEBUG -O3 -DNDEBUG   -fPIC -fdiagnostics-color=always -std=c++11 -MD -MT extension/parquet/CMakeFiles/parquet_loadable_extension.dir/__/__/third_party/zstd/decompress/zstd_decompress_block.cpp.o -MF extension/parquet/CMakeFiles/parquet_loadable_extension.dir/__/__/third_party/zstd/decompress/zstd_decompress_block.cpp.o.d -o extension/parquet/CMakeFiles/parquet_loadable_extension.dir/__/__/third_party/zstd/decompress/zstd_decompress_block.cpp.o -c /home/pei/Project/duckdb-polr/third_party/zstd/decompress/zstd_decompress_block.cpp
[184/376] /usr/bin/ccache /usr/lib/ccache/c++ -DDUCKDB_BUILD_LIBRARY -DDUCKDB_BUILD_LOADABLE_EXTENSION -DENABLE_CROSS_PRODUCT_REWRITE=0 -DENABLE_DEBUG_PRINT=0 -DENABLE_MEASURE_EXE_TIME=0 -DENABLE_MERGE_BACK_PLAN=0 -DENABLE_PARALLEL_EXECUTION=0 -DENABLE_QUERY_SPLIT=0 -DENABLE_SPECIFY_EST_STAT=0 -I/home/pei/Project/duckdb-polr/src/include -I/home/pei/Project/duckdb-polr/third_party/fsst -I/home/pei/Project/duckdb-polr/third_party/fmt/include -I/home/pei/Project/duckdb-polr/third_party/hyperloglog -I/home/pei/Project/duckdb-polr/third_party/fastpforlib -I/home/pei/Project/duckdb-polr/third_party/fast_float -I/home/pei/Project/duckdb-polr/third_party/re2 -I/home/pei/Project/duckdb-polr/third_party/miniz -I/home/pei/Project/duckdb-polr/third_party/utf8proc/include -I/home/pei/Project/duckdb-polr/third_party/miniparquet -I/home/pei/Project/duckdb-polr/third_party/concurrentqueue -I/home/pei/Project/duckdb-polr/third_party/pcg -I/home/pei/Project/duckdb-polr/third_party/tdigest -I/home/pei/Project/duckdb-polr/third_party/mbedtls/include -I/home/pei/Project/duckdb-polr/third_party/jaro_winkler -I/home/pei/Project/duckdb-polr/extension/parquet/include -I/home/pei/Project/duckdb-polr/extension/parquet/../../third_party/parquet -I/home/pei/Project/duckdb-polr/extension/parquet/../../third_party/snappy -I/home/pei/Project/duckdb-polr/extension/parquet/../../third_party/miniz -I/home/pei/Project/duckdb-polr/extension/parquet/../../third_party/thrift -I/home/pei/Project/duckdb-polr/extension/parquet/../../third_party/zstd/include -O3 -DNDEBUG -O3 -DNDEBUG   -fPIC -fdiagnostics-color=always -std=c++11 -MD -MT extension/parquet/CMakeFiles/parquet_loadable_extension.dir/__/__/third_party/zstd/decompress/huf_decompress.cpp.o -MF extension/parquet/CMakeFiles/parquet_loadable_extension.dir/__/__/third_party/zstd/decompress/huf_decompress.cpp.o.d -o extension/parquet/CMakeFiles/parquet_loadable_extension.dir/__/__/third_party/zstd/decompress/huf_decompress.cpp.o -c /home/pei/Project/duckdb-polr/third_party/zstd/decompress/huf_decompress.cpp
[185/376] /usr/bin/ccache /usr/lib/ccache/c++ -DDUCKDB_BUILD_LIBRARY -DDUCKDB_BUILD_LOADABLE_EXTENSION -DENABLE_CROSS_PRODUCT_REWRITE=0 -DENABLE_DEBUG_PRINT=0 -DENABLE_MEASURE_EXE_TIME=0 -DENABLE_MERGE_BACK_PLAN=0 -DENABLE_PARALLEL_EXECUTION=0 -DENABLE_QUERY_SPLIT=0 -DENABLE_SPECIFY_EST_STAT=0 -I/home/pei/Project/duckdb-polr/src/include -I/home/pei/Project/duckdb-polr/third_party/fsst -I/home/pei/Project/duckdb-polr/third_party/fmt/include -I/home/pei/Project/duckdb-polr/third_party/hyperloglog -I/home/pei/Project/duckdb-polr/third_party/fastpforlib -I/home/pei/Project/duckdb-polr/third_party/fast_float -I/home/pei/Project/duckdb-polr/third_party/re2 -I/home/pei/Project/duckdb-polr/third_party/miniz -I/home/pei/Project/duckdb-polr/third_party/utf8proc/include -I/home/pei/Project/duckdb-polr/third_party/miniparquet -I/home/pei/Project/duckdb-polr/third_party/concurrentqueue -I/home/pei/Project/duckdb-polr/third_party/pcg -I/home/pei/Project/duckdb-polr/third_party/tdigest -I/home/pei/Project/duckdb-polr/third_party/mbedtls/include -I/home/pei/Project/duckdb-polr/third_party/jaro_winkler -I/home/pei/Project/duckdb-polr/extension/parquet/include -I/home/pei/Project/duckdb-polr/extension/parquet/../../third_party/parquet -I/home/pei/Project/duckdb-polr/extension/parquet/../../third_party/snappy -I/home/pei/Project/duckdb-polr/extension/parquet/../../third_party/miniz -I/home/pei/Project/duckdb-polr/extension/parquet/../../third_party/thrift -I/home/pei/Project/duckdb-polr/extension/parquet/../../third_party/zstd/include -O3 -DNDEBUG -O3 -DNDEBUG   -fPIC -fdiagnostics-color=always -std=c++11 -MD -MT extension/parquet/CMakeFiles/parquet_loadable_extension.dir/__/__/third_party/zstd/decompress/zstd_decompress.cpp.o -MF extension/parquet/CMakeFiles/parquet_loadable_extension.dir/__/__/third_party/zstd/decompress/zstd_decompress.cpp.o.d -o extension/parquet/CMakeFiles/parquet_loadable_extension.dir/__/__/third_party/zstd/decompress/zstd_decompress.cpp.o -c /home/pei/Project/duckdb-polr/third_party/zstd/decompress/zstd_decompress.cpp
[186/376] /usr/bin/ccache /usr/lib/ccache/c++ -DDUCKDB_BUILD_LIBRARY -DDUCKDB_BUILD_LOADABLE_EXTENSION -DENABLE_CROSS_PRODUCT_REWRITE=0 -DENABLE_DEBUG_PRINT=0 -DENABLE_MEASURE_EXE_TIME=0 -DENABLE_MERGE_BACK_PLAN=0 -DENABLE_PARALLEL_EXECUTION=0 -DENABLE_QUERY_SPLIT=0 -DENABLE_SPECIFY_EST_STAT=0 -I/home/pei/Project/duckdb-polr/src/include -I/home/pei/Project/duckdb-polr/third_party/fsst -I/home/pei/Project/duckdb-polr/third_party/fmt/include -I/home/pei/Project/duckdb-polr/third_party/hyperloglog -I/home/pei/Project/duckdb-polr/third_party/fastpforlib -I/home/pei/Project/duckdb-polr/third_party/fast_float -I/home/pei/Project/duckdb-polr/third_party/re2 -I/home/pei/Project/duckdb-polr/third_party/miniz -I/home/pei/Project/duckdb-polr/third_party/utf8proc/include -I/home/pei/Project/duckdb-polr/third_party/miniparquet -I/home/pei/Project/duckdb-polr/third_party/concurrentqueue -I/home/pei/Project/duckdb-polr/third_party/pcg -I/home/pei/Project/duckdb-polr/third_party/tdigest -I/home/pei/Project/duckdb-polr/third_party/mbedtls/include -I/home/pei/Project/duckdb-polr/third_party/jaro_winkler -I/home/pei/Project/duckdb-polr/extension/parquet/include -I/home/pei/Project/duckdb-polr/extension/parquet/../../third_party/parquet -I/home/pei/Project/duckdb-polr/extension/parquet/../../third_party/snappy -I/home/pei/Project/duckdb-polr/extension/parquet/../../third_party/miniz -I/home/pei/Project/duckdb-polr/extension/parquet/../../third_party/thrift -I/home/pei/Project/duckdb-polr/extension/parquet/../../third_party/zstd/include -O3 -DNDEBUG -O3 -DNDEBUG   -fPIC -fdiagnostics-color=always -std=c++11 -MD -MT extension/parquet/CMakeFiles/parquet_loadable_extension.dir/__/__/third_party/zstd/common/entropy_common.cpp.o -MF extension/parquet/CMakeFiles/parquet_loadable_extension.dir/__/__/third_party/zstd/common/entropy_common.cpp.o.d -o extension/parquet/CMakeFiles/parquet_loadable_extension.dir/__/__/third_party/zstd/common/entropy_common.cpp.o -c /home/pei/Project/duckdb-polr/third_party/zstd/common/entropy_common.cpp
[187/376] /usr/bin/ccache /usr/lib/ccache/c++ -DDUCKDB_BUILD_LIBRARY -DDUCKDB_BUILD_LOADABLE_EXTENSION -DENABLE_CROSS_PRODUCT_REWRITE=0 -DENABLE_DEBUG_PRINT=0 -DENABLE_MEASURE_EXE_TIME=0 -DENABLE_MERGE_BACK_PLAN=0 -DENABLE_PARALLEL_EXECUTION=0 -DENABLE_QUERY_SPLIT=0 -DENABLE_SPECIFY_EST_STAT=0 -I/home/pei/Project/duckdb-polr/src/include -I/home/pei/Project/duckdb-polr/third_party/fsst -I/home/pei/Project/duckdb-polr/third_party/fmt/include -I/home/pei/Project/duckdb-polr/third_party/hyperloglog -I/home/pei/Project/duckdb-polr/third_party/fastpforlib -I/home/pei/Project/duckdb-polr/third_party/fast_float -I/home/pei/Project/duckdb-polr/third_party/re2 -I/home/pei/Project/duckdb-polr/third_party/miniz -I/home/pei/Project/duckdb-polr/third_party/utf8proc/include -I/home/pei/Project/duckdb-polr/third_party/miniparquet -I/home/pei/Project/duckdb-polr/third_party/concurrentqueue -I/home/pei/Project/duckdb-polr/third_party/pcg -I/home/pei/Project/duckdb-polr/third_party/tdigest -I/home/pei/Project/duckdb-polr/third_party/mbedtls/include -I/home/pei/Project/duckdb-polr/third_party/jaro_winkler -I/home/pei/Project/duckdb-polr/extension/parquet/include -I/home/pei/Project/duckdb-polr/extension/parquet/../../third_party/parquet -I/home/pei/Project/duckdb-polr/extension/parquet/../../third_party/snappy -I/home/pei/Project/duckdb-polr/extension/parquet/../../third_party/miniz -I/home/pei/Project/duckdb-polr/extension/parquet/../../third_party/thrift -I/home/pei/Project/duckdb-polr/extension/parquet/../../third_party/zstd/include -O3 -DNDEBUG -O3 -DNDEBUG   -fPIC -fdiagnostics-color=always -std=c++11 -MD -MT extension/parquet/CMakeFiles/parquet_loadable_extension.dir/column_reader.cpp.o -MF extension/parquet/CMakeFiles/parquet_loadable_extension.dir/column_reader.cpp.o.d -o extension/parquet/CMakeFiles/parquet_loadable_extension.dir/column_reader.cpp.o -c /home/pei/Project/duckdb-polr/extension/parquet/column_reader.cpp
[188/376] /usr/bin/ccache /usr/lib/ccache/c++ -DDUCKDB_BUILD_LIBRARY -DDUCKDB_BUILD_LOADABLE_EXTENSION -DENABLE_CROSS_PRODUCT_REWRITE=0 -DENABLE_DEBUG_PRINT=0 -DENABLE_MEASURE_EXE_TIME=0 -DENABLE_MERGE_BACK_PLAN=0 -DENABLE_PARALLEL_EXECUTION=0 -DENABLE_QUERY_SPLIT=0 -DENABLE_SPECIFY_EST_STAT=0 -I/home/pei/Project/duckdb-polr/src/include -I/home/pei/Project/duckdb-polr/third_party/fsst -I/home/pei/Project/duckdb-polr/third_party/fmt/include -I/home/pei/Project/duckdb-polr/third_party/hyperloglog -I/home/pei/Project/duckdb-polr/third_party/fastpforlib -I/home/pei/Project/duckdb-polr/third_party/fast_float -I/home/pei/Project/duckdb-polr/third_party/re2 -I/home/pei/Project/duckdb-polr/third_party/miniz -I/home/pei/Project/duckdb-polr/third_party/utf8proc/include -I/home/pei/Project/duckdb-polr/third_party/miniparquet -I/home/pei/Project/duckdb-polr/third_party/concurrentqueue -I/home/pei/Project/duckdb-polr/third_party/pcg -I/home/pei/Project/duckdb-polr/third_party/tdigest -I/home/pei/Project/duckdb-polr/third_party/mbedtls/include -I/home/pei/Project/duckdb-polr/third_party/jaro_winkler -I/home/pei/Project/duckdb-polr/extension/parquet/include -I/home/pei/Project/duckdb-polr/extension/parquet/../../third_party/parquet -I/home/pei/Project/duckdb-polr/extension/parquet/../../third_party/snappy -I/home/pei/Project/duckdb-polr/extension/parquet/../../third_party/miniz -I/home/pei/Project/duckdb-polr/extension/parquet/../../third_party/thrift -I/home/pei/Project/duckdb-polr/extension/parquet/../../third_party/zstd/include -O3 -DNDEBUG -O3 -DNDEBUG   -fPIC -fdiagnostics-color=always -std=c++11 -MD -MT extension/parquet/CMakeFiles/parquet_loadable_extension.dir/__/__/third_party/zstd/common/fse_decompress.cpp.o -MF extension/parquet/CMakeFiles/parquet_loadable_extension.dir/__/__/third_party/zstd/common/fse_decompress.cpp.o.d -o extension/parquet/CMakeFiles/parquet_loadable_extension.dir/__/__/third_party/zstd/common/fse_decompress.cpp.o -c /home/pei/Project/duckdb-polr/third_party/zstd/common/fse_decompress.cpp
[189/376] /usr/bin/ccache /usr/lib/ccache/c++ -DDUCKDB_BUILD_LIBRARY -DDUCKDB_BUILD_LOADABLE_EXTENSION -DENABLE_CROSS_PRODUCT_REWRITE=0 -DENABLE_DEBUG_PRINT=0 -DENABLE_MEASURE_EXE_TIME=0 -DENABLE_MERGE_BACK_PLAN=0 -DENABLE_PARALLEL_EXECUTION=0 -DENABLE_QUERY_SPLIT=0 -DENABLE_SPECIFY_EST_STAT=0 -I/home/pei/Project/duckdb-polr/src/include -I/home/pei/Project/duckdb-polr/third_party/fsst -I/home/pei/Project/duckdb-polr/third_party/fmt/include -I/home/pei/Project/duckdb-polr/third_party/hyperloglog -I/home/pei/Project/duckdb-polr/third_party/fastpforlib -I/home/pei/Project/duckdb-polr/third_party/fast_float -I/home/pei/Project/duckdb-polr/third_party/re2 -I/home/pei/Project/duckdb-polr/third_party/miniz -I/home/pei/Project/duckdb-polr/third_party/utf8proc/include -I/home/pei/Project/duckdb-polr/third_party/miniparquet -I/home/pei/Project/duckdb-polr/third_party/concurrentqueue -I/home/pei/Project/duckdb-polr/third_party/pcg -I/home/pei/Project/duckdb-polr/third_party/tdigest -I/home/pei/Project/duckdb-polr/third_party/mbedtls/include -I/home/pei/Project/duckdb-polr/third_party/jaro_winkler -I/home/pei/Project/duckdb-polr/extension/parquet/include -I/home/pei/Project/duckdb-polr/extension/parquet/../../third_party/parquet -I/home/pei/Project/duckdb-polr/extension/parquet/../../third_party/snappy -I/home/pei/Project/duckdb-polr/extension/parquet/../../third_party/miniz -I/home/pei/Project/duckdb-polr/extension/parquet/../../third_party/thrift -I/home/pei/Project/duckdb-polr/extension/parquet/../../third_party/zstd/include -O3 -DNDEBUG -O3 -DNDEBUG   -fPIC -fdiagnostics-color=always -std=c++11 -MD -MT extension/parquet/CMakeFiles/parquet_loadable_extension.dir/__/__/third_party/zstd/common/error_private.cpp.o -MF extension/parquet/CMakeFiles/parquet_loadable_extension.dir/__/__/third_party/zstd/common/error_private.cpp.o.d -o extension/parquet/CMakeFiles/parquet_loadable_extension.dir/__/__/third_party/zstd/common/error_private.cpp.o -c /home/pei/Project/duckdb-polr/third_party/zstd/common/error_private.cpp
[190/376] /usr/bin/ccache /usr/lib/ccache/c++ -DDUCKDB_BUILD_LIBRARY -DDUCKDB_BUILD_LOADABLE_EXTENSION -DENABLE_CROSS_PRODUCT_REWRITE=0 -DENABLE_DEBUG_PRINT=0 -DENABLE_MEASURE_EXE_TIME=0 -DENABLE_MERGE_BACK_PLAN=0 -DENABLE_PARALLEL_EXECUTION=0 -DENABLE_QUERY_SPLIT=0 -DENABLE_SPECIFY_EST_STAT=0 -I/home/pei/Project/duckdb-polr/src/include -I/home/pei/Project/duckdb-polr/third_party/fsst -I/home/pei/Project/duckdb-polr/third_party/fmt/include -I/home/pei/Project/duckdb-polr/third_party/hyperloglog -I/home/pei/Project/duckdb-polr/third_party/fastpforlib -I/home/pei/Project/duckdb-polr/third_party/fast_float -I/home/pei/Project/duckdb-polr/third_party/re2 -I/home/pei/Project/duckdb-polr/third_party/miniz -I/home/pei/Project/duckdb-polr/third_party/utf8proc/include -I/home/pei/Project/duckdb-polr/third_party/miniparquet -I/home/pei/Project/duckdb-polr/third_party/concurrentqueue -I/home/pei/Project/duckdb-polr/third_party/pcg -I/home/pei/Project/duckdb-polr/third_party/tdigest -I/home/pei/Project/duckdb-polr/third_party/mbedtls/include -I/home/pei/Project/duckdb-polr/third_party/jaro_winkler -I/home/pei/Project/duckdb-polr/extension/parquet/include -I/home/pei/Project/duckdb-polr/extension/parquet/../../third_party/parquet -I/home/pei/Project/duckdb-polr/extension/parquet/../../third_party/snappy -I/home/pei/Project/duckdb-polr/extension/parquet/../../third_party/miniz -I/home/pei/Project/duckdb-polr/extension/parquet/../../third_party/thrift -I/home/pei/Project/duckdb-polr/extension/parquet/../../third_party/zstd/include -O3 -DNDEBUG -O3 -DNDEBUG   -fPIC -fdiagnostics-color=always -std=c++11 -MD -MT extension/parquet/CMakeFiles/parquet_loadable_extension.dir/__/__/third_party/zstd/compress/fse_compress.cpp.o -MF extension/parquet/CMakeFiles/parquet_loadable_extension.dir/__/__/third_party/zstd/compress/fse_compress.cpp.o.d -o extension/parquet/CMakeFiles/parquet_loadable_extension.dir/__/__/third_party/zstd/compress/fse_compress.cpp.o -c /home/pei/Project/duckdb-polr/third_party/zstd/compress/fse_compress.cpp
[191/376] /usr/bin/ccache /usr/lib/ccache/c++ -DDUCKDB_BUILD_LIBRARY -DDUCKDB_BUILD_LOADABLE_EXTENSION -DENABLE_CROSS_PRODUCT_REWRITE=0 -DENABLE_DEBUG_PRINT=0 -DENABLE_MEASURE_EXE_TIME=0 -DENABLE_MERGE_BACK_PLAN=0 -DENABLE_PARALLEL_EXECUTION=0 -DENABLE_QUERY_SPLIT=0 -DENABLE_SPECIFY_EST_STAT=0 -I/home/pei/Project/duckdb-polr/src/include -I/home/pei/Project/duckdb-polr/third_party/fsst -I/home/pei/Project/duckdb-polr/third_party/fmt/include -I/home/pei/Project/duckdb-polr/third_party/hyperloglog -I/home/pei/Project/duckdb-polr/third_party/fastpforlib -I/home/pei/Project/duckdb-polr/third_party/fast_float -I/home/pei/Project/duckdb-polr/third_party/re2 -I/home/pei/Project/duckdb-polr/third_party/miniz -I/home/pei/Project/duckdb-polr/third_party/utf8proc/include -I/home/pei/Project/duckdb-polr/third_party/miniparquet -I/home/pei/Project/duckdb-polr/third_party/concurrentqueue -I/home/pei/Project/duckdb-polr/third_party/pcg -I/home/pei/Project/duckdb-polr/third_party/tdigest -I/home/pei/Project/duckdb-polr/third_party/mbedtls/include -I/home/pei/Project/duckdb-polr/third_party/jaro_winkler -I/home/pei/Project/duckdb-polr/extension/parquet/include -I/home/pei/Project/duckdb-polr/extension/parquet/../../third_party/parquet -I/home/pei/Project/duckdb-polr/extension/parquet/../../third_party/snappy -I/home/pei/Project/duckdb-polr/extension/parquet/../../third_party/miniz -I/home/pei/Project/duckdb-polr/extension/parquet/../../third_party/thrift -I/home/pei/Project/duckdb-polr/extension/parquet/../../third_party/zstd/include -O3 -DNDEBUG -O3 -DNDEBUG   -fPIC -fdiagnostics-color=always -std=c++11 -MD -MT extension/parquet/CMakeFiles/parquet_loadable_extension.dir/__/__/third_party/zstd/compress/huf_compress.cpp.o -MF extension/parquet/CMakeFiles/parquet_loadable_extension.dir/__/__/third_party/zstd/compress/huf_compress.cpp.o.d -o extension/parquet/CMakeFiles/parquet_loadable_extension.dir/__/__/third_party/zstd/compress/huf_compress.cpp.o -c /home/pei/Project/duckdb-polr/third_party/zstd/compress/huf_compress.cpp
[192/376] /usr/bin/ccache /usr/lib/ccache/c++ -DDUCKDB_BUILD_LIBRARY -DDUCKDB_BUILD_LOADABLE_EXTENSION -DENABLE_CROSS_PRODUCT_REWRITE=0 -DENABLE_DEBUG_PRINT=0 -DENABLE_MEASURE_EXE_TIME=0 -DENABLE_MERGE_BACK_PLAN=0 -DENABLE_PARALLEL_EXECUTION=0 -DENABLE_QUERY_SPLIT=0 -DENABLE_SPECIFY_EST_STAT=0 -I/home/pei/Project/duckdb-polr/src/include -I/home/pei/Project/duckdb-polr/third_party/fsst -I/home/pei/Project/duckdb-polr/third_party/fmt/include -I/home/pei/Project/duckdb-polr/third_party/hyperloglog -I/home/pei/Project/duckdb-polr/third_party/fastpforlib -I/home/pei/Project/duckdb-polr/third_party/fast_float -I/home/pei/Project/duckdb-polr/third_party/re2 -I/home/pei/Project/duckdb-polr/third_party/miniz -I/home/pei/Project/duckdb-polr/third_party/utf8proc/include -I/home/pei/Project/duckdb-polr/third_party/miniparquet -I/home/pei/Project/duckdb-polr/third_party/concurrentqueue -I/home/pei/Project/duckdb-polr/third_party/pcg -I/home/pei/Project/duckdb-polr/third_party/tdigest -I/home/pei/Project/duckdb-polr/third_party/mbedtls/include -I/home/pei/Project/duckdb-polr/third_party/jaro_winkler -I/home/pei/Project/duckdb-polr/extension/parquet/include -I/home/pei/Project/duckdb-polr/extension/parquet/../../third_party/parquet -I/home/pei/Project/duckdb-polr/extension/parquet/../../third_party/snappy -I/home/pei/Project/duckdb-polr/extension/parquet/../../third_party/miniz -I/home/pei/Project/duckdb-polr/extension/parquet/../../third_party/thrift -I/home/pei/Project/duckdb-polr/extension/parquet/../../third_party/zstd/include -O3 -DNDEBUG -O3 -DNDEBUG   -fPIC -fdiagnostics-color=always -std=c++11 -MD -MT extension/parquet/CMakeFiles/parquet_loadable_extension.dir/__/__/third_party/zstd/compress/hist.cpp.o -MF extension/parquet/CMakeFiles/parquet_loadable_extension.dir/__/__/third_party/zstd/compress/hist.cpp.o.d -o extension/parquet/CMakeFiles/parquet_loadable_extension.dir/__/__/third_party/zstd/compress/hist.cpp.o -c /home/pei/Project/duckdb-polr/third_party/zstd/compress/hist.cpp
[193/376] /usr/bin/ccache /usr/lib/ccache/c++ -DDUCKDB_BUILD_LIBRARY -DDUCKDB_BUILD_LOADABLE_EXTENSION -DENABLE_CROSS_PRODUCT_REWRITE=0 -DENABLE_DEBUG_PRINT=0 -DENABLE_MEASURE_EXE_TIME=0 -DENABLE_MERGE_BACK_PLAN=0 -DENABLE_PARALLEL_EXECUTION=0 -DENABLE_QUERY_SPLIT=0 -DENABLE_SPECIFY_EST_STAT=0 -I/home/pei/Project/duckdb-polr/src/include -I/home/pei/Project/duckdb-polr/third_party/fsst -I/home/pei/Project/duckdb-polr/third_party/fmt/include -I/home/pei/Project/duckdb-polr/third_party/hyperloglog -I/home/pei/Project/duckdb-polr/third_party/fastpforlib -I/home/pei/Project/duckdb-polr/third_party/fast_float -I/home/pei/Project/duckdb-polr/third_party/re2 -I/home/pei/Project/duckdb-polr/third_party/miniz -I/home/pei/Project/duckdb-polr/third_party/utf8proc/include -I/home/pei/Project/duckdb-polr/third_party/miniparquet -I/home/pei/Project/duckdb-polr/third_party/concurrentqueue -I/home/pei/Project/duckdb-polr/third_party/pcg -I/home/pei/Project/duckdb-polr/third_party/tdigest -I/home/pei/Project/duckdb-polr/third_party/mbedtls/include -I/home/pei/Project/duckdb-polr/third_party/jaro_winkler -I/home/pei/Project/duckdb-polr/extension/parquet/include -I/home/pei/Project/duckdb-polr/extension/parquet/../../third_party/parquet -I/home/pei/Project/duckdb-polr/extension/parquet/../../third_party/snappy -I/home/pei/Project/duckdb-polr/extension/parquet/../../third_party/miniz -I/home/pei/Project/duckdb-polr/extension/parquet/../../third_party/thrift -I/home/pei/Project/duckdb-polr/extension/parquet/../../third_party/zstd/include -O3 -DNDEBUG -O3 -DNDEBUG   -fPIC -fdiagnostics-color=always -std=c++11 -MD -MT extension/parquet/CMakeFiles/parquet_loadable_extension.dir/__/__/third_party/zstd/compress/zstd_compress_literals.cpp.o -MF extension/parquet/CMakeFiles/parquet_loadable_extension.dir/__/__/third_party/zstd/compress/zstd_compress_literals.cpp.o.d -o extension/parquet/CMakeFiles/parquet_loadable_extension.dir/__/__/third_party/zstd/compress/zstd_compress_literals.cpp.o -c /home/pei/Project/duckdb-polr/third_party/zstd/compress/zstd_compress_literals.cpp
[194/376] /usr/bin/ccache /usr/lib/ccache/c++ -DDUCKDB_BUILD_LIBRARY -DDUCKDB_BUILD_LOADABLE_EXTENSION -DENABLE_CROSS_PRODUCT_REWRITE=0 -DENABLE_DEBUG_PRINT=0 -DENABLE_MEASURE_EXE_TIME=0 -DENABLE_MERGE_BACK_PLAN=0 -DENABLE_PARALLEL_EXECUTION=0 -DENABLE_QUERY_SPLIT=0 -DENABLE_SPECIFY_EST_STAT=0 -I/home/pei/Project/duckdb-polr/src/include -I/home/pei/Project/duckdb-polr/third_party/fsst -I/home/pei/Project/duckdb-polr/third_party/fmt/include -I/home/pei/Project/duckdb-polr/third_party/hyperloglog -I/home/pei/Project/duckdb-polr/third_party/fastpforlib -I/home/pei/Project/duckdb-polr/third_party/fast_float -I/home/pei/Project/duckdb-polr/third_party/re2 -I/home/pei/Project/duckdb-polr/third_party/miniz -I/home/pei/Project/duckdb-polr/third_party/utf8proc/include -I/home/pei/Project/duckdb-polr/third_party/miniparquet -I/home/pei/Project/duckdb-polr/third_party/concurrentqueue -I/home/pei/Project/duckdb-polr/third_party/pcg -I/home/pei/Project/duckdb-polr/third_party/tdigest -I/home/pei/Project/duckdb-polr/third_party/mbedtls/include -I/home/pei/Project/duckdb-polr/third_party/jaro_winkler -I/home/pei/Project/duckdb-polr/extension/parquet/include -I/home/pei/Project/duckdb-polr/extension/parquet/../../third_party/parquet -I/home/pei/Project/duckdb-polr/extension/parquet/../../third_party/snappy -I/home/pei/Project/duckdb-polr/extension/parquet/../../third_party/miniz -I/home/pei/Project/duckdb-polr/extension/parquet/../../third_party/thrift -I/home/pei/Project/duckdb-polr/extension/parquet/../../third_party/zstd/include -O3 -DNDEBUG -O3 -DNDEBUG   -fPIC -fdiagnostics-color=always -std=c++11 -MD -MT extension/parquet/CMakeFiles/parquet_loadable_extension.dir/__/__/third_party/zstd/common/zstd_common.cpp.o -MF extension/parquet/CMakeFiles/parquet_loadable_extension.dir/__/__/third_party/zstd/common/zstd_common.cpp.o.d -o extension/parquet/CMakeFiles/parquet_loadable_extension.dir/__/__/third_party/zstd/common/zstd_common.cpp.o -c /home/pei/Project/duckdb-polr/third_party/zstd/common/zstd_common.cpp
[195/376] /usr/bin/ccache /usr/lib/ccache/c++ -DDUCKDB_BUILD_LIBRARY -DDUCKDB_BUILD_LOADABLE_EXTENSION -DENABLE_CROSS_PRODUCT_REWRITE=0 -DENABLE_DEBUG_PRINT=0 -DENABLE_MEASURE_EXE_TIME=0 -DENABLE_MERGE_BACK_PLAN=0 -DENABLE_PARALLEL_EXECUTION=0 -DENABLE_QUERY_SPLIT=0 -DENABLE_SPECIFY_EST_STAT=0 -I/home/pei/Project/duckdb-polr/src/include -I/home/pei/Project/duckdb-polr/third_party/fsst -I/home/pei/Project/duckdb-polr/third_party/fmt/include -I/home/pei/Project/duckdb-polr/third_party/hyperloglog -I/home/pei/Project/duckdb-polr/third_party/fastpforlib -I/home/pei/Project/duckdb-polr/third_party/fast_float -I/home/pei/Project/duckdb-polr/third_party/re2 -I/home/pei/Project/duckdb-polr/third_party/miniz -I/home/pei/Project/duckdb-polr/third_party/utf8proc/include -I/home/pei/Project/duckdb-polr/third_party/miniparquet -I/home/pei/Project/duckdb-polr/third_party/concurrentqueue -I/home/pei/Project/duckdb-polr/third_party/pcg -I/home/pei/Project/duckdb-polr/third_party/tdigest -I/home/pei/Project/duckdb-polr/third_party/mbedtls/include -I/home/pei/Project/duckdb-polr/third_party/jaro_winkler -I/home/pei/Project/duckdb-polr/extension/parquet/include -I/home/pei/Project/duckdb-polr/extension/parquet/../../third_party/parquet -I/home/pei/Project/duckdb-polr/extension/parquet/../../third_party/snappy -I/home/pei/Project/duckdb-polr/extension/parquet/../../third_party/miniz -I/home/pei/Project/duckdb-polr/extension/parquet/../../third_party/thrift -I/home/pei/Project/duckdb-polr/extension/parquet/../../third_party/zstd/include -O3 -DNDEBUG -O3 -DNDEBUG   -fPIC -fdiagnostics-color=always -std=c++11 -MD -MT extension/parquet/CMakeFiles/parquet_loadable_extension.dir/__/__/third_party/zstd/common/xxhash.cpp.o -MF extension/parquet/CMakeFiles/parquet_loadable_extension.dir/__/__/third_party/zstd/common/xxhash.cpp.o.d -o extension/parquet/CMakeFiles/parquet_loadable_extension.dir/__/__/third_party/zstd/common/xxhash.cpp.o -c /home/pei/Project/duckdb-polr/third_party/zstd/common/xxhash.cpp
[196/376] /usr/bin/ccache /usr/lib/ccache/c++ -DDUCKDB_BUILD_LIBRARY -DDUCKDB_BUILD_LOADABLE_EXTENSION -DENABLE_CROSS_PRODUCT_REWRITE=0 -DENABLE_DEBUG_PRINT=0 -DENABLE_MEASURE_EXE_TIME=0 -DENABLE_MERGE_BACK_PLAN=0 -DENABLE_PARALLEL_EXECUTION=0 -DENABLE_QUERY_SPLIT=0 -DENABLE_SPECIFY_EST_STAT=0 -I/home/pei/Project/duckdb-polr/src/include -I/home/pei/Project/duckdb-polr/third_party/fsst -I/home/pei/Project/duckdb-polr/third_party/fmt/include -I/home/pei/Project/duckdb-polr/third_party/hyperloglog -I/home/pei/Project/duckdb-polr/third_party/fastpforlib -I/home/pei/Project/duckdb-polr/third_party/fast_float -I/home/pei/Project/duckdb-polr/third_party/re2 -I/home/pei/Project/duckdb-polr/third_party/miniz -I/home/pei/Project/duckdb-polr/third_party/utf8proc/include -I/home/pei/Project/duckdb-polr/third_party/miniparquet -I/home/pei/Project/duckdb-polr/third_party/concurrentqueue -I/home/pei/Project/duckdb-polr/third_party/pcg -I/home/pei/Project/duckdb-polr/third_party/tdigest -I/home/pei/Project/duckdb-polr/third_party/mbedtls/include -I/home/pei/Project/duckdb-polr/third_party/jaro_winkler -I/home/pei/Project/duckdb-polr/extension/parquet/include -I/home/pei/Project/duckdb-polr/extension/parquet/../../third_party/parquet -I/home/pei/Project/duckdb-polr/extension/parquet/../../third_party/snappy -I/home/pei/Project/duckdb-polr/extension/parquet/../../third_party/miniz -I/home/pei/Project/duckdb-polr/extension/parquet/../../third_party/thrift -I/home/pei/Project/duckdb-polr/extension/parquet/../../third_party/zstd/include -O3 -DNDEBUG -O3 -DNDEBUG   -fPIC -fdiagnostics-color=always -std=c++11 -MD -MT extension/parquet/CMakeFiles/parquet_loadable_extension.dir/__/__/third_party/zstd/compress/zstd_compress_sequences.cpp.o -MF extension/parquet/CMakeFiles/parquet_loadable_extension.dir/__/__/third_party/zstd/compress/zstd_compress_sequences.cpp.o.d -o extension/parquet/CMakeFiles/parquet_loadable_extension.dir/__/__/third_party/zstd/compress/zstd_compress_sequences.cpp.o -c /home/pei/Project/duckdb-polr/third_party/zstd/compress/zstd_compress_sequences.cpp
[197/376] /usr/bin/ccache /usr/lib/ccache/c++ -DDUCKDB_BUILD_LIBRARY -DDUCKDB_BUILD_LOADABLE_EXTENSION -DENABLE_CROSS_PRODUCT_REWRITE=0 -DENABLE_DEBUG_PRINT=0 -DENABLE_MEASURE_EXE_TIME=0 -DENABLE_MERGE_BACK_PLAN=0 -DENABLE_PARALLEL_EXECUTION=0 -DENABLE_QUERY_SPLIT=0 -DENABLE_SPECIFY_EST_STAT=0 -I/home/pei/Project/duckdb-polr/src/include -I/home/pei/Project/duckdb-polr/third_party/fsst -I/home/pei/Project/duckdb-polr/third_party/fmt/include -I/home/pei/Project/duckdb-polr/third_party/hyperloglog -I/home/pei/Project/duckdb-polr/third_party/fastpforlib -I/home/pei/Project/duckdb-polr/third_party/fast_float -I/home/pei/Project/duckdb-polr/third_party/re2 -I/home/pei/Project/duckdb-polr/third_party/miniz -I/home/pei/Project/duckdb-polr/third_party/utf8proc/include -I/home/pei/Project/duckdb-polr/third_party/miniparquet -I/home/pei/Project/duckdb-polr/third_party/concurrentqueue -I/home/pei/Project/duckdb-polr/third_party/pcg -I/home/pei/Project/duckdb-polr/third_party/tdigest -I/home/pei/Project/duckdb-polr/third_party/mbedtls/include -I/home/pei/Project/duckdb-polr/third_party/jaro_winkler -I/home/pei/Project/duckdb-polr/extension/parquet/include -I/home/pei/Project/duckdb-polr/extension/parquet/../../third_party/parquet -I/home/pei/Project/duckdb-polr/extension/parquet/../../third_party/snappy -I/home/pei/Project/duckdb-polr/extension/parquet/../../third_party/miniz -I/home/pei/Project/duckdb-polr/extension/parquet/../../third_party/thrift -I/home/pei/Project/duckdb-polr/extension/parquet/../../third_party/zstd/include -O3 -DNDEBUG -O3 -DNDEBUG   -fPIC -fdiagnostics-color=always -std=c++11 -MD -MT extension/parquet/CMakeFiles/parquet_loadable_extension.dir/__/__/third_party/zstd/compress/zstd_compress_superblock.cpp.o -MF extension/parquet/CMakeFiles/parquet_loadable_extension.dir/__/__/third_party/zstd/compress/zstd_compress_superblock.cpp.o.d -o extension/parquet/CMakeFiles/parquet_loadable_extension.dir/__/__/third_party/zstd/compress/zstd_compress_superblock.cpp.o -c /home/pei/Project/duckdb-polr/third_party/zstd/compress/zstd_compress_superblock.cpp
[198/376] /usr/bin/ccache /usr/lib/ccache/c++ -DDUCKDB_BUILD_LIBRARY -DDUCKDB_BUILD_LOADABLE_EXTENSION -DENABLE_CROSS_PRODUCT_REWRITE=0 -DENABLE_DEBUG_PRINT=0 -DENABLE_MEASURE_EXE_TIME=0 -DENABLE_MERGE_BACK_PLAN=0 -DENABLE_PARALLEL_EXECUTION=0 -DENABLE_QUERY_SPLIT=0 -DENABLE_SPECIFY_EST_STAT=0 -I/home/pei/Project/duckdb-polr/src/include -I/home/pei/Project/duckdb-polr/third_party/fsst -I/home/pei/Project/duckdb-polr/third_party/fmt/include -I/home/pei/Project/duckdb-polr/third_party/hyperloglog -I/home/pei/Project/duckdb-polr/third_party/fastpforlib -I/home/pei/Project/duckdb-polr/third_party/fast_float -I/home/pei/Project/duckdb-polr/third_party/re2 -I/home/pei/Project/duckdb-polr/third_party/miniz -I/home/pei/Project/duckdb-polr/third_party/utf8proc/include -I/home/pei/Project/duckdb-polr/third_party/miniparquet -I/home/pei/Project/duckdb-polr/third_party/concurrentqueue -I/home/pei/Project/duckdb-polr/third_party/pcg -I/home/pei/Project/duckdb-polr/third_party/tdigest -I/home/pei/Project/duckdb-polr/third_party/mbedtls/include -I/home/pei/Project/duckdb-polr/third_party/jaro_winkler -I/home/pei/Project/duckdb-polr/extension/parquet/include -I/home/pei/Project/duckdb-polr/extension/parquet/../../third_party/parquet -I/home/pei/Project/duckdb-polr/extension/parquet/../../third_party/snappy -I/home/pei/Project/duckdb-polr/extension/parquet/../../third_party/miniz -I/home/pei/Project/duckdb-polr/extension/parquet/../../third_party/thrift -I/home/pei/Project/duckdb-polr/extension/parquet/../../third_party/zstd/include -O3 -DNDEBUG -O3 -DNDEBUG   -fPIC -fdiagnostics-color=always -std=c++11 -MD -MT extension/parquet/CMakeFiles/parquet_loadable_extension.dir/__/__/third_party/zstd/compress/zstd_fast.cpp.o -MF extension/parquet/CMakeFiles/parquet_loadable_extension.dir/__/__/third_party/zstd/compress/zstd_fast.cpp.o.d -o extension/parquet/CMakeFiles/parquet_loadable_extension.dir/__/__/third_party/zstd/compress/zstd_fast.cpp.o -c /home/pei/Project/duckdb-polr/third_party/zstd/compress/zstd_fast.cpp
[199/376] /usr/bin/ccache /usr/lib/ccache/c++ -DDUCKDB_BUILD_LIBRARY -DDUCKDB_BUILD_LOADABLE_EXTENSION -DENABLE_CROSS_PRODUCT_REWRITE=0 -DENABLE_DEBUG_PRINT=0 -DENABLE_MEASURE_EXE_TIME=0 -DENABLE_MERGE_BACK_PLAN=0 -DENABLE_PARALLEL_EXECUTION=0 -DENABLE_QUERY_SPLIT=0 -DENABLE_SPECIFY_EST_STAT=0 -I/home/pei/Project/duckdb-polr/src/include -I/home/pei/Project/duckdb-polr/third_party/fsst -I/home/pei/Project/duckdb-polr/third_party/fmt/include -I/home/pei/Project/duckdb-polr/third_party/hyperloglog -I/home/pei/Project/duckdb-polr/third_party/fastpforlib -I/home/pei/Project/duckdb-polr/third_party/fast_float -I/home/pei/Project/duckdb-polr/third_party/re2 -I/home/pei/Project/duckdb-polr/third_party/miniz -I/home/pei/Project/duckdb-polr/third_party/utf8proc/include -I/home/pei/Project/duckdb-polr/third_party/miniparquet -I/home/pei/Project/duckdb-polr/third_party/concurrentqueue -I/home/pei/Project/duckdb-polr/third_party/pcg -I/home/pei/Project/duckdb-polr/third_party/tdigest -I/home/pei/Project/duckdb-polr/third_party/mbedtls/include -I/home/pei/Project/duckdb-polr/third_party/jaro_winkler -I/home/pei/Project/duckdb-polr/extension/parquet/include -I/home/pei/Project/duckdb-polr/extension/parquet/../../third_party/parquet -I/home/pei/Project/duckdb-polr/extension/parquet/../../third_party/snappy -I/home/pei/Project/duckdb-polr/extension/parquet/../../third_party/miniz -I/home/pei/Project/duckdb-polr/extension/parquet/../../third_party/thrift -I/home/pei/Project/duckdb-polr/extension/parquet/../../third_party/zstd/include -O3 -DNDEBUG -O3 -DNDEBUG   -fPIC -fdiagnostics-color=always -std=c++11 -MD -MT extension/parquet/CMakeFiles/parquet_loadable_extension.dir/__/__/third_party/zstd/compress/zstd_compress.cpp.o -MF extension/parquet/CMakeFiles/parquet_loadable_extension.dir/__/__/third_party/zstd/compress/zstd_compress.cpp.o.d -o extension/parquet/CMakeFiles/parquet_loadable_extension.dir/__/__/third_party/zstd/compress/zstd_compress.cpp.o -c /home/pei/Project/duckdb-polr/third_party/zstd/compress/zstd_compress.cpp
[200/376] /usr/bin/ccache /usr/lib/ccache/c++ -DDUCKDB_BUILD_LIBRARY -DDUCKDB_BUILD_LOADABLE_EXTENSION -DENABLE_CROSS_PRODUCT_REWRITE=0 -DENABLE_DEBUG_PRINT=0 -DENABLE_MEASURE_EXE_TIME=0 -DENABLE_MERGE_BACK_PLAN=0 -DENABLE_PARALLEL_EXECUTION=0 -DENABLE_QUERY_SPLIT=0 -DENABLE_SPECIFY_EST_STAT=0 -I/home/pei/Project/duckdb-polr/src/include -I/home/pei/Project/duckdb-polr/third_party/fsst -I/home/pei/Project/duckdb-polr/third_party/fmt/include -I/home/pei/Project/duckdb-polr/third_party/hyperloglog -I/home/pei/Project/duckdb-polr/third_party/fastpforlib -I/home/pei/Project/duckdb-polr/third_party/fast_float -I/home/pei/Project/duckdb-polr/third_party/re2 -I/home/pei/Project/duckdb-polr/third_party/miniz -I/home/pei/Project/duckdb-polr/third_party/utf8proc/include -I/home/pei/Project/duckdb-polr/third_party/miniparquet -I/home/pei/Project/duckdb-polr/third_party/concurrentqueue -I/home/pei/Project/duckdb-polr/third_party/pcg -I/home/pei/Project/duckdb-polr/third_party/tdigest -I/home/pei/Project/duckdb-polr/third_party/mbedtls/include -I/home/pei/Project/duckdb-polr/third_party/jaro_winkler -I/home/pei/Project/duckdb-polr/extension/parquet/include -I/home/pei/Project/duckdb-polr/extension/parquet/../../third_party/parquet -I/home/pei/Project/duckdb-polr/extension/parquet/../../third_party/snappy -I/home/pei/Project/duckdb-polr/extension/parquet/../../third_party/miniz -I/home/pei/Project/duckdb-polr/extension/parquet/../../third_party/thrift -I/home/pei/Project/duckdb-polr/extension/parquet/../../third_party/zstd/include -O3 -DNDEBUG -O3 -DNDEBUG   -fPIC -fdiagnostics-color=always -std=c++11 -MD -MT extension/parquet/CMakeFiles/parquet_loadable_extension.dir/__/__/third_party/zstd/compress/zstd_double_fast.cpp.o -MF extension/parquet/CMakeFiles/parquet_loadable_extension.dir/__/__/third_party/zstd/compress/zstd_double_fast.cpp.o.d -o extension/parquet/CMakeFiles/parquet_loadable_extension.dir/__/__/third_party/zstd/compress/zstd_double_fast.cpp.o -c /home/pei/Project/duckdb-polr/third_party/zstd/compress/zstd_double_fast.cpp
[201/376] /usr/bin/ccache /usr/lib/ccache/c++ -DDUCKDB_BUILD_LIBRARY -DDUCKDB_BUILD_LOADABLE_EXTENSION -DENABLE_CROSS_PRODUCT_REWRITE=0 -DENABLE_DEBUG_PRINT=0 -DENABLE_MEASURE_EXE_TIME=0 -DENABLE_MERGE_BACK_PLAN=0 -DENABLE_PARALLEL_EXECUTION=0 -DENABLE_QUERY_SPLIT=0 -DENABLE_SPECIFY_EST_STAT=0 -I/home/pei/Project/duckdb-polr/src/include -I/home/pei/Project/duckdb-polr/third_party/fsst -I/home/pei/Project/duckdb-polr/third_party/fmt/include -I/home/pei/Project/duckdb-polr/third_party/hyperloglog -I/home/pei/Project/duckdb-polr/third_party/fastpforlib -I/home/pei/Project/duckdb-polr/third_party/fast_float -I/home/pei/Project/duckdb-polr/third_party/re2 -I/home/pei/Project/duckdb-polr/third_party/miniz -I/home/pei/Project/duckdb-polr/third_party/utf8proc/include -I/home/pei/Project/duckdb-polr/third_party/miniparquet -I/home/pei/Project/duckdb-polr/third_party/concurrentqueue -I/home/pei/Project/duckdb-polr/third_party/pcg -I/home/pei/Project/duckdb-polr/third_party/tdigest -I/home/pei/Project/duckdb-polr/third_party/mbedtls/include -I/home/pei/Project/duckdb-polr/third_party/jaro_winkler -I/home/pei/Project/duckdb-polr/extension/parquet/include -I/home/pei/Project/duckdb-polr/extension/parquet/../../third_party/parquet -I/home/pei/Project/duckdb-polr/extension/parquet/../../third_party/snappy -I/home/pei/Project/duckdb-polr/extension/parquet/../../third_party/miniz -I/home/pei/Project/duckdb-polr/extension/parquet/../../third_party/thrift -I/home/pei/Project/duckdb-polr/extension/parquet/../../third_party/zstd/include -O3 -DNDEBUG -O3 -DNDEBUG   -fPIC -fdiagnostics-color=always -std=c++11 -MD -MT extension/parquet/CMakeFiles/parquet_loadable_extension.dir/__/__/third_party/zstd/compress/zstd_lazy.cpp.o -MF extension/parquet/CMakeFiles/parquet_loadable_extension.dir/__/__/third_party/zstd/compress/zstd_lazy.cpp.o.d -o extension/parquet/CMakeFiles/parquet_loadable_extension.dir/__/__/third_party/zstd/compress/zstd_lazy.cpp.o -c /home/pei/Project/duckdb-polr/third_party/zstd/compress/zstd_lazy.cpp
[202/376] /usr/bin/ccache /usr/lib/ccache/c++ -DDUCKDB_BUILD_LIBRARY -DDUCKDB_BUILD_LOADABLE_EXTENSION -DENABLE_CROSS_PRODUCT_REWRITE=0 -DENABLE_DEBUG_PRINT=0 -DENABLE_MEASURE_EXE_TIME=0 -DENABLE_MERGE_BACK_PLAN=0 -DENABLE_PARALLEL_EXECUTION=0 -DENABLE_QUERY_SPLIT=0 -DENABLE_SPECIFY_EST_STAT=0 -I/home/pei/Project/duckdb-polr/src/include -I/home/pei/Project/duckdb-polr/third_party/fsst -I/home/pei/Project/duckdb-polr/third_party/fmt/include -I/home/pei/Project/duckdb-polr/third_party/hyperloglog -I/home/pei/Project/duckdb-polr/third_party/fastpforlib -I/home/pei/Project/duckdb-polr/third_party/fast_float -I/home/pei/Project/duckdb-polr/third_party/re2 -I/home/pei/Project/duckdb-polr/third_party/miniz -I/home/pei/Project/duckdb-polr/third_party/utf8proc/include -I/home/pei/Project/duckdb-polr/third_party/miniparquet -I/home/pei/Project/duckdb-polr/third_party/concurrentqueue -I/home/pei/Project/duckdb-polr/third_party/pcg -I/home/pei/Project/duckdb-polr/third_party/tdigest -I/home/pei/Project/duckdb-polr/third_party/mbedtls/include -I/home/pei/Project/duckdb-polr/third_party/jaro_winkler -I/home/pei/Project/duckdb-polr/extension/parquet/include -I/home/pei/Project/duckdb-polr/extension/parquet/../../third_party/parquet -I/home/pei/Project/duckdb-polr/extension/parquet/../../third_party/snappy -I/home/pei/Project/duckdb-polr/extension/parquet/../../third_party/miniz -I/home/pei/Project/duckdb-polr/extension/parquet/../../third_party/thrift -I/home/pei/Project/duckdb-polr/extension/parquet/../../third_party/zstd/include -O3 -DNDEBUG -O3 -DNDEBUG   -fPIC -fdiagnostics-color=always -std=c++11 -MD -MT extension/parquet/CMakeFiles/parquet_loadable_extension.dir/__/__/third_party/zstd/compress/zstd_ldm.cpp.o -MF extension/parquet/CMakeFiles/parquet_loadable_extension.dir/__/__/third_party/zstd/compress/zstd_ldm.cpp.o.d -o extension/parquet/CMakeFiles/parquet_loadable_extension.dir/__/__/third_party/zstd/compress/zstd_ldm.cpp.o -c /home/pei/Project/duckdb-polr/third_party/zstd/compress/zstd_ldm.cpp
[203/376] /usr/bin/ccache /usr/lib/ccache/c++ -DDUCKDB_BUILD_LIBRARY -DDUCKDB_BUILD_LOADABLE_EXTENSION -DENABLE_CROSS_PRODUCT_REWRITE=0 -DENABLE_DEBUG_PRINT=0 -DENABLE_MEASURE_EXE_TIME=0 -DENABLE_MERGE_BACK_PLAN=0 -DENABLE_PARALLEL_EXECUTION=0 -DENABLE_QUERY_SPLIT=0 -DENABLE_SPECIFY_EST_STAT=0 -I/home/pei/Project/duckdb-polr/src/include -I/home/pei/Project/duckdb-polr/third_party/fsst -I/home/pei/Project/duckdb-polr/third_party/fmt/include -I/home/pei/Project/duckdb-polr/third_party/hyperloglog -I/home/pei/Project/duckdb-polr/third_party/fastpforlib -I/home/pei/Project/duckdb-polr/third_party/fast_float -I/home/pei/Project/duckdb-polr/third_party/re2 -I/home/pei/Project/duckdb-polr/third_party/miniz -I/home/pei/Project/duckdb-polr/third_party/utf8proc/include -I/home/pei/Project/duckdb-polr/third_party/miniparquet -I/home/pei/Project/duckdb-polr/third_party/concurrentqueue -I/home/pei/Project/duckdb-polr/third_party/pcg -I/home/pei/Project/duckdb-polr/third_party/tdigest -I/home/pei/Project/duckdb-polr/third_party/mbedtls/include -I/home/pei/Project/duckdb-polr/third_party/jaro_winkler -I/home/pei/Project/duckdb-polr/extension/parquet/include -I/home/pei/Project/duckdb-polr/extension/parquet/../../third_party/parquet -I/home/pei/Project/duckdb-polr/extension/parquet/../../third_party/snappy -I/home/pei/Project/duckdb-polr/extension/parquet/../../third_party/miniz -I/home/pei/Project/duckdb-polr/extension/parquet/../../third_party/thrift -I/home/pei/Project/duckdb-polr/extension/parquet/../../third_party/zstd/include -O3 -DNDEBUG -O3 -DNDEBUG   -fPIC -fdiagnostics-color=always -std=c++11 -MD -MT extension/parquet/CMakeFiles/parquet_loadable_extension.dir/__/__/third_party/zstd/compress/zstd_opt.cpp.o -MF extension/parquet/CMakeFiles/parquet_loadable_extension.dir/__/__/third_party/zstd/compress/zstd_opt.cpp.o.d -o extension/parquet/CMakeFiles/parquet_loadable_extension.dir/__/__/third_party/zstd/compress/zstd_opt.cpp.o -c /home/pei/Project/duckdb-polr/third_party/zstd/compress/zstd_opt.cpp
[204/376] /usr/bin/ccache /usr/lib/ccache/c++ -DDUCKDB_BUILD_LIBRARY -DENABLE_CROSS_PRODUCT_REWRITE=0 -DENABLE_DEBUG_PRINT=0 -DENABLE_MEASURE_EXE_TIME=0 -DENABLE_MERGE_BACK_PLAN=0 -DENABLE_PARALLEL_EXECUTION=0 -DENABLE_QUERY_SPLIT=0 -DENABLE_SPECIFY_EST_STAT=0 -DJEMALLOC_NO_PRIVATE_NAMESPACE -DJEMALLOC_NO_RENAME -I/home/pei/Project/duckdb-polr/src/include -I/home/pei/Project/duckdb-polr/third_party/fsst -I/home/pei/Project/duckdb-polr/third_party/fmt/include -I/home/pei/Project/duckdb-polr/third_party/hyperloglog -I/home/pei/Project/duckdb-polr/third_party/fastpforlib -I/home/pei/Project/duckdb-polr/third_party/fast_float -I/home/pei/Project/duckdb-polr/third_party/re2 -I/home/pei/Project/duckdb-polr/third_party/miniz -I/home/pei/Project/duckdb-polr/third_party/utf8proc/include -I/home/pei/Project/duckdb-polr/third_party/miniparquet -I/home/pei/Project/duckdb-polr/third_party/concurrentqueue -I/home/pei/Project/duckdb-polr/third_party/pcg -I/home/pei/Project/duckdb-polr/third_party/tdigest -I/home/pei/Project/duckdb-polr/third_party/mbedtls/include -I/home/pei/Project/duckdb-polr/third_party/jaro_winkler -I/home/pei/Project/duckdb-polr/extension/jemalloc/include -I/home/pei/Project/duckdb-polr/extension/jemalloc/jemalloc/include -O3 -DNDEBUG -O3 -DNDEBUG   -fPIC -fdiagnostics-color=always -w -std=c++11 -MD -MT extension/jemalloc/jemalloc/CMakeFiles/jemalloc.dir/src/arena.cpp.o -MF extension/jemalloc/jemalloc/CMakeFiles/jemalloc.dir/src/arena.cpp.o.d -o extension/jemalloc/jemalloc/CMakeFiles/jemalloc.dir/src/arena.cpp.o -c /home/pei/Project/duckdb-polr/extension/jemalloc/jemalloc/src/arena.cpp
[205/376] /usr/bin/ccache /usr/lib/ccache/c++ -DDUCKDB_BUILD_LIBRARY -DENABLE_CROSS_PRODUCT_REWRITE=0 -DENABLE_DEBUG_PRINT=0 -DENABLE_MEASURE_EXE_TIME=0 -DENABLE_MERGE_BACK_PLAN=0 -DENABLE_PARALLEL_EXECUTION=0 -DENABLE_QUERY_SPLIT=0 -DENABLE_SPECIFY_EST_STAT=0 -DJEMALLOC_NO_PRIVATE_NAMESPACE -DJEMALLOC_NO_RENAME -I/home/pei/Project/duckdb-polr/src/include -I/home/pei/Project/duckdb-polr/third_party/fsst -I/home/pei/Project/duckdb-polr/third_party/fmt/include -I/home/pei/Project/duckdb-polr/third_party/hyperloglog -I/home/pei/Project/duckdb-polr/third_party/fastpforlib -I/home/pei/Project/duckdb-polr/third_party/fast_float -I/home/pei/Project/duckdb-polr/third_party/re2 -I/home/pei/Project/duckdb-polr/third_party/miniz -I/home/pei/Project/duckdb-polr/third_party/utf8proc/include -I/home/pei/Project/duckdb-polr/third_party/miniparquet -I/home/pei/Project/duckdb-polr/third_party/concurrentqueue -I/home/pei/Project/duckdb-polr/third_party/pcg -I/home/pei/Project/duckdb-polr/third_party/tdigest -I/home/pei/Project/duckdb-polr/third_party/mbedtls/include -I/home/pei/Project/duckdb-polr/third_party/jaro_winkler -I/home/pei/Project/duckdb-polr/extension/jemalloc/include -I/home/pei/Project/duckdb-polr/extension/jemalloc/jemalloc/include -O3 -DNDEBUG -O3 -DNDEBUG   -fPIC -fdiagnostics-color=always -w -std=c++11 -MD -MT extension/jemalloc/jemalloc/CMakeFiles/jemalloc.dir/src/background_thread.cpp.o -MF extension/jemalloc/jemalloc/CMakeFiles/jemalloc.dir/src/background_thread.cpp.o.d -o extension/jemalloc/jemalloc/CMakeFiles/jemalloc.dir/src/background_thread.cpp.o -c /home/pei/Project/duckdb-polr/extension/jemalloc/jemalloc/src/background_thread.cpp
[206/376] /usr/bin/ccache /usr/lib/ccache/c++ -DDUCKDB_BUILD_LIBRARY -DENABLE_CROSS_PRODUCT_REWRITE=0 -DENABLE_DEBUG_PRINT=0 -DENABLE_MEASURE_EXE_TIME=0 -DENABLE_MERGE_BACK_PLAN=0 -DENABLE_PARALLEL_EXECUTION=0 -DENABLE_QUERY_SPLIT=0 -DENABLE_SPECIFY_EST_STAT=0 -DJEMALLOC_NO_PRIVATE_NAMESPACE -DJEMALLOC_NO_RENAME -I/home/pei/Project/duckdb-polr/src/include -I/home/pei/Project/duckdb-polr/third_party/fsst -I/home/pei/Project/duckdb-polr/third_party/fmt/include -I/home/pei/Project/duckdb-polr/third_party/hyperloglog -I/home/pei/Project/duckdb-polr/third_party/fastpforlib -I/home/pei/Project/duckdb-polr/third_party/fast_float -I/home/pei/Project/duckdb-polr/third_party/re2 -I/home/pei/Project/duckdb-polr/third_party/miniz -I/home/pei/Project/duckdb-polr/third_party/utf8proc/include -I/home/pei/Project/duckdb-polr/third_party/miniparquet -I/home/pei/Project/duckdb-polr/third_party/concurrentqueue -I/home/pei/Project/duckdb-polr/third_party/pcg -I/home/pei/Project/duckdb-polr/third_party/tdigest -I/home/pei/Project/duckdb-polr/third_party/mbedtls/include -I/home/pei/Project/duckdb-polr/third_party/jaro_winkler -I/home/pei/Project/duckdb-polr/extension/jemalloc/include -I/home/pei/Project/duckdb-polr/extension/jemalloc/jemalloc/include -O3 -DNDEBUG -O3 -DNDEBUG   -fPIC -fdiagnostics-color=always -w -std=c++11 -MD -MT extension/jemalloc/jemalloc/CMakeFiles/jemalloc.dir/src/base.cpp.o -MF extension/jemalloc/jemalloc/CMakeFiles/jemalloc.dir/src/base.cpp.o.d -o extension/jemalloc/jemalloc/CMakeFiles/jemalloc.dir/src/base.cpp.o -c /home/pei/Project/duckdb-polr/extension/jemalloc/jemalloc/src/base.cpp
[207/376] /usr/bin/ccache /usr/lib/ccache/c++ -DDUCKDB_BUILD_LIBRARY -DENABLE_CROSS_PRODUCT_REWRITE=0 -DENABLE_DEBUG_PRINT=0 -DENABLE_MEASURE_EXE_TIME=0 -DENABLE_MERGE_BACK_PLAN=0 -DENABLE_PARALLEL_EXECUTION=0 -DENABLE_QUERY_SPLIT=0 -DENABLE_SPECIFY_EST_STAT=0 -DJEMALLOC_NO_PRIVATE_NAMESPACE -DJEMALLOC_NO_RENAME -I/home/pei/Project/duckdb-polr/src/include -I/home/pei/Project/duckdb-polr/third_party/fsst -I/home/pei/Project/duckdb-polr/third_party/fmt/include -I/home/pei/Project/duckdb-polr/third_party/hyperloglog -I/home/pei/Project/duckdb-polr/third_party/fastpforlib -I/home/pei/Project/duckdb-polr/third_party/fast_float -I/home/pei/Project/duckdb-polr/third_party/re2 -I/home/pei/Project/duckdb-polr/third_party/miniz -I/home/pei/Project/duckdb-polr/third_party/utf8proc/include -I/home/pei/Project/duckdb-polr/third_party/miniparquet -I/home/pei/Project/duckdb-polr/third_party/concurrentqueue -I/home/pei/Project/duckdb-polr/third_party/pcg -I/home/pei/Project/duckdb-polr/third_party/tdigest -I/home/pei/Project/duckdb-polr/third_party/mbedtls/include -I/home/pei/Project/duckdb-polr/third_party/jaro_winkler -I/home/pei/Project/duckdb-polr/extension/jemalloc/include -I/home/pei/Project/duckdb-polr/extension/jemalloc/jemalloc/include -O3 -DNDEBUG -O3 -DNDEBUG   -fPIC -fdiagnostics-color=always -w -std=c++11 -MD -MT extension/jemalloc/jemalloc/CMakeFiles/jemalloc.dir/src/bin_info.cpp.o -MF extension/jemalloc/jemalloc/CMakeFiles/jemalloc.dir/src/bin_info.cpp.o.d -o extension/jemalloc/jemalloc/CMakeFiles/jemalloc.dir/src/bin_info.cpp.o -c /home/pei/Project/duckdb-polr/extension/jemalloc/jemalloc/src/bin_info.cpp
[208/376] /usr/bin/ccache /usr/lib/ccache/c++ -DDUCKDB_BUILD_LIBRARY -DENABLE_CROSS_PRODUCT_REWRITE=0 -DENABLE_DEBUG_PRINT=0 -DENABLE_MEASURE_EXE_TIME=0 -DENABLE_MERGE_BACK_PLAN=0 -DENABLE_PARALLEL_EXECUTION=0 -DENABLE_QUERY_SPLIT=0 -DENABLE_SPECIFY_EST_STAT=0 -I/home/pei/Project/duckdb-polr/src/include -I/home/pei/Project/duckdb-polr/third_party/fsst -I/home/pei/Project/duckdb-polr/third_party/fmt/include -I/home/pei/Project/duckdb-polr/third_party/hyperloglog -I/home/pei/Project/duckdb-polr/third_party/fastpforlib -I/home/pei/Project/duckdb-polr/third_party/fast_float -I/home/pei/Project/duckdb-polr/third_party/re2 -I/home/pei/Project/duckdb-polr/third_party/miniz -I/home/pei/Project/duckdb-polr/third_party/utf8proc/include -I/home/pei/Project/duckdb-polr/third_party/miniparquet -I/home/pei/Project/duckdb-polr/third_party/concurrentqueue -I/home/pei/Project/duckdb-polr/third_party/pcg -I/home/pei/Project/duckdb-polr/third_party/tdigest -I/home/pei/Project/duckdb-polr/third_party/mbedtls/include -I/home/pei/Project/duckdb-polr/third_party/jaro_winkler -I/home/pei/Project/duckdb-polr/extension/parquet/include -I/home/pei/Project/duckdb-polr/extension/parquet/../../third_party/parquet -I/home/pei/Project/duckdb-polr/extension/parquet/../../third_party/snappy -I/home/pei/Project/duckdb-polr/extension/parquet/../../third_party/miniz -I/home/pei/Project/duckdb-polr/extension/parquet/../../third_party/thrift -I/home/pei/Project/duckdb-polr/extension/parquet/../../third_party/zstd/include -I/home/pei/Project/duckdb-polr/third_party/libpg_query/include -O3 -DNDEBUG -O3 -DNDEBUG   -fPIE -fdiagnostics-color=always -std=c++11 -MD -MT extension/parquet/CMakeFiles/parquetcli.dir/parquetcli.cpp.o -MF extension/parquet/CMakeFiles/parquetcli.dir/parquetcli.cpp.o.d -o extension/parquet/CMakeFiles/parquetcli.dir/parquetcli.cpp.o -c /home/pei/Project/duckdb-polr/extension/parquet/parquetcli.cpp
[209/376] /usr/bin/ccache /usr/lib/ccache/c++ -DDUCKDB_BUILD_LIBRARY -DENABLE_CROSS_PRODUCT_REWRITE=0 -DENABLE_DEBUG_PRINT=0 -DENABLE_MEASURE_EXE_TIME=0 -DENABLE_MERGE_BACK_PLAN=0 -DENABLE_PARALLEL_EXECUTION=0 -DENABLE_QUERY_SPLIT=0 -DENABLE_SPECIFY_EST_STAT=0 -I/home/pei/Project/duckdb-polr/src/include -I/home/pei/Project/duckdb-polr/third_party/fsst -I/home/pei/Project/duckdb-polr/third_party/fmt/include -I/home/pei/Project/duckdb-polr/third_party/hyperloglog -I/home/pei/Project/duckdb-polr/third_party/fastpforlib -I/home/pei/Project/duckdb-polr/third_party/fast_float -I/home/pei/Project/duckdb-polr/third_party/re2 -I/home/pei/Project/duckdb-polr/third_party/miniz -I/home/pei/Project/duckdb-polr/third_party/utf8proc/include -I/home/pei/Project/duckdb-polr/third_party/miniparquet -I/home/pei/Project/duckdb-polr/third_party/concurrentqueue -I/home/pei/Project/duckdb-polr/third_party/pcg -I/home/pei/Project/duckdb-polr/third_party/tdigest -I/home/pei/Project/duckdb-polr/third_party/mbedtls/include -I/home/pei/Project/duckdb-polr/third_party/jaro_winkler -I/home/pei/Project/duckdb-polr/extension/jemalloc/include -I/home/pei/Project/duckdb-polr/extension/jemalloc/jemalloc/include -O3 -DNDEBUG -O3 -DNDEBUG   -fPIC -fdiagnostics-color=always -std=c++11 -MD -MT extension/jemalloc/CMakeFiles/jemalloc_extension.dir/jemalloc-extension.cpp.o -MF extension/jemalloc/CMakeFiles/jemalloc_extension.dir/jemalloc-extension.cpp.o.d -o extension/jemalloc/CMakeFiles/jemalloc_extension.dir/jemalloc-extension.cpp.o -c /home/pei/Project/duckdb-polr/extension/jemalloc/jemalloc-extension.cpp
[210/376] /usr/bin/ccache /usr/lib/ccache/c++ -DDUCKDB_BUILD_LIBRARY -DENABLE_CROSS_PRODUCT_REWRITE=0 -DENABLE_DEBUG_PRINT=0 -DENABLE_MEASURE_EXE_TIME=0 -DENABLE_MERGE_BACK_PLAN=0 -DENABLE_PARALLEL_EXECUTION=0 -DENABLE_QUERY_SPLIT=0 -DENABLE_SPECIFY_EST_STAT=0 -DJEMALLOC_NO_PRIVATE_NAMESPACE -DJEMALLOC_NO_RENAME -I/home/pei/Project/duckdb-polr/src/include -I/home/pei/Project/duckdb-polr/third_party/fsst -I/home/pei/Project/duckdb-polr/third_party/fmt/include -I/home/pei/Project/duckdb-polr/third_party/hyperloglog -I/home/pei/Project/duckdb-polr/third_party/fastpforlib -I/home/pei/Project/duckdb-polr/third_party/fast_float -I/home/pei/Project/duckdb-polr/third_party/re2 -I/home/pei/Project/duckdb-polr/third_party/miniz -I/home/pei/Project/duckdb-polr/third_party/utf8proc/include -I/home/pei/Project/duckdb-polr/third_party/miniparquet -I/home/pei/Project/duckdb-polr/third_party/concurrentqueue -I/home/pei/Project/duckdb-polr/third_party/pcg -I/home/pei/Project/duckdb-polr/third_party/tdigest -I/home/pei/Project/duckdb-polr/third_party/mbedtls/include -I/home/pei/Project/duckdb-polr/third_party/jaro_winkler -I/home/pei/Project/duckdb-polr/extension/jemalloc/include -I/home/pei/Project/duckdb-polr/extension/jemalloc/jemalloc/include -O3 -DNDEBUG -O3 -DNDEBUG   -fPIC -fdiagnostics-color=always -w -std=c++11 -MD -MT extension/jemalloc/jemalloc/CMakeFiles/jemalloc.dir/src/bin.cpp.o -MF extension/jemalloc/jemalloc/CMakeFiles/jemalloc.dir/src/bin.cpp.o.d -o extension/jemalloc/jemalloc/CMakeFiles/jemalloc.dir/src/bin.cpp.o -c /home/pei/Project/duckdb-polr/extension/jemalloc/jemalloc/src/bin.cpp
[211/376] /usr/bin/ccache /usr/lib/ccache/c++ -DDUCKDB_BUILD_LIBRARY -DENABLE_CROSS_PRODUCT_REWRITE=0 -DENABLE_DEBUG_PRINT=0 -DENABLE_MEASURE_EXE_TIME=0 -DENABLE_MERGE_BACK_PLAN=0 -DENABLE_PARALLEL_EXECUTION=0 -DENABLE_QUERY_SPLIT=0 -DENABLE_SPECIFY_EST_STAT=0 -DJEMALLOC_NO_PRIVATE_NAMESPACE -DJEMALLOC_NO_RENAME -I/home/pei/Project/duckdb-polr/src/include -I/home/pei/Project/duckdb-polr/third_party/fsst -I/home/pei/Project/duckdb-polr/third_party/fmt/include -I/home/pei/Project/duckdb-polr/third_party/hyperloglog -I/home/pei/Project/duckdb-polr/third_party/fastpforlib -I/home/pei/Project/duckdb-polr/third_party/fast_float -I/home/pei/Project/duckdb-polr/third_party/re2 -I/home/pei/Project/duckdb-polr/third_party/miniz -I/home/pei/Project/duckdb-polr/third_party/utf8proc/include -I/home/pei/Project/duckdb-polr/third_party/miniparquet -I/home/pei/Project/duckdb-polr/third_party/concurrentqueue -I/home/pei/Project/duckdb-polr/third_party/pcg -I/home/pei/Project/duckdb-polr/third_party/tdigest -I/home/pei/Project/duckdb-polr/third_party/mbedtls/include -I/home/pei/Project/duckdb-polr/third_party/jaro_winkler -I/home/pei/Project/duckdb-polr/extension/jemalloc/include -I/home/pei/Project/duckdb-polr/extension/jemalloc/jemalloc/include -O3 -DNDEBUG -O3 -DNDEBUG   -fPIC -fdiagnostics-color=always -w -std=c++11 -MD -MT extension/jemalloc/jemalloc/CMakeFiles/jemalloc.dir/src/bitmap.cpp.o -MF extension/jemalloc/jemalloc/CMakeFiles/jemalloc.dir/src/bitmap.cpp.o.d -o extension/jemalloc/jemalloc/CMakeFiles/jemalloc.dir/src/bitmap.cpp.o -c /home/pei/Project/duckdb-polr/extension/jemalloc/jemalloc/src/bitmap.cpp
[212/376] /usr/bin/ccache /usr/lib/ccache/c++ -DDUCKDB_BUILD_LIBRARY -DENABLE_CROSS_PRODUCT_REWRITE=0 -DENABLE_DEBUG_PRINT=0 -DENABLE_MEASURE_EXE_TIME=0 -DENABLE_MERGE_BACK_PLAN=0 -DENABLE_PARALLEL_EXECUTION=0 -DENABLE_QUERY_SPLIT=0 -DENABLE_SPECIFY_EST_STAT=0 -DJEMALLOC_NO_PRIVATE_NAMESPACE -DJEMALLOC_NO_RENAME -I/home/pei/Project/duckdb-polr/src/include -I/home/pei/Project/duckdb-polr/third_party/fsst -I/home/pei/Project/duckdb-polr/third_party/fmt/include -I/home/pei/Project/duckdb-polr/third_party/hyperloglog -I/home/pei/Project/duckdb-polr/third_party/fastpforlib -I/home/pei/Project/duckdb-polr/third_party/fast_float -I/home/pei/Project/duckdb-polr/third_party/re2 -I/home/pei/Project/duckdb-polr/third_party/miniz -I/home/pei/Project/duckdb-polr/third_party/utf8proc/include -I/home/pei/Project/duckdb-polr/third_party/miniparquet -I/home/pei/Project/duckdb-polr/third_party/concurrentqueue -I/home/pei/Project/duckdb-polr/third_party/pcg -I/home/pei/Project/duckdb-polr/third_party/tdigest -I/home/pei/Project/duckdb-polr/third_party/mbedtls/include -I/home/pei/Project/duckdb-polr/third_party/jaro_winkler -I/home/pei/Project/duckdb-polr/extension/jemalloc/include -I/home/pei/Project/duckdb-polr/extension/jemalloc/jemalloc/include -O3 -DNDEBUG -O3 -DNDEBUG   -fPIC -fdiagnostics-color=always -w -std=c++11 -MD -MT extension/jemalloc/jemalloc/CMakeFiles/jemalloc.dir/src/buf_writer.cpp.o -MF extension/jemalloc/jemalloc/CMakeFiles/jemalloc.dir/src/buf_writer.cpp.o.d -o extension/jemalloc/jemalloc/CMakeFiles/jemalloc.dir/src/buf_writer.cpp.o -c /home/pei/Project/duckdb-polr/extension/jemalloc/jemalloc/src/buf_writer.cpp
[213/376] /usr/bin/ccache /usr/lib/ccache/c++ -DDUCKDB_BUILD_LIBRARY -DENABLE_CROSS_PRODUCT_REWRITE=0 -DENABLE_DEBUG_PRINT=0 -DENABLE_MEASURE_EXE_TIME=0 -DENABLE_MERGE_BACK_PLAN=0 -DENABLE_PARALLEL_EXECUTION=0 -DENABLE_QUERY_SPLIT=0 -DENABLE_SPECIFY_EST_STAT=0 -DJEMALLOC_NO_PRIVATE_NAMESPACE -DJEMALLOC_NO_RENAME -I/home/pei/Project/duckdb-polr/src/include -I/home/pei/Project/duckdb-polr/third_party/fsst -I/home/pei/Project/duckdb-polr/third_party/fmt/include -I/home/pei/Project/duckdb-polr/third_party/hyperloglog -I/home/pei/Project/duckdb-polr/third_party/fastpforlib -I/home/pei/Project/duckdb-polr/third_party/fast_float -I/home/pei/Project/duckdb-polr/third_party/re2 -I/home/pei/Project/duckdb-polr/third_party/miniz -I/home/pei/Project/duckdb-polr/third_party/utf8proc/include -I/home/pei/Project/duckdb-polr/third_party/miniparquet -I/home/pei/Project/duckdb-polr/third_party/concurrentqueue -I/home/pei/Project/duckdb-polr/third_party/pcg -I/home/pei/Project/duckdb-polr/third_party/tdigest -I/home/pei/Project/duckdb-polr/third_party/mbedtls/include -I/home/pei/Project/duckdb-polr/third_party/jaro_winkler -I/home/pei/Project/duckdb-polr/extension/jemalloc/include -I/home/pei/Project/duckdb-polr/extension/jemalloc/jemalloc/include -O3 -DNDEBUG -O3 -DNDEBUG   -fPIC -fdiagnostics-color=always -w -std=c++11 -MD -MT extension/jemalloc/jemalloc/CMakeFiles/jemalloc.dir/src/cache_bin.cpp.o -MF extension/jemalloc/jemalloc/CMakeFiles/jemalloc.dir/src/cache_bin.cpp.o.d -o extension/jemalloc/jemalloc/CMakeFiles/jemalloc.dir/src/cache_bin.cpp.o -c /home/pei/Project/duckdb-polr/extension/jemalloc/jemalloc/src/cache_bin.cpp
[214/376] /usr/bin/ccache /usr/lib/ccache/c++ -DDUCKDB_BUILD_LIBRARY -DENABLE_CROSS_PRODUCT_REWRITE=0 -DENABLE_DEBUG_PRINT=0 -DENABLE_MEASURE_EXE_TIME=0 -DENABLE_MERGE_BACK_PLAN=0 -DENABLE_PARALLEL_EXECUTION=0 -DENABLE_QUERY_SPLIT=0 -DENABLE_SPECIFY_EST_STAT=0 -DJEMALLOC_NO_PRIVATE_NAMESPACE -DJEMALLOC_NO_RENAME -I/home/pei/Project/duckdb-polr/src/include -I/home/pei/Project/duckdb-polr/third_party/fsst -I/home/pei/Project/duckdb-polr/third_party/fmt/include -I/home/pei/Project/duckdb-polr/third_party/hyperloglog -I/home/pei/Project/duckdb-polr/third_party/fastpforlib -I/home/pei/Project/duckdb-polr/third_party/fast_float -I/home/pei/Project/duckdb-polr/third_party/re2 -I/home/pei/Project/duckdb-polr/third_party/miniz -I/home/pei/Project/duckdb-polr/third_party/utf8proc/include -I/home/pei/Project/duckdb-polr/third_party/miniparquet -I/home/pei/Project/duckdb-polr/third_party/concurrentqueue -I/home/pei/Project/duckdb-polr/third_party/pcg -I/home/pei/Project/duckdb-polr/third_party/tdigest -I/home/pei/Project/duckdb-polr/third_party/mbedtls/include -I/home/pei/Project/duckdb-polr/third_party/jaro_winkler -I/home/pei/Project/duckdb-polr/extension/jemalloc/include -I/home/pei/Project/duckdb-polr/extension/jemalloc/jemalloc/include -O3 -DNDEBUG -O3 -DNDEBUG   -fPIC -fdiagnostics-color=always -w -std=c++11 -MD -MT extension/jemalloc/jemalloc/CMakeFiles/jemalloc.dir/src/ckh.cpp.o -MF extension/jemalloc/jemalloc/CMakeFiles/jemalloc.dir/src/ckh.cpp.o.d -o extension/jemalloc/jemalloc/CMakeFiles/jemalloc.dir/src/ckh.cpp.o -c /home/pei/Project/duckdb-polr/extension/jemalloc/jemalloc/src/ckh.cpp
[215/376] /usr/bin/ccache /usr/lib/ccache/c++ -DDUCKDB_BUILD_LIBRARY -DENABLE_CROSS_PRODUCT_REWRITE=0 -DENABLE_DEBUG_PRINT=0 -DENABLE_MEASURE_EXE_TIME=0 -DENABLE_MERGE_BACK_PLAN=0 -DENABLE_PARALLEL_EXECUTION=0 -DENABLE_QUERY_SPLIT=0 -DENABLE_SPECIFY_EST_STAT=0 -DJEMALLOC_NO_PRIVATE_NAMESPACE -DJEMALLOC_NO_RENAME -I/home/pei/Project/duckdb-polr/src/include -I/home/pei/Project/duckdb-polr/third_party/fsst -I/home/pei/Project/duckdb-polr/third_party/fmt/include -I/home/pei/Project/duckdb-polr/third_party/hyperloglog -I/home/pei/Project/duckdb-polr/third_party/fastpforlib -I/home/pei/Project/duckdb-polr/third_party/fast_float -I/home/pei/Project/duckdb-polr/third_party/re2 -I/home/pei/Project/duckdb-polr/third_party/miniz -I/home/pei/Project/duckdb-polr/third_party/utf8proc/include -I/home/pei/Project/duckdb-polr/third_party/miniparquet -I/home/pei/Project/duckdb-polr/third_party/concurrentqueue -I/home/pei/Project/duckdb-polr/third_party/pcg -I/home/pei/Project/duckdb-polr/third_party/tdigest -I/home/pei/Project/duckdb-polr/third_party/mbedtls/include -I/home/pei/Project/duckdb-polr/third_party/jaro_winkler -I/home/pei/Project/duckdb-polr/extension/jemalloc/include -I/home/pei/Project/duckdb-polr/extension/jemalloc/jemalloc/include -O3 -DNDEBUG -O3 -DNDEBUG   -fPIC -fdiagnostics-color=always -w -std=c++11 -MD -MT extension/jemalloc/jemalloc/CMakeFiles/jemalloc.dir/src/counter.cpp.o -MF extension/jemalloc/jemalloc/CMakeFiles/jemalloc.dir/src/counter.cpp.o.d -o extension/jemalloc/jemalloc/CMakeFiles/jemalloc.dir/src/counter.cpp.o -c /home/pei/Project/duckdb-polr/extension/jemalloc/jemalloc/src/counter.cpp
[216/376] /usr/bin/ccache /usr/lib/ccache/c++ -DDUCKDB_BUILD_LIBRARY -DENABLE_CROSS_PRODUCT_REWRITE=0 -DENABLE_DEBUG_PRINT=0 -DENABLE_MEASURE_EXE_TIME=0 -DENABLE_MERGE_BACK_PLAN=0 -DENABLE_PARALLEL_EXECUTION=0 -DENABLE_QUERY_SPLIT=0 -DENABLE_SPECIFY_EST_STAT=0 -DJEMALLOC_NO_PRIVATE_NAMESPACE -DJEMALLOC_NO_RENAME -I/home/pei/Project/duckdb-polr/src/include -I/home/pei/Project/duckdb-polr/third_party/fsst -I/home/pei/Project/duckdb-polr/third_party/fmt/include -I/home/pei/Project/duckdb-polr/third_party/hyperloglog -I/home/pei/Project/duckdb-polr/third_party/fastpforlib -I/home/pei/Project/duckdb-polr/third_party/fast_float -I/home/pei/Project/duckdb-polr/third_party/re2 -I/home/pei/Project/duckdb-polr/third_party/miniz -I/home/pei/Project/duckdb-polr/third_party/utf8proc/include -I/home/pei/Project/duckdb-polr/third_party/miniparquet -I/home/pei/Project/duckdb-polr/third_party/concurrentqueue -I/home/pei/Project/duckdb-polr/third_party/pcg -I/home/pei/Project/duckdb-polr/third_party/tdigest -I/home/pei/Project/duckdb-polr/third_party/mbedtls/include -I/home/pei/Project/duckdb-polr/third_party/jaro_winkler -I/home/pei/Project/duckdb-polr/extension/jemalloc/include -I/home/pei/Project/duckdb-polr/extension/jemalloc/jemalloc/include -O3 -DNDEBUG -O3 -DNDEBUG   -fPIC -fdiagnostics-color=always -w -std=c++11 -MD -MT extension/jemalloc/jemalloc/CMakeFiles/jemalloc.dir/src/ctl.cpp.o -MF extension/jemalloc/jemalloc/CMakeFiles/jemalloc.dir/src/ctl.cpp.o.d -o extension/jemalloc/jemalloc/CMakeFiles/jemalloc.dir/src/ctl.cpp.o -c /home/pei/Project/duckdb-polr/extension/jemalloc/jemalloc/src/ctl.cpp
[217/376] /usr/bin/ccache /usr/lib/ccache/c++ -DDUCKDB_BUILD_LIBRARY -DENABLE_CROSS_PRODUCT_REWRITE=0 -DENABLE_DEBUG_PRINT=0 -DENABLE_MEASURE_EXE_TIME=0 -DENABLE_MERGE_BACK_PLAN=0 -DENABLE_PARALLEL_EXECUTION=0 -DENABLE_QUERY_SPLIT=0 -DENABLE_SPECIFY_EST_STAT=0 -DJEMALLOC_NO_PRIVATE_NAMESPACE -DJEMALLOC_NO_RENAME -I/home/pei/Project/duckdb-polr/src/include -I/home/pei/Project/duckdb-polr/third_party/fsst -I/home/pei/Project/duckdb-polr/third_party/fmt/include -I/home/pei/Project/duckdb-polr/third_party/hyperloglog -I/home/pei/Project/duckdb-polr/third_party/fastpforlib -I/home/pei/Project/duckdb-polr/third_party/fast_float -I/home/pei/Project/duckdb-polr/third_party/re2 -I/home/pei/Project/duckdb-polr/third_party/miniz -I/home/pei/Project/duckdb-polr/third_party/utf8proc/include -I/home/pei/Project/duckdb-polr/third_party/miniparquet -I/home/pei/Project/duckdb-polr/third_party/concurrentqueue -I/home/pei/Project/duckdb-polr/third_party/pcg -I/home/pei/Project/duckdb-polr/third_party/tdigest -I/home/pei/Project/duckdb-polr/third_party/mbedtls/include -I/home/pei/Project/duckdb-polr/third_party/jaro_winkler -I/home/pei/Project/duckdb-polr/extension/jemalloc/include -I/home/pei/Project/duckdb-polr/extension/jemalloc/jemalloc/include -O3 -DNDEBUG -O3 -DNDEBUG   -fPIC -fdiagnostics-color=always -w -std=c++11 -MD -MT extension/jemalloc/jemalloc/CMakeFiles/jemalloc.dir/src/decay.cpp.o -MF extension/jemalloc/jemalloc/CMakeFiles/jemalloc.dir/src/decay.cpp.o.d -o extension/jemalloc/jemalloc/CMakeFiles/jemalloc.dir/src/decay.cpp.o -c /home/pei/Project/duckdb-polr/extension/jemalloc/jemalloc/src/decay.cpp
[218/376] /usr/bin/ccache /usr/lib/ccache/c++ -DDUCKDB_BUILD_LIBRARY -DENABLE_CROSS_PRODUCT_REWRITE=0 -DENABLE_DEBUG_PRINT=0 -DENABLE_MEASURE_EXE_TIME=0 -DENABLE_MERGE_BACK_PLAN=0 -DENABLE_PARALLEL_EXECUTION=0 -DENABLE_QUERY_SPLIT=0 -DENABLE_SPECIFY_EST_STAT=0 -DJEMALLOC_NO_PRIVATE_NAMESPACE -DJEMALLOC_NO_RENAME -I/home/pei/Project/duckdb-polr/src/include -I/home/pei/Project/duckdb-polr/third_party/fsst -I/home/pei/Project/duckdb-polr/third_party/fmt/include -I/home/pei/Project/duckdb-polr/third_party/hyperloglog -I/home/pei/Project/duckdb-polr/third_party/fastpforlib -I/home/pei/Project/duckdb-polr/third_party/fast_float -I/home/pei/Project/duckdb-polr/third_party/re2 -I/home/pei/Project/duckdb-polr/third_party/miniz -I/home/pei/Project/duckdb-polr/third_party/utf8proc/include -I/home/pei/Project/duckdb-polr/third_party/miniparquet -I/home/pei/Project/duckdb-polr/third_party/concurrentqueue -I/home/pei/Project/duckdb-polr/third_party/pcg -I/home/pei/Project/duckdb-polr/third_party/tdigest -I/home/pei/Project/duckdb-polr/third_party/mbedtls/include -I/home/pei/Project/duckdb-polr/third_party/jaro_winkler -I/home/pei/Project/duckdb-polr/extension/jemalloc/include -I/home/pei/Project/duckdb-polr/extension/jemalloc/jemalloc/include -O3 -DNDEBUG -O3 -DNDEBUG   -fPIC -fdiagnostics-color=always -w -std=c++11 -MD -MT extension/jemalloc/jemalloc/CMakeFiles/jemalloc.dir/src/div.cpp.o -MF extension/jemalloc/jemalloc/CMakeFiles/jemalloc.dir/src/div.cpp.o.d -o extension/jemalloc/jemalloc/CMakeFiles/jemalloc.dir/src/div.cpp.o -c /home/pei/Project/duckdb-polr/extension/jemalloc/jemalloc/src/div.cpp
[219/376] /usr/bin/ccache /usr/lib/ccache/c++ -DDUCKDB_BUILD_LIBRARY -DENABLE_CROSS_PRODUCT_REWRITE=0 -DENABLE_DEBUG_PRINT=0 -DENABLE_MEASURE_EXE_TIME=0 -DENABLE_MERGE_BACK_PLAN=0 -DENABLE_PARALLEL_EXECUTION=0 -DENABLE_QUERY_SPLIT=0 -DENABLE_SPECIFY_EST_STAT=0 -DJEMALLOC_NO_PRIVATE_NAMESPACE -DJEMALLOC_NO_RENAME -I/home/pei/Project/duckdb-polr/src/include -I/home/pei/Project/duckdb-polr/third_party/fsst -I/home/pei/Project/duckdb-polr/third_party/fmt/include -I/home/pei/Project/duckdb-polr/third_party/hyperloglog -I/home/pei/Project/duckdb-polr/third_party/fastpforlib -I/home/pei/Project/duckdb-polr/third_party/fast_float -I/home/pei/Project/duckdb-polr/third_party/re2 -I/home/pei/Project/duckdb-polr/third_party/miniz -I/home/pei/Project/duckdb-polr/third_party/utf8proc/include -I/home/pei/Project/duckdb-polr/third_party/miniparquet -I/home/pei/Project/duckdb-polr/third_party/concurrentqueue -I/home/pei/Project/duckdb-polr/third_party/pcg -I/home/pei/Project/duckdb-polr/third_party/tdigest -I/home/pei/Project/duckdb-polr/third_party/mbedtls/include -I/home/pei/Project/duckdb-polr/third_party/jaro_winkler -I/home/pei/Project/duckdb-polr/extension/jemalloc/include -I/home/pei/Project/duckdb-polr/extension/jemalloc/jemalloc/include -O3 -DNDEBUG -O3 -DNDEBUG   -fPIC -fdiagnostics-color=always -w -std=c++11 -MD -MT extension/jemalloc/jemalloc/CMakeFiles/jemalloc.dir/src/ecache.cpp.o -MF extension/jemalloc/jemalloc/CMakeFiles/jemalloc.dir/src/ecache.cpp.o.d -o extension/jemalloc/jemalloc/CMakeFiles/jemalloc.dir/src/ecache.cpp.o -c /home/pei/Project/duckdb-polr/extension/jemalloc/jemalloc/src/ecache.cpp
[220/376] /usr/bin/ccache /usr/lib/ccache/c++ -DDUCKDB_BUILD_LIBRARY -DENABLE_CROSS_PRODUCT_REWRITE=0 -DENABLE_DEBUG_PRINT=0 -DENABLE_MEASURE_EXE_TIME=0 -DENABLE_MERGE_BACK_PLAN=0 -DENABLE_PARALLEL_EXECUTION=0 -DENABLE_QUERY_SPLIT=0 -DENABLE_SPECIFY_EST_STAT=0 -DJEMALLOC_NO_PRIVATE_NAMESPACE -DJEMALLOC_NO_RENAME -I/home/pei/Project/duckdb-polr/src/include -I/home/pei/Project/duckdb-polr/third_party/fsst -I/home/pei/Project/duckdb-polr/third_party/fmt/include -I/home/pei/Project/duckdb-polr/third_party/hyperloglog -I/home/pei/Project/duckdb-polr/third_party/fastpforlib -I/home/pei/Project/duckdb-polr/third_party/fast_float -I/home/pei/Project/duckdb-polr/third_party/re2 -I/home/pei/Project/duckdb-polr/third_party/miniz -I/home/pei/Project/duckdb-polr/third_party/utf8proc/include -I/home/pei/Project/duckdb-polr/third_party/miniparquet -I/home/pei/Project/duckdb-polr/third_party/concurrentqueue -I/home/pei/Project/duckdb-polr/third_party/pcg -I/home/pei/Project/duckdb-polr/third_party/tdigest -I/home/pei/Project/duckdb-polr/third_party/mbedtls/include -I/home/pei/Project/duckdb-polr/third_party/jaro_winkler -I/home/pei/Project/duckdb-polr/extension/jemalloc/include -I/home/pei/Project/duckdb-polr/extension/jemalloc/jemalloc/include -O3 -DNDEBUG -O3 -DNDEBUG   -fPIC -fdiagnostics-color=always -w -std=c++11 -MD -MT extension/jemalloc/jemalloc/CMakeFiles/jemalloc.dir/src/edata.cpp.o -MF extension/jemalloc/jemalloc/CMakeFiles/jemalloc.dir/src/edata.cpp.o.d -o extension/jemalloc/jemalloc/CMakeFiles/jemalloc.dir/src/edata.cpp.o -c /home/pei/Project/duckdb-polr/extension/jemalloc/jemalloc/src/edata.cpp
[221/376] /usr/bin/ccache /usr/lib/ccache/c++ -DDUCKDB_BUILD_LIBRARY -DENABLE_CROSS_PRODUCT_REWRITE=0 -DENABLE_DEBUG_PRINT=0 -DENABLE_MEASURE_EXE_TIME=0 -DENABLE_MERGE_BACK_PLAN=0 -DENABLE_PARALLEL_EXECUTION=0 -DENABLE_QUERY_SPLIT=0 -DENABLE_SPECIFY_EST_STAT=0 -DJEMALLOC_NO_PRIVATE_NAMESPACE -DJEMALLOC_NO_RENAME -I/home/pei/Project/duckdb-polr/src/include -I/home/pei/Project/duckdb-polr/third_party/fsst -I/home/pei/Project/duckdb-polr/third_party/fmt/include -I/home/pei/Project/duckdb-polr/third_party/hyperloglog -I/home/pei/Project/duckdb-polr/third_party/fastpforlib -I/home/pei/Project/duckdb-polr/third_party/fast_float -I/home/pei/Project/duckdb-polr/third_party/re2 -I/home/pei/Project/duckdb-polr/third_party/miniz -I/home/pei/Project/duckdb-polr/third_party/utf8proc/include -I/home/pei/Project/duckdb-polr/third_party/miniparquet -I/home/pei/Project/duckdb-polr/third_party/concurrentqueue -I/home/pei/Project/duckdb-polr/third_party/pcg -I/home/pei/Project/duckdb-polr/third_party/tdigest -I/home/pei/Project/duckdb-polr/third_party/mbedtls/include -I/home/pei/Project/duckdb-polr/third_party/jaro_winkler -I/home/pei/Project/duckdb-polr/extension/jemalloc/include -I/home/pei/Project/duckdb-polr/extension/jemalloc/jemalloc/include -O3 -DNDEBUG -O3 -DNDEBUG   -fPIC -fdiagnostics-color=always -w -std=c++11 -MD -MT extension/jemalloc/jemalloc/CMakeFiles/jemalloc.dir/src/edata_cache.cpp.o -MF extension/jemalloc/jemalloc/CMakeFiles/jemalloc.dir/src/edata_cache.cpp.o.d -o extension/jemalloc/jemalloc/CMakeFiles/jemalloc.dir/src/edata_cache.cpp.o -c /home/pei/Project/duckdb-polr/extension/jemalloc/jemalloc/src/edata_cache.cpp
[222/376] /usr/bin/ccache /usr/lib/ccache/c++ -DDUCKDB_BUILD_LIBRARY -DENABLE_CROSS_PRODUCT_REWRITE=0 -DENABLE_DEBUG_PRINT=0 -DENABLE_MEASURE_EXE_TIME=0 -DENABLE_MERGE_BACK_PLAN=0 -DENABLE_PARALLEL_EXECUTION=0 -DENABLE_QUERY_SPLIT=0 -DENABLE_SPECIFY_EST_STAT=0 -DJEMALLOC_NO_PRIVATE_NAMESPACE -DJEMALLOC_NO_RENAME -I/home/pei/Project/duckdb-polr/src/include -I/home/pei/Project/duckdb-polr/third_party/fsst -I/home/pei/Project/duckdb-polr/third_party/fmt/include -I/home/pei/Project/duckdb-polr/third_party/hyperloglog -I/home/pei/Project/duckdb-polr/third_party/fastpforlib -I/home/pei/Project/duckdb-polr/third_party/fast_float -I/home/pei/Project/duckdb-polr/third_party/re2 -I/home/pei/Project/duckdb-polr/third_party/miniz -I/home/pei/Project/duckdb-polr/third_party/utf8proc/include -I/home/pei/Project/duckdb-polr/third_party/miniparquet -I/home/pei/Project/duckdb-polr/third_party/concurrentqueue -I/home/pei/Project/duckdb-polr/third_party/pcg -I/home/pei/Project/duckdb-polr/third_party/tdigest -I/home/pei/Project/duckdb-polr/third_party/mbedtls/include -I/home/pei/Project/duckdb-polr/third_party/jaro_winkler -I/home/pei/Project/duckdb-polr/extension/jemalloc/include -I/home/pei/Project/duckdb-polr/extension/jemalloc/jemalloc/include -O3 -DNDEBUG -O3 -DNDEBUG   -fPIC -fdiagnostics-color=always -w -std=c++11 -MD -MT extension/jemalloc/jemalloc/CMakeFiles/jemalloc.dir/src/ehooks.cpp.o -MF extension/jemalloc/jemalloc/CMakeFiles/jemalloc.dir/src/ehooks.cpp.o.d -o extension/jemalloc/jemalloc/CMakeFiles/jemalloc.dir/src/ehooks.cpp.o -c /home/pei/Project/duckdb-polr/extension/jemalloc/jemalloc/src/ehooks.cpp
[223/376] /usr/bin/ccache /usr/lib/ccache/c++ -DDUCKDB_BUILD_LIBRARY -DENABLE_CROSS_PRODUCT_REWRITE=0 -DENABLE_DEBUG_PRINT=0 -DENABLE_MEASURE_EXE_TIME=0 -DENABLE_MERGE_BACK_PLAN=0 -DENABLE_PARALLEL_EXECUTION=0 -DENABLE_QUERY_SPLIT=0 -DENABLE_SPECIFY_EST_STAT=0 -DJEMALLOC_NO_PRIVATE_NAMESPACE -DJEMALLOC_NO_RENAME -I/home/pei/Project/duckdb-polr/src/include -I/home/pei/Project/duckdb-polr/third_party/fsst -I/home/pei/Project/duckdb-polr/third_party/fmt/include -I/home/pei/Project/duckdb-polr/third_party/hyperloglog -I/home/pei/Project/duckdb-polr/third_party/fastpforlib -I/home/pei/Project/duckdb-polr/third_party/fast_float -I/home/pei/Project/duckdb-polr/third_party/re2 -I/home/pei/Project/duckdb-polr/third_party/miniz -I/home/pei/Project/duckdb-polr/third_party/utf8proc/include -I/home/pei/Project/duckdb-polr/third_party/miniparquet -I/home/pei/Project/duckdb-polr/third_party/concurrentqueue -I/home/pei/Project/duckdb-polr/third_party/pcg -I/home/pei/Project/duckdb-polr/third_party/tdigest -I/home/pei/Project/duckdb-polr/third_party/mbedtls/include -I/home/pei/Project/duckdb-polr/third_party/jaro_winkler -I/home/pei/Project/duckdb-polr/extension/jemalloc/include -I/home/pei/Project/duckdb-polr/extension/jemalloc/jemalloc/include -O3 -DNDEBUG -O3 -DNDEBUG   -fPIC -fdiagnostics-color=always -w -std=c++11 -MD -MT extension/jemalloc/jemalloc/CMakeFiles/jemalloc.dir/src/emap.cpp.o -MF extension/jemalloc/jemalloc/CMakeFiles/jemalloc.dir/src/emap.cpp.o.d -o extension/jemalloc/jemalloc/CMakeFiles/jemalloc.dir/src/emap.cpp.o -c /home/pei/Project/duckdb-polr/extension/jemalloc/jemalloc/src/emap.cpp
[224/376] /usr/bin/ccache /usr/lib/ccache/c++ -DDUCKDB_BUILD_LIBRARY -DENABLE_CROSS_PRODUCT_REWRITE=0 -DENABLE_DEBUG_PRINT=0 -DENABLE_MEASURE_EXE_TIME=0 -DENABLE_MERGE_BACK_PLAN=0 -DENABLE_PARALLEL_EXECUTION=0 -DENABLE_QUERY_SPLIT=0 -DENABLE_SPECIFY_EST_STAT=0 -DJEMALLOC_NO_PRIVATE_NAMESPACE -DJEMALLOC_NO_RENAME -I/home/pei/Project/duckdb-polr/src/include -I/home/pei/Project/duckdb-polr/third_party/fsst -I/home/pei/Project/duckdb-polr/third_party/fmt/include -I/home/pei/Project/duckdb-polr/third_party/hyperloglog -I/home/pei/Project/duckdb-polr/third_party/fastpforlib -I/home/pei/Project/duckdb-polr/third_party/fast_float -I/home/pei/Project/duckdb-polr/third_party/re2 -I/home/pei/Project/duckdb-polr/third_party/miniz -I/home/pei/Project/duckdb-polr/third_party/utf8proc/include -I/home/pei/Project/duckdb-polr/third_party/miniparquet -I/home/pei/Project/duckdb-polr/third_party/concurrentqueue -I/home/pei/Project/duckdb-polr/third_party/pcg -I/home/pei/Project/duckdb-polr/third_party/tdigest -I/home/pei/Project/duckdb-polr/third_party/mbedtls/include -I/home/pei/Project/duckdb-polr/third_party/jaro_winkler -I/home/pei/Project/duckdb-polr/extension/jemalloc/include -I/home/pei/Project/duckdb-polr/extension/jemalloc/jemalloc/include -O3 -DNDEBUG -O3 -DNDEBUG   -fPIC -fdiagnostics-color=always -w -std=c++11 -MD -MT extension/jemalloc/jemalloc/CMakeFiles/jemalloc.dir/src/exp_grow.cpp.o -MF extension/jemalloc/jemalloc/CMakeFiles/jemalloc.dir/src/exp_grow.cpp.o.d -o extension/jemalloc/jemalloc/CMakeFiles/jemalloc.dir/src/exp_grow.cpp.o -c /home/pei/Project/duckdb-polr/extension/jemalloc/jemalloc/src/exp_grow.cpp
[225/376] /usr/bin/ccache /usr/lib/ccache/c++ -DDUCKDB_BUILD_LIBRARY -DENABLE_CROSS_PRODUCT_REWRITE=0 -DENABLE_DEBUG_PRINT=0 -DENABLE_MEASURE_EXE_TIME=0 -DENABLE_MERGE_BACK_PLAN=0 -DENABLE_PARALLEL_EXECUTION=0 -DENABLE_QUERY_SPLIT=0 -DENABLE_SPECIFY_EST_STAT=0 -DJEMALLOC_NO_PRIVATE_NAMESPACE -DJEMALLOC_NO_RENAME -I/home/pei/Project/duckdb-polr/src/include -I/home/pei/Project/duckdb-polr/third_party/fsst -I/home/pei/Project/duckdb-polr/third_party/fmt/include -I/home/pei/Project/duckdb-polr/third_party/hyperloglog -I/home/pei/Project/duckdb-polr/third_party/fastpforlib -I/home/pei/Project/duckdb-polr/third_party/fast_float -I/home/pei/Project/duckdb-polr/third_party/re2 -I/home/pei/Project/duckdb-polr/third_party/miniz -I/home/pei/Project/duckdb-polr/third_party/utf8proc/include -I/home/pei/Project/duckdb-polr/third_party/miniparquet -I/home/pei/Project/duckdb-polr/third_party/concurrentqueue -I/home/pei/Project/duckdb-polr/third_party/pcg -I/home/pei/Project/duckdb-polr/third_party/tdigest -I/home/pei/Project/duckdb-polr/third_party/mbedtls/include -I/home/pei/Project/duckdb-polr/third_party/jaro_winkler -I/home/pei/Project/duckdb-polr/extension/jemalloc/include -I/home/pei/Project/duckdb-polr/extension/jemalloc/jemalloc/include -O3 -DNDEBUG -O3 -DNDEBUG   -fPIC -fdiagnostics-color=always -w -std=c++11 -MD -MT extension/jemalloc/jemalloc/CMakeFiles/jemalloc.dir/src/eset.cpp.o -MF extension/jemalloc/jemalloc/CMakeFiles/jemalloc.dir/src/eset.cpp.o.d -o extension/jemalloc/jemalloc/CMakeFiles/jemalloc.dir/src/eset.cpp.o -c /home/pei/Project/duckdb-polr/extension/jemalloc/jemalloc/src/eset.cpp
[226/376] /usr/bin/ccache /usr/lib/ccache/c++ -DDUCKDB_BUILD_LIBRARY -DENABLE_CROSS_PRODUCT_REWRITE=0 -DENABLE_DEBUG_PRINT=0 -DENABLE_MEASURE_EXE_TIME=0 -DENABLE_MERGE_BACK_PLAN=0 -DENABLE_PARALLEL_EXECUTION=0 -DENABLE_QUERY_SPLIT=0 -DENABLE_SPECIFY_EST_STAT=0 -DJEMALLOC_NO_PRIVATE_NAMESPACE -DJEMALLOC_NO_RENAME -I/home/pei/Project/duckdb-polr/src/include -I/home/pei/Project/duckdb-polr/third_party/fsst -I/home/pei/Project/duckdb-polr/third_party/fmt/include -I/home/pei/Project/duckdb-polr/third_party/hyperloglog -I/home/pei/Project/duckdb-polr/third_party/fastpforlib -I/home/pei/Project/duckdb-polr/third_party/fast_float -I/home/pei/Project/duckdb-polr/third_party/re2 -I/home/pei/Project/duckdb-polr/third_party/miniz -I/home/pei/Project/duckdb-polr/third_party/utf8proc/include -I/home/pei/Project/duckdb-polr/third_party/miniparquet -I/home/pei/Project/duckdb-polr/third_party/concurrentqueue -I/home/pei/Project/duckdb-polr/third_party/pcg -I/home/pei/Project/duckdb-polr/third_party/tdigest -I/home/pei/Project/duckdb-polr/third_party/mbedtls/include -I/home/pei/Project/duckdb-polr/third_party/jaro_winkler -I/home/pei/Project/duckdb-polr/extension/jemalloc/include -I/home/pei/Project/duckdb-polr/extension/jemalloc/jemalloc/include -O3 -DNDEBUG -O3 -DNDEBUG   -fPIC -fdiagnostics-color=always -w -std=c++11 -MD -MT extension/jemalloc/jemalloc/CMakeFiles/jemalloc.dir/src/extent.cpp.o -MF extension/jemalloc/jemalloc/CMakeFiles/jemalloc.dir/src/extent.cpp.o.d -o extension/jemalloc/jemalloc/CMakeFiles/jemalloc.dir/src/extent.cpp.o -c /home/pei/Project/duckdb-polr/extension/jemalloc/jemalloc/src/extent.cpp
[227/376] /usr/bin/ccache /usr/lib/ccache/c++ -DDUCKDB_BUILD_LIBRARY -DENABLE_CROSS_PRODUCT_REWRITE=0 -DENABLE_DEBUG_PRINT=0 -DENABLE_MEASURE_EXE_TIME=0 -DENABLE_MERGE_BACK_PLAN=0 -DENABLE_PARALLEL_EXECUTION=0 -DENABLE_QUERY_SPLIT=0 -DENABLE_SPECIFY_EST_STAT=0 -DJEMALLOC_NO_PRIVATE_NAMESPACE -DJEMALLOC_NO_RENAME -I/home/pei/Project/duckdb-polr/src/include -I/home/pei/Project/duckdb-polr/third_party/fsst -I/home/pei/Project/duckdb-polr/third_party/fmt/include -I/home/pei/Project/duckdb-polr/third_party/hyperloglog -I/home/pei/Project/duckdb-polr/third_party/fastpforlib -I/home/pei/Project/duckdb-polr/third_party/fast_float -I/home/pei/Project/duckdb-polr/third_party/re2 -I/home/pei/Project/duckdb-polr/third_party/miniz -I/home/pei/Project/duckdb-polr/third_party/utf8proc/include -I/home/pei/Project/duckdb-polr/third_party/miniparquet -I/home/pei/Project/duckdb-polr/third_party/concurrentqueue -I/home/pei/Project/duckdb-polr/third_party/pcg -I/home/pei/Project/duckdb-polr/third_party/tdigest -I/home/pei/Project/duckdb-polr/third_party/mbedtls/include -I/home/pei/Project/duckdb-polr/third_party/jaro_winkler -I/home/pei/Project/duckdb-polr/extension/jemalloc/include -I/home/pei/Project/duckdb-polr/extension/jemalloc/jemalloc/include -O3 -DNDEBUG -O3 -DNDEBUG   -fPIC -fdiagnostics-color=always -w -std=c++11 -MD -MT extension/jemalloc/jemalloc/CMakeFiles/jemalloc.dir/src/extent_dss.cpp.o -MF extension/jemalloc/jemalloc/CMakeFiles/jemalloc.dir/src/extent_dss.cpp.o.d -o extension/jemalloc/jemalloc/CMakeFiles/jemalloc.dir/src/extent_dss.cpp.o -c /home/pei/Project/duckdb-polr/extension/jemalloc/jemalloc/src/extent_dss.cpp
[228/376] /usr/bin/ccache /usr/lib/ccache/c++ -DDUCKDB_BUILD_LIBRARY -DENABLE_CROSS_PRODUCT_REWRITE=0 -DENABLE_DEBUG_PRINT=0 -DENABLE_MEASURE_EXE_TIME=0 -DENABLE_MERGE_BACK_PLAN=0 -DENABLE_PARALLEL_EXECUTION=0 -DENABLE_QUERY_SPLIT=0 -DENABLE_SPECIFY_EST_STAT=0 -DJEMALLOC_NO_PRIVATE_NAMESPACE -DJEMALLOC_NO_RENAME -I/home/pei/Project/duckdb-polr/src/include -I/home/pei/Project/duckdb-polr/third_party/fsst -I/home/pei/Project/duckdb-polr/third_party/fmt/include -I/home/pei/Project/duckdb-polr/third_party/hyperloglog -I/home/pei/Project/duckdb-polr/third_party/fastpforlib -I/home/pei/Project/duckdb-polr/third_party/fast_float -I/home/pei/Project/duckdb-polr/third_party/re2 -I/home/pei/Project/duckdb-polr/third_party/miniz -I/home/pei/Project/duckdb-polr/third_party/utf8proc/include -I/home/pei/Project/duckdb-polr/third_party/miniparquet -I/home/pei/Project/duckdb-polr/third_party/concurrentqueue -I/home/pei/Project/duckdb-polr/third_party/pcg -I/home/pei/Project/duckdb-polr/third_party/tdigest -I/home/pei/Project/duckdb-polr/third_party/mbedtls/include -I/home/pei/Project/duckdb-polr/third_party/jaro_winkler -I/home/pei/Project/duckdb-polr/extension/jemalloc/include -I/home/pei/Project/duckdb-polr/extension/jemalloc/jemalloc/include -O3 -DNDEBUG -O3 -DNDEBUG   -fPIC -fdiagnostics-color=always -w -std=c++11 -MD -MT extension/jemalloc/jemalloc/CMakeFiles/jemalloc.dir/src/extent_mmap.cpp.o -MF extension/jemalloc/jemalloc/CMakeFiles/jemalloc.dir/src/extent_mmap.cpp.o.d -o extension/jemalloc/jemalloc/CMakeFiles/jemalloc.dir/src/extent_mmap.cpp.o -c /home/pei/Project/duckdb-polr/extension/jemalloc/jemalloc/src/extent_mmap.cpp
[229/376] /usr/bin/ccache /usr/lib/ccache/c++ -DDUCKDB_BUILD_LIBRARY -DENABLE_CROSS_PRODUCT_REWRITE=0 -DENABLE_DEBUG_PRINT=0 -DENABLE_MEASURE_EXE_TIME=0 -DENABLE_MERGE_BACK_PLAN=0 -DENABLE_PARALLEL_EXECUTION=0 -DENABLE_QUERY_SPLIT=0 -DENABLE_SPECIFY_EST_STAT=0 -DJEMALLOC_NO_PRIVATE_NAMESPACE -DJEMALLOC_NO_RENAME -I/home/pei/Project/duckdb-polr/src/include -I/home/pei/Project/duckdb-polr/third_party/fsst -I/home/pei/Project/duckdb-polr/third_party/fmt/include -I/home/pei/Project/duckdb-polr/third_party/hyperloglog -I/home/pei/Project/duckdb-polr/third_party/fastpforlib -I/home/pei/Project/duckdb-polr/third_party/fast_float -I/home/pei/Project/duckdb-polr/third_party/re2 -I/home/pei/Project/duckdb-polr/third_party/miniz -I/home/pei/Project/duckdb-polr/third_party/utf8proc/include -I/home/pei/Project/duckdb-polr/third_party/miniparquet -I/home/pei/Project/duckdb-polr/third_party/concurrentqueue -I/home/pei/Project/duckdb-polr/third_party/pcg -I/home/pei/Project/duckdb-polr/third_party/tdigest -I/home/pei/Project/duckdb-polr/third_party/mbedtls/include -I/home/pei/Project/duckdb-polr/third_party/jaro_winkler -I/home/pei/Project/duckdb-polr/extension/jemalloc/include -I/home/pei/Project/duckdb-polr/extension/jemalloc/jemalloc/include -O3 -DNDEBUG -O3 -DNDEBUG   -fPIC -fdiagnostics-color=always -w -std=c++11 -MD -MT extension/jemalloc/jemalloc/CMakeFiles/jemalloc.dir/src/fxp.cpp.o -MF extension/jemalloc/jemalloc/CMakeFiles/jemalloc.dir/src/fxp.cpp.o.d -o extension/jemalloc/jemalloc/CMakeFiles/jemalloc.dir/src/fxp.cpp.o -c /home/pei/Project/duckdb-polr/extension/jemalloc/jemalloc/src/fxp.cpp
[230/376] /usr/bin/ccache /usr/lib/ccache/c++ -DDUCKDB_BUILD_LIBRARY -DENABLE_CROSS_PRODUCT_REWRITE=0 -DENABLE_DEBUG_PRINT=0 -DENABLE_MEASURE_EXE_TIME=0 -DENABLE_MERGE_BACK_PLAN=0 -DENABLE_PARALLEL_EXECUTION=0 -DENABLE_QUERY_SPLIT=0 -DENABLE_SPECIFY_EST_STAT=0 -DJEMALLOC_NO_PRIVATE_NAMESPACE -DJEMALLOC_NO_RENAME -I/home/pei/Project/duckdb-polr/src/include -I/home/pei/Project/duckdb-polr/third_party/fsst -I/home/pei/Project/duckdb-polr/third_party/fmt/include -I/home/pei/Project/duckdb-polr/third_party/hyperloglog -I/home/pei/Project/duckdb-polr/third_party/fastpforlib -I/home/pei/Project/duckdb-polr/third_party/fast_float -I/home/pei/Project/duckdb-polr/third_party/re2 -I/home/pei/Project/duckdb-polr/third_party/miniz -I/home/pei/Project/duckdb-polr/third_party/utf8proc/include -I/home/pei/Project/duckdb-polr/third_party/miniparquet -I/home/pei/Project/duckdb-polr/third_party/concurrentqueue -I/home/pei/Project/duckdb-polr/third_party/pcg -I/home/pei/Project/duckdb-polr/third_party/tdigest -I/home/pei/Project/duckdb-polr/third_party/mbedtls/include -I/home/pei/Project/duckdb-polr/third_party/jaro_winkler -I/home/pei/Project/duckdb-polr/extension/jemalloc/include -I/home/pei/Project/duckdb-polr/extension/jemalloc/jemalloc/include -O3 -DNDEBUG -O3 -DNDEBUG   -fPIC -fdiagnostics-color=always -w -std=c++11 -MD -MT extension/jemalloc/jemalloc/CMakeFiles/jemalloc.dir/src/hpa_hooks.cpp.o -MF extension/jemalloc/jemalloc/CMakeFiles/jemalloc.dir/src/hpa_hooks.cpp.o.d -o extension/jemalloc/jemalloc/CMakeFiles/jemalloc.dir/src/hpa_hooks.cpp.o -c /home/pei/Project/duckdb-polr/extension/jemalloc/jemalloc/src/hpa_hooks.cpp
[231/376] /usr/bin/ccache /usr/lib/ccache/c++ -DDUCKDB_BUILD_LIBRARY -DENABLE_CROSS_PRODUCT_REWRITE=0 -DENABLE_DEBUG_PRINT=0 -DENABLE_MEASURE_EXE_TIME=0 -DENABLE_MERGE_BACK_PLAN=0 -DENABLE_PARALLEL_EXECUTION=0 -DENABLE_QUERY_SPLIT=0 -DENABLE_SPECIFY_EST_STAT=0 -DJEMALLOC_NO_PRIVATE_NAMESPACE -DJEMALLOC_NO_RENAME -I/home/pei/Project/duckdb-polr/src/include -I/home/pei/Project/duckdb-polr/third_party/fsst -I/home/pei/Project/duckdb-polr/third_party/fmt/include -I/home/pei/Project/duckdb-polr/third_party/hyperloglog -I/home/pei/Project/duckdb-polr/third_party/fastpforlib -I/home/pei/Project/duckdb-polr/third_party/fast_float -I/home/pei/Project/duckdb-polr/third_party/re2 -I/home/pei/Project/duckdb-polr/third_party/miniz -I/home/pei/Project/duckdb-polr/third_party/utf8proc/include -I/home/pei/Project/duckdb-polr/third_party/miniparquet -I/home/pei/Project/duckdb-polr/third_party/concurrentqueue -I/home/pei/Project/duckdb-polr/third_party/pcg -I/home/pei/Project/duckdb-polr/third_party/tdigest -I/home/pei/Project/duckdb-polr/third_party/mbedtls/include -I/home/pei/Project/duckdb-polr/third_party/jaro_winkler -I/home/pei/Project/duckdb-polr/extension/jemalloc/include -I/home/pei/Project/duckdb-polr/extension/jemalloc/jemalloc/include -O3 -DNDEBUG -O3 -DNDEBUG   -fPIC -fdiagnostics-color=always -w -std=c++11 -MD -MT extension/jemalloc/jemalloc/CMakeFiles/jemalloc.dir/src/hook.cpp.o -MF extension/jemalloc/jemalloc/CMakeFiles/jemalloc.dir/src/hook.cpp.o.d -o extension/jemalloc/jemalloc/CMakeFiles/jemalloc.dir/src/hook.cpp.o -c /home/pei/Project/duckdb-polr/extension/jemalloc/jemalloc/src/hook.cpp
[232/376] /usr/bin/ccache /usr/lib/ccache/c++ -DDUCKDB_BUILD_LIBRARY -DENABLE_CROSS_PRODUCT_REWRITE=0 -DENABLE_DEBUG_PRINT=0 -DENABLE_MEASURE_EXE_TIME=0 -DENABLE_MERGE_BACK_PLAN=0 -DENABLE_PARALLEL_EXECUTION=0 -DENABLE_QUERY_SPLIT=0 -DENABLE_SPECIFY_EST_STAT=0 -DJEMALLOC_NO_PRIVATE_NAMESPACE -DJEMALLOC_NO_RENAME -I/home/pei/Project/duckdb-polr/src/include -I/home/pei/Project/duckdb-polr/third_party/fsst -I/home/pei/Project/duckdb-polr/third_party/fmt/include -I/home/pei/Project/duckdb-polr/third_party/hyperloglog -I/home/pei/Project/duckdb-polr/third_party/fastpforlib -I/home/pei/Project/duckdb-polr/third_party/fast_float -I/home/pei/Project/duckdb-polr/third_party/re2 -I/home/pei/Project/duckdb-polr/third_party/miniz -I/home/pei/Project/duckdb-polr/third_party/utf8proc/include -I/home/pei/Project/duckdb-polr/third_party/miniparquet -I/home/pei/Project/duckdb-polr/third_party/concurrentqueue -I/home/pei/Project/duckdb-polr/third_party/pcg -I/home/pei/Project/duckdb-polr/third_party/tdigest -I/home/pei/Project/duckdb-polr/third_party/mbedtls/include -I/home/pei/Project/duckdb-polr/third_party/jaro_winkler -I/home/pei/Project/duckdb-polr/extension/jemalloc/include -I/home/pei/Project/duckdb-polr/extension/jemalloc/jemalloc/include -O3 -DNDEBUG -O3 -DNDEBUG   -fPIC -fdiagnostics-color=always -w -std=c++11 -MD -MT extension/jemalloc/jemalloc/CMakeFiles/jemalloc.dir/src/hpa.cpp.o -MF extension/jemalloc/jemalloc/CMakeFiles/jemalloc.dir/src/hpa.cpp.o.d -o extension/jemalloc/jemalloc/CMakeFiles/jemalloc.dir/src/hpa.cpp.o -c /home/pei/Project/duckdb-polr/extension/jemalloc/jemalloc/src/hpa.cpp
[233/376] /usr/bin/ccache /usr/lib/ccache/c++ -DDUCKDB_BUILD_LIBRARY -DENABLE_CROSS_PRODUCT_REWRITE=0 -DENABLE_DEBUG_PRINT=0 -DENABLE_MEASURE_EXE_TIME=0 -DENABLE_MERGE_BACK_PLAN=0 -DENABLE_PARALLEL_EXECUTION=0 -DENABLE_QUERY_SPLIT=0 -DENABLE_SPECIFY_EST_STAT=0 -DJEMALLOC_NO_PRIVATE_NAMESPACE -DJEMALLOC_NO_RENAME -I/home/pei/Project/duckdb-polr/src/include -I/home/pei/Project/duckdb-polr/third_party/fsst -I/home/pei/Project/duckdb-polr/third_party/fmt/include -I/home/pei/Project/duckdb-polr/third_party/hyperloglog -I/home/pei/Project/duckdb-polr/third_party/fastpforlib -I/home/pei/Project/duckdb-polr/third_party/fast_float -I/home/pei/Project/duckdb-polr/third_party/re2 -I/home/pei/Project/duckdb-polr/third_party/miniz -I/home/pei/Project/duckdb-polr/third_party/utf8proc/include -I/home/pei/Project/duckdb-polr/third_party/miniparquet -I/home/pei/Project/duckdb-polr/third_party/concurrentqueue -I/home/pei/Project/duckdb-polr/third_party/pcg -I/home/pei/Project/duckdb-polr/third_party/tdigest -I/home/pei/Project/duckdb-polr/third_party/mbedtls/include -I/home/pei/Project/duckdb-polr/third_party/jaro_winkler -I/home/pei/Project/duckdb-polr/extension/jemalloc/include -I/home/pei/Project/duckdb-polr/extension/jemalloc/jemalloc/include -O3 -DNDEBUG -O3 -DNDEBUG   -fPIC -fdiagnostics-color=always -w -std=c++11 -MD -MT extension/jemalloc/jemalloc/CMakeFiles/jemalloc.dir/src/inspect.cpp.o -MF extension/jemalloc/jemalloc/CMakeFiles/jemalloc.dir/src/inspect.cpp.o.d -o extension/jemalloc/jemalloc/CMakeFiles/jemalloc.dir/src/inspect.cpp.o -c /home/pei/Project/duckdb-polr/extension/jemalloc/jemalloc/src/inspect.cpp
[234/376] /usr/bin/ccache /usr/lib/ccache/c++ -DDUCKDB_BUILD_LIBRARY -DENABLE_CROSS_PRODUCT_REWRITE=0 -DENABLE_DEBUG_PRINT=0 -DENABLE_MEASURE_EXE_TIME=0 -DENABLE_MERGE_BACK_PLAN=0 -DENABLE_PARALLEL_EXECUTION=0 -DENABLE_QUERY_SPLIT=0 -DENABLE_SPECIFY_EST_STAT=0 -DJEMALLOC_NO_PRIVATE_NAMESPACE -DJEMALLOC_NO_RENAME -I/home/pei/Project/duckdb-polr/src/include -I/home/pei/Project/duckdb-polr/third_party/fsst -I/home/pei/Project/duckdb-polr/third_party/fmt/include -I/home/pei/Project/duckdb-polr/third_party/hyperloglog -I/home/pei/Project/duckdb-polr/third_party/fastpforlib -I/home/pei/Project/duckdb-polr/third_party/fast_float -I/home/pei/Project/duckdb-polr/third_party/re2 -I/home/pei/Project/duckdb-polr/third_party/miniz -I/home/pei/Project/duckdb-polr/third_party/utf8proc/include -I/home/pei/Project/duckdb-polr/third_party/miniparquet -I/home/pei/Project/duckdb-polr/third_party/concurrentqueue -I/home/pei/Project/duckdb-polr/third_party/pcg -I/home/pei/Project/duckdb-polr/third_party/tdigest -I/home/pei/Project/duckdb-polr/third_party/mbedtls/include -I/home/pei/Project/duckdb-polr/third_party/jaro_winkler -I/home/pei/Project/duckdb-polr/extension/jemalloc/include -I/home/pei/Project/duckdb-polr/extension/jemalloc/jemalloc/include -O3 -DNDEBUG -O3 -DNDEBUG   -fPIC -fdiagnostics-color=always -w -std=c++11 -MD -MT extension/jemalloc/jemalloc/CMakeFiles/jemalloc.dir/src/hpdata.cpp.o -MF extension/jemalloc/jemalloc/CMakeFiles/jemalloc.dir/src/hpdata.cpp.o.d -o extension/jemalloc/jemalloc/CMakeFiles/jemalloc.dir/src/hpdata.cpp.o -c /home/pei/Project/duckdb-polr/extension/jemalloc/jemalloc/src/hpdata.cpp
[235/376] /usr/bin/ccache /usr/lib/ccache/c++ -DDUCKDB_BUILD_LIBRARY -DENABLE_CROSS_PRODUCT_REWRITE=0 -DENABLE_DEBUG_PRINT=0 -DENABLE_MEASURE_EXE_TIME=0 -DENABLE_MERGE_BACK_PLAN=0 -DENABLE_PARALLEL_EXECUTION=0 -DENABLE_QUERY_SPLIT=0 -DENABLE_SPECIFY_EST_STAT=0 -DJEMALLOC_NO_PRIVATE_NAMESPACE -DJEMALLOC_NO_RENAME -I/home/pei/Project/duckdb-polr/src/include -I/home/pei/Project/duckdb-polr/third_party/fsst -I/home/pei/Project/duckdb-polr/third_party/fmt/include -I/home/pei/Project/duckdb-polr/third_party/hyperloglog -I/home/pei/Project/duckdb-polr/third_party/fastpforlib -I/home/pei/Project/duckdb-polr/third_party/fast_float -I/home/pei/Project/duckdb-polr/third_party/re2 -I/home/pei/Project/duckdb-polr/third_party/miniz -I/home/pei/Project/duckdb-polr/third_party/utf8proc/include -I/home/pei/Project/duckdb-polr/third_party/miniparquet -I/home/pei/Project/duckdb-polr/third_party/concurrentqueue -I/home/pei/Project/duckdb-polr/third_party/pcg -I/home/pei/Project/duckdb-polr/third_party/tdigest -I/home/pei/Project/duckdb-polr/third_party/mbedtls/include -I/home/pei/Project/duckdb-polr/third_party/jaro_winkler -I/home/pei/Project/duckdb-polr/extension/jemalloc/include -I/home/pei/Project/duckdb-polr/extension/jemalloc/jemalloc/include -O3 -DNDEBUG -O3 -DNDEBUG   -fPIC -fdiagnostics-color=always -w -std=c++11 -MD -MT extension/jemalloc/jemalloc/CMakeFiles/jemalloc.dir/src/jemalloc.cpp.o -MF extension/jemalloc/jemalloc/CMakeFiles/jemalloc.dir/src/jemalloc.cpp.o.d -o extension/jemalloc/jemalloc/CMakeFiles/jemalloc.dir/src/jemalloc.cpp.o -c /home/pei/Project/duckdb-polr/extension/jemalloc/jemalloc/src/jemalloc.cpp
[236/376] /usr/bin/ccache /usr/lib/ccache/c++ -DDUCKDB_BUILD_LIBRARY -DENABLE_CROSS_PRODUCT_REWRITE=0 -DENABLE_DEBUG_PRINT=0 -DENABLE_MEASURE_EXE_TIME=0 -DENABLE_MERGE_BACK_PLAN=0 -DENABLE_PARALLEL_EXECUTION=0 -DENABLE_QUERY_SPLIT=0 -DENABLE_SPECIFY_EST_STAT=0 -DJEMALLOC_NO_PRIVATE_NAMESPACE -DJEMALLOC_NO_RENAME -I/home/pei/Project/duckdb-polr/src/include -I/home/pei/Project/duckdb-polr/third_party/fsst -I/home/pei/Project/duckdb-polr/third_party/fmt/include -I/home/pei/Project/duckdb-polr/third_party/hyperloglog -I/home/pei/Project/duckdb-polr/third_party/fastpforlib -I/home/pei/Project/duckdb-polr/third_party/fast_float -I/home/pei/Project/duckdb-polr/third_party/re2 -I/home/pei/Project/duckdb-polr/third_party/miniz -I/home/pei/Project/duckdb-polr/third_party/utf8proc/include -I/home/pei/Project/duckdb-polr/third_party/miniparquet -I/home/pei/Project/duckdb-polr/third_party/concurrentqueue -I/home/pei/Project/duckdb-polr/third_party/pcg -I/home/pei/Project/duckdb-polr/third_party/tdigest -I/home/pei/Project/duckdb-polr/third_party/mbedtls/include -I/home/pei/Project/duckdb-polr/third_party/jaro_winkler -I/home/pei/Project/duckdb-polr/extension/jemalloc/include -I/home/pei/Project/duckdb-polr/extension/jemalloc/jemalloc/include -O3 -DNDEBUG -O3 -DNDEBUG   -fPIC -fdiagnostics-color=always -w -std=c++11 -MD -MT extension/jemalloc/jemalloc/CMakeFiles/jemalloc.dir/src/large.cpp.o -MF extension/jemalloc/jemalloc/CMakeFiles/jemalloc.dir/src/large.cpp.o.d -o extension/jemalloc/jemalloc/CMakeFiles/jemalloc.dir/src/large.cpp.o -c /home/pei/Project/duckdb-polr/extension/jemalloc/jemalloc/src/large.cpp
[237/376] /usr/bin/ccache /usr/lib/ccache/c++ -DDUCKDB_BUILD_LIBRARY -DENABLE_CROSS_PRODUCT_REWRITE=0 -DENABLE_DEBUG_PRINT=0 -DENABLE_MEASURE_EXE_TIME=0 -DENABLE_MERGE_BACK_PLAN=0 -DENABLE_PARALLEL_EXECUTION=0 -DENABLE_QUERY_SPLIT=0 -DENABLE_SPECIFY_EST_STAT=0 -DJEMALLOC_NO_PRIVATE_NAMESPACE -DJEMALLOC_NO_RENAME -I/home/pei/Project/duckdb-polr/src/include -I/home/pei/Project/duckdb-polr/third_party/fsst -I/home/pei/Project/duckdb-polr/third_party/fmt/include -I/home/pei/Project/duckdb-polr/third_party/hyperloglog -I/home/pei/Project/duckdb-polr/third_party/fastpforlib -I/home/pei/Project/duckdb-polr/third_party/fast_float -I/home/pei/Project/duckdb-polr/third_party/re2 -I/home/pei/Project/duckdb-polr/third_party/miniz -I/home/pei/Project/duckdb-polr/third_party/utf8proc/include -I/home/pei/Project/duckdb-polr/third_party/miniparquet -I/home/pei/Project/duckdb-polr/third_party/concurrentqueue -I/home/pei/Project/duckdb-polr/third_party/pcg -I/home/pei/Project/duckdb-polr/third_party/tdigest -I/home/pei/Project/duckdb-polr/third_party/mbedtls/include -I/home/pei/Project/duckdb-polr/third_party/jaro_winkler -I/home/pei/Project/duckdb-polr/extension/jemalloc/include -I/home/pei/Project/duckdb-polr/extension/jemalloc/jemalloc/include -O3 -DNDEBUG -O3 -DNDEBUG   -fPIC -fdiagnostics-color=always -w -std=c++11 -MD -MT extension/jemalloc/jemalloc/CMakeFiles/jemalloc.dir/src/log.cpp.o -MF extension/jemalloc/jemalloc/CMakeFiles/jemalloc.dir/src/log.cpp.o.d -o extension/jemalloc/jemalloc/CMakeFiles/jemalloc.dir/src/log.cpp.o -c /home/pei/Project/duckdb-polr/extension/jemalloc/jemalloc/src/log.cpp
[238/376] /usr/bin/ccache /usr/lib/ccache/c++ -DDUCKDB_BUILD_LIBRARY -DENABLE_CROSS_PRODUCT_REWRITE=0 -DENABLE_DEBUG_PRINT=0 -DENABLE_MEASURE_EXE_TIME=0 -DENABLE_MERGE_BACK_PLAN=0 -DENABLE_PARALLEL_EXECUTION=0 -DENABLE_QUERY_SPLIT=0 -DENABLE_SPECIFY_EST_STAT=0 -DJEMALLOC_NO_PRIVATE_NAMESPACE -DJEMALLOC_NO_RENAME -I/home/pei/Project/duckdb-polr/src/include -I/home/pei/Project/duckdb-polr/third_party/fsst -I/home/pei/Project/duckdb-polr/third_party/fmt/include -I/home/pei/Project/duckdb-polr/third_party/hyperloglog -I/home/pei/Project/duckdb-polr/third_party/fastpforlib -I/home/pei/Project/duckdb-polr/third_party/fast_float -I/home/pei/Project/duckdb-polr/third_party/re2 -I/home/pei/Project/duckdb-polr/third_party/miniz -I/home/pei/Project/duckdb-polr/third_party/utf8proc/include -I/home/pei/Project/duckdb-polr/third_party/miniparquet -I/home/pei/Project/duckdb-polr/third_party/concurrentqueue -I/home/pei/Project/duckdb-polr/third_party/pcg -I/home/pei/Project/duckdb-polr/third_party/tdigest -I/home/pei/Project/duckdb-polr/third_party/mbedtls/include -I/home/pei/Project/duckdb-polr/third_party/jaro_winkler -I/home/pei/Project/duckdb-polr/extension/jemalloc/include -I/home/pei/Project/duckdb-polr/extension/jemalloc/jemalloc/include -O3 -DNDEBUG -O3 -DNDEBUG   -fPIC -fdiagnostics-color=always -w -std=c++11 -MD -MT extension/jemalloc/jemalloc/CMakeFiles/jemalloc.dir/src/malloc_io.cpp.o -MF extension/jemalloc/jemalloc/CMakeFiles/jemalloc.dir/src/malloc_io.cpp.o.d -o extension/jemalloc/jemalloc/CMakeFiles/jemalloc.dir/src/malloc_io.cpp.o -c /home/pei/Project/duckdb-polr/extension/jemalloc/jemalloc/src/malloc_io.cpp
[239/376] /usr/bin/ccache /usr/lib/ccache/c++ -DDUCKDB_BUILD_LIBRARY -DENABLE_CROSS_PRODUCT_REWRITE=0 -DENABLE_DEBUG_PRINT=0 -DENABLE_MEASURE_EXE_TIME=0 -DENABLE_MERGE_BACK_PLAN=0 -DENABLE_PARALLEL_EXECUTION=0 -DENABLE_QUERY_SPLIT=0 -DENABLE_SPECIFY_EST_STAT=0 -DJEMALLOC_NO_PRIVATE_NAMESPACE -DJEMALLOC_NO_RENAME -I/home/pei/Project/duckdb-polr/src/include -I/home/pei/Project/duckdb-polr/third_party/fsst -I/home/pei/Project/duckdb-polr/third_party/fmt/include -I/home/pei/Project/duckdb-polr/third_party/hyperloglog -I/home/pei/Project/duckdb-polr/third_party/fastpforlib -I/home/pei/Project/duckdb-polr/third_party/fast_float -I/home/pei/Project/duckdb-polr/third_party/re2 -I/home/pei/Project/duckdb-polr/third_party/miniz -I/home/pei/Project/duckdb-polr/third_party/utf8proc/include -I/home/pei/Project/duckdb-polr/third_party/miniparquet -I/home/pei/Project/duckdb-polr/third_party/concurrentqueue -I/home/pei/Project/duckdb-polr/third_party/pcg -I/home/pei/Project/duckdb-polr/third_party/tdigest -I/home/pei/Project/duckdb-polr/third_party/mbedtls/include -I/home/pei/Project/duckdb-polr/third_party/jaro_winkler -I/home/pei/Project/duckdb-polr/extension/jemalloc/include -I/home/pei/Project/duckdb-polr/extension/jemalloc/jemalloc/include -O3 -DNDEBUG -O3 -DNDEBUG   -fPIC -fdiagnostics-color=always -w -std=c++11 -MD -MT extension/jemalloc/jemalloc/CMakeFiles/jemalloc.dir/src/mutex.cpp.o -MF extension/jemalloc/jemalloc/CMakeFiles/jemalloc.dir/src/mutex.cpp.o.d -o extension/jemalloc/jemalloc/CMakeFiles/jemalloc.dir/src/mutex.cpp.o -c /home/pei/Project/duckdb-polr/extension/jemalloc/jemalloc/src/mutex.cpp
[240/376] /usr/bin/ccache /usr/lib/ccache/c++ -DDUCKDB_BUILD_LIBRARY -DENABLE_CROSS_PRODUCT_REWRITE=0 -DENABLE_DEBUG_PRINT=0 -DENABLE_MEASURE_EXE_TIME=0 -DENABLE_MERGE_BACK_PLAN=0 -DENABLE_PARALLEL_EXECUTION=0 -DENABLE_QUERY_SPLIT=0 -DENABLE_SPECIFY_EST_STAT=0 -DJEMALLOC_NO_PRIVATE_NAMESPACE -DJEMALLOC_NO_RENAME -I/home/pei/Project/duckdb-polr/src/include -I/home/pei/Project/duckdb-polr/third_party/fsst -I/home/pei/Project/duckdb-polr/third_party/fmt/include -I/home/pei/Project/duckdb-polr/third_party/hyperloglog -I/home/pei/Project/duckdb-polr/third_party/fastpforlib -I/home/pei/Project/duckdb-polr/third_party/fast_float -I/home/pei/Project/duckdb-polr/third_party/re2 -I/home/pei/Project/duckdb-polr/third_party/miniz -I/home/pei/Project/duckdb-polr/third_party/utf8proc/include -I/home/pei/Project/duckdb-polr/third_party/miniparquet -I/home/pei/Project/duckdb-polr/third_party/concurrentqueue -I/home/pei/Project/duckdb-polr/third_party/pcg -I/home/pei/Project/duckdb-polr/third_party/tdigest -I/home/pei/Project/duckdb-polr/third_party/mbedtls/include -I/home/pei/Project/duckdb-polr/third_party/jaro_winkler -I/home/pei/Project/duckdb-polr/extension/jemalloc/include -I/home/pei/Project/duckdb-polr/extension/jemalloc/jemalloc/include -O3 -DNDEBUG -O3 -DNDEBUG   -fPIC -fdiagnostics-color=always -w -std=c++11 -MD -MT extension/jemalloc/jemalloc/CMakeFiles/jemalloc.dir/src/pa.cpp.o -MF extension/jemalloc/jemalloc/CMakeFiles/jemalloc.dir/src/pa.cpp.o.d -o extension/jemalloc/jemalloc/CMakeFiles/jemalloc.dir/src/pa.cpp.o -c /home/pei/Project/duckdb-polr/extension/jemalloc/jemalloc/src/pa.cpp
[241/376] /usr/bin/ccache /usr/lib/ccache/c++ -DDUCKDB_BUILD_LIBRARY -DENABLE_CROSS_PRODUCT_REWRITE=0 -DENABLE_DEBUG_PRINT=0 -DENABLE_MEASURE_EXE_TIME=0 -DENABLE_MERGE_BACK_PLAN=0 -DENABLE_PARALLEL_EXECUTION=0 -DENABLE_QUERY_SPLIT=0 -DENABLE_SPECIFY_EST_STAT=0 -DJEMALLOC_NO_PRIVATE_NAMESPACE -DJEMALLOC_NO_RENAME -I/home/pei/Project/duckdb-polr/src/include -I/home/pei/Project/duckdb-polr/third_party/fsst -I/home/pei/Project/duckdb-polr/third_party/fmt/include -I/home/pei/Project/duckdb-polr/third_party/hyperloglog -I/home/pei/Project/duckdb-polr/third_party/fastpforlib -I/home/pei/Project/duckdb-polr/third_party/fast_float -I/home/pei/Project/duckdb-polr/third_party/re2 -I/home/pei/Project/duckdb-polr/third_party/miniz -I/home/pei/Project/duckdb-polr/third_party/utf8proc/include -I/home/pei/Project/duckdb-polr/third_party/miniparquet -I/home/pei/Project/duckdb-polr/third_party/concurrentqueue -I/home/pei/Project/duckdb-polr/third_party/pcg -I/home/pei/Project/duckdb-polr/third_party/tdigest -I/home/pei/Project/duckdb-polr/third_party/mbedtls/include -I/home/pei/Project/duckdb-polr/third_party/jaro_winkler -I/home/pei/Project/duckdb-polr/extension/jemalloc/include -I/home/pei/Project/duckdb-polr/extension/jemalloc/jemalloc/include -O3 -DNDEBUG -O3 -DNDEBUG   -fPIC -fdiagnostics-color=always -w -std=c++11 -MD -MT extension/jemalloc/jemalloc/CMakeFiles/jemalloc.dir/src/pa_extra.cpp.o -MF extension/jemalloc/jemalloc/CMakeFiles/jemalloc.dir/src/pa_extra.cpp.o.d -o extension/jemalloc/jemalloc/CMakeFiles/jemalloc.dir/src/pa_extra.cpp.o -c /home/pei/Project/duckdb-polr/extension/jemalloc/jemalloc/src/pa_extra.cpp
[242/376] /usr/bin/ccache /usr/lib/ccache/c++ -DDUCKDB_BUILD_LIBRARY -DENABLE_CROSS_PRODUCT_REWRITE=0 -DENABLE_DEBUG_PRINT=0 -DENABLE_MEASURE_EXE_TIME=0 -DENABLE_MERGE_BACK_PLAN=0 -DENABLE_PARALLEL_EXECUTION=0 -DENABLE_QUERY_SPLIT=0 -DENABLE_SPECIFY_EST_STAT=0 -DJEMALLOC_NO_PRIVATE_NAMESPACE -DJEMALLOC_NO_RENAME -I/home/pei/Project/duckdb-polr/src/include -I/home/pei/Project/duckdb-polr/third_party/fsst -I/home/pei/Project/duckdb-polr/third_party/fmt/include -I/home/pei/Project/duckdb-polr/third_party/hyperloglog -I/home/pei/Project/duckdb-polr/third_party/fastpforlib -I/home/pei/Project/duckdb-polr/third_party/fast_float -I/home/pei/Project/duckdb-polr/third_party/re2 -I/home/pei/Project/duckdb-polr/third_party/miniz -I/home/pei/Project/duckdb-polr/third_party/utf8proc/include -I/home/pei/Project/duckdb-polr/third_party/miniparquet -I/home/pei/Project/duckdb-polr/third_party/concurrentqueue -I/home/pei/Project/duckdb-polr/third_party/pcg -I/home/pei/Project/duckdb-polr/third_party/tdigest -I/home/pei/Project/duckdb-polr/third_party/mbedtls/include -I/home/pei/Project/duckdb-polr/third_party/jaro_winkler -I/home/pei/Project/duckdb-polr/extension/jemalloc/include -I/home/pei/Project/duckdb-polr/extension/jemalloc/jemalloc/include -O3 -DNDEBUG -O3 -DNDEBUG   -fPIC -fdiagnostics-color=always -w -std=c++11 -MD -MT extension/jemalloc/jemalloc/CMakeFiles/jemalloc.dir/src/pac.cpp.o -MF extension/jemalloc/jemalloc/CMakeFiles/jemalloc.dir/src/pac.cpp.o.d -o extension/jemalloc/jemalloc/CMakeFiles/jemalloc.dir/src/pac.cpp.o -c /home/pei/Project/duckdb-polr/extension/jemalloc/jemalloc/src/pac.cpp
[243/376] /usr/bin/ccache /usr/lib/ccache/c++ -DDUCKDB_BUILD_LIBRARY -DENABLE_CROSS_PRODUCT_REWRITE=0 -DENABLE_DEBUG_PRINT=0 -DENABLE_MEASURE_EXE_TIME=0 -DENABLE_MERGE_BACK_PLAN=0 -DENABLE_PARALLEL_EXECUTION=0 -DENABLE_QUERY_SPLIT=0 -DENABLE_SPECIFY_EST_STAT=0 -DJEMALLOC_NO_PRIVATE_NAMESPACE -DJEMALLOC_NO_RENAME -I/home/pei/Project/duckdb-polr/src/include -I/home/pei/Project/duckdb-polr/third_party/fsst -I/home/pei/Project/duckdb-polr/third_party/fmt/include -I/home/pei/Project/duckdb-polr/third_party/hyperloglog -I/home/pei/Project/duckdb-polr/third_party/fastpforlib -I/home/pei/Project/duckdb-polr/third_party/fast_float -I/home/pei/Project/duckdb-polr/third_party/re2 -I/home/pei/Project/duckdb-polr/third_party/miniz -I/home/pei/Project/duckdb-polr/third_party/utf8proc/include -I/home/pei/Project/duckdb-polr/third_party/miniparquet -I/home/pei/Project/duckdb-polr/third_party/concurrentqueue -I/home/pei/Project/duckdb-polr/third_party/pcg -I/home/pei/Project/duckdb-polr/third_party/tdigest -I/home/pei/Project/duckdb-polr/third_party/mbedtls/include -I/home/pei/Project/duckdb-polr/third_party/jaro_winkler -I/home/pei/Project/duckdb-polr/extension/jemalloc/include -I/home/pei/Project/duckdb-polr/extension/jemalloc/jemalloc/include -O3 -DNDEBUG -O3 -DNDEBUG   -fPIC -fdiagnostics-color=always -w -std=c++11 -MD -MT extension/jemalloc/jemalloc/CMakeFiles/jemalloc.dir/src/pages.cpp.o -MF extension/jemalloc/jemalloc/CMakeFiles/jemalloc.dir/src/pages.cpp.o.d -o extension/jemalloc/jemalloc/CMakeFiles/jemalloc.dir/src/pages.cpp.o -c /home/pei/Project/duckdb-polr/extension/jemalloc/jemalloc/src/pages.cpp
[244/376] /usr/bin/ccache /usr/lib/ccache/c++ -DDUCKDB_BUILD_LIBRARY -DENABLE_CROSS_PRODUCT_REWRITE=0 -DENABLE_DEBUG_PRINT=0 -DENABLE_MEASURE_EXE_TIME=0 -DENABLE_MERGE_BACK_PLAN=0 -DENABLE_PARALLEL_EXECUTION=0 -DENABLE_QUERY_SPLIT=0 -DENABLE_SPECIFY_EST_STAT=0 -DJEMALLOC_NO_PRIVATE_NAMESPACE -DJEMALLOC_NO_RENAME -I/home/pei/Project/duckdb-polr/src/include -I/home/pei/Project/duckdb-polr/third_party/fsst -I/home/pei/Project/duckdb-polr/third_party/fmt/include -I/home/pei/Project/duckdb-polr/third_party/hyperloglog -I/home/pei/Project/duckdb-polr/third_party/fastpforlib -I/home/pei/Project/duckdb-polr/third_party/fast_float -I/home/pei/Project/duckdb-polr/third_party/re2 -I/home/pei/Project/duckdb-polr/third_party/miniz -I/home/pei/Project/duckdb-polr/third_party/utf8proc/include -I/home/pei/Project/duckdb-polr/third_party/miniparquet -I/home/pei/Project/duckdb-polr/third_party/concurrentqueue -I/home/pei/Project/duckdb-polr/third_party/pcg -I/home/pei/Project/duckdb-polr/third_party/tdigest -I/home/pei/Project/duckdb-polr/third_party/mbedtls/include -I/home/pei/Project/duckdb-polr/third_party/jaro_winkler -I/home/pei/Project/duckdb-polr/extension/jemalloc/include -I/home/pei/Project/duckdb-polr/extension/jemalloc/jemalloc/include -O3 -DNDEBUG -O3 -DNDEBUG   -fPIC -fdiagnostics-color=always -w -std=c++11 -MD -MT extension/jemalloc/jemalloc/CMakeFiles/jemalloc.dir/src/pai.cpp.o -MF extension/jemalloc/jemalloc/CMakeFiles/jemalloc.dir/src/pai.cpp.o.d -o extension/jemalloc/jemalloc/CMakeFiles/jemalloc.dir/src/pai.cpp.o -c /home/pei/Project/duckdb-polr/extension/jemalloc/jemalloc/src/pai.cpp
[245/376] /usr/bin/ccache /usr/lib/ccache/c++ -DDUCKDB_BUILD_LIBRARY -DENABLE_CROSS_PRODUCT_REWRITE=0 -DENABLE_DEBUG_PRINT=0 -DENABLE_MEASURE_EXE_TIME=0 -DENABLE_MERGE_BACK_PLAN=0 -DENABLE_PARALLEL_EXECUTION=0 -DENABLE_QUERY_SPLIT=0 -DENABLE_SPECIFY_EST_STAT=0 -DJEMALLOC_NO_PRIVATE_NAMESPACE -DJEMALLOC_NO_RENAME -I/home/pei/Project/duckdb-polr/src/include -I/home/pei/Project/duckdb-polr/third_party/fsst -I/home/pei/Project/duckdb-polr/third_party/fmt/include -I/home/pei/Project/duckdb-polr/third_party/hyperloglog -I/home/pei/Project/duckdb-polr/third_party/fastpforlib -I/home/pei/Project/duckdb-polr/third_party/fast_float -I/home/pei/Project/duckdb-polr/third_party/re2 -I/home/pei/Project/duckdb-polr/third_party/miniz -I/home/pei/Project/duckdb-polr/third_party/utf8proc/include -I/home/pei/Project/duckdb-polr/third_party/miniparquet -I/home/pei/Project/duckdb-polr/third_party/concurrentqueue -I/home/pei/Project/duckdb-polr/third_party/pcg -I/home/pei/Project/duckdb-polr/third_party/tdigest -I/home/pei/Project/duckdb-polr/third_party/mbedtls/include -I/home/pei/Project/duckdb-polr/third_party/jaro_winkler -I/home/pei/Project/duckdb-polr/extension/jemalloc/include -I/home/pei/Project/duckdb-polr/extension/jemalloc/jemalloc/include -O3 -DNDEBUG -O3 -DNDEBUG   -fPIC -fdiagnostics-color=always -w -std=c++11 -MD -MT extension/jemalloc/jemalloc/CMakeFiles/jemalloc.dir/src/nstime.cpp.o -MF extension/jemalloc/jemalloc/CMakeFiles/jemalloc.dir/src/nstime.cpp.o.d -o extension/jemalloc/jemalloc/CMakeFiles/jemalloc.dir/src/nstime.cpp.o -c /home/pei/Project/duckdb-polr/extension/jemalloc/jemalloc/src/nstime.cpp
[246/376] /usr/bin/ccache /usr/lib/ccache/c++ -DDUCKDB_BUILD_LIBRARY -DENABLE_CROSS_PRODUCT_REWRITE=0 -DENABLE_DEBUG_PRINT=0 -DENABLE_MEASURE_EXE_TIME=0 -DENABLE_MERGE_BACK_PLAN=0 -DENABLE_PARALLEL_EXECUTION=0 -DENABLE_QUERY_SPLIT=0 -DENABLE_SPECIFY_EST_STAT=0 -DJEMALLOC_NO_PRIVATE_NAMESPACE -DJEMALLOC_NO_RENAME -I/home/pei/Project/duckdb-polr/src/include -I/home/pei/Project/duckdb-polr/third_party/fsst -I/home/pei/Project/duckdb-polr/third_party/fmt/include -I/home/pei/Project/duckdb-polr/third_party/hyperloglog -I/home/pei/Project/duckdb-polr/third_party/fastpforlib -I/home/pei/Project/duckdb-polr/third_party/fast_float -I/home/pei/Project/duckdb-polr/third_party/re2 -I/home/pei/Project/duckdb-polr/third_party/miniz -I/home/pei/Project/duckdb-polr/third_party/utf8proc/include -I/home/pei/Project/duckdb-polr/third_party/miniparquet -I/home/pei/Project/duckdb-polr/third_party/concurrentqueue -I/home/pei/Project/duckdb-polr/third_party/pcg -I/home/pei/Project/duckdb-polr/third_party/tdigest -I/home/pei/Project/duckdb-polr/third_party/mbedtls/include -I/home/pei/Project/duckdb-polr/third_party/jaro_winkler -I/home/pei/Project/duckdb-polr/extension/jemalloc/include -I/home/pei/Project/duckdb-polr/extension/jemalloc/jemalloc/include -O3 -DNDEBUG -O3 -DNDEBUG   -fPIC -fdiagnostics-color=always -w -std=c++11 -MD -MT extension/jemalloc/jemalloc/CMakeFiles/jemalloc.dir/src/prof.cpp.o -MF extension/jemalloc/jemalloc/CMakeFiles/jemalloc.dir/src/prof.cpp.o.d -o extension/jemalloc/jemalloc/CMakeFiles/jemalloc.dir/src/prof.cpp.o -c /home/pei/Project/duckdb-polr/extension/jemalloc/jemalloc/src/prof.cpp
[247/376] /usr/bin/ccache /usr/lib/ccache/c++ -DDUCKDB_BUILD_LIBRARY -DENABLE_CROSS_PRODUCT_REWRITE=0 -DENABLE_DEBUG_PRINT=0 -DENABLE_MEASURE_EXE_TIME=0 -DENABLE_MERGE_BACK_PLAN=0 -DENABLE_PARALLEL_EXECUTION=0 -DENABLE_QUERY_SPLIT=0 -DENABLE_SPECIFY_EST_STAT=0 -DJEMALLOC_NO_PRIVATE_NAMESPACE -DJEMALLOC_NO_RENAME -I/home/pei/Project/duckdb-polr/src/include -I/home/pei/Project/duckdb-polr/third_party/fsst -I/home/pei/Project/duckdb-polr/third_party/fmt/include -I/home/pei/Project/duckdb-polr/third_party/hyperloglog -I/home/pei/Project/duckdb-polr/third_party/fastpforlib -I/home/pei/Project/duckdb-polr/third_party/fast_float -I/home/pei/Project/duckdb-polr/third_party/re2 -I/home/pei/Project/duckdb-polr/third_party/miniz -I/home/pei/Project/duckdb-polr/third_party/utf8proc/include -I/home/pei/Project/duckdb-polr/third_party/miniparquet -I/home/pei/Project/duckdb-polr/third_party/concurrentqueue -I/home/pei/Project/duckdb-polr/third_party/pcg -I/home/pei/Project/duckdb-polr/third_party/tdigest -I/home/pei/Project/duckdb-polr/third_party/mbedtls/include -I/home/pei/Project/duckdb-polr/third_party/jaro_winkler -I/home/pei/Project/duckdb-polr/extension/jemalloc/include -I/home/pei/Project/duckdb-polr/extension/jemalloc/jemalloc/include -O3 -DNDEBUG -O3 -DNDEBUG   -fPIC -fdiagnostics-color=always -w -std=c++11 -MD -MT extension/jemalloc/jemalloc/CMakeFiles/jemalloc.dir/src/peak_event.cpp.o -MF extension/jemalloc/jemalloc/CMakeFiles/jemalloc.dir/src/peak_event.cpp.o.d -o extension/jemalloc/jemalloc/CMakeFiles/jemalloc.dir/src/peak_event.cpp.o -c /home/pei/Project/duckdb-polr/extension/jemalloc/jemalloc/src/peak_event.cpp
[248/376] /usr/bin/ccache /usr/lib/ccache/c++ -DDUCKDB_BUILD_LIBRARY -DENABLE_CROSS_PRODUCT_REWRITE=0 -DENABLE_DEBUG_PRINT=0 -DENABLE_MEASURE_EXE_TIME=0 -DENABLE_MERGE_BACK_PLAN=0 -DENABLE_PARALLEL_EXECUTION=0 -DENABLE_QUERY_SPLIT=0 -DENABLE_SPECIFY_EST_STAT=0 -DJEMALLOC_NO_PRIVATE_NAMESPACE -DJEMALLOC_NO_RENAME -I/home/pei/Project/duckdb-polr/src/include -I/home/pei/Project/duckdb-polr/third_party/fsst -I/home/pei/Project/duckdb-polr/third_party/fmt/include -I/home/pei/Project/duckdb-polr/third_party/hyperloglog -I/home/pei/Project/duckdb-polr/third_party/fastpforlib -I/home/pei/Project/duckdb-polr/third_party/fast_float -I/home/pei/Project/duckdb-polr/third_party/re2 -I/home/pei/Project/duckdb-polr/third_party/miniz -I/home/pei/Project/duckdb-polr/third_party/utf8proc/include -I/home/pei/Project/duckdb-polr/third_party/miniparquet -I/home/pei/Project/duckdb-polr/third_party/concurrentqueue -I/home/pei/Project/duckdb-polr/third_party/pcg -I/home/pei/Project/duckdb-polr/third_party/tdigest -I/home/pei/Project/duckdb-polr/third_party/mbedtls/include -I/home/pei/Project/duckdb-polr/third_party/jaro_winkler -I/home/pei/Project/duckdb-polr/extension/jemalloc/include -I/home/pei/Project/duckdb-polr/extension/jemalloc/jemalloc/include -O3 -DNDEBUG -O3 -DNDEBUG   -fPIC -fdiagnostics-color=always -w -std=c++11 -MD -MT extension/jemalloc/jemalloc/CMakeFiles/jemalloc.dir/src/prof_log.cpp.o -MF extension/jemalloc/jemalloc/CMakeFiles/jemalloc.dir/src/prof_log.cpp.o.d -o extension/jemalloc/jemalloc/CMakeFiles/jemalloc.dir/src/prof_log.cpp.o -c /home/pei/Project/duckdb-polr/extension/jemalloc/jemalloc/src/prof_log.cpp
[249/376] /usr/bin/ccache /usr/lib/ccache/c++ -DDUCKDB_BUILD_LIBRARY -DENABLE_CROSS_PRODUCT_REWRITE=0 -DENABLE_DEBUG_PRINT=0 -DENABLE_MEASURE_EXE_TIME=0 -DENABLE_MERGE_BACK_PLAN=0 -DENABLE_PARALLEL_EXECUTION=0 -DENABLE_QUERY_SPLIT=0 -DENABLE_SPECIFY_EST_STAT=0 -DJEMALLOC_NO_PRIVATE_NAMESPACE -DJEMALLOC_NO_RENAME -I/home/pei/Project/duckdb-polr/src/include -I/home/pei/Project/duckdb-polr/third_party/fsst -I/home/pei/Project/duckdb-polr/third_party/fmt/include -I/home/pei/Project/duckdb-polr/third_party/hyperloglog -I/home/pei/Project/duckdb-polr/third_party/fastpforlib -I/home/pei/Project/duckdb-polr/third_party/fast_float -I/home/pei/Project/duckdb-polr/third_party/re2 -I/home/pei/Project/duckdb-polr/third_party/miniz -I/home/pei/Project/duckdb-polr/third_party/utf8proc/include -I/home/pei/Project/duckdb-polr/third_party/miniparquet -I/home/pei/Project/duckdb-polr/third_party/concurrentqueue -I/home/pei/Project/duckdb-polr/third_party/pcg -I/home/pei/Project/duckdb-polr/third_party/tdigest -I/home/pei/Project/duckdb-polr/third_party/mbedtls/include -I/home/pei/Project/duckdb-polr/third_party/jaro_winkler -I/home/pei/Project/duckdb-polr/extension/jemalloc/include -I/home/pei/Project/duckdb-polr/extension/jemalloc/jemalloc/include -O3 -DNDEBUG -O3 -DNDEBUG   -fPIC -fdiagnostics-color=always -w -std=c++11 -MD -MT extension/jemalloc/jemalloc/CMakeFiles/jemalloc.dir/src/prof_data.cpp.o -MF extension/jemalloc/jemalloc/CMakeFiles/jemalloc.dir/src/prof_data.cpp.o.d -o extension/jemalloc/jemalloc/CMakeFiles/jemalloc.dir/src/prof_data.cpp.o -c /home/pei/Project/duckdb-polr/extension/jemalloc/jemalloc/src/prof_data.cpp
[250/376] /usr/bin/ccache /usr/lib/ccache/c++ -DDUCKDB_BUILD_LIBRARY -DENABLE_CROSS_PRODUCT_REWRITE=0 -DENABLE_DEBUG_PRINT=0 -DENABLE_MEASURE_EXE_TIME=0 -DENABLE_MERGE_BACK_PLAN=0 -DENABLE_PARALLEL_EXECUTION=0 -DENABLE_QUERY_SPLIT=0 -DENABLE_SPECIFY_EST_STAT=0 -DJEMALLOC_NO_PRIVATE_NAMESPACE -DJEMALLOC_NO_RENAME -I/home/pei/Project/duckdb-polr/src/include -I/home/pei/Project/duckdb-polr/third_party/fsst -I/home/pei/Project/duckdb-polr/third_party/fmt/include -I/home/pei/Project/duckdb-polr/third_party/hyperloglog -I/home/pei/Project/duckdb-polr/third_party/fastpforlib -I/home/pei/Project/duckdb-polr/third_party/fast_float -I/home/pei/Project/duckdb-polr/third_party/re2 -I/home/pei/Project/duckdb-polr/third_party/miniz -I/home/pei/Project/duckdb-polr/third_party/utf8proc/include -I/home/pei/Project/duckdb-polr/third_party/miniparquet -I/home/pei/Project/duckdb-polr/third_party/concurrentqueue -I/home/pei/Project/duckdb-polr/third_party/pcg -I/home/pei/Project/duckdb-polr/third_party/tdigest -I/home/pei/Project/duckdb-polr/third_party/mbedtls/include -I/home/pei/Project/duckdb-polr/third_party/jaro_winkler -I/home/pei/Project/duckdb-polr/extension/jemalloc/include -I/home/pei/Project/duckdb-polr/extension/jemalloc/jemalloc/include -O3 -DNDEBUG -O3 -DNDEBUG   -fPIC -fdiagnostics-color=always -w -std=c++11 -MD -MT extension/jemalloc/jemalloc/CMakeFiles/jemalloc.dir/src/prof_stats.cpp.o -MF extension/jemalloc/jemalloc/CMakeFiles/jemalloc.dir/src/prof_stats.cpp.o.d -o extension/jemalloc/jemalloc/CMakeFiles/jemalloc.dir/src/prof_stats.cpp.o -c /home/pei/Project/duckdb-polr/extension/jemalloc/jemalloc/src/prof_stats.cpp
[251/376] /usr/bin/ccache /usr/lib/ccache/c++ -DDUCKDB_BUILD_LIBRARY -DENABLE_CROSS_PRODUCT_REWRITE=0 -DENABLE_DEBUG_PRINT=0 -DENABLE_MEASURE_EXE_TIME=0 -DENABLE_MERGE_BACK_PLAN=0 -DENABLE_PARALLEL_EXECUTION=0 -DENABLE_QUERY_SPLIT=0 -DENABLE_SPECIFY_EST_STAT=0 -DJEMALLOC_NO_PRIVATE_NAMESPACE -DJEMALLOC_NO_RENAME -I/home/pei/Project/duckdb-polr/src/include -I/home/pei/Project/duckdb-polr/third_party/fsst -I/home/pei/Project/duckdb-polr/third_party/fmt/include -I/home/pei/Project/duckdb-polr/third_party/hyperloglog -I/home/pei/Project/duckdb-polr/third_party/fastpforlib -I/home/pei/Project/duckdb-polr/third_party/fast_float -I/home/pei/Project/duckdb-polr/third_party/re2 -I/home/pei/Project/duckdb-polr/third_party/miniz -I/home/pei/Project/duckdb-polr/third_party/utf8proc/include -I/home/pei/Project/duckdb-polr/third_party/miniparquet -I/home/pei/Project/duckdb-polr/third_party/concurrentqueue -I/home/pei/Project/duckdb-polr/third_party/pcg -I/home/pei/Project/duckdb-polr/third_party/tdigest -I/home/pei/Project/duckdb-polr/third_party/mbedtls/include -I/home/pei/Project/duckdb-polr/third_party/jaro_winkler -I/home/pei/Project/duckdb-polr/extension/jemalloc/include -I/home/pei/Project/duckdb-polr/extension/jemalloc/jemalloc/include -O3 -DNDEBUG -O3 -DNDEBUG   -fPIC -fdiagnostics-color=always -w -std=c++11 -MD -MT extension/jemalloc/jemalloc/CMakeFiles/jemalloc.dir/src/prof_sys.cpp.o -MF extension/jemalloc/jemalloc/CMakeFiles/jemalloc.dir/src/prof_sys.cpp.o.d -o extension/jemalloc/jemalloc/CMakeFiles/jemalloc.dir/src/prof_sys.cpp.o -c /home/pei/Project/duckdb-polr/extension/jemalloc/jemalloc/src/prof_sys.cpp
[252/376] /usr/bin/ccache /usr/lib/ccache/c++ -DDUCKDB_BUILD_LIBRARY -DENABLE_CROSS_PRODUCT_REWRITE=0 -DENABLE_DEBUG_PRINT=0 -DENABLE_MEASURE_EXE_TIME=0 -DENABLE_MERGE_BACK_PLAN=0 -DENABLE_PARALLEL_EXECUTION=0 -DENABLE_QUERY_SPLIT=0 -DENABLE_SPECIFY_EST_STAT=0 -DJEMALLOC_NO_PRIVATE_NAMESPACE -DJEMALLOC_NO_RENAME -I/home/pei/Project/duckdb-polr/src/include -I/home/pei/Project/duckdb-polr/third_party/fsst -I/home/pei/Project/duckdb-polr/third_party/fmt/include -I/home/pei/Project/duckdb-polr/third_party/hyperloglog -I/home/pei/Project/duckdb-polr/third_party/fastpforlib -I/home/pei/Project/duckdb-polr/third_party/fast_float -I/home/pei/Project/duckdb-polr/third_party/re2 -I/home/pei/Project/duckdb-polr/third_party/miniz -I/home/pei/Project/duckdb-polr/third_party/utf8proc/include -I/home/pei/Project/duckdb-polr/third_party/miniparquet -I/home/pei/Project/duckdb-polr/third_party/concurrentqueue -I/home/pei/Project/duckdb-polr/third_party/pcg -I/home/pei/Project/duckdb-polr/third_party/tdigest -I/home/pei/Project/duckdb-polr/third_party/mbedtls/include -I/home/pei/Project/duckdb-polr/third_party/jaro_winkler -I/home/pei/Project/duckdb-polr/extension/jemalloc/include -I/home/pei/Project/duckdb-polr/extension/jemalloc/jemalloc/include -O3 -DNDEBUG -O3 -DNDEBUG   -fPIC -fdiagnostics-color=always -w -std=c++11 -MD -MT extension/jemalloc/jemalloc/CMakeFiles/jemalloc.dir/src/prof_recent.cpp.o -MF extension/jemalloc/jemalloc/CMakeFiles/jemalloc.dir/src/prof_recent.cpp.o.d -o extension/jemalloc/jemalloc/CMakeFiles/jemalloc.dir/src/prof_recent.cpp.o -c /home/pei/Project/duckdb-polr/extension/jemalloc/jemalloc/src/prof_recent.cpp
[253/376] /usr/bin/ccache /usr/lib/ccache/c++ -DDUCKDB_BUILD_LIBRARY -DENABLE_CROSS_PRODUCT_REWRITE=0 -DENABLE_DEBUG_PRINT=0 -DENABLE_MEASURE_EXE_TIME=0 -DENABLE_MERGE_BACK_PLAN=0 -DENABLE_PARALLEL_EXECUTION=0 -DENABLE_QUERY_SPLIT=0 -DENABLE_SPECIFY_EST_STAT=0 -DJEMALLOC_NO_PRIVATE_NAMESPACE -DJEMALLOC_NO_RENAME -I/home/pei/Project/duckdb-polr/src/include -I/home/pei/Project/duckdb-polr/third_party/fsst -I/home/pei/Project/duckdb-polr/third_party/fmt/include -I/home/pei/Project/duckdb-polr/third_party/hyperloglog -I/home/pei/Project/duckdb-polr/third_party/fastpforlib -I/home/pei/Project/duckdb-polr/third_party/fast_float -I/home/pei/Project/duckdb-polr/third_party/re2 -I/home/pei/Project/duckdb-polr/third_party/miniz -I/home/pei/Project/duckdb-polr/third_party/utf8proc/include -I/home/pei/Project/duckdb-polr/third_party/miniparquet -I/home/pei/Project/duckdb-polr/third_party/concurrentqueue -I/home/pei/Project/duckdb-polr/third_party/pcg -I/home/pei/Project/duckdb-polr/third_party/tdigest -I/home/pei/Project/duckdb-polr/third_party/mbedtls/include -I/home/pei/Project/duckdb-polr/third_party/jaro_winkler -I/home/pei/Project/duckdb-polr/extension/jemalloc/include -I/home/pei/Project/duckdb-polr/extension/jemalloc/jemalloc/include -O3 -DNDEBUG -O3 -DNDEBUG   -fPIC -fdiagnostics-color=always -w -std=c++11 -MD -MT extension/jemalloc/jemalloc/CMakeFiles/jemalloc.dir/src/psset.cpp.o -MF extension/jemalloc/jemalloc/CMakeFiles/jemalloc.dir/src/psset.cpp.o.d -o extension/jemalloc/jemalloc/CMakeFiles/jemalloc.dir/src/psset.cpp.o -c /home/pei/Project/duckdb-polr/extension/jemalloc/jemalloc/src/psset.cpp
[254/376] /usr/bin/ccache /usr/lib/ccache/c++ -DDUCKDB_BUILD_LIBRARY -DENABLE_CROSS_PRODUCT_REWRITE=0 -DENABLE_DEBUG_PRINT=0 -DENABLE_MEASURE_EXE_TIME=0 -DENABLE_MERGE_BACK_PLAN=0 -DENABLE_PARALLEL_EXECUTION=0 -DENABLE_QUERY_SPLIT=0 -DENABLE_SPECIFY_EST_STAT=0 -DJEMALLOC_NO_PRIVATE_NAMESPACE -DJEMALLOC_NO_RENAME -I/home/pei/Project/duckdb-polr/src/include -I/home/pei/Project/duckdb-polr/third_party/fsst -I/home/pei/Project/duckdb-polr/third_party/fmt/include -I/home/pei/Project/duckdb-polr/third_party/hyperloglog -I/home/pei/Project/duckdb-polr/third_party/fastpforlib -I/home/pei/Project/duckdb-polr/third_party/fast_float -I/home/pei/Project/duckdb-polr/third_party/re2 -I/home/pei/Project/duckdb-polr/third_party/miniz -I/home/pei/Project/duckdb-polr/third_party/utf8proc/include -I/home/pei/Project/duckdb-polr/third_party/miniparquet -I/home/pei/Project/duckdb-polr/third_party/concurrentqueue -I/home/pei/Project/duckdb-polr/third_party/pcg -I/home/pei/Project/duckdb-polr/third_party/tdigest -I/home/pei/Project/duckdb-polr/third_party/mbedtls/include -I/home/pei/Project/duckdb-polr/third_party/jaro_winkler -I/home/pei/Project/duckdb-polr/extension/jemalloc/include -I/home/pei/Project/duckdb-polr/extension/jemalloc/jemalloc/include -O3 -DNDEBUG -O3 -DNDEBUG   -fPIC -fdiagnostics-color=always -w -std=c++11 -MD -MT extension/jemalloc/jemalloc/CMakeFiles/jemalloc.dir/src/safety_check.cpp.o -MF extension/jemalloc/jemalloc/CMakeFiles/jemalloc.dir/src/safety_check.cpp.o.d -o extension/jemalloc/jemalloc/CMakeFiles/jemalloc.dir/src/safety_check.cpp.o -c /home/pei/Project/duckdb-polr/extension/jemalloc/jemalloc/src/safety_check.cpp
[255/376] /usr/bin/ccache /usr/lib/ccache/c++ -DDUCKDB_BUILD_LIBRARY -DENABLE_CROSS_PRODUCT_REWRITE=0 -DENABLE_DEBUG_PRINT=0 -DENABLE_MEASURE_EXE_TIME=0 -DENABLE_MERGE_BACK_PLAN=0 -DENABLE_PARALLEL_EXECUTION=0 -DENABLE_QUERY_SPLIT=0 -DENABLE_SPECIFY_EST_STAT=0 -DJEMALLOC_NO_PRIVATE_NAMESPACE -DJEMALLOC_NO_RENAME -I/home/pei/Project/duckdb-polr/src/include -I/home/pei/Project/duckdb-polr/third_party/fsst -I/home/pei/Project/duckdb-polr/third_party/fmt/include -I/home/pei/Project/duckdb-polr/third_party/hyperloglog -I/home/pei/Project/duckdb-polr/third_party/fastpforlib -I/home/pei/Project/duckdb-polr/third_party/fast_float -I/home/pei/Project/duckdb-polr/third_party/re2 -I/home/pei/Project/duckdb-polr/third_party/miniz -I/home/pei/Project/duckdb-polr/third_party/utf8proc/include -I/home/pei/Project/duckdb-polr/third_party/miniparquet -I/home/pei/Project/duckdb-polr/third_party/concurrentqueue -I/home/pei/Project/duckdb-polr/third_party/pcg -I/home/pei/Project/duckdb-polr/third_party/tdigest -I/home/pei/Project/duckdb-polr/third_party/mbedtls/include -I/home/pei/Project/duckdb-polr/third_party/jaro_winkler -I/home/pei/Project/duckdb-polr/extension/jemalloc/include -I/home/pei/Project/duckdb-polr/extension/jemalloc/jemalloc/include -O3 -DNDEBUG -O3 -DNDEBUG   -fPIC -fdiagnostics-color=always -w -std=c++11 -MD -MT extension/jemalloc/jemalloc/CMakeFiles/jemalloc.dir/src/sc.cpp.o -MF extension/jemalloc/jemalloc/CMakeFiles/jemalloc.dir/src/sc.cpp.o.d -o extension/jemalloc/jemalloc/CMakeFiles/jemalloc.dir/src/sc.cpp.o -c /home/pei/Project/duckdb-polr/extension/jemalloc/jemalloc/src/sc.cpp
[256/376] /usr/bin/ccache /usr/lib/ccache/c++ -DDUCKDB_BUILD_LIBRARY -DENABLE_CROSS_PRODUCT_REWRITE=0 -DENABLE_DEBUG_PRINT=0 -DENABLE_MEASURE_EXE_TIME=0 -DENABLE_MERGE_BACK_PLAN=0 -DENABLE_PARALLEL_EXECUTION=0 -DENABLE_QUERY_SPLIT=0 -DENABLE_SPECIFY_EST_STAT=0 -DJEMALLOC_NO_PRIVATE_NAMESPACE -DJEMALLOC_NO_RENAME -I/home/pei/Project/duckdb-polr/src/include -I/home/pei/Project/duckdb-polr/third_party/fsst -I/home/pei/Project/duckdb-polr/third_party/fmt/include -I/home/pei/Project/duckdb-polr/third_party/hyperloglog -I/home/pei/Project/duckdb-polr/third_party/fastpforlib -I/home/pei/Project/duckdb-polr/third_party/fast_float -I/home/pei/Project/duckdb-polr/third_party/re2 -I/home/pei/Project/duckdb-polr/third_party/miniz -I/home/pei/Project/duckdb-polr/third_party/utf8proc/include -I/home/pei/Project/duckdb-polr/third_party/miniparquet -I/home/pei/Project/duckdb-polr/third_party/concurrentqueue -I/home/pei/Project/duckdb-polr/third_party/pcg -I/home/pei/Project/duckdb-polr/third_party/tdigest -I/home/pei/Project/duckdb-polr/third_party/mbedtls/include -I/home/pei/Project/duckdb-polr/third_party/jaro_winkler -I/home/pei/Project/duckdb-polr/extension/jemalloc/include -I/home/pei/Project/duckdb-polr/extension/jemalloc/jemalloc/include -O3 -DNDEBUG -O3 -DNDEBUG   -fPIC -fdiagnostics-color=always -w -std=c++11 -MD -MT extension/jemalloc/jemalloc/CMakeFiles/jemalloc.dir/src/san.cpp.o -MF extension/jemalloc/jemalloc/CMakeFiles/jemalloc.dir/src/san.cpp.o.d -o extension/jemalloc/jemalloc/CMakeFiles/jemalloc.dir/src/san.cpp.o -c /home/pei/Project/duckdb-polr/extension/jemalloc/jemalloc/src/san.cpp
[257/376] /usr/bin/ccache /usr/lib/ccache/c++ -DDUCKDB_BUILD_LIBRARY -DENABLE_CROSS_PRODUCT_REWRITE=0 -DENABLE_DEBUG_PRINT=0 -DENABLE_MEASURE_EXE_TIME=0 -DENABLE_MERGE_BACK_PLAN=0 -DENABLE_PARALLEL_EXECUTION=0 -DENABLE_QUERY_SPLIT=0 -DENABLE_SPECIFY_EST_STAT=0 -DJEMALLOC_NO_PRIVATE_NAMESPACE -DJEMALLOC_NO_RENAME -I/home/pei/Project/duckdb-polr/src/include -I/home/pei/Project/duckdb-polr/third_party/fsst -I/home/pei/Project/duckdb-polr/third_party/fmt/include -I/home/pei/Project/duckdb-polr/third_party/hyperloglog -I/home/pei/Project/duckdb-polr/third_party/fastpforlib -I/home/pei/Project/duckdb-polr/third_party/fast_float -I/home/pei/Project/duckdb-polr/third_party/re2 -I/home/pei/Project/duckdb-polr/third_party/miniz -I/home/pei/Project/duckdb-polr/third_party/utf8proc/include -I/home/pei/Project/duckdb-polr/third_party/miniparquet -I/home/pei/Project/duckdb-polr/third_party/concurrentqueue -I/home/pei/Project/duckdb-polr/third_party/pcg -I/home/pei/Project/duckdb-polr/third_party/tdigest -I/home/pei/Project/duckdb-polr/third_party/mbedtls/include -I/home/pei/Project/duckdb-polr/third_party/jaro_winkler -I/home/pei/Project/duckdb-polr/extension/jemalloc/include -I/home/pei/Project/duckdb-polr/extension/jemalloc/jemalloc/include -O3 -DNDEBUG -O3 -DNDEBUG   -fPIC -fdiagnostics-color=always -w -std=c++11 -MD -MT extension/jemalloc/jemalloc/CMakeFiles/jemalloc.dir/src/san_bump.cpp.o -MF extension/jemalloc/jemalloc/CMakeFiles/jemalloc.dir/src/san_bump.cpp.o.d -o extension/jemalloc/jemalloc/CMakeFiles/jemalloc.dir/src/san_bump.cpp.o -c /home/pei/Project/duckdb-polr/extension/jemalloc/jemalloc/src/san_bump.cpp
[258/376] /usr/bin/ccache /usr/lib/ccache/c++ -DDUCKDB_BUILD_LIBRARY -DENABLE_CROSS_PRODUCT_REWRITE=0 -DENABLE_DEBUG_PRINT=0 -DENABLE_MEASURE_EXE_TIME=0 -DENABLE_MERGE_BACK_PLAN=0 -DENABLE_PARALLEL_EXECUTION=0 -DENABLE_QUERY_SPLIT=0 -DENABLE_SPECIFY_EST_STAT=0 -DJEMALLOC_NO_PRIVATE_NAMESPACE -DJEMALLOC_NO_RENAME -I/home/pei/Project/duckdb-polr/src/include -I/home/pei/Project/duckdb-polr/third_party/fsst -I/home/pei/Project/duckdb-polr/third_party/fmt/include -I/home/pei/Project/duckdb-polr/third_party/hyperloglog -I/home/pei/Project/duckdb-polr/third_party/fastpforlib -I/home/pei/Project/duckdb-polr/third_party/fast_float -I/home/pei/Project/duckdb-polr/third_party/re2 -I/home/pei/Project/duckdb-polr/third_party/miniz -I/home/pei/Project/duckdb-polr/third_party/utf8proc/include -I/home/pei/Project/duckdb-polr/third_party/miniparquet -I/home/pei/Project/duckdb-polr/third_party/concurrentqueue -I/home/pei/Project/duckdb-polr/third_party/pcg -I/home/pei/Project/duckdb-polr/third_party/tdigest -I/home/pei/Project/duckdb-polr/third_party/mbedtls/include -I/home/pei/Project/duckdb-polr/third_party/jaro_winkler -I/home/pei/Project/duckdb-polr/extension/jemalloc/include -I/home/pei/Project/duckdb-polr/extension/jemalloc/jemalloc/include -O3 -DNDEBUG -O3 -DNDEBUG   -fPIC -fdiagnostics-color=always -w -std=c++11 -MD -MT extension/jemalloc/jemalloc/CMakeFiles/jemalloc.dir/src/rtree.cpp.o -MF extension/jemalloc/jemalloc/CMakeFiles/jemalloc.dir/src/rtree.cpp.o.d -o extension/jemalloc/jemalloc/CMakeFiles/jemalloc.dir/src/rtree.cpp.o -c /home/pei/Project/duckdb-polr/extension/jemalloc/jemalloc/src/rtree.cpp
[259/376] /usr/bin/ccache /usr/lib/ccache/c++ -DDUCKDB_BUILD_LIBRARY -DENABLE_CROSS_PRODUCT_REWRITE=0 -DENABLE_DEBUG_PRINT=0 -DENABLE_MEASURE_EXE_TIME=0 -DENABLE_MERGE_BACK_PLAN=0 -DENABLE_PARALLEL_EXECUTION=0 -DENABLE_QUERY_SPLIT=0 -DENABLE_SPECIFY_EST_STAT=0 -DJEMALLOC_NO_PRIVATE_NAMESPACE -DJEMALLOC_NO_RENAME -I/home/pei/Project/duckdb-polr/src/include -I/home/pei/Project/duckdb-polr/third_party/fsst -I/home/pei/Project/duckdb-polr/third_party/fmt/include -I/home/pei/Project/duckdb-polr/third_party/hyperloglog -I/home/pei/Project/duckdb-polr/third_party/fastpforlib -I/home/pei/Project/duckdb-polr/third_party/fast_float -I/home/pei/Project/duckdb-polr/third_party/re2 -I/home/pei/Project/duckdb-polr/third_party/miniz -I/home/pei/Project/duckdb-polr/third_party/utf8proc/include -I/home/pei/Project/duckdb-polr/third_party/miniparquet -I/home/pei/Project/duckdb-polr/third_party/concurrentqueue -I/home/pei/Project/duckdb-polr/third_party/pcg -I/home/pei/Project/duckdb-polr/third_party/tdigest -I/home/pei/Project/duckdb-polr/third_party/mbedtls/include -I/home/pei/Project/duckdb-polr/third_party/jaro_winkler -I/home/pei/Project/duckdb-polr/extension/jemalloc/include -I/home/pei/Project/duckdb-polr/extension/jemalloc/jemalloc/include -O3 -DNDEBUG -O3 -DNDEBUG   -fPIC -fdiagnostics-color=always -w -std=c++11 -MD -MT extension/jemalloc/jemalloc/CMakeFiles/jemalloc.dir/src/sec.cpp.o -MF extension/jemalloc/jemalloc/CMakeFiles/jemalloc.dir/src/sec.cpp.o.d -o extension/jemalloc/jemalloc/CMakeFiles/jemalloc.dir/src/sec.cpp.o -c /home/pei/Project/duckdb-polr/extension/jemalloc/jemalloc/src/sec.cpp
[260/376] /usr/bin/ccache /usr/lib/ccache/c++ -DDUCKDB_BUILD_LIBRARY -DENABLE_CROSS_PRODUCT_REWRITE=0 -DENABLE_DEBUG_PRINT=0 -DENABLE_MEASURE_EXE_TIME=0 -DENABLE_MERGE_BACK_PLAN=0 -DENABLE_PARALLEL_EXECUTION=0 -DENABLE_QUERY_SPLIT=0 -DENABLE_SPECIFY_EST_STAT=0 -DJEMALLOC_NO_PRIVATE_NAMESPACE -DJEMALLOC_NO_RENAME -I/home/pei/Project/duckdb-polr/src/include -I/home/pei/Project/duckdb-polr/third_party/fsst -I/home/pei/Project/duckdb-polr/third_party/fmt/include -I/home/pei/Project/duckdb-polr/third_party/hyperloglog -I/home/pei/Project/duckdb-polr/third_party/fastpforlib -I/home/pei/Project/duckdb-polr/third_party/fast_float -I/home/pei/Project/duckdb-polr/third_party/re2 -I/home/pei/Project/duckdb-polr/third_party/miniz -I/home/pei/Project/duckdb-polr/third_party/utf8proc/include -I/home/pei/Project/duckdb-polr/third_party/miniparquet -I/home/pei/Project/duckdb-polr/third_party/concurrentqueue -I/home/pei/Project/duckdb-polr/third_party/pcg -I/home/pei/Project/duckdb-polr/third_party/tdigest -I/home/pei/Project/duckdb-polr/third_party/mbedtls/include -I/home/pei/Project/duckdb-polr/third_party/jaro_winkler -I/home/pei/Project/duckdb-polr/extension/jemalloc/include -I/home/pei/Project/duckdb-polr/extension/jemalloc/jemalloc/include -O3 -DNDEBUG -O3 -DNDEBUG   -fPIC -fdiagnostics-color=always -w -std=c++11 -MD -MT extension/jemalloc/jemalloc/CMakeFiles/jemalloc.dir/src/stats.cpp.o -MF extension/jemalloc/jemalloc/CMakeFiles/jemalloc.dir/src/stats.cpp.o.d -o extension/jemalloc/jemalloc/CMakeFiles/jemalloc.dir/src/stats.cpp.o -c /home/pei/Project/duckdb-polr/extension/jemalloc/jemalloc/src/stats.cpp
[261/376] /usr/bin/ccache /usr/lib/ccache/c++ -DDUCKDB_BUILD_LIBRARY -DENABLE_CROSS_PRODUCT_REWRITE=0 -DENABLE_DEBUG_PRINT=0 -DENABLE_MEASURE_EXE_TIME=0 -DENABLE_MERGE_BACK_PLAN=0 -DENABLE_PARALLEL_EXECUTION=0 -DENABLE_QUERY_SPLIT=0 -DENABLE_SPECIFY_EST_STAT=0 -DJEMALLOC_NO_PRIVATE_NAMESPACE -DJEMALLOC_NO_RENAME -I/home/pei/Project/duckdb-polr/src/include -I/home/pei/Project/duckdb-polr/third_party/fsst -I/home/pei/Project/duckdb-polr/third_party/fmt/include -I/home/pei/Project/duckdb-polr/third_party/hyperloglog -I/home/pei/Project/duckdb-polr/third_party/fastpforlib -I/home/pei/Project/duckdb-polr/third_party/fast_float -I/home/pei/Project/duckdb-polr/third_party/re2 -I/home/pei/Project/duckdb-polr/third_party/miniz -I/home/pei/Project/duckdb-polr/third_party/utf8proc/include -I/home/pei/Project/duckdb-polr/third_party/miniparquet -I/home/pei/Project/duckdb-polr/third_party/concurrentqueue -I/home/pei/Project/duckdb-polr/third_party/pcg -I/home/pei/Project/duckdb-polr/third_party/tdigest -I/home/pei/Project/duckdb-polr/third_party/mbedtls/include -I/home/pei/Project/duckdb-polr/third_party/jaro_winkler -I/home/pei/Project/duckdb-polr/extension/jemalloc/include -I/home/pei/Project/duckdb-polr/extension/jemalloc/jemalloc/include -O3 -DNDEBUG -O3 -DNDEBUG   -fPIC -fdiagnostics-color=always -w -std=c++11 -MD -MT extension/jemalloc/jemalloc/CMakeFiles/jemalloc.dir/src/sz.cpp.o -MF extension/jemalloc/jemalloc/CMakeFiles/jemalloc.dir/src/sz.cpp.o.d -o extension/jemalloc/jemalloc/CMakeFiles/jemalloc.dir/src/sz.cpp.o -c /home/pei/Project/duckdb-polr/extension/jemalloc/jemalloc/src/sz.cpp
[262/376] /usr/bin/ccache /usr/lib/ccache/c++ -DDUCKDB_BUILD_LIBRARY -DENABLE_CROSS_PRODUCT_REWRITE=0 -DENABLE_DEBUG_PRINT=0 -DENABLE_MEASURE_EXE_TIME=0 -DENABLE_MERGE_BACK_PLAN=0 -DENABLE_PARALLEL_EXECUTION=0 -DENABLE_QUERY_SPLIT=0 -DENABLE_SPECIFY_EST_STAT=0 -DJEMALLOC_NO_PRIVATE_NAMESPACE -DJEMALLOC_NO_RENAME -I/home/pei/Project/duckdb-polr/src/include -I/home/pei/Project/duckdb-polr/third_party/fsst -I/home/pei/Project/duckdb-polr/third_party/fmt/include -I/home/pei/Project/duckdb-polr/third_party/hyperloglog -I/home/pei/Project/duckdb-polr/third_party/fastpforlib -I/home/pei/Project/duckdb-polr/third_party/fast_float -I/home/pei/Project/duckdb-polr/third_party/re2 -I/home/pei/Project/duckdb-polr/third_party/miniz -I/home/pei/Project/duckdb-polr/third_party/utf8proc/include -I/home/pei/Project/duckdb-polr/third_party/miniparquet -I/home/pei/Project/duckdb-polr/third_party/concurrentqueue -I/home/pei/Project/duckdb-polr/third_party/pcg -I/home/pei/Project/duckdb-polr/third_party/tdigest -I/home/pei/Project/duckdb-polr/third_party/mbedtls/include -I/home/pei/Project/duckdb-polr/third_party/jaro_winkler -I/home/pei/Project/duckdb-polr/extension/jemalloc/include -I/home/pei/Project/duckdb-polr/extension/jemalloc/jemalloc/include -O3 -DNDEBUG -O3 -DNDEBUG   -fPIC -fdiagnostics-color=always -w -std=c++11 -MD -MT extension/jemalloc/jemalloc/CMakeFiles/jemalloc.dir/src/tcache.cpp.o -MF extension/jemalloc/jemalloc/CMakeFiles/jemalloc.dir/src/tcache.cpp.o.d -o extension/jemalloc/jemalloc/CMakeFiles/jemalloc.dir/src/tcache.cpp.o -c /home/pei/Project/duckdb-polr/extension/jemalloc/jemalloc/src/tcache.cpp
[263/376] /usr/bin/ccache /usr/lib/ccache/c++ -DDUCKDB_BUILD_LIBRARY -DENABLE_CROSS_PRODUCT_REWRITE=0 -DENABLE_DEBUG_PRINT=0 -DENABLE_MEASURE_EXE_TIME=0 -DENABLE_MERGE_BACK_PLAN=0 -DENABLE_PARALLEL_EXECUTION=0 -DENABLE_QUERY_SPLIT=0 -DENABLE_SPECIFY_EST_STAT=0 -DJEMALLOC_NO_PRIVATE_NAMESPACE -DJEMALLOC_NO_RENAME -I/home/pei/Project/duckdb-polr/src/include -I/home/pei/Project/duckdb-polr/third_party/fsst -I/home/pei/Project/duckdb-polr/third_party/fmt/include -I/home/pei/Project/duckdb-polr/third_party/hyperloglog -I/home/pei/Project/duckdb-polr/third_party/fastpforlib -I/home/pei/Project/duckdb-polr/third_party/fast_float -I/home/pei/Project/duckdb-polr/third_party/re2 -I/home/pei/Project/duckdb-polr/third_party/miniz -I/home/pei/Project/duckdb-polr/third_party/utf8proc/include -I/home/pei/Project/duckdb-polr/third_party/miniparquet -I/home/pei/Project/duckdb-polr/third_party/concurrentqueue -I/home/pei/Project/duckdb-polr/third_party/pcg -I/home/pei/Project/duckdb-polr/third_party/tdigest -I/home/pei/Project/duckdb-polr/third_party/mbedtls/include -I/home/pei/Project/duckdb-polr/third_party/jaro_winkler -I/home/pei/Project/duckdb-polr/extension/jemalloc/include -I/home/pei/Project/duckdb-polr/extension/jemalloc/jemalloc/include -O3 -DNDEBUG -O3 -DNDEBUG   -fPIC -fdiagnostics-color=always -w -std=c++11 -MD -MT extension/jemalloc/jemalloc/CMakeFiles/jemalloc.dir/src/test_hooks.cpp.o -MF extension/jemalloc/jemalloc/CMakeFiles/jemalloc.dir/src/test_hooks.cpp.o.d -o extension/jemalloc/jemalloc/CMakeFiles/jemalloc.dir/src/test_hooks.cpp.o -c /home/pei/Project/duckdb-polr/extension/jemalloc/jemalloc/src/test_hooks.cpp
[264/376] /usr/bin/ccache /usr/lib/ccache/c++ -DDUCKDB_BUILD_LIBRARY -DENABLE_CROSS_PRODUCT_REWRITE=0 -DENABLE_DEBUG_PRINT=0 -DENABLE_MEASURE_EXE_TIME=0 -DENABLE_MERGE_BACK_PLAN=0 -DENABLE_PARALLEL_EXECUTION=0 -DENABLE_QUERY_SPLIT=0 -DENABLE_SPECIFY_EST_STAT=0 -DJEMALLOC_NO_PRIVATE_NAMESPACE -DJEMALLOC_NO_RENAME -I/home/pei/Project/duckdb-polr/src/include -I/home/pei/Project/duckdb-polr/third_party/fsst -I/home/pei/Project/duckdb-polr/third_party/fmt/include -I/home/pei/Project/duckdb-polr/third_party/hyperloglog -I/home/pei/Project/duckdb-polr/third_party/fastpforlib -I/home/pei/Project/duckdb-polr/third_party/fast_float -I/home/pei/Project/duckdb-polr/third_party/re2 -I/home/pei/Project/duckdb-polr/third_party/miniz -I/home/pei/Project/duckdb-polr/third_party/utf8proc/include -I/home/pei/Project/duckdb-polr/third_party/miniparquet -I/home/pei/Project/duckdb-polr/third_party/concurrentqueue -I/home/pei/Project/duckdb-polr/third_party/pcg -I/home/pei/Project/duckdb-polr/third_party/tdigest -I/home/pei/Project/duckdb-polr/third_party/mbedtls/include -I/home/pei/Project/duckdb-polr/third_party/jaro_winkler -I/home/pei/Project/duckdb-polr/extension/jemalloc/include -I/home/pei/Project/duckdb-polr/extension/jemalloc/jemalloc/include -O3 -DNDEBUG -O3 -DNDEBUG   -fPIC -fdiagnostics-color=always -w -std=c++11 -MD -MT extension/jemalloc/jemalloc/CMakeFiles/jemalloc.dir/src/thread_event.cpp.o -MF extension/jemalloc/jemalloc/CMakeFiles/jemalloc.dir/src/thread_event.cpp.o.d -o extension/jemalloc/jemalloc/CMakeFiles/jemalloc.dir/src/thread_event.cpp.o -c /home/pei/Project/duckdb-polr/extension/jemalloc/jemalloc/src/thread_event.cpp
[265/376] /usr/bin/ccache /usr/lib/ccache/c++ -DDUCKDB -DDUCKDB_BUILD_LIBRARY -DDUCKDB_MAIN_LIBRARY -DDUCKDB_SOURCE_ID=\"\"\"cd7a58694b\"\"\" -DDUCKDB_VERSION=\"\"\"v..1-dev\"\"\" -DENABLE_CROSS_PRODUCT_REWRITE=0 -DENABLE_DEBUG_PRINT=0 -DENABLE_MEASURE_EXE_TIME=0 -DENABLE_MERGE_BACK_PLAN=0 -DENABLE_PARALLEL_EXECUTION=0 -DENABLE_QUERY_SPLIT=0 -DENABLE_SPECIFY_EST_STAT=0 -I/home/pei/Project/duckdb-polr/src/include -I/home/pei/Project/duckdb-polr/third_party/fsst -I/home/pei/Project/duckdb-polr/third_party/fmt/include -I/home/pei/Project/duckdb-polr/third_party/hyperloglog -I/home/pei/Project/duckdb-polr/third_party/fastpforlib -I/home/pei/Project/duckdb-polr/third_party/fast_float -I/home/pei/Project/duckdb-polr/third_party/re2 -I/home/pei/Project/duckdb-polr/third_party/miniz -I/home/pei/Project/duckdb-polr/third_party/utf8proc/include -I/home/pei/Project/duckdb-polr/third_party/miniparquet -I/home/pei/Project/duckdb-polr/third_party/concurrentqueue -I/home/pei/Project/duckdb-polr/third_party/pcg -I/home/pei/Project/duckdb-polr/third_party/tdigest -I/home/pei/Project/duckdb-polr/third_party/mbedtls/include -I/home/pei/Project/duckdb-polr/third_party/jaro_winkler -O3 -DNDEBUG -O3 -DNDEBUG   -fPIC -fdiagnostics-color=always -std=c++11 -MD -MT src/function/table/version/CMakeFiles/duckdb_func_table_version.dir/ub_duckdb_func_table_version.cpp.o -MF src/function/table/version/CMakeFiles/duckdb_func_table_version.dir/ub_duckdb_func_table_version.cpp.o.d -o src/function/table/version/CMakeFiles/duckdb_func_table_version.dir/ub_duckdb_func_table_version.cpp.o -c /home/pei/Project/duckdb-polr/build/release/src/function/table/version/ub_duckdb_func_table_version.cpp
[266/376] : && /usr/bin/cmake -E rm -f extension/parquet/libparquet_extension.a && /usr/bin/ar qc extension/parquet/libparquet_extension.a  extension/parquet/CMakeFiles/parquet_extension.dir/column_writer.cpp.o extension/parquet/CMakeFiles/parquet_extension.dir/parquet-extension.cpp.o extension/parquet/CMakeFiles/parquet_extension.dir/parquet_metadata.cpp.o extension/parquet/CMakeFiles/parquet_extension.dir/parquet_reader.cpp.o extension/parquet/CMakeFiles/parquet_extension.dir/parquet_timestamp.cpp.o extension/parquet/CMakeFiles/parquet_extension.dir/parquet_writer.cpp.o extension/parquet/CMakeFiles/parquet_extension.dir/parquet_statistics.cpp.o extension/parquet/CMakeFiles/parquet_extension.dir/zstd_file_system.cpp.o extension/parquet/CMakeFiles/parquet_extension.dir/column_reader.cpp.o extension/parquet/CMakeFiles/parquet_extension.dir/__/__/third_party/parquet/parquet_constants.cpp.o extension/parquet/CMakeFiles/parquet_extension.dir/__/__/third_party/parquet/parquet_types.cpp.o extension/parquet/CMakeFiles/parquet_extension.dir/__/__/third_party/thrift/thrift/protocol/TProtocol.cpp.o extension/parquet/CMakeFiles/parquet_extension.dir/__/__/third_party/thrift/thrift/transport/TTransportException.cpp.o extension/parquet/CMakeFiles/parquet_extension.dir/__/__/third_party/thrift/thrift/transport/TBufferTransports.cpp.o extension/parquet/CMakeFiles/parquet_extension.dir/__/__/third_party/snappy/snappy.cc.o extension/parquet/CMakeFiles/parquet_extension.dir/__/__/third_party/snappy/snappy-sinksource.cc.o extension/parquet/CMakeFiles/parquet_extension.dir/__/__/third_party/zstd/decompress/zstd_ddict.cpp.o extension/parquet/CMakeFiles/parquet_extension.dir/__/__/third_party/zstd/decompress/huf_decompress.cpp.o extension/parquet/CMakeFiles/parquet_extension.dir/__/__/third_party/zstd/decompress/zstd_decompress.cpp.o extension/parquet/CMakeFiles/parquet_extension.dir/__/__/third_party/zstd/decompress/zstd_decompress_block.cpp.o extension/parquet/CMakeFiles/parquet_extension.dir/__/__/third_party/zstd/common/entropy_common.cpp.o extension/parquet/CMakeFiles/parquet_extension.dir/__/__/third_party/zstd/common/fse_decompress.cpp.o extension/parquet/CMakeFiles/parquet_extension.dir/__/__/third_party/zstd/common/zstd_common.cpp.o extension/parquet/CMakeFiles/parquet_extension.dir/__/__/third_party/zstd/common/error_private.cpp.o extension/parquet/CMakeFiles/parquet_extension.dir/__/__/third_party/zstd/common/xxhash.cpp.o extension/parquet/CMakeFiles/parquet_extension.dir/__/__/third_party/zstd/compress/fse_compress.cpp.o extension/parquet/CMakeFiles/parquet_extension.dir/__/__/third_party/zstd/compress/hist.cpp.o extension/parquet/CMakeFiles/parquet_extension.dir/__/__/third_party/zstd/compress/huf_compress.cpp.o extension/parquet/CMakeFiles/parquet_extension.dir/__/__/third_party/zstd/compress/zstd_compress.cpp.o extension/parquet/CMakeFiles/parquet_extension.dir/__/__/third_party/zstd/compress/zstd_compress_literals.cpp.o extension/parquet/CMakeFiles/parquet_extension.dir/__/__/third_party/zstd/compress/zstd_compress_sequences.cpp.o extension/parquet/CMakeFiles/parquet_extension.dir/__/__/third_party/zstd/compress/zstd_compress_superblock.cpp.o extension/parquet/CMakeFiles/parquet_extension.dir/__/__/third_party/zstd/compress/zstd_double_fast.cpp.o extension/parquet/CMakeFiles/parquet_extension.dir/__/__/third_party/zstd/compress/zstd_fast.cpp.o extension/parquet/CMakeFiles/parquet_extension.dir/__/__/third_party/zstd/compress/zstd_lazy.cpp.o extension/parquet/CMakeFiles/parquet_extension.dir/__/__/third_party/zstd/compress/zstd_ldm.cpp.o extension/parquet/CMakeFiles/parquet_extension.dir/__/__/third_party/zstd/compress/zstd_opt.cpp.o && /usr/bin/ranlib extension/parquet/libparquet_extension.a && :
[267/376] /usr/bin/ccache /usr/lib/ccache/c++ -DDUCKDB_BUILD_LIBRARY -DENABLE_CROSS_PRODUCT_REWRITE=0 -DENABLE_DEBUG_PRINT=0 -DENABLE_MEASURE_EXE_TIME=0 -DENABLE_MERGE_BACK_PLAN=0 -DENABLE_PARALLEL_EXECUTION=0 -DENABLE_QUERY_SPLIT=0 -DENABLE_SPECIFY_EST_STAT=0 -DJEMALLOC_NO_PRIVATE_NAMESPACE -DJEMALLOC_NO_RENAME -I/home/pei/Project/duckdb-polr/src/include -I/home/pei/Project/duckdb-polr/third_party/fsst -I/home/pei/Project/duckdb-polr/third_party/fmt/include -I/home/pei/Project/duckdb-polr/third_party/hyperloglog -I/home/pei/Project/duckdb-polr/third_party/fastpforlib -I/home/pei/Project/duckdb-polr/third_party/fast_float -I/home/pei/Project/duckdb-polr/third_party/re2 -I/home/pei/Project/duckdb-polr/third_party/miniz -I/home/pei/Project/duckdb-polr/third_party/utf8proc/include -I/home/pei/Project/duckdb-polr/third_party/miniparquet -I/home/pei/Project/duckdb-polr/third_party/concurrentqueue -I/home/pei/Project/duckdb-polr/third_party/pcg -I/home/pei/Project/duckdb-polr/third_party/tdigest -I/home/pei/Project/duckdb-polr/third_party/mbedtls/include -I/home/pei/Project/duckdb-polr/third_party/jaro_winkler -I/home/pei/Project/duckdb-polr/extension/jemalloc/include -I/home/pei/Project/duckdb-polr/extension/jemalloc/jemalloc/include -O3 -DNDEBUG -O3 -DNDEBUG   -fPIC -fdiagnostics-color=always -w -std=c++11 -MD -MT extension/jemalloc/jemalloc/CMakeFiles/jemalloc.dir/src/ticker.cpp.o -MF extension/jemalloc/jemalloc/CMakeFiles/jemalloc.dir/src/ticker.cpp.o.d -o extension/jemalloc/jemalloc/CMakeFiles/jemalloc.dir/src/ticker.cpp.o -c /home/pei/Project/duckdb-polr/extension/jemalloc/jemalloc/src/ticker.cpp
[268/376] /usr/bin/ccache /usr/lib/ccache/c++ -DDUCKDB_BUILD_LIBRARY -DENABLE_CROSS_PRODUCT_REWRITE=0 -DENABLE_DEBUG_PRINT=0 -DENABLE_MEASURE_EXE_TIME=0 -DENABLE_MERGE_BACK_PLAN=0 -DENABLE_PARALLEL_EXECUTION=0 -DENABLE_QUERY_SPLIT=0 -DENABLE_SPECIFY_EST_STAT=0 -DJEMALLOC_NO_PRIVATE_NAMESPACE -DJEMALLOC_NO_RENAME -I/home/pei/Project/duckdb-polr/src/include -I/home/pei/Project/duckdb-polr/third_party/fsst -I/home/pei/Project/duckdb-polr/third_party/fmt/include -I/home/pei/Project/duckdb-polr/third_party/hyperloglog -I/home/pei/Project/duckdb-polr/third_party/fastpforlib -I/home/pei/Project/duckdb-polr/third_party/fast_float -I/home/pei/Project/duckdb-polr/third_party/re2 -I/home/pei/Project/duckdb-polr/third_party/miniz -I/home/pei/Project/duckdb-polr/third_party/utf8proc/include -I/home/pei/Project/duckdb-polr/third_party/miniparquet -I/home/pei/Project/duckdb-polr/third_party/concurrentqueue -I/home/pei/Project/duckdb-polr/third_party/pcg -I/home/pei/Project/duckdb-polr/third_party/tdigest -I/home/pei/Project/duckdb-polr/third_party/mbedtls/include -I/home/pei/Project/duckdb-polr/third_party/jaro_winkler -I/home/pei/Project/duckdb-polr/extension/jemalloc/include -I/home/pei/Project/duckdb-polr/extension/jemalloc/jemalloc/include -O3 -DNDEBUG -O3 -DNDEBUG   -fPIC -fdiagnostics-color=always -w -std=c++11 -MD -MT extension/jemalloc/jemalloc/CMakeFiles/jemalloc.dir/src/tsd.cpp.o -MF extension/jemalloc/jemalloc/CMakeFiles/jemalloc.dir/src/tsd.cpp.o.d -o extension/jemalloc/jemalloc/CMakeFiles/jemalloc.dir/src/tsd.cpp.o -c /home/pei/Project/duckdb-polr/extension/jemalloc/jemalloc/src/tsd.cpp
[269/376] /usr/bin/ccache /usr/lib/ccache/c++ -DDUCKDB_BUILD_LIBRARY -DENABLE_CROSS_PRODUCT_REWRITE=0 -DENABLE_DEBUG_PRINT=0 -DENABLE_MEASURE_EXE_TIME=0 -DENABLE_MERGE_BACK_PLAN=0 -DENABLE_PARALLEL_EXECUTION=0 -DENABLE_QUERY_SPLIT=0 -DENABLE_SPECIFY_EST_STAT=0 -DJEMALLOC_NO_PRIVATE_NAMESPACE -DJEMALLOC_NO_RENAME -I/home/pei/Project/duckdb-polr/src/include -I/home/pei/Project/duckdb-polr/third_party/fsst -I/home/pei/Project/duckdb-polr/third_party/fmt/include -I/home/pei/Project/duckdb-polr/third_party/hyperloglog -I/home/pei/Project/duckdb-polr/third_party/fastpforlib -I/home/pei/Project/duckdb-polr/third_party/fast_float -I/home/pei/Project/duckdb-polr/third_party/re2 -I/home/pei/Project/duckdb-polr/third_party/miniz -I/home/pei/Project/duckdb-polr/third_party/utf8proc/include -I/home/pei/Project/duckdb-polr/third_party/miniparquet -I/home/pei/Project/duckdb-polr/third_party/concurrentqueue -I/home/pei/Project/duckdb-polr/third_party/pcg -I/home/pei/Project/duckdb-polr/third_party/tdigest -I/home/pei/Project/duckdb-polr/third_party/mbedtls/include -I/home/pei/Project/duckdb-polr/third_party/jaro_winkler -I/home/pei/Project/duckdb-polr/extension/jemalloc/include -I/home/pei/Project/duckdb-polr/extension/jemalloc/jemalloc/include -O3 -DNDEBUG -O3 -DNDEBUG   -fPIC -fdiagnostics-color=always -w -std=c++11 -MD -MT extension/jemalloc/jemalloc/CMakeFiles/jemalloc.dir/src/witness.cpp.o -MF extension/jemalloc/jemalloc/CMakeFiles/jemalloc.dir/src/witness.cpp.o.d -o extension/jemalloc/jemalloc/CMakeFiles/jemalloc.dir/src/witness.cpp.o -c /home/pei/Project/duckdb-polr/extension/jemalloc/jemalloc/src/witness.cpp
[270/376] /usr/bin/ccache /usr/lib/ccache/c++ -DDUCKDB_BUILD_LIBRARY -DENABLE_CROSS_PRODUCT_REWRITE=0 -DENABLE_DEBUG_PRINT=0 -DENABLE_MEASURE_EXE_TIME=0 -DENABLE_MERGE_BACK_PLAN=0 -DENABLE_PARALLEL_EXECUTION=0 -DENABLE_QUERY_SPLIT=0 -DENABLE_SPECIFY_EST_STAT=0 -I/home/pei/Project/duckdb-polr/src/include -I/home/pei/Project/duckdb-polr/third_party/fsst -I/home/pei/Project/duckdb-polr/third_party/fmt/include -I/home/pei/Project/duckdb-polr/third_party/hyperloglog -I/home/pei/Project/duckdb-polr/third_party/fastpforlib -I/home/pei/Project/duckdb-polr/third_party/fast_float -I/home/pei/Project/duckdb-polr/third_party/re2 -I/home/pei/Project/duckdb-polr/third_party/miniz -I/home/pei/Project/duckdb-polr/third_party/utf8proc/include -I/home/pei/Project/duckdb-polr/third_party/miniparquet -I/home/pei/Project/duckdb-polr/third_party/concurrentqueue -I/home/pei/Project/duckdb-polr/third_party/pcg -I/home/pei/Project/duckdb-polr/third_party/tdigest -I/home/pei/Project/duckdb-polr/third_party/mbedtls/include -I/home/pei/Project/duckdb-polr/third_party/jaro_winkler -I/home/pei/Project/duckdb-polr/test/../third_party/catch -I/home/pei/Project/duckdb-polr/test/../third_party/tpce-tool/include -I/home/pei/Project/duckdb-polr/test/../third_party/sqlite/include -I/home/pei/Project/duckdb-polr/test/include -O3 -DNDEBUG -O3 -DNDEBUG   -fPIC -fdiagnostics-color=always -std=c++11 -MD -MT test/appender/CMakeFiles/test_appender.dir/ub_test_appender.cpp.o -MF test/appender/CMakeFiles/test_appender.dir/ub_test_appender.cpp.o.d -o test/appender/CMakeFiles/test_appender.dir/ub_test_appender.cpp.o -c /home/pei/Project/duckdb-polr/build/release/test/appender/ub_test_appender.cpp
[271/376] /usr/bin/ccache /usr/lib/ccache/c++ -DDUCKDB_BUILD_LIBRARY -DENABLE_CROSS_PRODUCT_REWRITE=0 -DENABLE_DEBUG_PRINT=0 -DENABLE_MEASURE_EXE_TIME=0 -DENABLE_MERGE_BACK_PLAN=0 -DENABLE_PARALLEL_EXECUTION=0 -DENABLE_QUERY_SPLIT=0 -DENABLE_SPECIFY_EST_STAT=0 -I/home/pei/Project/duckdb-polr/src/include -I/home/pei/Project/duckdb-polr/third_party/fsst -I/home/pei/Project/duckdb-polr/third_party/fmt/include -I/home/pei/Project/duckdb-polr/third_party/hyperloglog -I/home/pei/Project/duckdb-polr/third_party/fastpforlib -I/home/pei/Project/duckdb-polr/third_party/fast_float -I/home/pei/Project/duckdb-polr/third_party/re2 -I/home/pei/Project/duckdb-polr/third_party/miniz -I/home/pei/Project/duckdb-polr/third_party/utf8proc/include -I/home/pei/Project/duckdb-polr/third_party/miniparquet -I/home/pei/Project/duckdb-polr/third_party/concurrentqueue -I/home/pei/Project/duckdb-polr/third_party/pcg -I/home/pei/Project/duckdb-polr/third_party/tdigest -I/home/pei/Project/duckdb-polr/third_party/mbedtls/include -I/home/pei/Project/duckdb-polr/third_party/jaro_winkler -I/home/pei/Project/duckdb-polr/test/../third_party/catch -I/home/pei/Project/duckdb-polr/test/../third_party/tpce-tool/include -I/home/pei/Project/duckdb-polr/test/../third_party/sqlite/include -I/home/pei/Project/duckdb-polr/test/include -O3 -DNDEBUG -O3 -DNDEBUG   -fPIC -fdiagnostics-color=always -std=c++11 -MD -MT test/arrow_roundtrip/CMakeFiles/test_arrow_roundtrip.dir/ub_test_arrow_roundtrip.cpp.o -MF test/arrow_roundtrip/CMakeFiles/test_arrow_roundtrip.dir/ub_test_arrow_roundtrip.cpp.o.d -o test/arrow_roundtrip/CMakeFiles/test_arrow_roundtrip.dir/ub_test_arrow_roundtrip.cpp.o -c /home/pei/Project/duckdb-polr/build/release/test/arrow_roundtrip/ub_test_arrow_roundtrip.cpp
[272/376] /usr/bin/ccache /usr/lib/ccache/c++ -DDUCKDB_BUILD_LIBRARY -DENABLE_CROSS_PRODUCT_REWRITE=0 -DENABLE_DEBUG_PRINT=0 -DENABLE_MEASURE_EXE_TIME=0 -DENABLE_MERGE_BACK_PLAN=0 -DENABLE_PARALLEL_EXECUTION=0 -DENABLE_QUERY_SPLIT=0 -DENABLE_SPECIFY_EST_STAT=0 -I/home/pei/Project/duckdb-polr/src/include -I/home/pei/Project/duckdb-polr/third_party/fsst -I/home/pei/Project/duckdb-polr/third_party/fmt/include -I/home/pei/Project/duckdb-polr/third_party/hyperloglog -I/home/pei/Project/duckdb-polr/third_party/fastpforlib -I/home/pei/Project/duckdb-polr/third_party/fast_float -I/home/pei/Project/duckdb-polr/third_party/re2 -I/home/pei/Project/duckdb-polr/third_party/miniz -I/home/pei/Project/duckdb-polr/third_party/utf8proc/include -I/home/pei/Project/duckdb-polr/third_party/miniparquet -I/home/pei/Project/duckdb-polr/third_party/concurrentqueue -I/home/pei/Project/duckdb-polr/third_party/pcg -I/home/pei/Project/duckdb-polr/third_party/tdigest -I/home/pei/Project/duckdb-polr/third_party/mbedtls/include -I/home/pei/Project/duckdb-polr/third_party/jaro_winkler -I/home/pei/Project/duckdb-polr/test/../third_party/catch -I/home/pei/Project/duckdb-polr/test/../third_party/tpce-tool/include -I/home/pei/Project/duckdb-polr/test/../third_party/sqlite/include -I/home/pei/Project/duckdb-polr/test/include -O3 -DNDEBUG -O3 -DNDEBUG   -fPIC -fdiagnostics-color=always -std=c++11 -MD -MT test/api/capi/CMakeFiles/test_sql_capi.dir/ub_test_sql_capi.cpp.o -MF test/api/capi/CMakeFiles/test_sql_capi.dir/ub_test_sql_capi.cpp.o.d -o test/api/capi/CMakeFiles/test_sql_capi.dir/ub_test_sql_capi.cpp.o -c /home/pei/Project/duckdb-polr/build/release/test/api/capi/ub_test_sql_capi.cpp
[273/376] /usr/bin/ccache /usr/lib/ccache/c++ -DDUCKDB_BUILD_LIBRARY -DENABLE_CROSS_PRODUCT_REWRITE=0 -DENABLE_DEBUG_PRINT=0 -DENABLE_MEASURE_EXE_TIME=0 -DENABLE_MERGE_BACK_PLAN=0 -DENABLE_PARALLEL_EXECUTION=0 -DENABLE_QUERY_SPLIT=0 -DENABLE_SPECIFY_EST_STAT=0 -I/home/pei/Project/duckdb-polr/src/include -I/home/pei/Project/duckdb-polr/third_party/fsst -I/home/pei/Project/duckdb-polr/third_party/fmt/include -I/home/pei/Project/duckdb-polr/third_party/hyperloglog -I/home/pei/Project/duckdb-polr/third_party/fastpforlib -I/home/pei/Project/duckdb-polr/third_party/fast_float -I/home/pei/Project/duckdb-polr/third_party/re2 -I/home/pei/Project/duckdb-polr/third_party/miniz -I/home/pei/Project/duckdb-polr/third_party/utf8proc/include -I/home/pei/Project/duckdb-polr/third_party/miniparquet -I/home/pei/Project/duckdb-polr/third_party/concurrentqueue -I/home/pei/Project/duckdb-polr/third_party/pcg -I/home/pei/Project/duckdb-polr/third_party/tdigest -I/home/pei/Project/duckdb-polr/third_party/mbedtls/include -I/home/pei/Project/duckdb-polr/third_party/jaro_winkler -I/home/pei/Project/duckdb-polr/test/../third_party/catch -I/home/pei/Project/duckdb-polr/test/../third_party/tpce-tool/include -I/home/pei/Project/duckdb-polr/test/../third_party/sqlite/include -I/home/pei/Project/duckdb-polr/test/include -O3 -DNDEBUG -O3 -DNDEBUG   -fPIC -fdiagnostics-color=always -std=c++11 -MD -MT test/api/udf_function/CMakeFiles/test_api_udf_function.dir/ub_test_api_udf_function.cpp.o -MF test/api/udf_function/CMakeFiles/test_api_udf_function.dir/ub_test_api_udf_function.cpp.o.d -o test/api/udf_function/CMakeFiles/test_api_udf_function.dir/ub_test_api_udf_function.cpp.o -c /home/pei/Project/duckdb-polr/build/release/test/api/udf_function/ub_test_api_udf_function.cpp
[274/376] /usr/bin/ccache /usr/lib/ccache/c++ -DDUCKDB_BUILD_LIBRARY -DENABLE_CROSS_PRODUCT_REWRITE=0 -DENABLE_DEBUG_PRINT=0 -DENABLE_MEASURE_EXE_TIME=0 -DENABLE_MERGE_BACK_PLAN=0 -DENABLE_PARALLEL_EXECUTION=0 -DENABLE_QUERY_SPLIT=0 -DENABLE_SPECIFY_EST_STAT=0 -I/home/pei/Project/duckdb-polr/src/include -I/home/pei/Project/duckdb-polr/third_party/fsst -I/home/pei/Project/duckdb-polr/third_party/fmt/include -I/home/pei/Project/duckdb-polr/third_party/hyperloglog -I/home/pei/Project/duckdb-polr/third_party/fastpforlib -I/home/pei/Project/duckdb-polr/third_party/fast_float -I/home/pei/Project/duckdb-polr/third_party/re2 -I/home/pei/Project/duckdb-polr/third_party/miniz -I/home/pei/Project/duckdb-polr/third_party/utf8proc/include -I/home/pei/Project/duckdb-polr/third_party/miniparquet -I/home/pei/Project/duckdb-polr/third_party/concurrentqueue -I/home/pei/Project/duckdb-polr/third_party/pcg -I/home/pei/Project/duckdb-polr/third_party/tdigest -I/home/pei/Project/duckdb-polr/third_party/mbedtls/include -I/home/pei/Project/duckdb-polr/third_party/jaro_winkler -I/home/pei/Project/duckdb-polr/test/../third_party/catch -I/home/pei/Project/duckdb-polr/test/../third_party/tpce-tool/include -I/home/pei/Project/duckdb-polr/test/../third_party/sqlite/include -I/home/pei/Project/duckdb-polr/test/include -O3 -DNDEBUG -O3 -DNDEBUG   -fPIC -fdiagnostics-color=always -std=c++11 -MD -MT test/common/CMakeFiles/test_common.dir/ub_test_common.cpp.o -MF test/common/CMakeFiles/test_common.dir/ub_test_common.cpp.o.d -o test/common/CMakeFiles/test_common.dir/ub_test_common.cpp.o -c /home/pei/Project/duckdb-polr/build/release/test/common/ub_test_common.cpp
[275/376] /usr/bin/ccache /usr/lib/ccache/c++ -DDUCKDB_BUILD_DIRECTORY=\"/home/pei/Project/duckdb-polr/build/release\" -DDUCKDB_BUILD_LIBRARY -DDUCKDB_BUILD_LOADABLE_EXTENSION -DENABLE_CROSS_PRODUCT_REWRITE=0 -DENABLE_DEBUG_PRINT=0 -DENABLE_MEASURE_EXE_TIME=0 -DENABLE_MERGE_BACK_PLAN=0 -DENABLE_PARALLEL_EXECUTION=0 -DENABLE_QUERY_SPLIT=0 -DENABLE_SPECIFY_EST_STAT=0 -I/home/pei/Project/duckdb-polr/src/include -I/home/pei/Project/duckdb-polr/third_party/fsst -I/home/pei/Project/duckdb-polr/third_party/fmt/include -I/home/pei/Project/duckdb-polr/third_party/hyperloglog -I/home/pei/Project/duckdb-polr/third_party/fastpforlib -I/home/pei/Project/duckdb-polr/third_party/fast_float -I/home/pei/Project/duckdb-polr/third_party/re2 -I/home/pei/Project/duckdb-polr/third_party/miniz -I/home/pei/Project/duckdb-polr/third_party/utf8proc/include -I/home/pei/Project/duckdb-polr/third_party/miniparquet -I/home/pei/Project/duckdb-polr/third_party/concurrentqueue -I/home/pei/Project/duckdb-polr/third_party/pcg -I/home/pei/Project/duckdb-polr/third_party/tdigest -I/home/pei/Project/duckdb-polr/third_party/mbedtls/include -I/home/pei/Project/duckdb-polr/third_party/jaro_winkler -I/home/pei/Project/duckdb-polr/test/../third_party/catch -I/home/pei/Project/duckdb-polr/test/../third_party/tpce-tool/include -I/home/pei/Project/duckdb-polr/test/../third_party/sqlite/include -I/home/pei/Project/duckdb-polr/test/include -O3 -DNDEBUG -O3 -DNDEBUG   -fPIC -fdiagnostics-color=always -std=c++11 -MD -MT test/extension/CMakeFiles/loadable_extension_demo_loadable_extension.dir/loadable_extension_demo.cpp.o -MF test/extension/CMakeFiles/loadable_extension_demo_loadable_extension.dir/loadable_extension_demo.cpp.o.d -o test/extension/CMakeFiles/loadable_extension_demo_loadable_extension.dir/loadable_extension_demo.cpp.o -c /home/pei/Project/duckdb-polr/test/extension/loadable_extension_demo.cpp
[276/376] /usr/bin/ccache /usr/lib/ccache/c++ -DDUCKDB_BUILD_DIRECTORY=\"/home/pei/Project/duckdb-polr/build/release\" -DDUCKDB_BUILD_LIBRARY -DDUCKDB_BUILD_LOADABLE_EXTENSION -DENABLE_CROSS_PRODUCT_REWRITE=0 -DENABLE_DEBUG_PRINT=0 -DENABLE_MEASURE_EXE_TIME=0 -DENABLE_MERGE_BACK_PLAN=0 -DENABLE_PARALLEL_EXECUTION=0 -DENABLE_QUERY_SPLIT=0 -DENABLE_SPECIFY_EST_STAT=0 -I/home/pei/Project/duckdb-polr/src/include -I/home/pei/Project/duckdb-polr/third_party/fsst -I/home/pei/Project/duckdb-polr/third_party/fmt/include -I/home/pei/Project/duckdb-polr/third_party/hyperloglog -I/home/pei/Project/duckdb-polr/third_party/fastpforlib -I/home/pei/Project/duckdb-polr/third_party/fast_float -I/home/pei/Project/duckdb-polr/third_party/re2 -I/home/pei/Project/duckdb-polr/third_party/miniz -I/home/pei/Project/duckdb-polr/third_party/utf8proc/include -I/home/pei/Project/duckdb-polr/third_party/miniparquet -I/home/pei/Project/duckdb-polr/third_party/concurrentqueue -I/home/pei/Project/duckdb-polr/third_party/pcg -I/home/pei/Project/duckdb-polr/third_party/tdigest -I/home/pei/Project/duckdb-polr/third_party/mbedtls/include -I/home/pei/Project/duckdb-polr/third_party/jaro_winkler -I/home/pei/Project/duckdb-polr/test/../third_party/catch -I/home/pei/Project/duckdb-polr/test/../third_party/tpce-tool/include -I/home/pei/Project/duckdb-polr/test/../third_party/sqlite/include -I/home/pei/Project/duckdb-polr/test/include -O3 -DNDEBUG -O3 -DNDEBUG   -fPIC -fdiagnostics-color=always -std=c++11 -MD -MT test/extension/CMakeFiles/loadable_extension_optimizer_demo_loadable_extension.dir/loadable_extension_optimizer_demo.cpp.o -MF test/extension/CMakeFiles/loadable_extension_optimizer_demo_loadable_extension.dir/loadable_extension_optimizer_demo.cpp.o.d -o test/extension/CMakeFiles/loadable_extension_optimizer_demo_loadable_extension.dir/loadable_extension_optimizer_demo.cpp.o -c /home/pei/Project/duckdb-polr/test/extension/loadable_extension_optimizer_demo.cpp
[277/376] /usr/bin/ccache /usr/lib/ccache/c++ -DDUCKDB_BUILD_LIBRARY -DDUCKDB_ROOT_DIRECTORY=\"/home/pei/Project/duckdb-polr\" -DENABLE_CROSS_PRODUCT_REWRITE=0 -DENABLE_DEBUG_PRINT=0 -DENABLE_MEASURE_EXE_TIME=0 -DENABLE_MERGE_BACK_PLAN=0 -DENABLE_PARALLEL_EXECUTION=0 -DENABLE_QUERY_SPLIT=0 -DENABLE_SPECIFY_EST_STAT=0 -I/home/pei/Project/duckdb-polr/src/include -I/home/pei/Project/duckdb-polr/third_party/fsst -I/home/pei/Project/duckdb-polr/third_party/fmt/include -I/home/pei/Project/duckdb-polr/third_party/hyperloglog -I/home/pei/Project/duckdb-polr/third_party/fastpforlib -I/home/pei/Project/duckdb-polr/third_party/fast_float -I/home/pei/Project/duckdb-polr/third_party/re2 -I/home/pei/Project/duckdb-polr/third_party/miniz -I/home/pei/Project/duckdb-polr/third_party/utf8proc/include -I/home/pei/Project/duckdb-polr/third_party/miniparquet -I/home/pei/Project/duckdb-polr/third_party/concurrentqueue -I/home/pei/Project/duckdb-polr/third_party/pcg -I/home/pei/Project/duckdb-polr/third_party/tdigest -I/home/pei/Project/duckdb-polr/third_party/mbedtls/include -I/home/pei/Project/duckdb-polr/third_party/jaro_winkler -I/home/pei/Project/duckdb-polr/test/../third_party/catch -I/home/pei/Project/duckdb-polr/test/../third_party/tpce-tool/include -I/home/pei/Project/duckdb-polr/test/../third_party/sqlite/include -I/home/pei/Project/duckdb-polr/test/include -I/home/pei/Project/duckdb-polr/third_party/libpg_query/include -O3 -DNDEBUG -O3 -DNDEBUG   -fPIE -fdiagnostics-color=always -std=c++11 -MD -MT test/CMakeFiles/unittest.dir/unittest.cpp.o -MF test/CMakeFiles/unittest.dir/unittest.cpp.o.d -o test/CMakeFiles/unittest.dir/unittest.cpp.o -c /home/pei/Project/duckdb-polr/test/unittest.cpp
[278/376] /usr/bin/ccache /usr/lib/ccache/c++ -DDUCKDB_BUILD_LIBRARY -DENABLE_CROSS_PRODUCT_REWRITE=0 -DENABLE_DEBUG_PRINT=0 -DENABLE_MEASURE_EXE_TIME=0 -DENABLE_MERGE_BACK_PLAN=0 -DENABLE_PARALLEL_EXECUTION=0 -DENABLE_QUERY_SPLIT=0 -DENABLE_SPECIFY_EST_STAT=0 -I/home/pei/Project/duckdb-polr/src/include -I/home/pei/Project/duckdb-polr/third_party/fsst -I/home/pei/Project/duckdb-polr/third_party/fmt/include -I/home/pei/Project/duckdb-polr/third_party/hyperloglog -I/home/pei/Project/duckdb-polr/third_party/fastpforlib -I/home/pei/Project/duckdb-polr/third_party/fast_float -I/home/pei/Project/duckdb-polr/third_party/re2 -I/home/pei/Project/duckdb-polr/third_party/miniz -I/home/pei/Project/duckdb-polr/third_party/utf8proc/include -I/home/pei/Project/duckdb-polr/third_party/miniparquet -I/home/pei/Project/duckdb-polr/third_party/concurrentqueue -I/home/pei/Project/duckdb-polr/third_party/pcg -I/home/pei/Project/duckdb-polr/third_party/tdigest -I/home/pei/Project/duckdb-polr/third_party/mbedtls/include -I/home/pei/Project/duckdb-polr/third_party/jaro_winkler -I/home/pei/Project/duckdb-polr/test/../third_party/catch -I/home/pei/Project/duckdb-polr/test/../third_party/tpce-tool/include -I/home/pei/Project/duckdb-polr/test/../third_party/sqlite/include -I/home/pei/Project/duckdb-polr/test/include -O3 -DNDEBUG -O3 -DNDEBUG   -fPIC -fdiagnostics-color=always -std=c++11 -MD -MT test/api/CMakeFiles/test_api.dir/ub_test_api.cpp.o -MF test/api/CMakeFiles/test_api.dir/ub_test_api.cpp.o.d -o test/api/CMakeFiles/test_api.dir/ub_test_api.cpp.o -c /home/pei/Project/duckdb-polr/build/release/test/api/ub_test_api.cpp
[279/376] /usr/bin/ccache /usr/lib/ccache/c++ -DDUCKDB_BUILD_DIRECTORY=\"/home/pei/Project/duckdb-polr/build/release\" -DDUCKDB_BUILD_LIBRARY -DENABLE_CROSS_PRODUCT_REWRITE=0 -DENABLE_DEBUG_PRINT=0 -DENABLE_MEASURE_EXE_TIME=0 -DENABLE_MERGE_BACK_PLAN=0 -DENABLE_PARALLEL_EXECUTION=0 -DENABLE_QUERY_SPLIT=0 -DENABLE_SPECIFY_EST_STAT=0 -I/home/pei/Project/duckdb-polr/src/include -I/home/pei/Project/duckdb-polr/third_party/fsst -I/home/pei/Project/duckdb-polr/third_party/fmt/include -I/home/pei/Project/duckdb-polr/third_party/hyperloglog -I/home/pei/Project/duckdb-polr/third_party/fastpforlib -I/home/pei/Project/duckdb-polr/third_party/fast_float -I/home/pei/Project/duckdb-polr/third_party/re2 -I/home/pei/Project/duckdb-polr/third_party/miniz -I/home/pei/Project/duckdb-polr/third_party/utf8proc/include -I/home/pei/Project/duckdb-polr/third_party/miniparquet -I/home/pei/Project/duckdb-polr/third_party/concurrentqueue -I/home/pei/Project/duckdb-polr/third_party/pcg -I/home/pei/Project/duckdb-polr/third_party/tdigest -I/home/pei/Project/duckdb-polr/third_party/mbedtls/include -I/home/pei/Project/duckdb-polr/third_party/jaro_winkler -I/home/pei/Project/duckdb-polr/test/../third_party/catch -I/home/pei/Project/duckdb-polr/test/../third_party/tpce-tool/include -I/home/pei/Project/duckdb-polr/test/../third_party/sqlite/include -I/home/pei/Project/duckdb-polr/test/include -O3 -DNDEBUG -O3 -DNDEBUG   -fPIC -fdiagnostics-color=always -std=c++11 -MD -MT test/extension/CMakeFiles/test_extensions.dir/ub_test_extensions.cpp.o -MF test/extension/CMakeFiles/test_extensions.dir/ub_test_extensions.cpp.o.d -o test/extension/CMakeFiles/test_extensions.dir/ub_test_extensions.cpp.o -c /home/pei/Project/duckdb-polr/build/release/test/extension/ub_test_extensions.cpp
[280/376] /usr/bin/ccache /usr/lib/ccache/c++ -DDUCKDB_BUILD_LIBRARY -DENABLE_CROSS_PRODUCT_REWRITE=0 -DENABLE_DEBUG_PRINT=0 -DENABLE_MEASURE_EXE_TIME=0 -DENABLE_MERGE_BACK_PLAN=0 -DENABLE_PARALLEL_EXECUTION=0 -DENABLE_QUERY_SPLIT=0 -DENABLE_SPECIFY_EST_STAT=0 -I/home/pei/Project/duckdb-polr/src/include -I/home/pei/Project/duckdb-polr/third_party/fsst -I/home/pei/Project/duckdb-polr/third_party/fmt/include -I/home/pei/Project/duckdb-polr/third_party/hyperloglog -I/home/pei/Project/duckdb-polr/third_party/fastpforlib -I/home/pei/Project/duckdb-polr/third_party/fast_float -I/home/pei/Project/duckdb-polr/third_party/re2 -I/home/pei/Project/duckdb-polr/third_party/miniz -I/home/pei/Project/duckdb-polr/third_party/utf8proc/include -I/home/pei/Project/duckdb-polr/third_party/miniparquet -I/home/pei/Project/duckdb-polr/third_party/concurrentqueue -I/home/pei/Project/duckdb-polr/third_party/pcg -I/home/pei/Project/duckdb-polr/third_party/tdigest -I/home/pei/Project/duckdb-polr/third_party/mbedtls/include -I/home/pei/Project/duckdb-polr/third_party/jaro_winkler -I/home/pei/Project/duckdb-polr/test/../third_party/catch -I/home/pei/Project/duckdb-polr/test/../third_party/tpce-tool/include -I/home/pei/Project/duckdb-polr/test/../third_party/sqlite/include -I/home/pei/Project/duckdb-polr/test/include -I/home/pei/Project/duckdb-polr/third_party/libpg_query/include -O3 -DNDEBUG -O3 -DNDEBUG   -fPIC -fdiagnostics-color=always -std=c++11 -MD -MT test/helpers/CMakeFiles/test_helpers.dir/pid.cpp.o -MF test/helpers/CMakeFiles/test_helpers.dir/pid.cpp.o.d -o test/helpers/CMakeFiles/test_helpers.dir/pid.cpp.o -c /home/pei/Project/duckdb-polr/test/helpers/pid.cpp
[281/376] /usr/bin/ccache /usr/lib/ccache/c++ -DDUCKDB_BUILD_LIBRARY -DENABLE_CROSS_PRODUCT_REWRITE=0 -DENABLE_DEBUG_PRINT=0 -DENABLE_MEASURE_EXE_TIME=0 -DENABLE_MERGE_BACK_PLAN=0 -DENABLE_PARALLEL_EXECUTION=0 -DENABLE_QUERY_SPLIT=0 -DENABLE_SPECIFY_EST_STAT=0 -I/home/pei/Project/duckdb-polr/src/include -I/home/pei/Project/duckdb-polr/third_party/fsst -I/home/pei/Project/duckdb-polr/third_party/fmt/include -I/home/pei/Project/duckdb-polr/third_party/hyperloglog -I/home/pei/Project/duckdb-polr/third_party/fastpforlib -I/home/pei/Project/duckdb-polr/third_party/fast_float -I/home/pei/Project/duckdb-polr/third_party/re2 -I/home/pei/Project/duckdb-polr/third_party/miniz -I/home/pei/Project/duckdb-polr/third_party/utf8proc/include -I/home/pei/Project/duckdb-polr/third_party/miniparquet -I/home/pei/Project/duckdb-polr/third_party/concurrentqueue -I/home/pei/Project/duckdb-polr/third_party/pcg -I/home/pei/Project/duckdb-polr/third_party/tdigest -I/home/pei/Project/duckdb-polr/third_party/mbedtls/include -I/home/pei/Project/duckdb-polr/third_party/jaro_winkler -I/home/pei/Project/duckdb-polr/test/../third_party/catch -I/home/pei/Project/duckdb-polr/test/../third_party/tpce-tool/include -I/home/pei/Project/duckdb-polr/test/../third_party/sqlite/include -I/home/pei/Project/duckdb-polr/test/include -I/home/pei/Project/duckdb-polr/third_party/libpg_query/include -O3 -DNDEBUG -O3 -DNDEBUG   -fPIC -fdiagnostics-color=always -std=c++11 -MD -MT test/helpers/CMakeFiles/test_helpers.dir/test_helpers.cpp.o -MF test/helpers/CMakeFiles/test_helpers.dir/test_helpers.cpp.o.d -o test/helpers/CMakeFiles/test_helpers.dir/test_helpers.cpp.o -c /home/pei/Project/duckdb-polr/test/helpers/test_helpers.cpp
[282/376] /usr/bin/ccache /usr/lib/ccache/c++ -DDUCKDB_BUILD_LIBRARY -DENABLE_CROSS_PRODUCT_REWRITE=0 -DENABLE_DEBUG_PRINT=0 -DENABLE_MEASURE_EXE_TIME=0 -DENABLE_MERGE_BACK_PLAN=0 -DENABLE_PARALLEL_EXECUTION=0 -DENABLE_QUERY_SPLIT=0 -DENABLE_SPECIFY_EST_STAT=0 -I/home/pei/Project/duckdb-polr/src/include -I/home/pei/Project/duckdb-polr/third_party/fsst -I/home/pei/Project/duckdb-polr/third_party/fmt/include -I/home/pei/Project/duckdb-polr/third_party/hyperloglog -I/home/pei/Project/duckdb-polr/third_party/fastpforlib -I/home/pei/Project/duckdb-polr/third_party/fast_float -I/home/pei/Project/duckdb-polr/third_party/re2 -I/home/pei/Project/duckdb-polr/third_party/miniz -I/home/pei/Project/duckdb-polr/third_party/utf8proc/include -I/home/pei/Project/duckdb-polr/third_party/miniparquet -I/home/pei/Project/duckdb-polr/third_party/concurrentqueue -I/home/pei/Project/duckdb-polr/third_party/pcg -I/home/pei/Project/duckdb-polr/third_party/tdigest -I/home/pei/Project/duckdb-polr/third_party/mbedtls/include -I/home/pei/Project/duckdb-polr/third_party/jaro_winkler -I/home/pei/Project/duckdb-polr/test/../third_party/catch -I/home/pei/Project/duckdb-polr/test/../third_party/tpce-tool/include -I/home/pei/Project/duckdb-polr/test/../third_party/sqlite/include -I/home/pei/Project/duckdb-polr/test/include -I/home/pei/Project/duckdb-polr/third_party/libpg_query/include -O3 -DNDEBUG -O3 -DNDEBUG   -fPIC -fdiagnostics-color=always -std=c++11 -MD -MT test/helpers/CMakeFiles/test_helpers.dir/capi_tester.cpp.o -MF test/helpers/CMakeFiles/test_helpers.dir/capi_tester.cpp.o.d -o test/helpers/CMakeFiles/test_helpers.dir/capi_tester.cpp.o -c /home/pei/Project/duckdb-polr/test/helpers/capi_tester.cpp
[283/376] /usr/bin/ccache /usr/lib/ccache/c++ -DDUCKDB_BUILD_LIBRARY -DENABLE_CROSS_PRODUCT_REWRITE=0 -DENABLE_DEBUG_PRINT=0 -DENABLE_MEASURE_EXE_TIME=0 -DENABLE_MERGE_BACK_PLAN=0 -DENABLE_PARALLEL_EXECUTION=0 -DENABLE_QUERY_SPLIT=0 -DENABLE_SPECIFY_EST_STAT=0 -I/home/pei/Project/duckdb-polr/src/include -I/home/pei/Project/duckdb-polr/third_party/fsst -I/home/pei/Project/duckdb-polr/third_party/fmt/include -I/home/pei/Project/duckdb-polr/third_party/hyperloglog -I/home/pei/Project/duckdb-polr/third_party/fastpforlib -I/home/pei/Project/duckdb-polr/third_party/fast_float -I/home/pei/Project/duckdb-polr/third_party/re2 -I/home/pei/Project/duckdb-polr/third_party/miniz -I/home/pei/Project/duckdb-polr/third_party/utf8proc/include -I/home/pei/Project/duckdb-polr/third_party/miniparquet -I/home/pei/Project/duckdb-polr/third_party/concurrentqueue -I/home/pei/Project/duckdb-polr/third_party/pcg -I/home/pei/Project/duckdb-polr/third_party/tdigest -I/home/pei/Project/duckdb-polr/third_party/mbedtls/include -I/home/pei/Project/duckdb-polr/third_party/jaro_winkler -I/home/pei/Project/duckdb-polr/test/../third_party/catch -I/home/pei/Project/duckdb-polr/test/../third_party/tpce-tool/include -I/home/pei/Project/duckdb-polr/test/../third_party/sqlite/include -I/home/pei/Project/duckdb-polr/test/include -O3 -DNDEBUG -O3 -DNDEBUG   -fPIC -fdiagnostics-color=always -std=c++11 -MD -MT test/memoryleak/CMakeFiles/test_memory_leak.dir/ub_test_memory_leak.cpp.o -MF test/memoryleak/CMakeFiles/test_memory_leak.dir/ub_test_memory_leak.cpp.o.d -o test/memoryleak/CMakeFiles/test_memory_leak.dir/ub_test_memory_leak.cpp.o -c /home/pei/Project/duckdb-polr/build/release/test/memoryleak/ub_test_memory_leak.cpp
[284/376] /usr/bin/ccache /usr/lib/ccache/c++ -DDUCKDB_BUILD_LIBRARY -DENABLE_CROSS_PRODUCT_REWRITE=0 -DENABLE_DEBUG_PRINT=0 -DENABLE_MEASURE_EXE_TIME=0 -DENABLE_MERGE_BACK_PLAN=0 -DENABLE_PARALLEL_EXECUTION=0 -DENABLE_QUERY_SPLIT=0 -DENABLE_SPECIFY_EST_STAT=0 -I/home/pei/Project/duckdb-polr/src/include -I/home/pei/Project/duckdb-polr/third_party/fsst -I/home/pei/Project/duckdb-polr/third_party/fmt/include -I/home/pei/Project/duckdb-polr/third_party/hyperloglog -I/home/pei/Project/duckdb-polr/third_party/fastpforlib -I/home/pei/Project/duckdb-polr/third_party/fast_float -I/home/pei/Project/duckdb-polr/third_party/re2 -I/home/pei/Project/duckdb-polr/third_party/miniz -I/home/pei/Project/duckdb-polr/third_party/utf8proc/include -I/home/pei/Project/duckdb-polr/third_party/miniparquet -I/home/pei/Project/duckdb-polr/third_party/concurrentqueue -I/home/pei/Project/duckdb-polr/third_party/pcg -I/home/pei/Project/duckdb-polr/third_party/tdigest -I/home/pei/Project/duckdb-polr/third_party/mbedtls/include -I/home/pei/Project/duckdb-polr/third_party/jaro_winkler -I/home/pei/Project/duckdb-polr/test/../third_party/catch -I/home/pei/Project/duckdb-polr/test/../third_party/tpce-tool/include -I/home/pei/Project/duckdb-polr/test/../third_party/sqlite/include -I/home/pei/Project/duckdb-polr/test/include -O3 -DNDEBUG -O3 -DNDEBUG   -fPIC -fdiagnostics-color=always -std=c++11 -MD -MT test/sql/filter/CMakeFiles/test_filter.dir/ub_test_filter.cpp.o -MF test/sql/filter/CMakeFiles/test_filter.dir/ub_test_filter.cpp.o.d -o test/sql/filter/CMakeFiles/test_filter.dir/ub_test_filter.cpp.o -c /home/pei/Project/duckdb-polr/build/release/test/sql/filter/ub_test_filter.cpp
[285/376] /usr/bin/ccache /usr/lib/ccache/c++ -DDUCKDB_BUILD_LIBRARY -DENABLE_CROSS_PRODUCT_REWRITE=0 -DENABLE_DEBUG_PRINT=0 -DENABLE_MEASURE_EXE_TIME=0 -DENABLE_MERGE_BACK_PLAN=0 -DENABLE_PARALLEL_EXECUTION=0 -DENABLE_QUERY_SPLIT=0 -DENABLE_SPECIFY_EST_STAT=0 -I/home/pei/Project/duckdb-polr/src/include -I/home/pei/Project/duckdb-polr/third_party/fsst -I/home/pei/Project/duckdb-polr/third_party/fmt/include -I/home/pei/Project/duckdb-polr/third_party/hyperloglog -I/home/pei/Project/duckdb-polr/third_party/fastpforlib -I/home/pei/Project/duckdb-polr/third_party/fast_float -I/home/pei/Project/duckdb-polr/third_party/re2 -I/home/pei/Project/duckdb-polr/third_party/miniz -I/home/pei/Project/duckdb-polr/third_party/utf8proc/include -I/home/pei/Project/duckdb-polr/third_party/miniparquet -I/home/pei/Project/duckdb-polr/third_party/concurrentqueue -I/home/pei/Project/duckdb-polr/third_party/pcg -I/home/pei/Project/duckdb-polr/third_party/tdigest -I/home/pei/Project/duckdb-polr/third_party/mbedtls/include -I/home/pei/Project/duckdb-polr/third_party/jaro_winkler -I/home/pei/Project/duckdb-polr/test/../third_party/catch -I/home/pei/Project/duckdb-polr/test/../third_party/tpce-tool/include -I/home/pei/Project/duckdb-polr/test/../third_party/sqlite/include -I/home/pei/Project/duckdb-polr/test/include -O3 -DNDEBUG -O3 -DNDEBUG   -fPIC -fdiagnostics-color=always -std=c++11 -MD -MT test/sql/function/table/CMakeFiles/test_table_function.dir/ub_test_table_function.cpp.o -MF test/sql/function/table/CMakeFiles/test_table_function.dir/ub_test_table_function.cpp.o.d -o test/sql/function/table/CMakeFiles/test_table_function.dir/ub_test_table_function.cpp.o -c /home/pei/Project/duckdb-polr/build/release/test/sql/function/table/ub_test_table_function.cpp
[286/376] /usr/bin/ccache /usr/lib/ccache/c++ -DDUCKDB_BUILD_LIBRARY -DENABLE_CROSS_PRODUCT_REWRITE=0 -DENABLE_DEBUG_PRINT=0 -DENABLE_MEASURE_EXE_TIME=0 -DENABLE_MERGE_BACK_PLAN=0 -DENABLE_PARALLEL_EXECUTION=0 -DENABLE_QUERY_SPLIT=0 -DENABLE_SPECIFY_EST_STAT=0 -I/home/pei/Project/duckdb-polr/src/include -I/home/pei/Project/duckdb-polr/third_party/fsst -I/home/pei/Project/duckdb-polr/third_party/fmt/include -I/home/pei/Project/duckdb-polr/third_party/hyperloglog -I/home/pei/Project/duckdb-polr/third_party/fastpforlib -I/home/pei/Project/duckdb-polr/third_party/fast_float -I/home/pei/Project/duckdb-polr/third_party/re2 -I/home/pei/Project/duckdb-polr/third_party/miniz -I/home/pei/Project/duckdb-polr/third_party/utf8proc/include -I/home/pei/Project/duckdb-polr/third_party/miniparquet -I/home/pei/Project/duckdb-polr/third_party/concurrentqueue -I/home/pei/Project/duckdb-polr/third_party/pcg -I/home/pei/Project/duckdb-polr/third_party/tdigest -I/home/pei/Project/duckdb-polr/third_party/mbedtls/include -I/home/pei/Project/duckdb-polr/third_party/jaro_winkler -I/home/pei/Project/duckdb-polr/test/../third_party/catch -I/home/pei/Project/duckdb-polr/test/../third_party/tpce-tool/include -I/home/pei/Project/duckdb-polr/test/../third_party/sqlite/include -I/home/pei/Project/duckdb-polr/test/include -O3 -DNDEBUG -O3 -DNDEBUG   -fPIC -fdiagnostics-color=always -std=c++11 -MD -MT test/sql/index/CMakeFiles/test_index.dir/ub_test_index.cpp.o -MF test/sql/index/CMakeFiles/test_index.dir/ub_test_index.cpp.o.d -o test/sql/index/CMakeFiles/test_index.dir/ub_test_index.cpp.o -c /home/pei/Project/duckdb-polr/build/release/test/sql/index/ub_test_index.cpp
[287/376] /usr/bin/ccache /usr/lib/ccache/c++ -DDUCKDB_BUILD_LIBRARY -DENABLE_CROSS_PRODUCT_REWRITE=0 -DENABLE_DEBUG_PRINT=0 -DENABLE_MEASURE_EXE_TIME=0 -DENABLE_MERGE_BACK_PLAN=0 -DENABLE_PARALLEL_EXECUTION=0 -DENABLE_QUERY_SPLIT=0 -DENABLE_SPECIFY_EST_STAT=0 -I/home/pei/Project/duckdb-polr/src/include -I/home/pei/Project/duckdb-polr/third_party/fsst -I/home/pei/Project/duckdb-polr/third_party/fmt/include -I/home/pei/Project/duckdb-polr/third_party/hyperloglog -I/home/pei/Project/duckdb-polr/third_party/fastpforlib -I/home/pei/Project/duckdb-polr/third_party/fast_float -I/home/pei/Project/duckdb-polr/third_party/re2 -I/home/pei/Project/duckdb-polr/third_party/miniz -I/home/pei/Project/duckdb-polr/third_party/utf8proc/include -I/home/pei/Project/duckdb-polr/third_party/miniparquet -I/home/pei/Project/duckdb-polr/third_party/concurrentqueue -I/home/pei/Project/duckdb-polr/third_party/pcg -I/home/pei/Project/duckdb-polr/third_party/tdigest -I/home/pei/Project/duckdb-polr/third_party/mbedtls/include -I/home/pei/Project/duckdb-polr/third_party/jaro_winkler -I/home/pei/Project/duckdb-polr/test/../third_party/catch -I/home/pei/Project/duckdb-polr/test/../third_party/tpce-tool/include -I/home/pei/Project/duckdb-polr/test/../third_party/sqlite/include -I/home/pei/Project/duckdb-polr/test/include -O3 -DNDEBUG -O3 -DNDEBUG   -fPIC -fdiagnostics-color=always -std=c++11 -MD -MT test/sql/storage/catalog/CMakeFiles/test_sql_storage_catalog.dir/ub_test_sql_storage_catalog.cpp.o -MF test/sql/storage/catalog/CMakeFiles/test_sql_storage_catalog.dir/ub_test_sql_storage_catalog.cpp.o.d -o test/sql/storage/catalog/CMakeFiles/test_sql_storage_catalog.dir/ub_test_sql_storage_catalog.cpp.o -c /home/pei/Project/duckdb-polr/build/release/test/sql/storage/catalog/ub_test_sql_storage_catalog.cpp
[288/376] /usr/bin/ccache /usr/lib/ccache/c++ -DDUCKDB_BUILD_LIBRARY -DENABLE_CROSS_PRODUCT_REWRITE=0 -DENABLE_DEBUG_PRINT=0 -DENABLE_MEASURE_EXE_TIME=0 -DENABLE_MERGE_BACK_PLAN=0 -DENABLE_PARALLEL_EXECUTION=0 -DENABLE_QUERY_SPLIT=0 -DENABLE_SPECIFY_EST_STAT=0 -I/home/pei/Project/duckdb-polr/src/include -I/home/pei/Project/duckdb-polr/third_party/fsst -I/home/pei/Project/duckdb-polr/third_party/fmt/include -I/home/pei/Project/duckdb-polr/third_party/hyperloglog -I/home/pei/Project/duckdb-polr/third_party/fastpforlib -I/home/pei/Project/duckdb-polr/third_party/fast_float -I/home/pei/Project/duckdb-polr/third_party/re2 -I/home/pei/Project/duckdb-polr/third_party/miniz -I/home/pei/Project/duckdb-polr/third_party/utf8proc/include -I/home/pei/Project/duckdb-polr/third_party/miniparquet -I/home/pei/Project/duckdb-polr/third_party/concurrentqueue -I/home/pei/Project/duckdb-polr/third_party/pcg -I/home/pei/Project/duckdb-polr/third_party/tdigest -I/home/pei/Project/duckdb-polr/third_party/mbedtls/include -I/home/pei/Project/duckdb-polr/third_party/jaro_winkler -I/home/pei/Project/duckdb-polr/test/../third_party/catch -I/home/pei/Project/duckdb-polr/test/../third_party/tpce-tool/include -I/home/pei/Project/duckdb-polr/test/../third_party/sqlite/include -I/home/pei/Project/duckdb-polr/test/include -O3 -DNDEBUG -O3 -DNDEBUG   -fPIC -fdiagnostics-color=always -std=c++11 -MD -MT test/sql/parallelism/interquery/CMakeFiles/test_sql_interquery_parallelism.dir/ub_test_sql_interquery_parallelism.cpp.o -MF test/sql/parallelism/interquery/CMakeFiles/test_sql_interquery_parallelism.dir/ub_test_sql_interquery_parallelism.cpp.o.d -o test/sql/parallelism/interquery/CMakeFiles/test_sql_interquery_parallelism.dir/ub_test_sql_interquery_parallelism.cpp.o -c /home/pei/Project/duckdb-polr/build/release/test/sql/parallelism/interquery/ub_test_sql_interquery_parallelism.cpp
[289/376] /usr/bin/ccache /usr/lib/ccache/c++ -DDUCKDB_BUILD_LIBRARY -DENABLE_CROSS_PRODUCT_REWRITE=0 -DENABLE_DEBUG_PRINT=0 -DENABLE_MEASURE_EXE_TIME=0 -DENABLE_MERGE_BACK_PLAN=0 -DENABLE_PARALLEL_EXECUTION=0 -DENABLE_QUERY_SPLIT=0 -DENABLE_SPECIFY_EST_STAT=0 -I/home/pei/Project/duckdb-polr/src/include -I/home/pei/Project/duckdb-polr/third_party/fsst -I/home/pei/Project/duckdb-polr/third_party/fmt/include -I/home/pei/Project/duckdb-polr/third_party/hyperloglog -I/home/pei/Project/duckdb-polr/third_party/fastpforlib -I/home/pei/Project/duckdb-polr/third_party/fast_float -I/home/pei/Project/duckdb-polr/third_party/re2 -I/home/pei/Project/duckdb-polr/third_party/miniz -I/home/pei/Project/duckdb-polr/third_party/utf8proc/include -I/home/pei/Project/duckdb-polr/third_party/miniparquet -I/home/pei/Project/duckdb-polr/third_party/concurrentqueue -I/home/pei/Project/duckdb-polr/third_party/pcg -I/home/pei/Project/duckdb-polr/third_party/tdigest -I/home/pei/Project/duckdb-polr/third_party/mbedtls/include -I/home/pei/Project/duckdb-polr/third_party/jaro_winkler -I/home/pei/Project/duckdb-polr/test/../third_party/catch -I/home/pei/Project/duckdb-polr/test/../third_party/tpce-tool/include -I/home/pei/Project/duckdb-polr/test/../third_party/sqlite/include -I/home/pei/Project/duckdb-polr/test/include -O3 -DNDEBUG -O3 -DNDEBUG   -fPIC -fdiagnostics-color=always -std=c++11 -MD -MT test/mbedtls/CMakeFiles/test_mbedtls.dir/ub_test_mbedtls.cpp.o -MF test/mbedtls/CMakeFiles/test_mbedtls.dir/ub_test_mbedtls.cpp.o.d -o test/mbedtls/CMakeFiles/test_mbedtls.dir/ub_test_mbedtls.cpp.o -c /home/pei/Project/duckdb-polr/build/release/test/mbedtls/ub_test_mbedtls.cpp
[290/376] /usr/bin/ccache /usr/lib/ccache/c++ -DDUCKDB_BUILD_LIBRARY -DENABLE_CROSS_PRODUCT_REWRITE=0 -DENABLE_DEBUG_PRINT=0 -DENABLE_MEASURE_EXE_TIME=0 -DENABLE_MERGE_BACK_PLAN=0 -DENABLE_PARALLEL_EXECUTION=0 -DENABLE_QUERY_SPLIT=0 -DENABLE_SPECIFY_EST_STAT=0 -I/home/pei/Project/duckdb-polr/src/include -I/home/pei/Project/duckdb-polr/third_party/fsst -I/home/pei/Project/duckdb-polr/third_party/fmt/include -I/home/pei/Project/duckdb-polr/third_party/hyperloglog -I/home/pei/Project/duckdb-polr/third_party/fastpforlib -I/home/pei/Project/duckdb-polr/third_party/fast_float -I/home/pei/Project/duckdb-polr/third_party/re2 -I/home/pei/Project/duckdb-polr/third_party/miniz -I/home/pei/Project/duckdb-polr/third_party/utf8proc/include -I/home/pei/Project/duckdb-polr/third_party/miniparquet -I/home/pei/Project/duckdb-polr/third_party/concurrentqueue -I/home/pei/Project/duckdb-polr/third_party/pcg -I/home/pei/Project/duckdb-polr/third_party/tdigest -I/home/pei/Project/duckdb-polr/third_party/mbedtls/include -I/home/pei/Project/duckdb-polr/third_party/jaro_winkler -I/home/pei/Project/duckdb-polr/test/../third_party/catch -I/home/pei/Project/duckdb-polr/test/../third_party/tpce-tool/include -I/home/pei/Project/duckdb-polr/test/../third_party/sqlite/include -I/home/pei/Project/duckdb-polr/test/include -O3 -DNDEBUG -O3 -DNDEBUG   -fPIC -fdiagnostics-color=always -std=c++11 -MD -MT test/sql/storage/CMakeFiles/test_sql_storage.dir/ub_test_sql_storage.cpp.o -MF test/sql/storage/CMakeFiles/test_sql_storage.dir/ub_test_sql_storage.cpp.o.d -o test/sql/storage/CMakeFiles/test_sql_storage.dir/ub_test_sql_storage.cpp.o -c /home/pei/Project/duckdb-polr/build/release/test/sql/storage/ub_test_sql_storage.cpp
[291/376] /usr/bin/ccache /usr/lib/ccache/c++ -DBUILD_JEMALLOC_EXTENSION=ON -DBUILD_PARQUET_EXTENSION=TRUE -DDUCKDB_BUILD_DIRECTORY=\"/home/pei/Project/duckdb-polr/build/release\" -DDUCKDB_BUILD_LIBRARY -DDUCKDB_ROOT_DIRECTORY=\"/home/pei/Project/duckdb-polr\" -DENABLE_CROSS_PRODUCT_REWRITE=0 -DENABLE_DEBUG_PRINT=0 -DENABLE_MEASURE_EXE_TIME=0 -DENABLE_MERGE_BACK_PLAN=0 -DENABLE_PARALLEL_EXECUTION=0 -DENABLE_QUERY_SPLIT=0 -DENABLE_SPECIFY_EST_STAT=0 -I/home/pei/Project/duckdb-polr/src/include -I/home/pei/Project/duckdb-polr/third_party/fsst -I/home/pei/Project/duckdb-polr/third_party/fmt/include -I/home/pei/Project/duckdb-polr/third_party/hyperloglog -I/home/pei/Project/duckdb-polr/third_party/fastpforlib -I/home/pei/Project/duckdb-polr/third_party/fast_float -I/home/pei/Project/duckdb-polr/third_party/re2 -I/home/pei/Project/duckdb-polr/third_party/miniz -I/home/pei/Project/duckdb-polr/third_party/utf8proc/include -I/home/pei/Project/duckdb-polr/third_party/miniparquet -I/home/pei/Project/duckdb-polr/third_party/concurrentqueue -I/home/pei/Project/duckdb-polr/third_party/pcg -I/home/pei/Project/duckdb-polr/third_party/tdigest -I/home/pei/Project/duckdb-polr/third_party/mbedtls/include -I/home/pei/Project/duckdb-polr/third_party/jaro_winkler -I/home/pei/Project/duckdb-polr/test/../third_party/catch -I/home/pei/Project/duckdb-polr/test/../third_party/tpce-tool/include -I/home/pei/Project/duckdb-polr/test/../third_party/sqlite/include -I/home/pei/Project/duckdb-polr/test/include -I/home/pei/Project/duckdb-polr/extension -I/home/pei/Project/duckdb-polr/extension/parquet/include -I/home/pei/Project/duckdb-polr/extension/jemalloc/include -O3 -DNDEBUG -O3 -DNDEBUG   -fPIC -fdiagnostics-color=always -std=c++11 -MD -MT test/sqlite/CMakeFiles/test_sqlite.dir/ub_test_sqlite.cpp.o -MF test/sqlite/CMakeFiles/test_sqlite.dir/ub_test_sqlite.cpp.o.d -o test/sqlite/CMakeFiles/test_sqlite.dir/ub_test_sqlite.cpp.o -c /home/pei/Project/duckdb-polr/build/release/test/sqlite/ub_test_sqlite.cpp
[292/376] /usr/bin/ccache /usr/lib/ccache/c++ -DDUCKDB_BUILD_LIBRARY -DENABLE_CROSS_PRODUCT_REWRITE=0 -DENABLE_DEBUG_PRINT=0 -DENABLE_MEASURE_EXE_TIME=0 -DENABLE_MERGE_BACK_PLAN=0 -DENABLE_PARALLEL_EXECUTION=0 -DENABLE_QUERY_SPLIT=0 -DENABLE_SPECIFY_EST_STAT=0 -I/home/pei/Project/duckdb-polr/src/include -I/home/pei/Project/duckdb-polr/third_party/fsst -I/home/pei/Project/duckdb-polr/third_party/fmt/include -I/home/pei/Project/duckdb-polr/third_party/hyperloglog -I/home/pei/Project/duckdb-polr/third_party/fastpforlib -I/home/pei/Project/duckdb-polr/third_party/fast_float -I/home/pei/Project/duckdb-polr/third_party/re2 -I/home/pei/Project/duckdb-polr/third_party/miniz -I/home/pei/Project/duckdb-polr/third_party/utf8proc/include -I/home/pei/Project/duckdb-polr/third_party/miniparquet -I/home/pei/Project/duckdb-polr/third_party/concurrentqueue -I/home/pei/Project/duckdb-polr/third_party/pcg -I/home/pei/Project/duckdb-polr/third_party/tdigest -I/home/pei/Project/duckdb-polr/third_party/mbedtls/include -I/home/pei/Project/duckdb-polr/third_party/jaro_winkler -I/home/pei/Project/duckdb-polr/test/../third_party/catch -I/home/pei/Project/duckdb-polr/test/../third_party/tpce-tool/include -I/home/pei/Project/duckdb-polr/test/../third_party/sqlite/include -I/home/pei/Project/duckdb-polr/test/include -O3 -DNDEBUG -O3 -DNDEBUG   -fPIC -fdiagnostics-color=always -std=c++11 -MD -MT test/ossfuzz/CMakeFiles/test_ossfuzz.dir/ub_test_ossfuzz.cpp.o -MF test/ossfuzz/CMakeFiles/test_ossfuzz.dir/ub_test_ossfuzz.cpp.o.d -o test/ossfuzz/CMakeFiles/test_ossfuzz.dir/ub_test_ossfuzz.cpp.o -c /home/pei/Project/duckdb-polr/build/release/test/ossfuzz/ub_test_ossfuzz.cpp
[293/376] /usr/bin/ccache /usr/lib/ccache/c++ -DDUCKDB_BUILD_LIBRARY -DENABLE_CROSS_PRODUCT_REWRITE=0 -DENABLE_DEBUG_PRINT=0 -DENABLE_MEASURE_EXE_TIME=0 -DENABLE_MERGE_BACK_PLAN=0 -DENABLE_PARALLEL_EXECUTION=0 -DENABLE_QUERY_SPLIT=0 -DENABLE_SPECIFY_EST_STAT=0 -I/home/pei/Project/duckdb-polr/src/include -I/home/pei/Project/duckdb-polr/third_party/fsst -I/home/pei/Project/duckdb-polr/third_party/fmt/include -I/home/pei/Project/duckdb-polr/third_party/hyperloglog -I/home/pei/Project/duckdb-polr/third_party/fastpforlib -I/home/pei/Project/duckdb-polr/third_party/fast_float -I/home/pei/Project/duckdb-polr/third_party/re2 -I/home/pei/Project/duckdb-polr/third_party/miniz -I/home/pei/Project/duckdb-polr/third_party/utf8proc/include -I/home/pei/Project/duckdb-polr/third_party/miniparquet -I/home/pei/Project/duckdb-polr/third_party/concurrentqueue -I/home/pei/Project/duckdb-polr/third_party/pcg -I/home/pei/Project/duckdb-polr/third_party/tdigest -I/home/pei/Project/duckdb-polr/third_party/mbedtls/include -I/home/pei/Project/duckdb-polr/third_party/jaro_winkler -O3 -DNDEBUG -O3 -DNDEBUG   -fPIC -fdiagnostics-color=always -w -std=c++11 -MD -MT third_party/fmt/CMakeFiles/duckdb_fmt.dir/format.cc.o -MF third_party/fmt/CMakeFiles/duckdb_fmt.dir/format.cc.o.d -o third_party/fmt/CMakeFiles/duckdb_fmt.dir/format.cc.o -c /home/pei/Project/duckdb-polr/third_party/fmt/format.cc
[294/376] /usr/bin/ccache /usr/lib/ccache/c++ -DDUCKDB_BUILD_LIBRARY -DENABLE_CROSS_PRODUCT_REWRITE=0 -DENABLE_DEBUG_PRINT=0 -DENABLE_MEASURE_EXE_TIME=0 -DENABLE_MERGE_BACK_PLAN=0 -DENABLE_PARALLEL_EXECUTION=0 -DENABLE_QUERY_SPLIT=0 -DENABLE_SPECIFY_EST_STAT=0 -I/home/pei/Project/duckdb-polr/src/include -I/home/pei/Project/duckdb-polr/third_party/fsst -I/home/pei/Project/duckdb-polr/third_party/fmt/include -I/home/pei/Project/duckdb-polr/third_party/hyperloglog -I/home/pei/Project/duckdb-polr/third_party/fastpforlib -I/home/pei/Project/duckdb-polr/third_party/fast_float -I/home/pei/Project/duckdb-polr/third_party/re2 -I/home/pei/Project/duckdb-polr/third_party/miniz -I/home/pei/Project/duckdb-polr/third_party/utf8proc/include -I/home/pei/Project/duckdb-polr/third_party/miniparquet -I/home/pei/Project/duckdb-polr/third_party/concurrentqueue -I/home/pei/Project/duckdb-polr/third_party/pcg -I/home/pei/Project/duckdb-polr/third_party/tdigest -I/home/pei/Project/duckdb-polr/third_party/mbedtls/include -I/home/pei/Project/duckdb-polr/third_party/jaro_winkler -I/home/pei/Project/duckdb-polr/third_party/libpg_query/include -O3 -DNDEBUG -O3 -DNDEBUG   -fPIC -fvisibility=hidden -fdiagnostics-color=always -w -std=c++11 -MD -MT third_party/libpg_query/CMakeFiles/duckdb_pg_query.dir/postgres_parser.cpp.o -MF third_party/libpg_query/CMakeFiles/duckdb_pg_query.dir/postgres_parser.cpp.o.d -o third_party/libpg_query/CMakeFiles/duckdb_pg_query.dir/postgres_parser.cpp.o -c /home/pei/Project/duckdb-polr/third_party/libpg_query/postgres_parser.cpp
[295/376] /usr/bin/ccache /usr/lib/ccache/c++ -DDUCKDB_BUILD_LIBRARY -DENABLE_CROSS_PRODUCT_REWRITE=0 -DENABLE_DEBUG_PRINT=0 -DENABLE_MEASURE_EXE_TIME=0 -DENABLE_MERGE_BACK_PLAN=0 -DENABLE_PARALLEL_EXECUTION=0 -DENABLE_QUERY_SPLIT=0 -DENABLE_SPECIFY_EST_STAT=0 -I/home/pei/Project/duckdb-polr/src/include -I/home/pei/Project/duckdb-polr/third_party/fsst -I/home/pei/Project/duckdb-polr/third_party/fmt/include -I/home/pei/Project/duckdb-polr/third_party/hyperloglog -I/home/pei/Project/duckdb-polr/third_party/fastpforlib -I/home/pei/Project/duckdb-polr/third_party/fast_float -I/home/pei/Project/duckdb-polr/third_party/re2 -I/home/pei/Project/duckdb-polr/third_party/miniz -I/home/pei/Project/duckdb-polr/third_party/utf8proc/include -I/home/pei/Project/duckdb-polr/third_party/miniparquet -I/home/pei/Project/duckdb-polr/third_party/concurrentqueue -I/home/pei/Project/duckdb-polr/third_party/pcg -I/home/pei/Project/duckdb-polr/third_party/tdigest -I/home/pei/Project/duckdb-polr/third_party/mbedtls/include -I/home/pei/Project/duckdb-polr/third_party/jaro_winkler -I/home/pei/Project/duckdb-polr/test/../third_party/catch -I/home/pei/Project/duckdb-polr/test/../third_party/tpce-tool/include -I/home/pei/Project/duckdb-polr/test/../third_party/sqlite/include -I/home/pei/Project/duckdb-polr/test/include -O3 -DNDEBUG -O3 -DNDEBUG   -fPIC -fdiagnostics-color=always -std=c++11 -MD -MT test/persistence/CMakeFiles/test_persistence.dir/ub_test_persistence.cpp.o -MF test/persistence/CMakeFiles/test_persistence.dir/ub_test_persistence.cpp.o.d -o test/persistence/CMakeFiles/test_persistence.dir/ub_test_persistence.cpp.o -c /home/pei/Project/duckdb-polr/build/release/test/persistence/ub_test_persistence.cpp
[296/376] /usr/bin/ccache /usr/lib/ccache/c++ -DDUCKDB_BUILD_LIBRARY -DENABLE_CROSS_PRODUCT_REWRITE=0 -DENABLE_DEBUG_PRINT=0 -DENABLE_MEASURE_EXE_TIME=0 -DENABLE_MERGE_BACK_PLAN=0 -DENABLE_PARALLEL_EXECUTION=0 -DENABLE_QUERY_SPLIT=0 -DENABLE_SPECIFY_EST_STAT=0 -I/home/pei/Project/duckdb-polr/src/include -I/home/pei/Project/duckdb-polr/third_party/fsst -I/home/pei/Project/duckdb-polr/third_party/fmt/include -I/home/pei/Project/duckdb-polr/third_party/hyperloglog -I/home/pei/Project/duckdb-polr/third_party/fastpforlib -I/home/pei/Project/duckdb-polr/third_party/fast_float -I/home/pei/Project/duckdb-polr/third_party/re2 -I/home/pei/Project/duckdb-polr/third_party/miniz -I/home/pei/Project/duckdb-polr/third_party/utf8proc/include -I/home/pei/Project/duckdb-polr/third_party/miniparquet -I/home/pei/Project/duckdb-polr/third_party/concurrentqueue -I/home/pei/Project/duckdb-polr/third_party/pcg -I/home/pei/Project/duckdb-polr/third_party/tdigest -I/home/pei/Project/duckdb-polr/third_party/mbedtls/include -I/home/pei/Project/duckdb-polr/third_party/jaro_winkler -I/home/pei/Project/duckdb-polr/third_party/libpg_query/include -O3 -DNDEBUG -O3 -DNDEBUG   -fPIC -fvisibility=hidden -fdiagnostics-color=always -w -std=c++11 -MD -MT third_party/libpg_query/CMakeFiles/duckdb_pg_query.dir/pg_functions.cpp.o -MF third_party/libpg_query/CMakeFiles/duckdb_pg_query.dir/pg_functions.cpp.o.d -o third_party/libpg_query/CMakeFiles/duckdb_pg_query.dir/pg_functions.cpp.o -c /home/pei/Project/duckdb-polr/third_party/libpg_query/pg_functions.cpp
[297/376] /usr/bin/ccache /usr/lib/ccache/c++ -DDUCKDB_BUILD_LIBRARY -DENABLE_CROSS_PRODUCT_REWRITE=0 -DENABLE_DEBUG_PRINT=0 -DENABLE_MEASURE_EXE_TIME=0 -DENABLE_MERGE_BACK_PLAN=0 -DENABLE_PARALLEL_EXECUTION=0 -DENABLE_QUERY_SPLIT=0 -DENABLE_SPECIFY_EST_STAT=0 -I/home/pei/Project/duckdb-polr/src/include -I/home/pei/Project/duckdb-polr/third_party/fsst -I/home/pei/Project/duckdb-polr/third_party/fmt/include -I/home/pei/Project/duckdb-polr/third_party/hyperloglog -I/home/pei/Project/duckdb-polr/third_party/fastpforlib -I/home/pei/Project/duckdb-polr/third_party/fast_float -I/home/pei/Project/duckdb-polr/third_party/re2 -I/home/pei/Project/duckdb-polr/third_party/miniz -I/home/pei/Project/duckdb-polr/third_party/utf8proc/include -I/home/pei/Project/duckdb-polr/third_party/miniparquet -I/home/pei/Project/duckdb-polr/third_party/concurrentqueue -I/home/pei/Project/duckdb-polr/third_party/pcg -I/home/pei/Project/duckdb-polr/third_party/tdigest -I/home/pei/Project/duckdb-polr/third_party/mbedtls/include -I/home/pei/Project/duckdb-polr/third_party/jaro_winkler -I/home/pei/Project/duckdb-polr/third_party/libpg_query/include -O3 -DNDEBUG -O3 -DNDEBUG   -fPIC -fvisibility=hidden -fdiagnostics-color=always -w -std=c++11 -MD -MT third_party/libpg_query/CMakeFiles/duckdb_pg_query.dir/src_backend_nodes_list.cpp.o -MF third_party/libpg_query/CMakeFiles/duckdb_pg_query.dir/src_backend_nodes_list.cpp.o.d -o third_party/libpg_query/CMakeFiles/duckdb_pg_query.dir/src_backend_nodes_list.cpp.o -c /home/pei/Project/duckdb-polr/third_party/libpg_query/src_backend_nodes_list.cpp
[298/376] /usr/bin/ccache /usr/lib/ccache/c++ -DDUCKDB_BUILD_LIBRARY -DENABLE_CROSS_PRODUCT_REWRITE=0 -DENABLE_DEBUG_PRINT=0 -DENABLE_MEASURE_EXE_TIME=0 -DENABLE_MERGE_BACK_PLAN=0 -DENABLE_PARALLEL_EXECUTION=0 -DENABLE_QUERY_SPLIT=0 -DENABLE_SPECIFY_EST_STAT=0 -I/home/pei/Project/duckdb-polr/src/include -I/home/pei/Project/duckdb-polr/third_party/fsst -I/home/pei/Project/duckdb-polr/third_party/fmt/include -I/home/pei/Project/duckdb-polr/third_party/hyperloglog -I/home/pei/Project/duckdb-polr/third_party/fastpforlib -I/home/pei/Project/duckdb-polr/third_party/fast_float -I/home/pei/Project/duckdb-polr/third_party/re2 -I/home/pei/Project/duckdb-polr/third_party/miniz -I/home/pei/Project/duckdb-polr/third_party/utf8proc/include -I/home/pei/Project/duckdb-polr/third_party/miniparquet -I/home/pei/Project/duckdb-polr/third_party/concurrentqueue -I/home/pei/Project/duckdb-polr/third_party/pcg -I/home/pei/Project/duckdb-polr/third_party/tdigest -I/home/pei/Project/duckdb-polr/third_party/mbedtls/include -I/home/pei/Project/duckdb-polr/third_party/jaro_winkler -I/home/pei/Project/duckdb-polr/third_party/libpg_query/include -O3 -DNDEBUG -O3 -DNDEBUG   -fPIC -fvisibility=hidden -fdiagnostics-color=always -w -std=c++11 -MD -MT third_party/libpg_query/CMakeFiles/duckdb_pg_query.dir/src_backend_parser_scansup.cpp.o -MF third_party/libpg_query/CMakeFiles/duckdb_pg_query.dir/src_backend_parser_scansup.cpp.o.d -o third_party/libpg_query/CMakeFiles/duckdb_pg_query.dir/src_backend_parser_scansup.cpp.o -c /home/pei/Project/duckdb-polr/third_party/libpg_query/src_backend_parser_scansup.cpp
[299/376] /usr/bin/ccache /usr/lib/ccache/c++ -DDUCKDB_BUILD_LIBRARY -DENABLE_CROSS_PRODUCT_REWRITE=0 -DENABLE_DEBUG_PRINT=0 -DENABLE_MEASURE_EXE_TIME=0 -DENABLE_MERGE_BACK_PLAN=0 -DENABLE_PARALLEL_EXECUTION=0 -DENABLE_QUERY_SPLIT=0 -DENABLE_SPECIFY_EST_STAT=0 -I/home/pei/Project/duckdb-polr/src/include -I/home/pei/Project/duckdb-polr/third_party/fsst -I/home/pei/Project/duckdb-polr/third_party/fmt/include -I/home/pei/Project/duckdb-polr/third_party/hyperloglog -I/home/pei/Project/duckdb-polr/third_party/fastpforlib -I/home/pei/Project/duckdb-polr/third_party/fast_float -I/home/pei/Project/duckdb-polr/third_party/re2 -I/home/pei/Project/duckdb-polr/third_party/miniz -I/home/pei/Project/duckdb-polr/third_party/utf8proc/include -I/home/pei/Project/duckdb-polr/third_party/miniparquet -I/home/pei/Project/duckdb-polr/third_party/concurrentqueue -I/home/pei/Project/duckdb-polr/third_party/pcg -I/home/pei/Project/duckdb-polr/third_party/tdigest -I/home/pei/Project/duckdb-polr/third_party/mbedtls/include -I/home/pei/Project/duckdb-polr/third_party/jaro_winkler -I/home/pei/Project/duckdb-polr/third_party/libpg_query/include -O3 -DNDEBUG -O3 -DNDEBUG   -fPIC -fvisibility=hidden -fdiagnostics-color=always -w -std=c++11 -MD -MT third_party/libpg_query/CMakeFiles/duckdb_pg_query.dir/src_backend_nodes_makefuncs.cpp.o -MF third_party/libpg_query/CMakeFiles/duckdb_pg_query.dir/src_backend_nodes_makefuncs.cpp.o.d -o third_party/libpg_query/CMakeFiles/duckdb_pg_query.dir/src_backend_nodes_makefuncs.cpp.o -c /home/pei/Project/duckdb-polr/third_party/libpg_query/src_backend_nodes_makefuncs.cpp
[300/376] /usr/bin/ccache /usr/lib/ccache/c++ -DDUCKDB_BUILD_LIBRARY -DENABLE_CROSS_PRODUCT_REWRITE=0 -DENABLE_DEBUG_PRINT=0 -DENABLE_MEASURE_EXE_TIME=0 -DENABLE_MERGE_BACK_PLAN=0 -DENABLE_PARALLEL_EXECUTION=0 -DENABLE_QUERY_SPLIT=0 -DENABLE_SPECIFY_EST_STAT=0 -I/home/pei/Project/duckdb-polr/src/include -I/home/pei/Project/duckdb-polr/third_party/fsst -I/home/pei/Project/duckdb-polr/third_party/fmt/include -I/home/pei/Project/duckdb-polr/third_party/hyperloglog -I/home/pei/Project/duckdb-polr/third_party/fastpforlib -I/home/pei/Project/duckdb-polr/third_party/fast_float -I/home/pei/Project/duckdb-polr/third_party/re2 -I/home/pei/Project/duckdb-polr/third_party/miniz -I/home/pei/Project/duckdb-polr/third_party/utf8proc/include -I/home/pei/Project/duckdb-polr/third_party/miniparquet -I/home/pei/Project/duckdb-polr/third_party/concurrentqueue -I/home/pei/Project/duckdb-polr/third_party/pcg -I/home/pei/Project/duckdb-polr/third_party/tdigest -I/home/pei/Project/duckdb-polr/third_party/mbedtls/include -I/home/pei/Project/duckdb-polr/third_party/jaro_winkler -I/home/pei/Project/duckdb-polr/third_party/libpg_query/include -O3 -DNDEBUG -O3 -DNDEBUG   -fPIC -fvisibility=hidden -fdiagnostics-color=always -w -std=c++11 -MD -MT third_party/libpg_query/CMakeFiles/duckdb_pg_query.dir/src_backend_nodes_value.cpp.o -MF third_party/libpg_query/CMakeFiles/duckdb_pg_query.dir/src_backend_nodes_value.cpp.o.d -o third_party/libpg_query/CMakeFiles/duckdb_pg_query.dir/src_backend_nodes_value.cpp.o -c /home/pei/Project/duckdb-polr/third_party/libpg_query/src_backend_nodes_value.cpp
[301/376] : && /usr/bin/cmake -E rm -f extension/jemalloc/libjemalloc_extension.a && /usr/bin/ar qc extension/jemalloc/libjemalloc_extension.a  extension/jemalloc/jemalloc/CMakeFiles/jemalloc.dir/src/arena.cpp.o extension/jemalloc/jemalloc/CMakeFiles/jemalloc.dir/src/background_thread.cpp.o extension/jemalloc/jemalloc/CMakeFiles/jemalloc.dir/src/base.cpp.o extension/jemalloc/jemalloc/CMakeFiles/jemalloc.dir/src/bin.cpp.o extension/jemalloc/jemalloc/CMakeFiles/jemalloc.dir/src/bin_info.cpp.o extension/jemalloc/jemalloc/CMakeFiles/jemalloc.dir/src/bitmap.cpp.o extension/jemalloc/jemalloc/CMakeFiles/jemalloc.dir/src/buf_writer.cpp.o extension/jemalloc/jemalloc/CMakeFiles/jemalloc.dir/src/cache_bin.cpp.o extension/jemalloc/jemalloc/CMakeFiles/jemalloc.dir/src/ckh.cpp.o extension/jemalloc/jemalloc/CMakeFiles/jemalloc.dir/src/counter.cpp.o extension/jemalloc/jemalloc/CMakeFiles/jemalloc.dir/src/ctl.cpp.o extension/jemalloc/jemalloc/CMakeFiles/jemalloc.dir/src/decay.cpp.o extension/jemalloc/jemalloc/CMakeFiles/jemalloc.dir/src/div.cpp.o extension/jemalloc/jemalloc/CMakeFiles/jemalloc.dir/src/ecache.cpp.o extension/jemalloc/jemalloc/CMakeFiles/jemalloc.dir/src/edata.cpp.o extension/jemalloc/jemalloc/CMakeFiles/jemalloc.dir/src/edata_cache.cpp.o extension/jemalloc/jemalloc/CMakeFiles/jemalloc.dir/src/ehooks.cpp.o extension/jemalloc/jemalloc/CMakeFiles/jemalloc.dir/src/emap.cpp.o extension/jemalloc/jemalloc/CMakeFiles/jemalloc.dir/src/eset.cpp.o extension/jemalloc/jemalloc/CMakeFiles/jemalloc.dir/src/exp_grow.cpp.o extension/jemalloc/jemalloc/CMakeFiles/jemalloc.dir/src/extent.cpp.o extension/jemalloc/jemalloc/CMakeFiles/jemalloc.dir/src/extent_dss.cpp.o extension/jemalloc/jemalloc/CMakeFiles/jemalloc.dir/src/extent_mmap.cpp.o extension/jemalloc/jemalloc/CMakeFiles/jemalloc.dir/src/fxp.cpp.o extension/jemalloc/jemalloc/CMakeFiles/jemalloc.dir/src/hook.cpp.o extension/jemalloc/jemalloc/CMakeFiles/jemalloc.dir/src/hpa.cpp.o extension/jemalloc/jemalloc/CMakeFiles/jemalloc.dir/src/hpa_hooks.cpp.o extension/jemalloc/jemalloc/CMakeFiles/jemalloc.dir/src/hpdata.cpp.o extension/jemalloc/jemalloc/CMakeFiles/jemalloc.dir/src/inspect.cpp.o extension/jemalloc/jemalloc/CMakeFiles/jemalloc.dir/src/jemalloc.cpp.o extension/jemalloc/jemalloc/CMakeFiles/jemalloc.dir/src/large.cpp.o extension/jemalloc/jemalloc/CMakeFiles/jemalloc.dir/src/log.cpp.o extension/jemalloc/jemalloc/CMakeFiles/jemalloc.dir/src/malloc_io.cpp.o extension/jemalloc/jemalloc/CMakeFiles/jemalloc.dir/src/mutex.cpp.o extension/jemalloc/jemalloc/CMakeFiles/jemalloc.dir/src/nstime.cpp.o extension/jemalloc/jemalloc/CMakeFiles/jemalloc.dir/src/pa.cpp.o extension/jemalloc/jemalloc/CMakeFiles/jemalloc.dir/src/pa_extra.cpp.o extension/jemalloc/jemalloc/CMakeFiles/jemalloc.dir/src/pac.cpp.o extension/jemalloc/jemalloc/CMakeFiles/jemalloc.dir/src/pages.cpp.o extension/jemalloc/jemalloc/CMakeFiles/jemalloc.dir/src/pai.cpp.o extension/jemalloc/jemalloc/CMakeFiles/jemalloc.dir/src/peak_event.cpp.o extension/jemalloc/jemalloc/CMakeFiles/jemalloc.dir/src/prof.cpp.o extension/jemalloc/jemalloc/CMakeFiles/jemalloc.dir/src/prof_data.cpp.o extension/jemalloc/jemalloc/CMakeFiles/jemalloc.dir/src/prof_log.cpp.o extension/jemalloc/jemalloc/CMakeFiles/jemalloc.dir/src/prof_recent.cpp.o extension/jemalloc/jemalloc/CMakeFiles/jemalloc.dir/src/prof_stats.cpp.o extension/jemalloc/jemalloc/CMakeFiles/jemalloc.dir/src/prof_sys.cpp.o extension/jemalloc/jemalloc/CMakeFiles/jemalloc.dir/src/psset.cpp.o extension/jemalloc/jemalloc/CMakeFiles/jemalloc.dir/src/rtree.cpp.o extension/jemalloc/jemalloc/CMakeFiles/jemalloc.dir/src/safety_check.cpp.o extension/jemalloc/jemalloc/CMakeFiles/jemalloc.dir/src/san.cpp.o extension/jemalloc/jemalloc/CMakeFiles/jemalloc.dir/src/san_bump.cpp.o extension/jemalloc/jemalloc/CMakeFiles/jemalloc.dir/src/sc.cpp.o extension/jemalloc/jemalloc/CMakeFiles/jemalloc.dir/src/sec.cpp.o extension/jemalloc/jemalloc/CMakeFiles/jemalloc.dir/src/stats.cpp.o extension/jemalloc/jemalloc/CMakeFiles/jemalloc.dir/src/sz.cpp.o extension/jemalloc/jemalloc/CMakeFiles/jemalloc.dir/src/tcache.cpp.o extension/jemalloc/jemalloc/CMakeFiles/jemalloc.dir/src/test_hooks.cpp.o extension/jemalloc/jemalloc/CMakeFiles/jemalloc.dir/src/thread_event.cpp.o extension/jemalloc/jemalloc/CMakeFiles/jemalloc.dir/src/ticker.cpp.o extension/jemalloc/jemalloc/CMakeFiles/jemalloc.dir/src/tsd.cpp.o extension/jemalloc/jemalloc/CMakeFiles/jemalloc.dir/src/witness.cpp.o extension/jemalloc/CMakeFiles/jemalloc_extension.dir/jemalloc-extension.cpp.o && /usr/bin/ranlib extension/jemalloc/libjemalloc_extension.a && :
[302/376] : && /usr/bin/cmake -E rm -f third_party/fmt/libduckdb_fmt.a && /usr/bin/ar qc third_party/fmt/libduckdb_fmt.a  third_party/fmt/CMakeFiles/duckdb_fmt.dir/format.cc.o && /usr/bin/ranlib third_party/fmt/libduckdb_fmt.a && :
[303/376] /usr/bin/ccache /usr/lib/ccache/c++ -DDUCKDB_BUILD_LIBRARY -DENABLE_CROSS_PRODUCT_REWRITE=0 -DENABLE_DEBUG_PRINT=0 -DENABLE_MEASURE_EXE_TIME=0 -DENABLE_MERGE_BACK_PLAN=0 -DENABLE_PARALLEL_EXECUTION=0 -DENABLE_QUERY_SPLIT=0 -DENABLE_SPECIFY_EST_STAT=0 -I/home/pei/Project/duckdb-polr/src/include -I/home/pei/Project/duckdb-polr/third_party/fsst -I/home/pei/Project/duckdb-polr/third_party/fmt/include -I/home/pei/Project/duckdb-polr/third_party/hyperloglog -I/home/pei/Project/duckdb-polr/third_party/fastpforlib -I/home/pei/Project/duckdb-polr/third_party/fast_float -I/home/pei/Project/duckdb-polr/third_party/re2 -I/home/pei/Project/duckdb-polr/third_party/miniz -I/home/pei/Project/duckdb-polr/third_party/utf8proc/include -I/home/pei/Project/duckdb-polr/third_party/miniparquet -I/home/pei/Project/duckdb-polr/third_party/concurrentqueue -I/home/pei/Project/duckdb-polr/third_party/pcg -I/home/pei/Project/duckdb-polr/third_party/tdigest -I/home/pei/Project/duckdb-polr/third_party/mbedtls/include -I/home/pei/Project/duckdb-polr/third_party/jaro_winkler -O3 -DNDEBUG -O3 -DNDEBUG   -fPIC -fvisibility=hidden -fdiagnostics-color=always -std=c++11 -w -std=c++11 -MD -MT third_party/re2/CMakeFiles/duckdb_re2.dir/re2/compile.cc.o -MF third_party/re2/CMakeFiles/duckdb_re2.dir/re2/compile.cc.o.d -o third_party/re2/CMakeFiles/duckdb_re2.dir/re2/compile.cc.o -c /home/pei/Project/duckdb-polr/third_party/re2/re2/compile.cc
[304/376] /usr/bin/ccache /usr/lib/ccache/c++ -DDUCKDB_BUILD_LIBRARY -DENABLE_CROSS_PRODUCT_REWRITE=0 -DENABLE_DEBUG_PRINT=0 -DENABLE_MEASURE_EXE_TIME=0 -DENABLE_MERGE_BACK_PLAN=0 -DENABLE_PARALLEL_EXECUTION=0 -DENABLE_QUERY_SPLIT=0 -DENABLE_SPECIFY_EST_STAT=0 -I/home/pei/Project/duckdb-polr/src/include -I/home/pei/Project/duckdb-polr/third_party/fsst -I/home/pei/Project/duckdb-polr/third_party/fmt/include -I/home/pei/Project/duckdb-polr/third_party/hyperloglog -I/home/pei/Project/duckdb-polr/third_party/fastpforlib -I/home/pei/Project/duckdb-polr/third_party/fast_float -I/home/pei/Project/duckdb-polr/third_party/re2 -I/home/pei/Project/duckdb-polr/third_party/miniz -I/home/pei/Project/duckdb-polr/third_party/utf8proc/include -I/home/pei/Project/duckdb-polr/third_party/miniparquet -I/home/pei/Project/duckdb-polr/third_party/concurrentqueue -I/home/pei/Project/duckdb-polr/third_party/pcg -I/home/pei/Project/duckdb-polr/third_party/tdigest -I/home/pei/Project/duckdb-polr/third_party/mbedtls/include -I/home/pei/Project/duckdb-polr/third_party/jaro_winkler -O3 -DNDEBUG -O3 -DNDEBUG   -fPIC -fvisibility=hidden -fdiagnostics-color=always -std=c++11 -w -std=c++11 -MD -MT third_party/re2/CMakeFiles/duckdb_re2.dir/re2/bitstate.cc.o -MF third_party/re2/CMakeFiles/duckdb_re2.dir/re2/bitstate.cc.o.d -o third_party/re2/CMakeFiles/duckdb_re2.dir/re2/bitstate.cc.o -c /home/pei/Project/duckdb-polr/third_party/re2/re2/bitstate.cc
[305/376] /usr/bin/ccache /usr/lib/ccache/c++ -DDUCKDB_BUILD_LIBRARY -DENABLE_CROSS_PRODUCT_REWRITE=0 -DENABLE_DEBUG_PRINT=0 -DENABLE_MEASURE_EXE_TIME=0 -DENABLE_MERGE_BACK_PLAN=0 -DENABLE_PARALLEL_EXECUTION=0 -DENABLE_QUERY_SPLIT=0 -DENABLE_SPECIFY_EST_STAT=0 -I/home/pei/Project/duckdb-polr/src/include -I/home/pei/Project/duckdb-polr/third_party/fsst -I/home/pei/Project/duckdb-polr/third_party/fmt/include -I/home/pei/Project/duckdb-polr/third_party/hyperloglog -I/home/pei/Project/duckdb-polr/third_party/fastpforlib -I/home/pei/Project/duckdb-polr/third_party/fast_float -I/home/pei/Project/duckdb-polr/third_party/re2 -I/home/pei/Project/duckdb-polr/third_party/miniz -I/home/pei/Project/duckdb-polr/third_party/utf8proc/include -I/home/pei/Project/duckdb-polr/third_party/miniparquet -I/home/pei/Project/duckdb-polr/third_party/concurrentqueue -I/home/pei/Project/duckdb-polr/third_party/pcg -I/home/pei/Project/duckdb-polr/third_party/tdigest -I/home/pei/Project/duckdb-polr/third_party/mbedtls/include -I/home/pei/Project/duckdb-polr/third_party/jaro_winkler -O3 -DNDEBUG -O3 -DNDEBUG   -fPIC -fvisibility=hidden -fdiagnostics-color=always -std=c++11 -w -std=c++11 -MD -MT third_party/re2/CMakeFiles/duckdb_re2.dir/re2/filtered_re2.cc.o -MF third_party/re2/CMakeFiles/duckdb_re2.dir/re2/filtered_re2.cc.o.d -o third_party/re2/CMakeFiles/duckdb_re2.dir/re2/filtered_re2.cc.o -c /home/pei/Project/duckdb-polr/third_party/re2/re2/filtered_re2.cc
[306/376] /usr/bin/ccache /usr/lib/ccache/c++ -DDUCKDB_BUILD_LIBRARY -DENABLE_CROSS_PRODUCT_REWRITE=0 -DENABLE_DEBUG_PRINT=0 -DENABLE_MEASURE_EXE_TIME=0 -DENABLE_MERGE_BACK_PLAN=0 -DENABLE_PARALLEL_EXECUTION=0 -DENABLE_QUERY_SPLIT=0 -DENABLE_SPECIFY_EST_STAT=0 -I/home/pei/Project/duckdb-polr/src/include -I/home/pei/Project/duckdb-polr/third_party/fsst -I/home/pei/Project/duckdb-polr/third_party/fmt/include -I/home/pei/Project/duckdb-polr/third_party/hyperloglog -I/home/pei/Project/duckdb-polr/third_party/fastpforlib -I/home/pei/Project/duckdb-polr/third_party/fast_float -I/home/pei/Project/duckdb-polr/third_party/re2 -I/home/pei/Project/duckdb-polr/third_party/miniz -I/home/pei/Project/duckdb-polr/third_party/utf8proc/include -I/home/pei/Project/duckdb-polr/third_party/miniparquet -I/home/pei/Project/duckdb-polr/third_party/concurrentqueue -I/home/pei/Project/duckdb-polr/third_party/pcg -I/home/pei/Project/duckdb-polr/third_party/tdigest -I/home/pei/Project/duckdb-polr/third_party/mbedtls/include -I/home/pei/Project/duckdb-polr/third_party/jaro_winkler -O3 -DNDEBUG -O3 -DNDEBUG   -fPIC -fvisibility=hidden -fdiagnostics-color=always -std=c++11 -w -std=c++11 -MD -MT third_party/re2/CMakeFiles/duckdb_re2.dir/re2/dfa.cc.o -MF third_party/re2/CMakeFiles/duckdb_re2.dir/re2/dfa.cc.o.d -o third_party/re2/CMakeFiles/duckdb_re2.dir/re2/dfa.cc.o -c /home/pei/Project/duckdb-polr/third_party/re2/re2/dfa.cc
[307/376] /usr/bin/ccache /usr/lib/ccache/c++ -DDUCKDB_BUILD_LIBRARY -DENABLE_CROSS_PRODUCT_REWRITE=0 -DENABLE_DEBUG_PRINT=0 -DENABLE_MEASURE_EXE_TIME=0 -DENABLE_MERGE_BACK_PLAN=0 -DENABLE_PARALLEL_EXECUTION=0 -DENABLE_QUERY_SPLIT=0 -DENABLE_SPECIFY_EST_STAT=0 -I/home/pei/Project/duckdb-polr/src/include -I/home/pei/Project/duckdb-polr/third_party/fsst -I/home/pei/Project/duckdb-polr/third_party/fmt/include -I/home/pei/Project/duckdb-polr/third_party/hyperloglog -I/home/pei/Project/duckdb-polr/third_party/fastpforlib -I/home/pei/Project/duckdb-polr/third_party/fast_float -I/home/pei/Project/duckdb-polr/third_party/re2 -I/home/pei/Project/duckdb-polr/third_party/miniz -I/home/pei/Project/duckdb-polr/third_party/utf8proc/include -I/home/pei/Project/duckdb-polr/third_party/miniparquet -I/home/pei/Project/duckdb-polr/third_party/concurrentqueue -I/home/pei/Project/duckdb-polr/third_party/pcg -I/home/pei/Project/duckdb-polr/third_party/tdigest -I/home/pei/Project/duckdb-polr/third_party/mbedtls/include -I/home/pei/Project/duckdb-polr/third_party/jaro_winkler -O3 -DNDEBUG -O3 -DNDEBUG   -fPIC -fvisibility=hidden -fdiagnostics-color=always -std=c++11 -w -std=c++11 -MD -MT third_party/re2/CMakeFiles/duckdb_re2.dir/re2/mimics_pcre.cc.o -MF third_party/re2/CMakeFiles/duckdb_re2.dir/re2/mimics_pcre.cc.o.d -o third_party/re2/CMakeFiles/duckdb_re2.dir/re2/mimics_pcre.cc.o -c /home/pei/Project/duckdb-polr/third_party/re2/re2/mimics_pcre.cc
[308/376] /usr/bin/ccache /usr/lib/ccache/c++ -DDUCKDB_BUILD_LIBRARY -DENABLE_CROSS_PRODUCT_REWRITE=0 -DENABLE_DEBUG_PRINT=0 -DENABLE_MEASURE_EXE_TIME=0 -DENABLE_MERGE_BACK_PLAN=0 -DENABLE_PARALLEL_EXECUTION=0 -DENABLE_QUERY_SPLIT=0 -DENABLE_SPECIFY_EST_STAT=0 -I/home/pei/Project/duckdb-polr/src/include -I/home/pei/Project/duckdb-polr/third_party/fsst -I/home/pei/Project/duckdb-polr/third_party/fmt/include -I/home/pei/Project/duckdb-polr/third_party/hyperloglog -I/home/pei/Project/duckdb-polr/third_party/fastpforlib -I/home/pei/Project/duckdb-polr/third_party/fast_float -I/home/pei/Project/duckdb-polr/third_party/re2 -I/home/pei/Project/duckdb-polr/third_party/miniz -I/home/pei/Project/duckdb-polr/third_party/utf8proc/include -I/home/pei/Project/duckdb-polr/third_party/miniparquet -I/home/pei/Project/duckdb-polr/third_party/concurrentqueue -I/home/pei/Project/duckdb-polr/third_party/pcg -I/home/pei/Project/duckdb-polr/third_party/tdigest -I/home/pei/Project/duckdb-polr/third_party/mbedtls/include -I/home/pei/Project/duckdb-polr/third_party/jaro_winkler -O3 -DNDEBUG -O3 -DNDEBUG   -fPIC -fvisibility=hidden -fdiagnostics-color=always -std=c++11 -w -std=c++11 -MD -MT third_party/re2/CMakeFiles/duckdb_re2.dir/re2/nfa.cc.o -MF third_party/re2/CMakeFiles/duckdb_re2.dir/re2/nfa.cc.o.d -o third_party/re2/CMakeFiles/duckdb_re2.dir/re2/nfa.cc.o -c /home/pei/Project/duckdb-polr/third_party/re2/re2/nfa.cc
[309/376] /usr/bin/ccache /usr/lib/ccache/c++ -DDUCKDB_BUILD_LIBRARY -DENABLE_CROSS_PRODUCT_REWRITE=0 -DENABLE_DEBUG_PRINT=0 -DENABLE_MEASURE_EXE_TIME=0 -DENABLE_MERGE_BACK_PLAN=0 -DENABLE_PARALLEL_EXECUTION=0 -DENABLE_QUERY_SPLIT=0 -DENABLE_SPECIFY_EST_STAT=0 -I/home/pei/Project/duckdb-polr/src/include -I/home/pei/Project/duckdb-polr/third_party/fsst -I/home/pei/Project/duckdb-polr/third_party/fmt/include -I/home/pei/Project/duckdb-polr/third_party/hyperloglog -I/home/pei/Project/duckdb-polr/third_party/fastpforlib -I/home/pei/Project/duckdb-polr/third_party/fast_float -I/home/pei/Project/duckdb-polr/third_party/re2 -I/home/pei/Project/duckdb-polr/third_party/miniz -I/home/pei/Project/duckdb-polr/third_party/utf8proc/include -I/home/pei/Project/duckdb-polr/third_party/miniparquet -I/home/pei/Project/duckdb-polr/third_party/concurrentqueue -I/home/pei/Project/duckdb-polr/third_party/pcg -I/home/pei/Project/duckdb-polr/third_party/tdigest -I/home/pei/Project/duckdb-polr/third_party/mbedtls/include -I/home/pei/Project/duckdb-polr/third_party/jaro_winkler -O3 -DNDEBUG -O3 -DNDEBUG   -fPIC -fvisibility=hidden -fdiagnostics-color=always -std=c++11 -w -std=c++11 -MD -MT third_party/re2/CMakeFiles/duckdb_re2.dir/re2/onepass.cc.o -MF third_party/re2/CMakeFiles/duckdb_re2.dir/re2/onepass.cc.o.d -o third_party/re2/CMakeFiles/duckdb_re2.dir/re2/onepass.cc.o -c /home/pei/Project/duckdb-polr/third_party/re2/re2/onepass.cc
[310/376] /usr/bin/ccache /usr/lib/ccache/c++ -DDUCKDB_BUILD_LIBRARY -DENABLE_CROSS_PRODUCT_REWRITE=0 -DENABLE_DEBUG_PRINT=0 -DENABLE_MEASURE_EXE_TIME=0 -DENABLE_MERGE_BACK_PLAN=0 -DENABLE_PARALLEL_EXECUTION=0 -DENABLE_QUERY_SPLIT=0 -DENABLE_SPECIFY_EST_STAT=0 -I/home/pei/Project/duckdb-polr/src/include -I/home/pei/Project/duckdb-polr/third_party/fsst -I/home/pei/Project/duckdb-polr/third_party/fmt/include -I/home/pei/Project/duckdb-polr/third_party/hyperloglog -I/home/pei/Project/duckdb-polr/third_party/fastpforlib -I/home/pei/Project/duckdb-polr/third_party/fast_float -I/home/pei/Project/duckdb-polr/third_party/re2 -I/home/pei/Project/duckdb-polr/third_party/miniz -I/home/pei/Project/duckdb-polr/third_party/utf8proc/include -I/home/pei/Project/duckdb-polr/third_party/miniparquet -I/home/pei/Project/duckdb-polr/third_party/concurrentqueue -I/home/pei/Project/duckdb-polr/third_party/pcg -I/home/pei/Project/duckdb-polr/third_party/tdigest -I/home/pei/Project/duckdb-polr/third_party/mbedtls/include -I/home/pei/Project/duckdb-polr/third_party/jaro_winkler -O3 -DNDEBUG -O3 -DNDEBUG   -fPIC -fvisibility=hidden -fdiagnostics-color=always -std=c++11 -w -std=c++11 -MD -MT third_party/re2/CMakeFiles/duckdb_re2.dir/re2/parse.cc.o -MF third_party/re2/CMakeFiles/duckdb_re2.dir/re2/parse.cc.o.d -o third_party/re2/CMakeFiles/duckdb_re2.dir/re2/parse.cc.o -c /home/pei/Project/duckdb-polr/third_party/re2/re2/parse.cc
[311/376] : && /usr/lib/ccache/c++ -fPIC -O3 -DNDEBUG -O3 -DNDEBUG   -shared -Wl,-soname,loadable_extension_demo.duckdb_extension -o test/extension/loadable_extension_demo.duckdb_extension test/extension/CMakeFiles/loadable_extension_demo_loadable_extension.dir/loadable_extension_demo.cpp.o   && :
[312/376] /usr/bin/ccache /usr/lib/ccache/c++ -DDUCKDB_BUILD_LIBRARY -DENABLE_CROSS_PRODUCT_REWRITE=0 -DENABLE_DEBUG_PRINT=0 -DENABLE_MEASURE_EXE_TIME=0 -DENABLE_MERGE_BACK_PLAN=0 -DENABLE_PARALLEL_EXECUTION=0 -DENABLE_QUERY_SPLIT=0 -DENABLE_SPECIFY_EST_STAT=0 -I/home/pei/Project/duckdb-polr/src/include -I/home/pei/Project/duckdb-polr/third_party/fsst -I/home/pei/Project/duckdb-polr/third_party/fmt/include -I/home/pei/Project/duckdb-polr/third_party/hyperloglog -I/home/pei/Project/duckdb-polr/third_party/fastpforlib -I/home/pei/Project/duckdb-polr/third_party/fast_float -I/home/pei/Project/duckdb-polr/third_party/re2 -I/home/pei/Project/duckdb-polr/third_party/miniz -I/home/pei/Project/duckdb-polr/third_party/utf8proc/include -I/home/pei/Project/duckdb-polr/third_party/miniparquet -I/home/pei/Project/duckdb-polr/third_party/concurrentqueue -I/home/pei/Project/duckdb-polr/third_party/pcg -I/home/pei/Project/duckdb-polr/third_party/tdigest -I/home/pei/Project/duckdb-polr/third_party/mbedtls/include -I/home/pei/Project/duckdb-polr/third_party/jaro_winkler -O3 -DNDEBUG -O3 -DNDEBUG   -fPIC -fvisibility=hidden -fdiagnostics-color=always -std=c++11 -w -std=c++11 -MD -MT third_party/re2/CMakeFiles/duckdb_re2.dir/re2/perl_groups.cc.o -MF third_party/re2/CMakeFiles/duckdb_re2.dir/re2/perl_groups.cc.o.d -o third_party/re2/CMakeFiles/duckdb_re2.dir/re2/perl_groups.cc.o -c /home/pei/Project/duckdb-polr/third_party/re2/re2/perl_groups.cc
[313/376] /usr/bin/ccache /usr/lib/ccache/c++ -DDUCKDB_BUILD_LIBRARY -DENABLE_CROSS_PRODUCT_REWRITE=0 -DENABLE_DEBUG_PRINT=0 -DENABLE_MEASURE_EXE_TIME=0 -DENABLE_MERGE_BACK_PLAN=0 -DENABLE_PARALLEL_EXECUTION=0 -DENABLE_QUERY_SPLIT=0 -DENABLE_SPECIFY_EST_STAT=0 -I/home/pei/Project/duckdb-polr/src/include -I/home/pei/Project/duckdb-polr/third_party/fsst -I/home/pei/Project/duckdb-polr/third_party/fmt/include -I/home/pei/Project/duckdb-polr/third_party/hyperloglog -I/home/pei/Project/duckdb-polr/third_party/fastpforlib -I/home/pei/Project/duckdb-polr/third_party/fast_float -I/home/pei/Project/duckdb-polr/third_party/re2 -I/home/pei/Project/duckdb-polr/third_party/miniz -I/home/pei/Project/duckdb-polr/third_party/utf8proc/include -I/home/pei/Project/duckdb-polr/third_party/miniparquet -I/home/pei/Project/duckdb-polr/third_party/concurrentqueue -I/home/pei/Project/duckdb-polr/third_party/pcg -I/home/pei/Project/duckdb-polr/third_party/tdigest -I/home/pei/Project/duckdb-polr/third_party/mbedtls/include -I/home/pei/Project/duckdb-polr/third_party/jaro_winkler -O3 -DNDEBUG -O3 -DNDEBUG   -fPIC -fvisibility=hidden -fdiagnostics-color=always -std=c++11 -w -std=c++11 -MD -MT third_party/re2/CMakeFiles/duckdb_re2.dir/re2/prefilter.cc.o -MF third_party/re2/CMakeFiles/duckdb_re2.dir/re2/prefilter.cc.o.d -o third_party/re2/CMakeFiles/duckdb_re2.dir/re2/prefilter.cc.o -c /home/pei/Project/duckdb-polr/third_party/re2/re2/prefilter.cc
[314/376] /usr/bin/ccache /usr/lib/ccache/c++ -DDUCKDB_BUILD_LIBRARY -DENABLE_CROSS_PRODUCT_REWRITE=0 -DENABLE_DEBUG_PRINT=0 -DENABLE_MEASURE_EXE_TIME=0 -DENABLE_MERGE_BACK_PLAN=0 -DENABLE_PARALLEL_EXECUTION=0 -DENABLE_QUERY_SPLIT=0 -DENABLE_SPECIFY_EST_STAT=0 -I/home/pei/Project/duckdb-polr/src/include -I/home/pei/Project/duckdb-polr/third_party/fsst -I/home/pei/Project/duckdb-polr/third_party/fmt/include -I/home/pei/Project/duckdb-polr/third_party/hyperloglog -I/home/pei/Project/duckdb-polr/third_party/fastpforlib -I/home/pei/Project/duckdb-polr/third_party/fast_float -I/home/pei/Project/duckdb-polr/third_party/re2 -I/home/pei/Project/duckdb-polr/third_party/miniz -I/home/pei/Project/duckdb-polr/third_party/utf8proc/include -I/home/pei/Project/duckdb-polr/third_party/miniparquet -I/home/pei/Project/duckdb-polr/third_party/concurrentqueue -I/home/pei/Project/duckdb-polr/third_party/pcg -I/home/pei/Project/duckdb-polr/third_party/tdigest -I/home/pei/Project/duckdb-polr/third_party/mbedtls/include -I/home/pei/Project/duckdb-polr/third_party/jaro_winkler -O3 -DNDEBUG -O3 -DNDEBUG   -fPIC -fvisibility=hidden -fdiagnostics-color=always -std=c++11 -w -std=c++11 -MD -MT third_party/re2/CMakeFiles/duckdb_re2.dir/re2/prefilter_tree.cc.o -MF third_party/re2/CMakeFiles/duckdb_re2.dir/re2/prefilter_tree.cc.o.d -o third_party/re2/CMakeFiles/duckdb_re2.dir/re2/prefilter_tree.cc.o -c /home/pei/Project/duckdb-polr/third_party/re2/re2/prefilter_tree.cc
[315/376] /usr/bin/ccache /usr/lib/ccache/c++ -DDUCKDB_BUILD_LIBRARY -DENABLE_CROSS_PRODUCT_REWRITE=0 -DENABLE_DEBUG_PRINT=0 -DENABLE_MEASURE_EXE_TIME=0 -DENABLE_MERGE_BACK_PLAN=0 -DENABLE_PARALLEL_EXECUTION=0 -DENABLE_QUERY_SPLIT=0 -DENABLE_SPECIFY_EST_STAT=0 -I/home/pei/Project/duckdb-polr/src/include -I/home/pei/Project/duckdb-polr/third_party/fsst -I/home/pei/Project/duckdb-polr/third_party/fmt/include -I/home/pei/Project/duckdb-polr/third_party/hyperloglog -I/home/pei/Project/duckdb-polr/third_party/fastpforlib -I/home/pei/Project/duckdb-polr/third_party/fast_float -I/home/pei/Project/duckdb-polr/third_party/re2 -I/home/pei/Project/duckdb-polr/third_party/miniz -I/home/pei/Project/duckdb-polr/third_party/utf8proc/include -I/home/pei/Project/duckdb-polr/third_party/miniparquet -I/home/pei/Project/duckdb-polr/third_party/concurrentqueue -I/home/pei/Project/duckdb-polr/third_party/pcg -I/home/pei/Project/duckdb-polr/third_party/tdigest -I/home/pei/Project/duckdb-polr/third_party/mbedtls/include -I/home/pei/Project/duckdb-polr/third_party/jaro_winkler -O3 -DNDEBUG -O3 -DNDEBUG   -fPIC -fvisibility=hidden -fdiagnostics-color=always -std=c++11 -w -std=c++11 -MD -MT third_party/re2/CMakeFiles/duckdb_re2.dir/re2/prog.cc.o -MF third_party/re2/CMakeFiles/duckdb_re2.dir/re2/prog.cc.o.d -o third_party/re2/CMakeFiles/duckdb_re2.dir/re2/prog.cc.o -c /home/pei/Project/duckdb-polr/third_party/re2/re2/prog.cc
[316/376] /usr/bin/ccache /usr/lib/ccache/c++ -DDUCKDB_BUILD_LIBRARY -DENABLE_CROSS_PRODUCT_REWRITE=0 -DENABLE_DEBUG_PRINT=0 -DENABLE_MEASURE_EXE_TIME=0 -DENABLE_MERGE_BACK_PLAN=0 -DENABLE_PARALLEL_EXECUTION=0 -DENABLE_QUERY_SPLIT=0 -DENABLE_SPECIFY_EST_STAT=0 -I/home/pei/Project/duckdb-polr/src/include -I/home/pei/Project/duckdb-polr/third_party/fsst -I/home/pei/Project/duckdb-polr/third_party/fmt/include -I/home/pei/Project/duckdb-polr/third_party/hyperloglog -I/home/pei/Project/duckdb-polr/third_party/fastpforlib -I/home/pei/Project/duckdb-polr/third_party/fast_float -I/home/pei/Project/duckdb-polr/third_party/re2 -I/home/pei/Project/duckdb-polr/third_party/miniz -I/home/pei/Project/duckdb-polr/third_party/utf8proc/include -I/home/pei/Project/duckdb-polr/third_party/miniparquet -I/home/pei/Project/duckdb-polr/third_party/concurrentqueue -I/home/pei/Project/duckdb-polr/third_party/pcg -I/home/pei/Project/duckdb-polr/third_party/tdigest -I/home/pei/Project/duckdb-polr/third_party/mbedtls/include -I/home/pei/Project/duckdb-polr/third_party/jaro_winkler -O3 -DNDEBUG -O3 -DNDEBUG   -fPIC -fvisibility=hidden -fdiagnostics-color=always -std=c++11 -w -std=c++11 -MD -MT third_party/re2/CMakeFiles/duckdb_re2.dir/re2/re2.cc.o -MF third_party/re2/CMakeFiles/duckdb_re2.dir/re2/re2.cc.o.d -o third_party/re2/CMakeFiles/duckdb_re2.dir/re2/re2.cc.o -c /home/pei/Project/duckdb-polr/third_party/re2/re2/re2.cc
[317/376] : && /usr/lib/ccache/c++ -fPIC -O3 -DNDEBUG -O3 -DNDEBUG   -shared -Wl,-soname,loadable_extension_optimizer_demo.duckdb_extension -o test/extension/loadable_extension_optimizer_demo.duckdb_extension test/extension/CMakeFiles/loadable_extension_optimizer_demo_loadable_extension.dir/loadable_extension_optimizer_demo.cpp.o   && :
[318/376] /usr/bin/ccache /usr/lib/ccache/c++ -DDUCKDB_BUILD_LIBRARY -DENABLE_CROSS_PRODUCT_REWRITE=0 -DENABLE_DEBUG_PRINT=0 -DENABLE_MEASURE_EXE_TIME=0 -DENABLE_MERGE_BACK_PLAN=0 -DENABLE_PARALLEL_EXECUTION=0 -DENABLE_QUERY_SPLIT=0 -DENABLE_SPECIFY_EST_STAT=0 -I/home/pei/Project/duckdb-polr/src/include -I/home/pei/Project/duckdb-polr/third_party/fsst -I/home/pei/Project/duckdb-polr/third_party/fmt/include -I/home/pei/Project/duckdb-polr/third_party/hyperloglog -I/home/pei/Project/duckdb-polr/third_party/fastpforlib -I/home/pei/Project/duckdb-polr/third_party/fast_float -I/home/pei/Project/duckdb-polr/third_party/re2 -I/home/pei/Project/duckdb-polr/third_party/miniz -I/home/pei/Project/duckdb-polr/third_party/utf8proc/include -I/home/pei/Project/duckdb-polr/third_party/miniparquet -I/home/pei/Project/duckdb-polr/third_party/concurrentqueue -I/home/pei/Project/duckdb-polr/third_party/pcg -I/home/pei/Project/duckdb-polr/third_party/tdigest -I/home/pei/Project/duckdb-polr/third_party/mbedtls/include -I/home/pei/Project/duckdb-polr/third_party/jaro_winkler -O3 -DNDEBUG -O3 -DNDEBUG   -fPIC -fvisibility=hidden -fdiagnostics-color=always -std=c++11 -w -std=c++11 -MD -MT third_party/re2/CMakeFiles/duckdb_re2.dir/re2/stringpiece.cc.o -MF third_party/re2/CMakeFiles/duckdb_re2.dir/re2/stringpiece.cc.o.d -o third_party/re2/CMakeFiles/duckdb_re2.dir/re2/stringpiece.cc.o -c /home/pei/Project/duckdb-polr/third_party/re2/re2/stringpiece.cc
[319/376] /usr/bin/ccache /usr/lib/ccache/c++ -DDUCKDB_BUILD_LIBRARY -DENABLE_CROSS_PRODUCT_REWRITE=0 -DENABLE_DEBUG_PRINT=0 -DENABLE_MEASURE_EXE_TIME=0 -DENABLE_MERGE_BACK_PLAN=0 -DENABLE_PARALLEL_EXECUTION=0 -DENABLE_QUERY_SPLIT=0 -DENABLE_SPECIFY_EST_STAT=0 -I/home/pei/Project/duckdb-polr/src/include -I/home/pei/Project/duckdb-polr/third_party/fsst -I/home/pei/Project/duckdb-polr/third_party/fmt/include -I/home/pei/Project/duckdb-polr/third_party/hyperloglog -I/home/pei/Project/duckdb-polr/third_party/fastpforlib -I/home/pei/Project/duckdb-polr/third_party/fast_float -I/home/pei/Project/duckdb-polr/third_party/re2 -I/home/pei/Project/duckdb-polr/third_party/miniz -I/home/pei/Project/duckdb-polr/third_party/utf8proc/include -I/home/pei/Project/duckdb-polr/third_party/miniparquet -I/home/pei/Project/duckdb-polr/third_party/concurrentqueue -I/home/pei/Project/duckdb-polr/third_party/pcg -I/home/pei/Project/duckdb-polr/third_party/tdigest -I/home/pei/Project/duckdb-polr/third_party/mbedtls/include -I/home/pei/Project/duckdb-polr/third_party/jaro_winkler -O3 -DNDEBUG -O3 -DNDEBUG   -fPIC -fvisibility=hidden -fdiagnostics-color=always -std=c++11 -w -std=c++11 -MD -MT third_party/re2/CMakeFiles/duckdb_re2.dir/re2/regexp.cc.o -MF third_party/re2/CMakeFiles/duckdb_re2.dir/re2/regexp.cc.o.d -o third_party/re2/CMakeFiles/duckdb_re2.dir/re2/regexp.cc.o -c /home/pei/Project/duckdb-polr/third_party/re2/re2/regexp.cc
[320/376] /usr/bin/ccache /usr/lib/ccache/c++ -DDUCKDB_BUILD_LIBRARY -DENABLE_CROSS_PRODUCT_REWRITE=0 -DENABLE_DEBUG_PRINT=0 -DENABLE_MEASURE_EXE_TIME=0 -DENABLE_MERGE_BACK_PLAN=0 -DENABLE_PARALLEL_EXECUTION=0 -DENABLE_QUERY_SPLIT=0 -DENABLE_SPECIFY_EST_STAT=0 -I/home/pei/Project/duckdb-polr/src/include -I/home/pei/Project/duckdb-polr/third_party/fsst -I/home/pei/Project/duckdb-polr/third_party/fmt/include -I/home/pei/Project/duckdb-polr/third_party/hyperloglog -I/home/pei/Project/duckdb-polr/third_party/fastpforlib -I/home/pei/Project/duckdb-polr/third_party/fast_float -I/home/pei/Project/duckdb-polr/third_party/re2 -I/home/pei/Project/duckdb-polr/third_party/miniz -I/home/pei/Project/duckdb-polr/third_party/utf8proc/include -I/home/pei/Project/duckdb-polr/third_party/miniparquet -I/home/pei/Project/duckdb-polr/third_party/concurrentqueue -I/home/pei/Project/duckdb-polr/third_party/pcg -I/home/pei/Project/duckdb-polr/third_party/tdigest -I/home/pei/Project/duckdb-polr/third_party/mbedtls/include -I/home/pei/Project/duckdb-polr/third_party/jaro_winkler -O3 -DNDEBUG -O3 -DNDEBUG   -fPIC -fvisibility=hidden -fdiagnostics-color=always -std=c++11 -w -std=c++11 -MD -MT third_party/re2/CMakeFiles/duckdb_re2.dir/re2/set.cc.o -MF third_party/re2/CMakeFiles/duckdb_re2.dir/re2/set.cc.o.d -o third_party/re2/CMakeFiles/duckdb_re2.dir/re2/set.cc.o -c /home/pei/Project/duckdb-polr/third_party/re2/re2/set.cc
[321/376] /usr/bin/ccache /usr/lib/ccache/c++ -DDUCKDB_BUILD_LIBRARY -DENABLE_CROSS_PRODUCT_REWRITE=0 -DENABLE_DEBUG_PRINT=0 -DENABLE_MEASURE_EXE_TIME=0 -DENABLE_MERGE_BACK_PLAN=0 -DENABLE_PARALLEL_EXECUTION=0 -DENABLE_QUERY_SPLIT=0 -DENABLE_SPECIFY_EST_STAT=0 -I/home/pei/Project/duckdb-polr/src/include -I/home/pei/Project/duckdb-polr/third_party/fsst -I/home/pei/Project/duckdb-polr/third_party/fmt/include -I/home/pei/Project/duckdb-polr/third_party/hyperloglog -I/home/pei/Project/duckdb-polr/third_party/fastpforlib -I/home/pei/Project/duckdb-polr/third_party/fast_float -I/home/pei/Project/duckdb-polr/third_party/re2 -I/home/pei/Project/duckdb-polr/third_party/miniz -I/home/pei/Project/duckdb-polr/third_party/utf8proc/include -I/home/pei/Project/duckdb-polr/third_party/miniparquet -I/home/pei/Project/duckdb-polr/third_party/concurrentqueue -I/home/pei/Project/duckdb-polr/third_party/pcg -I/home/pei/Project/duckdb-polr/third_party/tdigest -I/home/pei/Project/duckdb-polr/third_party/mbedtls/include -I/home/pei/Project/duckdb-polr/third_party/jaro_winkler -O3 -DNDEBUG -O3 -DNDEBUG   -fPIC -fvisibility=hidden -fdiagnostics-color=always -std=c++11 -w -std=c++11 -MD -MT third_party/re2/CMakeFiles/duckdb_re2.dir/re2/simplify.cc.o -MF third_party/re2/CMakeFiles/duckdb_re2.dir/re2/simplify.cc.o.d -o third_party/re2/CMakeFiles/duckdb_re2.dir/re2/simplify.cc.o -c /home/pei/Project/duckdb-polr/third_party/re2/re2/simplify.cc
[322/376] /usr/bin/ccache /usr/lib/ccache/c++ -DDUCKDB_BUILD_LIBRARY -DENABLE_CROSS_PRODUCT_REWRITE=0 -DENABLE_DEBUG_PRINT=0 -DENABLE_MEASURE_EXE_TIME=0 -DENABLE_MERGE_BACK_PLAN=0 -DENABLE_PARALLEL_EXECUTION=0 -DENABLE_QUERY_SPLIT=0 -DENABLE_SPECIFY_EST_STAT=0 -I/home/pei/Project/duckdb-polr/src/include -I/home/pei/Project/duckdb-polr/third_party/fsst -I/home/pei/Project/duckdb-polr/third_party/fmt/include -I/home/pei/Project/duckdb-polr/third_party/hyperloglog -I/home/pei/Project/duckdb-polr/third_party/fastpforlib -I/home/pei/Project/duckdb-polr/third_party/fast_float -I/home/pei/Project/duckdb-polr/third_party/re2 -I/home/pei/Project/duckdb-polr/third_party/miniz -I/home/pei/Project/duckdb-polr/third_party/utf8proc/include -I/home/pei/Project/duckdb-polr/third_party/miniparquet -I/home/pei/Project/duckdb-polr/third_party/concurrentqueue -I/home/pei/Project/duckdb-polr/third_party/pcg -I/home/pei/Project/duckdb-polr/third_party/tdigest -I/home/pei/Project/duckdb-polr/third_party/mbedtls/include -I/home/pei/Project/duckdb-polr/third_party/jaro_winkler -O3 -DNDEBUG -O3 -DNDEBUG   -fPIC -fvisibility=hidden -fdiagnostics-color=always -std=c++11 -w -std=c++11 -MD -MT third_party/re2/CMakeFiles/duckdb_re2.dir/util/rune.cc.o -MF third_party/re2/CMakeFiles/duckdb_re2.dir/util/rune.cc.o.d -o third_party/re2/CMakeFiles/duckdb_re2.dir/util/rune.cc.o -c /home/pei/Project/duckdb-polr/third_party/re2/util/rune.cc
[323/376] /usr/bin/ccache /usr/lib/ccache/c++ -DDUCKDB_BUILD_LIBRARY -DENABLE_CROSS_PRODUCT_REWRITE=0 -DENABLE_DEBUG_PRINT=0 -DENABLE_MEASURE_EXE_TIME=0 -DENABLE_MERGE_BACK_PLAN=0 -DENABLE_PARALLEL_EXECUTION=0 -DENABLE_QUERY_SPLIT=0 -DENABLE_SPECIFY_EST_STAT=0 -I/home/pei/Project/duckdb-polr/src/include -I/home/pei/Project/duckdb-polr/third_party/fsst -I/home/pei/Project/duckdb-polr/third_party/fmt/include -I/home/pei/Project/duckdb-polr/third_party/hyperloglog -I/home/pei/Project/duckdb-polr/third_party/fastpforlib -I/home/pei/Project/duckdb-polr/third_party/fast_float -I/home/pei/Project/duckdb-polr/third_party/re2 -I/home/pei/Project/duckdb-polr/third_party/miniz -I/home/pei/Project/duckdb-polr/third_party/utf8proc/include -I/home/pei/Project/duckdb-polr/third_party/miniparquet -I/home/pei/Project/duckdb-polr/third_party/concurrentqueue -I/home/pei/Project/duckdb-polr/third_party/pcg -I/home/pei/Project/duckdb-polr/third_party/tdigest -I/home/pei/Project/duckdb-polr/third_party/mbedtls/include -I/home/pei/Project/duckdb-polr/third_party/jaro_winkler -O3 -DNDEBUG -O3 -DNDEBUG   -fPIC -fvisibility=hidden -fdiagnostics-color=always -std=c++11 -w -std=c++11 -MD -MT third_party/re2/CMakeFiles/duckdb_re2.dir/re2/tostring.cc.o -MF third_party/re2/CMakeFiles/duckdb_re2.dir/re2/tostring.cc.o.d -o third_party/re2/CMakeFiles/duckdb_re2.dir/re2/tostring.cc.o -c /home/pei/Project/duckdb-polr/third_party/re2/re2/tostring.cc
[324/376] /usr/bin/ccache /usr/lib/ccache/c++ -DDUCKDB_BUILD_LIBRARY -DENABLE_CROSS_PRODUCT_REWRITE=0 -DENABLE_DEBUG_PRINT=0 -DENABLE_MEASURE_EXE_TIME=0 -DENABLE_MERGE_BACK_PLAN=0 -DENABLE_PARALLEL_EXECUTION=0 -DENABLE_QUERY_SPLIT=0 -DENABLE_SPECIFY_EST_STAT=0 -I/home/pei/Project/duckdb-polr/src/include -I/home/pei/Project/duckdb-polr/third_party/fsst -I/home/pei/Project/duckdb-polr/third_party/fmt/include -I/home/pei/Project/duckdb-polr/third_party/hyperloglog -I/home/pei/Project/duckdb-polr/third_party/fastpforlib -I/home/pei/Project/duckdb-polr/third_party/fast_float -I/home/pei/Project/duckdb-polr/third_party/re2 -I/home/pei/Project/duckdb-polr/third_party/miniz -I/home/pei/Project/duckdb-polr/third_party/utf8proc/include -I/home/pei/Project/duckdb-polr/third_party/miniparquet -I/home/pei/Project/duckdb-polr/third_party/concurrentqueue -I/home/pei/Project/duckdb-polr/third_party/pcg -I/home/pei/Project/duckdb-polr/third_party/tdigest -I/home/pei/Project/duckdb-polr/third_party/mbedtls/include -I/home/pei/Project/duckdb-polr/third_party/jaro_winkler -O3 -DNDEBUG -O3 -DNDEBUG   -fPIC -fvisibility=hidden -fdiagnostics-color=always -std=c++11 -w -std=c++11 -MD -MT third_party/re2/CMakeFiles/duckdb_re2.dir/re2/unicode_groups.cc.o -MF third_party/re2/CMakeFiles/duckdb_re2.dir/re2/unicode_groups.cc.o.d -o third_party/re2/CMakeFiles/duckdb_re2.dir/re2/unicode_groups.cc.o -c /home/pei/Project/duckdb-polr/third_party/re2/re2/unicode_groups.cc
[325/376] : && /usr/lib/ccache/c++ -fPIC -O3 -DNDEBUG -O3 -DNDEBUG   -shared -Wl,-soname,parquet.duckdb_extension -o extension/parquet/parquet.duckdb_extension extension/parquet/CMakeFiles/parquet_loadable_extension.dir/column_writer.cpp.o extension/parquet/CMakeFiles/parquet_loadable_extension.dir/parquet-extension.cpp.o extension/parquet/CMakeFiles/parquet_loadable_extension.dir/parquet_metadata.cpp.o extension/parquet/CMakeFiles/parquet_loadable_extension.dir/parquet_reader.cpp.o extension/parquet/CMakeFiles/parquet_loadable_extension.dir/parquet_timestamp.cpp.o extension/parquet/CMakeFiles/parquet_loadable_extension.dir/parquet_writer.cpp.o extension/parquet/CMakeFiles/parquet_loadable_extension.dir/parquet_statistics.cpp.o extension/parquet/CMakeFiles/parquet_loadable_extension.dir/zstd_file_system.cpp.o extension/parquet/CMakeFiles/parquet_loadable_extension.dir/column_reader.cpp.o extension/parquet/CMakeFiles/parquet_loadable_extension.dir/__/__/third_party/parquet/parquet_constants.cpp.o extension/parquet/CMakeFiles/parquet_loadable_extension.dir/__/__/third_party/parquet/parquet_types.cpp.o extension/parquet/CMakeFiles/parquet_loadable_extension.dir/__/__/third_party/thrift/thrift/protocol/TProtocol.cpp.o extension/parquet/CMakeFiles/parquet_loadable_extension.dir/__/__/third_party/thrift/thrift/transport/TTransportException.cpp.o extension/parquet/CMakeFiles/parquet_loadable_extension.dir/__/__/third_party/thrift/thrift/transport/TBufferTransports.cpp.o extension/parquet/CMakeFiles/parquet_loadable_extension.dir/__/__/third_party/snappy/snappy.cc.o extension/parquet/CMakeFiles/parquet_loadable_extension.dir/__/__/third_party/snappy/snappy-sinksource.cc.o extension/parquet/CMakeFiles/parquet_loadable_extension.dir/__/__/third_party/zstd/decompress/zstd_ddict.cpp.o extension/parquet/CMakeFiles/parquet_loadable_extension.dir/__/__/third_party/zstd/decompress/huf_decompress.cpp.o extension/parquet/CMakeFiles/parquet_loadable_extension.dir/__/__/third_party/zstd/decompress/zstd_decompress.cpp.o extension/parquet/CMakeFiles/parquet_loadable_extension.dir/__/__/third_party/zstd/decompress/zstd_decompress_block.cpp.o extension/parquet/CMakeFiles/parquet_loadable_extension.dir/__/__/third_party/zstd/common/entropy_common.cpp.o extension/parquet/CMakeFiles/parquet_loadable_extension.dir/__/__/third_party/zstd/common/fse_decompress.cpp.o extension/parquet/CMakeFiles/parquet_loadable_extension.dir/__/__/third_party/zstd/common/zstd_common.cpp.o extension/parquet/CMakeFiles/parquet_loadable_extension.dir/__/__/third_party/zstd/common/error_private.cpp.o extension/parquet/CMakeFiles/parquet_loadable_extension.dir/__/__/third_party/zstd/common/xxhash.cpp.o extension/parquet/CMakeFiles/parquet_loadable_extension.dir/__/__/third_party/zstd/compress/fse_compress.cpp.o extension/parquet/CMakeFiles/parquet_loadable_extension.dir/__/__/third_party/zstd/compress/hist.cpp.o extension/parquet/CMakeFiles/parquet_loadable_extension.dir/__/__/third_party/zstd/compress/huf_compress.cpp.o extension/parquet/CMakeFiles/parquet_loadable_extension.dir/__/__/third_party/zstd/compress/zstd_compress.cpp.o extension/parquet/CMakeFiles/parquet_loadable_extension.dir/__/__/third_party/zstd/compress/zstd_compress_literals.cpp.o extension/parquet/CMakeFiles/parquet_loadable_extension.dir/__/__/third_party/zstd/compress/zstd_compress_sequences.cpp.o extension/parquet/CMakeFiles/parquet_loadable_extension.dir/__/__/third_party/zstd/compress/zstd_compress_superblock.cpp.o extension/parquet/CMakeFiles/parquet_loadable_extension.dir/__/__/third_party/zstd/compress/zstd_double_fast.cpp.o extension/parquet/CMakeFiles/parquet_loadable_extension.dir/__/__/third_party/zstd/compress/zstd_fast.cpp.o extension/parquet/CMakeFiles/parquet_loadable_extension.dir/__/__/third_party/zstd/compress/zstd_lazy.cpp.o extension/parquet/CMakeFiles/parquet_loadable_extension.dir/__/__/third_party/zstd/compress/zstd_ldm.cpp.o extension/parquet/CMakeFiles/parquet_loadable_extension.dir/__/__/third_party/zstd/compress/zstd_opt.cpp.o   && :
[326/376] /usr/bin/ccache /usr/lib/ccache/c++ -DDUCKDB_BUILD_LIBRARY -DENABLE_CROSS_PRODUCT_REWRITE=0 -DENABLE_DEBUG_PRINT=0 -DENABLE_MEASURE_EXE_TIME=0 -DENABLE_MERGE_BACK_PLAN=0 -DENABLE_PARALLEL_EXECUTION=0 -DENABLE_QUERY_SPLIT=0 -DENABLE_SPECIFY_EST_STAT=0 -I/home/pei/Project/duckdb-polr/src/include -I/home/pei/Project/duckdb-polr/third_party/fsst -I/home/pei/Project/duckdb-polr/third_party/fmt/include -I/home/pei/Project/duckdb-polr/third_party/hyperloglog -I/home/pei/Project/duckdb-polr/third_party/fastpforlib -I/home/pei/Project/duckdb-polr/third_party/fast_float -I/home/pei/Project/duckdb-polr/third_party/re2 -I/home/pei/Project/duckdb-polr/third_party/miniz -I/home/pei/Project/duckdb-polr/third_party/utf8proc/include -I/home/pei/Project/duckdb-polr/third_party/miniparquet -I/home/pei/Project/duckdb-polr/third_party/concurrentqueue -I/home/pei/Project/duckdb-polr/third_party/pcg -I/home/pei/Project/duckdb-polr/third_party/tdigest -I/home/pei/Project/duckdb-polr/third_party/mbedtls/include -I/home/pei/Project/duckdb-polr/third_party/jaro_winkler -O3 -DNDEBUG -O3 -DNDEBUG   -fPIC -fvisibility=hidden -fdiagnostics-color=always -std=c++11 -w -std=c++11 -MD -MT third_party/re2/CMakeFiles/duckdb_re2.dir/re2/unicode_casefold.cc.o -MF third_party/re2/CMakeFiles/duckdb_re2.dir/re2/unicode_casefold.cc.o.d -o third_party/re2/CMakeFiles/duckdb_re2.dir/re2/unicode_casefold.cc.o -c /home/pei/Project/duckdb-polr/third_party/re2/re2/unicode_casefold.cc
[327/376] /usr/bin/ccache /usr/lib/ccache/c++ -DDUCKDB_BUILD_LIBRARY -DENABLE_CROSS_PRODUCT_REWRITE=0 -DENABLE_DEBUG_PRINT=0 -DENABLE_MEASURE_EXE_TIME=0 -DENABLE_MERGE_BACK_PLAN=0 -DENABLE_PARALLEL_EXECUTION=0 -DENABLE_QUERY_SPLIT=0 -DENABLE_SPECIFY_EST_STAT=0 -I/home/pei/Project/duckdb-polr/src/include -I/home/pei/Project/duckdb-polr/third_party/fsst -I/home/pei/Project/duckdb-polr/third_party/fmt/include -I/home/pei/Project/duckdb-polr/third_party/hyperloglog -I/home/pei/Project/duckdb-polr/third_party/fastpforlib -I/home/pei/Project/duckdb-polr/third_party/fast_float -I/home/pei/Project/duckdb-polr/third_party/re2 -I/home/pei/Project/duckdb-polr/third_party/miniz -I/home/pei/Project/duckdb-polr/third_party/utf8proc/include -I/home/pei/Project/duckdb-polr/third_party/miniparquet -I/home/pei/Project/duckdb-polr/third_party/concurrentqueue -I/home/pei/Project/duckdb-polr/third_party/pcg -I/home/pei/Project/duckdb-polr/third_party/tdigest -I/home/pei/Project/duckdb-polr/third_party/mbedtls/include -I/home/pei/Project/duckdb-polr/third_party/jaro_winkler -O3 -DNDEBUG -O3 -DNDEBUG   -fPIC -fvisibility=hidden -fdiagnostics-color=always -std=c++11 -w -std=c++11 -MD -MT third_party/re2/CMakeFiles/duckdb_re2.dir/util/strutil.cc.o -MF third_party/re2/CMakeFiles/duckdb_re2.dir/util/strutil.cc.o.d -o third_party/re2/CMakeFiles/duckdb_re2.dir/util/strutil.cc.o -c /home/pei/Project/duckdb-polr/third_party/re2/util/strutil.cc
[328/376] /usr/bin/ccache /usr/lib/ccache/c++ -DDUCKDB_BUILD_LIBRARY -DENABLE_CROSS_PRODUCT_REWRITE=0 -DENABLE_DEBUG_PRINT=0 -DENABLE_MEASURE_EXE_TIME=0 -DENABLE_MERGE_BACK_PLAN=0 -DENABLE_PARALLEL_EXECUTION=0 -DENABLE_QUERY_SPLIT=0 -DENABLE_SPECIFY_EST_STAT=0 -I/home/pei/Project/duckdb-polr/src/include -I/home/pei/Project/duckdb-polr/third_party/fsst -I/home/pei/Project/duckdb-polr/third_party/fmt/include -I/home/pei/Project/duckdb-polr/third_party/hyperloglog -I/home/pei/Project/duckdb-polr/third_party/fastpforlib -I/home/pei/Project/duckdb-polr/third_party/fast_float -I/home/pei/Project/duckdb-polr/third_party/re2 -I/home/pei/Project/duckdb-polr/third_party/miniz -I/home/pei/Project/duckdb-polr/third_party/utf8proc/include -I/home/pei/Project/duckdb-polr/third_party/miniparquet -I/home/pei/Project/duckdb-polr/third_party/concurrentqueue -I/home/pei/Project/duckdb-polr/third_party/pcg -I/home/pei/Project/duckdb-polr/third_party/tdigest -I/home/pei/Project/duckdb-polr/third_party/mbedtls/include -I/home/pei/Project/duckdb-polr/third_party/jaro_winkler -O3 -DNDEBUG -O3 -DNDEBUG   -fPIC -fdiagnostics-color=always -w -std=c++11 -MD -MT third_party/miniz/CMakeFiles/duckdb_miniz.dir/miniz.cpp.o -MF third_party/miniz/CMakeFiles/duckdb_miniz.dir/miniz.cpp.o.d -o third_party/miniz/CMakeFiles/duckdb_miniz.dir/miniz.cpp.o -c /home/pei/Project/duckdb-polr/third_party/miniz/miniz.cpp
[329/376] /usr/bin/ccache /usr/lib/ccache/c++ -DDUCKDB_BUILD_LIBRARY -DENABLE_CROSS_PRODUCT_REWRITE=0 -DENABLE_DEBUG_PRINT=0 -DENABLE_MEASURE_EXE_TIME=0 -DENABLE_MERGE_BACK_PLAN=0 -DENABLE_PARALLEL_EXECUTION=0 -DENABLE_QUERY_SPLIT=0 -DENABLE_SPECIFY_EST_STAT=0 -I/home/pei/Project/duckdb-polr/src/include -I/home/pei/Project/duckdb-polr/third_party/fsst -I/home/pei/Project/duckdb-polr/third_party/fmt/include -I/home/pei/Project/duckdb-polr/third_party/hyperloglog -I/home/pei/Project/duckdb-polr/third_party/fastpforlib -I/home/pei/Project/duckdb-polr/third_party/fast_float -I/home/pei/Project/duckdb-polr/third_party/re2 -I/home/pei/Project/duckdb-polr/third_party/miniz -I/home/pei/Project/duckdb-polr/third_party/utf8proc/include -I/home/pei/Project/duckdb-polr/third_party/miniparquet -I/home/pei/Project/duckdb-polr/third_party/concurrentqueue -I/home/pei/Project/duckdb-polr/third_party/pcg -I/home/pei/Project/duckdb-polr/third_party/tdigest -I/home/pei/Project/duckdb-polr/third_party/mbedtls/include -I/home/pei/Project/duckdb-polr/third_party/jaro_winkler -O3 -DNDEBUG -O3 -DNDEBUG   -fPIC -fdiagnostics-color=always -std=c++11 -MD -MT third_party/utf8proc/CMakeFiles/duckdb_utf8proc.dir/utf8proc_wrapper.cpp.o -MF third_party/utf8proc/CMakeFiles/duckdb_utf8proc.dir/utf8proc_wrapper.cpp.o.d -o third_party/utf8proc/CMakeFiles/duckdb_utf8proc.dir/utf8proc_wrapper.cpp.o -c /home/pei/Project/duckdb-polr/third_party/utf8proc/utf8proc_wrapper.cpp
[330/376] /usr/bin/ccache /usr/lib/ccache/c++ -DDUCKDB_BUILD_LIBRARY -DENABLE_CROSS_PRODUCT_REWRITE=0 -DENABLE_DEBUG_PRINT=0 -DENABLE_MEASURE_EXE_TIME=0 -DENABLE_MERGE_BACK_PLAN=0 -DENABLE_PARALLEL_EXECUTION=0 -DENABLE_QUERY_SPLIT=0 -DENABLE_SPECIFY_EST_STAT=0 -I/home/pei/Project/duckdb-polr/src/include -I/home/pei/Project/duckdb-polr/third_party/fsst -I/home/pei/Project/duckdb-polr/third_party/fmt/include -I/home/pei/Project/duckdb-polr/third_party/hyperloglog -I/home/pei/Project/duckdb-polr/third_party/fastpforlib -I/home/pei/Project/duckdb-polr/third_party/fast_float -I/home/pei/Project/duckdb-polr/third_party/re2 -I/home/pei/Project/duckdb-polr/third_party/miniz -I/home/pei/Project/duckdb-polr/third_party/utf8proc/include -I/home/pei/Project/duckdb-polr/third_party/miniparquet -I/home/pei/Project/duckdb-polr/third_party/concurrentqueue -I/home/pei/Project/duckdb-polr/third_party/pcg -I/home/pei/Project/duckdb-polr/third_party/tdigest -I/home/pei/Project/duckdb-polr/third_party/mbedtls/include -I/home/pei/Project/duckdb-polr/third_party/jaro_winkler -O3 -DNDEBUG -O3 -DNDEBUG   -fPIC -fdiagnostics-color=always -w -std=c++11 -MD -MT third_party/hyperloglog/CMakeFiles/duckdb_hyperloglog.dir/sds.cpp.o -MF third_party/hyperloglog/CMakeFiles/duckdb_hyperloglog.dir/sds.cpp.o.d -o third_party/hyperloglog/CMakeFiles/duckdb_hyperloglog.dir/sds.cpp.o -c /home/pei/Project/duckdb-polr/third_party/hyperloglog/sds.cpp
[331/376] /usr/bin/ccache /usr/lib/ccache/c++ -DDUCKDB_BUILD_LIBRARY -DENABLE_CROSS_PRODUCT_REWRITE=0 -DENABLE_DEBUG_PRINT=0 -DENABLE_MEASURE_EXE_TIME=0 -DENABLE_MERGE_BACK_PLAN=0 -DENABLE_PARALLEL_EXECUTION=0 -DENABLE_QUERY_SPLIT=0 -DENABLE_SPECIFY_EST_STAT=0 -I/home/pei/Project/duckdb-polr/src/include -I/home/pei/Project/duckdb-polr/third_party/fsst -I/home/pei/Project/duckdb-polr/third_party/fmt/include -I/home/pei/Project/duckdb-polr/third_party/hyperloglog -I/home/pei/Project/duckdb-polr/third_party/fastpforlib -I/home/pei/Project/duckdb-polr/third_party/fast_float -I/home/pei/Project/duckdb-polr/third_party/re2 -I/home/pei/Project/duckdb-polr/third_party/miniz -I/home/pei/Project/duckdb-polr/third_party/utf8proc/include -I/home/pei/Project/duckdb-polr/third_party/miniparquet -I/home/pei/Project/duckdb-polr/third_party/concurrentqueue -I/home/pei/Project/duckdb-polr/third_party/pcg -I/home/pei/Project/duckdb-polr/third_party/tdigest -I/home/pei/Project/duckdb-polr/third_party/mbedtls/include -I/home/pei/Project/duckdb-polr/third_party/jaro_winkler -O3 -DNDEBUG -O3 -DNDEBUG   -fPIC -fdiagnostics-color=always -std=c++11 -MD -MT third_party/utf8proc/CMakeFiles/duckdb_utf8proc.dir/utf8proc.cpp.o -MF third_party/utf8proc/CMakeFiles/duckdb_utf8proc.dir/utf8proc.cpp.o.d -o third_party/utf8proc/CMakeFiles/duckdb_utf8proc.dir/utf8proc.cpp.o -c /home/pei/Project/duckdb-polr/third_party/utf8proc/utf8proc.cpp
[332/376] /usr/bin/ccache /usr/lib/ccache/c++ -DDUCKDB_BUILD_LIBRARY -DENABLE_CROSS_PRODUCT_REWRITE=0 -DENABLE_DEBUG_PRINT=0 -DENABLE_MEASURE_EXE_TIME=0 -DENABLE_MERGE_BACK_PLAN=0 -DENABLE_PARALLEL_EXECUTION=0 -DENABLE_QUERY_SPLIT=0 -DENABLE_SPECIFY_EST_STAT=0 -I/home/pei/Project/duckdb-polr/src/include -I/home/pei/Project/duckdb-polr/third_party/fsst -I/home/pei/Project/duckdb-polr/third_party/fmt/include -I/home/pei/Project/duckdb-polr/third_party/hyperloglog -I/home/pei/Project/duckdb-polr/third_party/fastpforlib -I/home/pei/Project/duckdb-polr/third_party/fast_float -I/home/pei/Project/duckdb-polr/third_party/re2 -I/home/pei/Project/duckdb-polr/third_party/miniz -I/home/pei/Project/duckdb-polr/third_party/utf8proc/include -I/home/pei/Project/duckdb-polr/third_party/miniparquet -I/home/pei/Project/duckdb-polr/third_party/concurrentqueue -I/home/pei/Project/duckdb-polr/third_party/pcg -I/home/pei/Project/duckdb-polr/third_party/tdigest -I/home/pei/Project/duckdb-polr/third_party/mbedtls/include -I/home/pei/Project/duckdb-polr/third_party/jaro_winkler -O3 -DNDEBUG -O3 -DNDEBUG   -fPIC -fvisibility=hidden -fdiagnostics-color=always -std=c++11 -MD -MT third_party/mbedtls/CMakeFiles/duckdb_mbedtls.dir/mbedtls_wrapper.cpp.o -MF third_party/mbedtls/CMakeFiles/duckdb_mbedtls.dir/mbedtls_wrapper.cpp.o.d -o third_party/mbedtls/CMakeFiles/duckdb_mbedtls.dir/mbedtls_wrapper.cpp.o -c /home/pei/Project/duckdb-polr/third_party/mbedtls/mbedtls_wrapper.cpp
[333/376] /usr/bin/ccache /usr/lib/ccache/c++ -DDUCKDB_BUILD_LIBRARY -DENABLE_CROSS_PRODUCT_REWRITE=0 -DENABLE_DEBUG_PRINT=0 -DENABLE_MEASURE_EXE_TIME=0 -DENABLE_MERGE_BACK_PLAN=0 -DENABLE_PARALLEL_EXECUTION=0 -DENABLE_QUERY_SPLIT=0 -DENABLE_SPECIFY_EST_STAT=0 -I/home/pei/Project/duckdb-polr/src/include -I/home/pei/Project/duckdb-polr/third_party/fsst -I/home/pei/Project/duckdb-polr/third_party/fmt/include -I/home/pei/Project/duckdb-polr/third_party/hyperloglog -I/home/pei/Project/duckdb-polr/third_party/fastpforlib -I/home/pei/Project/duckdb-polr/third_party/fast_float -I/home/pei/Project/duckdb-polr/third_party/re2 -I/home/pei/Project/duckdb-polr/third_party/miniz -I/home/pei/Project/duckdb-polr/third_party/utf8proc/include -I/home/pei/Project/duckdb-polr/third_party/miniparquet -I/home/pei/Project/duckdb-polr/third_party/concurrentqueue -I/home/pei/Project/duckdb-polr/third_party/pcg -I/home/pei/Project/duckdb-polr/third_party/tdigest -I/home/pei/Project/duckdb-polr/third_party/mbedtls/include -I/home/pei/Project/duckdb-polr/third_party/jaro_winkler -O3 -DNDEBUG -O3 -DNDEBUG   -fPIC -fdiagnostics-color=always -w -std=c++11 -MD -MT third_party/hyperloglog/CMakeFiles/duckdb_hyperloglog.dir/hyperloglog.cpp.o -MF third_party/hyperloglog/CMakeFiles/duckdb_hyperloglog.dir/hyperloglog.cpp.o.d -o third_party/hyperloglog/CMakeFiles/duckdb_hyperloglog.dir/hyperloglog.cpp.o -c /home/pei/Project/duckdb-polr/third_party/hyperloglog/hyperloglog.cpp
[334/376] /usr/bin/ccache /usr/lib/ccache/c++ -DDUCKDB_BUILD_LIBRARY -DENABLE_CROSS_PRODUCT_REWRITE=0 -DENABLE_DEBUG_PRINT=0 -DENABLE_MEASURE_EXE_TIME=0 -DENABLE_MERGE_BACK_PLAN=0 -DENABLE_PARALLEL_EXECUTION=0 -DENABLE_QUERY_SPLIT=0 -DENABLE_SPECIFY_EST_STAT=0 -I/home/pei/Project/duckdb-polr/src/include -I/home/pei/Project/duckdb-polr/third_party/fsst -I/home/pei/Project/duckdb-polr/third_party/fmt/include -I/home/pei/Project/duckdb-polr/third_party/hyperloglog -I/home/pei/Project/duckdb-polr/third_party/fastpforlib -I/home/pei/Project/duckdb-polr/third_party/fast_float -I/home/pei/Project/duckdb-polr/third_party/re2 -I/home/pei/Project/duckdb-polr/third_party/miniz -I/home/pei/Project/duckdb-polr/third_party/utf8proc/include -I/home/pei/Project/duckdb-polr/third_party/miniparquet -I/home/pei/Project/duckdb-polr/third_party/concurrentqueue -I/home/pei/Project/duckdb-polr/third_party/pcg -I/home/pei/Project/duckdb-polr/third_party/tdigest -I/home/pei/Project/duckdb-polr/third_party/mbedtls/include -I/home/pei/Project/duckdb-polr/third_party/jaro_winkler -O3 -DNDEBUG -O3 -DNDEBUG   -fPIC -fdiagnostics-color=always -w -std=c++11 -MD -MT third_party/fastpforlib/CMakeFiles/duckdb_fastpforlib.dir/bitpacking.cpp.o -MF third_party/fastpforlib/CMakeFiles/duckdb_fastpforlib.dir/bitpacking.cpp.o.d -o third_party/fastpforlib/CMakeFiles/duckdb_fastpforlib.dir/bitpacking.cpp.o -c /home/pei/Project/duckdb-polr/third_party/fastpforlib/bitpacking.cpp
[335/376] /usr/bin/ccache /usr/lib/ccache/c++ -DDUCKDB_BUILD_LIBRARY -DENABLE_CROSS_PRODUCT_REWRITE=0 -DENABLE_DEBUG_PRINT=0 -DENABLE_MEASURE_EXE_TIME=0 -DENABLE_MERGE_BACK_PLAN=0 -DENABLE_PARALLEL_EXECUTION=0 -DENABLE_QUERY_SPLIT=0 -DENABLE_SPECIFY_EST_STAT=0 -I/home/pei/Project/duckdb-polr/src/include -I/home/pei/Project/duckdb-polr/third_party/fsst -I/home/pei/Project/duckdb-polr/third_party/fmt/include -I/home/pei/Project/duckdb-polr/third_party/hyperloglog -I/home/pei/Project/duckdb-polr/third_party/fastpforlib -I/home/pei/Project/duckdb-polr/third_party/fast_float -I/home/pei/Project/duckdb-polr/third_party/re2 -I/home/pei/Project/duckdb-polr/third_party/miniz -I/home/pei/Project/duckdb-polr/third_party/utf8proc/include -I/home/pei/Project/duckdb-polr/third_party/miniparquet -I/home/pei/Project/duckdb-polr/third_party/concurrentqueue -I/home/pei/Project/duckdb-polr/third_party/pcg -I/home/pei/Project/duckdb-polr/third_party/tdigest -I/home/pei/Project/duckdb-polr/third_party/mbedtls/include -I/home/pei/Project/duckdb-polr/third_party/jaro_winkler -O3 -DNDEBUG -O3 -DNDEBUG   -fPIC -fvisibility=hidden -fdiagnostics-color=always -std=c++11 -MD -MT third_party/mbedtls/CMakeFiles/duckdb_mbedtls.dir/library/sha256.cpp.o -MF third_party/mbedtls/CMakeFiles/duckdb_mbedtls.dir/library/sha256.cpp.o.d -o third_party/mbedtls/CMakeFiles/duckdb_mbedtls.dir/library/sha256.cpp.o -c /home/pei/Project/duckdb-polr/third_party/mbedtls/library/sha256.cpp
[336/376] /usr/bin/ccache /usr/lib/ccache/c++ -DDUCKDB_BUILD_LIBRARY -DENABLE_CROSS_PRODUCT_REWRITE=0 -DENABLE_DEBUG_PRINT=0 -DENABLE_MEASURE_EXE_TIME=0 -DENABLE_MERGE_BACK_PLAN=0 -DENABLE_PARALLEL_EXECUTION=0 -DENABLE_QUERY_SPLIT=0 -DENABLE_SPECIFY_EST_STAT=0 -I/home/pei/Project/duckdb-polr/src/include -I/home/pei/Project/duckdb-polr/third_party/fsst -I/home/pei/Project/duckdb-polr/third_party/fmt/include -I/home/pei/Project/duckdb-polr/third_party/hyperloglog -I/home/pei/Project/duckdb-polr/third_party/fastpforlib -I/home/pei/Project/duckdb-polr/third_party/fast_float -I/home/pei/Project/duckdb-polr/third_party/re2 -I/home/pei/Project/duckdb-polr/third_party/miniz -I/home/pei/Project/duckdb-polr/third_party/utf8proc/include -I/home/pei/Project/duckdb-polr/third_party/miniparquet -I/home/pei/Project/duckdb-polr/third_party/concurrentqueue -I/home/pei/Project/duckdb-polr/third_party/pcg -I/home/pei/Project/duckdb-polr/third_party/tdigest -I/home/pei/Project/duckdb-polr/third_party/mbedtls/include -I/home/pei/Project/duckdb-polr/third_party/jaro_winkler -O3 -DNDEBUG -O3 -DNDEBUG   -fPIC -fvisibility=hidden -fdiagnostics-color=always -std=c++11 -MD -MT third_party/mbedtls/CMakeFiles/duckdb_mbedtls.dir/library/rsa.cpp.o -MF third_party/mbedtls/CMakeFiles/duckdb_mbedtls.dir/library/rsa.cpp.o.d -o third_party/mbedtls/CMakeFiles/duckdb_mbedtls.dir/library/rsa.cpp.o -c /home/pei/Project/duckdb-polr/third_party/mbedtls/library/rsa.cpp
[337/376] /usr/bin/ccache /usr/lib/ccache/c++ -DDUCKDB_BUILD_LIBRARY -DENABLE_CROSS_PRODUCT_REWRITE=0 -DENABLE_DEBUG_PRINT=0 -DENABLE_MEASURE_EXE_TIME=0 -DENABLE_MERGE_BACK_PLAN=0 -DENABLE_PARALLEL_EXECUTION=0 -DENABLE_QUERY_SPLIT=0 -DENABLE_SPECIFY_EST_STAT=0 -I/home/pei/Project/duckdb-polr/src/include -I/home/pei/Project/duckdb-polr/third_party/fsst -I/home/pei/Project/duckdb-polr/third_party/fmt/include -I/home/pei/Project/duckdb-polr/third_party/hyperloglog -I/home/pei/Project/duckdb-polr/third_party/fastpforlib -I/home/pei/Project/duckdb-polr/third_party/fast_float -I/home/pei/Project/duckdb-polr/third_party/re2 -I/home/pei/Project/duckdb-polr/third_party/miniz -I/home/pei/Project/duckdb-polr/third_party/utf8proc/include -I/home/pei/Project/duckdb-polr/third_party/miniparquet -I/home/pei/Project/duckdb-polr/third_party/concurrentqueue -I/home/pei/Project/duckdb-polr/third_party/pcg -I/home/pei/Project/duckdb-polr/third_party/tdigest -I/home/pei/Project/duckdb-polr/third_party/mbedtls/include -I/home/pei/Project/duckdb-polr/third_party/jaro_winkler -O3 -DNDEBUG -O3 -DNDEBUG   -fPIC -fvisibility=hidden -fdiagnostics-color=always -std=c++11 -MD -MT third_party/mbedtls/CMakeFiles/duckdb_mbedtls.dir/library/rsa_alt_helpers.cpp.o -MF third_party/mbedtls/CMakeFiles/duckdb_mbedtls.dir/library/rsa_alt_helpers.cpp.o.d -o third_party/mbedtls/CMakeFiles/duckdb_mbedtls.dir/library/rsa_alt_helpers.cpp.o -c /home/pei/Project/duckdb-polr/third_party/mbedtls/library/rsa_alt_helpers.cpp
[338/376] /usr/bin/ccache /usr/lib/ccache/c++ -DDUCKDB_BUILD_LIBRARY -DENABLE_CROSS_PRODUCT_REWRITE=0 -DENABLE_DEBUG_PRINT=0 -DENABLE_MEASURE_EXE_TIME=0 -DENABLE_MERGE_BACK_PLAN=0 -DENABLE_PARALLEL_EXECUTION=0 -DENABLE_QUERY_SPLIT=0 -DENABLE_SPECIFY_EST_STAT=0 -I/home/pei/Project/duckdb-polr/src/include -I/home/pei/Project/duckdb-polr/third_party/fsst -I/home/pei/Project/duckdb-polr/third_party/fmt/include -I/home/pei/Project/duckdb-polr/third_party/hyperloglog -I/home/pei/Project/duckdb-polr/third_party/fastpforlib -I/home/pei/Project/duckdb-polr/third_party/fast_float -I/home/pei/Project/duckdb-polr/third_party/re2 -I/home/pei/Project/duckdb-polr/third_party/miniz -I/home/pei/Project/duckdb-polr/third_party/utf8proc/include -I/home/pei/Project/duckdb-polr/third_party/miniparquet -I/home/pei/Project/duckdb-polr/third_party/concurrentqueue -I/home/pei/Project/duckdb-polr/third_party/pcg -I/home/pei/Project/duckdb-polr/third_party/tdigest -I/home/pei/Project/duckdb-polr/third_party/mbedtls/include -I/home/pei/Project/duckdb-polr/third_party/jaro_winkler -O3 -DNDEBUG -O3 -DNDEBUG   -fPIC -fvisibility=hidden -fdiagnostics-color=always -std=c++11 -MD -MT third_party/mbedtls/CMakeFiles/duckdb_mbedtls.dir/library/md.cpp.o -MF third_party/mbedtls/CMakeFiles/duckdb_mbedtls.dir/library/md.cpp.o.d -o third_party/mbedtls/CMakeFiles/duckdb_mbedtls.dir/library/md.cpp.o -c /home/pei/Project/duckdb-polr/third_party/mbedtls/library/md.cpp
[339/376] /usr/bin/ccache /usr/lib/ccache/c++ -DDUCKDB_BUILD_LIBRARY -DENABLE_CROSS_PRODUCT_REWRITE=0 -DENABLE_DEBUG_PRINT=0 -DENABLE_MEASURE_EXE_TIME=0 -DENABLE_MERGE_BACK_PLAN=0 -DENABLE_PARALLEL_EXECUTION=0 -DENABLE_QUERY_SPLIT=0 -DENABLE_SPECIFY_EST_STAT=0 -I/home/pei/Project/duckdb-polr/src/include -I/home/pei/Project/duckdb-polr/third_party/fsst -I/home/pei/Project/duckdb-polr/third_party/fmt/include -I/home/pei/Project/duckdb-polr/third_party/hyperloglog -I/home/pei/Project/duckdb-polr/third_party/fastpforlib -I/home/pei/Project/duckdb-polr/third_party/fast_float -I/home/pei/Project/duckdb-polr/third_party/re2 -I/home/pei/Project/duckdb-polr/third_party/miniz -I/home/pei/Project/duckdb-polr/third_party/utf8proc/include -I/home/pei/Project/duckdb-polr/third_party/miniparquet -I/home/pei/Project/duckdb-polr/third_party/concurrentqueue -I/home/pei/Project/duckdb-polr/third_party/pcg -I/home/pei/Project/duckdb-polr/third_party/tdigest -I/home/pei/Project/duckdb-polr/third_party/mbedtls/include -I/home/pei/Project/duckdb-polr/third_party/jaro_winkler -I/home/pei/Project/duckdb-polr/third_party/libpg_query/include -O3 -DNDEBUG -O3 -DNDEBUG   -fPIC -fvisibility=hidden -fdiagnostics-color=always -w -std=c++11 -MD -MT third_party/libpg_query/CMakeFiles/duckdb_pg_query.dir/src_backend_parser_parser.cpp.o -MF third_party/libpg_query/CMakeFiles/duckdb_pg_query.dir/src_backend_parser_parser.cpp.o.d -o third_party/libpg_query/CMakeFiles/duckdb_pg_query.dir/src_backend_parser_parser.cpp.o -c /home/pei/Project/duckdb-polr/third_party/libpg_query/src_backend_parser_parser.cpp
[340/376] /usr/bin/ccache /usr/lib/ccache/c++ -DDUCKDB_BUILD_LIBRARY -DENABLE_CROSS_PRODUCT_REWRITE=0 -DENABLE_DEBUG_PRINT=0 -DENABLE_MEASURE_EXE_TIME=0 -DENABLE_MERGE_BACK_PLAN=0 -DENABLE_PARALLEL_EXECUTION=0 -DENABLE_QUERY_SPLIT=0 -DENABLE_SPECIFY_EST_STAT=0 -I/home/pei/Project/duckdb-polr/src/include -I/home/pei/Project/duckdb-polr/third_party/fsst -I/home/pei/Project/duckdb-polr/third_party/fmt/include -I/home/pei/Project/duckdb-polr/third_party/hyperloglog -I/home/pei/Project/duckdb-polr/third_party/fastpforlib -I/home/pei/Project/duckdb-polr/third_party/fast_float -I/home/pei/Project/duckdb-polr/third_party/re2 -I/home/pei/Project/duckdb-polr/third_party/miniz -I/home/pei/Project/duckdb-polr/third_party/utf8proc/include -I/home/pei/Project/duckdb-polr/third_party/miniparquet -I/home/pei/Project/duckdb-polr/third_party/concurrentqueue -I/home/pei/Project/duckdb-polr/third_party/pcg -I/home/pei/Project/duckdb-polr/third_party/tdigest -I/home/pei/Project/duckdb-polr/third_party/mbedtls/include -I/home/pei/Project/duckdb-polr/third_party/jaro_winkler -O3 -DNDEBUG -O3 -DNDEBUG   -fPIC -fvisibility=hidden -fdiagnostics-color=always -std=c++11 -MD -MT third_party/mbedtls/CMakeFiles/duckdb_mbedtls.dir/library/bignum.cpp.o -MF third_party/mbedtls/CMakeFiles/duckdb_mbedtls.dir/library/bignum.cpp.o.d -o third_party/mbedtls/CMakeFiles/duckdb_mbedtls.dir/library/bignum.cpp.o -c /home/pei/Project/duckdb-polr/third_party/mbedtls/library/bignum.cpp
[341/376] /usr/bin/ccache /usr/lib/ccache/c++ -DDUCKDB_BUILD_LIBRARY -DENABLE_CROSS_PRODUCT_REWRITE=0 -DENABLE_DEBUG_PRINT=0 -DENABLE_MEASURE_EXE_TIME=0 -DENABLE_MERGE_BACK_PLAN=0 -DENABLE_PARALLEL_EXECUTION=0 -DENABLE_QUERY_SPLIT=0 -DENABLE_SPECIFY_EST_STAT=0 -I/home/pei/Project/duckdb-polr/src/include -I/home/pei/Project/duckdb-polr/third_party/fsst -I/home/pei/Project/duckdb-polr/third_party/fmt/include -I/home/pei/Project/duckdb-polr/third_party/hyperloglog -I/home/pei/Project/duckdb-polr/third_party/fastpforlib -I/home/pei/Project/duckdb-polr/third_party/fast_float -I/home/pei/Project/duckdb-polr/third_party/re2 -I/home/pei/Project/duckdb-polr/third_party/miniz -I/home/pei/Project/duckdb-polr/third_party/utf8proc/include -I/home/pei/Project/duckdb-polr/third_party/miniparquet -I/home/pei/Project/duckdb-polr/third_party/concurrentqueue -I/home/pei/Project/duckdb-polr/third_party/pcg -I/home/pei/Project/duckdb-polr/third_party/tdigest -I/home/pei/Project/duckdb-polr/third_party/mbedtls/include -I/home/pei/Project/duckdb-polr/third_party/jaro_winkler -O3 -DNDEBUG -O3 -DNDEBUG   -fPIC -fvisibility=hidden -fdiagnostics-color=always -std=c++11 -MD -MT third_party/mbedtls/CMakeFiles/duckdb_mbedtls.dir/library/constant_time.cpp.o -MF third_party/mbedtls/CMakeFiles/duckdb_mbedtls.dir/library/constant_time.cpp.o.d -o third_party/mbedtls/CMakeFiles/duckdb_mbedtls.dir/library/constant_time.cpp.o -c /home/pei/Project/duckdb-polr/third_party/mbedtls/library/constant_time.cpp
[342/376] /usr/bin/ccache /usr/lib/ccache/c++ -DDUCKDB_BUILD_LIBRARY -DENABLE_CROSS_PRODUCT_REWRITE=0 -DENABLE_DEBUG_PRINT=0 -DENABLE_MEASURE_EXE_TIME=0 -DENABLE_MERGE_BACK_PLAN=0 -DENABLE_PARALLEL_EXECUTION=0 -DENABLE_QUERY_SPLIT=0 -DENABLE_SPECIFY_EST_STAT=0 -I/home/pei/Project/duckdb-polr/src/include -I/home/pei/Project/duckdb-polr/third_party/fsst -I/home/pei/Project/duckdb-polr/third_party/fmt/include -I/home/pei/Project/duckdb-polr/third_party/hyperloglog -I/home/pei/Project/duckdb-polr/third_party/fastpforlib -I/home/pei/Project/duckdb-polr/third_party/fast_float -I/home/pei/Project/duckdb-polr/third_party/re2 -I/home/pei/Project/duckdb-polr/third_party/miniz -I/home/pei/Project/duckdb-polr/third_party/utf8proc/include -I/home/pei/Project/duckdb-polr/third_party/miniparquet -I/home/pei/Project/duckdb-polr/third_party/concurrentqueue -I/home/pei/Project/duckdb-polr/third_party/pcg -I/home/pei/Project/duckdb-polr/third_party/tdigest -I/home/pei/Project/duckdb-polr/third_party/mbedtls/include -I/home/pei/Project/duckdb-polr/third_party/jaro_winkler -O3 -DNDEBUG -O3 -DNDEBUG   -fPIC -fvisibility=hidden -fdiagnostics-color=always -std=c++11 -MD -MT third_party/mbedtls/CMakeFiles/duckdb_mbedtls.dir/library/oid.cpp.o -MF third_party/mbedtls/CMakeFiles/duckdb_mbedtls.dir/library/oid.cpp.o.d -o third_party/mbedtls/CMakeFiles/duckdb_mbedtls.dir/library/oid.cpp.o -c /home/pei/Project/duckdb-polr/third_party/mbedtls/library/oid.cpp
[343/376] /usr/bin/ccache /usr/lib/ccache/c++ -DDUCKDB_BUILD_LIBRARY -DENABLE_CROSS_PRODUCT_REWRITE=0 -DENABLE_DEBUG_PRINT=0 -DENABLE_MEASURE_EXE_TIME=0 -DENABLE_MERGE_BACK_PLAN=0 -DENABLE_PARALLEL_EXECUTION=0 -DENABLE_QUERY_SPLIT=0 -DENABLE_SPECIFY_EST_STAT=0 -I/home/pei/Project/duckdb-polr/src/include -I/home/pei/Project/duckdb-polr/third_party/fsst -I/home/pei/Project/duckdb-polr/third_party/fmt/include -I/home/pei/Project/duckdb-polr/third_party/hyperloglog -I/home/pei/Project/duckdb-polr/third_party/fastpforlib -I/home/pei/Project/duckdb-polr/third_party/fast_float -I/home/pei/Project/duckdb-polr/third_party/re2 -I/home/pei/Project/duckdb-polr/third_party/miniz -I/home/pei/Project/duckdb-polr/third_party/utf8proc/include -I/home/pei/Project/duckdb-polr/third_party/miniparquet -I/home/pei/Project/duckdb-polr/third_party/concurrentqueue -I/home/pei/Project/duckdb-polr/third_party/pcg -I/home/pei/Project/duckdb-polr/third_party/tdigest -I/home/pei/Project/duckdb-polr/third_party/mbedtls/include -I/home/pei/Project/duckdb-polr/third_party/jaro_winkler -O3 -DNDEBUG -O3 -DNDEBUG   -fPIC -fvisibility=hidden -fdiagnostics-color=always -std=c++11 -MD -MT third_party/mbedtls/CMakeFiles/duckdb_mbedtls.dir/library/base64.cpp.o -MF third_party/mbedtls/CMakeFiles/duckdb_mbedtls.dir/library/base64.cpp.o.d -o third_party/mbedtls/CMakeFiles/duckdb_mbedtls.dir/library/base64.cpp.o -c /home/pei/Project/duckdb-polr/third_party/mbedtls/library/base64.cpp
[344/376] : && /usr/bin/cmake -E rm -f third_party/miniz/libduckdb_miniz.a && /usr/bin/ar qc third_party/miniz/libduckdb_miniz.a  third_party/miniz/CMakeFiles/duckdb_miniz.dir/miniz.cpp.o && /usr/bin/ranlib third_party/miniz/libduckdb_miniz.a && :
[345/376] /usr/bin/ccache /usr/lib/ccache/c++ -DDUCKDB_BUILD_LIBRARY -DENABLE_CROSS_PRODUCT_REWRITE=0 -DENABLE_DEBUG_PRINT=0 -DENABLE_MEASURE_EXE_TIME=0 -DENABLE_MERGE_BACK_PLAN=0 -DENABLE_PARALLEL_EXECUTION=0 -DENABLE_QUERY_SPLIT=0 -DENABLE_SPECIFY_EST_STAT=0 -I/home/pei/Project/duckdb-polr/src/include -I/home/pei/Project/duckdb-polr/third_party/fsst -I/home/pei/Project/duckdb-polr/third_party/fmt/include -I/home/pei/Project/duckdb-polr/third_party/hyperloglog -I/home/pei/Project/duckdb-polr/third_party/fastpforlib -I/home/pei/Project/duckdb-polr/third_party/fast_float -I/home/pei/Project/duckdb-polr/third_party/re2 -I/home/pei/Project/duckdb-polr/third_party/miniz -I/home/pei/Project/duckdb-polr/third_party/utf8proc/include -I/home/pei/Project/duckdb-polr/third_party/miniparquet -I/home/pei/Project/duckdb-polr/third_party/concurrentqueue -I/home/pei/Project/duckdb-polr/third_party/pcg -I/home/pei/Project/duckdb-polr/third_party/tdigest -I/home/pei/Project/duckdb-polr/third_party/mbedtls/include -I/home/pei/Project/duckdb-polr/third_party/jaro_winkler -O3 -DNDEBUG -O3 -DNDEBUG   -fPIC -fvisibility=hidden -fdiagnostics-color=always -std=c++11 -MD -MT third_party/mbedtls/CMakeFiles/duckdb_mbedtls.dir/library/platform_util.cpp.o -MF third_party/mbedtls/CMakeFiles/duckdb_mbedtls.dir/library/platform_util.cpp.o.d -o third_party/mbedtls/CMakeFiles/duckdb_mbedtls.dir/library/platform_util.cpp.o -c /home/pei/Project/duckdb-polr/third_party/mbedtls/library/platform_util.cpp
[346/376] /usr/bin/ccache /usr/lib/ccache/c++ -DDUCKDB_BUILD_LIBRARY -DENABLE_CROSS_PRODUCT_REWRITE=0 -DENABLE_DEBUG_PRINT=0 -DENABLE_MEASURE_EXE_TIME=0 -DENABLE_MERGE_BACK_PLAN=0 -DENABLE_PARALLEL_EXECUTION=0 -DENABLE_QUERY_SPLIT=0 -DENABLE_SPECIFY_EST_STAT=0 -I/home/pei/Project/duckdb-polr/src/include -I/home/pei/Project/duckdb-polr/third_party/fsst -I/home/pei/Project/duckdb-polr/third_party/fmt/include -I/home/pei/Project/duckdb-polr/third_party/hyperloglog -I/home/pei/Project/duckdb-polr/third_party/fastpforlib -I/home/pei/Project/duckdb-polr/third_party/fast_float -I/home/pei/Project/duckdb-polr/third_party/re2 -I/home/pei/Project/duckdb-polr/third_party/miniz -I/home/pei/Project/duckdb-polr/third_party/utf8proc/include -I/home/pei/Project/duckdb-polr/third_party/miniparquet -I/home/pei/Project/duckdb-polr/third_party/concurrentqueue -I/home/pei/Project/duckdb-polr/third_party/pcg -I/home/pei/Project/duckdb-polr/third_party/tdigest -I/home/pei/Project/duckdb-polr/third_party/mbedtls/include -I/home/pei/Project/duckdb-polr/third_party/jaro_winkler -O3 -DNDEBUG -O3 -DNDEBUG   -fPIC -fvisibility=hidden -fdiagnostics-color=always -std=c++11 -MD -MT third_party/mbedtls/CMakeFiles/duckdb_mbedtls.dir/library/pkparse.cpp.o -MF third_party/mbedtls/CMakeFiles/duckdb_mbedtls.dir/library/pkparse.cpp.o.d -o third_party/mbedtls/CMakeFiles/duckdb_mbedtls.dir/library/pkparse.cpp.o -c /home/pei/Project/duckdb-polr/third_party/mbedtls/library/pkparse.cpp
[347/376] /usr/bin/ccache /usr/lib/ccache/c++ -DDUCKDB_BUILD_LIBRARY -DENABLE_CROSS_PRODUCT_REWRITE=0 -DENABLE_DEBUG_PRINT=0 -DENABLE_MEASURE_EXE_TIME=0 -DENABLE_MERGE_BACK_PLAN=0 -DENABLE_PARALLEL_EXECUTION=0 -DENABLE_QUERY_SPLIT=0 -DENABLE_SPECIFY_EST_STAT=0 -I/home/pei/Project/duckdb-polr/src/include -I/home/pei/Project/duckdb-polr/third_party/fsst -I/home/pei/Project/duckdb-polr/third_party/fmt/include -I/home/pei/Project/duckdb-polr/third_party/hyperloglog -I/home/pei/Project/duckdb-polr/third_party/fastpforlib -I/home/pei/Project/duckdb-polr/third_party/fast_float -I/home/pei/Project/duckdb-polr/third_party/re2 -I/home/pei/Project/duckdb-polr/third_party/miniz -I/home/pei/Project/duckdb-polr/third_party/utf8proc/include -I/home/pei/Project/duckdb-polr/third_party/miniparquet -I/home/pei/Project/duckdb-polr/third_party/concurrentqueue -I/home/pei/Project/duckdb-polr/third_party/pcg -I/home/pei/Project/duckdb-polr/third_party/tdigest -I/home/pei/Project/duckdb-polr/third_party/mbedtls/include -I/home/pei/Project/duckdb-polr/third_party/jaro_winkler -O3 -DNDEBUG -O3 -DNDEBUG   -fPIC -fvisibility=hidden -fdiagnostics-color=always -std=c++11 -MD -MT third_party/mbedtls/CMakeFiles/duckdb_mbedtls.dir/library/pk.cpp.o -MF third_party/mbedtls/CMakeFiles/duckdb_mbedtls.dir/library/pk.cpp.o.d -o third_party/mbedtls/CMakeFiles/duckdb_mbedtls.dir/library/pk.cpp.o -c /home/pei/Project/duckdb-polr/third_party/mbedtls/library/pk.cpp
[348/376] /usr/bin/ccache /usr/lib/ccache/c++ -DDUCKDB_BUILD_LIBRARY -DENABLE_CROSS_PRODUCT_REWRITE=0 -DENABLE_DEBUG_PRINT=0 -DENABLE_MEASURE_EXE_TIME=0 -DENABLE_MERGE_BACK_PLAN=0 -DENABLE_PARALLEL_EXECUTION=0 -DENABLE_QUERY_SPLIT=0 -DENABLE_SPECIFY_EST_STAT=0 -I/home/pei/Project/duckdb-polr/src/include -I/home/pei/Project/duckdb-polr/third_party/fsst -I/home/pei/Project/duckdb-polr/third_party/fmt/include -I/home/pei/Project/duckdb-polr/third_party/hyperloglog -I/home/pei/Project/duckdb-polr/third_party/fastpforlib -I/home/pei/Project/duckdb-polr/third_party/fast_float -I/home/pei/Project/duckdb-polr/third_party/re2 -I/home/pei/Project/duckdb-polr/third_party/miniz -I/home/pei/Project/duckdb-polr/third_party/utf8proc/include -I/home/pei/Project/duckdb-polr/third_party/miniparquet -I/home/pei/Project/duckdb-polr/third_party/concurrentqueue -I/home/pei/Project/duckdb-polr/third_party/pcg -I/home/pei/Project/duckdb-polr/third_party/tdigest -I/home/pei/Project/duckdb-polr/third_party/mbedtls/include -I/home/pei/Project/duckdb-polr/third_party/jaro_winkler -O3 -DNDEBUG -O3 -DNDEBUG   -fPIC -fvisibility=hidden -fdiagnostics-color=always -std=c++11 -MD -MT third_party/mbedtls/CMakeFiles/duckdb_mbedtls.dir/library/pk_wrap.cpp.o -MF third_party/mbedtls/CMakeFiles/duckdb_mbedtls.dir/library/pk_wrap.cpp.o.d -o third_party/mbedtls/CMakeFiles/duckdb_mbedtls.dir/library/pk_wrap.cpp.o -c /home/pei/Project/duckdb-polr/third_party/mbedtls/library/pk_wrap.cpp
[349/376] : && /usr/bin/cmake -E rm -f third_party/hyperloglog/libduckdb_hyperloglog.a && /usr/bin/ar qc third_party/hyperloglog/libduckdb_hyperloglog.a  third_party/hyperloglog/CMakeFiles/duckdb_hyperloglog.dir/hyperloglog.cpp.o third_party/hyperloglog/CMakeFiles/duckdb_hyperloglog.dir/sds.cpp.o && /usr/bin/ranlib third_party/hyperloglog/libduckdb_hyperloglog.a && :
[350/376] /usr/bin/ccache /usr/lib/ccache/c++ -DDUCKDB_BUILD_LIBRARY -DENABLE_CROSS_PRODUCT_REWRITE=0 -DENABLE_DEBUG_PRINT=0 -DENABLE_MEASURE_EXE_TIME=0 -DENABLE_MERGE_BACK_PLAN=0 -DENABLE_PARALLEL_EXECUTION=0 -DENABLE_QUERY_SPLIT=0 -DENABLE_SPECIFY_EST_STAT=0 -I/home/pei/Project/duckdb-polr/src/include -I/home/pei/Project/duckdb-polr/third_party/fsst -I/home/pei/Project/duckdb-polr/third_party/fmt/include -I/home/pei/Project/duckdb-polr/third_party/hyperloglog -I/home/pei/Project/duckdb-polr/third_party/fastpforlib -I/home/pei/Project/duckdb-polr/third_party/fast_float -I/home/pei/Project/duckdb-polr/third_party/re2 -I/home/pei/Project/duckdb-polr/third_party/miniz -I/home/pei/Project/duckdb-polr/third_party/utf8proc/include -I/home/pei/Project/duckdb-polr/third_party/miniparquet -I/home/pei/Project/duckdb-polr/third_party/concurrentqueue -I/home/pei/Project/duckdb-polr/third_party/pcg -I/home/pei/Project/duckdb-polr/third_party/tdigest -I/home/pei/Project/duckdb-polr/third_party/mbedtls/include -I/home/pei/Project/duckdb-polr/third_party/jaro_winkler -O3 -DNDEBUG -O3 -DNDEBUG   -fPIC -fvisibility=hidden -fdiagnostics-color=always -std=c++11 -MD -MT third_party/mbedtls/CMakeFiles/duckdb_mbedtls.dir/library/asn1parse.cpp.o -MF third_party/mbedtls/CMakeFiles/duckdb_mbedtls.dir/library/asn1parse.cpp.o.d -o third_party/mbedtls/CMakeFiles/duckdb_mbedtls.dir/library/asn1parse.cpp.o -c /home/pei/Project/duckdb-polr/third_party/mbedtls/library/asn1parse.cpp
[351/376] /usr/bin/ccache /usr/lib/ccache/c++ -DDUCKDB_BUILD_LIBRARY -DENABLE_CROSS_PRODUCT_REWRITE=0 -DENABLE_DEBUG_PRINT=0 -DENABLE_MEASURE_EXE_TIME=0 -DENABLE_MERGE_BACK_PLAN=0 -DENABLE_PARALLEL_EXECUTION=0 -DENABLE_QUERY_SPLIT=0 -DENABLE_SPECIFY_EST_STAT=0 -I/home/pei/Project/duckdb-polr/src/include -I/home/pei/Project/duckdb-polr/third_party/fsst -I/home/pei/Project/duckdb-polr/third_party/fmt/include -I/home/pei/Project/duckdb-polr/third_party/hyperloglog -I/home/pei/Project/duckdb-polr/third_party/fastpforlib -I/home/pei/Project/duckdb-polr/third_party/fast_float -I/home/pei/Project/duckdb-polr/third_party/re2 -I/home/pei/Project/duckdb-polr/third_party/miniz -I/home/pei/Project/duckdb-polr/third_party/utf8proc/include -I/home/pei/Project/duckdb-polr/third_party/miniparquet -I/home/pei/Project/duckdb-polr/third_party/concurrentqueue -I/home/pei/Project/duckdb-polr/third_party/pcg -I/home/pei/Project/duckdb-polr/third_party/tdigest -I/home/pei/Project/duckdb-polr/third_party/mbedtls/include -I/home/pei/Project/duckdb-polr/third_party/jaro_winkler -O3 -DNDEBUG -O3 -DNDEBUG   -fPIC -fvisibility=hidden -fdiagnostics-color=always -std=c++11 -MD -MT third_party/mbedtls/CMakeFiles/duckdb_mbedtls.dir/library/pem.cpp.o -MF third_party/mbedtls/CMakeFiles/duckdb_mbedtls.dir/library/pem.cpp.o.d -o third_party/mbedtls/CMakeFiles/duckdb_mbedtls.dir/library/pem.cpp.o -c /home/pei/Project/duckdb-polr/third_party/mbedtls/library/pem.cpp
[352/376] /usr/bin/ccache /usr/lib/ccache/c++ -DDUCKDB_BUILD_LIBRARY -DENABLE_CROSS_PRODUCT_REWRITE=0 -DENABLE_DEBUG_PRINT=0 -DENABLE_MEASURE_EXE_TIME=0 -DENABLE_MERGE_BACK_PLAN=0 -DENABLE_PARALLEL_EXECUTION=0 -DENABLE_QUERY_SPLIT=0 -DENABLE_SPECIFY_EST_STAT=0 -I/home/pei/Project/duckdb-polr/src/include -I/home/pei/Project/duckdb-polr/third_party/fsst -I/home/pei/Project/duckdb-polr/third_party/fmt/include -I/home/pei/Project/duckdb-polr/third_party/hyperloglog -I/home/pei/Project/duckdb-polr/third_party/fastpforlib -I/home/pei/Project/duckdb-polr/third_party/fast_float -I/home/pei/Project/duckdb-polr/third_party/re2 -I/home/pei/Project/duckdb-polr/third_party/miniz -I/home/pei/Project/duckdb-polr/third_party/utf8proc/include -I/home/pei/Project/duckdb-polr/third_party/miniparquet -I/home/pei/Project/duckdb-polr/third_party/concurrentqueue -I/home/pei/Project/duckdb-polr/third_party/pcg -I/home/pei/Project/duckdb-polr/third_party/tdigest -I/home/pei/Project/duckdb-polr/third_party/mbedtls/include -I/home/pei/Project/duckdb-polr/third_party/jaro_winkler -I/home/pei/Project/duckdb-polr/third_party/libpg_query/include -O3 -DNDEBUG -O3 -DNDEBUG   -fPIC -fvisibility=hidden -fdiagnostics-color=always -w -std=c++11 -MD -MT third_party/libpg_query/CMakeFiles/duckdb_pg_query.dir/src_backend_parser_scan.cpp.o -MF third_party/libpg_query/CMakeFiles/duckdb_pg_query.dir/src_backend_parser_scan.cpp.o.d -o third_party/libpg_query/CMakeFiles/duckdb_pg_query.dir/src_backend_parser_scan.cpp.o -c /home/pei/Project/duckdb-polr/third_party/libpg_query/src_backend_parser_scan.cpp
[353/376] : && /usr/bin/cmake -E rm -f third_party/utf8proc/libduckdb_utf8proc.a && /usr/bin/ar qc third_party/utf8proc/libduckdb_utf8proc.a  third_party/utf8proc/CMakeFiles/duckdb_utf8proc.dir/utf8proc.cpp.o third_party/utf8proc/CMakeFiles/duckdb_utf8proc.dir/utf8proc_wrapper.cpp.o && /usr/bin/ranlib third_party/utf8proc/libduckdb_utf8proc.a && :
[354/376] /usr/bin/ccache /usr/lib/ccache/c++ -DDUCKDB_BUILD_LIBRARY -DENABLE_CROSS_PRODUCT_REWRITE=0 -DENABLE_DEBUG_PRINT=0 -DENABLE_MEASURE_EXE_TIME=0 -DENABLE_MERGE_BACK_PLAN=0 -DENABLE_PARALLEL_EXECUTION=0 -DENABLE_QUERY_SPLIT=0 -DENABLE_SPECIFY_EST_STAT=0 -I/home/pei/Project/duckdb-polr/src/include -I/home/pei/Project/duckdb-polr/third_party/fsst -I/home/pei/Project/duckdb-polr/third_party/fmt/include -I/home/pei/Project/duckdb-polr/third_party/hyperloglog -I/home/pei/Project/duckdb-polr/third_party/fastpforlib -I/home/pei/Project/duckdb-polr/third_party/fast_float -I/home/pei/Project/duckdb-polr/third_party/re2 -I/home/pei/Project/duckdb-polr/third_party/miniz -I/home/pei/Project/duckdb-polr/third_party/utf8proc/include -I/home/pei/Project/duckdb-polr/third_party/miniparquet -I/home/pei/Project/duckdb-polr/third_party/concurrentqueue -I/home/pei/Project/duckdb-polr/third_party/pcg -I/home/pei/Project/duckdb-polr/third_party/tdigest -I/home/pei/Project/duckdb-polr/third_party/mbedtls/include -I/home/pei/Project/duckdb-polr/third_party/jaro_winkler -O3 -DNDEBUG -O3 -DNDEBUG   -fPIC -fvisibility=hidden -fdiagnostics-color=always -w -std=c++11 -O1 -MD -MT third_party/fsst/CMakeFiles/duckdb_fsst.dir/fsst_avx512.cpp.o -MF third_party/fsst/CMakeFiles/duckdb_fsst.dir/fsst_avx512.cpp.o.d -o third_party/fsst/CMakeFiles/duckdb_fsst.dir/fsst_avx512.cpp.o -c /home/pei/Project/duckdb-polr/third_party/fsst/fsst_avx512.cpp
[355/376] /usr/bin/ccache /usr/lib/ccache/c++ -DDUCKDB_BUILD_LIBRARY -DENABLE_CROSS_PRODUCT_REWRITE=0 -DENABLE_DEBUG_PRINT=0 -DENABLE_MEASURE_EXE_TIME=0 -DENABLE_MERGE_BACK_PLAN=0 -DENABLE_PARALLEL_EXECUTION=0 -DENABLE_QUERY_SPLIT=0 -DENABLE_SPECIFY_EST_STAT=0 -I/home/pei/Project/duckdb-polr/src/include -I/home/pei/Project/duckdb-polr/third_party/fsst -I/home/pei/Project/duckdb-polr/third_party/fmt/include -I/home/pei/Project/duckdb-polr/third_party/hyperloglog -I/home/pei/Project/duckdb-polr/third_party/fastpforlib -I/home/pei/Project/duckdb-polr/third_party/fast_float -I/home/pei/Project/duckdb-polr/third_party/re2 -I/home/pei/Project/duckdb-polr/third_party/miniz -I/home/pei/Project/duckdb-polr/third_party/utf8proc/include -I/home/pei/Project/duckdb-polr/third_party/miniparquet -I/home/pei/Project/duckdb-polr/third_party/concurrentqueue -I/home/pei/Project/duckdb-polr/third_party/pcg -I/home/pei/Project/duckdb-polr/third_party/tdigest -I/home/pei/Project/duckdb-polr/third_party/mbedtls/include -I/home/pei/Project/duckdb-polr/third_party/jaro_winkler -O3 -DNDEBUG -O3 -DNDEBUG   -fPIC -fvisibility=hidden -fdiagnostics-color=always -w -std=c++11 -MD -MT third_party/fsst/CMakeFiles/duckdb_fsst.dir/libfsst.cpp.o -MF third_party/fsst/CMakeFiles/duckdb_fsst.dir/libfsst.cpp.o.d -o third_party/fsst/CMakeFiles/duckdb_fsst.dir/libfsst.cpp.o -c /home/pei/Project/duckdb-polr/third_party/fsst/libfsst.cpp
[356/376] /usr/bin/ccache /usr/lib/ccache/c++ -DDUCKDB_BUILD_LIBRARY -DENABLE_CROSS_PRODUCT_REWRITE=0 -DENABLE_DEBUG_PRINT=0 -DENABLE_MEASURE_EXE_TIME=0 -DENABLE_MERGE_BACK_PLAN=0 -DENABLE_PARALLEL_EXECUTION=0 -DENABLE_QUERY_SPLIT=0 -DENABLE_SPECIFY_EST_STAT=0 -I/home/pei/Project/duckdb-polr/src/include -I/home/pei/Project/duckdb-polr/third_party/fsst -I/home/pei/Project/duckdb-polr/third_party/fmt/include -I/home/pei/Project/duckdb-polr/third_party/hyperloglog -I/home/pei/Project/duckdb-polr/third_party/fastpforlib -I/home/pei/Project/duckdb-polr/third_party/fast_float -I/home/pei/Project/duckdb-polr/third_party/re2 -I/home/pei/Project/duckdb-polr/third_party/miniz -I/home/pei/Project/duckdb-polr/third_party/utf8proc/include -I/home/pei/Project/duckdb-polr/third_party/miniparquet -I/home/pei/Project/duckdb-polr/third_party/concurrentqueue -I/home/pei/Project/duckdb-polr/third_party/pcg -I/home/pei/Project/duckdb-polr/third_party/tdigest -I/home/pei/Project/duckdb-polr/third_party/mbedtls/include -I/home/pei/Project/duckdb-polr/third_party/jaro_winkler -I/home/pei/Project/duckdb-polr/third_party/imdb/include -O3 -DNDEBUG -O3 -DNDEBUG   -fPIC -fdiagnostics-color=always -w -std=c++11 -MD -MT third_party/imdb/CMakeFiles/imdb.dir/imdb.cpp.o -MF third_party/imdb/CMakeFiles/imdb.dir/imdb.cpp.o.d -o third_party/imdb/CMakeFiles/imdb.dir/imdb.cpp.o -c /home/pei/Project/duckdb-polr/third_party/imdb/imdb.cpp
[357/376] /usr/bin/ccache /usr/lib/ccache/cc -DDUCKDB_BUILD_LIBRARY -DENABLE_CROSS_PRODUCT_REWRITE=0 -DENABLE_DEBUG_PRINT=0 -DENABLE_MEASURE_EXE_TIME=0 -DENABLE_MERGE_BACK_PLAN=0 -DENABLE_PARALLEL_EXECUTION=0 -DENABLE_QUERY_SPLIT=0 -DENABLE_SPECIFY_EST_STAT=0 -I/home/pei/Project/duckdb-polr/src/include -I/home/pei/Project/duckdb-polr/third_party/fsst -I/home/pei/Project/duckdb-polr/third_party/fmt/include -I/home/pei/Project/duckdb-polr/third_party/hyperloglog -I/home/pei/Project/duckdb-polr/third_party/fastpforlib -I/home/pei/Project/duckdb-polr/third_party/fast_float -I/home/pei/Project/duckdb-polr/third_party/re2 -I/home/pei/Project/duckdb-polr/third_party/miniz -I/home/pei/Project/duckdb-polr/third_party/utf8proc/include -I/home/pei/Project/duckdb-polr/third_party/miniparquet -I/home/pei/Project/duckdb-polr/third_party/concurrentqueue -I/home/pei/Project/duckdb-polr/third_party/pcg -I/home/pei/Project/duckdb-polr/third_party/tdigest -I/home/pei/Project/duckdb-polr/third_party/mbedtls/include -I/home/pei/Project/duckdb-polr/third_party/jaro_winkler -I/home/pei/Project/duckdb-polr/third_party/sqlite/include -O3 -DNDEBUG -O3 -DNDEBUG   -fPIC -fvisibility=hidden -fdiagnostics-color=always -MD -MT third_party/sqlite/CMakeFiles/duckdb_sqlite3.dir/sqlite3.c.o -MF third_party/sqlite/CMakeFiles/duckdb_sqlite3.dir/sqlite3.c.o.d -o third_party/sqlite/CMakeFiles/duckdb_sqlite3.dir/sqlite3.c.o -c /home/pei/Project/duckdb-polr/third_party/sqlite/sqlite3.c
[358/376] : && /usr/bin/cmake -E rm -f third_party/fastpforlib/libduckdb_fastpforlib.a && /usr/bin/ar qc third_party/fastpforlib/libduckdb_fastpforlib.a  third_party/fastpforlib/CMakeFiles/duckdb_fastpforlib.dir/bitpacking.cpp.o && /usr/bin/ranlib third_party/fastpforlib/libduckdb_fastpforlib.a && :
[359/376] : && /usr/bin/cmake -E rm -f third_party/fsst/libduckdb_fsst.a && /usr/bin/ar qc third_party/fsst/libduckdb_fsst.a  third_party/fsst/CMakeFiles/duckdb_fsst.dir/libfsst.cpp.o third_party/fsst/CMakeFiles/duckdb_fsst.dir/fsst_avx512.cpp.o && /usr/bin/ranlib third_party/fsst/libduckdb_fsst.a && :
[360/376] : && /usr/bin/cmake -E rm -f third_party/imdb/libimdb.a && /usr/bin/ar qc third_party/imdb/libimdb.a  third_party/imdb/CMakeFiles/imdb.dir/imdb.cpp.o && /usr/bin/ranlib third_party/imdb/libimdb.a && :
[361/376] : && /usr/bin/cmake -E rm -f third_party/mbedtls/libduckdb_mbedtls.a && /usr/bin/ar qc third_party/mbedtls/libduckdb_mbedtls.a  third_party/mbedtls/CMakeFiles/duckdb_mbedtls.dir/mbedtls_wrapper.cpp.o third_party/mbedtls/CMakeFiles/duckdb_mbedtls.dir/library/sha256.cpp.o third_party/mbedtls/CMakeFiles/duckdb_mbedtls.dir/library/rsa.cpp.o third_party/mbedtls/CMakeFiles/duckdb_mbedtls.dir/library/rsa_alt_helpers.cpp.o third_party/mbedtls/CMakeFiles/duckdb_mbedtls.dir/library/md.cpp.o third_party/mbedtls/CMakeFiles/duckdb_mbedtls.dir/library/bignum.cpp.o third_party/mbedtls/CMakeFiles/duckdb_mbedtls.dir/library/oid.cpp.o third_party/mbedtls/CMakeFiles/duckdb_mbedtls.dir/library/constant_time.cpp.o third_party/mbedtls/CMakeFiles/duckdb_mbedtls.dir/library/platform_util.cpp.o third_party/mbedtls/CMakeFiles/duckdb_mbedtls.dir/library/base64.cpp.o third_party/mbedtls/CMakeFiles/duckdb_mbedtls.dir/library/pkparse.cpp.o third_party/mbedtls/CMakeFiles/duckdb_mbedtls.dir/library/pk.cpp.o third_party/mbedtls/CMakeFiles/duckdb_mbedtls.dir/library/pk_wrap.cpp.o third_party/mbedtls/CMakeFiles/duckdb_mbedtls.dir/library/asn1parse.cpp.o third_party/mbedtls/CMakeFiles/duckdb_mbedtls.dir/library/pem.cpp.o && /usr/bin/ranlib third_party/mbedtls/libduckdb_mbedtls.a && :
[362/376] /usr/bin/ccache /usr/lib/ccache/c++ -DDUCKDB_BUILD_LIBRARY -DENABLE_CROSS_PRODUCT_REWRITE=0 -DENABLE_DEBUG_PRINT=0 -DENABLE_MEASURE_EXE_TIME=0 -DENABLE_MERGE_BACK_PLAN=0 -DENABLE_PARALLEL_EXECUTION=0 -DENABLE_QUERY_SPLIT=0 -DENABLE_SPECIFY_EST_STAT=0 -I/home/pei/Project/duckdb-polr/src/include -I/home/pei/Project/duckdb-polr/third_party/fsst -I/home/pei/Project/duckdb-polr/third_party/fmt/include -I/home/pei/Project/duckdb-polr/third_party/hyperloglog -I/home/pei/Project/duckdb-polr/third_party/fastpforlib -I/home/pei/Project/duckdb-polr/third_party/fast_float -I/home/pei/Project/duckdb-polr/third_party/re2 -I/home/pei/Project/duckdb-polr/third_party/miniz -I/home/pei/Project/duckdb-polr/third_party/utf8proc/include -I/home/pei/Project/duckdb-polr/third_party/miniparquet -I/home/pei/Project/duckdb-polr/third_party/concurrentqueue -I/home/pei/Project/duckdb-polr/third_party/pcg -I/home/pei/Project/duckdb-polr/third_party/tdigest -I/home/pei/Project/duckdb-polr/third_party/mbedtls/include -I/home/pei/Project/duckdb-polr/third_party/jaro_winkler -I/home/pei/Project/duckdb-polr/third_party/libpg_query/include -O3 -DNDEBUG -O3 -DNDEBUG   -fPIC -fvisibility=hidden -fdiagnostics-color=always -w -std=c++11 -MD -MT third_party/libpg_query/CMakeFiles/duckdb_pg_query.dir/src_common_keywords.cpp.o -MF third_party/libpg_query/CMakeFiles/duckdb_pg_query.dir/src_common_keywords.cpp.o.d -o third_party/libpg_query/CMakeFiles/duckdb_pg_query.dir/src_common_keywords.cpp.o -c /home/pei/Project/duckdb-polr/third_party/libpg_query/src_common_keywords.cpp
[363/376] : && /usr/bin/cmake -E rm -f third_party/sqlite/libduckdb_sqlite3.a && /usr/bin/ar qc third_party/sqlite/libduckdb_sqlite3.a  third_party/sqlite/CMakeFiles/duckdb_sqlite3.dir/sqlite3.c.o && /usr/bin/ranlib third_party/sqlite/libduckdb_sqlite3.a && :
[364/376] /usr/bin/ccache /usr/lib/ccache/c++ -DDUCKDB_BUILD_LIBRARY -DENABLE_CROSS_PRODUCT_REWRITE=0 -DENABLE_DEBUG_PRINT=0 -DENABLE_MEASURE_EXE_TIME=0 -DENABLE_MERGE_BACK_PLAN=0 -DENABLE_PARALLEL_EXECUTION=0 -DENABLE_QUERY_SPLIT=0 -DENABLE_SPECIFY_EST_STAT=0 -I/home/pei/Project/duckdb-polr/src/include -I/home/pei/Project/duckdb-polr/third_party/fsst -I/home/pei/Project/duckdb-polr/third_party/fmt/include -I/home/pei/Project/duckdb-polr/third_party/hyperloglog -I/home/pei/Project/duckdb-polr/third_party/fastpforlib -I/home/pei/Project/duckdb-polr/third_party/fast_float -I/home/pei/Project/duckdb-polr/third_party/re2 -I/home/pei/Project/duckdb-polr/third_party/miniz -I/home/pei/Project/duckdb-polr/third_party/utf8proc/include -I/home/pei/Project/duckdb-polr/third_party/miniparquet -I/home/pei/Project/duckdb-polr/third_party/concurrentqueue -I/home/pei/Project/duckdb-polr/third_party/pcg -I/home/pei/Project/duckdb-polr/third_party/tdigest -I/home/pei/Project/duckdb-polr/third_party/mbedtls/include -I/home/pei/Project/duckdb-polr/third_party/jaro_winkler -I/home/pei/Project/duckdb-polr/third_party/libpg_query/include -O3 -DNDEBUG -O3 -DNDEBUG   -fPIC -fvisibility=hidden -fdiagnostics-color=always -w -std=c++11 -MD -MT third_party/libpg_query/CMakeFiles/duckdb_pg_query.dir/src_backend_parser_gram.cpp.o -MF third_party/libpg_query/CMakeFiles/duckdb_pg_query.dir/src_backend_parser_gram.cpp.o.d -o third_party/libpg_query/CMakeFiles/duckdb_pg_query.dir/src_backend_parser_gram.cpp.o -c /home/pei/Project/duckdb-polr/third_party/libpg_query/src_backend_parser_gram.cpp
[365/376] : && /usr/bin/cmake -E rm -f third_party/re2/libduckdb_re2.a && /usr/bin/ar qc third_party/re2/libduckdb_re2.a  third_party/re2/CMakeFiles/duckdb_re2.dir/re2/bitstate.cc.o third_party/re2/CMakeFiles/duckdb_re2.dir/re2/compile.cc.o third_party/re2/CMakeFiles/duckdb_re2.dir/re2/dfa.cc.o third_party/re2/CMakeFiles/duckdb_re2.dir/re2/filtered_re2.cc.o third_party/re2/CMakeFiles/duckdb_re2.dir/re2/mimics_pcre.cc.o third_party/re2/CMakeFiles/duckdb_re2.dir/re2/nfa.cc.o third_party/re2/CMakeFiles/duckdb_re2.dir/re2/onepass.cc.o third_party/re2/CMakeFiles/duckdb_re2.dir/re2/parse.cc.o third_party/re2/CMakeFiles/duckdb_re2.dir/re2/perl_groups.cc.o third_party/re2/CMakeFiles/duckdb_re2.dir/re2/prefilter.cc.o third_party/re2/CMakeFiles/duckdb_re2.dir/re2/prefilter_tree.cc.o third_party/re2/CMakeFiles/duckdb_re2.dir/re2/prog.cc.o third_party/re2/CMakeFiles/duckdb_re2.dir/re2/re2.cc.o third_party/re2/CMakeFiles/duckdb_re2.dir/re2/regexp.cc.o third_party/re2/CMakeFiles/duckdb_re2.dir/re2/set.cc.o third_party/re2/CMakeFiles/duckdb_re2.dir/re2/simplify.cc.o third_party/re2/CMakeFiles/duckdb_re2.dir/re2/stringpiece.cc.o third_party/re2/CMakeFiles/duckdb_re2.dir/re2/tostring.cc.o third_party/re2/CMakeFiles/duckdb_re2.dir/re2/unicode_casefold.cc.o third_party/re2/CMakeFiles/duckdb_re2.dir/re2/unicode_groups.cc.o third_party/re2/CMakeFiles/duckdb_re2.dir/util/rune.cc.o third_party/re2/CMakeFiles/duckdb_re2.dir/util/strutil.cc.o && /usr/bin/ranlib third_party/re2/libduckdb_re2.a && :
[366/376] : && /usr/bin/cmake -E rm -f third_party/libpg_query/libduckdb_pg_query.a && /usr/bin/ar qc third_party/libpg_query/libduckdb_pg_query.a  third_party/libpg_query/CMakeFiles/duckdb_pg_query.dir/postgres_parser.cpp.o third_party/libpg_query/CMakeFiles/duckdb_pg_query.dir/pg_functions.cpp.o third_party/libpg_query/CMakeFiles/duckdb_pg_query.dir/src_backend_parser_parser.cpp.o third_party/libpg_query/CMakeFiles/duckdb_pg_query.dir/src_backend_parser_gram.cpp.o third_party/libpg_query/CMakeFiles/duckdb_pg_query.dir/src_backend_nodes_list.cpp.o third_party/libpg_query/CMakeFiles/duckdb_pg_query.dir/src_backend_parser_scansup.cpp.o third_party/libpg_query/CMakeFiles/duckdb_pg_query.dir/src_backend_nodes_makefuncs.cpp.o third_party/libpg_query/CMakeFiles/duckdb_pg_query.dir/src_backend_nodes_value.cpp.o third_party/libpg_query/CMakeFiles/duckdb_pg_query.dir/src_backend_parser_scan.cpp.o third_party/libpg_query/CMakeFiles/duckdb_pg_query.dir/src_common_keywords.cpp.o && /usr/bin/ranlib third_party/libpg_query/libduckdb_pg_query.a && :
[367/376] /usr/bin/ccache /usr/lib/ccache/c++ -DBUILD_JEMALLOC_EXTENSION=ON -DDUCKDB -DDUCKDB_BUILD_LIBRARY -DDUCKDB_MAIN_LIBRARY -DENABLE_CROSS_PRODUCT_REWRITE=0 -DENABLE_DEBUG_PRINT=0 -DENABLE_MEASURE_EXE_TIME=0 -DENABLE_MERGE_BACK_PLAN=0 -DENABLE_PARALLEL_EXECUTION=0 -DENABLE_QUERY_SPLIT=0 -DENABLE_SPECIFY_EST_STAT=0 -I/home/pei/Project/duckdb-polr/src/include -I/home/pei/Project/duckdb-polr/third_party/fsst -I/home/pei/Project/duckdb-polr/third_party/fmt/include -I/home/pei/Project/duckdb-polr/third_party/hyperloglog -I/home/pei/Project/duckdb-polr/third_party/fastpforlib -I/home/pei/Project/duckdb-polr/third_party/fast_float -I/home/pei/Project/duckdb-polr/third_party/re2 -I/home/pei/Project/duckdb-polr/third_party/miniz -I/home/pei/Project/duckdb-polr/third_party/utf8proc/include -I/home/pei/Project/duckdb-polr/third_party/miniparquet -I/home/pei/Project/duckdb-polr/third_party/concurrentqueue -I/home/pei/Project/duckdb-polr/third_party/pcg -I/home/pei/Project/duckdb-polr/third_party/tdigest -I/home/pei/Project/duckdb-polr/third_party/mbedtls/include -I/home/pei/Project/duckdb-polr/third_party/jaro_winkler -I/home/pei/Project/duckdb-polr/extension/jemalloc/include -O3 -DNDEBUG -O3 -DNDEBUG   -fPIC -fdiagnostics-color=always -std=c++11 -MD -MT src/common/CMakeFiles/duckdb_common.dir/ub_duckdb_common.cpp.o -MF src/common/CMakeFiles/duckdb_common.dir/ub_duckdb_common.cpp.o.d -o src/common/CMakeFiles/duckdb_common.dir/ub_duckdb_common.cpp.o -c /home/pei/Project/duckdb-polr/build/release/src/common/ub_duckdb_common.cpp
[368/376] : && /usr/bin/cmake -E rm -f src/libduckdb_static.a && /usr/bin/ar qc src/libduckdb_static.a  src/optimizer/matcher/CMakeFiles/duckdb_optimizer_matcher.dir/ub_duckdb_optimizer_matcher.cpp.o src/optimizer/join_order/CMakeFiles/duckdb_optimizer_join_order.dir/ub_duckdb_optimizer_join_order.cpp.o src/optimizer/pushdown/CMakeFiles/duckdb_optimizer_pushdown.dir/ub_duckdb_optimizer_pushdown.cpp.o src/optimizer/pullup/CMakeFiles/duckdb_optimizer_pullup.dir/ub_duckdb_optimizer_pullup.cpp.o src/optimizer/rule/CMakeFiles/duckdb_optimizer_rules.dir/ub_duckdb_optimizer_rules.cpp.o src/optimizer/statistics/expression/CMakeFiles/duckdb_optimizer_statistics_expr.dir/ub_duckdb_optimizer_statistics_expr.cpp.o src/optimizer/statistics/operator/CMakeFiles/duckdb_optimizer_statistics_op.dir/ub_duckdb_optimizer_statistics_op.cpp.o src/optimizer/query_split/CMakeFiles/duckdb_optimizer_query_split.dir/ub_duckdb_optimizer_query_split.cpp.o src/optimizer/CMakeFiles/duckdb_optimizer.dir/ub_duckdb_optimizer.cpp.o src/planner/expression/CMakeFiles/duckdb_planner_expression.dir/ub_duckdb_planner_expression.cpp.o src/planner/binder/expression/CMakeFiles/duckdb_bind_expression.dir/ub_duckdb_bind_expression.cpp.o src/planner/binder/query_node/CMakeFiles/duckdb_bind_query_node.dir/ub_duckdb_bind_query_node.cpp.o src/planner/binder/statement/CMakeFiles/duckdb_bind_statement.dir/ub_duckdb_bind_statement.cpp.o src/planner/binder/tableref/CMakeFiles/duckdb_bind_tableref.dir/ub_duckdb_bind_tableref.cpp.o src/planner/expression_binder/CMakeFiles/duckdb_expression_binders.dir/ub_duckdb_expression_binders.cpp.o src/planner/filter/CMakeFiles/duckdb_planner_filter.dir/ub_duckdb_planner_filter.cpp.o src/planner/parsed_data/CMakeFiles/duckdb_planner_parsed_data.dir/ub_duckdb_planner_parsed_data.cpp.o src/planner/operator/CMakeFiles/duckdb_planner_operator.dir/ub_duckdb_planner_operator.cpp.o src/planner/subquery/CMakeFiles/duckdb_planner_subquery.dir/ub_duckdb_planner_subquery.cpp.o src/planner/CMakeFiles/duckdb_planner.dir/ub_duckdb_planner.cpp.o src/parser/constraints/CMakeFiles/duckdb_constraints.dir/ub_duckdb_constraints.cpp.o src/parser/expression/CMakeFiles/duckdb_expression.dir/ub_duckdb_expression.cpp.o src/parser/parsed_data/CMakeFiles/duckdb_parsed_data.dir/ub_duckdb_parsed_data.cpp.o src/parser/query_node/CMakeFiles/duckdb_query_node.dir/ub_duckdb_query_node.cpp.o src/parser/statement/CMakeFiles/duckdb_statement.dir/ub_duckdb_statement.cpp.o src/parser/tableref/CMakeFiles/duckdb_parser_tableref.dir/ub_duckdb_parser_tableref.cpp.o src/parser/transform/constraint/CMakeFiles/duckdb_transformer_constraint.dir/ub_duckdb_transformer_constraint.cpp.o src/parser/transform/expression/CMakeFiles/duckdb_transformer_expression.dir/ub_duckdb_transformer_expression.cpp.o src/parser/transform/helpers/CMakeFiles/duckdb_transformer_helpers.dir/ub_duckdb_transformer_helpers.cpp.o src/parser/transform/statement/CMakeFiles/duckdb_transformer_statement.dir/ub_duckdb_transformer_statement.cpp.o src/parser/transform/tableref/CMakeFiles/duckdb_transformer_tableref.dir/ub_duckdb_transformer_tableref.cpp.o src/parser/CMakeFiles/duckdb_parser.dir/ub_duckdb_parser.cpp.o src/function/aggregate/algebraic/CMakeFiles/duckdb_aggr_algebraic.dir/ub_duckdb_aggr_algebraic.cpp.o src/function/aggregate/distributive/CMakeFiles/duckdb_aggr_distr.dir/ub_duckdb_aggr_distr.cpp.o src/function/aggregate/holistic/CMakeFiles/duckdb_aggr_holistic.dir/ub_duckdb_aggr_holistic.cpp.o src/function/aggregate/nested/CMakeFiles/duckdb_aggr_nested.dir/ub_duckdb_aggr_nested.cpp.o src/function/aggregate/regression/CMakeFiles/duckdb_aggr_regr.dir/ub_duckdb_aggr_regr.cpp.o src/function/aggregate/CMakeFiles/duckdb_func_aggr.dir/ub_duckdb_func_aggr.cpp.o src/function/cast/CMakeFiles/duckdb_func_cast.dir/ub_duckdb_func_cast.cpp.o src/function/pragma/CMakeFiles/duckdb_func_pragma.dir/ub_duckdb_func_pragma.cpp.o src/function/scalar/blob/CMakeFiles/duckdb_func_blob.dir/ub_duckdb_func_blob.cpp.o src/function/scalar/date/CMakeFiles/duckdb_func_date.dir/ub_duckdb_func_date.cpp.o src/function/scalar/generic/CMakeFiles/duckdb_func_generic.dir/ub_duckdb_func_generic.cpp.o src/function/scalar/list/CMakeFiles/duckdb_func_list.dir/ub_duckdb_func_list.cpp.o src/function/scalar/map/CMakeFiles/duckdb_func_map_nested.dir/ub_duckdb_func_map_nested.cpp.o src/function/scalar/math/CMakeFiles/duckdb_func_math.dir/ub_duckdb_func_math.cpp.o src/function/scalar/operators/CMakeFiles/duckdb_func_ops.dir/ub_duckdb_func_ops.cpp.o src/function/scalar/sequence/CMakeFiles/duckdb_func_seq.dir/ub_duckdb_func_seq.cpp.o src/function/scalar/string/CMakeFiles/duckdb_func_string.dir/ub_duckdb_func_string.cpp.o src/function/scalar/struct/CMakeFiles/duckdb_func_struct.dir/ub_duckdb_func_struct.cpp.o src/function/scalar/system/CMakeFiles/duckdb_func_system.dir/ub_duckdb_func_system.cpp.o src/function/scalar/union/CMakeFiles/duckdb_func_union.dir/ub_duckdb_func_union.cpp.o src/function/scalar/enum/CMakeFiles/duckdb_func_enum.dir/ub_duckdb_func_enum.cpp.o src/function/scalar/CMakeFiles/duckdb_func_scalar.dir/ub_duckdb_func_scalar.cpp.o src/function/table/system/CMakeFiles/duckdb_table_func_system.dir/ub_duckdb_table_func_system.cpp.o src/function/table/version/CMakeFiles/duckdb_func_table_version.dir/ub_duckdb_func_table_version.cpp.o src/function/table/CMakeFiles/duckdb_func_table.dir/ub_duckdb_func_table.cpp.o src/function/CMakeFiles/duckdb_function.dir/ub_duckdb_function.cpp.o src/catalog/catalog_entry/CMakeFiles/duckdb_catalog_entries.dir/ub_duckdb_catalog_entries.cpp.o src/catalog/default/CMakeFiles/duckdb_catalog_default_entries.dir/ub_duckdb_catalog_default_entries.cpp.o src/catalog/CMakeFiles/duckdb_catalog.dir/ub_duckdb_catalog.cpp.o src/common/arrow/CMakeFiles/duckdb_common_arrow.dir/ub_duckdb_common_arrow.cpp.o src/common/crypto/CMakeFiles/duckdb_common_crypto.dir/ub_duckdb_common_crypto.cpp.o src/common/enums/CMakeFiles/duckdb_common_enums.dir/ub_duckdb_common_enums.cpp.o src/common/operator/CMakeFiles/duckdb_common_operators.dir/ub_duckdb_common_operators.cpp.o src/common/progress_bar/CMakeFiles/duckdb_progress_bar.dir/ub_duckdb_progress_bar.cpp.o src/common/row_operations/CMakeFiles/duckdb_row_operations.dir/ub_duckdb_row_operations.cpp.o src/common/serializer/CMakeFiles/duckdb_common_serializer.dir/ub_duckdb_common_serializer.cpp.o src/common/sort/CMakeFiles/duckdb_sort.dir/ub_duckdb_sort.cpp.o src/common/types/CMakeFiles/duckdb_common_types.dir/ub_duckdb_common_types.cpp.o src/common/value_operations/CMakeFiles/duckdb_value_operations.dir/ub_duckdb_value_operations.cpp.o src/common/vector_operations/CMakeFiles/duckdb_vector_operations.dir/boolean_operators.cpp.o src/common/vector_operations/CMakeFiles/duckdb_vector_operations.dir/vector_cast.cpp.o src/common/vector_operations/CMakeFiles/duckdb_vector_operations.dir/comparison_operators.cpp.o src/common/vector_operations/CMakeFiles/duckdb_vector_operations.dir/vector_copy.cpp.o src/common/vector_operations/CMakeFiles/duckdb_vector_operations.dir/generators.cpp.o src/common/vector_operations/CMakeFiles/duckdb_vector_operations.dir/vector_hash.cpp.o src/common/vector_operations/CMakeFiles/duckdb_vector_operations.dir/vector_storage.cpp.o src/common/vector_operations/CMakeFiles/duckdb_vector_operations.dir/null_operations.cpp.o src/common/vector_operations/CMakeFiles/duckdb_vector_operations.dir/numeric_inplace_operators.cpp.o src/common/vector_operations/CMakeFiles/duckdb_vector_operations.dir/is_distinct_from.cpp.o src/common/CMakeFiles/duckdb_common.dir/ub_duckdb_common.cpp.o src/execution/expression_executor/CMakeFiles/duckdb_expression_executor.dir/ub_duckdb_expression_executor.cpp.o src/execution/nested_loop_join/CMakeFiles/duckdb_nested_loop_join.dir/ub_duckdb_nested_loop_join.cpp.o src/execution/operator/aggregate/CMakeFiles/duckdb_operator_aggregate.dir/ub_duckdb_operator_aggregate.cpp.o src/execution/operator/filter/CMakeFiles/duckdb_operator_filter.dir/ub_duckdb_operator_filter.cpp.o src/execution/operator/helper/CMakeFiles/duckdb_operator_helper.dir/ub_duckdb_operator_helper.cpp.o src/execution/operator/join/CMakeFiles/duckdb_operator_join.dir/ub_duckdb_operator_join.cpp.o src/execution/operator/order/CMakeFiles/duckdb_operator_order.dir/ub_duckdb_operator_order.cpp.o src/execution/operator/persistent/CMakeFiles/duckdb_operator_persistent.dir/ub_duckdb_operator_persistent.cpp.o src/execution/operator/projection/CMakeFiles/duckdb_operator_projection.dir/ub_duckdb_operator_projection.cpp.o src/execution/operator/scan/CMakeFiles/duckdb_operator_scan.dir/ub_duckdb_operator_scan.cpp.o src/execution/operator/schema/CMakeFiles/duckdb_operator_schema.dir/ub_duckdb_operator_schema.cpp.o src/execution/operator/set/CMakeFiles/duckdb_operator_set.dir/ub_duckdb_operator_set.cpp.o src/execution/physical_plan/CMakeFiles/duckdb_physical_plan.dir/ub_duckdb_physical_plan.cpp.o src/execution/index/art/CMakeFiles/duckdb_art_index_execution.dir/ub_duckdb_art_index_execution.cpp.o src/execution/CMakeFiles/duckdb_execution.dir/ub_duckdb_execution.cpp.o src/main/capi/cast/CMakeFiles/duckdb_main_capi_cast.dir/ub_duckdb_main_capi_cast.cpp.o src/main/capi/CMakeFiles/duckdb_main_capi.dir/ub_duckdb_main_capi.cpp.o src/main/extension/CMakeFiles/duckdb_main_extension.dir/ub_duckdb_main_extension.cpp.o src/main/relation/CMakeFiles/duckdb_main_relation.dir/ub_duckdb_main_relation.cpp.o src/main/settings/CMakeFiles/duckdb_main_settings.dir/ub_duckdb_main_settings.cpp.o src/main/CMakeFiles/duckdb_main.dir/ub_duckdb_main.cpp.o src/parallel/CMakeFiles/duckdb_parallel.dir/ub_duckdb_parallel.cpp.o src/storage/buffer/CMakeFiles/duckdb_storage_buffer.dir/ub_duckdb_storage_buffer.cpp.o src/storage/checkpoint/CMakeFiles/duckdb_storage_checkpoint.dir/ub_duckdb_storage_checkpoint.cpp.o src/storage/compression/chimp/CMakeFiles/duckdb_storage_compression_chimp.dir/ub_duckdb_storage_compression_chimp.cpp.o src/storage/compression/CMakeFiles/duckdb_storage_compression.dir/ub_duckdb_storage_compression.cpp.o src/storage/statistics/CMakeFiles/duckdb_storage_statistics.dir/ub_duckdb_storage_statistics.cpp.o src/storage/table/CMakeFiles/duckdb_storage_table.dir/ub_duckdb_storage_table.cpp.o src/storage/CMakeFiles/duckdb_storage.dir/ub_duckdb_storage.cpp.o src/transaction/CMakeFiles/duckdb_transaction.dir/ub_duckdb_transaction.cpp.o src/verification/CMakeFiles/duckdb_verification.dir/copied_statement_verifier.cpp.o src/verification/CMakeFiles/duckdb_verification.dir/external_statement_verifier.cpp.o src/verification/CMakeFiles/duckdb_verification.dir/prepared_statement_verifier.cpp.o src/verification/CMakeFiles/duckdb_verification.dir/deserialized_statement_verifier.cpp.o src/verification/CMakeFiles/duckdb_verification.dir/statement_verifier.cpp.o src/verification/CMakeFiles/duckdb_verification.dir/parsed_statement_verifier.cpp.o src/verification/CMakeFiles/duckdb_verification.dir/unoptimized_statement_verifier.cpp.o && /usr/bin/ranlib src/libduckdb_static.a && :
[369/376] : && /usr/lib/ccache/c++ -fPIC -O3 -DNDEBUG -O3 -DNDEBUG   -shared -Wl,-soname,libduckdb.so -o src/libduckdb.so src/optimizer/matcher/CMakeFiles/duckdb_optimizer_matcher.dir/ub_duckdb_optimizer_matcher.cpp.o src/optimizer/join_order/CMakeFiles/duckdb_optimizer_join_order.dir/ub_duckdb_optimizer_join_order.cpp.o src/optimizer/pushdown/CMakeFiles/duckdb_optimizer_pushdown.dir/ub_duckdb_optimizer_pushdown.cpp.o src/optimizer/pullup/CMakeFiles/duckdb_optimizer_pullup.dir/ub_duckdb_optimizer_pullup.cpp.o src/optimizer/rule/CMakeFiles/duckdb_optimizer_rules.dir/ub_duckdb_optimizer_rules.cpp.o src/optimizer/statistics/expression/CMakeFiles/duckdb_optimizer_statistics_expr.dir/ub_duckdb_optimizer_statistics_expr.cpp.o src/optimizer/statistics/operator/CMakeFiles/duckdb_optimizer_statistics_op.dir/ub_duckdb_optimizer_statistics_op.cpp.o src/optimizer/query_split/CMakeFiles/duckdb_optimizer_query_split.dir/ub_duckdb_optimizer_query_split.cpp.o src/optimizer/CMakeFiles/duckdb_optimizer.dir/ub_duckdb_optimizer.cpp.o src/planner/expression/CMakeFiles/duckdb_planner_expression.dir/ub_duckdb_planner_expression.cpp.o src/planner/binder/expression/CMakeFiles/duckdb_bind_expression.dir/ub_duckdb_bind_expression.cpp.o src/planner/binder/query_node/CMakeFiles/duckdb_bind_query_node.dir/ub_duckdb_bind_query_node.cpp.o src/planner/binder/statement/CMakeFiles/duckdb_bind_statement.dir/ub_duckdb_bind_statement.cpp.o src/planner/binder/tableref/CMakeFiles/duckdb_bind_tableref.dir/ub_duckdb_bind_tableref.cpp.o src/planner/expression_binder/CMakeFiles/duckdb_expression_binders.dir/ub_duckdb_expression_binders.cpp.o src/planner/filter/CMakeFiles/duckdb_planner_filter.dir/ub_duckdb_planner_filter.cpp.o src/planner/parsed_data/CMakeFiles/duckdb_planner_parsed_data.dir/ub_duckdb_planner_parsed_data.cpp.o src/planner/operator/CMakeFiles/duckdb_planner_operator.dir/ub_duckdb_planner_operator.cpp.o src/planner/subquery/CMakeFiles/duckdb_planner_subquery.dir/ub_duckdb_planner_subquery.cpp.o src/planner/CMakeFiles/duckdb_planner.dir/ub_duckdb_planner.cpp.o src/parser/constraints/CMakeFiles/duckdb_constraints.dir/ub_duckdb_constraints.cpp.o src/parser/expression/CMakeFiles/duckdb_expression.dir/ub_duckdb_expression.cpp.o src/parser/parsed_data/CMakeFiles/duckdb_parsed_data.dir/ub_duckdb_parsed_data.cpp.o src/parser/query_node/CMakeFiles/duckdb_query_node.dir/ub_duckdb_query_node.cpp.o src/parser/statement/CMakeFiles/duckdb_statement.dir/ub_duckdb_statement.cpp.o src/parser/tableref/CMakeFiles/duckdb_parser_tableref.dir/ub_duckdb_parser_tableref.cpp.o src/parser/transform/constraint/CMakeFiles/duckdb_transformer_constraint.dir/ub_duckdb_transformer_constraint.cpp.o src/parser/transform/expression/CMakeFiles/duckdb_transformer_expression.dir/ub_duckdb_transformer_expression.cpp.o src/parser/transform/helpers/CMakeFiles/duckdb_transformer_helpers.dir/ub_duckdb_transformer_helpers.cpp.o src/parser/transform/statement/CMakeFiles/duckdb_transformer_statement.dir/ub_duckdb_transformer_statement.cpp.o src/parser/transform/tableref/CMakeFiles/duckdb_transformer_tableref.dir/ub_duckdb_transformer_tableref.cpp.o src/parser/CMakeFiles/duckdb_parser.dir/ub_duckdb_parser.cpp.o src/function/aggregate/algebraic/CMakeFiles/duckdb_aggr_algebraic.dir/ub_duckdb_aggr_algebraic.cpp.o src/function/aggregate/distributive/CMakeFiles/duckdb_aggr_distr.dir/ub_duckdb_aggr_distr.cpp.o src/function/aggregate/holistic/CMakeFiles/duckdb_aggr_holistic.dir/ub_duckdb_aggr_holistic.cpp.o src/function/aggregate/nested/CMakeFiles/duckdb_aggr_nested.dir/ub_duckdb_aggr_nested.cpp.o src/function/aggregate/regression/CMakeFiles/duckdb_aggr_regr.dir/ub_duckdb_aggr_regr.cpp.o src/function/aggregate/CMakeFiles/duckdb_func_aggr.dir/ub_duckdb_func_aggr.cpp.o src/function/cast/CMakeFiles/duckdb_func_cast.dir/ub_duckdb_func_cast.cpp.o src/function/pragma/CMakeFiles/duckdb_func_pragma.dir/ub_duckdb_func_pragma.cpp.o src/function/scalar/blob/CMakeFiles/duckdb_func_blob.dir/ub_duckdb_func_blob.cpp.o src/function/scalar/date/CMakeFiles/duckdb_func_date.dir/ub_duckdb_func_date.cpp.o src/function/scalar/generic/CMakeFiles/duckdb_func_generic.dir/ub_duckdb_func_generic.cpp.o src/function/scalar/list/CMakeFiles/duckdb_func_list.dir/ub_duckdb_func_list.cpp.o src/function/scalar/map/CMakeFiles/duckdb_func_map_nested.dir/ub_duckdb_func_map_nested.cpp.o src/function/scalar/math/CMakeFiles/duckdb_func_math.dir/ub_duckdb_func_math.cpp.o src/function/scalar/operators/CMakeFiles/duckdb_func_ops.dir/ub_duckdb_func_ops.cpp.o src/function/scalar/sequence/CMakeFiles/duckdb_func_seq.dir/ub_duckdb_func_seq.cpp.o src/function/scalar/string/CMakeFiles/duckdb_func_string.dir/ub_duckdb_func_string.cpp.o src/function/scalar/struct/CMakeFiles/duckdb_func_struct.dir/ub_duckdb_func_struct.cpp.o src/function/scalar/system/CMakeFiles/duckdb_func_system.dir/ub_duckdb_func_system.cpp.o src/function/scalar/union/CMakeFiles/duckdb_func_union.dir/ub_duckdb_func_union.cpp.o src/function/scalar/enum/CMakeFiles/duckdb_func_enum.dir/ub_duckdb_func_enum.cpp.o src/function/scalar/CMakeFiles/duckdb_func_scalar.dir/ub_duckdb_func_scalar.cpp.o src/function/table/system/CMakeFiles/duckdb_table_func_system.dir/ub_duckdb_table_func_system.cpp.o src/function/table/version/CMakeFiles/duckdb_func_table_version.dir/ub_duckdb_func_table_version.cpp.o src/function/table/CMakeFiles/duckdb_func_table.dir/ub_duckdb_func_table.cpp.o src/function/CMakeFiles/duckdb_function.dir/ub_duckdb_function.cpp.o src/catalog/catalog_entry/CMakeFiles/duckdb_catalog_entries.dir/ub_duckdb_catalog_entries.cpp.o src/catalog/default/CMakeFiles/duckdb_catalog_default_entries.dir/ub_duckdb_catalog_default_entries.cpp.o src/catalog/CMakeFiles/duckdb_catalog.dir/ub_duckdb_catalog.cpp.o src/common/arrow/CMakeFiles/duckdb_common_arrow.dir/ub_duckdb_common_arrow.cpp.o src/common/crypto/CMakeFiles/duckdb_common_crypto.dir/ub_duckdb_common_crypto.cpp.o src/common/enums/CMakeFiles/duckdb_common_enums.dir/ub_duckdb_common_enums.cpp.o src/common/operator/CMakeFiles/duckdb_common_operators.dir/ub_duckdb_common_operators.cpp.o src/common/progress_bar/CMakeFiles/duckdb_progress_bar.dir/ub_duckdb_progress_bar.cpp.o src/common/row_operations/CMakeFiles/duckdb_row_operations.dir/ub_duckdb_row_operations.cpp.o src/common/serializer/CMakeFiles/duckdb_common_serializer.dir/ub_duckdb_common_serializer.cpp.o src/common/sort/CMakeFiles/duckdb_sort.dir/ub_duckdb_sort.cpp.o src/common/types/CMakeFiles/duckdb_common_types.dir/ub_duckdb_common_types.cpp.o src/common/value_operations/CMakeFiles/duckdb_value_operations.dir/ub_duckdb_value_operations.cpp.o src/common/vector_operations/CMakeFiles/duckdb_vector_operations.dir/boolean_operators.cpp.o src/common/vector_operations/CMakeFiles/duckdb_vector_operations.dir/vector_cast.cpp.o src/common/vector_operations/CMakeFiles/duckdb_vector_operations.dir/comparison_operators.cpp.o src/common/vector_operations/CMakeFiles/duckdb_vector_operations.dir/vector_copy.cpp.o src/common/vector_operations/CMakeFiles/duckdb_vector_operations.dir/generators.cpp.o src/common/vector_operations/CMakeFiles/duckdb_vector_operations.dir/vector_hash.cpp.o src/common/vector_operations/CMakeFiles/duckdb_vector_operations.dir/vector_storage.cpp.o src/common/vector_operations/CMakeFiles/duckdb_vector_operations.dir/null_operations.cpp.o src/common/vector_operations/CMakeFiles/duckdb_vector_operations.dir/numeric_inplace_operators.cpp.o src/common/vector_operations/CMakeFiles/duckdb_vector_operations.dir/is_distinct_from.cpp.o src/common/CMakeFiles/duckdb_common.dir/ub_duckdb_common.cpp.o src/execution/expression_executor/CMakeFiles/duckdb_expression_executor.dir/ub_duckdb_expression_executor.cpp.o src/execution/nested_loop_join/CMakeFiles/duckdb_nested_loop_join.dir/ub_duckdb_nested_loop_join.cpp.o src/execution/operator/aggregate/CMakeFiles/duckdb_operator_aggregate.dir/ub_duckdb_operator_aggregate.cpp.o src/execution/operator/filter/CMakeFiles/duckdb_operator_filter.dir/ub_duckdb_operator_filter.cpp.o src/execution/operator/helper/CMakeFiles/duckdb_operator_helper.dir/ub_duckdb_operator_helper.cpp.o src/execution/operator/join/CMakeFiles/duckdb_operator_join.dir/ub_duckdb_operator_join.cpp.o src/execution/operator/order/CMakeFiles/duckdb_operator_order.dir/ub_duckdb_operator_order.cpp.o src/execution/operator/persistent/CMakeFiles/duckdb_operator_persistent.dir/ub_duckdb_operator_persistent.cpp.o src/execution/operator/projection/CMakeFiles/duckdb_operator_projection.dir/ub_duckdb_operator_projection.cpp.o src/execution/operator/scan/CMakeFiles/duckdb_operator_scan.dir/ub_duckdb_operator_scan.cpp.o src/execution/operator/schema/CMakeFiles/duckdb_operator_schema.dir/ub_duckdb_operator_schema.cpp.o src/execution/operator/set/CMakeFiles/duckdb_operator_set.dir/ub_duckdb_operator_set.cpp.o src/execution/physical_plan/CMakeFiles/duckdb_physical_plan.dir/ub_duckdb_physical_plan.cpp.o src/execution/index/art/CMakeFiles/duckdb_art_index_execution.dir/ub_duckdb_art_index_execution.cpp.o src/execution/CMakeFiles/duckdb_execution.dir/ub_duckdb_execution.cpp.o src/main/capi/cast/CMakeFiles/duckdb_main_capi_cast.dir/ub_duckdb_main_capi_cast.cpp.o src/main/capi/CMakeFiles/duckdb_main_capi.dir/ub_duckdb_main_capi.cpp.o src/main/extension/CMakeFiles/duckdb_main_extension.dir/ub_duckdb_main_extension.cpp.o src/main/relation/CMakeFiles/duckdb_main_relation.dir/ub_duckdb_main_relation.cpp.o src/main/settings/CMakeFiles/duckdb_main_settings.dir/ub_duckdb_main_settings.cpp.o src/main/CMakeFiles/duckdb_main.dir/ub_duckdb_main.cpp.o src/parallel/CMakeFiles/duckdb_parallel.dir/ub_duckdb_parallel.cpp.o src/storage/buffer/CMakeFiles/duckdb_storage_buffer.dir/ub_duckdb_storage_buffer.cpp.o src/storage/checkpoint/CMakeFiles/duckdb_storage_checkpoint.dir/ub_duckdb_storage_checkpoint.cpp.o src/storage/compression/chimp/CMakeFiles/duckdb_storage_compression_chimp.dir/ub_duckdb_storage_compression_chimp.cpp.o src/storage/compression/CMakeFiles/duckdb_storage_compression.dir/ub_duckdb_storage_compression.cpp.o src/storage/statistics/CMakeFiles/duckdb_storage_statistics.dir/ub_duckdb_storage_statistics.cpp.o src/storage/table/CMakeFiles/duckdb_storage_table.dir/ub_duckdb_storage_table.cpp.o src/storage/CMakeFiles/duckdb_storage.dir/ub_duckdb_storage.cpp.o src/transaction/CMakeFiles/duckdb_transaction.dir/ub_duckdb_transaction.cpp.o src/verification/CMakeFiles/duckdb_verification.dir/copied_statement_verifier.cpp.o src/verification/CMakeFiles/duckdb_verification.dir/external_statement_verifier.cpp.o src/verification/CMakeFiles/duckdb_verification.dir/prepared_statement_verifier.cpp.o src/verification/CMakeFiles/duckdb_verification.dir/deserialized_statement_verifier.cpp.o src/verification/CMakeFiles/duckdb_verification.dir/statement_verifier.cpp.o src/verification/CMakeFiles/duckdb_verification.dir/parsed_statement_verifier.cpp.o src/verification/CMakeFiles/duckdb_verification.dir/unoptimized_statement_verifier.cpp.o  -ldl  third_party/fsst/libduckdb_fsst.a  third_party/fmt/libduckdb_fmt.a  third_party/libpg_query/libduckdb_pg_query.a  third_party/re2/libduckdb_re2.a  third_party/miniz/libduckdb_miniz.a  third_party/utf8proc/libduckdb_utf8proc.a  third_party/hyperloglog/libduckdb_hyperloglog.a  third_party/fastpforlib/libduckdb_fastpforlib.a  third_party/mbedtls/libduckdb_mbedtls.a  extension/jemalloc/libjemalloc_extension.a  extension/parquet/libparquet_extension.a && :
[370/376] : && /usr/lib/ccache/c++ -fPIC -O3 -DNDEBUG -O3 -DNDEBUG   -shared -Wl,-soname,libsqlite3_api_wrapper.so -o tools/sqlite3_api_wrapper/libsqlite3_api_wrapper.so tools/sqlite3_api_wrapper/sqlite3/CMakeFiles/sqlite3_api_wrapper_sqlite3.dir/printf.c.o tools/sqlite3_api_wrapper/sqlite3/CMakeFiles/sqlite3_api_wrapper_sqlite3.dir/strglob.c.o tools/sqlite3_api_wrapper/sqlite3_udf_api/CMakeFiles/sqlite3_udf_api.dir/sqlite3_udf_wrapper.cpp.o tools/sqlite3_api_wrapper/sqlite3_udf_api/CMakeFiles/sqlite3_udf_api.dir/cast_sqlite.cpp.o tools/sqlite3_api_wrapper/CMakeFiles/sqlite3_api_wrapper.dir/sqlite3_api_wrapper.cpp.o tools/sqlite3_api_wrapper/CMakeFiles/sqlite3_api_wrapper.dir/sql_auto_complete_extension.cpp.o  -Wl,-rpath,/home/pei/Project/duckdb-polr/build/release/src  src/libduckdb.so  -ldl  third_party/fsst/libduckdb_fsst.a  third_party/fmt/libduckdb_fmt.a  third_party/libpg_query/libduckdb_pg_query.a  third_party/re2/libduckdb_re2.a  third_party/miniz/libduckdb_miniz.a  third_party/utf8proc/libduckdb_utf8proc.a  third_party/hyperloglog/libduckdb_hyperloglog.a  third_party/fastpforlib/libduckdb_fastpforlib.a  third_party/mbedtls/libduckdb_mbedtls.a  extension/jemalloc/libjemalloc_extension.a  extension/parquet/libparquet_extension.a && :
[371/376] : && /usr/bin/cmake -E rm -f tools/sqlite3_api_wrapper/libsqlite3_api_wrapper_static.a && /usr/bin/ar qc tools/sqlite3_api_wrapper/libsqlite3_api_wrapper_static.a  tools/sqlite3_api_wrapper/sqlite3/CMakeFiles/sqlite3_api_wrapper_sqlite3.dir/printf.c.o tools/sqlite3_api_wrapper/sqlite3/CMakeFiles/sqlite3_api_wrapper_sqlite3.dir/strglob.c.o tools/sqlite3_api_wrapper/sqlite3_udf_api/CMakeFiles/sqlite3_udf_api.dir/sqlite3_udf_wrapper.cpp.o tools/sqlite3_api_wrapper/sqlite3_udf_api/CMakeFiles/sqlite3_udf_api.dir/cast_sqlite.cpp.o tools/sqlite3_api_wrapper/CMakeFiles/sqlite3_api_wrapper_static.dir/sqlite3_api_wrapper.cpp.o tools/sqlite3_api_wrapper/CMakeFiles/sqlite3_api_wrapper_static.dir/sql_auto_complete_extension.cpp.o && /usr/bin/ranlib tools/sqlite3_api_wrapper/libsqlite3_api_wrapper_static.a && :
[372/376] : && /usr/bin/cmake -E rm -f test/helpers/libtest_helpers.a && /usr/bin/ar qc test/helpers/libtest_helpers.a  test/helpers/CMakeFiles/test_helpers.dir/test_helpers.cpp.o test/helpers/CMakeFiles/test_helpers.dir/capi_tester.cpp.o test/helpers/CMakeFiles/test_helpers.dir/pid.cpp.o && /usr/bin/ranlib test/helpers/libtest_helpers.a && :
[373/376] : && /usr/lib/ccache/c++ -O3 -DNDEBUG -O3 -DNDEBUG -rdynamic tools/sqlite3_api_wrapper/CMakeFiles/test_sqlite3_api_wrapper.dir/test/test_sqlite3_api_wrapper.cpp.o tools/sqlite3_api_wrapper/CMakeFiles/test_sqlite3_api_wrapper.dir/test/test_sqlite3_udf_api_wrapper.cpp.o -o tools/sqlite3_api_wrapper/test_sqlite3_api_wrapper  -Wl,-rpath,/home/pei/Project/duckdb-polr/build/release/tools/sqlite3_api_wrapper:/home/pei/Project/duckdb-polr/build/release/src  tools/sqlite3_api_wrapper/libsqlite3_api_wrapper.so  src/libduckdb.so  -ldl  third_party/fsst/libduckdb_fsst.a  third_party/fmt/libduckdb_fmt.a  third_party/libpg_query/libduckdb_pg_query.a  third_party/re2/libduckdb_re2.a  third_party/miniz/libduckdb_miniz.a  third_party/utf8proc/libduckdb_utf8proc.a  third_party/hyperloglog/libduckdb_hyperloglog.a  third_party/fastpforlib/libduckdb_fastpforlib.a  third_party/mbedtls/libduckdb_mbedtls.a  extension/jemalloc/libjemalloc_extension.a  extension/parquet/libparquet_extension.a && :
[374/376] : && /usr/lib/ccache/c++ -O3 -DNDEBUG -O3 -DNDEBUG -rdynamic test/api/capi/CMakeFiles/test_sql_capi.dir/ub_test_sql_capi.cpp.o test/api/udf_function/CMakeFiles/test_api_udf_function.dir/ub_test_api_udf_function.cpp.o test/api/CMakeFiles/test_api.dir/ub_test_api.cpp.o test/appender/CMakeFiles/test_appender.dir/ub_test_appender.cpp.o test/arrow_roundtrip/CMakeFiles/test_arrow_roundtrip.dir/ub_test_arrow_roundtrip.cpp.o test/common/CMakeFiles/test_common.dir/ub_test_common.cpp.o test/extension/CMakeFiles/test_extensions.dir/ub_test_extensions.cpp.o test/memoryleak/CMakeFiles/test_memory_leak.dir/ub_test_memory_leak.cpp.o test/sql/filter/CMakeFiles/test_filter.dir/ub_test_filter.cpp.o test/sql/function/table/CMakeFiles/test_table_function.dir/ub_test_table_function.cpp.o test/sql/index/CMakeFiles/test_index.dir/ub_test_index.cpp.o test/sql/parallelism/interquery/CMakeFiles/test_sql_interquery_parallelism.dir/ub_test_sql_interquery_parallelism.cpp.o test/sql/storage/catalog/CMakeFiles/test_sql_storage_catalog.dir/ub_test_sql_storage_catalog.cpp.o test/sql/storage/CMakeFiles/test_sql_storage.dir/ub_test_sql_storage.cpp.o test/sqlite/CMakeFiles/test_sqlite.dir/ub_test_sqlite.cpp.o test/ossfuzz/CMakeFiles/test_ossfuzz.dir/ub_test_ossfuzz.cpp.o test/mbedtls/CMakeFiles/test_mbedtls.dir/ub_test_mbedtls.cpp.o test/persistence/CMakeFiles/test_persistence.dir/ub_test_persistence.cpp.o test/CMakeFiles/unittest.dir/unittest.cpp.o -o test/unittest  -Wl,-rpath,/home/pei/Project/duckdb-polr/build/release/src  test/helpers/libtest_helpers.a  src/libduckdb.so  -ldl  third_party/fsst/libduckdb_fsst.a  third_party/fmt/libduckdb_fmt.a  third_party/libpg_query/libduckdb_pg_query.a  third_party/re2/libduckdb_re2.a  third_party/miniz/libduckdb_miniz.a  third_party/utf8proc/libduckdb_utf8proc.a  third_party/hyperloglog/libduckdb_hyperloglog.a  third_party/fastpforlib/libduckdb_fastpforlib.a  third_party/mbedtls/libduckdb_mbedtls.a  extension/jemalloc/libjemalloc_extension.a  extension/parquet/libparquet_extension.a && :
[375/376] : && /usr/lib/ccache/c++ -O3 -DNDEBUG -O3 -DNDEBUG -rdynamic extension/parquet/CMakeFiles/parquetcli.dir/parquetcli.cpp.o -o extension/parquet/parquetcli  extension/parquet/libparquet_extension.a  src/libduckdb_static.a  extension/parquet/libparquet_extension.a  -ldl  third_party/fsst/libduckdb_fsst.a  third_party/fmt/libduckdb_fmt.a  third_party/libpg_query/libduckdb_pg_query.a  third_party/re2/libduckdb_re2.a  third_party/miniz/libduckdb_miniz.a  third_party/utf8proc/libduckdb_utf8proc.a  third_party/hyperloglog/libduckdb_hyperloglog.a  third_party/fastpforlib/libduckdb_fastpforlib.a  third_party/mbedtls/libduckdb_mbedtls.a  extension/jemalloc/libjemalloc_extension.a && :
[376/376] : && /usr/lib/ccache/c++ -O3 -DNDEBUG -O3 -DNDEBUG -rdynamic tools/shell/CMakeFiles/shell.dir/shell.c.o tools/shell/CMakeFiles/shell.dir/linenoise.cpp.o -o duckdb  tools/sqlite3_api_wrapper/libsqlite3_api_wrapper_static.a  third_party/utf8proc/libduckdb_utf8proc.a  src/libduckdb_static.a  third_party/utf8proc/libduckdb_utf8proc.a  -ldl  third_party/fsst/libduckdb_fsst.a  third_party/fmt/libduckdb_fmt.a  third_party/libpg_query/libduckdb_pg_query.a  third_party/re2/libduckdb_re2.a  third_party/miniz/libduckdb_miniz.a  third_party/hyperloglog/libduckdb_hyperloglog.a  third_party/fastpforlib/libduckdb_fastpforlib.a  third_party/mbedtls/libduckdb_mbedtls.a  extension/jemalloc/libjemalloc_extension.a  extension/parquet/libparquet_extension.a && :
mkdir -p build/release && \
cd build/release && \
cmake -G "Ninja" -DFORCE_COLORED_OUTPUT=1        -DBUILD_PARQUET_EXTENSION=TRUE -DCMAKE_BUILD_TYPE=Release ../.. && \
cmake --build . --config Release
Re-run cmake no build system arguments
fatal: No names found, cannot describe anything.
fatal: No names found, cannot describe anything.
-- git hash cd7a58694b, version v..1-dev
-- Configuring done
-- Generating done
-- Build files have been written to: /home/pei/Project/duckdb-polr/build/release
[1/12] /usr/bin/ccache /usr/lib/ccache/c++ -DDUCKDB -DDUCKDB_BUILD_LIBRARY -DDUCKDB_MAIN_LIBRARY -DENABLE_CROSS_PRODUCT_REWRITE=0 -DENABLE_DEBUG_PRINT=0 -DENABLE_MEASURE_EXE_TIME=0 -DENABLE_MERGE_BACK_PLAN=0 -DENABLE_PARALLEL_EXECUTION=0 -DENABLE_QUERY_SPLIT=0 -DENABLE_SPECIFY_EST_STAT=0 -I/home/pei/Project/duckdb-polr/src/include -I/home/pei/Project/duckdb-polr/third_party/fsst -I/home/pei/Project/duckdb-polr/third_party/fmt/include -I/home/pei/Project/duckdb-polr/third_party/hyperloglog -I/home/pei/Project/duckdb-polr/third_party/fastpforlib -I/home/pei/Project/duckdb-polr/third_party/fast_float -I/home/pei/Project/duckdb-polr/third_party/re2 -I/home/pei/Project/duckdb-polr/third_party/miniz -I/home/pei/Project/duckdb-polr/third_party/utf8proc/include -I/home/pei/Project/duckdb-polr/third_party/miniparquet -I/home/pei/Project/duckdb-polr/third_party/concurrentqueue -I/home/pei/Project/duckdb-polr/third_party/pcg -I/home/pei/Project/duckdb-polr/third_party/tdigest -I/home/pei/Project/duckdb-polr/third_party/mbedtls/include -I/home/pei/Project/duckdb-polr/third_party/jaro_winkler -O3 -DNDEBUG -O3 -DNDEBUG   -fPIC -fdiagnostics-color=always -std=c++11 -MD -MT src/optimizer/query_split/CMakeFiles/duckdb_optimizer_query_split.dir/ub_duckdb_optimizer_query_split.cpp.o -MF src/optimizer/query_split/CMakeFiles/duckdb_optimizer_query_split.dir/ub_duckdb_optimizer_query_split.cpp.o.d -o src/optimizer/query_split/CMakeFiles/duckdb_optimizer_query_split.dir/ub_duckdb_optimizer_query_split.cpp.o -c /home/pei/Project/duckdb-polr/build/release/src/optimizer/query_split/ub_duckdb_optimizer_query_split.cpp
In file included from /home/pei/Project/duckdb-polr/build/release/src/optimizer/query_split/ub_duckdb_optimizer_query_split.cpp:4:
/home/pei/Project/duckdb-polr/src/optimizer/query_split/foreign_key_center.cpp: In lambda function:
/home/pei/Project/duckdb-polr/src/optimizer/query_split/foreign_key_center.cpp:205:61: warning: init-statement in selection statements only available with ‘-std=c++17’ or ‘-std=gnu++17’ [-Wc++17-extensions]
  205 |                                                         if (auto find_left = std::find_if(
      |                                                             ^~~~
In file included from /home/pei/Project/duckdb-polr/build/release/src/optimizer/query_split/ub_duckdb_optimizer_query_split.cpp:3:
/home/pei/Project/duckdb-polr/src/optimizer/query_split/query_split_util.cpp: In function ‘duckdb::ColumnBinding& duckdb::GetRefColumnBinding(std::unique_ptr<Expression>&)’:
/home/pei/Project/duckdb-polr/src/optimizer/query_split/query_split_util.cpp:152:88: warning: control reaches end of non-void function [-Wreturn-type]
  152 |                 Printer::Print("Doesn't support " + ExpressionTypeToString(expr->type) + " in GetColumnBinding yet!");
      |                                ~~~~~~~~~~~~~~~~~~~~~~~~~~~~~~~~~~~~~~~~~~~~~~~~~~~~~~~~^~~~~~~~~~~~~~~~~~~~~~~~~~~~~
[2/12] /usr/bin/ccache /usr/lib/ccache/c++ -DDUCKDB -DDUCKDB_BUILD_LIBRARY -DDUCKDB_MAIN_LIBRARY -DENABLE_CROSS_PRODUCT_REWRITE=0 -DENABLE_DEBUG_PRINT=0 -DENABLE_MEASURE_EXE_TIME=0 -DENABLE_MERGE_BACK_PLAN=0 -DENABLE_PARALLEL_EXECUTION=0 -DENABLE_QUERY_SPLIT=0 -DENABLE_SPECIFY_EST_STAT=0 -I/home/pei/Project/duckdb-polr/src/include -I/home/pei/Project/duckdb-polr/third_party/fsst -I/home/pei/Project/duckdb-polr/third_party/fmt/include -I/home/pei/Project/duckdb-polr/third_party/hyperloglog -I/home/pei/Project/duckdb-polr/third_party/fastpforlib -I/home/pei/Project/duckdb-polr/third_party/fast_float -I/home/pei/Project/duckdb-polr/third_party/re2 -I/home/pei/Project/duckdb-polr/third_party/miniz -I/home/pei/Project/duckdb-polr/third_party/utf8proc/include -I/home/pei/Project/duckdb-polr/third_party/miniparquet -I/home/pei/Project/duckdb-polr/third_party/concurrentqueue -I/home/pei/Project/duckdb-polr/third_party/pcg -I/home/pei/Project/duckdb-polr/third_party/tdigest -I/home/pei/Project/duckdb-polr/third_party/mbedtls/include -I/home/pei/Project/duckdb-polr/third_party/jaro_winkler -O3 -DNDEBUG -O3 -DNDEBUG   -fPIC -fdiagnostics-color=always -std=c++11 -MD -MT src/optimizer/pushdown/CMakeFiles/duckdb_optimizer_pushdown.dir/ub_duckdb_optimizer_pushdown.cpp.o -MF src/optimizer/pushdown/CMakeFiles/duckdb_optimizer_pushdown.dir/ub_duckdb_optimizer_pushdown.cpp.o.d -o src/optimizer/pushdown/CMakeFiles/duckdb_optimizer_pushdown.dir/ub_duckdb_optimizer_pushdown.cpp.o -c /home/pei/Project/duckdb-polr/build/release/src/optimizer/pushdown/ub_duckdb_optimizer_pushdown.cpp
[3/12] /usr/bin/ccache /usr/lib/ccache/c++ -DDUCKDB -DDUCKDB_BUILD_LIBRARY -DDUCKDB_MAIN_LIBRARY -DENABLE_CROSS_PRODUCT_REWRITE=0 -DENABLE_DEBUG_PRINT=0 -DENABLE_MEASURE_EXE_TIME=0 -DENABLE_MERGE_BACK_PLAN=0 -DENABLE_PARALLEL_EXECUTION=0 -DENABLE_QUERY_SPLIT=0 -DENABLE_SPECIFY_EST_STAT=0 -I/home/pei/Project/duckdb-polr/src/include -I/home/pei/Project/duckdb-polr/third_party/fsst -I/home/pei/Project/duckdb-polr/third_party/fmt/include -I/home/pei/Project/duckdb-polr/third_party/hyperloglog -I/home/pei/Project/duckdb-polr/third_party/fastpforlib -I/home/pei/Project/duckdb-polr/third_party/fast_float -I/home/pei/Project/duckdb-polr/third_party/re2 -I/home/pei/Project/duckdb-polr/third_party/miniz -I/home/pei/Project/duckdb-polr/third_party/utf8proc/include -I/home/pei/Project/duckdb-polr/third_party/miniparquet -I/home/pei/Project/duckdb-polr/third_party/concurrentqueue -I/home/pei/Project/duckdb-polr/third_party/pcg -I/home/pei/Project/duckdb-polr/third_party/tdigest -I/home/pei/Project/duckdb-polr/third_party/mbedtls/include -I/home/pei/Project/duckdb-polr/third_party/jaro_winkler -O3 -DNDEBUG -O3 -DNDEBUG   -fPIC -fdiagnostics-color=always -std=c++11 -MD -MT src/optimizer/CMakeFiles/duckdb_optimizer.dir/ub_duckdb_optimizer.cpp.o -MF src/optimizer/CMakeFiles/duckdb_optimizer.dir/ub_duckdb_optimizer.cpp.o.d -o src/optimizer/CMakeFiles/duckdb_optimizer.dir/ub_duckdb_optimizer.cpp.o -c /home/pei/Project/duckdb-polr/build/release/src/optimizer/ub_duckdb_optimizer.cpp
[4/12] /usr/bin/ccache /usr/lib/ccache/c++ -DDUCKDB_BUILD_LIBRARY -DENABLE_CROSS_PRODUCT_REWRITE=0 -DENABLE_DEBUG_PRINT=0 -DENABLE_MEASURE_EXE_TIME=0 -DENABLE_MERGE_BACK_PLAN=0 -DENABLE_PARALLEL_EXECUTION=0 -DENABLE_QUERY_SPLIT=0 -DENABLE_SPECIFY_EST_STAT=0 -I/home/pei/Project/duckdb-polr/src/include -I/home/pei/Project/duckdb-polr/third_party/fsst -I/home/pei/Project/duckdb-polr/third_party/fmt/include -I/home/pei/Project/duckdb-polr/third_party/hyperloglog -I/home/pei/Project/duckdb-polr/third_party/fastpforlib -I/home/pei/Project/duckdb-polr/third_party/fast_float -I/home/pei/Project/duckdb-polr/third_party/re2 -I/home/pei/Project/duckdb-polr/third_party/miniz -I/home/pei/Project/duckdb-polr/third_party/utf8proc/include -I/home/pei/Project/duckdb-polr/third_party/miniparquet -I/home/pei/Project/duckdb-polr/third_party/concurrentqueue -I/home/pei/Project/duckdb-polr/third_party/pcg -I/home/pei/Project/duckdb-polr/third_party/tdigest -I/home/pei/Project/duckdb-polr/third_party/mbedtls/include -I/home/pei/Project/duckdb-polr/third_party/jaro_winkler -I/home/pei/Project/duckdb-polr/test/../third_party/catch -I/home/pei/Project/duckdb-polr/test/../third_party/tpce-tool/include -I/home/pei/Project/duckdb-polr/test/../third_party/sqlite/include -I/home/pei/Project/duckdb-polr/test/include -O3 -DNDEBUG -O3 -DNDEBUG   -fPIC -fdiagnostics-color=always -std=c++11 -MD -MT test/api/CMakeFiles/test_api.dir/ub_test_api.cpp.o -MF test/api/CMakeFiles/test_api.dir/ub_test_api.cpp.o.d -o test/api/CMakeFiles/test_api.dir/ub_test_api.cpp.o -c /home/pei/Project/duckdb-polr/build/release/test/api/ub_test_api.cpp
[5/12] /usr/bin/ccache /usr/lib/ccache/c++ -DDUCKDB -DDUCKDB_BUILD_LIBRARY -DDUCKDB_MAIN_LIBRARY -DENABLE_CROSS_PRODUCT_REWRITE=0 -DENABLE_DEBUG_PRINT=0 -DENABLE_MEASURE_EXE_TIME=0 -DENABLE_MERGE_BACK_PLAN=0 -DENABLE_PARALLEL_EXECUTION=0 -DENABLE_QUERY_SPLIT=0 -DENABLE_SPECIFY_EST_STAT=0 -I/home/pei/Project/duckdb-polr/src/include -I/home/pei/Project/duckdb-polr/third_party/fsst -I/home/pei/Project/duckdb-polr/third_party/fmt/include -I/home/pei/Project/duckdb-polr/third_party/hyperloglog -I/home/pei/Project/duckdb-polr/third_party/fastpforlib -I/home/pei/Project/duckdb-polr/third_party/fast_float -I/home/pei/Project/duckdb-polr/third_party/re2 -I/home/pei/Project/duckdb-polr/third_party/miniz -I/home/pei/Project/duckdb-polr/third_party/utf8proc/include -I/home/pei/Project/duckdb-polr/third_party/miniparquet -I/home/pei/Project/duckdb-polr/third_party/concurrentqueue -I/home/pei/Project/duckdb-polr/third_party/pcg -I/home/pei/Project/duckdb-polr/third_party/tdigest -I/home/pei/Project/duckdb-polr/third_party/mbedtls/include -I/home/pei/Project/duckdb-polr/third_party/jaro_winkler -O3 -DNDEBUG -O3 -DNDEBUG   -fPIC -fdiagnostics-color=always -std=c++11 -MD -MT src/main/CMakeFiles/duckdb_main.dir/ub_duckdb_main.cpp.o -MF src/main/CMakeFiles/duckdb_main.dir/ub_duckdb_main.cpp.o.d -o src/main/CMakeFiles/duckdb_main.dir/ub_duckdb_main.cpp.o -c /home/pei/Project/duckdb-polr/build/release/src/main/ub_duckdb_main.cpp
FAILED: src/main/CMakeFiles/duckdb_main.dir/ub_duckdb_main.cpp.o 
/usr/bin/ccache /usr/lib/ccache/c++ -DDUCKDB -DDUCKDB_BUILD_LIBRARY -DDUCKDB_MAIN_LIBRARY -DENABLE_CROSS_PRODUCT_REWRITE=0 -DENABLE_DEBUG_PRINT=0 -DENABLE_MEASURE_EXE_TIME=0 -DENABLE_MERGE_BACK_PLAN=0 -DENABLE_PARALLEL_EXECUTION=0 -DENABLE_QUERY_SPLIT=0 -DENABLE_SPECIFY_EST_STAT=0 -I/home/pei/Project/duckdb-polr/src/include -I/home/pei/Project/duckdb-polr/third_party/fsst -I/home/pei/Project/duckdb-polr/third_party/fmt/include -I/home/pei/Project/duckdb-polr/third_party/hyperloglog -I/home/pei/Project/duckdb-polr/third_party/fastpforlib -I/home/pei/Project/duckdb-polr/third_party/fast_float -I/home/pei/Project/duckdb-polr/third_party/re2 -I/home/pei/Project/duckdb-polr/third_party/miniz -I/home/pei/Project/duckdb-polr/third_party/utf8proc/include -I/home/pei/Project/duckdb-polr/third_party/miniparquet -I/home/pei/Project/duckdb-polr/third_party/concurrentqueue -I/home/pei/Project/duckdb-polr/third_party/pcg -I/home/pei/Project/duckdb-polr/third_party/tdigest -I/home/pei/Project/duckdb-polr/third_party/mbedtls/include -I/home/pei/Project/duckdb-polr/third_party/jaro_winkler -O3 -DNDEBUG -O3 -DNDEBUG   -fPIC -fdiagnostics-color=always -std=c++11 -MD -MT src/main/CMakeFiles/duckdb_main.dir/ub_duckdb_main.cpp.o -MF src/main/CMakeFiles/duckdb_main.dir/ub_duckdb_main.cpp.o.d -o src/main/CMakeFiles/duckdb_main.dir/ub_duckdb_main.cpp.o -c /home/pei/Project/duckdb-polr/build/release/src/main/ub_duckdb_main.cpp
In file included from /home/pei/Project/duckdb-polr/build/release/src/main/ub_duckdb_main.cpp:5:
/home/pei/Project/duckdb-polr/src/main/client_context.cpp: In member function ‘std::shared_ptr<duckdb::PreparedStatementData> duckdb::ClientContext::CreatePreparedStatement(duckdb::ClientContextLock&, const std::string&, std::unique_ptr<duckdb::SQLStatement>, std::vector<duckdb::Value>*)’:
/home/pei/Project/duckdb-polr/src/main/client_context.cpp:463:9: error: ‘execute_plan’ was not declared in this scope
  463 |         execute_plan = plan->type == LogicalOperatorType::LOGICAL_PROJECTION ||
      |         ^~~~~~~~~~~~
ninja: build stopped: subcommand failed.
make: *** [Makefile:217: release] Error 1
mkdir -p build/release && \
cd build/release && \
cmake -G "Ninja" -DFORCE_COLORED_OUTPUT=1        -DBUILD_PARQUET_EXTENSION=TRUE -DCMAKE_BUILD_TYPE=Release ../.. && \
cmake --build . --config Release
Re-run cmake no build system arguments
fatal: No names found, cannot describe anything.
fatal: No names found, cannot describe anything.
-- git hash cd7a58694b, version v..1-dev
-- Configuring done
-- Generating done
-- Build files have been written to: /home/pei/Project/duckdb-polr/build/release
[1/8] /usr/bin/ccache /usr/lib/ccache/c++ -DDUCKDB -DDUCKDB_BUILD_LIBRARY -DDUCKDB_MAIN_LIBRARY -DENABLE_CROSS_PRODUCT_REWRITE=0 -DENABLE_DEBUG_PRINT=0 -DENABLE_MEASURE_EXE_TIME=0 -DENABLE_MERGE_BACK_PLAN=0 -DENABLE_PARALLEL_EXECUTION=0 -DENABLE_QUERY_SPLIT=0 -DENABLE_SPECIFY_EST_STAT=0 -I/home/pei/Project/duckdb-polr/src/include -I/home/pei/Project/duckdb-polr/third_party/fsst -I/home/pei/Project/duckdb-polr/third_party/fmt/include -I/home/pei/Project/duckdb-polr/third_party/hyperloglog -I/home/pei/Project/duckdb-polr/third_party/fastpforlib -I/home/pei/Project/duckdb-polr/third_party/fast_float -I/home/pei/Project/duckdb-polr/third_party/re2 -I/home/pei/Project/duckdb-polr/third_party/miniz -I/home/pei/Project/duckdb-polr/third_party/utf8proc/include -I/home/pei/Project/duckdb-polr/third_party/miniparquet -I/home/pei/Project/duckdb-polr/third_party/concurrentqueue -I/home/pei/Project/duckdb-polr/third_party/pcg -I/home/pei/Project/duckdb-polr/third_party/tdigest -I/home/pei/Project/duckdb-polr/third_party/mbedtls/include -I/home/pei/Project/duckdb-polr/third_party/jaro_winkler -O3 -DNDEBUG -O3 -DNDEBUG   -fPIC -fdiagnostics-color=always -std=c++11 -MD -MT src/main/CMakeFiles/duckdb_main.dir/ub_duckdb_main.cpp.o -MF src/main/CMakeFiles/duckdb_main.dir/ub_duckdb_main.cpp.o.d -o src/main/CMakeFiles/duckdb_main.dir/ub_duckdb_main.cpp.o -c /home/pei/Project/duckdb-polr/build/release/src/main/ub_duckdb_main.cpp
FAILED: src/main/CMakeFiles/duckdb_main.dir/ub_duckdb_main.cpp.o 
/usr/bin/ccache /usr/lib/ccache/c++ -DDUCKDB -DDUCKDB_BUILD_LIBRARY -DDUCKDB_MAIN_LIBRARY -DENABLE_CROSS_PRODUCT_REWRITE=0 -DENABLE_DEBUG_PRINT=0 -DENABLE_MEASURE_EXE_TIME=0 -DENABLE_MERGE_BACK_PLAN=0 -DENABLE_PARALLEL_EXECUTION=0 -DENABLE_QUERY_SPLIT=0 -DENABLE_SPECIFY_EST_STAT=0 -I/home/pei/Project/duckdb-polr/src/include -I/home/pei/Project/duckdb-polr/third_party/fsst -I/home/pei/Project/duckdb-polr/third_party/fmt/include -I/home/pei/Project/duckdb-polr/third_party/hyperloglog -I/home/pei/Project/duckdb-polr/third_party/fastpforlib -I/home/pei/Project/duckdb-polr/third_party/fast_float -I/home/pei/Project/duckdb-polr/third_party/re2 -I/home/pei/Project/duckdb-polr/third_party/miniz -I/home/pei/Project/duckdb-polr/third_party/utf8proc/include -I/home/pei/Project/duckdb-polr/third_party/miniparquet -I/home/pei/Project/duckdb-polr/third_party/concurrentqueue -I/home/pei/Project/duckdb-polr/third_party/pcg -I/home/pei/Project/duckdb-polr/third_party/tdigest -I/home/pei/Project/duckdb-polr/third_party/mbedtls/include -I/home/pei/Project/duckdb-polr/third_party/jaro_winkler -O3 -DNDEBUG -O3 -DNDEBUG   -fPIC -fdiagnostics-color=always -std=c++11 -MD -MT src/main/CMakeFiles/duckdb_main.dir/ub_duckdb_main.cpp.o -MF src/main/CMakeFiles/duckdb_main.dir/ub_duckdb_main.cpp.o.d -o src/main/CMakeFiles/duckdb_main.dir/ub_duckdb_main.cpp.o -c /home/pei/Project/duckdb-polr/build/release/src/main/ub_duckdb_main.cpp
In file included from /home/pei/Project/duckdb-polr/build/release/src/main/ub_duckdb_main.cpp:5:
/home/pei/Project/duckdb-polr/src/main/client_context.cpp: In member function ‘std::shared_ptr<duckdb::PreparedStatementData> duckdb::ClientContext::CreatePreparedStatement(duckdb::ClientContextLock&, const std::string&, std::unique_ptr<duckdb::SQLStatement>, std::vector<duckdb::Value>*)’:
/home/pei/Project/duckdb-polr/src/main/client_context.cpp:463:9: error: ‘execute_plan’ was not declared in this scope
  463 |         execute_plan = plan->type == LogicalOperatorType::LOGICAL_PROJECTION ||
      |         ^~~~~~~~~~~~
ninja: build stopped: subcommand failed.
make: *** [Makefile:217: release] Error 1
mkdir -p build/release && \
cd build/release && \
cmake -G "Ninja" -DFORCE_COLORED_OUTPUT=1        -DBUILD_PARQUET_EXTENSION=TRUE -DCMAKE_BUILD_TYPE=Release ../.. && \
cmake --build . --config Release
Re-run cmake no build system arguments
fatal: No names found, cannot describe anything.
fatal: No names found, cannot describe anything.
-- git hash cd7a58694b, version v..1-dev
-- Configuring done
-- Generating done
-- Build files have been written to: /home/pei/Project/duckdb-polr/build/release
[1/12] /usr/bin/ccache /usr/lib/ccache/c++ -DDUCKDB -DDUCKDB_BUILD_LIBRARY -DDUCKDB_MAIN_LIBRARY -DENABLE_CROSS_PRODUCT_REWRITE=0 -DENABLE_DEBUG_PRINT=0 -DENABLE_MEASURE_EXE_TIME=0 -DENABLE_MERGE_BACK_PLAN=0 -DENABLE_PARALLEL_EXECUTION=0 -DENABLE_QUERY_SPLIT=0 -DENABLE_SPECIFY_EST_STAT=0 -I/home/pei/Project/duckdb-polr/src/include -I/home/pei/Project/duckdb-polr/third_party/fsst -I/home/pei/Project/duckdb-polr/third_party/fmt/include -I/home/pei/Project/duckdb-polr/third_party/hyperloglog -I/home/pei/Project/duckdb-polr/third_party/fastpforlib -I/home/pei/Project/duckdb-polr/third_party/fast_float -I/home/pei/Project/duckdb-polr/third_party/re2 -I/home/pei/Project/duckdb-polr/third_party/miniz -I/home/pei/Project/duckdb-polr/third_party/utf8proc/include -I/home/pei/Project/duckdb-polr/third_party/miniparquet -I/home/pei/Project/duckdb-polr/third_party/concurrentqueue -I/home/pei/Project/duckdb-polr/third_party/pcg -I/home/pei/Project/duckdb-polr/third_party/tdigest -I/home/pei/Project/duckdb-polr/third_party/mbedtls/include -I/home/pei/Project/duckdb-polr/third_party/jaro_winkler -O3 -DNDEBUG -O3 -DNDEBUG   -fPIC -fdiagnostics-color=always -std=c++11 -MD -MT src/optimizer/pushdown/CMakeFiles/duckdb_optimizer_pushdown.dir/ub_duckdb_optimizer_pushdown.cpp.o -MF src/optimizer/pushdown/CMakeFiles/duckdb_optimizer_pushdown.dir/ub_duckdb_optimizer_pushdown.cpp.o.d -o src/optimizer/pushdown/CMakeFiles/duckdb_optimizer_pushdown.dir/ub_duckdb_optimizer_pushdown.cpp.o -c /home/pei/Project/duckdb-polr/build/release/src/optimizer/pushdown/ub_duckdb_optimizer_pushdown.cpp
In file included from /home/pei/Project/duckdb-polr/src/include/duckdb/optimizer/optimizer.hpp:15,
                 from /home/pei/Project/duckdb-polr/src/optimizer/pushdown/pushdown_get.cpp:2,
                 from /home/pei/Project/duckdb-polr/build/release/src/optimizer/pushdown/ub_duckdb_optimizer_pushdown.cpp:5:
/home/pei/Project/duckdb-polr/src/include/duckdb/optimizer/query_split/query_split.hpp:23:1: warning: inline variables are only available with ‘-std=c++17’ or ‘-std=gnu++17’ [-Wc++17-extensions]
   23 | inline bool execute_plan = false;
      | ^~~~~~
[2/12] /usr/bin/ccache /usr/lib/ccache/c++ -DDUCKDB -DDUCKDB_BUILD_LIBRARY -DDUCKDB_MAIN_LIBRARY -DENABLE_CROSS_PRODUCT_REWRITE=0 -DENABLE_DEBUG_PRINT=0 -DENABLE_MEASURE_EXE_TIME=0 -DENABLE_MERGE_BACK_PLAN=0 -DENABLE_PARALLEL_EXECUTION=0 -DENABLE_QUERY_SPLIT=0 -DENABLE_SPECIFY_EST_STAT=0 -I/home/pei/Project/duckdb-polr/src/include -I/home/pei/Project/duckdb-polr/third_party/fsst -I/home/pei/Project/duckdb-polr/third_party/fmt/include -I/home/pei/Project/duckdb-polr/third_party/hyperloglog -I/home/pei/Project/duckdb-polr/third_party/fastpforlib -I/home/pei/Project/duckdb-polr/third_party/fast_float -I/home/pei/Project/duckdb-polr/third_party/re2 -I/home/pei/Project/duckdb-polr/third_party/miniz -I/home/pei/Project/duckdb-polr/third_party/utf8proc/include -I/home/pei/Project/duckdb-polr/third_party/miniparquet -I/home/pei/Project/duckdb-polr/third_party/concurrentqueue -I/home/pei/Project/duckdb-polr/third_party/pcg -I/home/pei/Project/duckdb-polr/third_party/tdigest -I/home/pei/Project/duckdb-polr/third_party/mbedtls/include -I/home/pei/Project/duckdb-polr/third_party/jaro_winkler -O3 -DNDEBUG -O3 -DNDEBUG   -fPIC -fdiagnostics-color=always -std=c++11 -MD -MT src/optimizer/query_split/CMakeFiles/duckdb_optimizer_query_split.dir/ub_duckdb_optimizer_query_split.cpp.o -MF src/optimizer/query_split/CMakeFiles/duckdb_optimizer_query_split.dir/ub_duckdb_optimizer_query_split.cpp.o.d -o src/optimizer/query_split/CMakeFiles/duckdb_optimizer_query_split.dir/ub_duckdb_optimizer_query_split.cpp.o -c /home/pei/Project/duckdb-polr/build/release/src/optimizer/query_split/ub_duckdb_optimizer_query_split.cpp
In file included from /home/pei/Project/duckdb-polr/src/optimizer/query_split/query_split.cpp:1,
                 from /home/pei/Project/duckdb-polr/build/release/src/optimizer/query_split/ub_duckdb_optimizer_query_split.cpp:2:
/home/pei/Project/duckdb-polr/src/include/duckdb/optimizer/query_split/query_split.hpp:23:1: warning: inline variables are only available with ‘-std=c++17’ or ‘-std=gnu++17’ [-Wc++17-extensions]
   23 | inline bool execute_plan = false;
      | ^~~~~~
In file included from /home/pei/Project/duckdb-polr/build/release/src/optimizer/query_split/ub_duckdb_optimizer_query_split.cpp:4:
/home/pei/Project/duckdb-polr/src/optimizer/query_split/foreign_key_center.cpp: In lambda function:
/home/pei/Project/duckdb-polr/src/optimizer/query_split/foreign_key_center.cpp:205:61: warning: init-statement in selection statements only available with ‘-std=c++17’ or ‘-std=gnu++17’ [-Wc++17-extensions]
  205 |                                                         if (auto find_left = std::find_if(
      |                                                             ^~~~
In file included from /home/pei/Project/duckdb-polr/build/release/src/optimizer/query_split/ub_duckdb_optimizer_query_split.cpp:3:
/home/pei/Project/duckdb-polr/src/optimizer/query_split/query_split_util.cpp: In function ‘duckdb::ColumnBinding& duckdb::GetRefColumnBinding(std::unique_ptr<Expression>&)’:
/home/pei/Project/duckdb-polr/src/optimizer/query_split/query_split_util.cpp:152:88: warning: control reaches end of non-void function [-Wreturn-type]
  152 |                 Printer::Print("Doesn't support " + ExpressionTypeToString(expr->type) + " in GetColumnBinding yet!");
      |                                ~~~~~~~~~~~~~~~~~~~~~~~~~~~~~~~~~~~~~~~~~~~~~~~~~~~~~~~~^~~~~~~~~~~~~~~~~~~~~~~~~~~~~
[3/12] /usr/bin/ccache /usr/lib/ccache/c++ -DDUCKDB -DDUCKDB_BUILD_LIBRARY -DDUCKDB_MAIN_LIBRARY -DENABLE_CROSS_PRODUCT_REWRITE=0 -DENABLE_DEBUG_PRINT=0 -DENABLE_MEASURE_EXE_TIME=0 -DENABLE_MERGE_BACK_PLAN=0 -DENABLE_PARALLEL_EXECUTION=0 -DENABLE_QUERY_SPLIT=0 -DENABLE_SPECIFY_EST_STAT=0 -I/home/pei/Project/duckdb-polr/src/include -I/home/pei/Project/duckdb-polr/third_party/fsst -I/home/pei/Project/duckdb-polr/third_party/fmt/include -I/home/pei/Project/duckdb-polr/third_party/hyperloglog -I/home/pei/Project/duckdb-polr/third_party/fastpforlib -I/home/pei/Project/duckdb-polr/third_party/fast_float -I/home/pei/Project/duckdb-polr/third_party/re2 -I/home/pei/Project/duckdb-polr/third_party/miniz -I/home/pei/Project/duckdb-polr/third_party/utf8proc/include -I/home/pei/Project/duckdb-polr/third_party/miniparquet -I/home/pei/Project/duckdb-polr/third_party/concurrentqueue -I/home/pei/Project/duckdb-polr/third_party/pcg -I/home/pei/Project/duckdb-polr/third_party/tdigest -I/home/pei/Project/duckdb-polr/third_party/mbedtls/include -I/home/pei/Project/duckdb-polr/third_party/jaro_winkler -O3 -DNDEBUG -O3 -DNDEBUG   -fPIC -fdiagnostics-color=always -std=c++11 -MD -MT src/optimizer/CMakeFiles/duckdb_optimizer.dir/ub_duckdb_optimizer.cpp.o -MF src/optimizer/CMakeFiles/duckdb_optimizer.dir/ub_duckdb_optimizer.cpp.o.d -o src/optimizer/CMakeFiles/duckdb_optimizer.dir/ub_duckdb_optimizer.cpp.o -c /home/pei/Project/duckdb-polr/build/release/src/optimizer/ub_duckdb_optimizer.cpp
In file included from /home/pei/Project/duckdb-polr/src/include/duckdb/optimizer/optimizer.hpp:15,
                 from /home/pei/Project/duckdb-polr/src/include/duckdb/optimizer/expression_heuristics.hpp:11,
                 from /home/pei/Project/duckdb-polr/src/optimizer/expression_heuristics.cpp:1,
                 from /home/pei/Project/duckdb-polr/build/release/src/optimizer/ub_duckdb_optimizer.cpp:6:
/home/pei/Project/duckdb-polr/src/include/duckdb/optimizer/query_split/query_split.hpp:23:1: warning: inline variables are only available with ‘-std=c++17’ or ‘-std=gnu++17’ [-Wc++17-extensions]
   23 | inline bool execute_plan = false;
      | ^~~~~~
[4/12] /usr/bin/ccache /usr/lib/ccache/c++ -DDUCKDB -DDUCKDB_BUILD_LIBRARY -DDUCKDB_MAIN_LIBRARY -DENABLE_CROSS_PRODUCT_REWRITE=0 -DENABLE_DEBUG_PRINT=0 -DENABLE_MEASURE_EXE_TIME=0 -DENABLE_MERGE_BACK_PLAN=0 -DENABLE_PARALLEL_EXECUTION=0 -DENABLE_QUERY_SPLIT=0 -DENABLE_SPECIFY_EST_STAT=0 -I/home/pei/Project/duckdb-polr/src/include -I/home/pei/Project/duckdb-polr/third_party/fsst -I/home/pei/Project/duckdb-polr/third_party/fmt/include -I/home/pei/Project/duckdb-polr/third_party/hyperloglog -I/home/pei/Project/duckdb-polr/third_party/fastpforlib -I/home/pei/Project/duckdb-polr/third_party/fast_float -I/home/pei/Project/duckdb-polr/third_party/re2 -I/home/pei/Project/duckdb-polr/third_party/miniz -I/home/pei/Project/duckdb-polr/third_party/utf8proc/include -I/home/pei/Project/duckdb-polr/third_party/miniparquet -I/home/pei/Project/duckdb-polr/third_party/concurrentqueue -I/home/pei/Project/duckdb-polr/third_party/pcg -I/home/pei/Project/duckdb-polr/third_party/tdigest -I/home/pei/Project/duckdb-polr/third_party/mbedtls/include -I/home/pei/Project/duckdb-polr/third_party/jaro_winkler -O3 -DNDEBUG -O3 -DNDEBUG   -fPIC -fdiagnostics-color=always -std=c++11 -MD -MT src/main/CMakeFiles/duckdb_main.dir/ub_duckdb_main.cpp.o -MF src/main/CMakeFiles/duckdb_main.dir/ub_duckdb_main.cpp.o.d -o src/main/CMakeFiles/duckdb_main.dir/ub_duckdb_main.cpp.o -c /home/pei/Project/duckdb-polr/build/release/src/main/ub_duckdb_main.cpp
In file included from /home/pei/Project/duckdb-polr/src/include/duckdb/optimizer/optimizer.hpp:15,
                 from /home/pei/Project/duckdb-polr/src/main/client_context.cpp:31,
                 from /home/pei/Project/duckdb-polr/build/release/src/main/ub_duckdb_main.cpp:5:
/home/pei/Project/duckdb-polr/src/include/duckdb/optimizer/query_split/query_split.hpp:23:1: warning: inline variables are only available with ‘-std=c++17’ or ‘-std=gnu++17’ [-Wc++17-extensions]
   23 | inline bool execute_plan = false;
      | ^~~~~~
[5/12] : && /usr/lib/ccache/c++ -fPIC -O3 -DNDEBUG -O3 -DNDEBUG   -shared -Wl,-soname,libduckdb.so -o src/libduckdb.so src/optimizer/matcher/CMakeFiles/duckdb_optimizer_matcher.dir/ub_duckdb_optimizer_matcher.cpp.o src/optimizer/join_order/CMakeFiles/duckdb_optimizer_join_order.dir/ub_duckdb_optimizer_join_order.cpp.o src/optimizer/pushdown/CMakeFiles/duckdb_optimizer_pushdown.dir/ub_duckdb_optimizer_pushdown.cpp.o src/optimizer/pullup/CMakeFiles/duckdb_optimizer_pullup.dir/ub_duckdb_optimizer_pullup.cpp.o src/optimizer/rule/CMakeFiles/duckdb_optimizer_rules.dir/ub_duckdb_optimizer_rules.cpp.o src/optimizer/statistics/expression/CMakeFiles/duckdb_optimizer_statistics_expr.dir/ub_duckdb_optimizer_statistics_expr.cpp.o src/optimizer/statistics/operator/CMakeFiles/duckdb_optimizer_statistics_op.dir/ub_duckdb_optimizer_statistics_op.cpp.o src/optimizer/query_split/CMakeFiles/duckdb_optimizer_query_split.dir/ub_duckdb_optimizer_query_split.cpp.o src/optimizer/CMakeFiles/duckdb_optimizer.dir/ub_duckdb_optimizer.cpp.o src/planner/expression/CMakeFiles/duckdb_planner_expression.dir/ub_duckdb_planner_expression.cpp.o src/planner/binder/expression/CMakeFiles/duckdb_bind_expression.dir/ub_duckdb_bind_expression.cpp.o src/planner/binder/query_node/CMakeFiles/duckdb_bind_query_node.dir/ub_duckdb_bind_query_node.cpp.o src/planner/binder/statement/CMakeFiles/duckdb_bind_statement.dir/ub_duckdb_bind_statement.cpp.o src/planner/binder/tableref/CMakeFiles/duckdb_bind_tableref.dir/ub_duckdb_bind_tableref.cpp.o src/planner/expression_binder/CMakeFiles/duckdb_expression_binders.dir/ub_duckdb_expression_binders.cpp.o src/planner/filter/CMakeFiles/duckdb_planner_filter.dir/ub_duckdb_planner_filter.cpp.o src/planner/parsed_data/CMakeFiles/duckdb_planner_parsed_data.dir/ub_duckdb_planner_parsed_data.cpp.o src/planner/operator/CMakeFiles/duckdb_planner_operator.dir/ub_duckdb_planner_operator.cpp.o src/planner/subquery/CMakeFiles/duckdb_planner_subquery.dir/ub_duckdb_planner_subquery.cpp.o src/planner/CMakeFiles/duckdb_planner.dir/ub_duckdb_planner.cpp.o src/parser/constraints/CMakeFiles/duckdb_constraints.dir/ub_duckdb_constraints.cpp.o src/parser/expression/CMakeFiles/duckdb_expression.dir/ub_duckdb_expression.cpp.o src/parser/parsed_data/CMakeFiles/duckdb_parsed_data.dir/ub_duckdb_parsed_data.cpp.o src/parser/query_node/CMakeFiles/duckdb_query_node.dir/ub_duckdb_query_node.cpp.o src/parser/statement/CMakeFiles/duckdb_statement.dir/ub_duckdb_statement.cpp.o src/parser/tableref/CMakeFiles/duckdb_parser_tableref.dir/ub_duckdb_parser_tableref.cpp.o src/parser/transform/constraint/CMakeFiles/duckdb_transformer_constraint.dir/ub_duckdb_transformer_constraint.cpp.o src/parser/transform/expression/CMakeFiles/duckdb_transformer_expression.dir/ub_duckdb_transformer_expression.cpp.o src/parser/transform/helpers/CMakeFiles/duckdb_transformer_helpers.dir/ub_duckdb_transformer_helpers.cpp.o src/parser/transform/statement/CMakeFiles/duckdb_transformer_statement.dir/ub_duckdb_transformer_statement.cpp.o src/parser/transform/tableref/CMakeFiles/duckdb_transformer_tableref.dir/ub_duckdb_transformer_tableref.cpp.o src/parser/CMakeFiles/duckdb_parser.dir/ub_duckdb_parser.cpp.o src/function/aggregate/algebraic/CMakeFiles/duckdb_aggr_algebraic.dir/ub_duckdb_aggr_algebraic.cpp.o src/function/aggregate/distributive/CMakeFiles/duckdb_aggr_distr.dir/ub_duckdb_aggr_distr.cpp.o src/function/aggregate/holistic/CMakeFiles/duckdb_aggr_holistic.dir/ub_duckdb_aggr_holistic.cpp.o src/function/aggregate/nested/CMakeFiles/duckdb_aggr_nested.dir/ub_duckdb_aggr_nested.cpp.o src/function/aggregate/regression/CMakeFiles/duckdb_aggr_regr.dir/ub_duckdb_aggr_regr.cpp.o src/function/aggregate/CMakeFiles/duckdb_func_aggr.dir/ub_duckdb_func_aggr.cpp.o src/function/cast/CMakeFiles/duckdb_func_cast.dir/ub_duckdb_func_cast.cpp.o src/function/pragma/CMakeFiles/duckdb_func_pragma.dir/ub_duckdb_func_pragma.cpp.o src/function/scalar/blob/CMakeFiles/duckdb_func_blob.dir/ub_duckdb_func_blob.cpp.o src/function/scalar/date/CMakeFiles/duckdb_func_date.dir/ub_duckdb_func_date.cpp.o src/function/scalar/generic/CMakeFiles/duckdb_func_generic.dir/ub_duckdb_func_generic.cpp.o src/function/scalar/list/CMakeFiles/duckdb_func_list.dir/ub_duckdb_func_list.cpp.o src/function/scalar/map/CMakeFiles/duckdb_func_map_nested.dir/ub_duckdb_func_map_nested.cpp.o src/function/scalar/math/CMakeFiles/duckdb_func_math.dir/ub_duckdb_func_math.cpp.o src/function/scalar/operators/CMakeFiles/duckdb_func_ops.dir/ub_duckdb_func_ops.cpp.o src/function/scalar/sequence/CMakeFiles/duckdb_func_seq.dir/ub_duckdb_func_seq.cpp.o src/function/scalar/string/CMakeFiles/duckdb_func_string.dir/ub_duckdb_func_string.cpp.o src/function/scalar/struct/CMakeFiles/duckdb_func_struct.dir/ub_duckdb_func_struct.cpp.o src/function/scalar/system/CMakeFiles/duckdb_func_system.dir/ub_duckdb_func_system.cpp.o src/function/scalar/union/CMakeFiles/duckdb_func_union.dir/ub_duckdb_func_union.cpp.o src/function/scalar/enum/CMakeFiles/duckdb_func_enum.dir/ub_duckdb_func_enum.cpp.o src/function/scalar/CMakeFiles/duckdb_func_scalar.dir/ub_duckdb_func_scalar.cpp.o src/function/table/system/CMakeFiles/duckdb_table_func_system.dir/ub_duckdb_table_func_system.cpp.o src/function/table/version/CMakeFiles/duckdb_func_table_version.dir/ub_duckdb_func_table_version.cpp.o src/function/table/CMakeFiles/duckdb_func_table.dir/ub_duckdb_func_table.cpp.o src/function/CMakeFiles/duckdb_function.dir/ub_duckdb_function.cpp.o src/catalog/catalog_entry/CMakeFiles/duckdb_catalog_entries.dir/ub_duckdb_catalog_entries.cpp.o src/catalog/default/CMakeFiles/duckdb_catalog_default_entries.dir/ub_duckdb_catalog_default_entries.cpp.o src/catalog/CMakeFiles/duckdb_catalog.dir/ub_duckdb_catalog.cpp.o src/common/arrow/CMakeFiles/duckdb_common_arrow.dir/ub_duckdb_common_arrow.cpp.o src/common/crypto/CMakeFiles/duckdb_common_crypto.dir/ub_duckdb_common_crypto.cpp.o src/common/enums/CMakeFiles/duckdb_common_enums.dir/ub_duckdb_common_enums.cpp.o src/common/operator/CMakeFiles/duckdb_common_operators.dir/ub_duckdb_common_operators.cpp.o src/common/progress_bar/CMakeFiles/duckdb_progress_bar.dir/ub_duckdb_progress_bar.cpp.o src/common/row_operations/CMakeFiles/duckdb_row_operations.dir/ub_duckdb_row_operations.cpp.o src/common/serializer/CMakeFiles/duckdb_common_serializer.dir/ub_duckdb_common_serializer.cpp.o src/common/sort/CMakeFiles/duckdb_sort.dir/ub_duckdb_sort.cpp.o src/common/types/CMakeFiles/duckdb_common_types.dir/ub_duckdb_common_types.cpp.o src/common/value_operations/CMakeFiles/duckdb_value_operations.dir/ub_duckdb_value_operations.cpp.o src/common/vector_operations/CMakeFiles/duckdb_vector_operations.dir/boolean_operators.cpp.o src/common/vector_operations/CMakeFiles/duckdb_vector_operations.dir/vector_cast.cpp.o src/common/vector_operations/CMakeFiles/duckdb_vector_operations.dir/comparison_operators.cpp.o src/common/vector_operations/CMakeFiles/duckdb_vector_operations.dir/vector_copy.cpp.o src/common/vector_operations/CMakeFiles/duckdb_vector_operations.dir/generators.cpp.o src/common/vector_operations/CMakeFiles/duckdb_vector_operations.dir/vector_hash.cpp.o src/common/vector_operations/CMakeFiles/duckdb_vector_operations.dir/vector_storage.cpp.o src/common/vector_operations/CMakeFiles/duckdb_vector_operations.dir/null_operations.cpp.o src/common/vector_operations/CMakeFiles/duckdb_vector_operations.dir/numeric_inplace_operators.cpp.o src/common/vector_operations/CMakeFiles/duckdb_vector_operations.dir/is_distinct_from.cpp.o src/common/CMakeFiles/duckdb_common.dir/ub_duckdb_common.cpp.o src/execution/expression_executor/CMakeFiles/duckdb_expression_executor.dir/ub_duckdb_expression_executor.cpp.o src/execution/nested_loop_join/CMakeFiles/duckdb_nested_loop_join.dir/ub_duckdb_nested_loop_join.cpp.o src/execution/operator/aggregate/CMakeFiles/duckdb_operator_aggregate.dir/ub_duckdb_operator_aggregate.cpp.o src/execution/operator/filter/CMakeFiles/duckdb_operator_filter.dir/ub_duckdb_operator_filter.cpp.o src/execution/operator/helper/CMakeFiles/duckdb_operator_helper.dir/ub_duckdb_operator_helper.cpp.o src/execution/operator/join/CMakeFiles/duckdb_operator_join.dir/ub_duckdb_operator_join.cpp.o src/execution/operator/order/CMakeFiles/duckdb_operator_order.dir/ub_duckdb_operator_order.cpp.o src/execution/operator/persistent/CMakeFiles/duckdb_operator_persistent.dir/ub_duckdb_operator_persistent.cpp.o src/execution/operator/projection/CMakeFiles/duckdb_operator_projection.dir/ub_duckdb_operator_projection.cpp.o src/execution/operator/scan/CMakeFiles/duckdb_operator_scan.dir/ub_duckdb_operator_scan.cpp.o src/execution/operator/schema/CMakeFiles/duckdb_operator_schema.dir/ub_duckdb_operator_schema.cpp.o src/execution/operator/set/CMakeFiles/duckdb_operator_set.dir/ub_duckdb_operator_set.cpp.o src/execution/physical_plan/CMakeFiles/duckdb_physical_plan.dir/ub_duckdb_physical_plan.cpp.o src/execution/index/art/CMakeFiles/duckdb_art_index_execution.dir/ub_duckdb_art_index_execution.cpp.o src/execution/CMakeFiles/duckdb_execution.dir/ub_duckdb_execution.cpp.o src/main/capi/cast/CMakeFiles/duckdb_main_capi_cast.dir/ub_duckdb_main_capi_cast.cpp.o src/main/capi/CMakeFiles/duckdb_main_capi.dir/ub_duckdb_main_capi.cpp.o src/main/extension/CMakeFiles/duckdb_main_extension.dir/ub_duckdb_main_extension.cpp.o src/main/relation/CMakeFiles/duckdb_main_relation.dir/ub_duckdb_main_relation.cpp.o src/main/settings/CMakeFiles/duckdb_main_settings.dir/ub_duckdb_main_settings.cpp.o src/main/CMakeFiles/duckdb_main.dir/ub_duckdb_main.cpp.o src/parallel/CMakeFiles/duckdb_parallel.dir/ub_duckdb_parallel.cpp.o src/storage/buffer/CMakeFiles/duckdb_storage_buffer.dir/ub_duckdb_storage_buffer.cpp.o src/storage/checkpoint/CMakeFiles/duckdb_storage_checkpoint.dir/ub_duckdb_storage_checkpoint.cpp.o src/storage/compression/chimp/CMakeFiles/duckdb_storage_compression_chimp.dir/ub_duckdb_storage_compression_chimp.cpp.o src/storage/compression/CMakeFiles/duckdb_storage_compression.dir/ub_duckdb_storage_compression.cpp.o src/storage/statistics/CMakeFiles/duckdb_storage_statistics.dir/ub_duckdb_storage_statistics.cpp.o src/storage/table/CMakeFiles/duckdb_storage_table.dir/ub_duckdb_storage_table.cpp.o src/storage/CMakeFiles/duckdb_storage.dir/ub_duckdb_storage.cpp.o src/transaction/CMakeFiles/duckdb_transaction.dir/ub_duckdb_transaction.cpp.o src/verification/CMakeFiles/duckdb_verification.dir/copied_statement_verifier.cpp.o src/verification/CMakeFiles/duckdb_verification.dir/external_statement_verifier.cpp.o src/verification/CMakeFiles/duckdb_verification.dir/prepared_statement_verifier.cpp.o src/verification/CMakeFiles/duckdb_verification.dir/deserialized_statement_verifier.cpp.o src/verification/CMakeFiles/duckdb_verification.dir/statement_verifier.cpp.o src/verification/CMakeFiles/duckdb_verification.dir/parsed_statement_verifier.cpp.o src/verification/CMakeFiles/duckdb_verification.dir/unoptimized_statement_verifier.cpp.o  -ldl  third_party/fsst/libduckdb_fsst.a  third_party/fmt/libduckdb_fmt.a  third_party/libpg_query/libduckdb_pg_query.a  third_party/re2/libduckdb_re2.a  third_party/miniz/libduckdb_miniz.a  third_party/utf8proc/libduckdb_utf8proc.a  third_party/hyperloglog/libduckdb_hyperloglog.a  third_party/fastpforlib/libduckdb_fastpforlib.a  third_party/mbedtls/libduckdb_mbedtls.a  extension/jemalloc/libjemalloc_extension.a  extension/parquet/libparquet_extension.a && :
[6/12] : && /usr/lib/ccache/c++ -fPIC -O3 -DNDEBUG -O3 -DNDEBUG   -shared -Wl,-soname,libsqlite3_api_wrapper.so -o tools/sqlite3_api_wrapper/libsqlite3_api_wrapper.so tools/sqlite3_api_wrapper/sqlite3/CMakeFiles/sqlite3_api_wrapper_sqlite3.dir/printf.c.o tools/sqlite3_api_wrapper/sqlite3/CMakeFiles/sqlite3_api_wrapper_sqlite3.dir/strglob.c.o tools/sqlite3_api_wrapper/sqlite3_udf_api/CMakeFiles/sqlite3_udf_api.dir/sqlite3_udf_wrapper.cpp.o tools/sqlite3_api_wrapper/sqlite3_udf_api/CMakeFiles/sqlite3_udf_api.dir/cast_sqlite.cpp.o tools/sqlite3_api_wrapper/CMakeFiles/sqlite3_api_wrapper.dir/sqlite3_api_wrapper.cpp.o tools/sqlite3_api_wrapper/CMakeFiles/sqlite3_api_wrapper.dir/sql_auto_complete_extension.cpp.o  -Wl,-rpath,/home/pei/Project/duckdb-polr/build/release/src  src/libduckdb.so  -ldl  third_party/fsst/libduckdb_fsst.a  third_party/fmt/libduckdb_fmt.a  third_party/libpg_query/libduckdb_pg_query.a  third_party/re2/libduckdb_re2.a  third_party/miniz/libduckdb_miniz.a  third_party/utf8proc/libduckdb_utf8proc.a  third_party/hyperloglog/libduckdb_hyperloglog.a  third_party/fastpforlib/libduckdb_fastpforlib.a  third_party/mbedtls/libduckdb_mbedtls.a  extension/jemalloc/libjemalloc_extension.a  extension/parquet/libparquet_extension.a && :
[7/12] : && /usr/lib/ccache/c++ -O3 -DNDEBUG -O3 -DNDEBUG -rdynamic tools/sqlite3_api_wrapper/CMakeFiles/test_sqlite3_api_wrapper.dir/test/test_sqlite3_api_wrapper.cpp.o tools/sqlite3_api_wrapper/CMakeFiles/test_sqlite3_api_wrapper.dir/test/test_sqlite3_udf_api_wrapper.cpp.o -o tools/sqlite3_api_wrapper/test_sqlite3_api_wrapper  -Wl,-rpath,/home/pei/Project/duckdb-polr/build/release/tools/sqlite3_api_wrapper:/home/pei/Project/duckdb-polr/build/release/src  tools/sqlite3_api_wrapper/libsqlite3_api_wrapper.so  src/libduckdb.so  -ldl  third_party/fsst/libduckdb_fsst.a  third_party/fmt/libduckdb_fmt.a  third_party/libpg_query/libduckdb_pg_query.a  third_party/re2/libduckdb_re2.a  third_party/miniz/libduckdb_miniz.a  third_party/utf8proc/libduckdb_utf8proc.a  third_party/hyperloglog/libduckdb_hyperloglog.a  third_party/fastpforlib/libduckdb_fastpforlib.a  third_party/mbedtls/libduckdb_mbedtls.a  extension/jemalloc/libjemalloc_extension.a  extension/parquet/libparquet_extension.a && :
[8/12] : && /usr/bin/cmake -E rm -f src/libduckdb_static.a && /usr/bin/ar qc src/libduckdb_static.a  src/optimizer/matcher/CMakeFiles/duckdb_optimizer_matcher.dir/ub_duckdb_optimizer_matcher.cpp.o src/optimizer/join_order/CMakeFiles/duckdb_optimizer_join_order.dir/ub_duckdb_optimizer_join_order.cpp.o src/optimizer/pushdown/CMakeFiles/duckdb_optimizer_pushdown.dir/ub_duckdb_optimizer_pushdown.cpp.o src/optimizer/pullup/CMakeFiles/duckdb_optimizer_pullup.dir/ub_duckdb_optimizer_pullup.cpp.o src/optimizer/rule/CMakeFiles/duckdb_optimizer_rules.dir/ub_duckdb_optimizer_rules.cpp.o src/optimizer/statistics/expression/CMakeFiles/duckdb_optimizer_statistics_expr.dir/ub_duckdb_optimizer_statistics_expr.cpp.o src/optimizer/statistics/operator/CMakeFiles/duckdb_optimizer_statistics_op.dir/ub_duckdb_optimizer_statistics_op.cpp.o src/optimizer/query_split/CMakeFiles/duckdb_optimizer_query_split.dir/ub_duckdb_optimizer_query_split.cpp.o src/optimizer/CMakeFiles/duckdb_optimizer.dir/ub_duckdb_optimizer.cpp.o src/planner/expression/CMakeFiles/duckdb_planner_expression.dir/ub_duckdb_planner_expression.cpp.o src/planner/binder/expression/CMakeFiles/duckdb_bind_expression.dir/ub_duckdb_bind_expression.cpp.o src/planner/binder/query_node/CMakeFiles/duckdb_bind_query_node.dir/ub_duckdb_bind_query_node.cpp.o src/planner/binder/statement/CMakeFiles/duckdb_bind_statement.dir/ub_duckdb_bind_statement.cpp.o src/planner/binder/tableref/CMakeFiles/duckdb_bind_tableref.dir/ub_duckdb_bind_tableref.cpp.o src/planner/expression_binder/CMakeFiles/duckdb_expression_binders.dir/ub_duckdb_expression_binders.cpp.o src/planner/filter/CMakeFiles/duckdb_planner_filter.dir/ub_duckdb_planner_filter.cpp.o src/planner/parsed_data/CMakeFiles/duckdb_planner_parsed_data.dir/ub_duckdb_planner_parsed_data.cpp.o src/planner/operator/CMakeFiles/duckdb_planner_operator.dir/ub_duckdb_planner_operator.cpp.o src/planner/subquery/CMakeFiles/duckdb_planner_subquery.dir/ub_duckdb_planner_subquery.cpp.o src/planner/CMakeFiles/duckdb_planner.dir/ub_duckdb_planner.cpp.o src/parser/constraints/CMakeFiles/duckdb_constraints.dir/ub_duckdb_constraints.cpp.o src/parser/expression/CMakeFiles/duckdb_expression.dir/ub_duckdb_expression.cpp.o src/parser/parsed_data/CMakeFiles/duckdb_parsed_data.dir/ub_duckdb_parsed_data.cpp.o src/parser/query_node/CMakeFiles/duckdb_query_node.dir/ub_duckdb_query_node.cpp.o src/parser/statement/CMakeFiles/duckdb_statement.dir/ub_duckdb_statement.cpp.o src/parser/tableref/CMakeFiles/duckdb_parser_tableref.dir/ub_duckdb_parser_tableref.cpp.o src/parser/transform/constraint/CMakeFiles/duckdb_transformer_constraint.dir/ub_duckdb_transformer_constraint.cpp.o src/parser/transform/expression/CMakeFiles/duckdb_transformer_expression.dir/ub_duckdb_transformer_expression.cpp.o src/parser/transform/helpers/CMakeFiles/duckdb_transformer_helpers.dir/ub_duckdb_transformer_helpers.cpp.o src/parser/transform/statement/CMakeFiles/duckdb_transformer_statement.dir/ub_duckdb_transformer_statement.cpp.o src/parser/transform/tableref/CMakeFiles/duckdb_transformer_tableref.dir/ub_duckdb_transformer_tableref.cpp.o src/parser/CMakeFiles/duckdb_parser.dir/ub_duckdb_parser.cpp.o src/function/aggregate/algebraic/CMakeFiles/duckdb_aggr_algebraic.dir/ub_duckdb_aggr_algebraic.cpp.o src/function/aggregate/distributive/CMakeFiles/duckdb_aggr_distr.dir/ub_duckdb_aggr_distr.cpp.o src/function/aggregate/holistic/CMakeFiles/duckdb_aggr_holistic.dir/ub_duckdb_aggr_holistic.cpp.o src/function/aggregate/nested/CMakeFiles/duckdb_aggr_nested.dir/ub_duckdb_aggr_nested.cpp.o src/function/aggregate/regression/CMakeFiles/duckdb_aggr_regr.dir/ub_duckdb_aggr_regr.cpp.o src/function/aggregate/CMakeFiles/duckdb_func_aggr.dir/ub_duckdb_func_aggr.cpp.o src/function/cast/CMakeFiles/duckdb_func_cast.dir/ub_duckdb_func_cast.cpp.o src/function/pragma/CMakeFiles/duckdb_func_pragma.dir/ub_duckdb_func_pragma.cpp.o src/function/scalar/blob/CMakeFiles/duckdb_func_blob.dir/ub_duckdb_func_blob.cpp.o src/function/scalar/date/CMakeFiles/duckdb_func_date.dir/ub_duckdb_func_date.cpp.o src/function/scalar/generic/CMakeFiles/duckdb_func_generic.dir/ub_duckdb_func_generic.cpp.o src/function/scalar/list/CMakeFiles/duckdb_func_list.dir/ub_duckdb_func_list.cpp.o src/function/scalar/map/CMakeFiles/duckdb_func_map_nested.dir/ub_duckdb_func_map_nested.cpp.o src/function/scalar/math/CMakeFiles/duckdb_func_math.dir/ub_duckdb_func_math.cpp.o src/function/scalar/operators/CMakeFiles/duckdb_func_ops.dir/ub_duckdb_func_ops.cpp.o src/function/scalar/sequence/CMakeFiles/duckdb_func_seq.dir/ub_duckdb_func_seq.cpp.o src/function/scalar/string/CMakeFiles/duckdb_func_string.dir/ub_duckdb_func_string.cpp.o src/function/scalar/struct/CMakeFiles/duckdb_func_struct.dir/ub_duckdb_func_struct.cpp.o src/function/scalar/system/CMakeFiles/duckdb_func_system.dir/ub_duckdb_func_system.cpp.o src/function/scalar/union/CMakeFiles/duckdb_func_union.dir/ub_duckdb_func_union.cpp.o src/function/scalar/enum/CMakeFiles/duckdb_func_enum.dir/ub_duckdb_func_enum.cpp.o src/function/scalar/CMakeFiles/duckdb_func_scalar.dir/ub_duckdb_func_scalar.cpp.o src/function/table/system/CMakeFiles/duckdb_table_func_system.dir/ub_duckdb_table_func_system.cpp.o src/function/table/version/CMakeFiles/duckdb_func_table_version.dir/ub_duckdb_func_table_version.cpp.o src/function/table/CMakeFiles/duckdb_func_table.dir/ub_duckdb_func_table.cpp.o src/function/CMakeFiles/duckdb_function.dir/ub_duckdb_function.cpp.o src/catalog/catalog_entry/CMakeFiles/duckdb_catalog_entries.dir/ub_duckdb_catalog_entries.cpp.o src/catalog/default/CMakeFiles/duckdb_catalog_default_entries.dir/ub_duckdb_catalog_default_entries.cpp.o src/catalog/CMakeFiles/duckdb_catalog.dir/ub_duckdb_catalog.cpp.o src/common/arrow/CMakeFiles/duckdb_common_arrow.dir/ub_duckdb_common_arrow.cpp.o src/common/crypto/CMakeFiles/duckdb_common_crypto.dir/ub_duckdb_common_crypto.cpp.o src/common/enums/CMakeFiles/duckdb_common_enums.dir/ub_duckdb_common_enums.cpp.o src/common/operator/CMakeFiles/duckdb_common_operators.dir/ub_duckdb_common_operators.cpp.o src/common/progress_bar/CMakeFiles/duckdb_progress_bar.dir/ub_duckdb_progress_bar.cpp.o src/common/row_operations/CMakeFiles/duckdb_row_operations.dir/ub_duckdb_row_operations.cpp.o src/common/serializer/CMakeFiles/duckdb_common_serializer.dir/ub_duckdb_common_serializer.cpp.o src/common/sort/CMakeFiles/duckdb_sort.dir/ub_duckdb_sort.cpp.o src/common/types/CMakeFiles/duckdb_common_types.dir/ub_duckdb_common_types.cpp.o src/common/value_operations/CMakeFiles/duckdb_value_operations.dir/ub_duckdb_value_operations.cpp.o src/common/vector_operations/CMakeFiles/duckdb_vector_operations.dir/boolean_operators.cpp.o src/common/vector_operations/CMakeFiles/duckdb_vector_operations.dir/vector_cast.cpp.o src/common/vector_operations/CMakeFiles/duckdb_vector_operations.dir/comparison_operators.cpp.o src/common/vector_operations/CMakeFiles/duckdb_vector_operations.dir/vector_copy.cpp.o src/common/vector_operations/CMakeFiles/duckdb_vector_operations.dir/generators.cpp.o src/common/vector_operations/CMakeFiles/duckdb_vector_operations.dir/vector_hash.cpp.o src/common/vector_operations/CMakeFiles/duckdb_vector_operations.dir/vector_storage.cpp.o src/common/vector_operations/CMakeFiles/duckdb_vector_operations.dir/null_operations.cpp.o src/common/vector_operations/CMakeFiles/duckdb_vector_operations.dir/numeric_inplace_operators.cpp.o src/common/vector_operations/CMakeFiles/duckdb_vector_operations.dir/is_distinct_from.cpp.o src/common/CMakeFiles/duckdb_common.dir/ub_duckdb_common.cpp.o src/execution/expression_executor/CMakeFiles/duckdb_expression_executor.dir/ub_duckdb_expression_executor.cpp.o src/execution/nested_loop_join/CMakeFiles/duckdb_nested_loop_join.dir/ub_duckdb_nested_loop_join.cpp.o src/execution/operator/aggregate/CMakeFiles/duckdb_operator_aggregate.dir/ub_duckdb_operator_aggregate.cpp.o src/execution/operator/filter/CMakeFiles/duckdb_operator_filter.dir/ub_duckdb_operator_filter.cpp.o src/execution/operator/helper/CMakeFiles/duckdb_operator_helper.dir/ub_duckdb_operator_helper.cpp.o src/execution/operator/join/CMakeFiles/duckdb_operator_join.dir/ub_duckdb_operator_join.cpp.o src/execution/operator/order/CMakeFiles/duckdb_operator_order.dir/ub_duckdb_operator_order.cpp.o src/execution/operator/persistent/CMakeFiles/duckdb_operator_persistent.dir/ub_duckdb_operator_persistent.cpp.o src/execution/operator/projection/CMakeFiles/duckdb_operator_projection.dir/ub_duckdb_operator_projection.cpp.o src/execution/operator/scan/CMakeFiles/duckdb_operator_scan.dir/ub_duckdb_operator_scan.cpp.o src/execution/operator/schema/CMakeFiles/duckdb_operator_schema.dir/ub_duckdb_operator_schema.cpp.o src/execution/operator/set/CMakeFiles/duckdb_operator_set.dir/ub_duckdb_operator_set.cpp.o src/execution/physical_plan/CMakeFiles/duckdb_physical_plan.dir/ub_duckdb_physical_plan.cpp.o src/execution/index/art/CMakeFiles/duckdb_art_index_execution.dir/ub_duckdb_art_index_execution.cpp.o src/execution/CMakeFiles/duckdb_execution.dir/ub_duckdb_execution.cpp.o src/main/capi/cast/CMakeFiles/duckdb_main_capi_cast.dir/ub_duckdb_main_capi_cast.cpp.o src/main/capi/CMakeFiles/duckdb_main_capi.dir/ub_duckdb_main_capi.cpp.o src/main/extension/CMakeFiles/duckdb_main_extension.dir/ub_duckdb_main_extension.cpp.o src/main/relation/CMakeFiles/duckdb_main_relation.dir/ub_duckdb_main_relation.cpp.o src/main/settings/CMakeFiles/duckdb_main_settings.dir/ub_duckdb_main_settings.cpp.o src/main/CMakeFiles/duckdb_main.dir/ub_duckdb_main.cpp.o src/parallel/CMakeFiles/duckdb_parallel.dir/ub_duckdb_parallel.cpp.o src/storage/buffer/CMakeFiles/duckdb_storage_buffer.dir/ub_duckdb_storage_buffer.cpp.o src/storage/checkpoint/CMakeFiles/duckdb_storage_checkpoint.dir/ub_duckdb_storage_checkpoint.cpp.o src/storage/compression/chimp/CMakeFiles/duckdb_storage_compression_chimp.dir/ub_duckdb_storage_compression_chimp.cpp.o src/storage/compression/CMakeFiles/duckdb_storage_compression.dir/ub_duckdb_storage_compression.cpp.o src/storage/statistics/CMakeFiles/duckdb_storage_statistics.dir/ub_duckdb_storage_statistics.cpp.o src/storage/table/CMakeFiles/duckdb_storage_table.dir/ub_duckdb_storage_table.cpp.o src/storage/CMakeFiles/duckdb_storage.dir/ub_duckdb_storage.cpp.o src/transaction/CMakeFiles/duckdb_transaction.dir/ub_duckdb_transaction.cpp.o src/verification/CMakeFiles/duckdb_verification.dir/copied_statement_verifier.cpp.o src/verification/CMakeFiles/duckdb_verification.dir/external_statement_verifier.cpp.o src/verification/CMakeFiles/duckdb_verification.dir/prepared_statement_verifier.cpp.o src/verification/CMakeFiles/duckdb_verification.dir/deserialized_statement_verifier.cpp.o src/verification/CMakeFiles/duckdb_verification.dir/statement_verifier.cpp.o src/verification/CMakeFiles/duckdb_verification.dir/parsed_statement_verifier.cpp.o src/verification/CMakeFiles/duckdb_verification.dir/unoptimized_statement_verifier.cpp.o && /usr/bin/ranlib src/libduckdb_static.a && :
[9/12] : && /usr/lib/ccache/c++ -O3 -DNDEBUG -O3 -DNDEBUG -rdynamic tools/shell/CMakeFiles/shell.dir/shell.c.o tools/shell/CMakeFiles/shell.dir/linenoise.cpp.o -o duckdb  tools/sqlite3_api_wrapper/libsqlite3_api_wrapper_static.a  third_party/utf8proc/libduckdb_utf8proc.a  src/libduckdb_static.a  third_party/utf8proc/libduckdb_utf8proc.a  -ldl  third_party/fsst/libduckdb_fsst.a  third_party/fmt/libduckdb_fmt.a  third_party/libpg_query/libduckdb_pg_query.a  third_party/re2/libduckdb_re2.a  third_party/miniz/libduckdb_miniz.a  third_party/hyperloglog/libduckdb_hyperloglog.a  third_party/fastpforlib/libduckdb_fastpforlib.a  third_party/mbedtls/libduckdb_mbedtls.a  extension/jemalloc/libjemalloc_extension.a  extension/parquet/libparquet_extension.a && :
[10/12] : && /usr/lib/ccache/c++ -O3 -DNDEBUG -O3 -DNDEBUG -rdynamic extension/parquet/CMakeFiles/parquetcli.dir/parquetcli.cpp.o -o extension/parquet/parquetcli  extension/parquet/libparquet_extension.a  src/libduckdb_static.a  extension/parquet/libparquet_extension.a  -ldl  third_party/fsst/libduckdb_fsst.a  third_party/fmt/libduckdb_fmt.a  third_party/libpg_query/libduckdb_pg_query.a  third_party/re2/libduckdb_re2.a  third_party/miniz/libduckdb_miniz.a  third_party/utf8proc/libduckdb_utf8proc.a  third_party/hyperloglog/libduckdb_hyperloglog.a  third_party/fastpforlib/libduckdb_fastpforlib.a  third_party/mbedtls/libduckdb_mbedtls.a  extension/jemalloc/libjemalloc_extension.a && :
[11/12] /usr/bin/ccache /usr/lib/ccache/c++ -DDUCKDB_BUILD_LIBRARY -DENABLE_CROSS_PRODUCT_REWRITE=0 -DENABLE_DEBUG_PRINT=0 -DENABLE_MEASURE_EXE_TIME=0 -DENABLE_MERGE_BACK_PLAN=0 -DENABLE_PARALLEL_EXECUTION=0 -DENABLE_QUERY_SPLIT=0 -DENABLE_SPECIFY_EST_STAT=0 -I/home/pei/Project/duckdb-polr/src/include -I/home/pei/Project/duckdb-polr/third_party/fsst -I/home/pei/Project/duckdb-polr/third_party/fmt/include -I/home/pei/Project/duckdb-polr/third_party/hyperloglog -I/home/pei/Project/duckdb-polr/third_party/fastpforlib -I/home/pei/Project/duckdb-polr/third_party/fast_float -I/home/pei/Project/duckdb-polr/third_party/re2 -I/home/pei/Project/duckdb-polr/third_party/miniz -I/home/pei/Project/duckdb-polr/third_party/utf8proc/include -I/home/pei/Project/duckdb-polr/third_party/miniparquet -I/home/pei/Project/duckdb-polr/third_party/concurrentqueue -I/home/pei/Project/duckdb-polr/third_party/pcg -I/home/pei/Project/duckdb-polr/third_party/tdigest -I/home/pei/Project/duckdb-polr/third_party/mbedtls/include -I/home/pei/Project/duckdb-polr/third_party/jaro_winkler -I/home/pei/Project/duckdb-polr/test/../third_party/catch -I/home/pei/Project/duckdb-polr/test/../third_party/tpce-tool/include -I/home/pei/Project/duckdb-polr/test/../third_party/sqlite/include -I/home/pei/Project/duckdb-polr/test/include -O3 -DNDEBUG -O3 -DNDEBUG   -fPIC -fdiagnostics-color=always -std=c++11 -MD -MT test/api/CMakeFiles/test_api.dir/ub_test_api.cpp.o -MF test/api/CMakeFiles/test_api.dir/ub_test_api.cpp.o.d -o test/api/CMakeFiles/test_api.dir/ub_test_api.cpp.o -c /home/pei/Project/duckdb-polr/build/release/test/api/ub_test_api.cpp
In file included from /home/pei/Project/duckdb-polr/src/include/duckdb/optimizer/optimizer.hpp:15,
                 from /home/pei/Project/duckdb-polr/test/api/test_plan_serialization.cpp:6,
                 from /home/pei/Project/duckdb-polr/build/release/test/api/ub_test_api.cpp:12:
/home/pei/Project/duckdb-polr/src/include/duckdb/optimizer/query_split/query_split.hpp:23:1: warning: inline variables are only available with ‘-std=c++17’ or ‘-std=gnu++17’ [-Wc++17-extensions]
   23 | inline bool execute_plan = false;
      | ^~~~~~
[12/12] : && /usr/lib/ccache/c++ -O3 -DNDEBUG -O3 -DNDEBUG -rdynamic test/api/capi/CMakeFiles/test_sql_capi.dir/ub_test_sql_capi.cpp.o test/api/udf_function/CMakeFiles/test_api_udf_function.dir/ub_test_api_udf_function.cpp.o test/api/CMakeFiles/test_api.dir/ub_test_api.cpp.o test/appender/CMakeFiles/test_appender.dir/ub_test_appender.cpp.o test/arrow_roundtrip/CMakeFiles/test_arrow_roundtrip.dir/ub_test_arrow_roundtrip.cpp.o test/common/CMakeFiles/test_common.dir/ub_test_common.cpp.o test/extension/CMakeFiles/test_extensions.dir/ub_test_extensions.cpp.o test/memoryleak/CMakeFiles/test_memory_leak.dir/ub_test_memory_leak.cpp.o test/sql/filter/CMakeFiles/test_filter.dir/ub_test_filter.cpp.o test/sql/function/table/CMakeFiles/test_table_function.dir/ub_test_table_function.cpp.o test/sql/index/CMakeFiles/test_index.dir/ub_test_index.cpp.o test/sql/parallelism/interquery/CMakeFiles/test_sql_interquery_parallelism.dir/ub_test_sql_interquery_parallelism.cpp.o test/sql/storage/catalog/CMakeFiles/test_sql_storage_catalog.dir/ub_test_sql_storage_catalog.cpp.o test/sql/storage/CMakeFiles/test_sql_storage.dir/ub_test_sql_storage.cpp.o test/sqlite/CMakeFiles/test_sqlite.dir/ub_test_sqlite.cpp.o test/ossfuzz/CMakeFiles/test_ossfuzz.dir/ub_test_ossfuzz.cpp.o test/mbedtls/CMakeFiles/test_mbedtls.dir/ub_test_mbedtls.cpp.o test/persistence/CMakeFiles/test_persistence.dir/ub_test_persistence.cpp.o test/CMakeFiles/unittest.dir/unittest.cpp.o -o test/unittest  -Wl,-rpath,/home/pei/Project/duckdb-polr/build/release/src  test/helpers/libtest_helpers.a  src/libduckdb.so  -ldl  third_party/fsst/libduckdb_fsst.a  third_party/fmt/libduckdb_fmt.a  third_party/libpg_query/libduckdb_pg_query.a  third_party/re2/libduckdb_re2.a  third_party/miniz/libduckdb_miniz.a  third_party/utf8proc/libduckdb_utf8proc.a  third_party/hyperloglog/libduckdb_hyperloglog.a  third_party/fastpforlib/libduckdb_fastpforlib.a  third_party/mbedtls/libduckdb_mbedtls.a  extension/jemalloc/libjemalloc_extension.a  extension/parquet/libparquet_extension.a && :
mkdir -p build/release && \
cd build/release && \
cmake -G "Ninja" -DFORCE_COLORED_OUTPUT=1        -DBUILD_PARQUET_EXTENSION=TRUE -DCMAKE_BUILD_TYPE=Release ../.. && \
cmake --build . --config Release
Re-run cmake no build system arguments
fatal: No names found, cannot describe anything.
fatal: No names found, cannot describe anything.
-- git hash cd7a58694b, version v..1-dev
-- Configuring done
-- Generating done
-- Build files have been written to: /home/pei/Project/duckdb-polr/build/release
ninja: no work to do.
mkdir -p build/release && \
cd build/release && \
cmake -G "Ninja" -DFORCE_COLORED_OUTPUT=1        -DBUILD_PARQUET_EXTENSION=TRUE -DCMAKE_BUILD_TYPE=Release ../.. && \
cmake --build . --config Release
Re-run cmake no build system arguments
fatal: No names found, cannot describe anything.
fatal: No names found, cannot describe anything.
-- git hash cd7a58694b, version v..1-dev
-- Configuring done
-- Generating done
-- Build files have been written to: /home/pei/Project/duckdb-polr/build/release
[1/12] /usr/bin/ccache /usr/lib/ccache/c++ -DDUCKDB -DDUCKDB_BUILD_LIBRARY -DDUCKDB_MAIN_LIBRARY -DENABLE_CROSS_PRODUCT_REWRITE=0 -DENABLE_DEBUG_PRINT=0 -DENABLE_MEASURE_EXE_TIME=0 -DENABLE_MERGE_BACK_PLAN=0 -DENABLE_PARALLEL_EXECUTION=0 -DENABLE_QUERY_SPLIT=0 -DENABLE_SPECIFY_EST_STAT=0 -I/home/pei/Project/duckdb-polr/src/include -I/home/pei/Project/duckdb-polr/third_party/fsst -I/home/pei/Project/duckdb-polr/third_party/fmt/include -I/home/pei/Project/duckdb-polr/third_party/hyperloglog -I/home/pei/Project/duckdb-polr/third_party/fastpforlib -I/home/pei/Project/duckdb-polr/third_party/fast_float -I/home/pei/Project/duckdb-polr/third_party/re2 -I/home/pei/Project/duckdb-polr/third_party/miniz -I/home/pei/Project/duckdb-polr/third_party/utf8proc/include -I/home/pei/Project/duckdb-polr/third_party/miniparquet -I/home/pei/Project/duckdb-polr/third_party/concurrentqueue -I/home/pei/Project/duckdb-polr/third_party/pcg -I/home/pei/Project/duckdb-polr/third_party/tdigest -I/home/pei/Project/duckdb-polr/third_party/mbedtls/include -I/home/pei/Project/duckdb-polr/third_party/jaro_winkler -O3 -DNDEBUG -O3 -DNDEBUG   -fPIC -fdiagnostics-color=always -std=c++11 -MD -MT src/optimizer/pushdown/CMakeFiles/duckdb_optimizer_pushdown.dir/ub_duckdb_optimizer_pushdown.cpp.o -MF src/optimizer/pushdown/CMakeFiles/duckdb_optimizer_pushdown.dir/ub_duckdb_optimizer_pushdown.cpp.o.d -o src/optimizer/pushdown/CMakeFiles/duckdb_optimizer_pushdown.dir/ub_duckdb_optimizer_pushdown.cpp.o -c /home/pei/Project/duckdb-polr/build/release/src/optimizer/pushdown/ub_duckdb_optimizer_pushdown.cpp
In file included from /home/pei/Project/duckdb-polr/src/include/duckdb/optimizer/optimizer.hpp:15,
                 from /home/pei/Project/duckdb-polr/src/optimizer/pushdown/pushdown_get.cpp:2,
                 from /home/pei/Project/duckdb-polr/build/release/src/optimizer/pushdown/ub_duckdb_optimizer_pushdown.cpp:5:
/home/pei/Project/duckdb-polr/src/include/duckdb/optimizer/query_split/query_split.hpp:14: warning: "ENABLE_DEBUG_PRINT" redefined
   14 | #define ENABLE_DEBUG_PRINT                      true
      | 
<command-line>: note: this is the location of the previous definition
/home/pei/Project/duckdb-polr/src/include/duckdb/optimizer/query_split/query_split.hpp:23:1: warning: inline variables are only available with ‘-std=c++17’ or ‘-std=gnu++17’ [-Wc++17-extensions]
   23 | inline bool execute_plan = false;
      | ^~~~~~
[2/12] /usr/bin/ccache /usr/lib/ccache/c++ -DDUCKDB -DDUCKDB_BUILD_LIBRARY -DDUCKDB_MAIN_LIBRARY -DENABLE_CROSS_PRODUCT_REWRITE=0 -DENABLE_DEBUG_PRINT=0 -DENABLE_MEASURE_EXE_TIME=0 -DENABLE_MERGE_BACK_PLAN=0 -DENABLE_PARALLEL_EXECUTION=0 -DENABLE_QUERY_SPLIT=0 -DENABLE_SPECIFY_EST_STAT=0 -I/home/pei/Project/duckdb-polr/src/include -I/home/pei/Project/duckdb-polr/third_party/fsst -I/home/pei/Project/duckdb-polr/third_party/fmt/include -I/home/pei/Project/duckdb-polr/third_party/hyperloglog -I/home/pei/Project/duckdb-polr/third_party/fastpforlib -I/home/pei/Project/duckdb-polr/third_party/fast_float -I/home/pei/Project/duckdb-polr/third_party/re2 -I/home/pei/Project/duckdb-polr/third_party/miniz -I/home/pei/Project/duckdb-polr/third_party/utf8proc/include -I/home/pei/Project/duckdb-polr/third_party/miniparquet -I/home/pei/Project/duckdb-polr/third_party/concurrentqueue -I/home/pei/Project/duckdb-polr/third_party/pcg -I/home/pei/Project/duckdb-polr/third_party/tdigest -I/home/pei/Project/duckdb-polr/third_party/mbedtls/include -I/home/pei/Project/duckdb-polr/third_party/jaro_winkler -O3 -DNDEBUG -O3 -DNDEBUG   -fPIC -fdiagnostics-color=always -std=c++11 -MD -MT src/optimizer/query_split/CMakeFiles/duckdb_optimizer_query_split.dir/ub_duckdb_optimizer_query_split.cpp.o -MF src/optimizer/query_split/CMakeFiles/duckdb_optimizer_query_split.dir/ub_duckdb_optimizer_query_split.cpp.o.d -o src/optimizer/query_split/CMakeFiles/duckdb_optimizer_query_split.dir/ub_duckdb_optimizer_query_split.cpp.o -c /home/pei/Project/duckdb-polr/build/release/src/optimizer/query_split/ub_duckdb_optimizer_query_split.cpp
In file included from /home/pei/Project/duckdb-polr/src/optimizer/query_split/query_split.cpp:1,
                 from /home/pei/Project/duckdb-polr/build/release/src/optimizer/query_split/ub_duckdb_optimizer_query_split.cpp:2:
/home/pei/Project/duckdb-polr/src/include/duckdb/optimizer/query_split/query_split.hpp:14: warning: "ENABLE_DEBUG_PRINT" redefined
   14 | #define ENABLE_DEBUG_PRINT                      true
      | 
<command-line>: note: this is the location of the previous definition
/home/pei/Project/duckdb-polr/src/include/duckdb/optimizer/query_split/query_split.hpp:23:1: warning: inline variables are only available with ‘-std=c++17’ or ‘-std=gnu++17’ [-Wc++17-extensions]
   23 | inline bool execute_plan = false;
      | ^~~~~~
In file included from /home/pei/Project/duckdb-polr/build/release/src/optimizer/query_split/ub_duckdb_optimizer_query_split.cpp:4:
/home/pei/Project/duckdb-polr/src/optimizer/query_split/foreign_key_center.cpp: In lambda function:
/home/pei/Project/duckdb-polr/src/optimizer/query_split/foreign_key_center.cpp:205:61: warning: init-statement in selection statements only available with ‘-std=c++17’ or ‘-std=gnu++17’ [-Wc++17-extensions]
  205 |                                                         if (auto find_left = std::find_if(
      |                                                             ^~~~
In file included from /home/pei/Project/duckdb-polr/build/release/src/optimizer/query_split/ub_duckdb_optimizer_query_split.cpp:3:
/home/pei/Project/duckdb-polr/src/optimizer/query_split/query_split_util.cpp: In function ‘duckdb::ColumnBinding& duckdb::GetRefColumnBinding(std::unique_ptr<Expression>&)’:
/home/pei/Project/duckdb-polr/src/optimizer/query_split/query_split_util.cpp:152:88: warning: control reaches end of non-void function [-Wreturn-type]
  152 |                 Printer::Print("Doesn't support " + ExpressionTypeToString(expr->type) + " in GetColumnBinding yet!");
      |                                ~~~~~~~~~~~~~~~~~~~~~~~~~~~~~~~~~~~~~~~~~~~~~~~~~~~~~~~~^~~~~~~~~~~~~~~~~~~~~~~~~~~~~
[3/12] /usr/bin/ccache /usr/lib/ccache/c++ -DDUCKDB -DDUCKDB_BUILD_LIBRARY -DDUCKDB_MAIN_LIBRARY -DENABLE_CROSS_PRODUCT_REWRITE=0 -DENABLE_DEBUG_PRINT=0 -DENABLE_MEASURE_EXE_TIME=0 -DENABLE_MERGE_BACK_PLAN=0 -DENABLE_PARALLEL_EXECUTION=0 -DENABLE_QUERY_SPLIT=0 -DENABLE_SPECIFY_EST_STAT=0 -I/home/pei/Project/duckdb-polr/src/include -I/home/pei/Project/duckdb-polr/third_party/fsst -I/home/pei/Project/duckdb-polr/third_party/fmt/include -I/home/pei/Project/duckdb-polr/third_party/hyperloglog -I/home/pei/Project/duckdb-polr/third_party/fastpforlib -I/home/pei/Project/duckdb-polr/third_party/fast_float -I/home/pei/Project/duckdb-polr/third_party/re2 -I/home/pei/Project/duckdb-polr/third_party/miniz -I/home/pei/Project/duckdb-polr/third_party/utf8proc/include -I/home/pei/Project/duckdb-polr/third_party/miniparquet -I/home/pei/Project/duckdb-polr/third_party/concurrentqueue -I/home/pei/Project/duckdb-polr/third_party/pcg -I/home/pei/Project/duckdb-polr/third_party/tdigest -I/home/pei/Project/duckdb-polr/third_party/mbedtls/include -I/home/pei/Project/duckdb-polr/third_party/jaro_winkler -O3 -DNDEBUG -O3 -DNDEBUG   -fPIC -fdiagnostics-color=always -std=c++11 -MD -MT src/optimizer/CMakeFiles/duckdb_optimizer.dir/ub_duckdb_optimizer.cpp.o -MF src/optimizer/CMakeFiles/duckdb_optimizer.dir/ub_duckdb_optimizer.cpp.o.d -o src/optimizer/CMakeFiles/duckdb_optimizer.dir/ub_duckdb_optimizer.cpp.o -c /home/pei/Project/duckdb-polr/build/release/src/optimizer/ub_duckdb_optimizer.cpp
In file included from /home/pei/Project/duckdb-polr/src/include/duckdb/optimizer/optimizer.hpp:15,
                 from /home/pei/Project/duckdb-polr/src/include/duckdb/optimizer/expression_heuristics.hpp:11,
                 from /home/pei/Project/duckdb-polr/src/optimizer/expression_heuristics.cpp:1,
                 from /home/pei/Project/duckdb-polr/build/release/src/optimizer/ub_duckdb_optimizer.cpp:6:
/home/pei/Project/duckdb-polr/src/include/duckdb/optimizer/query_split/query_split.hpp:14: warning: "ENABLE_DEBUG_PRINT" redefined
   14 | #define ENABLE_DEBUG_PRINT                      true
      | 
<command-line>: note: this is the location of the previous definition
/home/pei/Project/duckdb-polr/src/include/duckdb/optimizer/query_split/query_split.hpp:23:1: warning: inline variables are only available with ‘-std=c++17’ or ‘-std=gnu++17’ [-Wc++17-extensions]
   23 | inline bool execute_plan = false;
      | ^~~~~~
[4/12] /usr/bin/ccache /usr/lib/ccache/c++ -DDUCKDB -DDUCKDB_BUILD_LIBRARY -DDUCKDB_MAIN_LIBRARY -DENABLE_CROSS_PRODUCT_REWRITE=0 -DENABLE_DEBUG_PRINT=0 -DENABLE_MEASURE_EXE_TIME=0 -DENABLE_MERGE_BACK_PLAN=0 -DENABLE_PARALLEL_EXECUTION=0 -DENABLE_QUERY_SPLIT=0 -DENABLE_SPECIFY_EST_STAT=0 -I/home/pei/Project/duckdb-polr/src/include -I/home/pei/Project/duckdb-polr/third_party/fsst -I/home/pei/Project/duckdb-polr/third_party/fmt/include -I/home/pei/Project/duckdb-polr/third_party/hyperloglog -I/home/pei/Project/duckdb-polr/third_party/fastpforlib -I/home/pei/Project/duckdb-polr/third_party/fast_float -I/home/pei/Project/duckdb-polr/third_party/re2 -I/home/pei/Project/duckdb-polr/third_party/miniz -I/home/pei/Project/duckdb-polr/third_party/utf8proc/include -I/home/pei/Project/duckdb-polr/third_party/miniparquet -I/home/pei/Project/duckdb-polr/third_party/concurrentqueue -I/home/pei/Project/duckdb-polr/third_party/pcg -I/home/pei/Project/duckdb-polr/third_party/tdigest -I/home/pei/Project/duckdb-polr/third_party/mbedtls/include -I/home/pei/Project/duckdb-polr/third_party/jaro_winkler -O3 -DNDEBUG -O3 -DNDEBUG   -fPIC -fdiagnostics-color=always -std=c++11 -MD -MT src/main/CMakeFiles/duckdb_main.dir/ub_duckdb_main.cpp.o -MF src/main/CMakeFiles/duckdb_main.dir/ub_duckdb_main.cpp.o.d -o src/main/CMakeFiles/duckdb_main.dir/ub_duckdb_main.cpp.o -c /home/pei/Project/duckdb-polr/build/release/src/main/ub_duckdb_main.cpp
In file included from /home/pei/Project/duckdb-polr/src/include/duckdb/optimizer/optimizer.hpp:15,
                 from /home/pei/Project/duckdb-polr/src/main/client_context.cpp:31,
                 from /home/pei/Project/duckdb-polr/build/release/src/main/ub_duckdb_main.cpp:5:
/home/pei/Project/duckdb-polr/src/include/duckdb/optimizer/query_split/query_split.hpp:14: warning: "ENABLE_DEBUG_PRINT" redefined
   14 | #define ENABLE_DEBUG_PRINT                      true
      | 
<command-line>: note: this is the location of the previous definition
/home/pei/Project/duckdb-polr/src/include/duckdb/optimizer/query_split/query_split.hpp:23:1: warning: inline variables are only available with ‘-std=c++17’ or ‘-std=gnu++17’ [-Wc++17-extensions]
   23 | inline bool execute_plan = false;
      | ^~~~~~
[5/12] : && /usr/bin/cmake -E rm -f src/libduckdb_static.a && /usr/bin/ar qc src/libduckdb_static.a  src/optimizer/matcher/CMakeFiles/duckdb_optimizer_matcher.dir/ub_duckdb_optimizer_matcher.cpp.o src/optimizer/join_order/CMakeFiles/duckdb_optimizer_join_order.dir/ub_duckdb_optimizer_join_order.cpp.o src/optimizer/pushdown/CMakeFiles/duckdb_optimizer_pushdown.dir/ub_duckdb_optimizer_pushdown.cpp.o src/optimizer/pullup/CMakeFiles/duckdb_optimizer_pullup.dir/ub_duckdb_optimizer_pullup.cpp.o src/optimizer/rule/CMakeFiles/duckdb_optimizer_rules.dir/ub_duckdb_optimizer_rules.cpp.o src/optimizer/statistics/expression/CMakeFiles/duckdb_optimizer_statistics_expr.dir/ub_duckdb_optimizer_statistics_expr.cpp.o src/optimizer/statistics/operator/CMakeFiles/duckdb_optimizer_statistics_op.dir/ub_duckdb_optimizer_statistics_op.cpp.o src/optimizer/query_split/CMakeFiles/duckdb_optimizer_query_split.dir/ub_duckdb_optimizer_query_split.cpp.o src/optimizer/CMakeFiles/duckdb_optimizer.dir/ub_duckdb_optimizer.cpp.o src/planner/expression/CMakeFiles/duckdb_planner_expression.dir/ub_duckdb_planner_expression.cpp.o src/planner/binder/expression/CMakeFiles/duckdb_bind_expression.dir/ub_duckdb_bind_expression.cpp.o src/planner/binder/query_node/CMakeFiles/duckdb_bind_query_node.dir/ub_duckdb_bind_query_node.cpp.o src/planner/binder/statement/CMakeFiles/duckdb_bind_statement.dir/ub_duckdb_bind_statement.cpp.o src/planner/binder/tableref/CMakeFiles/duckdb_bind_tableref.dir/ub_duckdb_bind_tableref.cpp.o src/planner/expression_binder/CMakeFiles/duckdb_expression_binders.dir/ub_duckdb_expression_binders.cpp.o src/planner/filter/CMakeFiles/duckdb_planner_filter.dir/ub_duckdb_planner_filter.cpp.o src/planner/parsed_data/CMakeFiles/duckdb_planner_parsed_data.dir/ub_duckdb_planner_parsed_data.cpp.o src/planner/operator/CMakeFiles/duckdb_planner_operator.dir/ub_duckdb_planner_operator.cpp.o src/planner/subquery/CMakeFiles/duckdb_planner_subquery.dir/ub_duckdb_planner_subquery.cpp.o src/planner/CMakeFiles/duckdb_planner.dir/ub_duckdb_planner.cpp.o src/parser/constraints/CMakeFiles/duckdb_constraints.dir/ub_duckdb_constraints.cpp.o src/parser/expression/CMakeFiles/duckdb_expression.dir/ub_duckdb_expression.cpp.o src/parser/parsed_data/CMakeFiles/duckdb_parsed_data.dir/ub_duckdb_parsed_data.cpp.o src/parser/query_node/CMakeFiles/duckdb_query_node.dir/ub_duckdb_query_node.cpp.o src/parser/statement/CMakeFiles/duckdb_statement.dir/ub_duckdb_statement.cpp.o src/parser/tableref/CMakeFiles/duckdb_parser_tableref.dir/ub_duckdb_parser_tableref.cpp.o src/parser/transform/constraint/CMakeFiles/duckdb_transformer_constraint.dir/ub_duckdb_transformer_constraint.cpp.o src/parser/transform/expression/CMakeFiles/duckdb_transformer_expression.dir/ub_duckdb_transformer_expression.cpp.o src/parser/transform/helpers/CMakeFiles/duckdb_transformer_helpers.dir/ub_duckdb_transformer_helpers.cpp.o src/parser/transform/statement/CMakeFiles/duckdb_transformer_statement.dir/ub_duckdb_transformer_statement.cpp.o src/parser/transform/tableref/CMakeFiles/duckdb_transformer_tableref.dir/ub_duckdb_transformer_tableref.cpp.o src/parser/CMakeFiles/duckdb_parser.dir/ub_duckdb_parser.cpp.o src/function/aggregate/algebraic/CMakeFiles/duckdb_aggr_algebraic.dir/ub_duckdb_aggr_algebraic.cpp.o src/function/aggregate/distributive/CMakeFiles/duckdb_aggr_distr.dir/ub_duckdb_aggr_distr.cpp.o src/function/aggregate/holistic/CMakeFiles/duckdb_aggr_holistic.dir/ub_duckdb_aggr_holistic.cpp.o src/function/aggregate/nested/CMakeFiles/duckdb_aggr_nested.dir/ub_duckdb_aggr_nested.cpp.o src/function/aggregate/regression/CMakeFiles/duckdb_aggr_regr.dir/ub_duckdb_aggr_regr.cpp.o src/function/aggregate/CMakeFiles/duckdb_func_aggr.dir/ub_duckdb_func_aggr.cpp.o src/function/cast/CMakeFiles/duckdb_func_cast.dir/ub_duckdb_func_cast.cpp.o src/function/pragma/CMakeFiles/duckdb_func_pragma.dir/ub_duckdb_func_pragma.cpp.o src/function/scalar/blob/CMakeFiles/duckdb_func_blob.dir/ub_duckdb_func_blob.cpp.o src/function/scalar/date/CMakeFiles/duckdb_func_date.dir/ub_duckdb_func_date.cpp.o src/function/scalar/generic/CMakeFiles/duckdb_func_generic.dir/ub_duckdb_func_generic.cpp.o src/function/scalar/list/CMakeFiles/duckdb_func_list.dir/ub_duckdb_func_list.cpp.o src/function/scalar/map/CMakeFiles/duckdb_func_map_nested.dir/ub_duckdb_func_map_nested.cpp.o src/function/scalar/math/CMakeFiles/duckdb_func_math.dir/ub_duckdb_func_math.cpp.o src/function/scalar/operators/CMakeFiles/duckdb_func_ops.dir/ub_duckdb_func_ops.cpp.o src/function/scalar/sequence/CMakeFiles/duckdb_func_seq.dir/ub_duckdb_func_seq.cpp.o src/function/scalar/string/CMakeFiles/duckdb_func_string.dir/ub_duckdb_func_string.cpp.o src/function/scalar/struct/CMakeFiles/duckdb_func_struct.dir/ub_duckdb_func_struct.cpp.o src/function/scalar/system/CMakeFiles/duckdb_func_system.dir/ub_duckdb_func_system.cpp.o src/function/scalar/union/CMakeFiles/duckdb_func_union.dir/ub_duckdb_func_union.cpp.o src/function/scalar/enum/CMakeFiles/duckdb_func_enum.dir/ub_duckdb_func_enum.cpp.o src/function/scalar/CMakeFiles/duckdb_func_scalar.dir/ub_duckdb_func_scalar.cpp.o src/function/table/system/CMakeFiles/duckdb_table_func_system.dir/ub_duckdb_table_func_system.cpp.o src/function/table/version/CMakeFiles/duckdb_func_table_version.dir/ub_duckdb_func_table_version.cpp.o src/function/table/CMakeFiles/duckdb_func_table.dir/ub_duckdb_func_table.cpp.o src/function/CMakeFiles/duckdb_function.dir/ub_duckdb_function.cpp.o src/catalog/catalog_entry/CMakeFiles/duckdb_catalog_entries.dir/ub_duckdb_catalog_entries.cpp.o src/catalog/default/CMakeFiles/duckdb_catalog_default_entries.dir/ub_duckdb_catalog_default_entries.cpp.o src/catalog/CMakeFiles/duckdb_catalog.dir/ub_duckdb_catalog.cpp.o src/common/arrow/CMakeFiles/duckdb_common_arrow.dir/ub_duckdb_common_arrow.cpp.o src/common/crypto/CMakeFiles/duckdb_common_crypto.dir/ub_duckdb_common_crypto.cpp.o src/common/enums/CMakeFiles/duckdb_common_enums.dir/ub_duckdb_common_enums.cpp.o src/common/operator/CMakeFiles/duckdb_common_operators.dir/ub_duckdb_common_operators.cpp.o src/common/progress_bar/CMakeFiles/duckdb_progress_bar.dir/ub_duckdb_progress_bar.cpp.o src/common/row_operations/CMakeFiles/duckdb_row_operations.dir/ub_duckdb_row_operations.cpp.o src/common/serializer/CMakeFiles/duckdb_common_serializer.dir/ub_duckdb_common_serializer.cpp.o src/common/sort/CMakeFiles/duckdb_sort.dir/ub_duckdb_sort.cpp.o src/common/types/CMakeFiles/duckdb_common_types.dir/ub_duckdb_common_types.cpp.o src/common/value_operations/CMakeFiles/duckdb_value_operations.dir/ub_duckdb_value_operations.cpp.o src/common/vector_operations/CMakeFiles/duckdb_vector_operations.dir/boolean_operators.cpp.o src/common/vector_operations/CMakeFiles/duckdb_vector_operations.dir/vector_cast.cpp.o src/common/vector_operations/CMakeFiles/duckdb_vector_operations.dir/comparison_operators.cpp.o src/common/vector_operations/CMakeFiles/duckdb_vector_operations.dir/vector_copy.cpp.o src/common/vector_operations/CMakeFiles/duckdb_vector_operations.dir/generators.cpp.o src/common/vector_operations/CMakeFiles/duckdb_vector_operations.dir/vector_hash.cpp.o src/common/vector_operations/CMakeFiles/duckdb_vector_operations.dir/vector_storage.cpp.o src/common/vector_operations/CMakeFiles/duckdb_vector_operations.dir/null_operations.cpp.o src/common/vector_operations/CMakeFiles/duckdb_vector_operations.dir/numeric_inplace_operators.cpp.o src/common/vector_operations/CMakeFiles/duckdb_vector_operations.dir/is_distinct_from.cpp.o src/common/CMakeFiles/duckdb_common.dir/ub_duckdb_common.cpp.o src/execution/expression_executor/CMakeFiles/duckdb_expression_executor.dir/ub_duckdb_expression_executor.cpp.o src/execution/nested_loop_join/CMakeFiles/duckdb_nested_loop_join.dir/ub_duckdb_nested_loop_join.cpp.o src/execution/operator/aggregate/CMakeFiles/duckdb_operator_aggregate.dir/ub_duckdb_operator_aggregate.cpp.o src/execution/operator/filter/CMakeFiles/duckdb_operator_filter.dir/ub_duckdb_operator_filter.cpp.o src/execution/operator/helper/CMakeFiles/duckdb_operator_helper.dir/ub_duckdb_operator_helper.cpp.o src/execution/operator/join/CMakeFiles/duckdb_operator_join.dir/ub_duckdb_operator_join.cpp.o src/execution/operator/order/CMakeFiles/duckdb_operator_order.dir/ub_duckdb_operator_order.cpp.o src/execution/operator/persistent/CMakeFiles/duckdb_operator_persistent.dir/ub_duckdb_operator_persistent.cpp.o src/execution/operator/projection/CMakeFiles/duckdb_operator_projection.dir/ub_duckdb_operator_projection.cpp.o src/execution/operator/scan/CMakeFiles/duckdb_operator_scan.dir/ub_duckdb_operator_scan.cpp.o src/execution/operator/schema/CMakeFiles/duckdb_operator_schema.dir/ub_duckdb_operator_schema.cpp.o src/execution/operator/set/CMakeFiles/duckdb_operator_set.dir/ub_duckdb_operator_set.cpp.o src/execution/physical_plan/CMakeFiles/duckdb_physical_plan.dir/ub_duckdb_physical_plan.cpp.o src/execution/index/art/CMakeFiles/duckdb_art_index_execution.dir/ub_duckdb_art_index_execution.cpp.o src/execution/CMakeFiles/duckdb_execution.dir/ub_duckdb_execution.cpp.o src/main/capi/cast/CMakeFiles/duckdb_main_capi_cast.dir/ub_duckdb_main_capi_cast.cpp.o src/main/capi/CMakeFiles/duckdb_main_capi.dir/ub_duckdb_main_capi.cpp.o src/main/extension/CMakeFiles/duckdb_main_extension.dir/ub_duckdb_main_extension.cpp.o src/main/relation/CMakeFiles/duckdb_main_relation.dir/ub_duckdb_main_relation.cpp.o src/main/settings/CMakeFiles/duckdb_main_settings.dir/ub_duckdb_main_settings.cpp.o src/main/CMakeFiles/duckdb_main.dir/ub_duckdb_main.cpp.o src/parallel/CMakeFiles/duckdb_parallel.dir/ub_duckdb_parallel.cpp.o src/storage/buffer/CMakeFiles/duckdb_storage_buffer.dir/ub_duckdb_storage_buffer.cpp.o src/storage/checkpoint/CMakeFiles/duckdb_storage_checkpoint.dir/ub_duckdb_storage_checkpoint.cpp.o src/storage/compression/chimp/CMakeFiles/duckdb_storage_compression_chimp.dir/ub_duckdb_storage_compression_chimp.cpp.o src/storage/compression/CMakeFiles/duckdb_storage_compression.dir/ub_duckdb_storage_compression.cpp.o src/storage/statistics/CMakeFiles/duckdb_storage_statistics.dir/ub_duckdb_storage_statistics.cpp.o src/storage/table/CMakeFiles/duckdb_storage_table.dir/ub_duckdb_storage_table.cpp.o src/storage/CMakeFiles/duckdb_storage.dir/ub_duckdb_storage.cpp.o src/transaction/CMakeFiles/duckdb_transaction.dir/ub_duckdb_transaction.cpp.o src/verification/CMakeFiles/duckdb_verification.dir/copied_statement_verifier.cpp.o src/verification/CMakeFiles/duckdb_verification.dir/external_statement_verifier.cpp.o src/verification/CMakeFiles/duckdb_verification.dir/prepared_statement_verifier.cpp.o src/verification/CMakeFiles/duckdb_verification.dir/deserialized_statement_verifier.cpp.o src/verification/CMakeFiles/duckdb_verification.dir/statement_verifier.cpp.o src/verification/CMakeFiles/duckdb_verification.dir/parsed_statement_verifier.cpp.o src/verification/CMakeFiles/duckdb_verification.dir/unoptimized_statement_verifier.cpp.o && /usr/bin/ranlib src/libduckdb_static.a && :
[6/12] : && /usr/lib/ccache/c++ -fPIC -O3 -DNDEBUG -O3 -DNDEBUG   -shared -Wl,-soname,libduckdb.so -o src/libduckdb.so src/optimizer/matcher/CMakeFiles/duckdb_optimizer_matcher.dir/ub_duckdb_optimizer_matcher.cpp.o src/optimizer/join_order/CMakeFiles/duckdb_optimizer_join_order.dir/ub_duckdb_optimizer_join_order.cpp.o src/optimizer/pushdown/CMakeFiles/duckdb_optimizer_pushdown.dir/ub_duckdb_optimizer_pushdown.cpp.o src/optimizer/pullup/CMakeFiles/duckdb_optimizer_pullup.dir/ub_duckdb_optimizer_pullup.cpp.o src/optimizer/rule/CMakeFiles/duckdb_optimizer_rules.dir/ub_duckdb_optimizer_rules.cpp.o src/optimizer/statistics/expression/CMakeFiles/duckdb_optimizer_statistics_expr.dir/ub_duckdb_optimizer_statistics_expr.cpp.o src/optimizer/statistics/operator/CMakeFiles/duckdb_optimizer_statistics_op.dir/ub_duckdb_optimizer_statistics_op.cpp.o src/optimizer/query_split/CMakeFiles/duckdb_optimizer_query_split.dir/ub_duckdb_optimizer_query_split.cpp.o src/optimizer/CMakeFiles/duckdb_optimizer.dir/ub_duckdb_optimizer.cpp.o src/planner/expression/CMakeFiles/duckdb_planner_expression.dir/ub_duckdb_planner_expression.cpp.o src/planner/binder/expression/CMakeFiles/duckdb_bind_expression.dir/ub_duckdb_bind_expression.cpp.o src/planner/binder/query_node/CMakeFiles/duckdb_bind_query_node.dir/ub_duckdb_bind_query_node.cpp.o src/planner/binder/statement/CMakeFiles/duckdb_bind_statement.dir/ub_duckdb_bind_statement.cpp.o src/planner/binder/tableref/CMakeFiles/duckdb_bind_tableref.dir/ub_duckdb_bind_tableref.cpp.o src/planner/expression_binder/CMakeFiles/duckdb_expression_binders.dir/ub_duckdb_expression_binders.cpp.o src/planner/filter/CMakeFiles/duckdb_planner_filter.dir/ub_duckdb_planner_filter.cpp.o src/planner/parsed_data/CMakeFiles/duckdb_planner_parsed_data.dir/ub_duckdb_planner_parsed_data.cpp.o src/planner/operator/CMakeFiles/duckdb_planner_operator.dir/ub_duckdb_planner_operator.cpp.o src/planner/subquery/CMakeFiles/duckdb_planner_subquery.dir/ub_duckdb_planner_subquery.cpp.o src/planner/CMakeFiles/duckdb_planner.dir/ub_duckdb_planner.cpp.o src/parser/constraints/CMakeFiles/duckdb_constraints.dir/ub_duckdb_constraints.cpp.o src/parser/expression/CMakeFiles/duckdb_expression.dir/ub_duckdb_expression.cpp.o src/parser/parsed_data/CMakeFiles/duckdb_parsed_data.dir/ub_duckdb_parsed_data.cpp.o src/parser/query_node/CMakeFiles/duckdb_query_node.dir/ub_duckdb_query_node.cpp.o src/parser/statement/CMakeFiles/duckdb_statement.dir/ub_duckdb_statement.cpp.o src/parser/tableref/CMakeFiles/duckdb_parser_tableref.dir/ub_duckdb_parser_tableref.cpp.o src/parser/transform/constraint/CMakeFiles/duckdb_transformer_constraint.dir/ub_duckdb_transformer_constraint.cpp.o src/parser/transform/expression/CMakeFiles/duckdb_transformer_expression.dir/ub_duckdb_transformer_expression.cpp.o src/parser/transform/helpers/CMakeFiles/duckdb_transformer_helpers.dir/ub_duckdb_transformer_helpers.cpp.o src/parser/transform/statement/CMakeFiles/duckdb_transformer_statement.dir/ub_duckdb_transformer_statement.cpp.o src/parser/transform/tableref/CMakeFiles/duckdb_transformer_tableref.dir/ub_duckdb_transformer_tableref.cpp.o src/parser/CMakeFiles/duckdb_parser.dir/ub_duckdb_parser.cpp.o src/function/aggregate/algebraic/CMakeFiles/duckdb_aggr_algebraic.dir/ub_duckdb_aggr_algebraic.cpp.o src/function/aggregate/distributive/CMakeFiles/duckdb_aggr_distr.dir/ub_duckdb_aggr_distr.cpp.o src/function/aggregate/holistic/CMakeFiles/duckdb_aggr_holistic.dir/ub_duckdb_aggr_holistic.cpp.o src/function/aggregate/nested/CMakeFiles/duckdb_aggr_nested.dir/ub_duckdb_aggr_nested.cpp.o src/function/aggregate/regression/CMakeFiles/duckdb_aggr_regr.dir/ub_duckdb_aggr_regr.cpp.o src/function/aggregate/CMakeFiles/duckdb_func_aggr.dir/ub_duckdb_func_aggr.cpp.o src/function/cast/CMakeFiles/duckdb_func_cast.dir/ub_duckdb_func_cast.cpp.o src/function/pragma/CMakeFiles/duckdb_func_pragma.dir/ub_duckdb_func_pragma.cpp.o src/function/scalar/blob/CMakeFiles/duckdb_func_blob.dir/ub_duckdb_func_blob.cpp.o src/function/scalar/date/CMakeFiles/duckdb_func_date.dir/ub_duckdb_func_date.cpp.o src/function/scalar/generic/CMakeFiles/duckdb_func_generic.dir/ub_duckdb_func_generic.cpp.o src/function/scalar/list/CMakeFiles/duckdb_func_list.dir/ub_duckdb_func_list.cpp.o src/function/scalar/map/CMakeFiles/duckdb_func_map_nested.dir/ub_duckdb_func_map_nested.cpp.o src/function/scalar/math/CMakeFiles/duckdb_func_math.dir/ub_duckdb_func_math.cpp.o src/function/scalar/operators/CMakeFiles/duckdb_func_ops.dir/ub_duckdb_func_ops.cpp.o src/function/scalar/sequence/CMakeFiles/duckdb_func_seq.dir/ub_duckdb_func_seq.cpp.o src/function/scalar/string/CMakeFiles/duckdb_func_string.dir/ub_duckdb_func_string.cpp.o src/function/scalar/struct/CMakeFiles/duckdb_func_struct.dir/ub_duckdb_func_struct.cpp.o src/function/scalar/system/CMakeFiles/duckdb_func_system.dir/ub_duckdb_func_system.cpp.o src/function/scalar/union/CMakeFiles/duckdb_func_union.dir/ub_duckdb_func_union.cpp.o src/function/scalar/enum/CMakeFiles/duckdb_func_enum.dir/ub_duckdb_func_enum.cpp.o src/function/scalar/CMakeFiles/duckdb_func_scalar.dir/ub_duckdb_func_scalar.cpp.o src/function/table/system/CMakeFiles/duckdb_table_func_system.dir/ub_duckdb_table_func_system.cpp.o src/function/table/version/CMakeFiles/duckdb_func_table_version.dir/ub_duckdb_func_table_version.cpp.o src/function/table/CMakeFiles/duckdb_func_table.dir/ub_duckdb_func_table.cpp.o src/function/CMakeFiles/duckdb_function.dir/ub_duckdb_function.cpp.o src/catalog/catalog_entry/CMakeFiles/duckdb_catalog_entries.dir/ub_duckdb_catalog_entries.cpp.o src/catalog/default/CMakeFiles/duckdb_catalog_default_entries.dir/ub_duckdb_catalog_default_entries.cpp.o src/catalog/CMakeFiles/duckdb_catalog.dir/ub_duckdb_catalog.cpp.o src/common/arrow/CMakeFiles/duckdb_common_arrow.dir/ub_duckdb_common_arrow.cpp.o src/common/crypto/CMakeFiles/duckdb_common_crypto.dir/ub_duckdb_common_crypto.cpp.o src/common/enums/CMakeFiles/duckdb_common_enums.dir/ub_duckdb_common_enums.cpp.o src/common/operator/CMakeFiles/duckdb_common_operators.dir/ub_duckdb_common_operators.cpp.o src/common/progress_bar/CMakeFiles/duckdb_progress_bar.dir/ub_duckdb_progress_bar.cpp.o src/common/row_operations/CMakeFiles/duckdb_row_operations.dir/ub_duckdb_row_operations.cpp.o src/common/serializer/CMakeFiles/duckdb_common_serializer.dir/ub_duckdb_common_serializer.cpp.o src/common/sort/CMakeFiles/duckdb_sort.dir/ub_duckdb_sort.cpp.o src/common/types/CMakeFiles/duckdb_common_types.dir/ub_duckdb_common_types.cpp.o src/common/value_operations/CMakeFiles/duckdb_value_operations.dir/ub_duckdb_value_operations.cpp.o src/common/vector_operations/CMakeFiles/duckdb_vector_operations.dir/boolean_operators.cpp.o src/common/vector_operations/CMakeFiles/duckdb_vector_operations.dir/vector_cast.cpp.o src/common/vector_operations/CMakeFiles/duckdb_vector_operations.dir/comparison_operators.cpp.o src/common/vector_operations/CMakeFiles/duckdb_vector_operations.dir/vector_copy.cpp.o src/common/vector_operations/CMakeFiles/duckdb_vector_operations.dir/generators.cpp.o src/common/vector_operations/CMakeFiles/duckdb_vector_operations.dir/vector_hash.cpp.o src/common/vector_operations/CMakeFiles/duckdb_vector_operations.dir/vector_storage.cpp.o src/common/vector_operations/CMakeFiles/duckdb_vector_operations.dir/null_operations.cpp.o src/common/vector_operations/CMakeFiles/duckdb_vector_operations.dir/numeric_inplace_operators.cpp.o src/common/vector_operations/CMakeFiles/duckdb_vector_operations.dir/is_distinct_from.cpp.o src/common/CMakeFiles/duckdb_common.dir/ub_duckdb_common.cpp.o src/execution/expression_executor/CMakeFiles/duckdb_expression_executor.dir/ub_duckdb_expression_executor.cpp.o src/execution/nested_loop_join/CMakeFiles/duckdb_nested_loop_join.dir/ub_duckdb_nested_loop_join.cpp.o src/execution/operator/aggregate/CMakeFiles/duckdb_operator_aggregate.dir/ub_duckdb_operator_aggregate.cpp.o src/execution/operator/filter/CMakeFiles/duckdb_operator_filter.dir/ub_duckdb_operator_filter.cpp.o src/execution/operator/helper/CMakeFiles/duckdb_operator_helper.dir/ub_duckdb_operator_helper.cpp.o src/execution/operator/join/CMakeFiles/duckdb_operator_join.dir/ub_duckdb_operator_join.cpp.o src/execution/operator/order/CMakeFiles/duckdb_operator_order.dir/ub_duckdb_operator_order.cpp.o src/execution/operator/persistent/CMakeFiles/duckdb_operator_persistent.dir/ub_duckdb_operator_persistent.cpp.o src/execution/operator/projection/CMakeFiles/duckdb_operator_projection.dir/ub_duckdb_operator_projection.cpp.o src/execution/operator/scan/CMakeFiles/duckdb_operator_scan.dir/ub_duckdb_operator_scan.cpp.o src/execution/operator/schema/CMakeFiles/duckdb_operator_schema.dir/ub_duckdb_operator_schema.cpp.o src/execution/operator/set/CMakeFiles/duckdb_operator_set.dir/ub_duckdb_operator_set.cpp.o src/execution/physical_plan/CMakeFiles/duckdb_physical_plan.dir/ub_duckdb_physical_plan.cpp.o src/execution/index/art/CMakeFiles/duckdb_art_index_execution.dir/ub_duckdb_art_index_execution.cpp.o src/execution/CMakeFiles/duckdb_execution.dir/ub_duckdb_execution.cpp.o src/main/capi/cast/CMakeFiles/duckdb_main_capi_cast.dir/ub_duckdb_main_capi_cast.cpp.o src/main/capi/CMakeFiles/duckdb_main_capi.dir/ub_duckdb_main_capi.cpp.o src/main/extension/CMakeFiles/duckdb_main_extension.dir/ub_duckdb_main_extension.cpp.o src/main/relation/CMakeFiles/duckdb_main_relation.dir/ub_duckdb_main_relation.cpp.o src/main/settings/CMakeFiles/duckdb_main_settings.dir/ub_duckdb_main_settings.cpp.o src/main/CMakeFiles/duckdb_main.dir/ub_duckdb_main.cpp.o src/parallel/CMakeFiles/duckdb_parallel.dir/ub_duckdb_parallel.cpp.o src/storage/buffer/CMakeFiles/duckdb_storage_buffer.dir/ub_duckdb_storage_buffer.cpp.o src/storage/checkpoint/CMakeFiles/duckdb_storage_checkpoint.dir/ub_duckdb_storage_checkpoint.cpp.o src/storage/compression/chimp/CMakeFiles/duckdb_storage_compression_chimp.dir/ub_duckdb_storage_compression_chimp.cpp.o src/storage/compression/CMakeFiles/duckdb_storage_compression.dir/ub_duckdb_storage_compression.cpp.o src/storage/statistics/CMakeFiles/duckdb_storage_statistics.dir/ub_duckdb_storage_statistics.cpp.o src/storage/table/CMakeFiles/duckdb_storage_table.dir/ub_duckdb_storage_table.cpp.o src/storage/CMakeFiles/duckdb_storage.dir/ub_duckdb_storage.cpp.o src/transaction/CMakeFiles/duckdb_transaction.dir/ub_duckdb_transaction.cpp.o src/verification/CMakeFiles/duckdb_verification.dir/copied_statement_verifier.cpp.o src/verification/CMakeFiles/duckdb_verification.dir/external_statement_verifier.cpp.o src/verification/CMakeFiles/duckdb_verification.dir/prepared_statement_verifier.cpp.o src/verification/CMakeFiles/duckdb_verification.dir/deserialized_statement_verifier.cpp.o src/verification/CMakeFiles/duckdb_verification.dir/statement_verifier.cpp.o src/verification/CMakeFiles/duckdb_verification.dir/parsed_statement_verifier.cpp.o src/verification/CMakeFiles/duckdb_verification.dir/unoptimized_statement_verifier.cpp.o  -ldl  third_party/fsst/libduckdb_fsst.a  third_party/fmt/libduckdb_fmt.a  third_party/libpg_query/libduckdb_pg_query.a  third_party/re2/libduckdb_re2.a  third_party/miniz/libduckdb_miniz.a  third_party/utf8proc/libduckdb_utf8proc.a  third_party/hyperloglog/libduckdb_hyperloglog.a  third_party/fastpforlib/libduckdb_fastpforlib.a  third_party/mbedtls/libduckdb_mbedtls.a  extension/jemalloc/libjemalloc_extension.a  extension/parquet/libparquet_extension.a && :
[7/12] : && /usr/lib/ccache/c++ -fPIC -O3 -DNDEBUG -O3 -DNDEBUG   -shared -Wl,-soname,libsqlite3_api_wrapper.so -o tools/sqlite3_api_wrapper/libsqlite3_api_wrapper.so tools/sqlite3_api_wrapper/sqlite3/CMakeFiles/sqlite3_api_wrapper_sqlite3.dir/printf.c.o tools/sqlite3_api_wrapper/sqlite3/CMakeFiles/sqlite3_api_wrapper_sqlite3.dir/strglob.c.o tools/sqlite3_api_wrapper/sqlite3_udf_api/CMakeFiles/sqlite3_udf_api.dir/sqlite3_udf_wrapper.cpp.o tools/sqlite3_api_wrapper/sqlite3_udf_api/CMakeFiles/sqlite3_udf_api.dir/cast_sqlite.cpp.o tools/sqlite3_api_wrapper/CMakeFiles/sqlite3_api_wrapper.dir/sqlite3_api_wrapper.cpp.o tools/sqlite3_api_wrapper/CMakeFiles/sqlite3_api_wrapper.dir/sql_auto_complete_extension.cpp.o  -Wl,-rpath,/home/pei/Project/duckdb-polr/build/release/src  src/libduckdb.so  -ldl  third_party/fsst/libduckdb_fsst.a  third_party/fmt/libduckdb_fmt.a  third_party/libpg_query/libduckdb_pg_query.a  third_party/re2/libduckdb_re2.a  third_party/miniz/libduckdb_miniz.a  third_party/utf8proc/libduckdb_utf8proc.a  third_party/hyperloglog/libduckdb_hyperloglog.a  third_party/fastpforlib/libduckdb_fastpforlib.a  third_party/mbedtls/libduckdb_mbedtls.a  extension/jemalloc/libjemalloc_extension.a  extension/parquet/libparquet_extension.a && :
[8/12] : && /usr/lib/ccache/c++ -O3 -DNDEBUG -O3 -DNDEBUG -rdynamic tools/sqlite3_api_wrapper/CMakeFiles/test_sqlite3_api_wrapper.dir/test/test_sqlite3_api_wrapper.cpp.o tools/sqlite3_api_wrapper/CMakeFiles/test_sqlite3_api_wrapper.dir/test/test_sqlite3_udf_api_wrapper.cpp.o -o tools/sqlite3_api_wrapper/test_sqlite3_api_wrapper  -Wl,-rpath,/home/pei/Project/duckdb-polr/build/release/tools/sqlite3_api_wrapper:/home/pei/Project/duckdb-polr/build/release/src  tools/sqlite3_api_wrapper/libsqlite3_api_wrapper.so  src/libduckdb.so  -ldl  third_party/fsst/libduckdb_fsst.a  third_party/fmt/libduckdb_fmt.a  third_party/libpg_query/libduckdb_pg_query.a  third_party/re2/libduckdb_re2.a  third_party/miniz/libduckdb_miniz.a  third_party/utf8proc/libduckdb_utf8proc.a  third_party/hyperloglog/libduckdb_hyperloglog.a  third_party/fastpforlib/libduckdb_fastpforlib.a  third_party/mbedtls/libduckdb_mbedtls.a  extension/jemalloc/libjemalloc_extension.a  extension/parquet/libparquet_extension.a && :
[9/12] : && /usr/lib/ccache/c++ -O3 -DNDEBUG -O3 -DNDEBUG -rdynamic tools/shell/CMakeFiles/shell.dir/shell.c.o tools/shell/CMakeFiles/shell.dir/linenoise.cpp.o -o duckdb  tools/sqlite3_api_wrapper/libsqlite3_api_wrapper_static.a  third_party/utf8proc/libduckdb_utf8proc.a  src/libduckdb_static.a  third_party/utf8proc/libduckdb_utf8proc.a  -ldl  third_party/fsst/libduckdb_fsst.a  third_party/fmt/libduckdb_fmt.a  third_party/libpg_query/libduckdb_pg_query.a  third_party/re2/libduckdb_re2.a  third_party/miniz/libduckdb_miniz.a  third_party/hyperloglog/libduckdb_hyperloglog.a  third_party/fastpforlib/libduckdb_fastpforlib.a  third_party/mbedtls/libduckdb_mbedtls.a  extension/jemalloc/libjemalloc_extension.a  extension/parquet/libparquet_extension.a && :
[10/12] : && /usr/lib/ccache/c++ -O3 -DNDEBUG -O3 -DNDEBUG -rdynamic extension/parquet/CMakeFiles/parquetcli.dir/parquetcli.cpp.o -o extension/parquet/parquetcli  extension/parquet/libparquet_extension.a  src/libduckdb_static.a  extension/parquet/libparquet_extension.a  -ldl  third_party/fsst/libduckdb_fsst.a  third_party/fmt/libduckdb_fmt.a  third_party/libpg_query/libduckdb_pg_query.a  third_party/re2/libduckdb_re2.a  third_party/miniz/libduckdb_miniz.a  third_party/utf8proc/libduckdb_utf8proc.a  third_party/hyperloglog/libduckdb_hyperloglog.a  third_party/fastpforlib/libduckdb_fastpforlib.a  third_party/mbedtls/libduckdb_mbedtls.a  extension/jemalloc/libjemalloc_extension.a && :
[11/12] /usr/bin/ccache /usr/lib/ccache/c++ -DDUCKDB_BUILD_LIBRARY -DENABLE_CROSS_PRODUCT_REWRITE=0 -DENABLE_DEBUG_PRINT=0 -DENABLE_MEASURE_EXE_TIME=0 -DENABLE_MERGE_BACK_PLAN=0 -DENABLE_PARALLEL_EXECUTION=0 -DENABLE_QUERY_SPLIT=0 -DENABLE_SPECIFY_EST_STAT=0 -I/home/pei/Project/duckdb-polr/src/include -I/home/pei/Project/duckdb-polr/third_party/fsst -I/home/pei/Project/duckdb-polr/third_party/fmt/include -I/home/pei/Project/duckdb-polr/third_party/hyperloglog -I/home/pei/Project/duckdb-polr/third_party/fastpforlib -I/home/pei/Project/duckdb-polr/third_party/fast_float -I/home/pei/Project/duckdb-polr/third_party/re2 -I/home/pei/Project/duckdb-polr/third_party/miniz -I/home/pei/Project/duckdb-polr/third_party/utf8proc/include -I/home/pei/Project/duckdb-polr/third_party/miniparquet -I/home/pei/Project/duckdb-polr/third_party/concurrentqueue -I/home/pei/Project/duckdb-polr/third_party/pcg -I/home/pei/Project/duckdb-polr/third_party/tdigest -I/home/pei/Project/duckdb-polr/third_party/mbedtls/include -I/home/pei/Project/duckdb-polr/third_party/jaro_winkler -I/home/pei/Project/duckdb-polr/test/../third_party/catch -I/home/pei/Project/duckdb-polr/test/../third_party/tpce-tool/include -I/home/pei/Project/duckdb-polr/test/../third_party/sqlite/include -I/home/pei/Project/duckdb-polr/test/include -O3 -DNDEBUG -O3 -DNDEBUG   -fPIC -fdiagnostics-color=always -std=c++11 -MD -MT test/api/CMakeFiles/test_api.dir/ub_test_api.cpp.o -MF test/api/CMakeFiles/test_api.dir/ub_test_api.cpp.o.d -o test/api/CMakeFiles/test_api.dir/ub_test_api.cpp.o -c /home/pei/Project/duckdb-polr/build/release/test/api/ub_test_api.cpp
In file included from /home/pei/Project/duckdb-polr/src/include/duckdb/optimizer/optimizer.hpp:15,
                 from /home/pei/Project/duckdb-polr/test/api/test_plan_serialization.cpp:6,
                 from /home/pei/Project/duckdb-polr/build/release/test/api/ub_test_api.cpp:12:
/home/pei/Project/duckdb-polr/src/include/duckdb/optimizer/query_split/query_split.hpp:14: warning: "ENABLE_DEBUG_PRINT" redefined
   14 | #define ENABLE_DEBUG_PRINT                      true
      | 
<command-line>: note: this is the location of the previous definition
/home/pei/Project/duckdb-polr/src/include/duckdb/optimizer/query_split/query_split.hpp:23:1: warning: inline variables are only available with ‘-std=c++17’ or ‘-std=gnu++17’ [-Wc++17-extensions]
   23 | inline bool execute_plan = false;
      | ^~~~~~
[12/12] : && /usr/lib/ccache/c++ -O3 -DNDEBUG -O3 -DNDEBUG -rdynamic test/api/capi/CMakeFiles/test_sql_capi.dir/ub_test_sql_capi.cpp.o test/api/udf_function/CMakeFiles/test_api_udf_function.dir/ub_test_api_udf_function.cpp.o test/api/CMakeFiles/test_api.dir/ub_test_api.cpp.o test/appender/CMakeFiles/test_appender.dir/ub_test_appender.cpp.o test/arrow_roundtrip/CMakeFiles/test_arrow_roundtrip.dir/ub_test_arrow_roundtrip.cpp.o test/common/CMakeFiles/test_common.dir/ub_test_common.cpp.o test/extension/CMakeFiles/test_extensions.dir/ub_test_extensions.cpp.o test/memoryleak/CMakeFiles/test_memory_leak.dir/ub_test_memory_leak.cpp.o test/sql/filter/CMakeFiles/test_filter.dir/ub_test_filter.cpp.o test/sql/function/table/CMakeFiles/test_table_function.dir/ub_test_table_function.cpp.o test/sql/index/CMakeFiles/test_index.dir/ub_test_index.cpp.o test/sql/parallelism/interquery/CMakeFiles/test_sql_interquery_parallelism.dir/ub_test_sql_interquery_parallelism.cpp.o test/sql/storage/catalog/CMakeFiles/test_sql_storage_catalog.dir/ub_test_sql_storage_catalog.cpp.o test/sql/storage/CMakeFiles/test_sql_storage.dir/ub_test_sql_storage.cpp.o test/sqlite/CMakeFiles/test_sqlite.dir/ub_test_sqlite.cpp.o test/ossfuzz/CMakeFiles/test_ossfuzz.dir/ub_test_ossfuzz.cpp.o test/mbedtls/CMakeFiles/test_mbedtls.dir/ub_test_mbedtls.cpp.o test/persistence/CMakeFiles/test_persistence.dir/ub_test_persistence.cpp.o test/CMakeFiles/unittest.dir/unittest.cpp.o -o test/unittest  -Wl,-rpath,/home/pei/Project/duckdb-polr/build/release/src  test/helpers/libtest_helpers.a  src/libduckdb.so  -ldl  third_party/fsst/libduckdb_fsst.a  third_party/fmt/libduckdb_fmt.a  third_party/libpg_query/libduckdb_pg_query.a  third_party/re2/libduckdb_re2.a  third_party/miniz/libduckdb_miniz.a  third_party/utf8proc/libduckdb_utf8proc.a  third_party/hyperloglog/libduckdb_hyperloglog.a  third_party/fastpforlib/libduckdb_fastpforlib.a  third_party/mbedtls/libduckdb_mbedtls.a  extension/jemalloc/libjemalloc_extension.a  extension/parquet/libparquet_extension.a && :
mkdir -p build/release && \
cd build/release && \
cmake -G "Ninja" -DFORCE_COLORED_OUTPUT=1        -DBUILD_PARQUET_EXTENSION=TRUE -DCMAKE_BUILD_TYPE=Release ../.. && \
cmake --build . --config Release
Re-run cmake no build system arguments
fatal: No names found, cannot describe anything.
fatal: No names found, cannot describe anything.
-- git hash cd7a58694b, version v..1-dev
-- Configuring done
-- Generating done
-- Build files have been written to: /home/pei/Project/duckdb-polr/build/release
ninja: no work to do.
mkdir -p build/release && \
cd build/release && \
cmake -G "Ninja" -DFORCE_COLORED_OUTPUT=1        -DBUILD_PARQUET_EXTENSION=TRUE -DCMAKE_BUILD_TYPE=Release ../.. && \
cmake --build . --config Release
Re-run cmake no build system arguments
fatal: No names found, cannot describe anything.
fatal: No names found, cannot describe anything.
-- git hash cd7a58694b, version v..1-dev
-- Configuring done
-- Generating done
-- Build files have been written to: /home/pei/Project/duckdb-polr/build/release
ninja: no work to do.
mkdir -p build/release && \
cd build/release && \
cmake -G "Ninja" -DFORCE_COLORED_OUTPUT=1        -DBUILD_PARQUET_EXTENSION=TRUE -DCMAKE_BUILD_TYPE=Release ../.. && \
cmake --build . --config Release
Re-run cmake no build system arguments
fatal: No names found, cannot describe anything.
fatal: No names found, cannot describe anything.
-- git hash cd7a58694b, version v..1-dev
-- Configuring done
-- Generating done
-- Build files have been written to: /home/pei/Project/duckdb-polr/build/release
ninja: no work to do.
mkdir -p build/release && \
cd build/release && \
cmake -G "Ninja" -DFORCE_COLORED_OUTPUT=1        -DBUILD_PARQUET_EXTENSION=TRUE -DDEFINE_QUERY_SPLIT=1 -DDEFINE_PARALLEL_EXECUTION=0 -DDEFINE_DEBUG_PRINT=0 -DDEFINE_CROSS_PRODUCT_REWRITE=1 -DDEFINE_MERGE_BACK_PLAN=0 -DDEFINE_SPECIFY_EST_STAT=0 -DDEFINE_MEASURE_EXE_TIME=0 -DCMAKE_BUILD_TYPE=Release ../.. && \
cmake --build . --config Release
Re-run cmake no build system arguments
fatal: No names found, cannot describe anything.
fatal: No names found, cannot describe anything.
-- git hash cd7a58694b, version v..1-dev
-- Configuring done
-- Generating done
-- Build files have been written to: /home/pei/Project/duckdb-polr/build/release
[1/376] /usr/bin/ccache /usr/lib/ccache/c++ -DDUCKDB -DDUCKDB_BUILD_LIBRARY -DDUCKDB_MAIN_LIBRARY -DENABLE_CROSS_PRODUCT_REWRITE=1 -DENABLE_DEBUG_PRINT=0 -DENABLE_MEASURE_EXE_TIME=0 -DENABLE_MERGE_BACK_PLAN=0 -DENABLE_PARALLEL_EXECUTION=0 -DENABLE_QUERY_SPLIT=1 -DENABLE_SPECIFY_EST_STAT=0 -I/home/pei/Project/duckdb-polr/src/include -I/home/pei/Project/duckdb-polr/third_party/fsst -I/home/pei/Project/duckdb-polr/third_party/fmt/include -I/home/pei/Project/duckdb-polr/third_party/hyperloglog -I/home/pei/Project/duckdb-polr/third_party/fastpforlib -I/home/pei/Project/duckdb-polr/third_party/fast_float -I/home/pei/Project/duckdb-polr/third_party/re2 -I/home/pei/Project/duckdb-polr/third_party/miniz -I/home/pei/Project/duckdb-polr/third_party/utf8proc/include -I/home/pei/Project/duckdb-polr/third_party/miniparquet -I/home/pei/Project/duckdb-polr/third_party/concurrentqueue -I/home/pei/Project/duckdb-polr/third_party/pcg -I/home/pei/Project/duckdb-polr/third_party/tdigest -I/home/pei/Project/duckdb-polr/third_party/mbedtls/include -I/home/pei/Project/duckdb-polr/third_party/jaro_winkler -O3 -DNDEBUG -O3 -DNDEBUG   -fPIC -fdiagnostics-color=always -std=c++11 -MD -MT src/optimizer/pullup/CMakeFiles/duckdb_optimizer_pullup.dir/ub_duckdb_optimizer_pullup.cpp.o -MF src/optimizer/pullup/CMakeFiles/duckdb_optimizer_pullup.dir/ub_duckdb_optimizer_pullup.cpp.o.d -o src/optimizer/pullup/CMakeFiles/duckdb_optimizer_pullup.dir/ub_duckdb_optimizer_pullup.cpp.o -c /home/pei/Project/duckdb-polr/build/release/src/optimizer/pullup/ub_duckdb_optimizer_pullup.cpp
[2/376] /usr/bin/ccache /usr/lib/ccache/c++ -DDUCKDB -DDUCKDB_BUILD_LIBRARY -DDUCKDB_MAIN_LIBRARY -DENABLE_CROSS_PRODUCT_REWRITE=1 -DENABLE_DEBUG_PRINT=0 -DENABLE_MEASURE_EXE_TIME=0 -DENABLE_MERGE_BACK_PLAN=0 -DENABLE_PARALLEL_EXECUTION=0 -DENABLE_QUERY_SPLIT=1 -DENABLE_SPECIFY_EST_STAT=0 -I/home/pei/Project/duckdb-polr/src/include -I/home/pei/Project/duckdb-polr/third_party/fsst -I/home/pei/Project/duckdb-polr/third_party/fmt/include -I/home/pei/Project/duckdb-polr/third_party/hyperloglog -I/home/pei/Project/duckdb-polr/third_party/fastpforlib -I/home/pei/Project/duckdb-polr/third_party/fast_float -I/home/pei/Project/duckdb-polr/third_party/re2 -I/home/pei/Project/duckdb-polr/third_party/miniz -I/home/pei/Project/duckdb-polr/third_party/utf8proc/include -I/home/pei/Project/duckdb-polr/third_party/miniparquet -I/home/pei/Project/duckdb-polr/third_party/concurrentqueue -I/home/pei/Project/duckdb-polr/third_party/pcg -I/home/pei/Project/duckdb-polr/third_party/tdigest -I/home/pei/Project/duckdb-polr/third_party/mbedtls/include -I/home/pei/Project/duckdb-polr/third_party/jaro_winkler -O3 -DNDEBUG -O3 -DNDEBUG   -fPIC -fdiagnostics-color=always -std=c++11 -MD -MT src/optimizer/matcher/CMakeFiles/duckdb_optimizer_matcher.dir/ub_duckdb_optimizer_matcher.cpp.o -MF src/optimizer/matcher/CMakeFiles/duckdb_optimizer_matcher.dir/ub_duckdb_optimizer_matcher.cpp.o.d -o src/optimizer/matcher/CMakeFiles/duckdb_optimizer_matcher.dir/ub_duckdb_optimizer_matcher.cpp.o -c /home/pei/Project/duckdb-polr/build/release/src/optimizer/matcher/ub_duckdb_optimizer_matcher.cpp
[3/376] /usr/bin/ccache /usr/lib/ccache/c++ -DDUCKDB -DDUCKDB_BUILD_LIBRARY -DDUCKDB_MAIN_LIBRARY -DENABLE_CROSS_PRODUCT_REWRITE=1 -DENABLE_DEBUG_PRINT=0 -DENABLE_MEASURE_EXE_TIME=0 -DENABLE_MERGE_BACK_PLAN=0 -DENABLE_PARALLEL_EXECUTION=0 -DENABLE_QUERY_SPLIT=1 -DENABLE_SPECIFY_EST_STAT=0 -I/home/pei/Project/duckdb-polr/src/include -I/home/pei/Project/duckdb-polr/third_party/fsst -I/home/pei/Project/duckdb-polr/third_party/fmt/include -I/home/pei/Project/duckdb-polr/third_party/hyperloglog -I/home/pei/Project/duckdb-polr/third_party/fastpforlib -I/home/pei/Project/duckdb-polr/third_party/fast_float -I/home/pei/Project/duckdb-polr/third_party/re2 -I/home/pei/Project/duckdb-polr/third_party/miniz -I/home/pei/Project/duckdb-polr/third_party/utf8proc/include -I/home/pei/Project/duckdb-polr/third_party/miniparquet -I/home/pei/Project/duckdb-polr/third_party/concurrentqueue -I/home/pei/Project/duckdb-polr/third_party/pcg -I/home/pei/Project/duckdb-polr/third_party/tdigest -I/home/pei/Project/duckdb-polr/third_party/mbedtls/include -I/home/pei/Project/duckdb-polr/third_party/jaro_winkler -O3 -DNDEBUG -O3 -DNDEBUG   -fPIC -fdiagnostics-color=always -std=c++11 -MD -MT src/optimizer/statistics/operator/CMakeFiles/duckdb_optimizer_statistics_op.dir/ub_duckdb_optimizer_statistics_op.cpp.o -MF src/optimizer/statistics/operator/CMakeFiles/duckdb_optimizer_statistics_op.dir/ub_duckdb_optimizer_statistics_op.cpp.o.d -o src/optimizer/statistics/operator/CMakeFiles/duckdb_optimizer_statistics_op.dir/ub_duckdb_optimizer_statistics_op.cpp.o -c /home/pei/Project/duckdb-polr/build/release/src/optimizer/statistics/operator/ub_duckdb_optimizer_statistics_op.cpp
[4/376] /usr/bin/ccache /usr/lib/ccache/c++ -DDUCKDB -DDUCKDB_BUILD_LIBRARY -DDUCKDB_MAIN_LIBRARY -DENABLE_CROSS_PRODUCT_REWRITE=1 -DENABLE_DEBUG_PRINT=0 -DENABLE_MEASURE_EXE_TIME=0 -DENABLE_MERGE_BACK_PLAN=0 -DENABLE_PARALLEL_EXECUTION=0 -DENABLE_QUERY_SPLIT=1 -DENABLE_SPECIFY_EST_STAT=0 -I/home/pei/Project/duckdb-polr/src/include -I/home/pei/Project/duckdb-polr/third_party/fsst -I/home/pei/Project/duckdb-polr/third_party/fmt/include -I/home/pei/Project/duckdb-polr/third_party/hyperloglog -I/home/pei/Project/duckdb-polr/third_party/fastpforlib -I/home/pei/Project/duckdb-polr/third_party/fast_float -I/home/pei/Project/duckdb-polr/third_party/re2 -I/home/pei/Project/duckdb-polr/third_party/miniz -I/home/pei/Project/duckdb-polr/third_party/utf8proc/include -I/home/pei/Project/duckdb-polr/third_party/miniparquet -I/home/pei/Project/duckdb-polr/third_party/concurrentqueue -I/home/pei/Project/duckdb-polr/third_party/pcg -I/home/pei/Project/duckdb-polr/third_party/tdigest -I/home/pei/Project/duckdb-polr/third_party/mbedtls/include -I/home/pei/Project/duckdb-polr/third_party/jaro_winkler -O3 -DNDEBUG -O3 -DNDEBUG   -fPIC -fdiagnostics-color=always -std=c++11 -MD -MT src/planner/filter/CMakeFiles/duckdb_planner_filter.dir/ub_duckdb_planner_filter.cpp.o -MF src/planner/filter/CMakeFiles/duckdb_planner_filter.dir/ub_duckdb_planner_filter.cpp.o.d -o src/planner/filter/CMakeFiles/duckdb_planner_filter.dir/ub_duckdb_planner_filter.cpp.o -c /home/pei/Project/duckdb-polr/build/release/src/planner/filter/ub_duckdb_planner_filter.cpp
[5/376] /usr/bin/ccache /usr/lib/ccache/c++ -DDUCKDB -DDUCKDB_BUILD_LIBRARY -DDUCKDB_MAIN_LIBRARY -DENABLE_CROSS_PRODUCT_REWRITE=1 -DENABLE_DEBUG_PRINT=0 -DENABLE_MEASURE_EXE_TIME=0 -DENABLE_MERGE_BACK_PLAN=0 -DENABLE_PARALLEL_EXECUTION=0 -DENABLE_QUERY_SPLIT=1 -DENABLE_SPECIFY_EST_STAT=0 -I/home/pei/Project/duckdb-polr/src/include -I/home/pei/Project/duckdb-polr/third_party/fsst -I/home/pei/Project/duckdb-polr/third_party/fmt/include -I/home/pei/Project/duckdb-polr/third_party/hyperloglog -I/home/pei/Project/duckdb-polr/third_party/fastpforlib -I/home/pei/Project/duckdb-polr/third_party/fast_float -I/home/pei/Project/duckdb-polr/third_party/re2 -I/home/pei/Project/duckdb-polr/third_party/miniz -I/home/pei/Project/duckdb-polr/third_party/utf8proc/include -I/home/pei/Project/duckdb-polr/third_party/miniparquet -I/home/pei/Project/duckdb-polr/third_party/concurrentqueue -I/home/pei/Project/duckdb-polr/third_party/pcg -I/home/pei/Project/duckdb-polr/third_party/tdigest -I/home/pei/Project/duckdb-polr/third_party/mbedtls/include -I/home/pei/Project/duckdb-polr/third_party/jaro_winkler -O3 -DNDEBUG -O3 -DNDEBUG   -fPIC -fdiagnostics-color=always -std=c++11 -MD -MT src/planner/expression_binder/CMakeFiles/duckdb_expression_binders.dir/ub_duckdb_expression_binders.cpp.o -MF src/planner/expression_binder/CMakeFiles/duckdb_expression_binders.dir/ub_duckdb_expression_binders.cpp.o.d -o src/planner/expression_binder/CMakeFiles/duckdb_expression_binders.dir/ub_duckdb_expression_binders.cpp.o -c /home/pei/Project/duckdb-polr/build/release/src/planner/expression_binder/ub_duckdb_expression_binders.cpp
[6/376] /usr/bin/ccache /usr/lib/ccache/c++ -DDUCKDB -DDUCKDB_BUILD_LIBRARY -DDUCKDB_MAIN_LIBRARY -DENABLE_CROSS_PRODUCT_REWRITE=1 -DENABLE_DEBUG_PRINT=0 -DENABLE_MEASURE_EXE_TIME=0 -DENABLE_MERGE_BACK_PLAN=0 -DENABLE_PARALLEL_EXECUTION=0 -DENABLE_QUERY_SPLIT=1 -DENABLE_SPECIFY_EST_STAT=0 -I/home/pei/Project/duckdb-polr/src/include -I/home/pei/Project/duckdb-polr/third_party/fsst -I/home/pei/Project/duckdb-polr/third_party/fmt/include -I/home/pei/Project/duckdb-polr/third_party/hyperloglog -I/home/pei/Project/duckdb-polr/third_party/fastpforlib -I/home/pei/Project/duckdb-polr/third_party/fast_float -I/home/pei/Project/duckdb-polr/third_party/re2 -I/home/pei/Project/duckdb-polr/third_party/miniz -I/home/pei/Project/duckdb-polr/third_party/utf8proc/include -I/home/pei/Project/duckdb-polr/third_party/miniparquet -I/home/pei/Project/duckdb-polr/third_party/concurrentqueue -I/home/pei/Project/duckdb-polr/third_party/pcg -I/home/pei/Project/duckdb-polr/third_party/tdigest -I/home/pei/Project/duckdb-polr/third_party/mbedtls/include -I/home/pei/Project/duckdb-polr/third_party/jaro_winkler -O3 -DNDEBUG -O3 -DNDEBUG   -fPIC -fdiagnostics-color=always -std=c++11 -MD -MT src/optimizer/statistics/expression/CMakeFiles/duckdb_optimizer_statistics_expr.dir/ub_duckdb_optimizer_statistics_expr.cpp.o -MF src/optimizer/statistics/expression/CMakeFiles/duckdb_optimizer_statistics_expr.dir/ub_duckdb_optimizer_statistics_expr.cpp.o.d -o src/optimizer/statistics/expression/CMakeFiles/duckdb_optimizer_statistics_expr.dir/ub_duckdb_optimizer_statistics_expr.cpp.o -c /home/pei/Project/duckdb-polr/build/release/src/optimizer/statistics/expression/ub_duckdb_optimizer_statistics_expr.cpp
[7/376] /usr/bin/ccache /usr/lib/ccache/c++ -DDUCKDB -DDUCKDB_BUILD_LIBRARY -DDUCKDB_MAIN_LIBRARY -DENABLE_CROSS_PRODUCT_REWRITE=1 -DENABLE_DEBUG_PRINT=0 -DENABLE_MEASURE_EXE_TIME=0 -DENABLE_MERGE_BACK_PLAN=0 -DENABLE_PARALLEL_EXECUTION=0 -DENABLE_QUERY_SPLIT=1 -DENABLE_SPECIFY_EST_STAT=0 -I/home/pei/Project/duckdb-polr/src/include -I/home/pei/Project/duckdb-polr/third_party/fsst -I/home/pei/Project/duckdb-polr/third_party/fmt/include -I/home/pei/Project/duckdb-polr/third_party/hyperloglog -I/home/pei/Project/duckdb-polr/third_party/fastpforlib -I/home/pei/Project/duckdb-polr/third_party/fast_float -I/home/pei/Project/duckdb-polr/third_party/re2 -I/home/pei/Project/duckdb-polr/third_party/miniz -I/home/pei/Project/duckdb-polr/third_party/utf8proc/include -I/home/pei/Project/duckdb-polr/third_party/miniparquet -I/home/pei/Project/duckdb-polr/third_party/concurrentqueue -I/home/pei/Project/duckdb-polr/third_party/pcg -I/home/pei/Project/duckdb-polr/third_party/tdigest -I/home/pei/Project/duckdb-polr/third_party/mbedtls/include -I/home/pei/Project/duckdb-polr/third_party/jaro_winkler -O3 -DNDEBUG -O3 -DNDEBUG   -fPIC -fdiagnostics-color=always -std=c++11 -MD -MT src/planner/parsed_data/CMakeFiles/duckdb_planner_parsed_data.dir/ub_duckdb_planner_parsed_data.cpp.o -MF src/planner/parsed_data/CMakeFiles/duckdb_planner_parsed_data.dir/ub_duckdb_planner_parsed_data.cpp.o.d -o src/planner/parsed_data/CMakeFiles/duckdb_planner_parsed_data.dir/ub_duckdb_planner_parsed_data.cpp.o -c /home/pei/Project/duckdb-polr/build/release/src/planner/parsed_data/ub_duckdb_planner_parsed_data.cpp
[8/376] /usr/bin/ccache /usr/lib/ccache/c++ -DDUCKDB -DDUCKDB_BUILD_LIBRARY -DDUCKDB_MAIN_LIBRARY -DENABLE_CROSS_PRODUCT_REWRITE=1 -DENABLE_DEBUG_PRINT=0 -DENABLE_MEASURE_EXE_TIME=0 -DENABLE_MERGE_BACK_PLAN=0 -DENABLE_PARALLEL_EXECUTION=0 -DENABLE_QUERY_SPLIT=1 -DENABLE_SPECIFY_EST_STAT=0 -I/home/pei/Project/duckdb-polr/src/include -I/home/pei/Project/duckdb-polr/third_party/fsst -I/home/pei/Project/duckdb-polr/third_party/fmt/include -I/home/pei/Project/duckdb-polr/third_party/hyperloglog -I/home/pei/Project/duckdb-polr/third_party/fastpforlib -I/home/pei/Project/duckdb-polr/third_party/fast_float -I/home/pei/Project/duckdb-polr/third_party/re2 -I/home/pei/Project/duckdb-polr/third_party/miniz -I/home/pei/Project/duckdb-polr/third_party/utf8proc/include -I/home/pei/Project/duckdb-polr/third_party/miniparquet -I/home/pei/Project/duckdb-polr/third_party/concurrentqueue -I/home/pei/Project/duckdb-polr/third_party/pcg -I/home/pei/Project/duckdb-polr/third_party/tdigest -I/home/pei/Project/duckdb-polr/third_party/mbedtls/include -I/home/pei/Project/duckdb-polr/third_party/jaro_winkler -O3 -DNDEBUG -O3 -DNDEBUG   -fPIC -fdiagnostics-color=always -std=c++11 -MD -MT src/optimizer/rule/CMakeFiles/duckdb_optimizer_rules.dir/ub_duckdb_optimizer_rules.cpp.o -MF src/optimizer/rule/CMakeFiles/duckdb_optimizer_rules.dir/ub_duckdb_optimizer_rules.cpp.o.d -o src/optimizer/rule/CMakeFiles/duckdb_optimizer_rules.dir/ub_duckdb_optimizer_rules.cpp.o -c /home/pei/Project/duckdb-polr/build/release/src/optimizer/rule/ub_duckdb_optimizer_rules.cpp
[9/376] /usr/bin/ccache /usr/lib/ccache/c++ -DDUCKDB -DDUCKDB_BUILD_LIBRARY -DDUCKDB_MAIN_LIBRARY -DENABLE_CROSS_PRODUCT_REWRITE=1 -DENABLE_DEBUG_PRINT=0 -DENABLE_MEASURE_EXE_TIME=0 -DENABLE_MERGE_BACK_PLAN=0 -DENABLE_PARALLEL_EXECUTION=0 -DENABLE_QUERY_SPLIT=1 -DENABLE_SPECIFY_EST_STAT=0 -I/home/pei/Project/duckdb-polr/src/include -I/home/pei/Project/duckdb-polr/third_party/fsst -I/home/pei/Project/duckdb-polr/third_party/fmt/include -I/home/pei/Project/duckdb-polr/third_party/hyperloglog -I/home/pei/Project/duckdb-polr/third_party/fastpforlib -I/home/pei/Project/duckdb-polr/third_party/fast_float -I/home/pei/Project/duckdb-polr/third_party/re2 -I/home/pei/Project/duckdb-polr/third_party/miniz -I/home/pei/Project/duckdb-polr/third_party/utf8proc/include -I/home/pei/Project/duckdb-polr/third_party/miniparquet -I/home/pei/Project/duckdb-polr/third_party/concurrentqueue -I/home/pei/Project/duckdb-polr/third_party/pcg -I/home/pei/Project/duckdb-polr/third_party/tdigest -I/home/pei/Project/duckdb-polr/third_party/mbedtls/include -I/home/pei/Project/duckdb-polr/third_party/jaro_winkler -I/home/pei/Project/duckdb-polr/src/parser/../../third_party/libpg_query/include -I/home/pei/Project/duckdb-polr/src/parser/../../third_party/libpg_query -O3 -DNDEBUG -O3 -DNDEBUG   -fPIC -fdiagnostics-color=always -std=c++11 -MD -MT src/parser/constraints/CMakeFiles/duckdb_constraints.dir/ub_duckdb_constraints.cpp.o -MF src/parser/constraints/CMakeFiles/duckdb_constraints.dir/ub_duckdb_constraints.cpp.o.d -o src/parser/constraints/CMakeFiles/duckdb_constraints.dir/ub_duckdb_constraints.cpp.o -c /home/pei/Project/duckdb-polr/build/release/src/parser/constraints/ub_duckdb_constraints.cpp
[10/376] /usr/bin/ccache /usr/lib/ccache/c++ -DDUCKDB -DDUCKDB_BUILD_LIBRARY -DDUCKDB_MAIN_LIBRARY -DENABLE_CROSS_PRODUCT_REWRITE=1 -DENABLE_DEBUG_PRINT=0 -DENABLE_MEASURE_EXE_TIME=0 -DENABLE_MERGE_BACK_PLAN=0 -DENABLE_PARALLEL_EXECUTION=0 -DENABLE_QUERY_SPLIT=1 -DENABLE_SPECIFY_EST_STAT=0 -I/home/pei/Project/duckdb-polr/src/include -I/home/pei/Project/duckdb-polr/third_party/fsst -I/home/pei/Project/duckdb-polr/third_party/fmt/include -I/home/pei/Project/duckdb-polr/third_party/hyperloglog -I/home/pei/Project/duckdb-polr/third_party/fastpforlib -I/home/pei/Project/duckdb-polr/third_party/fast_float -I/home/pei/Project/duckdb-polr/third_party/re2 -I/home/pei/Project/duckdb-polr/third_party/miniz -I/home/pei/Project/duckdb-polr/third_party/utf8proc/include -I/home/pei/Project/duckdb-polr/third_party/miniparquet -I/home/pei/Project/duckdb-polr/third_party/concurrentqueue -I/home/pei/Project/duckdb-polr/third_party/pcg -I/home/pei/Project/duckdb-polr/third_party/tdigest -I/home/pei/Project/duckdb-polr/third_party/mbedtls/include -I/home/pei/Project/duckdb-polr/third_party/jaro_winkler -O3 -DNDEBUG -O3 -DNDEBUG   -fPIC -fdiagnostics-color=always -std=c++11 -MD -MT src/optimizer/pushdown/CMakeFiles/duckdb_optimizer_pushdown.dir/ub_duckdb_optimizer_pushdown.cpp.o -MF src/optimizer/pushdown/CMakeFiles/duckdb_optimizer_pushdown.dir/ub_duckdb_optimizer_pushdown.cpp.o.d -o src/optimizer/pushdown/CMakeFiles/duckdb_optimizer_pushdown.dir/ub_duckdb_optimizer_pushdown.cpp.o -c /home/pei/Project/duckdb-polr/build/release/src/optimizer/pushdown/ub_duckdb_optimizer_pushdown.cpp
In file included from /home/pei/Project/duckdb-polr/src/include/duckdb/optimizer/optimizer.hpp:15,
                 from /home/pei/Project/duckdb-polr/src/optimizer/pushdown/pushdown_get.cpp:2,
                 from /home/pei/Project/duckdb-polr/build/release/src/optimizer/pushdown/ub_duckdb_optimizer_pushdown.cpp:5:
/home/pei/Project/duckdb-polr/src/include/duckdb/optimizer/query_split/query_split.hpp:14: warning: "ENABLE_DEBUG_PRINT" redefined
   14 | #define ENABLE_DEBUG_PRINT                      true
      | 
<command-line>: note: this is the location of the previous definition
/home/pei/Project/duckdb-polr/src/include/duckdb/optimizer/query_split/query_split.hpp:23:1: warning: inline variables are only available with ‘-std=c++17’ or ‘-std=gnu++17’ [-Wc++17-extensions]
   23 | inline bool execute_plan = false;
      | ^~~~~~
[11/376] /usr/bin/ccache /usr/lib/ccache/c++ -DDUCKDB -DDUCKDB_BUILD_LIBRARY -DDUCKDB_MAIN_LIBRARY -DENABLE_CROSS_PRODUCT_REWRITE=1 -DENABLE_DEBUG_PRINT=0 -DENABLE_MEASURE_EXE_TIME=0 -DENABLE_MERGE_BACK_PLAN=0 -DENABLE_PARALLEL_EXECUTION=0 -DENABLE_QUERY_SPLIT=1 -DENABLE_SPECIFY_EST_STAT=0 -I/home/pei/Project/duckdb-polr/src/include -I/home/pei/Project/duckdb-polr/third_party/fsst -I/home/pei/Project/duckdb-polr/third_party/fmt/include -I/home/pei/Project/duckdb-polr/third_party/hyperloglog -I/home/pei/Project/duckdb-polr/third_party/fastpforlib -I/home/pei/Project/duckdb-polr/third_party/fast_float -I/home/pei/Project/duckdb-polr/third_party/re2 -I/home/pei/Project/duckdb-polr/third_party/miniz -I/home/pei/Project/duckdb-polr/third_party/utf8proc/include -I/home/pei/Project/duckdb-polr/third_party/miniparquet -I/home/pei/Project/duckdb-polr/third_party/concurrentqueue -I/home/pei/Project/duckdb-polr/third_party/pcg -I/home/pei/Project/duckdb-polr/third_party/tdigest -I/home/pei/Project/duckdb-polr/third_party/mbedtls/include -I/home/pei/Project/duckdb-polr/third_party/jaro_winkler -I/home/pei/Project/duckdb-polr/src/parser/../../third_party/libpg_query/include -I/home/pei/Project/duckdb-polr/src/parser/../../third_party/libpg_query -O3 -DNDEBUG -O3 -DNDEBUG   -fPIC -fdiagnostics-color=always -std=c++11 -MD -MT src/parser/expression/CMakeFiles/duckdb_expression.dir/ub_duckdb_expression.cpp.o -MF src/parser/expression/CMakeFiles/duckdb_expression.dir/ub_duckdb_expression.cpp.o.d -o src/parser/expression/CMakeFiles/duckdb_expression.dir/ub_duckdb_expression.cpp.o -c /home/pei/Project/duckdb-polr/build/release/src/parser/expression/ub_duckdb_expression.cpp
[12/376] /usr/bin/ccache /usr/lib/ccache/c++ -DDUCKDB -DDUCKDB_BUILD_LIBRARY -DDUCKDB_MAIN_LIBRARY -DENABLE_CROSS_PRODUCT_REWRITE=1 -DENABLE_DEBUG_PRINT=0 -DENABLE_MEASURE_EXE_TIME=0 -DENABLE_MERGE_BACK_PLAN=0 -DENABLE_PARALLEL_EXECUTION=0 -DENABLE_QUERY_SPLIT=1 -DENABLE_SPECIFY_EST_STAT=0 -I/home/pei/Project/duckdb-polr/src/include -I/home/pei/Project/duckdb-polr/third_party/fsst -I/home/pei/Project/duckdb-polr/third_party/fmt/include -I/home/pei/Project/duckdb-polr/third_party/hyperloglog -I/home/pei/Project/duckdb-polr/third_party/fastpforlib -I/home/pei/Project/duckdb-polr/third_party/fast_float -I/home/pei/Project/duckdb-polr/third_party/re2 -I/home/pei/Project/duckdb-polr/third_party/miniz -I/home/pei/Project/duckdb-polr/third_party/utf8proc/include -I/home/pei/Project/duckdb-polr/third_party/miniparquet -I/home/pei/Project/duckdb-polr/third_party/concurrentqueue -I/home/pei/Project/duckdb-polr/third_party/pcg -I/home/pei/Project/duckdb-polr/third_party/tdigest -I/home/pei/Project/duckdb-polr/third_party/mbedtls/include -I/home/pei/Project/duckdb-polr/third_party/jaro_winkler -I/home/pei/Project/duckdb-polr/src/parser/../../third_party/libpg_query/include -I/home/pei/Project/duckdb-polr/src/parser/../../third_party/libpg_query -O3 -DNDEBUG -O3 -DNDEBUG   -fPIC -fdiagnostics-color=always -std=c++11 -MD -MT src/parser/query_node/CMakeFiles/duckdb_query_node.dir/ub_duckdb_query_node.cpp.o -MF src/parser/query_node/CMakeFiles/duckdb_query_node.dir/ub_duckdb_query_node.cpp.o.d -o src/parser/query_node/CMakeFiles/duckdb_query_node.dir/ub_duckdb_query_node.cpp.o -c /home/pei/Project/duckdb-polr/build/release/src/parser/query_node/ub_duckdb_query_node.cpp
[13/376] /usr/bin/ccache /usr/lib/ccache/c++ -DDUCKDB -DDUCKDB_BUILD_LIBRARY -DDUCKDB_MAIN_LIBRARY -DENABLE_CROSS_PRODUCT_REWRITE=1 -DENABLE_DEBUG_PRINT=0 -DENABLE_MEASURE_EXE_TIME=0 -DENABLE_MERGE_BACK_PLAN=0 -DENABLE_PARALLEL_EXECUTION=0 -DENABLE_QUERY_SPLIT=1 -DENABLE_SPECIFY_EST_STAT=0 -I/home/pei/Project/duckdb-polr/src/include -I/home/pei/Project/duckdb-polr/third_party/fsst -I/home/pei/Project/duckdb-polr/third_party/fmt/include -I/home/pei/Project/duckdb-polr/third_party/hyperloglog -I/home/pei/Project/duckdb-polr/third_party/fastpforlib -I/home/pei/Project/duckdb-polr/third_party/fast_float -I/home/pei/Project/duckdb-polr/third_party/re2 -I/home/pei/Project/duckdb-polr/third_party/miniz -I/home/pei/Project/duckdb-polr/third_party/utf8proc/include -I/home/pei/Project/duckdb-polr/third_party/miniparquet -I/home/pei/Project/duckdb-polr/third_party/concurrentqueue -I/home/pei/Project/duckdb-polr/third_party/pcg -I/home/pei/Project/duckdb-polr/third_party/tdigest -I/home/pei/Project/duckdb-polr/third_party/mbedtls/include -I/home/pei/Project/duckdb-polr/third_party/jaro_winkler -I/home/pei/Project/duckdb-polr/src/parser/../../third_party/libpg_query/include -I/home/pei/Project/duckdb-polr/src/parser/../../third_party/libpg_query -O3 -DNDEBUG -O3 -DNDEBUG   -fPIC -fdiagnostics-color=always -std=c++11 -MD -MT src/parser/parsed_data/CMakeFiles/duckdb_parsed_data.dir/ub_duckdb_parsed_data.cpp.o -MF src/parser/parsed_data/CMakeFiles/duckdb_parsed_data.dir/ub_duckdb_parsed_data.cpp.o.d -o src/parser/parsed_data/CMakeFiles/duckdb_parsed_data.dir/ub_duckdb_parsed_data.cpp.o -c /home/pei/Project/duckdb-polr/build/release/src/parser/parsed_data/ub_duckdb_parsed_data.cpp
[14/376] /usr/bin/ccache /usr/lib/ccache/c++ -DDUCKDB -DDUCKDB_BUILD_LIBRARY -DDUCKDB_MAIN_LIBRARY -DENABLE_CROSS_PRODUCT_REWRITE=1 -DENABLE_DEBUG_PRINT=0 -DENABLE_MEASURE_EXE_TIME=0 -DENABLE_MERGE_BACK_PLAN=0 -DENABLE_PARALLEL_EXECUTION=0 -DENABLE_QUERY_SPLIT=1 -DENABLE_SPECIFY_EST_STAT=0 -I/home/pei/Project/duckdb-polr/src/include -I/home/pei/Project/duckdb-polr/third_party/fsst -I/home/pei/Project/duckdb-polr/third_party/fmt/include -I/home/pei/Project/duckdb-polr/third_party/hyperloglog -I/home/pei/Project/duckdb-polr/third_party/fastpforlib -I/home/pei/Project/duckdb-polr/third_party/fast_float -I/home/pei/Project/duckdb-polr/third_party/re2 -I/home/pei/Project/duckdb-polr/third_party/miniz -I/home/pei/Project/duckdb-polr/third_party/utf8proc/include -I/home/pei/Project/duckdb-polr/third_party/miniparquet -I/home/pei/Project/duckdb-polr/third_party/concurrentqueue -I/home/pei/Project/duckdb-polr/third_party/pcg -I/home/pei/Project/duckdb-polr/third_party/tdigest -I/home/pei/Project/duckdb-polr/third_party/mbedtls/include -I/home/pei/Project/duckdb-polr/third_party/jaro_winkler -I/home/pei/Project/duckdb-polr/src/parser/../../third_party/libpg_query/include -I/home/pei/Project/duckdb-polr/src/parser/../../third_party/libpg_query -O3 -DNDEBUG -O3 -DNDEBUG   -fPIC -fdiagnostics-color=always -std=c++11 -MD -MT src/parser/tableref/CMakeFiles/duckdb_parser_tableref.dir/ub_duckdb_parser_tableref.cpp.o -MF src/parser/tableref/CMakeFiles/duckdb_parser_tableref.dir/ub_duckdb_parser_tableref.cpp.o.d -o src/parser/tableref/CMakeFiles/duckdb_parser_tableref.dir/ub_duckdb_parser_tableref.cpp.o -c /home/pei/Project/duckdb-polr/build/release/src/parser/tableref/ub_duckdb_parser_tableref.cpp
[15/376] /usr/bin/ccache /usr/lib/ccache/c++ -DDUCKDB -DDUCKDB_BUILD_LIBRARY -DDUCKDB_MAIN_LIBRARY -DENABLE_CROSS_PRODUCT_REWRITE=1 -DENABLE_DEBUG_PRINT=0 -DENABLE_MEASURE_EXE_TIME=0 -DENABLE_MERGE_BACK_PLAN=0 -DENABLE_PARALLEL_EXECUTION=0 -DENABLE_QUERY_SPLIT=1 -DENABLE_SPECIFY_EST_STAT=0 -I/home/pei/Project/duckdb-polr/src/include -I/home/pei/Project/duckdb-polr/third_party/fsst -I/home/pei/Project/duckdb-polr/third_party/fmt/include -I/home/pei/Project/duckdb-polr/third_party/hyperloglog -I/home/pei/Project/duckdb-polr/third_party/fastpforlib -I/home/pei/Project/duckdb-polr/third_party/fast_float -I/home/pei/Project/duckdb-polr/third_party/re2 -I/home/pei/Project/duckdb-polr/third_party/miniz -I/home/pei/Project/duckdb-polr/third_party/utf8proc/include -I/home/pei/Project/duckdb-polr/third_party/miniparquet -I/home/pei/Project/duckdb-polr/third_party/concurrentqueue -I/home/pei/Project/duckdb-polr/third_party/pcg -I/home/pei/Project/duckdb-polr/third_party/tdigest -I/home/pei/Project/duckdb-polr/third_party/mbedtls/include -I/home/pei/Project/duckdb-polr/third_party/jaro_winkler -I/home/pei/Project/duckdb-polr/src/parser/../../third_party/libpg_query/include -I/home/pei/Project/duckdb-polr/src/parser/../../third_party/libpg_query -O3 -DNDEBUG -O3 -DNDEBUG   -fPIC -fdiagnostics-color=always -std=c++11 -MD -MT src/parser/transform/constraint/CMakeFiles/duckdb_transformer_constraint.dir/ub_duckdb_transformer_constraint.cpp.o -MF src/parser/transform/constraint/CMakeFiles/duckdb_transformer_constraint.dir/ub_duckdb_transformer_constraint.cpp.o.d -o src/parser/transform/constraint/CMakeFiles/duckdb_transformer_constraint.dir/ub_duckdb_transformer_constraint.cpp.o -c /home/pei/Project/duckdb-polr/build/release/src/parser/transform/constraint/ub_duckdb_transformer_constraint.cpp
[16/376] /usr/bin/ccache /usr/lib/ccache/c++ -DDUCKDB -DDUCKDB_BUILD_LIBRARY -DDUCKDB_MAIN_LIBRARY -DENABLE_CROSS_PRODUCT_REWRITE=1 -DENABLE_DEBUG_PRINT=0 -DENABLE_MEASURE_EXE_TIME=0 -DENABLE_MERGE_BACK_PLAN=0 -DENABLE_PARALLEL_EXECUTION=0 -DENABLE_QUERY_SPLIT=1 -DENABLE_SPECIFY_EST_STAT=0 -I/home/pei/Project/duckdb-polr/src/include -I/home/pei/Project/duckdb-polr/third_party/fsst -I/home/pei/Project/duckdb-polr/third_party/fmt/include -I/home/pei/Project/duckdb-polr/third_party/hyperloglog -I/home/pei/Project/duckdb-polr/third_party/fastpforlib -I/home/pei/Project/duckdb-polr/third_party/fast_float -I/home/pei/Project/duckdb-polr/third_party/re2 -I/home/pei/Project/duckdb-polr/third_party/miniz -I/home/pei/Project/duckdb-polr/third_party/utf8proc/include -I/home/pei/Project/duckdb-polr/third_party/miniparquet -I/home/pei/Project/duckdb-polr/third_party/concurrentqueue -I/home/pei/Project/duckdb-polr/third_party/pcg -I/home/pei/Project/duckdb-polr/third_party/tdigest -I/home/pei/Project/duckdb-polr/third_party/mbedtls/include -I/home/pei/Project/duckdb-polr/third_party/jaro_winkler -I/home/pei/Project/duckdb-polr/src/parser/../../third_party/libpg_query/include -I/home/pei/Project/duckdb-polr/src/parser/../../third_party/libpg_query -O3 -DNDEBUG -O3 -DNDEBUG   -fPIC -fdiagnostics-color=always -std=c++11 -MD -MT src/parser/transform/expression/CMakeFiles/duckdb_transformer_expression.dir/ub_duckdb_transformer_expression.cpp.o -MF src/parser/transform/expression/CMakeFiles/duckdb_transformer_expression.dir/ub_duckdb_transformer_expression.cpp.o.d -o src/parser/transform/expression/CMakeFiles/duckdb_transformer_expression.dir/ub_duckdb_transformer_expression.cpp.o -c /home/pei/Project/duckdb-polr/build/release/src/parser/transform/expression/ub_duckdb_transformer_expression.cpp
[17/376] /usr/bin/ccache /usr/lib/ccache/c++ -DDUCKDB -DDUCKDB_BUILD_LIBRARY -DDUCKDB_MAIN_LIBRARY -DENABLE_CROSS_PRODUCT_REWRITE=1 -DENABLE_DEBUG_PRINT=0 -DENABLE_MEASURE_EXE_TIME=0 -DENABLE_MERGE_BACK_PLAN=0 -DENABLE_PARALLEL_EXECUTION=0 -DENABLE_QUERY_SPLIT=1 -DENABLE_SPECIFY_EST_STAT=0 -I/home/pei/Project/duckdb-polr/src/include -I/home/pei/Project/duckdb-polr/third_party/fsst -I/home/pei/Project/duckdb-polr/third_party/fmt/include -I/home/pei/Project/duckdb-polr/third_party/hyperloglog -I/home/pei/Project/duckdb-polr/third_party/fastpforlib -I/home/pei/Project/duckdb-polr/third_party/fast_float -I/home/pei/Project/duckdb-polr/third_party/re2 -I/home/pei/Project/duckdb-polr/third_party/miniz -I/home/pei/Project/duckdb-polr/third_party/utf8proc/include -I/home/pei/Project/duckdb-polr/third_party/miniparquet -I/home/pei/Project/duckdb-polr/third_party/concurrentqueue -I/home/pei/Project/duckdb-polr/third_party/pcg -I/home/pei/Project/duckdb-polr/third_party/tdigest -I/home/pei/Project/duckdb-polr/third_party/mbedtls/include -I/home/pei/Project/duckdb-polr/third_party/jaro_winkler -I/home/pei/Project/duckdb-polr/src/parser/../../third_party/libpg_query/include -I/home/pei/Project/duckdb-polr/src/parser/../../third_party/libpg_query -O3 -DNDEBUG -O3 -DNDEBUG   -fPIC -fdiagnostics-color=always -std=c++11 -MD -MT src/parser/transform/helpers/CMakeFiles/duckdb_transformer_helpers.dir/ub_duckdb_transformer_helpers.cpp.o -MF src/parser/transform/helpers/CMakeFiles/duckdb_transformer_helpers.dir/ub_duckdb_transformer_helpers.cpp.o.d -o src/parser/transform/helpers/CMakeFiles/duckdb_transformer_helpers.dir/ub_duckdb_transformer_helpers.cpp.o -c /home/pei/Project/duckdb-polr/build/release/src/parser/transform/helpers/ub_duckdb_transformer_helpers.cpp
[18/376] /usr/bin/ccache /usr/lib/ccache/c++ -DDUCKDB -DDUCKDB_BUILD_LIBRARY -DDUCKDB_MAIN_LIBRARY -DENABLE_CROSS_PRODUCT_REWRITE=1 -DENABLE_DEBUG_PRINT=0 -DENABLE_MEASURE_EXE_TIME=0 -DENABLE_MERGE_BACK_PLAN=0 -DENABLE_PARALLEL_EXECUTION=0 -DENABLE_QUERY_SPLIT=1 -DENABLE_SPECIFY_EST_STAT=0 -I/home/pei/Project/duckdb-polr/src/include -I/home/pei/Project/duckdb-polr/third_party/fsst -I/home/pei/Project/duckdb-polr/third_party/fmt/include -I/home/pei/Project/duckdb-polr/third_party/hyperloglog -I/home/pei/Project/duckdb-polr/third_party/fastpforlib -I/home/pei/Project/duckdb-polr/third_party/fast_float -I/home/pei/Project/duckdb-polr/third_party/re2 -I/home/pei/Project/duckdb-polr/third_party/miniz -I/home/pei/Project/duckdb-polr/third_party/utf8proc/include -I/home/pei/Project/duckdb-polr/third_party/miniparquet -I/home/pei/Project/duckdb-polr/third_party/concurrentqueue -I/home/pei/Project/duckdb-polr/third_party/pcg -I/home/pei/Project/duckdb-polr/third_party/tdigest -I/home/pei/Project/duckdb-polr/third_party/mbedtls/include -I/home/pei/Project/duckdb-polr/third_party/jaro_winkler -O3 -DNDEBUG -O3 -DNDEBUG   -fPIC -fdiagnostics-color=always -std=c++11 -MD -MT src/planner/expression/CMakeFiles/duckdb_planner_expression.dir/ub_duckdb_planner_expression.cpp.o -MF src/planner/expression/CMakeFiles/duckdb_planner_expression.dir/ub_duckdb_planner_expression.cpp.o.d -o src/planner/expression/CMakeFiles/duckdb_planner_expression.dir/ub_duckdb_planner_expression.cpp.o -c /home/pei/Project/duckdb-polr/build/release/src/planner/expression/ub_duckdb_planner_expression.cpp
[19/376] /usr/bin/ccache /usr/lib/ccache/c++ -DDUCKDB -DDUCKDB_BUILD_LIBRARY -DDUCKDB_MAIN_LIBRARY -DENABLE_CROSS_PRODUCT_REWRITE=1 -DENABLE_DEBUG_PRINT=0 -DENABLE_MEASURE_EXE_TIME=0 -DENABLE_MERGE_BACK_PLAN=0 -DENABLE_PARALLEL_EXECUTION=0 -DENABLE_QUERY_SPLIT=1 -DENABLE_SPECIFY_EST_STAT=0 -I/home/pei/Project/duckdb-polr/src/include -I/home/pei/Project/duckdb-polr/third_party/fsst -I/home/pei/Project/duckdb-polr/third_party/fmt/include -I/home/pei/Project/duckdb-polr/third_party/hyperloglog -I/home/pei/Project/duckdb-polr/third_party/fastpforlib -I/home/pei/Project/duckdb-polr/third_party/fast_float -I/home/pei/Project/duckdb-polr/third_party/re2 -I/home/pei/Project/duckdb-polr/third_party/miniz -I/home/pei/Project/duckdb-polr/third_party/utf8proc/include -I/home/pei/Project/duckdb-polr/third_party/miniparquet -I/home/pei/Project/duckdb-polr/third_party/concurrentqueue -I/home/pei/Project/duckdb-polr/third_party/pcg -I/home/pei/Project/duckdb-polr/third_party/tdigest -I/home/pei/Project/duckdb-polr/third_party/mbedtls/include -I/home/pei/Project/duckdb-polr/third_party/jaro_winkler -I/home/pei/Project/duckdb-polr/src/parser/../../third_party/libpg_query/include -I/home/pei/Project/duckdb-polr/src/parser/../../third_party/libpg_query -O3 -DNDEBUG -O3 -DNDEBUG   -fPIC -fdiagnostics-color=always -std=c++11 -MD -MT src/parser/transform/tableref/CMakeFiles/duckdb_transformer_tableref.dir/ub_duckdb_transformer_tableref.cpp.o -MF src/parser/transform/tableref/CMakeFiles/duckdb_transformer_tableref.dir/ub_duckdb_transformer_tableref.cpp.o.d -o src/parser/transform/tableref/CMakeFiles/duckdb_transformer_tableref.dir/ub_duckdb_transformer_tableref.cpp.o -c /home/pei/Project/duckdb-polr/build/release/src/parser/transform/tableref/ub_duckdb_transformer_tableref.cpp
[20/376] /usr/bin/ccache /usr/lib/ccache/c++ -DDUCKDB -DDUCKDB_BUILD_LIBRARY -DDUCKDB_MAIN_LIBRARY -DENABLE_CROSS_PRODUCT_REWRITE=1 -DENABLE_DEBUG_PRINT=0 -DENABLE_MEASURE_EXE_TIME=0 -DENABLE_MERGE_BACK_PLAN=0 -DENABLE_PARALLEL_EXECUTION=0 -DENABLE_QUERY_SPLIT=1 -DENABLE_SPECIFY_EST_STAT=0 -I/home/pei/Project/duckdb-polr/src/include -I/home/pei/Project/duckdb-polr/third_party/fsst -I/home/pei/Project/duckdb-polr/third_party/fmt/include -I/home/pei/Project/duckdb-polr/third_party/hyperloglog -I/home/pei/Project/duckdb-polr/third_party/fastpforlib -I/home/pei/Project/duckdb-polr/third_party/fast_float -I/home/pei/Project/duckdb-polr/third_party/re2 -I/home/pei/Project/duckdb-polr/third_party/miniz -I/home/pei/Project/duckdb-polr/third_party/utf8proc/include -I/home/pei/Project/duckdb-polr/third_party/miniparquet -I/home/pei/Project/duckdb-polr/third_party/concurrentqueue -I/home/pei/Project/duckdb-polr/third_party/pcg -I/home/pei/Project/duckdb-polr/third_party/tdigest -I/home/pei/Project/duckdb-polr/third_party/mbedtls/include -I/home/pei/Project/duckdb-polr/third_party/jaro_winkler -O3 -DNDEBUG -O3 -DNDEBUG   -fPIC -fdiagnostics-color=always -std=c++11 -MD -MT src/planner/binder/tableref/CMakeFiles/duckdb_bind_tableref.dir/ub_duckdb_bind_tableref.cpp.o -MF src/planner/binder/tableref/CMakeFiles/duckdb_bind_tableref.dir/ub_duckdb_bind_tableref.cpp.o.d -o src/planner/binder/tableref/CMakeFiles/duckdb_bind_tableref.dir/ub_duckdb_bind_tableref.cpp.o -c /home/pei/Project/duckdb-polr/build/release/src/planner/binder/tableref/ub_duckdb_bind_tableref.cpp
[21/376] /usr/bin/ccache /usr/lib/ccache/c++ -DDUCKDB -DDUCKDB_BUILD_LIBRARY -DDUCKDB_MAIN_LIBRARY -DENABLE_CROSS_PRODUCT_REWRITE=1 -DENABLE_DEBUG_PRINT=0 -DENABLE_MEASURE_EXE_TIME=0 -DENABLE_MERGE_BACK_PLAN=0 -DENABLE_PARALLEL_EXECUTION=0 -DENABLE_QUERY_SPLIT=1 -DENABLE_SPECIFY_EST_STAT=0 -I/home/pei/Project/duckdb-polr/src/include -I/home/pei/Project/duckdb-polr/third_party/fsst -I/home/pei/Project/duckdb-polr/third_party/fmt/include -I/home/pei/Project/duckdb-polr/third_party/hyperloglog -I/home/pei/Project/duckdb-polr/third_party/fastpforlib -I/home/pei/Project/duckdb-polr/third_party/fast_float -I/home/pei/Project/duckdb-polr/third_party/re2 -I/home/pei/Project/duckdb-polr/third_party/miniz -I/home/pei/Project/duckdb-polr/third_party/utf8proc/include -I/home/pei/Project/duckdb-polr/third_party/miniparquet -I/home/pei/Project/duckdb-polr/third_party/concurrentqueue -I/home/pei/Project/duckdb-polr/third_party/pcg -I/home/pei/Project/duckdb-polr/third_party/tdigest -I/home/pei/Project/duckdb-polr/third_party/mbedtls/include -I/home/pei/Project/duckdb-polr/third_party/jaro_winkler -O3 -DNDEBUG -O3 -DNDEBUG   -fPIC -fdiagnostics-color=always -std=c++11 -MD -MT src/planner/binder/expression/CMakeFiles/duckdb_bind_expression.dir/ub_duckdb_bind_expression.cpp.o -MF src/planner/binder/expression/CMakeFiles/duckdb_bind_expression.dir/ub_duckdb_bind_expression.cpp.o.d -o src/planner/binder/expression/CMakeFiles/duckdb_bind_expression.dir/ub_duckdb_bind_expression.cpp.o -c /home/pei/Project/duckdb-polr/build/release/src/planner/binder/expression/ub_duckdb_bind_expression.cpp
[22/376] /usr/bin/ccache /usr/lib/ccache/c++ -DDUCKDB -DDUCKDB_BUILD_LIBRARY -DDUCKDB_MAIN_LIBRARY -DENABLE_CROSS_PRODUCT_REWRITE=1 -DENABLE_DEBUG_PRINT=0 -DENABLE_MEASURE_EXE_TIME=0 -DENABLE_MERGE_BACK_PLAN=0 -DENABLE_PARALLEL_EXECUTION=0 -DENABLE_QUERY_SPLIT=1 -DENABLE_SPECIFY_EST_STAT=0 -I/home/pei/Project/duckdb-polr/src/include -I/home/pei/Project/duckdb-polr/third_party/fsst -I/home/pei/Project/duckdb-polr/third_party/fmt/include -I/home/pei/Project/duckdb-polr/third_party/hyperloglog -I/home/pei/Project/duckdb-polr/third_party/fastpforlib -I/home/pei/Project/duckdb-polr/third_party/fast_float -I/home/pei/Project/duckdb-polr/third_party/re2 -I/home/pei/Project/duckdb-polr/third_party/miniz -I/home/pei/Project/duckdb-polr/third_party/utf8proc/include -I/home/pei/Project/duckdb-polr/third_party/miniparquet -I/home/pei/Project/duckdb-polr/third_party/concurrentqueue -I/home/pei/Project/duckdb-polr/third_party/pcg -I/home/pei/Project/duckdb-polr/third_party/tdigest -I/home/pei/Project/duckdb-polr/third_party/mbedtls/include -I/home/pei/Project/duckdb-polr/third_party/jaro_winkler -O3 -DNDEBUG -O3 -DNDEBUG   -fPIC -fdiagnostics-color=always -std=c++11 -MD -MT src/function/aggregate/algebraic/CMakeFiles/duckdb_aggr_algebraic.dir/ub_duckdb_aggr_algebraic.cpp.o -MF src/function/aggregate/algebraic/CMakeFiles/duckdb_aggr_algebraic.dir/ub_duckdb_aggr_algebraic.cpp.o.d -o src/function/aggregate/algebraic/CMakeFiles/duckdb_aggr_algebraic.dir/ub_duckdb_aggr_algebraic.cpp.o -c /home/pei/Project/duckdb-polr/build/release/src/function/aggregate/algebraic/ub_duckdb_aggr_algebraic.cpp
[23/376] /usr/bin/ccache /usr/lib/ccache/c++ -DDUCKDB -DDUCKDB_BUILD_LIBRARY -DDUCKDB_MAIN_LIBRARY -DENABLE_CROSS_PRODUCT_REWRITE=1 -DENABLE_DEBUG_PRINT=0 -DENABLE_MEASURE_EXE_TIME=0 -DENABLE_MERGE_BACK_PLAN=0 -DENABLE_PARALLEL_EXECUTION=0 -DENABLE_QUERY_SPLIT=1 -DENABLE_SPECIFY_EST_STAT=0 -I/home/pei/Project/duckdb-polr/src/include -I/home/pei/Project/duckdb-polr/third_party/fsst -I/home/pei/Project/duckdb-polr/third_party/fmt/include -I/home/pei/Project/duckdb-polr/third_party/hyperloglog -I/home/pei/Project/duckdb-polr/third_party/fastpforlib -I/home/pei/Project/duckdb-polr/third_party/fast_float -I/home/pei/Project/duckdb-polr/third_party/re2 -I/home/pei/Project/duckdb-polr/third_party/miniz -I/home/pei/Project/duckdb-polr/third_party/utf8proc/include -I/home/pei/Project/duckdb-polr/third_party/miniparquet -I/home/pei/Project/duckdb-polr/third_party/concurrentqueue -I/home/pei/Project/duckdb-polr/third_party/pcg -I/home/pei/Project/duckdb-polr/third_party/tdigest -I/home/pei/Project/duckdb-polr/third_party/mbedtls/include -I/home/pei/Project/duckdb-polr/third_party/jaro_winkler -O3 -DNDEBUG -O3 -DNDEBUG   -fPIC -fdiagnostics-color=always -std=c++11 -MD -MT src/optimizer/join_order/CMakeFiles/duckdb_optimizer_join_order.dir/ub_duckdb_optimizer_join_order.cpp.o -MF src/optimizer/join_order/CMakeFiles/duckdb_optimizer_join_order.dir/ub_duckdb_optimizer_join_order.cpp.o.d -o src/optimizer/join_order/CMakeFiles/duckdb_optimizer_join_order.dir/ub_duckdb_optimizer_join_order.cpp.o -c /home/pei/Project/duckdb-polr/build/release/src/optimizer/join_order/ub_duckdb_optimizer_join_order.cpp
[24/376] /usr/bin/ccache /usr/lib/ccache/c++ -DDUCKDB -DDUCKDB_BUILD_LIBRARY -DDUCKDB_MAIN_LIBRARY -DENABLE_CROSS_PRODUCT_REWRITE=1 -DENABLE_DEBUG_PRINT=0 -DENABLE_MEASURE_EXE_TIME=0 -DENABLE_MERGE_BACK_PLAN=0 -DENABLE_PARALLEL_EXECUTION=0 -DENABLE_QUERY_SPLIT=1 -DENABLE_SPECIFY_EST_STAT=0 -I/home/pei/Project/duckdb-polr/src/include -I/home/pei/Project/duckdb-polr/third_party/fsst -I/home/pei/Project/duckdb-polr/third_party/fmt/include -I/home/pei/Project/duckdb-polr/third_party/hyperloglog -I/home/pei/Project/duckdb-polr/third_party/fastpforlib -I/home/pei/Project/duckdb-polr/third_party/fast_float -I/home/pei/Project/duckdb-polr/third_party/re2 -I/home/pei/Project/duckdb-polr/third_party/miniz -I/home/pei/Project/duckdb-polr/third_party/utf8proc/include -I/home/pei/Project/duckdb-polr/third_party/miniparquet -I/home/pei/Project/duckdb-polr/third_party/concurrentqueue -I/home/pei/Project/duckdb-polr/third_party/pcg -I/home/pei/Project/duckdb-polr/third_party/tdigest -I/home/pei/Project/duckdb-polr/third_party/mbedtls/include -I/home/pei/Project/duckdb-polr/third_party/jaro_winkler -O3 -DNDEBUG -O3 -DNDEBUG   -fPIC -fdiagnostics-color=always -std=c++11 -MD -MT src/planner/binder/query_node/CMakeFiles/duckdb_bind_query_node.dir/ub_duckdb_bind_query_node.cpp.o -MF src/planner/binder/query_node/CMakeFiles/duckdb_bind_query_node.dir/ub_duckdb_bind_query_node.cpp.o.d -o src/planner/binder/query_node/CMakeFiles/duckdb_bind_query_node.dir/ub_duckdb_bind_query_node.cpp.o -c /home/pei/Project/duckdb-polr/build/release/src/planner/binder/query_node/ub_duckdb_bind_query_node.cpp
[25/376] /usr/bin/ccache /usr/lib/ccache/c++ -DDUCKDB -DDUCKDB_BUILD_LIBRARY -DDUCKDB_MAIN_LIBRARY -DENABLE_CROSS_PRODUCT_REWRITE=1 -DENABLE_DEBUG_PRINT=0 -DENABLE_MEASURE_EXE_TIME=0 -DENABLE_MERGE_BACK_PLAN=0 -DENABLE_PARALLEL_EXECUTION=0 -DENABLE_QUERY_SPLIT=1 -DENABLE_SPECIFY_EST_STAT=0 -I/home/pei/Project/duckdb-polr/src/include -I/home/pei/Project/duckdb-polr/third_party/fsst -I/home/pei/Project/duckdb-polr/third_party/fmt/include -I/home/pei/Project/duckdb-polr/third_party/hyperloglog -I/home/pei/Project/duckdb-polr/third_party/fastpforlib -I/home/pei/Project/duckdb-polr/third_party/fast_float -I/home/pei/Project/duckdb-polr/third_party/re2 -I/home/pei/Project/duckdb-polr/third_party/miniz -I/home/pei/Project/duckdb-polr/third_party/utf8proc/include -I/home/pei/Project/duckdb-polr/third_party/miniparquet -I/home/pei/Project/duckdb-polr/third_party/concurrentqueue -I/home/pei/Project/duckdb-polr/third_party/pcg -I/home/pei/Project/duckdb-polr/third_party/tdigest -I/home/pei/Project/duckdb-polr/third_party/mbedtls/include -I/home/pei/Project/duckdb-polr/third_party/jaro_winkler -O3 -DNDEBUG -O3 -DNDEBUG   -fPIC -fdiagnostics-color=always -std=c++11 -MD -MT src/planner/subquery/CMakeFiles/duckdb_planner_subquery.dir/ub_duckdb_planner_subquery.cpp.o -MF src/planner/subquery/CMakeFiles/duckdb_planner_subquery.dir/ub_duckdb_planner_subquery.cpp.o.d -o src/planner/subquery/CMakeFiles/duckdb_planner_subquery.dir/ub_duckdb_planner_subquery.cpp.o -c /home/pei/Project/duckdb-polr/build/release/src/planner/subquery/ub_duckdb_planner_subquery.cpp
[26/376] /usr/bin/ccache /usr/lib/ccache/c++ -DDUCKDB -DDUCKDB_BUILD_LIBRARY -DDUCKDB_MAIN_LIBRARY -DENABLE_CROSS_PRODUCT_REWRITE=1 -DENABLE_DEBUG_PRINT=0 -DENABLE_MEASURE_EXE_TIME=0 -DENABLE_MERGE_BACK_PLAN=0 -DENABLE_PARALLEL_EXECUTION=0 -DENABLE_QUERY_SPLIT=1 -DENABLE_SPECIFY_EST_STAT=0 -I/home/pei/Project/duckdb-polr/src/include -I/home/pei/Project/duckdb-polr/third_party/fsst -I/home/pei/Project/duckdb-polr/third_party/fmt/include -I/home/pei/Project/duckdb-polr/third_party/hyperloglog -I/home/pei/Project/duckdb-polr/third_party/fastpforlib -I/home/pei/Project/duckdb-polr/third_party/fast_float -I/home/pei/Project/duckdb-polr/third_party/re2 -I/home/pei/Project/duckdb-polr/third_party/miniz -I/home/pei/Project/duckdb-polr/third_party/utf8proc/include -I/home/pei/Project/duckdb-polr/third_party/miniparquet -I/home/pei/Project/duckdb-polr/third_party/concurrentqueue -I/home/pei/Project/duckdb-polr/third_party/pcg -I/home/pei/Project/duckdb-polr/third_party/tdigest -I/home/pei/Project/duckdb-polr/third_party/mbedtls/include -I/home/pei/Project/duckdb-polr/third_party/jaro_winkler -O3 -DNDEBUG -O3 -DNDEBUG   -fPIC -fdiagnostics-color=always -std=c++11 -MD -MT src/function/aggregate/nested/CMakeFiles/duckdb_aggr_nested.dir/ub_duckdb_aggr_nested.cpp.o -MF src/function/aggregate/nested/CMakeFiles/duckdb_aggr_nested.dir/ub_duckdb_aggr_nested.cpp.o.d -o src/function/aggregate/nested/CMakeFiles/duckdb_aggr_nested.dir/ub_duckdb_aggr_nested.cpp.o -c /home/pei/Project/duckdb-polr/build/release/src/function/aggregate/nested/ub_duckdb_aggr_nested.cpp
[27/376] /usr/bin/ccache /usr/lib/ccache/c++ -DDUCKDB -DDUCKDB_BUILD_LIBRARY -DDUCKDB_MAIN_LIBRARY -DENABLE_CROSS_PRODUCT_REWRITE=1 -DENABLE_DEBUG_PRINT=0 -DENABLE_MEASURE_EXE_TIME=0 -DENABLE_MERGE_BACK_PLAN=0 -DENABLE_PARALLEL_EXECUTION=0 -DENABLE_QUERY_SPLIT=1 -DENABLE_SPECIFY_EST_STAT=0 -I/home/pei/Project/duckdb-polr/src/include -I/home/pei/Project/duckdb-polr/third_party/fsst -I/home/pei/Project/duckdb-polr/third_party/fmt/include -I/home/pei/Project/duckdb-polr/third_party/hyperloglog -I/home/pei/Project/duckdb-polr/third_party/fastpforlib -I/home/pei/Project/duckdb-polr/third_party/fast_float -I/home/pei/Project/duckdb-polr/third_party/re2 -I/home/pei/Project/duckdb-polr/third_party/miniz -I/home/pei/Project/duckdb-polr/third_party/utf8proc/include -I/home/pei/Project/duckdb-polr/third_party/miniparquet -I/home/pei/Project/duckdb-polr/third_party/concurrentqueue -I/home/pei/Project/duckdb-polr/third_party/pcg -I/home/pei/Project/duckdb-polr/third_party/tdigest -I/home/pei/Project/duckdb-polr/third_party/mbedtls/include -I/home/pei/Project/duckdb-polr/third_party/jaro_winkler -O3 -DNDEBUG -O3 -DNDEBUG   -fPIC -fdiagnostics-color=always -std=c++11 -MD -MT src/optimizer/query_split/CMakeFiles/duckdb_optimizer_query_split.dir/ub_duckdb_optimizer_query_split.cpp.o -MF src/optimizer/query_split/CMakeFiles/duckdb_optimizer_query_split.dir/ub_duckdb_optimizer_query_split.cpp.o.d -o src/optimizer/query_split/CMakeFiles/duckdb_optimizer_query_split.dir/ub_duckdb_optimizer_query_split.cpp.o -c /home/pei/Project/duckdb-polr/build/release/src/optimizer/query_split/ub_duckdb_optimizer_query_split.cpp
In file included from /home/pei/Project/duckdb-polr/src/optimizer/query_split/query_split.cpp:1,
                 from /home/pei/Project/duckdb-polr/build/release/src/optimizer/query_split/ub_duckdb_optimizer_query_split.cpp:2:
/home/pei/Project/duckdb-polr/src/include/duckdb/optimizer/query_split/query_split.hpp:14: warning: "ENABLE_DEBUG_PRINT" redefined
   14 | #define ENABLE_DEBUG_PRINT                      true
      | 
<command-line>: note: this is the location of the previous definition
/home/pei/Project/duckdb-polr/src/include/duckdb/optimizer/query_split/query_split.hpp:23:1: warning: inline variables are only available with ‘-std=c++17’ or ‘-std=gnu++17’ [-Wc++17-extensions]
   23 | inline bool execute_plan = false;
      | ^~~~~~
In file included from /home/pei/Project/duckdb-polr/build/release/src/optimizer/query_split/ub_duckdb_optimizer_query_split.cpp:4:
/home/pei/Project/duckdb-polr/src/optimizer/query_split/foreign_key_center.cpp: In lambda function:
/home/pei/Project/duckdb-polr/src/optimizer/query_split/foreign_key_center.cpp:205:61: warning: init-statement in selection statements only available with ‘-std=c++17’ or ‘-std=gnu++17’ [-Wc++17-extensions]
  205 |                                                         if (auto find_left = std::find_if(
      |                                                             ^~~~
In file included from /home/pei/Project/duckdb-polr/build/release/src/optimizer/query_split/ub_duckdb_optimizer_query_split.cpp:3:
/home/pei/Project/duckdb-polr/src/optimizer/query_split/query_split_util.cpp: In function ‘duckdb::ColumnBinding& duckdb::GetRefColumnBinding(std::unique_ptr<Expression>&)’:
/home/pei/Project/duckdb-polr/src/optimizer/query_split/query_split_util.cpp:152:88: warning: control reaches end of non-void function [-Wreturn-type]
  152 |                 Printer::Print("Doesn't support " + ExpressionTypeToString(expr->type) + " in GetColumnBinding yet!");
      |                                ~~~~~~~~~~~~~~~~~~~~~~~~~~~~~~~~~~~~~~~~~~~~~~~~~~~~~~~~^~~~~~~~~~~~~~~~~~~~~~~~~~~~~
[28/376] /usr/bin/ccache /usr/lib/ccache/c++ -DDUCKDB -DDUCKDB_BUILD_LIBRARY -DDUCKDB_MAIN_LIBRARY -DENABLE_CROSS_PRODUCT_REWRITE=1 -DENABLE_DEBUG_PRINT=0 -DENABLE_MEASURE_EXE_TIME=0 -DENABLE_MERGE_BACK_PLAN=0 -DENABLE_PARALLEL_EXECUTION=0 -DENABLE_QUERY_SPLIT=1 -DENABLE_SPECIFY_EST_STAT=0 -I/home/pei/Project/duckdb-polr/src/include -I/home/pei/Project/duckdb-polr/third_party/fsst -I/home/pei/Project/duckdb-polr/third_party/fmt/include -I/home/pei/Project/duckdb-polr/third_party/hyperloglog -I/home/pei/Project/duckdb-polr/third_party/fastpforlib -I/home/pei/Project/duckdb-polr/third_party/fast_float -I/home/pei/Project/duckdb-polr/third_party/re2 -I/home/pei/Project/duckdb-polr/third_party/miniz -I/home/pei/Project/duckdb-polr/third_party/utf8proc/include -I/home/pei/Project/duckdb-polr/third_party/miniparquet -I/home/pei/Project/duckdb-polr/third_party/concurrentqueue -I/home/pei/Project/duckdb-polr/third_party/pcg -I/home/pei/Project/duckdb-polr/third_party/tdigest -I/home/pei/Project/duckdb-polr/third_party/mbedtls/include -I/home/pei/Project/duckdb-polr/third_party/jaro_winkler -O3 -DNDEBUG -O3 -DNDEBUG   -fPIC -fdiagnostics-color=always -std=c++11 -MD -MT src/function/aggregate/regression/CMakeFiles/duckdb_aggr_regr.dir/ub_duckdb_aggr_regr.cpp.o -MF src/function/aggregate/regression/CMakeFiles/duckdb_aggr_regr.dir/ub_duckdb_aggr_regr.cpp.o.d -o src/function/aggregate/regression/CMakeFiles/duckdb_aggr_regr.dir/ub_duckdb_aggr_regr.cpp.o -c /home/pei/Project/duckdb-polr/build/release/src/function/aggregate/regression/ub_duckdb_aggr_regr.cpp
[29/376] /usr/bin/ccache /usr/lib/ccache/c++ -DDUCKDB -DDUCKDB_BUILD_LIBRARY -DDUCKDB_MAIN_LIBRARY -DENABLE_CROSS_PRODUCT_REWRITE=1 -DENABLE_DEBUG_PRINT=0 -DENABLE_MEASURE_EXE_TIME=0 -DENABLE_MERGE_BACK_PLAN=0 -DENABLE_PARALLEL_EXECUTION=0 -DENABLE_QUERY_SPLIT=1 -DENABLE_SPECIFY_EST_STAT=0 -I/home/pei/Project/duckdb-polr/src/include -I/home/pei/Project/duckdb-polr/third_party/fsst -I/home/pei/Project/duckdb-polr/third_party/fmt/include -I/home/pei/Project/duckdb-polr/third_party/hyperloglog -I/home/pei/Project/duckdb-polr/third_party/fastpforlib -I/home/pei/Project/duckdb-polr/third_party/fast_float -I/home/pei/Project/duckdb-polr/third_party/re2 -I/home/pei/Project/duckdb-polr/third_party/miniz -I/home/pei/Project/duckdb-polr/third_party/utf8proc/include -I/home/pei/Project/duckdb-polr/third_party/miniparquet -I/home/pei/Project/duckdb-polr/third_party/concurrentqueue -I/home/pei/Project/duckdb-polr/third_party/pcg -I/home/pei/Project/duckdb-polr/third_party/tdigest -I/home/pei/Project/duckdb-polr/third_party/mbedtls/include -I/home/pei/Project/duckdb-polr/third_party/jaro_winkler -O3 -DNDEBUG -O3 -DNDEBUG   -fPIC -fdiagnostics-color=always -std=c++11 -MD -MT src/function/cast/CMakeFiles/duckdb_func_cast.dir/ub_duckdb_func_cast.cpp.o -MF src/function/cast/CMakeFiles/duckdb_func_cast.dir/ub_duckdb_func_cast.cpp.o.d -o src/function/cast/CMakeFiles/duckdb_func_cast.dir/ub_duckdb_func_cast.cpp.o -c /home/pei/Project/duckdb-polr/build/release/src/function/cast/ub_duckdb_func_cast.cpp
[30/376] /usr/bin/ccache /usr/lib/ccache/c++ -DDUCKDB -DDUCKDB_BUILD_LIBRARY -DDUCKDB_MAIN_LIBRARY -DENABLE_CROSS_PRODUCT_REWRITE=1 -DENABLE_DEBUG_PRINT=0 -DENABLE_MEASURE_EXE_TIME=0 -DENABLE_MERGE_BACK_PLAN=0 -DENABLE_PARALLEL_EXECUTION=0 -DENABLE_QUERY_SPLIT=1 -DENABLE_SPECIFY_EST_STAT=0 -I/home/pei/Project/duckdb-polr/src/include -I/home/pei/Project/duckdb-polr/third_party/fsst -I/home/pei/Project/duckdb-polr/third_party/fmt/include -I/home/pei/Project/duckdb-polr/third_party/hyperloglog -I/home/pei/Project/duckdb-polr/third_party/fastpforlib -I/home/pei/Project/duckdb-polr/third_party/fast_float -I/home/pei/Project/duckdb-polr/third_party/re2 -I/home/pei/Project/duckdb-polr/third_party/miniz -I/home/pei/Project/duckdb-polr/third_party/utf8proc/include -I/home/pei/Project/duckdb-polr/third_party/miniparquet -I/home/pei/Project/duckdb-polr/third_party/concurrentqueue -I/home/pei/Project/duckdb-polr/third_party/pcg -I/home/pei/Project/duckdb-polr/third_party/tdigest -I/home/pei/Project/duckdb-polr/third_party/mbedtls/include -I/home/pei/Project/duckdb-polr/third_party/jaro_winkler -O3 -DNDEBUG -O3 -DNDEBUG   -fPIC -fdiagnostics-color=always -std=c++11 -MD -MT src/function/scalar/CMakeFiles/duckdb_func_scalar.dir/ub_duckdb_func_scalar.cpp.o -MF src/function/scalar/CMakeFiles/duckdb_func_scalar.dir/ub_duckdb_func_scalar.cpp.o.d -o src/function/scalar/CMakeFiles/duckdb_func_scalar.dir/ub_duckdb_func_scalar.cpp.o -c /home/pei/Project/duckdb-polr/build/release/src/function/scalar/ub_duckdb_func_scalar.cpp
[31/376] /usr/bin/ccache /usr/lib/ccache/c++ -DDUCKDB -DDUCKDB_BUILD_LIBRARY -DDUCKDB_MAIN_LIBRARY -DENABLE_CROSS_PRODUCT_REWRITE=1 -DENABLE_DEBUG_PRINT=0 -DENABLE_MEASURE_EXE_TIME=0 -DENABLE_MERGE_BACK_PLAN=0 -DENABLE_PARALLEL_EXECUTION=0 -DENABLE_QUERY_SPLIT=1 -DENABLE_SPECIFY_EST_STAT=0 -I/home/pei/Project/duckdb-polr/src/include -I/home/pei/Project/duckdb-polr/third_party/fsst -I/home/pei/Project/duckdb-polr/third_party/fmt/include -I/home/pei/Project/duckdb-polr/third_party/hyperloglog -I/home/pei/Project/duckdb-polr/third_party/fastpforlib -I/home/pei/Project/duckdb-polr/third_party/fast_float -I/home/pei/Project/duckdb-polr/third_party/re2 -I/home/pei/Project/duckdb-polr/third_party/miniz -I/home/pei/Project/duckdb-polr/third_party/utf8proc/include -I/home/pei/Project/duckdb-polr/third_party/miniparquet -I/home/pei/Project/duckdb-polr/third_party/concurrentqueue -I/home/pei/Project/duckdb-polr/third_party/pcg -I/home/pei/Project/duckdb-polr/third_party/tdigest -I/home/pei/Project/duckdb-polr/third_party/mbedtls/include -I/home/pei/Project/duckdb-polr/third_party/jaro_winkler -O3 -DNDEBUG -O3 -DNDEBUG   -fPIC -fdiagnostics-color=always -std=c++11 -MD -MT src/function/scalar/blob/CMakeFiles/duckdb_func_blob.dir/ub_duckdb_func_blob.cpp.o -MF src/function/scalar/blob/CMakeFiles/duckdb_func_blob.dir/ub_duckdb_func_blob.cpp.o.d -o src/function/scalar/blob/CMakeFiles/duckdb_func_blob.dir/ub_duckdb_func_blob.cpp.o -c /home/pei/Project/duckdb-polr/build/release/src/function/scalar/blob/ub_duckdb_func_blob.cpp
[32/376] /usr/bin/ccache /usr/lib/ccache/c++ -DDUCKDB -DDUCKDB_BUILD_LIBRARY -DDUCKDB_MAIN_LIBRARY -DENABLE_CROSS_PRODUCT_REWRITE=1 -DENABLE_DEBUG_PRINT=0 -DENABLE_MEASURE_EXE_TIME=0 -DENABLE_MERGE_BACK_PLAN=0 -DENABLE_PARALLEL_EXECUTION=0 -DENABLE_QUERY_SPLIT=1 -DENABLE_SPECIFY_EST_STAT=0 -I/home/pei/Project/duckdb-polr/src/include -I/home/pei/Project/duckdb-polr/third_party/fsst -I/home/pei/Project/duckdb-polr/third_party/fmt/include -I/home/pei/Project/duckdb-polr/third_party/hyperloglog -I/home/pei/Project/duckdb-polr/third_party/fastpforlib -I/home/pei/Project/duckdb-polr/third_party/fast_float -I/home/pei/Project/duckdb-polr/third_party/re2 -I/home/pei/Project/duckdb-polr/third_party/miniz -I/home/pei/Project/duckdb-polr/third_party/utf8proc/include -I/home/pei/Project/duckdb-polr/third_party/miniparquet -I/home/pei/Project/duckdb-polr/third_party/concurrentqueue -I/home/pei/Project/duckdb-polr/third_party/pcg -I/home/pei/Project/duckdb-polr/third_party/tdigest -I/home/pei/Project/duckdb-polr/third_party/mbedtls/include -I/home/pei/Project/duckdb-polr/third_party/jaro_winkler -O3 -DNDEBUG -O3 -DNDEBUG   -fPIC -fdiagnostics-color=always -std=c++11 -MD -MT src/planner/operator/CMakeFiles/duckdb_planner_operator.dir/ub_duckdb_planner_operator.cpp.o -MF src/planner/operator/CMakeFiles/duckdb_planner_operator.dir/ub_duckdb_planner_operator.cpp.o.d -o src/planner/operator/CMakeFiles/duckdb_planner_operator.dir/ub_duckdb_planner_operator.cpp.o -c /home/pei/Project/duckdb-polr/build/release/src/planner/operator/ub_duckdb_planner_operator.cpp
[33/376] /usr/bin/ccache /usr/lib/ccache/c++ -DDUCKDB -DDUCKDB_BUILD_LIBRARY -DDUCKDB_MAIN_LIBRARY -DENABLE_CROSS_PRODUCT_REWRITE=1 -DENABLE_DEBUG_PRINT=0 -DENABLE_MEASURE_EXE_TIME=0 -DENABLE_MERGE_BACK_PLAN=0 -DENABLE_PARALLEL_EXECUTION=0 -DENABLE_QUERY_SPLIT=1 -DENABLE_SPECIFY_EST_STAT=0 -I/home/pei/Project/duckdb-polr/src/include -I/home/pei/Project/duckdb-polr/third_party/fsst -I/home/pei/Project/duckdb-polr/third_party/fmt/include -I/home/pei/Project/duckdb-polr/third_party/hyperloglog -I/home/pei/Project/duckdb-polr/third_party/fastpforlib -I/home/pei/Project/duckdb-polr/third_party/fast_float -I/home/pei/Project/duckdb-polr/third_party/re2 -I/home/pei/Project/duckdb-polr/third_party/miniz -I/home/pei/Project/duckdb-polr/third_party/utf8proc/include -I/home/pei/Project/duckdb-polr/third_party/miniparquet -I/home/pei/Project/duckdb-polr/third_party/concurrentqueue -I/home/pei/Project/duckdb-polr/third_party/pcg -I/home/pei/Project/duckdb-polr/third_party/tdigest -I/home/pei/Project/duckdb-polr/third_party/mbedtls/include -I/home/pei/Project/duckdb-polr/third_party/jaro_winkler -I/home/pei/Project/duckdb-polr/src/parser/../../third_party/libpg_query/include -I/home/pei/Project/duckdb-polr/src/parser/../../third_party/libpg_query -O3 -DNDEBUG -O3 -DNDEBUG   -fPIC -fdiagnostics-color=always -std=c++11 -MD -MT src/parser/CMakeFiles/duckdb_parser.dir/ub_duckdb_parser.cpp.o -MF src/parser/CMakeFiles/duckdb_parser.dir/ub_duckdb_parser.cpp.o.d -o src/parser/CMakeFiles/duckdb_parser.dir/ub_duckdb_parser.cpp.o -c /home/pei/Project/duckdb-polr/build/release/src/parser/ub_duckdb_parser.cpp
[34/376] /usr/bin/ccache /usr/lib/ccache/c++ -DDUCKDB -DDUCKDB_BUILD_LIBRARY -DDUCKDB_MAIN_LIBRARY -DENABLE_CROSS_PRODUCT_REWRITE=1 -DENABLE_DEBUG_PRINT=0 -DENABLE_MEASURE_EXE_TIME=0 -DENABLE_MERGE_BACK_PLAN=0 -DENABLE_PARALLEL_EXECUTION=0 -DENABLE_QUERY_SPLIT=1 -DENABLE_SPECIFY_EST_STAT=0 -I/home/pei/Project/duckdb-polr/src/include -I/home/pei/Project/duckdb-polr/third_party/fsst -I/home/pei/Project/duckdb-polr/third_party/fmt/include -I/home/pei/Project/duckdb-polr/third_party/hyperloglog -I/home/pei/Project/duckdb-polr/third_party/fastpforlib -I/home/pei/Project/duckdb-polr/third_party/fast_float -I/home/pei/Project/duckdb-polr/third_party/re2 -I/home/pei/Project/duckdb-polr/third_party/miniz -I/home/pei/Project/duckdb-polr/third_party/utf8proc/include -I/home/pei/Project/duckdb-polr/third_party/miniparquet -I/home/pei/Project/duckdb-polr/third_party/concurrentqueue -I/home/pei/Project/duckdb-polr/third_party/pcg -I/home/pei/Project/duckdb-polr/third_party/tdigest -I/home/pei/Project/duckdb-polr/third_party/mbedtls/include -I/home/pei/Project/duckdb-polr/third_party/jaro_winkler -O3 -DNDEBUG -O3 -DNDEBUG   -fPIC -fdiagnostics-color=always -std=c++11 -MD -MT src/function/scalar/map/CMakeFiles/duckdb_func_map_nested.dir/ub_duckdb_func_map_nested.cpp.o -MF src/function/scalar/map/CMakeFiles/duckdb_func_map_nested.dir/ub_duckdb_func_map_nested.cpp.o.d -o src/function/scalar/map/CMakeFiles/duckdb_func_map_nested.dir/ub_duckdb_func_map_nested.cpp.o -c /home/pei/Project/duckdb-polr/build/release/src/function/scalar/map/ub_duckdb_func_map_nested.cpp
[35/376] /usr/bin/ccache /usr/lib/ccache/c++ -DDUCKDB -DDUCKDB_BUILD_LIBRARY -DDUCKDB_MAIN_LIBRARY -DENABLE_CROSS_PRODUCT_REWRITE=1 -DENABLE_DEBUG_PRINT=0 -DENABLE_MEASURE_EXE_TIME=0 -DENABLE_MERGE_BACK_PLAN=0 -DENABLE_PARALLEL_EXECUTION=0 -DENABLE_QUERY_SPLIT=1 -DENABLE_SPECIFY_EST_STAT=0 -I/home/pei/Project/duckdb-polr/src/include -I/home/pei/Project/duckdb-polr/third_party/fsst -I/home/pei/Project/duckdb-polr/third_party/fmt/include -I/home/pei/Project/duckdb-polr/third_party/hyperloglog -I/home/pei/Project/duckdb-polr/third_party/fastpforlib -I/home/pei/Project/duckdb-polr/third_party/fast_float -I/home/pei/Project/duckdb-polr/third_party/re2 -I/home/pei/Project/duckdb-polr/third_party/miniz -I/home/pei/Project/duckdb-polr/third_party/utf8proc/include -I/home/pei/Project/duckdb-polr/third_party/miniparquet -I/home/pei/Project/duckdb-polr/third_party/concurrentqueue -I/home/pei/Project/duckdb-polr/third_party/pcg -I/home/pei/Project/duckdb-polr/third_party/tdigest -I/home/pei/Project/duckdb-polr/third_party/mbedtls/include -I/home/pei/Project/duckdb-polr/third_party/jaro_winkler -I/home/pei/Project/duckdb-polr/src/parser/../../third_party/libpg_query/include -I/home/pei/Project/duckdb-polr/src/parser/../../third_party/libpg_query -O3 -DNDEBUG -O3 -DNDEBUG   -fPIC -fdiagnostics-color=always -std=c++11 -MD -MT src/parser/statement/CMakeFiles/duckdb_statement.dir/ub_duckdb_statement.cpp.o -MF src/parser/statement/CMakeFiles/duckdb_statement.dir/ub_duckdb_statement.cpp.o.d -o src/parser/statement/CMakeFiles/duckdb_statement.dir/ub_duckdb_statement.cpp.o -c /home/pei/Project/duckdb-polr/build/release/src/parser/statement/ub_duckdb_statement.cpp
[36/376] /usr/bin/ccache /usr/lib/ccache/c++ -DDUCKDB -DDUCKDB_BUILD_LIBRARY -DDUCKDB_MAIN_LIBRARY -DENABLE_CROSS_PRODUCT_REWRITE=1 -DENABLE_DEBUG_PRINT=0 -DENABLE_MEASURE_EXE_TIME=0 -DENABLE_MERGE_BACK_PLAN=0 -DENABLE_PARALLEL_EXECUTION=0 -DENABLE_QUERY_SPLIT=1 -DENABLE_SPECIFY_EST_STAT=0 -I/home/pei/Project/duckdb-polr/src/include -I/home/pei/Project/duckdb-polr/third_party/fsst -I/home/pei/Project/duckdb-polr/third_party/fmt/include -I/home/pei/Project/duckdb-polr/third_party/hyperloglog -I/home/pei/Project/duckdb-polr/third_party/fastpforlib -I/home/pei/Project/duckdb-polr/third_party/fast_float -I/home/pei/Project/duckdb-polr/third_party/re2 -I/home/pei/Project/duckdb-polr/third_party/miniz -I/home/pei/Project/duckdb-polr/third_party/utf8proc/include -I/home/pei/Project/duckdb-polr/third_party/miniparquet -I/home/pei/Project/duckdb-polr/third_party/concurrentqueue -I/home/pei/Project/duckdb-polr/third_party/pcg -I/home/pei/Project/duckdb-polr/third_party/tdigest -I/home/pei/Project/duckdb-polr/third_party/mbedtls/include -I/home/pei/Project/duckdb-polr/third_party/jaro_winkler -O3 -DNDEBUG -O3 -DNDEBUG   -fPIC -fdiagnostics-color=always -std=c++11 -MD -MT src/function/scalar/operators/CMakeFiles/duckdb_func_ops.dir/ub_duckdb_func_ops.cpp.o -MF src/function/scalar/operators/CMakeFiles/duckdb_func_ops.dir/ub_duckdb_func_ops.cpp.o.d -o src/function/scalar/operators/CMakeFiles/duckdb_func_ops.dir/ub_duckdb_func_ops.cpp.o -c /home/pei/Project/duckdb-polr/build/release/src/function/scalar/operators/ub_duckdb_func_ops.cpp
[37/376] /usr/bin/ccache /usr/lib/ccache/c++ -DDUCKDB -DDUCKDB_BUILD_LIBRARY -DDUCKDB_MAIN_LIBRARY -DENABLE_CROSS_PRODUCT_REWRITE=1 -DENABLE_DEBUG_PRINT=0 -DENABLE_MEASURE_EXE_TIME=0 -DENABLE_MERGE_BACK_PLAN=0 -DENABLE_PARALLEL_EXECUTION=0 -DENABLE_QUERY_SPLIT=1 -DENABLE_SPECIFY_EST_STAT=0 -I/home/pei/Project/duckdb-polr/src/include -I/home/pei/Project/duckdb-polr/third_party/fsst -I/home/pei/Project/duckdb-polr/third_party/fmt/include -I/home/pei/Project/duckdb-polr/third_party/hyperloglog -I/home/pei/Project/duckdb-polr/third_party/fastpforlib -I/home/pei/Project/duckdb-polr/third_party/fast_float -I/home/pei/Project/duckdb-polr/third_party/re2 -I/home/pei/Project/duckdb-polr/third_party/miniz -I/home/pei/Project/duckdb-polr/third_party/utf8proc/include -I/home/pei/Project/duckdb-polr/third_party/miniparquet -I/home/pei/Project/duckdb-polr/third_party/concurrentqueue -I/home/pei/Project/duckdb-polr/third_party/pcg -I/home/pei/Project/duckdb-polr/third_party/tdigest -I/home/pei/Project/duckdb-polr/third_party/mbedtls/include -I/home/pei/Project/duckdb-polr/third_party/jaro_winkler -O3 -DNDEBUG -O3 -DNDEBUG   -fPIC -fdiagnostics-color=always -std=c++11 -MD -MT src/planner/CMakeFiles/duckdb_planner.dir/ub_duckdb_planner.cpp.o -MF src/planner/CMakeFiles/duckdb_planner.dir/ub_duckdb_planner.cpp.o.d -o src/planner/CMakeFiles/duckdb_planner.dir/ub_duckdb_planner.cpp.o -c /home/pei/Project/duckdb-polr/build/release/src/planner/ub_duckdb_planner.cpp
[38/376] /usr/bin/ccache /usr/lib/ccache/c++ -DDUCKDB -DDUCKDB_BUILD_LIBRARY -DDUCKDB_MAIN_LIBRARY -DENABLE_CROSS_PRODUCT_REWRITE=1 -DENABLE_DEBUG_PRINT=0 -DENABLE_MEASURE_EXE_TIME=0 -DENABLE_MERGE_BACK_PLAN=0 -DENABLE_PARALLEL_EXECUTION=0 -DENABLE_QUERY_SPLIT=1 -DENABLE_SPECIFY_EST_STAT=0 -I/home/pei/Project/duckdb-polr/src/include -I/home/pei/Project/duckdb-polr/third_party/fsst -I/home/pei/Project/duckdb-polr/third_party/fmt/include -I/home/pei/Project/duckdb-polr/third_party/hyperloglog -I/home/pei/Project/duckdb-polr/third_party/fastpforlib -I/home/pei/Project/duckdb-polr/third_party/fast_float -I/home/pei/Project/duckdb-polr/third_party/re2 -I/home/pei/Project/duckdb-polr/third_party/miniz -I/home/pei/Project/duckdb-polr/third_party/utf8proc/include -I/home/pei/Project/duckdb-polr/third_party/miniparquet -I/home/pei/Project/duckdb-polr/third_party/concurrentqueue -I/home/pei/Project/duckdb-polr/third_party/pcg -I/home/pei/Project/duckdb-polr/third_party/tdigest -I/home/pei/Project/duckdb-polr/third_party/mbedtls/include -I/home/pei/Project/duckdb-polr/third_party/jaro_winkler -O3 -DNDEBUG -O3 -DNDEBUG   -fPIC -fdiagnostics-color=always -std=c++11 -MD -MT src/function/aggregate/CMakeFiles/duckdb_func_aggr.dir/ub_duckdb_func_aggr.cpp.o -MF src/function/aggregate/CMakeFiles/duckdb_func_aggr.dir/ub_duckdb_func_aggr.cpp.o.d -o src/function/aggregate/CMakeFiles/duckdb_func_aggr.dir/ub_duckdb_func_aggr.cpp.o -c /home/pei/Project/duckdb-polr/build/release/src/function/aggregate/ub_duckdb_func_aggr.cpp
[39/376] /usr/bin/ccache /usr/lib/ccache/c++ -DDUCKDB -DDUCKDB_BUILD_LIBRARY -DDUCKDB_MAIN_LIBRARY -DENABLE_CROSS_PRODUCT_REWRITE=1 -DENABLE_DEBUG_PRINT=0 -DENABLE_MEASURE_EXE_TIME=0 -DENABLE_MERGE_BACK_PLAN=0 -DENABLE_PARALLEL_EXECUTION=0 -DENABLE_QUERY_SPLIT=1 -DENABLE_SPECIFY_EST_STAT=0 -I/home/pei/Project/duckdb-polr/src/include -I/home/pei/Project/duckdb-polr/third_party/fsst -I/home/pei/Project/duckdb-polr/third_party/fmt/include -I/home/pei/Project/duckdb-polr/third_party/hyperloglog -I/home/pei/Project/duckdb-polr/third_party/fastpforlib -I/home/pei/Project/duckdb-polr/third_party/fast_float -I/home/pei/Project/duckdb-polr/third_party/re2 -I/home/pei/Project/duckdb-polr/third_party/miniz -I/home/pei/Project/duckdb-polr/third_party/utf8proc/include -I/home/pei/Project/duckdb-polr/third_party/miniparquet -I/home/pei/Project/duckdb-polr/third_party/concurrentqueue -I/home/pei/Project/duckdb-polr/third_party/pcg -I/home/pei/Project/duckdb-polr/third_party/tdigest -I/home/pei/Project/duckdb-polr/third_party/mbedtls/include -I/home/pei/Project/duckdb-polr/third_party/jaro_winkler -O3 -DNDEBUG -O3 -DNDEBUG   -fPIC -fdiagnostics-color=always -std=c++11 -MD -MT src/optimizer/CMakeFiles/duckdb_optimizer.dir/ub_duckdb_optimizer.cpp.o -MF src/optimizer/CMakeFiles/duckdb_optimizer.dir/ub_duckdb_optimizer.cpp.o.d -o src/optimizer/CMakeFiles/duckdb_optimizer.dir/ub_duckdb_optimizer.cpp.o -c /home/pei/Project/duckdb-polr/build/release/src/optimizer/ub_duckdb_optimizer.cpp
In file included from /home/pei/Project/duckdb-polr/src/include/duckdb/optimizer/optimizer.hpp:15,
                 from /home/pei/Project/duckdb-polr/src/include/duckdb/optimizer/expression_heuristics.hpp:11,
                 from /home/pei/Project/duckdb-polr/src/optimizer/expression_heuristics.cpp:1,
                 from /home/pei/Project/duckdb-polr/build/release/src/optimizer/ub_duckdb_optimizer.cpp:6:
/home/pei/Project/duckdb-polr/src/include/duckdb/optimizer/query_split/query_split.hpp:14: warning: "ENABLE_DEBUG_PRINT" redefined
   14 | #define ENABLE_DEBUG_PRINT                      true
      | 
<command-line>: note: this is the location of the previous definition
/home/pei/Project/duckdb-polr/src/include/duckdb/optimizer/query_split/query_split.hpp:23:1: warning: inline variables are only available with ‘-std=c++17’ or ‘-std=gnu++17’ [-Wc++17-extensions]
   23 | inline bool execute_plan = false;
      | ^~~~~~
[40/376] /usr/bin/ccache /usr/lib/ccache/c++ -DDUCKDB -DDUCKDB_BUILD_LIBRARY -DDUCKDB_MAIN_LIBRARY -DENABLE_CROSS_PRODUCT_REWRITE=1 -DENABLE_DEBUG_PRINT=0 -DENABLE_MEASURE_EXE_TIME=0 -DENABLE_MERGE_BACK_PLAN=0 -DENABLE_PARALLEL_EXECUTION=0 -DENABLE_QUERY_SPLIT=1 -DENABLE_SPECIFY_EST_STAT=0 -I/home/pei/Project/duckdb-polr/src/include -I/home/pei/Project/duckdb-polr/third_party/fsst -I/home/pei/Project/duckdb-polr/third_party/fmt/include -I/home/pei/Project/duckdb-polr/third_party/hyperloglog -I/home/pei/Project/duckdb-polr/third_party/fastpforlib -I/home/pei/Project/duckdb-polr/third_party/fast_float -I/home/pei/Project/duckdb-polr/third_party/re2 -I/home/pei/Project/duckdb-polr/third_party/miniz -I/home/pei/Project/duckdb-polr/third_party/utf8proc/include -I/home/pei/Project/duckdb-polr/third_party/miniparquet -I/home/pei/Project/duckdb-polr/third_party/concurrentqueue -I/home/pei/Project/duckdb-polr/third_party/pcg -I/home/pei/Project/duckdb-polr/third_party/tdigest -I/home/pei/Project/duckdb-polr/third_party/mbedtls/include -I/home/pei/Project/duckdb-polr/third_party/jaro_winkler -O3 -DNDEBUG -O3 -DNDEBUG   -fPIC -fdiagnostics-color=always -std=c++11 -MD -MT src/function/CMakeFiles/duckdb_function.dir/ub_duckdb_function.cpp.o -MF src/function/CMakeFiles/duckdb_function.dir/ub_duckdb_function.cpp.o.d -o src/function/CMakeFiles/duckdb_function.dir/ub_duckdb_function.cpp.o -c /home/pei/Project/duckdb-polr/build/release/src/function/ub_duckdb_function.cpp
[41/376] /usr/bin/ccache /usr/lib/ccache/c++ -DDUCKDB -DDUCKDB_BUILD_LIBRARY -DDUCKDB_MAIN_LIBRARY -DENABLE_CROSS_PRODUCT_REWRITE=1 -DENABLE_DEBUG_PRINT=0 -DENABLE_MEASURE_EXE_TIME=0 -DENABLE_MERGE_BACK_PLAN=0 -DENABLE_PARALLEL_EXECUTION=0 -DENABLE_QUERY_SPLIT=1 -DENABLE_SPECIFY_EST_STAT=0 -I/home/pei/Project/duckdb-polr/src/include -I/home/pei/Project/duckdb-polr/third_party/fsst -I/home/pei/Project/duckdb-polr/third_party/fmt/include -I/home/pei/Project/duckdb-polr/third_party/hyperloglog -I/home/pei/Project/duckdb-polr/third_party/fastpforlib -I/home/pei/Project/duckdb-polr/third_party/fast_float -I/home/pei/Project/duckdb-polr/third_party/re2 -I/home/pei/Project/duckdb-polr/third_party/miniz -I/home/pei/Project/duckdb-polr/third_party/utf8proc/include -I/home/pei/Project/duckdb-polr/third_party/miniparquet -I/home/pei/Project/duckdb-polr/third_party/concurrentqueue -I/home/pei/Project/duckdb-polr/third_party/pcg -I/home/pei/Project/duckdb-polr/third_party/tdigest -I/home/pei/Project/duckdb-polr/third_party/mbedtls/include -I/home/pei/Project/duckdb-polr/third_party/jaro_winkler -O3 -DNDEBUG -O3 -DNDEBUG   -fPIC -fdiagnostics-color=always -std=c++11 -MD -MT src/function/pragma/CMakeFiles/duckdb_func_pragma.dir/ub_duckdb_func_pragma.cpp.o -MF src/function/pragma/CMakeFiles/duckdb_func_pragma.dir/ub_duckdb_func_pragma.cpp.o.d -o src/function/pragma/CMakeFiles/duckdb_func_pragma.dir/ub_duckdb_func_pragma.cpp.o -c /home/pei/Project/duckdb-polr/build/release/src/function/pragma/ub_duckdb_func_pragma.cpp
[42/376] /usr/bin/ccache /usr/lib/ccache/c++ -DDUCKDB -DDUCKDB_BUILD_LIBRARY -DDUCKDB_MAIN_LIBRARY -DENABLE_CROSS_PRODUCT_REWRITE=1 -DENABLE_DEBUG_PRINT=0 -DENABLE_MEASURE_EXE_TIME=0 -DENABLE_MERGE_BACK_PLAN=0 -DENABLE_PARALLEL_EXECUTION=0 -DENABLE_QUERY_SPLIT=1 -DENABLE_SPECIFY_EST_STAT=0 -I/home/pei/Project/duckdb-polr/src/include -I/home/pei/Project/duckdb-polr/third_party/fsst -I/home/pei/Project/duckdb-polr/third_party/fmt/include -I/home/pei/Project/duckdb-polr/third_party/hyperloglog -I/home/pei/Project/duckdb-polr/third_party/fastpforlib -I/home/pei/Project/duckdb-polr/third_party/fast_float -I/home/pei/Project/duckdb-polr/third_party/re2 -I/home/pei/Project/duckdb-polr/third_party/miniz -I/home/pei/Project/duckdb-polr/third_party/utf8proc/include -I/home/pei/Project/duckdb-polr/third_party/miniparquet -I/home/pei/Project/duckdb-polr/third_party/concurrentqueue -I/home/pei/Project/duckdb-polr/third_party/pcg -I/home/pei/Project/duckdb-polr/third_party/tdigest -I/home/pei/Project/duckdb-polr/third_party/mbedtls/include -I/home/pei/Project/duckdb-polr/third_party/jaro_winkler -O3 -DNDEBUG -O3 -DNDEBUG   -fPIC -fdiagnostics-color=always -std=c++11 -MD -MT src/function/scalar/enum/CMakeFiles/duckdb_func_enum.dir/ub_duckdb_func_enum.cpp.o -MF src/function/scalar/enum/CMakeFiles/duckdb_func_enum.dir/ub_duckdb_func_enum.cpp.o.d -o src/function/scalar/enum/CMakeFiles/duckdb_func_enum.dir/ub_duckdb_func_enum.cpp.o -c /home/pei/Project/duckdb-polr/build/release/src/function/scalar/enum/ub_duckdb_func_enum.cpp
[43/376] /usr/bin/ccache /usr/lib/ccache/c++ -DDUCKDB -DDUCKDB_BUILD_LIBRARY -DDUCKDB_MAIN_LIBRARY -DENABLE_CROSS_PRODUCT_REWRITE=1 -DENABLE_DEBUG_PRINT=0 -DENABLE_MEASURE_EXE_TIME=0 -DENABLE_MERGE_BACK_PLAN=0 -DENABLE_PARALLEL_EXECUTION=0 -DENABLE_QUERY_SPLIT=1 -DENABLE_SPECIFY_EST_STAT=0 -I/home/pei/Project/duckdb-polr/src/include -I/home/pei/Project/duckdb-polr/third_party/fsst -I/home/pei/Project/duckdb-polr/third_party/fmt/include -I/home/pei/Project/duckdb-polr/third_party/hyperloglog -I/home/pei/Project/duckdb-polr/third_party/fastpforlib -I/home/pei/Project/duckdb-polr/third_party/fast_float -I/home/pei/Project/duckdb-polr/third_party/re2 -I/home/pei/Project/duckdb-polr/third_party/miniz -I/home/pei/Project/duckdb-polr/third_party/utf8proc/include -I/home/pei/Project/duckdb-polr/third_party/miniparquet -I/home/pei/Project/duckdb-polr/third_party/concurrentqueue -I/home/pei/Project/duckdb-polr/third_party/pcg -I/home/pei/Project/duckdb-polr/third_party/tdigest -I/home/pei/Project/duckdb-polr/third_party/mbedtls/include -I/home/pei/Project/duckdb-polr/third_party/jaro_winkler -O3 -DNDEBUG -O3 -DNDEBUG   -fPIC -fdiagnostics-color=always -std=c++11 -MD -MT src/function/scalar/generic/CMakeFiles/duckdb_func_generic.dir/ub_duckdb_func_generic.cpp.o -MF src/function/scalar/generic/CMakeFiles/duckdb_func_generic.dir/ub_duckdb_func_generic.cpp.o.d -o src/function/scalar/generic/CMakeFiles/duckdb_func_generic.dir/ub_duckdb_func_generic.cpp.o -c /home/pei/Project/duckdb-polr/build/release/src/function/scalar/generic/ub_duckdb_func_generic.cpp
[44/376] /usr/bin/ccache /usr/lib/ccache/c++ -DDUCKDB -DDUCKDB_BUILD_LIBRARY -DDUCKDB_MAIN_LIBRARY -DENABLE_CROSS_PRODUCT_REWRITE=1 -DENABLE_DEBUG_PRINT=0 -DENABLE_MEASURE_EXE_TIME=0 -DENABLE_MERGE_BACK_PLAN=0 -DENABLE_PARALLEL_EXECUTION=0 -DENABLE_QUERY_SPLIT=1 -DENABLE_SPECIFY_EST_STAT=0 -I/home/pei/Project/duckdb-polr/src/include -I/home/pei/Project/duckdb-polr/third_party/fsst -I/home/pei/Project/duckdb-polr/third_party/fmt/include -I/home/pei/Project/duckdb-polr/third_party/hyperloglog -I/home/pei/Project/duckdb-polr/third_party/fastpforlib -I/home/pei/Project/duckdb-polr/third_party/fast_float -I/home/pei/Project/duckdb-polr/third_party/re2 -I/home/pei/Project/duckdb-polr/third_party/miniz -I/home/pei/Project/duckdb-polr/third_party/utf8proc/include -I/home/pei/Project/duckdb-polr/third_party/miniparquet -I/home/pei/Project/duckdb-polr/third_party/concurrentqueue -I/home/pei/Project/duckdb-polr/third_party/pcg -I/home/pei/Project/duckdb-polr/third_party/tdigest -I/home/pei/Project/duckdb-polr/third_party/mbedtls/include -I/home/pei/Project/duckdb-polr/third_party/jaro_winkler -O3 -DNDEBUG -O3 -DNDEBUG   -fPIC -fdiagnostics-color=always -std=c++11 -MD -MT src/planner/binder/statement/CMakeFiles/duckdb_bind_statement.dir/ub_duckdb_bind_statement.cpp.o -MF src/planner/binder/statement/CMakeFiles/duckdb_bind_statement.dir/ub_duckdb_bind_statement.cpp.o.d -o src/planner/binder/statement/CMakeFiles/duckdb_bind_statement.dir/ub_duckdb_bind_statement.cpp.o -c /home/pei/Project/duckdb-polr/build/release/src/planner/binder/statement/ub_duckdb_bind_statement.cpp
[45/376] /usr/bin/ccache /usr/lib/ccache/c++ -DDUCKDB -DDUCKDB_BUILD_LIBRARY -DDUCKDB_MAIN_LIBRARY -DENABLE_CROSS_PRODUCT_REWRITE=1 -DENABLE_DEBUG_PRINT=0 -DENABLE_MEASURE_EXE_TIME=0 -DENABLE_MERGE_BACK_PLAN=0 -DENABLE_PARALLEL_EXECUTION=0 -DENABLE_QUERY_SPLIT=1 -DENABLE_SPECIFY_EST_STAT=0 -I/home/pei/Project/duckdb-polr/src/include -I/home/pei/Project/duckdb-polr/third_party/fsst -I/home/pei/Project/duckdb-polr/third_party/fmt/include -I/home/pei/Project/duckdb-polr/third_party/hyperloglog -I/home/pei/Project/duckdb-polr/third_party/fastpforlib -I/home/pei/Project/duckdb-polr/third_party/fast_float -I/home/pei/Project/duckdb-polr/third_party/re2 -I/home/pei/Project/duckdb-polr/third_party/miniz -I/home/pei/Project/duckdb-polr/third_party/utf8proc/include -I/home/pei/Project/duckdb-polr/third_party/miniparquet -I/home/pei/Project/duckdb-polr/third_party/concurrentqueue -I/home/pei/Project/duckdb-polr/third_party/pcg -I/home/pei/Project/duckdb-polr/third_party/tdigest -I/home/pei/Project/duckdb-polr/third_party/mbedtls/include -I/home/pei/Project/duckdb-polr/third_party/jaro_winkler -O3 -DNDEBUG -O3 -DNDEBUG   -fPIC -fdiagnostics-color=always -std=c++11 -MD -MT src/function/scalar/sequence/CMakeFiles/duckdb_func_seq.dir/ub_duckdb_func_seq.cpp.o -MF src/function/scalar/sequence/CMakeFiles/duckdb_func_seq.dir/ub_duckdb_func_seq.cpp.o.d -o src/function/scalar/sequence/CMakeFiles/duckdb_func_seq.dir/ub_duckdb_func_seq.cpp.o -c /home/pei/Project/duckdb-polr/build/release/src/function/scalar/sequence/ub_duckdb_func_seq.cpp
[46/376] /usr/bin/ccache /usr/lib/ccache/c++ -DDUCKDB -DDUCKDB_BUILD_LIBRARY -DDUCKDB_MAIN_LIBRARY -DDUCKDB_SOURCE_ID=\"\"\"cd7a58694b\"\"\" -DDUCKDB_VERSION=\"\"\"v..1-dev\"\"\" -DENABLE_CROSS_PRODUCT_REWRITE=1 -DENABLE_DEBUG_PRINT=0 -DENABLE_MEASURE_EXE_TIME=0 -DENABLE_MERGE_BACK_PLAN=0 -DENABLE_PARALLEL_EXECUTION=0 -DENABLE_QUERY_SPLIT=1 -DENABLE_SPECIFY_EST_STAT=0 -I/home/pei/Project/duckdb-polr/src/include -I/home/pei/Project/duckdb-polr/third_party/fsst -I/home/pei/Project/duckdb-polr/third_party/fmt/include -I/home/pei/Project/duckdb-polr/third_party/hyperloglog -I/home/pei/Project/duckdb-polr/third_party/fastpforlib -I/home/pei/Project/duckdb-polr/third_party/fast_float -I/home/pei/Project/duckdb-polr/third_party/re2 -I/home/pei/Project/duckdb-polr/third_party/miniz -I/home/pei/Project/duckdb-polr/third_party/utf8proc/include -I/home/pei/Project/duckdb-polr/third_party/miniparquet -I/home/pei/Project/duckdb-polr/third_party/concurrentqueue -I/home/pei/Project/duckdb-polr/third_party/pcg -I/home/pei/Project/duckdb-polr/third_party/tdigest -I/home/pei/Project/duckdb-polr/third_party/mbedtls/include -I/home/pei/Project/duckdb-polr/third_party/jaro_winkler -O3 -DNDEBUG -O3 -DNDEBUG   -fPIC -fdiagnostics-color=always -std=c++11 -MD -MT src/function/table/version/CMakeFiles/duckdb_func_table_version.dir/ub_duckdb_func_table_version.cpp.o -MF src/function/table/version/CMakeFiles/duckdb_func_table_version.dir/ub_duckdb_func_table_version.cpp.o.d -o src/function/table/version/CMakeFiles/duckdb_func_table_version.dir/ub_duckdb_func_table_version.cpp.o -c /home/pei/Project/duckdb-polr/build/release/src/function/table/version/ub_duckdb_func_table_version.cpp
[47/376] /usr/bin/ccache /usr/lib/ccache/c++ -DDUCKDB -DDUCKDB_BUILD_LIBRARY -DDUCKDB_MAIN_LIBRARY -DENABLE_CROSS_PRODUCT_REWRITE=1 -DENABLE_DEBUG_PRINT=0 -DENABLE_MEASURE_EXE_TIME=0 -DENABLE_MERGE_BACK_PLAN=0 -DENABLE_PARALLEL_EXECUTION=0 -DENABLE_QUERY_SPLIT=1 -DENABLE_SPECIFY_EST_STAT=0 -I/home/pei/Project/duckdb-polr/src/include -I/home/pei/Project/duckdb-polr/third_party/fsst -I/home/pei/Project/duckdb-polr/third_party/fmt/include -I/home/pei/Project/duckdb-polr/third_party/hyperloglog -I/home/pei/Project/duckdb-polr/third_party/fastpforlib -I/home/pei/Project/duckdb-polr/third_party/fast_float -I/home/pei/Project/duckdb-polr/third_party/re2 -I/home/pei/Project/duckdb-polr/third_party/miniz -I/home/pei/Project/duckdb-polr/third_party/utf8proc/include -I/home/pei/Project/duckdb-polr/third_party/miniparquet -I/home/pei/Project/duckdb-polr/third_party/concurrentqueue -I/home/pei/Project/duckdb-polr/third_party/pcg -I/home/pei/Project/duckdb-polr/third_party/tdigest -I/home/pei/Project/duckdb-polr/third_party/mbedtls/include -I/home/pei/Project/duckdb-polr/third_party/jaro_winkler -I/home/pei/Project/duckdb-polr/src/parser/../../third_party/libpg_query/include -I/home/pei/Project/duckdb-polr/src/parser/../../third_party/libpg_query -O3 -DNDEBUG -O3 -DNDEBUG   -fPIC -fdiagnostics-color=always -std=c++11 -MD -MT src/parser/transform/statement/CMakeFiles/duckdb_transformer_statement.dir/ub_duckdb_transformer_statement.cpp.o -MF src/parser/transform/statement/CMakeFiles/duckdb_transformer_statement.dir/ub_duckdb_transformer_statement.cpp.o.d -o src/parser/transform/statement/CMakeFiles/duckdb_transformer_statement.dir/ub_duckdb_transformer_statement.cpp.o -c /home/pei/Project/duckdb-polr/build/release/src/parser/transform/statement/ub_duckdb_transformer_statement.cpp
[48/376] /usr/bin/ccache /usr/lib/ccache/c++ -DDUCKDB -DDUCKDB_BUILD_LIBRARY -DDUCKDB_MAIN_LIBRARY -DENABLE_CROSS_PRODUCT_REWRITE=1 -DENABLE_DEBUG_PRINT=0 -DENABLE_MEASURE_EXE_TIME=0 -DENABLE_MERGE_BACK_PLAN=0 -DENABLE_PARALLEL_EXECUTION=0 -DENABLE_QUERY_SPLIT=1 -DENABLE_SPECIFY_EST_STAT=0 -I/home/pei/Project/duckdb-polr/src/include -I/home/pei/Project/duckdb-polr/third_party/fsst -I/home/pei/Project/duckdb-polr/third_party/fmt/include -I/home/pei/Project/duckdb-polr/third_party/hyperloglog -I/home/pei/Project/duckdb-polr/third_party/fastpforlib -I/home/pei/Project/duckdb-polr/third_party/fast_float -I/home/pei/Project/duckdb-polr/third_party/re2 -I/home/pei/Project/duckdb-polr/third_party/miniz -I/home/pei/Project/duckdb-polr/third_party/utf8proc/include -I/home/pei/Project/duckdb-polr/third_party/miniparquet -I/home/pei/Project/duckdb-polr/third_party/concurrentqueue -I/home/pei/Project/duckdb-polr/third_party/pcg -I/home/pei/Project/duckdb-polr/third_party/tdigest -I/home/pei/Project/duckdb-polr/third_party/mbedtls/include -I/home/pei/Project/duckdb-polr/third_party/jaro_winkler -O3 -DNDEBUG -O3 -DNDEBUG   -fPIC -fdiagnostics-color=always -std=c++11 -MD -MT src/function/scalar/struct/CMakeFiles/duckdb_func_struct.dir/ub_duckdb_func_struct.cpp.o -MF src/function/scalar/struct/CMakeFiles/duckdb_func_struct.dir/ub_duckdb_func_struct.cpp.o.d -o src/function/scalar/struct/CMakeFiles/duckdb_func_struct.dir/ub_duckdb_func_struct.cpp.o -c /home/pei/Project/duckdb-polr/build/release/src/function/scalar/struct/ub_duckdb_func_struct.cpp
[49/376] /usr/bin/ccache /usr/lib/ccache/c++ -DDUCKDB -DDUCKDB_BUILD_LIBRARY -DDUCKDB_MAIN_LIBRARY -DENABLE_CROSS_PRODUCT_REWRITE=1 -DENABLE_DEBUG_PRINT=0 -DENABLE_MEASURE_EXE_TIME=0 -DENABLE_MERGE_BACK_PLAN=0 -DENABLE_PARALLEL_EXECUTION=0 -DENABLE_QUERY_SPLIT=1 -DENABLE_SPECIFY_EST_STAT=0 -I/home/pei/Project/duckdb-polr/src/include -I/home/pei/Project/duckdb-polr/third_party/fsst -I/home/pei/Project/duckdb-polr/third_party/fmt/include -I/home/pei/Project/duckdb-polr/third_party/hyperloglog -I/home/pei/Project/duckdb-polr/third_party/fastpforlib -I/home/pei/Project/duckdb-polr/third_party/fast_float -I/home/pei/Project/duckdb-polr/third_party/re2 -I/home/pei/Project/duckdb-polr/third_party/miniz -I/home/pei/Project/duckdb-polr/third_party/utf8proc/include -I/home/pei/Project/duckdb-polr/third_party/miniparquet -I/home/pei/Project/duckdb-polr/third_party/concurrentqueue -I/home/pei/Project/duckdb-polr/third_party/pcg -I/home/pei/Project/duckdb-polr/third_party/tdigest -I/home/pei/Project/duckdb-polr/third_party/mbedtls/include -I/home/pei/Project/duckdb-polr/third_party/jaro_winkler -O3 -DNDEBUG -O3 -DNDEBUG   -fPIC -fdiagnostics-color=always -std=c++11 -MD -MT src/function/scalar/union/CMakeFiles/duckdb_func_union.dir/ub_duckdb_func_union.cpp.o -MF src/function/scalar/union/CMakeFiles/duckdb_func_union.dir/ub_duckdb_func_union.cpp.o.d -o src/function/scalar/union/CMakeFiles/duckdb_func_union.dir/ub_duckdb_func_union.cpp.o -c /home/pei/Project/duckdb-polr/build/release/src/function/scalar/union/ub_duckdb_func_union.cpp
[50/376] /usr/bin/ccache /usr/lib/ccache/c++ -DDUCKDB -DDUCKDB_BUILD_LIBRARY -DDUCKDB_MAIN_LIBRARY -DENABLE_CROSS_PRODUCT_REWRITE=1 -DENABLE_DEBUG_PRINT=0 -DENABLE_MEASURE_EXE_TIME=0 -DENABLE_MERGE_BACK_PLAN=0 -DENABLE_PARALLEL_EXECUTION=0 -DENABLE_QUERY_SPLIT=1 -DENABLE_SPECIFY_EST_STAT=0 -I/home/pei/Project/duckdb-polr/src/include -I/home/pei/Project/duckdb-polr/third_party/fsst -I/home/pei/Project/duckdb-polr/third_party/fmt/include -I/home/pei/Project/duckdb-polr/third_party/hyperloglog -I/home/pei/Project/duckdb-polr/third_party/fastpforlib -I/home/pei/Project/duckdb-polr/third_party/fast_float -I/home/pei/Project/duckdb-polr/third_party/re2 -I/home/pei/Project/duckdb-polr/third_party/miniz -I/home/pei/Project/duckdb-polr/third_party/utf8proc/include -I/home/pei/Project/duckdb-polr/third_party/miniparquet -I/home/pei/Project/duckdb-polr/third_party/concurrentqueue -I/home/pei/Project/duckdb-polr/third_party/pcg -I/home/pei/Project/duckdb-polr/third_party/tdigest -I/home/pei/Project/duckdb-polr/third_party/mbedtls/include -I/home/pei/Project/duckdb-polr/third_party/jaro_winkler -O3 -DNDEBUG -O3 -DNDEBUG   -fPIC -fdiagnostics-color=always -std=c++11 -MD -MT src/common/arrow/CMakeFiles/duckdb_common_arrow.dir/ub_duckdb_common_arrow.cpp.o -MF src/common/arrow/CMakeFiles/duckdb_common_arrow.dir/ub_duckdb_common_arrow.cpp.o.d -o src/common/arrow/CMakeFiles/duckdb_common_arrow.dir/ub_duckdb_common_arrow.cpp.o -c /home/pei/Project/duckdb-polr/build/release/src/common/arrow/ub_duckdb_common_arrow.cpp
[51/376] /usr/bin/ccache /usr/lib/ccache/c++ -DDUCKDB -DDUCKDB_BUILD_LIBRARY -DDUCKDB_MAIN_LIBRARY -DENABLE_CROSS_PRODUCT_REWRITE=1 -DENABLE_DEBUG_PRINT=0 -DENABLE_MEASURE_EXE_TIME=0 -DENABLE_MERGE_BACK_PLAN=0 -DENABLE_PARALLEL_EXECUTION=0 -DENABLE_QUERY_SPLIT=1 -DENABLE_SPECIFY_EST_STAT=0 -I/home/pei/Project/duckdb-polr/src/include -I/home/pei/Project/duckdb-polr/third_party/fsst -I/home/pei/Project/duckdb-polr/third_party/fmt/include -I/home/pei/Project/duckdb-polr/third_party/hyperloglog -I/home/pei/Project/duckdb-polr/third_party/fastpforlib -I/home/pei/Project/duckdb-polr/third_party/fast_float -I/home/pei/Project/duckdb-polr/third_party/re2 -I/home/pei/Project/duckdb-polr/third_party/miniz -I/home/pei/Project/duckdb-polr/third_party/utf8proc/include -I/home/pei/Project/duckdb-polr/third_party/miniparquet -I/home/pei/Project/duckdb-polr/third_party/concurrentqueue -I/home/pei/Project/duckdb-polr/third_party/pcg -I/home/pei/Project/duckdb-polr/third_party/tdigest -I/home/pei/Project/duckdb-polr/third_party/mbedtls/include -I/home/pei/Project/duckdb-polr/third_party/jaro_winkler -O3 -DNDEBUG -O3 -DNDEBUG   -fPIC -fdiagnostics-color=always -std=c++11 -MD -MT src/common/crypto/CMakeFiles/duckdb_common_crypto.dir/ub_duckdb_common_crypto.cpp.o -MF src/common/crypto/CMakeFiles/duckdb_common_crypto.dir/ub_duckdb_common_crypto.cpp.o.d -o src/common/crypto/CMakeFiles/duckdb_common_crypto.dir/ub_duckdb_common_crypto.cpp.o -c /home/pei/Project/duckdb-polr/build/release/src/common/crypto/ub_duckdb_common_crypto.cpp
[52/376] /usr/bin/ccache /usr/lib/ccache/c++ -DDUCKDB -DDUCKDB_BUILD_LIBRARY -DDUCKDB_MAIN_LIBRARY -DENABLE_CROSS_PRODUCT_REWRITE=1 -DENABLE_DEBUG_PRINT=0 -DENABLE_MEASURE_EXE_TIME=0 -DENABLE_MERGE_BACK_PLAN=0 -DENABLE_PARALLEL_EXECUTION=0 -DENABLE_QUERY_SPLIT=1 -DENABLE_SPECIFY_EST_STAT=0 -I/home/pei/Project/duckdb-polr/src/include -I/home/pei/Project/duckdb-polr/third_party/fsst -I/home/pei/Project/duckdb-polr/third_party/fmt/include -I/home/pei/Project/duckdb-polr/third_party/hyperloglog -I/home/pei/Project/duckdb-polr/third_party/fastpforlib -I/home/pei/Project/duckdb-polr/third_party/fast_float -I/home/pei/Project/duckdb-polr/third_party/re2 -I/home/pei/Project/duckdb-polr/third_party/miniz -I/home/pei/Project/duckdb-polr/third_party/utf8proc/include -I/home/pei/Project/duckdb-polr/third_party/miniparquet -I/home/pei/Project/duckdb-polr/third_party/concurrentqueue -I/home/pei/Project/duckdb-polr/third_party/pcg -I/home/pei/Project/duckdb-polr/third_party/tdigest -I/home/pei/Project/duckdb-polr/third_party/mbedtls/include -I/home/pei/Project/duckdb-polr/third_party/jaro_winkler -O3 -DNDEBUG -O3 -DNDEBUG   -fPIC -fdiagnostics-color=always -std=c++11 -MD -MT src/common/enums/CMakeFiles/duckdb_common_enums.dir/ub_duckdb_common_enums.cpp.o -MF src/common/enums/CMakeFiles/duckdb_common_enums.dir/ub_duckdb_common_enums.cpp.o.d -o src/common/enums/CMakeFiles/duckdb_common_enums.dir/ub_duckdb_common_enums.cpp.o -c /home/pei/Project/duckdb-polr/build/release/src/common/enums/ub_duckdb_common_enums.cpp
[53/376] /usr/bin/ccache /usr/lib/ccache/c++ -DDUCKDB -DDUCKDB_BUILD_LIBRARY -DDUCKDB_MAIN_LIBRARY -DENABLE_CROSS_PRODUCT_REWRITE=1 -DENABLE_DEBUG_PRINT=0 -DENABLE_MEASURE_EXE_TIME=0 -DENABLE_MERGE_BACK_PLAN=0 -DENABLE_PARALLEL_EXECUTION=0 -DENABLE_QUERY_SPLIT=1 -DENABLE_SPECIFY_EST_STAT=0 -I/home/pei/Project/duckdb-polr/src/include -I/home/pei/Project/duckdb-polr/third_party/fsst -I/home/pei/Project/duckdb-polr/third_party/fmt/include -I/home/pei/Project/duckdb-polr/third_party/hyperloglog -I/home/pei/Project/duckdb-polr/third_party/fastpforlib -I/home/pei/Project/duckdb-polr/third_party/fast_float -I/home/pei/Project/duckdb-polr/third_party/re2 -I/home/pei/Project/duckdb-polr/third_party/miniz -I/home/pei/Project/duckdb-polr/third_party/utf8proc/include -I/home/pei/Project/duckdb-polr/third_party/miniparquet -I/home/pei/Project/duckdb-polr/third_party/concurrentqueue -I/home/pei/Project/duckdb-polr/third_party/pcg -I/home/pei/Project/duckdb-polr/third_party/tdigest -I/home/pei/Project/duckdb-polr/third_party/mbedtls/include -I/home/pei/Project/duckdb-polr/third_party/jaro_winkler -O3 -DNDEBUG -O3 -DNDEBUG   -fPIC -fdiagnostics-color=always -std=c++11 -MD -MT src/common/operator/CMakeFiles/duckdb_common_operators.dir/ub_duckdb_common_operators.cpp.o -MF src/common/operator/CMakeFiles/duckdb_common_operators.dir/ub_duckdb_common_operators.cpp.o.d -o src/common/operator/CMakeFiles/duckdb_common_operators.dir/ub_duckdb_common_operators.cpp.o -c /home/pei/Project/duckdb-polr/build/release/src/common/operator/ub_duckdb_common_operators.cpp
[54/376] /usr/bin/ccache /usr/lib/ccache/c++ -DDUCKDB -DDUCKDB_BUILD_LIBRARY -DDUCKDB_MAIN_LIBRARY -DENABLE_CROSS_PRODUCT_REWRITE=1 -DENABLE_DEBUG_PRINT=0 -DENABLE_MEASURE_EXE_TIME=0 -DENABLE_MERGE_BACK_PLAN=0 -DENABLE_PARALLEL_EXECUTION=0 -DENABLE_QUERY_SPLIT=1 -DENABLE_SPECIFY_EST_STAT=0 -I/home/pei/Project/duckdb-polr/src/include -I/home/pei/Project/duckdb-polr/third_party/fsst -I/home/pei/Project/duckdb-polr/third_party/fmt/include -I/home/pei/Project/duckdb-polr/third_party/hyperloglog -I/home/pei/Project/duckdb-polr/third_party/fastpforlib -I/home/pei/Project/duckdb-polr/third_party/fast_float -I/home/pei/Project/duckdb-polr/third_party/re2 -I/home/pei/Project/duckdb-polr/third_party/miniz -I/home/pei/Project/duckdb-polr/third_party/utf8proc/include -I/home/pei/Project/duckdb-polr/third_party/miniparquet -I/home/pei/Project/duckdb-polr/third_party/concurrentqueue -I/home/pei/Project/duckdb-polr/third_party/pcg -I/home/pei/Project/duckdb-polr/third_party/tdigest -I/home/pei/Project/duckdb-polr/third_party/mbedtls/include -I/home/pei/Project/duckdb-polr/third_party/jaro_winkler -O3 -DNDEBUG -O3 -DNDEBUG   -fPIC -fdiagnostics-color=always -std=c++11 -MD -MT src/function/scalar/system/CMakeFiles/duckdb_func_system.dir/ub_duckdb_func_system.cpp.o -MF src/function/scalar/system/CMakeFiles/duckdb_func_system.dir/ub_duckdb_func_system.cpp.o.d -o src/function/scalar/system/CMakeFiles/duckdb_func_system.dir/ub_duckdb_func_system.cpp.o -c /home/pei/Project/duckdb-polr/build/release/src/function/scalar/system/ub_duckdb_func_system.cpp
[55/376] /usr/bin/ccache /usr/lib/ccache/c++ -DDUCKDB -DDUCKDB_BUILD_LIBRARY -DDUCKDB_MAIN_LIBRARY -DENABLE_CROSS_PRODUCT_REWRITE=1 -DENABLE_DEBUG_PRINT=0 -DENABLE_MEASURE_EXE_TIME=0 -DENABLE_MERGE_BACK_PLAN=0 -DENABLE_PARALLEL_EXECUTION=0 -DENABLE_QUERY_SPLIT=1 -DENABLE_SPECIFY_EST_STAT=0 -I/home/pei/Project/duckdb-polr/src/include -I/home/pei/Project/duckdb-polr/third_party/fsst -I/home/pei/Project/duckdb-polr/third_party/fmt/include -I/home/pei/Project/duckdb-polr/third_party/hyperloglog -I/home/pei/Project/duckdb-polr/third_party/fastpforlib -I/home/pei/Project/duckdb-polr/third_party/fast_float -I/home/pei/Project/duckdb-polr/third_party/re2 -I/home/pei/Project/duckdb-polr/third_party/miniz -I/home/pei/Project/duckdb-polr/third_party/utf8proc/include -I/home/pei/Project/duckdb-polr/third_party/miniparquet -I/home/pei/Project/duckdb-polr/third_party/concurrentqueue -I/home/pei/Project/duckdb-polr/third_party/pcg -I/home/pei/Project/duckdb-polr/third_party/tdigest -I/home/pei/Project/duckdb-polr/third_party/mbedtls/include -I/home/pei/Project/duckdb-polr/third_party/jaro_winkler -O3 -DNDEBUG -O3 -DNDEBUG   -fPIC -fdiagnostics-color=always -std=c++11 -MD -MT src/common/progress_bar/CMakeFiles/duckdb_progress_bar.dir/ub_duckdb_progress_bar.cpp.o -MF src/common/progress_bar/CMakeFiles/duckdb_progress_bar.dir/ub_duckdb_progress_bar.cpp.o.d -o src/common/progress_bar/CMakeFiles/duckdb_progress_bar.dir/ub_duckdb_progress_bar.cpp.o -c /home/pei/Project/duckdb-polr/build/release/src/common/progress_bar/ub_duckdb_progress_bar.cpp
[56/376] /usr/bin/ccache /usr/lib/ccache/c++ -DDUCKDB -DDUCKDB_BUILD_LIBRARY -DDUCKDB_MAIN_LIBRARY -DENABLE_CROSS_PRODUCT_REWRITE=1 -DENABLE_DEBUG_PRINT=0 -DENABLE_MEASURE_EXE_TIME=0 -DENABLE_MERGE_BACK_PLAN=0 -DENABLE_PARALLEL_EXECUTION=0 -DENABLE_QUERY_SPLIT=1 -DENABLE_SPECIFY_EST_STAT=0 -I/home/pei/Project/duckdb-polr/src/include -I/home/pei/Project/duckdb-polr/third_party/fsst -I/home/pei/Project/duckdb-polr/third_party/fmt/include -I/home/pei/Project/duckdb-polr/third_party/hyperloglog -I/home/pei/Project/duckdb-polr/third_party/fastpforlib -I/home/pei/Project/duckdb-polr/third_party/fast_float -I/home/pei/Project/duckdb-polr/third_party/re2 -I/home/pei/Project/duckdb-polr/third_party/miniz -I/home/pei/Project/duckdb-polr/third_party/utf8proc/include -I/home/pei/Project/duckdb-polr/third_party/miniparquet -I/home/pei/Project/duckdb-polr/third_party/concurrentqueue -I/home/pei/Project/duckdb-polr/third_party/pcg -I/home/pei/Project/duckdb-polr/third_party/tdigest -I/home/pei/Project/duckdb-polr/third_party/mbedtls/include -I/home/pei/Project/duckdb-polr/third_party/jaro_winkler -O3 -DNDEBUG -O3 -DNDEBUG   -fPIC -fdiagnostics-color=always -std=c++11 -MD -MT src/common/serializer/CMakeFiles/duckdb_common_serializer.dir/ub_duckdb_common_serializer.cpp.o -MF src/common/serializer/CMakeFiles/duckdb_common_serializer.dir/ub_duckdb_common_serializer.cpp.o.d -o src/common/serializer/CMakeFiles/duckdb_common_serializer.dir/ub_duckdb_common_serializer.cpp.o -c /home/pei/Project/duckdb-polr/build/release/src/common/serializer/ub_duckdb_common_serializer.cpp
[57/376] /usr/bin/ccache /usr/lib/ccache/c++ -DDUCKDB -DDUCKDB_BUILD_LIBRARY -DDUCKDB_MAIN_LIBRARY -DENABLE_CROSS_PRODUCT_REWRITE=1 -DENABLE_DEBUG_PRINT=0 -DENABLE_MEASURE_EXE_TIME=0 -DENABLE_MERGE_BACK_PLAN=0 -DENABLE_PARALLEL_EXECUTION=0 -DENABLE_QUERY_SPLIT=1 -DENABLE_SPECIFY_EST_STAT=0 -I/home/pei/Project/duckdb-polr/src/include -I/home/pei/Project/duckdb-polr/third_party/fsst -I/home/pei/Project/duckdb-polr/third_party/fmt/include -I/home/pei/Project/duckdb-polr/third_party/hyperloglog -I/home/pei/Project/duckdb-polr/third_party/fastpforlib -I/home/pei/Project/duckdb-polr/third_party/fast_float -I/home/pei/Project/duckdb-polr/third_party/re2 -I/home/pei/Project/duckdb-polr/third_party/miniz -I/home/pei/Project/duckdb-polr/third_party/utf8proc/include -I/home/pei/Project/duckdb-polr/third_party/miniparquet -I/home/pei/Project/duckdb-polr/third_party/concurrentqueue -I/home/pei/Project/duckdb-polr/third_party/pcg -I/home/pei/Project/duckdb-polr/third_party/tdigest -I/home/pei/Project/duckdb-polr/third_party/mbedtls/include -I/home/pei/Project/duckdb-polr/third_party/jaro_winkler -O3 -DNDEBUG -O3 -DNDEBUG   -fPIC -fdiagnostics-color=always -std=c++11 -MD -MT src/catalog/default/CMakeFiles/duckdb_catalog_default_entries.dir/ub_duckdb_catalog_default_entries.cpp.o -MF src/catalog/default/CMakeFiles/duckdb_catalog_default_entries.dir/ub_duckdb_catalog_default_entries.cpp.o.d -o src/catalog/default/CMakeFiles/duckdb_catalog_default_entries.dir/ub_duckdb_catalog_default_entries.cpp.o -c /home/pei/Project/duckdb-polr/build/release/src/catalog/default/ub_duckdb_catalog_default_entries.cpp
[58/376] /usr/bin/ccache /usr/lib/ccache/c++ -DDUCKDB -DDUCKDB_BUILD_LIBRARY -DDUCKDB_MAIN_LIBRARY -DENABLE_CROSS_PRODUCT_REWRITE=1 -DENABLE_DEBUG_PRINT=0 -DENABLE_MEASURE_EXE_TIME=0 -DENABLE_MERGE_BACK_PLAN=0 -DENABLE_PARALLEL_EXECUTION=0 -DENABLE_QUERY_SPLIT=1 -DENABLE_SPECIFY_EST_STAT=0 -I/home/pei/Project/duckdb-polr/src/include -I/home/pei/Project/duckdb-polr/third_party/fsst -I/home/pei/Project/duckdb-polr/third_party/fmt/include -I/home/pei/Project/duckdb-polr/third_party/hyperloglog -I/home/pei/Project/duckdb-polr/third_party/fastpforlib -I/home/pei/Project/duckdb-polr/third_party/fast_float -I/home/pei/Project/duckdb-polr/third_party/re2 -I/home/pei/Project/duckdb-polr/third_party/miniz -I/home/pei/Project/duckdb-polr/third_party/utf8proc/include -I/home/pei/Project/duckdb-polr/third_party/miniparquet -I/home/pei/Project/duckdb-polr/third_party/concurrentqueue -I/home/pei/Project/duckdb-polr/third_party/pcg -I/home/pei/Project/duckdb-polr/third_party/tdigest -I/home/pei/Project/duckdb-polr/third_party/mbedtls/include -I/home/pei/Project/duckdb-polr/third_party/jaro_winkler -O3 -DNDEBUG -O3 -DNDEBUG   -fPIC -fdiagnostics-color=always -std=c++11 -MD -MT src/function/scalar/list/CMakeFiles/duckdb_func_list.dir/ub_duckdb_func_list.cpp.o -MF src/function/scalar/list/CMakeFiles/duckdb_func_list.dir/ub_duckdb_func_list.cpp.o.d -o src/function/scalar/list/CMakeFiles/duckdb_func_list.dir/ub_duckdb_func_list.cpp.o -c /home/pei/Project/duckdb-polr/build/release/src/function/scalar/list/ub_duckdb_func_list.cpp
[59/376] /usr/bin/ccache /usr/lib/ccache/c++ -DDUCKDB -DDUCKDB_BUILD_LIBRARY -DDUCKDB_MAIN_LIBRARY -DENABLE_CROSS_PRODUCT_REWRITE=1 -DENABLE_DEBUG_PRINT=0 -DENABLE_MEASURE_EXE_TIME=0 -DENABLE_MERGE_BACK_PLAN=0 -DENABLE_PARALLEL_EXECUTION=0 -DENABLE_QUERY_SPLIT=1 -DENABLE_SPECIFY_EST_STAT=0 -I/home/pei/Project/duckdb-polr/src/include -I/home/pei/Project/duckdb-polr/third_party/fsst -I/home/pei/Project/duckdb-polr/third_party/fmt/include -I/home/pei/Project/duckdb-polr/third_party/hyperloglog -I/home/pei/Project/duckdb-polr/third_party/fastpforlib -I/home/pei/Project/duckdb-polr/third_party/fast_float -I/home/pei/Project/duckdb-polr/third_party/re2 -I/home/pei/Project/duckdb-polr/third_party/miniz -I/home/pei/Project/duckdb-polr/third_party/utf8proc/include -I/home/pei/Project/duckdb-polr/third_party/miniparquet -I/home/pei/Project/duckdb-polr/third_party/concurrentqueue -I/home/pei/Project/duckdb-polr/third_party/pcg -I/home/pei/Project/duckdb-polr/third_party/tdigest -I/home/pei/Project/duckdb-polr/third_party/mbedtls/include -I/home/pei/Project/duckdb-polr/third_party/jaro_winkler -O3 -DNDEBUG -O3 -DNDEBUG   -fPIC -fdiagnostics-color=always -std=c++11 -MD -MT src/function/scalar/math/CMakeFiles/duckdb_func_math.dir/ub_duckdb_func_math.cpp.o -MF src/function/scalar/math/CMakeFiles/duckdb_func_math.dir/ub_duckdb_func_math.cpp.o.d -o src/function/scalar/math/CMakeFiles/duckdb_func_math.dir/ub_duckdb_func_math.cpp.o -c /home/pei/Project/duckdb-polr/build/release/src/function/scalar/math/ub_duckdb_func_math.cpp
[60/376] /usr/bin/ccache /usr/lib/ccache/c++ -DDUCKDB -DDUCKDB_BUILD_LIBRARY -DDUCKDB_MAIN_LIBRARY -DENABLE_CROSS_PRODUCT_REWRITE=1 -DENABLE_DEBUG_PRINT=0 -DENABLE_MEASURE_EXE_TIME=0 -DENABLE_MERGE_BACK_PLAN=0 -DENABLE_PARALLEL_EXECUTION=0 -DENABLE_QUERY_SPLIT=1 -DENABLE_SPECIFY_EST_STAT=0 -I/home/pei/Project/duckdb-polr/src/include -I/home/pei/Project/duckdb-polr/third_party/fsst -I/home/pei/Project/duckdb-polr/third_party/fmt/include -I/home/pei/Project/duckdb-polr/third_party/hyperloglog -I/home/pei/Project/duckdb-polr/third_party/fastpforlib -I/home/pei/Project/duckdb-polr/third_party/fast_float -I/home/pei/Project/duckdb-polr/third_party/re2 -I/home/pei/Project/duckdb-polr/third_party/miniz -I/home/pei/Project/duckdb-polr/third_party/utf8proc/include -I/home/pei/Project/duckdb-polr/third_party/miniparquet -I/home/pei/Project/duckdb-polr/third_party/concurrentqueue -I/home/pei/Project/duckdb-polr/third_party/pcg -I/home/pei/Project/duckdb-polr/third_party/tdigest -I/home/pei/Project/duckdb-polr/third_party/mbedtls/include -I/home/pei/Project/duckdb-polr/third_party/jaro_winkler -O3 -DNDEBUG -O3 -DNDEBUG   -fPIC -fdiagnostics-color=always -std=c++11 -MD -MT src/common/value_operations/CMakeFiles/duckdb_value_operations.dir/ub_duckdb_value_operations.cpp.o -MF src/common/value_operations/CMakeFiles/duckdb_value_operations.dir/ub_duckdb_value_operations.cpp.o.d -o src/common/value_operations/CMakeFiles/duckdb_value_operations.dir/ub_duckdb_value_operations.cpp.o -c /home/pei/Project/duckdb-polr/build/release/src/common/value_operations/ub_duckdb_value_operations.cpp
[61/376] /usr/bin/ccache /usr/lib/ccache/c++ -DDUCKDB -DDUCKDB_BUILD_LIBRARY -DDUCKDB_MAIN_LIBRARY -DENABLE_CROSS_PRODUCT_REWRITE=1 -DENABLE_DEBUG_PRINT=0 -DENABLE_MEASURE_EXE_TIME=0 -DENABLE_MERGE_BACK_PLAN=0 -DENABLE_PARALLEL_EXECUTION=0 -DENABLE_QUERY_SPLIT=1 -DENABLE_SPECIFY_EST_STAT=0 -I/home/pei/Project/duckdb-polr/src/include -I/home/pei/Project/duckdb-polr/third_party/fsst -I/home/pei/Project/duckdb-polr/third_party/fmt/include -I/home/pei/Project/duckdb-polr/third_party/hyperloglog -I/home/pei/Project/duckdb-polr/third_party/fastpforlib -I/home/pei/Project/duckdb-polr/third_party/fast_float -I/home/pei/Project/duckdb-polr/third_party/re2 -I/home/pei/Project/duckdb-polr/third_party/miniz -I/home/pei/Project/duckdb-polr/third_party/utf8proc/include -I/home/pei/Project/duckdb-polr/third_party/miniparquet -I/home/pei/Project/duckdb-polr/third_party/concurrentqueue -I/home/pei/Project/duckdb-polr/third_party/pcg -I/home/pei/Project/duckdb-polr/third_party/tdigest -I/home/pei/Project/duckdb-polr/third_party/mbedtls/include -I/home/pei/Project/duckdb-polr/third_party/jaro_winkler -O3 -DNDEBUG -O3 -DNDEBUG   -fPIC -fdiagnostics-color=always -std=c++11 -MD -MT src/common/vector_operations/CMakeFiles/duckdb_vector_operations.dir/boolean_operators.cpp.o -MF src/common/vector_operations/CMakeFiles/duckdb_vector_operations.dir/boolean_operators.cpp.o.d -o src/common/vector_operations/CMakeFiles/duckdb_vector_operations.dir/boolean_operators.cpp.o -c /home/pei/Project/duckdb-polr/src/common/vector_operations/boolean_operators.cpp
[62/376] /usr/bin/ccache /usr/lib/ccache/c++ -DDUCKDB -DDUCKDB_BUILD_LIBRARY -DDUCKDB_MAIN_LIBRARY -DENABLE_CROSS_PRODUCT_REWRITE=1 -DENABLE_DEBUG_PRINT=0 -DENABLE_MEASURE_EXE_TIME=0 -DENABLE_MERGE_BACK_PLAN=0 -DENABLE_PARALLEL_EXECUTION=0 -DENABLE_QUERY_SPLIT=1 -DENABLE_SPECIFY_EST_STAT=0 -I/home/pei/Project/duckdb-polr/src/include -I/home/pei/Project/duckdb-polr/third_party/fsst -I/home/pei/Project/duckdb-polr/third_party/fmt/include -I/home/pei/Project/duckdb-polr/third_party/hyperloglog -I/home/pei/Project/duckdb-polr/third_party/fastpforlib -I/home/pei/Project/duckdb-polr/third_party/fast_float -I/home/pei/Project/duckdb-polr/third_party/re2 -I/home/pei/Project/duckdb-polr/third_party/miniz -I/home/pei/Project/duckdb-polr/third_party/utf8proc/include -I/home/pei/Project/duckdb-polr/third_party/miniparquet -I/home/pei/Project/duckdb-polr/third_party/concurrentqueue -I/home/pei/Project/duckdb-polr/third_party/pcg -I/home/pei/Project/duckdb-polr/third_party/tdigest -I/home/pei/Project/duckdb-polr/third_party/mbedtls/include -I/home/pei/Project/duckdb-polr/third_party/jaro_winkler -O3 -DNDEBUG -O3 -DNDEBUG   -fPIC -fdiagnostics-color=always -std=c++11 -MD -MT src/common/vector_operations/CMakeFiles/duckdb_vector_operations.dir/vector_cast.cpp.o -MF src/common/vector_operations/CMakeFiles/duckdb_vector_operations.dir/vector_cast.cpp.o.d -o src/common/vector_operations/CMakeFiles/duckdb_vector_operations.dir/vector_cast.cpp.o -c /home/pei/Project/duckdb-polr/src/common/vector_operations/vector_cast.cpp
[63/376] /usr/bin/ccache /usr/lib/ccache/c++ -DDUCKDB -DDUCKDB_BUILD_LIBRARY -DDUCKDB_MAIN_LIBRARY -DENABLE_CROSS_PRODUCT_REWRITE=1 -DENABLE_DEBUG_PRINT=0 -DENABLE_MEASURE_EXE_TIME=0 -DENABLE_MERGE_BACK_PLAN=0 -DENABLE_PARALLEL_EXECUTION=0 -DENABLE_QUERY_SPLIT=1 -DENABLE_SPECIFY_EST_STAT=0 -I/home/pei/Project/duckdb-polr/src/include -I/home/pei/Project/duckdb-polr/third_party/fsst -I/home/pei/Project/duckdb-polr/third_party/fmt/include -I/home/pei/Project/duckdb-polr/third_party/hyperloglog -I/home/pei/Project/duckdb-polr/third_party/fastpforlib -I/home/pei/Project/duckdb-polr/third_party/fast_float -I/home/pei/Project/duckdb-polr/third_party/re2 -I/home/pei/Project/duckdb-polr/third_party/miniz -I/home/pei/Project/duckdb-polr/third_party/utf8proc/include -I/home/pei/Project/duckdb-polr/third_party/miniparquet -I/home/pei/Project/duckdb-polr/third_party/concurrentqueue -I/home/pei/Project/duckdb-polr/third_party/pcg -I/home/pei/Project/duckdb-polr/third_party/tdigest -I/home/pei/Project/duckdb-polr/third_party/mbedtls/include -I/home/pei/Project/duckdb-polr/third_party/jaro_winkler -O3 -DNDEBUG -O3 -DNDEBUG   -fPIC -fdiagnostics-color=always -std=c++11 -MD -MT src/common/vector_operations/CMakeFiles/duckdb_vector_operations.dir/comparison_operators.cpp.o -MF src/common/vector_operations/CMakeFiles/duckdb_vector_operations.dir/comparison_operators.cpp.o.d -o src/common/vector_operations/CMakeFiles/duckdb_vector_operations.dir/comparison_operators.cpp.o -c /home/pei/Project/duckdb-polr/src/common/vector_operations/comparison_operators.cpp
[64/376] /usr/bin/ccache /usr/lib/ccache/c++ -DDUCKDB -DDUCKDB_BUILD_LIBRARY -DDUCKDB_MAIN_LIBRARY -DENABLE_CROSS_PRODUCT_REWRITE=1 -DENABLE_DEBUG_PRINT=0 -DENABLE_MEASURE_EXE_TIME=0 -DENABLE_MERGE_BACK_PLAN=0 -DENABLE_PARALLEL_EXECUTION=0 -DENABLE_QUERY_SPLIT=1 -DENABLE_SPECIFY_EST_STAT=0 -I/home/pei/Project/duckdb-polr/src/include -I/home/pei/Project/duckdb-polr/third_party/fsst -I/home/pei/Project/duckdb-polr/third_party/fmt/include -I/home/pei/Project/duckdb-polr/third_party/hyperloglog -I/home/pei/Project/duckdb-polr/third_party/fastpforlib -I/home/pei/Project/duckdb-polr/third_party/fast_float -I/home/pei/Project/duckdb-polr/third_party/re2 -I/home/pei/Project/duckdb-polr/third_party/miniz -I/home/pei/Project/duckdb-polr/third_party/utf8proc/include -I/home/pei/Project/duckdb-polr/third_party/miniparquet -I/home/pei/Project/duckdb-polr/third_party/concurrentqueue -I/home/pei/Project/duckdb-polr/third_party/pcg -I/home/pei/Project/duckdb-polr/third_party/tdigest -I/home/pei/Project/duckdb-polr/third_party/mbedtls/include -I/home/pei/Project/duckdb-polr/third_party/jaro_winkler -O3 -DNDEBUG -O3 -DNDEBUG   -fPIC -fdiagnostics-color=always -std=c++11 -MD -MT src/common/vector_operations/CMakeFiles/duckdb_vector_operations.dir/generators.cpp.o -MF src/common/vector_operations/CMakeFiles/duckdb_vector_operations.dir/generators.cpp.o.d -o src/common/vector_operations/CMakeFiles/duckdb_vector_operations.dir/generators.cpp.o -c /home/pei/Project/duckdb-polr/src/common/vector_operations/generators.cpp
[65/376] /usr/bin/ccache /usr/lib/ccache/c++ -DDUCKDB -DDUCKDB_BUILD_LIBRARY -DDUCKDB_MAIN_LIBRARY -DENABLE_CROSS_PRODUCT_REWRITE=1 -DENABLE_DEBUG_PRINT=0 -DENABLE_MEASURE_EXE_TIME=0 -DENABLE_MERGE_BACK_PLAN=0 -DENABLE_PARALLEL_EXECUTION=0 -DENABLE_QUERY_SPLIT=1 -DENABLE_SPECIFY_EST_STAT=0 -I/home/pei/Project/duckdb-polr/src/include -I/home/pei/Project/duckdb-polr/third_party/fsst -I/home/pei/Project/duckdb-polr/third_party/fmt/include -I/home/pei/Project/duckdb-polr/third_party/hyperloglog -I/home/pei/Project/duckdb-polr/third_party/fastpforlib -I/home/pei/Project/duckdb-polr/third_party/fast_float -I/home/pei/Project/duckdb-polr/third_party/re2 -I/home/pei/Project/duckdb-polr/third_party/miniz -I/home/pei/Project/duckdb-polr/third_party/utf8proc/include -I/home/pei/Project/duckdb-polr/third_party/miniparquet -I/home/pei/Project/duckdb-polr/third_party/concurrentqueue -I/home/pei/Project/duckdb-polr/third_party/pcg -I/home/pei/Project/duckdb-polr/third_party/tdigest -I/home/pei/Project/duckdb-polr/third_party/mbedtls/include -I/home/pei/Project/duckdb-polr/third_party/jaro_winkler -O3 -DNDEBUG -O3 -DNDEBUG   -fPIC -fdiagnostics-color=always -std=c++11 -MD -MT src/common/vector_operations/CMakeFiles/duckdb_vector_operations.dir/vector_copy.cpp.o -MF src/common/vector_operations/CMakeFiles/duckdb_vector_operations.dir/vector_copy.cpp.o.d -o src/common/vector_operations/CMakeFiles/duckdb_vector_operations.dir/vector_copy.cpp.o -c /home/pei/Project/duckdb-polr/src/common/vector_operations/vector_copy.cpp
[66/376] /usr/bin/ccache /usr/lib/ccache/c++ -DDUCKDB -DDUCKDB_BUILD_LIBRARY -DDUCKDB_MAIN_LIBRARY -DENABLE_CROSS_PRODUCT_REWRITE=1 -DENABLE_DEBUG_PRINT=0 -DENABLE_MEASURE_EXE_TIME=0 -DENABLE_MERGE_BACK_PLAN=0 -DENABLE_PARALLEL_EXECUTION=0 -DENABLE_QUERY_SPLIT=1 -DENABLE_SPECIFY_EST_STAT=0 -I/home/pei/Project/duckdb-polr/src/include -I/home/pei/Project/duckdb-polr/third_party/fsst -I/home/pei/Project/duckdb-polr/third_party/fmt/include -I/home/pei/Project/duckdb-polr/third_party/hyperloglog -I/home/pei/Project/duckdb-polr/third_party/fastpforlib -I/home/pei/Project/duckdb-polr/third_party/fast_float -I/home/pei/Project/duckdb-polr/third_party/re2 -I/home/pei/Project/duckdb-polr/third_party/miniz -I/home/pei/Project/duckdb-polr/third_party/utf8proc/include -I/home/pei/Project/duckdb-polr/third_party/miniparquet -I/home/pei/Project/duckdb-polr/third_party/concurrentqueue -I/home/pei/Project/duckdb-polr/third_party/pcg -I/home/pei/Project/duckdb-polr/third_party/tdigest -I/home/pei/Project/duckdb-polr/third_party/mbedtls/include -I/home/pei/Project/duckdb-polr/third_party/jaro_winkler -O3 -DNDEBUG -O3 -DNDEBUG   -fPIC -fdiagnostics-color=always -std=c++11 -MD -MT src/common/vector_operations/CMakeFiles/duckdb_vector_operations.dir/vector_hash.cpp.o -MF src/common/vector_operations/CMakeFiles/duckdb_vector_operations.dir/vector_hash.cpp.o.d -o src/common/vector_operations/CMakeFiles/duckdb_vector_operations.dir/vector_hash.cpp.o -c /home/pei/Project/duckdb-polr/src/common/vector_operations/vector_hash.cpp
[67/376] /usr/bin/ccache /usr/lib/ccache/c++ -DDUCKDB -DDUCKDB_BUILD_LIBRARY -DDUCKDB_MAIN_LIBRARY -DENABLE_CROSS_PRODUCT_REWRITE=1 -DENABLE_DEBUG_PRINT=0 -DENABLE_MEASURE_EXE_TIME=0 -DENABLE_MERGE_BACK_PLAN=0 -DENABLE_PARALLEL_EXECUTION=0 -DENABLE_QUERY_SPLIT=1 -DENABLE_SPECIFY_EST_STAT=0 -I/home/pei/Project/duckdb-polr/src/include -I/home/pei/Project/duckdb-polr/third_party/fsst -I/home/pei/Project/duckdb-polr/third_party/fmt/include -I/home/pei/Project/duckdb-polr/third_party/hyperloglog -I/home/pei/Project/duckdb-polr/third_party/fastpforlib -I/home/pei/Project/duckdb-polr/third_party/fast_float -I/home/pei/Project/duckdb-polr/third_party/re2 -I/home/pei/Project/duckdb-polr/third_party/miniz -I/home/pei/Project/duckdb-polr/third_party/utf8proc/include -I/home/pei/Project/duckdb-polr/third_party/miniparquet -I/home/pei/Project/duckdb-polr/third_party/concurrentqueue -I/home/pei/Project/duckdb-polr/third_party/pcg -I/home/pei/Project/duckdb-polr/third_party/tdigest -I/home/pei/Project/duckdb-polr/third_party/mbedtls/include -I/home/pei/Project/duckdb-polr/third_party/jaro_winkler -O3 -DNDEBUG -O3 -DNDEBUG   -fPIC -fdiagnostics-color=always -std=c++11 -MD -MT src/common/vector_operations/CMakeFiles/duckdb_vector_operations.dir/vector_storage.cpp.o -MF src/common/vector_operations/CMakeFiles/duckdb_vector_operations.dir/vector_storage.cpp.o.d -o src/common/vector_operations/CMakeFiles/duckdb_vector_operations.dir/vector_storage.cpp.o -c /home/pei/Project/duckdb-polr/src/common/vector_operations/vector_storage.cpp
[68/376] /usr/bin/ccache /usr/lib/ccache/c++ -DDUCKDB -DDUCKDB_BUILD_LIBRARY -DDUCKDB_MAIN_LIBRARY -DENABLE_CROSS_PRODUCT_REWRITE=1 -DENABLE_DEBUG_PRINT=0 -DENABLE_MEASURE_EXE_TIME=0 -DENABLE_MERGE_BACK_PLAN=0 -DENABLE_PARALLEL_EXECUTION=0 -DENABLE_QUERY_SPLIT=1 -DENABLE_SPECIFY_EST_STAT=0 -I/home/pei/Project/duckdb-polr/src/include -I/home/pei/Project/duckdb-polr/third_party/fsst -I/home/pei/Project/duckdb-polr/third_party/fmt/include -I/home/pei/Project/duckdb-polr/third_party/hyperloglog -I/home/pei/Project/duckdb-polr/third_party/fastpforlib -I/home/pei/Project/duckdb-polr/third_party/fast_float -I/home/pei/Project/duckdb-polr/third_party/re2 -I/home/pei/Project/duckdb-polr/third_party/miniz -I/home/pei/Project/duckdb-polr/third_party/utf8proc/include -I/home/pei/Project/duckdb-polr/third_party/miniparquet -I/home/pei/Project/duckdb-polr/third_party/concurrentqueue -I/home/pei/Project/duckdb-polr/third_party/pcg -I/home/pei/Project/duckdb-polr/third_party/tdigest -I/home/pei/Project/duckdb-polr/third_party/mbedtls/include -I/home/pei/Project/duckdb-polr/third_party/jaro_winkler -O3 -DNDEBUG -O3 -DNDEBUG   -fPIC -fdiagnostics-color=always -std=c++11 -MD -MT src/common/vector_operations/CMakeFiles/duckdb_vector_operations.dir/null_operations.cpp.o -MF src/common/vector_operations/CMakeFiles/duckdb_vector_operations.dir/null_operations.cpp.o.d -o src/common/vector_operations/CMakeFiles/duckdb_vector_operations.dir/null_operations.cpp.o -c /home/pei/Project/duckdb-polr/src/common/vector_operations/null_operations.cpp
[69/376] /usr/bin/ccache /usr/lib/ccache/c++ -DDUCKDB -DDUCKDB_BUILD_LIBRARY -DDUCKDB_MAIN_LIBRARY -DENABLE_CROSS_PRODUCT_REWRITE=1 -DENABLE_DEBUG_PRINT=0 -DENABLE_MEASURE_EXE_TIME=0 -DENABLE_MERGE_BACK_PLAN=0 -DENABLE_PARALLEL_EXECUTION=0 -DENABLE_QUERY_SPLIT=1 -DENABLE_SPECIFY_EST_STAT=0 -I/home/pei/Project/duckdb-polr/src/include -I/home/pei/Project/duckdb-polr/third_party/fsst -I/home/pei/Project/duckdb-polr/third_party/fmt/include -I/home/pei/Project/duckdb-polr/third_party/hyperloglog -I/home/pei/Project/duckdb-polr/third_party/fastpforlib -I/home/pei/Project/duckdb-polr/third_party/fast_float -I/home/pei/Project/duckdb-polr/third_party/re2 -I/home/pei/Project/duckdb-polr/third_party/miniz -I/home/pei/Project/duckdb-polr/third_party/utf8proc/include -I/home/pei/Project/duckdb-polr/third_party/miniparquet -I/home/pei/Project/duckdb-polr/third_party/concurrentqueue -I/home/pei/Project/duckdb-polr/third_party/pcg -I/home/pei/Project/duckdb-polr/third_party/tdigest -I/home/pei/Project/duckdb-polr/third_party/mbedtls/include -I/home/pei/Project/duckdb-polr/third_party/jaro_winkler -O3 -DNDEBUG -O3 -DNDEBUG   -fPIC -fdiagnostics-color=always -std=c++11 -MD -MT src/common/vector_operations/CMakeFiles/duckdb_vector_operations.dir/is_distinct_from.cpp.o -MF src/common/vector_operations/CMakeFiles/duckdb_vector_operations.dir/is_distinct_from.cpp.o.d -o src/common/vector_operations/CMakeFiles/duckdb_vector_operations.dir/is_distinct_from.cpp.o -c /home/pei/Project/duckdb-polr/src/common/vector_operations/is_distinct_from.cpp
[70/376] /usr/bin/ccache /usr/lib/ccache/c++ -DDUCKDB -DDUCKDB_BUILD_LIBRARY -DDUCKDB_MAIN_LIBRARY -DENABLE_CROSS_PRODUCT_REWRITE=1 -DENABLE_DEBUG_PRINT=0 -DENABLE_MEASURE_EXE_TIME=0 -DENABLE_MERGE_BACK_PLAN=0 -DENABLE_PARALLEL_EXECUTION=0 -DENABLE_QUERY_SPLIT=1 -DENABLE_SPECIFY_EST_STAT=0 -I/home/pei/Project/duckdb-polr/src/include -I/home/pei/Project/duckdb-polr/third_party/fsst -I/home/pei/Project/duckdb-polr/third_party/fmt/include -I/home/pei/Project/duckdb-polr/third_party/hyperloglog -I/home/pei/Project/duckdb-polr/third_party/fastpforlib -I/home/pei/Project/duckdb-polr/third_party/fast_float -I/home/pei/Project/duckdb-polr/third_party/re2 -I/home/pei/Project/duckdb-polr/third_party/miniz -I/home/pei/Project/duckdb-polr/third_party/utf8proc/include -I/home/pei/Project/duckdb-polr/third_party/miniparquet -I/home/pei/Project/duckdb-polr/third_party/concurrentqueue -I/home/pei/Project/duckdb-polr/third_party/pcg -I/home/pei/Project/duckdb-polr/third_party/tdigest -I/home/pei/Project/duckdb-polr/third_party/mbedtls/include -I/home/pei/Project/duckdb-polr/third_party/jaro_winkler -O3 -DNDEBUG -O3 -DNDEBUG   -fPIC -fdiagnostics-color=always -std=c++11 -MD -MT src/common/vector_operations/CMakeFiles/duckdb_vector_operations.dir/numeric_inplace_operators.cpp.o -MF src/common/vector_operations/CMakeFiles/duckdb_vector_operations.dir/numeric_inplace_operators.cpp.o.d -o src/common/vector_operations/CMakeFiles/duckdb_vector_operations.dir/numeric_inplace_operators.cpp.o -c /home/pei/Project/duckdb-polr/src/common/vector_operations/numeric_inplace_operators.cpp
[71/376] /usr/bin/ccache /usr/lib/ccache/c++ -DDUCKDB -DDUCKDB_BUILD_LIBRARY -DDUCKDB_MAIN_LIBRARY -DENABLE_CROSS_PRODUCT_REWRITE=1 -DENABLE_DEBUG_PRINT=0 -DENABLE_MEASURE_EXE_TIME=0 -DENABLE_MERGE_BACK_PLAN=0 -DENABLE_PARALLEL_EXECUTION=0 -DENABLE_QUERY_SPLIT=1 -DENABLE_SPECIFY_EST_STAT=0 -I/home/pei/Project/duckdb-polr/src/include -I/home/pei/Project/duckdb-polr/third_party/fsst -I/home/pei/Project/duckdb-polr/third_party/fmt/include -I/home/pei/Project/duckdb-polr/third_party/hyperloglog -I/home/pei/Project/duckdb-polr/third_party/fastpforlib -I/home/pei/Project/duckdb-polr/third_party/fast_float -I/home/pei/Project/duckdb-polr/third_party/re2 -I/home/pei/Project/duckdb-polr/third_party/miniz -I/home/pei/Project/duckdb-polr/third_party/utf8proc/include -I/home/pei/Project/duckdb-polr/third_party/miniparquet -I/home/pei/Project/duckdb-polr/third_party/concurrentqueue -I/home/pei/Project/duckdb-polr/third_party/pcg -I/home/pei/Project/duckdb-polr/third_party/tdigest -I/home/pei/Project/duckdb-polr/third_party/mbedtls/include -I/home/pei/Project/duckdb-polr/third_party/jaro_winkler -O3 -DNDEBUG -O3 -DNDEBUG   -fPIC -fdiagnostics-color=always -std=c++11 -MD -MT src/catalog/CMakeFiles/duckdb_catalog.dir/ub_duckdb_catalog.cpp.o -MF src/catalog/CMakeFiles/duckdb_catalog.dir/ub_duckdb_catalog.cpp.o.d -o src/catalog/CMakeFiles/duckdb_catalog.dir/ub_duckdb_catalog.cpp.o -c /home/pei/Project/duckdb-polr/build/release/src/catalog/ub_duckdb_catalog.cpp
[72/376] /usr/bin/ccache /usr/lib/ccache/c++ -DDUCKDB -DDUCKDB_BUILD_LIBRARY -DDUCKDB_MAIN_LIBRARY -DENABLE_CROSS_PRODUCT_REWRITE=1 -DENABLE_DEBUG_PRINT=0 -DENABLE_MEASURE_EXE_TIME=0 -DENABLE_MERGE_BACK_PLAN=0 -DENABLE_PARALLEL_EXECUTION=0 -DENABLE_QUERY_SPLIT=1 -DENABLE_SPECIFY_EST_STAT=0 -I/home/pei/Project/duckdb-polr/src/include -I/home/pei/Project/duckdb-polr/third_party/fsst -I/home/pei/Project/duckdb-polr/third_party/fmt/include -I/home/pei/Project/duckdb-polr/third_party/hyperloglog -I/home/pei/Project/duckdb-polr/third_party/fastpforlib -I/home/pei/Project/duckdb-polr/third_party/fast_float -I/home/pei/Project/duckdb-polr/third_party/re2 -I/home/pei/Project/duckdb-polr/third_party/miniz -I/home/pei/Project/duckdb-polr/third_party/utf8proc/include -I/home/pei/Project/duckdb-polr/third_party/miniparquet -I/home/pei/Project/duckdb-polr/third_party/concurrentqueue -I/home/pei/Project/duckdb-polr/third_party/pcg -I/home/pei/Project/duckdb-polr/third_party/tdigest -I/home/pei/Project/duckdb-polr/third_party/mbedtls/include -I/home/pei/Project/duckdb-polr/third_party/jaro_winkler -O3 -DNDEBUG -O3 -DNDEBUG   -fPIC -fdiagnostics-color=always -std=c++11 -MD -MT src/execution/nested_loop_join/CMakeFiles/duckdb_nested_loop_join.dir/ub_duckdb_nested_loop_join.cpp.o -MF src/execution/nested_loop_join/CMakeFiles/duckdb_nested_loop_join.dir/ub_duckdb_nested_loop_join.cpp.o.d -o src/execution/nested_loop_join/CMakeFiles/duckdb_nested_loop_join.dir/ub_duckdb_nested_loop_join.cpp.o -c /home/pei/Project/duckdb-polr/build/release/src/execution/nested_loop_join/ub_duckdb_nested_loop_join.cpp
[73/376] /usr/bin/ccache /usr/lib/ccache/c++ -DDUCKDB -DDUCKDB_BUILD_LIBRARY -DDUCKDB_MAIN_LIBRARY -DENABLE_CROSS_PRODUCT_REWRITE=1 -DENABLE_DEBUG_PRINT=0 -DENABLE_MEASURE_EXE_TIME=0 -DENABLE_MERGE_BACK_PLAN=0 -DENABLE_PARALLEL_EXECUTION=0 -DENABLE_QUERY_SPLIT=1 -DENABLE_SPECIFY_EST_STAT=0 -I/home/pei/Project/duckdb-polr/src/include -I/home/pei/Project/duckdb-polr/third_party/fsst -I/home/pei/Project/duckdb-polr/third_party/fmt/include -I/home/pei/Project/duckdb-polr/third_party/hyperloglog -I/home/pei/Project/duckdb-polr/third_party/fastpforlib -I/home/pei/Project/duckdb-polr/third_party/fast_float -I/home/pei/Project/duckdb-polr/third_party/re2 -I/home/pei/Project/duckdb-polr/third_party/miniz -I/home/pei/Project/duckdb-polr/third_party/utf8proc/include -I/home/pei/Project/duckdb-polr/third_party/miniparquet -I/home/pei/Project/duckdb-polr/third_party/concurrentqueue -I/home/pei/Project/duckdb-polr/third_party/pcg -I/home/pei/Project/duckdb-polr/third_party/tdigest -I/home/pei/Project/duckdb-polr/third_party/mbedtls/include -I/home/pei/Project/duckdb-polr/third_party/jaro_winkler -O3 -DNDEBUG -O3 -DNDEBUG   -fPIC -fdiagnostics-color=always -std=c++11 -MD -MT src/catalog/catalog_entry/CMakeFiles/duckdb_catalog_entries.dir/ub_duckdb_catalog_entries.cpp.o -MF src/catalog/catalog_entry/CMakeFiles/duckdb_catalog_entries.dir/ub_duckdb_catalog_entries.cpp.o.d -o src/catalog/catalog_entry/CMakeFiles/duckdb_catalog_entries.dir/ub_duckdb_catalog_entries.cpp.o -c /home/pei/Project/duckdb-polr/build/release/src/catalog/catalog_entry/ub_duckdb_catalog_entries.cpp
[74/376] /usr/bin/ccache /usr/lib/ccache/c++ -DDUCKDB -DDUCKDB_BUILD_LIBRARY -DDUCKDB_MAIN_LIBRARY -DENABLE_CROSS_PRODUCT_REWRITE=1 -DENABLE_DEBUG_PRINT=0 -DENABLE_MEASURE_EXE_TIME=0 -DENABLE_MERGE_BACK_PLAN=0 -DENABLE_PARALLEL_EXECUTION=0 -DENABLE_QUERY_SPLIT=1 -DENABLE_SPECIFY_EST_STAT=0 -I/home/pei/Project/duckdb-polr/src/include -I/home/pei/Project/duckdb-polr/third_party/fsst -I/home/pei/Project/duckdb-polr/third_party/fmt/include -I/home/pei/Project/duckdb-polr/third_party/hyperloglog -I/home/pei/Project/duckdb-polr/third_party/fastpforlib -I/home/pei/Project/duckdb-polr/third_party/fast_float -I/home/pei/Project/duckdb-polr/third_party/re2 -I/home/pei/Project/duckdb-polr/third_party/miniz -I/home/pei/Project/duckdb-polr/third_party/utf8proc/include -I/home/pei/Project/duckdb-polr/third_party/miniparquet -I/home/pei/Project/duckdb-polr/third_party/concurrentqueue -I/home/pei/Project/duckdb-polr/third_party/pcg -I/home/pei/Project/duckdb-polr/third_party/tdigest -I/home/pei/Project/duckdb-polr/third_party/mbedtls/include -I/home/pei/Project/duckdb-polr/third_party/jaro_winkler -O3 -DNDEBUG -O3 -DNDEBUG   -fPIC -fdiagnostics-color=always -std=c++11 -MD -MT src/common/sort/CMakeFiles/duckdb_sort.dir/ub_duckdb_sort.cpp.o -MF src/common/sort/CMakeFiles/duckdb_sort.dir/ub_duckdb_sort.cpp.o.d -o src/common/sort/CMakeFiles/duckdb_sort.dir/ub_duckdb_sort.cpp.o -c /home/pei/Project/duckdb-polr/build/release/src/common/sort/ub_duckdb_sort.cpp
[75/376] /usr/bin/ccache /usr/lib/ccache/c++ -DDUCKDB -DDUCKDB_BUILD_LIBRARY -DDUCKDB_MAIN_LIBRARY -DENABLE_CROSS_PRODUCT_REWRITE=1 -DENABLE_DEBUG_PRINT=0 -DENABLE_MEASURE_EXE_TIME=0 -DENABLE_MERGE_BACK_PLAN=0 -DENABLE_PARALLEL_EXECUTION=0 -DENABLE_QUERY_SPLIT=1 -DENABLE_SPECIFY_EST_STAT=0 -I/home/pei/Project/duckdb-polr/src/include -I/home/pei/Project/duckdb-polr/third_party/fsst -I/home/pei/Project/duckdb-polr/third_party/fmt/include -I/home/pei/Project/duckdb-polr/third_party/hyperloglog -I/home/pei/Project/duckdb-polr/third_party/fastpforlib -I/home/pei/Project/duckdb-polr/third_party/fast_float -I/home/pei/Project/duckdb-polr/third_party/re2 -I/home/pei/Project/duckdb-polr/third_party/miniz -I/home/pei/Project/duckdb-polr/third_party/utf8proc/include -I/home/pei/Project/duckdb-polr/third_party/miniparquet -I/home/pei/Project/duckdb-polr/third_party/concurrentqueue -I/home/pei/Project/duckdb-polr/third_party/pcg -I/home/pei/Project/duckdb-polr/third_party/tdigest -I/home/pei/Project/duckdb-polr/third_party/mbedtls/include -I/home/pei/Project/duckdb-polr/third_party/jaro_winkler -O3 -DNDEBUG -O3 -DNDEBUG   -fPIC -fdiagnostics-color=always -std=c++11 -MD -MT src/execution/operator/filter/CMakeFiles/duckdb_operator_filter.dir/ub_duckdb_operator_filter.cpp.o -MF src/execution/operator/filter/CMakeFiles/duckdb_operator_filter.dir/ub_duckdb_operator_filter.cpp.o.d -o src/execution/operator/filter/CMakeFiles/duckdb_operator_filter.dir/ub_duckdb_operator_filter.cpp.o -c /home/pei/Project/duckdb-polr/build/release/src/execution/operator/filter/ub_duckdb_operator_filter.cpp
[76/376] /usr/bin/ccache /usr/lib/ccache/c++ -DDUCKDB -DDUCKDB_BUILD_LIBRARY -DDUCKDB_MAIN_LIBRARY -DENABLE_CROSS_PRODUCT_REWRITE=1 -DENABLE_DEBUG_PRINT=0 -DENABLE_MEASURE_EXE_TIME=0 -DENABLE_MERGE_BACK_PLAN=0 -DENABLE_PARALLEL_EXECUTION=0 -DENABLE_QUERY_SPLIT=1 -DENABLE_SPECIFY_EST_STAT=0 -I/home/pei/Project/duckdb-polr/src/include -I/home/pei/Project/duckdb-polr/third_party/fsst -I/home/pei/Project/duckdb-polr/third_party/fmt/include -I/home/pei/Project/duckdb-polr/third_party/hyperloglog -I/home/pei/Project/duckdb-polr/third_party/fastpforlib -I/home/pei/Project/duckdb-polr/third_party/fast_float -I/home/pei/Project/duckdb-polr/third_party/re2 -I/home/pei/Project/duckdb-polr/third_party/miniz -I/home/pei/Project/duckdb-polr/third_party/utf8proc/include -I/home/pei/Project/duckdb-polr/third_party/miniparquet -I/home/pei/Project/duckdb-polr/third_party/concurrentqueue -I/home/pei/Project/duckdb-polr/third_party/pcg -I/home/pei/Project/duckdb-polr/third_party/tdigest -I/home/pei/Project/duckdb-polr/third_party/mbedtls/include -I/home/pei/Project/duckdb-polr/third_party/jaro_winkler -O3 -DNDEBUG -O3 -DNDEBUG   -fPIC -fdiagnostics-color=always -std=c++11 -MD -MT src/common/row_operations/CMakeFiles/duckdb_row_operations.dir/ub_duckdb_row_operations.cpp.o -MF src/common/row_operations/CMakeFiles/duckdb_row_operations.dir/ub_duckdb_row_operations.cpp.o.d -o src/common/row_operations/CMakeFiles/duckdb_row_operations.dir/ub_duckdb_row_operations.cpp.o -c /home/pei/Project/duckdb-polr/build/release/src/common/row_operations/ub_duckdb_row_operations.cpp
[77/376] /usr/bin/ccache /usr/lib/ccache/c++ -DDUCKDB -DDUCKDB_BUILD_LIBRARY -DDUCKDB_MAIN_LIBRARY -DENABLE_CROSS_PRODUCT_REWRITE=1 -DENABLE_DEBUG_PRINT=0 -DENABLE_MEASURE_EXE_TIME=0 -DENABLE_MERGE_BACK_PLAN=0 -DENABLE_PARALLEL_EXECUTION=0 -DENABLE_QUERY_SPLIT=1 -DENABLE_SPECIFY_EST_STAT=0 -I/home/pei/Project/duckdb-polr/src/include -I/home/pei/Project/duckdb-polr/third_party/fsst -I/home/pei/Project/duckdb-polr/third_party/fmt/include -I/home/pei/Project/duckdb-polr/third_party/hyperloglog -I/home/pei/Project/duckdb-polr/third_party/fastpforlib -I/home/pei/Project/duckdb-polr/third_party/fast_float -I/home/pei/Project/duckdb-polr/third_party/re2 -I/home/pei/Project/duckdb-polr/third_party/miniz -I/home/pei/Project/duckdb-polr/third_party/utf8proc/include -I/home/pei/Project/duckdb-polr/third_party/miniparquet -I/home/pei/Project/duckdb-polr/third_party/concurrentqueue -I/home/pei/Project/duckdb-polr/third_party/pcg -I/home/pei/Project/duckdb-polr/third_party/tdigest -I/home/pei/Project/duckdb-polr/third_party/mbedtls/include -I/home/pei/Project/duckdb-polr/third_party/jaro_winkler -O3 -DNDEBUG -O3 -DNDEBUG   -fPIC -fdiagnostics-color=always -std=c++11 -MD -MT src/function/table/system/CMakeFiles/duckdb_table_func_system.dir/ub_duckdb_table_func_system.cpp.o -MF src/function/table/system/CMakeFiles/duckdb_table_func_system.dir/ub_duckdb_table_func_system.cpp.o.d -o src/function/table/system/CMakeFiles/duckdb_table_func_system.dir/ub_duckdb_table_func_system.cpp.o -c /home/pei/Project/duckdb-polr/build/release/src/function/table/system/ub_duckdb_table_func_system.cpp
[78/376] /usr/bin/ccache /usr/lib/ccache/c++ -DDUCKDB -DDUCKDB_BUILD_LIBRARY -DDUCKDB_MAIN_LIBRARY -DENABLE_CROSS_PRODUCT_REWRITE=1 -DENABLE_DEBUG_PRINT=0 -DENABLE_MEASURE_EXE_TIME=0 -DENABLE_MERGE_BACK_PLAN=0 -DENABLE_PARALLEL_EXECUTION=0 -DENABLE_QUERY_SPLIT=1 -DENABLE_SPECIFY_EST_STAT=0 -I/home/pei/Project/duckdb-polr/src/include -I/home/pei/Project/duckdb-polr/third_party/fsst -I/home/pei/Project/duckdb-polr/third_party/fmt/include -I/home/pei/Project/duckdb-polr/third_party/hyperloglog -I/home/pei/Project/duckdb-polr/third_party/fastpforlib -I/home/pei/Project/duckdb-polr/third_party/fast_float -I/home/pei/Project/duckdb-polr/third_party/re2 -I/home/pei/Project/duckdb-polr/third_party/miniz -I/home/pei/Project/duckdb-polr/third_party/utf8proc/include -I/home/pei/Project/duckdb-polr/third_party/miniparquet -I/home/pei/Project/duckdb-polr/third_party/concurrentqueue -I/home/pei/Project/duckdb-polr/third_party/pcg -I/home/pei/Project/duckdb-polr/third_party/tdigest -I/home/pei/Project/duckdb-polr/third_party/mbedtls/include -I/home/pei/Project/duckdb-polr/third_party/jaro_winkler -O3 -DNDEBUG -O3 -DNDEBUG   -fPIC -fdiagnostics-color=always -std=c++11 -MD -MT src/function/table/CMakeFiles/duckdb_func_table.dir/ub_duckdb_func_table.cpp.o -MF src/function/table/CMakeFiles/duckdb_func_table.dir/ub_duckdb_func_table.cpp.o.d -o src/function/table/CMakeFiles/duckdb_func_table.dir/ub_duckdb_func_table.cpp.o -c /home/pei/Project/duckdb-polr/build/release/src/function/table/ub_duckdb_func_table.cpp
[79/376] /usr/bin/ccache /usr/lib/ccache/c++ -DDUCKDB -DDUCKDB_BUILD_LIBRARY -DDUCKDB_MAIN_LIBRARY -DENABLE_CROSS_PRODUCT_REWRITE=1 -DENABLE_DEBUG_PRINT=0 -DENABLE_MEASURE_EXE_TIME=0 -DENABLE_MERGE_BACK_PLAN=0 -DENABLE_PARALLEL_EXECUTION=0 -DENABLE_QUERY_SPLIT=1 -DENABLE_SPECIFY_EST_STAT=0 -I/home/pei/Project/duckdb-polr/src/include -I/home/pei/Project/duckdb-polr/third_party/fsst -I/home/pei/Project/duckdb-polr/third_party/fmt/include -I/home/pei/Project/duckdb-polr/third_party/hyperloglog -I/home/pei/Project/duckdb-polr/third_party/fastpforlib -I/home/pei/Project/duckdb-polr/third_party/fast_float -I/home/pei/Project/duckdb-polr/third_party/re2 -I/home/pei/Project/duckdb-polr/third_party/miniz -I/home/pei/Project/duckdb-polr/third_party/utf8proc/include -I/home/pei/Project/duckdb-polr/third_party/miniparquet -I/home/pei/Project/duckdb-polr/third_party/concurrentqueue -I/home/pei/Project/duckdb-polr/third_party/pcg -I/home/pei/Project/duckdb-polr/third_party/tdigest -I/home/pei/Project/duckdb-polr/third_party/mbedtls/include -I/home/pei/Project/duckdb-polr/third_party/jaro_winkler -O3 -DNDEBUG -O3 -DNDEBUG   -fPIC -fdiagnostics-color=always -std=c++11 -MD -MT src/function/scalar/string/CMakeFiles/duckdb_func_string.dir/ub_duckdb_func_string.cpp.o -MF src/function/scalar/string/CMakeFiles/duckdb_func_string.dir/ub_duckdb_func_string.cpp.o.d -o src/function/scalar/string/CMakeFiles/duckdb_func_string.dir/ub_duckdb_func_string.cpp.o -c /home/pei/Project/duckdb-polr/build/release/src/function/scalar/string/ub_duckdb_func_string.cpp
[80/376] /usr/bin/ccache /usr/lib/ccache/c++ -DDUCKDB -DDUCKDB_BUILD_LIBRARY -DDUCKDB_MAIN_LIBRARY -DENABLE_CROSS_PRODUCT_REWRITE=1 -DENABLE_DEBUG_PRINT=0 -DENABLE_MEASURE_EXE_TIME=0 -DENABLE_MERGE_BACK_PLAN=0 -DENABLE_PARALLEL_EXECUTION=0 -DENABLE_QUERY_SPLIT=1 -DENABLE_SPECIFY_EST_STAT=0 -I/home/pei/Project/duckdb-polr/src/include -I/home/pei/Project/duckdb-polr/third_party/fsst -I/home/pei/Project/duckdb-polr/third_party/fmt/include -I/home/pei/Project/duckdb-polr/third_party/hyperloglog -I/home/pei/Project/duckdb-polr/third_party/fastpforlib -I/home/pei/Project/duckdb-polr/third_party/fast_float -I/home/pei/Project/duckdb-polr/third_party/re2 -I/home/pei/Project/duckdb-polr/third_party/miniz -I/home/pei/Project/duckdb-polr/third_party/utf8proc/include -I/home/pei/Project/duckdb-polr/third_party/miniparquet -I/home/pei/Project/duckdb-polr/third_party/concurrentqueue -I/home/pei/Project/duckdb-polr/third_party/pcg -I/home/pei/Project/duckdb-polr/third_party/tdigest -I/home/pei/Project/duckdb-polr/third_party/mbedtls/include -I/home/pei/Project/duckdb-polr/third_party/jaro_winkler -O3 -DNDEBUG -O3 -DNDEBUG   -fPIC -fdiagnostics-color=always -std=c++11 -MD -MT src/execution/operator/helper/CMakeFiles/duckdb_operator_helper.dir/ub_duckdb_operator_helper.cpp.o -MF src/execution/operator/helper/CMakeFiles/duckdb_operator_helper.dir/ub_duckdb_operator_helper.cpp.o.d -o src/execution/operator/helper/CMakeFiles/duckdb_operator_helper.dir/ub_duckdb_operator_helper.cpp.o -c /home/pei/Project/duckdb-polr/build/release/src/execution/operator/helper/ub_duckdb_operator_helper.cpp
[81/376] /usr/bin/ccache /usr/lib/ccache/c++ -DDUCKDB -DDUCKDB_BUILD_LIBRARY -DDUCKDB_MAIN_LIBRARY -DENABLE_CROSS_PRODUCT_REWRITE=1 -DENABLE_DEBUG_PRINT=0 -DENABLE_MEASURE_EXE_TIME=0 -DENABLE_MERGE_BACK_PLAN=0 -DENABLE_PARALLEL_EXECUTION=0 -DENABLE_QUERY_SPLIT=1 -DENABLE_SPECIFY_EST_STAT=0 -I/home/pei/Project/duckdb-polr/src/include -I/home/pei/Project/duckdb-polr/third_party/fsst -I/home/pei/Project/duckdb-polr/third_party/fmt/include -I/home/pei/Project/duckdb-polr/third_party/hyperloglog -I/home/pei/Project/duckdb-polr/third_party/fastpforlib -I/home/pei/Project/duckdb-polr/third_party/fast_float -I/home/pei/Project/duckdb-polr/third_party/re2 -I/home/pei/Project/duckdb-polr/third_party/miniz -I/home/pei/Project/duckdb-polr/third_party/utf8proc/include -I/home/pei/Project/duckdb-polr/third_party/miniparquet -I/home/pei/Project/duckdb-polr/third_party/concurrentqueue -I/home/pei/Project/duckdb-polr/third_party/pcg -I/home/pei/Project/duckdb-polr/third_party/tdigest -I/home/pei/Project/duckdb-polr/third_party/mbedtls/include -I/home/pei/Project/duckdb-polr/third_party/jaro_winkler -O3 -DNDEBUG -O3 -DNDEBUG   -fPIC -fdiagnostics-color=always -std=c++11 -MD -MT src/execution/operator/projection/CMakeFiles/duckdb_operator_projection.dir/ub_duckdb_operator_projection.cpp.o -MF src/execution/operator/projection/CMakeFiles/duckdb_operator_projection.dir/ub_duckdb_operator_projection.cpp.o.d -o src/execution/operator/projection/CMakeFiles/duckdb_operator_projection.dir/ub_duckdb_operator_projection.cpp.o -c /home/pei/Project/duckdb-polr/build/release/src/execution/operator/projection/ub_duckdb_operator_projection.cpp
[82/376] /usr/bin/ccache /usr/lib/ccache/c++ -DDUCKDB -DDUCKDB_BUILD_LIBRARY -DDUCKDB_MAIN_LIBRARY -DENABLE_CROSS_PRODUCT_REWRITE=1 -DENABLE_DEBUG_PRINT=0 -DENABLE_MEASURE_EXE_TIME=0 -DENABLE_MERGE_BACK_PLAN=0 -DENABLE_PARALLEL_EXECUTION=0 -DENABLE_QUERY_SPLIT=1 -DENABLE_SPECIFY_EST_STAT=0 -I/home/pei/Project/duckdb-polr/src/include -I/home/pei/Project/duckdb-polr/third_party/fsst -I/home/pei/Project/duckdb-polr/third_party/fmt/include -I/home/pei/Project/duckdb-polr/third_party/hyperloglog -I/home/pei/Project/duckdb-polr/third_party/fastpforlib -I/home/pei/Project/duckdb-polr/third_party/fast_float -I/home/pei/Project/duckdb-polr/third_party/re2 -I/home/pei/Project/duckdb-polr/third_party/miniz -I/home/pei/Project/duckdb-polr/third_party/utf8proc/include -I/home/pei/Project/duckdb-polr/third_party/miniparquet -I/home/pei/Project/duckdb-polr/third_party/concurrentqueue -I/home/pei/Project/duckdb-polr/third_party/pcg -I/home/pei/Project/duckdb-polr/third_party/tdigest -I/home/pei/Project/duckdb-polr/third_party/mbedtls/include -I/home/pei/Project/duckdb-polr/third_party/jaro_winkler -O3 -DNDEBUG -O3 -DNDEBUG   -fPIC -fdiagnostics-color=always -std=c++11 -MD -MT src/execution/operator/order/CMakeFiles/duckdb_operator_order.dir/ub_duckdb_operator_order.cpp.o -MF src/execution/operator/order/CMakeFiles/duckdb_operator_order.dir/ub_duckdb_operator_order.cpp.o.d -o src/execution/operator/order/CMakeFiles/duckdb_operator_order.dir/ub_duckdb_operator_order.cpp.o -c /home/pei/Project/duckdb-polr/build/release/src/execution/operator/order/ub_duckdb_operator_order.cpp
[83/376] /usr/bin/ccache /usr/lib/ccache/c++ -DDUCKDB -DDUCKDB_BUILD_LIBRARY -DDUCKDB_MAIN_LIBRARY -DENABLE_CROSS_PRODUCT_REWRITE=1 -DENABLE_DEBUG_PRINT=0 -DENABLE_MEASURE_EXE_TIME=0 -DENABLE_MERGE_BACK_PLAN=0 -DENABLE_PARALLEL_EXECUTION=0 -DENABLE_QUERY_SPLIT=1 -DENABLE_SPECIFY_EST_STAT=0 -I/home/pei/Project/duckdb-polr/src/include -I/home/pei/Project/duckdb-polr/third_party/fsst -I/home/pei/Project/duckdb-polr/third_party/fmt/include -I/home/pei/Project/duckdb-polr/third_party/hyperloglog -I/home/pei/Project/duckdb-polr/third_party/fastpforlib -I/home/pei/Project/duckdb-polr/third_party/fast_float -I/home/pei/Project/duckdb-polr/third_party/re2 -I/home/pei/Project/duckdb-polr/third_party/miniz -I/home/pei/Project/duckdb-polr/third_party/utf8proc/include -I/home/pei/Project/duckdb-polr/third_party/miniparquet -I/home/pei/Project/duckdb-polr/third_party/concurrentqueue -I/home/pei/Project/duckdb-polr/third_party/pcg -I/home/pei/Project/duckdb-polr/third_party/tdigest -I/home/pei/Project/duckdb-polr/third_party/mbedtls/include -I/home/pei/Project/duckdb-polr/third_party/jaro_winkler -O3 -DNDEBUG -O3 -DNDEBUG   -fPIC -fdiagnostics-color=always -std=c++11 -MD -MT src/execution/CMakeFiles/duckdb_execution.dir/ub_duckdb_execution.cpp.o -MF src/execution/CMakeFiles/duckdb_execution.dir/ub_duckdb_execution.cpp.o.d -o src/execution/CMakeFiles/duckdb_execution.dir/ub_duckdb_execution.cpp.o -c /home/pei/Project/duckdb-polr/build/release/src/execution/ub_duckdb_execution.cpp
[84/376] /usr/bin/ccache /usr/lib/ccache/c++ -DDUCKDB -DDUCKDB_BUILD_LIBRARY -DDUCKDB_MAIN_LIBRARY -DENABLE_CROSS_PRODUCT_REWRITE=1 -DENABLE_DEBUG_PRINT=0 -DENABLE_MEASURE_EXE_TIME=0 -DENABLE_MERGE_BACK_PLAN=0 -DENABLE_PARALLEL_EXECUTION=0 -DENABLE_QUERY_SPLIT=1 -DENABLE_SPECIFY_EST_STAT=0 -I/home/pei/Project/duckdb-polr/src/include -I/home/pei/Project/duckdb-polr/third_party/fsst -I/home/pei/Project/duckdb-polr/third_party/fmt/include -I/home/pei/Project/duckdb-polr/third_party/hyperloglog -I/home/pei/Project/duckdb-polr/third_party/fastpforlib -I/home/pei/Project/duckdb-polr/third_party/fast_float -I/home/pei/Project/duckdb-polr/third_party/re2 -I/home/pei/Project/duckdb-polr/third_party/miniz -I/home/pei/Project/duckdb-polr/third_party/utf8proc/include -I/home/pei/Project/duckdb-polr/third_party/miniparquet -I/home/pei/Project/duckdb-polr/third_party/concurrentqueue -I/home/pei/Project/duckdb-polr/third_party/pcg -I/home/pei/Project/duckdb-polr/third_party/tdigest -I/home/pei/Project/duckdb-polr/third_party/mbedtls/include -I/home/pei/Project/duckdb-polr/third_party/jaro_winkler -O3 -DNDEBUG -O3 -DNDEBUG   -fPIC -fdiagnostics-color=always -std=c++11 -MD -MT src/execution/operator/set/CMakeFiles/duckdb_operator_set.dir/ub_duckdb_operator_set.cpp.o -MF src/execution/operator/set/CMakeFiles/duckdb_operator_set.dir/ub_duckdb_operator_set.cpp.o.d -o src/execution/operator/set/CMakeFiles/duckdb_operator_set.dir/ub_duckdb_operator_set.cpp.o -c /home/pei/Project/duckdb-polr/build/release/src/execution/operator/set/ub_duckdb_operator_set.cpp
[85/376] /usr/bin/ccache /usr/lib/ccache/c++ -DDUCKDB -DDUCKDB_BUILD_LIBRARY -DDUCKDB_MAIN_LIBRARY -DENABLE_CROSS_PRODUCT_REWRITE=1 -DENABLE_DEBUG_PRINT=0 -DENABLE_MEASURE_EXE_TIME=0 -DENABLE_MERGE_BACK_PLAN=0 -DENABLE_PARALLEL_EXECUTION=0 -DENABLE_QUERY_SPLIT=1 -DENABLE_SPECIFY_EST_STAT=0 -I/home/pei/Project/duckdb-polr/src/include -I/home/pei/Project/duckdb-polr/third_party/fsst -I/home/pei/Project/duckdb-polr/third_party/fmt/include -I/home/pei/Project/duckdb-polr/third_party/hyperloglog -I/home/pei/Project/duckdb-polr/third_party/fastpforlib -I/home/pei/Project/duckdb-polr/third_party/fast_float -I/home/pei/Project/duckdb-polr/third_party/re2 -I/home/pei/Project/duckdb-polr/third_party/miniz -I/home/pei/Project/duckdb-polr/third_party/utf8proc/include -I/home/pei/Project/duckdb-polr/third_party/miniparquet -I/home/pei/Project/duckdb-polr/third_party/concurrentqueue -I/home/pei/Project/duckdb-polr/third_party/pcg -I/home/pei/Project/duckdb-polr/third_party/tdigest -I/home/pei/Project/duckdb-polr/third_party/mbedtls/include -I/home/pei/Project/duckdb-polr/third_party/jaro_winkler -O3 -DNDEBUG -O3 -DNDEBUG   -fPIC -fdiagnostics-color=always -std=c++11 -MD -MT src/execution/operator/scan/CMakeFiles/duckdb_operator_scan.dir/ub_duckdb_operator_scan.cpp.o -MF src/execution/operator/scan/CMakeFiles/duckdb_operator_scan.dir/ub_duckdb_operator_scan.cpp.o.d -o src/execution/operator/scan/CMakeFiles/duckdb_operator_scan.dir/ub_duckdb_operator_scan.cpp.o -c /home/pei/Project/duckdb-polr/build/release/src/execution/operator/scan/ub_duckdb_operator_scan.cpp
[86/376] /usr/bin/ccache /usr/lib/ccache/c++ -DDUCKDB -DDUCKDB_BUILD_LIBRARY -DDUCKDB_MAIN_LIBRARY -DENABLE_CROSS_PRODUCT_REWRITE=1 -DENABLE_DEBUG_PRINT=0 -DENABLE_MEASURE_EXE_TIME=0 -DENABLE_MERGE_BACK_PLAN=0 -DENABLE_PARALLEL_EXECUTION=0 -DENABLE_QUERY_SPLIT=1 -DENABLE_SPECIFY_EST_STAT=0 -I/home/pei/Project/duckdb-polr/src/include -I/home/pei/Project/duckdb-polr/third_party/fsst -I/home/pei/Project/duckdb-polr/third_party/fmt/include -I/home/pei/Project/duckdb-polr/third_party/hyperloglog -I/home/pei/Project/duckdb-polr/third_party/fastpforlib -I/home/pei/Project/duckdb-polr/third_party/fast_float -I/home/pei/Project/duckdb-polr/third_party/re2 -I/home/pei/Project/duckdb-polr/third_party/miniz -I/home/pei/Project/duckdb-polr/third_party/utf8proc/include -I/home/pei/Project/duckdb-polr/third_party/miniparquet -I/home/pei/Project/duckdb-polr/third_party/concurrentqueue -I/home/pei/Project/duckdb-polr/third_party/pcg -I/home/pei/Project/duckdb-polr/third_party/tdigest -I/home/pei/Project/duckdb-polr/third_party/mbedtls/include -I/home/pei/Project/duckdb-polr/third_party/jaro_winkler -O3 -DNDEBUG -O3 -DNDEBUG   -fPIC -fdiagnostics-color=always -std=c++11 -MD -MT src/execution/operator/aggregate/CMakeFiles/duckdb_operator_aggregate.dir/ub_duckdb_operator_aggregate.cpp.o -MF src/execution/operator/aggregate/CMakeFiles/duckdb_operator_aggregate.dir/ub_duckdb_operator_aggregate.cpp.o.d -o src/execution/operator/aggregate/CMakeFiles/duckdb_operator_aggregate.dir/ub_duckdb_operator_aggregate.cpp.o -c /home/pei/Project/duckdb-polr/build/release/src/execution/operator/aggregate/ub_duckdb_operator_aggregate.cpp
[87/376] /usr/bin/ccache /usr/lib/ccache/c++ -DDUCKDB -DDUCKDB_BUILD_LIBRARY -DDUCKDB_MAIN_LIBRARY -DENABLE_CROSS_PRODUCT_REWRITE=1 -DENABLE_DEBUG_PRINT=0 -DENABLE_MEASURE_EXE_TIME=0 -DENABLE_MERGE_BACK_PLAN=0 -DENABLE_PARALLEL_EXECUTION=0 -DENABLE_QUERY_SPLIT=1 -DENABLE_SPECIFY_EST_STAT=0 -I/home/pei/Project/duckdb-polr/src/include -I/home/pei/Project/duckdb-polr/third_party/fsst -I/home/pei/Project/duckdb-polr/third_party/fmt/include -I/home/pei/Project/duckdb-polr/third_party/hyperloglog -I/home/pei/Project/duckdb-polr/third_party/fastpforlib -I/home/pei/Project/duckdb-polr/third_party/fast_float -I/home/pei/Project/duckdb-polr/third_party/re2 -I/home/pei/Project/duckdb-polr/third_party/miniz -I/home/pei/Project/duckdb-polr/third_party/utf8proc/include -I/home/pei/Project/duckdb-polr/third_party/miniparquet -I/home/pei/Project/duckdb-polr/third_party/concurrentqueue -I/home/pei/Project/duckdb-polr/third_party/pcg -I/home/pei/Project/duckdb-polr/third_party/tdigest -I/home/pei/Project/duckdb-polr/third_party/mbedtls/include -I/home/pei/Project/duckdb-polr/third_party/jaro_winkler -O3 -DNDEBUG -O3 -DNDEBUG   -fPIC -fdiagnostics-color=always -std=c++11 -MD -MT src/execution/operator/schema/CMakeFiles/duckdb_operator_schema.dir/ub_duckdb_operator_schema.cpp.o -MF src/execution/operator/schema/CMakeFiles/duckdb_operator_schema.dir/ub_duckdb_operator_schema.cpp.o.d -o src/execution/operator/schema/CMakeFiles/duckdb_operator_schema.dir/ub_duckdb_operator_schema.cpp.o -c /home/pei/Project/duckdb-polr/build/release/src/execution/operator/schema/ub_duckdb_operator_schema.cpp
[88/376] /usr/bin/ccache /usr/lib/ccache/c++ -DDUCKDB -DDUCKDB_BUILD_LIBRARY -DDUCKDB_MAIN_LIBRARY -DENABLE_CROSS_PRODUCT_REWRITE=1 -DENABLE_DEBUG_PRINT=0 -DENABLE_MEASURE_EXE_TIME=0 -DENABLE_MERGE_BACK_PLAN=0 -DENABLE_PARALLEL_EXECUTION=0 -DENABLE_QUERY_SPLIT=1 -DENABLE_SPECIFY_EST_STAT=0 -I/home/pei/Project/duckdb-polr/src/include -I/home/pei/Project/duckdb-polr/third_party/fsst -I/home/pei/Project/duckdb-polr/third_party/fmt/include -I/home/pei/Project/duckdb-polr/third_party/hyperloglog -I/home/pei/Project/duckdb-polr/third_party/fastpforlib -I/home/pei/Project/duckdb-polr/third_party/fast_float -I/home/pei/Project/duckdb-polr/third_party/re2 -I/home/pei/Project/duckdb-polr/third_party/miniz -I/home/pei/Project/duckdb-polr/third_party/utf8proc/include -I/home/pei/Project/duckdb-polr/third_party/miniparquet -I/home/pei/Project/duckdb-polr/third_party/concurrentqueue -I/home/pei/Project/duckdb-polr/third_party/pcg -I/home/pei/Project/duckdb-polr/third_party/tdigest -I/home/pei/Project/duckdb-polr/third_party/mbedtls/include -I/home/pei/Project/duckdb-polr/third_party/jaro_winkler -O3 -DNDEBUG -O3 -DNDEBUG   -fPIC -fdiagnostics-color=always -std=c++11 -MD -MT src/function/scalar/date/CMakeFiles/duckdb_func_date.dir/ub_duckdb_func_date.cpp.o -MF src/function/scalar/date/CMakeFiles/duckdb_func_date.dir/ub_duckdb_func_date.cpp.o.d -o src/function/scalar/date/CMakeFiles/duckdb_func_date.dir/ub_duckdb_func_date.cpp.o -c /home/pei/Project/duckdb-polr/build/release/src/function/scalar/date/ub_duckdb_func_date.cpp
[89/376] /usr/bin/ccache /usr/lib/ccache/c++ -DDUCKDB -DDUCKDB_BUILD_LIBRARY -DDUCKDB_MAIN_LIBRARY -DENABLE_CROSS_PRODUCT_REWRITE=1 -DENABLE_DEBUG_PRINT=0 -DENABLE_MEASURE_EXE_TIME=0 -DENABLE_MERGE_BACK_PLAN=0 -DENABLE_PARALLEL_EXECUTION=0 -DENABLE_QUERY_SPLIT=1 -DENABLE_SPECIFY_EST_STAT=0 -I/home/pei/Project/duckdb-polr/src/include -I/home/pei/Project/duckdb-polr/third_party/fsst -I/home/pei/Project/duckdb-polr/third_party/fmt/include -I/home/pei/Project/duckdb-polr/third_party/hyperloglog -I/home/pei/Project/duckdb-polr/third_party/fastpforlib -I/home/pei/Project/duckdb-polr/third_party/fast_float -I/home/pei/Project/duckdb-polr/third_party/re2 -I/home/pei/Project/duckdb-polr/third_party/miniz -I/home/pei/Project/duckdb-polr/third_party/utf8proc/include -I/home/pei/Project/duckdb-polr/third_party/miniparquet -I/home/pei/Project/duckdb-polr/third_party/concurrentqueue -I/home/pei/Project/duckdb-polr/third_party/pcg -I/home/pei/Project/duckdb-polr/third_party/tdigest -I/home/pei/Project/duckdb-polr/third_party/mbedtls/include -I/home/pei/Project/duckdb-polr/third_party/jaro_winkler -O3 -DNDEBUG -O3 -DNDEBUG   -fPIC -fdiagnostics-color=always -std=c++11 -MD -MT src/execution/operator/join/CMakeFiles/duckdb_operator_join.dir/ub_duckdb_operator_join.cpp.o -MF src/execution/operator/join/CMakeFiles/duckdb_operator_join.dir/ub_duckdb_operator_join.cpp.o.d -o src/execution/operator/join/CMakeFiles/duckdb_operator_join.dir/ub_duckdb_operator_join.cpp.o -c /home/pei/Project/duckdb-polr/build/release/src/execution/operator/join/ub_duckdb_operator_join.cpp
[90/376] /usr/bin/ccache /usr/lib/ccache/c++ -DDUCKDB -DDUCKDB_BUILD_LIBRARY -DDUCKDB_MAIN_LIBRARY -DENABLE_CROSS_PRODUCT_REWRITE=1 -DENABLE_DEBUG_PRINT=0 -DENABLE_MEASURE_EXE_TIME=0 -DENABLE_MERGE_BACK_PLAN=0 -DENABLE_PARALLEL_EXECUTION=0 -DENABLE_QUERY_SPLIT=1 -DENABLE_SPECIFY_EST_STAT=0 -I/home/pei/Project/duckdb-polr/src/include -I/home/pei/Project/duckdb-polr/third_party/fsst -I/home/pei/Project/duckdb-polr/third_party/fmt/include -I/home/pei/Project/duckdb-polr/third_party/hyperloglog -I/home/pei/Project/duckdb-polr/third_party/fastpforlib -I/home/pei/Project/duckdb-polr/third_party/fast_float -I/home/pei/Project/duckdb-polr/third_party/re2 -I/home/pei/Project/duckdb-polr/third_party/miniz -I/home/pei/Project/duckdb-polr/third_party/utf8proc/include -I/home/pei/Project/duckdb-polr/third_party/miniparquet -I/home/pei/Project/duckdb-polr/third_party/concurrentqueue -I/home/pei/Project/duckdb-polr/third_party/pcg -I/home/pei/Project/duckdb-polr/third_party/tdigest -I/home/pei/Project/duckdb-polr/third_party/mbedtls/include -I/home/pei/Project/duckdb-polr/third_party/jaro_winkler -O3 -DNDEBUG -O3 -DNDEBUG   -fPIC -fdiagnostics-color=always -std=c++11 -MD -MT src/function/aggregate/distributive/CMakeFiles/duckdb_aggr_distr.dir/ub_duckdb_aggr_distr.cpp.o -MF src/function/aggregate/distributive/CMakeFiles/duckdb_aggr_distr.dir/ub_duckdb_aggr_distr.cpp.o.d -o src/function/aggregate/distributive/CMakeFiles/duckdb_aggr_distr.dir/ub_duckdb_aggr_distr.cpp.o -c /home/pei/Project/duckdb-polr/build/release/src/function/aggregate/distributive/ub_duckdb_aggr_distr.cpp
[91/376] /usr/bin/ccache /usr/lib/ccache/c++ -DDUCKDB -DDUCKDB_BUILD_LIBRARY -DDUCKDB_MAIN_LIBRARY -DENABLE_CROSS_PRODUCT_REWRITE=1 -DENABLE_DEBUG_PRINT=0 -DENABLE_MEASURE_EXE_TIME=0 -DENABLE_MERGE_BACK_PLAN=0 -DENABLE_PARALLEL_EXECUTION=0 -DENABLE_QUERY_SPLIT=1 -DENABLE_SPECIFY_EST_STAT=0 -I/home/pei/Project/duckdb-polr/src/include -I/home/pei/Project/duckdb-polr/third_party/fsst -I/home/pei/Project/duckdb-polr/third_party/fmt/include -I/home/pei/Project/duckdb-polr/third_party/hyperloglog -I/home/pei/Project/duckdb-polr/third_party/fastpforlib -I/home/pei/Project/duckdb-polr/third_party/fast_float -I/home/pei/Project/duckdb-polr/third_party/re2 -I/home/pei/Project/duckdb-polr/third_party/miniz -I/home/pei/Project/duckdb-polr/third_party/utf8proc/include -I/home/pei/Project/duckdb-polr/third_party/miniparquet -I/home/pei/Project/duckdb-polr/third_party/concurrentqueue -I/home/pei/Project/duckdb-polr/third_party/pcg -I/home/pei/Project/duckdb-polr/third_party/tdigest -I/home/pei/Project/duckdb-polr/third_party/mbedtls/include -I/home/pei/Project/duckdb-polr/third_party/jaro_winkler -O3 -DNDEBUG -O3 -DNDEBUG   -fPIC -fdiagnostics-color=always -std=c++11 -MD -MT src/execution/index/art/CMakeFiles/duckdb_art_index_execution.dir/ub_duckdb_art_index_execution.cpp.o -MF src/execution/index/art/CMakeFiles/duckdb_art_index_execution.dir/ub_duckdb_art_index_execution.cpp.o.d -o src/execution/index/art/CMakeFiles/duckdb_art_index_execution.dir/ub_duckdb_art_index_execution.cpp.o -c /home/pei/Project/duckdb-polr/build/release/src/execution/index/art/ub_duckdb_art_index_execution.cpp
[92/376] /usr/bin/ccache /usr/lib/ccache/c++ -DDUCKDB -DDUCKDB_BUILD_LIBRARY -DDUCKDB_MAIN_LIBRARY -DENABLE_CROSS_PRODUCT_REWRITE=1 -DENABLE_DEBUG_PRINT=0 -DENABLE_MEASURE_EXE_TIME=0 -DENABLE_MERGE_BACK_PLAN=0 -DENABLE_PARALLEL_EXECUTION=0 -DENABLE_QUERY_SPLIT=1 -DENABLE_SPECIFY_EST_STAT=0 -I/home/pei/Project/duckdb-polr/src/include -I/home/pei/Project/duckdb-polr/third_party/fsst -I/home/pei/Project/duckdb-polr/third_party/fmt/include -I/home/pei/Project/duckdb-polr/third_party/hyperloglog -I/home/pei/Project/duckdb-polr/third_party/fastpforlib -I/home/pei/Project/duckdb-polr/third_party/fast_float -I/home/pei/Project/duckdb-polr/third_party/re2 -I/home/pei/Project/duckdb-polr/third_party/miniz -I/home/pei/Project/duckdb-polr/third_party/utf8proc/include -I/home/pei/Project/duckdb-polr/third_party/miniparquet -I/home/pei/Project/duckdb-polr/third_party/concurrentqueue -I/home/pei/Project/duckdb-polr/third_party/pcg -I/home/pei/Project/duckdb-polr/third_party/tdigest -I/home/pei/Project/duckdb-polr/third_party/mbedtls/include -I/home/pei/Project/duckdb-polr/third_party/jaro_winkler -O3 -DNDEBUG -O3 -DNDEBUG   -fPIC -fdiagnostics-color=always -std=c++11 -MD -MT src/common/types/CMakeFiles/duckdb_common_types.dir/ub_duckdb_common_types.cpp.o -MF src/common/types/CMakeFiles/duckdb_common_types.dir/ub_duckdb_common_types.cpp.o.d -o src/common/types/CMakeFiles/duckdb_common_types.dir/ub_duckdb_common_types.cpp.o -c /home/pei/Project/duckdb-polr/build/release/src/common/types/ub_duckdb_common_types.cpp
[93/376] /usr/bin/ccache /usr/lib/ccache/c++ -DDUCKDB -DDUCKDB_BUILD_LIBRARY -DDUCKDB_MAIN_LIBRARY -DENABLE_CROSS_PRODUCT_REWRITE=1 -DENABLE_DEBUG_PRINT=0 -DENABLE_MEASURE_EXE_TIME=0 -DENABLE_MERGE_BACK_PLAN=0 -DENABLE_PARALLEL_EXECUTION=0 -DENABLE_QUERY_SPLIT=1 -DENABLE_SPECIFY_EST_STAT=0 -I/home/pei/Project/duckdb-polr/src/include -I/home/pei/Project/duckdb-polr/third_party/fsst -I/home/pei/Project/duckdb-polr/third_party/fmt/include -I/home/pei/Project/duckdb-polr/third_party/hyperloglog -I/home/pei/Project/duckdb-polr/third_party/fastpforlib -I/home/pei/Project/duckdb-polr/third_party/fast_float -I/home/pei/Project/duckdb-polr/third_party/re2 -I/home/pei/Project/duckdb-polr/third_party/miniz -I/home/pei/Project/duckdb-polr/third_party/utf8proc/include -I/home/pei/Project/duckdb-polr/third_party/miniparquet -I/home/pei/Project/duckdb-polr/third_party/concurrentqueue -I/home/pei/Project/duckdb-polr/third_party/pcg -I/home/pei/Project/duckdb-polr/third_party/tdigest -I/home/pei/Project/duckdb-polr/third_party/mbedtls/include -I/home/pei/Project/duckdb-polr/third_party/jaro_winkler -O3 -DNDEBUG -O3 -DNDEBUG   -fPIC -fdiagnostics-color=always -std=c++11 -MD -MT src/storage/buffer/CMakeFiles/duckdb_storage_buffer.dir/ub_duckdb_storage_buffer.cpp.o -MF src/storage/buffer/CMakeFiles/duckdb_storage_buffer.dir/ub_duckdb_storage_buffer.cpp.o.d -o src/storage/buffer/CMakeFiles/duckdb_storage_buffer.dir/ub_duckdb_storage_buffer.cpp.o -c /home/pei/Project/duckdb-polr/build/release/src/storage/buffer/ub_duckdb_storage_buffer.cpp
[94/376] /usr/bin/ccache /usr/lib/ccache/c++ -DDUCKDB -DDUCKDB_BUILD_LIBRARY -DDUCKDB_MAIN_LIBRARY -DENABLE_CROSS_PRODUCT_REWRITE=1 -DENABLE_DEBUG_PRINT=0 -DENABLE_MEASURE_EXE_TIME=0 -DENABLE_MERGE_BACK_PLAN=0 -DENABLE_PARALLEL_EXECUTION=0 -DENABLE_QUERY_SPLIT=1 -DENABLE_SPECIFY_EST_STAT=0 -I/home/pei/Project/duckdb-polr/src/include -I/home/pei/Project/duckdb-polr/third_party/fsst -I/home/pei/Project/duckdb-polr/third_party/fmt/include -I/home/pei/Project/duckdb-polr/third_party/hyperloglog -I/home/pei/Project/duckdb-polr/third_party/fastpforlib -I/home/pei/Project/duckdb-polr/third_party/fast_float -I/home/pei/Project/duckdb-polr/third_party/re2 -I/home/pei/Project/duckdb-polr/third_party/miniz -I/home/pei/Project/duckdb-polr/third_party/utf8proc/include -I/home/pei/Project/duckdb-polr/third_party/miniparquet -I/home/pei/Project/duckdb-polr/third_party/concurrentqueue -I/home/pei/Project/duckdb-polr/third_party/pcg -I/home/pei/Project/duckdb-polr/third_party/tdigest -I/home/pei/Project/duckdb-polr/third_party/mbedtls/include -I/home/pei/Project/duckdb-polr/third_party/jaro_winkler -O3 -DNDEBUG -O3 -DNDEBUG   -fPIC -fdiagnostics-color=always -std=c++11 -MD -MT src/main/capi/cast/CMakeFiles/duckdb_main_capi_cast.dir/ub_duckdb_main_capi_cast.cpp.o -MF src/main/capi/cast/CMakeFiles/duckdb_main_capi_cast.dir/ub_duckdb_main_capi_cast.cpp.o.d -o src/main/capi/cast/CMakeFiles/duckdb_main_capi_cast.dir/ub_duckdb_main_capi_cast.cpp.o -c /home/pei/Project/duckdb-polr/build/release/src/main/capi/cast/ub_duckdb_main_capi_cast.cpp
[95/376] /usr/bin/ccache /usr/lib/ccache/c++ -DDUCKDB -DDUCKDB_BUILD_LIBRARY -DDUCKDB_MAIN_LIBRARY -DENABLE_CROSS_PRODUCT_REWRITE=1 -DENABLE_DEBUG_PRINT=0 -DENABLE_MEASURE_EXE_TIME=0 -DENABLE_MERGE_BACK_PLAN=0 -DENABLE_PARALLEL_EXECUTION=0 -DENABLE_QUERY_SPLIT=1 -DENABLE_SPECIFY_EST_STAT=0 -I/home/pei/Project/duckdb-polr/src/include -I/home/pei/Project/duckdb-polr/third_party/fsst -I/home/pei/Project/duckdb-polr/third_party/fmt/include -I/home/pei/Project/duckdb-polr/third_party/hyperloglog -I/home/pei/Project/duckdb-polr/third_party/fastpforlib -I/home/pei/Project/duckdb-polr/third_party/fast_float -I/home/pei/Project/duckdb-polr/third_party/re2 -I/home/pei/Project/duckdb-polr/third_party/miniz -I/home/pei/Project/duckdb-polr/third_party/utf8proc/include -I/home/pei/Project/duckdb-polr/third_party/miniparquet -I/home/pei/Project/duckdb-polr/third_party/concurrentqueue -I/home/pei/Project/duckdb-polr/third_party/pcg -I/home/pei/Project/duckdb-polr/third_party/tdigest -I/home/pei/Project/duckdb-polr/third_party/mbedtls/include -I/home/pei/Project/duckdb-polr/third_party/jaro_winkler -O3 -DNDEBUG -O3 -DNDEBUG   -fPIC -fdiagnostics-color=always -std=c++11 -MD -MT src/storage/compression/CMakeFiles/duckdb_storage_compression.dir/ub_duckdb_storage_compression.cpp.o -MF src/storage/compression/CMakeFiles/duckdb_storage_compression.dir/ub_duckdb_storage_compression.cpp.o.d -o src/storage/compression/CMakeFiles/duckdb_storage_compression.dir/ub_duckdb_storage_compression.cpp.o -c /home/pei/Project/duckdb-polr/build/release/src/storage/compression/ub_duckdb_storage_compression.cpp
[96/376] /usr/bin/ccache /usr/lib/ccache/c++ -DDUCKDB -DDUCKDB_BUILD_LIBRARY -DDUCKDB_MAIN_LIBRARY -DENABLE_CROSS_PRODUCT_REWRITE=1 -DENABLE_DEBUG_PRINT=0 -DENABLE_MEASURE_EXE_TIME=0 -DENABLE_MERGE_BACK_PLAN=0 -DENABLE_PARALLEL_EXECUTION=0 -DENABLE_QUERY_SPLIT=1 -DENABLE_SPECIFY_EST_STAT=0 -I/home/pei/Project/duckdb-polr/src/include -I/home/pei/Project/duckdb-polr/third_party/fsst -I/home/pei/Project/duckdb-polr/third_party/fmt/include -I/home/pei/Project/duckdb-polr/third_party/hyperloglog -I/home/pei/Project/duckdb-polr/third_party/fastpforlib -I/home/pei/Project/duckdb-polr/third_party/fast_float -I/home/pei/Project/duckdb-polr/third_party/re2 -I/home/pei/Project/duckdb-polr/third_party/miniz -I/home/pei/Project/duckdb-polr/third_party/utf8proc/include -I/home/pei/Project/duckdb-polr/third_party/miniparquet -I/home/pei/Project/duckdb-polr/third_party/concurrentqueue -I/home/pei/Project/duckdb-polr/third_party/pcg -I/home/pei/Project/duckdb-polr/third_party/tdigest -I/home/pei/Project/duckdb-polr/third_party/mbedtls/include -I/home/pei/Project/duckdb-polr/third_party/jaro_winkler -O3 -DNDEBUG -O3 -DNDEBUG   -fPIC -fdiagnostics-color=always -std=c++11 -MD -MT src/storage/compression/chimp/CMakeFiles/duckdb_storage_compression_chimp.dir/ub_duckdb_storage_compression_chimp.cpp.o -MF src/storage/compression/chimp/CMakeFiles/duckdb_storage_compression_chimp.dir/ub_duckdb_storage_compression_chimp.cpp.o.d -o src/storage/compression/chimp/CMakeFiles/duckdb_storage_compression_chimp.dir/ub_duckdb_storage_compression_chimp.cpp.o -c /home/pei/Project/duckdb-polr/build/release/src/storage/compression/chimp/ub_duckdb_storage_compression_chimp.cpp
[97/376] /usr/bin/ccache /usr/lib/ccache/c++ -DDUCKDB -DDUCKDB_BUILD_LIBRARY -DDUCKDB_MAIN_LIBRARY -DENABLE_CROSS_PRODUCT_REWRITE=1 -DENABLE_DEBUG_PRINT=0 -DENABLE_MEASURE_EXE_TIME=0 -DENABLE_MERGE_BACK_PLAN=0 -DENABLE_PARALLEL_EXECUTION=0 -DENABLE_QUERY_SPLIT=1 -DENABLE_SPECIFY_EST_STAT=0 -I/home/pei/Project/duckdb-polr/src/include -I/home/pei/Project/duckdb-polr/third_party/fsst -I/home/pei/Project/duckdb-polr/third_party/fmt/include -I/home/pei/Project/duckdb-polr/third_party/hyperloglog -I/home/pei/Project/duckdb-polr/third_party/fastpforlib -I/home/pei/Project/duckdb-polr/third_party/fast_float -I/home/pei/Project/duckdb-polr/third_party/re2 -I/home/pei/Project/duckdb-polr/third_party/miniz -I/home/pei/Project/duckdb-polr/third_party/utf8proc/include -I/home/pei/Project/duckdb-polr/third_party/miniparquet -I/home/pei/Project/duckdb-polr/third_party/concurrentqueue -I/home/pei/Project/duckdb-polr/third_party/pcg -I/home/pei/Project/duckdb-polr/third_party/tdigest -I/home/pei/Project/duckdb-polr/third_party/mbedtls/include -I/home/pei/Project/duckdb-polr/third_party/jaro_winkler -O3 -DNDEBUG -O3 -DNDEBUG   -fPIC -fdiagnostics-color=always -std=c++11 -MD -MT src/storage/statistics/CMakeFiles/duckdb_storage_statistics.dir/ub_duckdb_storage_statistics.cpp.o -MF src/storage/statistics/CMakeFiles/duckdb_storage_statistics.dir/ub_duckdb_storage_statistics.cpp.o.d -o src/storage/statistics/CMakeFiles/duckdb_storage_statistics.dir/ub_duckdb_storage_statistics.cpp.o -c /home/pei/Project/duckdb-polr/build/release/src/storage/statistics/ub_duckdb_storage_statistics.cpp
[98/376] /usr/bin/ccache /usr/lib/ccache/c++ -DDUCKDB -DDUCKDB_BUILD_LIBRARY -DDUCKDB_MAIN_LIBRARY -DENABLE_CROSS_PRODUCT_REWRITE=1 -DENABLE_DEBUG_PRINT=0 -DENABLE_MEASURE_EXE_TIME=0 -DENABLE_MERGE_BACK_PLAN=0 -DENABLE_PARALLEL_EXECUTION=0 -DENABLE_QUERY_SPLIT=1 -DENABLE_SPECIFY_EST_STAT=0 -I/home/pei/Project/duckdb-polr/src/include -I/home/pei/Project/duckdb-polr/third_party/fsst -I/home/pei/Project/duckdb-polr/third_party/fmt/include -I/home/pei/Project/duckdb-polr/third_party/hyperloglog -I/home/pei/Project/duckdb-polr/third_party/fastpforlib -I/home/pei/Project/duckdb-polr/third_party/fast_float -I/home/pei/Project/duckdb-polr/third_party/re2 -I/home/pei/Project/duckdb-polr/third_party/miniz -I/home/pei/Project/duckdb-polr/third_party/utf8proc/include -I/home/pei/Project/duckdb-polr/third_party/miniparquet -I/home/pei/Project/duckdb-polr/third_party/concurrentqueue -I/home/pei/Project/duckdb-polr/third_party/pcg -I/home/pei/Project/duckdb-polr/third_party/tdigest -I/home/pei/Project/duckdb-polr/third_party/mbedtls/include -I/home/pei/Project/duckdb-polr/third_party/jaro_winkler -O3 -DNDEBUG -O3 -DNDEBUG   -fPIC -fdiagnostics-color=always -std=c++11 -MD -MT src/function/aggregate/holistic/CMakeFiles/duckdb_aggr_holistic.dir/ub_duckdb_aggr_holistic.cpp.o -MF src/function/aggregate/holistic/CMakeFiles/duckdb_aggr_holistic.dir/ub_duckdb_aggr_holistic.cpp.o.d -o src/function/aggregate/holistic/CMakeFiles/duckdb_aggr_holistic.dir/ub_duckdb_aggr_holistic.cpp.o -c /home/pei/Project/duckdb-polr/build/release/src/function/aggregate/holistic/ub_duckdb_aggr_holistic.cpp
[99/376] /usr/bin/ccache /usr/lib/ccache/c++ -DDUCKDB -DDUCKDB_BUILD_LIBRARY -DDUCKDB_MAIN_LIBRARY -DENABLE_CROSS_PRODUCT_REWRITE=1 -DENABLE_DEBUG_PRINT=0 -DENABLE_MEASURE_EXE_TIME=0 -DENABLE_MERGE_BACK_PLAN=0 -DENABLE_PARALLEL_EXECUTION=0 -DENABLE_QUERY_SPLIT=1 -DENABLE_SPECIFY_EST_STAT=0 -I/home/pei/Project/duckdb-polr/src/include -I/home/pei/Project/duckdb-polr/third_party/fsst -I/home/pei/Project/duckdb-polr/third_party/fmt/include -I/home/pei/Project/duckdb-polr/third_party/hyperloglog -I/home/pei/Project/duckdb-polr/third_party/fastpforlib -I/home/pei/Project/duckdb-polr/third_party/fast_float -I/home/pei/Project/duckdb-polr/third_party/re2 -I/home/pei/Project/duckdb-polr/third_party/miniz -I/home/pei/Project/duckdb-polr/third_party/utf8proc/include -I/home/pei/Project/duckdb-polr/third_party/miniparquet -I/home/pei/Project/duckdb-polr/third_party/concurrentqueue -I/home/pei/Project/duckdb-polr/third_party/pcg -I/home/pei/Project/duckdb-polr/third_party/tdigest -I/home/pei/Project/duckdb-polr/third_party/mbedtls/include -I/home/pei/Project/duckdb-polr/third_party/jaro_winkler -O3 -DNDEBUG -O3 -DNDEBUG   -fPIC -fdiagnostics-color=always -std=c++11 -MD -MT src/execution/operator/persistent/CMakeFiles/duckdb_operator_persistent.dir/ub_duckdb_operator_persistent.cpp.o -MF src/execution/operator/persistent/CMakeFiles/duckdb_operator_persistent.dir/ub_duckdb_operator_persistent.cpp.o.d -o src/execution/operator/persistent/CMakeFiles/duckdb_operator_persistent.dir/ub_duckdb_operator_persistent.cpp.o -c /home/pei/Project/duckdb-polr/build/release/src/execution/operator/persistent/ub_duckdb_operator_persistent.cpp
[100/376] /usr/bin/ccache /usr/lib/ccache/c++ -DBUILD_JEMALLOC_EXTENSION=ON -DDUCKDB -DDUCKDB_BUILD_LIBRARY -DDUCKDB_MAIN_LIBRARY -DENABLE_CROSS_PRODUCT_REWRITE=1 -DENABLE_DEBUG_PRINT=0 -DENABLE_MEASURE_EXE_TIME=0 -DENABLE_MERGE_BACK_PLAN=0 -DENABLE_PARALLEL_EXECUTION=0 -DENABLE_QUERY_SPLIT=1 -DENABLE_SPECIFY_EST_STAT=0 -I/home/pei/Project/duckdb-polr/src/include -I/home/pei/Project/duckdb-polr/third_party/fsst -I/home/pei/Project/duckdb-polr/third_party/fmt/include -I/home/pei/Project/duckdb-polr/third_party/hyperloglog -I/home/pei/Project/duckdb-polr/third_party/fastpforlib -I/home/pei/Project/duckdb-polr/third_party/fast_float -I/home/pei/Project/duckdb-polr/third_party/re2 -I/home/pei/Project/duckdb-polr/third_party/miniz -I/home/pei/Project/duckdb-polr/third_party/utf8proc/include -I/home/pei/Project/duckdb-polr/third_party/miniparquet -I/home/pei/Project/duckdb-polr/third_party/concurrentqueue -I/home/pei/Project/duckdb-polr/third_party/pcg -I/home/pei/Project/duckdb-polr/third_party/tdigest -I/home/pei/Project/duckdb-polr/third_party/mbedtls/include -I/home/pei/Project/duckdb-polr/third_party/jaro_winkler -I/home/pei/Project/duckdb-polr/extension/jemalloc/include -O3 -DNDEBUG -O3 -DNDEBUG   -fPIC -fdiagnostics-color=always -std=c++11 -MD -MT src/common/CMakeFiles/duckdb_common.dir/ub_duckdb_common.cpp.o -MF src/common/CMakeFiles/duckdb_common.dir/ub_duckdb_common.cpp.o.d -o src/common/CMakeFiles/duckdb_common.dir/ub_duckdb_common.cpp.o -c /home/pei/Project/duckdb-polr/build/release/src/common/ub_duckdb_common.cpp
[101/376] /usr/bin/ccache /usr/lib/ccache/c++ -DDUCKDB -DDUCKDB_BUILD_LIBRARY -DDUCKDB_MAIN_LIBRARY -DENABLE_CROSS_PRODUCT_REWRITE=1 -DENABLE_DEBUG_PRINT=0 -DENABLE_MEASURE_EXE_TIME=0 -DENABLE_MERGE_BACK_PLAN=0 -DENABLE_PARALLEL_EXECUTION=0 -DENABLE_QUERY_SPLIT=1 -DENABLE_SPECIFY_EST_STAT=0 -I/home/pei/Project/duckdb-polr/src/include -I/home/pei/Project/duckdb-polr/third_party/fsst -I/home/pei/Project/duckdb-polr/third_party/fmt/include -I/home/pei/Project/duckdb-polr/third_party/hyperloglog -I/home/pei/Project/duckdb-polr/third_party/fastpforlib -I/home/pei/Project/duckdb-polr/third_party/fast_float -I/home/pei/Project/duckdb-polr/third_party/re2 -I/home/pei/Project/duckdb-polr/third_party/miniz -I/home/pei/Project/duckdb-polr/third_party/utf8proc/include -I/home/pei/Project/duckdb-polr/third_party/miniparquet -I/home/pei/Project/duckdb-polr/third_party/concurrentqueue -I/home/pei/Project/duckdb-polr/third_party/pcg -I/home/pei/Project/duckdb-polr/third_party/tdigest -I/home/pei/Project/duckdb-polr/third_party/mbedtls/include -I/home/pei/Project/duckdb-polr/third_party/jaro_winkler -O3 -DNDEBUG -O3 -DNDEBUG   -fPIC -fdiagnostics-color=always -std=c++11 -MD -MT src/main/settings/CMakeFiles/duckdb_main_settings.dir/ub_duckdb_main_settings.cpp.o -MF src/main/settings/CMakeFiles/duckdb_main_settings.dir/ub_duckdb_main_settings.cpp.o.d -o src/main/settings/CMakeFiles/duckdb_main_settings.dir/ub_duckdb_main_settings.cpp.o -c /home/pei/Project/duckdb-polr/build/release/src/main/settings/ub_duckdb_main_settings.cpp
[102/376] /usr/bin/ccache /usr/lib/ccache/c++ -DDUCKDB -DDUCKDB_BUILD_LIBRARY -DDUCKDB_MAIN_LIBRARY -DENABLE_CROSS_PRODUCT_REWRITE=1 -DENABLE_DEBUG_PRINT=0 -DENABLE_MEASURE_EXE_TIME=0 -DENABLE_MERGE_BACK_PLAN=0 -DENABLE_PARALLEL_EXECUTION=0 -DENABLE_QUERY_SPLIT=1 -DENABLE_SPECIFY_EST_STAT=0 -I/home/pei/Project/duckdb-polr/src/include -I/home/pei/Project/duckdb-polr/third_party/fsst -I/home/pei/Project/duckdb-polr/third_party/fmt/include -I/home/pei/Project/duckdb-polr/third_party/hyperloglog -I/home/pei/Project/duckdb-polr/third_party/fastpforlib -I/home/pei/Project/duckdb-polr/third_party/fast_float -I/home/pei/Project/duckdb-polr/third_party/re2 -I/home/pei/Project/duckdb-polr/third_party/miniz -I/home/pei/Project/duckdb-polr/third_party/utf8proc/include -I/home/pei/Project/duckdb-polr/third_party/miniparquet -I/home/pei/Project/duckdb-polr/third_party/concurrentqueue -I/home/pei/Project/duckdb-polr/third_party/pcg -I/home/pei/Project/duckdb-polr/third_party/tdigest -I/home/pei/Project/duckdb-polr/third_party/mbedtls/include -I/home/pei/Project/duckdb-polr/third_party/jaro_winkler -O3 -DNDEBUG -O3 -DNDEBUG   -fPIC -fdiagnostics-color=always -std=c++11 -MD -MT src/execution/physical_plan/CMakeFiles/duckdb_physical_plan.dir/ub_duckdb_physical_plan.cpp.o -MF src/execution/physical_plan/CMakeFiles/duckdb_physical_plan.dir/ub_duckdb_physical_plan.cpp.o.d -o src/execution/physical_plan/CMakeFiles/duckdb_physical_plan.dir/ub_duckdb_physical_plan.cpp.o -c /home/pei/Project/duckdb-polr/build/release/src/execution/physical_plan/ub_duckdb_physical_plan.cpp
[103/376] /usr/bin/ccache /usr/lib/ccache/c++ -DDUCKDB -DDUCKDB_BUILD_LIBRARY -DDUCKDB_MAIN_LIBRARY -DENABLE_CROSS_PRODUCT_REWRITE=1 -DENABLE_DEBUG_PRINT=0 -DENABLE_MEASURE_EXE_TIME=0 -DENABLE_MERGE_BACK_PLAN=0 -DENABLE_PARALLEL_EXECUTION=0 -DENABLE_QUERY_SPLIT=1 -DENABLE_SPECIFY_EST_STAT=0 -I/home/pei/Project/duckdb-polr/src/include -I/home/pei/Project/duckdb-polr/third_party/fsst -I/home/pei/Project/duckdb-polr/third_party/fmt/include -I/home/pei/Project/duckdb-polr/third_party/hyperloglog -I/home/pei/Project/duckdb-polr/third_party/fastpforlib -I/home/pei/Project/duckdb-polr/third_party/fast_float -I/home/pei/Project/duckdb-polr/third_party/re2 -I/home/pei/Project/duckdb-polr/third_party/miniz -I/home/pei/Project/duckdb-polr/third_party/utf8proc/include -I/home/pei/Project/duckdb-polr/third_party/miniparquet -I/home/pei/Project/duckdb-polr/third_party/concurrentqueue -I/home/pei/Project/duckdb-polr/third_party/pcg -I/home/pei/Project/duckdb-polr/third_party/tdigest -I/home/pei/Project/duckdb-polr/third_party/mbedtls/include -I/home/pei/Project/duckdb-polr/third_party/jaro_winkler -O3 -DNDEBUG -O3 -DNDEBUG   -fPIC -fdiagnostics-color=always -std=c++11 -MD -MT src/main/capi/CMakeFiles/duckdb_main_capi.dir/ub_duckdb_main_capi.cpp.o -MF src/main/capi/CMakeFiles/duckdb_main_capi.dir/ub_duckdb_main_capi.cpp.o.d -o src/main/capi/CMakeFiles/duckdb_main_capi.dir/ub_duckdb_main_capi.cpp.o -c /home/pei/Project/duckdb-polr/build/release/src/main/capi/ub_duckdb_main_capi.cpp
[104/376] /usr/bin/ccache /usr/lib/ccache/c++ -DDUCKDB -DDUCKDB_BUILD_LIBRARY -DDUCKDB_MAIN_LIBRARY -DENABLE_CROSS_PRODUCT_REWRITE=1 -DENABLE_DEBUG_PRINT=0 -DENABLE_MEASURE_EXE_TIME=0 -DENABLE_MERGE_BACK_PLAN=0 -DENABLE_PARALLEL_EXECUTION=0 -DENABLE_QUERY_SPLIT=1 -DENABLE_SPECIFY_EST_STAT=0 -I/home/pei/Project/duckdb-polr/src/include -I/home/pei/Project/duckdb-polr/third_party/fsst -I/home/pei/Project/duckdb-polr/third_party/fmt/include -I/home/pei/Project/duckdb-polr/third_party/hyperloglog -I/home/pei/Project/duckdb-polr/third_party/fastpforlib -I/home/pei/Project/duckdb-polr/third_party/fast_float -I/home/pei/Project/duckdb-polr/third_party/re2 -I/home/pei/Project/duckdb-polr/third_party/miniz -I/home/pei/Project/duckdb-polr/third_party/utf8proc/include -I/home/pei/Project/duckdb-polr/third_party/miniparquet -I/home/pei/Project/duckdb-polr/third_party/concurrentqueue -I/home/pei/Project/duckdb-polr/third_party/pcg -I/home/pei/Project/duckdb-polr/third_party/tdigest -I/home/pei/Project/duckdb-polr/third_party/mbedtls/include -I/home/pei/Project/duckdb-polr/third_party/jaro_winkler -O3 -DNDEBUG -O3 -DNDEBUG   -fPIC -fdiagnostics-color=always -std=c++11 -MD -MT src/storage/checkpoint/CMakeFiles/duckdb_storage_checkpoint.dir/ub_duckdb_storage_checkpoint.cpp.o -MF src/storage/checkpoint/CMakeFiles/duckdb_storage_checkpoint.dir/ub_duckdb_storage_checkpoint.cpp.o.d -o src/storage/checkpoint/CMakeFiles/duckdb_storage_checkpoint.dir/ub_duckdb_storage_checkpoint.cpp.o -c /home/pei/Project/duckdb-polr/build/release/src/storage/checkpoint/ub_duckdb_storage_checkpoint.cpp
[105/376] /usr/bin/ccache /usr/lib/ccache/c++ -DDUCKDB -DDUCKDB_BUILD_LIBRARY -DDUCKDB_MAIN_LIBRARY -DENABLE_CROSS_PRODUCT_REWRITE=1 -DENABLE_DEBUG_PRINT=0 -DENABLE_MEASURE_EXE_TIME=0 -DENABLE_MERGE_BACK_PLAN=0 -DENABLE_PARALLEL_EXECUTION=0 -DENABLE_QUERY_SPLIT=1 -DENABLE_SPECIFY_EST_STAT=0 -I/home/pei/Project/duckdb-polr/src/include -I/home/pei/Project/duckdb-polr/third_party/fsst -I/home/pei/Project/duckdb-polr/third_party/fmt/include -I/home/pei/Project/duckdb-polr/third_party/hyperloglog -I/home/pei/Project/duckdb-polr/third_party/fastpforlib -I/home/pei/Project/duckdb-polr/third_party/fast_float -I/home/pei/Project/duckdb-polr/third_party/re2 -I/home/pei/Project/duckdb-polr/third_party/miniz -I/home/pei/Project/duckdb-polr/third_party/utf8proc/include -I/home/pei/Project/duckdb-polr/third_party/miniparquet -I/home/pei/Project/duckdb-polr/third_party/concurrentqueue -I/home/pei/Project/duckdb-polr/third_party/pcg -I/home/pei/Project/duckdb-polr/third_party/tdigest -I/home/pei/Project/duckdb-polr/third_party/mbedtls/include -I/home/pei/Project/duckdb-polr/third_party/jaro_winkler -O3 -DNDEBUG -O3 -DNDEBUG   -fPIC -fdiagnostics-color=always -std=c++11 -MD -MT src/verification/CMakeFiles/duckdb_verification.dir/external_statement_verifier.cpp.o -MF src/verification/CMakeFiles/duckdb_verification.dir/external_statement_verifier.cpp.o.d -o src/verification/CMakeFiles/duckdb_verification.dir/external_statement_verifier.cpp.o -c /home/pei/Project/duckdb-polr/src/verification/external_statement_verifier.cpp
[106/376] /usr/bin/ccache /usr/lib/ccache/c++ -DDUCKDB -DDUCKDB_BUILD_LIBRARY -DDUCKDB_MAIN_LIBRARY -DENABLE_CROSS_PRODUCT_REWRITE=1 -DENABLE_DEBUG_PRINT=0 -DENABLE_MEASURE_EXE_TIME=0 -DENABLE_MERGE_BACK_PLAN=0 -DENABLE_PARALLEL_EXECUTION=0 -DENABLE_QUERY_SPLIT=1 -DENABLE_SPECIFY_EST_STAT=0 -I/home/pei/Project/duckdb-polr/src/include -I/home/pei/Project/duckdb-polr/third_party/fsst -I/home/pei/Project/duckdb-polr/third_party/fmt/include -I/home/pei/Project/duckdb-polr/third_party/hyperloglog -I/home/pei/Project/duckdb-polr/third_party/fastpforlib -I/home/pei/Project/duckdb-polr/third_party/fast_float -I/home/pei/Project/duckdb-polr/third_party/re2 -I/home/pei/Project/duckdb-polr/third_party/miniz -I/home/pei/Project/duckdb-polr/third_party/utf8proc/include -I/home/pei/Project/duckdb-polr/third_party/miniparquet -I/home/pei/Project/duckdb-polr/third_party/concurrentqueue -I/home/pei/Project/duckdb-polr/third_party/pcg -I/home/pei/Project/duckdb-polr/third_party/tdigest -I/home/pei/Project/duckdb-polr/third_party/mbedtls/include -I/home/pei/Project/duckdb-polr/third_party/jaro_winkler -O3 -DNDEBUG -O3 -DNDEBUG   -fPIC -fdiagnostics-color=always -std=c++11 -MD -MT src/verification/CMakeFiles/duckdb_verification.dir/copied_statement_verifier.cpp.o -MF src/verification/CMakeFiles/duckdb_verification.dir/copied_statement_verifier.cpp.o.d -o src/verification/CMakeFiles/duckdb_verification.dir/copied_statement_verifier.cpp.o -c /home/pei/Project/duckdb-polr/src/verification/copied_statement_verifier.cpp
[107/376] /usr/bin/ccache /usr/lib/ccache/c++ -DDUCKDB -DDUCKDB_BUILD_LIBRARY -DDUCKDB_MAIN_LIBRARY -DENABLE_CROSS_PRODUCT_REWRITE=1 -DENABLE_DEBUG_PRINT=0 -DENABLE_MEASURE_EXE_TIME=0 -DENABLE_MERGE_BACK_PLAN=0 -DENABLE_PARALLEL_EXECUTION=0 -DENABLE_QUERY_SPLIT=1 -DENABLE_SPECIFY_EST_STAT=0 -I/home/pei/Project/duckdb-polr/src/include -I/home/pei/Project/duckdb-polr/third_party/fsst -I/home/pei/Project/duckdb-polr/third_party/fmt/include -I/home/pei/Project/duckdb-polr/third_party/hyperloglog -I/home/pei/Project/duckdb-polr/third_party/fastpforlib -I/home/pei/Project/duckdb-polr/third_party/fast_float -I/home/pei/Project/duckdb-polr/third_party/re2 -I/home/pei/Project/duckdb-polr/third_party/miniz -I/home/pei/Project/duckdb-polr/third_party/utf8proc/include -I/home/pei/Project/duckdb-polr/third_party/miniparquet -I/home/pei/Project/duckdb-polr/third_party/concurrentqueue -I/home/pei/Project/duckdb-polr/third_party/pcg -I/home/pei/Project/duckdb-polr/third_party/tdigest -I/home/pei/Project/duckdb-polr/third_party/mbedtls/include -I/home/pei/Project/duckdb-polr/third_party/jaro_winkler -O3 -DNDEBUG -O3 -DNDEBUG   -fPIC -fdiagnostics-color=always -std=c++11 -MD -MT src/main/relation/CMakeFiles/duckdb_main_relation.dir/ub_duckdb_main_relation.cpp.o -MF src/main/relation/CMakeFiles/duckdb_main_relation.dir/ub_duckdb_main_relation.cpp.o.d -o src/main/relation/CMakeFiles/duckdb_main_relation.dir/ub_duckdb_main_relation.cpp.o -c /home/pei/Project/duckdb-polr/build/release/src/main/relation/ub_duckdb_main_relation.cpp
[108/376] /usr/bin/ccache /usr/lib/ccache/c++ -DDUCKDB -DDUCKDB_BUILD_LIBRARY -DDUCKDB_MAIN_LIBRARY -DENABLE_CROSS_PRODUCT_REWRITE=1 -DENABLE_DEBUG_PRINT=0 -DENABLE_MEASURE_EXE_TIME=0 -DENABLE_MERGE_BACK_PLAN=0 -DENABLE_PARALLEL_EXECUTION=0 -DENABLE_QUERY_SPLIT=1 -DENABLE_SPECIFY_EST_STAT=0 -I/home/pei/Project/duckdb-polr/src/include -I/home/pei/Project/duckdb-polr/third_party/fsst -I/home/pei/Project/duckdb-polr/third_party/fmt/include -I/home/pei/Project/duckdb-polr/third_party/hyperloglog -I/home/pei/Project/duckdb-polr/third_party/fastpforlib -I/home/pei/Project/duckdb-polr/third_party/fast_float -I/home/pei/Project/duckdb-polr/third_party/re2 -I/home/pei/Project/duckdb-polr/third_party/miniz -I/home/pei/Project/duckdb-polr/third_party/utf8proc/include -I/home/pei/Project/duckdb-polr/third_party/miniparquet -I/home/pei/Project/duckdb-polr/third_party/concurrentqueue -I/home/pei/Project/duckdb-polr/third_party/pcg -I/home/pei/Project/duckdb-polr/third_party/tdigest -I/home/pei/Project/duckdb-polr/third_party/mbedtls/include -I/home/pei/Project/duckdb-polr/third_party/jaro_winkler -O3 -DNDEBUG -O3 -DNDEBUG   -fPIC -fdiagnostics-color=always -std=c++11 -MD -MT src/verification/CMakeFiles/duckdb_verification.dir/prepared_statement_verifier.cpp.o -MF src/verification/CMakeFiles/duckdb_verification.dir/prepared_statement_verifier.cpp.o.d -o src/verification/CMakeFiles/duckdb_verification.dir/prepared_statement_verifier.cpp.o -c /home/pei/Project/duckdb-polr/src/verification/prepared_statement_verifier.cpp
[109/376] /usr/bin/ccache /usr/lib/ccache/c++ -DDUCKDB -DDUCKDB_BUILD_LIBRARY -DDUCKDB_MAIN_LIBRARY -DENABLE_CROSS_PRODUCT_REWRITE=1 -DENABLE_DEBUG_PRINT=0 -DENABLE_MEASURE_EXE_TIME=0 -DENABLE_MERGE_BACK_PLAN=0 -DENABLE_PARALLEL_EXECUTION=0 -DENABLE_QUERY_SPLIT=1 -DENABLE_SPECIFY_EST_STAT=0 -I/home/pei/Project/duckdb-polr/src/include -I/home/pei/Project/duckdb-polr/third_party/fsst -I/home/pei/Project/duckdb-polr/third_party/fmt/include -I/home/pei/Project/duckdb-polr/third_party/hyperloglog -I/home/pei/Project/duckdb-polr/third_party/fastpforlib -I/home/pei/Project/duckdb-polr/third_party/fast_float -I/home/pei/Project/duckdb-polr/third_party/re2 -I/home/pei/Project/duckdb-polr/third_party/miniz -I/home/pei/Project/duckdb-polr/third_party/utf8proc/include -I/home/pei/Project/duckdb-polr/third_party/miniparquet -I/home/pei/Project/duckdb-polr/third_party/concurrentqueue -I/home/pei/Project/duckdb-polr/third_party/pcg -I/home/pei/Project/duckdb-polr/third_party/tdigest -I/home/pei/Project/duckdb-polr/third_party/mbedtls/include -I/home/pei/Project/duckdb-polr/third_party/jaro_winkler -O3 -DNDEBUG -O3 -DNDEBUG   -fPIC -fdiagnostics-color=always -std=c++11 -MD -MT src/verification/CMakeFiles/duckdb_verification.dir/deserialized_statement_verifier.cpp.o -MF src/verification/CMakeFiles/duckdb_verification.dir/deserialized_statement_verifier.cpp.o.d -o src/verification/CMakeFiles/duckdb_verification.dir/deserialized_statement_verifier.cpp.o -c /home/pei/Project/duckdb-polr/src/verification/deserialized_statement_verifier.cpp
[110/376] /usr/bin/ccache /usr/lib/ccache/c++ -DDUCKDB -DDUCKDB_BUILD_LIBRARY -DDUCKDB_MAIN_LIBRARY -DENABLE_CROSS_PRODUCT_REWRITE=1 -DENABLE_DEBUG_PRINT=0 -DENABLE_MEASURE_EXE_TIME=0 -DENABLE_MERGE_BACK_PLAN=0 -DENABLE_PARALLEL_EXECUTION=0 -DENABLE_QUERY_SPLIT=1 -DENABLE_SPECIFY_EST_STAT=0 -I/home/pei/Project/duckdb-polr/src/include -I/home/pei/Project/duckdb-polr/third_party/fsst -I/home/pei/Project/duckdb-polr/third_party/fmt/include -I/home/pei/Project/duckdb-polr/third_party/hyperloglog -I/home/pei/Project/duckdb-polr/third_party/fastpforlib -I/home/pei/Project/duckdb-polr/third_party/fast_float -I/home/pei/Project/duckdb-polr/third_party/re2 -I/home/pei/Project/duckdb-polr/third_party/miniz -I/home/pei/Project/duckdb-polr/third_party/utf8proc/include -I/home/pei/Project/duckdb-polr/third_party/miniparquet -I/home/pei/Project/duckdb-polr/third_party/concurrentqueue -I/home/pei/Project/duckdb-polr/third_party/pcg -I/home/pei/Project/duckdb-polr/third_party/tdigest -I/home/pei/Project/duckdb-polr/third_party/mbedtls/include -I/home/pei/Project/duckdb-polr/third_party/jaro_winkler -O3 -DNDEBUG -O3 -DNDEBUG   -fPIC -fdiagnostics-color=always -std=c++11 -MD -MT src/verification/CMakeFiles/duckdb_verification.dir/unoptimized_statement_verifier.cpp.o -MF src/verification/CMakeFiles/duckdb_verification.dir/unoptimized_statement_verifier.cpp.o.d -o src/verification/CMakeFiles/duckdb_verification.dir/unoptimized_statement_verifier.cpp.o -c /home/pei/Project/duckdb-polr/src/verification/unoptimized_statement_verifier.cpp
[111/376] /usr/bin/ccache /usr/lib/ccache/c++ -DDUCKDB -DDUCKDB_BUILD_LIBRARY -DDUCKDB_MAIN_LIBRARY -DENABLE_CROSS_PRODUCT_REWRITE=1 -DENABLE_DEBUG_PRINT=0 -DENABLE_MEASURE_EXE_TIME=0 -DENABLE_MERGE_BACK_PLAN=0 -DENABLE_PARALLEL_EXECUTION=0 -DENABLE_QUERY_SPLIT=1 -DENABLE_SPECIFY_EST_STAT=0 -I/home/pei/Project/duckdb-polr/src/include -I/home/pei/Project/duckdb-polr/third_party/fsst -I/home/pei/Project/duckdb-polr/third_party/fmt/include -I/home/pei/Project/duckdb-polr/third_party/hyperloglog -I/home/pei/Project/duckdb-polr/third_party/fastpforlib -I/home/pei/Project/duckdb-polr/third_party/fast_float -I/home/pei/Project/duckdb-polr/third_party/re2 -I/home/pei/Project/duckdb-polr/third_party/miniz -I/home/pei/Project/duckdb-polr/third_party/utf8proc/include -I/home/pei/Project/duckdb-polr/third_party/miniparquet -I/home/pei/Project/duckdb-polr/third_party/concurrentqueue -I/home/pei/Project/duckdb-polr/third_party/pcg -I/home/pei/Project/duckdb-polr/third_party/tdigest -I/home/pei/Project/duckdb-polr/third_party/mbedtls/include -I/home/pei/Project/duckdb-polr/third_party/jaro_winkler -O3 -DNDEBUG -O3 -DNDEBUG   -fPIC -fdiagnostics-color=always -std=c++11 -MD -MT src/verification/CMakeFiles/duckdb_verification.dir/statement_verifier.cpp.o -MF src/verification/CMakeFiles/duckdb_verification.dir/statement_verifier.cpp.o.d -o src/verification/CMakeFiles/duckdb_verification.dir/statement_verifier.cpp.o -c /home/pei/Project/duckdb-polr/src/verification/statement_verifier.cpp
[112/376] /usr/bin/ccache /usr/lib/ccache/c++ -DBUILD_JEMALLOC_EXTENSION=ON -DBUILD_PARQUET_EXTENSION=TRUE -DDUCKDB_BUILD_LIBRARY -DENABLE_CROSS_PRODUCT_REWRITE=1 -DENABLE_DEBUG_PRINT=0 -DENABLE_MEASURE_EXE_TIME=0 -DENABLE_MERGE_BACK_PLAN=0 -DENABLE_PARALLEL_EXECUTION=0 -DENABLE_QUERY_SPLIT=1 -DENABLE_SPECIFY_EST_STAT=0 -DSQLITE_SHELL_IS_UTF8 -DUSE_DUCKDB_SHELL_WRAPPER -I/home/pei/Project/duckdb-polr/src/include -I/home/pei/Project/duckdb-polr/third_party/fsst -I/home/pei/Project/duckdb-polr/third_party/fmt/include -I/home/pei/Project/duckdb-polr/third_party/hyperloglog -I/home/pei/Project/duckdb-polr/third_party/fastpforlib -I/home/pei/Project/duckdb-polr/third_party/fast_float -I/home/pei/Project/duckdb-polr/third_party/re2 -I/home/pei/Project/duckdb-polr/third_party/miniz -I/home/pei/Project/duckdb-polr/third_party/utf8proc/include -I/home/pei/Project/duckdb-polr/third_party/miniparquet -I/home/pei/Project/duckdb-polr/third_party/concurrentqueue -I/home/pei/Project/duckdb-polr/third_party/pcg -I/home/pei/Project/duckdb-polr/third_party/tdigest -I/home/pei/Project/duckdb-polr/third_party/mbedtls/include -I/home/pei/Project/duckdb-polr/third_party/jaro_winkler -I/home/pei/Project/duckdb-polr/tools/sqlite3_api_wrapper/include -I/home/pei/Project/duckdb-polr/tools/sqlite3_api_wrapper/sqlite3_udf_api/include -I/home/pei/Project/duckdb-polr/extension -I/home/pei/Project/duckdb-polr/extension/parquet/include -I/home/pei/Project/duckdb-polr/extension/jemalloc/include -I/home/pei/Project/duckdb-polr/tools/sqlite3_api_wrapper/../../third_party/utf8proc/include -I/home/pei/Project/duckdb-polr/tools/sqlite3_api_wrapper/../../third_party/catch -I/home/pei/Project/duckdb-polr/tools/sqlite3_api_wrapper/test/include -I/home/pei/Project/duckdb-polr/third_party/libpg_query/include -O3 -DNDEBUG -O3 -DNDEBUG   -fPIE -fdiagnostics-color=always -std=c++11 -MD -MT tools/sqlite3_api_wrapper/CMakeFiles/test_sqlite3_api_wrapper.dir/test/test_sqlite3_api_wrapper.cpp.o -MF tools/sqlite3_api_wrapper/CMakeFiles/test_sqlite3_api_wrapper.dir/test/test_sqlite3_api_wrapper.cpp.o.d -o tools/sqlite3_api_wrapper/CMakeFiles/test_sqlite3_api_wrapper.dir/test/test_sqlite3_api_wrapper.cpp.o -c /home/pei/Project/duckdb-polr/tools/sqlite3_api_wrapper/test/test_sqlite3_api_wrapper.cpp
[113/376] /usr/bin/ccache /usr/lib/ccache/c++ -DDUCKDB -DDUCKDB_BUILD_LIBRARY -DDUCKDB_MAIN_LIBRARY -DENABLE_CROSS_PRODUCT_REWRITE=1 -DENABLE_DEBUG_PRINT=0 -DENABLE_MEASURE_EXE_TIME=0 -DENABLE_MERGE_BACK_PLAN=0 -DENABLE_PARALLEL_EXECUTION=0 -DENABLE_QUERY_SPLIT=1 -DENABLE_SPECIFY_EST_STAT=0 -I/home/pei/Project/duckdb-polr/src/include -I/home/pei/Project/duckdb-polr/third_party/fsst -I/home/pei/Project/duckdb-polr/third_party/fmt/include -I/home/pei/Project/duckdb-polr/third_party/hyperloglog -I/home/pei/Project/duckdb-polr/third_party/fastpforlib -I/home/pei/Project/duckdb-polr/third_party/fast_float -I/home/pei/Project/duckdb-polr/third_party/re2 -I/home/pei/Project/duckdb-polr/third_party/miniz -I/home/pei/Project/duckdb-polr/third_party/utf8proc/include -I/home/pei/Project/duckdb-polr/third_party/miniparquet -I/home/pei/Project/duckdb-polr/third_party/concurrentqueue -I/home/pei/Project/duckdb-polr/third_party/pcg -I/home/pei/Project/duckdb-polr/third_party/tdigest -I/home/pei/Project/duckdb-polr/third_party/mbedtls/include -I/home/pei/Project/duckdb-polr/third_party/jaro_winkler -O3 -DNDEBUG -O3 -DNDEBUG   -fPIC -fdiagnostics-color=always -std=c++11 -MD -MT src/verification/CMakeFiles/duckdb_verification.dir/parsed_statement_verifier.cpp.o -MF src/verification/CMakeFiles/duckdb_verification.dir/parsed_statement_verifier.cpp.o.d -o src/verification/CMakeFiles/duckdb_verification.dir/parsed_statement_verifier.cpp.o -c /home/pei/Project/duckdb-polr/src/verification/parsed_statement_verifier.cpp
[114/376] /usr/bin/ccache /usr/lib/ccache/cc -DDUCKDB_BUILD_LIBRARY -DENABLE_CROSS_PRODUCT_REWRITE=1 -DENABLE_DEBUG_PRINT=0 -DENABLE_MEASURE_EXE_TIME=0 -DENABLE_MERGE_BACK_PLAN=0 -DENABLE_PARALLEL_EXECUTION=0 -DENABLE_QUERY_SPLIT=1 -DENABLE_SPECIFY_EST_STAT=0 -DUSE_DUCKDB_SHELL_WRAPPER -I/home/pei/Project/duckdb-polr/src/include -I/home/pei/Project/duckdb-polr/third_party/fsst -I/home/pei/Project/duckdb-polr/third_party/fmt/include -I/home/pei/Project/duckdb-polr/third_party/hyperloglog -I/home/pei/Project/duckdb-polr/third_party/fastpforlib -I/home/pei/Project/duckdb-polr/third_party/fast_float -I/home/pei/Project/duckdb-polr/third_party/re2 -I/home/pei/Project/duckdb-polr/third_party/miniz -I/home/pei/Project/duckdb-polr/third_party/utf8proc/include -I/home/pei/Project/duckdb-polr/third_party/miniparquet -I/home/pei/Project/duckdb-polr/third_party/concurrentqueue -I/home/pei/Project/duckdb-polr/third_party/pcg -I/home/pei/Project/duckdb-polr/third_party/tdigest -I/home/pei/Project/duckdb-polr/third_party/mbedtls/include -I/home/pei/Project/duckdb-polr/third_party/jaro_winkler -I/home/pei/Project/duckdb-polr/tools/sqlite3_api_wrapper/include -O3 -DNDEBUG -O3 -DNDEBUG   -fPIC -fdiagnostics-color=always -MD -MT tools/sqlite3_api_wrapper/sqlite3/CMakeFiles/sqlite3_api_wrapper_sqlite3.dir/printf.c.o -MF tools/sqlite3_api_wrapper/sqlite3/CMakeFiles/sqlite3_api_wrapper_sqlite3.dir/printf.c.o.d -o tools/sqlite3_api_wrapper/sqlite3/CMakeFiles/sqlite3_api_wrapper_sqlite3.dir/printf.c.o -c /home/pei/Project/duckdb-polr/tools/sqlite3_api_wrapper/sqlite3/printf.c
[115/376] /usr/bin/ccache /usr/lib/ccache/cc -DDUCKDB_BUILD_LIBRARY -DENABLE_CROSS_PRODUCT_REWRITE=1 -DENABLE_DEBUG_PRINT=0 -DENABLE_MEASURE_EXE_TIME=0 -DENABLE_MERGE_BACK_PLAN=0 -DENABLE_PARALLEL_EXECUTION=0 -DENABLE_QUERY_SPLIT=1 -DENABLE_SPECIFY_EST_STAT=0 -DUSE_DUCKDB_SHELL_WRAPPER -I/home/pei/Project/duckdb-polr/src/include -I/home/pei/Project/duckdb-polr/third_party/fsst -I/home/pei/Project/duckdb-polr/third_party/fmt/include -I/home/pei/Project/duckdb-polr/third_party/hyperloglog -I/home/pei/Project/duckdb-polr/third_party/fastpforlib -I/home/pei/Project/duckdb-polr/third_party/fast_float -I/home/pei/Project/duckdb-polr/third_party/re2 -I/home/pei/Project/duckdb-polr/third_party/miniz -I/home/pei/Project/duckdb-polr/third_party/utf8proc/include -I/home/pei/Project/duckdb-polr/third_party/miniparquet -I/home/pei/Project/duckdb-polr/third_party/concurrentqueue -I/home/pei/Project/duckdb-polr/third_party/pcg -I/home/pei/Project/duckdb-polr/third_party/tdigest -I/home/pei/Project/duckdb-polr/third_party/mbedtls/include -I/home/pei/Project/duckdb-polr/third_party/jaro_winkler -I/home/pei/Project/duckdb-polr/tools/sqlite3_api_wrapper/include -O3 -DNDEBUG -O3 -DNDEBUG   -fPIC -fdiagnostics-color=always -MD -MT tools/sqlite3_api_wrapper/sqlite3/CMakeFiles/sqlite3_api_wrapper_sqlite3.dir/strglob.c.o -MF tools/sqlite3_api_wrapper/sqlite3/CMakeFiles/sqlite3_api_wrapper_sqlite3.dir/strglob.c.o.d -o tools/sqlite3_api_wrapper/sqlite3/CMakeFiles/sqlite3_api_wrapper_sqlite3.dir/strglob.c.o -c /home/pei/Project/duckdb-polr/tools/sqlite3_api_wrapper/sqlite3/strglob.c
[116/376] /usr/bin/ccache /usr/lib/ccache/c++ -DDUCKDB -DDUCKDB_BUILD_LIBRARY -DDUCKDB_MAIN_LIBRARY -DENABLE_CROSS_PRODUCT_REWRITE=1 -DENABLE_DEBUG_PRINT=0 -DENABLE_MEASURE_EXE_TIME=0 -DENABLE_MERGE_BACK_PLAN=0 -DENABLE_PARALLEL_EXECUTION=0 -DENABLE_QUERY_SPLIT=1 -DENABLE_SPECIFY_EST_STAT=0 -I/home/pei/Project/duckdb-polr/src/include -I/home/pei/Project/duckdb-polr/third_party/fsst -I/home/pei/Project/duckdb-polr/third_party/fmt/include -I/home/pei/Project/duckdb-polr/third_party/hyperloglog -I/home/pei/Project/duckdb-polr/third_party/fastpforlib -I/home/pei/Project/duckdb-polr/third_party/fast_float -I/home/pei/Project/duckdb-polr/third_party/re2 -I/home/pei/Project/duckdb-polr/third_party/miniz -I/home/pei/Project/duckdb-polr/third_party/utf8proc/include -I/home/pei/Project/duckdb-polr/third_party/miniparquet -I/home/pei/Project/duckdb-polr/third_party/concurrentqueue -I/home/pei/Project/duckdb-polr/third_party/pcg -I/home/pei/Project/duckdb-polr/third_party/tdigest -I/home/pei/Project/duckdb-polr/third_party/mbedtls/include -I/home/pei/Project/duckdb-polr/third_party/jaro_winkler -O3 -DNDEBUG -O3 -DNDEBUG   -fPIC -fdiagnostics-color=always -std=c++11 -MD -MT src/transaction/CMakeFiles/duckdb_transaction.dir/ub_duckdb_transaction.cpp.o -MF src/transaction/CMakeFiles/duckdb_transaction.dir/ub_duckdb_transaction.cpp.o.d -o src/transaction/CMakeFiles/duckdb_transaction.dir/ub_duckdb_transaction.cpp.o -c /home/pei/Project/duckdb-polr/build/release/src/transaction/ub_duckdb_transaction.cpp
[117/376] /usr/bin/ccache /usr/lib/ccache/cc -DDUCKDB_BUILD_LIBRARY -DENABLE_CROSS_PRODUCT_REWRITE=1 -DENABLE_DEBUG_PRINT=0 -DENABLE_MEASURE_EXE_TIME=0 -DENABLE_MERGE_BACK_PLAN=0 -DENABLE_PARALLEL_EXECUTION=0 -DENABLE_QUERY_SPLIT=1 -DENABLE_SPECIFY_EST_STAT=0 -DHAVE_LINENOISE=1 -DSQLITE_OMIT_LOAD_EXTENSION=1 -I/home/pei/Project/duckdb-polr/src/include -I/home/pei/Project/duckdb-polr/third_party/fsst -I/home/pei/Project/duckdb-polr/third_party/fmt/include -I/home/pei/Project/duckdb-polr/third_party/hyperloglog -I/home/pei/Project/duckdb-polr/third_party/fastpforlib -I/home/pei/Project/duckdb-polr/third_party/fast_float -I/home/pei/Project/duckdb-polr/third_party/re2 -I/home/pei/Project/duckdb-polr/third_party/miniz -I/home/pei/Project/duckdb-polr/third_party/utf8proc/include -I/home/pei/Project/duckdb-polr/third_party/miniparquet -I/home/pei/Project/duckdb-polr/third_party/concurrentqueue -I/home/pei/Project/duckdb-polr/third_party/pcg -I/home/pei/Project/duckdb-polr/third_party/tdigest -I/home/pei/Project/duckdb-polr/third_party/mbedtls/include -I/home/pei/Project/duckdb-polr/third_party/jaro_winkler -I/home/pei/Project/duckdb-polr/tools/shell/../../third_party/utf8proc/include -I/home/pei/Project/duckdb-polr/tools/shell/include -I/home/pei/Project/duckdb-polr/tools/shell/../sqlite3_api_wrapper/include -I/home/pei/Project/duckdb-polr/third_party/libpg_query/include -O3 -DNDEBUG -O3 -DNDEBUG   -fPIE -fdiagnostics-color=always -MD -MT tools/shell/CMakeFiles/shell.dir/shell.c.o -MF tools/shell/CMakeFiles/shell.dir/shell.c.o.d -o tools/shell/CMakeFiles/shell.dir/shell.c.o -c /home/pei/Project/duckdb-polr/tools/shell/shell.c
[118/376] /usr/bin/ccache /usr/lib/ccache/c++ -DDUCKDB_BUILD_LIBRARY -DENABLE_CROSS_PRODUCT_REWRITE=1 -DENABLE_DEBUG_PRINT=0 -DENABLE_MEASURE_EXE_TIME=0 -DENABLE_MERGE_BACK_PLAN=0 -DENABLE_PARALLEL_EXECUTION=0 -DENABLE_QUERY_SPLIT=1 -DENABLE_SPECIFY_EST_STAT=0 -DHAVE_LINENOISE=1 -DSQLITE_OMIT_LOAD_EXTENSION=1 -I/home/pei/Project/duckdb-polr/src/include -I/home/pei/Project/duckdb-polr/third_party/fsst -I/home/pei/Project/duckdb-polr/third_party/fmt/include -I/home/pei/Project/duckdb-polr/third_party/hyperloglog -I/home/pei/Project/duckdb-polr/third_party/fastpforlib -I/home/pei/Project/duckdb-polr/third_party/fast_float -I/home/pei/Project/duckdb-polr/third_party/re2 -I/home/pei/Project/duckdb-polr/third_party/miniz -I/home/pei/Project/duckdb-polr/third_party/utf8proc/include -I/home/pei/Project/duckdb-polr/third_party/miniparquet -I/home/pei/Project/duckdb-polr/third_party/concurrentqueue -I/home/pei/Project/duckdb-polr/third_party/pcg -I/home/pei/Project/duckdb-polr/third_party/tdigest -I/home/pei/Project/duckdb-polr/third_party/mbedtls/include -I/home/pei/Project/duckdb-polr/third_party/jaro_winkler -I/home/pei/Project/duckdb-polr/tools/shell/../../third_party/utf8proc/include -I/home/pei/Project/duckdb-polr/tools/shell/include -I/home/pei/Project/duckdb-polr/tools/shell/../sqlite3_api_wrapper/include -I/home/pei/Project/duckdb-polr/third_party/libpg_query/include -O3 -DNDEBUG -O3 -DNDEBUG   -fPIE -fdiagnostics-color=always -std=c++11 -MD -MT tools/shell/CMakeFiles/shell.dir/linenoise.cpp.o -MF tools/shell/CMakeFiles/shell.dir/linenoise.cpp.o.d -o tools/shell/CMakeFiles/shell.dir/linenoise.cpp.o -c /home/pei/Project/duckdb-polr/tools/shell/linenoise.cpp
[119/376] /usr/bin/ccache /usr/lib/ccache/c++ -DDUCKDB -DDUCKDB_BUILD_LIBRARY -DDUCKDB_MAIN_LIBRARY -DENABLE_CROSS_PRODUCT_REWRITE=1 -DENABLE_DEBUG_PRINT=0 -DENABLE_MEASURE_EXE_TIME=0 -DENABLE_MERGE_BACK_PLAN=0 -DENABLE_PARALLEL_EXECUTION=0 -DENABLE_QUERY_SPLIT=1 -DENABLE_SPECIFY_EST_STAT=0 -I/home/pei/Project/duckdb-polr/src/include -I/home/pei/Project/duckdb-polr/third_party/fsst -I/home/pei/Project/duckdb-polr/third_party/fmt/include -I/home/pei/Project/duckdb-polr/third_party/hyperloglog -I/home/pei/Project/duckdb-polr/third_party/fastpforlib -I/home/pei/Project/duckdb-polr/third_party/fast_float -I/home/pei/Project/duckdb-polr/third_party/re2 -I/home/pei/Project/duckdb-polr/third_party/miniz -I/home/pei/Project/duckdb-polr/third_party/utf8proc/include -I/home/pei/Project/duckdb-polr/third_party/miniparquet -I/home/pei/Project/duckdb-polr/third_party/concurrentqueue -I/home/pei/Project/duckdb-polr/third_party/pcg -I/home/pei/Project/duckdb-polr/third_party/tdigest -I/home/pei/Project/duckdb-polr/third_party/mbedtls/include -I/home/pei/Project/duckdb-polr/third_party/jaro_winkler -O3 -DNDEBUG -O3 -DNDEBUG   -fPIC -fdiagnostics-color=always -std=c++11 -MD -MT src/parallel/CMakeFiles/duckdb_parallel.dir/ub_duckdb_parallel.cpp.o -MF src/parallel/CMakeFiles/duckdb_parallel.dir/ub_duckdb_parallel.cpp.o.d -o src/parallel/CMakeFiles/duckdb_parallel.dir/ub_duckdb_parallel.cpp.o -c /home/pei/Project/duckdb-polr/build/release/src/parallel/ub_duckdb_parallel.cpp
[120/376] /usr/bin/ccache /usr/lib/ccache/c++ -DBUILD_JEMALLOC_EXTENSION=ON -DBUILD_PARQUET_EXTENSION=TRUE -DDUCKDB -DDUCKDB_BUILD_LIBRARY -DDUCKDB_MAIN_LIBRARY -DENABLE_CROSS_PRODUCT_REWRITE=1 -DENABLE_DEBUG_PRINT=0 -DENABLE_MEASURE_EXE_TIME=0 -DENABLE_MERGE_BACK_PLAN=0 -DENABLE_PARALLEL_EXECUTION=0 -DENABLE_QUERY_SPLIT=1 -DENABLE_SPECIFY_EST_STAT=0 -I/home/pei/Project/duckdb-polr/src/include -I/home/pei/Project/duckdb-polr/third_party/fsst -I/home/pei/Project/duckdb-polr/third_party/fmt/include -I/home/pei/Project/duckdb-polr/third_party/hyperloglog -I/home/pei/Project/duckdb-polr/third_party/fastpforlib -I/home/pei/Project/duckdb-polr/third_party/fast_float -I/home/pei/Project/duckdb-polr/third_party/re2 -I/home/pei/Project/duckdb-polr/third_party/miniz -I/home/pei/Project/duckdb-polr/third_party/utf8proc/include -I/home/pei/Project/duckdb-polr/third_party/miniparquet -I/home/pei/Project/duckdb-polr/third_party/concurrentqueue -I/home/pei/Project/duckdb-polr/third_party/pcg -I/home/pei/Project/duckdb-polr/third_party/tdigest -I/home/pei/Project/duckdb-polr/third_party/mbedtls/include -I/home/pei/Project/duckdb-polr/third_party/jaro_winkler -I/home/pei/Project/duckdb-polr/src/main/extension/../../../third_party/httplib -I/home/pei/Project/duckdb-polr/extension -I/home/pei/Project/duckdb-polr/extension/parquet/include -I/home/pei/Project/duckdb-polr/extension/jemalloc/include -O3 -DNDEBUG -O3 -DNDEBUG   -fPIC -fdiagnostics-color=always -std=c++11 -MD -MT src/main/extension/CMakeFiles/duckdb_main_extension.dir/ub_duckdb_main_extension.cpp.o -MF src/main/extension/CMakeFiles/duckdb_main_extension.dir/ub_duckdb_main_extension.cpp.o.d -o src/main/extension/CMakeFiles/duckdb_main_extension.dir/ub_duckdb_main_extension.cpp.o -c /home/pei/Project/duckdb-polr/build/release/src/main/extension/ub_duckdb_main_extension.cpp
[121/376] /usr/bin/ccache /usr/lib/ccache/c++ -DBUILD_JEMALLOC_EXTENSION=ON -DBUILD_PARQUET_EXTENSION=TRUE -DDUCKDB_BUILD_LIBRARY -DENABLE_CROSS_PRODUCT_REWRITE=1 -DENABLE_DEBUG_PRINT=0 -DENABLE_MEASURE_EXE_TIME=0 -DENABLE_MERGE_BACK_PLAN=0 -DENABLE_PARALLEL_EXECUTION=0 -DENABLE_QUERY_SPLIT=1 -DENABLE_SPECIFY_EST_STAT=0 -DSQLITE_SHELL_IS_UTF8 -DUSE_DUCKDB_SHELL_WRAPPER -I/home/pei/Project/duckdb-polr/src/include -I/home/pei/Project/duckdb-polr/third_party/fsst -I/home/pei/Project/duckdb-polr/third_party/fmt/include -I/home/pei/Project/duckdb-polr/third_party/hyperloglog -I/home/pei/Project/duckdb-polr/third_party/fastpforlib -I/home/pei/Project/duckdb-polr/third_party/fast_float -I/home/pei/Project/duckdb-polr/third_party/re2 -I/home/pei/Project/duckdb-polr/third_party/miniz -I/home/pei/Project/duckdb-polr/third_party/utf8proc/include -I/home/pei/Project/duckdb-polr/third_party/miniparquet -I/home/pei/Project/duckdb-polr/third_party/concurrentqueue -I/home/pei/Project/duckdb-polr/third_party/pcg -I/home/pei/Project/duckdb-polr/third_party/tdigest -I/home/pei/Project/duckdb-polr/third_party/mbedtls/include -I/home/pei/Project/duckdb-polr/third_party/jaro_winkler -I/home/pei/Project/duckdb-polr/tools/sqlite3_api_wrapper/include -I/home/pei/Project/duckdb-polr/tools/sqlite3_api_wrapper/sqlite3_udf_api/include -I/home/pei/Project/duckdb-polr/extension -I/home/pei/Project/duckdb-polr/extension/parquet/include -I/home/pei/Project/duckdb-polr/extension/jemalloc/include -I/home/pei/Project/duckdb-polr/tools/sqlite3_api_wrapper/../../third_party/utf8proc/include -I/home/pei/Project/duckdb-polr/tools/sqlite3_api_wrapper/../../third_party/catch -I/home/pei/Project/duckdb-polr/tools/sqlite3_api_wrapper/test/include -I/home/pei/Project/duckdb-polr/third_party/libpg_query/include -O3 -DNDEBUG -O3 -DNDEBUG   -fPIC -fdiagnostics-color=always -std=c++11 -MD -MT tools/sqlite3_api_wrapper/CMakeFiles/sqlite3_api_wrapper_static.dir/sqlite3_api_wrapper.cpp.o -MF tools/sqlite3_api_wrapper/CMakeFiles/sqlite3_api_wrapper_static.dir/sqlite3_api_wrapper.cpp.o.d -o tools/sqlite3_api_wrapper/CMakeFiles/sqlite3_api_wrapper_static.dir/sqlite3_api_wrapper.cpp.o -c /home/pei/Project/duckdb-polr/tools/sqlite3_api_wrapper/sqlite3_api_wrapper.cpp
[122/376] /usr/bin/ccache /usr/lib/ccache/c++ -DBUILD_JEMALLOC_EXTENSION=ON -DBUILD_PARQUET_EXTENSION=TRUE -DDUCKDB_BUILD_LIBRARY -DENABLE_CROSS_PRODUCT_REWRITE=1 -DENABLE_DEBUG_PRINT=0 -DENABLE_MEASURE_EXE_TIME=0 -DENABLE_MERGE_BACK_PLAN=0 -DENABLE_PARALLEL_EXECUTION=0 -DENABLE_QUERY_SPLIT=1 -DENABLE_SPECIFY_EST_STAT=0 -DSQLITE_SHELL_IS_UTF8 -DUSE_DUCKDB_SHELL_WRAPPER -Dsqlite3_api_wrapper_EXPORTS -I/home/pei/Project/duckdb-polr/src/include -I/home/pei/Project/duckdb-polr/third_party/fsst -I/home/pei/Project/duckdb-polr/third_party/fmt/include -I/home/pei/Project/duckdb-polr/third_party/hyperloglog -I/home/pei/Project/duckdb-polr/third_party/fastpforlib -I/home/pei/Project/duckdb-polr/third_party/fast_float -I/home/pei/Project/duckdb-polr/third_party/re2 -I/home/pei/Project/duckdb-polr/third_party/miniz -I/home/pei/Project/duckdb-polr/third_party/utf8proc/include -I/home/pei/Project/duckdb-polr/third_party/miniparquet -I/home/pei/Project/duckdb-polr/third_party/concurrentqueue -I/home/pei/Project/duckdb-polr/third_party/pcg -I/home/pei/Project/duckdb-polr/third_party/tdigest -I/home/pei/Project/duckdb-polr/third_party/mbedtls/include -I/home/pei/Project/duckdb-polr/third_party/jaro_winkler -I/home/pei/Project/duckdb-polr/tools/sqlite3_api_wrapper/include -I/home/pei/Project/duckdb-polr/tools/sqlite3_api_wrapper/sqlite3_udf_api/include -I/home/pei/Project/duckdb-polr/extension -I/home/pei/Project/duckdb-polr/extension/parquet/include -I/home/pei/Project/duckdb-polr/extension/jemalloc/include -I/home/pei/Project/duckdb-polr/tools/sqlite3_api_wrapper/../../third_party/utf8proc/include -I/home/pei/Project/duckdb-polr/tools/sqlite3_api_wrapper/../../third_party/catch -I/home/pei/Project/duckdb-polr/tools/sqlite3_api_wrapper/test/include -I/home/pei/Project/duckdb-polr/third_party/libpg_query/include -O3 -DNDEBUG -O3 -DNDEBUG   -fPIC -fdiagnostics-color=always -std=c++11 -MD -MT tools/sqlite3_api_wrapper/CMakeFiles/sqlite3_api_wrapper.dir/sqlite3_api_wrapper.cpp.o -MF tools/sqlite3_api_wrapper/CMakeFiles/sqlite3_api_wrapper.dir/sqlite3_api_wrapper.cpp.o.d -o tools/sqlite3_api_wrapper/CMakeFiles/sqlite3_api_wrapper.dir/sqlite3_api_wrapper.cpp.o -c /home/pei/Project/duckdb-polr/tools/sqlite3_api_wrapper/sqlite3_api_wrapper.cpp
[123/376] /usr/bin/ccache /usr/lib/ccache/c++ -DDUCKDB_BUILD_LIBRARY -DENABLE_CROSS_PRODUCT_REWRITE=1 -DENABLE_DEBUG_PRINT=0 -DENABLE_MEASURE_EXE_TIME=0 -DENABLE_MERGE_BACK_PLAN=0 -DENABLE_PARALLEL_EXECUTION=0 -DENABLE_QUERY_SPLIT=1 -DENABLE_SPECIFY_EST_STAT=0 -I/home/pei/Project/duckdb-polr/src/include -I/home/pei/Project/duckdb-polr/third_party/fsst -I/home/pei/Project/duckdb-polr/third_party/fmt/include -I/home/pei/Project/duckdb-polr/third_party/hyperloglog -I/home/pei/Project/duckdb-polr/third_party/fastpforlib -I/home/pei/Project/duckdb-polr/third_party/fast_float -I/home/pei/Project/duckdb-polr/third_party/re2 -I/home/pei/Project/duckdb-polr/third_party/miniz -I/home/pei/Project/duckdb-polr/third_party/utf8proc/include -I/home/pei/Project/duckdb-polr/third_party/miniparquet -I/home/pei/Project/duckdb-polr/third_party/concurrentqueue -I/home/pei/Project/duckdb-polr/third_party/pcg -I/home/pei/Project/duckdb-polr/third_party/tdigest -I/home/pei/Project/duckdb-polr/third_party/mbedtls/include -I/home/pei/Project/duckdb-polr/third_party/jaro_winkler -I/home/pei/Project/duckdb-polr/tools/sqlite3_api_wrapper/include -I/home/pei/Project/duckdb-polr/tools/sqlite3_api_wrapper/sqlite3_udf_api/include -O3 -DNDEBUG -O3 -DNDEBUG   -fPIC -fdiagnostics-color=always -std=c++11 -MD -MT tools/sqlite3_api_wrapper/sqlite3_udf_api/CMakeFiles/sqlite3_udf_api.dir/sqlite3_udf_wrapper.cpp.o -MF tools/sqlite3_api_wrapper/sqlite3_udf_api/CMakeFiles/sqlite3_udf_api.dir/sqlite3_udf_wrapper.cpp.o.d -o tools/sqlite3_api_wrapper/sqlite3_udf_api/CMakeFiles/sqlite3_udf_api.dir/sqlite3_udf_wrapper.cpp.o -c /home/pei/Project/duckdb-polr/tools/sqlite3_api_wrapper/sqlite3_udf_api/sqlite3_udf_wrapper.cpp
[124/376] /usr/bin/ccache /usr/lib/ccache/c++ -DBUILD_JEMALLOC_EXTENSION=ON -DBUILD_PARQUET_EXTENSION=TRUE -DDUCKDB_BUILD_LIBRARY -DENABLE_CROSS_PRODUCT_REWRITE=1 -DENABLE_DEBUG_PRINT=0 -DENABLE_MEASURE_EXE_TIME=0 -DENABLE_MERGE_BACK_PLAN=0 -DENABLE_PARALLEL_EXECUTION=0 -DENABLE_QUERY_SPLIT=1 -DENABLE_SPECIFY_EST_STAT=0 -DSQLITE_SHELL_IS_UTF8 -DUSE_DUCKDB_SHELL_WRAPPER -I/home/pei/Project/duckdb-polr/src/include -I/home/pei/Project/duckdb-polr/third_party/fsst -I/home/pei/Project/duckdb-polr/third_party/fmt/include -I/home/pei/Project/duckdb-polr/third_party/hyperloglog -I/home/pei/Project/duckdb-polr/third_party/fastpforlib -I/home/pei/Project/duckdb-polr/third_party/fast_float -I/home/pei/Project/duckdb-polr/third_party/re2 -I/home/pei/Project/duckdb-polr/third_party/miniz -I/home/pei/Project/duckdb-polr/third_party/utf8proc/include -I/home/pei/Project/duckdb-polr/third_party/miniparquet -I/home/pei/Project/duckdb-polr/third_party/concurrentqueue -I/home/pei/Project/duckdb-polr/third_party/pcg -I/home/pei/Project/duckdb-polr/third_party/tdigest -I/home/pei/Project/duckdb-polr/third_party/mbedtls/include -I/home/pei/Project/duckdb-polr/third_party/jaro_winkler -I/home/pei/Project/duckdb-polr/tools/sqlite3_api_wrapper/include -I/home/pei/Project/duckdb-polr/tools/sqlite3_api_wrapper/sqlite3_udf_api/include -I/home/pei/Project/duckdb-polr/extension -I/home/pei/Project/duckdb-polr/extension/parquet/include -I/home/pei/Project/duckdb-polr/extension/jemalloc/include -I/home/pei/Project/duckdb-polr/tools/sqlite3_api_wrapper/../../third_party/utf8proc/include -I/home/pei/Project/duckdb-polr/tools/sqlite3_api_wrapper/../../third_party/catch -I/home/pei/Project/duckdb-polr/tools/sqlite3_api_wrapper/test/include -I/home/pei/Project/duckdb-polr/third_party/libpg_query/include -O3 -DNDEBUG -O3 -DNDEBUG   -fPIC -fdiagnostics-color=always -std=c++11 -MD -MT tools/sqlite3_api_wrapper/CMakeFiles/sqlite3_api_wrapper_static.dir/sql_auto_complete_extension.cpp.o -MF tools/sqlite3_api_wrapper/CMakeFiles/sqlite3_api_wrapper_static.dir/sql_auto_complete_extension.cpp.o.d -o tools/sqlite3_api_wrapper/CMakeFiles/sqlite3_api_wrapper_static.dir/sql_auto_complete_extension.cpp.o -c /home/pei/Project/duckdb-polr/tools/sqlite3_api_wrapper/sql_auto_complete_extension.cpp
[125/376] /usr/bin/ccache /usr/lib/ccache/c++ -DDUCKDB_BUILD_LIBRARY -DENABLE_CROSS_PRODUCT_REWRITE=1 -DENABLE_DEBUG_PRINT=0 -DENABLE_MEASURE_EXE_TIME=0 -DENABLE_MERGE_BACK_PLAN=0 -DENABLE_PARALLEL_EXECUTION=0 -DENABLE_QUERY_SPLIT=1 -DENABLE_SPECIFY_EST_STAT=0 -I/home/pei/Project/duckdb-polr/src/include -I/home/pei/Project/duckdb-polr/third_party/fsst -I/home/pei/Project/duckdb-polr/third_party/fmt/include -I/home/pei/Project/duckdb-polr/third_party/hyperloglog -I/home/pei/Project/duckdb-polr/third_party/fastpforlib -I/home/pei/Project/duckdb-polr/third_party/fast_float -I/home/pei/Project/duckdb-polr/third_party/re2 -I/home/pei/Project/duckdb-polr/third_party/miniz -I/home/pei/Project/duckdb-polr/third_party/utf8proc/include -I/home/pei/Project/duckdb-polr/third_party/miniparquet -I/home/pei/Project/duckdb-polr/third_party/concurrentqueue -I/home/pei/Project/duckdb-polr/third_party/pcg -I/home/pei/Project/duckdb-polr/third_party/tdigest -I/home/pei/Project/duckdb-polr/third_party/mbedtls/include -I/home/pei/Project/duckdb-polr/third_party/jaro_winkler -I/home/pei/Project/duckdb-polr/tools/sqlite3_api_wrapper/include -I/home/pei/Project/duckdb-polr/tools/sqlite3_api_wrapper/sqlite3_udf_api/include -O3 -DNDEBUG -O3 -DNDEBUG   -fPIC -fdiagnostics-color=always -std=c++11 -MD -MT tools/sqlite3_api_wrapper/sqlite3_udf_api/CMakeFiles/sqlite3_udf_api.dir/cast_sqlite.cpp.o -MF tools/sqlite3_api_wrapper/sqlite3_udf_api/CMakeFiles/sqlite3_udf_api.dir/cast_sqlite.cpp.o.d -o tools/sqlite3_api_wrapper/sqlite3_udf_api/CMakeFiles/sqlite3_udf_api.dir/cast_sqlite.cpp.o -c /home/pei/Project/duckdb-polr/tools/sqlite3_api_wrapper/sqlite3_udf_api/cast_sqlite.cpp
[126/376] /usr/bin/ccache /usr/lib/ccache/c++ -DBUILD_JEMALLOC_EXTENSION=ON -DBUILD_PARQUET_EXTENSION=TRUE -DDUCKDB_BUILD_LIBRARY -DENABLE_CROSS_PRODUCT_REWRITE=1 -DENABLE_DEBUG_PRINT=0 -DENABLE_MEASURE_EXE_TIME=0 -DENABLE_MERGE_BACK_PLAN=0 -DENABLE_PARALLEL_EXECUTION=0 -DENABLE_QUERY_SPLIT=1 -DENABLE_SPECIFY_EST_STAT=0 -DSQLITE_SHELL_IS_UTF8 -DUSE_DUCKDB_SHELL_WRAPPER -Dsqlite3_api_wrapper_EXPORTS -I/home/pei/Project/duckdb-polr/src/include -I/home/pei/Project/duckdb-polr/third_party/fsst -I/home/pei/Project/duckdb-polr/third_party/fmt/include -I/home/pei/Project/duckdb-polr/third_party/hyperloglog -I/home/pei/Project/duckdb-polr/third_party/fastpforlib -I/home/pei/Project/duckdb-polr/third_party/fast_float -I/home/pei/Project/duckdb-polr/third_party/re2 -I/home/pei/Project/duckdb-polr/third_party/miniz -I/home/pei/Project/duckdb-polr/third_party/utf8proc/include -I/home/pei/Project/duckdb-polr/third_party/miniparquet -I/home/pei/Project/duckdb-polr/third_party/concurrentqueue -I/home/pei/Project/duckdb-polr/third_party/pcg -I/home/pei/Project/duckdb-polr/third_party/tdigest -I/home/pei/Project/duckdb-polr/third_party/mbedtls/include -I/home/pei/Project/duckdb-polr/third_party/jaro_winkler -I/home/pei/Project/duckdb-polr/tools/sqlite3_api_wrapper/include -I/home/pei/Project/duckdb-polr/tools/sqlite3_api_wrapper/sqlite3_udf_api/include -I/home/pei/Project/duckdb-polr/extension -I/home/pei/Project/duckdb-polr/extension/parquet/include -I/home/pei/Project/duckdb-polr/extension/jemalloc/include -I/home/pei/Project/duckdb-polr/tools/sqlite3_api_wrapper/../../third_party/utf8proc/include -I/home/pei/Project/duckdb-polr/tools/sqlite3_api_wrapper/../../third_party/catch -I/home/pei/Project/duckdb-polr/tools/sqlite3_api_wrapper/test/include -I/home/pei/Project/duckdb-polr/third_party/libpg_query/include -O3 -DNDEBUG -O3 -DNDEBUG   -fPIC -fdiagnostics-color=always -std=c++11 -MD -MT tools/sqlite3_api_wrapper/CMakeFiles/sqlite3_api_wrapper.dir/sql_auto_complete_extension.cpp.o -MF tools/sqlite3_api_wrapper/CMakeFiles/sqlite3_api_wrapper.dir/sql_auto_complete_extension.cpp.o.d -o tools/sqlite3_api_wrapper/CMakeFiles/sqlite3_api_wrapper.dir/sql_auto_complete_extension.cpp.o -c /home/pei/Project/duckdb-polr/tools/sqlite3_api_wrapper/sql_auto_complete_extension.cpp
[127/376] /usr/bin/ccache /usr/lib/ccache/c++ -DDUCKDB_BUILD_LIBRARY -DENABLE_CROSS_PRODUCT_REWRITE=1 -DENABLE_DEBUG_PRINT=0 -DENABLE_MEASURE_EXE_TIME=0 -DENABLE_MERGE_BACK_PLAN=0 -DENABLE_PARALLEL_EXECUTION=0 -DENABLE_QUERY_SPLIT=1 -DENABLE_SPECIFY_EST_STAT=0 -I/home/pei/Project/duckdb-polr/src/include -I/home/pei/Project/duckdb-polr/third_party/fsst -I/home/pei/Project/duckdb-polr/third_party/fmt/include -I/home/pei/Project/duckdb-polr/third_party/hyperloglog -I/home/pei/Project/duckdb-polr/third_party/fastpforlib -I/home/pei/Project/duckdb-polr/third_party/fast_float -I/home/pei/Project/duckdb-polr/third_party/re2 -I/home/pei/Project/duckdb-polr/third_party/miniz -I/home/pei/Project/duckdb-polr/third_party/utf8proc/include -I/home/pei/Project/duckdb-polr/third_party/miniparquet -I/home/pei/Project/duckdb-polr/third_party/concurrentqueue -I/home/pei/Project/duckdb-polr/third_party/pcg -I/home/pei/Project/duckdb-polr/third_party/tdigest -I/home/pei/Project/duckdb-polr/third_party/mbedtls/include -I/home/pei/Project/duckdb-polr/third_party/jaro_winkler -I/home/pei/Project/duckdb-polr/extension/parquet/include -I/home/pei/Project/duckdb-polr/extension/parquet/../../third_party/parquet -I/home/pei/Project/duckdb-polr/extension/parquet/../../third_party/snappy -I/home/pei/Project/duckdb-polr/extension/parquet/../../third_party/miniz -I/home/pei/Project/duckdb-polr/extension/parquet/../../third_party/thrift -I/home/pei/Project/duckdb-polr/extension/parquet/../../third_party/zstd/include -O3 -DNDEBUG -O3 -DNDEBUG   -fPIC -fdiagnostics-color=always -std=c++11 -MD -MT extension/parquet/CMakeFiles/parquet_extension.dir/parquet_timestamp.cpp.o -MF extension/parquet/CMakeFiles/parquet_extension.dir/parquet_timestamp.cpp.o.d -o extension/parquet/CMakeFiles/parquet_extension.dir/parquet_timestamp.cpp.o -c /home/pei/Project/duckdb-polr/extension/parquet/parquet_timestamp.cpp
[128/376] /usr/bin/ccache /usr/lib/ccache/c++ -DDUCKDB -DDUCKDB_BUILD_LIBRARY -DDUCKDB_MAIN_LIBRARY -DENABLE_CROSS_PRODUCT_REWRITE=1 -DENABLE_DEBUG_PRINT=0 -DENABLE_MEASURE_EXE_TIME=0 -DENABLE_MERGE_BACK_PLAN=0 -DENABLE_PARALLEL_EXECUTION=0 -DENABLE_QUERY_SPLIT=1 -DENABLE_SPECIFY_EST_STAT=0 -I/home/pei/Project/duckdb-polr/src/include -I/home/pei/Project/duckdb-polr/third_party/fsst -I/home/pei/Project/duckdb-polr/third_party/fmt/include -I/home/pei/Project/duckdb-polr/third_party/hyperloglog -I/home/pei/Project/duckdb-polr/third_party/fastpforlib -I/home/pei/Project/duckdb-polr/third_party/fast_float -I/home/pei/Project/duckdb-polr/third_party/re2 -I/home/pei/Project/duckdb-polr/third_party/miniz -I/home/pei/Project/duckdb-polr/third_party/utf8proc/include -I/home/pei/Project/duckdb-polr/third_party/miniparquet -I/home/pei/Project/duckdb-polr/third_party/concurrentqueue -I/home/pei/Project/duckdb-polr/third_party/pcg -I/home/pei/Project/duckdb-polr/third_party/tdigest -I/home/pei/Project/duckdb-polr/third_party/mbedtls/include -I/home/pei/Project/duckdb-polr/third_party/jaro_winkler -O3 -DNDEBUG -O3 -DNDEBUG   -fPIC -fdiagnostics-color=always -std=c++11 -MD -MT src/storage/CMakeFiles/duckdb_storage.dir/ub_duckdb_storage.cpp.o -MF src/storage/CMakeFiles/duckdb_storage.dir/ub_duckdb_storage.cpp.o.d -o src/storage/CMakeFiles/duckdb_storage.dir/ub_duckdb_storage.cpp.o -c /home/pei/Project/duckdb-polr/build/release/src/storage/ub_duckdb_storage.cpp
[129/376] /usr/bin/ccache /usr/lib/ccache/c++ -DBUILD_JEMALLOC_EXTENSION=ON -DBUILD_PARQUET_EXTENSION=TRUE -DDUCKDB_BUILD_LIBRARY -DENABLE_CROSS_PRODUCT_REWRITE=1 -DENABLE_DEBUG_PRINT=0 -DENABLE_MEASURE_EXE_TIME=0 -DENABLE_MERGE_BACK_PLAN=0 -DENABLE_PARALLEL_EXECUTION=0 -DENABLE_QUERY_SPLIT=1 -DENABLE_SPECIFY_EST_STAT=0 -DSQLITE_SHELL_IS_UTF8 -DUSE_DUCKDB_SHELL_WRAPPER -I/home/pei/Project/duckdb-polr/src/include -I/home/pei/Project/duckdb-polr/third_party/fsst -I/home/pei/Project/duckdb-polr/third_party/fmt/include -I/home/pei/Project/duckdb-polr/third_party/hyperloglog -I/home/pei/Project/duckdb-polr/third_party/fastpforlib -I/home/pei/Project/duckdb-polr/third_party/fast_float -I/home/pei/Project/duckdb-polr/third_party/re2 -I/home/pei/Project/duckdb-polr/third_party/miniz -I/home/pei/Project/duckdb-polr/third_party/utf8proc/include -I/home/pei/Project/duckdb-polr/third_party/miniparquet -I/home/pei/Project/duckdb-polr/third_party/concurrentqueue -I/home/pei/Project/duckdb-polr/third_party/pcg -I/home/pei/Project/duckdb-polr/third_party/tdigest -I/home/pei/Project/duckdb-polr/third_party/mbedtls/include -I/home/pei/Project/duckdb-polr/third_party/jaro_winkler -I/home/pei/Project/duckdb-polr/tools/sqlite3_api_wrapper/include -I/home/pei/Project/duckdb-polr/tools/sqlite3_api_wrapper/sqlite3_udf_api/include -I/home/pei/Project/duckdb-polr/extension -I/home/pei/Project/duckdb-polr/extension/parquet/include -I/home/pei/Project/duckdb-polr/extension/jemalloc/include -I/home/pei/Project/duckdb-polr/tools/sqlite3_api_wrapper/../../third_party/utf8proc/include -I/home/pei/Project/duckdb-polr/tools/sqlite3_api_wrapper/../../third_party/catch -I/home/pei/Project/duckdb-polr/tools/sqlite3_api_wrapper/test/include -I/home/pei/Project/duckdb-polr/third_party/libpg_query/include -O3 -DNDEBUG -O3 -DNDEBUG   -fPIE -fdiagnostics-color=always -std=c++11 -MD -MT tools/sqlite3_api_wrapper/CMakeFiles/test_sqlite3_api_wrapper.dir/test/test_sqlite3_udf_api_wrapper.cpp.o -MF tools/sqlite3_api_wrapper/CMakeFiles/test_sqlite3_api_wrapper.dir/test/test_sqlite3_udf_api_wrapper.cpp.o.d -o tools/sqlite3_api_wrapper/CMakeFiles/test_sqlite3_api_wrapper.dir/test/test_sqlite3_udf_api_wrapper.cpp.o -c /home/pei/Project/duckdb-polr/tools/sqlite3_api_wrapper/test/test_sqlite3_udf_api_wrapper.cpp
[130/376] /usr/bin/ccache /usr/lib/ccache/c++ -DDUCKDB_BUILD_LIBRARY -DENABLE_CROSS_PRODUCT_REWRITE=1 -DENABLE_DEBUG_PRINT=0 -DENABLE_MEASURE_EXE_TIME=0 -DENABLE_MERGE_BACK_PLAN=0 -DENABLE_PARALLEL_EXECUTION=0 -DENABLE_QUERY_SPLIT=1 -DENABLE_SPECIFY_EST_STAT=0 -I/home/pei/Project/duckdb-polr/src/include -I/home/pei/Project/duckdb-polr/third_party/fsst -I/home/pei/Project/duckdb-polr/third_party/fmt/include -I/home/pei/Project/duckdb-polr/third_party/hyperloglog -I/home/pei/Project/duckdb-polr/third_party/fastpforlib -I/home/pei/Project/duckdb-polr/third_party/fast_float -I/home/pei/Project/duckdb-polr/third_party/re2 -I/home/pei/Project/duckdb-polr/third_party/miniz -I/home/pei/Project/duckdb-polr/third_party/utf8proc/include -I/home/pei/Project/duckdb-polr/third_party/miniparquet -I/home/pei/Project/duckdb-polr/third_party/concurrentqueue -I/home/pei/Project/duckdb-polr/third_party/pcg -I/home/pei/Project/duckdb-polr/third_party/tdigest -I/home/pei/Project/duckdb-polr/third_party/mbedtls/include -I/home/pei/Project/duckdb-polr/third_party/jaro_winkler -I/home/pei/Project/duckdb-polr/extension/parquet/include -I/home/pei/Project/duckdb-polr/extension/parquet/../../third_party/parquet -I/home/pei/Project/duckdb-polr/extension/parquet/../../third_party/snappy -I/home/pei/Project/duckdb-polr/extension/parquet/../../third_party/miniz -I/home/pei/Project/duckdb-polr/extension/parquet/../../third_party/thrift -I/home/pei/Project/duckdb-polr/extension/parquet/../../third_party/zstd/include -O3 -DNDEBUG -O3 -DNDEBUG   -fPIC -fdiagnostics-color=always -std=c++11 -MD -MT extension/parquet/CMakeFiles/parquet_extension.dir/__/__/third_party/parquet/parquet_constants.cpp.o -MF extension/parquet/CMakeFiles/parquet_extension.dir/__/__/third_party/parquet/parquet_constants.cpp.o.d -o extension/parquet/CMakeFiles/parquet_extension.dir/__/__/third_party/parquet/parquet_constants.cpp.o -c /home/pei/Project/duckdb-polr/third_party/parquet/parquet_constants.cpp
[131/376] /usr/bin/ccache /usr/lib/ccache/c++ -DDUCKDB_BUILD_LIBRARY -DENABLE_CROSS_PRODUCT_REWRITE=1 -DENABLE_DEBUG_PRINT=0 -DENABLE_MEASURE_EXE_TIME=0 -DENABLE_MERGE_BACK_PLAN=0 -DENABLE_PARALLEL_EXECUTION=0 -DENABLE_QUERY_SPLIT=1 -DENABLE_SPECIFY_EST_STAT=0 -I/home/pei/Project/duckdb-polr/src/include -I/home/pei/Project/duckdb-polr/third_party/fsst -I/home/pei/Project/duckdb-polr/third_party/fmt/include -I/home/pei/Project/duckdb-polr/third_party/hyperloglog -I/home/pei/Project/duckdb-polr/third_party/fastpforlib -I/home/pei/Project/duckdb-polr/third_party/fast_float -I/home/pei/Project/duckdb-polr/third_party/re2 -I/home/pei/Project/duckdb-polr/third_party/miniz -I/home/pei/Project/duckdb-polr/third_party/utf8proc/include -I/home/pei/Project/duckdb-polr/third_party/miniparquet -I/home/pei/Project/duckdb-polr/third_party/concurrentqueue -I/home/pei/Project/duckdb-polr/third_party/pcg -I/home/pei/Project/duckdb-polr/third_party/tdigest -I/home/pei/Project/duckdb-polr/third_party/mbedtls/include -I/home/pei/Project/duckdb-polr/third_party/jaro_winkler -I/home/pei/Project/duckdb-polr/extension/parquet/include -I/home/pei/Project/duckdb-polr/extension/parquet/../../third_party/parquet -I/home/pei/Project/duckdb-polr/extension/parquet/../../third_party/snappy -I/home/pei/Project/duckdb-polr/extension/parquet/../../third_party/miniz -I/home/pei/Project/duckdb-polr/extension/parquet/../../third_party/thrift -I/home/pei/Project/duckdb-polr/extension/parquet/../../third_party/zstd/include -O3 -DNDEBUG -O3 -DNDEBUG   -fPIC -fdiagnostics-color=always -std=c++11 -MD -MT extension/parquet/CMakeFiles/parquet_extension.dir/__/__/third_party/parquet/parquet_types.cpp.o -MF extension/parquet/CMakeFiles/parquet_extension.dir/__/__/third_party/parquet/parquet_types.cpp.o.d -o extension/parquet/CMakeFiles/parquet_extension.dir/__/__/third_party/parquet/parquet_types.cpp.o -c /home/pei/Project/duckdb-polr/third_party/parquet/parquet_types.cpp
[132/376] /usr/bin/ccache /usr/lib/ccache/c++ -DDUCKDB_BUILD_LIBRARY -DENABLE_CROSS_PRODUCT_REWRITE=1 -DENABLE_DEBUG_PRINT=0 -DENABLE_MEASURE_EXE_TIME=0 -DENABLE_MERGE_BACK_PLAN=0 -DENABLE_PARALLEL_EXECUTION=0 -DENABLE_QUERY_SPLIT=1 -DENABLE_SPECIFY_EST_STAT=0 -I/home/pei/Project/duckdb-polr/src/include -I/home/pei/Project/duckdb-polr/third_party/fsst -I/home/pei/Project/duckdb-polr/third_party/fmt/include -I/home/pei/Project/duckdb-polr/third_party/hyperloglog -I/home/pei/Project/duckdb-polr/third_party/fastpforlib -I/home/pei/Project/duckdb-polr/third_party/fast_float -I/home/pei/Project/duckdb-polr/third_party/re2 -I/home/pei/Project/duckdb-polr/third_party/miniz -I/home/pei/Project/duckdb-polr/third_party/utf8proc/include -I/home/pei/Project/duckdb-polr/third_party/miniparquet -I/home/pei/Project/duckdb-polr/third_party/concurrentqueue -I/home/pei/Project/duckdb-polr/third_party/pcg -I/home/pei/Project/duckdb-polr/third_party/tdigest -I/home/pei/Project/duckdb-polr/third_party/mbedtls/include -I/home/pei/Project/duckdb-polr/third_party/jaro_winkler -I/home/pei/Project/duckdb-polr/extension/parquet/include -I/home/pei/Project/duckdb-polr/extension/parquet/../../third_party/parquet -I/home/pei/Project/duckdb-polr/extension/parquet/../../third_party/snappy -I/home/pei/Project/duckdb-polr/extension/parquet/../../third_party/miniz -I/home/pei/Project/duckdb-polr/extension/parquet/../../third_party/thrift -I/home/pei/Project/duckdb-polr/extension/parquet/../../third_party/zstd/include -O3 -DNDEBUG -O3 -DNDEBUG   -fPIC -fdiagnostics-color=always -std=c++11 -MD -MT extension/parquet/CMakeFiles/parquet_extension.dir/__/__/third_party/thrift/thrift/transport/TTransportException.cpp.o -MF extension/parquet/CMakeFiles/parquet_extension.dir/__/__/third_party/thrift/thrift/transport/TTransportException.cpp.o.d -o extension/parquet/CMakeFiles/parquet_extension.dir/__/__/third_party/thrift/thrift/transport/TTransportException.cpp.o -c /home/pei/Project/duckdb-polr/third_party/thrift/thrift/transport/TTransportException.cpp
[133/376] /usr/bin/ccache /usr/lib/ccache/c++ -DDUCKDB_BUILD_LIBRARY -DENABLE_CROSS_PRODUCT_REWRITE=1 -DENABLE_DEBUG_PRINT=0 -DENABLE_MEASURE_EXE_TIME=0 -DENABLE_MERGE_BACK_PLAN=0 -DENABLE_PARALLEL_EXECUTION=0 -DENABLE_QUERY_SPLIT=1 -DENABLE_SPECIFY_EST_STAT=0 -I/home/pei/Project/duckdb-polr/src/include -I/home/pei/Project/duckdb-polr/third_party/fsst -I/home/pei/Project/duckdb-polr/third_party/fmt/include -I/home/pei/Project/duckdb-polr/third_party/hyperloglog -I/home/pei/Project/duckdb-polr/third_party/fastpforlib -I/home/pei/Project/duckdb-polr/third_party/fast_float -I/home/pei/Project/duckdb-polr/third_party/re2 -I/home/pei/Project/duckdb-polr/third_party/miniz -I/home/pei/Project/duckdb-polr/third_party/utf8proc/include -I/home/pei/Project/duckdb-polr/third_party/miniparquet -I/home/pei/Project/duckdb-polr/third_party/concurrentqueue -I/home/pei/Project/duckdb-polr/third_party/pcg -I/home/pei/Project/duckdb-polr/third_party/tdigest -I/home/pei/Project/duckdb-polr/third_party/mbedtls/include -I/home/pei/Project/duckdb-polr/third_party/jaro_winkler -I/home/pei/Project/duckdb-polr/extension/parquet/include -I/home/pei/Project/duckdb-polr/extension/parquet/../../third_party/parquet -I/home/pei/Project/duckdb-polr/extension/parquet/../../third_party/snappy -I/home/pei/Project/duckdb-polr/extension/parquet/../../third_party/miniz -I/home/pei/Project/duckdb-polr/extension/parquet/../../third_party/thrift -I/home/pei/Project/duckdb-polr/extension/parquet/../../third_party/zstd/include -O3 -DNDEBUG -O3 -DNDEBUG   -fPIC -fdiagnostics-color=always -std=c++11 -MD -MT extension/parquet/CMakeFiles/parquet_extension.dir/__/__/third_party/thrift/thrift/protocol/TProtocol.cpp.o -MF extension/parquet/CMakeFiles/parquet_extension.dir/__/__/third_party/thrift/thrift/protocol/TProtocol.cpp.o.d -o extension/parquet/CMakeFiles/parquet_extension.dir/__/__/third_party/thrift/thrift/protocol/TProtocol.cpp.o -c /home/pei/Project/duckdb-polr/third_party/thrift/thrift/protocol/TProtocol.cpp
[134/376] /usr/bin/ccache /usr/lib/ccache/c++ -DDUCKDB_BUILD_LIBRARY -DENABLE_CROSS_PRODUCT_REWRITE=1 -DENABLE_DEBUG_PRINT=0 -DENABLE_MEASURE_EXE_TIME=0 -DENABLE_MERGE_BACK_PLAN=0 -DENABLE_PARALLEL_EXECUTION=0 -DENABLE_QUERY_SPLIT=1 -DENABLE_SPECIFY_EST_STAT=0 -I/home/pei/Project/duckdb-polr/src/include -I/home/pei/Project/duckdb-polr/third_party/fsst -I/home/pei/Project/duckdb-polr/third_party/fmt/include -I/home/pei/Project/duckdb-polr/third_party/hyperloglog -I/home/pei/Project/duckdb-polr/third_party/fastpforlib -I/home/pei/Project/duckdb-polr/third_party/fast_float -I/home/pei/Project/duckdb-polr/third_party/re2 -I/home/pei/Project/duckdb-polr/third_party/miniz -I/home/pei/Project/duckdb-polr/third_party/utf8proc/include -I/home/pei/Project/duckdb-polr/third_party/miniparquet -I/home/pei/Project/duckdb-polr/third_party/concurrentqueue -I/home/pei/Project/duckdb-polr/third_party/pcg -I/home/pei/Project/duckdb-polr/third_party/tdigest -I/home/pei/Project/duckdb-polr/third_party/mbedtls/include -I/home/pei/Project/duckdb-polr/third_party/jaro_winkler -I/home/pei/Project/duckdb-polr/extension/parquet/include -I/home/pei/Project/duckdb-polr/extension/parquet/../../third_party/parquet -I/home/pei/Project/duckdb-polr/extension/parquet/../../third_party/snappy -I/home/pei/Project/duckdb-polr/extension/parquet/../../third_party/miniz -I/home/pei/Project/duckdb-polr/extension/parquet/../../third_party/thrift -I/home/pei/Project/duckdb-polr/extension/parquet/../../third_party/zstd/include -O3 -DNDEBUG -O3 -DNDEBUG   -fPIC -fdiagnostics-color=always -std=c++11 -MD -MT extension/parquet/CMakeFiles/parquet_extension.dir/__/__/third_party/snappy/snappy-sinksource.cc.o -MF extension/parquet/CMakeFiles/parquet_extension.dir/__/__/third_party/snappy/snappy-sinksource.cc.o.d -o extension/parquet/CMakeFiles/parquet_extension.dir/__/__/third_party/snappy/snappy-sinksource.cc.o -c /home/pei/Project/duckdb-polr/third_party/snappy/snappy-sinksource.cc
[135/376] /usr/bin/ccache /usr/lib/ccache/c++ -DDUCKDB_BUILD_LIBRARY -DENABLE_CROSS_PRODUCT_REWRITE=1 -DENABLE_DEBUG_PRINT=0 -DENABLE_MEASURE_EXE_TIME=0 -DENABLE_MERGE_BACK_PLAN=0 -DENABLE_PARALLEL_EXECUTION=0 -DENABLE_QUERY_SPLIT=1 -DENABLE_SPECIFY_EST_STAT=0 -I/home/pei/Project/duckdb-polr/src/include -I/home/pei/Project/duckdb-polr/third_party/fsst -I/home/pei/Project/duckdb-polr/third_party/fmt/include -I/home/pei/Project/duckdb-polr/third_party/hyperloglog -I/home/pei/Project/duckdb-polr/third_party/fastpforlib -I/home/pei/Project/duckdb-polr/third_party/fast_float -I/home/pei/Project/duckdb-polr/third_party/re2 -I/home/pei/Project/duckdb-polr/third_party/miniz -I/home/pei/Project/duckdb-polr/third_party/utf8proc/include -I/home/pei/Project/duckdb-polr/third_party/miniparquet -I/home/pei/Project/duckdb-polr/third_party/concurrentqueue -I/home/pei/Project/duckdb-polr/third_party/pcg -I/home/pei/Project/duckdb-polr/third_party/tdigest -I/home/pei/Project/duckdb-polr/third_party/mbedtls/include -I/home/pei/Project/duckdb-polr/third_party/jaro_winkler -I/home/pei/Project/duckdb-polr/extension/parquet/include -I/home/pei/Project/duckdb-polr/extension/parquet/../../third_party/parquet -I/home/pei/Project/duckdb-polr/extension/parquet/../../third_party/snappy -I/home/pei/Project/duckdb-polr/extension/parquet/../../third_party/miniz -I/home/pei/Project/duckdb-polr/extension/parquet/../../third_party/thrift -I/home/pei/Project/duckdb-polr/extension/parquet/../../third_party/zstd/include -O3 -DNDEBUG -O3 -DNDEBUG   -fPIC -fdiagnostics-color=always -std=c++11 -MD -MT extension/parquet/CMakeFiles/parquet_extension.dir/__/__/third_party/thrift/thrift/transport/TBufferTransports.cpp.o -MF extension/parquet/CMakeFiles/parquet_extension.dir/__/__/third_party/thrift/thrift/transport/TBufferTransports.cpp.o.d -o extension/parquet/CMakeFiles/parquet_extension.dir/__/__/third_party/thrift/thrift/transport/TBufferTransports.cpp.o -c /home/pei/Project/duckdb-polr/third_party/thrift/thrift/transport/TBufferTransports.cpp
[136/376] /usr/bin/ccache /usr/lib/ccache/c++ -DDUCKDB_BUILD_LIBRARY -DENABLE_CROSS_PRODUCT_REWRITE=1 -DENABLE_DEBUG_PRINT=0 -DENABLE_MEASURE_EXE_TIME=0 -DENABLE_MERGE_BACK_PLAN=0 -DENABLE_PARALLEL_EXECUTION=0 -DENABLE_QUERY_SPLIT=1 -DENABLE_SPECIFY_EST_STAT=0 -I/home/pei/Project/duckdb-polr/src/include -I/home/pei/Project/duckdb-polr/third_party/fsst -I/home/pei/Project/duckdb-polr/third_party/fmt/include -I/home/pei/Project/duckdb-polr/third_party/hyperloglog -I/home/pei/Project/duckdb-polr/third_party/fastpforlib -I/home/pei/Project/duckdb-polr/third_party/fast_float -I/home/pei/Project/duckdb-polr/third_party/re2 -I/home/pei/Project/duckdb-polr/third_party/miniz -I/home/pei/Project/duckdb-polr/third_party/utf8proc/include -I/home/pei/Project/duckdb-polr/third_party/miniparquet -I/home/pei/Project/duckdb-polr/third_party/concurrentqueue -I/home/pei/Project/duckdb-polr/third_party/pcg -I/home/pei/Project/duckdb-polr/third_party/tdigest -I/home/pei/Project/duckdb-polr/third_party/mbedtls/include -I/home/pei/Project/duckdb-polr/third_party/jaro_winkler -I/home/pei/Project/duckdb-polr/extension/parquet/include -I/home/pei/Project/duckdb-polr/extension/parquet/../../third_party/parquet -I/home/pei/Project/duckdb-polr/extension/parquet/../../third_party/snappy -I/home/pei/Project/duckdb-polr/extension/parquet/../../third_party/miniz -I/home/pei/Project/duckdb-polr/extension/parquet/../../third_party/thrift -I/home/pei/Project/duckdb-polr/extension/parquet/../../third_party/zstd/include -O3 -DNDEBUG -O3 -DNDEBUG   -fPIC -fdiagnostics-color=always -std=c++11 -MD -MT extension/parquet/CMakeFiles/parquet_extension.dir/__/__/third_party/zstd/decompress/zstd_ddict.cpp.o -MF extension/parquet/CMakeFiles/parquet_extension.dir/__/__/third_party/zstd/decompress/zstd_ddict.cpp.o.d -o extension/parquet/CMakeFiles/parquet_extension.dir/__/__/third_party/zstd/decompress/zstd_ddict.cpp.o -c /home/pei/Project/duckdb-polr/third_party/zstd/decompress/zstd_ddict.cpp
[137/376] /usr/bin/ccache /usr/lib/ccache/c++ -DDUCKDB_BUILD_LIBRARY -DENABLE_CROSS_PRODUCT_REWRITE=1 -DENABLE_DEBUG_PRINT=0 -DENABLE_MEASURE_EXE_TIME=0 -DENABLE_MERGE_BACK_PLAN=0 -DENABLE_PARALLEL_EXECUTION=0 -DENABLE_QUERY_SPLIT=1 -DENABLE_SPECIFY_EST_STAT=0 -I/home/pei/Project/duckdb-polr/src/include -I/home/pei/Project/duckdb-polr/third_party/fsst -I/home/pei/Project/duckdb-polr/third_party/fmt/include -I/home/pei/Project/duckdb-polr/third_party/hyperloglog -I/home/pei/Project/duckdb-polr/third_party/fastpforlib -I/home/pei/Project/duckdb-polr/third_party/fast_float -I/home/pei/Project/duckdb-polr/third_party/re2 -I/home/pei/Project/duckdb-polr/third_party/miniz -I/home/pei/Project/duckdb-polr/third_party/utf8proc/include -I/home/pei/Project/duckdb-polr/third_party/miniparquet -I/home/pei/Project/duckdb-polr/third_party/concurrentqueue -I/home/pei/Project/duckdb-polr/third_party/pcg -I/home/pei/Project/duckdb-polr/third_party/tdigest -I/home/pei/Project/duckdb-polr/third_party/mbedtls/include -I/home/pei/Project/duckdb-polr/third_party/jaro_winkler -I/home/pei/Project/duckdb-polr/extension/parquet/include -I/home/pei/Project/duckdb-polr/extension/parquet/../../third_party/parquet -I/home/pei/Project/duckdb-polr/extension/parquet/../../third_party/snappy -I/home/pei/Project/duckdb-polr/extension/parquet/../../third_party/miniz -I/home/pei/Project/duckdb-polr/extension/parquet/../../third_party/thrift -I/home/pei/Project/duckdb-polr/extension/parquet/../../third_party/zstd/include -O3 -DNDEBUG -O3 -DNDEBUG   -fPIC -fdiagnostics-color=always -std=c++11 -MD -MT extension/parquet/CMakeFiles/parquet_extension.dir/__/__/third_party/snappy/snappy.cc.o -MF extension/parquet/CMakeFiles/parquet_extension.dir/__/__/third_party/snappy/snappy.cc.o.d -o extension/parquet/CMakeFiles/parquet_extension.dir/__/__/third_party/snappy/snappy.cc.o -c /home/pei/Project/duckdb-polr/third_party/snappy/snappy.cc
[138/376] /usr/bin/ccache /usr/lib/ccache/c++ -DDUCKDB_BUILD_LIBRARY -DENABLE_CROSS_PRODUCT_REWRITE=1 -DENABLE_DEBUG_PRINT=0 -DENABLE_MEASURE_EXE_TIME=0 -DENABLE_MERGE_BACK_PLAN=0 -DENABLE_PARALLEL_EXECUTION=0 -DENABLE_QUERY_SPLIT=1 -DENABLE_SPECIFY_EST_STAT=0 -I/home/pei/Project/duckdb-polr/src/include -I/home/pei/Project/duckdb-polr/third_party/fsst -I/home/pei/Project/duckdb-polr/third_party/fmt/include -I/home/pei/Project/duckdb-polr/third_party/hyperloglog -I/home/pei/Project/duckdb-polr/third_party/fastpforlib -I/home/pei/Project/duckdb-polr/third_party/fast_float -I/home/pei/Project/duckdb-polr/third_party/re2 -I/home/pei/Project/duckdb-polr/third_party/miniz -I/home/pei/Project/duckdb-polr/third_party/utf8proc/include -I/home/pei/Project/duckdb-polr/third_party/miniparquet -I/home/pei/Project/duckdb-polr/third_party/concurrentqueue -I/home/pei/Project/duckdb-polr/third_party/pcg -I/home/pei/Project/duckdb-polr/third_party/tdigest -I/home/pei/Project/duckdb-polr/third_party/mbedtls/include -I/home/pei/Project/duckdb-polr/third_party/jaro_winkler -I/home/pei/Project/duckdb-polr/extension/parquet/include -I/home/pei/Project/duckdb-polr/extension/parquet/../../third_party/parquet -I/home/pei/Project/duckdb-polr/extension/parquet/../../third_party/snappy -I/home/pei/Project/duckdb-polr/extension/parquet/../../third_party/miniz -I/home/pei/Project/duckdb-polr/extension/parquet/../../third_party/thrift -I/home/pei/Project/duckdb-polr/extension/parquet/../../third_party/zstd/include -O3 -DNDEBUG -O3 -DNDEBUG   -fPIC -fdiagnostics-color=always -std=c++11 -MD -MT extension/parquet/CMakeFiles/parquet_extension.dir/__/__/third_party/zstd/decompress/huf_decompress.cpp.o -MF extension/parquet/CMakeFiles/parquet_extension.dir/__/__/third_party/zstd/decompress/huf_decompress.cpp.o.d -o extension/parquet/CMakeFiles/parquet_extension.dir/__/__/third_party/zstd/decompress/huf_decompress.cpp.o -c /home/pei/Project/duckdb-polr/third_party/zstd/decompress/huf_decompress.cpp
[139/376] /usr/bin/ccache /usr/lib/ccache/c++ -DDUCKDB_BUILD_LIBRARY -DENABLE_CROSS_PRODUCT_REWRITE=1 -DENABLE_DEBUG_PRINT=0 -DENABLE_MEASURE_EXE_TIME=0 -DENABLE_MERGE_BACK_PLAN=0 -DENABLE_PARALLEL_EXECUTION=0 -DENABLE_QUERY_SPLIT=1 -DENABLE_SPECIFY_EST_STAT=0 -I/home/pei/Project/duckdb-polr/src/include -I/home/pei/Project/duckdb-polr/third_party/fsst -I/home/pei/Project/duckdb-polr/third_party/fmt/include -I/home/pei/Project/duckdb-polr/third_party/hyperloglog -I/home/pei/Project/duckdb-polr/third_party/fastpforlib -I/home/pei/Project/duckdb-polr/third_party/fast_float -I/home/pei/Project/duckdb-polr/third_party/re2 -I/home/pei/Project/duckdb-polr/third_party/miniz -I/home/pei/Project/duckdb-polr/third_party/utf8proc/include -I/home/pei/Project/duckdb-polr/third_party/miniparquet -I/home/pei/Project/duckdb-polr/third_party/concurrentqueue -I/home/pei/Project/duckdb-polr/third_party/pcg -I/home/pei/Project/duckdb-polr/third_party/tdigest -I/home/pei/Project/duckdb-polr/third_party/mbedtls/include -I/home/pei/Project/duckdb-polr/third_party/jaro_winkler -I/home/pei/Project/duckdb-polr/extension/parquet/include -I/home/pei/Project/duckdb-polr/extension/parquet/../../third_party/parquet -I/home/pei/Project/duckdb-polr/extension/parquet/../../third_party/snappy -I/home/pei/Project/duckdb-polr/extension/parquet/../../third_party/miniz -I/home/pei/Project/duckdb-polr/extension/parquet/../../third_party/thrift -I/home/pei/Project/duckdb-polr/extension/parquet/../../third_party/zstd/include -O3 -DNDEBUG -O3 -DNDEBUG   -fPIC -fdiagnostics-color=always -std=c++11 -MD -MT extension/parquet/CMakeFiles/parquet_extension.dir/__/__/third_party/zstd/decompress/zstd_decompress.cpp.o -MF extension/parquet/CMakeFiles/parquet_extension.dir/__/__/third_party/zstd/decompress/zstd_decompress.cpp.o.d -o extension/parquet/CMakeFiles/parquet_extension.dir/__/__/third_party/zstd/decompress/zstd_decompress.cpp.o -c /home/pei/Project/duckdb-polr/third_party/zstd/decompress/zstd_decompress.cpp
[140/376] /usr/bin/ccache /usr/lib/ccache/c++ -DDUCKDB_BUILD_LIBRARY -DENABLE_CROSS_PRODUCT_REWRITE=1 -DENABLE_DEBUG_PRINT=0 -DENABLE_MEASURE_EXE_TIME=0 -DENABLE_MERGE_BACK_PLAN=0 -DENABLE_PARALLEL_EXECUTION=0 -DENABLE_QUERY_SPLIT=1 -DENABLE_SPECIFY_EST_STAT=0 -I/home/pei/Project/duckdb-polr/src/include -I/home/pei/Project/duckdb-polr/third_party/fsst -I/home/pei/Project/duckdb-polr/third_party/fmt/include -I/home/pei/Project/duckdb-polr/third_party/hyperloglog -I/home/pei/Project/duckdb-polr/third_party/fastpforlib -I/home/pei/Project/duckdb-polr/third_party/fast_float -I/home/pei/Project/duckdb-polr/third_party/re2 -I/home/pei/Project/duckdb-polr/third_party/miniz -I/home/pei/Project/duckdb-polr/third_party/utf8proc/include -I/home/pei/Project/duckdb-polr/third_party/miniparquet -I/home/pei/Project/duckdb-polr/third_party/concurrentqueue -I/home/pei/Project/duckdb-polr/third_party/pcg -I/home/pei/Project/duckdb-polr/third_party/tdigest -I/home/pei/Project/duckdb-polr/third_party/mbedtls/include -I/home/pei/Project/duckdb-polr/third_party/jaro_winkler -I/home/pei/Project/duckdb-polr/extension/parquet/include -I/home/pei/Project/duckdb-polr/extension/parquet/../../third_party/parquet -I/home/pei/Project/duckdb-polr/extension/parquet/../../third_party/snappy -I/home/pei/Project/duckdb-polr/extension/parquet/../../third_party/miniz -I/home/pei/Project/duckdb-polr/extension/parquet/../../third_party/thrift -I/home/pei/Project/duckdb-polr/extension/parquet/../../third_party/zstd/include -O3 -DNDEBUG -O3 -DNDEBUG   -fPIC -fdiagnostics-color=always -std=c++11 -MD -MT extension/parquet/CMakeFiles/parquet_extension.dir/__/__/third_party/zstd/decompress/zstd_decompress_block.cpp.o -MF extension/parquet/CMakeFiles/parquet_extension.dir/__/__/third_party/zstd/decompress/zstd_decompress_block.cpp.o.d -o extension/parquet/CMakeFiles/parquet_extension.dir/__/__/third_party/zstd/decompress/zstd_decompress_block.cpp.o -c /home/pei/Project/duckdb-polr/third_party/zstd/decompress/zstd_decompress_block.cpp
[141/376] /usr/bin/ccache /usr/lib/ccache/c++ -DDUCKDB_BUILD_LIBRARY -DENABLE_CROSS_PRODUCT_REWRITE=1 -DENABLE_DEBUG_PRINT=0 -DENABLE_MEASURE_EXE_TIME=0 -DENABLE_MERGE_BACK_PLAN=0 -DENABLE_PARALLEL_EXECUTION=0 -DENABLE_QUERY_SPLIT=1 -DENABLE_SPECIFY_EST_STAT=0 -I/home/pei/Project/duckdb-polr/src/include -I/home/pei/Project/duckdb-polr/third_party/fsst -I/home/pei/Project/duckdb-polr/third_party/fmt/include -I/home/pei/Project/duckdb-polr/third_party/hyperloglog -I/home/pei/Project/duckdb-polr/third_party/fastpforlib -I/home/pei/Project/duckdb-polr/third_party/fast_float -I/home/pei/Project/duckdb-polr/third_party/re2 -I/home/pei/Project/duckdb-polr/third_party/miniz -I/home/pei/Project/duckdb-polr/third_party/utf8proc/include -I/home/pei/Project/duckdb-polr/third_party/miniparquet -I/home/pei/Project/duckdb-polr/third_party/concurrentqueue -I/home/pei/Project/duckdb-polr/third_party/pcg -I/home/pei/Project/duckdb-polr/third_party/tdigest -I/home/pei/Project/duckdb-polr/third_party/mbedtls/include -I/home/pei/Project/duckdb-polr/third_party/jaro_winkler -I/home/pei/Project/duckdb-polr/extension/parquet/include -I/home/pei/Project/duckdb-polr/extension/parquet/../../third_party/parquet -I/home/pei/Project/duckdb-polr/extension/parquet/../../third_party/snappy -I/home/pei/Project/duckdb-polr/extension/parquet/../../third_party/miniz -I/home/pei/Project/duckdb-polr/extension/parquet/../../third_party/thrift -I/home/pei/Project/duckdb-polr/extension/parquet/../../third_party/zstd/include -O3 -DNDEBUG -O3 -DNDEBUG   -fPIC -fdiagnostics-color=always -std=c++11 -MD -MT extension/parquet/CMakeFiles/parquet_extension.dir/__/__/third_party/zstd/common/entropy_common.cpp.o -MF extension/parquet/CMakeFiles/parquet_extension.dir/__/__/third_party/zstd/common/entropy_common.cpp.o.d -o extension/parquet/CMakeFiles/parquet_extension.dir/__/__/third_party/zstd/common/entropy_common.cpp.o -c /home/pei/Project/duckdb-polr/third_party/zstd/common/entropy_common.cpp
[142/376] /usr/bin/ccache /usr/lib/ccache/c++ -DDUCKDB_BUILD_LIBRARY -DENABLE_CROSS_PRODUCT_REWRITE=1 -DENABLE_DEBUG_PRINT=0 -DENABLE_MEASURE_EXE_TIME=0 -DENABLE_MERGE_BACK_PLAN=0 -DENABLE_PARALLEL_EXECUTION=0 -DENABLE_QUERY_SPLIT=1 -DENABLE_SPECIFY_EST_STAT=0 -I/home/pei/Project/duckdb-polr/src/include -I/home/pei/Project/duckdb-polr/third_party/fsst -I/home/pei/Project/duckdb-polr/third_party/fmt/include -I/home/pei/Project/duckdb-polr/third_party/hyperloglog -I/home/pei/Project/duckdb-polr/third_party/fastpforlib -I/home/pei/Project/duckdb-polr/third_party/fast_float -I/home/pei/Project/duckdb-polr/third_party/re2 -I/home/pei/Project/duckdb-polr/third_party/miniz -I/home/pei/Project/duckdb-polr/third_party/utf8proc/include -I/home/pei/Project/duckdb-polr/third_party/miniparquet -I/home/pei/Project/duckdb-polr/third_party/concurrentqueue -I/home/pei/Project/duckdb-polr/third_party/pcg -I/home/pei/Project/duckdb-polr/third_party/tdigest -I/home/pei/Project/duckdb-polr/third_party/mbedtls/include -I/home/pei/Project/duckdb-polr/third_party/jaro_winkler -I/home/pei/Project/duckdb-polr/extension/parquet/include -I/home/pei/Project/duckdb-polr/extension/parquet/../../third_party/parquet -I/home/pei/Project/duckdb-polr/extension/parquet/../../third_party/snappy -I/home/pei/Project/duckdb-polr/extension/parquet/../../third_party/miniz -I/home/pei/Project/duckdb-polr/extension/parquet/../../third_party/thrift -I/home/pei/Project/duckdb-polr/extension/parquet/../../third_party/zstd/include -O3 -DNDEBUG -O3 -DNDEBUG   -fPIC -fdiagnostics-color=always -std=c++11 -MD -MT extension/parquet/CMakeFiles/parquet_extension.dir/__/__/third_party/zstd/common/error_private.cpp.o -MF extension/parquet/CMakeFiles/parquet_extension.dir/__/__/third_party/zstd/common/error_private.cpp.o.d -o extension/parquet/CMakeFiles/parquet_extension.dir/__/__/third_party/zstd/common/error_private.cpp.o -c /home/pei/Project/duckdb-polr/third_party/zstd/common/error_private.cpp
[143/376] /usr/bin/ccache /usr/lib/ccache/c++ -DDUCKDB_BUILD_LIBRARY -DENABLE_CROSS_PRODUCT_REWRITE=1 -DENABLE_DEBUG_PRINT=0 -DENABLE_MEASURE_EXE_TIME=0 -DENABLE_MERGE_BACK_PLAN=0 -DENABLE_PARALLEL_EXECUTION=0 -DENABLE_QUERY_SPLIT=1 -DENABLE_SPECIFY_EST_STAT=0 -I/home/pei/Project/duckdb-polr/src/include -I/home/pei/Project/duckdb-polr/third_party/fsst -I/home/pei/Project/duckdb-polr/third_party/fmt/include -I/home/pei/Project/duckdb-polr/third_party/hyperloglog -I/home/pei/Project/duckdb-polr/third_party/fastpforlib -I/home/pei/Project/duckdb-polr/third_party/fast_float -I/home/pei/Project/duckdb-polr/third_party/re2 -I/home/pei/Project/duckdb-polr/third_party/miniz -I/home/pei/Project/duckdb-polr/third_party/utf8proc/include -I/home/pei/Project/duckdb-polr/third_party/miniparquet -I/home/pei/Project/duckdb-polr/third_party/concurrentqueue -I/home/pei/Project/duckdb-polr/third_party/pcg -I/home/pei/Project/duckdb-polr/third_party/tdigest -I/home/pei/Project/duckdb-polr/third_party/mbedtls/include -I/home/pei/Project/duckdb-polr/third_party/jaro_winkler -I/home/pei/Project/duckdb-polr/extension/parquet/include -I/home/pei/Project/duckdb-polr/extension/parquet/../../third_party/parquet -I/home/pei/Project/duckdb-polr/extension/parquet/../../third_party/snappy -I/home/pei/Project/duckdb-polr/extension/parquet/../../third_party/miniz -I/home/pei/Project/duckdb-polr/extension/parquet/../../third_party/thrift -I/home/pei/Project/duckdb-polr/extension/parquet/../../third_party/zstd/include -O3 -DNDEBUG -O3 -DNDEBUG   -fPIC -fdiagnostics-color=always -std=c++11 -MD -MT extension/parquet/CMakeFiles/parquet_extension.dir/__/__/third_party/zstd/common/fse_decompress.cpp.o -MF extension/parquet/CMakeFiles/parquet_extension.dir/__/__/third_party/zstd/common/fse_decompress.cpp.o.d -o extension/parquet/CMakeFiles/parquet_extension.dir/__/__/third_party/zstd/common/fse_decompress.cpp.o -c /home/pei/Project/duckdb-polr/third_party/zstd/common/fse_decompress.cpp
[144/376] /usr/bin/ccache /usr/lib/ccache/c++ -DDUCKDB_BUILD_LIBRARY -DENABLE_CROSS_PRODUCT_REWRITE=1 -DENABLE_DEBUG_PRINT=0 -DENABLE_MEASURE_EXE_TIME=0 -DENABLE_MERGE_BACK_PLAN=0 -DENABLE_PARALLEL_EXECUTION=0 -DENABLE_QUERY_SPLIT=1 -DENABLE_SPECIFY_EST_STAT=0 -I/home/pei/Project/duckdb-polr/src/include -I/home/pei/Project/duckdb-polr/third_party/fsst -I/home/pei/Project/duckdb-polr/third_party/fmt/include -I/home/pei/Project/duckdb-polr/third_party/hyperloglog -I/home/pei/Project/duckdb-polr/third_party/fastpforlib -I/home/pei/Project/duckdb-polr/third_party/fast_float -I/home/pei/Project/duckdb-polr/third_party/re2 -I/home/pei/Project/duckdb-polr/third_party/miniz -I/home/pei/Project/duckdb-polr/third_party/utf8proc/include -I/home/pei/Project/duckdb-polr/third_party/miniparquet -I/home/pei/Project/duckdb-polr/third_party/concurrentqueue -I/home/pei/Project/duckdb-polr/third_party/pcg -I/home/pei/Project/duckdb-polr/third_party/tdigest -I/home/pei/Project/duckdb-polr/third_party/mbedtls/include -I/home/pei/Project/duckdb-polr/third_party/jaro_winkler -I/home/pei/Project/duckdb-polr/extension/parquet/include -I/home/pei/Project/duckdb-polr/extension/parquet/../../third_party/parquet -I/home/pei/Project/duckdb-polr/extension/parquet/../../third_party/snappy -I/home/pei/Project/duckdb-polr/extension/parquet/../../third_party/miniz -I/home/pei/Project/duckdb-polr/extension/parquet/../../third_party/thrift -I/home/pei/Project/duckdb-polr/extension/parquet/../../third_party/zstd/include -O3 -DNDEBUG -O3 -DNDEBUG   -fPIC -fdiagnostics-color=always -std=c++11 -MD -MT extension/parquet/CMakeFiles/parquet_extension.dir/__/__/third_party/zstd/common/zstd_common.cpp.o -MF extension/parquet/CMakeFiles/parquet_extension.dir/__/__/third_party/zstd/common/zstd_common.cpp.o.d -o extension/parquet/CMakeFiles/parquet_extension.dir/__/__/third_party/zstd/common/zstd_common.cpp.o -c /home/pei/Project/duckdb-polr/third_party/zstd/common/zstd_common.cpp
[145/376] /usr/bin/ccache /usr/lib/ccache/c++ -DDUCKDB_BUILD_LIBRARY -DENABLE_CROSS_PRODUCT_REWRITE=1 -DENABLE_DEBUG_PRINT=0 -DENABLE_MEASURE_EXE_TIME=0 -DENABLE_MERGE_BACK_PLAN=0 -DENABLE_PARALLEL_EXECUTION=0 -DENABLE_QUERY_SPLIT=1 -DENABLE_SPECIFY_EST_STAT=0 -I/home/pei/Project/duckdb-polr/src/include -I/home/pei/Project/duckdb-polr/third_party/fsst -I/home/pei/Project/duckdb-polr/third_party/fmt/include -I/home/pei/Project/duckdb-polr/third_party/hyperloglog -I/home/pei/Project/duckdb-polr/third_party/fastpforlib -I/home/pei/Project/duckdb-polr/third_party/fast_float -I/home/pei/Project/duckdb-polr/third_party/re2 -I/home/pei/Project/duckdb-polr/third_party/miniz -I/home/pei/Project/duckdb-polr/third_party/utf8proc/include -I/home/pei/Project/duckdb-polr/third_party/miniparquet -I/home/pei/Project/duckdb-polr/third_party/concurrentqueue -I/home/pei/Project/duckdb-polr/third_party/pcg -I/home/pei/Project/duckdb-polr/third_party/tdigest -I/home/pei/Project/duckdb-polr/third_party/mbedtls/include -I/home/pei/Project/duckdb-polr/third_party/jaro_winkler -I/home/pei/Project/duckdb-polr/extension/parquet/include -I/home/pei/Project/duckdb-polr/extension/parquet/../../third_party/parquet -I/home/pei/Project/duckdb-polr/extension/parquet/../../third_party/snappy -I/home/pei/Project/duckdb-polr/extension/parquet/../../third_party/miniz -I/home/pei/Project/duckdb-polr/extension/parquet/../../third_party/thrift -I/home/pei/Project/duckdb-polr/extension/parquet/../../third_party/zstd/include -O3 -DNDEBUG -O3 -DNDEBUG   -fPIC -fdiagnostics-color=always -std=c++11 -MD -MT extension/parquet/CMakeFiles/parquet_extension.dir/__/__/third_party/zstd/common/xxhash.cpp.o -MF extension/parquet/CMakeFiles/parquet_extension.dir/__/__/third_party/zstd/common/xxhash.cpp.o.d -o extension/parquet/CMakeFiles/parquet_extension.dir/__/__/third_party/zstd/common/xxhash.cpp.o -c /home/pei/Project/duckdb-polr/third_party/zstd/common/xxhash.cpp
[146/376] /usr/bin/ccache /usr/lib/ccache/c++ -DDUCKDB_BUILD_LIBRARY -DENABLE_CROSS_PRODUCT_REWRITE=1 -DENABLE_DEBUG_PRINT=0 -DENABLE_MEASURE_EXE_TIME=0 -DENABLE_MERGE_BACK_PLAN=0 -DENABLE_PARALLEL_EXECUTION=0 -DENABLE_QUERY_SPLIT=1 -DENABLE_SPECIFY_EST_STAT=0 -I/home/pei/Project/duckdb-polr/src/include -I/home/pei/Project/duckdb-polr/third_party/fsst -I/home/pei/Project/duckdb-polr/third_party/fmt/include -I/home/pei/Project/duckdb-polr/third_party/hyperloglog -I/home/pei/Project/duckdb-polr/third_party/fastpforlib -I/home/pei/Project/duckdb-polr/third_party/fast_float -I/home/pei/Project/duckdb-polr/third_party/re2 -I/home/pei/Project/duckdb-polr/third_party/miniz -I/home/pei/Project/duckdb-polr/third_party/utf8proc/include -I/home/pei/Project/duckdb-polr/third_party/miniparquet -I/home/pei/Project/duckdb-polr/third_party/concurrentqueue -I/home/pei/Project/duckdb-polr/third_party/pcg -I/home/pei/Project/duckdb-polr/third_party/tdigest -I/home/pei/Project/duckdb-polr/third_party/mbedtls/include -I/home/pei/Project/duckdb-polr/third_party/jaro_winkler -I/home/pei/Project/duckdb-polr/extension/parquet/include -I/home/pei/Project/duckdb-polr/extension/parquet/../../third_party/parquet -I/home/pei/Project/duckdb-polr/extension/parquet/../../third_party/snappy -I/home/pei/Project/duckdb-polr/extension/parquet/../../third_party/miniz -I/home/pei/Project/duckdb-polr/extension/parquet/../../third_party/thrift -I/home/pei/Project/duckdb-polr/extension/parquet/../../third_party/zstd/include -O3 -DNDEBUG -O3 -DNDEBUG   -fPIC -fdiagnostics-color=always -std=c++11 -MD -MT extension/parquet/CMakeFiles/parquet_extension.dir/__/__/third_party/zstd/compress/fse_compress.cpp.o -MF extension/parquet/CMakeFiles/parquet_extension.dir/__/__/third_party/zstd/compress/fse_compress.cpp.o.d -o extension/parquet/CMakeFiles/parquet_extension.dir/__/__/third_party/zstd/compress/fse_compress.cpp.o -c /home/pei/Project/duckdb-polr/third_party/zstd/compress/fse_compress.cpp
[147/376] /usr/bin/ccache /usr/lib/ccache/c++ -DDUCKDB_BUILD_LIBRARY -DENABLE_CROSS_PRODUCT_REWRITE=1 -DENABLE_DEBUG_PRINT=0 -DENABLE_MEASURE_EXE_TIME=0 -DENABLE_MERGE_BACK_PLAN=0 -DENABLE_PARALLEL_EXECUTION=0 -DENABLE_QUERY_SPLIT=1 -DENABLE_SPECIFY_EST_STAT=0 -I/home/pei/Project/duckdb-polr/src/include -I/home/pei/Project/duckdb-polr/third_party/fsst -I/home/pei/Project/duckdb-polr/third_party/fmt/include -I/home/pei/Project/duckdb-polr/third_party/hyperloglog -I/home/pei/Project/duckdb-polr/third_party/fastpforlib -I/home/pei/Project/duckdb-polr/third_party/fast_float -I/home/pei/Project/duckdb-polr/third_party/re2 -I/home/pei/Project/duckdb-polr/third_party/miniz -I/home/pei/Project/duckdb-polr/third_party/utf8proc/include -I/home/pei/Project/duckdb-polr/third_party/miniparquet -I/home/pei/Project/duckdb-polr/third_party/concurrentqueue -I/home/pei/Project/duckdb-polr/third_party/pcg -I/home/pei/Project/duckdb-polr/third_party/tdigest -I/home/pei/Project/duckdb-polr/third_party/mbedtls/include -I/home/pei/Project/duckdb-polr/third_party/jaro_winkler -I/home/pei/Project/duckdb-polr/extension/parquet/include -I/home/pei/Project/duckdb-polr/extension/parquet/../../third_party/parquet -I/home/pei/Project/duckdb-polr/extension/parquet/../../third_party/snappy -I/home/pei/Project/duckdb-polr/extension/parquet/../../third_party/miniz -I/home/pei/Project/duckdb-polr/extension/parquet/../../third_party/thrift -I/home/pei/Project/duckdb-polr/extension/parquet/../../third_party/zstd/include -O3 -DNDEBUG -O3 -DNDEBUG   -fPIC -fdiagnostics-color=always -std=c++11 -MD -MT extension/parquet/CMakeFiles/parquet_extension.dir/__/__/third_party/zstd/compress/huf_compress.cpp.o -MF extension/parquet/CMakeFiles/parquet_extension.dir/__/__/third_party/zstd/compress/huf_compress.cpp.o.d -o extension/parquet/CMakeFiles/parquet_extension.dir/__/__/third_party/zstd/compress/huf_compress.cpp.o -c /home/pei/Project/duckdb-polr/third_party/zstd/compress/huf_compress.cpp
[148/376] /usr/bin/ccache /usr/lib/ccache/c++ -DDUCKDB_BUILD_LIBRARY -DENABLE_CROSS_PRODUCT_REWRITE=1 -DENABLE_DEBUG_PRINT=0 -DENABLE_MEASURE_EXE_TIME=0 -DENABLE_MERGE_BACK_PLAN=0 -DENABLE_PARALLEL_EXECUTION=0 -DENABLE_QUERY_SPLIT=1 -DENABLE_SPECIFY_EST_STAT=0 -I/home/pei/Project/duckdb-polr/src/include -I/home/pei/Project/duckdb-polr/third_party/fsst -I/home/pei/Project/duckdb-polr/third_party/fmt/include -I/home/pei/Project/duckdb-polr/third_party/hyperloglog -I/home/pei/Project/duckdb-polr/third_party/fastpforlib -I/home/pei/Project/duckdb-polr/third_party/fast_float -I/home/pei/Project/duckdb-polr/third_party/re2 -I/home/pei/Project/duckdb-polr/third_party/miniz -I/home/pei/Project/duckdb-polr/third_party/utf8proc/include -I/home/pei/Project/duckdb-polr/third_party/miniparquet -I/home/pei/Project/duckdb-polr/third_party/concurrentqueue -I/home/pei/Project/duckdb-polr/third_party/pcg -I/home/pei/Project/duckdb-polr/third_party/tdigest -I/home/pei/Project/duckdb-polr/third_party/mbedtls/include -I/home/pei/Project/duckdb-polr/third_party/jaro_winkler -I/home/pei/Project/duckdb-polr/extension/parquet/include -I/home/pei/Project/duckdb-polr/extension/parquet/../../third_party/parquet -I/home/pei/Project/duckdb-polr/extension/parquet/../../third_party/snappy -I/home/pei/Project/duckdb-polr/extension/parquet/../../third_party/miniz -I/home/pei/Project/duckdb-polr/extension/parquet/../../third_party/thrift -I/home/pei/Project/duckdb-polr/extension/parquet/../../third_party/zstd/include -O3 -DNDEBUG -O3 -DNDEBUG   -fPIC -fdiagnostics-color=always -std=c++11 -MD -MT extension/parquet/CMakeFiles/parquet_extension.dir/__/__/third_party/zstd/compress/hist.cpp.o -MF extension/parquet/CMakeFiles/parquet_extension.dir/__/__/third_party/zstd/compress/hist.cpp.o.d -o extension/parquet/CMakeFiles/parquet_extension.dir/__/__/third_party/zstd/compress/hist.cpp.o -c /home/pei/Project/duckdb-polr/third_party/zstd/compress/hist.cpp
[149/376] /usr/bin/ccache /usr/lib/ccache/c++ -DDUCKDB_BUILD_LIBRARY -DENABLE_CROSS_PRODUCT_REWRITE=1 -DENABLE_DEBUG_PRINT=0 -DENABLE_MEASURE_EXE_TIME=0 -DENABLE_MERGE_BACK_PLAN=0 -DENABLE_PARALLEL_EXECUTION=0 -DENABLE_QUERY_SPLIT=1 -DENABLE_SPECIFY_EST_STAT=0 -I/home/pei/Project/duckdb-polr/src/include -I/home/pei/Project/duckdb-polr/third_party/fsst -I/home/pei/Project/duckdb-polr/third_party/fmt/include -I/home/pei/Project/duckdb-polr/third_party/hyperloglog -I/home/pei/Project/duckdb-polr/third_party/fastpforlib -I/home/pei/Project/duckdb-polr/third_party/fast_float -I/home/pei/Project/duckdb-polr/third_party/re2 -I/home/pei/Project/duckdb-polr/third_party/miniz -I/home/pei/Project/duckdb-polr/third_party/utf8proc/include -I/home/pei/Project/duckdb-polr/third_party/miniparquet -I/home/pei/Project/duckdb-polr/third_party/concurrentqueue -I/home/pei/Project/duckdb-polr/third_party/pcg -I/home/pei/Project/duckdb-polr/third_party/tdigest -I/home/pei/Project/duckdb-polr/third_party/mbedtls/include -I/home/pei/Project/duckdb-polr/third_party/jaro_winkler -I/home/pei/Project/duckdb-polr/extension/parquet/include -I/home/pei/Project/duckdb-polr/extension/parquet/../../third_party/parquet -I/home/pei/Project/duckdb-polr/extension/parquet/../../third_party/snappy -I/home/pei/Project/duckdb-polr/extension/parquet/../../third_party/miniz -I/home/pei/Project/duckdb-polr/extension/parquet/../../third_party/thrift -I/home/pei/Project/duckdb-polr/extension/parquet/../../third_party/zstd/include -O3 -DNDEBUG -O3 -DNDEBUG   -fPIC -fdiagnostics-color=always -std=c++11 -MD -MT extension/parquet/CMakeFiles/parquet_extension.dir/__/__/third_party/zstd/compress/zstd_compress.cpp.o -MF extension/parquet/CMakeFiles/parquet_extension.dir/__/__/third_party/zstd/compress/zstd_compress.cpp.o.d -o extension/parquet/CMakeFiles/parquet_extension.dir/__/__/third_party/zstd/compress/zstd_compress.cpp.o -c /home/pei/Project/duckdb-polr/third_party/zstd/compress/zstd_compress.cpp
[150/376] /usr/bin/ccache /usr/lib/ccache/c++ -DDUCKDB_BUILD_LIBRARY -DENABLE_CROSS_PRODUCT_REWRITE=1 -DENABLE_DEBUG_PRINT=0 -DENABLE_MEASURE_EXE_TIME=0 -DENABLE_MERGE_BACK_PLAN=0 -DENABLE_PARALLEL_EXECUTION=0 -DENABLE_QUERY_SPLIT=1 -DENABLE_SPECIFY_EST_STAT=0 -I/home/pei/Project/duckdb-polr/src/include -I/home/pei/Project/duckdb-polr/third_party/fsst -I/home/pei/Project/duckdb-polr/third_party/fmt/include -I/home/pei/Project/duckdb-polr/third_party/hyperloglog -I/home/pei/Project/duckdb-polr/third_party/fastpforlib -I/home/pei/Project/duckdb-polr/third_party/fast_float -I/home/pei/Project/duckdb-polr/third_party/re2 -I/home/pei/Project/duckdb-polr/third_party/miniz -I/home/pei/Project/duckdb-polr/third_party/utf8proc/include -I/home/pei/Project/duckdb-polr/third_party/miniparquet -I/home/pei/Project/duckdb-polr/third_party/concurrentqueue -I/home/pei/Project/duckdb-polr/third_party/pcg -I/home/pei/Project/duckdb-polr/third_party/tdigest -I/home/pei/Project/duckdb-polr/third_party/mbedtls/include -I/home/pei/Project/duckdb-polr/third_party/jaro_winkler -I/home/pei/Project/duckdb-polr/extension/parquet/include -I/home/pei/Project/duckdb-polr/extension/parquet/../../third_party/parquet -I/home/pei/Project/duckdb-polr/extension/parquet/../../third_party/snappy -I/home/pei/Project/duckdb-polr/extension/parquet/../../third_party/miniz -I/home/pei/Project/duckdb-polr/extension/parquet/../../third_party/thrift -I/home/pei/Project/duckdb-polr/extension/parquet/../../third_party/zstd/include -O3 -DNDEBUG -O3 -DNDEBUG   -fPIC -fdiagnostics-color=always -std=c++11 -MD -MT extension/parquet/CMakeFiles/parquet_extension.dir/__/__/third_party/zstd/compress/zstd_compress_literals.cpp.o -MF extension/parquet/CMakeFiles/parquet_extension.dir/__/__/third_party/zstd/compress/zstd_compress_literals.cpp.o.d -o extension/parquet/CMakeFiles/parquet_extension.dir/__/__/third_party/zstd/compress/zstd_compress_literals.cpp.o -c /home/pei/Project/duckdb-polr/third_party/zstd/compress/zstd_compress_literals.cpp
[151/376] /usr/bin/ccache /usr/lib/ccache/c++ -DDUCKDB_BUILD_LIBRARY -DENABLE_CROSS_PRODUCT_REWRITE=1 -DENABLE_DEBUG_PRINT=0 -DENABLE_MEASURE_EXE_TIME=0 -DENABLE_MERGE_BACK_PLAN=0 -DENABLE_PARALLEL_EXECUTION=0 -DENABLE_QUERY_SPLIT=1 -DENABLE_SPECIFY_EST_STAT=0 -I/home/pei/Project/duckdb-polr/src/include -I/home/pei/Project/duckdb-polr/third_party/fsst -I/home/pei/Project/duckdb-polr/third_party/fmt/include -I/home/pei/Project/duckdb-polr/third_party/hyperloglog -I/home/pei/Project/duckdb-polr/third_party/fastpforlib -I/home/pei/Project/duckdb-polr/third_party/fast_float -I/home/pei/Project/duckdb-polr/third_party/re2 -I/home/pei/Project/duckdb-polr/third_party/miniz -I/home/pei/Project/duckdb-polr/third_party/utf8proc/include -I/home/pei/Project/duckdb-polr/third_party/miniparquet -I/home/pei/Project/duckdb-polr/third_party/concurrentqueue -I/home/pei/Project/duckdb-polr/third_party/pcg -I/home/pei/Project/duckdb-polr/third_party/tdigest -I/home/pei/Project/duckdb-polr/third_party/mbedtls/include -I/home/pei/Project/duckdb-polr/third_party/jaro_winkler -I/home/pei/Project/duckdb-polr/extension/parquet/include -I/home/pei/Project/duckdb-polr/extension/parquet/../../third_party/parquet -I/home/pei/Project/duckdb-polr/extension/parquet/../../third_party/snappy -I/home/pei/Project/duckdb-polr/extension/parquet/../../third_party/miniz -I/home/pei/Project/duckdb-polr/extension/parquet/../../third_party/thrift -I/home/pei/Project/duckdb-polr/extension/parquet/../../third_party/zstd/include -O3 -DNDEBUG -O3 -DNDEBUG   -fPIC -fdiagnostics-color=always -std=c++11 -MD -MT extension/parquet/CMakeFiles/parquet_extension.dir/__/__/third_party/zstd/compress/zstd_compress_sequences.cpp.o -MF extension/parquet/CMakeFiles/parquet_extension.dir/__/__/third_party/zstd/compress/zstd_compress_sequences.cpp.o.d -o extension/parquet/CMakeFiles/parquet_extension.dir/__/__/third_party/zstd/compress/zstd_compress_sequences.cpp.o -c /home/pei/Project/duckdb-polr/third_party/zstd/compress/zstd_compress_sequences.cpp
[152/376] /usr/bin/ccache /usr/lib/ccache/c++ -DDUCKDB_BUILD_LIBRARY -DENABLE_CROSS_PRODUCT_REWRITE=1 -DENABLE_DEBUG_PRINT=0 -DENABLE_MEASURE_EXE_TIME=0 -DENABLE_MERGE_BACK_PLAN=0 -DENABLE_PARALLEL_EXECUTION=0 -DENABLE_QUERY_SPLIT=1 -DENABLE_SPECIFY_EST_STAT=0 -I/home/pei/Project/duckdb-polr/src/include -I/home/pei/Project/duckdb-polr/third_party/fsst -I/home/pei/Project/duckdb-polr/third_party/fmt/include -I/home/pei/Project/duckdb-polr/third_party/hyperloglog -I/home/pei/Project/duckdb-polr/third_party/fastpforlib -I/home/pei/Project/duckdb-polr/third_party/fast_float -I/home/pei/Project/duckdb-polr/third_party/re2 -I/home/pei/Project/duckdb-polr/third_party/miniz -I/home/pei/Project/duckdb-polr/third_party/utf8proc/include -I/home/pei/Project/duckdb-polr/third_party/miniparquet -I/home/pei/Project/duckdb-polr/third_party/concurrentqueue -I/home/pei/Project/duckdb-polr/third_party/pcg -I/home/pei/Project/duckdb-polr/third_party/tdigest -I/home/pei/Project/duckdb-polr/third_party/mbedtls/include -I/home/pei/Project/duckdb-polr/third_party/jaro_winkler -I/home/pei/Project/duckdb-polr/extension/parquet/include -I/home/pei/Project/duckdb-polr/extension/parquet/../../third_party/parquet -I/home/pei/Project/duckdb-polr/extension/parquet/../../third_party/snappy -I/home/pei/Project/duckdb-polr/extension/parquet/../../third_party/miniz -I/home/pei/Project/duckdb-polr/extension/parquet/../../third_party/thrift -I/home/pei/Project/duckdb-polr/extension/parquet/../../third_party/zstd/include -O3 -DNDEBUG -O3 -DNDEBUG   -fPIC -fdiagnostics-color=always -std=c++11 -MD -MT extension/parquet/CMakeFiles/parquet_extension.dir/zstd_file_system.cpp.o -MF extension/parquet/CMakeFiles/parquet_extension.dir/zstd_file_system.cpp.o.d -o extension/parquet/CMakeFiles/parquet_extension.dir/zstd_file_system.cpp.o -c /home/pei/Project/duckdb-polr/extension/parquet/zstd_file_system.cpp
[153/376] /usr/bin/ccache /usr/lib/ccache/c++ -DDUCKDB_BUILD_LIBRARY -DENABLE_CROSS_PRODUCT_REWRITE=1 -DENABLE_DEBUG_PRINT=0 -DENABLE_MEASURE_EXE_TIME=0 -DENABLE_MERGE_BACK_PLAN=0 -DENABLE_PARALLEL_EXECUTION=0 -DENABLE_QUERY_SPLIT=1 -DENABLE_SPECIFY_EST_STAT=0 -I/home/pei/Project/duckdb-polr/src/include -I/home/pei/Project/duckdb-polr/third_party/fsst -I/home/pei/Project/duckdb-polr/third_party/fmt/include -I/home/pei/Project/duckdb-polr/third_party/hyperloglog -I/home/pei/Project/duckdb-polr/third_party/fastpforlib -I/home/pei/Project/duckdb-polr/third_party/fast_float -I/home/pei/Project/duckdb-polr/third_party/re2 -I/home/pei/Project/duckdb-polr/third_party/miniz -I/home/pei/Project/duckdb-polr/third_party/utf8proc/include -I/home/pei/Project/duckdb-polr/third_party/miniparquet -I/home/pei/Project/duckdb-polr/third_party/concurrentqueue -I/home/pei/Project/duckdb-polr/third_party/pcg -I/home/pei/Project/duckdb-polr/third_party/tdigest -I/home/pei/Project/duckdb-polr/third_party/mbedtls/include -I/home/pei/Project/duckdb-polr/third_party/jaro_winkler -I/home/pei/Project/duckdb-polr/extension/parquet/include -I/home/pei/Project/duckdb-polr/extension/parquet/../../third_party/parquet -I/home/pei/Project/duckdb-polr/extension/parquet/../../third_party/snappy -I/home/pei/Project/duckdb-polr/extension/parquet/../../third_party/miniz -I/home/pei/Project/duckdb-polr/extension/parquet/../../third_party/thrift -I/home/pei/Project/duckdb-polr/extension/parquet/../../third_party/zstd/include -O3 -DNDEBUG -O3 -DNDEBUG   -fPIC -fdiagnostics-color=always -std=c++11 -MD -MT extension/parquet/CMakeFiles/parquet_extension.dir/__/__/third_party/zstd/compress/zstd_compress_superblock.cpp.o -MF extension/parquet/CMakeFiles/parquet_extension.dir/__/__/third_party/zstd/compress/zstd_compress_superblock.cpp.o.d -o extension/parquet/CMakeFiles/parquet_extension.dir/__/__/third_party/zstd/compress/zstd_compress_superblock.cpp.o -c /home/pei/Project/duckdb-polr/third_party/zstd/compress/zstd_compress_superblock.cpp
[154/376] /usr/bin/ccache /usr/lib/ccache/c++ -DDUCKDB_BUILD_LIBRARY -DENABLE_CROSS_PRODUCT_REWRITE=1 -DENABLE_DEBUG_PRINT=0 -DENABLE_MEASURE_EXE_TIME=0 -DENABLE_MERGE_BACK_PLAN=0 -DENABLE_PARALLEL_EXECUTION=0 -DENABLE_QUERY_SPLIT=1 -DENABLE_SPECIFY_EST_STAT=0 -I/home/pei/Project/duckdb-polr/src/include -I/home/pei/Project/duckdb-polr/third_party/fsst -I/home/pei/Project/duckdb-polr/third_party/fmt/include -I/home/pei/Project/duckdb-polr/third_party/hyperloglog -I/home/pei/Project/duckdb-polr/third_party/fastpforlib -I/home/pei/Project/duckdb-polr/third_party/fast_float -I/home/pei/Project/duckdb-polr/third_party/re2 -I/home/pei/Project/duckdb-polr/third_party/miniz -I/home/pei/Project/duckdb-polr/third_party/utf8proc/include -I/home/pei/Project/duckdb-polr/third_party/miniparquet -I/home/pei/Project/duckdb-polr/third_party/concurrentqueue -I/home/pei/Project/duckdb-polr/third_party/pcg -I/home/pei/Project/duckdb-polr/third_party/tdigest -I/home/pei/Project/duckdb-polr/third_party/mbedtls/include -I/home/pei/Project/duckdb-polr/third_party/jaro_winkler -I/home/pei/Project/duckdb-polr/extension/parquet/include -I/home/pei/Project/duckdb-polr/extension/parquet/../../third_party/parquet -I/home/pei/Project/duckdb-polr/extension/parquet/../../third_party/snappy -I/home/pei/Project/duckdb-polr/extension/parquet/../../third_party/miniz -I/home/pei/Project/duckdb-polr/extension/parquet/../../third_party/thrift -I/home/pei/Project/duckdb-polr/extension/parquet/../../third_party/zstd/include -O3 -DNDEBUG -O3 -DNDEBUG   -fPIC -fdiagnostics-color=always -std=c++11 -MD -MT extension/parquet/CMakeFiles/parquet_extension.dir/__/__/third_party/zstd/compress/zstd_fast.cpp.o -MF extension/parquet/CMakeFiles/parquet_extension.dir/__/__/third_party/zstd/compress/zstd_fast.cpp.o.d -o extension/parquet/CMakeFiles/parquet_extension.dir/__/__/third_party/zstd/compress/zstd_fast.cpp.o -c /home/pei/Project/duckdb-polr/third_party/zstd/compress/zstd_fast.cpp
[155/376] /usr/bin/ccache /usr/lib/ccache/c++ -DDUCKDB_BUILD_LIBRARY -DENABLE_CROSS_PRODUCT_REWRITE=1 -DENABLE_DEBUG_PRINT=0 -DENABLE_MEASURE_EXE_TIME=0 -DENABLE_MERGE_BACK_PLAN=0 -DENABLE_PARALLEL_EXECUTION=0 -DENABLE_QUERY_SPLIT=1 -DENABLE_SPECIFY_EST_STAT=0 -I/home/pei/Project/duckdb-polr/src/include -I/home/pei/Project/duckdb-polr/third_party/fsst -I/home/pei/Project/duckdb-polr/third_party/fmt/include -I/home/pei/Project/duckdb-polr/third_party/hyperloglog -I/home/pei/Project/duckdb-polr/third_party/fastpforlib -I/home/pei/Project/duckdb-polr/third_party/fast_float -I/home/pei/Project/duckdb-polr/third_party/re2 -I/home/pei/Project/duckdb-polr/third_party/miniz -I/home/pei/Project/duckdb-polr/third_party/utf8proc/include -I/home/pei/Project/duckdb-polr/third_party/miniparquet -I/home/pei/Project/duckdb-polr/third_party/concurrentqueue -I/home/pei/Project/duckdb-polr/third_party/pcg -I/home/pei/Project/duckdb-polr/third_party/tdigest -I/home/pei/Project/duckdb-polr/third_party/mbedtls/include -I/home/pei/Project/duckdb-polr/third_party/jaro_winkler -I/home/pei/Project/duckdb-polr/extension/parquet/include -I/home/pei/Project/duckdb-polr/extension/parquet/../../third_party/parquet -I/home/pei/Project/duckdb-polr/extension/parquet/../../third_party/snappy -I/home/pei/Project/duckdb-polr/extension/parquet/../../third_party/miniz -I/home/pei/Project/duckdb-polr/extension/parquet/../../third_party/thrift -I/home/pei/Project/duckdb-polr/extension/parquet/../../third_party/zstd/include -O3 -DNDEBUG -O3 -DNDEBUG   -fPIC -fdiagnostics-color=always -std=c++11 -MD -MT extension/parquet/CMakeFiles/parquet_extension.dir/__/__/third_party/zstd/compress/zstd_lazy.cpp.o -MF extension/parquet/CMakeFiles/parquet_extension.dir/__/__/third_party/zstd/compress/zstd_lazy.cpp.o.d -o extension/parquet/CMakeFiles/parquet_extension.dir/__/__/third_party/zstd/compress/zstd_lazy.cpp.o -c /home/pei/Project/duckdb-polr/third_party/zstd/compress/zstd_lazy.cpp
[156/376] /usr/bin/ccache /usr/lib/ccache/c++ -DDUCKDB_BUILD_LIBRARY -DENABLE_CROSS_PRODUCT_REWRITE=1 -DENABLE_DEBUG_PRINT=0 -DENABLE_MEASURE_EXE_TIME=0 -DENABLE_MERGE_BACK_PLAN=0 -DENABLE_PARALLEL_EXECUTION=0 -DENABLE_QUERY_SPLIT=1 -DENABLE_SPECIFY_EST_STAT=0 -I/home/pei/Project/duckdb-polr/src/include -I/home/pei/Project/duckdb-polr/third_party/fsst -I/home/pei/Project/duckdb-polr/third_party/fmt/include -I/home/pei/Project/duckdb-polr/third_party/hyperloglog -I/home/pei/Project/duckdb-polr/third_party/fastpforlib -I/home/pei/Project/duckdb-polr/third_party/fast_float -I/home/pei/Project/duckdb-polr/third_party/re2 -I/home/pei/Project/duckdb-polr/third_party/miniz -I/home/pei/Project/duckdb-polr/third_party/utf8proc/include -I/home/pei/Project/duckdb-polr/third_party/miniparquet -I/home/pei/Project/duckdb-polr/third_party/concurrentqueue -I/home/pei/Project/duckdb-polr/third_party/pcg -I/home/pei/Project/duckdb-polr/third_party/tdigest -I/home/pei/Project/duckdb-polr/third_party/mbedtls/include -I/home/pei/Project/duckdb-polr/third_party/jaro_winkler -I/home/pei/Project/duckdb-polr/extension/parquet/include -I/home/pei/Project/duckdb-polr/extension/parquet/../../third_party/parquet -I/home/pei/Project/duckdb-polr/extension/parquet/../../third_party/snappy -I/home/pei/Project/duckdb-polr/extension/parquet/../../third_party/miniz -I/home/pei/Project/duckdb-polr/extension/parquet/../../third_party/thrift -I/home/pei/Project/duckdb-polr/extension/parquet/../../third_party/zstd/include -O3 -DNDEBUG -O3 -DNDEBUG   -fPIC -fdiagnostics-color=always -std=c++11 -MD -MT extension/parquet/CMakeFiles/parquet_extension.dir/__/__/third_party/zstd/compress/zstd_double_fast.cpp.o -MF extension/parquet/CMakeFiles/parquet_extension.dir/__/__/third_party/zstd/compress/zstd_double_fast.cpp.o.d -o extension/parquet/CMakeFiles/parquet_extension.dir/__/__/third_party/zstd/compress/zstd_double_fast.cpp.o -c /home/pei/Project/duckdb-polr/third_party/zstd/compress/zstd_double_fast.cpp
[157/376] /usr/bin/ccache /usr/lib/ccache/c++ -DDUCKDB_BUILD_LIBRARY -DENABLE_CROSS_PRODUCT_REWRITE=1 -DENABLE_DEBUG_PRINT=0 -DENABLE_MEASURE_EXE_TIME=0 -DENABLE_MERGE_BACK_PLAN=0 -DENABLE_PARALLEL_EXECUTION=0 -DENABLE_QUERY_SPLIT=1 -DENABLE_SPECIFY_EST_STAT=0 -I/home/pei/Project/duckdb-polr/src/include -I/home/pei/Project/duckdb-polr/third_party/fsst -I/home/pei/Project/duckdb-polr/third_party/fmt/include -I/home/pei/Project/duckdb-polr/third_party/hyperloglog -I/home/pei/Project/duckdb-polr/third_party/fastpforlib -I/home/pei/Project/duckdb-polr/third_party/fast_float -I/home/pei/Project/duckdb-polr/third_party/re2 -I/home/pei/Project/duckdb-polr/third_party/miniz -I/home/pei/Project/duckdb-polr/third_party/utf8proc/include -I/home/pei/Project/duckdb-polr/third_party/miniparquet -I/home/pei/Project/duckdb-polr/third_party/concurrentqueue -I/home/pei/Project/duckdb-polr/third_party/pcg -I/home/pei/Project/duckdb-polr/third_party/tdigest -I/home/pei/Project/duckdb-polr/third_party/mbedtls/include -I/home/pei/Project/duckdb-polr/third_party/jaro_winkler -I/home/pei/Project/duckdb-polr/extension/parquet/include -I/home/pei/Project/duckdb-polr/extension/parquet/../../third_party/parquet -I/home/pei/Project/duckdb-polr/extension/parquet/../../third_party/snappy -I/home/pei/Project/duckdb-polr/extension/parquet/../../third_party/miniz -I/home/pei/Project/duckdb-polr/extension/parquet/../../third_party/thrift -I/home/pei/Project/duckdb-polr/extension/parquet/../../third_party/zstd/include -O3 -DNDEBUG -O3 -DNDEBUG   -fPIC -fdiagnostics-color=always -std=c++11 -MD -MT extension/parquet/CMakeFiles/parquet_extension.dir/__/__/third_party/zstd/compress/zstd_ldm.cpp.o -MF extension/parquet/CMakeFiles/parquet_extension.dir/__/__/third_party/zstd/compress/zstd_ldm.cpp.o.d -o extension/parquet/CMakeFiles/parquet_extension.dir/__/__/third_party/zstd/compress/zstd_ldm.cpp.o -c /home/pei/Project/duckdb-polr/third_party/zstd/compress/zstd_ldm.cpp
[158/376] /usr/bin/ccache /usr/lib/ccache/c++ -DDUCKDB_BUILD_LIBRARY -DENABLE_CROSS_PRODUCT_REWRITE=1 -DENABLE_DEBUG_PRINT=0 -DENABLE_MEASURE_EXE_TIME=0 -DENABLE_MERGE_BACK_PLAN=0 -DENABLE_PARALLEL_EXECUTION=0 -DENABLE_QUERY_SPLIT=1 -DENABLE_SPECIFY_EST_STAT=0 -I/home/pei/Project/duckdb-polr/src/include -I/home/pei/Project/duckdb-polr/third_party/fsst -I/home/pei/Project/duckdb-polr/third_party/fmt/include -I/home/pei/Project/duckdb-polr/third_party/hyperloglog -I/home/pei/Project/duckdb-polr/third_party/fastpforlib -I/home/pei/Project/duckdb-polr/third_party/fast_float -I/home/pei/Project/duckdb-polr/third_party/re2 -I/home/pei/Project/duckdb-polr/third_party/miniz -I/home/pei/Project/duckdb-polr/third_party/utf8proc/include -I/home/pei/Project/duckdb-polr/third_party/miniparquet -I/home/pei/Project/duckdb-polr/third_party/concurrentqueue -I/home/pei/Project/duckdb-polr/third_party/pcg -I/home/pei/Project/duckdb-polr/third_party/tdigest -I/home/pei/Project/duckdb-polr/third_party/mbedtls/include -I/home/pei/Project/duckdb-polr/third_party/jaro_winkler -I/home/pei/Project/duckdb-polr/extension/parquet/include -I/home/pei/Project/duckdb-polr/extension/parquet/../../third_party/parquet -I/home/pei/Project/duckdb-polr/extension/parquet/../../third_party/snappy -I/home/pei/Project/duckdb-polr/extension/parquet/../../third_party/miniz -I/home/pei/Project/duckdb-polr/extension/parquet/../../third_party/thrift -I/home/pei/Project/duckdb-polr/extension/parquet/../../third_party/zstd/include -O3 -DNDEBUG -O3 -DNDEBUG   -fPIC -fdiagnostics-color=always -std=c++11 -MD -MT extension/parquet/CMakeFiles/parquet_extension.dir/__/__/third_party/zstd/compress/zstd_opt.cpp.o -MF extension/parquet/CMakeFiles/parquet_extension.dir/__/__/third_party/zstd/compress/zstd_opt.cpp.o.d -o extension/parquet/CMakeFiles/parquet_extension.dir/__/__/third_party/zstd/compress/zstd_opt.cpp.o -c /home/pei/Project/duckdb-polr/third_party/zstd/compress/zstd_opt.cpp
[159/376] /usr/bin/ccache /usr/lib/ccache/c++ -DDUCKDB_BUILD_LIBRARY -DENABLE_CROSS_PRODUCT_REWRITE=1 -DENABLE_DEBUG_PRINT=0 -DENABLE_MEASURE_EXE_TIME=0 -DENABLE_MERGE_BACK_PLAN=0 -DENABLE_PARALLEL_EXECUTION=0 -DENABLE_QUERY_SPLIT=1 -DENABLE_SPECIFY_EST_STAT=0 -I/home/pei/Project/duckdb-polr/src/include -I/home/pei/Project/duckdb-polr/third_party/fsst -I/home/pei/Project/duckdb-polr/third_party/fmt/include -I/home/pei/Project/duckdb-polr/third_party/hyperloglog -I/home/pei/Project/duckdb-polr/third_party/fastpforlib -I/home/pei/Project/duckdb-polr/third_party/fast_float -I/home/pei/Project/duckdb-polr/third_party/re2 -I/home/pei/Project/duckdb-polr/third_party/miniz -I/home/pei/Project/duckdb-polr/third_party/utf8proc/include -I/home/pei/Project/duckdb-polr/third_party/miniparquet -I/home/pei/Project/duckdb-polr/third_party/concurrentqueue -I/home/pei/Project/duckdb-polr/third_party/pcg -I/home/pei/Project/duckdb-polr/third_party/tdigest -I/home/pei/Project/duckdb-polr/third_party/mbedtls/include -I/home/pei/Project/duckdb-polr/third_party/jaro_winkler -I/home/pei/Project/duckdb-polr/extension/parquet/include -I/home/pei/Project/duckdb-polr/extension/parquet/../../third_party/parquet -I/home/pei/Project/duckdb-polr/extension/parquet/../../third_party/snappy -I/home/pei/Project/duckdb-polr/extension/parquet/../../third_party/miniz -I/home/pei/Project/duckdb-polr/extension/parquet/../../third_party/thrift -I/home/pei/Project/duckdb-polr/extension/parquet/../../third_party/zstd/include -O3 -DNDEBUG -O3 -DNDEBUG   -fPIC -fdiagnostics-color=always -std=c++11 -MD -MT extension/parquet/CMakeFiles/parquet_extension.dir/parquet_metadata.cpp.o -MF extension/parquet/CMakeFiles/parquet_extension.dir/parquet_metadata.cpp.o.d -o extension/parquet/CMakeFiles/parquet_extension.dir/parquet_metadata.cpp.o -c /home/pei/Project/duckdb-polr/extension/parquet/parquet_metadata.cpp
[160/376] /usr/bin/ccache /usr/lib/ccache/c++ -DDUCKDB_BUILD_LIBRARY -DENABLE_CROSS_PRODUCT_REWRITE=1 -DENABLE_DEBUG_PRINT=0 -DENABLE_MEASURE_EXE_TIME=0 -DENABLE_MERGE_BACK_PLAN=0 -DENABLE_PARALLEL_EXECUTION=0 -DENABLE_QUERY_SPLIT=1 -DENABLE_SPECIFY_EST_STAT=0 -I/home/pei/Project/duckdb-polr/src/include -I/home/pei/Project/duckdb-polr/third_party/fsst -I/home/pei/Project/duckdb-polr/third_party/fmt/include -I/home/pei/Project/duckdb-polr/third_party/hyperloglog -I/home/pei/Project/duckdb-polr/third_party/fastpforlib -I/home/pei/Project/duckdb-polr/third_party/fast_float -I/home/pei/Project/duckdb-polr/third_party/re2 -I/home/pei/Project/duckdb-polr/third_party/miniz -I/home/pei/Project/duckdb-polr/third_party/utf8proc/include -I/home/pei/Project/duckdb-polr/third_party/miniparquet -I/home/pei/Project/duckdb-polr/third_party/concurrentqueue -I/home/pei/Project/duckdb-polr/third_party/pcg -I/home/pei/Project/duckdb-polr/third_party/tdigest -I/home/pei/Project/duckdb-polr/third_party/mbedtls/include -I/home/pei/Project/duckdb-polr/third_party/jaro_winkler -I/home/pei/Project/duckdb-polr/extension/parquet/include -I/home/pei/Project/duckdb-polr/extension/parquet/../../third_party/parquet -I/home/pei/Project/duckdb-polr/extension/parquet/../../third_party/snappy -I/home/pei/Project/duckdb-polr/extension/parquet/../../third_party/miniz -I/home/pei/Project/duckdb-polr/extension/parquet/../../third_party/thrift -I/home/pei/Project/duckdb-polr/extension/parquet/../../third_party/zstd/include -O3 -DNDEBUG -O3 -DNDEBUG   -fPIC -fdiagnostics-color=always -std=c++11 -MD -MT extension/parquet/CMakeFiles/parquet_extension.dir/parquet_statistics.cpp.o -MF extension/parquet/CMakeFiles/parquet_extension.dir/parquet_statistics.cpp.o.d -o extension/parquet/CMakeFiles/parquet_extension.dir/parquet_statistics.cpp.o -c /home/pei/Project/duckdb-polr/extension/parquet/parquet_statistics.cpp
[161/376] /usr/bin/ccache /usr/lib/ccache/c++ -DDUCKDB_BUILD_LIBRARY -DDUCKDB_BUILD_LOADABLE_EXTENSION -DENABLE_CROSS_PRODUCT_REWRITE=1 -DENABLE_DEBUG_PRINT=0 -DENABLE_MEASURE_EXE_TIME=0 -DENABLE_MERGE_BACK_PLAN=0 -DENABLE_PARALLEL_EXECUTION=0 -DENABLE_QUERY_SPLIT=1 -DENABLE_SPECIFY_EST_STAT=0 -I/home/pei/Project/duckdb-polr/src/include -I/home/pei/Project/duckdb-polr/third_party/fsst -I/home/pei/Project/duckdb-polr/third_party/fmt/include -I/home/pei/Project/duckdb-polr/third_party/hyperloglog -I/home/pei/Project/duckdb-polr/third_party/fastpforlib -I/home/pei/Project/duckdb-polr/third_party/fast_float -I/home/pei/Project/duckdb-polr/third_party/re2 -I/home/pei/Project/duckdb-polr/third_party/miniz -I/home/pei/Project/duckdb-polr/third_party/utf8proc/include -I/home/pei/Project/duckdb-polr/third_party/miniparquet -I/home/pei/Project/duckdb-polr/third_party/concurrentqueue -I/home/pei/Project/duckdb-polr/third_party/pcg -I/home/pei/Project/duckdb-polr/third_party/tdigest -I/home/pei/Project/duckdb-polr/third_party/mbedtls/include -I/home/pei/Project/duckdb-polr/third_party/jaro_winkler -I/home/pei/Project/duckdb-polr/extension/parquet/include -I/home/pei/Project/duckdb-polr/extension/parquet/../../third_party/parquet -I/home/pei/Project/duckdb-polr/extension/parquet/../../third_party/snappy -I/home/pei/Project/duckdb-polr/extension/parquet/../../third_party/miniz -I/home/pei/Project/duckdb-polr/extension/parquet/../../third_party/thrift -I/home/pei/Project/duckdb-polr/extension/parquet/../../third_party/zstd/include -O3 -DNDEBUG -O3 -DNDEBUG   -fPIC -fdiagnostics-color=always -std=c++11 -MD -MT extension/parquet/CMakeFiles/parquet_loadable_extension.dir/parquet_timestamp.cpp.o -MF extension/parquet/CMakeFiles/parquet_loadable_extension.dir/parquet_timestamp.cpp.o.d -o extension/parquet/CMakeFiles/parquet_loadable_extension.dir/parquet_timestamp.cpp.o -c /home/pei/Project/duckdb-polr/extension/parquet/parquet_timestamp.cpp
[162/376] /usr/bin/ccache /usr/lib/ccache/c++ -DDUCKDB_BUILD_LIBRARY -DDUCKDB_BUILD_LOADABLE_EXTENSION -DENABLE_CROSS_PRODUCT_REWRITE=1 -DENABLE_DEBUG_PRINT=0 -DENABLE_MEASURE_EXE_TIME=0 -DENABLE_MERGE_BACK_PLAN=0 -DENABLE_PARALLEL_EXECUTION=0 -DENABLE_QUERY_SPLIT=1 -DENABLE_SPECIFY_EST_STAT=0 -I/home/pei/Project/duckdb-polr/src/include -I/home/pei/Project/duckdb-polr/third_party/fsst -I/home/pei/Project/duckdb-polr/third_party/fmt/include -I/home/pei/Project/duckdb-polr/third_party/hyperloglog -I/home/pei/Project/duckdb-polr/third_party/fastpforlib -I/home/pei/Project/duckdb-polr/third_party/fast_float -I/home/pei/Project/duckdb-polr/third_party/re2 -I/home/pei/Project/duckdb-polr/third_party/miniz -I/home/pei/Project/duckdb-polr/third_party/utf8proc/include -I/home/pei/Project/duckdb-polr/third_party/miniparquet -I/home/pei/Project/duckdb-polr/third_party/concurrentqueue -I/home/pei/Project/duckdb-polr/third_party/pcg -I/home/pei/Project/duckdb-polr/third_party/tdigest -I/home/pei/Project/duckdb-polr/third_party/mbedtls/include -I/home/pei/Project/duckdb-polr/third_party/jaro_winkler -I/home/pei/Project/duckdb-polr/extension/parquet/include -I/home/pei/Project/duckdb-polr/extension/parquet/../../third_party/parquet -I/home/pei/Project/duckdb-polr/extension/parquet/../../third_party/snappy -I/home/pei/Project/duckdb-polr/extension/parquet/../../third_party/miniz -I/home/pei/Project/duckdb-polr/extension/parquet/../../third_party/thrift -I/home/pei/Project/duckdb-polr/extension/parquet/../../third_party/zstd/include -O3 -DNDEBUG -O3 -DNDEBUG   -fPIC -fdiagnostics-color=always -std=c++11 -MD -MT extension/parquet/CMakeFiles/parquet_loadable_extension.dir/parquet_statistics.cpp.o -MF extension/parquet/CMakeFiles/parquet_loadable_extension.dir/parquet_statistics.cpp.o.d -o extension/parquet/CMakeFiles/parquet_loadable_extension.dir/parquet_statistics.cpp.o -c /home/pei/Project/duckdb-polr/extension/parquet/parquet_statistics.cpp
[163/376] /usr/bin/ccache /usr/lib/ccache/c++ -DDUCKDB_BUILD_LIBRARY -DDUCKDB_BUILD_LOADABLE_EXTENSION -DENABLE_CROSS_PRODUCT_REWRITE=1 -DENABLE_DEBUG_PRINT=0 -DENABLE_MEASURE_EXE_TIME=0 -DENABLE_MERGE_BACK_PLAN=0 -DENABLE_PARALLEL_EXECUTION=0 -DENABLE_QUERY_SPLIT=1 -DENABLE_SPECIFY_EST_STAT=0 -I/home/pei/Project/duckdb-polr/src/include -I/home/pei/Project/duckdb-polr/third_party/fsst -I/home/pei/Project/duckdb-polr/third_party/fmt/include -I/home/pei/Project/duckdb-polr/third_party/hyperloglog -I/home/pei/Project/duckdb-polr/third_party/fastpforlib -I/home/pei/Project/duckdb-polr/third_party/fast_float -I/home/pei/Project/duckdb-polr/third_party/re2 -I/home/pei/Project/duckdb-polr/third_party/miniz -I/home/pei/Project/duckdb-polr/third_party/utf8proc/include -I/home/pei/Project/duckdb-polr/third_party/miniparquet -I/home/pei/Project/duckdb-polr/third_party/concurrentqueue -I/home/pei/Project/duckdb-polr/third_party/pcg -I/home/pei/Project/duckdb-polr/third_party/tdigest -I/home/pei/Project/duckdb-polr/third_party/mbedtls/include -I/home/pei/Project/duckdb-polr/third_party/jaro_winkler -I/home/pei/Project/duckdb-polr/extension/parquet/include -I/home/pei/Project/duckdb-polr/extension/parquet/../../third_party/parquet -I/home/pei/Project/duckdb-polr/extension/parquet/../../third_party/snappy -I/home/pei/Project/duckdb-polr/extension/parquet/../../third_party/miniz -I/home/pei/Project/duckdb-polr/extension/parquet/../../third_party/thrift -I/home/pei/Project/duckdb-polr/extension/parquet/../../third_party/zstd/include -O3 -DNDEBUG -O3 -DNDEBUG   -fPIC -fdiagnostics-color=always -std=c++11 -MD -MT extension/parquet/CMakeFiles/parquet_loadable_extension.dir/zstd_file_system.cpp.o -MF extension/parquet/CMakeFiles/parquet_loadable_extension.dir/zstd_file_system.cpp.o.d -o extension/parquet/CMakeFiles/parquet_loadable_extension.dir/zstd_file_system.cpp.o -c /home/pei/Project/duckdb-polr/extension/parquet/zstd_file_system.cpp
[164/376] /usr/bin/ccache /usr/lib/ccache/c++ -DDUCKDB_BUILD_LIBRARY -DENABLE_CROSS_PRODUCT_REWRITE=1 -DENABLE_DEBUG_PRINT=0 -DENABLE_MEASURE_EXE_TIME=0 -DENABLE_MERGE_BACK_PLAN=0 -DENABLE_PARALLEL_EXECUTION=0 -DENABLE_QUERY_SPLIT=1 -DENABLE_SPECIFY_EST_STAT=0 -I/home/pei/Project/duckdb-polr/src/include -I/home/pei/Project/duckdb-polr/third_party/fsst -I/home/pei/Project/duckdb-polr/third_party/fmt/include -I/home/pei/Project/duckdb-polr/third_party/hyperloglog -I/home/pei/Project/duckdb-polr/third_party/fastpforlib -I/home/pei/Project/duckdb-polr/third_party/fast_float -I/home/pei/Project/duckdb-polr/third_party/re2 -I/home/pei/Project/duckdb-polr/third_party/miniz -I/home/pei/Project/duckdb-polr/third_party/utf8proc/include -I/home/pei/Project/duckdb-polr/third_party/miniparquet -I/home/pei/Project/duckdb-polr/third_party/concurrentqueue -I/home/pei/Project/duckdb-polr/third_party/pcg -I/home/pei/Project/duckdb-polr/third_party/tdigest -I/home/pei/Project/duckdb-polr/third_party/mbedtls/include -I/home/pei/Project/duckdb-polr/third_party/jaro_winkler -I/home/pei/Project/duckdb-polr/extension/parquet/include -I/home/pei/Project/duckdb-polr/extension/parquet/../../third_party/parquet -I/home/pei/Project/duckdb-polr/extension/parquet/../../third_party/snappy -I/home/pei/Project/duckdb-polr/extension/parquet/../../third_party/miniz -I/home/pei/Project/duckdb-polr/extension/parquet/../../third_party/thrift -I/home/pei/Project/duckdb-polr/extension/parquet/../../third_party/zstd/include -O3 -DNDEBUG -O3 -DNDEBUG   -fPIC -fdiagnostics-color=always -std=c++11 -MD -MT extension/parquet/CMakeFiles/parquet_extension.dir/parquet_writer.cpp.o -MF extension/parquet/CMakeFiles/parquet_extension.dir/parquet_writer.cpp.o.d -o extension/parquet/CMakeFiles/parquet_extension.dir/parquet_writer.cpp.o -c /home/pei/Project/duckdb-polr/extension/parquet/parquet_writer.cpp
[165/376] /usr/bin/ccache /usr/lib/ccache/c++ -DDUCKDB_BUILD_LIBRARY -DENABLE_CROSS_PRODUCT_REWRITE=1 -DENABLE_DEBUG_PRINT=0 -DENABLE_MEASURE_EXE_TIME=0 -DENABLE_MERGE_BACK_PLAN=0 -DENABLE_PARALLEL_EXECUTION=0 -DENABLE_QUERY_SPLIT=1 -DENABLE_SPECIFY_EST_STAT=0 -I/home/pei/Project/duckdb-polr/src/include -I/home/pei/Project/duckdb-polr/third_party/fsst -I/home/pei/Project/duckdb-polr/third_party/fmt/include -I/home/pei/Project/duckdb-polr/third_party/hyperloglog -I/home/pei/Project/duckdb-polr/third_party/fastpforlib -I/home/pei/Project/duckdb-polr/third_party/fast_float -I/home/pei/Project/duckdb-polr/third_party/re2 -I/home/pei/Project/duckdb-polr/third_party/miniz -I/home/pei/Project/duckdb-polr/third_party/utf8proc/include -I/home/pei/Project/duckdb-polr/third_party/miniparquet -I/home/pei/Project/duckdb-polr/third_party/concurrentqueue -I/home/pei/Project/duckdb-polr/third_party/pcg -I/home/pei/Project/duckdb-polr/third_party/tdigest -I/home/pei/Project/duckdb-polr/third_party/mbedtls/include -I/home/pei/Project/duckdb-polr/third_party/jaro_winkler -I/home/pei/Project/duckdb-polr/extension/parquet/include -I/home/pei/Project/duckdb-polr/extension/parquet/../../third_party/parquet -I/home/pei/Project/duckdb-polr/extension/parquet/../../third_party/snappy -I/home/pei/Project/duckdb-polr/extension/parquet/../../third_party/miniz -I/home/pei/Project/duckdb-polr/extension/parquet/../../third_party/thrift -I/home/pei/Project/duckdb-polr/extension/parquet/../../third_party/zstd/include -O3 -DNDEBUG -O3 -DNDEBUG   -fPIC -fdiagnostics-color=always -std=c++11 -MD -MT extension/parquet/CMakeFiles/parquet_extension.dir/column_writer.cpp.o -MF extension/parquet/CMakeFiles/parquet_extension.dir/column_writer.cpp.o.d -o extension/parquet/CMakeFiles/parquet_extension.dir/column_writer.cpp.o -c /home/pei/Project/duckdb-polr/extension/parquet/column_writer.cpp
[166/376] /usr/bin/ccache /usr/lib/ccache/c++ -DDUCKDB_BUILD_LIBRARY -DDUCKDB_BUILD_LOADABLE_EXTENSION -DENABLE_CROSS_PRODUCT_REWRITE=1 -DENABLE_DEBUG_PRINT=0 -DENABLE_MEASURE_EXE_TIME=0 -DENABLE_MERGE_BACK_PLAN=0 -DENABLE_PARALLEL_EXECUTION=0 -DENABLE_QUERY_SPLIT=1 -DENABLE_SPECIFY_EST_STAT=0 -I/home/pei/Project/duckdb-polr/src/include -I/home/pei/Project/duckdb-polr/third_party/fsst -I/home/pei/Project/duckdb-polr/third_party/fmt/include -I/home/pei/Project/duckdb-polr/third_party/hyperloglog -I/home/pei/Project/duckdb-polr/third_party/fastpforlib -I/home/pei/Project/duckdb-polr/third_party/fast_float -I/home/pei/Project/duckdb-polr/third_party/re2 -I/home/pei/Project/duckdb-polr/third_party/miniz -I/home/pei/Project/duckdb-polr/third_party/utf8proc/include -I/home/pei/Project/duckdb-polr/third_party/miniparquet -I/home/pei/Project/duckdb-polr/third_party/concurrentqueue -I/home/pei/Project/duckdb-polr/third_party/pcg -I/home/pei/Project/duckdb-polr/third_party/tdigest -I/home/pei/Project/duckdb-polr/third_party/mbedtls/include -I/home/pei/Project/duckdb-polr/third_party/jaro_winkler -I/home/pei/Project/duckdb-polr/extension/parquet/include -I/home/pei/Project/duckdb-polr/extension/parquet/../../third_party/parquet -I/home/pei/Project/duckdb-polr/extension/parquet/../../third_party/snappy -I/home/pei/Project/duckdb-polr/extension/parquet/../../third_party/miniz -I/home/pei/Project/duckdb-polr/extension/parquet/../../third_party/thrift -I/home/pei/Project/duckdb-polr/extension/parquet/../../third_party/zstd/include -O3 -DNDEBUG -O3 -DNDEBUG   -fPIC -fdiagnostics-color=always -std=c++11 -MD -MT extension/parquet/CMakeFiles/parquet_loadable_extension.dir/__/__/third_party/parquet/parquet_constants.cpp.o -MF extension/parquet/CMakeFiles/parquet_loadable_extension.dir/__/__/third_party/parquet/parquet_constants.cpp.o.d -o extension/parquet/CMakeFiles/parquet_loadable_extension.dir/__/__/third_party/parquet/parquet_constants.cpp.o -c /home/pei/Project/duckdb-polr/third_party/parquet/parquet_constants.cpp
[167/376] /usr/bin/ccache /usr/lib/ccache/c++ -DDUCKDB_BUILD_LIBRARY -DDUCKDB_BUILD_LOADABLE_EXTENSION -DENABLE_CROSS_PRODUCT_REWRITE=1 -DENABLE_DEBUG_PRINT=0 -DENABLE_MEASURE_EXE_TIME=0 -DENABLE_MERGE_BACK_PLAN=0 -DENABLE_PARALLEL_EXECUTION=0 -DENABLE_QUERY_SPLIT=1 -DENABLE_SPECIFY_EST_STAT=0 -I/home/pei/Project/duckdb-polr/src/include -I/home/pei/Project/duckdb-polr/third_party/fsst -I/home/pei/Project/duckdb-polr/third_party/fmt/include -I/home/pei/Project/duckdb-polr/third_party/hyperloglog -I/home/pei/Project/duckdb-polr/third_party/fastpforlib -I/home/pei/Project/duckdb-polr/third_party/fast_float -I/home/pei/Project/duckdb-polr/third_party/re2 -I/home/pei/Project/duckdb-polr/third_party/miniz -I/home/pei/Project/duckdb-polr/third_party/utf8proc/include -I/home/pei/Project/duckdb-polr/third_party/miniparquet -I/home/pei/Project/duckdb-polr/third_party/concurrentqueue -I/home/pei/Project/duckdb-polr/third_party/pcg -I/home/pei/Project/duckdb-polr/third_party/tdigest -I/home/pei/Project/duckdb-polr/third_party/mbedtls/include -I/home/pei/Project/duckdb-polr/third_party/jaro_winkler -I/home/pei/Project/duckdb-polr/extension/parquet/include -I/home/pei/Project/duckdb-polr/extension/parquet/../../third_party/parquet -I/home/pei/Project/duckdb-polr/extension/parquet/../../third_party/snappy -I/home/pei/Project/duckdb-polr/extension/parquet/../../third_party/miniz -I/home/pei/Project/duckdb-polr/extension/parquet/../../third_party/thrift -I/home/pei/Project/duckdb-polr/extension/parquet/../../third_party/zstd/include -O3 -DNDEBUG -O3 -DNDEBUG   -fPIC -fdiagnostics-color=always -std=c++11 -MD -MT extension/parquet/CMakeFiles/parquet_loadable_extension.dir/__/__/third_party/parquet/parquet_types.cpp.o -MF extension/parquet/CMakeFiles/parquet_loadable_extension.dir/__/__/third_party/parquet/parquet_types.cpp.o.d -o extension/parquet/CMakeFiles/parquet_loadable_extension.dir/__/__/third_party/parquet/parquet_types.cpp.o -c /home/pei/Project/duckdb-polr/third_party/parquet/parquet_types.cpp
[168/376] /usr/bin/ccache /usr/lib/ccache/c++ -DDUCKDB_BUILD_LIBRARY -DDUCKDB_BUILD_LOADABLE_EXTENSION -DENABLE_CROSS_PRODUCT_REWRITE=1 -DENABLE_DEBUG_PRINT=0 -DENABLE_MEASURE_EXE_TIME=0 -DENABLE_MERGE_BACK_PLAN=0 -DENABLE_PARALLEL_EXECUTION=0 -DENABLE_QUERY_SPLIT=1 -DENABLE_SPECIFY_EST_STAT=0 -I/home/pei/Project/duckdb-polr/src/include -I/home/pei/Project/duckdb-polr/third_party/fsst -I/home/pei/Project/duckdb-polr/third_party/fmt/include -I/home/pei/Project/duckdb-polr/third_party/hyperloglog -I/home/pei/Project/duckdb-polr/third_party/fastpforlib -I/home/pei/Project/duckdb-polr/third_party/fast_float -I/home/pei/Project/duckdb-polr/third_party/re2 -I/home/pei/Project/duckdb-polr/third_party/miniz -I/home/pei/Project/duckdb-polr/third_party/utf8proc/include -I/home/pei/Project/duckdb-polr/third_party/miniparquet -I/home/pei/Project/duckdb-polr/third_party/concurrentqueue -I/home/pei/Project/duckdb-polr/third_party/pcg -I/home/pei/Project/duckdb-polr/third_party/tdigest -I/home/pei/Project/duckdb-polr/third_party/mbedtls/include -I/home/pei/Project/duckdb-polr/third_party/jaro_winkler -I/home/pei/Project/duckdb-polr/extension/parquet/include -I/home/pei/Project/duckdb-polr/extension/parquet/../../third_party/parquet -I/home/pei/Project/duckdb-polr/extension/parquet/../../third_party/snappy -I/home/pei/Project/duckdb-polr/extension/parquet/../../third_party/miniz -I/home/pei/Project/duckdb-polr/extension/parquet/../../third_party/thrift -I/home/pei/Project/duckdb-polr/extension/parquet/../../third_party/zstd/include -O3 -DNDEBUG -O3 -DNDEBUG   -fPIC -fdiagnostics-color=always -std=c++11 -MD -MT extension/parquet/CMakeFiles/parquet_loadable_extension.dir/__/__/third_party/thrift/thrift/protocol/TProtocol.cpp.o -MF extension/parquet/CMakeFiles/parquet_loadable_extension.dir/__/__/third_party/thrift/thrift/protocol/TProtocol.cpp.o.d -o extension/parquet/CMakeFiles/parquet_loadable_extension.dir/__/__/third_party/thrift/thrift/protocol/TProtocol.cpp.o -c /home/pei/Project/duckdb-polr/third_party/thrift/thrift/protocol/TProtocol.cpp
[169/376] /usr/bin/ccache /usr/lib/ccache/c++ -DDUCKDB_BUILD_LIBRARY -DDUCKDB_BUILD_LOADABLE_EXTENSION -DENABLE_CROSS_PRODUCT_REWRITE=1 -DENABLE_DEBUG_PRINT=0 -DENABLE_MEASURE_EXE_TIME=0 -DENABLE_MERGE_BACK_PLAN=0 -DENABLE_PARALLEL_EXECUTION=0 -DENABLE_QUERY_SPLIT=1 -DENABLE_SPECIFY_EST_STAT=0 -I/home/pei/Project/duckdb-polr/src/include -I/home/pei/Project/duckdb-polr/third_party/fsst -I/home/pei/Project/duckdb-polr/third_party/fmt/include -I/home/pei/Project/duckdb-polr/third_party/hyperloglog -I/home/pei/Project/duckdb-polr/third_party/fastpforlib -I/home/pei/Project/duckdb-polr/third_party/fast_float -I/home/pei/Project/duckdb-polr/third_party/re2 -I/home/pei/Project/duckdb-polr/third_party/miniz -I/home/pei/Project/duckdb-polr/third_party/utf8proc/include -I/home/pei/Project/duckdb-polr/third_party/miniparquet -I/home/pei/Project/duckdb-polr/third_party/concurrentqueue -I/home/pei/Project/duckdb-polr/third_party/pcg -I/home/pei/Project/duckdb-polr/third_party/tdigest -I/home/pei/Project/duckdb-polr/third_party/mbedtls/include -I/home/pei/Project/duckdb-polr/third_party/jaro_winkler -I/home/pei/Project/duckdb-polr/extension/parquet/include -I/home/pei/Project/duckdb-polr/extension/parquet/../../third_party/parquet -I/home/pei/Project/duckdb-polr/extension/parquet/../../third_party/snappy -I/home/pei/Project/duckdb-polr/extension/parquet/../../third_party/miniz -I/home/pei/Project/duckdb-polr/extension/parquet/../../third_party/thrift -I/home/pei/Project/duckdb-polr/extension/parquet/../../third_party/zstd/include -O3 -DNDEBUG -O3 -DNDEBUG   -fPIC -fdiagnostics-color=always -std=c++11 -MD -MT extension/parquet/CMakeFiles/parquet_loadable_extension.dir/__/__/third_party/thrift/thrift/transport/TTransportException.cpp.o -MF extension/parquet/CMakeFiles/parquet_loadable_extension.dir/__/__/third_party/thrift/thrift/transport/TTransportException.cpp.o.d -o extension/parquet/CMakeFiles/parquet_loadable_extension.dir/__/__/third_party/thrift/thrift/transport/TTransportException.cpp.o -c /home/pei/Project/duckdb-polr/third_party/thrift/thrift/transport/TTransportException.cpp
[170/376] /usr/bin/ccache /usr/lib/ccache/c++ -DDUCKDB_BUILD_LIBRARY -DDUCKDB_BUILD_LOADABLE_EXTENSION -DENABLE_CROSS_PRODUCT_REWRITE=1 -DENABLE_DEBUG_PRINT=0 -DENABLE_MEASURE_EXE_TIME=0 -DENABLE_MERGE_BACK_PLAN=0 -DENABLE_PARALLEL_EXECUTION=0 -DENABLE_QUERY_SPLIT=1 -DENABLE_SPECIFY_EST_STAT=0 -I/home/pei/Project/duckdb-polr/src/include -I/home/pei/Project/duckdb-polr/third_party/fsst -I/home/pei/Project/duckdb-polr/third_party/fmt/include -I/home/pei/Project/duckdb-polr/third_party/hyperloglog -I/home/pei/Project/duckdb-polr/third_party/fastpforlib -I/home/pei/Project/duckdb-polr/third_party/fast_float -I/home/pei/Project/duckdb-polr/third_party/re2 -I/home/pei/Project/duckdb-polr/third_party/miniz -I/home/pei/Project/duckdb-polr/third_party/utf8proc/include -I/home/pei/Project/duckdb-polr/third_party/miniparquet -I/home/pei/Project/duckdb-polr/third_party/concurrentqueue -I/home/pei/Project/duckdb-polr/third_party/pcg -I/home/pei/Project/duckdb-polr/third_party/tdigest -I/home/pei/Project/duckdb-polr/third_party/mbedtls/include -I/home/pei/Project/duckdb-polr/third_party/jaro_winkler -I/home/pei/Project/duckdb-polr/extension/parquet/include -I/home/pei/Project/duckdb-polr/extension/parquet/../../third_party/parquet -I/home/pei/Project/duckdb-polr/extension/parquet/../../third_party/snappy -I/home/pei/Project/duckdb-polr/extension/parquet/../../third_party/miniz -I/home/pei/Project/duckdb-polr/extension/parquet/../../third_party/thrift -I/home/pei/Project/duckdb-polr/extension/parquet/../../third_party/zstd/include -O3 -DNDEBUG -O3 -DNDEBUG   -fPIC -fdiagnostics-color=always -std=c++11 -MD -MT extension/parquet/CMakeFiles/parquet_loadable_extension.dir/__/__/third_party/thrift/thrift/transport/TBufferTransports.cpp.o -MF extension/parquet/CMakeFiles/parquet_loadable_extension.dir/__/__/third_party/thrift/thrift/transport/TBufferTransports.cpp.o.d -o extension/parquet/CMakeFiles/parquet_loadable_extension.dir/__/__/third_party/thrift/thrift/transport/TBufferTransports.cpp.o -c /home/pei/Project/duckdb-polr/third_party/thrift/thrift/transport/TBufferTransports.cpp
[171/376] /usr/bin/ccache /usr/lib/ccache/c++ -DDUCKDB_BUILD_LIBRARY -DDUCKDB_BUILD_LOADABLE_EXTENSION -DENABLE_CROSS_PRODUCT_REWRITE=1 -DENABLE_DEBUG_PRINT=0 -DENABLE_MEASURE_EXE_TIME=0 -DENABLE_MERGE_BACK_PLAN=0 -DENABLE_PARALLEL_EXECUTION=0 -DENABLE_QUERY_SPLIT=1 -DENABLE_SPECIFY_EST_STAT=0 -I/home/pei/Project/duckdb-polr/src/include -I/home/pei/Project/duckdb-polr/third_party/fsst -I/home/pei/Project/duckdb-polr/third_party/fmt/include -I/home/pei/Project/duckdb-polr/third_party/hyperloglog -I/home/pei/Project/duckdb-polr/third_party/fastpforlib -I/home/pei/Project/duckdb-polr/third_party/fast_float -I/home/pei/Project/duckdb-polr/third_party/re2 -I/home/pei/Project/duckdb-polr/third_party/miniz -I/home/pei/Project/duckdb-polr/third_party/utf8proc/include -I/home/pei/Project/duckdb-polr/third_party/miniparquet -I/home/pei/Project/duckdb-polr/third_party/concurrentqueue -I/home/pei/Project/duckdb-polr/third_party/pcg -I/home/pei/Project/duckdb-polr/third_party/tdigest -I/home/pei/Project/duckdb-polr/third_party/mbedtls/include -I/home/pei/Project/duckdb-polr/third_party/jaro_winkler -I/home/pei/Project/duckdb-polr/extension/parquet/include -I/home/pei/Project/duckdb-polr/extension/parquet/../../third_party/parquet -I/home/pei/Project/duckdb-polr/extension/parquet/../../third_party/snappy -I/home/pei/Project/duckdb-polr/extension/parquet/../../third_party/miniz -I/home/pei/Project/duckdb-polr/extension/parquet/../../third_party/thrift -I/home/pei/Project/duckdb-polr/extension/parquet/../../third_party/zstd/include -O3 -DNDEBUG -O3 -DNDEBUG   -fPIC -fdiagnostics-color=always -std=c++11 -MD -MT extension/parquet/CMakeFiles/parquet_loadable_extension.dir/__/__/third_party/snappy/snappy.cc.o -MF extension/parquet/CMakeFiles/parquet_loadable_extension.dir/__/__/third_party/snappy/snappy.cc.o.d -o extension/parquet/CMakeFiles/parquet_loadable_extension.dir/__/__/third_party/snappy/snappy.cc.o -c /home/pei/Project/duckdb-polr/third_party/snappy/snappy.cc
[172/376] /usr/bin/ccache /usr/lib/ccache/c++ -DDUCKDB_BUILD_LIBRARY -DDUCKDB_BUILD_LOADABLE_EXTENSION -DENABLE_CROSS_PRODUCT_REWRITE=1 -DENABLE_DEBUG_PRINT=0 -DENABLE_MEASURE_EXE_TIME=0 -DENABLE_MERGE_BACK_PLAN=0 -DENABLE_PARALLEL_EXECUTION=0 -DENABLE_QUERY_SPLIT=1 -DENABLE_SPECIFY_EST_STAT=0 -I/home/pei/Project/duckdb-polr/src/include -I/home/pei/Project/duckdb-polr/third_party/fsst -I/home/pei/Project/duckdb-polr/third_party/fmt/include -I/home/pei/Project/duckdb-polr/third_party/hyperloglog -I/home/pei/Project/duckdb-polr/third_party/fastpforlib -I/home/pei/Project/duckdb-polr/third_party/fast_float -I/home/pei/Project/duckdb-polr/third_party/re2 -I/home/pei/Project/duckdb-polr/third_party/miniz -I/home/pei/Project/duckdb-polr/third_party/utf8proc/include -I/home/pei/Project/duckdb-polr/third_party/miniparquet -I/home/pei/Project/duckdb-polr/third_party/concurrentqueue -I/home/pei/Project/duckdb-polr/third_party/pcg -I/home/pei/Project/duckdb-polr/third_party/tdigest -I/home/pei/Project/duckdb-polr/third_party/mbedtls/include -I/home/pei/Project/duckdb-polr/third_party/jaro_winkler -I/home/pei/Project/duckdb-polr/extension/parquet/include -I/home/pei/Project/duckdb-polr/extension/parquet/../../third_party/parquet -I/home/pei/Project/duckdb-polr/extension/parquet/../../third_party/snappy -I/home/pei/Project/duckdb-polr/extension/parquet/../../third_party/miniz -I/home/pei/Project/duckdb-polr/extension/parquet/../../third_party/thrift -I/home/pei/Project/duckdb-polr/extension/parquet/../../third_party/zstd/include -O3 -DNDEBUG -O3 -DNDEBUG   -fPIC -fdiagnostics-color=always -std=c++11 -MD -MT extension/parquet/CMakeFiles/parquet_loadable_extension.dir/__/__/third_party/snappy/snappy-sinksource.cc.o -MF extension/parquet/CMakeFiles/parquet_loadable_extension.dir/__/__/third_party/snappy/snappy-sinksource.cc.o.d -o extension/parquet/CMakeFiles/parquet_loadable_extension.dir/__/__/third_party/snappy/snappy-sinksource.cc.o -c /home/pei/Project/duckdb-polr/third_party/snappy/snappy-sinksource.cc
[173/376] /usr/bin/ccache /usr/lib/ccache/c++ -DDUCKDB_BUILD_LIBRARY -DDUCKDB_BUILD_LOADABLE_EXTENSION -DENABLE_CROSS_PRODUCT_REWRITE=1 -DENABLE_DEBUG_PRINT=0 -DENABLE_MEASURE_EXE_TIME=0 -DENABLE_MERGE_BACK_PLAN=0 -DENABLE_PARALLEL_EXECUTION=0 -DENABLE_QUERY_SPLIT=1 -DENABLE_SPECIFY_EST_STAT=0 -I/home/pei/Project/duckdb-polr/src/include -I/home/pei/Project/duckdb-polr/third_party/fsst -I/home/pei/Project/duckdb-polr/third_party/fmt/include -I/home/pei/Project/duckdb-polr/third_party/hyperloglog -I/home/pei/Project/duckdb-polr/third_party/fastpforlib -I/home/pei/Project/duckdb-polr/third_party/fast_float -I/home/pei/Project/duckdb-polr/third_party/re2 -I/home/pei/Project/duckdb-polr/third_party/miniz -I/home/pei/Project/duckdb-polr/third_party/utf8proc/include -I/home/pei/Project/duckdb-polr/third_party/miniparquet -I/home/pei/Project/duckdb-polr/third_party/concurrentqueue -I/home/pei/Project/duckdb-polr/third_party/pcg -I/home/pei/Project/duckdb-polr/third_party/tdigest -I/home/pei/Project/duckdb-polr/third_party/mbedtls/include -I/home/pei/Project/duckdb-polr/third_party/jaro_winkler -I/home/pei/Project/duckdb-polr/extension/parquet/include -I/home/pei/Project/duckdb-polr/extension/parquet/../../third_party/parquet -I/home/pei/Project/duckdb-polr/extension/parquet/../../third_party/snappy -I/home/pei/Project/duckdb-polr/extension/parquet/../../third_party/miniz -I/home/pei/Project/duckdb-polr/extension/parquet/../../third_party/thrift -I/home/pei/Project/duckdb-polr/extension/parquet/../../third_party/zstd/include -O3 -DNDEBUG -O3 -DNDEBUG   -fPIC -fdiagnostics-color=always -std=c++11 -MD -MT extension/parquet/CMakeFiles/parquet_loadable_extension.dir/__/__/third_party/zstd/decompress/zstd_ddict.cpp.o -MF extension/parquet/CMakeFiles/parquet_loadable_extension.dir/__/__/third_party/zstd/decompress/zstd_ddict.cpp.o.d -o extension/parquet/CMakeFiles/parquet_loadable_extension.dir/__/__/third_party/zstd/decompress/zstd_ddict.cpp.o -c /home/pei/Project/duckdb-polr/third_party/zstd/decompress/zstd_ddict.cpp
[174/376] /usr/bin/ccache /usr/lib/ccache/c++ -DDUCKDB_BUILD_LIBRARY -DDUCKDB_BUILD_LOADABLE_EXTENSION -DENABLE_CROSS_PRODUCT_REWRITE=1 -DENABLE_DEBUG_PRINT=0 -DENABLE_MEASURE_EXE_TIME=0 -DENABLE_MERGE_BACK_PLAN=0 -DENABLE_PARALLEL_EXECUTION=0 -DENABLE_QUERY_SPLIT=1 -DENABLE_SPECIFY_EST_STAT=0 -I/home/pei/Project/duckdb-polr/src/include -I/home/pei/Project/duckdb-polr/third_party/fsst -I/home/pei/Project/duckdb-polr/third_party/fmt/include -I/home/pei/Project/duckdb-polr/third_party/hyperloglog -I/home/pei/Project/duckdb-polr/third_party/fastpforlib -I/home/pei/Project/duckdb-polr/third_party/fast_float -I/home/pei/Project/duckdb-polr/third_party/re2 -I/home/pei/Project/duckdb-polr/third_party/miniz -I/home/pei/Project/duckdb-polr/third_party/utf8proc/include -I/home/pei/Project/duckdb-polr/third_party/miniparquet -I/home/pei/Project/duckdb-polr/third_party/concurrentqueue -I/home/pei/Project/duckdb-polr/third_party/pcg -I/home/pei/Project/duckdb-polr/third_party/tdigest -I/home/pei/Project/duckdb-polr/third_party/mbedtls/include -I/home/pei/Project/duckdb-polr/third_party/jaro_winkler -I/home/pei/Project/duckdb-polr/extension/parquet/include -I/home/pei/Project/duckdb-polr/extension/parquet/../../third_party/parquet -I/home/pei/Project/duckdb-polr/extension/parquet/../../third_party/snappy -I/home/pei/Project/duckdb-polr/extension/parquet/../../third_party/miniz -I/home/pei/Project/duckdb-polr/extension/parquet/../../third_party/thrift -I/home/pei/Project/duckdb-polr/extension/parquet/../../third_party/zstd/include -O3 -DNDEBUG -O3 -DNDEBUG   -fPIC -fdiagnostics-color=always -std=c++11 -MD -MT extension/parquet/CMakeFiles/parquet_loadable_extension.dir/__/__/third_party/zstd/decompress/huf_decompress.cpp.o -MF extension/parquet/CMakeFiles/parquet_loadable_extension.dir/__/__/third_party/zstd/decompress/huf_decompress.cpp.o.d -o extension/parquet/CMakeFiles/parquet_loadable_extension.dir/__/__/third_party/zstd/decompress/huf_decompress.cpp.o -c /home/pei/Project/duckdb-polr/third_party/zstd/decompress/huf_decompress.cpp
[175/376] /usr/bin/ccache /usr/lib/ccache/c++ -DDUCKDB_BUILD_LIBRARY -DDUCKDB_BUILD_LOADABLE_EXTENSION -DENABLE_CROSS_PRODUCT_REWRITE=1 -DENABLE_DEBUG_PRINT=0 -DENABLE_MEASURE_EXE_TIME=0 -DENABLE_MERGE_BACK_PLAN=0 -DENABLE_PARALLEL_EXECUTION=0 -DENABLE_QUERY_SPLIT=1 -DENABLE_SPECIFY_EST_STAT=0 -I/home/pei/Project/duckdb-polr/src/include -I/home/pei/Project/duckdb-polr/third_party/fsst -I/home/pei/Project/duckdb-polr/third_party/fmt/include -I/home/pei/Project/duckdb-polr/third_party/hyperloglog -I/home/pei/Project/duckdb-polr/third_party/fastpforlib -I/home/pei/Project/duckdb-polr/third_party/fast_float -I/home/pei/Project/duckdb-polr/third_party/re2 -I/home/pei/Project/duckdb-polr/third_party/miniz -I/home/pei/Project/duckdb-polr/third_party/utf8proc/include -I/home/pei/Project/duckdb-polr/third_party/miniparquet -I/home/pei/Project/duckdb-polr/third_party/concurrentqueue -I/home/pei/Project/duckdb-polr/third_party/pcg -I/home/pei/Project/duckdb-polr/third_party/tdigest -I/home/pei/Project/duckdb-polr/third_party/mbedtls/include -I/home/pei/Project/duckdb-polr/third_party/jaro_winkler -I/home/pei/Project/duckdb-polr/extension/parquet/include -I/home/pei/Project/duckdb-polr/extension/parquet/../../third_party/parquet -I/home/pei/Project/duckdb-polr/extension/parquet/../../third_party/snappy -I/home/pei/Project/duckdb-polr/extension/parquet/../../third_party/miniz -I/home/pei/Project/duckdb-polr/extension/parquet/../../third_party/thrift -I/home/pei/Project/duckdb-polr/extension/parquet/../../third_party/zstd/include -O3 -DNDEBUG -O3 -DNDEBUG   -fPIC -fdiagnostics-color=always -std=c++11 -MD -MT extension/parquet/CMakeFiles/parquet_loadable_extension.dir/__/__/third_party/zstd/decompress/zstd_decompress.cpp.o -MF extension/parquet/CMakeFiles/parquet_loadable_extension.dir/__/__/third_party/zstd/decompress/zstd_decompress.cpp.o.d -o extension/parquet/CMakeFiles/parquet_loadable_extension.dir/__/__/third_party/zstd/decompress/zstd_decompress.cpp.o -c /home/pei/Project/duckdb-polr/third_party/zstd/decompress/zstd_decompress.cpp
[176/376] /usr/bin/ccache /usr/lib/ccache/c++ -DDUCKDB_BUILD_LIBRARY -DDUCKDB_BUILD_LOADABLE_EXTENSION -DENABLE_CROSS_PRODUCT_REWRITE=1 -DENABLE_DEBUG_PRINT=0 -DENABLE_MEASURE_EXE_TIME=0 -DENABLE_MERGE_BACK_PLAN=0 -DENABLE_PARALLEL_EXECUTION=0 -DENABLE_QUERY_SPLIT=1 -DENABLE_SPECIFY_EST_STAT=0 -I/home/pei/Project/duckdb-polr/src/include -I/home/pei/Project/duckdb-polr/third_party/fsst -I/home/pei/Project/duckdb-polr/third_party/fmt/include -I/home/pei/Project/duckdb-polr/third_party/hyperloglog -I/home/pei/Project/duckdb-polr/third_party/fastpforlib -I/home/pei/Project/duckdb-polr/third_party/fast_float -I/home/pei/Project/duckdb-polr/third_party/re2 -I/home/pei/Project/duckdb-polr/third_party/miniz -I/home/pei/Project/duckdb-polr/third_party/utf8proc/include -I/home/pei/Project/duckdb-polr/third_party/miniparquet -I/home/pei/Project/duckdb-polr/third_party/concurrentqueue -I/home/pei/Project/duckdb-polr/third_party/pcg -I/home/pei/Project/duckdb-polr/third_party/tdigest -I/home/pei/Project/duckdb-polr/third_party/mbedtls/include -I/home/pei/Project/duckdb-polr/third_party/jaro_winkler -I/home/pei/Project/duckdb-polr/extension/parquet/include -I/home/pei/Project/duckdb-polr/extension/parquet/../../third_party/parquet -I/home/pei/Project/duckdb-polr/extension/parquet/../../third_party/snappy -I/home/pei/Project/duckdb-polr/extension/parquet/../../third_party/miniz -I/home/pei/Project/duckdb-polr/extension/parquet/../../third_party/thrift -I/home/pei/Project/duckdb-polr/extension/parquet/../../third_party/zstd/include -O3 -DNDEBUG -O3 -DNDEBUG   -fPIC -fdiagnostics-color=always -std=c++11 -MD -MT extension/parquet/CMakeFiles/parquet_loadable_extension.dir/__/__/third_party/zstd/common/entropy_common.cpp.o -MF extension/parquet/CMakeFiles/parquet_loadable_extension.dir/__/__/third_party/zstd/common/entropy_common.cpp.o.d -o extension/parquet/CMakeFiles/parquet_loadable_extension.dir/__/__/third_party/zstd/common/entropy_common.cpp.o -c /home/pei/Project/duckdb-polr/third_party/zstd/common/entropy_common.cpp
[177/376] /usr/bin/ccache /usr/lib/ccache/c++ -DDUCKDB_BUILD_LIBRARY -DDUCKDB_BUILD_LOADABLE_EXTENSION -DENABLE_CROSS_PRODUCT_REWRITE=1 -DENABLE_DEBUG_PRINT=0 -DENABLE_MEASURE_EXE_TIME=0 -DENABLE_MERGE_BACK_PLAN=0 -DENABLE_PARALLEL_EXECUTION=0 -DENABLE_QUERY_SPLIT=1 -DENABLE_SPECIFY_EST_STAT=0 -I/home/pei/Project/duckdb-polr/src/include -I/home/pei/Project/duckdb-polr/third_party/fsst -I/home/pei/Project/duckdb-polr/third_party/fmt/include -I/home/pei/Project/duckdb-polr/third_party/hyperloglog -I/home/pei/Project/duckdb-polr/third_party/fastpforlib -I/home/pei/Project/duckdb-polr/third_party/fast_float -I/home/pei/Project/duckdb-polr/third_party/re2 -I/home/pei/Project/duckdb-polr/third_party/miniz -I/home/pei/Project/duckdb-polr/third_party/utf8proc/include -I/home/pei/Project/duckdb-polr/third_party/miniparquet -I/home/pei/Project/duckdb-polr/third_party/concurrentqueue -I/home/pei/Project/duckdb-polr/third_party/pcg -I/home/pei/Project/duckdb-polr/third_party/tdigest -I/home/pei/Project/duckdb-polr/third_party/mbedtls/include -I/home/pei/Project/duckdb-polr/third_party/jaro_winkler -I/home/pei/Project/duckdb-polr/extension/parquet/include -I/home/pei/Project/duckdb-polr/extension/parquet/../../third_party/parquet -I/home/pei/Project/duckdb-polr/extension/parquet/../../third_party/snappy -I/home/pei/Project/duckdb-polr/extension/parquet/../../third_party/miniz -I/home/pei/Project/duckdb-polr/extension/parquet/../../third_party/thrift -I/home/pei/Project/duckdb-polr/extension/parquet/../../third_party/zstd/include -O3 -DNDEBUG -O3 -DNDEBUG   -fPIC -fdiagnostics-color=always -std=c++11 -MD -MT extension/parquet/CMakeFiles/parquet_loadable_extension.dir/__/__/third_party/zstd/decompress/zstd_decompress_block.cpp.o -MF extension/parquet/CMakeFiles/parquet_loadable_extension.dir/__/__/third_party/zstd/decompress/zstd_decompress_block.cpp.o.d -o extension/parquet/CMakeFiles/parquet_loadable_extension.dir/__/__/third_party/zstd/decompress/zstd_decompress_block.cpp.o -c /home/pei/Project/duckdb-polr/third_party/zstd/decompress/zstd_decompress_block.cpp
[178/376] /usr/bin/ccache /usr/lib/ccache/c++ -DDUCKDB_BUILD_LIBRARY -DDUCKDB_BUILD_LOADABLE_EXTENSION -DENABLE_CROSS_PRODUCT_REWRITE=1 -DENABLE_DEBUG_PRINT=0 -DENABLE_MEASURE_EXE_TIME=0 -DENABLE_MERGE_BACK_PLAN=0 -DENABLE_PARALLEL_EXECUTION=0 -DENABLE_QUERY_SPLIT=1 -DENABLE_SPECIFY_EST_STAT=0 -I/home/pei/Project/duckdb-polr/src/include -I/home/pei/Project/duckdb-polr/third_party/fsst -I/home/pei/Project/duckdb-polr/third_party/fmt/include -I/home/pei/Project/duckdb-polr/third_party/hyperloglog -I/home/pei/Project/duckdb-polr/third_party/fastpforlib -I/home/pei/Project/duckdb-polr/third_party/fast_float -I/home/pei/Project/duckdb-polr/third_party/re2 -I/home/pei/Project/duckdb-polr/third_party/miniz -I/home/pei/Project/duckdb-polr/third_party/utf8proc/include -I/home/pei/Project/duckdb-polr/third_party/miniparquet -I/home/pei/Project/duckdb-polr/third_party/concurrentqueue -I/home/pei/Project/duckdb-polr/third_party/pcg -I/home/pei/Project/duckdb-polr/third_party/tdigest -I/home/pei/Project/duckdb-polr/third_party/mbedtls/include -I/home/pei/Project/duckdb-polr/third_party/jaro_winkler -I/home/pei/Project/duckdb-polr/extension/parquet/include -I/home/pei/Project/duckdb-polr/extension/parquet/../../third_party/parquet -I/home/pei/Project/duckdb-polr/extension/parquet/../../third_party/snappy -I/home/pei/Project/duckdb-polr/extension/parquet/../../third_party/miniz -I/home/pei/Project/duckdb-polr/extension/parquet/../../third_party/thrift -I/home/pei/Project/duckdb-polr/extension/parquet/../../third_party/zstd/include -O3 -DNDEBUG -O3 -DNDEBUG   -fPIC -fdiagnostics-color=always -std=c++11 -MD -MT extension/parquet/CMakeFiles/parquet_loadable_extension.dir/__/__/third_party/zstd/common/fse_decompress.cpp.o -MF extension/parquet/CMakeFiles/parquet_loadable_extension.dir/__/__/third_party/zstd/common/fse_decompress.cpp.o.d -o extension/parquet/CMakeFiles/parquet_loadable_extension.dir/__/__/third_party/zstd/common/fse_decompress.cpp.o -c /home/pei/Project/duckdb-polr/third_party/zstd/common/fse_decompress.cpp
[179/376] /usr/bin/ccache /usr/lib/ccache/c++ -DDUCKDB_BUILD_LIBRARY -DDUCKDB_BUILD_LOADABLE_EXTENSION -DENABLE_CROSS_PRODUCT_REWRITE=1 -DENABLE_DEBUG_PRINT=0 -DENABLE_MEASURE_EXE_TIME=0 -DENABLE_MERGE_BACK_PLAN=0 -DENABLE_PARALLEL_EXECUTION=0 -DENABLE_QUERY_SPLIT=1 -DENABLE_SPECIFY_EST_STAT=0 -I/home/pei/Project/duckdb-polr/src/include -I/home/pei/Project/duckdb-polr/third_party/fsst -I/home/pei/Project/duckdb-polr/third_party/fmt/include -I/home/pei/Project/duckdb-polr/third_party/hyperloglog -I/home/pei/Project/duckdb-polr/third_party/fastpforlib -I/home/pei/Project/duckdb-polr/third_party/fast_float -I/home/pei/Project/duckdb-polr/third_party/re2 -I/home/pei/Project/duckdb-polr/third_party/miniz -I/home/pei/Project/duckdb-polr/third_party/utf8proc/include -I/home/pei/Project/duckdb-polr/third_party/miniparquet -I/home/pei/Project/duckdb-polr/third_party/concurrentqueue -I/home/pei/Project/duckdb-polr/third_party/pcg -I/home/pei/Project/duckdb-polr/third_party/tdigest -I/home/pei/Project/duckdb-polr/third_party/mbedtls/include -I/home/pei/Project/duckdb-polr/third_party/jaro_winkler -I/home/pei/Project/duckdb-polr/extension/parquet/include -I/home/pei/Project/duckdb-polr/extension/parquet/../../third_party/parquet -I/home/pei/Project/duckdb-polr/extension/parquet/../../third_party/snappy -I/home/pei/Project/duckdb-polr/extension/parquet/../../third_party/miniz -I/home/pei/Project/duckdb-polr/extension/parquet/../../third_party/thrift -I/home/pei/Project/duckdb-polr/extension/parquet/../../third_party/zstd/include -O3 -DNDEBUG -O3 -DNDEBUG   -fPIC -fdiagnostics-color=always -std=c++11 -MD -MT extension/parquet/CMakeFiles/parquet_loadable_extension.dir/__/__/third_party/zstd/common/zstd_common.cpp.o -MF extension/parquet/CMakeFiles/parquet_loadable_extension.dir/__/__/third_party/zstd/common/zstd_common.cpp.o.d -o extension/parquet/CMakeFiles/parquet_loadable_extension.dir/__/__/third_party/zstd/common/zstd_common.cpp.o -c /home/pei/Project/duckdb-polr/third_party/zstd/common/zstd_common.cpp
[180/376] /usr/bin/ccache /usr/lib/ccache/c++ -DDUCKDB_BUILD_LIBRARY -DDUCKDB_BUILD_LOADABLE_EXTENSION -DENABLE_CROSS_PRODUCT_REWRITE=1 -DENABLE_DEBUG_PRINT=0 -DENABLE_MEASURE_EXE_TIME=0 -DENABLE_MERGE_BACK_PLAN=0 -DENABLE_PARALLEL_EXECUTION=0 -DENABLE_QUERY_SPLIT=1 -DENABLE_SPECIFY_EST_STAT=0 -I/home/pei/Project/duckdb-polr/src/include -I/home/pei/Project/duckdb-polr/third_party/fsst -I/home/pei/Project/duckdb-polr/third_party/fmt/include -I/home/pei/Project/duckdb-polr/third_party/hyperloglog -I/home/pei/Project/duckdb-polr/third_party/fastpforlib -I/home/pei/Project/duckdb-polr/third_party/fast_float -I/home/pei/Project/duckdb-polr/third_party/re2 -I/home/pei/Project/duckdb-polr/third_party/miniz -I/home/pei/Project/duckdb-polr/third_party/utf8proc/include -I/home/pei/Project/duckdb-polr/third_party/miniparquet -I/home/pei/Project/duckdb-polr/third_party/concurrentqueue -I/home/pei/Project/duckdb-polr/third_party/pcg -I/home/pei/Project/duckdb-polr/third_party/tdigest -I/home/pei/Project/duckdb-polr/third_party/mbedtls/include -I/home/pei/Project/duckdb-polr/third_party/jaro_winkler -I/home/pei/Project/duckdb-polr/extension/parquet/include -I/home/pei/Project/duckdb-polr/extension/parquet/../../third_party/parquet -I/home/pei/Project/duckdb-polr/extension/parquet/../../third_party/snappy -I/home/pei/Project/duckdb-polr/extension/parquet/../../third_party/miniz -I/home/pei/Project/duckdb-polr/extension/parquet/../../third_party/thrift -I/home/pei/Project/duckdb-polr/extension/parquet/../../third_party/zstd/include -O3 -DNDEBUG -O3 -DNDEBUG   -fPIC -fdiagnostics-color=always -std=c++11 -MD -MT extension/parquet/CMakeFiles/parquet_loadable_extension.dir/__/__/third_party/zstd/common/error_private.cpp.o -MF extension/parquet/CMakeFiles/parquet_loadable_extension.dir/__/__/third_party/zstd/common/error_private.cpp.o.d -o extension/parquet/CMakeFiles/parquet_loadable_extension.dir/__/__/third_party/zstd/common/error_private.cpp.o -c /home/pei/Project/duckdb-polr/third_party/zstd/common/error_private.cpp
[181/376] /usr/bin/ccache /usr/lib/ccache/c++ -DDUCKDB_BUILD_LIBRARY -DDUCKDB_BUILD_LOADABLE_EXTENSION -DENABLE_CROSS_PRODUCT_REWRITE=1 -DENABLE_DEBUG_PRINT=0 -DENABLE_MEASURE_EXE_TIME=0 -DENABLE_MERGE_BACK_PLAN=0 -DENABLE_PARALLEL_EXECUTION=0 -DENABLE_QUERY_SPLIT=1 -DENABLE_SPECIFY_EST_STAT=0 -I/home/pei/Project/duckdb-polr/src/include -I/home/pei/Project/duckdb-polr/third_party/fsst -I/home/pei/Project/duckdb-polr/third_party/fmt/include -I/home/pei/Project/duckdb-polr/third_party/hyperloglog -I/home/pei/Project/duckdb-polr/third_party/fastpforlib -I/home/pei/Project/duckdb-polr/third_party/fast_float -I/home/pei/Project/duckdb-polr/third_party/re2 -I/home/pei/Project/duckdb-polr/third_party/miniz -I/home/pei/Project/duckdb-polr/third_party/utf8proc/include -I/home/pei/Project/duckdb-polr/third_party/miniparquet -I/home/pei/Project/duckdb-polr/third_party/concurrentqueue -I/home/pei/Project/duckdb-polr/third_party/pcg -I/home/pei/Project/duckdb-polr/third_party/tdigest -I/home/pei/Project/duckdb-polr/third_party/mbedtls/include -I/home/pei/Project/duckdb-polr/third_party/jaro_winkler -I/home/pei/Project/duckdb-polr/extension/parquet/include -I/home/pei/Project/duckdb-polr/extension/parquet/../../third_party/parquet -I/home/pei/Project/duckdb-polr/extension/parquet/../../third_party/snappy -I/home/pei/Project/duckdb-polr/extension/parquet/../../third_party/miniz -I/home/pei/Project/duckdb-polr/extension/parquet/../../third_party/thrift -I/home/pei/Project/duckdb-polr/extension/parquet/../../third_party/zstd/include -O3 -DNDEBUG -O3 -DNDEBUG   -fPIC -fdiagnostics-color=always -std=c++11 -MD -MT extension/parquet/CMakeFiles/parquet_loadable_extension.dir/__/__/third_party/zstd/common/xxhash.cpp.o -MF extension/parquet/CMakeFiles/parquet_loadable_extension.dir/__/__/third_party/zstd/common/xxhash.cpp.o.d -o extension/parquet/CMakeFiles/parquet_loadable_extension.dir/__/__/third_party/zstd/common/xxhash.cpp.o -c /home/pei/Project/duckdb-polr/third_party/zstd/common/xxhash.cpp
[182/376] /usr/bin/ccache /usr/lib/ccache/c++ -DDUCKDB_BUILD_LIBRARY -DDUCKDB_BUILD_LOADABLE_EXTENSION -DENABLE_CROSS_PRODUCT_REWRITE=1 -DENABLE_DEBUG_PRINT=0 -DENABLE_MEASURE_EXE_TIME=0 -DENABLE_MERGE_BACK_PLAN=0 -DENABLE_PARALLEL_EXECUTION=0 -DENABLE_QUERY_SPLIT=1 -DENABLE_SPECIFY_EST_STAT=0 -I/home/pei/Project/duckdb-polr/src/include -I/home/pei/Project/duckdb-polr/third_party/fsst -I/home/pei/Project/duckdb-polr/third_party/fmt/include -I/home/pei/Project/duckdb-polr/third_party/hyperloglog -I/home/pei/Project/duckdb-polr/third_party/fastpforlib -I/home/pei/Project/duckdb-polr/third_party/fast_float -I/home/pei/Project/duckdb-polr/third_party/re2 -I/home/pei/Project/duckdb-polr/third_party/miniz -I/home/pei/Project/duckdb-polr/third_party/utf8proc/include -I/home/pei/Project/duckdb-polr/third_party/miniparquet -I/home/pei/Project/duckdb-polr/third_party/concurrentqueue -I/home/pei/Project/duckdb-polr/third_party/pcg -I/home/pei/Project/duckdb-polr/third_party/tdigest -I/home/pei/Project/duckdb-polr/third_party/mbedtls/include -I/home/pei/Project/duckdb-polr/third_party/jaro_winkler -I/home/pei/Project/duckdb-polr/extension/parquet/include -I/home/pei/Project/duckdb-polr/extension/parquet/../../third_party/parquet -I/home/pei/Project/duckdb-polr/extension/parquet/../../third_party/snappy -I/home/pei/Project/duckdb-polr/extension/parquet/../../third_party/miniz -I/home/pei/Project/duckdb-polr/extension/parquet/../../third_party/thrift -I/home/pei/Project/duckdb-polr/extension/parquet/../../third_party/zstd/include -O3 -DNDEBUG -O3 -DNDEBUG   -fPIC -fdiagnostics-color=always -std=c++11 -MD -MT extension/parquet/CMakeFiles/parquet_loadable_extension.dir/__/__/third_party/zstd/compress/hist.cpp.o -MF extension/parquet/CMakeFiles/parquet_loadable_extension.dir/__/__/third_party/zstd/compress/hist.cpp.o.d -o extension/parquet/CMakeFiles/parquet_loadable_extension.dir/__/__/third_party/zstd/compress/hist.cpp.o -c /home/pei/Project/duckdb-polr/third_party/zstd/compress/hist.cpp
[183/376] /usr/bin/ccache /usr/lib/ccache/c++ -DDUCKDB_BUILD_LIBRARY -DDUCKDB_BUILD_LOADABLE_EXTENSION -DENABLE_CROSS_PRODUCT_REWRITE=1 -DENABLE_DEBUG_PRINT=0 -DENABLE_MEASURE_EXE_TIME=0 -DENABLE_MERGE_BACK_PLAN=0 -DENABLE_PARALLEL_EXECUTION=0 -DENABLE_QUERY_SPLIT=1 -DENABLE_SPECIFY_EST_STAT=0 -I/home/pei/Project/duckdb-polr/src/include -I/home/pei/Project/duckdb-polr/third_party/fsst -I/home/pei/Project/duckdb-polr/third_party/fmt/include -I/home/pei/Project/duckdb-polr/third_party/hyperloglog -I/home/pei/Project/duckdb-polr/third_party/fastpforlib -I/home/pei/Project/duckdb-polr/third_party/fast_float -I/home/pei/Project/duckdb-polr/third_party/re2 -I/home/pei/Project/duckdb-polr/third_party/miniz -I/home/pei/Project/duckdb-polr/third_party/utf8proc/include -I/home/pei/Project/duckdb-polr/third_party/miniparquet -I/home/pei/Project/duckdb-polr/third_party/concurrentqueue -I/home/pei/Project/duckdb-polr/third_party/pcg -I/home/pei/Project/duckdb-polr/third_party/tdigest -I/home/pei/Project/duckdb-polr/third_party/mbedtls/include -I/home/pei/Project/duckdb-polr/third_party/jaro_winkler -I/home/pei/Project/duckdb-polr/extension/parquet/include -I/home/pei/Project/duckdb-polr/extension/parquet/../../third_party/parquet -I/home/pei/Project/duckdb-polr/extension/parquet/../../third_party/snappy -I/home/pei/Project/duckdb-polr/extension/parquet/../../third_party/miniz -I/home/pei/Project/duckdb-polr/extension/parquet/../../third_party/thrift -I/home/pei/Project/duckdb-polr/extension/parquet/../../third_party/zstd/include -O3 -DNDEBUG -O3 -DNDEBUG   -fPIC -fdiagnostics-color=always -std=c++11 -MD -MT extension/parquet/CMakeFiles/parquet_loadable_extension.dir/__/__/third_party/zstd/compress/fse_compress.cpp.o -MF extension/parquet/CMakeFiles/parquet_loadable_extension.dir/__/__/third_party/zstd/compress/fse_compress.cpp.o.d -o extension/parquet/CMakeFiles/parquet_loadable_extension.dir/__/__/third_party/zstd/compress/fse_compress.cpp.o -c /home/pei/Project/duckdb-polr/third_party/zstd/compress/fse_compress.cpp
[184/376] /usr/bin/ccache /usr/lib/ccache/c++ -DDUCKDB_BUILD_LIBRARY -DDUCKDB_BUILD_LOADABLE_EXTENSION -DENABLE_CROSS_PRODUCT_REWRITE=1 -DENABLE_DEBUG_PRINT=0 -DENABLE_MEASURE_EXE_TIME=0 -DENABLE_MERGE_BACK_PLAN=0 -DENABLE_PARALLEL_EXECUTION=0 -DENABLE_QUERY_SPLIT=1 -DENABLE_SPECIFY_EST_STAT=0 -I/home/pei/Project/duckdb-polr/src/include -I/home/pei/Project/duckdb-polr/third_party/fsst -I/home/pei/Project/duckdb-polr/third_party/fmt/include -I/home/pei/Project/duckdb-polr/third_party/hyperloglog -I/home/pei/Project/duckdb-polr/third_party/fastpforlib -I/home/pei/Project/duckdb-polr/third_party/fast_float -I/home/pei/Project/duckdb-polr/third_party/re2 -I/home/pei/Project/duckdb-polr/third_party/miniz -I/home/pei/Project/duckdb-polr/third_party/utf8proc/include -I/home/pei/Project/duckdb-polr/third_party/miniparquet -I/home/pei/Project/duckdb-polr/third_party/concurrentqueue -I/home/pei/Project/duckdb-polr/third_party/pcg -I/home/pei/Project/duckdb-polr/third_party/tdigest -I/home/pei/Project/duckdb-polr/third_party/mbedtls/include -I/home/pei/Project/duckdb-polr/third_party/jaro_winkler -I/home/pei/Project/duckdb-polr/extension/parquet/include -I/home/pei/Project/duckdb-polr/extension/parquet/../../third_party/parquet -I/home/pei/Project/duckdb-polr/extension/parquet/../../third_party/snappy -I/home/pei/Project/duckdb-polr/extension/parquet/../../third_party/miniz -I/home/pei/Project/duckdb-polr/extension/parquet/../../third_party/thrift -I/home/pei/Project/duckdb-polr/extension/parquet/../../third_party/zstd/include -O3 -DNDEBUG -O3 -DNDEBUG   -fPIC -fdiagnostics-color=always -std=c++11 -MD -MT extension/parquet/CMakeFiles/parquet_loadable_extension.dir/__/__/third_party/zstd/compress/huf_compress.cpp.o -MF extension/parquet/CMakeFiles/parquet_loadable_extension.dir/__/__/third_party/zstd/compress/huf_compress.cpp.o.d -o extension/parquet/CMakeFiles/parquet_loadable_extension.dir/__/__/third_party/zstd/compress/huf_compress.cpp.o -c /home/pei/Project/duckdb-polr/third_party/zstd/compress/huf_compress.cpp
[185/376] /usr/bin/ccache /usr/lib/ccache/c++ -DDUCKDB_BUILD_LIBRARY -DDUCKDB_BUILD_LOADABLE_EXTENSION -DENABLE_CROSS_PRODUCT_REWRITE=1 -DENABLE_DEBUG_PRINT=0 -DENABLE_MEASURE_EXE_TIME=0 -DENABLE_MERGE_BACK_PLAN=0 -DENABLE_PARALLEL_EXECUTION=0 -DENABLE_QUERY_SPLIT=1 -DENABLE_SPECIFY_EST_STAT=0 -I/home/pei/Project/duckdb-polr/src/include -I/home/pei/Project/duckdb-polr/third_party/fsst -I/home/pei/Project/duckdb-polr/third_party/fmt/include -I/home/pei/Project/duckdb-polr/third_party/hyperloglog -I/home/pei/Project/duckdb-polr/third_party/fastpforlib -I/home/pei/Project/duckdb-polr/third_party/fast_float -I/home/pei/Project/duckdb-polr/third_party/re2 -I/home/pei/Project/duckdb-polr/third_party/miniz -I/home/pei/Project/duckdb-polr/third_party/utf8proc/include -I/home/pei/Project/duckdb-polr/third_party/miniparquet -I/home/pei/Project/duckdb-polr/third_party/concurrentqueue -I/home/pei/Project/duckdb-polr/third_party/pcg -I/home/pei/Project/duckdb-polr/third_party/tdigest -I/home/pei/Project/duckdb-polr/third_party/mbedtls/include -I/home/pei/Project/duckdb-polr/third_party/jaro_winkler -I/home/pei/Project/duckdb-polr/extension/parquet/include -I/home/pei/Project/duckdb-polr/extension/parquet/../../third_party/parquet -I/home/pei/Project/duckdb-polr/extension/parquet/../../third_party/snappy -I/home/pei/Project/duckdb-polr/extension/parquet/../../third_party/miniz -I/home/pei/Project/duckdb-polr/extension/parquet/../../third_party/thrift -I/home/pei/Project/duckdb-polr/extension/parquet/../../third_party/zstd/include -O3 -DNDEBUG -O3 -DNDEBUG   -fPIC -fdiagnostics-color=always -std=c++11 -MD -MT extension/parquet/CMakeFiles/parquet_loadable_extension.dir/__/__/third_party/zstd/compress/zstd_compress.cpp.o -MF extension/parquet/CMakeFiles/parquet_loadable_extension.dir/__/__/third_party/zstd/compress/zstd_compress.cpp.o.d -o extension/parquet/CMakeFiles/parquet_loadable_extension.dir/__/__/third_party/zstd/compress/zstd_compress.cpp.o -c /home/pei/Project/duckdb-polr/third_party/zstd/compress/zstd_compress.cpp
[186/376] /usr/bin/ccache /usr/lib/ccache/c++ -DDUCKDB_BUILD_LIBRARY -DDUCKDB_BUILD_LOADABLE_EXTENSION -DENABLE_CROSS_PRODUCT_REWRITE=1 -DENABLE_DEBUG_PRINT=0 -DENABLE_MEASURE_EXE_TIME=0 -DENABLE_MERGE_BACK_PLAN=0 -DENABLE_PARALLEL_EXECUTION=0 -DENABLE_QUERY_SPLIT=1 -DENABLE_SPECIFY_EST_STAT=0 -I/home/pei/Project/duckdb-polr/src/include -I/home/pei/Project/duckdb-polr/third_party/fsst -I/home/pei/Project/duckdb-polr/third_party/fmt/include -I/home/pei/Project/duckdb-polr/third_party/hyperloglog -I/home/pei/Project/duckdb-polr/third_party/fastpforlib -I/home/pei/Project/duckdb-polr/third_party/fast_float -I/home/pei/Project/duckdb-polr/third_party/re2 -I/home/pei/Project/duckdb-polr/third_party/miniz -I/home/pei/Project/duckdb-polr/third_party/utf8proc/include -I/home/pei/Project/duckdb-polr/third_party/miniparquet -I/home/pei/Project/duckdb-polr/third_party/concurrentqueue -I/home/pei/Project/duckdb-polr/third_party/pcg -I/home/pei/Project/duckdb-polr/third_party/tdigest -I/home/pei/Project/duckdb-polr/third_party/mbedtls/include -I/home/pei/Project/duckdb-polr/third_party/jaro_winkler -I/home/pei/Project/duckdb-polr/extension/parquet/include -I/home/pei/Project/duckdb-polr/extension/parquet/../../third_party/parquet -I/home/pei/Project/duckdb-polr/extension/parquet/../../third_party/snappy -I/home/pei/Project/duckdb-polr/extension/parquet/../../third_party/miniz -I/home/pei/Project/duckdb-polr/extension/parquet/../../third_party/thrift -I/home/pei/Project/duckdb-polr/extension/parquet/../../third_party/zstd/include -O3 -DNDEBUG -O3 -DNDEBUG   -fPIC -fdiagnostics-color=always -std=c++11 -MD -MT extension/parquet/CMakeFiles/parquet_loadable_extension.dir/__/__/third_party/zstd/compress/zstd_compress_literals.cpp.o -MF extension/parquet/CMakeFiles/parquet_loadable_extension.dir/__/__/third_party/zstd/compress/zstd_compress_literals.cpp.o.d -o extension/parquet/CMakeFiles/parquet_loadable_extension.dir/__/__/third_party/zstd/compress/zstd_compress_literals.cpp.o -c /home/pei/Project/duckdb-polr/third_party/zstd/compress/zstd_compress_literals.cpp
[187/376] /usr/bin/ccache /usr/lib/ccache/c++ -DDUCKDB_BUILD_LIBRARY -DDUCKDB_BUILD_LOADABLE_EXTENSION -DENABLE_CROSS_PRODUCT_REWRITE=1 -DENABLE_DEBUG_PRINT=0 -DENABLE_MEASURE_EXE_TIME=0 -DENABLE_MERGE_BACK_PLAN=0 -DENABLE_PARALLEL_EXECUTION=0 -DENABLE_QUERY_SPLIT=1 -DENABLE_SPECIFY_EST_STAT=0 -I/home/pei/Project/duckdb-polr/src/include -I/home/pei/Project/duckdb-polr/third_party/fsst -I/home/pei/Project/duckdb-polr/third_party/fmt/include -I/home/pei/Project/duckdb-polr/third_party/hyperloglog -I/home/pei/Project/duckdb-polr/third_party/fastpforlib -I/home/pei/Project/duckdb-polr/third_party/fast_float -I/home/pei/Project/duckdb-polr/third_party/re2 -I/home/pei/Project/duckdb-polr/third_party/miniz -I/home/pei/Project/duckdb-polr/third_party/utf8proc/include -I/home/pei/Project/duckdb-polr/third_party/miniparquet -I/home/pei/Project/duckdb-polr/third_party/concurrentqueue -I/home/pei/Project/duckdb-polr/third_party/pcg -I/home/pei/Project/duckdb-polr/third_party/tdigest -I/home/pei/Project/duckdb-polr/third_party/mbedtls/include -I/home/pei/Project/duckdb-polr/third_party/jaro_winkler -I/home/pei/Project/duckdb-polr/extension/parquet/include -I/home/pei/Project/duckdb-polr/extension/parquet/../../third_party/parquet -I/home/pei/Project/duckdb-polr/extension/parquet/../../third_party/snappy -I/home/pei/Project/duckdb-polr/extension/parquet/../../third_party/miniz -I/home/pei/Project/duckdb-polr/extension/parquet/../../third_party/thrift -I/home/pei/Project/duckdb-polr/extension/parquet/../../third_party/zstd/include -O3 -DNDEBUG -O3 -DNDEBUG   -fPIC -fdiagnostics-color=always -std=c++11 -MD -MT extension/parquet/CMakeFiles/parquet_loadable_extension.dir/__/__/third_party/zstd/compress/zstd_compress_sequences.cpp.o -MF extension/parquet/CMakeFiles/parquet_loadable_extension.dir/__/__/third_party/zstd/compress/zstd_compress_sequences.cpp.o.d -o extension/parquet/CMakeFiles/parquet_loadable_extension.dir/__/__/third_party/zstd/compress/zstd_compress_sequences.cpp.o -c /home/pei/Project/duckdb-polr/third_party/zstd/compress/zstd_compress_sequences.cpp
[188/376] /usr/bin/ccache /usr/lib/ccache/c++ -DDUCKDB_BUILD_LIBRARY -DDUCKDB_BUILD_LOADABLE_EXTENSION -DENABLE_CROSS_PRODUCT_REWRITE=1 -DENABLE_DEBUG_PRINT=0 -DENABLE_MEASURE_EXE_TIME=0 -DENABLE_MERGE_BACK_PLAN=0 -DENABLE_PARALLEL_EXECUTION=0 -DENABLE_QUERY_SPLIT=1 -DENABLE_SPECIFY_EST_STAT=0 -I/home/pei/Project/duckdb-polr/src/include -I/home/pei/Project/duckdb-polr/third_party/fsst -I/home/pei/Project/duckdb-polr/third_party/fmt/include -I/home/pei/Project/duckdb-polr/third_party/hyperloglog -I/home/pei/Project/duckdb-polr/third_party/fastpforlib -I/home/pei/Project/duckdb-polr/third_party/fast_float -I/home/pei/Project/duckdb-polr/third_party/re2 -I/home/pei/Project/duckdb-polr/third_party/miniz -I/home/pei/Project/duckdb-polr/third_party/utf8proc/include -I/home/pei/Project/duckdb-polr/third_party/miniparquet -I/home/pei/Project/duckdb-polr/third_party/concurrentqueue -I/home/pei/Project/duckdb-polr/third_party/pcg -I/home/pei/Project/duckdb-polr/third_party/tdigest -I/home/pei/Project/duckdb-polr/third_party/mbedtls/include -I/home/pei/Project/duckdb-polr/third_party/jaro_winkler -I/home/pei/Project/duckdb-polr/extension/parquet/include -I/home/pei/Project/duckdb-polr/extension/parquet/../../third_party/parquet -I/home/pei/Project/duckdb-polr/extension/parquet/../../third_party/snappy -I/home/pei/Project/duckdb-polr/extension/parquet/../../third_party/miniz -I/home/pei/Project/duckdb-polr/extension/parquet/../../third_party/thrift -I/home/pei/Project/duckdb-polr/extension/parquet/../../third_party/zstd/include -O3 -DNDEBUG -O3 -DNDEBUG   -fPIC -fdiagnostics-color=always -std=c++11 -MD -MT extension/parquet/CMakeFiles/parquet_loadable_extension.dir/__/__/third_party/zstd/compress/zstd_compress_superblock.cpp.o -MF extension/parquet/CMakeFiles/parquet_loadable_extension.dir/__/__/third_party/zstd/compress/zstd_compress_superblock.cpp.o.d -o extension/parquet/CMakeFiles/parquet_loadable_extension.dir/__/__/third_party/zstd/compress/zstd_compress_superblock.cpp.o -c /home/pei/Project/duckdb-polr/third_party/zstd/compress/zstd_compress_superblock.cpp
[189/376] /usr/bin/ccache /usr/lib/ccache/c++ -DDUCKDB_BUILD_LIBRARY -DDUCKDB_BUILD_LOADABLE_EXTENSION -DENABLE_CROSS_PRODUCT_REWRITE=1 -DENABLE_DEBUG_PRINT=0 -DENABLE_MEASURE_EXE_TIME=0 -DENABLE_MERGE_BACK_PLAN=0 -DENABLE_PARALLEL_EXECUTION=0 -DENABLE_QUERY_SPLIT=1 -DENABLE_SPECIFY_EST_STAT=0 -I/home/pei/Project/duckdb-polr/src/include -I/home/pei/Project/duckdb-polr/third_party/fsst -I/home/pei/Project/duckdb-polr/third_party/fmt/include -I/home/pei/Project/duckdb-polr/third_party/hyperloglog -I/home/pei/Project/duckdb-polr/third_party/fastpforlib -I/home/pei/Project/duckdb-polr/third_party/fast_float -I/home/pei/Project/duckdb-polr/third_party/re2 -I/home/pei/Project/duckdb-polr/third_party/miniz -I/home/pei/Project/duckdb-polr/third_party/utf8proc/include -I/home/pei/Project/duckdb-polr/third_party/miniparquet -I/home/pei/Project/duckdb-polr/third_party/concurrentqueue -I/home/pei/Project/duckdb-polr/third_party/pcg -I/home/pei/Project/duckdb-polr/third_party/tdigest -I/home/pei/Project/duckdb-polr/third_party/mbedtls/include -I/home/pei/Project/duckdb-polr/third_party/jaro_winkler -I/home/pei/Project/duckdb-polr/extension/parquet/include -I/home/pei/Project/duckdb-polr/extension/parquet/../../third_party/parquet -I/home/pei/Project/duckdb-polr/extension/parquet/../../third_party/snappy -I/home/pei/Project/duckdb-polr/extension/parquet/../../third_party/miniz -I/home/pei/Project/duckdb-polr/extension/parquet/../../third_party/thrift -I/home/pei/Project/duckdb-polr/extension/parquet/../../third_party/zstd/include -O3 -DNDEBUG -O3 -DNDEBUG   -fPIC -fdiagnostics-color=always -std=c++11 -MD -MT extension/parquet/CMakeFiles/parquet_loadable_extension.dir/__/__/third_party/zstd/compress/zstd_double_fast.cpp.o -MF extension/parquet/CMakeFiles/parquet_loadable_extension.dir/__/__/third_party/zstd/compress/zstd_double_fast.cpp.o.d -o extension/parquet/CMakeFiles/parquet_loadable_extension.dir/__/__/third_party/zstd/compress/zstd_double_fast.cpp.o -c /home/pei/Project/duckdb-polr/third_party/zstd/compress/zstd_double_fast.cpp
[190/376] /usr/bin/ccache /usr/lib/ccache/c++ -DDUCKDB_BUILD_LIBRARY -DDUCKDB_BUILD_LOADABLE_EXTENSION -DENABLE_CROSS_PRODUCT_REWRITE=1 -DENABLE_DEBUG_PRINT=0 -DENABLE_MEASURE_EXE_TIME=0 -DENABLE_MERGE_BACK_PLAN=0 -DENABLE_PARALLEL_EXECUTION=0 -DENABLE_QUERY_SPLIT=1 -DENABLE_SPECIFY_EST_STAT=0 -I/home/pei/Project/duckdb-polr/src/include -I/home/pei/Project/duckdb-polr/third_party/fsst -I/home/pei/Project/duckdb-polr/third_party/fmt/include -I/home/pei/Project/duckdb-polr/third_party/hyperloglog -I/home/pei/Project/duckdb-polr/third_party/fastpforlib -I/home/pei/Project/duckdb-polr/third_party/fast_float -I/home/pei/Project/duckdb-polr/third_party/re2 -I/home/pei/Project/duckdb-polr/third_party/miniz -I/home/pei/Project/duckdb-polr/third_party/utf8proc/include -I/home/pei/Project/duckdb-polr/third_party/miniparquet -I/home/pei/Project/duckdb-polr/third_party/concurrentqueue -I/home/pei/Project/duckdb-polr/third_party/pcg -I/home/pei/Project/duckdb-polr/third_party/tdigest -I/home/pei/Project/duckdb-polr/third_party/mbedtls/include -I/home/pei/Project/duckdb-polr/third_party/jaro_winkler -I/home/pei/Project/duckdb-polr/extension/parquet/include -I/home/pei/Project/duckdb-polr/extension/parquet/../../third_party/parquet -I/home/pei/Project/duckdb-polr/extension/parquet/../../third_party/snappy -I/home/pei/Project/duckdb-polr/extension/parquet/../../third_party/miniz -I/home/pei/Project/duckdb-polr/extension/parquet/../../third_party/thrift -I/home/pei/Project/duckdb-polr/extension/parquet/../../third_party/zstd/include -O3 -DNDEBUG -O3 -DNDEBUG   -fPIC -fdiagnostics-color=always -std=c++11 -MD -MT extension/parquet/CMakeFiles/parquet_loadable_extension.dir/__/__/third_party/zstd/compress/zstd_fast.cpp.o -MF extension/parquet/CMakeFiles/parquet_loadable_extension.dir/__/__/third_party/zstd/compress/zstd_fast.cpp.o.d -o extension/parquet/CMakeFiles/parquet_loadable_extension.dir/__/__/third_party/zstd/compress/zstd_fast.cpp.o -c /home/pei/Project/duckdb-polr/third_party/zstd/compress/zstd_fast.cpp
[191/376] /usr/bin/ccache /usr/lib/ccache/c++ -DDUCKDB_BUILD_LIBRARY -DDUCKDB_BUILD_LOADABLE_EXTENSION -DENABLE_CROSS_PRODUCT_REWRITE=1 -DENABLE_DEBUG_PRINT=0 -DENABLE_MEASURE_EXE_TIME=0 -DENABLE_MERGE_BACK_PLAN=0 -DENABLE_PARALLEL_EXECUTION=0 -DENABLE_QUERY_SPLIT=1 -DENABLE_SPECIFY_EST_STAT=0 -I/home/pei/Project/duckdb-polr/src/include -I/home/pei/Project/duckdb-polr/third_party/fsst -I/home/pei/Project/duckdb-polr/third_party/fmt/include -I/home/pei/Project/duckdb-polr/third_party/hyperloglog -I/home/pei/Project/duckdb-polr/third_party/fastpforlib -I/home/pei/Project/duckdb-polr/third_party/fast_float -I/home/pei/Project/duckdb-polr/third_party/re2 -I/home/pei/Project/duckdb-polr/third_party/miniz -I/home/pei/Project/duckdb-polr/third_party/utf8proc/include -I/home/pei/Project/duckdb-polr/third_party/miniparquet -I/home/pei/Project/duckdb-polr/third_party/concurrentqueue -I/home/pei/Project/duckdb-polr/third_party/pcg -I/home/pei/Project/duckdb-polr/third_party/tdigest -I/home/pei/Project/duckdb-polr/third_party/mbedtls/include -I/home/pei/Project/duckdb-polr/third_party/jaro_winkler -I/home/pei/Project/duckdb-polr/extension/parquet/include -I/home/pei/Project/duckdb-polr/extension/parquet/../../third_party/parquet -I/home/pei/Project/duckdb-polr/extension/parquet/../../third_party/snappy -I/home/pei/Project/duckdb-polr/extension/parquet/../../third_party/miniz -I/home/pei/Project/duckdb-polr/extension/parquet/../../third_party/thrift -I/home/pei/Project/duckdb-polr/extension/parquet/../../third_party/zstd/include -O3 -DNDEBUG -O3 -DNDEBUG   -fPIC -fdiagnostics-color=always -std=c++11 -MD -MT extension/parquet/CMakeFiles/parquet_loadable_extension.dir/__/__/third_party/zstd/compress/zstd_lazy.cpp.o -MF extension/parquet/CMakeFiles/parquet_loadable_extension.dir/__/__/third_party/zstd/compress/zstd_lazy.cpp.o.d -o extension/parquet/CMakeFiles/parquet_loadable_extension.dir/__/__/third_party/zstd/compress/zstd_lazy.cpp.o -c /home/pei/Project/duckdb-polr/third_party/zstd/compress/zstd_lazy.cpp
[192/376] /usr/bin/ccache /usr/lib/ccache/c++ -DDUCKDB_BUILD_LIBRARY -DDUCKDB_BUILD_LOADABLE_EXTENSION -DENABLE_CROSS_PRODUCT_REWRITE=1 -DENABLE_DEBUG_PRINT=0 -DENABLE_MEASURE_EXE_TIME=0 -DENABLE_MERGE_BACK_PLAN=0 -DENABLE_PARALLEL_EXECUTION=0 -DENABLE_QUERY_SPLIT=1 -DENABLE_SPECIFY_EST_STAT=0 -I/home/pei/Project/duckdb-polr/src/include -I/home/pei/Project/duckdb-polr/third_party/fsst -I/home/pei/Project/duckdb-polr/third_party/fmt/include -I/home/pei/Project/duckdb-polr/third_party/hyperloglog -I/home/pei/Project/duckdb-polr/third_party/fastpforlib -I/home/pei/Project/duckdb-polr/third_party/fast_float -I/home/pei/Project/duckdb-polr/third_party/re2 -I/home/pei/Project/duckdb-polr/third_party/miniz -I/home/pei/Project/duckdb-polr/third_party/utf8proc/include -I/home/pei/Project/duckdb-polr/third_party/miniparquet -I/home/pei/Project/duckdb-polr/third_party/concurrentqueue -I/home/pei/Project/duckdb-polr/third_party/pcg -I/home/pei/Project/duckdb-polr/third_party/tdigest -I/home/pei/Project/duckdb-polr/third_party/mbedtls/include -I/home/pei/Project/duckdb-polr/third_party/jaro_winkler -I/home/pei/Project/duckdb-polr/extension/parquet/include -I/home/pei/Project/duckdb-polr/extension/parquet/../../third_party/parquet -I/home/pei/Project/duckdb-polr/extension/parquet/../../third_party/snappy -I/home/pei/Project/duckdb-polr/extension/parquet/../../third_party/miniz -I/home/pei/Project/duckdb-polr/extension/parquet/../../third_party/thrift -I/home/pei/Project/duckdb-polr/extension/parquet/../../third_party/zstd/include -O3 -DNDEBUG -O3 -DNDEBUG   -fPIC -fdiagnostics-color=always -std=c++11 -MD -MT extension/parquet/CMakeFiles/parquet_loadable_extension.dir/__/__/third_party/zstd/compress/zstd_ldm.cpp.o -MF extension/parquet/CMakeFiles/parquet_loadable_extension.dir/__/__/third_party/zstd/compress/zstd_ldm.cpp.o.d -o extension/parquet/CMakeFiles/parquet_loadable_extension.dir/__/__/third_party/zstd/compress/zstd_ldm.cpp.o -c /home/pei/Project/duckdb-polr/third_party/zstd/compress/zstd_ldm.cpp
[193/376] /usr/bin/ccache /usr/lib/ccache/c++ -DDUCKDB_BUILD_LIBRARY -DDUCKDB_BUILD_LOADABLE_EXTENSION -DENABLE_CROSS_PRODUCT_REWRITE=1 -DENABLE_DEBUG_PRINT=0 -DENABLE_MEASURE_EXE_TIME=0 -DENABLE_MERGE_BACK_PLAN=0 -DENABLE_PARALLEL_EXECUTION=0 -DENABLE_QUERY_SPLIT=1 -DENABLE_SPECIFY_EST_STAT=0 -I/home/pei/Project/duckdb-polr/src/include -I/home/pei/Project/duckdb-polr/third_party/fsst -I/home/pei/Project/duckdb-polr/third_party/fmt/include -I/home/pei/Project/duckdb-polr/third_party/hyperloglog -I/home/pei/Project/duckdb-polr/third_party/fastpforlib -I/home/pei/Project/duckdb-polr/third_party/fast_float -I/home/pei/Project/duckdb-polr/third_party/re2 -I/home/pei/Project/duckdb-polr/third_party/miniz -I/home/pei/Project/duckdb-polr/third_party/utf8proc/include -I/home/pei/Project/duckdb-polr/third_party/miniparquet -I/home/pei/Project/duckdb-polr/third_party/concurrentqueue -I/home/pei/Project/duckdb-polr/third_party/pcg -I/home/pei/Project/duckdb-polr/third_party/tdigest -I/home/pei/Project/duckdb-polr/third_party/mbedtls/include -I/home/pei/Project/duckdb-polr/third_party/jaro_winkler -I/home/pei/Project/duckdb-polr/extension/parquet/include -I/home/pei/Project/duckdb-polr/extension/parquet/../../third_party/parquet -I/home/pei/Project/duckdb-polr/extension/parquet/../../third_party/snappy -I/home/pei/Project/duckdb-polr/extension/parquet/../../third_party/miniz -I/home/pei/Project/duckdb-polr/extension/parquet/../../third_party/thrift -I/home/pei/Project/duckdb-polr/extension/parquet/../../third_party/zstd/include -O3 -DNDEBUG -O3 -DNDEBUG   -fPIC -fdiagnostics-color=always -std=c++11 -MD -MT extension/parquet/CMakeFiles/parquet_loadable_extension.dir/__/__/third_party/zstd/compress/zstd_opt.cpp.o -MF extension/parquet/CMakeFiles/parquet_loadable_extension.dir/__/__/third_party/zstd/compress/zstd_opt.cpp.o.d -o extension/parquet/CMakeFiles/parquet_loadable_extension.dir/__/__/third_party/zstd/compress/zstd_opt.cpp.o -c /home/pei/Project/duckdb-polr/third_party/zstd/compress/zstd_opt.cpp
[194/376] /usr/bin/ccache /usr/lib/ccache/c++ -DDUCKDB_BUILD_LIBRARY -DENABLE_CROSS_PRODUCT_REWRITE=1 -DENABLE_DEBUG_PRINT=0 -DENABLE_MEASURE_EXE_TIME=0 -DENABLE_MERGE_BACK_PLAN=0 -DENABLE_PARALLEL_EXECUTION=0 -DENABLE_QUERY_SPLIT=1 -DENABLE_SPECIFY_EST_STAT=0 -I/home/pei/Project/duckdb-polr/src/include -I/home/pei/Project/duckdb-polr/third_party/fsst -I/home/pei/Project/duckdb-polr/third_party/fmt/include -I/home/pei/Project/duckdb-polr/third_party/hyperloglog -I/home/pei/Project/duckdb-polr/third_party/fastpforlib -I/home/pei/Project/duckdb-polr/third_party/fast_float -I/home/pei/Project/duckdb-polr/third_party/re2 -I/home/pei/Project/duckdb-polr/third_party/miniz -I/home/pei/Project/duckdb-polr/third_party/utf8proc/include -I/home/pei/Project/duckdb-polr/third_party/miniparquet -I/home/pei/Project/duckdb-polr/third_party/concurrentqueue -I/home/pei/Project/duckdb-polr/third_party/pcg -I/home/pei/Project/duckdb-polr/third_party/tdigest -I/home/pei/Project/duckdb-polr/third_party/mbedtls/include -I/home/pei/Project/duckdb-polr/third_party/jaro_winkler -I/home/pei/Project/duckdb-polr/extension/parquet/include -I/home/pei/Project/duckdb-polr/extension/parquet/../../third_party/parquet -I/home/pei/Project/duckdb-polr/extension/parquet/../../third_party/snappy -I/home/pei/Project/duckdb-polr/extension/parquet/../../third_party/miniz -I/home/pei/Project/duckdb-polr/extension/parquet/../../third_party/thrift -I/home/pei/Project/duckdb-polr/extension/parquet/../../third_party/zstd/include -O3 -DNDEBUG -O3 -DNDEBUG   -fPIC -fdiagnostics-color=always -std=c++11 -MD -MT extension/parquet/CMakeFiles/parquet_extension.dir/parquet-extension.cpp.o -MF extension/parquet/CMakeFiles/parquet_extension.dir/parquet-extension.cpp.o.d -o extension/parquet/CMakeFiles/parquet_extension.dir/parquet-extension.cpp.o -c /home/pei/Project/duckdb-polr/extension/parquet/parquet-extension.cpp
[195/376] /usr/bin/ccache /usr/lib/ccache/c++ -DDUCKDB_BUILD_LIBRARY -DENABLE_CROSS_PRODUCT_REWRITE=1 -DENABLE_DEBUG_PRINT=0 -DENABLE_MEASURE_EXE_TIME=0 -DENABLE_MERGE_BACK_PLAN=0 -DENABLE_PARALLEL_EXECUTION=0 -DENABLE_QUERY_SPLIT=1 -DENABLE_SPECIFY_EST_STAT=0 -DJEMALLOC_NO_PRIVATE_NAMESPACE -DJEMALLOC_NO_RENAME -I/home/pei/Project/duckdb-polr/src/include -I/home/pei/Project/duckdb-polr/third_party/fsst -I/home/pei/Project/duckdb-polr/third_party/fmt/include -I/home/pei/Project/duckdb-polr/third_party/hyperloglog -I/home/pei/Project/duckdb-polr/third_party/fastpforlib -I/home/pei/Project/duckdb-polr/third_party/fast_float -I/home/pei/Project/duckdb-polr/third_party/re2 -I/home/pei/Project/duckdb-polr/third_party/miniz -I/home/pei/Project/duckdb-polr/third_party/utf8proc/include -I/home/pei/Project/duckdb-polr/third_party/miniparquet -I/home/pei/Project/duckdb-polr/third_party/concurrentqueue -I/home/pei/Project/duckdb-polr/third_party/pcg -I/home/pei/Project/duckdb-polr/third_party/tdigest -I/home/pei/Project/duckdb-polr/third_party/mbedtls/include -I/home/pei/Project/duckdb-polr/third_party/jaro_winkler -I/home/pei/Project/duckdb-polr/extension/jemalloc/include -I/home/pei/Project/duckdb-polr/extension/jemalloc/jemalloc/include -O3 -DNDEBUG -O3 -DNDEBUG   -fPIC -fdiagnostics-color=always -w -std=c++11 -MD -MT extension/jemalloc/jemalloc/CMakeFiles/jemalloc.dir/src/arena.cpp.o -MF extension/jemalloc/jemalloc/CMakeFiles/jemalloc.dir/src/arena.cpp.o.d -o extension/jemalloc/jemalloc/CMakeFiles/jemalloc.dir/src/arena.cpp.o -c /home/pei/Project/duckdb-polr/extension/jemalloc/jemalloc/src/arena.cpp
[196/376] /usr/bin/ccache /usr/lib/ccache/c++ -DDUCKDB_BUILD_LIBRARY -DENABLE_CROSS_PRODUCT_REWRITE=1 -DENABLE_DEBUG_PRINT=0 -DENABLE_MEASURE_EXE_TIME=0 -DENABLE_MERGE_BACK_PLAN=0 -DENABLE_PARALLEL_EXECUTION=0 -DENABLE_QUERY_SPLIT=1 -DENABLE_SPECIFY_EST_STAT=0 -DJEMALLOC_NO_PRIVATE_NAMESPACE -DJEMALLOC_NO_RENAME -I/home/pei/Project/duckdb-polr/src/include -I/home/pei/Project/duckdb-polr/third_party/fsst -I/home/pei/Project/duckdb-polr/third_party/fmt/include -I/home/pei/Project/duckdb-polr/third_party/hyperloglog -I/home/pei/Project/duckdb-polr/third_party/fastpforlib -I/home/pei/Project/duckdb-polr/third_party/fast_float -I/home/pei/Project/duckdb-polr/third_party/re2 -I/home/pei/Project/duckdb-polr/third_party/miniz -I/home/pei/Project/duckdb-polr/third_party/utf8proc/include -I/home/pei/Project/duckdb-polr/third_party/miniparquet -I/home/pei/Project/duckdb-polr/third_party/concurrentqueue -I/home/pei/Project/duckdb-polr/third_party/pcg -I/home/pei/Project/duckdb-polr/third_party/tdigest -I/home/pei/Project/duckdb-polr/third_party/mbedtls/include -I/home/pei/Project/duckdb-polr/third_party/jaro_winkler -I/home/pei/Project/duckdb-polr/extension/jemalloc/include -I/home/pei/Project/duckdb-polr/extension/jemalloc/jemalloc/include -O3 -DNDEBUG -O3 -DNDEBUG   -fPIC -fdiagnostics-color=always -w -std=c++11 -MD -MT extension/jemalloc/jemalloc/CMakeFiles/jemalloc.dir/src/background_thread.cpp.o -MF extension/jemalloc/jemalloc/CMakeFiles/jemalloc.dir/src/background_thread.cpp.o.d -o extension/jemalloc/jemalloc/CMakeFiles/jemalloc.dir/src/background_thread.cpp.o -c /home/pei/Project/duckdb-polr/extension/jemalloc/jemalloc/src/background_thread.cpp
[197/376] /usr/bin/ccache /usr/lib/ccache/c++ -DDUCKDB_BUILD_LIBRARY -DENABLE_CROSS_PRODUCT_REWRITE=1 -DENABLE_DEBUG_PRINT=0 -DENABLE_MEASURE_EXE_TIME=0 -DENABLE_MERGE_BACK_PLAN=0 -DENABLE_PARALLEL_EXECUTION=0 -DENABLE_QUERY_SPLIT=1 -DENABLE_SPECIFY_EST_STAT=0 -DJEMALLOC_NO_PRIVATE_NAMESPACE -DJEMALLOC_NO_RENAME -I/home/pei/Project/duckdb-polr/src/include -I/home/pei/Project/duckdb-polr/third_party/fsst -I/home/pei/Project/duckdb-polr/third_party/fmt/include -I/home/pei/Project/duckdb-polr/third_party/hyperloglog -I/home/pei/Project/duckdb-polr/third_party/fastpforlib -I/home/pei/Project/duckdb-polr/third_party/fast_float -I/home/pei/Project/duckdb-polr/third_party/re2 -I/home/pei/Project/duckdb-polr/third_party/miniz -I/home/pei/Project/duckdb-polr/third_party/utf8proc/include -I/home/pei/Project/duckdb-polr/third_party/miniparquet -I/home/pei/Project/duckdb-polr/third_party/concurrentqueue -I/home/pei/Project/duckdb-polr/third_party/pcg -I/home/pei/Project/duckdb-polr/third_party/tdigest -I/home/pei/Project/duckdb-polr/third_party/mbedtls/include -I/home/pei/Project/duckdb-polr/third_party/jaro_winkler -I/home/pei/Project/duckdb-polr/extension/jemalloc/include -I/home/pei/Project/duckdb-polr/extension/jemalloc/jemalloc/include -O3 -DNDEBUG -O3 -DNDEBUG   -fPIC -fdiagnostics-color=always -w -std=c++11 -MD -MT extension/jemalloc/jemalloc/CMakeFiles/jemalloc.dir/src/base.cpp.o -MF extension/jemalloc/jemalloc/CMakeFiles/jemalloc.dir/src/base.cpp.o.d -o extension/jemalloc/jemalloc/CMakeFiles/jemalloc.dir/src/base.cpp.o -c /home/pei/Project/duckdb-polr/extension/jemalloc/jemalloc/src/base.cpp
[198/376] /usr/bin/ccache /usr/lib/ccache/c++ -DDUCKDB_BUILD_LIBRARY -DENABLE_CROSS_PRODUCT_REWRITE=1 -DENABLE_DEBUG_PRINT=0 -DENABLE_MEASURE_EXE_TIME=0 -DENABLE_MERGE_BACK_PLAN=0 -DENABLE_PARALLEL_EXECUTION=0 -DENABLE_QUERY_SPLIT=1 -DENABLE_SPECIFY_EST_STAT=0 -DJEMALLOC_NO_PRIVATE_NAMESPACE -DJEMALLOC_NO_RENAME -I/home/pei/Project/duckdb-polr/src/include -I/home/pei/Project/duckdb-polr/third_party/fsst -I/home/pei/Project/duckdb-polr/third_party/fmt/include -I/home/pei/Project/duckdb-polr/third_party/hyperloglog -I/home/pei/Project/duckdb-polr/third_party/fastpforlib -I/home/pei/Project/duckdb-polr/third_party/fast_float -I/home/pei/Project/duckdb-polr/third_party/re2 -I/home/pei/Project/duckdb-polr/third_party/miniz -I/home/pei/Project/duckdb-polr/third_party/utf8proc/include -I/home/pei/Project/duckdb-polr/third_party/miniparquet -I/home/pei/Project/duckdb-polr/third_party/concurrentqueue -I/home/pei/Project/duckdb-polr/third_party/pcg -I/home/pei/Project/duckdb-polr/third_party/tdigest -I/home/pei/Project/duckdb-polr/third_party/mbedtls/include -I/home/pei/Project/duckdb-polr/third_party/jaro_winkler -I/home/pei/Project/duckdb-polr/extension/jemalloc/include -I/home/pei/Project/duckdb-polr/extension/jemalloc/jemalloc/include -O3 -DNDEBUG -O3 -DNDEBUG   -fPIC -fdiagnostics-color=always -w -std=c++11 -MD -MT extension/jemalloc/jemalloc/CMakeFiles/jemalloc.dir/src/bin.cpp.o -MF extension/jemalloc/jemalloc/CMakeFiles/jemalloc.dir/src/bin.cpp.o.d -o extension/jemalloc/jemalloc/CMakeFiles/jemalloc.dir/src/bin.cpp.o -c /home/pei/Project/duckdb-polr/extension/jemalloc/jemalloc/src/bin.cpp
[199/376] /usr/bin/ccache /usr/lib/ccache/c++ -DDUCKDB_BUILD_LIBRARY -DENABLE_CROSS_PRODUCT_REWRITE=1 -DENABLE_DEBUG_PRINT=0 -DENABLE_MEASURE_EXE_TIME=0 -DENABLE_MERGE_BACK_PLAN=0 -DENABLE_PARALLEL_EXECUTION=0 -DENABLE_QUERY_SPLIT=1 -DENABLE_SPECIFY_EST_STAT=0 -DJEMALLOC_NO_PRIVATE_NAMESPACE -DJEMALLOC_NO_RENAME -I/home/pei/Project/duckdb-polr/src/include -I/home/pei/Project/duckdb-polr/third_party/fsst -I/home/pei/Project/duckdb-polr/third_party/fmt/include -I/home/pei/Project/duckdb-polr/third_party/hyperloglog -I/home/pei/Project/duckdb-polr/third_party/fastpforlib -I/home/pei/Project/duckdb-polr/third_party/fast_float -I/home/pei/Project/duckdb-polr/third_party/re2 -I/home/pei/Project/duckdb-polr/third_party/miniz -I/home/pei/Project/duckdb-polr/third_party/utf8proc/include -I/home/pei/Project/duckdb-polr/third_party/miniparquet -I/home/pei/Project/duckdb-polr/third_party/concurrentqueue -I/home/pei/Project/duckdb-polr/third_party/pcg -I/home/pei/Project/duckdb-polr/third_party/tdigest -I/home/pei/Project/duckdb-polr/third_party/mbedtls/include -I/home/pei/Project/duckdb-polr/third_party/jaro_winkler -I/home/pei/Project/duckdb-polr/extension/jemalloc/include -I/home/pei/Project/duckdb-polr/extension/jemalloc/jemalloc/include -O3 -DNDEBUG -O3 -DNDEBUG   -fPIC -fdiagnostics-color=always -w -std=c++11 -MD -MT extension/jemalloc/jemalloc/CMakeFiles/jemalloc.dir/src/bin_info.cpp.o -MF extension/jemalloc/jemalloc/CMakeFiles/jemalloc.dir/src/bin_info.cpp.o.d -o extension/jemalloc/jemalloc/CMakeFiles/jemalloc.dir/src/bin_info.cpp.o -c /home/pei/Project/duckdb-polr/extension/jemalloc/jemalloc/src/bin_info.cpp
[200/376] /usr/bin/ccache /usr/lib/ccache/c++ -DDUCKDB_BUILD_LIBRARY -DENABLE_CROSS_PRODUCT_REWRITE=1 -DENABLE_DEBUG_PRINT=0 -DENABLE_MEASURE_EXE_TIME=0 -DENABLE_MERGE_BACK_PLAN=0 -DENABLE_PARALLEL_EXECUTION=0 -DENABLE_QUERY_SPLIT=1 -DENABLE_SPECIFY_EST_STAT=0 -DJEMALLOC_NO_PRIVATE_NAMESPACE -DJEMALLOC_NO_RENAME -I/home/pei/Project/duckdb-polr/src/include -I/home/pei/Project/duckdb-polr/third_party/fsst -I/home/pei/Project/duckdb-polr/third_party/fmt/include -I/home/pei/Project/duckdb-polr/third_party/hyperloglog -I/home/pei/Project/duckdb-polr/third_party/fastpforlib -I/home/pei/Project/duckdb-polr/third_party/fast_float -I/home/pei/Project/duckdb-polr/third_party/re2 -I/home/pei/Project/duckdb-polr/third_party/miniz -I/home/pei/Project/duckdb-polr/third_party/utf8proc/include -I/home/pei/Project/duckdb-polr/third_party/miniparquet -I/home/pei/Project/duckdb-polr/third_party/concurrentqueue -I/home/pei/Project/duckdb-polr/third_party/pcg -I/home/pei/Project/duckdb-polr/third_party/tdigest -I/home/pei/Project/duckdb-polr/third_party/mbedtls/include -I/home/pei/Project/duckdb-polr/third_party/jaro_winkler -I/home/pei/Project/duckdb-polr/extension/jemalloc/include -I/home/pei/Project/duckdb-polr/extension/jemalloc/jemalloc/include -O3 -DNDEBUG -O3 -DNDEBUG   -fPIC -fdiagnostics-color=always -w -std=c++11 -MD -MT extension/jemalloc/jemalloc/CMakeFiles/jemalloc.dir/src/bitmap.cpp.o -MF extension/jemalloc/jemalloc/CMakeFiles/jemalloc.dir/src/bitmap.cpp.o.d -o extension/jemalloc/jemalloc/CMakeFiles/jemalloc.dir/src/bitmap.cpp.o -c /home/pei/Project/duckdb-polr/extension/jemalloc/jemalloc/src/bitmap.cpp
[201/376] /usr/bin/ccache /usr/lib/ccache/c++ -DDUCKDB_BUILD_LIBRARY -DENABLE_CROSS_PRODUCT_REWRITE=1 -DENABLE_DEBUG_PRINT=0 -DENABLE_MEASURE_EXE_TIME=0 -DENABLE_MERGE_BACK_PLAN=0 -DENABLE_PARALLEL_EXECUTION=0 -DENABLE_QUERY_SPLIT=1 -DENABLE_SPECIFY_EST_STAT=0 -I/home/pei/Project/duckdb-polr/src/include -I/home/pei/Project/duckdb-polr/third_party/fsst -I/home/pei/Project/duckdb-polr/third_party/fmt/include -I/home/pei/Project/duckdb-polr/third_party/hyperloglog -I/home/pei/Project/duckdb-polr/third_party/fastpforlib -I/home/pei/Project/duckdb-polr/third_party/fast_float -I/home/pei/Project/duckdb-polr/third_party/re2 -I/home/pei/Project/duckdb-polr/third_party/miniz -I/home/pei/Project/duckdb-polr/third_party/utf8proc/include -I/home/pei/Project/duckdb-polr/third_party/miniparquet -I/home/pei/Project/duckdb-polr/third_party/concurrentqueue -I/home/pei/Project/duckdb-polr/third_party/pcg -I/home/pei/Project/duckdb-polr/third_party/tdigest -I/home/pei/Project/duckdb-polr/third_party/mbedtls/include -I/home/pei/Project/duckdb-polr/third_party/jaro_winkler -I/home/pei/Project/duckdb-polr/extension/parquet/include -I/home/pei/Project/duckdb-polr/extension/parquet/../../third_party/parquet -I/home/pei/Project/duckdb-polr/extension/parquet/../../third_party/snappy -I/home/pei/Project/duckdb-polr/extension/parquet/../../third_party/miniz -I/home/pei/Project/duckdb-polr/extension/parquet/../../third_party/thrift -I/home/pei/Project/duckdb-polr/extension/parquet/../../third_party/zstd/include -O3 -DNDEBUG -O3 -DNDEBUG   -fPIC -fdiagnostics-color=always -std=c++11 -MD -MT extension/parquet/CMakeFiles/parquet_extension.dir/parquet_reader.cpp.o -MF extension/parquet/CMakeFiles/parquet_extension.dir/parquet_reader.cpp.o.d -o extension/parquet/CMakeFiles/parquet_extension.dir/parquet_reader.cpp.o -c /home/pei/Project/duckdb-polr/extension/parquet/parquet_reader.cpp
[202/376] /usr/bin/ccache /usr/lib/ccache/c++ -DDUCKDB -DDUCKDB_BUILD_LIBRARY -DDUCKDB_MAIN_LIBRARY -DENABLE_CROSS_PRODUCT_REWRITE=1 -DENABLE_DEBUG_PRINT=0 -DENABLE_MEASURE_EXE_TIME=0 -DENABLE_MERGE_BACK_PLAN=0 -DENABLE_PARALLEL_EXECUTION=0 -DENABLE_QUERY_SPLIT=1 -DENABLE_SPECIFY_EST_STAT=0 -I/home/pei/Project/duckdb-polr/src/include -I/home/pei/Project/duckdb-polr/third_party/fsst -I/home/pei/Project/duckdb-polr/third_party/fmt/include -I/home/pei/Project/duckdb-polr/third_party/hyperloglog -I/home/pei/Project/duckdb-polr/third_party/fastpforlib -I/home/pei/Project/duckdb-polr/third_party/fast_float -I/home/pei/Project/duckdb-polr/third_party/re2 -I/home/pei/Project/duckdb-polr/third_party/miniz -I/home/pei/Project/duckdb-polr/third_party/utf8proc/include -I/home/pei/Project/duckdb-polr/third_party/miniparquet -I/home/pei/Project/duckdb-polr/third_party/concurrentqueue -I/home/pei/Project/duckdb-polr/third_party/pcg -I/home/pei/Project/duckdb-polr/third_party/tdigest -I/home/pei/Project/duckdb-polr/third_party/mbedtls/include -I/home/pei/Project/duckdb-polr/third_party/jaro_winkler -O3 -DNDEBUG -O3 -DNDEBUG   -fPIC -fdiagnostics-color=always -std=c++11 -MD -MT src/storage/table/CMakeFiles/duckdb_storage_table.dir/ub_duckdb_storage_table.cpp.o -MF src/storage/table/CMakeFiles/duckdb_storage_table.dir/ub_duckdb_storage_table.cpp.o.d -o src/storage/table/CMakeFiles/duckdb_storage_table.dir/ub_duckdb_storage_table.cpp.o -c /home/pei/Project/duckdb-polr/build/release/src/storage/table/ub_duckdb_storage_table.cpp
[203/376] /usr/bin/ccache /usr/lib/ccache/c++ -DDUCKDB_BUILD_LIBRARY -DDUCKDB_BUILD_LOADABLE_EXTENSION -DENABLE_CROSS_PRODUCT_REWRITE=1 -DENABLE_DEBUG_PRINT=0 -DENABLE_MEASURE_EXE_TIME=0 -DENABLE_MERGE_BACK_PLAN=0 -DENABLE_PARALLEL_EXECUTION=0 -DENABLE_QUERY_SPLIT=1 -DENABLE_SPECIFY_EST_STAT=0 -I/home/pei/Project/duckdb-polr/src/include -I/home/pei/Project/duckdb-polr/third_party/fsst -I/home/pei/Project/duckdb-polr/third_party/fmt/include -I/home/pei/Project/duckdb-polr/third_party/hyperloglog -I/home/pei/Project/duckdb-polr/third_party/fastpforlib -I/home/pei/Project/duckdb-polr/third_party/fast_float -I/home/pei/Project/duckdb-polr/third_party/re2 -I/home/pei/Project/duckdb-polr/third_party/miniz -I/home/pei/Project/duckdb-polr/third_party/utf8proc/include -I/home/pei/Project/duckdb-polr/third_party/miniparquet -I/home/pei/Project/duckdb-polr/third_party/concurrentqueue -I/home/pei/Project/duckdb-polr/third_party/pcg -I/home/pei/Project/duckdb-polr/third_party/tdigest -I/home/pei/Project/duckdb-polr/third_party/mbedtls/include -I/home/pei/Project/duckdb-polr/third_party/jaro_winkler -I/home/pei/Project/duckdb-polr/extension/parquet/include -I/home/pei/Project/duckdb-polr/extension/parquet/../../third_party/parquet -I/home/pei/Project/duckdb-polr/extension/parquet/../../third_party/snappy -I/home/pei/Project/duckdb-polr/extension/parquet/../../third_party/miniz -I/home/pei/Project/duckdb-polr/extension/parquet/../../third_party/thrift -I/home/pei/Project/duckdb-polr/extension/parquet/../../third_party/zstd/include -O3 -DNDEBUG -O3 -DNDEBUG   -fPIC -fdiagnostics-color=always -std=c++11 -MD -MT extension/parquet/CMakeFiles/parquet_loadable_extension.dir/parquet_metadata.cpp.o -MF extension/parquet/CMakeFiles/parquet_loadable_extension.dir/parquet_metadata.cpp.o.d -o extension/parquet/CMakeFiles/parquet_loadable_extension.dir/parquet_metadata.cpp.o -c /home/pei/Project/duckdb-polr/extension/parquet/parquet_metadata.cpp
[204/376] /usr/bin/ccache /usr/lib/ccache/c++ -DDUCKDB_BUILD_LIBRARY -DENABLE_CROSS_PRODUCT_REWRITE=1 -DENABLE_DEBUG_PRINT=0 -DENABLE_MEASURE_EXE_TIME=0 -DENABLE_MERGE_BACK_PLAN=0 -DENABLE_PARALLEL_EXECUTION=0 -DENABLE_QUERY_SPLIT=1 -DENABLE_SPECIFY_EST_STAT=0 -DJEMALLOC_NO_PRIVATE_NAMESPACE -DJEMALLOC_NO_RENAME -I/home/pei/Project/duckdb-polr/src/include -I/home/pei/Project/duckdb-polr/third_party/fsst -I/home/pei/Project/duckdb-polr/third_party/fmt/include -I/home/pei/Project/duckdb-polr/third_party/hyperloglog -I/home/pei/Project/duckdb-polr/third_party/fastpforlib -I/home/pei/Project/duckdb-polr/third_party/fast_float -I/home/pei/Project/duckdb-polr/third_party/re2 -I/home/pei/Project/duckdb-polr/third_party/miniz -I/home/pei/Project/duckdb-polr/third_party/utf8proc/include -I/home/pei/Project/duckdb-polr/third_party/miniparquet -I/home/pei/Project/duckdb-polr/third_party/concurrentqueue -I/home/pei/Project/duckdb-polr/third_party/pcg -I/home/pei/Project/duckdb-polr/third_party/tdigest -I/home/pei/Project/duckdb-polr/third_party/mbedtls/include -I/home/pei/Project/duckdb-polr/third_party/jaro_winkler -I/home/pei/Project/duckdb-polr/extension/jemalloc/include -I/home/pei/Project/duckdb-polr/extension/jemalloc/jemalloc/include -O3 -DNDEBUG -O3 -DNDEBUG   -fPIC -fdiagnostics-color=always -w -std=c++11 -MD -MT extension/jemalloc/jemalloc/CMakeFiles/jemalloc.dir/src/buf_writer.cpp.o -MF extension/jemalloc/jemalloc/CMakeFiles/jemalloc.dir/src/buf_writer.cpp.o.d -o extension/jemalloc/jemalloc/CMakeFiles/jemalloc.dir/src/buf_writer.cpp.o -c /home/pei/Project/duckdb-polr/extension/jemalloc/jemalloc/src/buf_writer.cpp
[205/376] /usr/bin/ccache /usr/lib/ccache/c++ -DDUCKDB_BUILD_LIBRARY -DENABLE_CROSS_PRODUCT_REWRITE=1 -DENABLE_DEBUG_PRINT=0 -DENABLE_MEASURE_EXE_TIME=0 -DENABLE_MERGE_BACK_PLAN=0 -DENABLE_PARALLEL_EXECUTION=0 -DENABLE_QUERY_SPLIT=1 -DENABLE_SPECIFY_EST_STAT=0 -DJEMALLOC_NO_PRIVATE_NAMESPACE -DJEMALLOC_NO_RENAME -I/home/pei/Project/duckdb-polr/src/include -I/home/pei/Project/duckdb-polr/third_party/fsst -I/home/pei/Project/duckdb-polr/third_party/fmt/include -I/home/pei/Project/duckdb-polr/third_party/hyperloglog -I/home/pei/Project/duckdb-polr/third_party/fastpforlib -I/home/pei/Project/duckdb-polr/third_party/fast_float -I/home/pei/Project/duckdb-polr/third_party/re2 -I/home/pei/Project/duckdb-polr/third_party/miniz -I/home/pei/Project/duckdb-polr/third_party/utf8proc/include -I/home/pei/Project/duckdb-polr/third_party/miniparquet -I/home/pei/Project/duckdb-polr/third_party/concurrentqueue -I/home/pei/Project/duckdb-polr/third_party/pcg -I/home/pei/Project/duckdb-polr/third_party/tdigest -I/home/pei/Project/duckdb-polr/third_party/mbedtls/include -I/home/pei/Project/duckdb-polr/third_party/jaro_winkler -I/home/pei/Project/duckdb-polr/extension/jemalloc/include -I/home/pei/Project/duckdb-polr/extension/jemalloc/jemalloc/include -O3 -DNDEBUG -O3 -DNDEBUG   -fPIC -fdiagnostics-color=always -w -std=c++11 -MD -MT extension/jemalloc/jemalloc/CMakeFiles/jemalloc.dir/src/cache_bin.cpp.o -MF extension/jemalloc/jemalloc/CMakeFiles/jemalloc.dir/src/cache_bin.cpp.o.d -o extension/jemalloc/jemalloc/CMakeFiles/jemalloc.dir/src/cache_bin.cpp.o -c /home/pei/Project/duckdb-polr/extension/jemalloc/jemalloc/src/cache_bin.cpp
[206/376] /usr/bin/ccache /usr/lib/ccache/c++ -DDUCKDB_BUILD_LIBRARY -DENABLE_CROSS_PRODUCT_REWRITE=1 -DENABLE_DEBUG_PRINT=0 -DENABLE_MEASURE_EXE_TIME=0 -DENABLE_MERGE_BACK_PLAN=0 -DENABLE_PARALLEL_EXECUTION=0 -DENABLE_QUERY_SPLIT=1 -DENABLE_SPECIFY_EST_STAT=0 -DJEMALLOC_NO_PRIVATE_NAMESPACE -DJEMALLOC_NO_RENAME -I/home/pei/Project/duckdb-polr/src/include -I/home/pei/Project/duckdb-polr/third_party/fsst -I/home/pei/Project/duckdb-polr/third_party/fmt/include -I/home/pei/Project/duckdb-polr/third_party/hyperloglog -I/home/pei/Project/duckdb-polr/third_party/fastpforlib -I/home/pei/Project/duckdb-polr/third_party/fast_float -I/home/pei/Project/duckdb-polr/third_party/re2 -I/home/pei/Project/duckdb-polr/third_party/miniz -I/home/pei/Project/duckdb-polr/third_party/utf8proc/include -I/home/pei/Project/duckdb-polr/third_party/miniparquet -I/home/pei/Project/duckdb-polr/third_party/concurrentqueue -I/home/pei/Project/duckdb-polr/third_party/pcg -I/home/pei/Project/duckdb-polr/third_party/tdigest -I/home/pei/Project/duckdb-polr/third_party/mbedtls/include -I/home/pei/Project/duckdb-polr/third_party/jaro_winkler -I/home/pei/Project/duckdb-polr/extension/jemalloc/include -I/home/pei/Project/duckdb-polr/extension/jemalloc/jemalloc/include -O3 -DNDEBUG -O3 -DNDEBUG   -fPIC -fdiagnostics-color=always -w -std=c++11 -MD -MT extension/jemalloc/jemalloc/CMakeFiles/jemalloc.dir/src/ckh.cpp.o -MF extension/jemalloc/jemalloc/CMakeFiles/jemalloc.dir/src/ckh.cpp.o.d -o extension/jemalloc/jemalloc/CMakeFiles/jemalloc.dir/src/ckh.cpp.o -c /home/pei/Project/duckdb-polr/extension/jemalloc/jemalloc/src/ckh.cpp
[207/376] /usr/bin/ccache /usr/lib/ccache/c++ -DDUCKDB_BUILD_LIBRARY -DENABLE_CROSS_PRODUCT_REWRITE=1 -DENABLE_DEBUG_PRINT=0 -DENABLE_MEASURE_EXE_TIME=0 -DENABLE_MERGE_BACK_PLAN=0 -DENABLE_PARALLEL_EXECUTION=0 -DENABLE_QUERY_SPLIT=1 -DENABLE_SPECIFY_EST_STAT=0 -DJEMALLOC_NO_PRIVATE_NAMESPACE -DJEMALLOC_NO_RENAME -I/home/pei/Project/duckdb-polr/src/include -I/home/pei/Project/duckdb-polr/third_party/fsst -I/home/pei/Project/duckdb-polr/third_party/fmt/include -I/home/pei/Project/duckdb-polr/third_party/hyperloglog -I/home/pei/Project/duckdb-polr/third_party/fastpforlib -I/home/pei/Project/duckdb-polr/third_party/fast_float -I/home/pei/Project/duckdb-polr/third_party/re2 -I/home/pei/Project/duckdb-polr/third_party/miniz -I/home/pei/Project/duckdb-polr/third_party/utf8proc/include -I/home/pei/Project/duckdb-polr/third_party/miniparquet -I/home/pei/Project/duckdb-polr/third_party/concurrentqueue -I/home/pei/Project/duckdb-polr/third_party/pcg -I/home/pei/Project/duckdb-polr/third_party/tdigest -I/home/pei/Project/duckdb-polr/third_party/mbedtls/include -I/home/pei/Project/duckdb-polr/third_party/jaro_winkler -I/home/pei/Project/duckdb-polr/extension/jemalloc/include -I/home/pei/Project/duckdb-polr/extension/jemalloc/jemalloc/include -O3 -DNDEBUG -O3 -DNDEBUG   -fPIC -fdiagnostics-color=always -w -std=c++11 -MD -MT extension/jemalloc/jemalloc/CMakeFiles/jemalloc.dir/src/counter.cpp.o -MF extension/jemalloc/jemalloc/CMakeFiles/jemalloc.dir/src/counter.cpp.o.d -o extension/jemalloc/jemalloc/CMakeFiles/jemalloc.dir/src/counter.cpp.o -c /home/pei/Project/duckdb-polr/extension/jemalloc/jemalloc/src/counter.cpp
[208/376] /usr/bin/ccache /usr/lib/ccache/c++ -DDUCKDB_BUILD_LIBRARY -DENABLE_CROSS_PRODUCT_REWRITE=1 -DENABLE_DEBUG_PRINT=0 -DENABLE_MEASURE_EXE_TIME=0 -DENABLE_MERGE_BACK_PLAN=0 -DENABLE_PARALLEL_EXECUTION=0 -DENABLE_QUERY_SPLIT=1 -DENABLE_SPECIFY_EST_STAT=0 -DJEMALLOC_NO_PRIVATE_NAMESPACE -DJEMALLOC_NO_RENAME -I/home/pei/Project/duckdb-polr/src/include -I/home/pei/Project/duckdb-polr/third_party/fsst -I/home/pei/Project/duckdb-polr/third_party/fmt/include -I/home/pei/Project/duckdb-polr/third_party/hyperloglog -I/home/pei/Project/duckdb-polr/third_party/fastpforlib -I/home/pei/Project/duckdb-polr/third_party/fast_float -I/home/pei/Project/duckdb-polr/third_party/re2 -I/home/pei/Project/duckdb-polr/third_party/miniz -I/home/pei/Project/duckdb-polr/third_party/utf8proc/include -I/home/pei/Project/duckdb-polr/third_party/miniparquet -I/home/pei/Project/duckdb-polr/third_party/concurrentqueue -I/home/pei/Project/duckdb-polr/third_party/pcg -I/home/pei/Project/duckdb-polr/third_party/tdigest -I/home/pei/Project/duckdb-polr/third_party/mbedtls/include -I/home/pei/Project/duckdb-polr/third_party/jaro_winkler -I/home/pei/Project/duckdb-polr/extension/jemalloc/include -I/home/pei/Project/duckdb-polr/extension/jemalloc/jemalloc/include -O3 -DNDEBUG -O3 -DNDEBUG   -fPIC -fdiagnostics-color=always -w -std=c++11 -MD -MT extension/jemalloc/jemalloc/CMakeFiles/jemalloc.dir/src/decay.cpp.o -MF extension/jemalloc/jemalloc/CMakeFiles/jemalloc.dir/src/decay.cpp.o.d -o extension/jemalloc/jemalloc/CMakeFiles/jemalloc.dir/src/decay.cpp.o -c /home/pei/Project/duckdb-polr/extension/jemalloc/jemalloc/src/decay.cpp
[209/376] /usr/bin/ccache /usr/lib/ccache/c++ -DDUCKDB_BUILD_LIBRARY -DENABLE_CROSS_PRODUCT_REWRITE=1 -DENABLE_DEBUG_PRINT=0 -DENABLE_MEASURE_EXE_TIME=0 -DENABLE_MERGE_BACK_PLAN=0 -DENABLE_PARALLEL_EXECUTION=0 -DENABLE_QUERY_SPLIT=1 -DENABLE_SPECIFY_EST_STAT=0 -DJEMALLOC_NO_PRIVATE_NAMESPACE -DJEMALLOC_NO_RENAME -I/home/pei/Project/duckdb-polr/src/include -I/home/pei/Project/duckdb-polr/third_party/fsst -I/home/pei/Project/duckdb-polr/third_party/fmt/include -I/home/pei/Project/duckdb-polr/third_party/hyperloglog -I/home/pei/Project/duckdb-polr/third_party/fastpforlib -I/home/pei/Project/duckdb-polr/third_party/fast_float -I/home/pei/Project/duckdb-polr/third_party/re2 -I/home/pei/Project/duckdb-polr/third_party/miniz -I/home/pei/Project/duckdb-polr/third_party/utf8proc/include -I/home/pei/Project/duckdb-polr/third_party/miniparquet -I/home/pei/Project/duckdb-polr/third_party/concurrentqueue -I/home/pei/Project/duckdb-polr/third_party/pcg -I/home/pei/Project/duckdb-polr/third_party/tdigest -I/home/pei/Project/duckdb-polr/third_party/mbedtls/include -I/home/pei/Project/duckdb-polr/third_party/jaro_winkler -I/home/pei/Project/duckdb-polr/extension/jemalloc/include -I/home/pei/Project/duckdb-polr/extension/jemalloc/jemalloc/include -O3 -DNDEBUG -O3 -DNDEBUG   -fPIC -fdiagnostics-color=always -w -std=c++11 -MD -MT extension/jemalloc/jemalloc/CMakeFiles/jemalloc.dir/src/ctl.cpp.o -MF extension/jemalloc/jemalloc/CMakeFiles/jemalloc.dir/src/ctl.cpp.o.d -o extension/jemalloc/jemalloc/CMakeFiles/jemalloc.dir/src/ctl.cpp.o -c /home/pei/Project/duckdb-polr/extension/jemalloc/jemalloc/src/ctl.cpp
[210/376] /usr/bin/ccache /usr/lib/ccache/c++ -DDUCKDB_BUILD_LIBRARY -DENABLE_CROSS_PRODUCT_REWRITE=1 -DENABLE_DEBUG_PRINT=0 -DENABLE_MEASURE_EXE_TIME=0 -DENABLE_MERGE_BACK_PLAN=0 -DENABLE_PARALLEL_EXECUTION=0 -DENABLE_QUERY_SPLIT=1 -DENABLE_SPECIFY_EST_STAT=0 -DJEMALLOC_NO_PRIVATE_NAMESPACE -DJEMALLOC_NO_RENAME -I/home/pei/Project/duckdb-polr/src/include -I/home/pei/Project/duckdb-polr/third_party/fsst -I/home/pei/Project/duckdb-polr/third_party/fmt/include -I/home/pei/Project/duckdb-polr/third_party/hyperloglog -I/home/pei/Project/duckdb-polr/third_party/fastpforlib -I/home/pei/Project/duckdb-polr/third_party/fast_float -I/home/pei/Project/duckdb-polr/third_party/re2 -I/home/pei/Project/duckdb-polr/third_party/miniz -I/home/pei/Project/duckdb-polr/third_party/utf8proc/include -I/home/pei/Project/duckdb-polr/third_party/miniparquet -I/home/pei/Project/duckdb-polr/third_party/concurrentqueue -I/home/pei/Project/duckdb-polr/third_party/pcg -I/home/pei/Project/duckdb-polr/third_party/tdigest -I/home/pei/Project/duckdb-polr/third_party/mbedtls/include -I/home/pei/Project/duckdb-polr/third_party/jaro_winkler -I/home/pei/Project/duckdb-polr/extension/jemalloc/include -I/home/pei/Project/duckdb-polr/extension/jemalloc/jemalloc/include -O3 -DNDEBUG -O3 -DNDEBUG   -fPIC -fdiagnostics-color=always -w -std=c++11 -MD -MT extension/jemalloc/jemalloc/CMakeFiles/jemalloc.dir/src/ecache.cpp.o -MF extension/jemalloc/jemalloc/CMakeFiles/jemalloc.dir/src/ecache.cpp.o.d -o extension/jemalloc/jemalloc/CMakeFiles/jemalloc.dir/src/ecache.cpp.o -c /home/pei/Project/duckdb-polr/extension/jemalloc/jemalloc/src/ecache.cpp
[211/376] /usr/bin/ccache /usr/lib/ccache/c++ -DDUCKDB_BUILD_LIBRARY -DENABLE_CROSS_PRODUCT_REWRITE=1 -DENABLE_DEBUG_PRINT=0 -DENABLE_MEASURE_EXE_TIME=0 -DENABLE_MERGE_BACK_PLAN=0 -DENABLE_PARALLEL_EXECUTION=0 -DENABLE_QUERY_SPLIT=1 -DENABLE_SPECIFY_EST_STAT=0 -DJEMALLOC_NO_PRIVATE_NAMESPACE -DJEMALLOC_NO_RENAME -I/home/pei/Project/duckdb-polr/src/include -I/home/pei/Project/duckdb-polr/third_party/fsst -I/home/pei/Project/duckdb-polr/third_party/fmt/include -I/home/pei/Project/duckdb-polr/third_party/hyperloglog -I/home/pei/Project/duckdb-polr/third_party/fastpforlib -I/home/pei/Project/duckdb-polr/third_party/fast_float -I/home/pei/Project/duckdb-polr/third_party/re2 -I/home/pei/Project/duckdb-polr/third_party/miniz -I/home/pei/Project/duckdb-polr/third_party/utf8proc/include -I/home/pei/Project/duckdb-polr/third_party/miniparquet -I/home/pei/Project/duckdb-polr/third_party/concurrentqueue -I/home/pei/Project/duckdb-polr/third_party/pcg -I/home/pei/Project/duckdb-polr/third_party/tdigest -I/home/pei/Project/duckdb-polr/third_party/mbedtls/include -I/home/pei/Project/duckdb-polr/third_party/jaro_winkler -I/home/pei/Project/duckdb-polr/extension/jemalloc/include -I/home/pei/Project/duckdb-polr/extension/jemalloc/jemalloc/include -O3 -DNDEBUG -O3 -DNDEBUG   -fPIC -fdiagnostics-color=always -w -std=c++11 -MD -MT extension/jemalloc/jemalloc/CMakeFiles/jemalloc.dir/src/div.cpp.o -MF extension/jemalloc/jemalloc/CMakeFiles/jemalloc.dir/src/div.cpp.o.d -o extension/jemalloc/jemalloc/CMakeFiles/jemalloc.dir/src/div.cpp.o -c /home/pei/Project/duckdb-polr/extension/jemalloc/jemalloc/src/div.cpp
[212/376] /usr/bin/ccache /usr/lib/ccache/c++ -DDUCKDB_BUILD_LIBRARY -DENABLE_CROSS_PRODUCT_REWRITE=1 -DENABLE_DEBUG_PRINT=0 -DENABLE_MEASURE_EXE_TIME=0 -DENABLE_MERGE_BACK_PLAN=0 -DENABLE_PARALLEL_EXECUTION=0 -DENABLE_QUERY_SPLIT=1 -DENABLE_SPECIFY_EST_STAT=0 -DJEMALLOC_NO_PRIVATE_NAMESPACE -DJEMALLOC_NO_RENAME -I/home/pei/Project/duckdb-polr/src/include -I/home/pei/Project/duckdb-polr/third_party/fsst -I/home/pei/Project/duckdb-polr/third_party/fmt/include -I/home/pei/Project/duckdb-polr/third_party/hyperloglog -I/home/pei/Project/duckdb-polr/third_party/fastpforlib -I/home/pei/Project/duckdb-polr/third_party/fast_float -I/home/pei/Project/duckdb-polr/third_party/re2 -I/home/pei/Project/duckdb-polr/third_party/miniz -I/home/pei/Project/duckdb-polr/third_party/utf8proc/include -I/home/pei/Project/duckdb-polr/third_party/miniparquet -I/home/pei/Project/duckdb-polr/third_party/concurrentqueue -I/home/pei/Project/duckdb-polr/third_party/pcg -I/home/pei/Project/duckdb-polr/third_party/tdigest -I/home/pei/Project/duckdb-polr/third_party/mbedtls/include -I/home/pei/Project/duckdb-polr/third_party/jaro_winkler -I/home/pei/Project/duckdb-polr/extension/jemalloc/include -I/home/pei/Project/duckdb-polr/extension/jemalloc/jemalloc/include -O3 -DNDEBUG -O3 -DNDEBUG   -fPIC -fdiagnostics-color=always -w -std=c++11 -MD -MT extension/jemalloc/jemalloc/CMakeFiles/jemalloc.dir/src/edata.cpp.o -MF extension/jemalloc/jemalloc/CMakeFiles/jemalloc.dir/src/edata.cpp.o.d -o extension/jemalloc/jemalloc/CMakeFiles/jemalloc.dir/src/edata.cpp.o -c /home/pei/Project/duckdb-polr/extension/jemalloc/jemalloc/src/edata.cpp
[213/376] /usr/bin/ccache /usr/lib/ccache/c++ -DDUCKDB_BUILD_LIBRARY -DENABLE_CROSS_PRODUCT_REWRITE=1 -DENABLE_DEBUG_PRINT=0 -DENABLE_MEASURE_EXE_TIME=0 -DENABLE_MERGE_BACK_PLAN=0 -DENABLE_PARALLEL_EXECUTION=0 -DENABLE_QUERY_SPLIT=1 -DENABLE_SPECIFY_EST_STAT=0 -DJEMALLOC_NO_PRIVATE_NAMESPACE -DJEMALLOC_NO_RENAME -I/home/pei/Project/duckdb-polr/src/include -I/home/pei/Project/duckdb-polr/third_party/fsst -I/home/pei/Project/duckdb-polr/third_party/fmt/include -I/home/pei/Project/duckdb-polr/third_party/hyperloglog -I/home/pei/Project/duckdb-polr/third_party/fastpforlib -I/home/pei/Project/duckdb-polr/third_party/fast_float -I/home/pei/Project/duckdb-polr/third_party/re2 -I/home/pei/Project/duckdb-polr/third_party/miniz -I/home/pei/Project/duckdb-polr/third_party/utf8proc/include -I/home/pei/Project/duckdb-polr/third_party/miniparquet -I/home/pei/Project/duckdb-polr/third_party/concurrentqueue -I/home/pei/Project/duckdb-polr/third_party/pcg -I/home/pei/Project/duckdb-polr/third_party/tdigest -I/home/pei/Project/duckdb-polr/third_party/mbedtls/include -I/home/pei/Project/duckdb-polr/third_party/jaro_winkler -I/home/pei/Project/duckdb-polr/extension/jemalloc/include -I/home/pei/Project/duckdb-polr/extension/jemalloc/jemalloc/include -O3 -DNDEBUG -O3 -DNDEBUG   -fPIC -fdiagnostics-color=always -w -std=c++11 -MD -MT extension/jemalloc/jemalloc/CMakeFiles/jemalloc.dir/src/edata_cache.cpp.o -MF extension/jemalloc/jemalloc/CMakeFiles/jemalloc.dir/src/edata_cache.cpp.o.d -o extension/jemalloc/jemalloc/CMakeFiles/jemalloc.dir/src/edata_cache.cpp.o -c /home/pei/Project/duckdb-polr/extension/jemalloc/jemalloc/src/edata_cache.cpp
[214/376] /usr/bin/ccache /usr/lib/ccache/c++ -DDUCKDB_BUILD_LIBRARY -DENABLE_CROSS_PRODUCT_REWRITE=1 -DENABLE_DEBUG_PRINT=0 -DENABLE_MEASURE_EXE_TIME=0 -DENABLE_MERGE_BACK_PLAN=0 -DENABLE_PARALLEL_EXECUTION=0 -DENABLE_QUERY_SPLIT=1 -DENABLE_SPECIFY_EST_STAT=0 -DJEMALLOC_NO_PRIVATE_NAMESPACE -DJEMALLOC_NO_RENAME -I/home/pei/Project/duckdb-polr/src/include -I/home/pei/Project/duckdb-polr/third_party/fsst -I/home/pei/Project/duckdb-polr/third_party/fmt/include -I/home/pei/Project/duckdb-polr/third_party/hyperloglog -I/home/pei/Project/duckdb-polr/third_party/fastpforlib -I/home/pei/Project/duckdb-polr/third_party/fast_float -I/home/pei/Project/duckdb-polr/third_party/re2 -I/home/pei/Project/duckdb-polr/third_party/miniz -I/home/pei/Project/duckdb-polr/third_party/utf8proc/include -I/home/pei/Project/duckdb-polr/third_party/miniparquet -I/home/pei/Project/duckdb-polr/third_party/concurrentqueue -I/home/pei/Project/duckdb-polr/third_party/pcg -I/home/pei/Project/duckdb-polr/third_party/tdigest -I/home/pei/Project/duckdb-polr/third_party/mbedtls/include -I/home/pei/Project/duckdb-polr/third_party/jaro_winkler -I/home/pei/Project/duckdb-polr/extension/jemalloc/include -I/home/pei/Project/duckdb-polr/extension/jemalloc/jemalloc/include -O3 -DNDEBUG -O3 -DNDEBUG   -fPIC -fdiagnostics-color=always -w -std=c++11 -MD -MT extension/jemalloc/jemalloc/CMakeFiles/jemalloc.dir/src/emap.cpp.o -MF extension/jemalloc/jemalloc/CMakeFiles/jemalloc.dir/src/emap.cpp.o.d -o extension/jemalloc/jemalloc/CMakeFiles/jemalloc.dir/src/emap.cpp.o -c /home/pei/Project/duckdb-polr/extension/jemalloc/jemalloc/src/emap.cpp
[215/376] /usr/bin/ccache /usr/lib/ccache/c++ -DDUCKDB_BUILD_LIBRARY -DENABLE_CROSS_PRODUCT_REWRITE=1 -DENABLE_DEBUG_PRINT=0 -DENABLE_MEASURE_EXE_TIME=0 -DENABLE_MERGE_BACK_PLAN=0 -DENABLE_PARALLEL_EXECUTION=0 -DENABLE_QUERY_SPLIT=1 -DENABLE_SPECIFY_EST_STAT=0 -DJEMALLOC_NO_PRIVATE_NAMESPACE -DJEMALLOC_NO_RENAME -I/home/pei/Project/duckdb-polr/src/include -I/home/pei/Project/duckdb-polr/third_party/fsst -I/home/pei/Project/duckdb-polr/third_party/fmt/include -I/home/pei/Project/duckdb-polr/third_party/hyperloglog -I/home/pei/Project/duckdb-polr/third_party/fastpforlib -I/home/pei/Project/duckdb-polr/third_party/fast_float -I/home/pei/Project/duckdb-polr/third_party/re2 -I/home/pei/Project/duckdb-polr/third_party/miniz -I/home/pei/Project/duckdb-polr/third_party/utf8proc/include -I/home/pei/Project/duckdb-polr/third_party/miniparquet -I/home/pei/Project/duckdb-polr/third_party/concurrentqueue -I/home/pei/Project/duckdb-polr/third_party/pcg -I/home/pei/Project/duckdb-polr/third_party/tdigest -I/home/pei/Project/duckdb-polr/third_party/mbedtls/include -I/home/pei/Project/duckdb-polr/third_party/jaro_winkler -I/home/pei/Project/duckdb-polr/extension/jemalloc/include -I/home/pei/Project/duckdb-polr/extension/jemalloc/jemalloc/include -O3 -DNDEBUG -O3 -DNDEBUG   -fPIC -fdiagnostics-color=always -w -std=c++11 -MD -MT extension/jemalloc/jemalloc/CMakeFiles/jemalloc.dir/src/ehooks.cpp.o -MF extension/jemalloc/jemalloc/CMakeFiles/jemalloc.dir/src/ehooks.cpp.o.d -o extension/jemalloc/jemalloc/CMakeFiles/jemalloc.dir/src/ehooks.cpp.o -c /home/pei/Project/duckdb-polr/extension/jemalloc/jemalloc/src/ehooks.cpp
[216/376] /usr/bin/ccache /usr/lib/ccache/c++ -DDUCKDB_BUILD_LIBRARY -DENABLE_CROSS_PRODUCT_REWRITE=1 -DENABLE_DEBUG_PRINT=0 -DENABLE_MEASURE_EXE_TIME=0 -DENABLE_MERGE_BACK_PLAN=0 -DENABLE_PARALLEL_EXECUTION=0 -DENABLE_QUERY_SPLIT=1 -DENABLE_SPECIFY_EST_STAT=0 -DJEMALLOC_NO_PRIVATE_NAMESPACE -DJEMALLOC_NO_RENAME -I/home/pei/Project/duckdb-polr/src/include -I/home/pei/Project/duckdb-polr/third_party/fsst -I/home/pei/Project/duckdb-polr/third_party/fmt/include -I/home/pei/Project/duckdb-polr/third_party/hyperloglog -I/home/pei/Project/duckdb-polr/third_party/fastpforlib -I/home/pei/Project/duckdb-polr/third_party/fast_float -I/home/pei/Project/duckdb-polr/third_party/re2 -I/home/pei/Project/duckdb-polr/third_party/miniz -I/home/pei/Project/duckdb-polr/third_party/utf8proc/include -I/home/pei/Project/duckdb-polr/third_party/miniparquet -I/home/pei/Project/duckdb-polr/third_party/concurrentqueue -I/home/pei/Project/duckdb-polr/third_party/pcg -I/home/pei/Project/duckdb-polr/third_party/tdigest -I/home/pei/Project/duckdb-polr/third_party/mbedtls/include -I/home/pei/Project/duckdb-polr/third_party/jaro_winkler -I/home/pei/Project/duckdb-polr/extension/jemalloc/include -I/home/pei/Project/duckdb-polr/extension/jemalloc/jemalloc/include -O3 -DNDEBUG -O3 -DNDEBUG   -fPIC -fdiagnostics-color=always -w -std=c++11 -MD -MT extension/jemalloc/jemalloc/CMakeFiles/jemalloc.dir/src/eset.cpp.o -MF extension/jemalloc/jemalloc/CMakeFiles/jemalloc.dir/src/eset.cpp.o.d -o extension/jemalloc/jemalloc/CMakeFiles/jemalloc.dir/src/eset.cpp.o -c /home/pei/Project/duckdb-polr/extension/jemalloc/jemalloc/src/eset.cpp
[217/376] /usr/bin/ccache /usr/lib/ccache/c++ -DDUCKDB_BUILD_LIBRARY -DENABLE_CROSS_PRODUCT_REWRITE=1 -DENABLE_DEBUG_PRINT=0 -DENABLE_MEASURE_EXE_TIME=0 -DENABLE_MERGE_BACK_PLAN=0 -DENABLE_PARALLEL_EXECUTION=0 -DENABLE_QUERY_SPLIT=1 -DENABLE_SPECIFY_EST_STAT=0 -DJEMALLOC_NO_PRIVATE_NAMESPACE -DJEMALLOC_NO_RENAME -I/home/pei/Project/duckdb-polr/src/include -I/home/pei/Project/duckdb-polr/third_party/fsst -I/home/pei/Project/duckdb-polr/third_party/fmt/include -I/home/pei/Project/duckdb-polr/third_party/hyperloglog -I/home/pei/Project/duckdb-polr/third_party/fastpforlib -I/home/pei/Project/duckdb-polr/third_party/fast_float -I/home/pei/Project/duckdb-polr/third_party/re2 -I/home/pei/Project/duckdb-polr/third_party/miniz -I/home/pei/Project/duckdb-polr/third_party/utf8proc/include -I/home/pei/Project/duckdb-polr/third_party/miniparquet -I/home/pei/Project/duckdb-polr/third_party/concurrentqueue -I/home/pei/Project/duckdb-polr/third_party/pcg -I/home/pei/Project/duckdb-polr/third_party/tdigest -I/home/pei/Project/duckdb-polr/third_party/mbedtls/include -I/home/pei/Project/duckdb-polr/third_party/jaro_winkler -I/home/pei/Project/duckdb-polr/extension/jemalloc/include -I/home/pei/Project/duckdb-polr/extension/jemalloc/jemalloc/include -O3 -DNDEBUG -O3 -DNDEBUG   -fPIC -fdiagnostics-color=always -w -std=c++11 -MD -MT extension/jemalloc/jemalloc/CMakeFiles/jemalloc.dir/src/exp_grow.cpp.o -MF extension/jemalloc/jemalloc/CMakeFiles/jemalloc.dir/src/exp_grow.cpp.o.d -o extension/jemalloc/jemalloc/CMakeFiles/jemalloc.dir/src/exp_grow.cpp.o -c /home/pei/Project/duckdb-polr/extension/jemalloc/jemalloc/src/exp_grow.cpp
[218/376] /usr/bin/ccache /usr/lib/ccache/c++ -DDUCKDB_BUILD_LIBRARY -DENABLE_CROSS_PRODUCT_REWRITE=1 -DENABLE_DEBUG_PRINT=0 -DENABLE_MEASURE_EXE_TIME=0 -DENABLE_MERGE_BACK_PLAN=0 -DENABLE_PARALLEL_EXECUTION=0 -DENABLE_QUERY_SPLIT=1 -DENABLE_SPECIFY_EST_STAT=0 -I/home/pei/Project/duckdb-polr/src/include -I/home/pei/Project/duckdb-polr/third_party/fsst -I/home/pei/Project/duckdb-polr/third_party/fmt/include -I/home/pei/Project/duckdb-polr/third_party/hyperloglog -I/home/pei/Project/duckdb-polr/third_party/fastpforlib -I/home/pei/Project/duckdb-polr/third_party/fast_float -I/home/pei/Project/duckdb-polr/third_party/re2 -I/home/pei/Project/duckdb-polr/third_party/miniz -I/home/pei/Project/duckdb-polr/third_party/utf8proc/include -I/home/pei/Project/duckdb-polr/third_party/miniparquet -I/home/pei/Project/duckdb-polr/third_party/concurrentqueue -I/home/pei/Project/duckdb-polr/third_party/pcg -I/home/pei/Project/duckdb-polr/third_party/tdigest -I/home/pei/Project/duckdb-polr/third_party/mbedtls/include -I/home/pei/Project/duckdb-polr/third_party/jaro_winkler -I/home/pei/Project/duckdb-polr/extension/jemalloc/include -I/home/pei/Project/duckdb-polr/extension/jemalloc/jemalloc/include -O3 -DNDEBUG -O3 -DNDEBUG   -fPIC -fdiagnostics-color=always -std=c++11 -MD -MT extension/jemalloc/CMakeFiles/jemalloc_extension.dir/jemalloc-extension.cpp.o -MF extension/jemalloc/CMakeFiles/jemalloc_extension.dir/jemalloc-extension.cpp.o.d -o extension/jemalloc/CMakeFiles/jemalloc_extension.dir/jemalloc-extension.cpp.o -c /home/pei/Project/duckdb-polr/extension/jemalloc/jemalloc-extension.cpp
[219/376] /usr/bin/ccache /usr/lib/ccache/c++ -DDUCKDB_BUILD_LIBRARY -DDUCKDB_BUILD_LOADABLE_EXTENSION -DENABLE_CROSS_PRODUCT_REWRITE=1 -DENABLE_DEBUG_PRINT=0 -DENABLE_MEASURE_EXE_TIME=0 -DENABLE_MERGE_BACK_PLAN=0 -DENABLE_PARALLEL_EXECUTION=0 -DENABLE_QUERY_SPLIT=1 -DENABLE_SPECIFY_EST_STAT=0 -I/home/pei/Project/duckdb-polr/src/include -I/home/pei/Project/duckdb-polr/third_party/fsst -I/home/pei/Project/duckdb-polr/third_party/fmt/include -I/home/pei/Project/duckdb-polr/third_party/hyperloglog -I/home/pei/Project/duckdb-polr/third_party/fastpforlib -I/home/pei/Project/duckdb-polr/third_party/fast_float -I/home/pei/Project/duckdb-polr/third_party/re2 -I/home/pei/Project/duckdb-polr/third_party/miniz -I/home/pei/Project/duckdb-polr/third_party/utf8proc/include -I/home/pei/Project/duckdb-polr/third_party/miniparquet -I/home/pei/Project/duckdb-polr/third_party/concurrentqueue -I/home/pei/Project/duckdb-polr/third_party/pcg -I/home/pei/Project/duckdb-polr/third_party/tdigest -I/home/pei/Project/duckdb-polr/third_party/mbedtls/include -I/home/pei/Project/duckdb-polr/third_party/jaro_winkler -I/home/pei/Project/duckdb-polr/extension/parquet/include -I/home/pei/Project/duckdb-polr/extension/parquet/../../third_party/parquet -I/home/pei/Project/duckdb-polr/extension/parquet/../../third_party/snappy -I/home/pei/Project/duckdb-polr/extension/parquet/../../third_party/miniz -I/home/pei/Project/duckdb-polr/extension/parquet/../../third_party/thrift -I/home/pei/Project/duckdb-polr/extension/parquet/../../third_party/zstd/include -O3 -DNDEBUG -O3 -DNDEBUG   -fPIC -fdiagnostics-color=always -std=c++11 -MD -MT extension/parquet/CMakeFiles/parquet_loadable_extension.dir/parquet_writer.cpp.o -MF extension/parquet/CMakeFiles/parquet_loadable_extension.dir/parquet_writer.cpp.o.d -o extension/parquet/CMakeFiles/parquet_loadable_extension.dir/parquet_writer.cpp.o -c /home/pei/Project/duckdb-polr/extension/parquet/parquet_writer.cpp
[220/376] /usr/bin/ccache /usr/lib/ccache/c++ -DDUCKDB_BUILD_LIBRARY -DENABLE_CROSS_PRODUCT_REWRITE=1 -DENABLE_DEBUG_PRINT=0 -DENABLE_MEASURE_EXE_TIME=0 -DENABLE_MERGE_BACK_PLAN=0 -DENABLE_PARALLEL_EXECUTION=0 -DENABLE_QUERY_SPLIT=1 -DENABLE_SPECIFY_EST_STAT=0 -DJEMALLOC_NO_PRIVATE_NAMESPACE -DJEMALLOC_NO_RENAME -I/home/pei/Project/duckdb-polr/src/include -I/home/pei/Project/duckdb-polr/third_party/fsst -I/home/pei/Project/duckdb-polr/third_party/fmt/include -I/home/pei/Project/duckdb-polr/third_party/hyperloglog -I/home/pei/Project/duckdb-polr/third_party/fastpforlib -I/home/pei/Project/duckdb-polr/third_party/fast_float -I/home/pei/Project/duckdb-polr/third_party/re2 -I/home/pei/Project/duckdb-polr/third_party/miniz -I/home/pei/Project/duckdb-polr/third_party/utf8proc/include -I/home/pei/Project/duckdb-polr/third_party/miniparquet -I/home/pei/Project/duckdb-polr/third_party/concurrentqueue -I/home/pei/Project/duckdb-polr/third_party/pcg -I/home/pei/Project/duckdb-polr/third_party/tdigest -I/home/pei/Project/duckdb-polr/third_party/mbedtls/include -I/home/pei/Project/duckdb-polr/third_party/jaro_winkler -I/home/pei/Project/duckdb-polr/extension/jemalloc/include -I/home/pei/Project/duckdb-polr/extension/jemalloc/jemalloc/include -O3 -DNDEBUG -O3 -DNDEBUG   -fPIC -fdiagnostics-color=always -w -std=c++11 -MD -MT extension/jemalloc/jemalloc/CMakeFiles/jemalloc.dir/src/extent_dss.cpp.o -MF extension/jemalloc/jemalloc/CMakeFiles/jemalloc.dir/src/extent_dss.cpp.o.d -o extension/jemalloc/jemalloc/CMakeFiles/jemalloc.dir/src/extent_dss.cpp.o -c /home/pei/Project/duckdb-polr/extension/jemalloc/jemalloc/src/extent_dss.cpp
[221/376] /usr/bin/ccache /usr/lib/ccache/c++ -DDUCKDB_BUILD_LIBRARY -DENABLE_CROSS_PRODUCT_REWRITE=1 -DENABLE_DEBUG_PRINT=0 -DENABLE_MEASURE_EXE_TIME=0 -DENABLE_MERGE_BACK_PLAN=0 -DENABLE_PARALLEL_EXECUTION=0 -DENABLE_QUERY_SPLIT=1 -DENABLE_SPECIFY_EST_STAT=0 -DJEMALLOC_NO_PRIVATE_NAMESPACE -DJEMALLOC_NO_RENAME -I/home/pei/Project/duckdb-polr/src/include -I/home/pei/Project/duckdb-polr/third_party/fsst -I/home/pei/Project/duckdb-polr/third_party/fmt/include -I/home/pei/Project/duckdb-polr/third_party/hyperloglog -I/home/pei/Project/duckdb-polr/third_party/fastpforlib -I/home/pei/Project/duckdb-polr/third_party/fast_float -I/home/pei/Project/duckdb-polr/third_party/re2 -I/home/pei/Project/duckdb-polr/third_party/miniz -I/home/pei/Project/duckdb-polr/third_party/utf8proc/include -I/home/pei/Project/duckdb-polr/third_party/miniparquet -I/home/pei/Project/duckdb-polr/third_party/concurrentqueue -I/home/pei/Project/duckdb-polr/third_party/pcg -I/home/pei/Project/duckdb-polr/third_party/tdigest -I/home/pei/Project/duckdb-polr/third_party/mbedtls/include -I/home/pei/Project/duckdb-polr/third_party/jaro_winkler -I/home/pei/Project/duckdb-polr/extension/jemalloc/include -I/home/pei/Project/duckdb-polr/extension/jemalloc/jemalloc/include -O3 -DNDEBUG -O3 -DNDEBUG   -fPIC -fdiagnostics-color=always -w -std=c++11 -MD -MT extension/jemalloc/jemalloc/CMakeFiles/jemalloc.dir/src/extent_mmap.cpp.o -MF extension/jemalloc/jemalloc/CMakeFiles/jemalloc.dir/src/extent_mmap.cpp.o.d -o extension/jemalloc/jemalloc/CMakeFiles/jemalloc.dir/src/extent_mmap.cpp.o -c /home/pei/Project/duckdb-polr/extension/jemalloc/jemalloc/src/extent_mmap.cpp
[222/376] /usr/bin/ccache /usr/lib/ccache/c++ -DDUCKDB_BUILD_LIBRARY -DENABLE_CROSS_PRODUCT_REWRITE=1 -DENABLE_DEBUG_PRINT=0 -DENABLE_MEASURE_EXE_TIME=0 -DENABLE_MERGE_BACK_PLAN=0 -DENABLE_PARALLEL_EXECUTION=0 -DENABLE_QUERY_SPLIT=1 -DENABLE_SPECIFY_EST_STAT=0 -DJEMALLOC_NO_PRIVATE_NAMESPACE -DJEMALLOC_NO_RENAME -I/home/pei/Project/duckdb-polr/src/include -I/home/pei/Project/duckdb-polr/third_party/fsst -I/home/pei/Project/duckdb-polr/third_party/fmt/include -I/home/pei/Project/duckdb-polr/third_party/hyperloglog -I/home/pei/Project/duckdb-polr/third_party/fastpforlib -I/home/pei/Project/duckdb-polr/third_party/fast_float -I/home/pei/Project/duckdb-polr/third_party/re2 -I/home/pei/Project/duckdb-polr/third_party/miniz -I/home/pei/Project/duckdb-polr/third_party/utf8proc/include -I/home/pei/Project/duckdb-polr/third_party/miniparquet -I/home/pei/Project/duckdb-polr/third_party/concurrentqueue -I/home/pei/Project/duckdb-polr/third_party/pcg -I/home/pei/Project/duckdb-polr/third_party/tdigest -I/home/pei/Project/duckdb-polr/third_party/mbedtls/include -I/home/pei/Project/duckdb-polr/third_party/jaro_winkler -I/home/pei/Project/duckdb-polr/extension/jemalloc/include -I/home/pei/Project/duckdb-polr/extension/jemalloc/jemalloc/include -O3 -DNDEBUG -O3 -DNDEBUG   -fPIC -fdiagnostics-color=always -w -std=c++11 -MD -MT extension/jemalloc/jemalloc/CMakeFiles/jemalloc.dir/src/extent.cpp.o -MF extension/jemalloc/jemalloc/CMakeFiles/jemalloc.dir/src/extent.cpp.o.d -o extension/jemalloc/jemalloc/CMakeFiles/jemalloc.dir/src/extent.cpp.o -c /home/pei/Project/duckdb-polr/extension/jemalloc/jemalloc/src/extent.cpp
[223/376] /usr/bin/ccache /usr/lib/ccache/c++ -DDUCKDB_BUILD_LIBRARY -DENABLE_CROSS_PRODUCT_REWRITE=1 -DENABLE_DEBUG_PRINT=0 -DENABLE_MEASURE_EXE_TIME=0 -DENABLE_MERGE_BACK_PLAN=0 -DENABLE_PARALLEL_EXECUTION=0 -DENABLE_QUERY_SPLIT=1 -DENABLE_SPECIFY_EST_STAT=0 -DJEMALLOC_NO_PRIVATE_NAMESPACE -DJEMALLOC_NO_RENAME -I/home/pei/Project/duckdb-polr/src/include -I/home/pei/Project/duckdb-polr/third_party/fsst -I/home/pei/Project/duckdb-polr/third_party/fmt/include -I/home/pei/Project/duckdb-polr/third_party/hyperloglog -I/home/pei/Project/duckdb-polr/third_party/fastpforlib -I/home/pei/Project/duckdb-polr/third_party/fast_float -I/home/pei/Project/duckdb-polr/third_party/re2 -I/home/pei/Project/duckdb-polr/third_party/miniz -I/home/pei/Project/duckdb-polr/third_party/utf8proc/include -I/home/pei/Project/duckdb-polr/third_party/miniparquet -I/home/pei/Project/duckdb-polr/third_party/concurrentqueue -I/home/pei/Project/duckdb-polr/third_party/pcg -I/home/pei/Project/duckdb-polr/third_party/tdigest -I/home/pei/Project/duckdb-polr/third_party/mbedtls/include -I/home/pei/Project/duckdb-polr/third_party/jaro_winkler -I/home/pei/Project/duckdb-polr/extension/jemalloc/include -I/home/pei/Project/duckdb-polr/extension/jemalloc/jemalloc/include -O3 -DNDEBUG -O3 -DNDEBUG   -fPIC -fdiagnostics-color=always -w -std=c++11 -MD -MT extension/jemalloc/jemalloc/CMakeFiles/jemalloc.dir/src/fxp.cpp.o -MF extension/jemalloc/jemalloc/CMakeFiles/jemalloc.dir/src/fxp.cpp.o.d -o extension/jemalloc/jemalloc/CMakeFiles/jemalloc.dir/src/fxp.cpp.o -c /home/pei/Project/duckdb-polr/extension/jemalloc/jemalloc/src/fxp.cpp
[224/376] /usr/bin/ccache /usr/lib/ccache/c++ -DDUCKDB_BUILD_LIBRARY -DENABLE_CROSS_PRODUCT_REWRITE=1 -DENABLE_DEBUG_PRINT=0 -DENABLE_MEASURE_EXE_TIME=0 -DENABLE_MERGE_BACK_PLAN=0 -DENABLE_PARALLEL_EXECUTION=0 -DENABLE_QUERY_SPLIT=1 -DENABLE_SPECIFY_EST_STAT=0 -DJEMALLOC_NO_PRIVATE_NAMESPACE -DJEMALLOC_NO_RENAME -I/home/pei/Project/duckdb-polr/src/include -I/home/pei/Project/duckdb-polr/third_party/fsst -I/home/pei/Project/duckdb-polr/third_party/fmt/include -I/home/pei/Project/duckdb-polr/third_party/hyperloglog -I/home/pei/Project/duckdb-polr/third_party/fastpforlib -I/home/pei/Project/duckdb-polr/third_party/fast_float -I/home/pei/Project/duckdb-polr/third_party/re2 -I/home/pei/Project/duckdb-polr/third_party/miniz -I/home/pei/Project/duckdb-polr/third_party/utf8proc/include -I/home/pei/Project/duckdb-polr/third_party/miniparquet -I/home/pei/Project/duckdb-polr/third_party/concurrentqueue -I/home/pei/Project/duckdb-polr/third_party/pcg -I/home/pei/Project/duckdb-polr/third_party/tdigest -I/home/pei/Project/duckdb-polr/third_party/mbedtls/include -I/home/pei/Project/duckdb-polr/third_party/jaro_winkler -I/home/pei/Project/duckdb-polr/extension/jemalloc/include -I/home/pei/Project/duckdb-polr/extension/jemalloc/jemalloc/include -O3 -DNDEBUG -O3 -DNDEBUG   -fPIC -fdiagnostics-color=always -w -std=c++11 -MD -MT extension/jemalloc/jemalloc/CMakeFiles/jemalloc.dir/src/hook.cpp.o -MF extension/jemalloc/jemalloc/CMakeFiles/jemalloc.dir/src/hook.cpp.o.d -o extension/jemalloc/jemalloc/CMakeFiles/jemalloc.dir/src/hook.cpp.o -c /home/pei/Project/duckdb-polr/extension/jemalloc/jemalloc/src/hook.cpp
[225/376] /usr/bin/ccache /usr/lib/ccache/c++ -DDUCKDB_BUILD_LIBRARY -DENABLE_CROSS_PRODUCT_REWRITE=1 -DENABLE_DEBUG_PRINT=0 -DENABLE_MEASURE_EXE_TIME=0 -DENABLE_MERGE_BACK_PLAN=0 -DENABLE_PARALLEL_EXECUTION=0 -DENABLE_QUERY_SPLIT=1 -DENABLE_SPECIFY_EST_STAT=0 -DJEMALLOC_NO_PRIVATE_NAMESPACE -DJEMALLOC_NO_RENAME -I/home/pei/Project/duckdb-polr/src/include -I/home/pei/Project/duckdb-polr/third_party/fsst -I/home/pei/Project/duckdb-polr/third_party/fmt/include -I/home/pei/Project/duckdb-polr/third_party/hyperloglog -I/home/pei/Project/duckdb-polr/third_party/fastpforlib -I/home/pei/Project/duckdb-polr/third_party/fast_float -I/home/pei/Project/duckdb-polr/third_party/re2 -I/home/pei/Project/duckdb-polr/third_party/miniz -I/home/pei/Project/duckdb-polr/third_party/utf8proc/include -I/home/pei/Project/duckdb-polr/third_party/miniparquet -I/home/pei/Project/duckdb-polr/third_party/concurrentqueue -I/home/pei/Project/duckdb-polr/third_party/pcg -I/home/pei/Project/duckdb-polr/third_party/tdigest -I/home/pei/Project/duckdb-polr/third_party/mbedtls/include -I/home/pei/Project/duckdb-polr/third_party/jaro_winkler -I/home/pei/Project/duckdb-polr/extension/jemalloc/include -I/home/pei/Project/duckdb-polr/extension/jemalloc/jemalloc/include -O3 -DNDEBUG -O3 -DNDEBUG   -fPIC -fdiagnostics-color=always -w -std=c++11 -MD -MT extension/jemalloc/jemalloc/CMakeFiles/jemalloc.dir/src/hpa.cpp.o -MF extension/jemalloc/jemalloc/CMakeFiles/jemalloc.dir/src/hpa.cpp.o.d -o extension/jemalloc/jemalloc/CMakeFiles/jemalloc.dir/src/hpa.cpp.o -c /home/pei/Project/duckdb-polr/extension/jemalloc/jemalloc/src/hpa.cpp
[226/376] /usr/bin/ccache /usr/lib/ccache/c++ -DDUCKDB_BUILD_LIBRARY -DENABLE_CROSS_PRODUCT_REWRITE=1 -DENABLE_DEBUG_PRINT=0 -DENABLE_MEASURE_EXE_TIME=0 -DENABLE_MERGE_BACK_PLAN=0 -DENABLE_PARALLEL_EXECUTION=0 -DENABLE_QUERY_SPLIT=1 -DENABLE_SPECIFY_EST_STAT=0 -DJEMALLOC_NO_PRIVATE_NAMESPACE -DJEMALLOC_NO_RENAME -I/home/pei/Project/duckdb-polr/src/include -I/home/pei/Project/duckdb-polr/third_party/fsst -I/home/pei/Project/duckdb-polr/third_party/fmt/include -I/home/pei/Project/duckdb-polr/third_party/hyperloglog -I/home/pei/Project/duckdb-polr/third_party/fastpforlib -I/home/pei/Project/duckdb-polr/third_party/fast_float -I/home/pei/Project/duckdb-polr/third_party/re2 -I/home/pei/Project/duckdb-polr/third_party/miniz -I/home/pei/Project/duckdb-polr/third_party/utf8proc/include -I/home/pei/Project/duckdb-polr/third_party/miniparquet -I/home/pei/Project/duckdb-polr/third_party/concurrentqueue -I/home/pei/Project/duckdb-polr/third_party/pcg -I/home/pei/Project/duckdb-polr/third_party/tdigest -I/home/pei/Project/duckdb-polr/third_party/mbedtls/include -I/home/pei/Project/duckdb-polr/third_party/jaro_winkler -I/home/pei/Project/duckdb-polr/extension/jemalloc/include -I/home/pei/Project/duckdb-polr/extension/jemalloc/jemalloc/include -O3 -DNDEBUG -O3 -DNDEBUG   -fPIC -fdiagnostics-color=always -w -std=c++11 -MD -MT extension/jemalloc/jemalloc/CMakeFiles/jemalloc.dir/src/hpa_hooks.cpp.o -MF extension/jemalloc/jemalloc/CMakeFiles/jemalloc.dir/src/hpa_hooks.cpp.o.d -o extension/jemalloc/jemalloc/CMakeFiles/jemalloc.dir/src/hpa_hooks.cpp.o -c /home/pei/Project/duckdb-polr/extension/jemalloc/jemalloc/src/hpa_hooks.cpp
[227/376] /usr/bin/ccache /usr/lib/ccache/c++ -DDUCKDB_BUILD_LIBRARY -DENABLE_CROSS_PRODUCT_REWRITE=1 -DENABLE_DEBUG_PRINT=0 -DENABLE_MEASURE_EXE_TIME=0 -DENABLE_MERGE_BACK_PLAN=0 -DENABLE_PARALLEL_EXECUTION=0 -DENABLE_QUERY_SPLIT=1 -DENABLE_SPECIFY_EST_STAT=0 -DJEMALLOC_NO_PRIVATE_NAMESPACE -DJEMALLOC_NO_RENAME -I/home/pei/Project/duckdb-polr/src/include -I/home/pei/Project/duckdb-polr/third_party/fsst -I/home/pei/Project/duckdb-polr/third_party/fmt/include -I/home/pei/Project/duckdb-polr/third_party/hyperloglog -I/home/pei/Project/duckdb-polr/third_party/fastpforlib -I/home/pei/Project/duckdb-polr/third_party/fast_float -I/home/pei/Project/duckdb-polr/third_party/re2 -I/home/pei/Project/duckdb-polr/third_party/miniz -I/home/pei/Project/duckdb-polr/third_party/utf8proc/include -I/home/pei/Project/duckdb-polr/third_party/miniparquet -I/home/pei/Project/duckdb-polr/third_party/concurrentqueue -I/home/pei/Project/duckdb-polr/third_party/pcg -I/home/pei/Project/duckdb-polr/third_party/tdigest -I/home/pei/Project/duckdb-polr/third_party/mbedtls/include -I/home/pei/Project/duckdb-polr/third_party/jaro_winkler -I/home/pei/Project/duckdb-polr/extension/jemalloc/include -I/home/pei/Project/duckdb-polr/extension/jemalloc/jemalloc/include -O3 -DNDEBUG -O3 -DNDEBUG   -fPIC -fdiagnostics-color=always -w -std=c++11 -MD -MT extension/jemalloc/jemalloc/CMakeFiles/jemalloc.dir/src/hpdata.cpp.o -MF extension/jemalloc/jemalloc/CMakeFiles/jemalloc.dir/src/hpdata.cpp.o.d -o extension/jemalloc/jemalloc/CMakeFiles/jemalloc.dir/src/hpdata.cpp.o -c /home/pei/Project/duckdb-polr/extension/jemalloc/jemalloc/src/hpdata.cpp
[228/376] /usr/bin/ccache /usr/lib/ccache/c++ -DDUCKDB_BUILD_LIBRARY -DENABLE_CROSS_PRODUCT_REWRITE=1 -DENABLE_DEBUG_PRINT=0 -DENABLE_MEASURE_EXE_TIME=0 -DENABLE_MERGE_BACK_PLAN=0 -DENABLE_PARALLEL_EXECUTION=0 -DENABLE_QUERY_SPLIT=1 -DENABLE_SPECIFY_EST_STAT=0 -DJEMALLOC_NO_PRIVATE_NAMESPACE -DJEMALLOC_NO_RENAME -I/home/pei/Project/duckdb-polr/src/include -I/home/pei/Project/duckdb-polr/third_party/fsst -I/home/pei/Project/duckdb-polr/third_party/fmt/include -I/home/pei/Project/duckdb-polr/third_party/hyperloglog -I/home/pei/Project/duckdb-polr/third_party/fastpforlib -I/home/pei/Project/duckdb-polr/third_party/fast_float -I/home/pei/Project/duckdb-polr/third_party/re2 -I/home/pei/Project/duckdb-polr/third_party/miniz -I/home/pei/Project/duckdb-polr/third_party/utf8proc/include -I/home/pei/Project/duckdb-polr/third_party/miniparquet -I/home/pei/Project/duckdb-polr/third_party/concurrentqueue -I/home/pei/Project/duckdb-polr/third_party/pcg -I/home/pei/Project/duckdb-polr/third_party/tdigest -I/home/pei/Project/duckdb-polr/third_party/mbedtls/include -I/home/pei/Project/duckdb-polr/third_party/jaro_winkler -I/home/pei/Project/duckdb-polr/extension/jemalloc/include -I/home/pei/Project/duckdb-polr/extension/jemalloc/jemalloc/include -O3 -DNDEBUG -O3 -DNDEBUG   -fPIC -fdiagnostics-color=always -w -std=c++11 -MD -MT extension/jemalloc/jemalloc/CMakeFiles/jemalloc.dir/src/inspect.cpp.o -MF extension/jemalloc/jemalloc/CMakeFiles/jemalloc.dir/src/inspect.cpp.o.d -o extension/jemalloc/jemalloc/CMakeFiles/jemalloc.dir/src/inspect.cpp.o -c /home/pei/Project/duckdb-polr/extension/jemalloc/jemalloc/src/inspect.cpp
[229/376] /usr/bin/ccache /usr/lib/ccache/c++ -DDUCKDB_BUILD_LIBRARY -DENABLE_CROSS_PRODUCT_REWRITE=1 -DENABLE_DEBUG_PRINT=0 -DENABLE_MEASURE_EXE_TIME=0 -DENABLE_MERGE_BACK_PLAN=0 -DENABLE_PARALLEL_EXECUTION=0 -DENABLE_QUERY_SPLIT=1 -DENABLE_SPECIFY_EST_STAT=0 -I/home/pei/Project/duckdb-polr/src/include -I/home/pei/Project/duckdb-polr/third_party/fsst -I/home/pei/Project/duckdb-polr/third_party/fmt/include -I/home/pei/Project/duckdb-polr/third_party/hyperloglog -I/home/pei/Project/duckdb-polr/third_party/fastpforlib -I/home/pei/Project/duckdb-polr/third_party/fast_float -I/home/pei/Project/duckdb-polr/third_party/re2 -I/home/pei/Project/duckdb-polr/third_party/miniz -I/home/pei/Project/duckdb-polr/third_party/utf8proc/include -I/home/pei/Project/duckdb-polr/third_party/miniparquet -I/home/pei/Project/duckdb-polr/third_party/concurrentqueue -I/home/pei/Project/duckdb-polr/third_party/pcg -I/home/pei/Project/duckdb-polr/third_party/tdigest -I/home/pei/Project/duckdb-polr/third_party/mbedtls/include -I/home/pei/Project/duckdb-polr/third_party/jaro_winkler -I/home/pei/Project/duckdb-polr/extension/parquet/include -I/home/pei/Project/duckdb-polr/extension/parquet/../../third_party/parquet -I/home/pei/Project/duckdb-polr/extension/parquet/../../third_party/snappy -I/home/pei/Project/duckdb-polr/extension/parquet/../../third_party/miniz -I/home/pei/Project/duckdb-polr/extension/parquet/../../third_party/thrift -I/home/pei/Project/duckdb-polr/extension/parquet/../../third_party/zstd/include -O3 -DNDEBUG -O3 -DNDEBUG   -fPIC -fdiagnostics-color=always -std=c++11 -MD -MT extension/parquet/CMakeFiles/parquet_extension.dir/column_reader.cpp.o -MF extension/parquet/CMakeFiles/parquet_extension.dir/column_reader.cpp.o.d -o extension/parquet/CMakeFiles/parquet_extension.dir/column_reader.cpp.o -c /home/pei/Project/duckdb-polr/extension/parquet/column_reader.cpp
[230/376] : && /usr/bin/cmake -E rm -f extension/parquet/libparquet_extension.a && /usr/bin/ar qc extension/parquet/libparquet_extension.a  extension/parquet/CMakeFiles/parquet_extension.dir/column_writer.cpp.o extension/parquet/CMakeFiles/parquet_extension.dir/parquet-extension.cpp.o extension/parquet/CMakeFiles/parquet_extension.dir/parquet_metadata.cpp.o extension/parquet/CMakeFiles/parquet_extension.dir/parquet_reader.cpp.o extension/parquet/CMakeFiles/parquet_extension.dir/parquet_timestamp.cpp.o extension/parquet/CMakeFiles/parquet_extension.dir/parquet_writer.cpp.o extension/parquet/CMakeFiles/parquet_extension.dir/parquet_statistics.cpp.o extension/parquet/CMakeFiles/parquet_extension.dir/zstd_file_system.cpp.o extension/parquet/CMakeFiles/parquet_extension.dir/column_reader.cpp.o extension/parquet/CMakeFiles/parquet_extension.dir/__/__/third_party/parquet/parquet_constants.cpp.o extension/parquet/CMakeFiles/parquet_extension.dir/__/__/third_party/parquet/parquet_types.cpp.o extension/parquet/CMakeFiles/parquet_extension.dir/__/__/third_party/thrift/thrift/protocol/TProtocol.cpp.o extension/parquet/CMakeFiles/parquet_extension.dir/__/__/third_party/thrift/thrift/transport/TTransportException.cpp.o extension/parquet/CMakeFiles/parquet_extension.dir/__/__/third_party/thrift/thrift/transport/TBufferTransports.cpp.o extension/parquet/CMakeFiles/parquet_extension.dir/__/__/third_party/snappy/snappy.cc.o extension/parquet/CMakeFiles/parquet_extension.dir/__/__/third_party/snappy/snappy-sinksource.cc.o extension/parquet/CMakeFiles/parquet_extension.dir/__/__/third_party/zstd/decompress/zstd_ddict.cpp.o extension/parquet/CMakeFiles/parquet_extension.dir/__/__/third_party/zstd/decompress/huf_decompress.cpp.o extension/parquet/CMakeFiles/parquet_extension.dir/__/__/third_party/zstd/decompress/zstd_decompress.cpp.o extension/parquet/CMakeFiles/parquet_extension.dir/__/__/third_party/zstd/decompress/zstd_decompress_block.cpp.o extension/parquet/CMakeFiles/parquet_extension.dir/__/__/third_party/zstd/common/entropy_common.cpp.o extension/parquet/CMakeFiles/parquet_extension.dir/__/__/third_party/zstd/common/fse_decompress.cpp.o extension/parquet/CMakeFiles/parquet_extension.dir/__/__/third_party/zstd/common/zstd_common.cpp.o extension/parquet/CMakeFiles/parquet_extension.dir/__/__/third_party/zstd/common/error_private.cpp.o extension/parquet/CMakeFiles/parquet_extension.dir/__/__/third_party/zstd/common/xxhash.cpp.o extension/parquet/CMakeFiles/parquet_extension.dir/__/__/third_party/zstd/compress/fse_compress.cpp.o extension/parquet/CMakeFiles/parquet_extension.dir/__/__/third_party/zstd/compress/hist.cpp.o extension/parquet/CMakeFiles/parquet_extension.dir/__/__/third_party/zstd/compress/huf_compress.cpp.o extension/parquet/CMakeFiles/parquet_extension.dir/__/__/third_party/zstd/compress/zstd_compress.cpp.o extension/parquet/CMakeFiles/parquet_extension.dir/__/__/third_party/zstd/compress/zstd_compress_literals.cpp.o extension/parquet/CMakeFiles/parquet_extension.dir/__/__/third_party/zstd/compress/zstd_compress_sequences.cpp.o extension/parquet/CMakeFiles/parquet_extension.dir/__/__/third_party/zstd/compress/zstd_compress_superblock.cpp.o extension/parquet/CMakeFiles/parquet_extension.dir/__/__/third_party/zstd/compress/zstd_double_fast.cpp.o extension/parquet/CMakeFiles/parquet_extension.dir/__/__/third_party/zstd/compress/zstd_fast.cpp.o extension/parquet/CMakeFiles/parquet_extension.dir/__/__/third_party/zstd/compress/zstd_lazy.cpp.o extension/parquet/CMakeFiles/parquet_extension.dir/__/__/third_party/zstd/compress/zstd_ldm.cpp.o extension/parquet/CMakeFiles/parquet_extension.dir/__/__/third_party/zstd/compress/zstd_opt.cpp.o && /usr/bin/ranlib extension/parquet/libparquet_extension.a && :
[231/376] /usr/bin/ccache /usr/lib/ccache/c++ -DDUCKDB_BUILD_LIBRARY -DENABLE_CROSS_PRODUCT_REWRITE=1 -DENABLE_DEBUG_PRINT=0 -DENABLE_MEASURE_EXE_TIME=0 -DENABLE_MERGE_BACK_PLAN=0 -DENABLE_PARALLEL_EXECUTION=0 -DENABLE_QUERY_SPLIT=1 -DENABLE_SPECIFY_EST_STAT=0 -DJEMALLOC_NO_PRIVATE_NAMESPACE -DJEMALLOC_NO_RENAME -I/home/pei/Project/duckdb-polr/src/include -I/home/pei/Project/duckdb-polr/third_party/fsst -I/home/pei/Project/duckdb-polr/third_party/fmt/include -I/home/pei/Project/duckdb-polr/third_party/hyperloglog -I/home/pei/Project/duckdb-polr/third_party/fastpforlib -I/home/pei/Project/duckdb-polr/third_party/fast_float -I/home/pei/Project/duckdb-polr/third_party/re2 -I/home/pei/Project/duckdb-polr/third_party/miniz -I/home/pei/Project/duckdb-polr/third_party/utf8proc/include -I/home/pei/Project/duckdb-polr/third_party/miniparquet -I/home/pei/Project/duckdb-polr/third_party/concurrentqueue -I/home/pei/Project/duckdb-polr/third_party/pcg -I/home/pei/Project/duckdb-polr/third_party/tdigest -I/home/pei/Project/duckdb-polr/third_party/mbedtls/include -I/home/pei/Project/duckdb-polr/third_party/jaro_winkler -I/home/pei/Project/duckdb-polr/extension/jemalloc/include -I/home/pei/Project/duckdb-polr/extension/jemalloc/jemalloc/include -O3 -DNDEBUG -O3 -DNDEBUG   -fPIC -fdiagnostics-color=always -w -std=c++11 -MD -MT extension/jemalloc/jemalloc/CMakeFiles/jemalloc.dir/src/jemalloc.cpp.o -MF extension/jemalloc/jemalloc/CMakeFiles/jemalloc.dir/src/jemalloc.cpp.o.d -o extension/jemalloc/jemalloc/CMakeFiles/jemalloc.dir/src/jemalloc.cpp.o -c /home/pei/Project/duckdb-polr/extension/jemalloc/jemalloc/src/jemalloc.cpp
[232/376] /usr/bin/ccache /usr/lib/ccache/c++ -DDUCKDB_BUILD_LIBRARY -DENABLE_CROSS_PRODUCT_REWRITE=1 -DENABLE_DEBUG_PRINT=0 -DENABLE_MEASURE_EXE_TIME=0 -DENABLE_MERGE_BACK_PLAN=0 -DENABLE_PARALLEL_EXECUTION=0 -DENABLE_QUERY_SPLIT=1 -DENABLE_SPECIFY_EST_STAT=0 -DJEMALLOC_NO_PRIVATE_NAMESPACE -DJEMALLOC_NO_RENAME -I/home/pei/Project/duckdb-polr/src/include -I/home/pei/Project/duckdb-polr/third_party/fsst -I/home/pei/Project/duckdb-polr/third_party/fmt/include -I/home/pei/Project/duckdb-polr/third_party/hyperloglog -I/home/pei/Project/duckdb-polr/third_party/fastpforlib -I/home/pei/Project/duckdb-polr/third_party/fast_float -I/home/pei/Project/duckdb-polr/third_party/re2 -I/home/pei/Project/duckdb-polr/third_party/miniz -I/home/pei/Project/duckdb-polr/third_party/utf8proc/include -I/home/pei/Project/duckdb-polr/third_party/miniparquet -I/home/pei/Project/duckdb-polr/third_party/concurrentqueue -I/home/pei/Project/duckdb-polr/third_party/pcg -I/home/pei/Project/duckdb-polr/third_party/tdigest -I/home/pei/Project/duckdb-polr/third_party/mbedtls/include -I/home/pei/Project/duckdb-polr/third_party/jaro_winkler -I/home/pei/Project/duckdb-polr/extension/jemalloc/include -I/home/pei/Project/duckdb-polr/extension/jemalloc/jemalloc/include -O3 -DNDEBUG -O3 -DNDEBUG   -fPIC -fdiagnostics-color=always -w -std=c++11 -MD -MT extension/jemalloc/jemalloc/CMakeFiles/jemalloc.dir/src/large.cpp.o -MF extension/jemalloc/jemalloc/CMakeFiles/jemalloc.dir/src/large.cpp.o.d -o extension/jemalloc/jemalloc/CMakeFiles/jemalloc.dir/src/large.cpp.o -c /home/pei/Project/duckdb-polr/extension/jemalloc/jemalloc/src/large.cpp
[233/376] /usr/bin/ccache /usr/lib/ccache/c++ -DDUCKDB_BUILD_LIBRARY -DENABLE_CROSS_PRODUCT_REWRITE=1 -DENABLE_DEBUG_PRINT=0 -DENABLE_MEASURE_EXE_TIME=0 -DENABLE_MERGE_BACK_PLAN=0 -DENABLE_PARALLEL_EXECUTION=0 -DENABLE_QUERY_SPLIT=1 -DENABLE_SPECIFY_EST_STAT=0 -DJEMALLOC_NO_PRIVATE_NAMESPACE -DJEMALLOC_NO_RENAME -I/home/pei/Project/duckdb-polr/src/include -I/home/pei/Project/duckdb-polr/third_party/fsst -I/home/pei/Project/duckdb-polr/third_party/fmt/include -I/home/pei/Project/duckdb-polr/third_party/hyperloglog -I/home/pei/Project/duckdb-polr/third_party/fastpforlib -I/home/pei/Project/duckdb-polr/third_party/fast_float -I/home/pei/Project/duckdb-polr/third_party/re2 -I/home/pei/Project/duckdb-polr/third_party/miniz -I/home/pei/Project/duckdb-polr/third_party/utf8proc/include -I/home/pei/Project/duckdb-polr/third_party/miniparquet -I/home/pei/Project/duckdb-polr/third_party/concurrentqueue -I/home/pei/Project/duckdb-polr/third_party/pcg -I/home/pei/Project/duckdb-polr/third_party/tdigest -I/home/pei/Project/duckdb-polr/third_party/mbedtls/include -I/home/pei/Project/duckdb-polr/third_party/jaro_winkler -I/home/pei/Project/duckdb-polr/extension/jemalloc/include -I/home/pei/Project/duckdb-polr/extension/jemalloc/jemalloc/include -O3 -DNDEBUG -O3 -DNDEBUG   -fPIC -fdiagnostics-color=always -w -std=c++11 -MD -MT extension/jemalloc/jemalloc/CMakeFiles/jemalloc.dir/src/log.cpp.o -MF extension/jemalloc/jemalloc/CMakeFiles/jemalloc.dir/src/log.cpp.o.d -o extension/jemalloc/jemalloc/CMakeFiles/jemalloc.dir/src/log.cpp.o -c /home/pei/Project/duckdb-polr/extension/jemalloc/jemalloc/src/log.cpp
[234/376] /usr/bin/ccache /usr/lib/ccache/c++ -DDUCKDB_BUILD_LIBRARY -DENABLE_CROSS_PRODUCT_REWRITE=1 -DENABLE_DEBUG_PRINT=0 -DENABLE_MEASURE_EXE_TIME=0 -DENABLE_MERGE_BACK_PLAN=0 -DENABLE_PARALLEL_EXECUTION=0 -DENABLE_QUERY_SPLIT=1 -DENABLE_SPECIFY_EST_STAT=0 -DJEMALLOC_NO_PRIVATE_NAMESPACE -DJEMALLOC_NO_RENAME -I/home/pei/Project/duckdb-polr/src/include -I/home/pei/Project/duckdb-polr/third_party/fsst -I/home/pei/Project/duckdb-polr/third_party/fmt/include -I/home/pei/Project/duckdb-polr/third_party/hyperloglog -I/home/pei/Project/duckdb-polr/third_party/fastpforlib -I/home/pei/Project/duckdb-polr/third_party/fast_float -I/home/pei/Project/duckdb-polr/third_party/re2 -I/home/pei/Project/duckdb-polr/third_party/miniz -I/home/pei/Project/duckdb-polr/third_party/utf8proc/include -I/home/pei/Project/duckdb-polr/third_party/miniparquet -I/home/pei/Project/duckdb-polr/third_party/concurrentqueue -I/home/pei/Project/duckdb-polr/third_party/pcg -I/home/pei/Project/duckdb-polr/third_party/tdigest -I/home/pei/Project/duckdb-polr/third_party/mbedtls/include -I/home/pei/Project/duckdb-polr/third_party/jaro_winkler -I/home/pei/Project/duckdb-polr/extension/jemalloc/include -I/home/pei/Project/duckdb-polr/extension/jemalloc/jemalloc/include -O3 -DNDEBUG -O3 -DNDEBUG   -fPIC -fdiagnostics-color=always -w -std=c++11 -MD -MT extension/jemalloc/jemalloc/CMakeFiles/jemalloc.dir/src/mutex.cpp.o -MF extension/jemalloc/jemalloc/CMakeFiles/jemalloc.dir/src/mutex.cpp.o.d -o extension/jemalloc/jemalloc/CMakeFiles/jemalloc.dir/src/mutex.cpp.o -c /home/pei/Project/duckdb-polr/extension/jemalloc/jemalloc/src/mutex.cpp
[235/376] /usr/bin/ccache /usr/lib/ccache/c++ -DDUCKDB_BUILD_LIBRARY -DENABLE_CROSS_PRODUCT_REWRITE=1 -DENABLE_DEBUG_PRINT=0 -DENABLE_MEASURE_EXE_TIME=0 -DENABLE_MERGE_BACK_PLAN=0 -DENABLE_PARALLEL_EXECUTION=0 -DENABLE_QUERY_SPLIT=1 -DENABLE_SPECIFY_EST_STAT=0 -DJEMALLOC_NO_PRIVATE_NAMESPACE -DJEMALLOC_NO_RENAME -I/home/pei/Project/duckdb-polr/src/include -I/home/pei/Project/duckdb-polr/third_party/fsst -I/home/pei/Project/duckdb-polr/third_party/fmt/include -I/home/pei/Project/duckdb-polr/third_party/hyperloglog -I/home/pei/Project/duckdb-polr/third_party/fastpforlib -I/home/pei/Project/duckdb-polr/third_party/fast_float -I/home/pei/Project/duckdb-polr/third_party/re2 -I/home/pei/Project/duckdb-polr/third_party/miniz -I/home/pei/Project/duckdb-polr/third_party/utf8proc/include -I/home/pei/Project/duckdb-polr/third_party/miniparquet -I/home/pei/Project/duckdb-polr/third_party/concurrentqueue -I/home/pei/Project/duckdb-polr/third_party/pcg -I/home/pei/Project/duckdb-polr/third_party/tdigest -I/home/pei/Project/duckdb-polr/third_party/mbedtls/include -I/home/pei/Project/duckdb-polr/third_party/jaro_winkler -I/home/pei/Project/duckdb-polr/extension/jemalloc/include -I/home/pei/Project/duckdb-polr/extension/jemalloc/jemalloc/include -O3 -DNDEBUG -O3 -DNDEBUG   -fPIC -fdiagnostics-color=always -w -std=c++11 -MD -MT extension/jemalloc/jemalloc/CMakeFiles/jemalloc.dir/src/malloc_io.cpp.o -MF extension/jemalloc/jemalloc/CMakeFiles/jemalloc.dir/src/malloc_io.cpp.o.d -o extension/jemalloc/jemalloc/CMakeFiles/jemalloc.dir/src/malloc_io.cpp.o -c /home/pei/Project/duckdb-polr/extension/jemalloc/jemalloc/src/malloc_io.cpp
[236/376] /usr/bin/ccache /usr/lib/ccache/c++ -DDUCKDB_BUILD_LIBRARY -DENABLE_CROSS_PRODUCT_REWRITE=1 -DENABLE_DEBUG_PRINT=0 -DENABLE_MEASURE_EXE_TIME=0 -DENABLE_MERGE_BACK_PLAN=0 -DENABLE_PARALLEL_EXECUTION=0 -DENABLE_QUERY_SPLIT=1 -DENABLE_SPECIFY_EST_STAT=0 -I/home/pei/Project/duckdb-polr/src/include -I/home/pei/Project/duckdb-polr/third_party/fsst -I/home/pei/Project/duckdb-polr/third_party/fmt/include -I/home/pei/Project/duckdb-polr/third_party/hyperloglog -I/home/pei/Project/duckdb-polr/third_party/fastpforlib -I/home/pei/Project/duckdb-polr/third_party/fast_float -I/home/pei/Project/duckdb-polr/third_party/re2 -I/home/pei/Project/duckdb-polr/third_party/miniz -I/home/pei/Project/duckdb-polr/third_party/utf8proc/include -I/home/pei/Project/duckdb-polr/third_party/miniparquet -I/home/pei/Project/duckdb-polr/third_party/concurrentqueue -I/home/pei/Project/duckdb-polr/third_party/pcg -I/home/pei/Project/duckdb-polr/third_party/tdigest -I/home/pei/Project/duckdb-polr/third_party/mbedtls/include -I/home/pei/Project/duckdb-polr/third_party/jaro_winkler -I/home/pei/Project/duckdb-polr/extension/parquet/include -I/home/pei/Project/duckdb-polr/extension/parquet/../../third_party/parquet -I/home/pei/Project/duckdb-polr/extension/parquet/../../third_party/snappy -I/home/pei/Project/duckdb-polr/extension/parquet/../../third_party/miniz -I/home/pei/Project/duckdb-polr/extension/parquet/../../third_party/thrift -I/home/pei/Project/duckdb-polr/extension/parquet/../../third_party/zstd/include -I/home/pei/Project/duckdb-polr/third_party/libpg_query/include -O3 -DNDEBUG -O3 -DNDEBUG   -fPIE -fdiagnostics-color=always -std=c++11 -MD -MT extension/parquet/CMakeFiles/parquetcli.dir/parquetcli.cpp.o -MF extension/parquet/CMakeFiles/parquetcli.dir/parquetcli.cpp.o.d -o extension/parquet/CMakeFiles/parquetcli.dir/parquetcli.cpp.o -c /home/pei/Project/duckdb-polr/extension/parquet/parquetcli.cpp
[237/376] /usr/bin/ccache /usr/lib/ccache/c++ -DDUCKDB_BUILD_LIBRARY -DENABLE_CROSS_PRODUCT_REWRITE=1 -DENABLE_DEBUG_PRINT=0 -DENABLE_MEASURE_EXE_TIME=0 -DENABLE_MERGE_BACK_PLAN=0 -DENABLE_PARALLEL_EXECUTION=0 -DENABLE_QUERY_SPLIT=1 -DENABLE_SPECIFY_EST_STAT=0 -DJEMALLOC_NO_PRIVATE_NAMESPACE -DJEMALLOC_NO_RENAME -I/home/pei/Project/duckdb-polr/src/include -I/home/pei/Project/duckdb-polr/third_party/fsst -I/home/pei/Project/duckdb-polr/third_party/fmt/include -I/home/pei/Project/duckdb-polr/third_party/hyperloglog -I/home/pei/Project/duckdb-polr/third_party/fastpforlib -I/home/pei/Project/duckdb-polr/third_party/fast_float -I/home/pei/Project/duckdb-polr/third_party/re2 -I/home/pei/Project/duckdb-polr/third_party/miniz -I/home/pei/Project/duckdb-polr/third_party/utf8proc/include -I/home/pei/Project/duckdb-polr/third_party/miniparquet -I/home/pei/Project/duckdb-polr/third_party/concurrentqueue -I/home/pei/Project/duckdb-polr/third_party/pcg -I/home/pei/Project/duckdb-polr/third_party/tdigest -I/home/pei/Project/duckdb-polr/third_party/mbedtls/include -I/home/pei/Project/duckdb-polr/third_party/jaro_winkler -I/home/pei/Project/duckdb-polr/extension/jemalloc/include -I/home/pei/Project/duckdb-polr/extension/jemalloc/jemalloc/include -O3 -DNDEBUG -O3 -DNDEBUG   -fPIC -fdiagnostics-color=always -w -std=c++11 -MD -MT extension/jemalloc/jemalloc/CMakeFiles/jemalloc.dir/src/nstime.cpp.o -MF extension/jemalloc/jemalloc/CMakeFiles/jemalloc.dir/src/nstime.cpp.o.d -o extension/jemalloc/jemalloc/CMakeFiles/jemalloc.dir/src/nstime.cpp.o -c /home/pei/Project/duckdb-polr/extension/jemalloc/jemalloc/src/nstime.cpp
[238/376] /usr/bin/ccache /usr/lib/ccache/c++ -DDUCKDB_BUILD_LIBRARY -DENABLE_CROSS_PRODUCT_REWRITE=1 -DENABLE_DEBUG_PRINT=0 -DENABLE_MEASURE_EXE_TIME=0 -DENABLE_MERGE_BACK_PLAN=0 -DENABLE_PARALLEL_EXECUTION=0 -DENABLE_QUERY_SPLIT=1 -DENABLE_SPECIFY_EST_STAT=0 -DJEMALLOC_NO_PRIVATE_NAMESPACE -DJEMALLOC_NO_RENAME -I/home/pei/Project/duckdb-polr/src/include -I/home/pei/Project/duckdb-polr/third_party/fsst -I/home/pei/Project/duckdb-polr/third_party/fmt/include -I/home/pei/Project/duckdb-polr/third_party/hyperloglog -I/home/pei/Project/duckdb-polr/third_party/fastpforlib -I/home/pei/Project/duckdb-polr/third_party/fast_float -I/home/pei/Project/duckdb-polr/third_party/re2 -I/home/pei/Project/duckdb-polr/third_party/miniz -I/home/pei/Project/duckdb-polr/third_party/utf8proc/include -I/home/pei/Project/duckdb-polr/third_party/miniparquet -I/home/pei/Project/duckdb-polr/third_party/concurrentqueue -I/home/pei/Project/duckdb-polr/third_party/pcg -I/home/pei/Project/duckdb-polr/third_party/tdigest -I/home/pei/Project/duckdb-polr/third_party/mbedtls/include -I/home/pei/Project/duckdb-polr/third_party/jaro_winkler -I/home/pei/Project/duckdb-polr/extension/jemalloc/include -I/home/pei/Project/duckdb-polr/extension/jemalloc/jemalloc/include -O3 -DNDEBUG -O3 -DNDEBUG   -fPIC -fdiagnostics-color=always -w -std=c++11 -MD -MT extension/jemalloc/jemalloc/CMakeFiles/jemalloc.dir/src/pa.cpp.o -MF extension/jemalloc/jemalloc/CMakeFiles/jemalloc.dir/src/pa.cpp.o.d -o extension/jemalloc/jemalloc/CMakeFiles/jemalloc.dir/src/pa.cpp.o -c /home/pei/Project/duckdb-polr/extension/jemalloc/jemalloc/src/pa.cpp
[239/376] /usr/bin/ccache /usr/lib/ccache/c++ -DDUCKDB_BUILD_LIBRARY -DENABLE_CROSS_PRODUCT_REWRITE=1 -DENABLE_DEBUG_PRINT=0 -DENABLE_MEASURE_EXE_TIME=0 -DENABLE_MERGE_BACK_PLAN=0 -DENABLE_PARALLEL_EXECUTION=0 -DENABLE_QUERY_SPLIT=1 -DENABLE_SPECIFY_EST_STAT=0 -DJEMALLOC_NO_PRIVATE_NAMESPACE -DJEMALLOC_NO_RENAME -I/home/pei/Project/duckdb-polr/src/include -I/home/pei/Project/duckdb-polr/third_party/fsst -I/home/pei/Project/duckdb-polr/third_party/fmt/include -I/home/pei/Project/duckdb-polr/third_party/hyperloglog -I/home/pei/Project/duckdb-polr/third_party/fastpforlib -I/home/pei/Project/duckdb-polr/third_party/fast_float -I/home/pei/Project/duckdb-polr/third_party/re2 -I/home/pei/Project/duckdb-polr/third_party/miniz -I/home/pei/Project/duckdb-polr/third_party/utf8proc/include -I/home/pei/Project/duckdb-polr/third_party/miniparquet -I/home/pei/Project/duckdb-polr/third_party/concurrentqueue -I/home/pei/Project/duckdb-polr/third_party/pcg -I/home/pei/Project/duckdb-polr/third_party/tdigest -I/home/pei/Project/duckdb-polr/third_party/mbedtls/include -I/home/pei/Project/duckdb-polr/third_party/jaro_winkler -I/home/pei/Project/duckdb-polr/extension/jemalloc/include -I/home/pei/Project/duckdb-polr/extension/jemalloc/jemalloc/include -O3 -DNDEBUG -O3 -DNDEBUG   -fPIC -fdiagnostics-color=always -w -std=c++11 -MD -MT extension/jemalloc/jemalloc/CMakeFiles/jemalloc.dir/src/pages.cpp.o -MF extension/jemalloc/jemalloc/CMakeFiles/jemalloc.dir/src/pages.cpp.o.d -o extension/jemalloc/jemalloc/CMakeFiles/jemalloc.dir/src/pages.cpp.o -c /home/pei/Project/duckdb-polr/extension/jemalloc/jemalloc/src/pages.cpp
[240/376] /usr/bin/ccache /usr/lib/ccache/c++ -DDUCKDB_BUILD_LIBRARY -DENABLE_CROSS_PRODUCT_REWRITE=1 -DENABLE_DEBUG_PRINT=0 -DENABLE_MEASURE_EXE_TIME=0 -DENABLE_MERGE_BACK_PLAN=0 -DENABLE_PARALLEL_EXECUTION=0 -DENABLE_QUERY_SPLIT=1 -DENABLE_SPECIFY_EST_STAT=0 -DJEMALLOC_NO_PRIVATE_NAMESPACE -DJEMALLOC_NO_RENAME -I/home/pei/Project/duckdb-polr/src/include -I/home/pei/Project/duckdb-polr/third_party/fsst -I/home/pei/Project/duckdb-polr/third_party/fmt/include -I/home/pei/Project/duckdb-polr/third_party/hyperloglog -I/home/pei/Project/duckdb-polr/third_party/fastpforlib -I/home/pei/Project/duckdb-polr/third_party/fast_float -I/home/pei/Project/duckdb-polr/third_party/re2 -I/home/pei/Project/duckdb-polr/third_party/miniz -I/home/pei/Project/duckdb-polr/third_party/utf8proc/include -I/home/pei/Project/duckdb-polr/third_party/miniparquet -I/home/pei/Project/duckdb-polr/third_party/concurrentqueue -I/home/pei/Project/duckdb-polr/third_party/pcg -I/home/pei/Project/duckdb-polr/third_party/tdigest -I/home/pei/Project/duckdb-polr/third_party/mbedtls/include -I/home/pei/Project/duckdb-polr/third_party/jaro_winkler -I/home/pei/Project/duckdb-polr/extension/jemalloc/include -I/home/pei/Project/duckdb-polr/extension/jemalloc/jemalloc/include -O3 -DNDEBUG -O3 -DNDEBUG   -fPIC -fdiagnostics-color=always -w -std=c++11 -MD -MT extension/jemalloc/jemalloc/CMakeFiles/jemalloc.dir/src/pa_extra.cpp.o -MF extension/jemalloc/jemalloc/CMakeFiles/jemalloc.dir/src/pa_extra.cpp.o.d -o extension/jemalloc/jemalloc/CMakeFiles/jemalloc.dir/src/pa_extra.cpp.o -c /home/pei/Project/duckdb-polr/extension/jemalloc/jemalloc/src/pa_extra.cpp
[241/376] /usr/bin/ccache /usr/lib/ccache/c++ -DDUCKDB_BUILD_LIBRARY -DENABLE_CROSS_PRODUCT_REWRITE=1 -DENABLE_DEBUG_PRINT=0 -DENABLE_MEASURE_EXE_TIME=0 -DENABLE_MERGE_BACK_PLAN=0 -DENABLE_PARALLEL_EXECUTION=0 -DENABLE_QUERY_SPLIT=1 -DENABLE_SPECIFY_EST_STAT=0 -DJEMALLOC_NO_PRIVATE_NAMESPACE -DJEMALLOC_NO_RENAME -I/home/pei/Project/duckdb-polr/src/include -I/home/pei/Project/duckdb-polr/third_party/fsst -I/home/pei/Project/duckdb-polr/third_party/fmt/include -I/home/pei/Project/duckdb-polr/third_party/hyperloglog -I/home/pei/Project/duckdb-polr/third_party/fastpforlib -I/home/pei/Project/duckdb-polr/third_party/fast_float -I/home/pei/Project/duckdb-polr/third_party/re2 -I/home/pei/Project/duckdb-polr/third_party/miniz -I/home/pei/Project/duckdb-polr/third_party/utf8proc/include -I/home/pei/Project/duckdb-polr/third_party/miniparquet -I/home/pei/Project/duckdb-polr/third_party/concurrentqueue -I/home/pei/Project/duckdb-polr/third_party/pcg -I/home/pei/Project/duckdb-polr/third_party/tdigest -I/home/pei/Project/duckdb-polr/third_party/mbedtls/include -I/home/pei/Project/duckdb-polr/third_party/jaro_winkler -I/home/pei/Project/duckdb-polr/extension/jemalloc/include -I/home/pei/Project/duckdb-polr/extension/jemalloc/jemalloc/include -O3 -DNDEBUG -O3 -DNDEBUG   -fPIC -fdiagnostics-color=always -w -std=c++11 -MD -MT extension/jemalloc/jemalloc/CMakeFiles/jemalloc.dir/src/pac.cpp.o -MF extension/jemalloc/jemalloc/CMakeFiles/jemalloc.dir/src/pac.cpp.o.d -o extension/jemalloc/jemalloc/CMakeFiles/jemalloc.dir/src/pac.cpp.o -c /home/pei/Project/duckdb-polr/extension/jemalloc/jemalloc/src/pac.cpp
[242/376] /usr/bin/ccache /usr/lib/ccache/c++ -DDUCKDB_BUILD_LIBRARY -DENABLE_CROSS_PRODUCT_REWRITE=1 -DENABLE_DEBUG_PRINT=0 -DENABLE_MEASURE_EXE_TIME=0 -DENABLE_MERGE_BACK_PLAN=0 -DENABLE_PARALLEL_EXECUTION=0 -DENABLE_QUERY_SPLIT=1 -DENABLE_SPECIFY_EST_STAT=0 -DJEMALLOC_NO_PRIVATE_NAMESPACE -DJEMALLOC_NO_RENAME -I/home/pei/Project/duckdb-polr/src/include -I/home/pei/Project/duckdb-polr/third_party/fsst -I/home/pei/Project/duckdb-polr/third_party/fmt/include -I/home/pei/Project/duckdb-polr/third_party/hyperloglog -I/home/pei/Project/duckdb-polr/third_party/fastpforlib -I/home/pei/Project/duckdb-polr/third_party/fast_float -I/home/pei/Project/duckdb-polr/third_party/re2 -I/home/pei/Project/duckdb-polr/third_party/miniz -I/home/pei/Project/duckdb-polr/third_party/utf8proc/include -I/home/pei/Project/duckdb-polr/third_party/miniparquet -I/home/pei/Project/duckdb-polr/third_party/concurrentqueue -I/home/pei/Project/duckdb-polr/third_party/pcg -I/home/pei/Project/duckdb-polr/third_party/tdigest -I/home/pei/Project/duckdb-polr/third_party/mbedtls/include -I/home/pei/Project/duckdb-polr/third_party/jaro_winkler -I/home/pei/Project/duckdb-polr/extension/jemalloc/include -I/home/pei/Project/duckdb-polr/extension/jemalloc/jemalloc/include -O3 -DNDEBUG -O3 -DNDEBUG   -fPIC -fdiagnostics-color=always -w -std=c++11 -MD -MT extension/jemalloc/jemalloc/CMakeFiles/jemalloc.dir/src/pai.cpp.o -MF extension/jemalloc/jemalloc/CMakeFiles/jemalloc.dir/src/pai.cpp.o.d -o extension/jemalloc/jemalloc/CMakeFiles/jemalloc.dir/src/pai.cpp.o -c /home/pei/Project/duckdb-polr/extension/jemalloc/jemalloc/src/pai.cpp
[243/376] /usr/bin/ccache /usr/lib/ccache/c++ -DDUCKDB_BUILD_LIBRARY -DENABLE_CROSS_PRODUCT_REWRITE=1 -DENABLE_DEBUG_PRINT=0 -DENABLE_MEASURE_EXE_TIME=0 -DENABLE_MERGE_BACK_PLAN=0 -DENABLE_PARALLEL_EXECUTION=0 -DENABLE_QUERY_SPLIT=1 -DENABLE_SPECIFY_EST_STAT=0 -DJEMALLOC_NO_PRIVATE_NAMESPACE -DJEMALLOC_NO_RENAME -I/home/pei/Project/duckdb-polr/src/include -I/home/pei/Project/duckdb-polr/third_party/fsst -I/home/pei/Project/duckdb-polr/third_party/fmt/include -I/home/pei/Project/duckdb-polr/third_party/hyperloglog -I/home/pei/Project/duckdb-polr/third_party/fastpforlib -I/home/pei/Project/duckdb-polr/third_party/fast_float -I/home/pei/Project/duckdb-polr/third_party/re2 -I/home/pei/Project/duckdb-polr/third_party/miniz -I/home/pei/Project/duckdb-polr/third_party/utf8proc/include -I/home/pei/Project/duckdb-polr/third_party/miniparquet -I/home/pei/Project/duckdb-polr/third_party/concurrentqueue -I/home/pei/Project/duckdb-polr/third_party/pcg -I/home/pei/Project/duckdb-polr/third_party/tdigest -I/home/pei/Project/duckdb-polr/third_party/mbedtls/include -I/home/pei/Project/duckdb-polr/third_party/jaro_winkler -I/home/pei/Project/duckdb-polr/extension/jemalloc/include -I/home/pei/Project/duckdb-polr/extension/jemalloc/jemalloc/include -O3 -DNDEBUG -O3 -DNDEBUG   -fPIC -fdiagnostics-color=always -w -std=c++11 -MD -MT extension/jemalloc/jemalloc/CMakeFiles/jemalloc.dir/src/peak_event.cpp.o -MF extension/jemalloc/jemalloc/CMakeFiles/jemalloc.dir/src/peak_event.cpp.o.d -o extension/jemalloc/jemalloc/CMakeFiles/jemalloc.dir/src/peak_event.cpp.o -c /home/pei/Project/duckdb-polr/extension/jemalloc/jemalloc/src/peak_event.cpp
[244/376] /usr/bin/ccache /usr/lib/ccache/c++ -DDUCKDB_BUILD_LIBRARY -DENABLE_CROSS_PRODUCT_REWRITE=1 -DENABLE_DEBUG_PRINT=0 -DENABLE_MEASURE_EXE_TIME=0 -DENABLE_MERGE_BACK_PLAN=0 -DENABLE_PARALLEL_EXECUTION=0 -DENABLE_QUERY_SPLIT=1 -DENABLE_SPECIFY_EST_STAT=0 -DJEMALLOC_NO_PRIVATE_NAMESPACE -DJEMALLOC_NO_RENAME -I/home/pei/Project/duckdb-polr/src/include -I/home/pei/Project/duckdb-polr/third_party/fsst -I/home/pei/Project/duckdb-polr/third_party/fmt/include -I/home/pei/Project/duckdb-polr/third_party/hyperloglog -I/home/pei/Project/duckdb-polr/third_party/fastpforlib -I/home/pei/Project/duckdb-polr/third_party/fast_float -I/home/pei/Project/duckdb-polr/third_party/re2 -I/home/pei/Project/duckdb-polr/third_party/miniz -I/home/pei/Project/duckdb-polr/third_party/utf8proc/include -I/home/pei/Project/duckdb-polr/third_party/miniparquet -I/home/pei/Project/duckdb-polr/third_party/concurrentqueue -I/home/pei/Project/duckdb-polr/third_party/pcg -I/home/pei/Project/duckdb-polr/third_party/tdigest -I/home/pei/Project/duckdb-polr/third_party/mbedtls/include -I/home/pei/Project/duckdb-polr/third_party/jaro_winkler -I/home/pei/Project/duckdb-polr/extension/jemalloc/include -I/home/pei/Project/duckdb-polr/extension/jemalloc/jemalloc/include -O3 -DNDEBUG -O3 -DNDEBUG   -fPIC -fdiagnostics-color=always -w -std=c++11 -MD -MT extension/jemalloc/jemalloc/CMakeFiles/jemalloc.dir/src/prof.cpp.o -MF extension/jemalloc/jemalloc/CMakeFiles/jemalloc.dir/src/prof.cpp.o.d -o extension/jemalloc/jemalloc/CMakeFiles/jemalloc.dir/src/prof.cpp.o -c /home/pei/Project/duckdb-polr/extension/jemalloc/jemalloc/src/prof.cpp
[245/376] /usr/bin/ccache /usr/lib/ccache/c++ -DDUCKDB_BUILD_LIBRARY -DENABLE_CROSS_PRODUCT_REWRITE=1 -DENABLE_DEBUG_PRINT=0 -DENABLE_MEASURE_EXE_TIME=0 -DENABLE_MERGE_BACK_PLAN=0 -DENABLE_PARALLEL_EXECUTION=0 -DENABLE_QUERY_SPLIT=1 -DENABLE_SPECIFY_EST_STAT=0 -DJEMALLOC_NO_PRIVATE_NAMESPACE -DJEMALLOC_NO_RENAME -I/home/pei/Project/duckdb-polr/src/include -I/home/pei/Project/duckdb-polr/third_party/fsst -I/home/pei/Project/duckdb-polr/third_party/fmt/include -I/home/pei/Project/duckdb-polr/third_party/hyperloglog -I/home/pei/Project/duckdb-polr/third_party/fastpforlib -I/home/pei/Project/duckdb-polr/third_party/fast_float -I/home/pei/Project/duckdb-polr/third_party/re2 -I/home/pei/Project/duckdb-polr/third_party/miniz -I/home/pei/Project/duckdb-polr/third_party/utf8proc/include -I/home/pei/Project/duckdb-polr/third_party/miniparquet -I/home/pei/Project/duckdb-polr/third_party/concurrentqueue -I/home/pei/Project/duckdb-polr/third_party/pcg -I/home/pei/Project/duckdb-polr/third_party/tdigest -I/home/pei/Project/duckdb-polr/third_party/mbedtls/include -I/home/pei/Project/duckdb-polr/third_party/jaro_winkler -I/home/pei/Project/duckdb-polr/extension/jemalloc/include -I/home/pei/Project/duckdb-polr/extension/jemalloc/jemalloc/include -O3 -DNDEBUG -O3 -DNDEBUG   -fPIC -fdiagnostics-color=always -w -std=c++11 -MD -MT extension/jemalloc/jemalloc/CMakeFiles/jemalloc.dir/src/prof_data.cpp.o -MF extension/jemalloc/jemalloc/CMakeFiles/jemalloc.dir/src/prof_data.cpp.o.d -o extension/jemalloc/jemalloc/CMakeFiles/jemalloc.dir/src/prof_data.cpp.o -c /home/pei/Project/duckdb-polr/extension/jemalloc/jemalloc/src/prof_data.cpp
[246/376] /usr/bin/ccache /usr/lib/ccache/c++ -DDUCKDB_BUILD_LIBRARY -DENABLE_CROSS_PRODUCT_REWRITE=1 -DENABLE_DEBUG_PRINT=0 -DENABLE_MEASURE_EXE_TIME=0 -DENABLE_MERGE_BACK_PLAN=0 -DENABLE_PARALLEL_EXECUTION=0 -DENABLE_QUERY_SPLIT=1 -DENABLE_SPECIFY_EST_STAT=0 -DJEMALLOC_NO_PRIVATE_NAMESPACE -DJEMALLOC_NO_RENAME -I/home/pei/Project/duckdb-polr/src/include -I/home/pei/Project/duckdb-polr/third_party/fsst -I/home/pei/Project/duckdb-polr/third_party/fmt/include -I/home/pei/Project/duckdb-polr/third_party/hyperloglog -I/home/pei/Project/duckdb-polr/third_party/fastpforlib -I/home/pei/Project/duckdb-polr/third_party/fast_float -I/home/pei/Project/duckdb-polr/third_party/re2 -I/home/pei/Project/duckdb-polr/third_party/miniz -I/home/pei/Project/duckdb-polr/third_party/utf8proc/include -I/home/pei/Project/duckdb-polr/third_party/miniparquet -I/home/pei/Project/duckdb-polr/third_party/concurrentqueue -I/home/pei/Project/duckdb-polr/third_party/pcg -I/home/pei/Project/duckdb-polr/third_party/tdigest -I/home/pei/Project/duckdb-polr/third_party/mbedtls/include -I/home/pei/Project/duckdb-polr/third_party/jaro_winkler -I/home/pei/Project/duckdb-polr/extension/jemalloc/include -I/home/pei/Project/duckdb-polr/extension/jemalloc/jemalloc/include -O3 -DNDEBUG -O3 -DNDEBUG   -fPIC -fdiagnostics-color=always -w -std=c++11 -MD -MT extension/jemalloc/jemalloc/CMakeFiles/jemalloc.dir/src/prof_log.cpp.o -MF extension/jemalloc/jemalloc/CMakeFiles/jemalloc.dir/src/prof_log.cpp.o.d -o extension/jemalloc/jemalloc/CMakeFiles/jemalloc.dir/src/prof_log.cpp.o -c /home/pei/Project/duckdb-polr/extension/jemalloc/jemalloc/src/prof_log.cpp
[247/376] /usr/bin/ccache /usr/lib/ccache/c++ -DDUCKDB_BUILD_LIBRARY -DENABLE_CROSS_PRODUCT_REWRITE=1 -DENABLE_DEBUG_PRINT=0 -DENABLE_MEASURE_EXE_TIME=0 -DENABLE_MERGE_BACK_PLAN=0 -DENABLE_PARALLEL_EXECUTION=0 -DENABLE_QUERY_SPLIT=1 -DENABLE_SPECIFY_EST_STAT=0 -DJEMALLOC_NO_PRIVATE_NAMESPACE -DJEMALLOC_NO_RENAME -I/home/pei/Project/duckdb-polr/src/include -I/home/pei/Project/duckdb-polr/third_party/fsst -I/home/pei/Project/duckdb-polr/third_party/fmt/include -I/home/pei/Project/duckdb-polr/third_party/hyperloglog -I/home/pei/Project/duckdb-polr/third_party/fastpforlib -I/home/pei/Project/duckdb-polr/third_party/fast_float -I/home/pei/Project/duckdb-polr/third_party/re2 -I/home/pei/Project/duckdb-polr/third_party/miniz -I/home/pei/Project/duckdb-polr/third_party/utf8proc/include -I/home/pei/Project/duckdb-polr/third_party/miniparquet -I/home/pei/Project/duckdb-polr/third_party/concurrentqueue -I/home/pei/Project/duckdb-polr/third_party/pcg -I/home/pei/Project/duckdb-polr/third_party/tdigest -I/home/pei/Project/duckdb-polr/third_party/mbedtls/include -I/home/pei/Project/duckdb-polr/third_party/jaro_winkler -I/home/pei/Project/duckdb-polr/extension/jemalloc/include -I/home/pei/Project/duckdb-polr/extension/jemalloc/jemalloc/include -O3 -DNDEBUG -O3 -DNDEBUG   -fPIC -fdiagnostics-color=always -w -std=c++11 -MD -MT extension/jemalloc/jemalloc/CMakeFiles/jemalloc.dir/src/prof_recent.cpp.o -MF extension/jemalloc/jemalloc/CMakeFiles/jemalloc.dir/src/prof_recent.cpp.o.d -o extension/jemalloc/jemalloc/CMakeFiles/jemalloc.dir/src/prof_recent.cpp.o -c /home/pei/Project/duckdb-polr/extension/jemalloc/jemalloc/src/prof_recent.cpp
[248/376] /usr/bin/ccache /usr/lib/ccache/c++ -DDUCKDB_BUILD_LIBRARY -DENABLE_CROSS_PRODUCT_REWRITE=1 -DENABLE_DEBUG_PRINT=0 -DENABLE_MEASURE_EXE_TIME=0 -DENABLE_MERGE_BACK_PLAN=0 -DENABLE_PARALLEL_EXECUTION=0 -DENABLE_QUERY_SPLIT=1 -DENABLE_SPECIFY_EST_STAT=0 -DJEMALLOC_NO_PRIVATE_NAMESPACE -DJEMALLOC_NO_RENAME -I/home/pei/Project/duckdb-polr/src/include -I/home/pei/Project/duckdb-polr/third_party/fsst -I/home/pei/Project/duckdb-polr/third_party/fmt/include -I/home/pei/Project/duckdb-polr/third_party/hyperloglog -I/home/pei/Project/duckdb-polr/third_party/fastpforlib -I/home/pei/Project/duckdb-polr/third_party/fast_float -I/home/pei/Project/duckdb-polr/third_party/re2 -I/home/pei/Project/duckdb-polr/third_party/miniz -I/home/pei/Project/duckdb-polr/third_party/utf8proc/include -I/home/pei/Project/duckdb-polr/third_party/miniparquet -I/home/pei/Project/duckdb-polr/third_party/concurrentqueue -I/home/pei/Project/duckdb-polr/third_party/pcg -I/home/pei/Project/duckdb-polr/third_party/tdigest -I/home/pei/Project/duckdb-polr/third_party/mbedtls/include -I/home/pei/Project/duckdb-polr/third_party/jaro_winkler -I/home/pei/Project/duckdb-polr/extension/jemalloc/include -I/home/pei/Project/duckdb-polr/extension/jemalloc/jemalloc/include -O3 -DNDEBUG -O3 -DNDEBUG   -fPIC -fdiagnostics-color=always -w -std=c++11 -MD -MT extension/jemalloc/jemalloc/CMakeFiles/jemalloc.dir/src/psset.cpp.o -MF extension/jemalloc/jemalloc/CMakeFiles/jemalloc.dir/src/psset.cpp.o.d -o extension/jemalloc/jemalloc/CMakeFiles/jemalloc.dir/src/psset.cpp.o -c /home/pei/Project/duckdb-polr/extension/jemalloc/jemalloc/src/psset.cpp
[249/376] /usr/bin/ccache /usr/lib/ccache/c++ -DDUCKDB_BUILD_LIBRARY -DENABLE_CROSS_PRODUCT_REWRITE=1 -DENABLE_DEBUG_PRINT=0 -DENABLE_MEASURE_EXE_TIME=0 -DENABLE_MERGE_BACK_PLAN=0 -DENABLE_PARALLEL_EXECUTION=0 -DENABLE_QUERY_SPLIT=1 -DENABLE_SPECIFY_EST_STAT=0 -DJEMALLOC_NO_PRIVATE_NAMESPACE -DJEMALLOC_NO_RENAME -I/home/pei/Project/duckdb-polr/src/include -I/home/pei/Project/duckdb-polr/third_party/fsst -I/home/pei/Project/duckdb-polr/third_party/fmt/include -I/home/pei/Project/duckdb-polr/third_party/hyperloglog -I/home/pei/Project/duckdb-polr/third_party/fastpforlib -I/home/pei/Project/duckdb-polr/third_party/fast_float -I/home/pei/Project/duckdb-polr/third_party/re2 -I/home/pei/Project/duckdb-polr/third_party/miniz -I/home/pei/Project/duckdb-polr/third_party/utf8proc/include -I/home/pei/Project/duckdb-polr/third_party/miniparquet -I/home/pei/Project/duckdb-polr/third_party/concurrentqueue -I/home/pei/Project/duckdb-polr/third_party/pcg -I/home/pei/Project/duckdb-polr/third_party/tdigest -I/home/pei/Project/duckdb-polr/third_party/mbedtls/include -I/home/pei/Project/duckdb-polr/third_party/jaro_winkler -I/home/pei/Project/duckdb-polr/extension/jemalloc/include -I/home/pei/Project/duckdb-polr/extension/jemalloc/jemalloc/include -O3 -DNDEBUG -O3 -DNDEBUG   -fPIC -fdiagnostics-color=always -w -std=c++11 -MD -MT extension/jemalloc/jemalloc/CMakeFiles/jemalloc.dir/src/prof_stats.cpp.o -MF extension/jemalloc/jemalloc/CMakeFiles/jemalloc.dir/src/prof_stats.cpp.o.d -o extension/jemalloc/jemalloc/CMakeFiles/jemalloc.dir/src/prof_stats.cpp.o -c /home/pei/Project/duckdb-polr/extension/jemalloc/jemalloc/src/prof_stats.cpp
[250/376] /usr/bin/ccache /usr/lib/ccache/c++ -DDUCKDB_BUILD_LIBRARY -DENABLE_CROSS_PRODUCT_REWRITE=1 -DENABLE_DEBUG_PRINT=0 -DENABLE_MEASURE_EXE_TIME=0 -DENABLE_MERGE_BACK_PLAN=0 -DENABLE_PARALLEL_EXECUTION=0 -DENABLE_QUERY_SPLIT=1 -DENABLE_SPECIFY_EST_STAT=0 -DJEMALLOC_NO_PRIVATE_NAMESPACE -DJEMALLOC_NO_RENAME -I/home/pei/Project/duckdb-polr/src/include -I/home/pei/Project/duckdb-polr/third_party/fsst -I/home/pei/Project/duckdb-polr/third_party/fmt/include -I/home/pei/Project/duckdb-polr/third_party/hyperloglog -I/home/pei/Project/duckdb-polr/third_party/fastpforlib -I/home/pei/Project/duckdb-polr/third_party/fast_float -I/home/pei/Project/duckdb-polr/third_party/re2 -I/home/pei/Project/duckdb-polr/third_party/miniz -I/home/pei/Project/duckdb-polr/third_party/utf8proc/include -I/home/pei/Project/duckdb-polr/third_party/miniparquet -I/home/pei/Project/duckdb-polr/third_party/concurrentqueue -I/home/pei/Project/duckdb-polr/third_party/pcg -I/home/pei/Project/duckdb-polr/third_party/tdigest -I/home/pei/Project/duckdb-polr/third_party/mbedtls/include -I/home/pei/Project/duckdb-polr/third_party/jaro_winkler -I/home/pei/Project/duckdb-polr/extension/jemalloc/include -I/home/pei/Project/duckdb-polr/extension/jemalloc/jemalloc/include -O3 -DNDEBUG -O3 -DNDEBUG   -fPIC -fdiagnostics-color=always -w -std=c++11 -MD -MT extension/jemalloc/jemalloc/CMakeFiles/jemalloc.dir/src/prof_sys.cpp.o -MF extension/jemalloc/jemalloc/CMakeFiles/jemalloc.dir/src/prof_sys.cpp.o.d -o extension/jemalloc/jemalloc/CMakeFiles/jemalloc.dir/src/prof_sys.cpp.o -c /home/pei/Project/duckdb-polr/extension/jemalloc/jemalloc/src/prof_sys.cpp
[251/376] /usr/bin/ccache /usr/lib/ccache/c++ -DDUCKDB_BUILD_LIBRARY -DENABLE_CROSS_PRODUCT_REWRITE=1 -DENABLE_DEBUG_PRINT=0 -DENABLE_MEASURE_EXE_TIME=0 -DENABLE_MERGE_BACK_PLAN=0 -DENABLE_PARALLEL_EXECUTION=0 -DENABLE_QUERY_SPLIT=1 -DENABLE_SPECIFY_EST_STAT=0 -DJEMALLOC_NO_PRIVATE_NAMESPACE -DJEMALLOC_NO_RENAME -I/home/pei/Project/duckdb-polr/src/include -I/home/pei/Project/duckdb-polr/third_party/fsst -I/home/pei/Project/duckdb-polr/third_party/fmt/include -I/home/pei/Project/duckdb-polr/third_party/hyperloglog -I/home/pei/Project/duckdb-polr/third_party/fastpforlib -I/home/pei/Project/duckdb-polr/third_party/fast_float -I/home/pei/Project/duckdb-polr/third_party/re2 -I/home/pei/Project/duckdb-polr/third_party/miniz -I/home/pei/Project/duckdb-polr/third_party/utf8proc/include -I/home/pei/Project/duckdb-polr/third_party/miniparquet -I/home/pei/Project/duckdb-polr/third_party/concurrentqueue -I/home/pei/Project/duckdb-polr/third_party/pcg -I/home/pei/Project/duckdb-polr/third_party/tdigest -I/home/pei/Project/duckdb-polr/third_party/mbedtls/include -I/home/pei/Project/duckdb-polr/third_party/jaro_winkler -I/home/pei/Project/duckdb-polr/extension/jemalloc/include -I/home/pei/Project/duckdb-polr/extension/jemalloc/jemalloc/include -O3 -DNDEBUG -O3 -DNDEBUG   -fPIC -fdiagnostics-color=always -w -std=c++11 -MD -MT extension/jemalloc/jemalloc/CMakeFiles/jemalloc.dir/src/safety_check.cpp.o -MF extension/jemalloc/jemalloc/CMakeFiles/jemalloc.dir/src/safety_check.cpp.o.d -o extension/jemalloc/jemalloc/CMakeFiles/jemalloc.dir/src/safety_check.cpp.o -c /home/pei/Project/duckdb-polr/extension/jemalloc/jemalloc/src/safety_check.cpp
[252/376] /usr/bin/ccache /usr/lib/ccache/c++ -DDUCKDB_BUILD_LIBRARY -DENABLE_CROSS_PRODUCT_REWRITE=1 -DENABLE_DEBUG_PRINT=0 -DENABLE_MEASURE_EXE_TIME=0 -DENABLE_MERGE_BACK_PLAN=0 -DENABLE_PARALLEL_EXECUTION=0 -DENABLE_QUERY_SPLIT=1 -DENABLE_SPECIFY_EST_STAT=0 -DJEMALLOC_NO_PRIVATE_NAMESPACE -DJEMALLOC_NO_RENAME -I/home/pei/Project/duckdb-polr/src/include -I/home/pei/Project/duckdb-polr/third_party/fsst -I/home/pei/Project/duckdb-polr/third_party/fmt/include -I/home/pei/Project/duckdb-polr/third_party/hyperloglog -I/home/pei/Project/duckdb-polr/third_party/fastpforlib -I/home/pei/Project/duckdb-polr/third_party/fast_float -I/home/pei/Project/duckdb-polr/third_party/re2 -I/home/pei/Project/duckdb-polr/third_party/miniz -I/home/pei/Project/duckdb-polr/third_party/utf8proc/include -I/home/pei/Project/duckdb-polr/third_party/miniparquet -I/home/pei/Project/duckdb-polr/third_party/concurrentqueue -I/home/pei/Project/duckdb-polr/third_party/pcg -I/home/pei/Project/duckdb-polr/third_party/tdigest -I/home/pei/Project/duckdb-polr/third_party/mbedtls/include -I/home/pei/Project/duckdb-polr/third_party/jaro_winkler -I/home/pei/Project/duckdb-polr/extension/jemalloc/include -I/home/pei/Project/duckdb-polr/extension/jemalloc/jemalloc/include -O3 -DNDEBUG -O3 -DNDEBUG   -fPIC -fdiagnostics-color=always -w -std=c++11 -MD -MT extension/jemalloc/jemalloc/CMakeFiles/jemalloc.dir/src/sc.cpp.o -MF extension/jemalloc/jemalloc/CMakeFiles/jemalloc.dir/src/sc.cpp.o.d -o extension/jemalloc/jemalloc/CMakeFiles/jemalloc.dir/src/sc.cpp.o -c /home/pei/Project/duckdb-polr/extension/jemalloc/jemalloc/src/sc.cpp
[253/376] /usr/bin/ccache /usr/lib/ccache/c++ -DDUCKDB_BUILD_LIBRARY -DENABLE_CROSS_PRODUCT_REWRITE=1 -DENABLE_DEBUG_PRINT=0 -DENABLE_MEASURE_EXE_TIME=0 -DENABLE_MERGE_BACK_PLAN=0 -DENABLE_PARALLEL_EXECUTION=0 -DENABLE_QUERY_SPLIT=1 -DENABLE_SPECIFY_EST_STAT=0 -DJEMALLOC_NO_PRIVATE_NAMESPACE -DJEMALLOC_NO_RENAME -I/home/pei/Project/duckdb-polr/src/include -I/home/pei/Project/duckdb-polr/third_party/fsst -I/home/pei/Project/duckdb-polr/third_party/fmt/include -I/home/pei/Project/duckdb-polr/third_party/hyperloglog -I/home/pei/Project/duckdb-polr/third_party/fastpforlib -I/home/pei/Project/duckdb-polr/third_party/fast_float -I/home/pei/Project/duckdb-polr/third_party/re2 -I/home/pei/Project/duckdb-polr/third_party/miniz -I/home/pei/Project/duckdb-polr/third_party/utf8proc/include -I/home/pei/Project/duckdb-polr/third_party/miniparquet -I/home/pei/Project/duckdb-polr/third_party/concurrentqueue -I/home/pei/Project/duckdb-polr/third_party/pcg -I/home/pei/Project/duckdb-polr/third_party/tdigest -I/home/pei/Project/duckdb-polr/third_party/mbedtls/include -I/home/pei/Project/duckdb-polr/third_party/jaro_winkler -I/home/pei/Project/duckdb-polr/extension/jemalloc/include -I/home/pei/Project/duckdb-polr/extension/jemalloc/jemalloc/include -O3 -DNDEBUG -O3 -DNDEBUG   -fPIC -fdiagnostics-color=always -w -std=c++11 -MD -MT extension/jemalloc/jemalloc/CMakeFiles/jemalloc.dir/src/rtree.cpp.o -MF extension/jemalloc/jemalloc/CMakeFiles/jemalloc.dir/src/rtree.cpp.o.d -o extension/jemalloc/jemalloc/CMakeFiles/jemalloc.dir/src/rtree.cpp.o -c /home/pei/Project/duckdb-polr/extension/jemalloc/jemalloc/src/rtree.cpp
[254/376] /usr/bin/ccache /usr/lib/ccache/c++ -DDUCKDB_BUILD_LIBRARY -DENABLE_CROSS_PRODUCT_REWRITE=1 -DENABLE_DEBUG_PRINT=0 -DENABLE_MEASURE_EXE_TIME=0 -DENABLE_MERGE_BACK_PLAN=0 -DENABLE_PARALLEL_EXECUTION=0 -DENABLE_QUERY_SPLIT=1 -DENABLE_SPECIFY_EST_STAT=0 -DJEMALLOC_NO_PRIVATE_NAMESPACE -DJEMALLOC_NO_RENAME -I/home/pei/Project/duckdb-polr/src/include -I/home/pei/Project/duckdb-polr/third_party/fsst -I/home/pei/Project/duckdb-polr/third_party/fmt/include -I/home/pei/Project/duckdb-polr/third_party/hyperloglog -I/home/pei/Project/duckdb-polr/third_party/fastpforlib -I/home/pei/Project/duckdb-polr/third_party/fast_float -I/home/pei/Project/duckdb-polr/third_party/re2 -I/home/pei/Project/duckdb-polr/third_party/miniz -I/home/pei/Project/duckdb-polr/third_party/utf8proc/include -I/home/pei/Project/duckdb-polr/third_party/miniparquet -I/home/pei/Project/duckdb-polr/third_party/concurrentqueue -I/home/pei/Project/duckdb-polr/third_party/pcg -I/home/pei/Project/duckdb-polr/third_party/tdigest -I/home/pei/Project/duckdb-polr/third_party/mbedtls/include -I/home/pei/Project/duckdb-polr/third_party/jaro_winkler -I/home/pei/Project/duckdb-polr/extension/jemalloc/include -I/home/pei/Project/duckdb-polr/extension/jemalloc/jemalloc/include -O3 -DNDEBUG -O3 -DNDEBUG   -fPIC -fdiagnostics-color=always -w -std=c++11 -MD -MT extension/jemalloc/jemalloc/CMakeFiles/jemalloc.dir/src/san.cpp.o -MF extension/jemalloc/jemalloc/CMakeFiles/jemalloc.dir/src/san.cpp.o.d -o extension/jemalloc/jemalloc/CMakeFiles/jemalloc.dir/src/san.cpp.o -c /home/pei/Project/duckdb-polr/extension/jemalloc/jemalloc/src/san.cpp
[255/376] /usr/bin/ccache /usr/lib/ccache/c++ -DDUCKDB_BUILD_LIBRARY -DENABLE_CROSS_PRODUCT_REWRITE=1 -DENABLE_DEBUG_PRINT=0 -DENABLE_MEASURE_EXE_TIME=0 -DENABLE_MERGE_BACK_PLAN=0 -DENABLE_PARALLEL_EXECUTION=0 -DENABLE_QUERY_SPLIT=1 -DENABLE_SPECIFY_EST_STAT=0 -DJEMALLOC_NO_PRIVATE_NAMESPACE -DJEMALLOC_NO_RENAME -I/home/pei/Project/duckdb-polr/src/include -I/home/pei/Project/duckdb-polr/third_party/fsst -I/home/pei/Project/duckdb-polr/third_party/fmt/include -I/home/pei/Project/duckdb-polr/third_party/hyperloglog -I/home/pei/Project/duckdb-polr/third_party/fastpforlib -I/home/pei/Project/duckdb-polr/third_party/fast_float -I/home/pei/Project/duckdb-polr/third_party/re2 -I/home/pei/Project/duckdb-polr/third_party/miniz -I/home/pei/Project/duckdb-polr/third_party/utf8proc/include -I/home/pei/Project/duckdb-polr/third_party/miniparquet -I/home/pei/Project/duckdb-polr/third_party/concurrentqueue -I/home/pei/Project/duckdb-polr/third_party/pcg -I/home/pei/Project/duckdb-polr/third_party/tdigest -I/home/pei/Project/duckdb-polr/third_party/mbedtls/include -I/home/pei/Project/duckdb-polr/third_party/jaro_winkler -I/home/pei/Project/duckdb-polr/extension/jemalloc/include -I/home/pei/Project/duckdb-polr/extension/jemalloc/jemalloc/include -O3 -DNDEBUG -O3 -DNDEBUG   -fPIC -fdiagnostics-color=always -w -std=c++11 -MD -MT extension/jemalloc/jemalloc/CMakeFiles/jemalloc.dir/src/test_hooks.cpp.o -MF extension/jemalloc/jemalloc/CMakeFiles/jemalloc.dir/src/test_hooks.cpp.o.d -o extension/jemalloc/jemalloc/CMakeFiles/jemalloc.dir/src/test_hooks.cpp.o -c /home/pei/Project/duckdb-polr/extension/jemalloc/jemalloc/src/test_hooks.cpp
[256/376] /usr/bin/ccache /usr/lib/ccache/c++ -DDUCKDB_BUILD_LIBRARY -DENABLE_CROSS_PRODUCT_REWRITE=1 -DENABLE_DEBUG_PRINT=0 -DENABLE_MEASURE_EXE_TIME=0 -DENABLE_MERGE_BACK_PLAN=0 -DENABLE_PARALLEL_EXECUTION=0 -DENABLE_QUERY_SPLIT=1 -DENABLE_SPECIFY_EST_STAT=0 -DJEMALLOC_NO_PRIVATE_NAMESPACE -DJEMALLOC_NO_RENAME -I/home/pei/Project/duckdb-polr/src/include -I/home/pei/Project/duckdb-polr/third_party/fsst -I/home/pei/Project/duckdb-polr/third_party/fmt/include -I/home/pei/Project/duckdb-polr/third_party/hyperloglog -I/home/pei/Project/duckdb-polr/third_party/fastpforlib -I/home/pei/Project/duckdb-polr/third_party/fast_float -I/home/pei/Project/duckdb-polr/third_party/re2 -I/home/pei/Project/duckdb-polr/third_party/miniz -I/home/pei/Project/duckdb-polr/third_party/utf8proc/include -I/home/pei/Project/duckdb-polr/third_party/miniparquet -I/home/pei/Project/duckdb-polr/third_party/concurrentqueue -I/home/pei/Project/duckdb-polr/third_party/pcg -I/home/pei/Project/duckdb-polr/third_party/tdigest -I/home/pei/Project/duckdb-polr/third_party/mbedtls/include -I/home/pei/Project/duckdb-polr/third_party/jaro_winkler -I/home/pei/Project/duckdb-polr/extension/jemalloc/include -I/home/pei/Project/duckdb-polr/extension/jemalloc/jemalloc/include -O3 -DNDEBUG -O3 -DNDEBUG   -fPIC -fdiagnostics-color=always -w -std=c++11 -MD -MT extension/jemalloc/jemalloc/CMakeFiles/jemalloc.dir/src/san_bump.cpp.o -MF extension/jemalloc/jemalloc/CMakeFiles/jemalloc.dir/src/san_bump.cpp.o.d -o extension/jemalloc/jemalloc/CMakeFiles/jemalloc.dir/src/san_bump.cpp.o -c /home/pei/Project/duckdb-polr/extension/jemalloc/jemalloc/src/san_bump.cpp
[257/376] /usr/bin/ccache /usr/lib/ccache/c++ -DDUCKDB_BUILD_LIBRARY -DENABLE_CROSS_PRODUCT_REWRITE=1 -DENABLE_DEBUG_PRINT=0 -DENABLE_MEASURE_EXE_TIME=0 -DENABLE_MERGE_BACK_PLAN=0 -DENABLE_PARALLEL_EXECUTION=0 -DENABLE_QUERY_SPLIT=1 -DENABLE_SPECIFY_EST_STAT=0 -DJEMALLOC_NO_PRIVATE_NAMESPACE -DJEMALLOC_NO_RENAME -I/home/pei/Project/duckdb-polr/src/include -I/home/pei/Project/duckdb-polr/third_party/fsst -I/home/pei/Project/duckdb-polr/third_party/fmt/include -I/home/pei/Project/duckdb-polr/third_party/hyperloglog -I/home/pei/Project/duckdb-polr/third_party/fastpforlib -I/home/pei/Project/duckdb-polr/third_party/fast_float -I/home/pei/Project/duckdb-polr/third_party/re2 -I/home/pei/Project/duckdb-polr/third_party/miniz -I/home/pei/Project/duckdb-polr/third_party/utf8proc/include -I/home/pei/Project/duckdb-polr/third_party/miniparquet -I/home/pei/Project/duckdb-polr/third_party/concurrentqueue -I/home/pei/Project/duckdb-polr/third_party/pcg -I/home/pei/Project/duckdb-polr/third_party/tdigest -I/home/pei/Project/duckdb-polr/third_party/mbedtls/include -I/home/pei/Project/duckdb-polr/third_party/jaro_winkler -I/home/pei/Project/duckdb-polr/extension/jemalloc/include -I/home/pei/Project/duckdb-polr/extension/jemalloc/jemalloc/include -O3 -DNDEBUG -O3 -DNDEBUG   -fPIC -fdiagnostics-color=always -w -std=c++11 -MD -MT extension/jemalloc/jemalloc/CMakeFiles/jemalloc.dir/src/sec.cpp.o -MF extension/jemalloc/jemalloc/CMakeFiles/jemalloc.dir/src/sec.cpp.o.d -o extension/jemalloc/jemalloc/CMakeFiles/jemalloc.dir/src/sec.cpp.o -c /home/pei/Project/duckdb-polr/extension/jemalloc/jemalloc/src/sec.cpp
[258/376] /usr/bin/ccache /usr/lib/ccache/c++ -DDUCKDB_BUILD_LIBRARY -DENABLE_CROSS_PRODUCT_REWRITE=1 -DENABLE_DEBUG_PRINT=0 -DENABLE_MEASURE_EXE_TIME=0 -DENABLE_MERGE_BACK_PLAN=0 -DENABLE_PARALLEL_EXECUTION=0 -DENABLE_QUERY_SPLIT=1 -DENABLE_SPECIFY_EST_STAT=0 -DJEMALLOC_NO_PRIVATE_NAMESPACE -DJEMALLOC_NO_RENAME -I/home/pei/Project/duckdb-polr/src/include -I/home/pei/Project/duckdb-polr/third_party/fsst -I/home/pei/Project/duckdb-polr/third_party/fmt/include -I/home/pei/Project/duckdb-polr/third_party/hyperloglog -I/home/pei/Project/duckdb-polr/third_party/fastpforlib -I/home/pei/Project/duckdb-polr/third_party/fast_float -I/home/pei/Project/duckdb-polr/third_party/re2 -I/home/pei/Project/duckdb-polr/third_party/miniz -I/home/pei/Project/duckdb-polr/third_party/utf8proc/include -I/home/pei/Project/duckdb-polr/third_party/miniparquet -I/home/pei/Project/duckdb-polr/third_party/concurrentqueue -I/home/pei/Project/duckdb-polr/third_party/pcg -I/home/pei/Project/duckdb-polr/third_party/tdigest -I/home/pei/Project/duckdb-polr/third_party/mbedtls/include -I/home/pei/Project/duckdb-polr/third_party/jaro_winkler -I/home/pei/Project/duckdb-polr/extension/jemalloc/include -I/home/pei/Project/duckdb-polr/extension/jemalloc/jemalloc/include -O3 -DNDEBUG -O3 -DNDEBUG   -fPIC -fdiagnostics-color=always -w -std=c++11 -MD -MT extension/jemalloc/jemalloc/CMakeFiles/jemalloc.dir/src/stats.cpp.o -MF extension/jemalloc/jemalloc/CMakeFiles/jemalloc.dir/src/stats.cpp.o.d -o extension/jemalloc/jemalloc/CMakeFiles/jemalloc.dir/src/stats.cpp.o -c /home/pei/Project/duckdb-polr/extension/jemalloc/jemalloc/src/stats.cpp
[259/376] /usr/bin/ccache /usr/lib/ccache/c++ -DDUCKDB_BUILD_LIBRARY -DENABLE_CROSS_PRODUCT_REWRITE=1 -DENABLE_DEBUG_PRINT=0 -DENABLE_MEASURE_EXE_TIME=0 -DENABLE_MERGE_BACK_PLAN=0 -DENABLE_PARALLEL_EXECUTION=0 -DENABLE_QUERY_SPLIT=1 -DENABLE_SPECIFY_EST_STAT=0 -DJEMALLOC_NO_PRIVATE_NAMESPACE -DJEMALLOC_NO_RENAME -I/home/pei/Project/duckdb-polr/src/include -I/home/pei/Project/duckdb-polr/third_party/fsst -I/home/pei/Project/duckdb-polr/third_party/fmt/include -I/home/pei/Project/duckdb-polr/third_party/hyperloglog -I/home/pei/Project/duckdb-polr/third_party/fastpforlib -I/home/pei/Project/duckdb-polr/third_party/fast_float -I/home/pei/Project/duckdb-polr/third_party/re2 -I/home/pei/Project/duckdb-polr/third_party/miniz -I/home/pei/Project/duckdb-polr/third_party/utf8proc/include -I/home/pei/Project/duckdb-polr/third_party/miniparquet -I/home/pei/Project/duckdb-polr/third_party/concurrentqueue -I/home/pei/Project/duckdb-polr/third_party/pcg -I/home/pei/Project/duckdb-polr/third_party/tdigest -I/home/pei/Project/duckdb-polr/third_party/mbedtls/include -I/home/pei/Project/duckdb-polr/third_party/jaro_winkler -I/home/pei/Project/duckdb-polr/extension/jemalloc/include -I/home/pei/Project/duckdb-polr/extension/jemalloc/jemalloc/include -O3 -DNDEBUG -O3 -DNDEBUG   -fPIC -fdiagnostics-color=always -w -std=c++11 -MD -MT extension/jemalloc/jemalloc/CMakeFiles/jemalloc.dir/src/sz.cpp.o -MF extension/jemalloc/jemalloc/CMakeFiles/jemalloc.dir/src/sz.cpp.o.d -o extension/jemalloc/jemalloc/CMakeFiles/jemalloc.dir/src/sz.cpp.o -c /home/pei/Project/duckdb-polr/extension/jemalloc/jemalloc/src/sz.cpp
[260/376] /usr/bin/ccache /usr/lib/ccache/c++ -DDUCKDB_BUILD_LIBRARY -DENABLE_CROSS_PRODUCT_REWRITE=1 -DENABLE_DEBUG_PRINT=0 -DENABLE_MEASURE_EXE_TIME=0 -DENABLE_MERGE_BACK_PLAN=0 -DENABLE_PARALLEL_EXECUTION=0 -DENABLE_QUERY_SPLIT=1 -DENABLE_SPECIFY_EST_STAT=0 -DJEMALLOC_NO_PRIVATE_NAMESPACE -DJEMALLOC_NO_RENAME -I/home/pei/Project/duckdb-polr/src/include -I/home/pei/Project/duckdb-polr/third_party/fsst -I/home/pei/Project/duckdb-polr/third_party/fmt/include -I/home/pei/Project/duckdb-polr/third_party/hyperloglog -I/home/pei/Project/duckdb-polr/third_party/fastpforlib -I/home/pei/Project/duckdb-polr/third_party/fast_float -I/home/pei/Project/duckdb-polr/third_party/re2 -I/home/pei/Project/duckdb-polr/third_party/miniz -I/home/pei/Project/duckdb-polr/third_party/utf8proc/include -I/home/pei/Project/duckdb-polr/third_party/miniparquet -I/home/pei/Project/duckdb-polr/third_party/concurrentqueue -I/home/pei/Project/duckdb-polr/third_party/pcg -I/home/pei/Project/duckdb-polr/third_party/tdigest -I/home/pei/Project/duckdb-polr/third_party/mbedtls/include -I/home/pei/Project/duckdb-polr/third_party/jaro_winkler -I/home/pei/Project/duckdb-polr/extension/jemalloc/include -I/home/pei/Project/duckdb-polr/extension/jemalloc/jemalloc/include -O3 -DNDEBUG -O3 -DNDEBUG   -fPIC -fdiagnostics-color=always -w -std=c++11 -MD -MT extension/jemalloc/jemalloc/CMakeFiles/jemalloc.dir/src/tcache.cpp.o -MF extension/jemalloc/jemalloc/CMakeFiles/jemalloc.dir/src/tcache.cpp.o.d -o extension/jemalloc/jemalloc/CMakeFiles/jemalloc.dir/src/tcache.cpp.o -c /home/pei/Project/duckdb-polr/extension/jemalloc/jemalloc/src/tcache.cpp
[261/376] /usr/bin/ccache /usr/lib/ccache/c++ -DDUCKDB_BUILD_LIBRARY -DENABLE_CROSS_PRODUCT_REWRITE=1 -DENABLE_DEBUG_PRINT=0 -DENABLE_MEASURE_EXE_TIME=0 -DENABLE_MERGE_BACK_PLAN=0 -DENABLE_PARALLEL_EXECUTION=0 -DENABLE_QUERY_SPLIT=1 -DENABLE_SPECIFY_EST_STAT=0 -DJEMALLOC_NO_PRIVATE_NAMESPACE -DJEMALLOC_NO_RENAME -I/home/pei/Project/duckdb-polr/src/include -I/home/pei/Project/duckdb-polr/third_party/fsst -I/home/pei/Project/duckdb-polr/third_party/fmt/include -I/home/pei/Project/duckdb-polr/third_party/hyperloglog -I/home/pei/Project/duckdb-polr/third_party/fastpforlib -I/home/pei/Project/duckdb-polr/third_party/fast_float -I/home/pei/Project/duckdb-polr/third_party/re2 -I/home/pei/Project/duckdb-polr/third_party/miniz -I/home/pei/Project/duckdb-polr/third_party/utf8proc/include -I/home/pei/Project/duckdb-polr/third_party/miniparquet -I/home/pei/Project/duckdb-polr/third_party/concurrentqueue -I/home/pei/Project/duckdb-polr/third_party/pcg -I/home/pei/Project/duckdb-polr/third_party/tdigest -I/home/pei/Project/duckdb-polr/third_party/mbedtls/include -I/home/pei/Project/duckdb-polr/third_party/jaro_winkler -I/home/pei/Project/duckdb-polr/extension/jemalloc/include -I/home/pei/Project/duckdb-polr/extension/jemalloc/jemalloc/include -O3 -DNDEBUG -O3 -DNDEBUG   -fPIC -fdiagnostics-color=always -w -std=c++11 -MD -MT extension/jemalloc/jemalloc/CMakeFiles/jemalloc.dir/src/thread_event.cpp.o -MF extension/jemalloc/jemalloc/CMakeFiles/jemalloc.dir/src/thread_event.cpp.o.d -o extension/jemalloc/jemalloc/CMakeFiles/jemalloc.dir/src/thread_event.cpp.o -c /home/pei/Project/duckdb-polr/extension/jemalloc/jemalloc/src/thread_event.cpp
[262/376] /usr/bin/ccache /usr/lib/ccache/c++ -DDUCKDB_BUILD_LIBRARY -DENABLE_CROSS_PRODUCT_REWRITE=1 -DENABLE_DEBUG_PRINT=0 -DENABLE_MEASURE_EXE_TIME=0 -DENABLE_MERGE_BACK_PLAN=0 -DENABLE_PARALLEL_EXECUTION=0 -DENABLE_QUERY_SPLIT=1 -DENABLE_SPECIFY_EST_STAT=0 -DJEMALLOC_NO_PRIVATE_NAMESPACE -DJEMALLOC_NO_RENAME -I/home/pei/Project/duckdb-polr/src/include -I/home/pei/Project/duckdb-polr/third_party/fsst -I/home/pei/Project/duckdb-polr/third_party/fmt/include -I/home/pei/Project/duckdb-polr/third_party/hyperloglog -I/home/pei/Project/duckdb-polr/third_party/fastpforlib -I/home/pei/Project/duckdb-polr/third_party/fast_float -I/home/pei/Project/duckdb-polr/third_party/re2 -I/home/pei/Project/duckdb-polr/third_party/miniz -I/home/pei/Project/duckdb-polr/third_party/utf8proc/include -I/home/pei/Project/duckdb-polr/third_party/miniparquet -I/home/pei/Project/duckdb-polr/third_party/concurrentqueue -I/home/pei/Project/duckdb-polr/third_party/pcg -I/home/pei/Project/duckdb-polr/third_party/tdigest -I/home/pei/Project/duckdb-polr/third_party/mbedtls/include -I/home/pei/Project/duckdb-polr/third_party/jaro_winkler -I/home/pei/Project/duckdb-polr/extension/jemalloc/include -I/home/pei/Project/duckdb-polr/extension/jemalloc/jemalloc/include -O3 -DNDEBUG -O3 -DNDEBUG   -fPIC -fdiagnostics-color=always -w -std=c++11 -MD -MT extension/jemalloc/jemalloc/CMakeFiles/jemalloc.dir/src/ticker.cpp.o -MF extension/jemalloc/jemalloc/CMakeFiles/jemalloc.dir/src/ticker.cpp.o.d -o extension/jemalloc/jemalloc/CMakeFiles/jemalloc.dir/src/ticker.cpp.o -c /home/pei/Project/duckdb-polr/extension/jemalloc/jemalloc/src/ticker.cpp
[263/376] /usr/bin/ccache /usr/lib/ccache/c++ -DDUCKDB_BUILD_LIBRARY -DENABLE_CROSS_PRODUCT_REWRITE=1 -DENABLE_DEBUG_PRINT=0 -DENABLE_MEASURE_EXE_TIME=0 -DENABLE_MERGE_BACK_PLAN=0 -DENABLE_PARALLEL_EXECUTION=0 -DENABLE_QUERY_SPLIT=1 -DENABLE_SPECIFY_EST_STAT=0 -DJEMALLOC_NO_PRIVATE_NAMESPACE -DJEMALLOC_NO_RENAME -I/home/pei/Project/duckdb-polr/src/include -I/home/pei/Project/duckdb-polr/third_party/fsst -I/home/pei/Project/duckdb-polr/third_party/fmt/include -I/home/pei/Project/duckdb-polr/third_party/hyperloglog -I/home/pei/Project/duckdb-polr/third_party/fastpforlib -I/home/pei/Project/duckdb-polr/third_party/fast_float -I/home/pei/Project/duckdb-polr/third_party/re2 -I/home/pei/Project/duckdb-polr/third_party/miniz -I/home/pei/Project/duckdb-polr/third_party/utf8proc/include -I/home/pei/Project/duckdb-polr/third_party/miniparquet -I/home/pei/Project/duckdb-polr/third_party/concurrentqueue -I/home/pei/Project/duckdb-polr/third_party/pcg -I/home/pei/Project/duckdb-polr/third_party/tdigest -I/home/pei/Project/duckdb-polr/third_party/mbedtls/include -I/home/pei/Project/duckdb-polr/third_party/jaro_winkler -I/home/pei/Project/duckdb-polr/extension/jemalloc/include -I/home/pei/Project/duckdb-polr/extension/jemalloc/jemalloc/include -O3 -DNDEBUG -O3 -DNDEBUG   -fPIC -fdiagnostics-color=always -w -std=c++11 -MD -MT extension/jemalloc/jemalloc/CMakeFiles/jemalloc.dir/src/tsd.cpp.o -MF extension/jemalloc/jemalloc/CMakeFiles/jemalloc.dir/src/tsd.cpp.o.d -o extension/jemalloc/jemalloc/CMakeFiles/jemalloc.dir/src/tsd.cpp.o -c /home/pei/Project/duckdb-polr/extension/jemalloc/jemalloc/src/tsd.cpp
[264/376] /usr/bin/ccache /usr/lib/ccache/c++ -DDUCKDB_BUILD_LIBRARY -DENABLE_CROSS_PRODUCT_REWRITE=1 -DENABLE_DEBUG_PRINT=0 -DENABLE_MEASURE_EXE_TIME=0 -DENABLE_MERGE_BACK_PLAN=0 -DENABLE_PARALLEL_EXECUTION=0 -DENABLE_QUERY_SPLIT=1 -DENABLE_SPECIFY_EST_STAT=0 -DJEMALLOC_NO_PRIVATE_NAMESPACE -DJEMALLOC_NO_RENAME -I/home/pei/Project/duckdb-polr/src/include -I/home/pei/Project/duckdb-polr/third_party/fsst -I/home/pei/Project/duckdb-polr/third_party/fmt/include -I/home/pei/Project/duckdb-polr/third_party/hyperloglog -I/home/pei/Project/duckdb-polr/third_party/fastpforlib -I/home/pei/Project/duckdb-polr/third_party/fast_float -I/home/pei/Project/duckdb-polr/third_party/re2 -I/home/pei/Project/duckdb-polr/third_party/miniz -I/home/pei/Project/duckdb-polr/third_party/utf8proc/include -I/home/pei/Project/duckdb-polr/third_party/miniparquet -I/home/pei/Project/duckdb-polr/third_party/concurrentqueue -I/home/pei/Project/duckdb-polr/third_party/pcg -I/home/pei/Project/duckdb-polr/third_party/tdigest -I/home/pei/Project/duckdb-polr/third_party/mbedtls/include -I/home/pei/Project/duckdb-polr/third_party/jaro_winkler -I/home/pei/Project/duckdb-polr/extension/jemalloc/include -I/home/pei/Project/duckdb-polr/extension/jemalloc/jemalloc/include -O3 -DNDEBUG -O3 -DNDEBUG   -fPIC -fdiagnostics-color=always -w -std=c++11 -MD -MT extension/jemalloc/jemalloc/CMakeFiles/jemalloc.dir/src/witness.cpp.o -MF extension/jemalloc/jemalloc/CMakeFiles/jemalloc.dir/src/witness.cpp.o.d -o extension/jemalloc/jemalloc/CMakeFiles/jemalloc.dir/src/witness.cpp.o -c /home/pei/Project/duckdb-polr/extension/jemalloc/jemalloc/src/witness.cpp
[265/376] : && /usr/bin/cmake -E rm -f extension/jemalloc/libjemalloc_extension.a && /usr/bin/ar qc extension/jemalloc/libjemalloc_extension.a  extension/jemalloc/jemalloc/CMakeFiles/jemalloc.dir/src/arena.cpp.o extension/jemalloc/jemalloc/CMakeFiles/jemalloc.dir/src/background_thread.cpp.o extension/jemalloc/jemalloc/CMakeFiles/jemalloc.dir/src/base.cpp.o extension/jemalloc/jemalloc/CMakeFiles/jemalloc.dir/src/bin.cpp.o extension/jemalloc/jemalloc/CMakeFiles/jemalloc.dir/src/bin_info.cpp.o extension/jemalloc/jemalloc/CMakeFiles/jemalloc.dir/src/bitmap.cpp.o extension/jemalloc/jemalloc/CMakeFiles/jemalloc.dir/src/buf_writer.cpp.o extension/jemalloc/jemalloc/CMakeFiles/jemalloc.dir/src/cache_bin.cpp.o extension/jemalloc/jemalloc/CMakeFiles/jemalloc.dir/src/ckh.cpp.o extension/jemalloc/jemalloc/CMakeFiles/jemalloc.dir/src/counter.cpp.o extension/jemalloc/jemalloc/CMakeFiles/jemalloc.dir/src/ctl.cpp.o extension/jemalloc/jemalloc/CMakeFiles/jemalloc.dir/src/decay.cpp.o extension/jemalloc/jemalloc/CMakeFiles/jemalloc.dir/src/div.cpp.o extension/jemalloc/jemalloc/CMakeFiles/jemalloc.dir/src/ecache.cpp.o extension/jemalloc/jemalloc/CMakeFiles/jemalloc.dir/src/edata.cpp.o extension/jemalloc/jemalloc/CMakeFiles/jemalloc.dir/src/edata_cache.cpp.o extension/jemalloc/jemalloc/CMakeFiles/jemalloc.dir/src/ehooks.cpp.o extension/jemalloc/jemalloc/CMakeFiles/jemalloc.dir/src/emap.cpp.o extension/jemalloc/jemalloc/CMakeFiles/jemalloc.dir/src/eset.cpp.o extension/jemalloc/jemalloc/CMakeFiles/jemalloc.dir/src/exp_grow.cpp.o extension/jemalloc/jemalloc/CMakeFiles/jemalloc.dir/src/extent.cpp.o extension/jemalloc/jemalloc/CMakeFiles/jemalloc.dir/src/extent_dss.cpp.o extension/jemalloc/jemalloc/CMakeFiles/jemalloc.dir/src/extent_mmap.cpp.o extension/jemalloc/jemalloc/CMakeFiles/jemalloc.dir/src/fxp.cpp.o extension/jemalloc/jemalloc/CMakeFiles/jemalloc.dir/src/hook.cpp.o extension/jemalloc/jemalloc/CMakeFiles/jemalloc.dir/src/hpa.cpp.o extension/jemalloc/jemalloc/CMakeFiles/jemalloc.dir/src/hpa_hooks.cpp.o extension/jemalloc/jemalloc/CMakeFiles/jemalloc.dir/src/hpdata.cpp.o extension/jemalloc/jemalloc/CMakeFiles/jemalloc.dir/src/inspect.cpp.o extension/jemalloc/jemalloc/CMakeFiles/jemalloc.dir/src/jemalloc.cpp.o extension/jemalloc/jemalloc/CMakeFiles/jemalloc.dir/src/large.cpp.o extension/jemalloc/jemalloc/CMakeFiles/jemalloc.dir/src/log.cpp.o extension/jemalloc/jemalloc/CMakeFiles/jemalloc.dir/src/malloc_io.cpp.o extension/jemalloc/jemalloc/CMakeFiles/jemalloc.dir/src/mutex.cpp.o extension/jemalloc/jemalloc/CMakeFiles/jemalloc.dir/src/nstime.cpp.o extension/jemalloc/jemalloc/CMakeFiles/jemalloc.dir/src/pa.cpp.o extension/jemalloc/jemalloc/CMakeFiles/jemalloc.dir/src/pa_extra.cpp.o extension/jemalloc/jemalloc/CMakeFiles/jemalloc.dir/src/pac.cpp.o extension/jemalloc/jemalloc/CMakeFiles/jemalloc.dir/src/pages.cpp.o extension/jemalloc/jemalloc/CMakeFiles/jemalloc.dir/src/pai.cpp.o extension/jemalloc/jemalloc/CMakeFiles/jemalloc.dir/src/peak_event.cpp.o extension/jemalloc/jemalloc/CMakeFiles/jemalloc.dir/src/prof.cpp.o extension/jemalloc/jemalloc/CMakeFiles/jemalloc.dir/src/prof_data.cpp.o extension/jemalloc/jemalloc/CMakeFiles/jemalloc.dir/src/prof_log.cpp.o extension/jemalloc/jemalloc/CMakeFiles/jemalloc.dir/src/prof_recent.cpp.o extension/jemalloc/jemalloc/CMakeFiles/jemalloc.dir/src/prof_stats.cpp.o extension/jemalloc/jemalloc/CMakeFiles/jemalloc.dir/src/prof_sys.cpp.o extension/jemalloc/jemalloc/CMakeFiles/jemalloc.dir/src/psset.cpp.o extension/jemalloc/jemalloc/CMakeFiles/jemalloc.dir/src/rtree.cpp.o extension/jemalloc/jemalloc/CMakeFiles/jemalloc.dir/src/safety_check.cpp.o extension/jemalloc/jemalloc/CMakeFiles/jemalloc.dir/src/san.cpp.o extension/jemalloc/jemalloc/CMakeFiles/jemalloc.dir/src/san_bump.cpp.o extension/jemalloc/jemalloc/CMakeFiles/jemalloc.dir/src/sc.cpp.o extension/jemalloc/jemalloc/CMakeFiles/jemalloc.dir/src/sec.cpp.o extension/jemalloc/jemalloc/CMakeFiles/jemalloc.dir/src/stats.cpp.o extension/jemalloc/jemalloc/CMakeFiles/jemalloc.dir/src/sz.cpp.o extension/jemalloc/jemalloc/CMakeFiles/jemalloc.dir/src/tcache.cpp.o extension/jemalloc/jemalloc/CMakeFiles/jemalloc.dir/src/test_hooks.cpp.o extension/jemalloc/jemalloc/CMakeFiles/jemalloc.dir/src/thread_event.cpp.o extension/jemalloc/jemalloc/CMakeFiles/jemalloc.dir/src/ticker.cpp.o extension/jemalloc/jemalloc/CMakeFiles/jemalloc.dir/src/tsd.cpp.o extension/jemalloc/jemalloc/CMakeFiles/jemalloc.dir/src/witness.cpp.o extension/jemalloc/CMakeFiles/jemalloc_extension.dir/jemalloc-extension.cpp.o && /usr/bin/ranlib extension/jemalloc/libjemalloc_extension.a && :
[266/376] /usr/bin/ccache /usr/lib/ccache/c++ -DDUCKDB_BUILD_LIBRARY -DDUCKDB_BUILD_LOADABLE_EXTENSION -DENABLE_CROSS_PRODUCT_REWRITE=1 -DENABLE_DEBUG_PRINT=0 -DENABLE_MEASURE_EXE_TIME=0 -DENABLE_MERGE_BACK_PLAN=0 -DENABLE_PARALLEL_EXECUTION=0 -DENABLE_QUERY_SPLIT=1 -DENABLE_SPECIFY_EST_STAT=0 -I/home/pei/Project/duckdb-polr/src/include -I/home/pei/Project/duckdb-polr/third_party/fsst -I/home/pei/Project/duckdb-polr/third_party/fmt/include -I/home/pei/Project/duckdb-polr/third_party/hyperloglog -I/home/pei/Project/duckdb-polr/third_party/fastpforlib -I/home/pei/Project/duckdb-polr/third_party/fast_float -I/home/pei/Project/duckdb-polr/third_party/re2 -I/home/pei/Project/duckdb-polr/third_party/miniz -I/home/pei/Project/duckdb-polr/third_party/utf8proc/include -I/home/pei/Project/duckdb-polr/third_party/miniparquet -I/home/pei/Project/duckdb-polr/third_party/concurrentqueue -I/home/pei/Project/duckdb-polr/third_party/pcg -I/home/pei/Project/duckdb-polr/third_party/tdigest -I/home/pei/Project/duckdb-polr/third_party/mbedtls/include -I/home/pei/Project/duckdb-polr/third_party/jaro_winkler -I/home/pei/Project/duckdb-polr/extension/parquet/include -I/home/pei/Project/duckdb-polr/extension/parquet/../../third_party/parquet -I/home/pei/Project/duckdb-polr/extension/parquet/../../third_party/snappy -I/home/pei/Project/duckdb-polr/extension/parquet/../../third_party/miniz -I/home/pei/Project/duckdb-polr/extension/parquet/../../third_party/thrift -I/home/pei/Project/duckdb-polr/extension/parquet/../../third_party/zstd/include -O3 -DNDEBUG -O3 -DNDEBUG   -fPIC -fdiagnostics-color=always -std=c++11 -MD -MT extension/parquet/CMakeFiles/parquet_loadable_extension.dir/column_writer.cpp.o -MF extension/parquet/CMakeFiles/parquet_loadable_extension.dir/column_writer.cpp.o.d -o extension/parquet/CMakeFiles/parquet_loadable_extension.dir/column_writer.cpp.o -c /home/pei/Project/duckdb-polr/extension/parquet/column_writer.cpp
[267/376] /usr/bin/ccache /usr/lib/ccache/c++ -DDUCKDB_BUILD_LIBRARY -DDUCKDB_BUILD_LOADABLE_EXTENSION -DENABLE_CROSS_PRODUCT_REWRITE=1 -DENABLE_DEBUG_PRINT=0 -DENABLE_MEASURE_EXE_TIME=0 -DENABLE_MERGE_BACK_PLAN=0 -DENABLE_PARALLEL_EXECUTION=0 -DENABLE_QUERY_SPLIT=1 -DENABLE_SPECIFY_EST_STAT=0 -I/home/pei/Project/duckdb-polr/src/include -I/home/pei/Project/duckdb-polr/third_party/fsst -I/home/pei/Project/duckdb-polr/third_party/fmt/include -I/home/pei/Project/duckdb-polr/third_party/hyperloglog -I/home/pei/Project/duckdb-polr/third_party/fastpforlib -I/home/pei/Project/duckdb-polr/third_party/fast_float -I/home/pei/Project/duckdb-polr/third_party/re2 -I/home/pei/Project/duckdb-polr/third_party/miniz -I/home/pei/Project/duckdb-polr/third_party/utf8proc/include -I/home/pei/Project/duckdb-polr/third_party/miniparquet -I/home/pei/Project/duckdb-polr/third_party/concurrentqueue -I/home/pei/Project/duckdb-polr/third_party/pcg -I/home/pei/Project/duckdb-polr/third_party/tdigest -I/home/pei/Project/duckdb-polr/third_party/mbedtls/include -I/home/pei/Project/duckdb-polr/third_party/jaro_winkler -I/home/pei/Project/duckdb-polr/extension/parquet/include -I/home/pei/Project/duckdb-polr/extension/parquet/../../third_party/parquet -I/home/pei/Project/duckdb-polr/extension/parquet/../../third_party/snappy -I/home/pei/Project/duckdb-polr/extension/parquet/../../third_party/miniz -I/home/pei/Project/duckdb-polr/extension/parquet/../../third_party/thrift -I/home/pei/Project/duckdb-polr/extension/parquet/../../third_party/zstd/include -O3 -DNDEBUG -O3 -DNDEBUG   -fPIC -fdiagnostics-color=always -std=c++11 -MD -MT extension/parquet/CMakeFiles/parquet_loadable_extension.dir/parquet-extension.cpp.o -MF extension/parquet/CMakeFiles/parquet_loadable_extension.dir/parquet-extension.cpp.o.d -o extension/parquet/CMakeFiles/parquet_loadable_extension.dir/parquet-extension.cpp.o -c /home/pei/Project/duckdb-polr/extension/parquet/parquet-extension.cpp
[268/376] /usr/bin/ccache /usr/lib/ccache/c++ -DDUCKDB -DDUCKDB_BUILD_LIBRARY -DDUCKDB_MAIN_LIBRARY -DENABLE_CROSS_PRODUCT_REWRITE=1 -DENABLE_DEBUG_PRINT=0 -DENABLE_MEASURE_EXE_TIME=0 -DENABLE_MERGE_BACK_PLAN=0 -DENABLE_PARALLEL_EXECUTION=0 -DENABLE_QUERY_SPLIT=1 -DENABLE_SPECIFY_EST_STAT=0 -I/home/pei/Project/duckdb-polr/src/include -I/home/pei/Project/duckdb-polr/third_party/fsst -I/home/pei/Project/duckdb-polr/third_party/fmt/include -I/home/pei/Project/duckdb-polr/third_party/hyperloglog -I/home/pei/Project/duckdb-polr/third_party/fastpforlib -I/home/pei/Project/duckdb-polr/third_party/fast_float -I/home/pei/Project/duckdb-polr/third_party/re2 -I/home/pei/Project/duckdb-polr/third_party/miniz -I/home/pei/Project/duckdb-polr/third_party/utf8proc/include -I/home/pei/Project/duckdb-polr/third_party/miniparquet -I/home/pei/Project/duckdb-polr/third_party/concurrentqueue -I/home/pei/Project/duckdb-polr/third_party/pcg -I/home/pei/Project/duckdb-polr/third_party/tdigest -I/home/pei/Project/duckdb-polr/third_party/mbedtls/include -I/home/pei/Project/duckdb-polr/third_party/jaro_winkler -O3 -DNDEBUG -O3 -DNDEBUG   -fPIC -fdiagnostics-color=always -std=c++11 -MD -MT src/main/CMakeFiles/duckdb_main.dir/ub_duckdb_main.cpp.o -MF src/main/CMakeFiles/duckdb_main.dir/ub_duckdb_main.cpp.o.d -o src/main/CMakeFiles/duckdb_main.dir/ub_duckdb_main.cpp.o -c /home/pei/Project/duckdb-polr/build/release/src/main/ub_duckdb_main.cpp
In file included from /home/pei/Project/duckdb-polr/src/include/duckdb/optimizer/optimizer.hpp:15,
                 from /home/pei/Project/duckdb-polr/src/main/client_context.cpp:31,
                 from /home/pei/Project/duckdb-polr/build/release/src/main/ub_duckdb_main.cpp:5:
/home/pei/Project/duckdb-polr/src/include/duckdb/optimizer/query_split/query_split.hpp:14: warning: "ENABLE_DEBUG_PRINT" redefined
   14 | #define ENABLE_DEBUG_PRINT                      true
      | 
<command-line>: note: this is the location of the previous definition
/home/pei/Project/duckdb-polr/src/include/duckdb/optimizer/query_split/query_split.hpp:23:1: warning: inline variables are only available with ‘-std=c++17’ or ‘-std=gnu++17’ [-Wc++17-extensions]
   23 | inline bool execute_plan = false;
      | ^~~~~~
[269/376] /usr/bin/ccache /usr/lib/ccache/c++ -DDUCKDB_BUILD_LIBRARY -DDUCKDB_BUILD_LOADABLE_EXTENSION -DENABLE_CROSS_PRODUCT_REWRITE=1 -DENABLE_DEBUG_PRINT=0 -DENABLE_MEASURE_EXE_TIME=0 -DENABLE_MERGE_BACK_PLAN=0 -DENABLE_PARALLEL_EXECUTION=0 -DENABLE_QUERY_SPLIT=1 -DENABLE_SPECIFY_EST_STAT=0 -I/home/pei/Project/duckdb-polr/src/include -I/home/pei/Project/duckdb-polr/third_party/fsst -I/home/pei/Project/duckdb-polr/third_party/fmt/include -I/home/pei/Project/duckdb-polr/third_party/hyperloglog -I/home/pei/Project/duckdb-polr/third_party/fastpforlib -I/home/pei/Project/duckdb-polr/third_party/fast_float -I/home/pei/Project/duckdb-polr/third_party/re2 -I/home/pei/Project/duckdb-polr/third_party/miniz -I/home/pei/Project/duckdb-polr/third_party/utf8proc/include -I/home/pei/Project/duckdb-polr/third_party/miniparquet -I/home/pei/Project/duckdb-polr/third_party/concurrentqueue -I/home/pei/Project/duckdb-polr/third_party/pcg -I/home/pei/Project/duckdb-polr/third_party/tdigest -I/home/pei/Project/duckdb-polr/third_party/mbedtls/include -I/home/pei/Project/duckdb-polr/third_party/jaro_winkler -I/home/pei/Project/duckdb-polr/extension/parquet/include -I/home/pei/Project/duckdb-polr/extension/parquet/../../third_party/parquet -I/home/pei/Project/duckdb-polr/extension/parquet/../../third_party/snappy -I/home/pei/Project/duckdb-polr/extension/parquet/../../third_party/miniz -I/home/pei/Project/duckdb-polr/extension/parquet/../../third_party/thrift -I/home/pei/Project/duckdb-polr/extension/parquet/../../third_party/zstd/include -O3 -DNDEBUG -O3 -DNDEBUG   -fPIC -fdiagnostics-color=always -std=c++11 -MD -MT extension/parquet/CMakeFiles/parquet_loadable_extension.dir/column_reader.cpp.o -MF extension/parquet/CMakeFiles/parquet_loadable_extension.dir/column_reader.cpp.o.d -o extension/parquet/CMakeFiles/parquet_loadable_extension.dir/column_reader.cpp.o -c /home/pei/Project/duckdb-polr/extension/parquet/column_reader.cpp
[270/376] /usr/bin/ccache /usr/lib/ccache/c++ -DDUCKDB_BUILD_LIBRARY -DDUCKDB_BUILD_LOADABLE_EXTENSION -DENABLE_CROSS_PRODUCT_REWRITE=1 -DENABLE_DEBUG_PRINT=0 -DENABLE_MEASURE_EXE_TIME=0 -DENABLE_MERGE_BACK_PLAN=0 -DENABLE_PARALLEL_EXECUTION=0 -DENABLE_QUERY_SPLIT=1 -DENABLE_SPECIFY_EST_STAT=0 -I/home/pei/Project/duckdb-polr/src/include -I/home/pei/Project/duckdb-polr/third_party/fsst -I/home/pei/Project/duckdb-polr/third_party/fmt/include -I/home/pei/Project/duckdb-polr/third_party/hyperloglog -I/home/pei/Project/duckdb-polr/third_party/fastpforlib -I/home/pei/Project/duckdb-polr/third_party/fast_float -I/home/pei/Project/duckdb-polr/third_party/re2 -I/home/pei/Project/duckdb-polr/third_party/miniz -I/home/pei/Project/duckdb-polr/third_party/utf8proc/include -I/home/pei/Project/duckdb-polr/third_party/miniparquet -I/home/pei/Project/duckdb-polr/third_party/concurrentqueue -I/home/pei/Project/duckdb-polr/third_party/pcg -I/home/pei/Project/duckdb-polr/third_party/tdigest -I/home/pei/Project/duckdb-polr/third_party/mbedtls/include -I/home/pei/Project/duckdb-polr/third_party/jaro_winkler -I/home/pei/Project/duckdb-polr/extension/parquet/include -I/home/pei/Project/duckdb-polr/extension/parquet/../../third_party/parquet -I/home/pei/Project/duckdb-polr/extension/parquet/../../third_party/snappy -I/home/pei/Project/duckdb-polr/extension/parquet/../../third_party/miniz -I/home/pei/Project/duckdb-polr/extension/parquet/../../third_party/thrift -I/home/pei/Project/duckdb-polr/extension/parquet/../../third_party/zstd/include -O3 -DNDEBUG -O3 -DNDEBUG   -fPIC -fdiagnostics-color=always -std=c++11 -MD -MT extension/parquet/CMakeFiles/parquet_loadable_extension.dir/parquet_reader.cpp.o -MF extension/parquet/CMakeFiles/parquet_loadable_extension.dir/parquet_reader.cpp.o.d -o extension/parquet/CMakeFiles/parquet_loadable_extension.dir/parquet_reader.cpp.o -c /home/pei/Project/duckdb-polr/extension/parquet/parquet_reader.cpp
[271/376] : && /usr/lib/ccache/c++ -fPIC -O3 -DNDEBUG -O3 -DNDEBUG   -shared -Wl,-soname,parquet.duckdb_extension -o extension/parquet/parquet.duckdb_extension extension/parquet/CMakeFiles/parquet_loadable_extension.dir/column_writer.cpp.o extension/parquet/CMakeFiles/parquet_loadable_extension.dir/parquet-extension.cpp.o extension/parquet/CMakeFiles/parquet_loadable_extension.dir/parquet_metadata.cpp.o extension/parquet/CMakeFiles/parquet_loadable_extension.dir/parquet_reader.cpp.o extension/parquet/CMakeFiles/parquet_loadable_extension.dir/parquet_timestamp.cpp.o extension/parquet/CMakeFiles/parquet_loadable_extension.dir/parquet_writer.cpp.o extension/parquet/CMakeFiles/parquet_loadable_extension.dir/parquet_statistics.cpp.o extension/parquet/CMakeFiles/parquet_loadable_extension.dir/zstd_file_system.cpp.o extension/parquet/CMakeFiles/parquet_loadable_extension.dir/column_reader.cpp.o extension/parquet/CMakeFiles/parquet_loadable_extension.dir/__/__/third_party/parquet/parquet_constants.cpp.o extension/parquet/CMakeFiles/parquet_loadable_extension.dir/__/__/third_party/parquet/parquet_types.cpp.o extension/parquet/CMakeFiles/parquet_loadable_extension.dir/__/__/third_party/thrift/thrift/protocol/TProtocol.cpp.o extension/parquet/CMakeFiles/parquet_loadable_extension.dir/__/__/third_party/thrift/thrift/transport/TTransportException.cpp.o extension/parquet/CMakeFiles/parquet_loadable_extension.dir/__/__/third_party/thrift/thrift/transport/TBufferTransports.cpp.o extension/parquet/CMakeFiles/parquet_loadable_extension.dir/__/__/third_party/snappy/snappy.cc.o extension/parquet/CMakeFiles/parquet_loadable_extension.dir/__/__/third_party/snappy/snappy-sinksource.cc.o extension/parquet/CMakeFiles/parquet_loadable_extension.dir/__/__/third_party/zstd/decompress/zstd_ddict.cpp.o extension/parquet/CMakeFiles/parquet_loadable_extension.dir/__/__/third_party/zstd/decompress/huf_decompress.cpp.o extension/parquet/CMakeFiles/parquet_loadable_extension.dir/__/__/third_party/zstd/decompress/zstd_decompress.cpp.o extension/parquet/CMakeFiles/parquet_loadable_extension.dir/__/__/third_party/zstd/decompress/zstd_decompress_block.cpp.o extension/parquet/CMakeFiles/parquet_loadable_extension.dir/__/__/third_party/zstd/common/entropy_common.cpp.o extension/parquet/CMakeFiles/parquet_loadable_extension.dir/__/__/third_party/zstd/common/fse_decompress.cpp.o extension/parquet/CMakeFiles/parquet_loadable_extension.dir/__/__/third_party/zstd/common/zstd_common.cpp.o extension/parquet/CMakeFiles/parquet_loadable_extension.dir/__/__/third_party/zstd/common/error_private.cpp.o extension/parquet/CMakeFiles/parquet_loadable_extension.dir/__/__/third_party/zstd/common/xxhash.cpp.o extension/parquet/CMakeFiles/parquet_loadable_extension.dir/__/__/third_party/zstd/compress/fse_compress.cpp.o extension/parquet/CMakeFiles/parquet_loadable_extension.dir/__/__/third_party/zstd/compress/hist.cpp.o extension/parquet/CMakeFiles/parquet_loadable_extension.dir/__/__/third_party/zstd/compress/huf_compress.cpp.o extension/parquet/CMakeFiles/parquet_loadable_extension.dir/__/__/third_party/zstd/compress/zstd_compress.cpp.o extension/parquet/CMakeFiles/parquet_loadable_extension.dir/__/__/third_party/zstd/compress/zstd_compress_literals.cpp.o extension/parquet/CMakeFiles/parquet_loadable_extension.dir/__/__/third_party/zstd/compress/zstd_compress_sequences.cpp.o extension/parquet/CMakeFiles/parquet_loadable_extension.dir/__/__/third_party/zstd/compress/zstd_compress_superblock.cpp.o extension/parquet/CMakeFiles/parquet_loadable_extension.dir/__/__/third_party/zstd/compress/zstd_double_fast.cpp.o extension/parquet/CMakeFiles/parquet_loadable_extension.dir/__/__/third_party/zstd/compress/zstd_fast.cpp.o extension/parquet/CMakeFiles/parquet_loadable_extension.dir/__/__/third_party/zstd/compress/zstd_lazy.cpp.o extension/parquet/CMakeFiles/parquet_loadable_extension.dir/__/__/third_party/zstd/compress/zstd_ldm.cpp.o extension/parquet/CMakeFiles/parquet_loadable_extension.dir/__/__/third_party/zstd/compress/zstd_opt.cpp.o   && :
[272/376] /usr/bin/ccache /usr/lib/ccache/c++ -DDUCKDB_BUILD_LIBRARY -DENABLE_CROSS_PRODUCT_REWRITE=1 -DENABLE_DEBUG_PRINT=0 -DENABLE_MEASURE_EXE_TIME=0 -DENABLE_MERGE_BACK_PLAN=0 -DENABLE_PARALLEL_EXECUTION=0 -DENABLE_QUERY_SPLIT=1 -DENABLE_SPECIFY_EST_STAT=0 -I/home/pei/Project/duckdb-polr/src/include -I/home/pei/Project/duckdb-polr/third_party/fsst -I/home/pei/Project/duckdb-polr/third_party/fmt/include -I/home/pei/Project/duckdb-polr/third_party/hyperloglog -I/home/pei/Project/duckdb-polr/third_party/fastpforlib -I/home/pei/Project/duckdb-polr/third_party/fast_float -I/home/pei/Project/duckdb-polr/third_party/re2 -I/home/pei/Project/duckdb-polr/third_party/miniz -I/home/pei/Project/duckdb-polr/third_party/utf8proc/include -I/home/pei/Project/duckdb-polr/third_party/miniparquet -I/home/pei/Project/duckdb-polr/third_party/concurrentqueue -I/home/pei/Project/duckdb-polr/third_party/pcg -I/home/pei/Project/duckdb-polr/third_party/tdigest -I/home/pei/Project/duckdb-polr/third_party/mbedtls/include -I/home/pei/Project/duckdb-polr/third_party/jaro_winkler -I/home/pei/Project/duckdb-polr/test/../third_party/catch -I/home/pei/Project/duckdb-polr/test/../third_party/tpce-tool/include -I/home/pei/Project/duckdb-polr/test/../third_party/sqlite/include -I/home/pei/Project/duckdb-polr/test/include -I/home/pei/Project/duckdb-polr/third_party/libpg_query/include -O3 -DNDEBUG -O3 -DNDEBUG   -fPIC -fdiagnostics-color=always -std=c++11 -MD -MT test/helpers/CMakeFiles/test_helpers.dir/pid.cpp.o -MF test/helpers/CMakeFiles/test_helpers.dir/pid.cpp.o.d -o test/helpers/CMakeFiles/test_helpers.dir/pid.cpp.o -c /home/pei/Project/duckdb-polr/test/helpers/pid.cpp
[273/376] /usr/bin/ccache /usr/lib/ccache/c++ -DDUCKDB_BUILD_DIRECTORY=\"/home/pei/Project/duckdb-polr/build/release\" -DDUCKDB_BUILD_LIBRARY -DDUCKDB_BUILD_LOADABLE_EXTENSION -DENABLE_CROSS_PRODUCT_REWRITE=1 -DENABLE_DEBUG_PRINT=0 -DENABLE_MEASURE_EXE_TIME=0 -DENABLE_MERGE_BACK_PLAN=0 -DENABLE_PARALLEL_EXECUTION=0 -DENABLE_QUERY_SPLIT=1 -DENABLE_SPECIFY_EST_STAT=0 -I/home/pei/Project/duckdb-polr/src/include -I/home/pei/Project/duckdb-polr/third_party/fsst -I/home/pei/Project/duckdb-polr/third_party/fmt/include -I/home/pei/Project/duckdb-polr/third_party/hyperloglog -I/home/pei/Project/duckdb-polr/third_party/fastpforlib -I/home/pei/Project/duckdb-polr/third_party/fast_float -I/home/pei/Project/duckdb-polr/third_party/re2 -I/home/pei/Project/duckdb-polr/third_party/miniz -I/home/pei/Project/duckdb-polr/third_party/utf8proc/include -I/home/pei/Project/duckdb-polr/third_party/miniparquet -I/home/pei/Project/duckdb-polr/third_party/concurrentqueue -I/home/pei/Project/duckdb-polr/third_party/pcg -I/home/pei/Project/duckdb-polr/third_party/tdigest -I/home/pei/Project/duckdb-polr/third_party/mbedtls/include -I/home/pei/Project/duckdb-polr/third_party/jaro_winkler -I/home/pei/Project/duckdb-polr/test/../third_party/catch -I/home/pei/Project/duckdb-polr/test/../third_party/tpce-tool/include -I/home/pei/Project/duckdb-polr/test/../third_party/sqlite/include -I/home/pei/Project/duckdb-polr/test/include -O3 -DNDEBUG -O3 -DNDEBUG   -fPIC -fdiagnostics-color=always -std=c++11 -MD -MT test/extension/CMakeFiles/loadable_extension_optimizer_demo_loadable_extension.dir/loadable_extension_optimizer_demo.cpp.o -MF test/extension/CMakeFiles/loadable_extension_optimizer_demo_loadable_extension.dir/loadable_extension_optimizer_demo.cpp.o.d -o test/extension/CMakeFiles/loadable_extension_optimizer_demo_loadable_extension.dir/loadable_extension_optimizer_demo.cpp.o -c /home/pei/Project/duckdb-polr/test/extension/loadable_extension_optimizer_demo.cpp
[274/376] : && /usr/lib/ccache/c++ -fPIC -O3 -DNDEBUG -O3 -DNDEBUG   -shared -Wl,-soname,loadable_extension_optimizer_demo.duckdb_extension -o test/extension/loadable_extension_optimizer_demo.duckdb_extension test/extension/CMakeFiles/loadable_extension_optimizer_demo_loadable_extension.dir/loadable_extension_optimizer_demo.cpp.o   && :
[275/376] /usr/bin/ccache /usr/lib/ccache/c++ -DDUCKDB_BUILD_LIBRARY -DENABLE_CROSS_PRODUCT_REWRITE=1 -DENABLE_DEBUG_PRINT=0 -DENABLE_MEASURE_EXE_TIME=0 -DENABLE_MERGE_BACK_PLAN=0 -DENABLE_PARALLEL_EXECUTION=0 -DENABLE_QUERY_SPLIT=1 -DENABLE_SPECIFY_EST_STAT=0 -I/home/pei/Project/duckdb-polr/src/include -I/home/pei/Project/duckdb-polr/third_party/fsst -I/home/pei/Project/duckdb-polr/third_party/fmt/include -I/home/pei/Project/duckdb-polr/third_party/hyperloglog -I/home/pei/Project/duckdb-polr/third_party/fastpforlib -I/home/pei/Project/duckdb-polr/third_party/fast_float -I/home/pei/Project/duckdb-polr/third_party/re2 -I/home/pei/Project/duckdb-polr/third_party/miniz -I/home/pei/Project/duckdb-polr/third_party/utf8proc/include -I/home/pei/Project/duckdb-polr/third_party/miniparquet -I/home/pei/Project/duckdb-polr/third_party/concurrentqueue -I/home/pei/Project/duckdb-polr/third_party/pcg -I/home/pei/Project/duckdb-polr/third_party/tdigest -I/home/pei/Project/duckdb-polr/third_party/mbedtls/include -I/home/pei/Project/duckdb-polr/third_party/jaro_winkler -I/home/pei/Project/duckdb-polr/test/../third_party/catch -I/home/pei/Project/duckdb-polr/test/../third_party/tpce-tool/include -I/home/pei/Project/duckdb-polr/test/../third_party/sqlite/include -I/home/pei/Project/duckdb-polr/test/include -O3 -DNDEBUG -O3 -DNDEBUG   -fPIC -fdiagnostics-color=always -std=c++11 -MD -MT test/arrow_roundtrip/CMakeFiles/test_arrow_roundtrip.dir/ub_test_arrow_roundtrip.cpp.o -MF test/arrow_roundtrip/CMakeFiles/test_arrow_roundtrip.dir/ub_test_arrow_roundtrip.cpp.o.d -o test/arrow_roundtrip/CMakeFiles/test_arrow_roundtrip.dir/ub_test_arrow_roundtrip.cpp.o -c /home/pei/Project/duckdb-polr/build/release/test/arrow_roundtrip/ub_test_arrow_roundtrip.cpp
[276/376] /usr/bin/ccache /usr/lib/ccache/c++ -DDUCKDB_BUILD_DIRECTORY=\"/home/pei/Project/duckdb-polr/build/release\" -DDUCKDB_BUILD_LIBRARY -DENABLE_CROSS_PRODUCT_REWRITE=1 -DENABLE_DEBUG_PRINT=0 -DENABLE_MEASURE_EXE_TIME=0 -DENABLE_MERGE_BACK_PLAN=0 -DENABLE_PARALLEL_EXECUTION=0 -DENABLE_QUERY_SPLIT=1 -DENABLE_SPECIFY_EST_STAT=0 -I/home/pei/Project/duckdb-polr/src/include -I/home/pei/Project/duckdb-polr/third_party/fsst -I/home/pei/Project/duckdb-polr/third_party/fmt/include -I/home/pei/Project/duckdb-polr/third_party/hyperloglog -I/home/pei/Project/duckdb-polr/third_party/fastpforlib -I/home/pei/Project/duckdb-polr/third_party/fast_float -I/home/pei/Project/duckdb-polr/third_party/re2 -I/home/pei/Project/duckdb-polr/third_party/miniz -I/home/pei/Project/duckdb-polr/third_party/utf8proc/include -I/home/pei/Project/duckdb-polr/third_party/miniparquet -I/home/pei/Project/duckdb-polr/third_party/concurrentqueue -I/home/pei/Project/duckdb-polr/third_party/pcg -I/home/pei/Project/duckdb-polr/third_party/tdigest -I/home/pei/Project/duckdb-polr/third_party/mbedtls/include -I/home/pei/Project/duckdb-polr/third_party/jaro_winkler -I/home/pei/Project/duckdb-polr/test/../third_party/catch -I/home/pei/Project/duckdb-polr/test/../third_party/tpce-tool/include -I/home/pei/Project/duckdb-polr/test/../third_party/sqlite/include -I/home/pei/Project/duckdb-polr/test/include -O3 -DNDEBUG -O3 -DNDEBUG   -fPIC -fdiagnostics-color=always -std=c++11 -MD -MT test/extension/CMakeFiles/test_extensions.dir/ub_test_extensions.cpp.o -MF test/extension/CMakeFiles/test_extensions.dir/ub_test_extensions.cpp.o.d -o test/extension/CMakeFiles/test_extensions.dir/ub_test_extensions.cpp.o -c /home/pei/Project/duckdb-polr/build/release/test/extension/ub_test_extensions.cpp
[277/376] /usr/bin/ccache /usr/lib/ccache/c++ -DDUCKDB_BUILD_DIRECTORY=\"/home/pei/Project/duckdb-polr/build/release\" -DDUCKDB_BUILD_LIBRARY -DDUCKDB_BUILD_LOADABLE_EXTENSION -DENABLE_CROSS_PRODUCT_REWRITE=1 -DENABLE_DEBUG_PRINT=0 -DENABLE_MEASURE_EXE_TIME=0 -DENABLE_MERGE_BACK_PLAN=0 -DENABLE_PARALLEL_EXECUTION=0 -DENABLE_QUERY_SPLIT=1 -DENABLE_SPECIFY_EST_STAT=0 -I/home/pei/Project/duckdb-polr/src/include -I/home/pei/Project/duckdb-polr/third_party/fsst -I/home/pei/Project/duckdb-polr/third_party/fmt/include -I/home/pei/Project/duckdb-polr/third_party/hyperloglog -I/home/pei/Project/duckdb-polr/third_party/fastpforlib -I/home/pei/Project/duckdb-polr/third_party/fast_float -I/home/pei/Project/duckdb-polr/third_party/re2 -I/home/pei/Project/duckdb-polr/third_party/miniz -I/home/pei/Project/duckdb-polr/third_party/utf8proc/include -I/home/pei/Project/duckdb-polr/third_party/miniparquet -I/home/pei/Project/duckdb-polr/third_party/concurrentqueue -I/home/pei/Project/duckdb-polr/third_party/pcg -I/home/pei/Project/duckdb-polr/third_party/tdigest -I/home/pei/Project/duckdb-polr/third_party/mbedtls/include -I/home/pei/Project/duckdb-polr/third_party/jaro_winkler -I/home/pei/Project/duckdb-polr/test/../third_party/catch -I/home/pei/Project/duckdb-polr/test/../third_party/tpce-tool/include -I/home/pei/Project/duckdb-polr/test/../third_party/sqlite/include -I/home/pei/Project/duckdb-polr/test/include -O3 -DNDEBUG -O3 -DNDEBUG   -fPIC -fdiagnostics-color=always -std=c++11 -MD -MT test/extension/CMakeFiles/loadable_extension_demo_loadable_extension.dir/loadable_extension_demo.cpp.o -MF test/extension/CMakeFiles/loadable_extension_demo_loadable_extension.dir/loadable_extension_demo.cpp.o.d -o test/extension/CMakeFiles/loadable_extension_demo_loadable_extension.dir/loadable_extension_demo.cpp.o -c /home/pei/Project/duckdb-polr/test/extension/loadable_extension_demo.cpp
[278/376] : && /usr/lib/ccache/c++ -fPIC -O3 -DNDEBUG -O3 -DNDEBUG   -shared -Wl,-soname,loadable_extension_demo.duckdb_extension -o test/extension/loadable_extension_demo.duckdb_extension test/extension/CMakeFiles/loadable_extension_demo_loadable_extension.dir/loadable_extension_demo.cpp.o   && :
[279/376] /usr/bin/ccache /usr/lib/ccache/c++ -DDUCKDB_BUILD_LIBRARY -DENABLE_CROSS_PRODUCT_REWRITE=1 -DENABLE_DEBUG_PRINT=0 -DENABLE_MEASURE_EXE_TIME=0 -DENABLE_MERGE_BACK_PLAN=0 -DENABLE_PARALLEL_EXECUTION=0 -DENABLE_QUERY_SPLIT=1 -DENABLE_SPECIFY_EST_STAT=0 -I/home/pei/Project/duckdb-polr/src/include -I/home/pei/Project/duckdb-polr/third_party/fsst -I/home/pei/Project/duckdb-polr/third_party/fmt/include -I/home/pei/Project/duckdb-polr/third_party/hyperloglog -I/home/pei/Project/duckdb-polr/third_party/fastpforlib -I/home/pei/Project/duckdb-polr/third_party/fast_float -I/home/pei/Project/duckdb-polr/third_party/re2 -I/home/pei/Project/duckdb-polr/third_party/miniz -I/home/pei/Project/duckdb-polr/third_party/utf8proc/include -I/home/pei/Project/duckdb-polr/third_party/miniparquet -I/home/pei/Project/duckdb-polr/third_party/concurrentqueue -I/home/pei/Project/duckdb-polr/third_party/pcg -I/home/pei/Project/duckdb-polr/third_party/tdigest -I/home/pei/Project/duckdb-polr/third_party/mbedtls/include -I/home/pei/Project/duckdb-polr/third_party/jaro_winkler -I/home/pei/Project/duckdb-polr/test/../third_party/catch -I/home/pei/Project/duckdb-polr/test/../third_party/tpce-tool/include -I/home/pei/Project/duckdb-polr/test/../third_party/sqlite/include -I/home/pei/Project/duckdb-polr/test/include -I/home/pei/Project/duckdb-polr/third_party/libpg_query/include -O3 -DNDEBUG -O3 -DNDEBUG   -fPIC -fdiagnostics-color=always -std=c++11 -MD -MT test/helpers/CMakeFiles/test_helpers.dir/capi_tester.cpp.o -MF test/helpers/CMakeFiles/test_helpers.dir/capi_tester.cpp.o.d -o test/helpers/CMakeFiles/test_helpers.dir/capi_tester.cpp.o -c /home/pei/Project/duckdb-polr/test/helpers/capi_tester.cpp
[280/376] /usr/bin/ccache /usr/lib/ccache/c++ -DDUCKDB_BUILD_LIBRARY -DENABLE_CROSS_PRODUCT_REWRITE=1 -DENABLE_DEBUG_PRINT=0 -DENABLE_MEASURE_EXE_TIME=0 -DENABLE_MERGE_BACK_PLAN=0 -DENABLE_PARALLEL_EXECUTION=0 -DENABLE_QUERY_SPLIT=1 -DENABLE_SPECIFY_EST_STAT=0 -I/home/pei/Project/duckdb-polr/src/include -I/home/pei/Project/duckdb-polr/third_party/fsst -I/home/pei/Project/duckdb-polr/third_party/fmt/include -I/home/pei/Project/duckdb-polr/third_party/hyperloglog -I/home/pei/Project/duckdb-polr/third_party/fastpforlib -I/home/pei/Project/duckdb-polr/third_party/fast_float -I/home/pei/Project/duckdb-polr/third_party/re2 -I/home/pei/Project/duckdb-polr/third_party/miniz -I/home/pei/Project/duckdb-polr/third_party/utf8proc/include -I/home/pei/Project/duckdb-polr/third_party/miniparquet -I/home/pei/Project/duckdb-polr/third_party/concurrentqueue -I/home/pei/Project/duckdb-polr/third_party/pcg -I/home/pei/Project/duckdb-polr/third_party/tdigest -I/home/pei/Project/duckdb-polr/third_party/mbedtls/include -I/home/pei/Project/duckdb-polr/third_party/jaro_winkler -I/home/pei/Project/duckdb-polr/test/../third_party/catch -I/home/pei/Project/duckdb-polr/test/../third_party/tpce-tool/include -I/home/pei/Project/duckdb-polr/test/../third_party/sqlite/include -I/home/pei/Project/duckdb-polr/test/include -O3 -DNDEBUG -O3 -DNDEBUG   -fPIC -fdiagnostics-color=always -std=c++11 -MD -MT test/appender/CMakeFiles/test_appender.dir/ub_test_appender.cpp.o -MF test/appender/CMakeFiles/test_appender.dir/ub_test_appender.cpp.o.d -o test/appender/CMakeFiles/test_appender.dir/ub_test_appender.cpp.o -c /home/pei/Project/duckdb-polr/build/release/test/appender/ub_test_appender.cpp
[281/376] /usr/bin/ccache /usr/lib/ccache/c++ -DDUCKDB_BUILD_LIBRARY -DENABLE_CROSS_PRODUCT_REWRITE=1 -DENABLE_DEBUG_PRINT=0 -DENABLE_MEASURE_EXE_TIME=0 -DENABLE_MERGE_BACK_PLAN=0 -DENABLE_PARALLEL_EXECUTION=0 -DENABLE_QUERY_SPLIT=1 -DENABLE_SPECIFY_EST_STAT=0 -I/home/pei/Project/duckdb-polr/src/include -I/home/pei/Project/duckdb-polr/third_party/fsst -I/home/pei/Project/duckdb-polr/third_party/fmt/include -I/home/pei/Project/duckdb-polr/third_party/hyperloglog -I/home/pei/Project/duckdb-polr/third_party/fastpforlib -I/home/pei/Project/duckdb-polr/third_party/fast_float -I/home/pei/Project/duckdb-polr/third_party/re2 -I/home/pei/Project/duckdb-polr/third_party/miniz -I/home/pei/Project/duckdb-polr/third_party/utf8proc/include -I/home/pei/Project/duckdb-polr/third_party/miniparquet -I/home/pei/Project/duckdb-polr/third_party/concurrentqueue -I/home/pei/Project/duckdb-polr/third_party/pcg -I/home/pei/Project/duckdb-polr/third_party/tdigest -I/home/pei/Project/duckdb-polr/third_party/mbedtls/include -I/home/pei/Project/duckdb-polr/third_party/jaro_winkler -I/home/pei/Project/duckdb-polr/test/../third_party/catch -I/home/pei/Project/duckdb-polr/test/../third_party/tpce-tool/include -I/home/pei/Project/duckdb-polr/test/../third_party/sqlite/include -I/home/pei/Project/duckdb-polr/test/include -O3 -DNDEBUG -O3 -DNDEBUG   -fPIC -fdiagnostics-color=always -std=c++11 -MD -MT test/memoryleak/CMakeFiles/test_memory_leak.dir/ub_test_memory_leak.cpp.o -MF test/memoryleak/CMakeFiles/test_memory_leak.dir/ub_test_memory_leak.cpp.o.d -o test/memoryleak/CMakeFiles/test_memory_leak.dir/ub_test_memory_leak.cpp.o -c /home/pei/Project/duckdb-polr/build/release/test/memoryleak/ub_test_memory_leak.cpp
[282/376] /usr/bin/ccache /usr/lib/ccache/c++ -DDUCKDB_BUILD_LIBRARY -DENABLE_CROSS_PRODUCT_REWRITE=1 -DENABLE_DEBUG_PRINT=0 -DENABLE_MEASURE_EXE_TIME=0 -DENABLE_MERGE_BACK_PLAN=0 -DENABLE_PARALLEL_EXECUTION=0 -DENABLE_QUERY_SPLIT=1 -DENABLE_SPECIFY_EST_STAT=0 -I/home/pei/Project/duckdb-polr/src/include -I/home/pei/Project/duckdb-polr/third_party/fsst -I/home/pei/Project/duckdb-polr/third_party/fmt/include -I/home/pei/Project/duckdb-polr/third_party/hyperloglog -I/home/pei/Project/duckdb-polr/third_party/fastpforlib -I/home/pei/Project/duckdb-polr/third_party/fast_float -I/home/pei/Project/duckdb-polr/third_party/re2 -I/home/pei/Project/duckdb-polr/third_party/miniz -I/home/pei/Project/duckdb-polr/third_party/utf8proc/include -I/home/pei/Project/duckdb-polr/third_party/miniparquet -I/home/pei/Project/duckdb-polr/third_party/concurrentqueue -I/home/pei/Project/duckdb-polr/third_party/pcg -I/home/pei/Project/duckdb-polr/third_party/tdigest -I/home/pei/Project/duckdb-polr/third_party/mbedtls/include -I/home/pei/Project/duckdb-polr/third_party/jaro_winkler -I/home/pei/Project/duckdb-polr/test/../third_party/catch -I/home/pei/Project/duckdb-polr/test/../third_party/tpce-tool/include -I/home/pei/Project/duckdb-polr/test/../third_party/sqlite/include -I/home/pei/Project/duckdb-polr/test/include -I/home/pei/Project/duckdb-polr/third_party/libpg_query/include -O3 -DNDEBUG -O3 -DNDEBUG   -fPIC -fdiagnostics-color=always -std=c++11 -MD -MT test/helpers/CMakeFiles/test_helpers.dir/test_helpers.cpp.o -MF test/helpers/CMakeFiles/test_helpers.dir/test_helpers.cpp.o.d -o test/helpers/CMakeFiles/test_helpers.dir/test_helpers.cpp.o -c /home/pei/Project/duckdb-polr/test/helpers/test_helpers.cpp
[283/376] /usr/bin/ccache /usr/lib/ccache/c++ -DDUCKDB_BUILD_LIBRARY -DENABLE_CROSS_PRODUCT_REWRITE=1 -DENABLE_DEBUG_PRINT=0 -DENABLE_MEASURE_EXE_TIME=0 -DENABLE_MERGE_BACK_PLAN=0 -DENABLE_PARALLEL_EXECUTION=0 -DENABLE_QUERY_SPLIT=1 -DENABLE_SPECIFY_EST_STAT=0 -I/home/pei/Project/duckdb-polr/src/include -I/home/pei/Project/duckdb-polr/third_party/fsst -I/home/pei/Project/duckdb-polr/third_party/fmt/include -I/home/pei/Project/duckdb-polr/third_party/hyperloglog -I/home/pei/Project/duckdb-polr/third_party/fastpforlib -I/home/pei/Project/duckdb-polr/third_party/fast_float -I/home/pei/Project/duckdb-polr/third_party/re2 -I/home/pei/Project/duckdb-polr/third_party/miniz -I/home/pei/Project/duckdb-polr/third_party/utf8proc/include -I/home/pei/Project/duckdb-polr/third_party/miniparquet -I/home/pei/Project/duckdb-polr/third_party/concurrentqueue -I/home/pei/Project/duckdb-polr/third_party/pcg -I/home/pei/Project/duckdb-polr/third_party/tdigest -I/home/pei/Project/duckdb-polr/third_party/mbedtls/include -I/home/pei/Project/duckdb-polr/third_party/jaro_winkler -I/home/pei/Project/duckdb-polr/test/../third_party/catch -I/home/pei/Project/duckdb-polr/test/../third_party/tpce-tool/include -I/home/pei/Project/duckdb-polr/test/../third_party/sqlite/include -I/home/pei/Project/duckdb-polr/test/include -O3 -DNDEBUG -O3 -DNDEBUG   -fPIC -fdiagnostics-color=always -std=c++11 -MD -MT test/sql/filter/CMakeFiles/test_filter.dir/ub_test_filter.cpp.o -MF test/sql/filter/CMakeFiles/test_filter.dir/ub_test_filter.cpp.o.d -o test/sql/filter/CMakeFiles/test_filter.dir/ub_test_filter.cpp.o -c /home/pei/Project/duckdb-polr/build/release/test/sql/filter/ub_test_filter.cpp
[284/376] /usr/bin/ccache /usr/lib/ccache/c++ -DDUCKDB_BUILD_LIBRARY -DENABLE_CROSS_PRODUCT_REWRITE=1 -DENABLE_DEBUG_PRINT=0 -DENABLE_MEASURE_EXE_TIME=0 -DENABLE_MERGE_BACK_PLAN=0 -DENABLE_PARALLEL_EXECUTION=0 -DENABLE_QUERY_SPLIT=1 -DENABLE_SPECIFY_EST_STAT=0 -I/home/pei/Project/duckdb-polr/src/include -I/home/pei/Project/duckdb-polr/third_party/fsst -I/home/pei/Project/duckdb-polr/third_party/fmt/include -I/home/pei/Project/duckdb-polr/third_party/hyperloglog -I/home/pei/Project/duckdb-polr/third_party/fastpforlib -I/home/pei/Project/duckdb-polr/third_party/fast_float -I/home/pei/Project/duckdb-polr/third_party/re2 -I/home/pei/Project/duckdb-polr/third_party/miniz -I/home/pei/Project/duckdb-polr/third_party/utf8proc/include -I/home/pei/Project/duckdb-polr/third_party/miniparquet -I/home/pei/Project/duckdb-polr/third_party/concurrentqueue -I/home/pei/Project/duckdb-polr/third_party/pcg -I/home/pei/Project/duckdb-polr/third_party/tdigest -I/home/pei/Project/duckdb-polr/third_party/mbedtls/include -I/home/pei/Project/duckdb-polr/third_party/jaro_winkler -I/home/pei/Project/duckdb-polr/test/../third_party/catch -I/home/pei/Project/duckdb-polr/test/../third_party/tpce-tool/include -I/home/pei/Project/duckdb-polr/test/../third_party/sqlite/include -I/home/pei/Project/duckdb-polr/test/include -O3 -DNDEBUG -O3 -DNDEBUG   -fPIC -fdiagnostics-color=always -std=c++11 -MD -MT test/mbedtls/CMakeFiles/test_mbedtls.dir/ub_test_mbedtls.cpp.o -MF test/mbedtls/CMakeFiles/test_mbedtls.dir/ub_test_mbedtls.cpp.o.d -o test/mbedtls/CMakeFiles/test_mbedtls.dir/ub_test_mbedtls.cpp.o -c /home/pei/Project/duckdb-polr/build/release/test/mbedtls/ub_test_mbedtls.cpp
[285/376] /usr/bin/ccache /usr/lib/ccache/c++ -DDUCKDB_BUILD_LIBRARY -DENABLE_CROSS_PRODUCT_REWRITE=1 -DENABLE_DEBUG_PRINT=0 -DENABLE_MEASURE_EXE_TIME=0 -DENABLE_MERGE_BACK_PLAN=0 -DENABLE_PARALLEL_EXECUTION=0 -DENABLE_QUERY_SPLIT=1 -DENABLE_SPECIFY_EST_STAT=0 -I/home/pei/Project/duckdb-polr/src/include -I/home/pei/Project/duckdb-polr/third_party/fsst -I/home/pei/Project/duckdb-polr/third_party/fmt/include -I/home/pei/Project/duckdb-polr/third_party/hyperloglog -I/home/pei/Project/duckdb-polr/third_party/fastpforlib -I/home/pei/Project/duckdb-polr/third_party/fast_float -I/home/pei/Project/duckdb-polr/third_party/re2 -I/home/pei/Project/duckdb-polr/third_party/miniz -I/home/pei/Project/duckdb-polr/third_party/utf8proc/include -I/home/pei/Project/duckdb-polr/third_party/miniparquet -I/home/pei/Project/duckdb-polr/third_party/concurrentqueue -I/home/pei/Project/duckdb-polr/third_party/pcg -I/home/pei/Project/duckdb-polr/third_party/tdigest -I/home/pei/Project/duckdb-polr/third_party/mbedtls/include -I/home/pei/Project/duckdb-polr/third_party/jaro_winkler -I/home/pei/Project/duckdb-polr/test/../third_party/catch -I/home/pei/Project/duckdb-polr/test/../third_party/tpce-tool/include -I/home/pei/Project/duckdb-polr/test/../third_party/sqlite/include -I/home/pei/Project/duckdb-polr/test/include -O3 -DNDEBUG -O3 -DNDEBUG   -fPIC -fdiagnostics-color=always -std=c++11 -MD -MT test/sql/function/table/CMakeFiles/test_table_function.dir/ub_test_table_function.cpp.o -MF test/sql/function/table/CMakeFiles/test_table_function.dir/ub_test_table_function.cpp.o.d -o test/sql/function/table/CMakeFiles/test_table_function.dir/ub_test_table_function.cpp.o -c /home/pei/Project/duckdb-polr/build/release/test/sql/function/table/ub_test_table_function.cpp
[286/376] /usr/bin/ccache /usr/lib/ccache/c++ -DDUCKDB_BUILD_LIBRARY -DENABLE_CROSS_PRODUCT_REWRITE=1 -DENABLE_DEBUG_PRINT=0 -DENABLE_MEASURE_EXE_TIME=0 -DENABLE_MERGE_BACK_PLAN=0 -DENABLE_PARALLEL_EXECUTION=0 -DENABLE_QUERY_SPLIT=1 -DENABLE_SPECIFY_EST_STAT=0 -I/home/pei/Project/duckdb-polr/src/include -I/home/pei/Project/duckdb-polr/third_party/fsst -I/home/pei/Project/duckdb-polr/third_party/fmt/include -I/home/pei/Project/duckdb-polr/third_party/hyperloglog -I/home/pei/Project/duckdb-polr/third_party/fastpforlib -I/home/pei/Project/duckdb-polr/third_party/fast_float -I/home/pei/Project/duckdb-polr/third_party/re2 -I/home/pei/Project/duckdb-polr/third_party/miniz -I/home/pei/Project/duckdb-polr/third_party/utf8proc/include -I/home/pei/Project/duckdb-polr/third_party/miniparquet -I/home/pei/Project/duckdb-polr/third_party/concurrentqueue -I/home/pei/Project/duckdb-polr/third_party/pcg -I/home/pei/Project/duckdb-polr/third_party/tdigest -I/home/pei/Project/duckdb-polr/third_party/mbedtls/include -I/home/pei/Project/duckdb-polr/third_party/jaro_winkler -O3 -DNDEBUG -O3 -DNDEBUG   -fPIC -fdiagnostics-color=always -w -std=c++11 -MD -MT third_party/fmt/CMakeFiles/duckdb_fmt.dir/format.cc.o -MF third_party/fmt/CMakeFiles/duckdb_fmt.dir/format.cc.o.d -o third_party/fmt/CMakeFiles/duckdb_fmt.dir/format.cc.o -c /home/pei/Project/duckdb-polr/third_party/fmt/format.cc
[287/376] : && /usr/bin/cmake -E rm -f third_party/fmt/libduckdb_fmt.a && /usr/bin/ar qc third_party/fmt/libduckdb_fmt.a  third_party/fmt/CMakeFiles/duckdb_fmt.dir/format.cc.o && /usr/bin/ranlib third_party/fmt/libduckdb_fmt.a && :
[288/376] /usr/bin/ccache /usr/lib/ccache/c++ -DDUCKDB_BUILD_LIBRARY -DENABLE_CROSS_PRODUCT_REWRITE=1 -DENABLE_DEBUG_PRINT=0 -DENABLE_MEASURE_EXE_TIME=0 -DENABLE_MERGE_BACK_PLAN=0 -DENABLE_PARALLEL_EXECUTION=0 -DENABLE_QUERY_SPLIT=1 -DENABLE_SPECIFY_EST_STAT=0 -I/home/pei/Project/duckdb-polr/src/include -I/home/pei/Project/duckdb-polr/third_party/fsst -I/home/pei/Project/duckdb-polr/third_party/fmt/include -I/home/pei/Project/duckdb-polr/third_party/hyperloglog -I/home/pei/Project/duckdb-polr/third_party/fastpforlib -I/home/pei/Project/duckdb-polr/third_party/fast_float -I/home/pei/Project/duckdb-polr/third_party/re2 -I/home/pei/Project/duckdb-polr/third_party/miniz -I/home/pei/Project/duckdb-polr/third_party/utf8proc/include -I/home/pei/Project/duckdb-polr/third_party/miniparquet -I/home/pei/Project/duckdb-polr/third_party/concurrentqueue -I/home/pei/Project/duckdb-polr/third_party/pcg -I/home/pei/Project/duckdb-polr/third_party/tdigest -I/home/pei/Project/duckdb-polr/third_party/mbedtls/include -I/home/pei/Project/duckdb-polr/third_party/jaro_winkler -I/home/pei/Project/duckdb-polr/third_party/libpg_query/include -O3 -DNDEBUG -O3 -DNDEBUG   -fPIC -fvisibility=hidden -fdiagnostics-color=always -w -std=c++11 -MD -MT third_party/libpg_query/CMakeFiles/duckdb_pg_query.dir/postgres_parser.cpp.o -MF third_party/libpg_query/CMakeFiles/duckdb_pg_query.dir/postgres_parser.cpp.o.d -o third_party/libpg_query/CMakeFiles/duckdb_pg_query.dir/postgres_parser.cpp.o -c /home/pei/Project/duckdb-polr/third_party/libpg_query/postgres_parser.cpp
[289/376] /usr/bin/ccache /usr/lib/ccache/c++ -DDUCKDB_BUILD_LIBRARY -DENABLE_CROSS_PRODUCT_REWRITE=1 -DENABLE_DEBUG_PRINT=0 -DENABLE_MEASURE_EXE_TIME=0 -DENABLE_MERGE_BACK_PLAN=0 -DENABLE_PARALLEL_EXECUTION=0 -DENABLE_QUERY_SPLIT=1 -DENABLE_SPECIFY_EST_STAT=0 -I/home/pei/Project/duckdb-polr/src/include -I/home/pei/Project/duckdb-polr/third_party/fsst -I/home/pei/Project/duckdb-polr/third_party/fmt/include -I/home/pei/Project/duckdb-polr/third_party/hyperloglog -I/home/pei/Project/duckdb-polr/third_party/fastpforlib -I/home/pei/Project/duckdb-polr/third_party/fast_float -I/home/pei/Project/duckdb-polr/third_party/re2 -I/home/pei/Project/duckdb-polr/third_party/miniz -I/home/pei/Project/duckdb-polr/third_party/utf8proc/include -I/home/pei/Project/duckdb-polr/third_party/miniparquet -I/home/pei/Project/duckdb-polr/third_party/concurrentqueue -I/home/pei/Project/duckdb-polr/third_party/pcg -I/home/pei/Project/duckdb-polr/third_party/tdigest -I/home/pei/Project/duckdb-polr/third_party/mbedtls/include -I/home/pei/Project/duckdb-polr/third_party/jaro_winkler -I/home/pei/Project/duckdb-polr/third_party/libpg_query/include -O3 -DNDEBUG -O3 -DNDEBUG   -fPIC -fvisibility=hidden -fdiagnostics-color=always -w -std=c++11 -MD -MT third_party/libpg_query/CMakeFiles/duckdb_pg_query.dir/pg_functions.cpp.o -MF third_party/libpg_query/CMakeFiles/duckdb_pg_query.dir/pg_functions.cpp.o.d -o third_party/libpg_query/CMakeFiles/duckdb_pg_query.dir/pg_functions.cpp.o -c /home/pei/Project/duckdb-polr/third_party/libpg_query/pg_functions.cpp
[290/376] /usr/bin/ccache /usr/lib/ccache/c++ -DDUCKDB_BUILD_LIBRARY -DENABLE_CROSS_PRODUCT_REWRITE=1 -DENABLE_DEBUG_PRINT=0 -DENABLE_MEASURE_EXE_TIME=0 -DENABLE_MERGE_BACK_PLAN=0 -DENABLE_PARALLEL_EXECUTION=0 -DENABLE_QUERY_SPLIT=1 -DENABLE_SPECIFY_EST_STAT=0 -I/home/pei/Project/duckdb-polr/src/include -I/home/pei/Project/duckdb-polr/third_party/fsst -I/home/pei/Project/duckdb-polr/third_party/fmt/include -I/home/pei/Project/duckdb-polr/third_party/hyperloglog -I/home/pei/Project/duckdb-polr/third_party/fastpforlib -I/home/pei/Project/duckdb-polr/third_party/fast_float -I/home/pei/Project/duckdb-polr/third_party/re2 -I/home/pei/Project/duckdb-polr/third_party/miniz -I/home/pei/Project/duckdb-polr/third_party/utf8proc/include -I/home/pei/Project/duckdb-polr/third_party/miniparquet -I/home/pei/Project/duckdb-polr/third_party/concurrentqueue -I/home/pei/Project/duckdb-polr/third_party/pcg -I/home/pei/Project/duckdb-polr/third_party/tdigest -I/home/pei/Project/duckdb-polr/third_party/mbedtls/include -I/home/pei/Project/duckdb-polr/third_party/jaro_winkler -I/home/pei/Project/duckdb-polr/third_party/libpg_query/include -O3 -DNDEBUG -O3 -DNDEBUG   -fPIC -fvisibility=hidden -fdiagnostics-color=always -w -std=c++11 -MD -MT third_party/libpg_query/CMakeFiles/duckdb_pg_query.dir/src_backend_parser_parser.cpp.o -MF third_party/libpg_query/CMakeFiles/duckdb_pg_query.dir/src_backend_parser_parser.cpp.o.d -o third_party/libpg_query/CMakeFiles/duckdb_pg_query.dir/src_backend_parser_parser.cpp.o -c /home/pei/Project/duckdb-polr/third_party/libpg_query/src_backend_parser_parser.cpp
[291/376] /usr/bin/ccache /usr/lib/ccache/c++ -DDUCKDB_BUILD_LIBRARY -DENABLE_CROSS_PRODUCT_REWRITE=1 -DENABLE_DEBUG_PRINT=0 -DENABLE_MEASURE_EXE_TIME=0 -DENABLE_MERGE_BACK_PLAN=0 -DENABLE_PARALLEL_EXECUTION=0 -DENABLE_QUERY_SPLIT=1 -DENABLE_SPECIFY_EST_STAT=0 -I/home/pei/Project/duckdb-polr/src/include -I/home/pei/Project/duckdb-polr/third_party/fsst -I/home/pei/Project/duckdb-polr/third_party/fmt/include -I/home/pei/Project/duckdb-polr/third_party/hyperloglog -I/home/pei/Project/duckdb-polr/third_party/fastpforlib -I/home/pei/Project/duckdb-polr/third_party/fast_float -I/home/pei/Project/duckdb-polr/third_party/re2 -I/home/pei/Project/duckdb-polr/third_party/miniz -I/home/pei/Project/duckdb-polr/third_party/utf8proc/include -I/home/pei/Project/duckdb-polr/third_party/miniparquet -I/home/pei/Project/duckdb-polr/third_party/concurrentqueue -I/home/pei/Project/duckdb-polr/third_party/pcg -I/home/pei/Project/duckdb-polr/third_party/tdigest -I/home/pei/Project/duckdb-polr/third_party/mbedtls/include -I/home/pei/Project/duckdb-polr/third_party/jaro_winkler -I/home/pei/Project/duckdb-polr/third_party/libpg_query/include -O3 -DNDEBUG -O3 -DNDEBUG   -fPIC -fvisibility=hidden -fdiagnostics-color=always -w -std=c++11 -MD -MT third_party/libpg_query/CMakeFiles/duckdb_pg_query.dir/src_backend_parser_gram.cpp.o -MF third_party/libpg_query/CMakeFiles/duckdb_pg_query.dir/src_backend_parser_gram.cpp.o.d -o third_party/libpg_query/CMakeFiles/duckdb_pg_query.dir/src_backend_parser_gram.cpp.o -c /home/pei/Project/duckdb-polr/third_party/libpg_query/src_backend_parser_gram.cpp
[292/376] /usr/bin/ccache /usr/lib/ccache/c++ -DDUCKDB_BUILD_LIBRARY -DENABLE_CROSS_PRODUCT_REWRITE=1 -DENABLE_DEBUG_PRINT=0 -DENABLE_MEASURE_EXE_TIME=0 -DENABLE_MERGE_BACK_PLAN=0 -DENABLE_PARALLEL_EXECUTION=0 -DENABLE_QUERY_SPLIT=1 -DENABLE_SPECIFY_EST_STAT=0 -I/home/pei/Project/duckdb-polr/src/include -I/home/pei/Project/duckdb-polr/third_party/fsst -I/home/pei/Project/duckdb-polr/third_party/fmt/include -I/home/pei/Project/duckdb-polr/third_party/hyperloglog -I/home/pei/Project/duckdb-polr/third_party/fastpforlib -I/home/pei/Project/duckdb-polr/third_party/fast_float -I/home/pei/Project/duckdb-polr/third_party/re2 -I/home/pei/Project/duckdb-polr/third_party/miniz -I/home/pei/Project/duckdb-polr/third_party/utf8proc/include -I/home/pei/Project/duckdb-polr/third_party/miniparquet -I/home/pei/Project/duckdb-polr/third_party/concurrentqueue -I/home/pei/Project/duckdb-polr/third_party/pcg -I/home/pei/Project/duckdb-polr/third_party/tdigest -I/home/pei/Project/duckdb-polr/third_party/mbedtls/include -I/home/pei/Project/duckdb-polr/third_party/jaro_winkler -I/home/pei/Project/duckdb-polr/test/../third_party/catch -I/home/pei/Project/duckdb-polr/test/../third_party/tpce-tool/include -I/home/pei/Project/duckdb-polr/test/../third_party/sqlite/include -I/home/pei/Project/duckdb-polr/test/include -O3 -DNDEBUG -O3 -DNDEBUG   -fPIC -fdiagnostics-color=always -std=c++11 -MD -MT test/sql/storage/catalog/CMakeFiles/test_sql_storage_catalog.dir/ub_test_sql_storage_catalog.cpp.o -MF test/sql/storage/catalog/CMakeFiles/test_sql_storage_catalog.dir/ub_test_sql_storage_catalog.cpp.o.d -o test/sql/storage/catalog/CMakeFiles/test_sql_storage_catalog.dir/ub_test_sql_storage_catalog.cpp.o -c /home/pei/Project/duckdb-polr/build/release/test/sql/storage/catalog/ub_test_sql_storage_catalog.cpp
[293/376] /usr/bin/ccache /usr/lib/ccache/c++ -DDUCKDB_BUILD_LIBRARY -DENABLE_CROSS_PRODUCT_REWRITE=1 -DENABLE_DEBUG_PRINT=0 -DENABLE_MEASURE_EXE_TIME=0 -DENABLE_MERGE_BACK_PLAN=0 -DENABLE_PARALLEL_EXECUTION=0 -DENABLE_QUERY_SPLIT=1 -DENABLE_SPECIFY_EST_STAT=0 -I/home/pei/Project/duckdb-polr/src/include -I/home/pei/Project/duckdb-polr/third_party/fsst -I/home/pei/Project/duckdb-polr/third_party/fmt/include -I/home/pei/Project/duckdb-polr/third_party/hyperloglog -I/home/pei/Project/duckdb-polr/third_party/fastpforlib -I/home/pei/Project/duckdb-polr/third_party/fast_float -I/home/pei/Project/duckdb-polr/third_party/re2 -I/home/pei/Project/duckdb-polr/third_party/miniz -I/home/pei/Project/duckdb-polr/third_party/utf8proc/include -I/home/pei/Project/duckdb-polr/third_party/miniparquet -I/home/pei/Project/duckdb-polr/third_party/concurrentqueue -I/home/pei/Project/duckdb-polr/third_party/pcg -I/home/pei/Project/duckdb-polr/third_party/tdigest -I/home/pei/Project/duckdb-polr/third_party/mbedtls/include -I/home/pei/Project/duckdb-polr/third_party/jaro_winkler -I/home/pei/Project/duckdb-polr/third_party/libpg_query/include -O3 -DNDEBUG -O3 -DNDEBUG   -fPIC -fvisibility=hidden -fdiagnostics-color=always -w -std=c++11 -MD -MT third_party/libpg_query/CMakeFiles/duckdb_pg_query.dir/src_backend_nodes_list.cpp.o -MF third_party/libpg_query/CMakeFiles/duckdb_pg_query.dir/src_backend_nodes_list.cpp.o.d -o third_party/libpg_query/CMakeFiles/duckdb_pg_query.dir/src_backend_nodes_list.cpp.o -c /home/pei/Project/duckdb-polr/third_party/libpg_query/src_backend_nodes_list.cpp
[294/376] /usr/bin/ccache /usr/lib/ccache/c++ -DDUCKDB_BUILD_LIBRARY -DENABLE_CROSS_PRODUCT_REWRITE=1 -DENABLE_DEBUG_PRINT=0 -DENABLE_MEASURE_EXE_TIME=0 -DENABLE_MERGE_BACK_PLAN=0 -DENABLE_PARALLEL_EXECUTION=0 -DENABLE_QUERY_SPLIT=1 -DENABLE_SPECIFY_EST_STAT=0 -I/home/pei/Project/duckdb-polr/src/include -I/home/pei/Project/duckdb-polr/third_party/fsst -I/home/pei/Project/duckdb-polr/third_party/fmt/include -I/home/pei/Project/duckdb-polr/third_party/hyperloglog -I/home/pei/Project/duckdb-polr/third_party/fastpforlib -I/home/pei/Project/duckdb-polr/third_party/fast_float -I/home/pei/Project/duckdb-polr/third_party/re2 -I/home/pei/Project/duckdb-polr/third_party/miniz -I/home/pei/Project/duckdb-polr/third_party/utf8proc/include -I/home/pei/Project/duckdb-polr/third_party/miniparquet -I/home/pei/Project/duckdb-polr/third_party/concurrentqueue -I/home/pei/Project/duckdb-polr/third_party/pcg -I/home/pei/Project/duckdb-polr/third_party/tdigest -I/home/pei/Project/duckdb-polr/third_party/mbedtls/include -I/home/pei/Project/duckdb-polr/third_party/jaro_winkler -I/home/pei/Project/duckdb-polr/third_party/libpg_query/include -O3 -DNDEBUG -O3 -DNDEBUG   -fPIC -fvisibility=hidden -fdiagnostics-color=always -w -std=c++11 -MD -MT third_party/libpg_query/CMakeFiles/duckdb_pg_query.dir/src_backend_parser_scansup.cpp.o -MF third_party/libpg_query/CMakeFiles/duckdb_pg_query.dir/src_backend_parser_scansup.cpp.o.d -o third_party/libpg_query/CMakeFiles/duckdb_pg_query.dir/src_backend_parser_scansup.cpp.o -c /home/pei/Project/duckdb-polr/third_party/libpg_query/src_backend_parser_scansup.cpp
[295/376] /usr/bin/ccache /usr/lib/ccache/c++ -DDUCKDB_BUILD_LIBRARY -DENABLE_CROSS_PRODUCT_REWRITE=1 -DENABLE_DEBUG_PRINT=0 -DENABLE_MEASURE_EXE_TIME=0 -DENABLE_MERGE_BACK_PLAN=0 -DENABLE_PARALLEL_EXECUTION=0 -DENABLE_QUERY_SPLIT=1 -DENABLE_SPECIFY_EST_STAT=0 -I/home/pei/Project/duckdb-polr/src/include -I/home/pei/Project/duckdb-polr/third_party/fsst -I/home/pei/Project/duckdb-polr/third_party/fmt/include -I/home/pei/Project/duckdb-polr/third_party/hyperloglog -I/home/pei/Project/duckdb-polr/third_party/fastpforlib -I/home/pei/Project/duckdb-polr/third_party/fast_float -I/home/pei/Project/duckdb-polr/third_party/re2 -I/home/pei/Project/duckdb-polr/third_party/miniz -I/home/pei/Project/duckdb-polr/third_party/utf8proc/include -I/home/pei/Project/duckdb-polr/third_party/miniparquet -I/home/pei/Project/duckdb-polr/third_party/concurrentqueue -I/home/pei/Project/duckdb-polr/third_party/pcg -I/home/pei/Project/duckdb-polr/third_party/tdigest -I/home/pei/Project/duckdb-polr/third_party/mbedtls/include -I/home/pei/Project/duckdb-polr/third_party/jaro_winkler -I/home/pei/Project/duckdb-polr/third_party/libpg_query/include -O3 -DNDEBUG -O3 -DNDEBUG   -fPIC -fvisibility=hidden -fdiagnostics-color=always -w -std=c++11 -MD -MT third_party/libpg_query/CMakeFiles/duckdb_pg_query.dir/src_backend_nodes_makefuncs.cpp.o -MF third_party/libpg_query/CMakeFiles/duckdb_pg_query.dir/src_backend_nodes_makefuncs.cpp.o.d -o third_party/libpg_query/CMakeFiles/duckdb_pg_query.dir/src_backend_nodes_makefuncs.cpp.o -c /home/pei/Project/duckdb-polr/third_party/libpg_query/src_backend_nodes_makefuncs.cpp
[296/376] /usr/bin/ccache /usr/lib/ccache/c++ -DDUCKDB_BUILD_LIBRARY -DENABLE_CROSS_PRODUCT_REWRITE=1 -DENABLE_DEBUG_PRINT=0 -DENABLE_MEASURE_EXE_TIME=0 -DENABLE_MERGE_BACK_PLAN=0 -DENABLE_PARALLEL_EXECUTION=0 -DENABLE_QUERY_SPLIT=1 -DENABLE_SPECIFY_EST_STAT=0 -I/home/pei/Project/duckdb-polr/src/include -I/home/pei/Project/duckdb-polr/third_party/fsst -I/home/pei/Project/duckdb-polr/third_party/fmt/include -I/home/pei/Project/duckdb-polr/third_party/hyperloglog -I/home/pei/Project/duckdb-polr/third_party/fastpforlib -I/home/pei/Project/duckdb-polr/third_party/fast_float -I/home/pei/Project/duckdb-polr/third_party/re2 -I/home/pei/Project/duckdb-polr/third_party/miniz -I/home/pei/Project/duckdb-polr/third_party/utf8proc/include -I/home/pei/Project/duckdb-polr/third_party/miniparquet -I/home/pei/Project/duckdb-polr/third_party/concurrentqueue -I/home/pei/Project/duckdb-polr/third_party/pcg -I/home/pei/Project/duckdb-polr/third_party/tdigest -I/home/pei/Project/duckdb-polr/third_party/mbedtls/include -I/home/pei/Project/duckdb-polr/third_party/jaro_winkler -I/home/pei/Project/duckdb-polr/test/../third_party/catch -I/home/pei/Project/duckdb-polr/test/../third_party/tpce-tool/include -I/home/pei/Project/duckdb-polr/test/../third_party/sqlite/include -I/home/pei/Project/duckdb-polr/test/include -O3 -DNDEBUG -O3 -DNDEBUG   -fPIC -fdiagnostics-color=always -std=c++11 -MD -MT test/common/CMakeFiles/test_common.dir/ub_test_common.cpp.o -MF test/common/CMakeFiles/test_common.dir/ub_test_common.cpp.o.d -o test/common/CMakeFiles/test_common.dir/ub_test_common.cpp.o -c /home/pei/Project/duckdb-polr/build/release/test/common/ub_test_common.cpp
[297/376] /usr/bin/ccache /usr/lib/ccache/c++ -DDUCKDB_BUILD_LIBRARY -DENABLE_CROSS_PRODUCT_REWRITE=1 -DENABLE_DEBUG_PRINT=0 -DENABLE_MEASURE_EXE_TIME=0 -DENABLE_MERGE_BACK_PLAN=0 -DENABLE_PARALLEL_EXECUTION=0 -DENABLE_QUERY_SPLIT=1 -DENABLE_SPECIFY_EST_STAT=0 -I/home/pei/Project/duckdb-polr/src/include -I/home/pei/Project/duckdb-polr/third_party/fsst -I/home/pei/Project/duckdb-polr/third_party/fmt/include -I/home/pei/Project/duckdb-polr/third_party/hyperloglog -I/home/pei/Project/duckdb-polr/third_party/fastpforlib -I/home/pei/Project/duckdb-polr/third_party/fast_float -I/home/pei/Project/duckdb-polr/third_party/re2 -I/home/pei/Project/duckdb-polr/third_party/miniz -I/home/pei/Project/duckdb-polr/third_party/utf8proc/include -I/home/pei/Project/duckdb-polr/third_party/miniparquet -I/home/pei/Project/duckdb-polr/third_party/concurrentqueue -I/home/pei/Project/duckdb-polr/third_party/pcg -I/home/pei/Project/duckdb-polr/third_party/tdigest -I/home/pei/Project/duckdb-polr/third_party/mbedtls/include -I/home/pei/Project/duckdb-polr/third_party/jaro_winkler -I/home/pei/Project/duckdb-polr/third_party/libpg_query/include -O3 -DNDEBUG -O3 -DNDEBUG   -fPIC -fvisibility=hidden -fdiagnostics-color=always -w -std=c++11 -MD -MT third_party/libpg_query/CMakeFiles/duckdb_pg_query.dir/src_backend_nodes_value.cpp.o -MF third_party/libpg_query/CMakeFiles/duckdb_pg_query.dir/src_backend_nodes_value.cpp.o.d -o third_party/libpg_query/CMakeFiles/duckdb_pg_query.dir/src_backend_nodes_value.cpp.o -c /home/pei/Project/duckdb-polr/third_party/libpg_query/src_backend_nodes_value.cpp
[298/376] /usr/bin/ccache /usr/lib/ccache/c++ -DDUCKDB_BUILD_LIBRARY -DENABLE_CROSS_PRODUCT_REWRITE=1 -DENABLE_DEBUG_PRINT=0 -DENABLE_MEASURE_EXE_TIME=0 -DENABLE_MERGE_BACK_PLAN=0 -DENABLE_PARALLEL_EXECUTION=0 -DENABLE_QUERY_SPLIT=1 -DENABLE_SPECIFY_EST_STAT=0 -I/home/pei/Project/duckdb-polr/src/include -I/home/pei/Project/duckdb-polr/third_party/fsst -I/home/pei/Project/duckdb-polr/third_party/fmt/include -I/home/pei/Project/duckdb-polr/third_party/hyperloglog -I/home/pei/Project/duckdb-polr/third_party/fastpforlib -I/home/pei/Project/duckdb-polr/third_party/fast_float -I/home/pei/Project/duckdb-polr/third_party/re2 -I/home/pei/Project/duckdb-polr/third_party/miniz -I/home/pei/Project/duckdb-polr/third_party/utf8proc/include -I/home/pei/Project/duckdb-polr/third_party/miniparquet -I/home/pei/Project/duckdb-polr/third_party/concurrentqueue -I/home/pei/Project/duckdb-polr/third_party/pcg -I/home/pei/Project/duckdb-polr/third_party/tdigest -I/home/pei/Project/duckdb-polr/third_party/mbedtls/include -I/home/pei/Project/duckdb-polr/third_party/jaro_winkler -I/home/pei/Project/duckdb-polr/third_party/libpg_query/include -O3 -DNDEBUG -O3 -DNDEBUG   -fPIC -fvisibility=hidden -fdiagnostics-color=always -w -std=c++11 -MD -MT third_party/libpg_query/CMakeFiles/duckdb_pg_query.dir/src_common_keywords.cpp.o -MF third_party/libpg_query/CMakeFiles/duckdb_pg_query.dir/src_common_keywords.cpp.o.d -o third_party/libpg_query/CMakeFiles/duckdb_pg_query.dir/src_common_keywords.cpp.o -c /home/pei/Project/duckdb-polr/third_party/libpg_query/src_common_keywords.cpp
[299/376] /usr/bin/ccache /usr/lib/ccache/c++ -DDUCKDB_BUILD_LIBRARY -DENABLE_CROSS_PRODUCT_REWRITE=1 -DENABLE_DEBUG_PRINT=0 -DENABLE_MEASURE_EXE_TIME=0 -DENABLE_MERGE_BACK_PLAN=0 -DENABLE_PARALLEL_EXECUTION=0 -DENABLE_QUERY_SPLIT=1 -DENABLE_SPECIFY_EST_STAT=0 -I/home/pei/Project/duckdb-polr/src/include -I/home/pei/Project/duckdb-polr/third_party/fsst -I/home/pei/Project/duckdb-polr/third_party/fmt/include -I/home/pei/Project/duckdb-polr/third_party/hyperloglog -I/home/pei/Project/duckdb-polr/third_party/fastpforlib -I/home/pei/Project/duckdb-polr/third_party/fast_float -I/home/pei/Project/duckdb-polr/third_party/re2 -I/home/pei/Project/duckdb-polr/third_party/miniz -I/home/pei/Project/duckdb-polr/third_party/utf8proc/include -I/home/pei/Project/duckdb-polr/third_party/miniparquet -I/home/pei/Project/duckdb-polr/third_party/concurrentqueue -I/home/pei/Project/duckdb-polr/third_party/pcg -I/home/pei/Project/duckdb-polr/third_party/tdigest -I/home/pei/Project/duckdb-polr/third_party/mbedtls/include -I/home/pei/Project/duckdb-polr/third_party/jaro_winkler -I/home/pei/Project/duckdb-polr/third_party/libpg_query/include -O3 -DNDEBUG -O3 -DNDEBUG   -fPIC -fvisibility=hidden -fdiagnostics-color=always -w -std=c++11 -MD -MT third_party/libpg_query/CMakeFiles/duckdb_pg_query.dir/src_backend_parser_scan.cpp.o -MF third_party/libpg_query/CMakeFiles/duckdb_pg_query.dir/src_backend_parser_scan.cpp.o.d -o third_party/libpg_query/CMakeFiles/duckdb_pg_query.dir/src_backend_parser_scan.cpp.o -c /home/pei/Project/duckdb-polr/third_party/libpg_query/src_backend_parser_scan.cpp
[300/376] : && /usr/bin/cmake -E rm -f third_party/libpg_query/libduckdb_pg_query.a && /usr/bin/ar qc third_party/libpg_query/libduckdb_pg_query.a  third_party/libpg_query/CMakeFiles/duckdb_pg_query.dir/postgres_parser.cpp.o third_party/libpg_query/CMakeFiles/duckdb_pg_query.dir/pg_functions.cpp.o third_party/libpg_query/CMakeFiles/duckdb_pg_query.dir/src_backend_parser_parser.cpp.o third_party/libpg_query/CMakeFiles/duckdb_pg_query.dir/src_backend_parser_gram.cpp.o third_party/libpg_query/CMakeFiles/duckdb_pg_query.dir/src_backend_nodes_list.cpp.o third_party/libpg_query/CMakeFiles/duckdb_pg_query.dir/src_backend_parser_scansup.cpp.o third_party/libpg_query/CMakeFiles/duckdb_pg_query.dir/src_backend_nodes_makefuncs.cpp.o third_party/libpg_query/CMakeFiles/duckdb_pg_query.dir/src_backend_nodes_value.cpp.o third_party/libpg_query/CMakeFiles/duckdb_pg_query.dir/src_backend_parser_scan.cpp.o third_party/libpg_query/CMakeFiles/duckdb_pg_query.dir/src_common_keywords.cpp.o && /usr/bin/ranlib third_party/libpg_query/libduckdb_pg_query.a && :
[301/376] /usr/bin/ccache /usr/lib/ccache/c++ -DDUCKDB_BUILD_LIBRARY -DENABLE_CROSS_PRODUCT_REWRITE=1 -DENABLE_DEBUG_PRINT=0 -DENABLE_MEASURE_EXE_TIME=0 -DENABLE_MERGE_BACK_PLAN=0 -DENABLE_PARALLEL_EXECUTION=0 -DENABLE_QUERY_SPLIT=1 -DENABLE_SPECIFY_EST_STAT=0 -I/home/pei/Project/duckdb-polr/src/include -I/home/pei/Project/duckdb-polr/third_party/fsst -I/home/pei/Project/duckdb-polr/third_party/fmt/include -I/home/pei/Project/duckdb-polr/third_party/hyperloglog -I/home/pei/Project/duckdb-polr/third_party/fastpforlib -I/home/pei/Project/duckdb-polr/third_party/fast_float -I/home/pei/Project/duckdb-polr/third_party/re2 -I/home/pei/Project/duckdb-polr/third_party/miniz -I/home/pei/Project/duckdb-polr/third_party/utf8proc/include -I/home/pei/Project/duckdb-polr/third_party/miniparquet -I/home/pei/Project/duckdb-polr/third_party/concurrentqueue -I/home/pei/Project/duckdb-polr/third_party/pcg -I/home/pei/Project/duckdb-polr/third_party/tdigest -I/home/pei/Project/duckdb-polr/third_party/mbedtls/include -I/home/pei/Project/duckdb-polr/third_party/jaro_winkler -O3 -DNDEBUG -O3 -DNDEBUG   -fPIC -fvisibility=hidden -fdiagnostics-color=always -std=c++11 -w -std=c++11 -MD -MT third_party/re2/CMakeFiles/duckdb_re2.dir/re2/bitstate.cc.o -MF third_party/re2/CMakeFiles/duckdb_re2.dir/re2/bitstate.cc.o.d -o third_party/re2/CMakeFiles/duckdb_re2.dir/re2/bitstate.cc.o -c /home/pei/Project/duckdb-polr/third_party/re2/re2/bitstate.cc
[302/376] /usr/bin/ccache /usr/lib/ccache/c++ -DDUCKDB_BUILD_LIBRARY -DENABLE_CROSS_PRODUCT_REWRITE=1 -DENABLE_DEBUG_PRINT=0 -DENABLE_MEASURE_EXE_TIME=0 -DENABLE_MERGE_BACK_PLAN=0 -DENABLE_PARALLEL_EXECUTION=0 -DENABLE_QUERY_SPLIT=1 -DENABLE_SPECIFY_EST_STAT=0 -I/home/pei/Project/duckdb-polr/src/include -I/home/pei/Project/duckdb-polr/third_party/fsst -I/home/pei/Project/duckdb-polr/third_party/fmt/include -I/home/pei/Project/duckdb-polr/third_party/hyperloglog -I/home/pei/Project/duckdb-polr/third_party/fastpforlib -I/home/pei/Project/duckdb-polr/third_party/fast_float -I/home/pei/Project/duckdb-polr/third_party/re2 -I/home/pei/Project/duckdb-polr/third_party/miniz -I/home/pei/Project/duckdb-polr/third_party/utf8proc/include -I/home/pei/Project/duckdb-polr/third_party/miniparquet -I/home/pei/Project/duckdb-polr/third_party/concurrentqueue -I/home/pei/Project/duckdb-polr/third_party/pcg -I/home/pei/Project/duckdb-polr/third_party/tdigest -I/home/pei/Project/duckdb-polr/third_party/mbedtls/include -I/home/pei/Project/duckdb-polr/third_party/jaro_winkler -O3 -DNDEBUG -O3 -DNDEBUG   -fPIC -fvisibility=hidden -fdiagnostics-color=always -std=c++11 -w -std=c++11 -MD -MT third_party/re2/CMakeFiles/duckdb_re2.dir/re2/compile.cc.o -MF third_party/re2/CMakeFiles/duckdb_re2.dir/re2/compile.cc.o.d -o third_party/re2/CMakeFiles/duckdb_re2.dir/re2/compile.cc.o -c /home/pei/Project/duckdb-polr/third_party/re2/re2/compile.cc
[303/376] /usr/bin/ccache /usr/lib/ccache/c++ -DDUCKDB_BUILD_LIBRARY -DENABLE_CROSS_PRODUCT_REWRITE=1 -DENABLE_DEBUG_PRINT=0 -DENABLE_MEASURE_EXE_TIME=0 -DENABLE_MERGE_BACK_PLAN=0 -DENABLE_PARALLEL_EXECUTION=0 -DENABLE_QUERY_SPLIT=1 -DENABLE_SPECIFY_EST_STAT=0 -I/home/pei/Project/duckdb-polr/src/include -I/home/pei/Project/duckdb-polr/third_party/fsst -I/home/pei/Project/duckdb-polr/third_party/fmt/include -I/home/pei/Project/duckdb-polr/third_party/hyperloglog -I/home/pei/Project/duckdb-polr/third_party/fastpforlib -I/home/pei/Project/duckdb-polr/third_party/fast_float -I/home/pei/Project/duckdb-polr/third_party/re2 -I/home/pei/Project/duckdb-polr/third_party/miniz -I/home/pei/Project/duckdb-polr/third_party/utf8proc/include -I/home/pei/Project/duckdb-polr/third_party/miniparquet -I/home/pei/Project/duckdb-polr/third_party/concurrentqueue -I/home/pei/Project/duckdb-polr/third_party/pcg -I/home/pei/Project/duckdb-polr/third_party/tdigest -I/home/pei/Project/duckdb-polr/third_party/mbedtls/include -I/home/pei/Project/duckdb-polr/third_party/jaro_winkler -O3 -DNDEBUG -O3 -DNDEBUG   -fPIC -fvisibility=hidden -fdiagnostics-color=always -std=c++11 -w -std=c++11 -MD -MT third_party/re2/CMakeFiles/duckdb_re2.dir/re2/dfa.cc.o -MF third_party/re2/CMakeFiles/duckdb_re2.dir/re2/dfa.cc.o.d -o third_party/re2/CMakeFiles/duckdb_re2.dir/re2/dfa.cc.o -c /home/pei/Project/duckdb-polr/third_party/re2/re2/dfa.cc
[304/376] /usr/bin/ccache /usr/lib/ccache/c++ -DDUCKDB_BUILD_LIBRARY -DENABLE_CROSS_PRODUCT_REWRITE=1 -DENABLE_DEBUG_PRINT=0 -DENABLE_MEASURE_EXE_TIME=0 -DENABLE_MERGE_BACK_PLAN=0 -DENABLE_PARALLEL_EXECUTION=0 -DENABLE_QUERY_SPLIT=1 -DENABLE_SPECIFY_EST_STAT=0 -I/home/pei/Project/duckdb-polr/src/include -I/home/pei/Project/duckdb-polr/third_party/fsst -I/home/pei/Project/duckdb-polr/third_party/fmt/include -I/home/pei/Project/duckdb-polr/third_party/hyperloglog -I/home/pei/Project/duckdb-polr/third_party/fastpforlib -I/home/pei/Project/duckdb-polr/third_party/fast_float -I/home/pei/Project/duckdb-polr/third_party/re2 -I/home/pei/Project/duckdb-polr/third_party/miniz -I/home/pei/Project/duckdb-polr/third_party/utf8proc/include -I/home/pei/Project/duckdb-polr/third_party/miniparquet -I/home/pei/Project/duckdb-polr/third_party/concurrentqueue -I/home/pei/Project/duckdb-polr/third_party/pcg -I/home/pei/Project/duckdb-polr/third_party/tdigest -I/home/pei/Project/duckdb-polr/third_party/mbedtls/include -I/home/pei/Project/duckdb-polr/third_party/jaro_winkler -O3 -DNDEBUG -O3 -DNDEBUG   -fPIC -fvisibility=hidden -fdiagnostics-color=always -std=c++11 -w -std=c++11 -MD -MT third_party/re2/CMakeFiles/duckdb_re2.dir/re2/filtered_re2.cc.o -MF third_party/re2/CMakeFiles/duckdb_re2.dir/re2/filtered_re2.cc.o.d -o third_party/re2/CMakeFiles/duckdb_re2.dir/re2/filtered_re2.cc.o -c /home/pei/Project/duckdb-polr/third_party/re2/re2/filtered_re2.cc
[305/376] /usr/bin/ccache /usr/lib/ccache/c++ -DDUCKDB_BUILD_LIBRARY -DENABLE_CROSS_PRODUCT_REWRITE=1 -DENABLE_DEBUG_PRINT=0 -DENABLE_MEASURE_EXE_TIME=0 -DENABLE_MERGE_BACK_PLAN=0 -DENABLE_PARALLEL_EXECUTION=0 -DENABLE_QUERY_SPLIT=1 -DENABLE_SPECIFY_EST_STAT=0 -I/home/pei/Project/duckdb-polr/src/include -I/home/pei/Project/duckdb-polr/third_party/fsst -I/home/pei/Project/duckdb-polr/third_party/fmt/include -I/home/pei/Project/duckdb-polr/third_party/hyperloglog -I/home/pei/Project/duckdb-polr/third_party/fastpforlib -I/home/pei/Project/duckdb-polr/third_party/fast_float -I/home/pei/Project/duckdb-polr/third_party/re2 -I/home/pei/Project/duckdb-polr/third_party/miniz -I/home/pei/Project/duckdb-polr/third_party/utf8proc/include -I/home/pei/Project/duckdb-polr/third_party/miniparquet -I/home/pei/Project/duckdb-polr/third_party/concurrentqueue -I/home/pei/Project/duckdb-polr/third_party/pcg -I/home/pei/Project/duckdb-polr/third_party/tdigest -I/home/pei/Project/duckdb-polr/third_party/mbedtls/include -I/home/pei/Project/duckdb-polr/third_party/jaro_winkler -O3 -DNDEBUG -O3 -DNDEBUG   -fPIC -fvisibility=hidden -fdiagnostics-color=always -std=c++11 -w -std=c++11 -MD -MT third_party/re2/CMakeFiles/duckdb_re2.dir/re2/mimics_pcre.cc.o -MF third_party/re2/CMakeFiles/duckdb_re2.dir/re2/mimics_pcre.cc.o.d -o third_party/re2/CMakeFiles/duckdb_re2.dir/re2/mimics_pcre.cc.o -c /home/pei/Project/duckdb-polr/third_party/re2/re2/mimics_pcre.cc
[306/376] /usr/bin/ccache /usr/lib/ccache/c++ -DDUCKDB_BUILD_LIBRARY -DENABLE_CROSS_PRODUCT_REWRITE=1 -DENABLE_DEBUG_PRINT=0 -DENABLE_MEASURE_EXE_TIME=0 -DENABLE_MERGE_BACK_PLAN=0 -DENABLE_PARALLEL_EXECUTION=0 -DENABLE_QUERY_SPLIT=1 -DENABLE_SPECIFY_EST_STAT=0 -I/home/pei/Project/duckdb-polr/src/include -I/home/pei/Project/duckdb-polr/third_party/fsst -I/home/pei/Project/duckdb-polr/third_party/fmt/include -I/home/pei/Project/duckdb-polr/third_party/hyperloglog -I/home/pei/Project/duckdb-polr/third_party/fastpforlib -I/home/pei/Project/duckdb-polr/third_party/fast_float -I/home/pei/Project/duckdb-polr/third_party/re2 -I/home/pei/Project/duckdb-polr/third_party/miniz -I/home/pei/Project/duckdb-polr/third_party/utf8proc/include -I/home/pei/Project/duckdb-polr/third_party/miniparquet -I/home/pei/Project/duckdb-polr/third_party/concurrentqueue -I/home/pei/Project/duckdb-polr/third_party/pcg -I/home/pei/Project/duckdb-polr/third_party/tdigest -I/home/pei/Project/duckdb-polr/third_party/mbedtls/include -I/home/pei/Project/duckdb-polr/third_party/jaro_winkler -O3 -DNDEBUG -O3 -DNDEBUG   -fPIC -fvisibility=hidden -fdiagnostics-color=always -std=c++11 -w -std=c++11 -MD -MT third_party/re2/CMakeFiles/duckdb_re2.dir/re2/onepass.cc.o -MF third_party/re2/CMakeFiles/duckdb_re2.dir/re2/onepass.cc.o.d -o third_party/re2/CMakeFiles/duckdb_re2.dir/re2/onepass.cc.o -c /home/pei/Project/duckdb-polr/third_party/re2/re2/onepass.cc
[307/376] /usr/bin/ccache /usr/lib/ccache/c++ -DDUCKDB_BUILD_LIBRARY -DENABLE_CROSS_PRODUCT_REWRITE=1 -DENABLE_DEBUG_PRINT=0 -DENABLE_MEASURE_EXE_TIME=0 -DENABLE_MERGE_BACK_PLAN=0 -DENABLE_PARALLEL_EXECUTION=0 -DENABLE_QUERY_SPLIT=1 -DENABLE_SPECIFY_EST_STAT=0 -I/home/pei/Project/duckdb-polr/src/include -I/home/pei/Project/duckdb-polr/third_party/fsst -I/home/pei/Project/duckdb-polr/third_party/fmt/include -I/home/pei/Project/duckdb-polr/third_party/hyperloglog -I/home/pei/Project/duckdb-polr/third_party/fastpforlib -I/home/pei/Project/duckdb-polr/third_party/fast_float -I/home/pei/Project/duckdb-polr/third_party/re2 -I/home/pei/Project/duckdb-polr/third_party/miniz -I/home/pei/Project/duckdb-polr/third_party/utf8proc/include -I/home/pei/Project/duckdb-polr/third_party/miniparquet -I/home/pei/Project/duckdb-polr/third_party/concurrentqueue -I/home/pei/Project/duckdb-polr/third_party/pcg -I/home/pei/Project/duckdb-polr/third_party/tdigest -I/home/pei/Project/duckdb-polr/third_party/mbedtls/include -I/home/pei/Project/duckdb-polr/third_party/jaro_winkler -O3 -DNDEBUG -O3 -DNDEBUG   -fPIC -fvisibility=hidden -fdiagnostics-color=always -std=c++11 -w -std=c++11 -MD -MT third_party/re2/CMakeFiles/duckdb_re2.dir/re2/perl_groups.cc.o -MF third_party/re2/CMakeFiles/duckdb_re2.dir/re2/perl_groups.cc.o.d -o third_party/re2/CMakeFiles/duckdb_re2.dir/re2/perl_groups.cc.o -c /home/pei/Project/duckdb-polr/third_party/re2/re2/perl_groups.cc
[308/376] /usr/bin/ccache /usr/lib/ccache/c++ -DDUCKDB_BUILD_LIBRARY -DENABLE_CROSS_PRODUCT_REWRITE=1 -DENABLE_DEBUG_PRINT=0 -DENABLE_MEASURE_EXE_TIME=0 -DENABLE_MERGE_BACK_PLAN=0 -DENABLE_PARALLEL_EXECUTION=0 -DENABLE_QUERY_SPLIT=1 -DENABLE_SPECIFY_EST_STAT=0 -I/home/pei/Project/duckdb-polr/src/include -I/home/pei/Project/duckdb-polr/third_party/fsst -I/home/pei/Project/duckdb-polr/third_party/fmt/include -I/home/pei/Project/duckdb-polr/third_party/hyperloglog -I/home/pei/Project/duckdb-polr/third_party/fastpforlib -I/home/pei/Project/duckdb-polr/third_party/fast_float -I/home/pei/Project/duckdb-polr/third_party/re2 -I/home/pei/Project/duckdb-polr/third_party/miniz -I/home/pei/Project/duckdb-polr/third_party/utf8proc/include -I/home/pei/Project/duckdb-polr/third_party/miniparquet -I/home/pei/Project/duckdb-polr/third_party/concurrentqueue -I/home/pei/Project/duckdb-polr/third_party/pcg -I/home/pei/Project/duckdb-polr/third_party/tdigest -I/home/pei/Project/duckdb-polr/third_party/mbedtls/include -I/home/pei/Project/duckdb-polr/third_party/jaro_winkler -O3 -DNDEBUG -O3 -DNDEBUG   -fPIC -fvisibility=hidden -fdiagnostics-color=always -std=c++11 -w -std=c++11 -MD -MT third_party/re2/CMakeFiles/duckdb_re2.dir/re2/nfa.cc.o -MF third_party/re2/CMakeFiles/duckdb_re2.dir/re2/nfa.cc.o.d -o third_party/re2/CMakeFiles/duckdb_re2.dir/re2/nfa.cc.o -c /home/pei/Project/duckdb-polr/third_party/re2/re2/nfa.cc
[309/376] /usr/bin/ccache /usr/lib/ccache/c++ -DDUCKDB_BUILD_LIBRARY -DENABLE_CROSS_PRODUCT_REWRITE=1 -DENABLE_DEBUG_PRINT=0 -DENABLE_MEASURE_EXE_TIME=0 -DENABLE_MERGE_BACK_PLAN=0 -DENABLE_PARALLEL_EXECUTION=0 -DENABLE_QUERY_SPLIT=1 -DENABLE_SPECIFY_EST_STAT=0 -I/home/pei/Project/duckdb-polr/src/include -I/home/pei/Project/duckdb-polr/third_party/fsst -I/home/pei/Project/duckdb-polr/third_party/fmt/include -I/home/pei/Project/duckdb-polr/third_party/hyperloglog -I/home/pei/Project/duckdb-polr/third_party/fastpforlib -I/home/pei/Project/duckdb-polr/third_party/fast_float -I/home/pei/Project/duckdb-polr/third_party/re2 -I/home/pei/Project/duckdb-polr/third_party/miniz -I/home/pei/Project/duckdb-polr/third_party/utf8proc/include -I/home/pei/Project/duckdb-polr/third_party/miniparquet -I/home/pei/Project/duckdb-polr/third_party/concurrentqueue -I/home/pei/Project/duckdb-polr/third_party/pcg -I/home/pei/Project/duckdb-polr/third_party/tdigest -I/home/pei/Project/duckdb-polr/third_party/mbedtls/include -I/home/pei/Project/duckdb-polr/third_party/jaro_winkler -O3 -DNDEBUG -O3 -DNDEBUG   -fPIC -fvisibility=hidden -fdiagnostics-color=always -std=c++11 -w -std=c++11 -MD -MT third_party/re2/CMakeFiles/duckdb_re2.dir/re2/prefilter.cc.o -MF third_party/re2/CMakeFiles/duckdb_re2.dir/re2/prefilter.cc.o.d -o third_party/re2/CMakeFiles/duckdb_re2.dir/re2/prefilter.cc.o -c /home/pei/Project/duckdb-polr/third_party/re2/re2/prefilter.cc
[310/376] /usr/bin/ccache /usr/lib/ccache/c++ -DDUCKDB_BUILD_LIBRARY -DENABLE_CROSS_PRODUCT_REWRITE=1 -DENABLE_DEBUG_PRINT=0 -DENABLE_MEASURE_EXE_TIME=0 -DENABLE_MERGE_BACK_PLAN=0 -DENABLE_PARALLEL_EXECUTION=0 -DENABLE_QUERY_SPLIT=1 -DENABLE_SPECIFY_EST_STAT=0 -I/home/pei/Project/duckdb-polr/src/include -I/home/pei/Project/duckdb-polr/third_party/fsst -I/home/pei/Project/duckdb-polr/third_party/fmt/include -I/home/pei/Project/duckdb-polr/third_party/hyperloglog -I/home/pei/Project/duckdb-polr/third_party/fastpforlib -I/home/pei/Project/duckdb-polr/third_party/fast_float -I/home/pei/Project/duckdb-polr/third_party/re2 -I/home/pei/Project/duckdb-polr/third_party/miniz -I/home/pei/Project/duckdb-polr/third_party/utf8proc/include -I/home/pei/Project/duckdb-polr/third_party/miniparquet -I/home/pei/Project/duckdb-polr/third_party/concurrentqueue -I/home/pei/Project/duckdb-polr/third_party/pcg -I/home/pei/Project/duckdb-polr/third_party/tdigest -I/home/pei/Project/duckdb-polr/third_party/mbedtls/include -I/home/pei/Project/duckdb-polr/third_party/jaro_winkler -O3 -DNDEBUG -O3 -DNDEBUG   -fPIC -fvisibility=hidden -fdiagnostics-color=always -std=c++11 -w -std=c++11 -MD -MT third_party/re2/CMakeFiles/duckdb_re2.dir/re2/parse.cc.o -MF third_party/re2/CMakeFiles/duckdb_re2.dir/re2/parse.cc.o.d -o third_party/re2/CMakeFiles/duckdb_re2.dir/re2/parse.cc.o -c /home/pei/Project/duckdb-polr/third_party/re2/re2/parse.cc
[311/376] /usr/bin/ccache /usr/lib/ccache/c++ -DDUCKDB_BUILD_LIBRARY -DENABLE_CROSS_PRODUCT_REWRITE=1 -DENABLE_DEBUG_PRINT=0 -DENABLE_MEASURE_EXE_TIME=0 -DENABLE_MERGE_BACK_PLAN=0 -DENABLE_PARALLEL_EXECUTION=0 -DENABLE_QUERY_SPLIT=1 -DENABLE_SPECIFY_EST_STAT=0 -I/home/pei/Project/duckdb-polr/src/include -I/home/pei/Project/duckdb-polr/third_party/fsst -I/home/pei/Project/duckdb-polr/third_party/fmt/include -I/home/pei/Project/duckdb-polr/third_party/hyperloglog -I/home/pei/Project/duckdb-polr/third_party/fastpforlib -I/home/pei/Project/duckdb-polr/third_party/fast_float -I/home/pei/Project/duckdb-polr/third_party/re2 -I/home/pei/Project/duckdb-polr/third_party/miniz -I/home/pei/Project/duckdb-polr/third_party/utf8proc/include -I/home/pei/Project/duckdb-polr/third_party/miniparquet -I/home/pei/Project/duckdb-polr/third_party/concurrentqueue -I/home/pei/Project/duckdb-polr/third_party/pcg -I/home/pei/Project/duckdb-polr/third_party/tdigest -I/home/pei/Project/duckdb-polr/third_party/mbedtls/include -I/home/pei/Project/duckdb-polr/third_party/jaro_winkler -I/home/pei/Project/duckdb-polr/test/../third_party/catch -I/home/pei/Project/duckdb-polr/test/../third_party/tpce-tool/include -I/home/pei/Project/duckdb-polr/test/../third_party/sqlite/include -I/home/pei/Project/duckdb-polr/test/include -O3 -DNDEBUG -O3 -DNDEBUG   -fPIC -fdiagnostics-color=always -std=c++11 -MD -MT test/ossfuzz/CMakeFiles/test_ossfuzz.dir/ub_test_ossfuzz.cpp.o -MF test/ossfuzz/CMakeFiles/test_ossfuzz.dir/ub_test_ossfuzz.cpp.o.d -o test/ossfuzz/CMakeFiles/test_ossfuzz.dir/ub_test_ossfuzz.cpp.o -c /home/pei/Project/duckdb-polr/build/release/test/ossfuzz/ub_test_ossfuzz.cpp
[312/376] /usr/bin/ccache /usr/lib/ccache/c++ -DDUCKDB_BUILD_LIBRARY -DENABLE_CROSS_PRODUCT_REWRITE=1 -DENABLE_DEBUG_PRINT=0 -DENABLE_MEASURE_EXE_TIME=0 -DENABLE_MERGE_BACK_PLAN=0 -DENABLE_PARALLEL_EXECUTION=0 -DENABLE_QUERY_SPLIT=1 -DENABLE_SPECIFY_EST_STAT=0 -I/home/pei/Project/duckdb-polr/src/include -I/home/pei/Project/duckdb-polr/third_party/fsst -I/home/pei/Project/duckdb-polr/third_party/fmt/include -I/home/pei/Project/duckdb-polr/third_party/hyperloglog -I/home/pei/Project/duckdb-polr/third_party/fastpforlib -I/home/pei/Project/duckdb-polr/third_party/fast_float -I/home/pei/Project/duckdb-polr/third_party/re2 -I/home/pei/Project/duckdb-polr/third_party/miniz -I/home/pei/Project/duckdb-polr/third_party/utf8proc/include -I/home/pei/Project/duckdb-polr/third_party/miniparquet -I/home/pei/Project/duckdb-polr/third_party/concurrentqueue -I/home/pei/Project/duckdb-polr/third_party/pcg -I/home/pei/Project/duckdb-polr/third_party/tdigest -I/home/pei/Project/duckdb-polr/third_party/mbedtls/include -I/home/pei/Project/duckdb-polr/third_party/jaro_winkler -O3 -DNDEBUG -O3 -DNDEBUG   -fPIC -fvisibility=hidden -fdiagnostics-color=always -std=c++11 -w -std=c++11 -MD -MT third_party/re2/CMakeFiles/duckdb_re2.dir/re2/prefilter_tree.cc.o -MF third_party/re2/CMakeFiles/duckdb_re2.dir/re2/prefilter_tree.cc.o.d -o third_party/re2/CMakeFiles/duckdb_re2.dir/re2/prefilter_tree.cc.o -c /home/pei/Project/duckdb-polr/third_party/re2/re2/prefilter_tree.cc
[313/376] /usr/bin/ccache /usr/lib/ccache/c++ -DDUCKDB_BUILD_LIBRARY -DENABLE_CROSS_PRODUCT_REWRITE=1 -DENABLE_DEBUG_PRINT=0 -DENABLE_MEASURE_EXE_TIME=0 -DENABLE_MERGE_BACK_PLAN=0 -DENABLE_PARALLEL_EXECUTION=0 -DENABLE_QUERY_SPLIT=1 -DENABLE_SPECIFY_EST_STAT=0 -I/home/pei/Project/duckdb-polr/src/include -I/home/pei/Project/duckdb-polr/third_party/fsst -I/home/pei/Project/duckdb-polr/third_party/fmt/include -I/home/pei/Project/duckdb-polr/third_party/hyperloglog -I/home/pei/Project/duckdb-polr/third_party/fastpforlib -I/home/pei/Project/duckdb-polr/third_party/fast_float -I/home/pei/Project/duckdb-polr/third_party/re2 -I/home/pei/Project/duckdb-polr/third_party/miniz -I/home/pei/Project/duckdb-polr/third_party/utf8proc/include -I/home/pei/Project/duckdb-polr/third_party/miniparquet -I/home/pei/Project/duckdb-polr/third_party/concurrentqueue -I/home/pei/Project/duckdb-polr/third_party/pcg -I/home/pei/Project/duckdb-polr/third_party/tdigest -I/home/pei/Project/duckdb-polr/third_party/mbedtls/include -I/home/pei/Project/duckdb-polr/third_party/jaro_winkler -O3 -DNDEBUG -O3 -DNDEBUG   -fPIC -fvisibility=hidden -fdiagnostics-color=always -std=c++11 -w -std=c++11 -MD -MT third_party/re2/CMakeFiles/duckdb_re2.dir/re2/prog.cc.o -MF third_party/re2/CMakeFiles/duckdb_re2.dir/re2/prog.cc.o.d -o third_party/re2/CMakeFiles/duckdb_re2.dir/re2/prog.cc.o -c /home/pei/Project/duckdb-polr/third_party/re2/re2/prog.cc
[314/376] /usr/bin/ccache /usr/lib/ccache/c++ -DDUCKDB_BUILD_LIBRARY -DENABLE_CROSS_PRODUCT_REWRITE=1 -DENABLE_DEBUG_PRINT=0 -DENABLE_MEASURE_EXE_TIME=0 -DENABLE_MERGE_BACK_PLAN=0 -DENABLE_PARALLEL_EXECUTION=0 -DENABLE_QUERY_SPLIT=1 -DENABLE_SPECIFY_EST_STAT=0 -I/home/pei/Project/duckdb-polr/src/include -I/home/pei/Project/duckdb-polr/third_party/fsst -I/home/pei/Project/duckdb-polr/third_party/fmt/include -I/home/pei/Project/duckdb-polr/third_party/hyperloglog -I/home/pei/Project/duckdb-polr/third_party/fastpforlib -I/home/pei/Project/duckdb-polr/third_party/fast_float -I/home/pei/Project/duckdb-polr/third_party/re2 -I/home/pei/Project/duckdb-polr/third_party/miniz -I/home/pei/Project/duckdb-polr/third_party/utf8proc/include -I/home/pei/Project/duckdb-polr/third_party/miniparquet -I/home/pei/Project/duckdb-polr/third_party/concurrentqueue -I/home/pei/Project/duckdb-polr/third_party/pcg -I/home/pei/Project/duckdb-polr/third_party/tdigest -I/home/pei/Project/duckdb-polr/third_party/mbedtls/include -I/home/pei/Project/duckdb-polr/third_party/jaro_winkler -O3 -DNDEBUG -O3 -DNDEBUG   -fPIC -fvisibility=hidden -fdiagnostics-color=always -std=c++11 -w -std=c++11 -MD -MT third_party/re2/CMakeFiles/duckdb_re2.dir/re2/regexp.cc.o -MF third_party/re2/CMakeFiles/duckdb_re2.dir/re2/regexp.cc.o.d -o third_party/re2/CMakeFiles/duckdb_re2.dir/re2/regexp.cc.o -c /home/pei/Project/duckdb-polr/third_party/re2/re2/regexp.cc
[315/376] /usr/bin/ccache /usr/lib/ccache/c++ -DDUCKDB_BUILD_LIBRARY -DENABLE_CROSS_PRODUCT_REWRITE=1 -DENABLE_DEBUG_PRINT=0 -DENABLE_MEASURE_EXE_TIME=0 -DENABLE_MERGE_BACK_PLAN=0 -DENABLE_PARALLEL_EXECUTION=0 -DENABLE_QUERY_SPLIT=1 -DENABLE_SPECIFY_EST_STAT=0 -I/home/pei/Project/duckdb-polr/src/include -I/home/pei/Project/duckdb-polr/third_party/fsst -I/home/pei/Project/duckdb-polr/third_party/fmt/include -I/home/pei/Project/duckdb-polr/third_party/hyperloglog -I/home/pei/Project/duckdb-polr/third_party/fastpforlib -I/home/pei/Project/duckdb-polr/third_party/fast_float -I/home/pei/Project/duckdb-polr/third_party/re2 -I/home/pei/Project/duckdb-polr/third_party/miniz -I/home/pei/Project/duckdb-polr/third_party/utf8proc/include -I/home/pei/Project/duckdb-polr/third_party/miniparquet -I/home/pei/Project/duckdb-polr/third_party/concurrentqueue -I/home/pei/Project/duckdb-polr/third_party/pcg -I/home/pei/Project/duckdb-polr/third_party/tdigest -I/home/pei/Project/duckdb-polr/third_party/mbedtls/include -I/home/pei/Project/duckdb-polr/third_party/jaro_winkler -O3 -DNDEBUG -O3 -DNDEBUG   -fPIC -fvisibility=hidden -fdiagnostics-color=always -std=c++11 -w -std=c++11 -MD -MT third_party/re2/CMakeFiles/duckdb_re2.dir/re2/set.cc.o -MF third_party/re2/CMakeFiles/duckdb_re2.dir/re2/set.cc.o.d -o third_party/re2/CMakeFiles/duckdb_re2.dir/re2/set.cc.o -c /home/pei/Project/duckdb-polr/third_party/re2/re2/set.cc
[316/376] /usr/bin/ccache /usr/lib/ccache/c++ -DDUCKDB_BUILD_LIBRARY -DENABLE_CROSS_PRODUCT_REWRITE=1 -DENABLE_DEBUG_PRINT=0 -DENABLE_MEASURE_EXE_TIME=0 -DENABLE_MERGE_BACK_PLAN=0 -DENABLE_PARALLEL_EXECUTION=0 -DENABLE_QUERY_SPLIT=1 -DENABLE_SPECIFY_EST_STAT=0 -I/home/pei/Project/duckdb-polr/src/include -I/home/pei/Project/duckdb-polr/third_party/fsst -I/home/pei/Project/duckdb-polr/third_party/fmt/include -I/home/pei/Project/duckdb-polr/third_party/hyperloglog -I/home/pei/Project/duckdb-polr/third_party/fastpforlib -I/home/pei/Project/duckdb-polr/third_party/fast_float -I/home/pei/Project/duckdb-polr/third_party/re2 -I/home/pei/Project/duckdb-polr/third_party/miniz -I/home/pei/Project/duckdb-polr/third_party/utf8proc/include -I/home/pei/Project/duckdb-polr/third_party/miniparquet -I/home/pei/Project/duckdb-polr/third_party/concurrentqueue -I/home/pei/Project/duckdb-polr/third_party/pcg -I/home/pei/Project/duckdb-polr/third_party/tdigest -I/home/pei/Project/duckdb-polr/third_party/mbedtls/include -I/home/pei/Project/duckdb-polr/third_party/jaro_winkler -O3 -DNDEBUG -O3 -DNDEBUG   -fPIC -fvisibility=hidden -fdiagnostics-color=always -std=c++11 -w -std=c++11 -MD -MT third_party/re2/CMakeFiles/duckdb_re2.dir/re2/re2.cc.o -MF third_party/re2/CMakeFiles/duckdb_re2.dir/re2/re2.cc.o.d -o third_party/re2/CMakeFiles/duckdb_re2.dir/re2/re2.cc.o -c /home/pei/Project/duckdb-polr/third_party/re2/re2/re2.cc
[317/376] /usr/bin/ccache /usr/lib/ccache/c++ -DDUCKDB_BUILD_LIBRARY -DENABLE_CROSS_PRODUCT_REWRITE=1 -DENABLE_DEBUG_PRINT=0 -DENABLE_MEASURE_EXE_TIME=0 -DENABLE_MERGE_BACK_PLAN=0 -DENABLE_PARALLEL_EXECUTION=0 -DENABLE_QUERY_SPLIT=1 -DENABLE_SPECIFY_EST_STAT=0 -I/home/pei/Project/duckdb-polr/src/include -I/home/pei/Project/duckdb-polr/third_party/fsst -I/home/pei/Project/duckdb-polr/third_party/fmt/include -I/home/pei/Project/duckdb-polr/third_party/hyperloglog -I/home/pei/Project/duckdb-polr/third_party/fastpforlib -I/home/pei/Project/duckdb-polr/third_party/fast_float -I/home/pei/Project/duckdb-polr/third_party/re2 -I/home/pei/Project/duckdb-polr/third_party/miniz -I/home/pei/Project/duckdb-polr/third_party/utf8proc/include -I/home/pei/Project/duckdb-polr/third_party/miniparquet -I/home/pei/Project/duckdb-polr/third_party/concurrentqueue -I/home/pei/Project/duckdb-polr/third_party/pcg -I/home/pei/Project/duckdb-polr/third_party/tdigest -I/home/pei/Project/duckdb-polr/third_party/mbedtls/include -I/home/pei/Project/duckdb-polr/third_party/jaro_winkler -O3 -DNDEBUG -O3 -DNDEBUG   -fPIC -fvisibility=hidden -fdiagnostics-color=always -std=c++11 -w -std=c++11 -MD -MT third_party/re2/CMakeFiles/duckdb_re2.dir/re2/unicode_casefold.cc.o -MF third_party/re2/CMakeFiles/duckdb_re2.dir/re2/unicode_casefold.cc.o.d -o third_party/re2/CMakeFiles/duckdb_re2.dir/re2/unicode_casefold.cc.o -c /home/pei/Project/duckdb-polr/third_party/re2/re2/unicode_casefold.cc
[318/376] /usr/bin/ccache /usr/lib/ccache/c++ -DDUCKDB_BUILD_LIBRARY -DENABLE_CROSS_PRODUCT_REWRITE=1 -DENABLE_DEBUG_PRINT=0 -DENABLE_MEASURE_EXE_TIME=0 -DENABLE_MERGE_BACK_PLAN=0 -DENABLE_PARALLEL_EXECUTION=0 -DENABLE_QUERY_SPLIT=1 -DENABLE_SPECIFY_EST_STAT=0 -I/home/pei/Project/duckdb-polr/src/include -I/home/pei/Project/duckdb-polr/third_party/fsst -I/home/pei/Project/duckdb-polr/third_party/fmt/include -I/home/pei/Project/duckdb-polr/third_party/hyperloglog -I/home/pei/Project/duckdb-polr/third_party/fastpforlib -I/home/pei/Project/duckdb-polr/third_party/fast_float -I/home/pei/Project/duckdb-polr/third_party/re2 -I/home/pei/Project/duckdb-polr/third_party/miniz -I/home/pei/Project/duckdb-polr/third_party/utf8proc/include -I/home/pei/Project/duckdb-polr/third_party/miniparquet -I/home/pei/Project/duckdb-polr/third_party/concurrentqueue -I/home/pei/Project/duckdb-polr/third_party/pcg -I/home/pei/Project/duckdb-polr/third_party/tdigest -I/home/pei/Project/duckdb-polr/third_party/mbedtls/include -I/home/pei/Project/duckdb-polr/third_party/jaro_winkler -O3 -DNDEBUG -O3 -DNDEBUG   -fPIC -fvisibility=hidden -fdiagnostics-color=always -std=c++11 -w -std=c++11 -MD -MT third_party/re2/CMakeFiles/duckdb_re2.dir/re2/simplify.cc.o -MF third_party/re2/CMakeFiles/duckdb_re2.dir/re2/simplify.cc.o.d -o third_party/re2/CMakeFiles/duckdb_re2.dir/re2/simplify.cc.o -c /home/pei/Project/duckdb-polr/third_party/re2/re2/simplify.cc
[319/376] /usr/bin/ccache /usr/lib/ccache/c++ -DDUCKDB_BUILD_LIBRARY -DENABLE_CROSS_PRODUCT_REWRITE=1 -DENABLE_DEBUG_PRINT=0 -DENABLE_MEASURE_EXE_TIME=0 -DENABLE_MERGE_BACK_PLAN=0 -DENABLE_PARALLEL_EXECUTION=0 -DENABLE_QUERY_SPLIT=1 -DENABLE_SPECIFY_EST_STAT=0 -I/home/pei/Project/duckdb-polr/src/include -I/home/pei/Project/duckdb-polr/third_party/fsst -I/home/pei/Project/duckdb-polr/third_party/fmt/include -I/home/pei/Project/duckdb-polr/third_party/hyperloglog -I/home/pei/Project/duckdb-polr/third_party/fastpforlib -I/home/pei/Project/duckdb-polr/third_party/fast_float -I/home/pei/Project/duckdb-polr/third_party/re2 -I/home/pei/Project/duckdb-polr/third_party/miniz -I/home/pei/Project/duckdb-polr/third_party/utf8proc/include -I/home/pei/Project/duckdb-polr/third_party/miniparquet -I/home/pei/Project/duckdb-polr/third_party/concurrentqueue -I/home/pei/Project/duckdb-polr/third_party/pcg -I/home/pei/Project/duckdb-polr/third_party/tdigest -I/home/pei/Project/duckdb-polr/third_party/mbedtls/include -I/home/pei/Project/duckdb-polr/third_party/jaro_winkler -O3 -DNDEBUG -O3 -DNDEBUG   -fPIC -fvisibility=hidden -fdiagnostics-color=always -std=c++11 -w -std=c++11 -MD -MT third_party/re2/CMakeFiles/duckdb_re2.dir/util/rune.cc.o -MF third_party/re2/CMakeFiles/duckdb_re2.dir/util/rune.cc.o.d -o third_party/re2/CMakeFiles/duckdb_re2.dir/util/rune.cc.o -c /home/pei/Project/duckdb-polr/third_party/re2/util/rune.cc
[320/376] /usr/bin/ccache /usr/lib/ccache/c++ -DDUCKDB_BUILD_LIBRARY -DENABLE_CROSS_PRODUCT_REWRITE=1 -DENABLE_DEBUG_PRINT=0 -DENABLE_MEASURE_EXE_TIME=0 -DENABLE_MERGE_BACK_PLAN=0 -DENABLE_PARALLEL_EXECUTION=0 -DENABLE_QUERY_SPLIT=1 -DENABLE_SPECIFY_EST_STAT=0 -I/home/pei/Project/duckdb-polr/src/include -I/home/pei/Project/duckdb-polr/third_party/fsst -I/home/pei/Project/duckdb-polr/third_party/fmt/include -I/home/pei/Project/duckdb-polr/third_party/hyperloglog -I/home/pei/Project/duckdb-polr/third_party/fastpforlib -I/home/pei/Project/duckdb-polr/third_party/fast_float -I/home/pei/Project/duckdb-polr/third_party/re2 -I/home/pei/Project/duckdb-polr/third_party/miniz -I/home/pei/Project/duckdb-polr/third_party/utf8proc/include -I/home/pei/Project/duckdb-polr/third_party/miniparquet -I/home/pei/Project/duckdb-polr/third_party/concurrentqueue -I/home/pei/Project/duckdb-polr/third_party/pcg -I/home/pei/Project/duckdb-polr/third_party/tdigest -I/home/pei/Project/duckdb-polr/third_party/mbedtls/include -I/home/pei/Project/duckdb-polr/third_party/jaro_winkler -O3 -DNDEBUG -O3 -DNDEBUG   -fPIC -fvisibility=hidden -fdiagnostics-color=always -std=c++11 -w -std=c++11 -MD -MT third_party/re2/CMakeFiles/duckdb_re2.dir/re2/unicode_groups.cc.o -MF third_party/re2/CMakeFiles/duckdb_re2.dir/re2/unicode_groups.cc.o.d -o third_party/re2/CMakeFiles/duckdb_re2.dir/re2/unicode_groups.cc.o -c /home/pei/Project/duckdb-polr/third_party/re2/re2/unicode_groups.cc
[321/376] /usr/bin/ccache /usr/lib/ccache/c++ -DDUCKDB_BUILD_LIBRARY -DENABLE_CROSS_PRODUCT_REWRITE=1 -DENABLE_DEBUG_PRINT=0 -DENABLE_MEASURE_EXE_TIME=0 -DENABLE_MERGE_BACK_PLAN=0 -DENABLE_PARALLEL_EXECUTION=0 -DENABLE_QUERY_SPLIT=1 -DENABLE_SPECIFY_EST_STAT=0 -I/home/pei/Project/duckdb-polr/src/include -I/home/pei/Project/duckdb-polr/third_party/fsst -I/home/pei/Project/duckdb-polr/third_party/fmt/include -I/home/pei/Project/duckdb-polr/third_party/hyperloglog -I/home/pei/Project/duckdb-polr/third_party/fastpforlib -I/home/pei/Project/duckdb-polr/third_party/fast_float -I/home/pei/Project/duckdb-polr/third_party/re2 -I/home/pei/Project/duckdb-polr/third_party/miniz -I/home/pei/Project/duckdb-polr/third_party/utf8proc/include -I/home/pei/Project/duckdb-polr/third_party/miniparquet -I/home/pei/Project/duckdb-polr/third_party/concurrentqueue -I/home/pei/Project/duckdb-polr/third_party/pcg -I/home/pei/Project/duckdb-polr/third_party/tdigest -I/home/pei/Project/duckdb-polr/third_party/mbedtls/include -I/home/pei/Project/duckdb-polr/third_party/jaro_winkler -O3 -DNDEBUG -O3 -DNDEBUG   -fPIC -fvisibility=hidden -fdiagnostics-color=always -std=c++11 -w -std=c++11 -MD -MT third_party/re2/CMakeFiles/duckdb_re2.dir/re2/stringpiece.cc.o -MF third_party/re2/CMakeFiles/duckdb_re2.dir/re2/stringpiece.cc.o.d -o third_party/re2/CMakeFiles/duckdb_re2.dir/re2/stringpiece.cc.o -c /home/pei/Project/duckdb-polr/third_party/re2/re2/stringpiece.cc
[322/376] /usr/bin/ccache /usr/lib/ccache/c++ -DDUCKDB_BUILD_LIBRARY -DENABLE_CROSS_PRODUCT_REWRITE=1 -DENABLE_DEBUG_PRINT=0 -DENABLE_MEASURE_EXE_TIME=0 -DENABLE_MERGE_BACK_PLAN=0 -DENABLE_PARALLEL_EXECUTION=0 -DENABLE_QUERY_SPLIT=1 -DENABLE_SPECIFY_EST_STAT=0 -I/home/pei/Project/duckdb-polr/src/include -I/home/pei/Project/duckdb-polr/third_party/fsst -I/home/pei/Project/duckdb-polr/third_party/fmt/include -I/home/pei/Project/duckdb-polr/third_party/hyperloglog -I/home/pei/Project/duckdb-polr/third_party/fastpforlib -I/home/pei/Project/duckdb-polr/third_party/fast_float -I/home/pei/Project/duckdb-polr/third_party/re2 -I/home/pei/Project/duckdb-polr/third_party/miniz -I/home/pei/Project/duckdb-polr/third_party/utf8proc/include -I/home/pei/Project/duckdb-polr/third_party/miniparquet -I/home/pei/Project/duckdb-polr/third_party/concurrentqueue -I/home/pei/Project/duckdb-polr/third_party/pcg -I/home/pei/Project/duckdb-polr/third_party/tdigest -I/home/pei/Project/duckdb-polr/third_party/mbedtls/include -I/home/pei/Project/duckdb-polr/third_party/jaro_winkler -O3 -DNDEBUG -O3 -DNDEBUG   -fPIC -fvisibility=hidden -fdiagnostics-color=always -std=c++11 -w -std=c++11 -MD -MT third_party/re2/CMakeFiles/duckdb_re2.dir/re2/tostring.cc.o -MF third_party/re2/CMakeFiles/duckdb_re2.dir/re2/tostring.cc.o.d -o third_party/re2/CMakeFiles/duckdb_re2.dir/re2/tostring.cc.o -c /home/pei/Project/duckdb-polr/third_party/re2/re2/tostring.cc
[323/376] /usr/bin/ccache /usr/lib/ccache/c++ -DDUCKDB_BUILD_LIBRARY -DENABLE_CROSS_PRODUCT_REWRITE=1 -DENABLE_DEBUG_PRINT=0 -DENABLE_MEASURE_EXE_TIME=0 -DENABLE_MERGE_BACK_PLAN=0 -DENABLE_PARALLEL_EXECUTION=0 -DENABLE_QUERY_SPLIT=1 -DENABLE_SPECIFY_EST_STAT=0 -I/home/pei/Project/duckdb-polr/src/include -I/home/pei/Project/duckdb-polr/third_party/fsst -I/home/pei/Project/duckdb-polr/third_party/fmt/include -I/home/pei/Project/duckdb-polr/third_party/hyperloglog -I/home/pei/Project/duckdb-polr/third_party/fastpforlib -I/home/pei/Project/duckdb-polr/third_party/fast_float -I/home/pei/Project/duckdb-polr/third_party/re2 -I/home/pei/Project/duckdb-polr/third_party/miniz -I/home/pei/Project/duckdb-polr/third_party/utf8proc/include -I/home/pei/Project/duckdb-polr/third_party/miniparquet -I/home/pei/Project/duckdb-polr/third_party/concurrentqueue -I/home/pei/Project/duckdb-polr/third_party/pcg -I/home/pei/Project/duckdb-polr/third_party/tdigest -I/home/pei/Project/duckdb-polr/third_party/mbedtls/include -I/home/pei/Project/duckdb-polr/third_party/jaro_winkler -O3 -DNDEBUG -O3 -DNDEBUG   -fPIC -fvisibility=hidden -fdiagnostics-color=always -std=c++11 -w -std=c++11 -MD -MT third_party/re2/CMakeFiles/duckdb_re2.dir/util/strutil.cc.o -MF third_party/re2/CMakeFiles/duckdb_re2.dir/util/strutil.cc.o.d -o third_party/re2/CMakeFiles/duckdb_re2.dir/util/strutil.cc.o -c /home/pei/Project/duckdb-polr/third_party/re2/util/strutil.cc
[324/376] /usr/bin/ccache /usr/lib/ccache/c++ -DDUCKDB_BUILD_LIBRARY -DENABLE_CROSS_PRODUCT_REWRITE=1 -DENABLE_DEBUG_PRINT=0 -DENABLE_MEASURE_EXE_TIME=0 -DENABLE_MERGE_BACK_PLAN=0 -DENABLE_PARALLEL_EXECUTION=0 -DENABLE_QUERY_SPLIT=1 -DENABLE_SPECIFY_EST_STAT=0 -I/home/pei/Project/duckdb-polr/src/include -I/home/pei/Project/duckdb-polr/third_party/fsst -I/home/pei/Project/duckdb-polr/third_party/fmt/include -I/home/pei/Project/duckdb-polr/third_party/hyperloglog -I/home/pei/Project/duckdb-polr/third_party/fastpforlib -I/home/pei/Project/duckdb-polr/third_party/fast_float -I/home/pei/Project/duckdb-polr/third_party/re2 -I/home/pei/Project/duckdb-polr/third_party/miniz -I/home/pei/Project/duckdb-polr/third_party/utf8proc/include -I/home/pei/Project/duckdb-polr/third_party/miniparquet -I/home/pei/Project/duckdb-polr/third_party/concurrentqueue -I/home/pei/Project/duckdb-polr/third_party/pcg -I/home/pei/Project/duckdb-polr/third_party/tdigest -I/home/pei/Project/duckdb-polr/third_party/mbedtls/include -I/home/pei/Project/duckdb-polr/third_party/jaro_winkler -O3 -DNDEBUG -O3 -DNDEBUG   -fPIC -fdiagnostics-color=always -w -std=c++11 -MD -MT third_party/miniz/CMakeFiles/duckdb_miniz.dir/miniz.cpp.o -MF third_party/miniz/CMakeFiles/duckdb_miniz.dir/miniz.cpp.o.d -o third_party/miniz/CMakeFiles/duckdb_miniz.dir/miniz.cpp.o -c /home/pei/Project/duckdb-polr/third_party/miniz/miniz.cpp
[325/376] /usr/bin/ccache /usr/lib/ccache/c++ -DDUCKDB_BUILD_LIBRARY -DENABLE_CROSS_PRODUCT_REWRITE=1 -DENABLE_DEBUG_PRINT=0 -DENABLE_MEASURE_EXE_TIME=0 -DENABLE_MERGE_BACK_PLAN=0 -DENABLE_PARALLEL_EXECUTION=0 -DENABLE_QUERY_SPLIT=1 -DENABLE_SPECIFY_EST_STAT=0 -I/home/pei/Project/duckdb-polr/src/include -I/home/pei/Project/duckdb-polr/third_party/fsst -I/home/pei/Project/duckdb-polr/third_party/fmt/include -I/home/pei/Project/duckdb-polr/third_party/hyperloglog -I/home/pei/Project/duckdb-polr/third_party/fastpforlib -I/home/pei/Project/duckdb-polr/third_party/fast_float -I/home/pei/Project/duckdb-polr/third_party/re2 -I/home/pei/Project/duckdb-polr/third_party/miniz -I/home/pei/Project/duckdb-polr/third_party/utf8proc/include -I/home/pei/Project/duckdb-polr/third_party/miniparquet -I/home/pei/Project/duckdb-polr/third_party/concurrentqueue -I/home/pei/Project/duckdb-polr/third_party/pcg -I/home/pei/Project/duckdb-polr/third_party/tdigest -I/home/pei/Project/duckdb-polr/third_party/mbedtls/include -I/home/pei/Project/duckdb-polr/third_party/jaro_winkler -O3 -DNDEBUG -O3 -DNDEBUG   -fPIC -fdiagnostics-color=always -std=c++11 -MD -MT third_party/utf8proc/CMakeFiles/duckdb_utf8proc.dir/utf8proc_wrapper.cpp.o -MF third_party/utf8proc/CMakeFiles/duckdb_utf8proc.dir/utf8proc_wrapper.cpp.o.d -o third_party/utf8proc/CMakeFiles/duckdb_utf8proc.dir/utf8proc_wrapper.cpp.o -c /home/pei/Project/duckdb-polr/third_party/utf8proc/utf8proc_wrapper.cpp
[326/376] : && /usr/bin/cmake -E rm -f third_party/re2/libduckdb_re2.a && /usr/bin/ar qc third_party/re2/libduckdb_re2.a  third_party/re2/CMakeFiles/duckdb_re2.dir/re2/bitstate.cc.o third_party/re2/CMakeFiles/duckdb_re2.dir/re2/compile.cc.o third_party/re2/CMakeFiles/duckdb_re2.dir/re2/dfa.cc.o third_party/re2/CMakeFiles/duckdb_re2.dir/re2/filtered_re2.cc.o third_party/re2/CMakeFiles/duckdb_re2.dir/re2/mimics_pcre.cc.o third_party/re2/CMakeFiles/duckdb_re2.dir/re2/nfa.cc.o third_party/re2/CMakeFiles/duckdb_re2.dir/re2/onepass.cc.o third_party/re2/CMakeFiles/duckdb_re2.dir/re2/parse.cc.o third_party/re2/CMakeFiles/duckdb_re2.dir/re2/perl_groups.cc.o third_party/re2/CMakeFiles/duckdb_re2.dir/re2/prefilter.cc.o third_party/re2/CMakeFiles/duckdb_re2.dir/re2/prefilter_tree.cc.o third_party/re2/CMakeFiles/duckdb_re2.dir/re2/prog.cc.o third_party/re2/CMakeFiles/duckdb_re2.dir/re2/re2.cc.o third_party/re2/CMakeFiles/duckdb_re2.dir/re2/regexp.cc.o third_party/re2/CMakeFiles/duckdb_re2.dir/re2/set.cc.o third_party/re2/CMakeFiles/duckdb_re2.dir/re2/simplify.cc.o third_party/re2/CMakeFiles/duckdb_re2.dir/re2/stringpiece.cc.o third_party/re2/CMakeFiles/duckdb_re2.dir/re2/tostring.cc.o third_party/re2/CMakeFiles/duckdb_re2.dir/re2/unicode_casefold.cc.o third_party/re2/CMakeFiles/duckdb_re2.dir/re2/unicode_groups.cc.o third_party/re2/CMakeFiles/duckdb_re2.dir/util/rune.cc.o third_party/re2/CMakeFiles/duckdb_re2.dir/util/strutil.cc.o && /usr/bin/ranlib third_party/re2/libduckdb_re2.a && :
[327/376] : && /usr/bin/cmake -E rm -f third_party/miniz/libduckdb_miniz.a && /usr/bin/ar qc third_party/miniz/libduckdb_miniz.a  third_party/miniz/CMakeFiles/duckdb_miniz.dir/miniz.cpp.o && /usr/bin/ranlib third_party/miniz/libduckdb_miniz.a && :
[328/376] /usr/bin/ccache /usr/lib/ccache/c++ -DDUCKDB_BUILD_LIBRARY -DENABLE_CROSS_PRODUCT_REWRITE=1 -DENABLE_DEBUG_PRINT=0 -DENABLE_MEASURE_EXE_TIME=0 -DENABLE_MERGE_BACK_PLAN=0 -DENABLE_PARALLEL_EXECUTION=0 -DENABLE_QUERY_SPLIT=1 -DENABLE_SPECIFY_EST_STAT=0 -I/home/pei/Project/duckdb-polr/src/include -I/home/pei/Project/duckdb-polr/third_party/fsst -I/home/pei/Project/duckdb-polr/third_party/fmt/include -I/home/pei/Project/duckdb-polr/third_party/hyperloglog -I/home/pei/Project/duckdb-polr/third_party/fastpforlib -I/home/pei/Project/duckdb-polr/third_party/fast_float -I/home/pei/Project/duckdb-polr/third_party/re2 -I/home/pei/Project/duckdb-polr/third_party/miniz -I/home/pei/Project/duckdb-polr/third_party/utf8proc/include -I/home/pei/Project/duckdb-polr/third_party/miniparquet -I/home/pei/Project/duckdb-polr/third_party/concurrentqueue -I/home/pei/Project/duckdb-polr/third_party/pcg -I/home/pei/Project/duckdb-polr/third_party/tdigest -I/home/pei/Project/duckdb-polr/third_party/mbedtls/include -I/home/pei/Project/duckdb-polr/third_party/jaro_winkler -O3 -DNDEBUG -O3 -DNDEBUG   -fPIC -fdiagnostics-color=always -w -std=c++11 -MD -MT third_party/hyperloglog/CMakeFiles/duckdb_hyperloglog.dir/sds.cpp.o -MF third_party/hyperloglog/CMakeFiles/duckdb_hyperloglog.dir/sds.cpp.o.d -o third_party/hyperloglog/CMakeFiles/duckdb_hyperloglog.dir/sds.cpp.o -c /home/pei/Project/duckdb-polr/third_party/hyperloglog/sds.cpp
[329/376] /usr/bin/ccache /usr/lib/ccache/c++ -DDUCKDB_BUILD_LIBRARY -DENABLE_CROSS_PRODUCT_REWRITE=1 -DENABLE_DEBUG_PRINT=0 -DENABLE_MEASURE_EXE_TIME=0 -DENABLE_MERGE_BACK_PLAN=0 -DENABLE_PARALLEL_EXECUTION=0 -DENABLE_QUERY_SPLIT=1 -DENABLE_SPECIFY_EST_STAT=0 -I/home/pei/Project/duckdb-polr/src/include -I/home/pei/Project/duckdb-polr/third_party/fsst -I/home/pei/Project/duckdb-polr/third_party/fmt/include -I/home/pei/Project/duckdb-polr/third_party/hyperloglog -I/home/pei/Project/duckdb-polr/third_party/fastpforlib -I/home/pei/Project/duckdb-polr/third_party/fast_float -I/home/pei/Project/duckdb-polr/third_party/re2 -I/home/pei/Project/duckdb-polr/third_party/miniz -I/home/pei/Project/duckdb-polr/third_party/utf8proc/include -I/home/pei/Project/duckdb-polr/third_party/miniparquet -I/home/pei/Project/duckdb-polr/third_party/concurrentqueue -I/home/pei/Project/duckdb-polr/third_party/pcg -I/home/pei/Project/duckdb-polr/third_party/tdigest -I/home/pei/Project/duckdb-polr/third_party/mbedtls/include -I/home/pei/Project/duckdb-polr/third_party/jaro_winkler -O3 -DNDEBUG -O3 -DNDEBUG   -fPIC -fdiagnostics-color=always -w -std=c++11 -MD -MT third_party/hyperloglog/CMakeFiles/duckdb_hyperloglog.dir/hyperloglog.cpp.o -MF third_party/hyperloglog/CMakeFiles/duckdb_hyperloglog.dir/hyperloglog.cpp.o.d -o third_party/hyperloglog/CMakeFiles/duckdb_hyperloglog.dir/hyperloglog.cpp.o -c /home/pei/Project/duckdb-polr/third_party/hyperloglog/hyperloglog.cpp
[330/376] /usr/bin/ccache /usr/lib/ccache/c++ -DDUCKDB_BUILD_LIBRARY -DENABLE_CROSS_PRODUCT_REWRITE=1 -DENABLE_DEBUG_PRINT=0 -DENABLE_MEASURE_EXE_TIME=0 -DENABLE_MERGE_BACK_PLAN=0 -DENABLE_PARALLEL_EXECUTION=0 -DENABLE_QUERY_SPLIT=1 -DENABLE_SPECIFY_EST_STAT=0 -I/home/pei/Project/duckdb-polr/src/include -I/home/pei/Project/duckdb-polr/third_party/fsst -I/home/pei/Project/duckdb-polr/third_party/fmt/include -I/home/pei/Project/duckdb-polr/third_party/hyperloglog -I/home/pei/Project/duckdb-polr/third_party/fastpforlib -I/home/pei/Project/duckdb-polr/third_party/fast_float -I/home/pei/Project/duckdb-polr/third_party/re2 -I/home/pei/Project/duckdb-polr/third_party/miniz -I/home/pei/Project/duckdb-polr/third_party/utf8proc/include -I/home/pei/Project/duckdb-polr/third_party/miniparquet -I/home/pei/Project/duckdb-polr/third_party/concurrentqueue -I/home/pei/Project/duckdb-polr/third_party/pcg -I/home/pei/Project/duckdb-polr/third_party/tdigest -I/home/pei/Project/duckdb-polr/third_party/mbedtls/include -I/home/pei/Project/duckdb-polr/third_party/jaro_winkler -O3 -DNDEBUG -O3 -DNDEBUG   -fPIC -fdiagnostics-color=always -w -std=c++11 -MD -MT third_party/fastpforlib/CMakeFiles/duckdb_fastpforlib.dir/bitpacking.cpp.o -MF third_party/fastpforlib/CMakeFiles/duckdb_fastpforlib.dir/bitpacking.cpp.o.d -o third_party/fastpforlib/CMakeFiles/duckdb_fastpforlib.dir/bitpacking.cpp.o -c /home/pei/Project/duckdb-polr/third_party/fastpforlib/bitpacking.cpp
[331/376] /usr/bin/ccache /usr/lib/ccache/c++ -DDUCKDB_BUILD_LIBRARY -DENABLE_CROSS_PRODUCT_REWRITE=1 -DENABLE_DEBUG_PRINT=0 -DENABLE_MEASURE_EXE_TIME=0 -DENABLE_MERGE_BACK_PLAN=0 -DENABLE_PARALLEL_EXECUTION=0 -DENABLE_QUERY_SPLIT=1 -DENABLE_SPECIFY_EST_STAT=0 -I/home/pei/Project/duckdb-polr/src/include -I/home/pei/Project/duckdb-polr/third_party/fsst -I/home/pei/Project/duckdb-polr/third_party/fmt/include -I/home/pei/Project/duckdb-polr/third_party/hyperloglog -I/home/pei/Project/duckdb-polr/third_party/fastpforlib -I/home/pei/Project/duckdb-polr/third_party/fast_float -I/home/pei/Project/duckdb-polr/third_party/re2 -I/home/pei/Project/duckdb-polr/third_party/miniz -I/home/pei/Project/duckdb-polr/third_party/utf8proc/include -I/home/pei/Project/duckdb-polr/third_party/miniparquet -I/home/pei/Project/duckdb-polr/third_party/concurrentqueue -I/home/pei/Project/duckdb-polr/third_party/pcg -I/home/pei/Project/duckdb-polr/third_party/tdigest -I/home/pei/Project/duckdb-polr/third_party/mbedtls/include -I/home/pei/Project/duckdb-polr/third_party/jaro_winkler -I/home/pei/Project/duckdb-polr/test/../third_party/catch -I/home/pei/Project/duckdb-polr/test/../third_party/tpce-tool/include -I/home/pei/Project/duckdb-polr/test/../third_party/sqlite/include -I/home/pei/Project/duckdb-polr/test/include -O3 -DNDEBUG -O3 -DNDEBUG   -fPIC -fdiagnostics-color=always -std=c++11 -MD -MT test/sql/index/CMakeFiles/test_index.dir/ub_test_index.cpp.o -MF test/sql/index/CMakeFiles/test_index.dir/ub_test_index.cpp.o.d -o test/sql/index/CMakeFiles/test_index.dir/ub_test_index.cpp.o -c /home/pei/Project/duckdb-polr/build/release/test/sql/index/ub_test_index.cpp
[332/376] : && /usr/bin/cmake -E rm -f third_party/hyperloglog/libduckdb_hyperloglog.a && /usr/bin/ar qc third_party/hyperloglog/libduckdb_hyperloglog.a  third_party/hyperloglog/CMakeFiles/duckdb_hyperloglog.dir/hyperloglog.cpp.o third_party/hyperloglog/CMakeFiles/duckdb_hyperloglog.dir/sds.cpp.o && /usr/bin/ranlib third_party/hyperloglog/libduckdb_hyperloglog.a && :
[333/376] /usr/bin/ccache /usr/lib/ccache/c++ -DDUCKDB_BUILD_LIBRARY -DENABLE_CROSS_PRODUCT_REWRITE=1 -DENABLE_DEBUG_PRINT=0 -DENABLE_MEASURE_EXE_TIME=0 -DENABLE_MERGE_BACK_PLAN=0 -DENABLE_PARALLEL_EXECUTION=0 -DENABLE_QUERY_SPLIT=1 -DENABLE_SPECIFY_EST_STAT=0 -I/home/pei/Project/duckdb-polr/src/include -I/home/pei/Project/duckdb-polr/third_party/fsst -I/home/pei/Project/duckdb-polr/third_party/fmt/include -I/home/pei/Project/duckdb-polr/third_party/hyperloglog -I/home/pei/Project/duckdb-polr/third_party/fastpforlib -I/home/pei/Project/duckdb-polr/third_party/fast_float -I/home/pei/Project/duckdb-polr/third_party/re2 -I/home/pei/Project/duckdb-polr/third_party/miniz -I/home/pei/Project/duckdb-polr/third_party/utf8proc/include -I/home/pei/Project/duckdb-polr/third_party/miniparquet -I/home/pei/Project/duckdb-polr/third_party/concurrentqueue -I/home/pei/Project/duckdb-polr/third_party/pcg -I/home/pei/Project/duckdb-polr/third_party/tdigest -I/home/pei/Project/duckdb-polr/third_party/mbedtls/include -I/home/pei/Project/duckdb-polr/third_party/jaro_winkler -O3 -DNDEBUG -O3 -DNDEBUG   -fPIC -fvisibility=hidden -fdiagnostics-color=always -std=c++11 -MD -MT third_party/mbedtls/CMakeFiles/duckdb_mbedtls.dir/mbedtls_wrapper.cpp.o -MF third_party/mbedtls/CMakeFiles/duckdb_mbedtls.dir/mbedtls_wrapper.cpp.o.d -o third_party/mbedtls/CMakeFiles/duckdb_mbedtls.dir/mbedtls_wrapper.cpp.o -c /home/pei/Project/duckdb-polr/third_party/mbedtls/mbedtls_wrapper.cpp
[334/376] : && /usr/bin/cmake -E rm -f third_party/fastpforlib/libduckdb_fastpforlib.a && /usr/bin/ar qc third_party/fastpforlib/libduckdb_fastpforlib.a  third_party/fastpforlib/CMakeFiles/duckdb_fastpforlib.dir/bitpacking.cpp.o && /usr/bin/ranlib third_party/fastpforlib/libduckdb_fastpforlib.a && :
[335/376] /usr/bin/ccache /usr/lib/ccache/c++ -DDUCKDB_BUILD_LIBRARY -DENABLE_CROSS_PRODUCT_REWRITE=1 -DENABLE_DEBUG_PRINT=0 -DENABLE_MEASURE_EXE_TIME=0 -DENABLE_MERGE_BACK_PLAN=0 -DENABLE_PARALLEL_EXECUTION=0 -DENABLE_QUERY_SPLIT=1 -DENABLE_SPECIFY_EST_STAT=0 -I/home/pei/Project/duckdb-polr/src/include -I/home/pei/Project/duckdb-polr/third_party/fsst -I/home/pei/Project/duckdb-polr/third_party/fmt/include -I/home/pei/Project/duckdb-polr/third_party/hyperloglog -I/home/pei/Project/duckdb-polr/third_party/fastpforlib -I/home/pei/Project/duckdb-polr/third_party/fast_float -I/home/pei/Project/duckdb-polr/third_party/re2 -I/home/pei/Project/duckdb-polr/third_party/miniz -I/home/pei/Project/duckdb-polr/third_party/utf8proc/include -I/home/pei/Project/duckdb-polr/third_party/miniparquet -I/home/pei/Project/duckdb-polr/third_party/concurrentqueue -I/home/pei/Project/duckdb-polr/third_party/pcg -I/home/pei/Project/duckdb-polr/third_party/tdigest -I/home/pei/Project/duckdb-polr/third_party/mbedtls/include -I/home/pei/Project/duckdb-polr/third_party/jaro_winkler -O3 -DNDEBUG -O3 -DNDEBUG   -fPIC -fvisibility=hidden -fdiagnostics-color=always -std=c++11 -MD -MT third_party/mbedtls/CMakeFiles/duckdb_mbedtls.dir/library/sha256.cpp.o -MF third_party/mbedtls/CMakeFiles/duckdb_mbedtls.dir/library/sha256.cpp.o.d -o third_party/mbedtls/CMakeFiles/duckdb_mbedtls.dir/library/sha256.cpp.o -c /home/pei/Project/duckdb-polr/third_party/mbedtls/library/sha256.cpp
[336/376] /usr/bin/ccache /usr/lib/ccache/c++ -DDUCKDB_BUILD_LIBRARY -DENABLE_CROSS_PRODUCT_REWRITE=1 -DENABLE_DEBUG_PRINT=0 -DENABLE_MEASURE_EXE_TIME=0 -DENABLE_MERGE_BACK_PLAN=0 -DENABLE_PARALLEL_EXECUTION=0 -DENABLE_QUERY_SPLIT=1 -DENABLE_SPECIFY_EST_STAT=0 -I/home/pei/Project/duckdb-polr/src/include -I/home/pei/Project/duckdb-polr/third_party/fsst -I/home/pei/Project/duckdb-polr/third_party/fmt/include -I/home/pei/Project/duckdb-polr/third_party/hyperloglog -I/home/pei/Project/duckdb-polr/third_party/fastpforlib -I/home/pei/Project/duckdb-polr/third_party/fast_float -I/home/pei/Project/duckdb-polr/third_party/re2 -I/home/pei/Project/duckdb-polr/third_party/miniz -I/home/pei/Project/duckdb-polr/third_party/utf8proc/include -I/home/pei/Project/duckdb-polr/third_party/miniparquet -I/home/pei/Project/duckdb-polr/third_party/concurrentqueue -I/home/pei/Project/duckdb-polr/third_party/pcg -I/home/pei/Project/duckdb-polr/third_party/tdigest -I/home/pei/Project/duckdb-polr/third_party/mbedtls/include -I/home/pei/Project/duckdb-polr/third_party/jaro_winkler -O3 -DNDEBUG -O3 -DNDEBUG   -fPIC -fvisibility=hidden -fdiagnostics-color=always -std=c++11 -MD -MT third_party/mbedtls/CMakeFiles/duckdb_mbedtls.dir/library/rsa_alt_helpers.cpp.o -MF third_party/mbedtls/CMakeFiles/duckdb_mbedtls.dir/library/rsa_alt_helpers.cpp.o.d -o third_party/mbedtls/CMakeFiles/duckdb_mbedtls.dir/library/rsa_alt_helpers.cpp.o -c /home/pei/Project/duckdb-polr/third_party/mbedtls/library/rsa_alt_helpers.cpp
[337/376] /usr/bin/ccache /usr/lib/ccache/c++ -DDUCKDB_BUILD_LIBRARY -DENABLE_CROSS_PRODUCT_REWRITE=1 -DENABLE_DEBUG_PRINT=0 -DENABLE_MEASURE_EXE_TIME=0 -DENABLE_MERGE_BACK_PLAN=0 -DENABLE_PARALLEL_EXECUTION=0 -DENABLE_QUERY_SPLIT=1 -DENABLE_SPECIFY_EST_STAT=0 -I/home/pei/Project/duckdb-polr/src/include -I/home/pei/Project/duckdb-polr/third_party/fsst -I/home/pei/Project/duckdb-polr/third_party/fmt/include -I/home/pei/Project/duckdb-polr/third_party/hyperloglog -I/home/pei/Project/duckdb-polr/third_party/fastpforlib -I/home/pei/Project/duckdb-polr/third_party/fast_float -I/home/pei/Project/duckdb-polr/third_party/re2 -I/home/pei/Project/duckdb-polr/third_party/miniz -I/home/pei/Project/duckdb-polr/third_party/utf8proc/include -I/home/pei/Project/duckdb-polr/third_party/miniparquet -I/home/pei/Project/duckdb-polr/third_party/concurrentqueue -I/home/pei/Project/duckdb-polr/third_party/pcg -I/home/pei/Project/duckdb-polr/third_party/tdigest -I/home/pei/Project/duckdb-polr/third_party/mbedtls/include -I/home/pei/Project/duckdb-polr/third_party/jaro_winkler -O3 -DNDEBUG -O3 -DNDEBUG   -fPIC -fvisibility=hidden -fdiagnostics-color=always -std=c++11 -MD -MT third_party/mbedtls/CMakeFiles/duckdb_mbedtls.dir/library/rsa.cpp.o -MF third_party/mbedtls/CMakeFiles/duckdb_mbedtls.dir/library/rsa.cpp.o.d -o third_party/mbedtls/CMakeFiles/duckdb_mbedtls.dir/library/rsa.cpp.o -c /home/pei/Project/duckdb-polr/third_party/mbedtls/library/rsa.cpp
[338/376] /usr/bin/ccache /usr/lib/ccache/c++ -DDUCKDB_BUILD_LIBRARY -DENABLE_CROSS_PRODUCT_REWRITE=1 -DENABLE_DEBUG_PRINT=0 -DENABLE_MEASURE_EXE_TIME=0 -DENABLE_MERGE_BACK_PLAN=0 -DENABLE_PARALLEL_EXECUTION=0 -DENABLE_QUERY_SPLIT=1 -DENABLE_SPECIFY_EST_STAT=0 -I/home/pei/Project/duckdb-polr/src/include -I/home/pei/Project/duckdb-polr/third_party/fsst -I/home/pei/Project/duckdb-polr/third_party/fmt/include -I/home/pei/Project/duckdb-polr/third_party/hyperloglog -I/home/pei/Project/duckdb-polr/third_party/fastpforlib -I/home/pei/Project/duckdb-polr/third_party/fast_float -I/home/pei/Project/duckdb-polr/third_party/re2 -I/home/pei/Project/duckdb-polr/third_party/miniz -I/home/pei/Project/duckdb-polr/third_party/utf8proc/include -I/home/pei/Project/duckdb-polr/third_party/miniparquet -I/home/pei/Project/duckdb-polr/third_party/concurrentqueue -I/home/pei/Project/duckdb-polr/third_party/pcg -I/home/pei/Project/duckdb-polr/third_party/tdigest -I/home/pei/Project/duckdb-polr/third_party/mbedtls/include -I/home/pei/Project/duckdb-polr/third_party/jaro_winkler -O3 -DNDEBUG -O3 -DNDEBUG   -fPIC -fvisibility=hidden -fdiagnostics-color=always -std=c++11 -MD -MT third_party/mbedtls/CMakeFiles/duckdb_mbedtls.dir/library/md.cpp.o -MF third_party/mbedtls/CMakeFiles/duckdb_mbedtls.dir/library/md.cpp.o.d -o third_party/mbedtls/CMakeFiles/duckdb_mbedtls.dir/library/md.cpp.o -c /home/pei/Project/duckdb-polr/third_party/mbedtls/library/md.cpp
[339/376] /usr/bin/ccache /usr/lib/ccache/c++ -DDUCKDB_BUILD_LIBRARY -DENABLE_CROSS_PRODUCT_REWRITE=1 -DENABLE_DEBUG_PRINT=0 -DENABLE_MEASURE_EXE_TIME=0 -DENABLE_MERGE_BACK_PLAN=0 -DENABLE_PARALLEL_EXECUTION=0 -DENABLE_QUERY_SPLIT=1 -DENABLE_SPECIFY_EST_STAT=0 -I/home/pei/Project/duckdb-polr/src/include -I/home/pei/Project/duckdb-polr/third_party/fsst -I/home/pei/Project/duckdb-polr/third_party/fmt/include -I/home/pei/Project/duckdb-polr/third_party/hyperloglog -I/home/pei/Project/duckdb-polr/third_party/fastpforlib -I/home/pei/Project/duckdb-polr/third_party/fast_float -I/home/pei/Project/duckdb-polr/third_party/re2 -I/home/pei/Project/duckdb-polr/third_party/miniz -I/home/pei/Project/duckdb-polr/third_party/utf8proc/include -I/home/pei/Project/duckdb-polr/third_party/miniparquet -I/home/pei/Project/duckdb-polr/third_party/concurrentqueue -I/home/pei/Project/duckdb-polr/third_party/pcg -I/home/pei/Project/duckdb-polr/third_party/tdigest -I/home/pei/Project/duckdb-polr/third_party/mbedtls/include -I/home/pei/Project/duckdb-polr/third_party/jaro_winkler -O3 -DNDEBUG -O3 -DNDEBUG   -fPIC -fvisibility=hidden -fdiagnostics-color=always -std=c++11 -MD -MT third_party/mbedtls/CMakeFiles/duckdb_mbedtls.dir/library/bignum.cpp.o -MF third_party/mbedtls/CMakeFiles/duckdb_mbedtls.dir/library/bignum.cpp.o.d -o third_party/mbedtls/CMakeFiles/duckdb_mbedtls.dir/library/bignum.cpp.o -c /home/pei/Project/duckdb-polr/third_party/mbedtls/library/bignum.cpp
[340/376] /usr/bin/ccache /usr/lib/ccache/c++ -DDUCKDB_BUILD_LIBRARY -DENABLE_CROSS_PRODUCT_REWRITE=1 -DENABLE_DEBUG_PRINT=0 -DENABLE_MEASURE_EXE_TIME=0 -DENABLE_MERGE_BACK_PLAN=0 -DENABLE_PARALLEL_EXECUTION=0 -DENABLE_QUERY_SPLIT=1 -DENABLE_SPECIFY_EST_STAT=0 -I/home/pei/Project/duckdb-polr/src/include -I/home/pei/Project/duckdb-polr/third_party/fsst -I/home/pei/Project/duckdb-polr/third_party/fmt/include -I/home/pei/Project/duckdb-polr/third_party/hyperloglog -I/home/pei/Project/duckdb-polr/third_party/fastpforlib -I/home/pei/Project/duckdb-polr/third_party/fast_float -I/home/pei/Project/duckdb-polr/third_party/re2 -I/home/pei/Project/duckdb-polr/third_party/miniz -I/home/pei/Project/duckdb-polr/third_party/utf8proc/include -I/home/pei/Project/duckdb-polr/third_party/miniparquet -I/home/pei/Project/duckdb-polr/third_party/concurrentqueue -I/home/pei/Project/duckdb-polr/third_party/pcg -I/home/pei/Project/duckdb-polr/third_party/tdigest -I/home/pei/Project/duckdb-polr/third_party/mbedtls/include -I/home/pei/Project/duckdb-polr/third_party/jaro_winkler -O3 -DNDEBUG -O3 -DNDEBUG   -fPIC -fvisibility=hidden -fdiagnostics-color=always -std=c++11 -MD -MT third_party/mbedtls/CMakeFiles/duckdb_mbedtls.dir/library/oid.cpp.o -MF third_party/mbedtls/CMakeFiles/duckdb_mbedtls.dir/library/oid.cpp.o.d -o third_party/mbedtls/CMakeFiles/duckdb_mbedtls.dir/library/oid.cpp.o -c /home/pei/Project/duckdb-polr/third_party/mbedtls/library/oid.cpp
[341/376] /usr/bin/ccache /usr/lib/ccache/c++ -DDUCKDB_BUILD_LIBRARY -DENABLE_CROSS_PRODUCT_REWRITE=1 -DENABLE_DEBUG_PRINT=0 -DENABLE_MEASURE_EXE_TIME=0 -DENABLE_MERGE_BACK_PLAN=0 -DENABLE_PARALLEL_EXECUTION=0 -DENABLE_QUERY_SPLIT=1 -DENABLE_SPECIFY_EST_STAT=0 -I/home/pei/Project/duckdb-polr/src/include -I/home/pei/Project/duckdb-polr/third_party/fsst -I/home/pei/Project/duckdb-polr/third_party/fmt/include -I/home/pei/Project/duckdb-polr/third_party/hyperloglog -I/home/pei/Project/duckdb-polr/third_party/fastpforlib -I/home/pei/Project/duckdb-polr/third_party/fast_float -I/home/pei/Project/duckdb-polr/third_party/re2 -I/home/pei/Project/duckdb-polr/third_party/miniz -I/home/pei/Project/duckdb-polr/third_party/utf8proc/include -I/home/pei/Project/duckdb-polr/third_party/miniparquet -I/home/pei/Project/duckdb-polr/third_party/concurrentqueue -I/home/pei/Project/duckdb-polr/third_party/pcg -I/home/pei/Project/duckdb-polr/third_party/tdigest -I/home/pei/Project/duckdb-polr/third_party/mbedtls/include -I/home/pei/Project/duckdb-polr/third_party/jaro_winkler -O3 -DNDEBUG -O3 -DNDEBUG   -fPIC -fvisibility=hidden -fdiagnostics-color=always -std=c++11 -MD -MT third_party/mbedtls/CMakeFiles/duckdb_mbedtls.dir/library/base64.cpp.o -MF third_party/mbedtls/CMakeFiles/duckdb_mbedtls.dir/library/base64.cpp.o.d -o third_party/mbedtls/CMakeFiles/duckdb_mbedtls.dir/library/base64.cpp.o -c /home/pei/Project/duckdb-polr/third_party/mbedtls/library/base64.cpp
[342/376] /usr/bin/ccache /usr/lib/ccache/c++ -DDUCKDB_BUILD_LIBRARY -DENABLE_CROSS_PRODUCT_REWRITE=1 -DENABLE_DEBUG_PRINT=0 -DENABLE_MEASURE_EXE_TIME=0 -DENABLE_MERGE_BACK_PLAN=0 -DENABLE_PARALLEL_EXECUTION=0 -DENABLE_QUERY_SPLIT=1 -DENABLE_SPECIFY_EST_STAT=0 -I/home/pei/Project/duckdb-polr/src/include -I/home/pei/Project/duckdb-polr/third_party/fsst -I/home/pei/Project/duckdb-polr/third_party/fmt/include -I/home/pei/Project/duckdb-polr/third_party/hyperloglog -I/home/pei/Project/duckdb-polr/third_party/fastpforlib -I/home/pei/Project/duckdb-polr/third_party/fast_float -I/home/pei/Project/duckdb-polr/third_party/re2 -I/home/pei/Project/duckdb-polr/third_party/miniz -I/home/pei/Project/duckdb-polr/third_party/utf8proc/include -I/home/pei/Project/duckdb-polr/third_party/miniparquet -I/home/pei/Project/duckdb-polr/third_party/concurrentqueue -I/home/pei/Project/duckdb-polr/third_party/pcg -I/home/pei/Project/duckdb-polr/third_party/tdigest -I/home/pei/Project/duckdb-polr/third_party/mbedtls/include -I/home/pei/Project/duckdb-polr/third_party/jaro_winkler -O3 -DNDEBUG -O3 -DNDEBUG   -fPIC -fvisibility=hidden -fdiagnostics-color=always -std=c++11 -MD -MT third_party/mbedtls/CMakeFiles/duckdb_mbedtls.dir/library/constant_time.cpp.o -MF third_party/mbedtls/CMakeFiles/duckdb_mbedtls.dir/library/constant_time.cpp.o.d -o third_party/mbedtls/CMakeFiles/duckdb_mbedtls.dir/library/constant_time.cpp.o -c /home/pei/Project/duckdb-polr/third_party/mbedtls/library/constant_time.cpp
[343/376] /usr/bin/ccache /usr/lib/ccache/c++ -DDUCKDB_BUILD_LIBRARY -DENABLE_CROSS_PRODUCT_REWRITE=1 -DENABLE_DEBUG_PRINT=0 -DENABLE_MEASURE_EXE_TIME=0 -DENABLE_MERGE_BACK_PLAN=0 -DENABLE_PARALLEL_EXECUTION=0 -DENABLE_QUERY_SPLIT=1 -DENABLE_SPECIFY_EST_STAT=0 -I/home/pei/Project/duckdb-polr/src/include -I/home/pei/Project/duckdb-polr/third_party/fsst -I/home/pei/Project/duckdb-polr/third_party/fmt/include -I/home/pei/Project/duckdb-polr/third_party/hyperloglog -I/home/pei/Project/duckdb-polr/third_party/fastpforlib -I/home/pei/Project/duckdb-polr/third_party/fast_float -I/home/pei/Project/duckdb-polr/third_party/re2 -I/home/pei/Project/duckdb-polr/third_party/miniz -I/home/pei/Project/duckdb-polr/third_party/utf8proc/include -I/home/pei/Project/duckdb-polr/third_party/miniparquet -I/home/pei/Project/duckdb-polr/third_party/concurrentqueue -I/home/pei/Project/duckdb-polr/third_party/pcg -I/home/pei/Project/duckdb-polr/third_party/tdigest -I/home/pei/Project/duckdb-polr/third_party/mbedtls/include -I/home/pei/Project/duckdb-polr/third_party/jaro_winkler -O3 -DNDEBUG -O3 -DNDEBUG   -fPIC -fvisibility=hidden -fdiagnostics-color=always -std=c++11 -MD -MT third_party/mbedtls/CMakeFiles/duckdb_mbedtls.dir/library/platform_util.cpp.o -MF third_party/mbedtls/CMakeFiles/duckdb_mbedtls.dir/library/platform_util.cpp.o.d -o third_party/mbedtls/CMakeFiles/duckdb_mbedtls.dir/library/platform_util.cpp.o -c /home/pei/Project/duckdb-polr/third_party/mbedtls/library/platform_util.cpp
[344/376] /usr/bin/ccache /usr/lib/ccache/c++ -DDUCKDB_BUILD_LIBRARY -DENABLE_CROSS_PRODUCT_REWRITE=1 -DENABLE_DEBUG_PRINT=0 -DENABLE_MEASURE_EXE_TIME=0 -DENABLE_MERGE_BACK_PLAN=0 -DENABLE_PARALLEL_EXECUTION=0 -DENABLE_QUERY_SPLIT=1 -DENABLE_SPECIFY_EST_STAT=0 -I/home/pei/Project/duckdb-polr/src/include -I/home/pei/Project/duckdb-polr/third_party/fsst -I/home/pei/Project/duckdb-polr/third_party/fmt/include -I/home/pei/Project/duckdb-polr/third_party/hyperloglog -I/home/pei/Project/duckdb-polr/third_party/fastpforlib -I/home/pei/Project/duckdb-polr/third_party/fast_float -I/home/pei/Project/duckdb-polr/third_party/re2 -I/home/pei/Project/duckdb-polr/third_party/miniz -I/home/pei/Project/duckdb-polr/third_party/utf8proc/include -I/home/pei/Project/duckdb-polr/third_party/miniparquet -I/home/pei/Project/duckdb-polr/third_party/concurrentqueue -I/home/pei/Project/duckdb-polr/third_party/pcg -I/home/pei/Project/duckdb-polr/third_party/tdigest -I/home/pei/Project/duckdb-polr/third_party/mbedtls/include -I/home/pei/Project/duckdb-polr/third_party/jaro_winkler -O3 -DNDEBUG -O3 -DNDEBUG   -fPIC -fvisibility=hidden -fdiagnostics-color=always -std=c++11 -MD -MT third_party/mbedtls/CMakeFiles/duckdb_mbedtls.dir/library/pkparse.cpp.o -MF third_party/mbedtls/CMakeFiles/duckdb_mbedtls.dir/library/pkparse.cpp.o.d -o third_party/mbedtls/CMakeFiles/duckdb_mbedtls.dir/library/pkparse.cpp.o -c /home/pei/Project/duckdb-polr/third_party/mbedtls/library/pkparse.cpp
[345/376] /usr/bin/ccache /usr/lib/ccache/c++ -DDUCKDB_BUILD_LIBRARY -DENABLE_CROSS_PRODUCT_REWRITE=1 -DENABLE_DEBUG_PRINT=0 -DENABLE_MEASURE_EXE_TIME=0 -DENABLE_MERGE_BACK_PLAN=0 -DENABLE_PARALLEL_EXECUTION=0 -DENABLE_QUERY_SPLIT=1 -DENABLE_SPECIFY_EST_STAT=0 -I/home/pei/Project/duckdb-polr/src/include -I/home/pei/Project/duckdb-polr/third_party/fsst -I/home/pei/Project/duckdb-polr/third_party/fmt/include -I/home/pei/Project/duckdb-polr/third_party/hyperloglog -I/home/pei/Project/duckdb-polr/third_party/fastpforlib -I/home/pei/Project/duckdb-polr/third_party/fast_float -I/home/pei/Project/duckdb-polr/third_party/re2 -I/home/pei/Project/duckdb-polr/third_party/miniz -I/home/pei/Project/duckdb-polr/third_party/utf8proc/include -I/home/pei/Project/duckdb-polr/third_party/miniparquet -I/home/pei/Project/duckdb-polr/third_party/concurrentqueue -I/home/pei/Project/duckdb-polr/third_party/pcg -I/home/pei/Project/duckdb-polr/third_party/tdigest -I/home/pei/Project/duckdb-polr/third_party/mbedtls/include -I/home/pei/Project/duckdb-polr/third_party/jaro_winkler -O3 -DNDEBUG -O3 -DNDEBUG   -fPIC -fvisibility=hidden -fdiagnostics-color=always -std=c++11 -MD -MT third_party/mbedtls/CMakeFiles/duckdb_mbedtls.dir/library/pk_wrap.cpp.o -MF third_party/mbedtls/CMakeFiles/duckdb_mbedtls.dir/library/pk_wrap.cpp.o.d -o third_party/mbedtls/CMakeFiles/duckdb_mbedtls.dir/library/pk_wrap.cpp.o -c /home/pei/Project/duckdb-polr/third_party/mbedtls/library/pk_wrap.cpp
[346/376] /usr/bin/ccache /usr/lib/ccache/c++ -DDUCKDB_BUILD_LIBRARY -DENABLE_CROSS_PRODUCT_REWRITE=1 -DENABLE_DEBUG_PRINT=0 -DENABLE_MEASURE_EXE_TIME=0 -DENABLE_MERGE_BACK_PLAN=0 -DENABLE_PARALLEL_EXECUTION=0 -DENABLE_QUERY_SPLIT=1 -DENABLE_SPECIFY_EST_STAT=0 -I/home/pei/Project/duckdb-polr/src/include -I/home/pei/Project/duckdb-polr/third_party/fsst -I/home/pei/Project/duckdb-polr/third_party/fmt/include -I/home/pei/Project/duckdb-polr/third_party/hyperloglog -I/home/pei/Project/duckdb-polr/third_party/fastpforlib -I/home/pei/Project/duckdb-polr/third_party/fast_float -I/home/pei/Project/duckdb-polr/third_party/re2 -I/home/pei/Project/duckdb-polr/third_party/miniz -I/home/pei/Project/duckdb-polr/third_party/utf8proc/include -I/home/pei/Project/duckdb-polr/third_party/miniparquet -I/home/pei/Project/duckdb-polr/third_party/concurrentqueue -I/home/pei/Project/duckdb-polr/third_party/pcg -I/home/pei/Project/duckdb-polr/third_party/tdigest -I/home/pei/Project/duckdb-polr/third_party/mbedtls/include -I/home/pei/Project/duckdb-polr/third_party/jaro_winkler -O3 -DNDEBUG -O3 -DNDEBUG   -fPIC -fdiagnostics-color=always -std=c++11 -MD -MT third_party/utf8proc/CMakeFiles/duckdb_utf8proc.dir/utf8proc.cpp.o -MF third_party/utf8proc/CMakeFiles/duckdb_utf8proc.dir/utf8proc.cpp.o.d -o third_party/utf8proc/CMakeFiles/duckdb_utf8proc.dir/utf8proc.cpp.o -c /home/pei/Project/duckdb-polr/third_party/utf8proc/utf8proc.cpp
[347/376] /usr/bin/ccache /usr/lib/ccache/c++ -DDUCKDB_BUILD_LIBRARY -DENABLE_CROSS_PRODUCT_REWRITE=1 -DENABLE_DEBUG_PRINT=0 -DENABLE_MEASURE_EXE_TIME=0 -DENABLE_MERGE_BACK_PLAN=0 -DENABLE_PARALLEL_EXECUTION=0 -DENABLE_QUERY_SPLIT=1 -DENABLE_SPECIFY_EST_STAT=0 -I/home/pei/Project/duckdb-polr/src/include -I/home/pei/Project/duckdb-polr/third_party/fsst -I/home/pei/Project/duckdb-polr/third_party/fmt/include -I/home/pei/Project/duckdb-polr/third_party/hyperloglog -I/home/pei/Project/duckdb-polr/third_party/fastpforlib -I/home/pei/Project/duckdb-polr/third_party/fast_float -I/home/pei/Project/duckdb-polr/third_party/re2 -I/home/pei/Project/duckdb-polr/third_party/miniz -I/home/pei/Project/duckdb-polr/third_party/utf8proc/include -I/home/pei/Project/duckdb-polr/third_party/miniparquet -I/home/pei/Project/duckdb-polr/third_party/concurrentqueue -I/home/pei/Project/duckdb-polr/third_party/pcg -I/home/pei/Project/duckdb-polr/third_party/tdigest -I/home/pei/Project/duckdb-polr/third_party/mbedtls/include -I/home/pei/Project/duckdb-polr/third_party/jaro_winkler -O3 -DNDEBUG -O3 -DNDEBUG   -fPIC -fvisibility=hidden -fdiagnostics-color=always -std=c++11 -MD -MT third_party/mbedtls/CMakeFiles/duckdb_mbedtls.dir/library/pk.cpp.o -MF third_party/mbedtls/CMakeFiles/duckdb_mbedtls.dir/library/pk.cpp.o.d -o third_party/mbedtls/CMakeFiles/duckdb_mbedtls.dir/library/pk.cpp.o -c /home/pei/Project/duckdb-polr/third_party/mbedtls/library/pk.cpp
[348/376] /usr/bin/ccache /usr/lib/ccache/c++ -DDUCKDB_BUILD_LIBRARY -DENABLE_CROSS_PRODUCT_REWRITE=1 -DENABLE_DEBUG_PRINT=0 -DENABLE_MEASURE_EXE_TIME=0 -DENABLE_MERGE_BACK_PLAN=0 -DENABLE_PARALLEL_EXECUTION=0 -DENABLE_QUERY_SPLIT=1 -DENABLE_SPECIFY_EST_STAT=0 -I/home/pei/Project/duckdb-polr/src/include -I/home/pei/Project/duckdb-polr/third_party/fsst -I/home/pei/Project/duckdb-polr/third_party/fmt/include -I/home/pei/Project/duckdb-polr/third_party/hyperloglog -I/home/pei/Project/duckdb-polr/third_party/fastpforlib -I/home/pei/Project/duckdb-polr/third_party/fast_float -I/home/pei/Project/duckdb-polr/third_party/re2 -I/home/pei/Project/duckdb-polr/third_party/miniz -I/home/pei/Project/duckdb-polr/third_party/utf8proc/include -I/home/pei/Project/duckdb-polr/third_party/miniparquet -I/home/pei/Project/duckdb-polr/third_party/concurrentqueue -I/home/pei/Project/duckdb-polr/third_party/pcg -I/home/pei/Project/duckdb-polr/third_party/tdigest -I/home/pei/Project/duckdb-polr/third_party/mbedtls/include -I/home/pei/Project/duckdb-polr/third_party/jaro_winkler -O3 -DNDEBUG -O3 -DNDEBUG   -fPIC -fvisibility=hidden -fdiagnostics-color=always -std=c++11 -MD -MT third_party/mbedtls/CMakeFiles/duckdb_mbedtls.dir/library/asn1parse.cpp.o -MF third_party/mbedtls/CMakeFiles/duckdb_mbedtls.dir/library/asn1parse.cpp.o.d -o third_party/mbedtls/CMakeFiles/duckdb_mbedtls.dir/library/asn1parse.cpp.o -c /home/pei/Project/duckdb-polr/third_party/mbedtls/library/asn1parse.cpp
[349/376] /usr/bin/ccache /usr/lib/ccache/c++ -DDUCKDB_BUILD_LIBRARY -DENABLE_CROSS_PRODUCT_REWRITE=1 -DENABLE_DEBUG_PRINT=0 -DENABLE_MEASURE_EXE_TIME=0 -DENABLE_MERGE_BACK_PLAN=0 -DENABLE_PARALLEL_EXECUTION=0 -DENABLE_QUERY_SPLIT=1 -DENABLE_SPECIFY_EST_STAT=0 -I/home/pei/Project/duckdb-polr/src/include -I/home/pei/Project/duckdb-polr/third_party/fsst -I/home/pei/Project/duckdb-polr/third_party/fmt/include -I/home/pei/Project/duckdb-polr/third_party/hyperloglog -I/home/pei/Project/duckdb-polr/third_party/fastpforlib -I/home/pei/Project/duckdb-polr/third_party/fast_float -I/home/pei/Project/duckdb-polr/third_party/re2 -I/home/pei/Project/duckdb-polr/third_party/miniz -I/home/pei/Project/duckdb-polr/third_party/utf8proc/include -I/home/pei/Project/duckdb-polr/third_party/miniparquet -I/home/pei/Project/duckdb-polr/third_party/concurrentqueue -I/home/pei/Project/duckdb-polr/third_party/pcg -I/home/pei/Project/duckdb-polr/third_party/tdigest -I/home/pei/Project/duckdb-polr/third_party/mbedtls/include -I/home/pei/Project/duckdb-polr/third_party/jaro_winkler -O3 -DNDEBUG -O3 -DNDEBUG   -fPIC -fvisibility=hidden -fdiagnostics-color=always -std=c++11 -MD -MT third_party/mbedtls/CMakeFiles/duckdb_mbedtls.dir/library/pem.cpp.o -MF third_party/mbedtls/CMakeFiles/duckdb_mbedtls.dir/library/pem.cpp.o.d -o third_party/mbedtls/CMakeFiles/duckdb_mbedtls.dir/library/pem.cpp.o -c /home/pei/Project/duckdb-polr/third_party/mbedtls/library/pem.cpp
[350/376] : && /usr/bin/cmake -E rm -f third_party/utf8proc/libduckdb_utf8proc.a && /usr/bin/ar qc third_party/utf8proc/libduckdb_utf8proc.a  third_party/utf8proc/CMakeFiles/duckdb_utf8proc.dir/utf8proc.cpp.o third_party/utf8proc/CMakeFiles/duckdb_utf8proc.dir/utf8proc_wrapper.cpp.o && /usr/bin/ranlib third_party/utf8proc/libduckdb_utf8proc.a && :
[351/376] : && /usr/bin/cmake -E rm -f third_party/mbedtls/libduckdb_mbedtls.a && /usr/bin/ar qc third_party/mbedtls/libduckdb_mbedtls.a  third_party/mbedtls/CMakeFiles/duckdb_mbedtls.dir/mbedtls_wrapper.cpp.o third_party/mbedtls/CMakeFiles/duckdb_mbedtls.dir/library/sha256.cpp.o third_party/mbedtls/CMakeFiles/duckdb_mbedtls.dir/library/rsa.cpp.o third_party/mbedtls/CMakeFiles/duckdb_mbedtls.dir/library/rsa_alt_helpers.cpp.o third_party/mbedtls/CMakeFiles/duckdb_mbedtls.dir/library/md.cpp.o third_party/mbedtls/CMakeFiles/duckdb_mbedtls.dir/library/bignum.cpp.o third_party/mbedtls/CMakeFiles/duckdb_mbedtls.dir/library/oid.cpp.o third_party/mbedtls/CMakeFiles/duckdb_mbedtls.dir/library/constant_time.cpp.o third_party/mbedtls/CMakeFiles/duckdb_mbedtls.dir/library/platform_util.cpp.o third_party/mbedtls/CMakeFiles/duckdb_mbedtls.dir/library/base64.cpp.o third_party/mbedtls/CMakeFiles/duckdb_mbedtls.dir/library/pkparse.cpp.o third_party/mbedtls/CMakeFiles/duckdb_mbedtls.dir/library/pk.cpp.o third_party/mbedtls/CMakeFiles/duckdb_mbedtls.dir/library/pk_wrap.cpp.o third_party/mbedtls/CMakeFiles/duckdb_mbedtls.dir/library/asn1parse.cpp.o third_party/mbedtls/CMakeFiles/duckdb_mbedtls.dir/library/pem.cpp.o && /usr/bin/ranlib third_party/mbedtls/libduckdb_mbedtls.a && :
[352/376] /usr/bin/ccache /usr/lib/ccache/c++ -DDUCKDB_BUILD_LIBRARY -DENABLE_CROSS_PRODUCT_REWRITE=1 -DENABLE_DEBUG_PRINT=0 -DENABLE_MEASURE_EXE_TIME=0 -DENABLE_MERGE_BACK_PLAN=0 -DENABLE_PARALLEL_EXECUTION=0 -DENABLE_QUERY_SPLIT=1 -DENABLE_SPECIFY_EST_STAT=0 -I/home/pei/Project/duckdb-polr/src/include -I/home/pei/Project/duckdb-polr/third_party/fsst -I/home/pei/Project/duckdb-polr/third_party/fmt/include -I/home/pei/Project/duckdb-polr/third_party/hyperloglog -I/home/pei/Project/duckdb-polr/third_party/fastpforlib -I/home/pei/Project/duckdb-polr/third_party/fast_float -I/home/pei/Project/duckdb-polr/third_party/re2 -I/home/pei/Project/duckdb-polr/third_party/miniz -I/home/pei/Project/duckdb-polr/third_party/utf8proc/include -I/home/pei/Project/duckdb-polr/third_party/miniparquet -I/home/pei/Project/duckdb-polr/third_party/concurrentqueue -I/home/pei/Project/duckdb-polr/third_party/pcg -I/home/pei/Project/duckdb-polr/third_party/tdigest -I/home/pei/Project/duckdb-polr/third_party/mbedtls/include -I/home/pei/Project/duckdb-polr/third_party/jaro_winkler -I/home/pei/Project/duckdb-polr/test/../third_party/catch -I/home/pei/Project/duckdb-polr/test/../third_party/tpce-tool/include -I/home/pei/Project/duckdb-polr/test/../third_party/sqlite/include -I/home/pei/Project/duckdb-polr/test/include -O3 -DNDEBUG -O3 -DNDEBUG   -fPIC -fdiagnostics-color=always -std=c++11 -MD -MT test/persistence/CMakeFiles/test_persistence.dir/ub_test_persistence.cpp.o -MF test/persistence/CMakeFiles/test_persistence.dir/ub_test_persistence.cpp.o.d -o test/persistence/CMakeFiles/test_persistence.dir/ub_test_persistence.cpp.o -c /home/pei/Project/duckdb-polr/build/release/test/persistence/ub_test_persistence.cpp
[353/376] /usr/bin/ccache /usr/lib/ccache/c++ -DDUCKDB_BUILD_LIBRARY -DENABLE_CROSS_PRODUCT_REWRITE=1 -DENABLE_DEBUG_PRINT=0 -DENABLE_MEASURE_EXE_TIME=0 -DENABLE_MERGE_BACK_PLAN=0 -DENABLE_PARALLEL_EXECUTION=0 -DENABLE_QUERY_SPLIT=1 -DENABLE_SPECIFY_EST_STAT=0 -I/home/pei/Project/duckdb-polr/src/include -I/home/pei/Project/duckdb-polr/third_party/fsst -I/home/pei/Project/duckdb-polr/third_party/fmt/include -I/home/pei/Project/duckdb-polr/third_party/hyperloglog -I/home/pei/Project/duckdb-polr/third_party/fastpforlib -I/home/pei/Project/duckdb-polr/third_party/fast_float -I/home/pei/Project/duckdb-polr/third_party/re2 -I/home/pei/Project/duckdb-polr/third_party/miniz -I/home/pei/Project/duckdb-polr/third_party/utf8proc/include -I/home/pei/Project/duckdb-polr/third_party/miniparquet -I/home/pei/Project/duckdb-polr/third_party/concurrentqueue -I/home/pei/Project/duckdb-polr/third_party/pcg -I/home/pei/Project/duckdb-polr/third_party/tdigest -I/home/pei/Project/duckdb-polr/third_party/mbedtls/include -I/home/pei/Project/duckdb-polr/third_party/jaro_winkler -O3 -DNDEBUG -O3 -DNDEBUG   -fPIC -fvisibility=hidden -fdiagnostics-color=always -w -std=c++11 -O1 -MD -MT third_party/fsst/CMakeFiles/duckdb_fsst.dir/fsst_avx512.cpp.o -MF third_party/fsst/CMakeFiles/duckdb_fsst.dir/fsst_avx512.cpp.o.d -o third_party/fsst/CMakeFiles/duckdb_fsst.dir/fsst_avx512.cpp.o -c /home/pei/Project/duckdb-polr/third_party/fsst/fsst_avx512.cpp
[354/376] /usr/bin/ccache /usr/lib/ccache/c++ -DDUCKDB_BUILD_LIBRARY -DENABLE_CROSS_PRODUCT_REWRITE=1 -DENABLE_DEBUG_PRINT=0 -DENABLE_MEASURE_EXE_TIME=0 -DENABLE_MERGE_BACK_PLAN=0 -DENABLE_PARALLEL_EXECUTION=0 -DENABLE_QUERY_SPLIT=1 -DENABLE_SPECIFY_EST_STAT=0 -I/home/pei/Project/duckdb-polr/src/include -I/home/pei/Project/duckdb-polr/third_party/fsst -I/home/pei/Project/duckdb-polr/third_party/fmt/include -I/home/pei/Project/duckdb-polr/third_party/hyperloglog -I/home/pei/Project/duckdb-polr/third_party/fastpforlib -I/home/pei/Project/duckdb-polr/third_party/fast_float -I/home/pei/Project/duckdb-polr/third_party/re2 -I/home/pei/Project/duckdb-polr/third_party/miniz -I/home/pei/Project/duckdb-polr/third_party/utf8proc/include -I/home/pei/Project/duckdb-polr/third_party/miniparquet -I/home/pei/Project/duckdb-polr/third_party/concurrentqueue -I/home/pei/Project/duckdb-polr/third_party/pcg -I/home/pei/Project/duckdb-polr/third_party/tdigest -I/home/pei/Project/duckdb-polr/third_party/mbedtls/include -I/home/pei/Project/duckdb-polr/third_party/jaro_winkler -O3 -DNDEBUG -O3 -DNDEBUG   -fPIC -fvisibility=hidden -fdiagnostics-color=always -w -std=c++11 -MD -MT third_party/fsst/CMakeFiles/duckdb_fsst.dir/libfsst.cpp.o -MF third_party/fsst/CMakeFiles/duckdb_fsst.dir/libfsst.cpp.o.d -o third_party/fsst/CMakeFiles/duckdb_fsst.dir/libfsst.cpp.o -c /home/pei/Project/duckdb-polr/third_party/fsst/libfsst.cpp
[355/376] : && /usr/bin/cmake -E rm -f third_party/fsst/libduckdb_fsst.a && /usr/bin/ar qc third_party/fsst/libduckdb_fsst.a  third_party/fsst/CMakeFiles/duckdb_fsst.dir/libfsst.cpp.o third_party/fsst/CMakeFiles/duckdb_fsst.dir/fsst_avx512.cpp.o && /usr/bin/ranlib third_party/fsst/libduckdb_fsst.a && :
[356/376] /usr/bin/ccache /usr/lib/ccache/cc -DDUCKDB_BUILD_LIBRARY -DENABLE_CROSS_PRODUCT_REWRITE=1 -DENABLE_DEBUG_PRINT=0 -DENABLE_MEASURE_EXE_TIME=0 -DENABLE_MERGE_BACK_PLAN=0 -DENABLE_PARALLEL_EXECUTION=0 -DENABLE_QUERY_SPLIT=1 -DENABLE_SPECIFY_EST_STAT=0 -I/home/pei/Project/duckdb-polr/src/include -I/home/pei/Project/duckdb-polr/third_party/fsst -I/home/pei/Project/duckdb-polr/third_party/fmt/include -I/home/pei/Project/duckdb-polr/third_party/hyperloglog -I/home/pei/Project/duckdb-polr/third_party/fastpforlib -I/home/pei/Project/duckdb-polr/third_party/fast_float -I/home/pei/Project/duckdb-polr/third_party/re2 -I/home/pei/Project/duckdb-polr/third_party/miniz -I/home/pei/Project/duckdb-polr/third_party/utf8proc/include -I/home/pei/Project/duckdb-polr/third_party/miniparquet -I/home/pei/Project/duckdb-polr/third_party/concurrentqueue -I/home/pei/Project/duckdb-polr/third_party/pcg -I/home/pei/Project/duckdb-polr/third_party/tdigest -I/home/pei/Project/duckdb-polr/third_party/mbedtls/include -I/home/pei/Project/duckdb-polr/third_party/jaro_winkler -I/home/pei/Project/duckdb-polr/third_party/sqlite/include -O3 -DNDEBUG -O3 -DNDEBUG   -fPIC -fvisibility=hidden -fdiagnostics-color=always -MD -MT third_party/sqlite/CMakeFiles/duckdb_sqlite3.dir/sqlite3.c.o -MF third_party/sqlite/CMakeFiles/duckdb_sqlite3.dir/sqlite3.c.o.d -o third_party/sqlite/CMakeFiles/duckdb_sqlite3.dir/sqlite3.c.o -c /home/pei/Project/duckdb-polr/third_party/sqlite/sqlite3.c
[357/376] : && /usr/bin/cmake -E rm -f third_party/sqlite/libduckdb_sqlite3.a && /usr/bin/ar qc third_party/sqlite/libduckdb_sqlite3.a  third_party/sqlite/CMakeFiles/duckdb_sqlite3.dir/sqlite3.c.o && /usr/bin/ranlib third_party/sqlite/libduckdb_sqlite3.a && :
[358/376] /usr/bin/ccache /usr/lib/ccache/c++ -DDUCKDB_BUILD_LIBRARY -DENABLE_CROSS_PRODUCT_REWRITE=1 -DENABLE_DEBUG_PRINT=0 -DENABLE_MEASURE_EXE_TIME=0 -DENABLE_MERGE_BACK_PLAN=0 -DENABLE_PARALLEL_EXECUTION=0 -DENABLE_QUERY_SPLIT=1 -DENABLE_SPECIFY_EST_STAT=0 -I/home/pei/Project/duckdb-polr/src/include -I/home/pei/Project/duckdb-polr/third_party/fsst -I/home/pei/Project/duckdb-polr/third_party/fmt/include -I/home/pei/Project/duckdb-polr/third_party/hyperloglog -I/home/pei/Project/duckdb-polr/third_party/fastpforlib -I/home/pei/Project/duckdb-polr/third_party/fast_float -I/home/pei/Project/duckdb-polr/third_party/re2 -I/home/pei/Project/duckdb-polr/third_party/miniz -I/home/pei/Project/duckdb-polr/third_party/utf8proc/include -I/home/pei/Project/duckdb-polr/third_party/miniparquet -I/home/pei/Project/duckdb-polr/third_party/concurrentqueue -I/home/pei/Project/duckdb-polr/third_party/pcg -I/home/pei/Project/duckdb-polr/third_party/tdigest -I/home/pei/Project/duckdb-polr/third_party/mbedtls/include -I/home/pei/Project/duckdb-polr/third_party/jaro_winkler -I/home/pei/Project/duckdb-polr/test/../third_party/catch -I/home/pei/Project/duckdb-polr/test/../third_party/tpce-tool/include -I/home/pei/Project/duckdb-polr/test/../third_party/sqlite/include -I/home/pei/Project/duckdb-polr/test/include -O3 -DNDEBUG -O3 -DNDEBUG   -fPIC -fdiagnostics-color=always -std=c++11 -MD -MT test/sql/parallelism/interquery/CMakeFiles/test_sql_interquery_parallelism.dir/ub_test_sql_interquery_parallelism.cpp.o -MF test/sql/parallelism/interquery/CMakeFiles/test_sql_interquery_parallelism.dir/ub_test_sql_interquery_parallelism.cpp.o.d -o test/sql/parallelism/interquery/CMakeFiles/test_sql_interquery_parallelism.dir/ub_test_sql_interquery_parallelism.cpp.o -c /home/pei/Project/duckdb-polr/build/release/test/sql/parallelism/interquery/ub_test_sql_interquery_parallelism.cpp
[359/376] /usr/bin/ccache /usr/lib/ccache/c++ -DDUCKDB_BUILD_LIBRARY -DENABLE_CROSS_PRODUCT_REWRITE=1 -DENABLE_DEBUG_PRINT=0 -DENABLE_MEASURE_EXE_TIME=0 -DENABLE_MERGE_BACK_PLAN=0 -DENABLE_PARALLEL_EXECUTION=0 -DENABLE_QUERY_SPLIT=1 -DENABLE_SPECIFY_EST_STAT=0 -I/home/pei/Project/duckdb-polr/src/include -I/home/pei/Project/duckdb-polr/third_party/fsst -I/home/pei/Project/duckdb-polr/third_party/fmt/include -I/home/pei/Project/duckdb-polr/third_party/hyperloglog -I/home/pei/Project/duckdb-polr/third_party/fastpforlib -I/home/pei/Project/duckdb-polr/third_party/fast_float -I/home/pei/Project/duckdb-polr/third_party/re2 -I/home/pei/Project/duckdb-polr/third_party/miniz -I/home/pei/Project/duckdb-polr/third_party/utf8proc/include -I/home/pei/Project/duckdb-polr/third_party/miniparquet -I/home/pei/Project/duckdb-polr/third_party/concurrentqueue -I/home/pei/Project/duckdb-polr/third_party/pcg -I/home/pei/Project/duckdb-polr/third_party/tdigest -I/home/pei/Project/duckdb-polr/third_party/mbedtls/include -I/home/pei/Project/duckdb-polr/third_party/jaro_winkler -I/home/pei/Project/duckdb-polr/test/../third_party/catch -I/home/pei/Project/duckdb-polr/test/../third_party/tpce-tool/include -I/home/pei/Project/duckdb-polr/test/../third_party/sqlite/include -I/home/pei/Project/duckdb-polr/test/include -O3 -DNDEBUG -O3 -DNDEBUG   -fPIC -fdiagnostics-color=always -std=c++11 -MD -MT test/sql/storage/CMakeFiles/test_sql_storage.dir/ub_test_sql_storage.cpp.o -MF test/sql/storage/CMakeFiles/test_sql_storage.dir/ub_test_sql_storage.cpp.o.d -o test/sql/storage/CMakeFiles/test_sql_storage.dir/ub_test_sql_storage.cpp.o -c /home/pei/Project/duckdb-polr/build/release/test/sql/storage/ub_test_sql_storage.cpp
[360/376] /usr/bin/ccache /usr/lib/ccache/c++ -DBUILD_JEMALLOC_EXTENSION=ON -DBUILD_PARQUET_EXTENSION=TRUE -DDUCKDB_BUILD_DIRECTORY=\"/home/pei/Project/duckdb-polr/build/release\" -DDUCKDB_BUILD_LIBRARY -DDUCKDB_ROOT_DIRECTORY=\"/home/pei/Project/duckdb-polr\" -DENABLE_CROSS_PRODUCT_REWRITE=1 -DENABLE_DEBUG_PRINT=0 -DENABLE_MEASURE_EXE_TIME=0 -DENABLE_MERGE_BACK_PLAN=0 -DENABLE_PARALLEL_EXECUTION=0 -DENABLE_QUERY_SPLIT=1 -DENABLE_SPECIFY_EST_STAT=0 -I/home/pei/Project/duckdb-polr/src/include -I/home/pei/Project/duckdb-polr/third_party/fsst -I/home/pei/Project/duckdb-polr/third_party/fmt/include -I/home/pei/Project/duckdb-polr/third_party/hyperloglog -I/home/pei/Project/duckdb-polr/third_party/fastpforlib -I/home/pei/Project/duckdb-polr/third_party/fast_float -I/home/pei/Project/duckdb-polr/third_party/re2 -I/home/pei/Project/duckdb-polr/third_party/miniz -I/home/pei/Project/duckdb-polr/third_party/utf8proc/include -I/home/pei/Project/duckdb-polr/third_party/miniparquet -I/home/pei/Project/duckdb-polr/third_party/concurrentqueue -I/home/pei/Project/duckdb-polr/third_party/pcg -I/home/pei/Project/duckdb-polr/third_party/tdigest -I/home/pei/Project/duckdb-polr/third_party/mbedtls/include -I/home/pei/Project/duckdb-polr/third_party/jaro_winkler -I/home/pei/Project/duckdb-polr/test/../third_party/catch -I/home/pei/Project/duckdb-polr/test/../third_party/tpce-tool/include -I/home/pei/Project/duckdb-polr/test/../third_party/sqlite/include -I/home/pei/Project/duckdb-polr/test/include -I/home/pei/Project/duckdb-polr/extension -I/home/pei/Project/duckdb-polr/extension/parquet/include -I/home/pei/Project/duckdb-polr/extension/jemalloc/include -O3 -DNDEBUG -O3 -DNDEBUG   -fPIC -fdiagnostics-color=always -std=c++11 -MD -MT test/sqlite/CMakeFiles/test_sqlite.dir/ub_test_sqlite.cpp.o -MF test/sqlite/CMakeFiles/test_sqlite.dir/ub_test_sqlite.cpp.o.d -o test/sqlite/CMakeFiles/test_sqlite.dir/ub_test_sqlite.cpp.o -c /home/pei/Project/duckdb-polr/build/release/test/sqlite/ub_test_sqlite.cpp
[361/376] /usr/bin/ccache /usr/lib/ccache/c++ -DDUCKDB_BUILD_LIBRARY -DENABLE_CROSS_PRODUCT_REWRITE=1 -DENABLE_DEBUG_PRINT=0 -DENABLE_MEASURE_EXE_TIME=0 -DENABLE_MERGE_BACK_PLAN=0 -DENABLE_PARALLEL_EXECUTION=0 -DENABLE_QUERY_SPLIT=1 -DENABLE_SPECIFY_EST_STAT=0 -I/home/pei/Project/duckdb-polr/src/include -I/home/pei/Project/duckdb-polr/third_party/fsst -I/home/pei/Project/duckdb-polr/third_party/fmt/include -I/home/pei/Project/duckdb-polr/third_party/hyperloglog -I/home/pei/Project/duckdb-polr/third_party/fastpforlib -I/home/pei/Project/duckdb-polr/third_party/fast_float -I/home/pei/Project/duckdb-polr/third_party/re2 -I/home/pei/Project/duckdb-polr/third_party/miniz -I/home/pei/Project/duckdb-polr/third_party/utf8proc/include -I/home/pei/Project/duckdb-polr/third_party/miniparquet -I/home/pei/Project/duckdb-polr/third_party/concurrentqueue -I/home/pei/Project/duckdb-polr/third_party/pcg -I/home/pei/Project/duckdb-polr/third_party/tdigest -I/home/pei/Project/duckdb-polr/third_party/mbedtls/include -I/home/pei/Project/duckdb-polr/third_party/jaro_winkler -I/home/pei/Project/duckdb-polr/third_party/imdb/include -O3 -DNDEBUG -O3 -DNDEBUG   -fPIC -fdiagnostics-color=always -w -std=c++11 -MD -MT third_party/imdb/CMakeFiles/imdb.dir/imdb.cpp.o -MF third_party/imdb/CMakeFiles/imdb.dir/imdb.cpp.o.d -o third_party/imdb/CMakeFiles/imdb.dir/imdb.cpp.o -c /home/pei/Project/duckdb-polr/third_party/imdb/imdb.cpp
[362/376] : && /usr/bin/cmake -E rm -f third_party/imdb/libimdb.a && /usr/bin/ar qc third_party/imdb/libimdb.a  third_party/imdb/CMakeFiles/imdb.dir/imdb.cpp.o && /usr/bin/ranlib third_party/imdb/libimdb.a && :
[363/376] /usr/bin/ccache /usr/lib/ccache/c++ -DDUCKDB_BUILD_LIBRARY -DENABLE_CROSS_PRODUCT_REWRITE=1 -DENABLE_DEBUG_PRINT=0 -DENABLE_MEASURE_EXE_TIME=0 -DENABLE_MERGE_BACK_PLAN=0 -DENABLE_PARALLEL_EXECUTION=0 -DENABLE_QUERY_SPLIT=1 -DENABLE_SPECIFY_EST_STAT=0 -I/home/pei/Project/duckdb-polr/src/include -I/home/pei/Project/duckdb-polr/third_party/fsst -I/home/pei/Project/duckdb-polr/third_party/fmt/include -I/home/pei/Project/duckdb-polr/third_party/hyperloglog -I/home/pei/Project/duckdb-polr/third_party/fastpforlib -I/home/pei/Project/duckdb-polr/third_party/fast_float -I/home/pei/Project/duckdb-polr/third_party/re2 -I/home/pei/Project/duckdb-polr/third_party/miniz -I/home/pei/Project/duckdb-polr/third_party/utf8proc/include -I/home/pei/Project/duckdb-polr/third_party/miniparquet -I/home/pei/Project/duckdb-polr/third_party/concurrentqueue -I/home/pei/Project/duckdb-polr/third_party/pcg -I/home/pei/Project/duckdb-polr/third_party/tdigest -I/home/pei/Project/duckdb-polr/third_party/mbedtls/include -I/home/pei/Project/duckdb-polr/third_party/jaro_winkler -I/home/pei/Project/duckdb-polr/test/../third_party/catch -I/home/pei/Project/duckdb-polr/test/../third_party/tpce-tool/include -I/home/pei/Project/duckdb-polr/test/../third_party/sqlite/include -I/home/pei/Project/duckdb-polr/test/include -O3 -DNDEBUG -O3 -DNDEBUG   -fPIC -fdiagnostics-color=always -std=c++11 -MD -MT test/api/capi/CMakeFiles/test_sql_capi.dir/ub_test_sql_capi.cpp.o -MF test/api/capi/CMakeFiles/test_sql_capi.dir/ub_test_sql_capi.cpp.o.d -o test/api/capi/CMakeFiles/test_sql_capi.dir/ub_test_sql_capi.cpp.o -c /home/pei/Project/duckdb-polr/build/release/test/api/capi/ub_test_sql_capi.cpp
[364/376] /usr/bin/ccache /usr/lib/ccache/c++ -DDUCKDB_BUILD_LIBRARY -DENABLE_CROSS_PRODUCT_REWRITE=1 -DENABLE_DEBUG_PRINT=0 -DENABLE_MEASURE_EXE_TIME=0 -DENABLE_MERGE_BACK_PLAN=0 -DENABLE_PARALLEL_EXECUTION=0 -DENABLE_QUERY_SPLIT=1 -DENABLE_SPECIFY_EST_STAT=0 -I/home/pei/Project/duckdb-polr/src/include -I/home/pei/Project/duckdb-polr/third_party/fsst -I/home/pei/Project/duckdb-polr/third_party/fmt/include -I/home/pei/Project/duckdb-polr/third_party/hyperloglog -I/home/pei/Project/duckdb-polr/third_party/fastpforlib -I/home/pei/Project/duckdb-polr/third_party/fast_float -I/home/pei/Project/duckdb-polr/third_party/re2 -I/home/pei/Project/duckdb-polr/third_party/miniz -I/home/pei/Project/duckdb-polr/third_party/utf8proc/include -I/home/pei/Project/duckdb-polr/third_party/miniparquet -I/home/pei/Project/duckdb-polr/third_party/concurrentqueue -I/home/pei/Project/duckdb-polr/third_party/pcg -I/home/pei/Project/duckdb-polr/third_party/tdigest -I/home/pei/Project/duckdb-polr/third_party/mbedtls/include -I/home/pei/Project/duckdb-polr/third_party/jaro_winkler -I/home/pei/Project/duckdb-polr/test/../third_party/catch -I/home/pei/Project/duckdb-polr/test/../third_party/tpce-tool/include -I/home/pei/Project/duckdb-polr/test/../third_party/sqlite/include -I/home/pei/Project/duckdb-polr/test/include -O3 -DNDEBUG -O3 -DNDEBUG   -fPIC -fdiagnostics-color=always -std=c++11 -MD -MT test/api/udf_function/CMakeFiles/test_api_udf_function.dir/ub_test_api_udf_function.cpp.o -MF test/api/udf_function/CMakeFiles/test_api_udf_function.dir/ub_test_api_udf_function.cpp.o.d -o test/api/udf_function/CMakeFiles/test_api_udf_function.dir/ub_test_api_udf_function.cpp.o -c /home/pei/Project/duckdb-polr/build/release/test/api/udf_function/ub_test_api_udf_function.cpp
[365/376] /usr/bin/ccache /usr/lib/ccache/c++ -DDUCKDB_BUILD_LIBRARY -DDUCKDB_ROOT_DIRECTORY=\"/home/pei/Project/duckdb-polr\" -DENABLE_CROSS_PRODUCT_REWRITE=1 -DENABLE_DEBUG_PRINT=0 -DENABLE_MEASURE_EXE_TIME=0 -DENABLE_MERGE_BACK_PLAN=0 -DENABLE_PARALLEL_EXECUTION=0 -DENABLE_QUERY_SPLIT=1 -DENABLE_SPECIFY_EST_STAT=0 -I/home/pei/Project/duckdb-polr/src/include -I/home/pei/Project/duckdb-polr/third_party/fsst -I/home/pei/Project/duckdb-polr/third_party/fmt/include -I/home/pei/Project/duckdb-polr/third_party/hyperloglog -I/home/pei/Project/duckdb-polr/third_party/fastpforlib -I/home/pei/Project/duckdb-polr/third_party/fast_float -I/home/pei/Project/duckdb-polr/third_party/re2 -I/home/pei/Project/duckdb-polr/third_party/miniz -I/home/pei/Project/duckdb-polr/third_party/utf8proc/include -I/home/pei/Project/duckdb-polr/third_party/miniparquet -I/home/pei/Project/duckdb-polr/third_party/concurrentqueue -I/home/pei/Project/duckdb-polr/third_party/pcg -I/home/pei/Project/duckdb-polr/third_party/tdigest -I/home/pei/Project/duckdb-polr/third_party/mbedtls/include -I/home/pei/Project/duckdb-polr/third_party/jaro_winkler -I/home/pei/Project/duckdb-polr/test/../third_party/catch -I/home/pei/Project/duckdb-polr/test/../third_party/tpce-tool/include -I/home/pei/Project/duckdb-polr/test/../third_party/sqlite/include -I/home/pei/Project/duckdb-polr/test/include -I/home/pei/Project/duckdb-polr/third_party/libpg_query/include -O3 -DNDEBUG -O3 -DNDEBUG   -fPIE -fdiagnostics-color=always -std=c++11 -MD -MT test/CMakeFiles/unittest.dir/unittest.cpp.o -MF test/CMakeFiles/unittest.dir/unittest.cpp.o.d -o test/CMakeFiles/unittest.dir/unittest.cpp.o -c /home/pei/Project/duckdb-polr/test/unittest.cpp
[366/376] /usr/bin/ccache /usr/lib/ccache/c++ -DDUCKDB -DDUCKDB_BUILD_LIBRARY -DDUCKDB_MAIN_LIBRARY -DENABLE_CROSS_PRODUCT_REWRITE=1 -DENABLE_DEBUG_PRINT=0 -DENABLE_MEASURE_EXE_TIME=0 -DENABLE_MERGE_BACK_PLAN=0 -DENABLE_PARALLEL_EXECUTION=0 -DENABLE_QUERY_SPLIT=1 -DENABLE_SPECIFY_EST_STAT=0 -I/home/pei/Project/duckdb-polr/src/include -I/home/pei/Project/duckdb-polr/third_party/fsst -I/home/pei/Project/duckdb-polr/third_party/fmt/include -I/home/pei/Project/duckdb-polr/third_party/hyperloglog -I/home/pei/Project/duckdb-polr/third_party/fastpforlib -I/home/pei/Project/duckdb-polr/third_party/fast_float -I/home/pei/Project/duckdb-polr/third_party/re2 -I/home/pei/Project/duckdb-polr/third_party/miniz -I/home/pei/Project/duckdb-polr/third_party/utf8proc/include -I/home/pei/Project/duckdb-polr/third_party/miniparquet -I/home/pei/Project/duckdb-polr/third_party/concurrentqueue -I/home/pei/Project/duckdb-polr/third_party/pcg -I/home/pei/Project/duckdb-polr/third_party/tdigest -I/home/pei/Project/duckdb-polr/third_party/mbedtls/include -I/home/pei/Project/duckdb-polr/third_party/jaro_winkler -O3 -DNDEBUG -O3 -DNDEBUG   -fPIC -fdiagnostics-color=always -std=c++11 -MD -MT src/execution/expression_executor/CMakeFiles/duckdb_expression_executor.dir/ub_duckdb_expression_executor.cpp.o -MF src/execution/expression_executor/CMakeFiles/duckdb_expression_executor.dir/ub_duckdb_expression_executor.cpp.o.d -o src/execution/expression_executor/CMakeFiles/duckdb_expression_executor.dir/ub_duckdb_expression_executor.cpp.o -c /home/pei/Project/duckdb-polr/build/release/src/execution/expression_executor/ub_duckdb_expression_executor.cpp
[367/376] : && /usr/lib/ccache/c++ -fPIC -O3 -DNDEBUG -O3 -DNDEBUG   -shared -Wl,-soname,libduckdb.so -o src/libduckdb.so src/optimizer/matcher/CMakeFiles/duckdb_optimizer_matcher.dir/ub_duckdb_optimizer_matcher.cpp.o src/optimizer/join_order/CMakeFiles/duckdb_optimizer_join_order.dir/ub_duckdb_optimizer_join_order.cpp.o src/optimizer/pushdown/CMakeFiles/duckdb_optimizer_pushdown.dir/ub_duckdb_optimizer_pushdown.cpp.o src/optimizer/pullup/CMakeFiles/duckdb_optimizer_pullup.dir/ub_duckdb_optimizer_pullup.cpp.o src/optimizer/rule/CMakeFiles/duckdb_optimizer_rules.dir/ub_duckdb_optimizer_rules.cpp.o src/optimizer/statistics/expression/CMakeFiles/duckdb_optimizer_statistics_expr.dir/ub_duckdb_optimizer_statistics_expr.cpp.o src/optimizer/statistics/operator/CMakeFiles/duckdb_optimizer_statistics_op.dir/ub_duckdb_optimizer_statistics_op.cpp.o src/optimizer/query_split/CMakeFiles/duckdb_optimizer_query_split.dir/ub_duckdb_optimizer_query_split.cpp.o src/optimizer/CMakeFiles/duckdb_optimizer.dir/ub_duckdb_optimizer.cpp.o src/planner/expression/CMakeFiles/duckdb_planner_expression.dir/ub_duckdb_planner_expression.cpp.o src/planner/binder/expression/CMakeFiles/duckdb_bind_expression.dir/ub_duckdb_bind_expression.cpp.o src/planner/binder/query_node/CMakeFiles/duckdb_bind_query_node.dir/ub_duckdb_bind_query_node.cpp.o src/planner/binder/statement/CMakeFiles/duckdb_bind_statement.dir/ub_duckdb_bind_statement.cpp.o src/planner/binder/tableref/CMakeFiles/duckdb_bind_tableref.dir/ub_duckdb_bind_tableref.cpp.o src/planner/expression_binder/CMakeFiles/duckdb_expression_binders.dir/ub_duckdb_expression_binders.cpp.o src/planner/filter/CMakeFiles/duckdb_planner_filter.dir/ub_duckdb_planner_filter.cpp.o src/planner/parsed_data/CMakeFiles/duckdb_planner_parsed_data.dir/ub_duckdb_planner_parsed_data.cpp.o src/planner/operator/CMakeFiles/duckdb_planner_operator.dir/ub_duckdb_planner_operator.cpp.o src/planner/subquery/CMakeFiles/duckdb_planner_subquery.dir/ub_duckdb_planner_subquery.cpp.o src/planner/CMakeFiles/duckdb_planner.dir/ub_duckdb_planner.cpp.o src/parser/constraints/CMakeFiles/duckdb_constraints.dir/ub_duckdb_constraints.cpp.o src/parser/expression/CMakeFiles/duckdb_expression.dir/ub_duckdb_expression.cpp.o src/parser/parsed_data/CMakeFiles/duckdb_parsed_data.dir/ub_duckdb_parsed_data.cpp.o src/parser/query_node/CMakeFiles/duckdb_query_node.dir/ub_duckdb_query_node.cpp.o src/parser/statement/CMakeFiles/duckdb_statement.dir/ub_duckdb_statement.cpp.o src/parser/tableref/CMakeFiles/duckdb_parser_tableref.dir/ub_duckdb_parser_tableref.cpp.o src/parser/transform/constraint/CMakeFiles/duckdb_transformer_constraint.dir/ub_duckdb_transformer_constraint.cpp.o src/parser/transform/expression/CMakeFiles/duckdb_transformer_expression.dir/ub_duckdb_transformer_expression.cpp.o src/parser/transform/helpers/CMakeFiles/duckdb_transformer_helpers.dir/ub_duckdb_transformer_helpers.cpp.o src/parser/transform/statement/CMakeFiles/duckdb_transformer_statement.dir/ub_duckdb_transformer_statement.cpp.o src/parser/transform/tableref/CMakeFiles/duckdb_transformer_tableref.dir/ub_duckdb_transformer_tableref.cpp.o src/parser/CMakeFiles/duckdb_parser.dir/ub_duckdb_parser.cpp.o src/function/aggregate/algebraic/CMakeFiles/duckdb_aggr_algebraic.dir/ub_duckdb_aggr_algebraic.cpp.o src/function/aggregate/distributive/CMakeFiles/duckdb_aggr_distr.dir/ub_duckdb_aggr_distr.cpp.o src/function/aggregate/holistic/CMakeFiles/duckdb_aggr_holistic.dir/ub_duckdb_aggr_holistic.cpp.o src/function/aggregate/nested/CMakeFiles/duckdb_aggr_nested.dir/ub_duckdb_aggr_nested.cpp.o src/function/aggregate/regression/CMakeFiles/duckdb_aggr_regr.dir/ub_duckdb_aggr_regr.cpp.o src/function/aggregate/CMakeFiles/duckdb_func_aggr.dir/ub_duckdb_func_aggr.cpp.o src/function/cast/CMakeFiles/duckdb_func_cast.dir/ub_duckdb_func_cast.cpp.o src/function/pragma/CMakeFiles/duckdb_func_pragma.dir/ub_duckdb_func_pragma.cpp.o src/function/scalar/blob/CMakeFiles/duckdb_func_blob.dir/ub_duckdb_func_blob.cpp.o src/function/scalar/date/CMakeFiles/duckdb_func_date.dir/ub_duckdb_func_date.cpp.o src/function/scalar/generic/CMakeFiles/duckdb_func_generic.dir/ub_duckdb_func_generic.cpp.o src/function/scalar/list/CMakeFiles/duckdb_func_list.dir/ub_duckdb_func_list.cpp.o src/function/scalar/map/CMakeFiles/duckdb_func_map_nested.dir/ub_duckdb_func_map_nested.cpp.o src/function/scalar/math/CMakeFiles/duckdb_func_math.dir/ub_duckdb_func_math.cpp.o src/function/scalar/operators/CMakeFiles/duckdb_func_ops.dir/ub_duckdb_func_ops.cpp.o src/function/scalar/sequence/CMakeFiles/duckdb_func_seq.dir/ub_duckdb_func_seq.cpp.o src/function/scalar/string/CMakeFiles/duckdb_func_string.dir/ub_duckdb_func_string.cpp.o src/function/scalar/struct/CMakeFiles/duckdb_func_struct.dir/ub_duckdb_func_struct.cpp.o src/function/scalar/system/CMakeFiles/duckdb_func_system.dir/ub_duckdb_func_system.cpp.o src/function/scalar/union/CMakeFiles/duckdb_func_union.dir/ub_duckdb_func_union.cpp.o src/function/scalar/enum/CMakeFiles/duckdb_func_enum.dir/ub_duckdb_func_enum.cpp.o src/function/scalar/CMakeFiles/duckdb_func_scalar.dir/ub_duckdb_func_scalar.cpp.o src/function/table/system/CMakeFiles/duckdb_table_func_system.dir/ub_duckdb_table_func_system.cpp.o src/function/table/version/CMakeFiles/duckdb_func_table_version.dir/ub_duckdb_func_table_version.cpp.o src/function/table/CMakeFiles/duckdb_func_table.dir/ub_duckdb_func_table.cpp.o src/function/CMakeFiles/duckdb_function.dir/ub_duckdb_function.cpp.o src/catalog/catalog_entry/CMakeFiles/duckdb_catalog_entries.dir/ub_duckdb_catalog_entries.cpp.o src/catalog/default/CMakeFiles/duckdb_catalog_default_entries.dir/ub_duckdb_catalog_default_entries.cpp.o src/catalog/CMakeFiles/duckdb_catalog.dir/ub_duckdb_catalog.cpp.o src/common/arrow/CMakeFiles/duckdb_common_arrow.dir/ub_duckdb_common_arrow.cpp.o src/common/crypto/CMakeFiles/duckdb_common_crypto.dir/ub_duckdb_common_crypto.cpp.o src/common/enums/CMakeFiles/duckdb_common_enums.dir/ub_duckdb_common_enums.cpp.o src/common/operator/CMakeFiles/duckdb_common_operators.dir/ub_duckdb_common_operators.cpp.o src/common/progress_bar/CMakeFiles/duckdb_progress_bar.dir/ub_duckdb_progress_bar.cpp.o src/common/row_operations/CMakeFiles/duckdb_row_operations.dir/ub_duckdb_row_operations.cpp.o src/common/serializer/CMakeFiles/duckdb_common_serializer.dir/ub_duckdb_common_serializer.cpp.o src/common/sort/CMakeFiles/duckdb_sort.dir/ub_duckdb_sort.cpp.o src/common/types/CMakeFiles/duckdb_common_types.dir/ub_duckdb_common_types.cpp.o src/common/value_operations/CMakeFiles/duckdb_value_operations.dir/ub_duckdb_value_operations.cpp.o src/common/vector_operations/CMakeFiles/duckdb_vector_operations.dir/boolean_operators.cpp.o src/common/vector_operations/CMakeFiles/duckdb_vector_operations.dir/vector_cast.cpp.o src/common/vector_operations/CMakeFiles/duckdb_vector_operations.dir/comparison_operators.cpp.o src/common/vector_operations/CMakeFiles/duckdb_vector_operations.dir/vector_copy.cpp.o src/common/vector_operations/CMakeFiles/duckdb_vector_operations.dir/generators.cpp.o src/common/vector_operations/CMakeFiles/duckdb_vector_operations.dir/vector_hash.cpp.o src/common/vector_operations/CMakeFiles/duckdb_vector_operations.dir/vector_storage.cpp.o src/common/vector_operations/CMakeFiles/duckdb_vector_operations.dir/null_operations.cpp.o src/common/vector_operations/CMakeFiles/duckdb_vector_operations.dir/numeric_inplace_operators.cpp.o src/common/vector_operations/CMakeFiles/duckdb_vector_operations.dir/is_distinct_from.cpp.o src/common/CMakeFiles/duckdb_common.dir/ub_duckdb_common.cpp.o src/execution/expression_executor/CMakeFiles/duckdb_expression_executor.dir/ub_duckdb_expression_executor.cpp.o src/execution/nested_loop_join/CMakeFiles/duckdb_nested_loop_join.dir/ub_duckdb_nested_loop_join.cpp.o src/execution/operator/aggregate/CMakeFiles/duckdb_operator_aggregate.dir/ub_duckdb_operator_aggregate.cpp.o src/execution/operator/filter/CMakeFiles/duckdb_operator_filter.dir/ub_duckdb_operator_filter.cpp.o src/execution/operator/helper/CMakeFiles/duckdb_operator_helper.dir/ub_duckdb_operator_helper.cpp.o src/execution/operator/join/CMakeFiles/duckdb_operator_join.dir/ub_duckdb_operator_join.cpp.o src/execution/operator/order/CMakeFiles/duckdb_operator_order.dir/ub_duckdb_operator_order.cpp.o src/execution/operator/persistent/CMakeFiles/duckdb_operator_persistent.dir/ub_duckdb_operator_persistent.cpp.o src/execution/operator/projection/CMakeFiles/duckdb_operator_projection.dir/ub_duckdb_operator_projection.cpp.o src/execution/operator/scan/CMakeFiles/duckdb_operator_scan.dir/ub_duckdb_operator_scan.cpp.o src/execution/operator/schema/CMakeFiles/duckdb_operator_schema.dir/ub_duckdb_operator_schema.cpp.o src/execution/operator/set/CMakeFiles/duckdb_operator_set.dir/ub_duckdb_operator_set.cpp.o src/execution/physical_plan/CMakeFiles/duckdb_physical_plan.dir/ub_duckdb_physical_plan.cpp.o src/execution/index/art/CMakeFiles/duckdb_art_index_execution.dir/ub_duckdb_art_index_execution.cpp.o src/execution/CMakeFiles/duckdb_execution.dir/ub_duckdb_execution.cpp.o src/main/capi/cast/CMakeFiles/duckdb_main_capi_cast.dir/ub_duckdb_main_capi_cast.cpp.o src/main/capi/CMakeFiles/duckdb_main_capi.dir/ub_duckdb_main_capi.cpp.o src/main/extension/CMakeFiles/duckdb_main_extension.dir/ub_duckdb_main_extension.cpp.o src/main/relation/CMakeFiles/duckdb_main_relation.dir/ub_duckdb_main_relation.cpp.o src/main/settings/CMakeFiles/duckdb_main_settings.dir/ub_duckdb_main_settings.cpp.o src/main/CMakeFiles/duckdb_main.dir/ub_duckdb_main.cpp.o src/parallel/CMakeFiles/duckdb_parallel.dir/ub_duckdb_parallel.cpp.o src/storage/buffer/CMakeFiles/duckdb_storage_buffer.dir/ub_duckdb_storage_buffer.cpp.o src/storage/checkpoint/CMakeFiles/duckdb_storage_checkpoint.dir/ub_duckdb_storage_checkpoint.cpp.o src/storage/compression/chimp/CMakeFiles/duckdb_storage_compression_chimp.dir/ub_duckdb_storage_compression_chimp.cpp.o src/storage/compression/CMakeFiles/duckdb_storage_compression.dir/ub_duckdb_storage_compression.cpp.o src/storage/statistics/CMakeFiles/duckdb_storage_statistics.dir/ub_duckdb_storage_statistics.cpp.o src/storage/table/CMakeFiles/duckdb_storage_table.dir/ub_duckdb_storage_table.cpp.o src/storage/CMakeFiles/duckdb_storage.dir/ub_duckdb_storage.cpp.o src/transaction/CMakeFiles/duckdb_transaction.dir/ub_duckdb_transaction.cpp.o src/verification/CMakeFiles/duckdb_verification.dir/copied_statement_verifier.cpp.o src/verification/CMakeFiles/duckdb_verification.dir/external_statement_verifier.cpp.o src/verification/CMakeFiles/duckdb_verification.dir/prepared_statement_verifier.cpp.o src/verification/CMakeFiles/duckdb_verification.dir/deserialized_statement_verifier.cpp.o src/verification/CMakeFiles/duckdb_verification.dir/statement_verifier.cpp.o src/verification/CMakeFiles/duckdb_verification.dir/parsed_statement_verifier.cpp.o src/verification/CMakeFiles/duckdb_verification.dir/unoptimized_statement_verifier.cpp.o  -ldl  third_party/fsst/libduckdb_fsst.a  third_party/fmt/libduckdb_fmt.a  third_party/libpg_query/libduckdb_pg_query.a  third_party/re2/libduckdb_re2.a  third_party/miniz/libduckdb_miniz.a  third_party/utf8proc/libduckdb_utf8proc.a  third_party/hyperloglog/libduckdb_hyperloglog.a  third_party/fastpforlib/libduckdb_fastpforlib.a  third_party/mbedtls/libduckdb_mbedtls.a  extension/jemalloc/libjemalloc_extension.a  extension/parquet/libparquet_extension.a && :
[368/376] : && /usr/bin/cmake -E rm -f test/helpers/libtest_helpers.a && /usr/bin/ar qc test/helpers/libtest_helpers.a  test/helpers/CMakeFiles/test_helpers.dir/test_helpers.cpp.o test/helpers/CMakeFiles/test_helpers.dir/capi_tester.cpp.o test/helpers/CMakeFiles/test_helpers.dir/pid.cpp.o && /usr/bin/ranlib test/helpers/libtest_helpers.a && :
[369/376] : && /usr/bin/cmake -E rm -f src/libduckdb_static.a && /usr/bin/ar qc src/libduckdb_static.a  src/optimizer/matcher/CMakeFiles/duckdb_optimizer_matcher.dir/ub_duckdb_optimizer_matcher.cpp.o src/optimizer/join_order/CMakeFiles/duckdb_optimizer_join_order.dir/ub_duckdb_optimizer_join_order.cpp.o src/optimizer/pushdown/CMakeFiles/duckdb_optimizer_pushdown.dir/ub_duckdb_optimizer_pushdown.cpp.o src/optimizer/pullup/CMakeFiles/duckdb_optimizer_pullup.dir/ub_duckdb_optimizer_pullup.cpp.o src/optimizer/rule/CMakeFiles/duckdb_optimizer_rules.dir/ub_duckdb_optimizer_rules.cpp.o src/optimizer/statistics/expression/CMakeFiles/duckdb_optimizer_statistics_expr.dir/ub_duckdb_optimizer_statistics_expr.cpp.o src/optimizer/statistics/operator/CMakeFiles/duckdb_optimizer_statistics_op.dir/ub_duckdb_optimizer_statistics_op.cpp.o src/optimizer/query_split/CMakeFiles/duckdb_optimizer_query_split.dir/ub_duckdb_optimizer_query_split.cpp.o src/optimizer/CMakeFiles/duckdb_optimizer.dir/ub_duckdb_optimizer.cpp.o src/planner/expression/CMakeFiles/duckdb_planner_expression.dir/ub_duckdb_planner_expression.cpp.o src/planner/binder/expression/CMakeFiles/duckdb_bind_expression.dir/ub_duckdb_bind_expression.cpp.o src/planner/binder/query_node/CMakeFiles/duckdb_bind_query_node.dir/ub_duckdb_bind_query_node.cpp.o src/planner/binder/statement/CMakeFiles/duckdb_bind_statement.dir/ub_duckdb_bind_statement.cpp.o src/planner/binder/tableref/CMakeFiles/duckdb_bind_tableref.dir/ub_duckdb_bind_tableref.cpp.o src/planner/expression_binder/CMakeFiles/duckdb_expression_binders.dir/ub_duckdb_expression_binders.cpp.o src/planner/filter/CMakeFiles/duckdb_planner_filter.dir/ub_duckdb_planner_filter.cpp.o src/planner/parsed_data/CMakeFiles/duckdb_planner_parsed_data.dir/ub_duckdb_planner_parsed_data.cpp.o src/planner/operator/CMakeFiles/duckdb_planner_operator.dir/ub_duckdb_planner_operator.cpp.o src/planner/subquery/CMakeFiles/duckdb_planner_subquery.dir/ub_duckdb_planner_subquery.cpp.o src/planner/CMakeFiles/duckdb_planner.dir/ub_duckdb_planner.cpp.o src/parser/constraints/CMakeFiles/duckdb_constraints.dir/ub_duckdb_constraints.cpp.o src/parser/expression/CMakeFiles/duckdb_expression.dir/ub_duckdb_expression.cpp.o src/parser/parsed_data/CMakeFiles/duckdb_parsed_data.dir/ub_duckdb_parsed_data.cpp.o src/parser/query_node/CMakeFiles/duckdb_query_node.dir/ub_duckdb_query_node.cpp.o src/parser/statement/CMakeFiles/duckdb_statement.dir/ub_duckdb_statement.cpp.o src/parser/tableref/CMakeFiles/duckdb_parser_tableref.dir/ub_duckdb_parser_tableref.cpp.o src/parser/transform/constraint/CMakeFiles/duckdb_transformer_constraint.dir/ub_duckdb_transformer_constraint.cpp.o src/parser/transform/expression/CMakeFiles/duckdb_transformer_expression.dir/ub_duckdb_transformer_expression.cpp.o src/parser/transform/helpers/CMakeFiles/duckdb_transformer_helpers.dir/ub_duckdb_transformer_helpers.cpp.o src/parser/transform/statement/CMakeFiles/duckdb_transformer_statement.dir/ub_duckdb_transformer_statement.cpp.o src/parser/transform/tableref/CMakeFiles/duckdb_transformer_tableref.dir/ub_duckdb_transformer_tableref.cpp.o src/parser/CMakeFiles/duckdb_parser.dir/ub_duckdb_parser.cpp.o src/function/aggregate/algebraic/CMakeFiles/duckdb_aggr_algebraic.dir/ub_duckdb_aggr_algebraic.cpp.o src/function/aggregate/distributive/CMakeFiles/duckdb_aggr_distr.dir/ub_duckdb_aggr_distr.cpp.o src/function/aggregate/holistic/CMakeFiles/duckdb_aggr_holistic.dir/ub_duckdb_aggr_holistic.cpp.o src/function/aggregate/nested/CMakeFiles/duckdb_aggr_nested.dir/ub_duckdb_aggr_nested.cpp.o src/function/aggregate/regression/CMakeFiles/duckdb_aggr_regr.dir/ub_duckdb_aggr_regr.cpp.o src/function/aggregate/CMakeFiles/duckdb_func_aggr.dir/ub_duckdb_func_aggr.cpp.o src/function/cast/CMakeFiles/duckdb_func_cast.dir/ub_duckdb_func_cast.cpp.o src/function/pragma/CMakeFiles/duckdb_func_pragma.dir/ub_duckdb_func_pragma.cpp.o src/function/scalar/blob/CMakeFiles/duckdb_func_blob.dir/ub_duckdb_func_blob.cpp.o src/function/scalar/date/CMakeFiles/duckdb_func_date.dir/ub_duckdb_func_date.cpp.o src/function/scalar/generic/CMakeFiles/duckdb_func_generic.dir/ub_duckdb_func_generic.cpp.o src/function/scalar/list/CMakeFiles/duckdb_func_list.dir/ub_duckdb_func_list.cpp.o src/function/scalar/map/CMakeFiles/duckdb_func_map_nested.dir/ub_duckdb_func_map_nested.cpp.o src/function/scalar/math/CMakeFiles/duckdb_func_math.dir/ub_duckdb_func_math.cpp.o src/function/scalar/operators/CMakeFiles/duckdb_func_ops.dir/ub_duckdb_func_ops.cpp.o src/function/scalar/sequence/CMakeFiles/duckdb_func_seq.dir/ub_duckdb_func_seq.cpp.o src/function/scalar/string/CMakeFiles/duckdb_func_string.dir/ub_duckdb_func_string.cpp.o src/function/scalar/struct/CMakeFiles/duckdb_func_struct.dir/ub_duckdb_func_struct.cpp.o src/function/scalar/system/CMakeFiles/duckdb_func_system.dir/ub_duckdb_func_system.cpp.o src/function/scalar/union/CMakeFiles/duckdb_func_union.dir/ub_duckdb_func_union.cpp.o src/function/scalar/enum/CMakeFiles/duckdb_func_enum.dir/ub_duckdb_func_enum.cpp.o src/function/scalar/CMakeFiles/duckdb_func_scalar.dir/ub_duckdb_func_scalar.cpp.o src/function/table/system/CMakeFiles/duckdb_table_func_system.dir/ub_duckdb_table_func_system.cpp.o src/function/table/version/CMakeFiles/duckdb_func_table_version.dir/ub_duckdb_func_table_version.cpp.o src/function/table/CMakeFiles/duckdb_func_table.dir/ub_duckdb_func_table.cpp.o src/function/CMakeFiles/duckdb_function.dir/ub_duckdb_function.cpp.o src/catalog/catalog_entry/CMakeFiles/duckdb_catalog_entries.dir/ub_duckdb_catalog_entries.cpp.o src/catalog/default/CMakeFiles/duckdb_catalog_default_entries.dir/ub_duckdb_catalog_default_entries.cpp.o src/catalog/CMakeFiles/duckdb_catalog.dir/ub_duckdb_catalog.cpp.o src/common/arrow/CMakeFiles/duckdb_common_arrow.dir/ub_duckdb_common_arrow.cpp.o src/common/crypto/CMakeFiles/duckdb_common_crypto.dir/ub_duckdb_common_crypto.cpp.o src/common/enums/CMakeFiles/duckdb_common_enums.dir/ub_duckdb_common_enums.cpp.o src/common/operator/CMakeFiles/duckdb_common_operators.dir/ub_duckdb_common_operators.cpp.o src/common/progress_bar/CMakeFiles/duckdb_progress_bar.dir/ub_duckdb_progress_bar.cpp.o src/common/row_operations/CMakeFiles/duckdb_row_operations.dir/ub_duckdb_row_operations.cpp.o src/common/serializer/CMakeFiles/duckdb_common_serializer.dir/ub_duckdb_common_serializer.cpp.o src/common/sort/CMakeFiles/duckdb_sort.dir/ub_duckdb_sort.cpp.o src/common/types/CMakeFiles/duckdb_common_types.dir/ub_duckdb_common_types.cpp.o src/common/value_operations/CMakeFiles/duckdb_value_operations.dir/ub_duckdb_value_operations.cpp.o src/common/vector_operations/CMakeFiles/duckdb_vector_operations.dir/boolean_operators.cpp.o src/common/vector_operations/CMakeFiles/duckdb_vector_operations.dir/vector_cast.cpp.o src/common/vector_operations/CMakeFiles/duckdb_vector_operations.dir/comparison_operators.cpp.o src/common/vector_operations/CMakeFiles/duckdb_vector_operations.dir/vector_copy.cpp.o src/common/vector_operations/CMakeFiles/duckdb_vector_operations.dir/generators.cpp.o src/common/vector_operations/CMakeFiles/duckdb_vector_operations.dir/vector_hash.cpp.o src/common/vector_operations/CMakeFiles/duckdb_vector_operations.dir/vector_storage.cpp.o src/common/vector_operations/CMakeFiles/duckdb_vector_operations.dir/null_operations.cpp.o src/common/vector_operations/CMakeFiles/duckdb_vector_operations.dir/numeric_inplace_operators.cpp.o src/common/vector_operations/CMakeFiles/duckdb_vector_operations.dir/is_distinct_from.cpp.o src/common/CMakeFiles/duckdb_common.dir/ub_duckdb_common.cpp.o src/execution/expression_executor/CMakeFiles/duckdb_expression_executor.dir/ub_duckdb_expression_executor.cpp.o src/execution/nested_loop_join/CMakeFiles/duckdb_nested_loop_join.dir/ub_duckdb_nested_loop_join.cpp.o src/execution/operator/aggregate/CMakeFiles/duckdb_operator_aggregate.dir/ub_duckdb_operator_aggregate.cpp.o src/execution/operator/filter/CMakeFiles/duckdb_operator_filter.dir/ub_duckdb_operator_filter.cpp.o src/execution/operator/helper/CMakeFiles/duckdb_operator_helper.dir/ub_duckdb_operator_helper.cpp.o src/execution/operator/join/CMakeFiles/duckdb_operator_join.dir/ub_duckdb_operator_join.cpp.o src/execution/operator/order/CMakeFiles/duckdb_operator_order.dir/ub_duckdb_operator_order.cpp.o src/execution/operator/persistent/CMakeFiles/duckdb_operator_persistent.dir/ub_duckdb_operator_persistent.cpp.o src/execution/operator/projection/CMakeFiles/duckdb_operator_projection.dir/ub_duckdb_operator_projection.cpp.o src/execution/operator/scan/CMakeFiles/duckdb_operator_scan.dir/ub_duckdb_operator_scan.cpp.o src/execution/operator/schema/CMakeFiles/duckdb_operator_schema.dir/ub_duckdb_operator_schema.cpp.o src/execution/operator/set/CMakeFiles/duckdb_operator_set.dir/ub_duckdb_operator_set.cpp.o src/execution/physical_plan/CMakeFiles/duckdb_physical_plan.dir/ub_duckdb_physical_plan.cpp.o src/execution/index/art/CMakeFiles/duckdb_art_index_execution.dir/ub_duckdb_art_index_execution.cpp.o src/execution/CMakeFiles/duckdb_execution.dir/ub_duckdb_execution.cpp.o src/main/capi/cast/CMakeFiles/duckdb_main_capi_cast.dir/ub_duckdb_main_capi_cast.cpp.o src/main/capi/CMakeFiles/duckdb_main_capi.dir/ub_duckdb_main_capi.cpp.o src/main/extension/CMakeFiles/duckdb_main_extension.dir/ub_duckdb_main_extension.cpp.o src/main/relation/CMakeFiles/duckdb_main_relation.dir/ub_duckdb_main_relation.cpp.o src/main/settings/CMakeFiles/duckdb_main_settings.dir/ub_duckdb_main_settings.cpp.o src/main/CMakeFiles/duckdb_main.dir/ub_duckdb_main.cpp.o src/parallel/CMakeFiles/duckdb_parallel.dir/ub_duckdb_parallel.cpp.o src/storage/buffer/CMakeFiles/duckdb_storage_buffer.dir/ub_duckdb_storage_buffer.cpp.o src/storage/checkpoint/CMakeFiles/duckdb_storage_checkpoint.dir/ub_duckdb_storage_checkpoint.cpp.o src/storage/compression/chimp/CMakeFiles/duckdb_storage_compression_chimp.dir/ub_duckdb_storage_compression_chimp.cpp.o src/storage/compression/CMakeFiles/duckdb_storage_compression.dir/ub_duckdb_storage_compression.cpp.o src/storage/statistics/CMakeFiles/duckdb_storage_statistics.dir/ub_duckdb_storage_statistics.cpp.o src/storage/table/CMakeFiles/duckdb_storage_table.dir/ub_duckdb_storage_table.cpp.o src/storage/CMakeFiles/duckdb_storage.dir/ub_duckdb_storage.cpp.o src/transaction/CMakeFiles/duckdb_transaction.dir/ub_duckdb_transaction.cpp.o src/verification/CMakeFiles/duckdb_verification.dir/copied_statement_verifier.cpp.o src/verification/CMakeFiles/duckdb_verification.dir/external_statement_verifier.cpp.o src/verification/CMakeFiles/duckdb_verification.dir/prepared_statement_verifier.cpp.o src/verification/CMakeFiles/duckdb_verification.dir/deserialized_statement_verifier.cpp.o src/verification/CMakeFiles/duckdb_verification.dir/statement_verifier.cpp.o src/verification/CMakeFiles/duckdb_verification.dir/parsed_statement_verifier.cpp.o src/verification/CMakeFiles/duckdb_verification.dir/unoptimized_statement_verifier.cpp.o && /usr/bin/ranlib src/libduckdb_static.a && :
[370/376] : && /usr/lib/ccache/c++ -fPIC -O3 -DNDEBUG -O3 -DNDEBUG   -shared -Wl,-soname,libsqlite3_api_wrapper.so -o tools/sqlite3_api_wrapper/libsqlite3_api_wrapper.so tools/sqlite3_api_wrapper/sqlite3/CMakeFiles/sqlite3_api_wrapper_sqlite3.dir/printf.c.o tools/sqlite3_api_wrapper/sqlite3/CMakeFiles/sqlite3_api_wrapper_sqlite3.dir/strglob.c.o tools/sqlite3_api_wrapper/sqlite3_udf_api/CMakeFiles/sqlite3_udf_api.dir/sqlite3_udf_wrapper.cpp.o tools/sqlite3_api_wrapper/sqlite3_udf_api/CMakeFiles/sqlite3_udf_api.dir/cast_sqlite.cpp.o tools/sqlite3_api_wrapper/CMakeFiles/sqlite3_api_wrapper.dir/sqlite3_api_wrapper.cpp.o tools/sqlite3_api_wrapper/CMakeFiles/sqlite3_api_wrapper.dir/sql_auto_complete_extension.cpp.o  -Wl,-rpath,/home/pei/Project/duckdb-polr/build/release/src  src/libduckdb.so  -ldl  third_party/fsst/libduckdb_fsst.a  third_party/fmt/libduckdb_fmt.a  third_party/libpg_query/libduckdb_pg_query.a  third_party/re2/libduckdb_re2.a  third_party/miniz/libduckdb_miniz.a  third_party/utf8proc/libduckdb_utf8proc.a  third_party/hyperloglog/libduckdb_hyperloglog.a  third_party/fastpforlib/libduckdb_fastpforlib.a  third_party/mbedtls/libduckdb_mbedtls.a  extension/jemalloc/libjemalloc_extension.a  extension/parquet/libparquet_extension.a && :
[371/376] : && /usr/lib/ccache/c++ -O3 -DNDEBUG -O3 -DNDEBUG -rdynamic tools/sqlite3_api_wrapper/CMakeFiles/test_sqlite3_api_wrapper.dir/test/test_sqlite3_api_wrapper.cpp.o tools/sqlite3_api_wrapper/CMakeFiles/test_sqlite3_api_wrapper.dir/test/test_sqlite3_udf_api_wrapper.cpp.o -o tools/sqlite3_api_wrapper/test_sqlite3_api_wrapper  -Wl,-rpath,/home/pei/Project/duckdb-polr/build/release/tools/sqlite3_api_wrapper:/home/pei/Project/duckdb-polr/build/release/src  tools/sqlite3_api_wrapper/libsqlite3_api_wrapper.so  src/libduckdb.so  -ldl  third_party/fsst/libduckdb_fsst.a  third_party/fmt/libduckdb_fmt.a  third_party/libpg_query/libduckdb_pg_query.a  third_party/re2/libduckdb_re2.a  third_party/miniz/libduckdb_miniz.a  third_party/utf8proc/libduckdb_utf8proc.a  third_party/hyperloglog/libduckdb_hyperloglog.a  third_party/fastpforlib/libduckdb_fastpforlib.a  third_party/mbedtls/libduckdb_mbedtls.a  extension/jemalloc/libjemalloc_extension.a  extension/parquet/libparquet_extension.a && :
[372/376] : && /usr/bin/cmake -E rm -f tools/sqlite3_api_wrapper/libsqlite3_api_wrapper_static.a && /usr/bin/ar qc tools/sqlite3_api_wrapper/libsqlite3_api_wrapper_static.a  tools/sqlite3_api_wrapper/sqlite3/CMakeFiles/sqlite3_api_wrapper_sqlite3.dir/printf.c.o tools/sqlite3_api_wrapper/sqlite3/CMakeFiles/sqlite3_api_wrapper_sqlite3.dir/strglob.c.o tools/sqlite3_api_wrapper/sqlite3_udf_api/CMakeFiles/sqlite3_udf_api.dir/sqlite3_udf_wrapper.cpp.o tools/sqlite3_api_wrapper/sqlite3_udf_api/CMakeFiles/sqlite3_udf_api.dir/cast_sqlite.cpp.o tools/sqlite3_api_wrapper/CMakeFiles/sqlite3_api_wrapper_static.dir/sqlite3_api_wrapper.cpp.o tools/sqlite3_api_wrapper/CMakeFiles/sqlite3_api_wrapper_static.dir/sql_auto_complete_extension.cpp.o && /usr/bin/ranlib tools/sqlite3_api_wrapper/libsqlite3_api_wrapper_static.a && :
[373/376] : && /usr/lib/ccache/c++ -O3 -DNDEBUG -O3 -DNDEBUG -rdynamic extension/parquet/CMakeFiles/parquetcli.dir/parquetcli.cpp.o -o extension/parquet/parquetcli  extension/parquet/libparquet_extension.a  src/libduckdb_static.a  extension/parquet/libparquet_extension.a  -ldl  third_party/fsst/libduckdb_fsst.a  third_party/fmt/libduckdb_fmt.a  third_party/libpg_query/libduckdb_pg_query.a  third_party/re2/libduckdb_re2.a  third_party/miniz/libduckdb_miniz.a  third_party/utf8proc/libduckdb_utf8proc.a  third_party/hyperloglog/libduckdb_hyperloglog.a  third_party/fastpforlib/libduckdb_fastpforlib.a  third_party/mbedtls/libduckdb_mbedtls.a  extension/jemalloc/libjemalloc_extension.a && :
[374/376] : && /usr/lib/ccache/c++ -O3 -DNDEBUG -O3 -DNDEBUG -rdynamic tools/shell/CMakeFiles/shell.dir/shell.c.o tools/shell/CMakeFiles/shell.dir/linenoise.cpp.o -o duckdb  tools/sqlite3_api_wrapper/libsqlite3_api_wrapper_static.a  third_party/utf8proc/libduckdb_utf8proc.a  src/libduckdb_static.a  third_party/utf8proc/libduckdb_utf8proc.a  -ldl  third_party/fsst/libduckdb_fsst.a  third_party/fmt/libduckdb_fmt.a  third_party/libpg_query/libduckdb_pg_query.a  third_party/re2/libduckdb_re2.a  third_party/miniz/libduckdb_miniz.a  third_party/hyperloglog/libduckdb_hyperloglog.a  third_party/fastpforlib/libduckdb_fastpforlib.a  third_party/mbedtls/libduckdb_mbedtls.a  extension/jemalloc/libjemalloc_extension.a  extension/parquet/libparquet_extension.a && :
[375/376] /usr/bin/ccache /usr/lib/ccache/c++ -DDUCKDB_BUILD_LIBRARY -DENABLE_CROSS_PRODUCT_REWRITE=1 -DENABLE_DEBUG_PRINT=0 -DENABLE_MEASURE_EXE_TIME=0 -DENABLE_MERGE_BACK_PLAN=0 -DENABLE_PARALLEL_EXECUTION=0 -DENABLE_QUERY_SPLIT=1 -DENABLE_SPECIFY_EST_STAT=0 -I/home/pei/Project/duckdb-polr/src/include -I/home/pei/Project/duckdb-polr/third_party/fsst -I/home/pei/Project/duckdb-polr/third_party/fmt/include -I/home/pei/Project/duckdb-polr/third_party/hyperloglog -I/home/pei/Project/duckdb-polr/third_party/fastpforlib -I/home/pei/Project/duckdb-polr/third_party/fast_float -I/home/pei/Project/duckdb-polr/third_party/re2 -I/home/pei/Project/duckdb-polr/third_party/miniz -I/home/pei/Project/duckdb-polr/third_party/utf8proc/include -I/home/pei/Project/duckdb-polr/third_party/miniparquet -I/home/pei/Project/duckdb-polr/third_party/concurrentqueue -I/home/pei/Project/duckdb-polr/third_party/pcg -I/home/pei/Project/duckdb-polr/third_party/tdigest -I/home/pei/Project/duckdb-polr/third_party/mbedtls/include -I/home/pei/Project/duckdb-polr/third_party/jaro_winkler -I/home/pei/Project/duckdb-polr/test/../third_party/catch -I/home/pei/Project/duckdb-polr/test/../third_party/tpce-tool/include -I/home/pei/Project/duckdb-polr/test/../third_party/sqlite/include -I/home/pei/Project/duckdb-polr/test/include -O3 -DNDEBUG -O3 -DNDEBUG   -fPIC -fdiagnostics-color=always -std=c++11 -MD -MT test/api/CMakeFiles/test_api.dir/ub_test_api.cpp.o -MF test/api/CMakeFiles/test_api.dir/ub_test_api.cpp.o.d -o test/api/CMakeFiles/test_api.dir/ub_test_api.cpp.o -c /home/pei/Project/duckdb-polr/build/release/test/api/ub_test_api.cpp
In file included from /home/pei/Project/duckdb-polr/src/include/duckdb/optimizer/optimizer.hpp:15,
                 from /home/pei/Project/duckdb-polr/test/api/test_plan_serialization.cpp:6,
                 from /home/pei/Project/duckdb-polr/build/release/test/api/ub_test_api.cpp:12:
/home/pei/Project/duckdb-polr/src/include/duckdb/optimizer/query_split/query_split.hpp:14: warning: "ENABLE_DEBUG_PRINT" redefined
   14 | #define ENABLE_DEBUG_PRINT                      true
      | 
<command-line>: note: this is the location of the previous definition
/home/pei/Project/duckdb-polr/src/include/duckdb/optimizer/query_split/query_split.hpp:23:1: warning: inline variables are only available with ‘-std=c++17’ or ‘-std=gnu++17’ [-Wc++17-extensions]
   23 | inline bool execute_plan = false;
      | ^~~~~~
[376/376] : && /usr/lib/ccache/c++ -O3 -DNDEBUG -O3 -DNDEBUG -rdynamic test/api/capi/CMakeFiles/test_sql_capi.dir/ub_test_sql_capi.cpp.o test/api/udf_function/CMakeFiles/test_api_udf_function.dir/ub_test_api_udf_function.cpp.o test/api/CMakeFiles/test_api.dir/ub_test_api.cpp.o test/appender/CMakeFiles/test_appender.dir/ub_test_appender.cpp.o test/arrow_roundtrip/CMakeFiles/test_arrow_roundtrip.dir/ub_test_arrow_roundtrip.cpp.o test/common/CMakeFiles/test_common.dir/ub_test_common.cpp.o test/extension/CMakeFiles/test_extensions.dir/ub_test_extensions.cpp.o test/memoryleak/CMakeFiles/test_memory_leak.dir/ub_test_memory_leak.cpp.o test/sql/filter/CMakeFiles/test_filter.dir/ub_test_filter.cpp.o test/sql/function/table/CMakeFiles/test_table_function.dir/ub_test_table_function.cpp.o test/sql/index/CMakeFiles/test_index.dir/ub_test_index.cpp.o test/sql/parallelism/interquery/CMakeFiles/test_sql_interquery_parallelism.dir/ub_test_sql_interquery_parallelism.cpp.o test/sql/storage/catalog/CMakeFiles/test_sql_storage_catalog.dir/ub_test_sql_storage_catalog.cpp.o test/sql/storage/CMakeFiles/test_sql_storage.dir/ub_test_sql_storage.cpp.o test/sqlite/CMakeFiles/test_sqlite.dir/ub_test_sqlite.cpp.o test/ossfuzz/CMakeFiles/test_ossfuzz.dir/ub_test_ossfuzz.cpp.o test/mbedtls/CMakeFiles/test_mbedtls.dir/ub_test_mbedtls.cpp.o test/persistence/CMakeFiles/test_persistence.dir/ub_test_persistence.cpp.o test/CMakeFiles/unittest.dir/unittest.cpp.o -o test/unittest  -Wl,-rpath,/home/pei/Project/duckdb-polr/build/release/src  test/helpers/libtest_helpers.a  src/libduckdb.so  -ldl  third_party/fsst/libduckdb_fsst.a  third_party/fmt/libduckdb_fmt.a  third_party/libpg_query/libduckdb_pg_query.a  third_party/re2/libduckdb_re2.a  third_party/miniz/libduckdb_miniz.a  third_party/utf8proc/libduckdb_utf8proc.a  third_party/hyperloglog/libduckdb_hyperloglog.a  third_party/fastpforlib/libduckdb_fastpforlib.a  third_party/mbedtls/libduckdb_mbedtls.a  extension/jemalloc/libjemalloc_extension.a  extension/parquet/libparquet_extension.a && :
mkdir -p build/release && \
cd build/release && \
cmake -G "Ninja" -DFORCE_COLORED_OUTPUT=1        -DBUILD_PARQUET_EXTENSION=TRUE -DDEFINE_QUERY_SPLIT=1 -DDEFINE_PARALLEL_EXECUTION=0 -DDEFINE_DEBUG_PRINT=0 -DDEFINE_CROSS_PRODUCT_REWRITE=1 -DDEFINE_MERGE_BACK_PLAN=0 -DDEFINE_SPECIFY_EST_STAT=0 -DDEFINE_MEASURE_EXE_TIME=0 -DCMAKE_BUILD_TYPE=Release ../.. && \
cmake --build . --config Release
Re-run cmake no build system arguments
fatal: No names found, cannot describe anything.
fatal: No names found, cannot describe anything.
-- git hash cd7a58694b, version v..1-dev
-- Configuring done
-- Generating done
-- Build files have been written to: /home/pei/Project/duckdb-polr/build/release
[1/12] /usr/bin/ccache /usr/lib/ccache/c++ -DDUCKDB -DDUCKDB_BUILD_LIBRARY -DDUCKDB_MAIN_LIBRARY -DENABLE_CROSS_PRODUCT_REWRITE=1 -DENABLE_DEBUG_PRINT=0 -DENABLE_MEASURE_EXE_TIME=0 -DENABLE_MERGE_BACK_PLAN=0 -DENABLE_PARALLEL_EXECUTION=0 -DENABLE_QUERY_SPLIT=1 -DENABLE_SPECIFY_EST_STAT=0 -I/home/pei/Project/duckdb-polr/src/include -I/home/pei/Project/duckdb-polr/third_party/fsst -I/home/pei/Project/duckdb-polr/third_party/fmt/include -I/home/pei/Project/duckdb-polr/third_party/hyperloglog -I/home/pei/Project/duckdb-polr/third_party/fastpforlib -I/home/pei/Project/duckdb-polr/third_party/fast_float -I/home/pei/Project/duckdb-polr/third_party/re2 -I/home/pei/Project/duckdb-polr/third_party/miniz -I/home/pei/Project/duckdb-polr/third_party/utf8proc/include -I/home/pei/Project/duckdb-polr/third_party/miniparquet -I/home/pei/Project/duckdb-polr/third_party/concurrentqueue -I/home/pei/Project/duckdb-polr/third_party/pcg -I/home/pei/Project/duckdb-polr/third_party/tdigest -I/home/pei/Project/duckdb-polr/third_party/mbedtls/include -I/home/pei/Project/duckdb-polr/third_party/jaro_winkler -O3 -DNDEBUG -O3 -DNDEBUG   -fPIC -fdiagnostics-color=always -std=c++11 -MD -MT src/optimizer/pushdown/CMakeFiles/duckdb_optimizer_pushdown.dir/ub_duckdb_optimizer_pushdown.cpp.o -MF src/optimizer/pushdown/CMakeFiles/duckdb_optimizer_pushdown.dir/ub_duckdb_optimizer_pushdown.cpp.o.d -o src/optimizer/pushdown/CMakeFiles/duckdb_optimizer_pushdown.dir/ub_duckdb_optimizer_pushdown.cpp.o -c /home/pei/Project/duckdb-polr/build/release/src/optimizer/pushdown/ub_duckdb_optimizer_pushdown.cpp
In file included from /home/pei/Project/duckdb-polr/src/include/duckdb/optimizer/optimizer.hpp:15,
                 from /home/pei/Project/duckdb-polr/src/optimizer/pushdown/pushdown_get.cpp:2,
                 from /home/pei/Project/duckdb-polr/build/release/src/optimizer/pushdown/ub_duckdb_optimizer_pushdown.cpp:5:
/home/pei/Project/duckdb-polr/src/include/duckdb/optimizer/query_split/query_split.hpp:23:1: warning: inline variables are only available with ‘-std=c++17’ or ‘-std=gnu++17’ [-Wc++17-extensions]
   23 | inline bool execute_plan = false;
      | ^~~~~~
[2/12] /usr/bin/ccache /usr/lib/ccache/c++ -DDUCKDB -DDUCKDB_BUILD_LIBRARY -DDUCKDB_MAIN_LIBRARY -DENABLE_CROSS_PRODUCT_REWRITE=1 -DENABLE_DEBUG_PRINT=0 -DENABLE_MEASURE_EXE_TIME=0 -DENABLE_MERGE_BACK_PLAN=0 -DENABLE_PARALLEL_EXECUTION=0 -DENABLE_QUERY_SPLIT=1 -DENABLE_SPECIFY_EST_STAT=0 -I/home/pei/Project/duckdb-polr/src/include -I/home/pei/Project/duckdb-polr/third_party/fsst -I/home/pei/Project/duckdb-polr/third_party/fmt/include -I/home/pei/Project/duckdb-polr/third_party/hyperloglog -I/home/pei/Project/duckdb-polr/third_party/fastpforlib -I/home/pei/Project/duckdb-polr/third_party/fast_float -I/home/pei/Project/duckdb-polr/third_party/re2 -I/home/pei/Project/duckdb-polr/third_party/miniz -I/home/pei/Project/duckdb-polr/third_party/utf8proc/include -I/home/pei/Project/duckdb-polr/third_party/miniparquet -I/home/pei/Project/duckdb-polr/third_party/concurrentqueue -I/home/pei/Project/duckdb-polr/third_party/pcg -I/home/pei/Project/duckdb-polr/third_party/tdigest -I/home/pei/Project/duckdb-polr/third_party/mbedtls/include -I/home/pei/Project/duckdb-polr/third_party/jaro_winkler -O3 -DNDEBUG -O3 -DNDEBUG   -fPIC -fdiagnostics-color=always -std=c++11 -MD -MT src/optimizer/query_split/CMakeFiles/duckdb_optimizer_query_split.dir/ub_duckdb_optimizer_query_split.cpp.o -MF src/optimizer/query_split/CMakeFiles/duckdb_optimizer_query_split.dir/ub_duckdb_optimizer_query_split.cpp.o.d -o src/optimizer/query_split/CMakeFiles/duckdb_optimizer_query_split.dir/ub_duckdb_optimizer_query_split.cpp.o -c /home/pei/Project/duckdb-polr/build/release/src/optimizer/query_split/ub_duckdb_optimizer_query_split.cpp
In file included from /home/pei/Project/duckdb-polr/src/optimizer/query_split/query_split.cpp:1,
                 from /home/pei/Project/duckdb-polr/build/release/src/optimizer/query_split/ub_duckdb_optimizer_query_split.cpp:2:
/home/pei/Project/duckdb-polr/src/include/duckdb/optimizer/query_split/query_split.hpp:23:1: warning: inline variables are only available with ‘-std=c++17’ or ‘-std=gnu++17’ [-Wc++17-extensions]
   23 | inline bool execute_plan = false;
      | ^~~~~~
In file included from /home/pei/Project/duckdb-polr/build/release/src/optimizer/query_split/ub_duckdb_optimizer_query_split.cpp:4:
/home/pei/Project/duckdb-polr/src/optimizer/query_split/foreign_key_center.cpp: In lambda function:
/home/pei/Project/duckdb-polr/src/optimizer/query_split/foreign_key_center.cpp:205:61: warning: init-statement in selection statements only available with ‘-std=c++17’ or ‘-std=gnu++17’ [-Wc++17-extensions]
  205 |                                                         if (auto find_left = std::find_if(
      |                                                             ^~~~
In file included from /home/pei/Project/duckdb-polr/build/release/src/optimizer/query_split/ub_duckdb_optimizer_query_split.cpp:3:
/home/pei/Project/duckdb-polr/src/optimizer/query_split/query_split_util.cpp: In function ‘duckdb::ColumnBinding& duckdb::GetRefColumnBinding(std::unique_ptr<Expression>&)’:
/home/pei/Project/duckdb-polr/src/optimizer/query_split/query_split_util.cpp:152:88: warning: control reaches end of non-void function [-Wreturn-type]
  152 |                 Printer::Print("Doesn't support " + ExpressionTypeToString(expr->type) + " in GetColumnBinding yet!");
      |                                ~~~~~~~~~~~~~~~~~~~~~~~~~~~~~~~~~~~~~~~~~~~~~~~~~~~~~~~~^~~~~~~~~~~~~~~~~~~~~~~~~~~~~
[3/12] /usr/bin/ccache /usr/lib/ccache/c++ -DDUCKDB -DDUCKDB_BUILD_LIBRARY -DDUCKDB_MAIN_LIBRARY -DENABLE_CROSS_PRODUCT_REWRITE=1 -DENABLE_DEBUG_PRINT=0 -DENABLE_MEASURE_EXE_TIME=0 -DENABLE_MERGE_BACK_PLAN=0 -DENABLE_PARALLEL_EXECUTION=0 -DENABLE_QUERY_SPLIT=1 -DENABLE_SPECIFY_EST_STAT=0 -I/home/pei/Project/duckdb-polr/src/include -I/home/pei/Project/duckdb-polr/third_party/fsst -I/home/pei/Project/duckdb-polr/third_party/fmt/include -I/home/pei/Project/duckdb-polr/third_party/hyperloglog -I/home/pei/Project/duckdb-polr/third_party/fastpforlib -I/home/pei/Project/duckdb-polr/third_party/fast_float -I/home/pei/Project/duckdb-polr/third_party/re2 -I/home/pei/Project/duckdb-polr/third_party/miniz -I/home/pei/Project/duckdb-polr/third_party/utf8proc/include -I/home/pei/Project/duckdb-polr/third_party/miniparquet -I/home/pei/Project/duckdb-polr/third_party/concurrentqueue -I/home/pei/Project/duckdb-polr/third_party/pcg -I/home/pei/Project/duckdb-polr/third_party/tdigest -I/home/pei/Project/duckdb-polr/third_party/mbedtls/include -I/home/pei/Project/duckdb-polr/third_party/jaro_winkler -O3 -DNDEBUG -O3 -DNDEBUG   -fPIC -fdiagnostics-color=always -std=c++11 -MD -MT src/optimizer/CMakeFiles/duckdb_optimizer.dir/ub_duckdb_optimizer.cpp.o -MF src/optimizer/CMakeFiles/duckdb_optimizer.dir/ub_duckdb_optimizer.cpp.o.d -o src/optimizer/CMakeFiles/duckdb_optimizer.dir/ub_duckdb_optimizer.cpp.o -c /home/pei/Project/duckdb-polr/build/release/src/optimizer/ub_duckdb_optimizer.cpp
In file included from /home/pei/Project/duckdb-polr/src/include/duckdb/optimizer/optimizer.hpp:15,
                 from /home/pei/Project/duckdb-polr/src/include/duckdb/optimizer/expression_heuristics.hpp:11,
                 from /home/pei/Project/duckdb-polr/src/optimizer/expression_heuristics.cpp:1,
                 from /home/pei/Project/duckdb-polr/build/release/src/optimizer/ub_duckdb_optimizer.cpp:6:
/home/pei/Project/duckdb-polr/src/include/duckdb/optimizer/query_split/query_split.hpp:23:1: warning: inline variables are only available with ‘-std=c++17’ or ‘-std=gnu++17’ [-Wc++17-extensions]
   23 | inline bool execute_plan = false;
      | ^~~~~~
[4/12] /usr/bin/ccache /usr/lib/ccache/c++ -DDUCKDB -DDUCKDB_BUILD_LIBRARY -DDUCKDB_MAIN_LIBRARY -DENABLE_CROSS_PRODUCT_REWRITE=1 -DENABLE_DEBUG_PRINT=0 -DENABLE_MEASURE_EXE_TIME=0 -DENABLE_MERGE_BACK_PLAN=0 -DENABLE_PARALLEL_EXECUTION=0 -DENABLE_QUERY_SPLIT=1 -DENABLE_SPECIFY_EST_STAT=0 -I/home/pei/Project/duckdb-polr/src/include -I/home/pei/Project/duckdb-polr/third_party/fsst -I/home/pei/Project/duckdb-polr/third_party/fmt/include -I/home/pei/Project/duckdb-polr/third_party/hyperloglog -I/home/pei/Project/duckdb-polr/third_party/fastpforlib -I/home/pei/Project/duckdb-polr/third_party/fast_float -I/home/pei/Project/duckdb-polr/third_party/re2 -I/home/pei/Project/duckdb-polr/third_party/miniz -I/home/pei/Project/duckdb-polr/third_party/utf8proc/include -I/home/pei/Project/duckdb-polr/third_party/miniparquet -I/home/pei/Project/duckdb-polr/third_party/concurrentqueue -I/home/pei/Project/duckdb-polr/third_party/pcg -I/home/pei/Project/duckdb-polr/third_party/tdigest -I/home/pei/Project/duckdb-polr/third_party/mbedtls/include -I/home/pei/Project/duckdb-polr/third_party/jaro_winkler -O3 -DNDEBUG -O3 -DNDEBUG   -fPIC -fdiagnostics-color=always -std=c++11 -MD -MT src/main/CMakeFiles/duckdb_main.dir/ub_duckdb_main.cpp.o -MF src/main/CMakeFiles/duckdb_main.dir/ub_duckdb_main.cpp.o.d -o src/main/CMakeFiles/duckdb_main.dir/ub_duckdb_main.cpp.o -c /home/pei/Project/duckdb-polr/build/release/src/main/ub_duckdb_main.cpp
In file included from /home/pei/Project/duckdb-polr/src/include/duckdb/optimizer/optimizer.hpp:15,
                 from /home/pei/Project/duckdb-polr/src/main/client_context.cpp:31,
                 from /home/pei/Project/duckdb-polr/build/release/src/main/ub_duckdb_main.cpp:5:
/home/pei/Project/duckdb-polr/src/include/duckdb/optimizer/query_split/query_split.hpp:23:1: warning: inline variables are only available with ‘-std=c++17’ or ‘-std=gnu++17’ [-Wc++17-extensions]
   23 | inline bool execute_plan = false;
      | ^~~~~~
[5/12] : && /usr/bin/cmake -E rm -f src/libduckdb_static.a && /usr/bin/ar qc src/libduckdb_static.a  src/optimizer/matcher/CMakeFiles/duckdb_optimizer_matcher.dir/ub_duckdb_optimizer_matcher.cpp.o src/optimizer/join_order/CMakeFiles/duckdb_optimizer_join_order.dir/ub_duckdb_optimizer_join_order.cpp.o src/optimizer/pushdown/CMakeFiles/duckdb_optimizer_pushdown.dir/ub_duckdb_optimizer_pushdown.cpp.o src/optimizer/pullup/CMakeFiles/duckdb_optimizer_pullup.dir/ub_duckdb_optimizer_pullup.cpp.o src/optimizer/rule/CMakeFiles/duckdb_optimizer_rules.dir/ub_duckdb_optimizer_rules.cpp.o src/optimizer/statistics/expression/CMakeFiles/duckdb_optimizer_statistics_expr.dir/ub_duckdb_optimizer_statistics_expr.cpp.o src/optimizer/statistics/operator/CMakeFiles/duckdb_optimizer_statistics_op.dir/ub_duckdb_optimizer_statistics_op.cpp.o src/optimizer/query_split/CMakeFiles/duckdb_optimizer_query_split.dir/ub_duckdb_optimizer_query_split.cpp.o src/optimizer/CMakeFiles/duckdb_optimizer.dir/ub_duckdb_optimizer.cpp.o src/planner/expression/CMakeFiles/duckdb_planner_expression.dir/ub_duckdb_planner_expression.cpp.o src/planner/binder/expression/CMakeFiles/duckdb_bind_expression.dir/ub_duckdb_bind_expression.cpp.o src/planner/binder/query_node/CMakeFiles/duckdb_bind_query_node.dir/ub_duckdb_bind_query_node.cpp.o src/planner/binder/statement/CMakeFiles/duckdb_bind_statement.dir/ub_duckdb_bind_statement.cpp.o src/planner/binder/tableref/CMakeFiles/duckdb_bind_tableref.dir/ub_duckdb_bind_tableref.cpp.o src/planner/expression_binder/CMakeFiles/duckdb_expression_binders.dir/ub_duckdb_expression_binders.cpp.o src/planner/filter/CMakeFiles/duckdb_planner_filter.dir/ub_duckdb_planner_filter.cpp.o src/planner/parsed_data/CMakeFiles/duckdb_planner_parsed_data.dir/ub_duckdb_planner_parsed_data.cpp.o src/planner/operator/CMakeFiles/duckdb_planner_operator.dir/ub_duckdb_planner_operator.cpp.o src/planner/subquery/CMakeFiles/duckdb_planner_subquery.dir/ub_duckdb_planner_subquery.cpp.o src/planner/CMakeFiles/duckdb_planner.dir/ub_duckdb_planner.cpp.o src/parser/constraints/CMakeFiles/duckdb_constraints.dir/ub_duckdb_constraints.cpp.o src/parser/expression/CMakeFiles/duckdb_expression.dir/ub_duckdb_expression.cpp.o src/parser/parsed_data/CMakeFiles/duckdb_parsed_data.dir/ub_duckdb_parsed_data.cpp.o src/parser/query_node/CMakeFiles/duckdb_query_node.dir/ub_duckdb_query_node.cpp.o src/parser/statement/CMakeFiles/duckdb_statement.dir/ub_duckdb_statement.cpp.o src/parser/tableref/CMakeFiles/duckdb_parser_tableref.dir/ub_duckdb_parser_tableref.cpp.o src/parser/transform/constraint/CMakeFiles/duckdb_transformer_constraint.dir/ub_duckdb_transformer_constraint.cpp.o src/parser/transform/expression/CMakeFiles/duckdb_transformer_expression.dir/ub_duckdb_transformer_expression.cpp.o src/parser/transform/helpers/CMakeFiles/duckdb_transformer_helpers.dir/ub_duckdb_transformer_helpers.cpp.o src/parser/transform/statement/CMakeFiles/duckdb_transformer_statement.dir/ub_duckdb_transformer_statement.cpp.o src/parser/transform/tableref/CMakeFiles/duckdb_transformer_tableref.dir/ub_duckdb_transformer_tableref.cpp.o src/parser/CMakeFiles/duckdb_parser.dir/ub_duckdb_parser.cpp.o src/function/aggregate/algebraic/CMakeFiles/duckdb_aggr_algebraic.dir/ub_duckdb_aggr_algebraic.cpp.o src/function/aggregate/distributive/CMakeFiles/duckdb_aggr_distr.dir/ub_duckdb_aggr_distr.cpp.o src/function/aggregate/holistic/CMakeFiles/duckdb_aggr_holistic.dir/ub_duckdb_aggr_holistic.cpp.o src/function/aggregate/nested/CMakeFiles/duckdb_aggr_nested.dir/ub_duckdb_aggr_nested.cpp.o src/function/aggregate/regression/CMakeFiles/duckdb_aggr_regr.dir/ub_duckdb_aggr_regr.cpp.o src/function/aggregate/CMakeFiles/duckdb_func_aggr.dir/ub_duckdb_func_aggr.cpp.o src/function/cast/CMakeFiles/duckdb_func_cast.dir/ub_duckdb_func_cast.cpp.o src/function/pragma/CMakeFiles/duckdb_func_pragma.dir/ub_duckdb_func_pragma.cpp.o src/function/scalar/blob/CMakeFiles/duckdb_func_blob.dir/ub_duckdb_func_blob.cpp.o src/function/scalar/date/CMakeFiles/duckdb_func_date.dir/ub_duckdb_func_date.cpp.o src/function/scalar/generic/CMakeFiles/duckdb_func_generic.dir/ub_duckdb_func_generic.cpp.o src/function/scalar/list/CMakeFiles/duckdb_func_list.dir/ub_duckdb_func_list.cpp.o src/function/scalar/map/CMakeFiles/duckdb_func_map_nested.dir/ub_duckdb_func_map_nested.cpp.o src/function/scalar/math/CMakeFiles/duckdb_func_math.dir/ub_duckdb_func_math.cpp.o src/function/scalar/operators/CMakeFiles/duckdb_func_ops.dir/ub_duckdb_func_ops.cpp.o src/function/scalar/sequence/CMakeFiles/duckdb_func_seq.dir/ub_duckdb_func_seq.cpp.o src/function/scalar/string/CMakeFiles/duckdb_func_string.dir/ub_duckdb_func_string.cpp.o src/function/scalar/struct/CMakeFiles/duckdb_func_struct.dir/ub_duckdb_func_struct.cpp.o src/function/scalar/system/CMakeFiles/duckdb_func_system.dir/ub_duckdb_func_system.cpp.o src/function/scalar/union/CMakeFiles/duckdb_func_union.dir/ub_duckdb_func_union.cpp.o src/function/scalar/enum/CMakeFiles/duckdb_func_enum.dir/ub_duckdb_func_enum.cpp.o src/function/scalar/CMakeFiles/duckdb_func_scalar.dir/ub_duckdb_func_scalar.cpp.o src/function/table/system/CMakeFiles/duckdb_table_func_system.dir/ub_duckdb_table_func_system.cpp.o src/function/table/version/CMakeFiles/duckdb_func_table_version.dir/ub_duckdb_func_table_version.cpp.o src/function/table/CMakeFiles/duckdb_func_table.dir/ub_duckdb_func_table.cpp.o src/function/CMakeFiles/duckdb_function.dir/ub_duckdb_function.cpp.o src/catalog/catalog_entry/CMakeFiles/duckdb_catalog_entries.dir/ub_duckdb_catalog_entries.cpp.o src/catalog/default/CMakeFiles/duckdb_catalog_default_entries.dir/ub_duckdb_catalog_default_entries.cpp.o src/catalog/CMakeFiles/duckdb_catalog.dir/ub_duckdb_catalog.cpp.o src/common/arrow/CMakeFiles/duckdb_common_arrow.dir/ub_duckdb_common_arrow.cpp.o src/common/crypto/CMakeFiles/duckdb_common_crypto.dir/ub_duckdb_common_crypto.cpp.o src/common/enums/CMakeFiles/duckdb_common_enums.dir/ub_duckdb_common_enums.cpp.o src/common/operator/CMakeFiles/duckdb_common_operators.dir/ub_duckdb_common_operators.cpp.o src/common/progress_bar/CMakeFiles/duckdb_progress_bar.dir/ub_duckdb_progress_bar.cpp.o src/common/row_operations/CMakeFiles/duckdb_row_operations.dir/ub_duckdb_row_operations.cpp.o src/common/serializer/CMakeFiles/duckdb_common_serializer.dir/ub_duckdb_common_serializer.cpp.o src/common/sort/CMakeFiles/duckdb_sort.dir/ub_duckdb_sort.cpp.o src/common/types/CMakeFiles/duckdb_common_types.dir/ub_duckdb_common_types.cpp.o src/common/value_operations/CMakeFiles/duckdb_value_operations.dir/ub_duckdb_value_operations.cpp.o src/common/vector_operations/CMakeFiles/duckdb_vector_operations.dir/boolean_operators.cpp.o src/common/vector_operations/CMakeFiles/duckdb_vector_operations.dir/vector_cast.cpp.o src/common/vector_operations/CMakeFiles/duckdb_vector_operations.dir/comparison_operators.cpp.o src/common/vector_operations/CMakeFiles/duckdb_vector_operations.dir/vector_copy.cpp.o src/common/vector_operations/CMakeFiles/duckdb_vector_operations.dir/generators.cpp.o src/common/vector_operations/CMakeFiles/duckdb_vector_operations.dir/vector_hash.cpp.o src/common/vector_operations/CMakeFiles/duckdb_vector_operations.dir/vector_storage.cpp.o src/common/vector_operations/CMakeFiles/duckdb_vector_operations.dir/null_operations.cpp.o src/common/vector_operations/CMakeFiles/duckdb_vector_operations.dir/numeric_inplace_operators.cpp.o src/common/vector_operations/CMakeFiles/duckdb_vector_operations.dir/is_distinct_from.cpp.o src/common/CMakeFiles/duckdb_common.dir/ub_duckdb_common.cpp.o src/execution/expression_executor/CMakeFiles/duckdb_expression_executor.dir/ub_duckdb_expression_executor.cpp.o src/execution/nested_loop_join/CMakeFiles/duckdb_nested_loop_join.dir/ub_duckdb_nested_loop_join.cpp.o src/execution/operator/aggregate/CMakeFiles/duckdb_operator_aggregate.dir/ub_duckdb_operator_aggregate.cpp.o src/execution/operator/filter/CMakeFiles/duckdb_operator_filter.dir/ub_duckdb_operator_filter.cpp.o src/execution/operator/helper/CMakeFiles/duckdb_operator_helper.dir/ub_duckdb_operator_helper.cpp.o src/execution/operator/join/CMakeFiles/duckdb_operator_join.dir/ub_duckdb_operator_join.cpp.o src/execution/operator/order/CMakeFiles/duckdb_operator_order.dir/ub_duckdb_operator_order.cpp.o src/execution/operator/persistent/CMakeFiles/duckdb_operator_persistent.dir/ub_duckdb_operator_persistent.cpp.o src/execution/operator/projection/CMakeFiles/duckdb_operator_projection.dir/ub_duckdb_operator_projection.cpp.o src/execution/operator/scan/CMakeFiles/duckdb_operator_scan.dir/ub_duckdb_operator_scan.cpp.o src/execution/operator/schema/CMakeFiles/duckdb_operator_schema.dir/ub_duckdb_operator_schema.cpp.o src/execution/operator/set/CMakeFiles/duckdb_operator_set.dir/ub_duckdb_operator_set.cpp.o src/execution/physical_plan/CMakeFiles/duckdb_physical_plan.dir/ub_duckdb_physical_plan.cpp.o src/execution/index/art/CMakeFiles/duckdb_art_index_execution.dir/ub_duckdb_art_index_execution.cpp.o src/execution/CMakeFiles/duckdb_execution.dir/ub_duckdb_execution.cpp.o src/main/capi/cast/CMakeFiles/duckdb_main_capi_cast.dir/ub_duckdb_main_capi_cast.cpp.o src/main/capi/CMakeFiles/duckdb_main_capi.dir/ub_duckdb_main_capi.cpp.o src/main/extension/CMakeFiles/duckdb_main_extension.dir/ub_duckdb_main_extension.cpp.o src/main/relation/CMakeFiles/duckdb_main_relation.dir/ub_duckdb_main_relation.cpp.o src/main/settings/CMakeFiles/duckdb_main_settings.dir/ub_duckdb_main_settings.cpp.o src/main/CMakeFiles/duckdb_main.dir/ub_duckdb_main.cpp.o src/parallel/CMakeFiles/duckdb_parallel.dir/ub_duckdb_parallel.cpp.o src/storage/buffer/CMakeFiles/duckdb_storage_buffer.dir/ub_duckdb_storage_buffer.cpp.o src/storage/checkpoint/CMakeFiles/duckdb_storage_checkpoint.dir/ub_duckdb_storage_checkpoint.cpp.o src/storage/compression/chimp/CMakeFiles/duckdb_storage_compression_chimp.dir/ub_duckdb_storage_compression_chimp.cpp.o src/storage/compression/CMakeFiles/duckdb_storage_compression.dir/ub_duckdb_storage_compression.cpp.o src/storage/statistics/CMakeFiles/duckdb_storage_statistics.dir/ub_duckdb_storage_statistics.cpp.o src/storage/table/CMakeFiles/duckdb_storage_table.dir/ub_duckdb_storage_table.cpp.o src/storage/CMakeFiles/duckdb_storage.dir/ub_duckdb_storage.cpp.o src/transaction/CMakeFiles/duckdb_transaction.dir/ub_duckdb_transaction.cpp.o src/verification/CMakeFiles/duckdb_verification.dir/copied_statement_verifier.cpp.o src/verification/CMakeFiles/duckdb_verification.dir/external_statement_verifier.cpp.o src/verification/CMakeFiles/duckdb_verification.dir/prepared_statement_verifier.cpp.o src/verification/CMakeFiles/duckdb_verification.dir/deserialized_statement_verifier.cpp.o src/verification/CMakeFiles/duckdb_verification.dir/statement_verifier.cpp.o src/verification/CMakeFiles/duckdb_verification.dir/parsed_statement_verifier.cpp.o src/verification/CMakeFiles/duckdb_verification.dir/unoptimized_statement_verifier.cpp.o && /usr/bin/ranlib src/libduckdb_static.a && :
[6/12] : && /usr/lib/ccache/c++ -fPIC -O3 -DNDEBUG -O3 -DNDEBUG   -shared -Wl,-soname,libduckdb.so -o src/libduckdb.so src/optimizer/matcher/CMakeFiles/duckdb_optimizer_matcher.dir/ub_duckdb_optimizer_matcher.cpp.o src/optimizer/join_order/CMakeFiles/duckdb_optimizer_join_order.dir/ub_duckdb_optimizer_join_order.cpp.o src/optimizer/pushdown/CMakeFiles/duckdb_optimizer_pushdown.dir/ub_duckdb_optimizer_pushdown.cpp.o src/optimizer/pullup/CMakeFiles/duckdb_optimizer_pullup.dir/ub_duckdb_optimizer_pullup.cpp.o src/optimizer/rule/CMakeFiles/duckdb_optimizer_rules.dir/ub_duckdb_optimizer_rules.cpp.o src/optimizer/statistics/expression/CMakeFiles/duckdb_optimizer_statistics_expr.dir/ub_duckdb_optimizer_statistics_expr.cpp.o src/optimizer/statistics/operator/CMakeFiles/duckdb_optimizer_statistics_op.dir/ub_duckdb_optimizer_statistics_op.cpp.o src/optimizer/query_split/CMakeFiles/duckdb_optimizer_query_split.dir/ub_duckdb_optimizer_query_split.cpp.o src/optimizer/CMakeFiles/duckdb_optimizer.dir/ub_duckdb_optimizer.cpp.o src/planner/expression/CMakeFiles/duckdb_planner_expression.dir/ub_duckdb_planner_expression.cpp.o src/planner/binder/expression/CMakeFiles/duckdb_bind_expression.dir/ub_duckdb_bind_expression.cpp.o src/planner/binder/query_node/CMakeFiles/duckdb_bind_query_node.dir/ub_duckdb_bind_query_node.cpp.o src/planner/binder/statement/CMakeFiles/duckdb_bind_statement.dir/ub_duckdb_bind_statement.cpp.o src/planner/binder/tableref/CMakeFiles/duckdb_bind_tableref.dir/ub_duckdb_bind_tableref.cpp.o src/planner/expression_binder/CMakeFiles/duckdb_expression_binders.dir/ub_duckdb_expression_binders.cpp.o src/planner/filter/CMakeFiles/duckdb_planner_filter.dir/ub_duckdb_planner_filter.cpp.o src/planner/parsed_data/CMakeFiles/duckdb_planner_parsed_data.dir/ub_duckdb_planner_parsed_data.cpp.o src/planner/operator/CMakeFiles/duckdb_planner_operator.dir/ub_duckdb_planner_operator.cpp.o src/planner/subquery/CMakeFiles/duckdb_planner_subquery.dir/ub_duckdb_planner_subquery.cpp.o src/planner/CMakeFiles/duckdb_planner.dir/ub_duckdb_planner.cpp.o src/parser/constraints/CMakeFiles/duckdb_constraints.dir/ub_duckdb_constraints.cpp.o src/parser/expression/CMakeFiles/duckdb_expression.dir/ub_duckdb_expression.cpp.o src/parser/parsed_data/CMakeFiles/duckdb_parsed_data.dir/ub_duckdb_parsed_data.cpp.o src/parser/query_node/CMakeFiles/duckdb_query_node.dir/ub_duckdb_query_node.cpp.o src/parser/statement/CMakeFiles/duckdb_statement.dir/ub_duckdb_statement.cpp.o src/parser/tableref/CMakeFiles/duckdb_parser_tableref.dir/ub_duckdb_parser_tableref.cpp.o src/parser/transform/constraint/CMakeFiles/duckdb_transformer_constraint.dir/ub_duckdb_transformer_constraint.cpp.o src/parser/transform/expression/CMakeFiles/duckdb_transformer_expression.dir/ub_duckdb_transformer_expression.cpp.o src/parser/transform/helpers/CMakeFiles/duckdb_transformer_helpers.dir/ub_duckdb_transformer_helpers.cpp.o src/parser/transform/statement/CMakeFiles/duckdb_transformer_statement.dir/ub_duckdb_transformer_statement.cpp.o src/parser/transform/tableref/CMakeFiles/duckdb_transformer_tableref.dir/ub_duckdb_transformer_tableref.cpp.o src/parser/CMakeFiles/duckdb_parser.dir/ub_duckdb_parser.cpp.o src/function/aggregate/algebraic/CMakeFiles/duckdb_aggr_algebraic.dir/ub_duckdb_aggr_algebraic.cpp.o src/function/aggregate/distributive/CMakeFiles/duckdb_aggr_distr.dir/ub_duckdb_aggr_distr.cpp.o src/function/aggregate/holistic/CMakeFiles/duckdb_aggr_holistic.dir/ub_duckdb_aggr_holistic.cpp.o src/function/aggregate/nested/CMakeFiles/duckdb_aggr_nested.dir/ub_duckdb_aggr_nested.cpp.o src/function/aggregate/regression/CMakeFiles/duckdb_aggr_regr.dir/ub_duckdb_aggr_regr.cpp.o src/function/aggregate/CMakeFiles/duckdb_func_aggr.dir/ub_duckdb_func_aggr.cpp.o src/function/cast/CMakeFiles/duckdb_func_cast.dir/ub_duckdb_func_cast.cpp.o src/function/pragma/CMakeFiles/duckdb_func_pragma.dir/ub_duckdb_func_pragma.cpp.o src/function/scalar/blob/CMakeFiles/duckdb_func_blob.dir/ub_duckdb_func_blob.cpp.o src/function/scalar/date/CMakeFiles/duckdb_func_date.dir/ub_duckdb_func_date.cpp.o src/function/scalar/generic/CMakeFiles/duckdb_func_generic.dir/ub_duckdb_func_generic.cpp.o src/function/scalar/list/CMakeFiles/duckdb_func_list.dir/ub_duckdb_func_list.cpp.o src/function/scalar/map/CMakeFiles/duckdb_func_map_nested.dir/ub_duckdb_func_map_nested.cpp.o src/function/scalar/math/CMakeFiles/duckdb_func_math.dir/ub_duckdb_func_math.cpp.o src/function/scalar/operators/CMakeFiles/duckdb_func_ops.dir/ub_duckdb_func_ops.cpp.o src/function/scalar/sequence/CMakeFiles/duckdb_func_seq.dir/ub_duckdb_func_seq.cpp.o src/function/scalar/string/CMakeFiles/duckdb_func_string.dir/ub_duckdb_func_string.cpp.o src/function/scalar/struct/CMakeFiles/duckdb_func_struct.dir/ub_duckdb_func_struct.cpp.o src/function/scalar/system/CMakeFiles/duckdb_func_system.dir/ub_duckdb_func_system.cpp.o src/function/scalar/union/CMakeFiles/duckdb_func_union.dir/ub_duckdb_func_union.cpp.o src/function/scalar/enum/CMakeFiles/duckdb_func_enum.dir/ub_duckdb_func_enum.cpp.o src/function/scalar/CMakeFiles/duckdb_func_scalar.dir/ub_duckdb_func_scalar.cpp.o src/function/table/system/CMakeFiles/duckdb_table_func_system.dir/ub_duckdb_table_func_system.cpp.o src/function/table/version/CMakeFiles/duckdb_func_table_version.dir/ub_duckdb_func_table_version.cpp.o src/function/table/CMakeFiles/duckdb_func_table.dir/ub_duckdb_func_table.cpp.o src/function/CMakeFiles/duckdb_function.dir/ub_duckdb_function.cpp.o src/catalog/catalog_entry/CMakeFiles/duckdb_catalog_entries.dir/ub_duckdb_catalog_entries.cpp.o src/catalog/default/CMakeFiles/duckdb_catalog_default_entries.dir/ub_duckdb_catalog_default_entries.cpp.o src/catalog/CMakeFiles/duckdb_catalog.dir/ub_duckdb_catalog.cpp.o src/common/arrow/CMakeFiles/duckdb_common_arrow.dir/ub_duckdb_common_arrow.cpp.o src/common/crypto/CMakeFiles/duckdb_common_crypto.dir/ub_duckdb_common_crypto.cpp.o src/common/enums/CMakeFiles/duckdb_common_enums.dir/ub_duckdb_common_enums.cpp.o src/common/operator/CMakeFiles/duckdb_common_operators.dir/ub_duckdb_common_operators.cpp.o src/common/progress_bar/CMakeFiles/duckdb_progress_bar.dir/ub_duckdb_progress_bar.cpp.o src/common/row_operations/CMakeFiles/duckdb_row_operations.dir/ub_duckdb_row_operations.cpp.o src/common/serializer/CMakeFiles/duckdb_common_serializer.dir/ub_duckdb_common_serializer.cpp.o src/common/sort/CMakeFiles/duckdb_sort.dir/ub_duckdb_sort.cpp.o src/common/types/CMakeFiles/duckdb_common_types.dir/ub_duckdb_common_types.cpp.o src/common/value_operations/CMakeFiles/duckdb_value_operations.dir/ub_duckdb_value_operations.cpp.o src/common/vector_operations/CMakeFiles/duckdb_vector_operations.dir/boolean_operators.cpp.o src/common/vector_operations/CMakeFiles/duckdb_vector_operations.dir/vector_cast.cpp.o src/common/vector_operations/CMakeFiles/duckdb_vector_operations.dir/comparison_operators.cpp.o src/common/vector_operations/CMakeFiles/duckdb_vector_operations.dir/vector_copy.cpp.o src/common/vector_operations/CMakeFiles/duckdb_vector_operations.dir/generators.cpp.o src/common/vector_operations/CMakeFiles/duckdb_vector_operations.dir/vector_hash.cpp.o src/common/vector_operations/CMakeFiles/duckdb_vector_operations.dir/vector_storage.cpp.o src/common/vector_operations/CMakeFiles/duckdb_vector_operations.dir/null_operations.cpp.o src/common/vector_operations/CMakeFiles/duckdb_vector_operations.dir/numeric_inplace_operators.cpp.o src/common/vector_operations/CMakeFiles/duckdb_vector_operations.dir/is_distinct_from.cpp.o src/common/CMakeFiles/duckdb_common.dir/ub_duckdb_common.cpp.o src/execution/expression_executor/CMakeFiles/duckdb_expression_executor.dir/ub_duckdb_expression_executor.cpp.o src/execution/nested_loop_join/CMakeFiles/duckdb_nested_loop_join.dir/ub_duckdb_nested_loop_join.cpp.o src/execution/operator/aggregate/CMakeFiles/duckdb_operator_aggregate.dir/ub_duckdb_operator_aggregate.cpp.o src/execution/operator/filter/CMakeFiles/duckdb_operator_filter.dir/ub_duckdb_operator_filter.cpp.o src/execution/operator/helper/CMakeFiles/duckdb_operator_helper.dir/ub_duckdb_operator_helper.cpp.o src/execution/operator/join/CMakeFiles/duckdb_operator_join.dir/ub_duckdb_operator_join.cpp.o src/execution/operator/order/CMakeFiles/duckdb_operator_order.dir/ub_duckdb_operator_order.cpp.o src/execution/operator/persistent/CMakeFiles/duckdb_operator_persistent.dir/ub_duckdb_operator_persistent.cpp.o src/execution/operator/projection/CMakeFiles/duckdb_operator_projection.dir/ub_duckdb_operator_projection.cpp.o src/execution/operator/scan/CMakeFiles/duckdb_operator_scan.dir/ub_duckdb_operator_scan.cpp.o src/execution/operator/schema/CMakeFiles/duckdb_operator_schema.dir/ub_duckdb_operator_schema.cpp.o src/execution/operator/set/CMakeFiles/duckdb_operator_set.dir/ub_duckdb_operator_set.cpp.o src/execution/physical_plan/CMakeFiles/duckdb_physical_plan.dir/ub_duckdb_physical_plan.cpp.o src/execution/index/art/CMakeFiles/duckdb_art_index_execution.dir/ub_duckdb_art_index_execution.cpp.o src/execution/CMakeFiles/duckdb_execution.dir/ub_duckdb_execution.cpp.o src/main/capi/cast/CMakeFiles/duckdb_main_capi_cast.dir/ub_duckdb_main_capi_cast.cpp.o src/main/capi/CMakeFiles/duckdb_main_capi.dir/ub_duckdb_main_capi.cpp.o src/main/extension/CMakeFiles/duckdb_main_extension.dir/ub_duckdb_main_extension.cpp.o src/main/relation/CMakeFiles/duckdb_main_relation.dir/ub_duckdb_main_relation.cpp.o src/main/settings/CMakeFiles/duckdb_main_settings.dir/ub_duckdb_main_settings.cpp.o src/main/CMakeFiles/duckdb_main.dir/ub_duckdb_main.cpp.o src/parallel/CMakeFiles/duckdb_parallel.dir/ub_duckdb_parallel.cpp.o src/storage/buffer/CMakeFiles/duckdb_storage_buffer.dir/ub_duckdb_storage_buffer.cpp.o src/storage/checkpoint/CMakeFiles/duckdb_storage_checkpoint.dir/ub_duckdb_storage_checkpoint.cpp.o src/storage/compression/chimp/CMakeFiles/duckdb_storage_compression_chimp.dir/ub_duckdb_storage_compression_chimp.cpp.o src/storage/compression/CMakeFiles/duckdb_storage_compression.dir/ub_duckdb_storage_compression.cpp.o src/storage/statistics/CMakeFiles/duckdb_storage_statistics.dir/ub_duckdb_storage_statistics.cpp.o src/storage/table/CMakeFiles/duckdb_storage_table.dir/ub_duckdb_storage_table.cpp.o src/storage/CMakeFiles/duckdb_storage.dir/ub_duckdb_storage.cpp.o src/transaction/CMakeFiles/duckdb_transaction.dir/ub_duckdb_transaction.cpp.o src/verification/CMakeFiles/duckdb_verification.dir/copied_statement_verifier.cpp.o src/verification/CMakeFiles/duckdb_verification.dir/external_statement_verifier.cpp.o src/verification/CMakeFiles/duckdb_verification.dir/prepared_statement_verifier.cpp.o src/verification/CMakeFiles/duckdb_verification.dir/deserialized_statement_verifier.cpp.o src/verification/CMakeFiles/duckdb_verification.dir/statement_verifier.cpp.o src/verification/CMakeFiles/duckdb_verification.dir/parsed_statement_verifier.cpp.o src/verification/CMakeFiles/duckdb_verification.dir/unoptimized_statement_verifier.cpp.o  -ldl  third_party/fsst/libduckdb_fsst.a  third_party/fmt/libduckdb_fmt.a  third_party/libpg_query/libduckdb_pg_query.a  third_party/re2/libduckdb_re2.a  third_party/miniz/libduckdb_miniz.a  third_party/utf8proc/libduckdb_utf8proc.a  third_party/hyperloglog/libduckdb_hyperloglog.a  third_party/fastpforlib/libduckdb_fastpforlib.a  third_party/mbedtls/libduckdb_mbedtls.a  extension/jemalloc/libjemalloc_extension.a  extension/parquet/libparquet_extension.a && :
[7/12] : && /usr/lib/ccache/c++ -fPIC -O3 -DNDEBUG -O3 -DNDEBUG   -shared -Wl,-soname,libsqlite3_api_wrapper.so -o tools/sqlite3_api_wrapper/libsqlite3_api_wrapper.so tools/sqlite3_api_wrapper/sqlite3/CMakeFiles/sqlite3_api_wrapper_sqlite3.dir/printf.c.o tools/sqlite3_api_wrapper/sqlite3/CMakeFiles/sqlite3_api_wrapper_sqlite3.dir/strglob.c.o tools/sqlite3_api_wrapper/sqlite3_udf_api/CMakeFiles/sqlite3_udf_api.dir/sqlite3_udf_wrapper.cpp.o tools/sqlite3_api_wrapper/sqlite3_udf_api/CMakeFiles/sqlite3_udf_api.dir/cast_sqlite.cpp.o tools/sqlite3_api_wrapper/CMakeFiles/sqlite3_api_wrapper.dir/sqlite3_api_wrapper.cpp.o tools/sqlite3_api_wrapper/CMakeFiles/sqlite3_api_wrapper.dir/sql_auto_complete_extension.cpp.o  -Wl,-rpath,/home/pei/Project/duckdb-polr/build/release/src  src/libduckdb.so  -ldl  third_party/fsst/libduckdb_fsst.a  third_party/fmt/libduckdb_fmt.a  third_party/libpg_query/libduckdb_pg_query.a  third_party/re2/libduckdb_re2.a  third_party/miniz/libduckdb_miniz.a  third_party/utf8proc/libduckdb_utf8proc.a  third_party/hyperloglog/libduckdb_hyperloglog.a  third_party/fastpforlib/libduckdb_fastpforlib.a  third_party/mbedtls/libduckdb_mbedtls.a  extension/jemalloc/libjemalloc_extension.a  extension/parquet/libparquet_extension.a && :
[8/12] : && /usr/lib/ccache/c++ -O3 -DNDEBUG -O3 -DNDEBUG -rdynamic tools/sqlite3_api_wrapper/CMakeFiles/test_sqlite3_api_wrapper.dir/test/test_sqlite3_api_wrapper.cpp.o tools/sqlite3_api_wrapper/CMakeFiles/test_sqlite3_api_wrapper.dir/test/test_sqlite3_udf_api_wrapper.cpp.o -o tools/sqlite3_api_wrapper/test_sqlite3_api_wrapper  -Wl,-rpath,/home/pei/Project/duckdb-polr/build/release/tools/sqlite3_api_wrapper:/home/pei/Project/duckdb-polr/build/release/src  tools/sqlite3_api_wrapper/libsqlite3_api_wrapper.so  src/libduckdb.so  -ldl  third_party/fsst/libduckdb_fsst.a  third_party/fmt/libduckdb_fmt.a  third_party/libpg_query/libduckdb_pg_query.a  third_party/re2/libduckdb_re2.a  third_party/miniz/libduckdb_miniz.a  third_party/utf8proc/libduckdb_utf8proc.a  third_party/hyperloglog/libduckdb_hyperloglog.a  third_party/fastpforlib/libduckdb_fastpforlib.a  third_party/mbedtls/libduckdb_mbedtls.a  extension/jemalloc/libjemalloc_extension.a  extension/parquet/libparquet_extension.a && :
[9/12] : && /usr/lib/ccache/c++ -O3 -DNDEBUG -O3 -DNDEBUG -rdynamic extension/parquet/CMakeFiles/parquetcli.dir/parquetcli.cpp.o -o extension/parquet/parquetcli  extension/parquet/libparquet_extension.a  src/libduckdb_static.a  extension/parquet/libparquet_extension.a  -ldl  third_party/fsst/libduckdb_fsst.a  third_party/fmt/libduckdb_fmt.a  third_party/libpg_query/libduckdb_pg_query.a  third_party/re2/libduckdb_re2.a  third_party/miniz/libduckdb_miniz.a  third_party/utf8proc/libduckdb_utf8proc.a  third_party/hyperloglog/libduckdb_hyperloglog.a  third_party/fastpforlib/libduckdb_fastpforlib.a  third_party/mbedtls/libduckdb_mbedtls.a  extension/jemalloc/libjemalloc_extension.a && :
[10/12] : && /usr/lib/ccache/c++ -O3 -DNDEBUG -O3 -DNDEBUG -rdynamic tools/shell/CMakeFiles/shell.dir/shell.c.o tools/shell/CMakeFiles/shell.dir/linenoise.cpp.o -o duckdb  tools/sqlite3_api_wrapper/libsqlite3_api_wrapper_static.a  third_party/utf8proc/libduckdb_utf8proc.a  src/libduckdb_static.a  third_party/utf8proc/libduckdb_utf8proc.a  -ldl  third_party/fsst/libduckdb_fsst.a  third_party/fmt/libduckdb_fmt.a  third_party/libpg_query/libduckdb_pg_query.a  third_party/re2/libduckdb_re2.a  third_party/miniz/libduckdb_miniz.a  third_party/hyperloglog/libduckdb_hyperloglog.a  third_party/fastpforlib/libduckdb_fastpforlib.a  third_party/mbedtls/libduckdb_mbedtls.a  extension/jemalloc/libjemalloc_extension.a  extension/parquet/libparquet_extension.a && :
[11/12] /usr/bin/ccache /usr/lib/ccache/c++ -DDUCKDB_BUILD_LIBRARY -DENABLE_CROSS_PRODUCT_REWRITE=1 -DENABLE_DEBUG_PRINT=0 -DENABLE_MEASURE_EXE_TIME=0 -DENABLE_MERGE_BACK_PLAN=0 -DENABLE_PARALLEL_EXECUTION=0 -DENABLE_QUERY_SPLIT=1 -DENABLE_SPECIFY_EST_STAT=0 -I/home/pei/Project/duckdb-polr/src/include -I/home/pei/Project/duckdb-polr/third_party/fsst -I/home/pei/Project/duckdb-polr/third_party/fmt/include -I/home/pei/Project/duckdb-polr/third_party/hyperloglog -I/home/pei/Project/duckdb-polr/third_party/fastpforlib -I/home/pei/Project/duckdb-polr/third_party/fast_float -I/home/pei/Project/duckdb-polr/third_party/re2 -I/home/pei/Project/duckdb-polr/third_party/miniz -I/home/pei/Project/duckdb-polr/third_party/utf8proc/include -I/home/pei/Project/duckdb-polr/third_party/miniparquet -I/home/pei/Project/duckdb-polr/third_party/concurrentqueue -I/home/pei/Project/duckdb-polr/third_party/pcg -I/home/pei/Project/duckdb-polr/third_party/tdigest -I/home/pei/Project/duckdb-polr/third_party/mbedtls/include -I/home/pei/Project/duckdb-polr/third_party/jaro_winkler -I/home/pei/Project/duckdb-polr/test/../third_party/catch -I/home/pei/Project/duckdb-polr/test/../third_party/tpce-tool/include -I/home/pei/Project/duckdb-polr/test/../third_party/sqlite/include -I/home/pei/Project/duckdb-polr/test/include -O3 -DNDEBUG -O3 -DNDEBUG   -fPIC -fdiagnostics-color=always -std=c++11 -MD -MT test/api/CMakeFiles/test_api.dir/ub_test_api.cpp.o -MF test/api/CMakeFiles/test_api.dir/ub_test_api.cpp.o.d -o test/api/CMakeFiles/test_api.dir/ub_test_api.cpp.o -c /home/pei/Project/duckdb-polr/build/release/test/api/ub_test_api.cpp
In file included from /home/pei/Project/duckdb-polr/src/include/duckdb/optimizer/optimizer.hpp:15,
                 from /home/pei/Project/duckdb-polr/test/api/test_plan_serialization.cpp:6,
                 from /home/pei/Project/duckdb-polr/build/release/test/api/ub_test_api.cpp:12:
/home/pei/Project/duckdb-polr/src/include/duckdb/optimizer/query_split/query_split.hpp:23:1: warning: inline variables are only available with ‘-std=c++17’ or ‘-std=gnu++17’ [-Wc++17-extensions]
   23 | inline bool execute_plan = false;
      | ^~~~~~
[12/12] : && /usr/lib/ccache/c++ -O3 -DNDEBUG -O3 -DNDEBUG -rdynamic test/api/capi/CMakeFiles/test_sql_capi.dir/ub_test_sql_capi.cpp.o test/api/udf_function/CMakeFiles/test_api_udf_function.dir/ub_test_api_udf_function.cpp.o test/api/CMakeFiles/test_api.dir/ub_test_api.cpp.o test/appender/CMakeFiles/test_appender.dir/ub_test_appender.cpp.o test/arrow_roundtrip/CMakeFiles/test_arrow_roundtrip.dir/ub_test_arrow_roundtrip.cpp.o test/common/CMakeFiles/test_common.dir/ub_test_common.cpp.o test/extension/CMakeFiles/test_extensions.dir/ub_test_extensions.cpp.o test/memoryleak/CMakeFiles/test_memory_leak.dir/ub_test_memory_leak.cpp.o test/sql/filter/CMakeFiles/test_filter.dir/ub_test_filter.cpp.o test/sql/function/table/CMakeFiles/test_table_function.dir/ub_test_table_function.cpp.o test/sql/index/CMakeFiles/test_index.dir/ub_test_index.cpp.o test/sql/parallelism/interquery/CMakeFiles/test_sql_interquery_parallelism.dir/ub_test_sql_interquery_parallelism.cpp.o test/sql/storage/catalog/CMakeFiles/test_sql_storage_catalog.dir/ub_test_sql_storage_catalog.cpp.o test/sql/storage/CMakeFiles/test_sql_storage.dir/ub_test_sql_storage.cpp.o test/sqlite/CMakeFiles/test_sqlite.dir/ub_test_sqlite.cpp.o test/ossfuzz/CMakeFiles/test_ossfuzz.dir/ub_test_ossfuzz.cpp.o test/mbedtls/CMakeFiles/test_mbedtls.dir/ub_test_mbedtls.cpp.o test/persistence/CMakeFiles/test_persistence.dir/ub_test_persistence.cpp.o test/CMakeFiles/unittest.dir/unittest.cpp.o -o test/unittest  -Wl,-rpath,/home/pei/Project/duckdb-polr/build/release/src  test/helpers/libtest_helpers.a  src/libduckdb.so  -ldl  third_party/fsst/libduckdb_fsst.a  third_party/fmt/libduckdb_fmt.a  third_party/libpg_query/libduckdb_pg_query.a  third_party/re2/libduckdb_re2.a  third_party/miniz/libduckdb_miniz.a  third_party/utf8proc/libduckdb_utf8proc.a  third_party/hyperloglog/libduckdb_hyperloglog.a  third_party/fastpforlib/libduckdb_fastpforlib.a  third_party/mbedtls/libduckdb_mbedtls.a  extension/jemalloc/libjemalloc_extension.a  extension/parquet/libparquet_extension.a && :
mkdir -p build/release && \
cd build/release && \
cmake -G "Ninja" -DFORCE_COLORED_OUTPUT=1        -DBUILD_PARQUET_EXTENSION=TRUE -DDEFINE_QUERY_SPLIT=1 -DDEFINE_PARALLEL_EXECUTION=0 -DDEFINE_DEBUG_PRINT=0 -DDEFINE_CROSS_PRODUCT_REWRITE=0 -DDEFINE_MERGE_BACK_PLAN=0 -DDEFINE_SPECIFY_EST_STAT=0 -DDEFINE_MEASURE_EXE_TIME=0 -DCMAKE_BUILD_TYPE=Release ../.. && \
cmake --build . --config Release
Re-run cmake no build system arguments
-- The C compiler identification is GNU 12.2.0
-- The CXX compiler identification is GNU 12.2.0
-- Detecting C compiler ABI info
-- Detecting C compiler ABI info - done
-- Check for working C compiler: /usr/lib/ccache/cc - skipped
-- Detecting C compile features
-- Detecting C compile features - done
-- Detecting CXX compiler ABI info
-- Detecting CXX compiler ABI info - done
-- Check for working CXX compiler: /usr/lib/ccache/c++ - skipped
-- Detecting CXX compile features
-- Detecting CXX compile features - done
-- Performing Test CMAKE_HAVE_LIBC_PTHREAD
-- Performing Test CMAKE_HAVE_LIBC_PTHREAD - Success
-- Found Threads: TRUE  
-- Found Git: /usr/bin/git (found version "2.39.5") 
fatal: No names found, cannot describe anything.
fatal: No names found, cannot describe anything.
-- git hash cd7a58694b, version v..1-dev
-- Configuring done
-- Generating done
-- Build files have been written to: /home/pei/Project/duckdb-polr/build/release
[1/376] /usr/bin/ccache /usr/lib/ccache/c++ -DDUCKDB -DDUCKDB_BUILD_LIBRARY -DDUCKDB_MAIN_LIBRARY -DENABLE_CROSS_PRODUCT_REWRITE=0 -DENABLE_DEBUG_PRINT=0 -DENABLE_MEASURE_EXE_TIME=0 -DENABLE_MERGE_BACK_PLAN=0 -DENABLE_PARALLEL_EXECUTION=0 -DENABLE_QUERY_SPLIT=1 -DENABLE_SPECIFY_EST_STAT=0 -I/home/pei/Project/duckdb-polr/src/include -I/home/pei/Project/duckdb-polr/third_party/fsst -I/home/pei/Project/duckdb-polr/third_party/fmt/include -I/home/pei/Project/duckdb-polr/third_party/hyperloglog -I/home/pei/Project/duckdb-polr/third_party/fastpforlib -I/home/pei/Project/duckdb-polr/third_party/fast_float -I/home/pei/Project/duckdb-polr/third_party/re2 -I/home/pei/Project/duckdb-polr/third_party/miniz -I/home/pei/Project/duckdb-polr/third_party/utf8proc/include -I/home/pei/Project/duckdb-polr/third_party/miniparquet -I/home/pei/Project/duckdb-polr/third_party/concurrentqueue -I/home/pei/Project/duckdb-polr/third_party/pcg -I/home/pei/Project/duckdb-polr/third_party/tdigest -I/home/pei/Project/duckdb-polr/third_party/mbedtls/include -I/home/pei/Project/duckdb-polr/third_party/jaro_winkler -O3 -DNDEBUG -O3 -DNDEBUG   -fPIC -fdiagnostics-color=always -std=c++11 -MD -MT src/optimizer/pullup/CMakeFiles/duckdb_optimizer_pullup.dir/ub_duckdb_optimizer_pullup.cpp.o -MF src/optimizer/pullup/CMakeFiles/duckdb_optimizer_pullup.dir/ub_duckdb_optimizer_pullup.cpp.o.d -o src/optimizer/pullup/CMakeFiles/duckdb_optimizer_pullup.dir/ub_duckdb_optimizer_pullup.cpp.o -c /home/pei/Project/duckdb-polr/build/release/src/optimizer/pullup/ub_duckdb_optimizer_pullup.cpp
[2/376] /usr/bin/ccache /usr/lib/ccache/c++ -DDUCKDB -DDUCKDB_BUILD_LIBRARY -DDUCKDB_MAIN_LIBRARY -DENABLE_CROSS_PRODUCT_REWRITE=0 -DENABLE_DEBUG_PRINT=0 -DENABLE_MEASURE_EXE_TIME=0 -DENABLE_MERGE_BACK_PLAN=0 -DENABLE_PARALLEL_EXECUTION=0 -DENABLE_QUERY_SPLIT=1 -DENABLE_SPECIFY_EST_STAT=0 -I/home/pei/Project/duckdb-polr/src/include -I/home/pei/Project/duckdb-polr/third_party/fsst -I/home/pei/Project/duckdb-polr/third_party/fmt/include -I/home/pei/Project/duckdb-polr/third_party/hyperloglog -I/home/pei/Project/duckdb-polr/third_party/fastpforlib -I/home/pei/Project/duckdb-polr/third_party/fast_float -I/home/pei/Project/duckdb-polr/third_party/re2 -I/home/pei/Project/duckdb-polr/third_party/miniz -I/home/pei/Project/duckdb-polr/third_party/utf8proc/include -I/home/pei/Project/duckdb-polr/third_party/miniparquet -I/home/pei/Project/duckdb-polr/third_party/concurrentqueue -I/home/pei/Project/duckdb-polr/third_party/pcg -I/home/pei/Project/duckdb-polr/third_party/tdigest -I/home/pei/Project/duckdb-polr/third_party/mbedtls/include -I/home/pei/Project/duckdb-polr/third_party/jaro_winkler -O3 -DNDEBUG -O3 -DNDEBUG   -fPIC -fdiagnostics-color=always -std=c++11 -MD -MT src/optimizer/matcher/CMakeFiles/duckdb_optimizer_matcher.dir/ub_duckdb_optimizer_matcher.cpp.o -MF src/optimizer/matcher/CMakeFiles/duckdb_optimizer_matcher.dir/ub_duckdb_optimizer_matcher.cpp.o.d -o src/optimizer/matcher/CMakeFiles/duckdb_optimizer_matcher.dir/ub_duckdb_optimizer_matcher.cpp.o -c /home/pei/Project/duckdb-polr/build/release/src/optimizer/matcher/ub_duckdb_optimizer_matcher.cpp
[3/376] /usr/bin/ccache /usr/lib/ccache/c++ -DDUCKDB -DDUCKDB_BUILD_LIBRARY -DDUCKDB_MAIN_LIBRARY -DENABLE_CROSS_PRODUCT_REWRITE=0 -DENABLE_DEBUG_PRINT=0 -DENABLE_MEASURE_EXE_TIME=0 -DENABLE_MERGE_BACK_PLAN=0 -DENABLE_PARALLEL_EXECUTION=0 -DENABLE_QUERY_SPLIT=1 -DENABLE_SPECIFY_EST_STAT=0 -I/home/pei/Project/duckdb-polr/src/include -I/home/pei/Project/duckdb-polr/third_party/fsst -I/home/pei/Project/duckdb-polr/third_party/fmt/include -I/home/pei/Project/duckdb-polr/third_party/hyperloglog -I/home/pei/Project/duckdb-polr/third_party/fastpforlib -I/home/pei/Project/duckdb-polr/third_party/fast_float -I/home/pei/Project/duckdb-polr/third_party/re2 -I/home/pei/Project/duckdb-polr/third_party/miniz -I/home/pei/Project/duckdb-polr/third_party/utf8proc/include -I/home/pei/Project/duckdb-polr/third_party/miniparquet -I/home/pei/Project/duckdb-polr/third_party/concurrentqueue -I/home/pei/Project/duckdb-polr/third_party/pcg -I/home/pei/Project/duckdb-polr/third_party/tdigest -I/home/pei/Project/duckdb-polr/third_party/mbedtls/include -I/home/pei/Project/duckdb-polr/third_party/jaro_winkler -O3 -DNDEBUG -O3 -DNDEBUG   -fPIC -fdiagnostics-color=always -std=c++11 -MD -MT src/optimizer/statistics/operator/CMakeFiles/duckdb_optimizer_statistics_op.dir/ub_duckdb_optimizer_statistics_op.cpp.o -MF src/optimizer/statistics/operator/CMakeFiles/duckdb_optimizer_statistics_op.dir/ub_duckdb_optimizer_statistics_op.cpp.o.d -o src/optimizer/statistics/operator/CMakeFiles/duckdb_optimizer_statistics_op.dir/ub_duckdb_optimizer_statistics_op.cpp.o -c /home/pei/Project/duckdb-polr/build/release/src/optimizer/statistics/operator/ub_duckdb_optimizer_statistics_op.cpp
[4/376] /usr/bin/ccache /usr/lib/ccache/c++ -DDUCKDB -DDUCKDB_BUILD_LIBRARY -DDUCKDB_MAIN_LIBRARY -DENABLE_CROSS_PRODUCT_REWRITE=0 -DENABLE_DEBUG_PRINT=0 -DENABLE_MEASURE_EXE_TIME=0 -DENABLE_MERGE_BACK_PLAN=0 -DENABLE_PARALLEL_EXECUTION=0 -DENABLE_QUERY_SPLIT=1 -DENABLE_SPECIFY_EST_STAT=0 -I/home/pei/Project/duckdb-polr/src/include -I/home/pei/Project/duckdb-polr/third_party/fsst -I/home/pei/Project/duckdb-polr/third_party/fmt/include -I/home/pei/Project/duckdb-polr/third_party/hyperloglog -I/home/pei/Project/duckdb-polr/third_party/fastpforlib -I/home/pei/Project/duckdb-polr/third_party/fast_float -I/home/pei/Project/duckdb-polr/third_party/re2 -I/home/pei/Project/duckdb-polr/third_party/miniz -I/home/pei/Project/duckdb-polr/third_party/utf8proc/include -I/home/pei/Project/duckdb-polr/third_party/miniparquet -I/home/pei/Project/duckdb-polr/third_party/concurrentqueue -I/home/pei/Project/duckdb-polr/third_party/pcg -I/home/pei/Project/duckdb-polr/third_party/tdigest -I/home/pei/Project/duckdb-polr/third_party/mbedtls/include -I/home/pei/Project/duckdb-polr/third_party/jaro_winkler -O3 -DNDEBUG -O3 -DNDEBUG   -fPIC -fdiagnostics-color=always -std=c++11 -MD -MT src/planner/filter/CMakeFiles/duckdb_planner_filter.dir/ub_duckdb_planner_filter.cpp.o -MF src/planner/filter/CMakeFiles/duckdb_planner_filter.dir/ub_duckdb_planner_filter.cpp.o.d -o src/planner/filter/CMakeFiles/duckdb_planner_filter.dir/ub_duckdb_planner_filter.cpp.o -c /home/pei/Project/duckdb-polr/build/release/src/planner/filter/ub_duckdb_planner_filter.cpp
[5/376] /usr/bin/ccache /usr/lib/ccache/c++ -DDUCKDB -DDUCKDB_BUILD_LIBRARY -DDUCKDB_MAIN_LIBRARY -DENABLE_CROSS_PRODUCT_REWRITE=0 -DENABLE_DEBUG_PRINT=0 -DENABLE_MEASURE_EXE_TIME=0 -DENABLE_MERGE_BACK_PLAN=0 -DENABLE_PARALLEL_EXECUTION=0 -DENABLE_QUERY_SPLIT=1 -DENABLE_SPECIFY_EST_STAT=0 -I/home/pei/Project/duckdb-polr/src/include -I/home/pei/Project/duckdb-polr/third_party/fsst -I/home/pei/Project/duckdb-polr/third_party/fmt/include -I/home/pei/Project/duckdb-polr/third_party/hyperloglog -I/home/pei/Project/duckdb-polr/third_party/fastpforlib -I/home/pei/Project/duckdb-polr/third_party/fast_float -I/home/pei/Project/duckdb-polr/third_party/re2 -I/home/pei/Project/duckdb-polr/third_party/miniz -I/home/pei/Project/duckdb-polr/third_party/utf8proc/include -I/home/pei/Project/duckdb-polr/third_party/miniparquet -I/home/pei/Project/duckdb-polr/third_party/concurrentqueue -I/home/pei/Project/duckdb-polr/third_party/pcg -I/home/pei/Project/duckdb-polr/third_party/tdigest -I/home/pei/Project/duckdb-polr/third_party/mbedtls/include -I/home/pei/Project/duckdb-polr/third_party/jaro_winkler -O3 -DNDEBUG -O3 -DNDEBUG   -fPIC -fdiagnostics-color=always -std=c++11 -MD -MT src/planner/expression_binder/CMakeFiles/duckdb_expression_binders.dir/ub_duckdb_expression_binders.cpp.o -MF src/planner/expression_binder/CMakeFiles/duckdb_expression_binders.dir/ub_duckdb_expression_binders.cpp.o.d -o src/planner/expression_binder/CMakeFiles/duckdb_expression_binders.dir/ub_duckdb_expression_binders.cpp.o -c /home/pei/Project/duckdb-polr/build/release/src/planner/expression_binder/ub_duckdb_expression_binders.cpp
[6/376] /usr/bin/ccache /usr/lib/ccache/c++ -DDUCKDB -DDUCKDB_BUILD_LIBRARY -DDUCKDB_MAIN_LIBRARY -DENABLE_CROSS_PRODUCT_REWRITE=0 -DENABLE_DEBUG_PRINT=0 -DENABLE_MEASURE_EXE_TIME=0 -DENABLE_MERGE_BACK_PLAN=0 -DENABLE_PARALLEL_EXECUTION=0 -DENABLE_QUERY_SPLIT=1 -DENABLE_SPECIFY_EST_STAT=0 -I/home/pei/Project/duckdb-polr/src/include -I/home/pei/Project/duckdb-polr/third_party/fsst -I/home/pei/Project/duckdb-polr/third_party/fmt/include -I/home/pei/Project/duckdb-polr/third_party/hyperloglog -I/home/pei/Project/duckdb-polr/third_party/fastpforlib -I/home/pei/Project/duckdb-polr/third_party/fast_float -I/home/pei/Project/duckdb-polr/third_party/re2 -I/home/pei/Project/duckdb-polr/third_party/miniz -I/home/pei/Project/duckdb-polr/third_party/utf8proc/include -I/home/pei/Project/duckdb-polr/third_party/miniparquet -I/home/pei/Project/duckdb-polr/third_party/concurrentqueue -I/home/pei/Project/duckdb-polr/third_party/pcg -I/home/pei/Project/duckdb-polr/third_party/tdigest -I/home/pei/Project/duckdb-polr/third_party/mbedtls/include -I/home/pei/Project/duckdb-polr/third_party/jaro_winkler -O3 -DNDEBUG -O3 -DNDEBUG   -fPIC -fdiagnostics-color=always -std=c++11 -MD -MT src/optimizer/statistics/expression/CMakeFiles/duckdb_optimizer_statistics_expr.dir/ub_duckdb_optimizer_statistics_expr.cpp.o -MF src/optimizer/statistics/expression/CMakeFiles/duckdb_optimizer_statistics_expr.dir/ub_duckdb_optimizer_statistics_expr.cpp.o.d -o src/optimizer/statistics/expression/CMakeFiles/duckdb_optimizer_statistics_expr.dir/ub_duckdb_optimizer_statistics_expr.cpp.o -c /home/pei/Project/duckdb-polr/build/release/src/optimizer/statistics/expression/ub_duckdb_optimizer_statistics_expr.cpp
[7/376] /usr/bin/ccache /usr/lib/ccache/c++ -DDUCKDB -DDUCKDB_BUILD_LIBRARY -DDUCKDB_MAIN_LIBRARY -DENABLE_CROSS_PRODUCT_REWRITE=0 -DENABLE_DEBUG_PRINT=0 -DENABLE_MEASURE_EXE_TIME=0 -DENABLE_MERGE_BACK_PLAN=0 -DENABLE_PARALLEL_EXECUTION=0 -DENABLE_QUERY_SPLIT=1 -DENABLE_SPECIFY_EST_STAT=0 -I/home/pei/Project/duckdb-polr/src/include -I/home/pei/Project/duckdb-polr/third_party/fsst -I/home/pei/Project/duckdb-polr/third_party/fmt/include -I/home/pei/Project/duckdb-polr/third_party/hyperloglog -I/home/pei/Project/duckdb-polr/third_party/fastpforlib -I/home/pei/Project/duckdb-polr/third_party/fast_float -I/home/pei/Project/duckdb-polr/third_party/re2 -I/home/pei/Project/duckdb-polr/third_party/miniz -I/home/pei/Project/duckdb-polr/third_party/utf8proc/include -I/home/pei/Project/duckdb-polr/third_party/miniparquet -I/home/pei/Project/duckdb-polr/third_party/concurrentqueue -I/home/pei/Project/duckdb-polr/third_party/pcg -I/home/pei/Project/duckdb-polr/third_party/tdigest -I/home/pei/Project/duckdb-polr/third_party/mbedtls/include -I/home/pei/Project/duckdb-polr/third_party/jaro_winkler -O3 -DNDEBUG -O3 -DNDEBUG   -fPIC -fdiagnostics-color=always -std=c++11 -MD -MT src/planner/parsed_data/CMakeFiles/duckdb_planner_parsed_data.dir/ub_duckdb_planner_parsed_data.cpp.o -MF src/planner/parsed_data/CMakeFiles/duckdb_planner_parsed_data.dir/ub_duckdb_planner_parsed_data.cpp.o.d -o src/planner/parsed_data/CMakeFiles/duckdb_planner_parsed_data.dir/ub_duckdb_planner_parsed_data.cpp.o -c /home/pei/Project/duckdb-polr/build/release/src/planner/parsed_data/ub_duckdb_planner_parsed_data.cpp
[8/376] /usr/bin/ccache /usr/lib/ccache/c++ -DDUCKDB -DDUCKDB_BUILD_LIBRARY -DDUCKDB_MAIN_LIBRARY -DENABLE_CROSS_PRODUCT_REWRITE=0 -DENABLE_DEBUG_PRINT=0 -DENABLE_MEASURE_EXE_TIME=0 -DENABLE_MERGE_BACK_PLAN=0 -DENABLE_PARALLEL_EXECUTION=0 -DENABLE_QUERY_SPLIT=1 -DENABLE_SPECIFY_EST_STAT=0 -I/home/pei/Project/duckdb-polr/src/include -I/home/pei/Project/duckdb-polr/third_party/fsst -I/home/pei/Project/duckdb-polr/third_party/fmt/include -I/home/pei/Project/duckdb-polr/third_party/hyperloglog -I/home/pei/Project/duckdb-polr/third_party/fastpforlib -I/home/pei/Project/duckdb-polr/third_party/fast_float -I/home/pei/Project/duckdb-polr/third_party/re2 -I/home/pei/Project/duckdb-polr/third_party/miniz -I/home/pei/Project/duckdb-polr/third_party/utf8proc/include -I/home/pei/Project/duckdb-polr/third_party/miniparquet -I/home/pei/Project/duckdb-polr/third_party/concurrentqueue -I/home/pei/Project/duckdb-polr/third_party/pcg -I/home/pei/Project/duckdb-polr/third_party/tdigest -I/home/pei/Project/duckdb-polr/third_party/mbedtls/include -I/home/pei/Project/duckdb-polr/third_party/jaro_winkler -O3 -DNDEBUG -O3 -DNDEBUG   -fPIC -fdiagnostics-color=always -std=c++11 -MD -MT src/optimizer/rule/CMakeFiles/duckdb_optimizer_rules.dir/ub_duckdb_optimizer_rules.cpp.o -MF src/optimizer/rule/CMakeFiles/duckdb_optimizer_rules.dir/ub_duckdb_optimizer_rules.cpp.o.d -o src/optimizer/rule/CMakeFiles/duckdb_optimizer_rules.dir/ub_duckdb_optimizer_rules.cpp.o -c /home/pei/Project/duckdb-polr/build/release/src/optimizer/rule/ub_duckdb_optimizer_rules.cpp
[9/376] /usr/bin/ccache /usr/lib/ccache/c++ -DDUCKDB -DDUCKDB_BUILD_LIBRARY -DDUCKDB_MAIN_LIBRARY -DENABLE_CROSS_PRODUCT_REWRITE=0 -DENABLE_DEBUG_PRINT=0 -DENABLE_MEASURE_EXE_TIME=0 -DENABLE_MERGE_BACK_PLAN=0 -DENABLE_PARALLEL_EXECUTION=0 -DENABLE_QUERY_SPLIT=1 -DENABLE_SPECIFY_EST_STAT=0 -I/home/pei/Project/duckdb-polr/src/include -I/home/pei/Project/duckdb-polr/third_party/fsst -I/home/pei/Project/duckdb-polr/third_party/fmt/include -I/home/pei/Project/duckdb-polr/third_party/hyperloglog -I/home/pei/Project/duckdb-polr/third_party/fastpforlib -I/home/pei/Project/duckdb-polr/third_party/fast_float -I/home/pei/Project/duckdb-polr/third_party/re2 -I/home/pei/Project/duckdb-polr/third_party/miniz -I/home/pei/Project/duckdb-polr/third_party/utf8proc/include -I/home/pei/Project/duckdb-polr/third_party/miniparquet -I/home/pei/Project/duckdb-polr/third_party/concurrentqueue -I/home/pei/Project/duckdb-polr/third_party/pcg -I/home/pei/Project/duckdb-polr/third_party/tdigest -I/home/pei/Project/duckdb-polr/third_party/mbedtls/include -I/home/pei/Project/duckdb-polr/third_party/jaro_winkler -O3 -DNDEBUG -O3 -DNDEBUG   -fPIC -fdiagnostics-color=always -std=c++11 -MD -MT src/optimizer/pushdown/CMakeFiles/duckdb_optimizer_pushdown.dir/ub_duckdb_optimizer_pushdown.cpp.o -MF src/optimizer/pushdown/CMakeFiles/duckdb_optimizer_pushdown.dir/ub_duckdb_optimizer_pushdown.cpp.o.d -o src/optimizer/pushdown/CMakeFiles/duckdb_optimizer_pushdown.dir/ub_duckdb_optimizer_pushdown.cpp.o -c /home/pei/Project/duckdb-polr/build/release/src/optimizer/pushdown/ub_duckdb_optimizer_pushdown.cpp
In file included from /home/pei/Project/duckdb-polr/src/include/duckdb/optimizer/optimizer.hpp:15,
                 from /home/pei/Project/duckdb-polr/src/optimizer/pushdown/pushdown_get.cpp:2,
                 from /home/pei/Project/duckdb-polr/build/release/src/optimizer/pushdown/ub_duckdb_optimizer_pushdown.cpp:5:
/home/pei/Project/duckdb-polr/src/include/duckdb/optimizer/query_split/query_split.hpp:23:1: warning: inline variables are only available with ‘-std=c++17’ or ‘-std=gnu++17’ [-Wc++17-extensions]
   23 | inline bool execute_plan = false;
      | ^~~~~~
[10/376] /usr/bin/ccache /usr/lib/ccache/c++ -DDUCKDB -DDUCKDB_BUILD_LIBRARY -DDUCKDB_MAIN_LIBRARY -DENABLE_CROSS_PRODUCT_REWRITE=0 -DENABLE_DEBUG_PRINT=0 -DENABLE_MEASURE_EXE_TIME=0 -DENABLE_MERGE_BACK_PLAN=0 -DENABLE_PARALLEL_EXECUTION=0 -DENABLE_QUERY_SPLIT=1 -DENABLE_SPECIFY_EST_STAT=0 -I/home/pei/Project/duckdb-polr/src/include -I/home/pei/Project/duckdb-polr/third_party/fsst -I/home/pei/Project/duckdb-polr/third_party/fmt/include -I/home/pei/Project/duckdb-polr/third_party/hyperloglog -I/home/pei/Project/duckdb-polr/third_party/fastpforlib -I/home/pei/Project/duckdb-polr/third_party/fast_float -I/home/pei/Project/duckdb-polr/third_party/re2 -I/home/pei/Project/duckdb-polr/third_party/miniz -I/home/pei/Project/duckdb-polr/third_party/utf8proc/include -I/home/pei/Project/duckdb-polr/third_party/miniparquet -I/home/pei/Project/duckdb-polr/third_party/concurrentqueue -I/home/pei/Project/duckdb-polr/third_party/pcg -I/home/pei/Project/duckdb-polr/third_party/tdigest -I/home/pei/Project/duckdb-polr/third_party/mbedtls/include -I/home/pei/Project/duckdb-polr/third_party/jaro_winkler -I/home/pei/Project/duckdb-polr/src/parser/../../third_party/libpg_query/include -I/home/pei/Project/duckdb-polr/src/parser/../../third_party/libpg_query -O3 -DNDEBUG -O3 -DNDEBUG   -fPIC -fdiagnostics-color=always -std=c++11 -MD -MT src/parser/constraints/CMakeFiles/duckdb_constraints.dir/ub_duckdb_constraints.cpp.o -MF src/parser/constraints/CMakeFiles/duckdb_constraints.dir/ub_duckdb_constraints.cpp.o.d -o src/parser/constraints/CMakeFiles/duckdb_constraints.dir/ub_duckdb_constraints.cpp.o -c /home/pei/Project/duckdb-polr/build/release/src/parser/constraints/ub_duckdb_constraints.cpp
[11/376] /usr/bin/ccache /usr/lib/ccache/c++ -DDUCKDB -DDUCKDB_BUILD_LIBRARY -DDUCKDB_MAIN_LIBRARY -DENABLE_CROSS_PRODUCT_REWRITE=0 -DENABLE_DEBUG_PRINT=0 -DENABLE_MEASURE_EXE_TIME=0 -DENABLE_MERGE_BACK_PLAN=0 -DENABLE_PARALLEL_EXECUTION=0 -DENABLE_QUERY_SPLIT=1 -DENABLE_SPECIFY_EST_STAT=0 -I/home/pei/Project/duckdb-polr/src/include -I/home/pei/Project/duckdb-polr/third_party/fsst -I/home/pei/Project/duckdb-polr/third_party/fmt/include -I/home/pei/Project/duckdb-polr/third_party/hyperloglog -I/home/pei/Project/duckdb-polr/third_party/fastpforlib -I/home/pei/Project/duckdb-polr/third_party/fast_float -I/home/pei/Project/duckdb-polr/third_party/re2 -I/home/pei/Project/duckdb-polr/third_party/miniz -I/home/pei/Project/duckdb-polr/third_party/utf8proc/include -I/home/pei/Project/duckdb-polr/third_party/miniparquet -I/home/pei/Project/duckdb-polr/third_party/concurrentqueue -I/home/pei/Project/duckdb-polr/third_party/pcg -I/home/pei/Project/duckdb-polr/third_party/tdigest -I/home/pei/Project/duckdb-polr/third_party/mbedtls/include -I/home/pei/Project/duckdb-polr/third_party/jaro_winkler -I/home/pei/Project/duckdb-polr/src/parser/../../third_party/libpg_query/include -I/home/pei/Project/duckdb-polr/src/parser/../../third_party/libpg_query -O3 -DNDEBUG -O3 -DNDEBUG   -fPIC -fdiagnostics-color=always -std=c++11 -MD -MT src/parser/parsed_data/CMakeFiles/duckdb_parsed_data.dir/ub_duckdb_parsed_data.cpp.o -MF src/parser/parsed_data/CMakeFiles/duckdb_parsed_data.dir/ub_duckdb_parsed_data.cpp.o.d -o src/parser/parsed_data/CMakeFiles/duckdb_parsed_data.dir/ub_duckdb_parsed_data.cpp.o -c /home/pei/Project/duckdb-polr/build/release/src/parser/parsed_data/ub_duckdb_parsed_data.cpp
[12/376] /usr/bin/ccache /usr/lib/ccache/c++ -DDUCKDB -DDUCKDB_BUILD_LIBRARY -DDUCKDB_MAIN_LIBRARY -DENABLE_CROSS_PRODUCT_REWRITE=0 -DENABLE_DEBUG_PRINT=0 -DENABLE_MEASURE_EXE_TIME=0 -DENABLE_MERGE_BACK_PLAN=0 -DENABLE_PARALLEL_EXECUTION=0 -DENABLE_QUERY_SPLIT=1 -DENABLE_SPECIFY_EST_STAT=0 -I/home/pei/Project/duckdb-polr/src/include -I/home/pei/Project/duckdb-polr/third_party/fsst -I/home/pei/Project/duckdb-polr/third_party/fmt/include -I/home/pei/Project/duckdb-polr/third_party/hyperloglog -I/home/pei/Project/duckdb-polr/third_party/fastpforlib -I/home/pei/Project/duckdb-polr/third_party/fast_float -I/home/pei/Project/duckdb-polr/third_party/re2 -I/home/pei/Project/duckdb-polr/third_party/miniz -I/home/pei/Project/duckdb-polr/third_party/utf8proc/include -I/home/pei/Project/duckdb-polr/third_party/miniparquet -I/home/pei/Project/duckdb-polr/third_party/concurrentqueue -I/home/pei/Project/duckdb-polr/third_party/pcg -I/home/pei/Project/duckdb-polr/third_party/tdigest -I/home/pei/Project/duckdb-polr/third_party/mbedtls/include -I/home/pei/Project/duckdb-polr/third_party/jaro_winkler -I/home/pei/Project/duckdb-polr/src/parser/../../third_party/libpg_query/include -I/home/pei/Project/duckdb-polr/src/parser/../../third_party/libpg_query -O3 -DNDEBUG -O3 -DNDEBUG   -fPIC -fdiagnostics-color=always -std=c++11 -MD -MT src/parser/expression/CMakeFiles/duckdb_expression.dir/ub_duckdb_expression.cpp.o -MF src/parser/expression/CMakeFiles/duckdb_expression.dir/ub_duckdb_expression.cpp.o.d -o src/parser/expression/CMakeFiles/duckdb_expression.dir/ub_duckdb_expression.cpp.o -c /home/pei/Project/duckdb-polr/build/release/src/parser/expression/ub_duckdb_expression.cpp
[13/376] /usr/bin/ccache /usr/lib/ccache/c++ -DDUCKDB -DDUCKDB_BUILD_LIBRARY -DDUCKDB_MAIN_LIBRARY -DENABLE_CROSS_PRODUCT_REWRITE=0 -DENABLE_DEBUG_PRINT=0 -DENABLE_MEASURE_EXE_TIME=0 -DENABLE_MERGE_BACK_PLAN=0 -DENABLE_PARALLEL_EXECUTION=0 -DENABLE_QUERY_SPLIT=1 -DENABLE_SPECIFY_EST_STAT=0 -I/home/pei/Project/duckdb-polr/src/include -I/home/pei/Project/duckdb-polr/third_party/fsst -I/home/pei/Project/duckdb-polr/third_party/fmt/include -I/home/pei/Project/duckdb-polr/third_party/hyperloglog -I/home/pei/Project/duckdb-polr/third_party/fastpforlib -I/home/pei/Project/duckdb-polr/third_party/fast_float -I/home/pei/Project/duckdb-polr/third_party/re2 -I/home/pei/Project/duckdb-polr/third_party/miniz -I/home/pei/Project/duckdb-polr/third_party/utf8proc/include -I/home/pei/Project/duckdb-polr/third_party/miniparquet -I/home/pei/Project/duckdb-polr/third_party/concurrentqueue -I/home/pei/Project/duckdb-polr/third_party/pcg -I/home/pei/Project/duckdb-polr/third_party/tdigest -I/home/pei/Project/duckdb-polr/third_party/mbedtls/include -I/home/pei/Project/duckdb-polr/third_party/jaro_winkler -I/home/pei/Project/duckdb-polr/src/parser/../../third_party/libpg_query/include -I/home/pei/Project/duckdb-polr/src/parser/../../third_party/libpg_query -O3 -DNDEBUG -O3 -DNDEBUG   -fPIC -fdiagnostics-color=always -std=c++11 -MD -MT src/parser/query_node/CMakeFiles/duckdb_query_node.dir/ub_duckdb_query_node.cpp.o -MF src/parser/query_node/CMakeFiles/duckdb_query_node.dir/ub_duckdb_query_node.cpp.o.d -o src/parser/query_node/CMakeFiles/duckdb_query_node.dir/ub_duckdb_query_node.cpp.o -c /home/pei/Project/duckdb-polr/build/release/src/parser/query_node/ub_duckdb_query_node.cpp
[14/376] /usr/bin/ccache /usr/lib/ccache/c++ -DDUCKDB -DDUCKDB_BUILD_LIBRARY -DDUCKDB_MAIN_LIBRARY -DENABLE_CROSS_PRODUCT_REWRITE=0 -DENABLE_DEBUG_PRINT=0 -DENABLE_MEASURE_EXE_TIME=0 -DENABLE_MERGE_BACK_PLAN=0 -DENABLE_PARALLEL_EXECUTION=0 -DENABLE_QUERY_SPLIT=1 -DENABLE_SPECIFY_EST_STAT=0 -I/home/pei/Project/duckdb-polr/src/include -I/home/pei/Project/duckdb-polr/third_party/fsst -I/home/pei/Project/duckdb-polr/third_party/fmt/include -I/home/pei/Project/duckdb-polr/third_party/hyperloglog -I/home/pei/Project/duckdb-polr/third_party/fastpforlib -I/home/pei/Project/duckdb-polr/third_party/fast_float -I/home/pei/Project/duckdb-polr/third_party/re2 -I/home/pei/Project/duckdb-polr/third_party/miniz -I/home/pei/Project/duckdb-polr/third_party/utf8proc/include -I/home/pei/Project/duckdb-polr/third_party/miniparquet -I/home/pei/Project/duckdb-polr/third_party/concurrentqueue -I/home/pei/Project/duckdb-polr/third_party/pcg -I/home/pei/Project/duckdb-polr/third_party/tdigest -I/home/pei/Project/duckdb-polr/third_party/mbedtls/include -I/home/pei/Project/duckdb-polr/third_party/jaro_winkler -I/home/pei/Project/duckdb-polr/src/parser/../../third_party/libpg_query/include -I/home/pei/Project/duckdb-polr/src/parser/../../third_party/libpg_query -O3 -DNDEBUG -O3 -DNDEBUG   -fPIC -fdiagnostics-color=always -std=c++11 -MD -MT src/parser/tableref/CMakeFiles/duckdb_parser_tableref.dir/ub_duckdb_parser_tableref.cpp.o -MF src/parser/tableref/CMakeFiles/duckdb_parser_tableref.dir/ub_duckdb_parser_tableref.cpp.o.d -o src/parser/tableref/CMakeFiles/duckdb_parser_tableref.dir/ub_duckdb_parser_tableref.cpp.o -c /home/pei/Project/duckdb-polr/build/release/src/parser/tableref/ub_duckdb_parser_tableref.cpp
[15/376] /usr/bin/ccache /usr/lib/ccache/c++ -DDUCKDB -DDUCKDB_BUILD_LIBRARY -DDUCKDB_MAIN_LIBRARY -DENABLE_CROSS_PRODUCT_REWRITE=0 -DENABLE_DEBUG_PRINT=0 -DENABLE_MEASURE_EXE_TIME=0 -DENABLE_MERGE_BACK_PLAN=0 -DENABLE_PARALLEL_EXECUTION=0 -DENABLE_QUERY_SPLIT=1 -DENABLE_SPECIFY_EST_STAT=0 -I/home/pei/Project/duckdb-polr/src/include -I/home/pei/Project/duckdb-polr/third_party/fsst -I/home/pei/Project/duckdb-polr/third_party/fmt/include -I/home/pei/Project/duckdb-polr/third_party/hyperloglog -I/home/pei/Project/duckdb-polr/third_party/fastpforlib -I/home/pei/Project/duckdb-polr/third_party/fast_float -I/home/pei/Project/duckdb-polr/third_party/re2 -I/home/pei/Project/duckdb-polr/third_party/miniz -I/home/pei/Project/duckdb-polr/third_party/utf8proc/include -I/home/pei/Project/duckdb-polr/third_party/miniparquet -I/home/pei/Project/duckdb-polr/third_party/concurrentqueue -I/home/pei/Project/duckdb-polr/third_party/pcg -I/home/pei/Project/duckdb-polr/third_party/tdigest -I/home/pei/Project/duckdb-polr/third_party/mbedtls/include -I/home/pei/Project/duckdb-polr/third_party/jaro_winkler -I/home/pei/Project/duckdb-polr/src/parser/../../third_party/libpg_query/include -I/home/pei/Project/duckdb-polr/src/parser/../../third_party/libpg_query -O3 -DNDEBUG -O3 -DNDEBUG   -fPIC -fdiagnostics-color=always -std=c++11 -MD -MT src/parser/transform/constraint/CMakeFiles/duckdb_transformer_constraint.dir/ub_duckdb_transformer_constraint.cpp.o -MF src/parser/transform/constraint/CMakeFiles/duckdb_transformer_constraint.dir/ub_duckdb_transformer_constraint.cpp.o.d -o src/parser/transform/constraint/CMakeFiles/duckdb_transformer_constraint.dir/ub_duckdb_transformer_constraint.cpp.o -c /home/pei/Project/duckdb-polr/build/release/src/parser/transform/constraint/ub_duckdb_transformer_constraint.cpp
[16/376] /usr/bin/ccache /usr/lib/ccache/c++ -DDUCKDB -DDUCKDB_BUILD_LIBRARY -DDUCKDB_MAIN_LIBRARY -DENABLE_CROSS_PRODUCT_REWRITE=0 -DENABLE_DEBUG_PRINT=0 -DENABLE_MEASURE_EXE_TIME=0 -DENABLE_MERGE_BACK_PLAN=0 -DENABLE_PARALLEL_EXECUTION=0 -DENABLE_QUERY_SPLIT=1 -DENABLE_SPECIFY_EST_STAT=0 -I/home/pei/Project/duckdb-polr/src/include -I/home/pei/Project/duckdb-polr/third_party/fsst -I/home/pei/Project/duckdb-polr/third_party/fmt/include -I/home/pei/Project/duckdb-polr/third_party/hyperloglog -I/home/pei/Project/duckdb-polr/third_party/fastpforlib -I/home/pei/Project/duckdb-polr/third_party/fast_float -I/home/pei/Project/duckdb-polr/third_party/re2 -I/home/pei/Project/duckdb-polr/third_party/miniz -I/home/pei/Project/duckdb-polr/third_party/utf8proc/include -I/home/pei/Project/duckdb-polr/third_party/miniparquet -I/home/pei/Project/duckdb-polr/third_party/concurrentqueue -I/home/pei/Project/duckdb-polr/third_party/pcg -I/home/pei/Project/duckdb-polr/third_party/tdigest -I/home/pei/Project/duckdb-polr/third_party/mbedtls/include -I/home/pei/Project/duckdb-polr/third_party/jaro_winkler -I/home/pei/Project/duckdb-polr/src/parser/../../third_party/libpg_query/include -I/home/pei/Project/duckdb-polr/src/parser/../../third_party/libpg_query -O3 -DNDEBUG -O3 -DNDEBUG   -fPIC -fdiagnostics-color=always -std=c++11 -MD -MT src/parser/transform/expression/CMakeFiles/duckdb_transformer_expression.dir/ub_duckdb_transformer_expression.cpp.o -MF src/parser/transform/expression/CMakeFiles/duckdb_transformer_expression.dir/ub_duckdb_transformer_expression.cpp.o.d -o src/parser/transform/expression/CMakeFiles/duckdb_transformer_expression.dir/ub_duckdb_transformer_expression.cpp.o -c /home/pei/Project/duckdb-polr/build/release/src/parser/transform/expression/ub_duckdb_transformer_expression.cpp
[17/376] /usr/bin/ccache /usr/lib/ccache/c++ -DDUCKDB -DDUCKDB_BUILD_LIBRARY -DDUCKDB_MAIN_LIBRARY -DENABLE_CROSS_PRODUCT_REWRITE=0 -DENABLE_DEBUG_PRINT=0 -DENABLE_MEASURE_EXE_TIME=0 -DENABLE_MERGE_BACK_PLAN=0 -DENABLE_PARALLEL_EXECUTION=0 -DENABLE_QUERY_SPLIT=1 -DENABLE_SPECIFY_EST_STAT=0 -I/home/pei/Project/duckdb-polr/src/include -I/home/pei/Project/duckdb-polr/third_party/fsst -I/home/pei/Project/duckdb-polr/third_party/fmt/include -I/home/pei/Project/duckdb-polr/third_party/hyperloglog -I/home/pei/Project/duckdb-polr/third_party/fastpforlib -I/home/pei/Project/duckdb-polr/third_party/fast_float -I/home/pei/Project/duckdb-polr/third_party/re2 -I/home/pei/Project/duckdb-polr/third_party/miniz -I/home/pei/Project/duckdb-polr/third_party/utf8proc/include -I/home/pei/Project/duckdb-polr/third_party/miniparquet -I/home/pei/Project/duckdb-polr/third_party/concurrentqueue -I/home/pei/Project/duckdb-polr/third_party/pcg -I/home/pei/Project/duckdb-polr/third_party/tdigest -I/home/pei/Project/duckdb-polr/third_party/mbedtls/include -I/home/pei/Project/duckdb-polr/third_party/jaro_winkler -I/home/pei/Project/duckdb-polr/src/parser/../../third_party/libpg_query/include -I/home/pei/Project/duckdb-polr/src/parser/../../third_party/libpg_query -O3 -DNDEBUG -O3 -DNDEBUG   -fPIC -fdiagnostics-color=always -std=c++11 -MD -MT src/parser/transform/helpers/CMakeFiles/duckdb_transformer_helpers.dir/ub_duckdb_transformer_helpers.cpp.o -MF src/parser/transform/helpers/CMakeFiles/duckdb_transformer_helpers.dir/ub_duckdb_transformer_helpers.cpp.o.d -o src/parser/transform/helpers/CMakeFiles/duckdb_transformer_helpers.dir/ub_duckdb_transformer_helpers.cpp.o -c /home/pei/Project/duckdb-polr/build/release/src/parser/transform/helpers/ub_duckdb_transformer_helpers.cpp
[18/376] /usr/bin/ccache /usr/lib/ccache/c++ -DDUCKDB -DDUCKDB_BUILD_LIBRARY -DDUCKDB_MAIN_LIBRARY -DENABLE_CROSS_PRODUCT_REWRITE=0 -DENABLE_DEBUG_PRINT=0 -DENABLE_MEASURE_EXE_TIME=0 -DENABLE_MERGE_BACK_PLAN=0 -DENABLE_PARALLEL_EXECUTION=0 -DENABLE_QUERY_SPLIT=1 -DENABLE_SPECIFY_EST_STAT=0 -I/home/pei/Project/duckdb-polr/src/include -I/home/pei/Project/duckdb-polr/third_party/fsst -I/home/pei/Project/duckdb-polr/third_party/fmt/include -I/home/pei/Project/duckdb-polr/third_party/hyperloglog -I/home/pei/Project/duckdb-polr/third_party/fastpforlib -I/home/pei/Project/duckdb-polr/third_party/fast_float -I/home/pei/Project/duckdb-polr/third_party/re2 -I/home/pei/Project/duckdb-polr/third_party/miniz -I/home/pei/Project/duckdb-polr/third_party/utf8proc/include -I/home/pei/Project/duckdb-polr/third_party/miniparquet -I/home/pei/Project/duckdb-polr/third_party/concurrentqueue -I/home/pei/Project/duckdb-polr/third_party/pcg -I/home/pei/Project/duckdb-polr/third_party/tdigest -I/home/pei/Project/duckdb-polr/third_party/mbedtls/include -I/home/pei/Project/duckdb-polr/third_party/jaro_winkler -O3 -DNDEBUG -O3 -DNDEBUG   -fPIC -fdiagnostics-color=always -std=c++11 -MD -MT src/planner/expression/CMakeFiles/duckdb_planner_expression.dir/ub_duckdb_planner_expression.cpp.o -MF src/planner/expression/CMakeFiles/duckdb_planner_expression.dir/ub_duckdb_planner_expression.cpp.o.d -o src/planner/expression/CMakeFiles/duckdb_planner_expression.dir/ub_duckdb_planner_expression.cpp.o -c /home/pei/Project/duckdb-polr/build/release/src/planner/expression/ub_duckdb_planner_expression.cpp
[19/376] /usr/bin/ccache /usr/lib/ccache/c++ -DDUCKDB -DDUCKDB_BUILD_LIBRARY -DDUCKDB_MAIN_LIBRARY -DENABLE_CROSS_PRODUCT_REWRITE=0 -DENABLE_DEBUG_PRINT=0 -DENABLE_MEASURE_EXE_TIME=0 -DENABLE_MERGE_BACK_PLAN=0 -DENABLE_PARALLEL_EXECUTION=0 -DENABLE_QUERY_SPLIT=1 -DENABLE_SPECIFY_EST_STAT=0 -I/home/pei/Project/duckdb-polr/src/include -I/home/pei/Project/duckdb-polr/third_party/fsst -I/home/pei/Project/duckdb-polr/third_party/fmt/include -I/home/pei/Project/duckdb-polr/third_party/hyperloglog -I/home/pei/Project/duckdb-polr/third_party/fastpforlib -I/home/pei/Project/duckdb-polr/third_party/fast_float -I/home/pei/Project/duckdb-polr/third_party/re2 -I/home/pei/Project/duckdb-polr/third_party/miniz -I/home/pei/Project/duckdb-polr/third_party/utf8proc/include -I/home/pei/Project/duckdb-polr/third_party/miniparquet -I/home/pei/Project/duckdb-polr/third_party/concurrentqueue -I/home/pei/Project/duckdb-polr/third_party/pcg -I/home/pei/Project/duckdb-polr/third_party/tdigest -I/home/pei/Project/duckdb-polr/third_party/mbedtls/include -I/home/pei/Project/duckdb-polr/third_party/jaro_winkler -I/home/pei/Project/duckdb-polr/src/parser/../../third_party/libpg_query/include -I/home/pei/Project/duckdb-polr/src/parser/../../third_party/libpg_query -O3 -DNDEBUG -O3 -DNDEBUG   -fPIC -fdiagnostics-color=always -std=c++11 -MD -MT src/parser/transform/tableref/CMakeFiles/duckdb_transformer_tableref.dir/ub_duckdb_transformer_tableref.cpp.o -MF src/parser/transform/tableref/CMakeFiles/duckdb_transformer_tableref.dir/ub_duckdb_transformer_tableref.cpp.o.d -o src/parser/transform/tableref/CMakeFiles/duckdb_transformer_tableref.dir/ub_duckdb_transformer_tableref.cpp.o -c /home/pei/Project/duckdb-polr/build/release/src/parser/transform/tableref/ub_duckdb_transformer_tableref.cpp
[20/376] /usr/bin/ccache /usr/lib/ccache/c++ -DDUCKDB -DDUCKDB_BUILD_LIBRARY -DDUCKDB_MAIN_LIBRARY -DENABLE_CROSS_PRODUCT_REWRITE=0 -DENABLE_DEBUG_PRINT=0 -DENABLE_MEASURE_EXE_TIME=0 -DENABLE_MERGE_BACK_PLAN=0 -DENABLE_PARALLEL_EXECUTION=0 -DENABLE_QUERY_SPLIT=1 -DENABLE_SPECIFY_EST_STAT=0 -I/home/pei/Project/duckdb-polr/src/include -I/home/pei/Project/duckdb-polr/third_party/fsst -I/home/pei/Project/duckdb-polr/third_party/fmt/include -I/home/pei/Project/duckdb-polr/third_party/hyperloglog -I/home/pei/Project/duckdb-polr/third_party/fastpforlib -I/home/pei/Project/duckdb-polr/third_party/fast_float -I/home/pei/Project/duckdb-polr/third_party/re2 -I/home/pei/Project/duckdb-polr/third_party/miniz -I/home/pei/Project/duckdb-polr/third_party/utf8proc/include -I/home/pei/Project/duckdb-polr/third_party/miniparquet -I/home/pei/Project/duckdb-polr/third_party/concurrentqueue -I/home/pei/Project/duckdb-polr/third_party/pcg -I/home/pei/Project/duckdb-polr/third_party/tdigest -I/home/pei/Project/duckdb-polr/third_party/mbedtls/include -I/home/pei/Project/duckdb-polr/third_party/jaro_winkler -O3 -DNDEBUG -O3 -DNDEBUG   -fPIC -fdiagnostics-color=always -std=c++11 -MD -MT src/planner/binder/tableref/CMakeFiles/duckdb_bind_tableref.dir/ub_duckdb_bind_tableref.cpp.o -MF src/planner/binder/tableref/CMakeFiles/duckdb_bind_tableref.dir/ub_duckdb_bind_tableref.cpp.o.d -o src/planner/binder/tableref/CMakeFiles/duckdb_bind_tableref.dir/ub_duckdb_bind_tableref.cpp.o -c /home/pei/Project/duckdb-polr/build/release/src/planner/binder/tableref/ub_duckdb_bind_tableref.cpp
[21/376] /usr/bin/ccache /usr/lib/ccache/c++ -DDUCKDB -DDUCKDB_BUILD_LIBRARY -DDUCKDB_MAIN_LIBRARY -DENABLE_CROSS_PRODUCT_REWRITE=0 -DENABLE_DEBUG_PRINT=0 -DENABLE_MEASURE_EXE_TIME=0 -DENABLE_MERGE_BACK_PLAN=0 -DENABLE_PARALLEL_EXECUTION=0 -DENABLE_QUERY_SPLIT=1 -DENABLE_SPECIFY_EST_STAT=0 -I/home/pei/Project/duckdb-polr/src/include -I/home/pei/Project/duckdb-polr/third_party/fsst -I/home/pei/Project/duckdb-polr/third_party/fmt/include -I/home/pei/Project/duckdb-polr/third_party/hyperloglog -I/home/pei/Project/duckdb-polr/third_party/fastpforlib -I/home/pei/Project/duckdb-polr/third_party/fast_float -I/home/pei/Project/duckdb-polr/third_party/re2 -I/home/pei/Project/duckdb-polr/third_party/miniz -I/home/pei/Project/duckdb-polr/third_party/utf8proc/include -I/home/pei/Project/duckdb-polr/third_party/miniparquet -I/home/pei/Project/duckdb-polr/third_party/concurrentqueue -I/home/pei/Project/duckdb-polr/third_party/pcg -I/home/pei/Project/duckdb-polr/third_party/tdigest -I/home/pei/Project/duckdb-polr/third_party/mbedtls/include -I/home/pei/Project/duckdb-polr/third_party/jaro_winkler -O3 -DNDEBUG -O3 -DNDEBUG   -fPIC -fdiagnostics-color=always -std=c++11 -MD -MT src/planner/binder/expression/CMakeFiles/duckdb_bind_expression.dir/ub_duckdb_bind_expression.cpp.o -MF src/planner/binder/expression/CMakeFiles/duckdb_bind_expression.dir/ub_duckdb_bind_expression.cpp.o.d -o src/planner/binder/expression/CMakeFiles/duckdb_bind_expression.dir/ub_duckdb_bind_expression.cpp.o -c /home/pei/Project/duckdb-polr/build/release/src/planner/binder/expression/ub_duckdb_bind_expression.cpp
[22/376] /usr/bin/ccache /usr/lib/ccache/c++ -DDUCKDB -DDUCKDB_BUILD_LIBRARY -DDUCKDB_MAIN_LIBRARY -DENABLE_CROSS_PRODUCT_REWRITE=0 -DENABLE_DEBUG_PRINT=0 -DENABLE_MEASURE_EXE_TIME=0 -DENABLE_MERGE_BACK_PLAN=0 -DENABLE_PARALLEL_EXECUTION=0 -DENABLE_QUERY_SPLIT=1 -DENABLE_SPECIFY_EST_STAT=0 -I/home/pei/Project/duckdb-polr/src/include -I/home/pei/Project/duckdb-polr/third_party/fsst -I/home/pei/Project/duckdb-polr/third_party/fmt/include -I/home/pei/Project/duckdb-polr/third_party/hyperloglog -I/home/pei/Project/duckdb-polr/third_party/fastpforlib -I/home/pei/Project/duckdb-polr/third_party/fast_float -I/home/pei/Project/duckdb-polr/third_party/re2 -I/home/pei/Project/duckdb-polr/third_party/miniz -I/home/pei/Project/duckdb-polr/third_party/utf8proc/include -I/home/pei/Project/duckdb-polr/third_party/miniparquet -I/home/pei/Project/duckdb-polr/third_party/concurrentqueue -I/home/pei/Project/duckdb-polr/third_party/pcg -I/home/pei/Project/duckdb-polr/third_party/tdigest -I/home/pei/Project/duckdb-polr/third_party/mbedtls/include -I/home/pei/Project/duckdb-polr/third_party/jaro_winkler -O3 -DNDEBUG -O3 -DNDEBUG   -fPIC -fdiagnostics-color=always -std=c++11 -MD -MT src/function/aggregate/algebraic/CMakeFiles/duckdb_aggr_algebraic.dir/ub_duckdb_aggr_algebraic.cpp.o -MF src/function/aggregate/algebraic/CMakeFiles/duckdb_aggr_algebraic.dir/ub_duckdb_aggr_algebraic.cpp.o.d -o src/function/aggregate/algebraic/CMakeFiles/duckdb_aggr_algebraic.dir/ub_duckdb_aggr_algebraic.cpp.o -c /home/pei/Project/duckdb-polr/build/release/src/function/aggregate/algebraic/ub_duckdb_aggr_algebraic.cpp
[23/376] /usr/bin/ccache /usr/lib/ccache/c++ -DDUCKDB -DDUCKDB_BUILD_LIBRARY -DDUCKDB_MAIN_LIBRARY -DENABLE_CROSS_PRODUCT_REWRITE=0 -DENABLE_DEBUG_PRINT=0 -DENABLE_MEASURE_EXE_TIME=0 -DENABLE_MERGE_BACK_PLAN=0 -DENABLE_PARALLEL_EXECUTION=0 -DENABLE_QUERY_SPLIT=1 -DENABLE_SPECIFY_EST_STAT=0 -I/home/pei/Project/duckdb-polr/src/include -I/home/pei/Project/duckdb-polr/third_party/fsst -I/home/pei/Project/duckdb-polr/third_party/fmt/include -I/home/pei/Project/duckdb-polr/third_party/hyperloglog -I/home/pei/Project/duckdb-polr/third_party/fastpforlib -I/home/pei/Project/duckdb-polr/third_party/fast_float -I/home/pei/Project/duckdb-polr/third_party/re2 -I/home/pei/Project/duckdb-polr/third_party/miniz -I/home/pei/Project/duckdb-polr/third_party/utf8proc/include -I/home/pei/Project/duckdb-polr/third_party/miniparquet -I/home/pei/Project/duckdb-polr/third_party/concurrentqueue -I/home/pei/Project/duckdb-polr/third_party/pcg -I/home/pei/Project/duckdb-polr/third_party/tdigest -I/home/pei/Project/duckdb-polr/third_party/mbedtls/include -I/home/pei/Project/duckdb-polr/third_party/jaro_winkler -O3 -DNDEBUG -O3 -DNDEBUG   -fPIC -fdiagnostics-color=always -std=c++11 -MD -MT src/optimizer/join_order/CMakeFiles/duckdb_optimizer_join_order.dir/ub_duckdb_optimizer_join_order.cpp.o -MF src/optimizer/join_order/CMakeFiles/duckdb_optimizer_join_order.dir/ub_duckdb_optimizer_join_order.cpp.o.d -o src/optimizer/join_order/CMakeFiles/duckdb_optimizer_join_order.dir/ub_duckdb_optimizer_join_order.cpp.o -c /home/pei/Project/duckdb-polr/build/release/src/optimizer/join_order/ub_duckdb_optimizer_join_order.cpp
[24/376] /usr/bin/ccache /usr/lib/ccache/c++ -DDUCKDB -DDUCKDB_BUILD_LIBRARY -DDUCKDB_MAIN_LIBRARY -DENABLE_CROSS_PRODUCT_REWRITE=0 -DENABLE_DEBUG_PRINT=0 -DENABLE_MEASURE_EXE_TIME=0 -DENABLE_MERGE_BACK_PLAN=0 -DENABLE_PARALLEL_EXECUTION=0 -DENABLE_QUERY_SPLIT=1 -DENABLE_SPECIFY_EST_STAT=0 -I/home/pei/Project/duckdb-polr/src/include -I/home/pei/Project/duckdb-polr/third_party/fsst -I/home/pei/Project/duckdb-polr/third_party/fmt/include -I/home/pei/Project/duckdb-polr/third_party/hyperloglog -I/home/pei/Project/duckdb-polr/third_party/fastpforlib -I/home/pei/Project/duckdb-polr/third_party/fast_float -I/home/pei/Project/duckdb-polr/third_party/re2 -I/home/pei/Project/duckdb-polr/third_party/miniz -I/home/pei/Project/duckdb-polr/third_party/utf8proc/include -I/home/pei/Project/duckdb-polr/third_party/miniparquet -I/home/pei/Project/duckdb-polr/third_party/concurrentqueue -I/home/pei/Project/duckdb-polr/third_party/pcg -I/home/pei/Project/duckdb-polr/third_party/tdigest -I/home/pei/Project/duckdb-polr/third_party/mbedtls/include -I/home/pei/Project/duckdb-polr/third_party/jaro_winkler -O3 -DNDEBUG -O3 -DNDEBUG   -fPIC -fdiagnostics-color=always -std=c++11 -MD -MT src/optimizer/query_split/CMakeFiles/duckdb_optimizer_query_split.dir/ub_duckdb_optimizer_query_split.cpp.o -MF src/optimizer/query_split/CMakeFiles/duckdb_optimizer_query_split.dir/ub_duckdb_optimizer_query_split.cpp.o.d -o src/optimizer/query_split/CMakeFiles/duckdb_optimizer_query_split.dir/ub_duckdb_optimizer_query_split.cpp.o -c /home/pei/Project/duckdb-polr/build/release/src/optimizer/query_split/ub_duckdb_optimizer_query_split.cpp
In file included from /home/pei/Project/duckdb-polr/src/optimizer/query_split/query_split.cpp:1,
                 from /home/pei/Project/duckdb-polr/build/release/src/optimizer/query_split/ub_duckdb_optimizer_query_split.cpp:2:
/home/pei/Project/duckdb-polr/src/include/duckdb/optimizer/query_split/query_split.hpp:23:1: warning: inline variables are only available with ‘-std=c++17’ or ‘-std=gnu++17’ [-Wc++17-extensions]
   23 | inline bool execute_plan = false;
      | ^~~~~~
In file included from /home/pei/Project/duckdb-polr/build/release/src/optimizer/query_split/ub_duckdb_optimizer_query_split.cpp:4:
/home/pei/Project/duckdb-polr/src/optimizer/query_split/foreign_key_center.cpp: In lambda function:
/home/pei/Project/duckdb-polr/src/optimizer/query_split/foreign_key_center.cpp:205:61: warning: init-statement in selection statements only available with ‘-std=c++17’ or ‘-std=gnu++17’ [-Wc++17-extensions]
  205 |                                                         if (auto find_left = std::find_if(
      |                                                             ^~~~
In file included from /home/pei/Project/duckdb-polr/build/release/src/optimizer/query_split/ub_duckdb_optimizer_query_split.cpp:3:
/home/pei/Project/duckdb-polr/src/optimizer/query_split/query_split_util.cpp: In function ‘duckdb::ColumnBinding& duckdb::GetRefColumnBinding(std::unique_ptr<Expression>&)’:
/home/pei/Project/duckdb-polr/src/optimizer/query_split/query_split_util.cpp:152:88: warning: control reaches end of non-void function [-Wreturn-type]
  152 |                 Printer::Print("Doesn't support " + ExpressionTypeToString(expr->type) + " in GetColumnBinding yet!");
      |                                ~~~~~~~~~~~~~~~~~~~~~~~~~~~~~~~~~~~~~~~~~~~~~~~~~~~~~~~~^~~~~~~~~~~~~~~~~~~~~~~~~~~~~
[25/376] /usr/bin/ccache /usr/lib/ccache/c++ -DDUCKDB -DDUCKDB_BUILD_LIBRARY -DDUCKDB_MAIN_LIBRARY -DENABLE_CROSS_PRODUCT_REWRITE=0 -DENABLE_DEBUG_PRINT=0 -DENABLE_MEASURE_EXE_TIME=0 -DENABLE_MERGE_BACK_PLAN=0 -DENABLE_PARALLEL_EXECUTION=0 -DENABLE_QUERY_SPLIT=1 -DENABLE_SPECIFY_EST_STAT=0 -I/home/pei/Project/duckdb-polr/src/include -I/home/pei/Project/duckdb-polr/third_party/fsst -I/home/pei/Project/duckdb-polr/third_party/fmt/include -I/home/pei/Project/duckdb-polr/third_party/hyperloglog -I/home/pei/Project/duckdb-polr/third_party/fastpforlib -I/home/pei/Project/duckdb-polr/third_party/fast_float -I/home/pei/Project/duckdb-polr/third_party/re2 -I/home/pei/Project/duckdb-polr/third_party/miniz -I/home/pei/Project/duckdb-polr/third_party/utf8proc/include -I/home/pei/Project/duckdb-polr/third_party/miniparquet -I/home/pei/Project/duckdb-polr/third_party/concurrentqueue -I/home/pei/Project/duckdb-polr/third_party/pcg -I/home/pei/Project/duckdb-polr/third_party/tdigest -I/home/pei/Project/duckdb-polr/third_party/mbedtls/include -I/home/pei/Project/duckdb-polr/third_party/jaro_winkler -O3 -DNDEBUG -O3 -DNDEBUG   -fPIC -fdiagnostics-color=always -std=c++11 -MD -MT src/planner/binder/query_node/CMakeFiles/duckdb_bind_query_node.dir/ub_duckdb_bind_query_node.cpp.o -MF src/planner/binder/query_node/CMakeFiles/duckdb_bind_query_node.dir/ub_duckdb_bind_query_node.cpp.o.d -o src/planner/binder/query_node/CMakeFiles/duckdb_bind_query_node.dir/ub_duckdb_bind_query_node.cpp.o -c /home/pei/Project/duckdb-polr/build/release/src/planner/binder/query_node/ub_duckdb_bind_query_node.cpp
[26/376] /usr/bin/ccache /usr/lib/ccache/c++ -DDUCKDB -DDUCKDB_BUILD_LIBRARY -DDUCKDB_MAIN_LIBRARY -DENABLE_CROSS_PRODUCT_REWRITE=0 -DENABLE_DEBUG_PRINT=0 -DENABLE_MEASURE_EXE_TIME=0 -DENABLE_MERGE_BACK_PLAN=0 -DENABLE_PARALLEL_EXECUTION=0 -DENABLE_QUERY_SPLIT=1 -DENABLE_SPECIFY_EST_STAT=0 -I/home/pei/Project/duckdb-polr/src/include -I/home/pei/Project/duckdb-polr/third_party/fsst -I/home/pei/Project/duckdb-polr/third_party/fmt/include -I/home/pei/Project/duckdb-polr/third_party/hyperloglog -I/home/pei/Project/duckdb-polr/third_party/fastpforlib -I/home/pei/Project/duckdb-polr/third_party/fast_float -I/home/pei/Project/duckdb-polr/third_party/re2 -I/home/pei/Project/duckdb-polr/third_party/miniz -I/home/pei/Project/duckdb-polr/third_party/utf8proc/include -I/home/pei/Project/duckdb-polr/third_party/miniparquet -I/home/pei/Project/duckdb-polr/third_party/concurrentqueue -I/home/pei/Project/duckdb-polr/third_party/pcg -I/home/pei/Project/duckdb-polr/third_party/tdigest -I/home/pei/Project/duckdb-polr/third_party/mbedtls/include -I/home/pei/Project/duckdb-polr/third_party/jaro_winkler -O3 -DNDEBUG -O3 -DNDEBUG   -fPIC -fdiagnostics-color=always -std=c++11 -MD -MT src/planner/subquery/CMakeFiles/duckdb_planner_subquery.dir/ub_duckdb_planner_subquery.cpp.o -MF src/planner/subquery/CMakeFiles/duckdb_planner_subquery.dir/ub_duckdb_planner_subquery.cpp.o.d -o src/planner/subquery/CMakeFiles/duckdb_planner_subquery.dir/ub_duckdb_planner_subquery.cpp.o -c /home/pei/Project/duckdb-polr/build/release/src/planner/subquery/ub_duckdb_planner_subquery.cpp
[27/376] /usr/bin/ccache /usr/lib/ccache/c++ -DDUCKDB -DDUCKDB_BUILD_LIBRARY -DDUCKDB_MAIN_LIBRARY -DENABLE_CROSS_PRODUCT_REWRITE=0 -DENABLE_DEBUG_PRINT=0 -DENABLE_MEASURE_EXE_TIME=0 -DENABLE_MERGE_BACK_PLAN=0 -DENABLE_PARALLEL_EXECUTION=0 -DENABLE_QUERY_SPLIT=1 -DENABLE_SPECIFY_EST_STAT=0 -I/home/pei/Project/duckdb-polr/src/include -I/home/pei/Project/duckdb-polr/third_party/fsst -I/home/pei/Project/duckdb-polr/third_party/fmt/include -I/home/pei/Project/duckdb-polr/third_party/hyperloglog -I/home/pei/Project/duckdb-polr/third_party/fastpforlib -I/home/pei/Project/duckdb-polr/third_party/fast_float -I/home/pei/Project/duckdb-polr/third_party/re2 -I/home/pei/Project/duckdb-polr/third_party/miniz -I/home/pei/Project/duckdb-polr/third_party/utf8proc/include -I/home/pei/Project/duckdb-polr/third_party/miniparquet -I/home/pei/Project/duckdb-polr/third_party/concurrentqueue -I/home/pei/Project/duckdb-polr/third_party/pcg -I/home/pei/Project/duckdb-polr/third_party/tdigest -I/home/pei/Project/duckdb-polr/third_party/mbedtls/include -I/home/pei/Project/duckdb-polr/third_party/jaro_winkler -O3 -DNDEBUG -O3 -DNDEBUG   -fPIC -fdiagnostics-color=always -std=c++11 -MD -MT src/function/aggregate/nested/CMakeFiles/duckdb_aggr_nested.dir/ub_duckdb_aggr_nested.cpp.o -MF src/function/aggregate/nested/CMakeFiles/duckdb_aggr_nested.dir/ub_duckdb_aggr_nested.cpp.o.d -o src/function/aggregate/nested/CMakeFiles/duckdb_aggr_nested.dir/ub_duckdb_aggr_nested.cpp.o -c /home/pei/Project/duckdb-polr/build/release/src/function/aggregate/nested/ub_duckdb_aggr_nested.cpp
[28/376] /usr/bin/ccache /usr/lib/ccache/c++ -DDUCKDB -DDUCKDB_BUILD_LIBRARY -DDUCKDB_MAIN_LIBRARY -DENABLE_CROSS_PRODUCT_REWRITE=0 -DENABLE_DEBUG_PRINT=0 -DENABLE_MEASURE_EXE_TIME=0 -DENABLE_MERGE_BACK_PLAN=0 -DENABLE_PARALLEL_EXECUTION=0 -DENABLE_QUERY_SPLIT=1 -DENABLE_SPECIFY_EST_STAT=0 -I/home/pei/Project/duckdb-polr/src/include -I/home/pei/Project/duckdb-polr/third_party/fsst -I/home/pei/Project/duckdb-polr/third_party/fmt/include -I/home/pei/Project/duckdb-polr/third_party/hyperloglog -I/home/pei/Project/duckdb-polr/third_party/fastpforlib -I/home/pei/Project/duckdb-polr/third_party/fast_float -I/home/pei/Project/duckdb-polr/third_party/re2 -I/home/pei/Project/duckdb-polr/third_party/miniz -I/home/pei/Project/duckdb-polr/third_party/utf8proc/include -I/home/pei/Project/duckdb-polr/third_party/miniparquet -I/home/pei/Project/duckdb-polr/third_party/concurrentqueue -I/home/pei/Project/duckdb-polr/third_party/pcg -I/home/pei/Project/duckdb-polr/third_party/tdigest -I/home/pei/Project/duckdb-polr/third_party/mbedtls/include -I/home/pei/Project/duckdb-polr/third_party/jaro_winkler -O3 -DNDEBUG -O3 -DNDEBUG   -fPIC -fdiagnostics-color=always -std=c++11 -MD -MT src/function/aggregate/regression/CMakeFiles/duckdb_aggr_regr.dir/ub_duckdb_aggr_regr.cpp.o -MF src/function/aggregate/regression/CMakeFiles/duckdb_aggr_regr.dir/ub_duckdb_aggr_regr.cpp.o.d -o src/function/aggregate/regression/CMakeFiles/duckdb_aggr_regr.dir/ub_duckdb_aggr_regr.cpp.o -c /home/pei/Project/duckdb-polr/build/release/src/function/aggregate/regression/ub_duckdb_aggr_regr.cpp
[29/376] /usr/bin/ccache /usr/lib/ccache/c++ -DDUCKDB -DDUCKDB_BUILD_LIBRARY -DDUCKDB_MAIN_LIBRARY -DENABLE_CROSS_PRODUCT_REWRITE=0 -DENABLE_DEBUG_PRINT=0 -DENABLE_MEASURE_EXE_TIME=0 -DENABLE_MERGE_BACK_PLAN=0 -DENABLE_PARALLEL_EXECUTION=0 -DENABLE_QUERY_SPLIT=1 -DENABLE_SPECIFY_EST_STAT=0 -I/home/pei/Project/duckdb-polr/src/include -I/home/pei/Project/duckdb-polr/third_party/fsst -I/home/pei/Project/duckdb-polr/third_party/fmt/include -I/home/pei/Project/duckdb-polr/third_party/hyperloglog -I/home/pei/Project/duckdb-polr/third_party/fastpforlib -I/home/pei/Project/duckdb-polr/third_party/fast_float -I/home/pei/Project/duckdb-polr/third_party/re2 -I/home/pei/Project/duckdb-polr/third_party/miniz -I/home/pei/Project/duckdb-polr/third_party/utf8proc/include -I/home/pei/Project/duckdb-polr/third_party/miniparquet -I/home/pei/Project/duckdb-polr/third_party/concurrentqueue -I/home/pei/Project/duckdb-polr/third_party/pcg -I/home/pei/Project/duckdb-polr/third_party/tdigest -I/home/pei/Project/duckdb-polr/third_party/mbedtls/include -I/home/pei/Project/duckdb-polr/third_party/jaro_winkler -O3 -DNDEBUG -O3 -DNDEBUG   -fPIC -fdiagnostics-color=always -std=c++11 -MD -MT src/function/cast/CMakeFiles/duckdb_func_cast.dir/ub_duckdb_func_cast.cpp.o -MF src/function/cast/CMakeFiles/duckdb_func_cast.dir/ub_duckdb_func_cast.cpp.o.d -o src/function/cast/CMakeFiles/duckdb_func_cast.dir/ub_duckdb_func_cast.cpp.o -c /home/pei/Project/duckdb-polr/build/release/src/function/cast/ub_duckdb_func_cast.cpp
[30/376] /usr/bin/ccache /usr/lib/ccache/c++ -DDUCKDB -DDUCKDB_BUILD_LIBRARY -DDUCKDB_MAIN_LIBRARY -DENABLE_CROSS_PRODUCT_REWRITE=0 -DENABLE_DEBUG_PRINT=0 -DENABLE_MEASURE_EXE_TIME=0 -DENABLE_MERGE_BACK_PLAN=0 -DENABLE_PARALLEL_EXECUTION=0 -DENABLE_QUERY_SPLIT=1 -DENABLE_SPECIFY_EST_STAT=0 -I/home/pei/Project/duckdb-polr/src/include -I/home/pei/Project/duckdb-polr/third_party/fsst -I/home/pei/Project/duckdb-polr/third_party/fmt/include -I/home/pei/Project/duckdb-polr/third_party/hyperloglog -I/home/pei/Project/duckdb-polr/third_party/fastpforlib -I/home/pei/Project/duckdb-polr/third_party/fast_float -I/home/pei/Project/duckdb-polr/third_party/re2 -I/home/pei/Project/duckdb-polr/third_party/miniz -I/home/pei/Project/duckdb-polr/third_party/utf8proc/include -I/home/pei/Project/duckdb-polr/third_party/miniparquet -I/home/pei/Project/duckdb-polr/third_party/concurrentqueue -I/home/pei/Project/duckdb-polr/third_party/pcg -I/home/pei/Project/duckdb-polr/third_party/tdigest -I/home/pei/Project/duckdb-polr/third_party/mbedtls/include -I/home/pei/Project/duckdb-polr/third_party/jaro_winkler -O3 -DNDEBUG -O3 -DNDEBUG   -fPIC -fdiagnostics-color=always -std=c++11 -MD -MT src/function/scalar/CMakeFiles/duckdb_func_scalar.dir/ub_duckdb_func_scalar.cpp.o -MF src/function/scalar/CMakeFiles/duckdb_func_scalar.dir/ub_duckdb_func_scalar.cpp.o.d -o src/function/scalar/CMakeFiles/duckdb_func_scalar.dir/ub_duckdb_func_scalar.cpp.o -c /home/pei/Project/duckdb-polr/build/release/src/function/scalar/ub_duckdb_func_scalar.cpp
[31/376] /usr/bin/ccache /usr/lib/ccache/c++ -DDUCKDB -DDUCKDB_BUILD_LIBRARY -DDUCKDB_MAIN_LIBRARY -DENABLE_CROSS_PRODUCT_REWRITE=0 -DENABLE_DEBUG_PRINT=0 -DENABLE_MEASURE_EXE_TIME=0 -DENABLE_MERGE_BACK_PLAN=0 -DENABLE_PARALLEL_EXECUTION=0 -DENABLE_QUERY_SPLIT=1 -DENABLE_SPECIFY_EST_STAT=0 -I/home/pei/Project/duckdb-polr/src/include -I/home/pei/Project/duckdb-polr/third_party/fsst -I/home/pei/Project/duckdb-polr/third_party/fmt/include -I/home/pei/Project/duckdb-polr/third_party/hyperloglog -I/home/pei/Project/duckdb-polr/third_party/fastpforlib -I/home/pei/Project/duckdb-polr/third_party/fast_float -I/home/pei/Project/duckdb-polr/third_party/re2 -I/home/pei/Project/duckdb-polr/third_party/miniz -I/home/pei/Project/duckdb-polr/third_party/utf8proc/include -I/home/pei/Project/duckdb-polr/third_party/miniparquet -I/home/pei/Project/duckdb-polr/third_party/concurrentqueue -I/home/pei/Project/duckdb-polr/third_party/pcg -I/home/pei/Project/duckdb-polr/third_party/tdigest -I/home/pei/Project/duckdb-polr/third_party/mbedtls/include -I/home/pei/Project/duckdb-polr/third_party/jaro_winkler -O3 -DNDEBUG -O3 -DNDEBUG   -fPIC -fdiagnostics-color=always -std=c++11 -MD -MT src/function/scalar/blob/CMakeFiles/duckdb_func_blob.dir/ub_duckdb_func_blob.cpp.o -MF src/function/scalar/blob/CMakeFiles/duckdb_func_blob.dir/ub_duckdb_func_blob.cpp.o.d -o src/function/scalar/blob/CMakeFiles/duckdb_func_blob.dir/ub_duckdb_func_blob.cpp.o -c /home/pei/Project/duckdb-polr/build/release/src/function/scalar/blob/ub_duckdb_func_blob.cpp
[32/376] /usr/bin/ccache /usr/lib/ccache/c++ -DDUCKDB -DDUCKDB_BUILD_LIBRARY -DDUCKDB_MAIN_LIBRARY -DENABLE_CROSS_PRODUCT_REWRITE=0 -DENABLE_DEBUG_PRINT=0 -DENABLE_MEASURE_EXE_TIME=0 -DENABLE_MERGE_BACK_PLAN=0 -DENABLE_PARALLEL_EXECUTION=0 -DENABLE_QUERY_SPLIT=1 -DENABLE_SPECIFY_EST_STAT=0 -I/home/pei/Project/duckdb-polr/src/include -I/home/pei/Project/duckdb-polr/third_party/fsst -I/home/pei/Project/duckdb-polr/third_party/fmt/include -I/home/pei/Project/duckdb-polr/third_party/hyperloglog -I/home/pei/Project/duckdb-polr/third_party/fastpforlib -I/home/pei/Project/duckdb-polr/third_party/fast_float -I/home/pei/Project/duckdb-polr/third_party/re2 -I/home/pei/Project/duckdb-polr/third_party/miniz -I/home/pei/Project/duckdb-polr/third_party/utf8proc/include -I/home/pei/Project/duckdb-polr/third_party/miniparquet -I/home/pei/Project/duckdb-polr/third_party/concurrentqueue -I/home/pei/Project/duckdb-polr/third_party/pcg -I/home/pei/Project/duckdb-polr/third_party/tdigest -I/home/pei/Project/duckdb-polr/third_party/mbedtls/include -I/home/pei/Project/duckdb-polr/third_party/jaro_winkler -I/home/pei/Project/duckdb-polr/src/parser/../../third_party/libpg_query/include -I/home/pei/Project/duckdb-polr/src/parser/../../third_party/libpg_query -O3 -DNDEBUG -O3 -DNDEBUG   -fPIC -fdiagnostics-color=always -std=c++11 -MD -MT src/parser/statement/CMakeFiles/duckdb_statement.dir/ub_duckdb_statement.cpp.o -MF src/parser/statement/CMakeFiles/duckdb_statement.dir/ub_duckdb_statement.cpp.o.d -o src/parser/statement/CMakeFiles/duckdb_statement.dir/ub_duckdb_statement.cpp.o -c /home/pei/Project/duckdb-polr/build/release/src/parser/statement/ub_duckdb_statement.cpp
[33/376] /usr/bin/ccache /usr/lib/ccache/c++ -DDUCKDB -DDUCKDB_BUILD_LIBRARY -DDUCKDB_MAIN_LIBRARY -DENABLE_CROSS_PRODUCT_REWRITE=0 -DENABLE_DEBUG_PRINT=0 -DENABLE_MEASURE_EXE_TIME=0 -DENABLE_MERGE_BACK_PLAN=0 -DENABLE_PARALLEL_EXECUTION=0 -DENABLE_QUERY_SPLIT=1 -DENABLE_SPECIFY_EST_STAT=0 -I/home/pei/Project/duckdb-polr/src/include -I/home/pei/Project/duckdb-polr/third_party/fsst -I/home/pei/Project/duckdb-polr/third_party/fmt/include -I/home/pei/Project/duckdb-polr/third_party/hyperloglog -I/home/pei/Project/duckdb-polr/third_party/fastpforlib -I/home/pei/Project/duckdb-polr/third_party/fast_float -I/home/pei/Project/duckdb-polr/third_party/re2 -I/home/pei/Project/duckdb-polr/third_party/miniz -I/home/pei/Project/duckdb-polr/third_party/utf8proc/include -I/home/pei/Project/duckdb-polr/third_party/miniparquet -I/home/pei/Project/duckdb-polr/third_party/concurrentqueue -I/home/pei/Project/duckdb-polr/third_party/pcg -I/home/pei/Project/duckdb-polr/third_party/tdigest -I/home/pei/Project/duckdb-polr/third_party/mbedtls/include -I/home/pei/Project/duckdb-polr/third_party/jaro_winkler -O3 -DNDEBUG -O3 -DNDEBUG   -fPIC -fdiagnostics-color=always -std=c++11 -MD -MT src/planner/operator/CMakeFiles/duckdb_planner_operator.dir/ub_duckdb_planner_operator.cpp.o -MF src/planner/operator/CMakeFiles/duckdb_planner_operator.dir/ub_duckdb_planner_operator.cpp.o.d -o src/planner/operator/CMakeFiles/duckdb_planner_operator.dir/ub_duckdb_planner_operator.cpp.o -c /home/pei/Project/duckdb-polr/build/release/src/planner/operator/ub_duckdb_planner_operator.cpp
[34/376] /usr/bin/ccache /usr/lib/ccache/c++ -DDUCKDB -DDUCKDB_BUILD_LIBRARY -DDUCKDB_MAIN_LIBRARY -DENABLE_CROSS_PRODUCT_REWRITE=0 -DENABLE_DEBUG_PRINT=0 -DENABLE_MEASURE_EXE_TIME=0 -DENABLE_MERGE_BACK_PLAN=0 -DENABLE_PARALLEL_EXECUTION=0 -DENABLE_QUERY_SPLIT=1 -DENABLE_SPECIFY_EST_STAT=0 -I/home/pei/Project/duckdb-polr/src/include -I/home/pei/Project/duckdb-polr/third_party/fsst -I/home/pei/Project/duckdb-polr/third_party/fmt/include -I/home/pei/Project/duckdb-polr/third_party/hyperloglog -I/home/pei/Project/duckdb-polr/third_party/fastpforlib -I/home/pei/Project/duckdb-polr/third_party/fast_float -I/home/pei/Project/duckdb-polr/third_party/re2 -I/home/pei/Project/duckdb-polr/third_party/miniz -I/home/pei/Project/duckdb-polr/third_party/utf8proc/include -I/home/pei/Project/duckdb-polr/third_party/miniparquet -I/home/pei/Project/duckdb-polr/third_party/concurrentqueue -I/home/pei/Project/duckdb-polr/third_party/pcg -I/home/pei/Project/duckdb-polr/third_party/tdigest -I/home/pei/Project/duckdb-polr/third_party/mbedtls/include -I/home/pei/Project/duckdb-polr/third_party/jaro_winkler -I/home/pei/Project/duckdb-polr/src/parser/../../third_party/libpg_query/include -I/home/pei/Project/duckdb-polr/src/parser/../../third_party/libpg_query -O3 -DNDEBUG -O3 -DNDEBUG   -fPIC -fdiagnostics-color=always -std=c++11 -MD -MT src/parser/CMakeFiles/duckdb_parser.dir/ub_duckdb_parser.cpp.o -MF src/parser/CMakeFiles/duckdb_parser.dir/ub_duckdb_parser.cpp.o.d -o src/parser/CMakeFiles/duckdb_parser.dir/ub_duckdb_parser.cpp.o -c /home/pei/Project/duckdb-polr/build/release/src/parser/ub_duckdb_parser.cpp
[35/376] /usr/bin/ccache /usr/lib/ccache/c++ -DDUCKDB -DDUCKDB_BUILD_LIBRARY -DDUCKDB_MAIN_LIBRARY -DENABLE_CROSS_PRODUCT_REWRITE=0 -DENABLE_DEBUG_PRINT=0 -DENABLE_MEASURE_EXE_TIME=0 -DENABLE_MERGE_BACK_PLAN=0 -DENABLE_PARALLEL_EXECUTION=0 -DENABLE_QUERY_SPLIT=1 -DENABLE_SPECIFY_EST_STAT=0 -I/home/pei/Project/duckdb-polr/src/include -I/home/pei/Project/duckdb-polr/third_party/fsst -I/home/pei/Project/duckdb-polr/third_party/fmt/include -I/home/pei/Project/duckdb-polr/third_party/hyperloglog -I/home/pei/Project/duckdb-polr/third_party/fastpforlib -I/home/pei/Project/duckdb-polr/third_party/fast_float -I/home/pei/Project/duckdb-polr/third_party/re2 -I/home/pei/Project/duckdb-polr/third_party/miniz -I/home/pei/Project/duckdb-polr/third_party/utf8proc/include -I/home/pei/Project/duckdb-polr/third_party/miniparquet -I/home/pei/Project/duckdb-polr/third_party/concurrentqueue -I/home/pei/Project/duckdb-polr/third_party/pcg -I/home/pei/Project/duckdb-polr/third_party/tdigest -I/home/pei/Project/duckdb-polr/third_party/mbedtls/include -I/home/pei/Project/duckdb-polr/third_party/jaro_winkler -O3 -DNDEBUG -O3 -DNDEBUG   -fPIC -fdiagnostics-color=always -std=c++11 -MD -MT src/function/scalar/map/CMakeFiles/duckdb_func_map_nested.dir/ub_duckdb_func_map_nested.cpp.o -MF src/function/scalar/map/CMakeFiles/duckdb_func_map_nested.dir/ub_duckdb_func_map_nested.cpp.o.d -o src/function/scalar/map/CMakeFiles/duckdb_func_map_nested.dir/ub_duckdb_func_map_nested.cpp.o -c /home/pei/Project/duckdb-polr/build/release/src/function/scalar/map/ub_duckdb_func_map_nested.cpp
[36/376] /usr/bin/ccache /usr/lib/ccache/c++ -DDUCKDB -DDUCKDB_BUILD_LIBRARY -DDUCKDB_MAIN_LIBRARY -DENABLE_CROSS_PRODUCT_REWRITE=0 -DENABLE_DEBUG_PRINT=0 -DENABLE_MEASURE_EXE_TIME=0 -DENABLE_MERGE_BACK_PLAN=0 -DENABLE_PARALLEL_EXECUTION=0 -DENABLE_QUERY_SPLIT=1 -DENABLE_SPECIFY_EST_STAT=0 -I/home/pei/Project/duckdb-polr/src/include -I/home/pei/Project/duckdb-polr/third_party/fsst -I/home/pei/Project/duckdb-polr/third_party/fmt/include -I/home/pei/Project/duckdb-polr/third_party/hyperloglog -I/home/pei/Project/duckdb-polr/third_party/fastpforlib -I/home/pei/Project/duckdb-polr/third_party/fast_float -I/home/pei/Project/duckdb-polr/third_party/re2 -I/home/pei/Project/duckdb-polr/third_party/miniz -I/home/pei/Project/duckdb-polr/third_party/utf8proc/include -I/home/pei/Project/duckdb-polr/third_party/miniparquet -I/home/pei/Project/duckdb-polr/third_party/concurrentqueue -I/home/pei/Project/duckdb-polr/third_party/pcg -I/home/pei/Project/duckdb-polr/third_party/tdigest -I/home/pei/Project/duckdb-polr/third_party/mbedtls/include -I/home/pei/Project/duckdb-polr/third_party/jaro_winkler -O3 -DNDEBUG -O3 -DNDEBUG   -fPIC -fdiagnostics-color=always -std=c++11 -MD -MT src/function/scalar/operators/CMakeFiles/duckdb_func_ops.dir/ub_duckdb_func_ops.cpp.o -MF src/function/scalar/operators/CMakeFiles/duckdb_func_ops.dir/ub_duckdb_func_ops.cpp.o.d -o src/function/scalar/operators/CMakeFiles/duckdb_func_ops.dir/ub_duckdb_func_ops.cpp.o -c /home/pei/Project/duckdb-polr/build/release/src/function/scalar/operators/ub_duckdb_func_ops.cpp
[37/376] /usr/bin/ccache /usr/lib/ccache/c++ -DDUCKDB -DDUCKDB_BUILD_LIBRARY -DDUCKDB_MAIN_LIBRARY -DENABLE_CROSS_PRODUCT_REWRITE=0 -DENABLE_DEBUG_PRINT=0 -DENABLE_MEASURE_EXE_TIME=0 -DENABLE_MERGE_BACK_PLAN=0 -DENABLE_PARALLEL_EXECUTION=0 -DENABLE_QUERY_SPLIT=1 -DENABLE_SPECIFY_EST_STAT=0 -I/home/pei/Project/duckdb-polr/src/include -I/home/pei/Project/duckdb-polr/third_party/fsst -I/home/pei/Project/duckdb-polr/third_party/fmt/include -I/home/pei/Project/duckdb-polr/third_party/hyperloglog -I/home/pei/Project/duckdb-polr/third_party/fastpforlib -I/home/pei/Project/duckdb-polr/third_party/fast_float -I/home/pei/Project/duckdb-polr/third_party/re2 -I/home/pei/Project/duckdb-polr/third_party/miniz -I/home/pei/Project/duckdb-polr/third_party/utf8proc/include -I/home/pei/Project/duckdb-polr/third_party/miniparquet -I/home/pei/Project/duckdb-polr/third_party/concurrentqueue -I/home/pei/Project/duckdb-polr/third_party/pcg -I/home/pei/Project/duckdb-polr/third_party/tdigest -I/home/pei/Project/duckdb-polr/third_party/mbedtls/include -I/home/pei/Project/duckdb-polr/third_party/jaro_winkler -O3 -DNDEBUG -O3 -DNDEBUG   -fPIC -fdiagnostics-color=always -std=c++11 -MD -MT src/function/aggregate/CMakeFiles/duckdb_func_aggr.dir/ub_duckdb_func_aggr.cpp.o -MF src/function/aggregate/CMakeFiles/duckdb_func_aggr.dir/ub_duckdb_func_aggr.cpp.o.d -o src/function/aggregate/CMakeFiles/duckdb_func_aggr.dir/ub_duckdb_func_aggr.cpp.o -c /home/pei/Project/duckdb-polr/build/release/src/function/aggregate/ub_duckdb_func_aggr.cpp
[38/376] /usr/bin/ccache /usr/lib/ccache/c++ -DDUCKDB -DDUCKDB_BUILD_LIBRARY -DDUCKDB_MAIN_LIBRARY -DENABLE_CROSS_PRODUCT_REWRITE=0 -DENABLE_DEBUG_PRINT=0 -DENABLE_MEASURE_EXE_TIME=0 -DENABLE_MERGE_BACK_PLAN=0 -DENABLE_PARALLEL_EXECUTION=0 -DENABLE_QUERY_SPLIT=1 -DENABLE_SPECIFY_EST_STAT=0 -I/home/pei/Project/duckdb-polr/src/include -I/home/pei/Project/duckdb-polr/third_party/fsst -I/home/pei/Project/duckdb-polr/third_party/fmt/include -I/home/pei/Project/duckdb-polr/third_party/hyperloglog -I/home/pei/Project/duckdb-polr/third_party/fastpforlib -I/home/pei/Project/duckdb-polr/third_party/fast_float -I/home/pei/Project/duckdb-polr/third_party/re2 -I/home/pei/Project/duckdb-polr/third_party/miniz -I/home/pei/Project/duckdb-polr/third_party/utf8proc/include -I/home/pei/Project/duckdb-polr/third_party/miniparquet -I/home/pei/Project/duckdb-polr/third_party/concurrentqueue -I/home/pei/Project/duckdb-polr/third_party/pcg -I/home/pei/Project/duckdb-polr/third_party/tdigest -I/home/pei/Project/duckdb-polr/third_party/mbedtls/include -I/home/pei/Project/duckdb-polr/third_party/jaro_winkler -O3 -DNDEBUG -O3 -DNDEBUG   -fPIC -fdiagnostics-color=always -std=c++11 -MD -MT src/planner/CMakeFiles/duckdb_planner.dir/ub_duckdb_planner.cpp.o -MF src/planner/CMakeFiles/duckdb_planner.dir/ub_duckdb_planner.cpp.o.d -o src/planner/CMakeFiles/duckdb_planner.dir/ub_duckdb_planner.cpp.o -c /home/pei/Project/duckdb-polr/build/release/src/planner/ub_duckdb_planner.cpp
[39/376] /usr/bin/ccache /usr/lib/ccache/c++ -DDUCKDB -DDUCKDB_BUILD_LIBRARY -DDUCKDB_MAIN_LIBRARY -DENABLE_CROSS_PRODUCT_REWRITE=0 -DENABLE_DEBUG_PRINT=0 -DENABLE_MEASURE_EXE_TIME=0 -DENABLE_MERGE_BACK_PLAN=0 -DENABLE_PARALLEL_EXECUTION=0 -DENABLE_QUERY_SPLIT=1 -DENABLE_SPECIFY_EST_STAT=0 -I/home/pei/Project/duckdb-polr/src/include -I/home/pei/Project/duckdb-polr/third_party/fsst -I/home/pei/Project/duckdb-polr/third_party/fmt/include -I/home/pei/Project/duckdb-polr/third_party/hyperloglog -I/home/pei/Project/duckdb-polr/third_party/fastpforlib -I/home/pei/Project/duckdb-polr/third_party/fast_float -I/home/pei/Project/duckdb-polr/third_party/re2 -I/home/pei/Project/duckdb-polr/third_party/miniz -I/home/pei/Project/duckdb-polr/third_party/utf8proc/include -I/home/pei/Project/duckdb-polr/third_party/miniparquet -I/home/pei/Project/duckdb-polr/third_party/concurrentqueue -I/home/pei/Project/duckdb-polr/third_party/pcg -I/home/pei/Project/duckdb-polr/third_party/tdigest -I/home/pei/Project/duckdb-polr/third_party/mbedtls/include -I/home/pei/Project/duckdb-polr/third_party/jaro_winkler -O3 -DNDEBUG -O3 -DNDEBUG   -fPIC -fdiagnostics-color=always -std=c++11 -MD -MT src/optimizer/CMakeFiles/duckdb_optimizer.dir/ub_duckdb_optimizer.cpp.o -MF src/optimizer/CMakeFiles/duckdb_optimizer.dir/ub_duckdb_optimizer.cpp.o.d -o src/optimizer/CMakeFiles/duckdb_optimizer.dir/ub_duckdb_optimizer.cpp.o -c /home/pei/Project/duckdb-polr/build/release/src/optimizer/ub_duckdb_optimizer.cpp
In file included from /home/pei/Project/duckdb-polr/src/include/duckdb/optimizer/optimizer.hpp:15,
                 from /home/pei/Project/duckdb-polr/src/include/duckdb/optimizer/expression_heuristics.hpp:11,
                 from /home/pei/Project/duckdb-polr/src/optimizer/expression_heuristics.cpp:1,
                 from /home/pei/Project/duckdb-polr/build/release/src/optimizer/ub_duckdb_optimizer.cpp:6:
/home/pei/Project/duckdb-polr/src/include/duckdb/optimizer/query_split/query_split.hpp:23:1: warning: inline variables are only available with ‘-std=c++17’ or ‘-std=gnu++17’ [-Wc++17-extensions]
   23 | inline bool execute_plan = false;
      | ^~~~~~
[40/376] /usr/bin/ccache /usr/lib/ccache/c++ -DDUCKDB -DDUCKDB_BUILD_LIBRARY -DDUCKDB_MAIN_LIBRARY -DENABLE_CROSS_PRODUCT_REWRITE=0 -DENABLE_DEBUG_PRINT=0 -DENABLE_MEASURE_EXE_TIME=0 -DENABLE_MERGE_BACK_PLAN=0 -DENABLE_PARALLEL_EXECUTION=0 -DENABLE_QUERY_SPLIT=1 -DENABLE_SPECIFY_EST_STAT=0 -I/home/pei/Project/duckdb-polr/src/include -I/home/pei/Project/duckdb-polr/third_party/fsst -I/home/pei/Project/duckdb-polr/third_party/fmt/include -I/home/pei/Project/duckdb-polr/third_party/hyperloglog -I/home/pei/Project/duckdb-polr/third_party/fastpforlib -I/home/pei/Project/duckdb-polr/third_party/fast_float -I/home/pei/Project/duckdb-polr/third_party/re2 -I/home/pei/Project/duckdb-polr/third_party/miniz -I/home/pei/Project/duckdb-polr/third_party/utf8proc/include -I/home/pei/Project/duckdb-polr/third_party/miniparquet -I/home/pei/Project/duckdb-polr/third_party/concurrentqueue -I/home/pei/Project/duckdb-polr/third_party/pcg -I/home/pei/Project/duckdb-polr/third_party/tdigest -I/home/pei/Project/duckdb-polr/third_party/mbedtls/include -I/home/pei/Project/duckdb-polr/third_party/jaro_winkler -O3 -DNDEBUG -O3 -DNDEBUG   -fPIC -fdiagnostics-color=always -std=c++11 -MD -MT src/function/CMakeFiles/duckdb_function.dir/ub_duckdb_function.cpp.o -MF src/function/CMakeFiles/duckdb_function.dir/ub_duckdb_function.cpp.o.d -o src/function/CMakeFiles/duckdb_function.dir/ub_duckdb_function.cpp.o -c /home/pei/Project/duckdb-polr/build/release/src/function/ub_duckdb_function.cpp
[41/376] /usr/bin/ccache /usr/lib/ccache/c++ -DDUCKDB -DDUCKDB_BUILD_LIBRARY -DDUCKDB_MAIN_LIBRARY -DENABLE_CROSS_PRODUCT_REWRITE=0 -DENABLE_DEBUG_PRINT=0 -DENABLE_MEASURE_EXE_TIME=0 -DENABLE_MERGE_BACK_PLAN=0 -DENABLE_PARALLEL_EXECUTION=0 -DENABLE_QUERY_SPLIT=1 -DENABLE_SPECIFY_EST_STAT=0 -I/home/pei/Project/duckdb-polr/src/include -I/home/pei/Project/duckdb-polr/third_party/fsst -I/home/pei/Project/duckdb-polr/third_party/fmt/include -I/home/pei/Project/duckdb-polr/third_party/hyperloglog -I/home/pei/Project/duckdb-polr/third_party/fastpforlib -I/home/pei/Project/duckdb-polr/third_party/fast_float -I/home/pei/Project/duckdb-polr/third_party/re2 -I/home/pei/Project/duckdb-polr/third_party/miniz -I/home/pei/Project/duckdb-polr/third_party/utf8proc/include -I/home/pei/Project/duckdb-polr/third_party/miniparquet -I/home/pei/Project/duckdb-polr/third_party/concurrentqueue -I/home/pei/Project/duckdb-polr/third_party/pcg -I/home/pei/Project/duckdb-polr/third_party/tdigest -I/home/pei/Project/duckdb-polr/third_party/mbedtls/include -I/home/pei/Project/duckdb-polr/third_party/jaro_winkler -O3 -DNDEBUG -O3 -DNDEBUG   -fPIC -fdiagnostics-color=always -std=c++11 -MD -MT src/function/pragma/CMakeFiles/duckdb_func_pragma.dir/ub_duckdb_func_pragma.cpp.o -MF src/function/pragma/CMakeFiles/duckdb_func_pragma.dir/ub_duckdb_func_pragma.cpp.o.d -o src/function/pragma/CMakeFiles/duckdb_func_pragma.dir/ub_duckdb_func_pragma.cpp.o -c /home/pei/Project/duckdb-polr/build/release/src/function/pragma/ub_duckdb_func_pragma.cpp
[42/376] /usr/bin/ccache /usr/lib/ccache/c++ -DDUCKDB -DDUCKDB_BUILD_LIBRARY -DDUCKDB_MAIN_LIBRARY -DENABLE_CROSS_PRODUCT_REWRITE=0 -DENABLE_DEBUG_PRINT=0 -DENABLE_MEASURE_EXE_TIME=0 -DENABLE_MERGE_BACK_PLAN=0 -DENABLE_PARALLEL_EXECUTION=0 -DENABLE_QUERY_SPLIT=1 -DENABLE_SPECIFY_EST_STAT=0 -I/home/pei/Project/duckdb-polr/src/include -I/home/pei/Project/duckdb-polr/third_party/fsst -I/home/pei/Project/duckdb-polr/third_party/fmt/include -I/home/pei/Project/duckdb-polr/third_party/hyperloglog -I/home/pei/Project/duckdb-polr/third_party/fastpforlib -I/home/pei/Project/duckdb-polr/third_party/fast_float -I/home/pei/Project/duckdb-polr/third_party/re2 -I/home/pei/Project/duckdb-polr/third_party/miniz -I/home/pei/Project/duckdb-polr/third_party/utf8proc/include -I/home/pei/Project/duckdb-polr/third_party/miniparquet -I/home/pei/Project/duckdb-polr/third_party/concurrentqueue -I/home/pei/Project/duckdb-polr/third_party/pcg -I/home/pei/Project/duckdb-polr/third_party/tdigest -I/home/pei/Project/duckdb-polr/third_party/mbedtls/include -I/home/pei/Project/duckdb-polr/third_party/jaro_winkler -O3 -DNDEBUG -O3 -DNDEBUG   -fPIC -fdiagnostics-color=always -std=c++11 -MD -MT src/function/scalar/sequence/CMakeFiles/duckdb_func_seq.dir/ub_duckdb_func_seq.cpp.o -MF src/function/scalar/sequence/CMakeFiles/duckdb_func_seq.dir/ub_duckdb_func_seq.cpp.o.d -o src/function/scalar/sequence/CMakeFiles/duckdb_func_seq.dir/ub_duckdb_func_seq.cpp.o -c /home/pei/Project/duckdb-polr/build/release/src/function/scalar/sequence/ub_duckdb_func_seq.cpp
[43/376] /usr/bin/ccache /usr/lib/ccache/c++ -DDUCKDB -DDUCKDB_BUILD_LIBRARY -DDUCKDB_MAIN_LIBRARY -DENABLE_CROSS_PRODUCT_REWRITE=0 -DENABLE_DEBUG_PRINT=0 -DENABLE_MEASURE_EXE_TIME=0 -DENABLE_MERGE_BACK_PLAN=0 -DENABLE_PARALLEL_EXECUTION=0 -DENABLE_QUERY_SPLIT=1 -DENABLE_SPECIFY_EST_STAT=0 -I/home/pei/Project/duckdb-polr/src/include -I/home/pei/Project/duckdb-polr/third_party/fsst -I/home/pei/Project/duckdb-polr/third_party/fmt/include -I/home/pei/Project/duckdb-polr/third_party/hyperloglog -I/home/pei/Project/duckdb-polr/third_party/fastpforlib -I/home/pei/Project/duckdb-polr/third_party/fast_float -I/home/pei/Project/duckdb-polr/third_party/re2 -I/home/pei/Project/duckdb-polr/third_party/miniz -I/home/pei/Project/duckdb-polr/third_party/utf8proc/include -I/home/pei/Project/duckdb-polr/third_party/miniparquet -I/home/pei/Project/duckdb-polr/third_party/concurrentqueue -I/home/pei/Project/duckdb-polr/third_party/pcg -I/home/pei/Project/duckdb-polr/third_party/tdigest -I/home/pei/Project/duckdb-polr/third_party/mbedtls/include -I/home/pei/Project/duckdb-polr/third_party/jaro_winkler -O3 -DNDEBUG -O3 -DNDEBUG   -fPIC -fdiagnostics-color=always -std=c++11 -MD -MT src/function/scalar/enum/CMakeFiles/duckdb_func_enum.dir/ub_duckdb_func_enum.cpp.o -MF src/function/scalar/enum/CMakeFiles/duckdb_func_enum.dir/ub_duckdb_func_enum.cpp.o.d -o src/function/scalar/enum/CMakeFiles/duckdb_func_enum.dir/ub_duckdb_func_enum.cpp.o -c /home/pei/Project/duckdb-polr/build/release/src/function/scalar/enum/ub_duckdb_func_enum.cpp
[44/376] /usr/bin/ccache /usr/lib/ccache/c++ -DDUCKDB -DDUCKDB_BUILD_LIBRARY -DDUCKDB_MAIN_LIBRARY -DENABLE_CROSS_PRODUCT_REWRITE=0 -DENABLE_DEBUG_PRINT=0 -DENABLE_MEASURE_EXE_TIME=0 -DENABLE_MERGE_BACK_PLAN=0 -DENABLE_PARALLEL_EXECUTION=0 -DENABLE_QUERY_SPLIT=1 -DENABLE_SPECIFY_EST_STAT=0 -I/home/pei/Project/duckdb-polr/src/include -I/home/pei/Project/duckdb-polr/third_party/fsst -I/home/pei/Project/duckdb-polr/third_party/fmt/include -I/home/pei/Project/duckdb-polr/third_party/hyperloglog -I/home/pei/Project/duckdb-polr/third_party/fastpforlib -I/home/pei/Project/duckdb-polr/third_party/fast_float -I/home/pei/Project/duckdb-polr/third_party/re2 -I/home/pei/Project/duckdb-polr/third_party/miniz -I/home/pei/Project/duckdb-polr/third_party/utf8proc/include -I/home/pei/Project/duckdb-polr/third_party/miniparquet -I/home/pei/Project/duckdb-polr/third_party/concurrentqueue -I/home/pei/Project/duckdb-polr/third_party/pcg -I/home/pei/Project/duckdb-polr/third_party/tdigest -I/home/pei/Project/duckdb-polr/third_party/mbedtls/include -I/home/pei/Project/duckdb-polr/third_party/jaro_winkler -O3 -DNDEBUG -O3 -DNDEBUG   -fPIC -fdiagnostics-color=always -std=c++11 -MD -MT src/planner/binder/statement/CMakeFiles/duckdb_bind_statement.dir/ub_duckdb_bind_statement.cpp.o -MF src/planner/binder/statement/CMakeFiles/duckdb_bind_statement.dir/ub_duckdb_bind_statement.cpp.o.d -o src/planner/binder/statement/CMakeFiles/duckdb_bind_statement.dir/ub_duckdb_bind_statement.cpp.o -c /home/pei/Project/duckdb-polr/build/release/src/planner/binder/statement/ub_duckdb_bind_statement.cpp
[45/376] /usr/bin/ccache /usr/lib/ccache/c++ -DDUCKDB -DDUCKDB_BUILD_LIBRARY -DDUCKDB_MAIN_LIBRARY -DENABLE_CROSS_PRODUCT_REWRITE=0 -DENABLE_DEBUG_PRINT=0 -DENABLE_MEASURE_EXE_TIME=0 -DENABLE_MERGE_BACK_PLAN=0 -DENABLE_PARALLEL_EXECUTION=0 -DENABLE_QUERY_SPLIT=1 -DENABLE_SPECIFY_EST_STAT=0 -I/home/pei/Project/duckdb-polr/src/include -I/home/pei/Project/duckdb-polr/third_party/fsst -I/home/pei/Project/duckdb-polr/third_party/fmt/include -I/home/pei/Project/duckdb-polr/third_party/hyperloglog -I/home/pei/Project/duckdb-polr/third_party/fastpforlib -I/home/pei/Project/duckdb-polr/third_party/fast_float -I/home/pei/Project/duckdb-polr/third_party/re2 -I/home/pei/Project/duckdb-polr/third_party/miniz -I/home/pei/Project/duckdb-polr/third_party/utf8proc/include -I/home/pei/Project/duckdb-polr/third_party/miniparquet -I/home/pei/Project/duckdb-polr/third_party/concurrentqueue -I/home/pei/Project/duckdb-polr/third_party/pcg -I/home/pei/Project/duckdb-polr/third_party/tdigest -I/home/pei/Project/duckdb-polr/third_party/mbedtls/include -I/home/pei/Project/duckdb-polr/third_party/jaro_winkler -I/home/pei/Project/duckdb-polr/src/parser/../../third_party/libpg_query/include -I/home/pei/Project/duckdb-polr/src/parser/../../third_party/libpg_query -O3 -DNDEBUG -O3 -DNDEBUG   -fPIC -fdiagnostics-color=always -std=c++11 -MD -MT src/parser/transform/statement/CMakeFiles/duckdb_transformer_statement.dir/ub_duckdb_transformer_statement.cpp.o -MF src/parser/transform/statement/CMakeFiles/duckdb_transformer_statement.dir/ub_duckdb_transformer_statement.cpp.o.d -o src/parser/transform/statement/CMakeFiles/duckdb_transformer_statement.dir/ub_duckdb_transformer_statement.cpp.o -c /home/pei/Project/duckdb-polr/build/release/src/parser/transform/statement/ub_duckdb_transformer_statement.cpp
[46/376] /usr/bin/ccache /usr/lib/ccache/c++ -DDUCKDB -DDUCKDB_BUILD_LIBRARY -DDUCKDB_MAIN_LIBRARY -DDUCKDB_SOURCE_ID=\"\"\"cd7a58694b\"\"\" -DDUCKDB_VERSION=\"\"\"v..1-dev\"\"\" -DENABLE_CROSS_PRODUCT_REWRITE=0 -DENABLE_DEBUG_PRINT=0 -DENABLE_MEASURE_EXE_TIME=0 -DENABLE_MERGE_BACK_PLAN=0 -DENABLE_PARALLEL_EXECUTION=0 -DENABLE_QUERY_SPLIT=1 -DENABLE_SPECIFY_EST_STAT=0 -I/home/pei/Project/duckdb-polr/src/include -I/home/pei/Project/duckdb-polr/third_party/fsst -I/home/pei/Project/duckdb-polr/third_party/fmt/include -I/home/pei/Project/duckdb-polr/third_party/hyperloglog -I/home/pei/Project/duckdb-polr/third_party/fastpforlib -I/home/pei/Project/duckdb-polr/third_party/fast_float -I/home/pei/Project/duckdb-polr/third_party/re2 -I/home/pei/Project/duckdb-polr/third_party/miniz -I/home/pei/Project/duckdb-polr/third_party/utf8proc/include -I/home/pei/Project/duckdb-polr/third_party/miniparquet -I/home/pei/Project/duckdb-polr/third_party/concurrentqueue -I/home/pei/Project/duckdb-polr/third_party/pcg -I/home/pei/Project/duckdb-polr/third_party/tdigest -I/home/pei/Project/duckdb-polr/third_party/mbedtls/include -I/home/pei/Project/duckdb-polr/third_party/jaro_winkler -O3 -DNDEBUG -O3 -DNDEBUG   -fPIC -fdiagnostics-color=always -std=c++11 -MD -MT src/function/table/version/CMakeFiles/duckdb_func_table_version.dir/ub_duckdb_func_table_version.cpp.o -MF src/function/table/version/CMakeFiles/duckdb_func_table_version.dir/ub_duckdb_func_table_version.cpp.o.d -o src/function/table/version/CMakeFiles/duckdb_func_table_version.dir/ub_duckdb_func_table_version.cpp.o -c /home/pei/Project/duckdb-polr/build/release/src/function/table/version/ub_duckdb_func_table_version.cpp
[47/376] /usr/bin/ccache /usr/lib/ccache/c++ -DDUCKDB -DDUCKDB_BUILD_LIBRARY -DDUCKDB_MAIN_LIBRARY -DENABLE_CROSS_PRODUCT_REWRITE=0 -DENABLE_DEBUG_PRINT=0 -DENABLE_MEASURE_EXE_TIME=0 -DENABLE_MERGE_BACK_PLAN=0 -DENABLE_PARALLEL_EXECUTION=0 -DENABLE_QUERY_SPLIT=1 -DENABLE_SPECIFY_EST_STAT=0 -I/home/pei/Project/duckdb-polr/src/include -I/home/pei/Project/duckdb-polr/third_party/fsst -I/home/pei/Project/duckdb-polr/third_party/fmt/include -I/home/pei/Project/duckdb-polr/third_party/hyperloglog -I/home/pei/Project/duckdb-polr/third_party/fastpforlib -I/home/pei/Project/duckdb-polr/third_party/fast_float -I/home/pei/Project/duckdb-polr/third_party/re2 -I/home/pei/Project/duckdb-polr/third_party/miniz -I/home/pei/Project/duckdb-polr/third_party/utf8proc/include -I/home/pei/Project/duckdb-polr/third_party/miniparquet -I/home/pei/Project/duckdb-polr/third_party/concurrentqueue -I/home/pei/Project/duckdb-polr/third_party/pcg -I/home/pei/Project/duckdb-polr/third_party/tdigest -I/home/pei/Project/duckdb-polr/third_party/mbedtls/include -I/home/pei/Project/duckdb-polr/third_party/jaro_winkler -O3 -DNDEBUG -O3 -DNDEBUG   -fPIC -fdiagnostics-color=always -std=c++11 -MD -MT src/function/scalar/generic/CMakeFiles/duckdb_func_generic.dir/ub_duckdb_func_generic.cpp.o -MF src/function/scalar/generic/CMakeFiles/duckdb_func_generic.dir/ub_duckdb_func_generic.cpp.o.d -o src/function/scalar/generic/CMakeFiles/duckdb_func_generic.dir/ub_duckdb_func_generic.cpp.o -c /home/pei/Project/duckdb-polr/build/release/src/function/scalar/generic/ub_duckdb_func_generic.cpp
[48/376] /usr/bin/ccache /usr/lib/ccache/c++ -DDUCKDB -DDUCKDB_BUILD_LIBRARY -DDUCKDB_MAIN_LIBRARY -DENABLE_CROSS_PRODUCT_REWRITE=0 -DENABLE_DEBUG_PRINT=0 -DENABLE_MEASURE_EXE_TIME=0 -DENABLE_MERGE_BACK_PLAN=0 -DENABLE_PARALLEL_EXECUTION=0 -DENABLE_QUERY_SPLIT=1 -DENABLE_SPECIFY_EST_STAT=0 -I/home/pei/Project/duckdb-polr/src/include -I/home/pei/Project/duckdb-polr/third_party/fsst -I/home/pei/Project/duckdb-polr/third_party/fmt/include -I/home/pei/Project/duckdb-polr/third_party/hyperloglog -I/home/pei/Project/duckdb-polr/third_party/fastpforlib -I/home/pei/Project/duckdb-polr/third_party/fast_float -I/home/pei/Project/duckdb-polr/third_party/re2 -I/home/pei/Project/duckdb-polr/third_party/miniz -I/home/pei/Project/duckdb-polr/third_party/utf8proc/include -I/home/pei/Project/duckdb-polr/third_party/miniparquet -I/home/pei/Project/duckdb-polr/third_party/concurrentqueue -I/home/pei/Project/duckdb-polr/third_party/pcg -I/home/pei/Project/duckdb-polr/third_party/tdigest -I/home/pei/Project/duckdb-polr/third_party/mbedtls/include -I/home/pei/Project/duckdb-polr/third_party/jaro_winkler -O3 -DNDEBUG -O3 -DNDEBUG   -fPIC -fdiagnostics-color=always -std=c++11 -MD -MT src/function/scalar/struct/CMakeFiles/duckdb_func_struct.dir/ub_duckdb_func_struct.cpp.o -MF src/function/scalar/struct/CMakeFiles/duckdb_func_struct.dir/ub_duckdb_func_struct.cpp.o.d -o src/function/scalar/struct/CMakeFiles/duckdb_func_struct.dir/ub_duckdb_func_struct.cpp.o -c /home/pei/Project/duckdb-polr/build/release/src/function/scalar/struct/ub_duckdb_func_struct.cpp
[49/376] /usr/bin/ccache /usr/lib/ccache/c++ -DDUCKDB -DDUCKDB_BUILD_LIBRARY -DDUCKDB_MAIN_LIBRARY -DENABLE_CROSS_PRODUCT_REWRITE=0 -DENABLE_DEBUG_PRINT=0 -DENABLE_MEASURE_EXE_TIME=0 -DENABLE_MERGE_BACK_PLAN=0 -DENABLE_PARALLEL_EXECUTION=0 -DENABLE_QUERY_SPLIT=1 -DENABLE_SPECIFY_EST_STAT=0 -I/home/pei/Project/duckdb-polr/src/include -I/home/pei/Project/duckdb-polr/third_party/fsst -I/home/pei/Project/duckdb-polr/third_party/fmt/include -I/home/pei/Project/duckdb-polr/third_party/hyperloglog -I/home/pei/Project/duckdb-polr/third_party/fastpforlib -I/home/pei/Project/duckdb-polr/third_party/fast_float -I/home/pei/Project/duckdb-polr/third_party/re2 -I/home/pei/Project/duckdb-polr/third_party/miniz -I/home/pei/Project/duckdb-polr/third_party/utf8proc/include -I/home/pei/Project/duckdb-polr/third_party/miniparquet -I/home/pei/Project/duckdb-polr/third_party/concurrentqueue -I/home/pei/Project/duckdb-polr/third_party/pcg -I/home/pei/Project/duckdb-polr/third_party/tdigest -I/home/pei/Project/duckdb-polr/third_party/mbedtls/include -I/home/pei/Project/duckdb-polr/third_party/jaro_winkler -O3 -DNDEBUG -O3 -DNDEBUG   -fPIC -fdiagnostics-color=always -std=c++11 -MD -MT src/function/scalar/union/CMakeFiles/duckdb_func_union.dir/ub_duckdb_func_union.cpp.o -MF src/function/scalar/union/CMakeFiles/duckdb_func_union.dir/ub_duckdb_func_union.cpp.o.d -o src/function/scalar/union/CMakeFiles/duckdb_func_union.dir/ub_duckdb_func_union.cpp.o -c /home/pei/Project/duckdb-polr/build/release/src/function/scalar/union/ub_duckdb_func_union.cpp
[50/376] /usr/bin/ccache /usr/lib/ccache/c++ -DDUCKDB -DDUCKDB_BUILD_LIBRARY -DDUCKDB_MAIN_LIBRARY -DENABLE_CROSS_PRODUCT_REWRITE=0 -DENABLE_DEBUG_PRINT=0 -DENABLE_MEASURE_EXE_TIME=0 -DENABLE_MERGE_BACK_PLAN=0 -DENABLE_PARALLEL_EXECUTION=0 -DENABLE_QUERY_SPLIT=1 -DENABLE_SPECIFY_EST_STAT=0 -I/home/pei/Project/duckdb-polr/src/include -I/home/pei/Project/duckdb-polr/third_party/fsst -I/home/pei/Project/duckdb-polr/third_party/fmt/include -I/home/pei/Project/duckdb-polr/third_party/hyperloglog -I/home/pei/Project/duckdb-polr/third_party/fastpforlib -I/home/pei/Project/duckdb-polr/third_party/fast_float -I/home/pei/Project/duckdb-polr/third_party/re2 -I/home/pei/Project/duckdb-polr/third_party/miniz -I/home/pei/Project/duckdb-polr/third_party/utf8proc/include -I/home/pei/Project/duckdb-polr/third_party/miniparquet -I/home/pei/Project/duckdb-polr/third_party/concurrentqueue -I/home/pei/Project/duckdb-polr/third_party/pcg -I/home/pei/Project/duckdb-polr/third_party/tdigest -I/home/pei/Project/duckdb-polr/third_party/mbedtls/include -I/home/pei/Project/duckdb-polr/third_party/jaro_winkler -O3 -DNDEBUG -O3 -DNDEBUG   -fPIC -fdiagnostics-color=always -std=c++11 -MD -MT src/common/arrow/CMakeFiles/duckdb_common_arrow.dir/ub_duckdb_common_arrow.cpp.o -MF src/common/arrow/CMakeFiles/duckdb_common_arrow.dir/ub_duckdb_common_arrow.cpp.o.d -o src/common/arrow/CMakeFiles/duckdb_common_arrow.dir/ub_duckdb_common_arrow.cpp.o -c /home/pei/Project/duckdb-polr/build/release/src/common/arrow/ub_duckdb_common_arrow.cpp
[51/376] /usr/bin/ccache /usr/lib/ccache/c++ -DDUCKDB -DDUCKDB_BUILD_LIBRARY -DDUCKDB_MAIN_LIBRARY -DENABLE_CROSS_PRODUCT_REWRITE=0 -DENABLE_DEBUG_PRINT=0 -DENABLE_MEASURE_EXE_TIME=0 -DENABLE_MERGE_BACK_PLAN=0 -DENABLE_PARALLEL_EXECUTION=0 -DENABLE_QUERY_SPLIT=1 -DENABLE_SPECIFY_EST_STAT=0 -I/home/pei/Project/duckdb-polr/src/include -I/home/pei/Project/duckdb-polr/third_party/fsst -I/home/pei/Project/duckdb-polr/third_party/fmt/include -I/home/pei/Project/duckdb-polr/third_party/hyperloglog -I/home/pei/Project/duckdb-polr/third_party/fastpforlib -I/home/pei/Project/duckdb-polr/third_party/fast_float -I/home/pei/Project/duckdb-polr/third_party/re2 -I/home/pei/Project/duckdb-polr/third_party/miniz -I/home/pei/Project/duckdb-polr/third_party/utf8proc/include -I/home/pei/Project/duckdb-polr/third_party/miniparquet -I/home/pei/Project/duckdb-polr/third_party/concurrentqueue -I/home/pei/Project/duckdb-polr/third_party/pcg -I/home/pei/Project/duckdb-polr/third_party/tdigest -I/home/pei/Project/duckdb-polr/third_party/mbedtls/include -I/home/pei/Project/duckdb-polr/third_party/jaro_winkler -O3 -DNDEBUG -O3 -DNDEBUG   -fPIC -fdiagnostics-color=always -std=c++11 -MD -MT src/common/crypto/CMakeFiles/duckdb_common_crypto.dir/ub_duckdb_common_crypto.cpp.o -MF src/common/crypto/CMakeFiles/duckdb_common_crypto.dir/ub_duckdb_common_crypto.cpp.o.d -o src/common/crypto/CMakeFiles/duckdb_common_crypto.dir/ub_duckdb_common_crypto.cpp.o -c /home/pei/Project/duckdb-polr/build/release/src/common/crypto/ub_duckdb_common_crypto.cpp
[52/376] /usr/bin/ccache /usr/lib/ccache/c++ -DDUCKDB -DDUCKDB_BUILD_LIBRARY -DDUCKDB_MAIN_LIBRARY -DENABLE_CROSS_PRODUCT_REWRITE=0 -DENABLE_DEBUG_PRINT=0 -DENABLE_MEASURE_EXE_TIME=0 -DENABLE_MERGE_BACK_PLAN=0 -DENABLE_PARALLEL_EXECUTION=0 -DENABLE_QUERY_SPLIT=1 -DENABLE_SPECIFY_EST_STAT=0 -I/home/pei/Project/duckdb-polr/src/include -I/home/pei/Project/duckdb-polr/third_party/fsst -I/home/pei/Project/duckdb-polr/third_party/fmt/include -I/home/pei/Project/duckdb-polr/third_party/hyperloglog -I/home/pei/Project/duckdb-polr/third_party/fastpforlib -I/home/pei/Project/duckdb-polr/third_party/fast_float -I/home/pei/Project/duckdb-polr/third_party/re2 -I/home/pei/Project/duckdb-polr/third_party/miniz -I/home/pei/Project/duckdb-polr/third_party/utf8proc/include -I/home/pei/Project/duckdb-polr/third_party/miniparquet -I/home/pei/Project/duckdb-polr/third_party/concurrentqueue -I/home/pei/Project/duckdb-polr/third_party/pcg -I/home/pei/Project/duckdb-polr/third_party/tdigest -I/home/pei/Project/duckdb-polr/third_party/mbedtls/include -I/home/pei/Project/duckdb-polr/third_party/jaro_winkler -O3 -DNDEBUG -O3 -DNDEBUG   -fPIC -fdiagnostics-color=always -std=c++11 -MD -MT src/function/scalar/system/CMakeFiles/duckdb_func_system.dir/ub_duckdb_func_system.cpp.o -MF src/function/scalar/system/CMakeFiles/duckdb_func_system.dir/ub_duckdb_func_system.cpp.o.d -o src/function/scalar/system/CMakeFiles/duckdb_func_system.dir/ub_duckdb_func_system.cpp.o -c /home/pei/Project/duckdb-polr/build/release/src/function/scalar/system/ub_duckdb_func_system.cpp
[53/376] /usr/bin/ccache /usr/lib/ccache/c++ -DDUCKDB -DDUCKDB_BUILD_LIBRARY -DDUCKDB_MAIN_LIBRARY -DENABLE_CROSS_PRODUCT_REWRITE=0 -DENABLE_DEBUG_PRINT=0 -DENABLE_MEASURE_EXE_TIME=0 -DENABLE_MERGE_BACK_PLAN=0 -DENABLE_PARALLEL_EXECUTION=0 -DENABLE_QUERY_SPLIT=1 -DENABLE_SPECIFY_EST_STAT=0 -I/home/pei/Project/duckdb-polr/src/include -I/home/pei/Project/duckdb-polr/third_party/fsst -I/home/pei/Project/duckdb-polr/third_party/fmt/include -I/home/pei/Project/duckdb-polr/third_party/hyperloglog -I/home/pei/Project/duckdb-polr/third_party/fastpforlib -I/home/pei/Project/duckdb-polr/third_party/fast_float -I/home/pei/Project/duckdb-polr/third_party/re2 -I/home/pei/Project/duckdb-polr/third_party/miniz -I/home/pei/Project/duckdb-polr/third_party/utf8proc/include -I/home/pei/Project/duckdb-polr/third_party/miniparquet -I/home/pei/Project/duckdb-polr/third_party/concurrentqueue -I/home/pei/Project/duckdb-polr/third_party/pcg -I/home/pei/Project/duckdb-polr/third_party/tdigest -I/home/pei/Project/duckdb-polr/third_party/mbedtls/include -I/home/pei/Project/duckdb-polr/third_party/jaro_winkler -O3 -DNDEBUG -O3 -DNDEBUG   -fPIC -fdiagnostics-color=always -std=c++11 -MD -MT src/common/enums/CMakeFiles/duckdb_common_enums.dir/ub_duckdb_common_enums.cpp.o -MF src/common/enums/CMakeFiles/duckdb_common_enums.dir/ub_duckdb_common_enums.cpp.o.d -o src/common/enums/CMakeFiles/duckdb_common_enums.dir/ub_duckdb_common_enums.cpp.o -c /home/pei/Project/duckdb-polr/build/release/src/common/enums/ub_duckdb_common_enums.cpp
[54/376] /usr/bin/ccache /usr/lib/ccache/c++ -DDUCKDB -DDUCKDB_BUILD_LIBRARY -DDUCKDB_MAIN_LIBRARY -DENABLE_CROSS_PRODUCT_REWRITE=0 -DENABLE_DEBUG_PRINT=0 -DENABLE_MEASURE_EXE_TIME=0 -DENABLE_MERGE_BACK_PLAN=0 -DENABLE_PARALLEL_EXECUTION=0 -DENABLE_QUERY_SPLIT=1 -DENABLE_SPECIFY_EST_STAT=0 -I/home/pei/Project/duckdb-polr/src/include -I/home/pei/Project/duckdb-polr/third_party/fsst -I/home/pei/Project/duckdb-polr/third_party/fmt/include -I/home/pei/Project/duckdb-polr/third_party/hyperloglog -I/home/pei/Project/duckdb-polr/third_party/fastpforlib -I/home/pei/Project/duckdb-polr/third_party/fast_float -I/home/pei/Project/duckdb-polr/third_party/re2 -I/home/pei/Project/duckdb-polr/third_party/miniz -I/home/pei/Project/duckdb-polr/third_party/utf8proc/include -I/home/pei/Project/duckdb-polr/third_party/miniparquet -I/home/pei/Project/duckdb-polr/third_party/concurrentqueue -I/home/pei/Project/duckdb-polr/third_party/pcg -I/home/pei/Project/duckdb-polr/third_party/tdigest -I/home/pei/Project/duckdb-polr/third_party/mbedtls/include -I/home/pei/Project/duckdb-polr/third_party/jaro_winkler -O3 -DNDEBUG -O3 -DNDEBUG   -fPIC -fdiagnostics-color=always -std=c++11 -MD -MT src/common/operator/CMakeFiles/duckdb_common_operators.dir/ub_duckdb_common_operators.cpp.o -MF src/common/operator/CMakeFiles/duckdb_common_operators.dir/ub_duckdb_common_operators.cpp.o.d -o src/common/operator/CMakeFiles/duckdb_common_operators.dir/ub_duckdb_common_operators.cpp.o -c /home/pei/Project/duckdb-polr/build/release/src/common/operator/ub_duckdb_common_operators.cpp
[55/376] /usr/bin/ccache /usr/lib/ccache/c++ -DDUCKDB -DDUCKDB_BUILD_LIBRARY -DDUCKDB_MAIN_LIBRARY -DENABLE_CROSS_PRODUCT_REWRITE=0 -DENABLE_DEBUG_PRINT=0 -DENABLE_MEASURE_EXE_TIME=0 -DENABLE_MERGE_BACK_PLAN=0 -DENABLE_PARALLEL_EXECUTION=0 -DENABLE_QUERY_SPLIT=1 -DENABLE_SPECIFY_EST_STAT=0 -I/home/pei/Project/duckdb-polr/src/include -I/home/pei/Project/duckdb-polr/third_party/fsst -I/home/pei/Project/duckdb-polr/third_party/fmt/include -I/home/pei/Project/duckdb-polr/third_party/hyperloglog -I/home/pei/Project/duckdb-polr/third_party/fastpforlib -I/home/pei/Project/duckdb-polr/third_party/fast_float -I/home/pei/Project/duckdb-polr/third_party/re2 -I/home/pei/Project/duckdb-polr/third_party/miniz -I/home/pei/Project/duckdb-polr/third_party/utf8proc/include -I/home/pei/Project/duckdb-polr/third_party/miniparquet -I/home/pei/Project/duckdb-polr/third_party/concurrentqueue -I/home/pei/Project/duckdb-polr/third_party/pcg -I/home/pei/Project/duckdb-polr/third_party/tdigest -I/home/pei/Project/duckdb-polr/third_party/mbedtls/include -I/home/pei/Project/duckdb-polr/third_party/jaro_winkler -O3 -DNDEBUG -O3 -DNDEBUG   -fPIC -fdiagnostics-color=always -std=c++11 -MD -MT src/catalog/default/CMakeFiles/duckdb_catalog_default_entries.dir/ub_duckdb_catalog_default_entries.cpp.o -MF src/catalog/default/CMakeFiles/duckdb_catalog_default_entries.dir/ub_duckdb_catalog_default_entries.cpp.o.d -o src/catalog/default/CMakeFiles/duckdb_catalog_default_entries.dir/ub_duckdb_catalog_default_entries.cpp.o -c /home/pei/Project/duckdb-polr/build/release/src/catalog/default/ub_duckdb_catalog_default_entries.cpp
[56/376] /usr/bin/ccache /usr/lib/ccache/c++ -DDUCKDB -DDUCKDB_BUILD_LIBRARY -DDUCKDB_MAIN_LIBRARY -DENABLE_CROSS_PRODUCT_REWRITE=0 -DENABLE_DEBUG_PRINT=0 -DENABLE_MEASURE_EXE_TIME=0 -DENABLE_MERGE_BACK_PLAN=0 -DENABLE_PARALLEL_EXECUTION=0 -DENABLE_QUERY_SPLIT=1 -DENABLE_SPECIFY_EST_STAT=0 -I/home/pei/Project/duckdb-polr/src/include -I/home/pei/Project/duckdb-polr/third_party/fsst -I/home/pei/Project/duckdb-polr/third_party/fmt/include -I/home/pei/Project/duckdb-polr/third_party/hyperloglog -I/home/pei/Project/duckdb-polr/third_party/fastpforlib -I/home/pei/Project/duckdb-polr/third_party/fast_float -I/home/pei/Project/duckdb-polr/third_party/re2 -I/home/pei/Project/duckdb-polr/third_party/miniz -I/home/pei/Project/duckdb-polr/third_party/utf8proc/include -I/home/pei/Project/duckdb-polr/third_party/miniparquet -I/home/pei/Project/duckdb-polr/third_party/concurrentqueue -I/home/pei/Project/duckdb-polr/third_party/pcg -I/home/pei/Project/duckdb-polr/third_party/tdigest -I/home/pei/Project/duckdb-polr/third_party/mbedtls/include -I/home/pei/Project/duckdb-polr/third_party/jaro_winkler -O3 -DNDEBUG -O3 -DNDEBUG   -fPIC -fdiagnostics-color=always -std=c++11 -MD -MT src/common/serializer/CMakeFiles/duckdb_common_serializer.dir/ub_duckdb_common_serializer.cpp.o -MF src/common/serializer/CMakeFiles/duckdb_common_serializer.dir/ub_duckdb_common_serializer.cpp.o.d -o src/common/serializer/CMakeFiles/duckdb_common_serializer.dir/ub_duckdb_common_serializer.cpp.o -c /home/pei/Project/duckdb-polr/build/release/src/common/serializer/ub_duckdb_common_serializer.cpp
[57/376] /usr/bin/ccache /usr/lib/ccache/c++ -DDUCKDB -DDUCKDB_BUILD_LIBRARY -DDUCKDB_MAIN_LIBRARY -DENABLE_CROSS_PRODUCT_REWRITE=0 -DENABLE_DEBUG_PRINT=0 -DENABLE_MEASURE_EXE_TIME=0 -DENABLE_MERGE_BACK_PLAN=0 -DENABLE_PARALLEL_EXECUTION=0 -DENABLE_QUERY_SPLIT=1 -DENABLE_SPECIFY_EST_STAT=0 -I/home/pei/Project/duckdb-polr/src/include -I/home/pei/Project/duckdb-polr/third_party/fsst -I/home/pei/Project/duckdb-polr/third_party/fmt/include -I/home/pei/Project/duckdb-polr/third_party/hyperloglog -I/home/pei/Project/duckdb-polr/third_party/fastpforlib -I/home/pei/Project/duckdb-polr/third_party/fast_float -I/home/pei/Project/duckdb-polr/third_party/re2 -I/home/pei/Project/duckdb-polr/third_party/miniz -I/home/pei/Project/duckdb-polr/third_party/utf8proc/include -I/home/pei/Project/duckdb-polr/third_party/miniparquet -I/home/pei/Project/duckdb-polr/third_party/concurrentqueue -I/home/pei/Project/duckdb-polr/third_party/pcg -I/home/pei/Project/duckdb-polr/third_party/tdigest -I/home/pei/Project/duckdb-polr/third_party/mbedtls/include -I/home/pei/Project/duckdb-polr/third_party/jaro_winkler -O3 -DNDEBUG -O3 -DNDEBUG   -fPIC -fdiagnostics-color=always -std=c++11 -MD -MT src/common/progress_bar/CMakeFiles/duckdb_progress_bar.dir/ub_duckdb_progress_bar.cpp.o -MF src/common/progress_bar/CMakeFiles/duckdb_progress_bar.dir/ub_duckdb_progress_bar.cpp.o.d -o src/common/progress_bar/CMakeFiles/duckdb_progress_bar.dir/ub_duckdb_progress_bar.cpp.o -c /home/pei/Project/duckdb-polr/build/release/src/common/progress_bar/ub_duckdb_progress_bar.cpp
[58/376] /usr/bin/ccache /usr/lib/ccache/c++ -DDUCKDB -DDUCKDB_BUILD_LIBRARY -DDUCKDB_MAIN_LIBRARY -DENABLE_CROSS_PRODUCT_REWRITE=0 -DENABLE_DEBUG_PRINT=0 -DENABLE_MEASURE_EXE_TIME=0 -DENABLE_MERGE_BACK_PLAN=0 -DENABLE_PARALLEL_EXECUTION=0 -DENABLE_QUERY_SPLIT=1 -DENABLE_SPECIFY_EST_STAT=0 -I/home/pei/Project/duckdb-polr/src/include -I/home/pei/Project/duckdb-polr/third_party/fsst -I/home/pei/Project/duckdb-polr/third_party/fmt/include -I/home/pei/Project/duckdb-polr/third_party/hyperloglog -I/home/pei/Project/duckdb-polr/third_party/fastpforlib -I/home/pei/Project/duckdb-polr/third_party/fast_float -I/home/pei/Project/duckdb-polr/third_party/re2 -I/home/pei/Project/duckdb-polr/third_party/miniz -I/home/pei/Project/duckdb-polr/third_party/utf8proc/include -I/home/pei/Project/duckdb-polr/third_party/miniparquet -I/home/pei/Project/duckdb-polr/third_party/concurrentqueue -I/home/pei/Project/duckdb-polr/third_party/pcg -I/home/pei/Project/duckdb-polr/third_party/tdigest -I/home/pei/Project/duckdb-polr/third_party/mbedtls/include -I/home/pei/Project/duckdb-polr/third_party/jaro_winkler -O3 -DNDEBUG -O3 -DNDEBUG   -fPIC -fdiagnostics-color=always -std=c++11 -MD -MT src/function/scalar/list/CMakeFiles/duckdb_func_list.dir/ub_duckdb_func_list.cpp.o -MF src/function/scalar/list/CMakeFiles/duckdb_func_list.dir/ub_duckdb_func_list.cpp.o.d -o src/function/scalar/list/CMakeFiles/duckdb_func_list.dir/ub_duckdb_func_list.cpp.o -c /home/pei/Project/duckdb-polr/build/release/src/function/scalar/list/ub_duckdb_func_list.cpp
[59/376] /usr/bin/ccache /usr/lib/ccache/c++ -DDUCKDB -DDUCKDB_BUILD_LIBRARY -DDUCKDB_MAIN_LIBRARY -DENABLE_CROSS_PRODUCT_REWRITE=0 -DENABLE_DEBUG_PRINT=0 -DENABLE_MEASURE_EXE_TIME=0 -DENABLE_MERGE_BACK_PLAN=0 -DENABLE_PARALLEL_EXECUTION=0 -DENABLE_QUERY_SPLIT=1 -DENABLE_SPECIFY_EST_STAT=0 -I/home/pei/Project/duckdb-polr/src/include -I/home/pei/Project/duckdb-polr/third_party/fsst -I/home/pei/Project/duckdb-polr/third_party/fmt/include -I/home/pei/Project/duckdb-polr/third_party/hyperloglog -I/home/pei/Project/duckdb-polr/third_party/fastpforlib -I/home/pei/Project/duckdb-polr/third_party/fast_float -I/home/pei/Project/duckdb-polr/third_party/re2 -I/home/pei/Project/duckdb-polr/third_party/miniz -I/home/pei/Project/duckdb-polr/third_party/utf8proc/include -I/home/pei/Project/duckdb-polr/third_party/miniparquet -I/home/pei/Project/duckdb-polr/third_party/concurrentqueue -I/home/pei/Project/duckdb-polr/third_party/pcg -I/home/pei/Project/duckdb-polr/third_party/tdigest -I/home/pei/Project/duckdb-polr/third_party/mbedtls/include -I/home/pei/Project/duckdb-polr/third_party/jaro_winkler -O3 -DNDEBUG -O3 -DNDEBUG   -fPIC -fdiagnostics-color=always -std=c++11 -MD -MT src/common/value_operations/CMakeFiles/duckdb_value_operations.dir/ub_duckdb_value_operations.cpp.o -MF src/common/value_operations/CMakeFiles/duckdb_value_operations.dir/ub_duckdb_value_operations.cpp.o.d -o src/common/value_operations/CMakeFiles/duckdb_value_operations.dir/ub_duckdb_value_operations.cpp.o -c /home/pei/Project/duckdb-polr/build/release/src/common/value_operations/ub_duckdb_value_operations.cpp
[60/376] /usr/bin/ccache /usr/lib/ccache/c++ -DDUCKDB -DDUCKDB_BUILD_LIBRARY -DDUCKDB_MAIN_LIBRARY -DENABLE_CROSS_PRODUCT_REWRITE=0 -DENABLE_DEBUG_PRINT=0 -DENABLE_MEASURE_EXE_TIME=0 -DENABLE_MERGE_BACK_PLAN=0 -DENABLE_PARALLEL_EXECUTION=0 -DENABLE_QUERY_SPLIT=1 -DENABLE_SPECIFY_EST_STAT=0 -I/home/pei/Project/duckdb-polr/src/include -I/home/pei/Project/duckdb-polr/third_party/fsst -I/home/pei/Project/duckdb-polr/third_party/fmt/include -I/home/pei/Project/duckdb-polr/third_party/hyperloglog -I/home/pei/Project/duckdb-polr/third_party/fastpforlib -I/home/pei/Project/duckdb-polr/third_party/fast_float -I/home/pei/Project/duckdb-polr/third_party/re2 -I/home/pei/Project/duckdb-polr/third_party/miniz -I/home/pei/Project/duckdb-polr/third_party/utf8proc/include -I/home/pei/Project/duckdb-polr/third_party/miniparquet -I/home/pei/Project/duckdb-polr/third_party/concurrentqueue -I/home/pei/Project/duckdb-polr/third_party/pcg -I/home/pei/Project/duckdb-polr/third_party/tdigest -I/home/pei/Project/duckdb-polr/third_party/mbedtls/include -I/home/pei/Project/duckdb-polr/third_party/jaro_winkler -O3 -DNDEBUG -O3 -DNDEBUG   -fPIC -fdiagnostics-color=always -std=c++11 -MD -MT src/common/vector_operations/CMakeFiles/duckdb_vector_operations.dir/boolean_operators.cpp.o -MF src/common/vector_operations/CMakeFiles/duckdb_vector_operations.dir/boolean_operators.cpp.o.d -o src/common/vector_operations/CMakeFiles/duckdb_vector_operations.dir/boolean_operators.cpp.o -c /home/pei/Project/duckdb-polr/src/common/vector_operations/boolean_operators.cpp
[61/376] /usr/bin/ccache /usr/lib/ccache/c++ -DDUCKDB -DDUCKDB_BUILD_LIBRARY -DDUCKDB_MAIN_LIBRARY -DENABLE_CROSS_PRODUCT_REWRITE=0 -DENABLE_DEBUG_PRINT=0 -DENABLE_MEASURE_EXE_TIME=0 -DENABLE_MERGE_BACK_PLAN=0 -DENABLE_PARALLEL_EXECUTION=0 -DENABLE_QUERY_SPLIT=1 -DENABLE_SPECIFY_EST_STAT=0 -I/home/pei/Project/duckdb-polr/src/include -I/home/pei/Project/duckdb-polr/third_party/fsst -I/home/pei/Project/duckdb-polr/third_party/fmt/include -I/home/pei/Project/duckdb-polr/third_party/hyperloglog -I/home/pei/Project/duckdb-polr/third_party/fastpforlib -I/home/pei/Project/duckdb-polr/third_party/fast_float -I/home/pei/Project/duckdb-polr/third_party/re2 -I/home/pei/Project/duckdb-polr/third_party/miniz -I/home/pei/Project/duckdb-polr/third_party/utf8proc/include -I/home/pei/Project/duckdb-polr/third_party/miniparquet -I/home/pei/Project/duckdb-polr/third_party/concurrentqueue -I/home/pei/Project/duckdb-polr/third_party/pcg -I/home/pei/Project/duckdb-polr/third_party/tdigest -I/home/pei/Project/duckdb-polr/third_party/mbedtls/include -I/home/pei/Project/duckdb-polr/third_party/jaro_winkler -O3 -DNDEBUG -O3 -DNDEBUG   -fPIC -fdiagnostics-color=always -std=c++11 -MD -MT src/common/vector_operations/CMakeFiles/duckdb_vector_operations.dir/vector_cast.cpp.o -MF src/common/vector_operations/CMakeFiles/duckdb_vector_operations.dir/vector_cast.cpp.o.d -o src/common/vector_operations/CMakeFiles/duckdb_vector_operations.dir/vector_cast.cpp.o -c /home/pei/Project/duckdb-polr/src/common/vector_operations/vector_cast.cpp
[62/376] /usr/bin/ccache /usr/lib/ccache/c++ -DDUCKDB -DDUCKDB_BUILD_LIBRARY -DDUCKDB_MAIN_LIBRARY -DENABLE_CROSS_PRODUCT_REWRITE=0 -DENABLE_DEBUG_PRINT=0 -DENABLE_MEASURE_EXE_TIME=0 -DENABLE_MERGE_BACK_PLAN=0 -DENABLE_PARALLEL_EXECUTION=0 -DENABLE_QUERY_SPLIT=1 -DENABLE_SPECIFY_EST_STAT=0 -I/home/pei/Project/duckdb-polr/src/include -I/home/pei/Project/duckdb-polr/third_party/fsst -I/home/pei/Project/duckdb-polr/third_party/fmt/include -I/home/pei/Project/duckdb-polr/third_party/hyperloglog -I/home/pei/Project/duckdb-polr/third_party/fastpforlib -I/home/pei/Project/duckdb-polr/third_party/fast_float -I/home/pei/Project/duckdb-polr/third_party/re2 -I/home/pei/Project/duckdb-polr/third_party/miniz -I/home/pei/Project/duckdb-polr/third_party/utf8proc/include -I/home/pei/Project/duckdb-polr/third_party/miniparquet -I/home/pei/Project/duckdb-polr/third_party/concurrentqueue -I/home/pei/Project/duckdb-polr/third_party/pcg -I/home/pei/Project/duckdb-polr/third_party/tdigest -I/home/pei/Project/duckdb-polr/third_party/mbedtls/include -I/home/pei/Project/duckdb-polr/third_party/jaro_winkler -O3 -DNDEBUG -O3 -DNDEBUG   -fPIC -fdiagnostics-color=always -std=c++11 -MD -MT src/function/scalar/math/CMakeFiles/duckdb_func_math.dir/ub_duckdb_func_math.cpp.o -MF src/function/scalar/math/CMakeFiles/duckdb_func_math.dir/ub_duckdb_func_math.cpp.o.d -o src/function/scalar/math/CMakeFiles/duckdb_func_math.dir/ub_duckdb_func_math.cpp.o -c /home/pei/Project/duckdb-polr/build/release/src/function/scalar/math/ub_duckdb_func_math.cpp
[63/376] /usr/bin/ccache /usr/lib/ccache/c++ -DDUCKDB -DDUCKDB_BUILD_LIBRARY -DDUCKDB_MAIN_LIBRARY -DENABLE_CROSS_PRODUCT_REWRITE=0 -DENABLE_DEBUG_PRINT=0 -DENABLE_MEASURE_EXE_TIME=0 -DENABLE_MERGE_BACK_PLAN=0 -DENABLE_PARALLEL_EXECUTION=0 -DENABLE_QUERY_SPLIT=1 -DENABLE_SPECIFY_EST_STAT=0 -I/home/pei/Project/duckdb-polr/src/include -I/home/pei/Project/duckdb-polr/third_party/fsst -I/home/pei/Project/duckdb-polr/third_party/fmt/include -I/home/pei/Project/duckdb-polr/third_party/hyperloglog -I/home/pei/Project/duckdb-polr/third_party/fastpforlib -I/home/pei/Project/duckdb-polr/third_party/fast_float -I/home/pei/Project/duckdb-polr/third_party/re2 -I/home/pei/Project/duckdb-polr/third_party/miniz -I/home/pei/Project/duckdb-polr/third_party/utf8proc/include -I/home/pei/Project/duckdb-polr/third_party/miniparquet -I/home/pei/Project/duckdb-polr/third_party/concurrentqueue -I/home/pei/Project/duckdb-polr/third_party/pcg -I/home/pei/Project/duckdb-polr/third_party/tdigest -I/home/pei/Project/duckdb-polr/third_party/mbedtls/include -I/home/pei/Project/duckdb-polr/third_party/jaro_winkler -O3 -DNDEBUG -O3 -DNDEBUG   -fPIC -fdiagnostics-color=always -std=c++11 -MD -MT src/common/vector_operations/CMakeFiles/duckdb_vector_operations.dir/comparison_operators.cpp.o -MF src/common/vector_operations/CMakeFiles/duckdb_vector_operations.dir/comparison_operators.cpp.o.d -o src/common/vector_operations/CMakeFiles/duckdb_vector_operations.dir/comparison_operators.cpp.o -c /home/pei/Project/duckdb-polr/src/common/vector_operations/comparison_operators.cpp
[64/376] /usr/bin/ccache /usr/lib/ccache/c++ -DDUCKDB -DDUCKDB_BUILD_LIBRARY -DDUCKDB_MAIN_LIBRARY -DENABLE_CROSS_PRODUCT_REWRITE=0 -DENABLE_DEBUG_PRINT=0 -DENABLE_MEASURE_EXE_TIME=0 -DENABLE_MERGE_BACK_PLAN=0 -DENABLE_PARALLEL_EXECUTION=0 -DENABLE_QUERY_SPLIT=1 -DENABLE_SPECIFY_EST_STAT=0 -I/home/pei/Project/duckdb-polr/src/include -I/home/pei/Project/duckdb-polr/third_party/fsst -I/home/pei/Project/duckdb-polr/third_party/fmt/include -I/home/pei/Project/duckdb-polr/third_party/hyperloglog -I/home/pei/Project/duckdb-polr/third_party/fastpforlib -I/home/pei/Project/duckdb-polr/third_party/fast_float -I/home/pei/Project/duckdb-polr/third_party/re2 -I/home/pei/Project/duckdb-polr/third_party/miniz -I/home/pei/Project/duckdb-polr/third_party/utf8proc/include -I/home/pei/Project/duckdb-polr/third_party/miniparquet -I/home/pei/Project/duckdb-polr/third_party/concurrentqueue -I/home/pei/Project/duckdb-polr/third_party/pcg -I/home/pei/Project/duckdb-polr/third_party/tdigest -I/home/pei/Project/duckdb-polr/third_party/mbedtls/include -I/home/pei/Project/duckdb-polr/third_party/jaro_winkler -O3 -DNDEBUG -O3 -DNDEBUG   -fPIC -fdiagnostics-color=always -std=c++11 -MD -MT src/common/vector_operations/CMakeFiles/duckdb_vector_operations.dir/vector_copy.cpp.o -MF src/common/vector_operations/CMakeFiles/duckdb_vector_operations.dir/vector_copy.cpp.o.d -o src/common/vector_operations/CMakeFiles/duckdb_vector_operations.dir/vector_copy.cpp.o -c /home/pei/Project/duckdb-polr/src/common/vector_operations/vector_copy.cpp
[65/376] /usr/bin/ccache /usr/lib/ccache/c++ -DDUCKDB -DDUCKDB_BUILD_LIBRARY -DDUCKDB_MAIN_LIBRARY -DENABLE_CROSS_PRODUCT_REWRITE=0 -DENABLE_DEBUG_PRINT=0 -DENABLE_MEASURE_EXE_TIME=0 -DENABLE_MERGE_BACK_PLAN=0 -DENABLE_PARALLEL_EXECUTION=0 -DENABLE_QUERY_SPLIT=1 -DENABLE_SPECIFY_EST_STAT=0 -I/home/pei/Project/duckdb-polr/src/include -I/home/pei/Project/duckdb-polr/third_party/fsst -I/home/pei/Project/duckdb-polr/third_party/fmt/include -I/home/pei/Project/duckdb-polr/third_party/hyperloglog -I/home/pei/Project/duckdb-polr/third_party/fastpforlib -I/home/pei/Project/duckdb-polr/third_party/fast_float -I/home/pei/Project/duckdb-polr/third_party/re2 -I/home/pei/Project/duckdb-polr/third_party/miniz -I/home/pei/Project/duckdb-polr/third_party/utf8proc/include -I/home/pei/Project/duckdb-polr/third_party/miniparquet -I/home/pei/Project/duckdb-polr/third_party/concurrentqueue -I/home/pei/Project/duckdb-polr/third_party/pcg -I/home/pei/Project/duckdb-polr/third_party/tdigest -I/home/pei/Project/duckdb-polr/third_party/mbedtls/include -I/home/pei/Project/duckdb-polr/third_party/jaro_winkler -O3 -DNDEBUG -O3 -DNDEBUG   -fPIC -fdiagnostics-color=always -std=c++11 -MD -MT src/common/vector_operations/CMakeFiles/duckdb_vector_operations.dir/generators.cpp.o -MF src/common/vector_operations/CMakeFiles/duckdb_vector_operations.dir/generators.cpp.o.d -o src/common/vector_operations/CMakeFiles/duckdb_vector_operations.dir/generators.cpp.o -c /home/pei/Project/duckdb-polr/src/common/vector_operations/generators.cpp
[66/376] /usr/bin/ccache /usr/lib/ccache/c++ -DDUCKDB -DDUCKDB_BUILD_LIBRARY -DDUCKDB_MAIN_LIBRARY -DENABLE_CROSS_PRODUCT_REWRITE=0 -DENABLE_DEBUG_PRINT=0 -DENABLE_MEASURE_EXE_TIME=0 -DENABLE_MERGE_BACK_PLAN=0 -DENABLE_PARALLEL_EXECUTION=0 -DENABLE_QUERY_SPLIT=1 -DENABLE_SPECIFY_EST_STAT=0 -I/home/pei/Project/duckdb-polr/src/include -I/home/pei/Project/duckdb-polr/third_party/fsst -I/home/pei/Project/duckdb-polr/third_party/fmt/include -I/home/pei/Project/duckdb-polr/third_party/hyperloglog -I/home/pei/Project/duckdb-polr/third_party/fastpforlib -I/home/pei/Project/duckdb-polr/third_party/fast_float -I/home/pei/Project/duckdb-polr/third_party/re2 -I/home/pei/Project/duckdb-polr/third_party/miniz -I/home/pei/Project/duckdb-polr/third_party/utf8proc/include -I/home/pei/Project/duckdb-polr/third_party/miniparquet -I/home/pei/Project/duckdb-polr/third_party/concurrentqueue -I/home/pei/Project/duckdb-polr/third_party/pcg -I/home/pei/Project/duckdb-polr/third_party/tdigest -I/home/pei/Project/duckdb-polr/third_party/mbedtls/include -I/home/pei/Project/duckdb-polr/third_party/jaro_winkler -O3 -DNDEBUG -O3 -DNDEBUG   -fPIC -fdiagnostics-color=always -std=c++11 -MD -MT src/common/vector_operations/CMakeFiles/duckdb_vector_operations.dir/vector_hash.cpp.o -MF src/common/vector_operations/CMakeFiles/duckdb_vector_operations.dir/vector_hash.cpp.o.d -o src/common/vector_operations/CMakeFiles/duckdb_vector_operations.dir/vector_hash.cpp.o -c /home/pei/Project/duckdb-polr/src/common/vector_operations/vector_hash.cpp
[67/376] /usr/bin/ccache /usr/lib/ccache/c++ -DDUCKDB -DDUCKDB_BUILD_LIBRARY -DDUCKDB_MAIN_LIBRARY -DENABLE_CROSS_PRODUCT_REWRITE=0 -DENABLE_DEBUG_PRINT=0 -DENABLE_MEASURE_EXE_TIME=0 -DENABLE_MERGE_BACK_PLAN=0 -DENABLE_PARALLEL_EXECUTION=0 -DENABLE_QUERY_SPLIT=1 -DENABLE_SPECIFY_EST_STAT=0 -I/home/pei/Project/duckdb-polr/src/include -I/home/pei/Project/duckdb-polr/third_party/fsst -I/home/pei/Project/duckdb-polr/third_party/fmt/include -I/home/pei/Project/duckdb-polr/third_party/hyperloglog -I/home/pei/Project/duckdb-polr/third_party/fastpforlib -I/home/pei/Project/duckdb-polr/third_party/fast_float -I/home/pei/Project/duckdb-polr/third_party/re2 -I/home/pei/Project/duckdb-polr/third_party/miniz -I/home/pei/Project/duckdb-polr/third_party/utf8proc/include -I/home/pei/Project/duckdb-polr/third_party/miniparquet -I/home/pei/Project/duckdb-polr/third_party/concurrentqueue -I/home/pei/Project/duckdb-polr/third_party/pcg -I/home/pei/Project/duckdb-polr/third_party/tdigest -I/home/pei/Project/duckdb-polr/third_party/mbedtls/include -I/home/pei/Project/duckdb-polr/third_party/jaro_winkler -O3 -DNDEBUG -O3 -DNDEBUG   -fPIC -fdiagnostics-color=always -std=c++11 -MD -MT src/common/vector_operations/CMakeFiles/duckdb_vector_operations.dir/vector_storage.cpp.o -MF src/common/vector_operations/CMakeFiles/duckdb_vector_operations.dir/vector_storage.cpp.o.d -o src/common/vector_operations/CMakeFiles/duckdb_vector_operations.dir/vector_storage.cpp.o -c /home/pei/Project/duckdb-polr/src/common/vector_operations/vector_storage.cpp
[68/376] /usr/bin/ccache /usr/lib/ccache/c++ -DDUCKDB -DDUCKDB_BUILD_LIBRARY -DDUCKDB_MAIN_LIBRARY -DENABLE_CROSS_PRODUCT_REWRITE=0 -DENABLE_DEBUG_PRINT=0 -DENABLE_MEASURE_EXE_TIME=0 -DENABLE_MERGE_BACK_PLAN=0 -DENABLE_PARALLEL_EXECUTION=0 -DENABLE_QUERY_SPLIT=1 -DENABLE_SPECIFY_EST_STAT=0 -I/home/pei/Project/duckdb-polr/src/include -I/home/pei/Project/duckdb-polr/third_party/fsst -I/home/pei/Project/duckdb-polr/third_party/fmt/include -I/home/pei/Project/duckdb-polr/third_party/hyperloglog -I/home/pei/Project/duckdb-polr/third_party/fastpforlib -I/home/pei/Project/duckdb-polr/third_party/fast_float -I/home/pei/Project/duckdb-polr/third_party/re2 -I/home/pei/Project/duckdb-polr/third_party/miniz -I/home/pei/Project/duckdb-polr/third_party/utf8proc/include -I/home/pei/Project/duckdb-polr/third_party/miniparquet -I/home/pei/Project/duckdb-polr/third_party/concurrentqueue -I/home/pei/Project/duckdb-polr/third_party/pcg -I/home/pei/Project/duckdb-polr/third_party/tdigest -I/home/pei/Project/duckdb-polr/third_party/mbedtls/include -I/home/pei/Project/duckdb-polr/third_party/jaro_winkler -O3 -DNDEBUG -O3 -DNDEBUG   -fPIC -fdiagnostics-color=always -std=c++11 -MD -MT src/common/vector_operations/CMakeFiles/duckdb_vector_operations.dir/null_operations.cpp.o -MF src/common/vector_operations/CMakeFiles/duckdb_vector_operations.dir/null_operations.cpp.o.d -o src/common/vector_operations/CMakeFiles/duckdb_vector_operations.dir/null_operations.cpp.o -c /home/pei/Project/duckdb-polr/src/common/vector_operations/null_operations.cpp
[69/376] /usr/bin/ccache /usr/lib/ccache/c++ -DDUCKDB -DDUCKDB_BUILD_LIBRARY -DDUCKDB_MAIN_LIBRARY -DENABLE_CROSS_PRODUCT_REWRITE=0 -DENABLE_DEBUG_PRINT=0 -DENABLE_MEASURE_EXE_TIME=0 -DENABLE_MERGE_BACK_PLAN=0 -DENABLE_PARALLEL_EXECUTION=0 -DENABLE_QUERY_SPLIT=1 -DENABLE_SPECIFY_EST_STAT=0 -I/home/pei/Project/duckdb-polr/src/include -I/home/pei/Project/duckdb-polr/third_party/fsst -I/home/pei/Project/duckdb-polr/third_party/fmt/include -I/home/pei/Project/duckdb-polr/third_party/hyperloglog -I/home/pei/Project/duckdb-polr/third_party/fastpforlib -I/home/pei/Project/duckdb-polr/third_party/fast_float -I/home/pei/Project/duckdb-polr/third_party/re2 -I/home/pei/Project/duckdb-polr/third_party/miniz -I/home/pei/Project/duckdb-polr/third_party/utf8proc/include -I/home/pei/Project/duckdb-polr/third_party/miniparquet -I/home/pei/Project/duckdb-polr/third_party/concurrentqueue -I/home/pei/Project/duckdb-polr/third_party/pcg -I/home/pei/Project/duckdb-polr/third_party/tdigest -I/home/pei/Project/duckdb-polr/third_party/mbedtls/include -I/home/pei/Project/duckdb-polr/third_party/jaro_winkler -O3 -DNDEBUG -O3 -DNDEBUG   -fPIC -fdiagnostics-color=always -std=c++11 -MD -MT src/common/vector_operations/CMakeFiles/duckdb_vector_operations.dir/numeric_inplace_operators.cpp.o -MF src/common/vector_operations/CMakeFiles/duckdb_vector_operations.dir/numeric_inplace_operators.cpp.o.d -o src/common/vector_operations/CMakeFiles/duckdb_vector_operations.dir/numeric_inplace_operators.cpp.o -c /home/pei/Project/duckdb-polr/src/common/vector_operations/numeric_inplace_operators.cpp
[70/376] /usr/bin/ccache /usr/lib/ccache/c++ -DDUCKDB -DDUCKDB_BUILD_LIBRARY -DDUCKDB_MAIN_LIBRARY -DENABLE_CROSS_PRODUCT_REWRITE=0 -DENABLE_DEBUG_PRINT=0 -DENABLE_MEASURE_EXE_TIME=0 -DENABLE_MERGE_BACK_PLAN=0 -DENABLE_PARALLEL_EXECUTION=0 -DENABLE_QUERY_SPLIT=1 -DENABLE_SPECIFY_EST_STAT=0 -I/home/pei/Project/duckdb-polr/src/include -I/home/pei/Project/duckdb-polr/third_party/fsst -I/home/pei/Project/duckdb-polr/third_party/fmt/include -I/home/pei/Project/duckdb-polr/third_party/hyperloglog -I/home/pei/Project/duckdb-polr/third_party/fastpforlib -I/home/pei/Project/duckdb-polr/third_party/fast_float -I/home/pei/Project/duckdb-polr/third_party/re2 -I/home/pei/Project/duckdb-polr/third_party/miniz -I/home/pei/Project/duckdb-polr/third_party/utf8proc/include -I/home/pei/Project/duckdb-polr/third_party/miniparquet -I/home/pei/Project/duckdb-polr/third_party/concurrentqueue -I/home/pei/Project/duckdb-polr/third_party/pcg -I/home/pei/Project/duckdb-polr/third_party/tdigest -I/home/pei/Project/duckdb-polr/third_party/mbedtls/include -I/home/pei/Project/duckdb-polr/third_party/jaro_winkler -O3 -DNDEBUG -O3 -DNDEBUG   -fPIC -fdiagnostics-color=always -std=c++11 -MD -MT src/common/vector_operations/CMakeFiles/duckdb_vector_operations.dir/is_distinct_from.cpp.o -MF src/common/vector_operations/CMakeFiles/duckdb_vector_operations.dir/is_distinct_from.cpp.o.d -o src/common/vector_operations/CMakeFiles/duckdb_vector_operations.dir/is_distinct_from.cpp.o -c /home/pei/Project/duckdb-polr/src/common/vector_operations/is_distinct_from.cpp
[71/376] /usr/bin/ccache /usr/lib/ccache/c++ -DDUCKDB -DDUCKDB_BUILD_LIBRARY -DDUCKDB_MAIN_LIBRARY -DENABLE_CROSS_PRODUCT_REWRITE=0 -DENABLE_DEBUG_PRINT=0 -DENABLE_MEASURE_EXE_TIME=0 -DENABLE_MERGE_BACK_PLAN=0 -DENABLE_PARALLEL_EXECUTION=0 -DENABLE_QUERY_SPLIT=1 -DENABLE_SPECIFY_EST_STAT=0 -I/home/pei/Project/duckdb-polr/src/include -I/home/pei/Project/duckdb-polr/third_party/fsst -I/home/pei/Project/duckdb-polr/third_party/fmt/include -I/home/pei/Project/duckdb-polr/third_party/hyperloglog -I/home/pei/Project/duckdb-polr/third_party/fastpforlib -I/home/pei/Project/duckdb-polr/third_party/fast_float -I/home/pei/Project/duckdb-polr/third_party/re2 -I/home/pei/Project/duckdb-polr/third_party/miniz -I/home/pei/Project/duckdb-polr/third_party/utf8proc/include -I/home/pei/Project/duckdb-polr/third_party/miniparquet -I/home/pei/Project/duckdb-polr/third_party/concurrentqueue -I/home/pei/Project/duckdb-polr/third_party/pcg -I/home/pei/Project/duckdb-polr/third_party/tdigest -I/home/pei/Project/duckdb-polr/third_party/mbedtls/include -I/home/pei/Project/duckdb-polr/third_party/jaro_winkler -O3 -DNDEBUG -O3 -DNDEBUG   -fPIC -fdiagnostics-color=always -std=c++11 -MD -MT src/catalog/CMakeFiles/duckdb_catalog.dir/ub_duckdb_catalog.cpp.o -MF src/catalog/CMakeFiles/duckdb_catalog.dir/ub_duckdb_catalog.cpp.o.d -o src/catalog/CMakeFiles/duckdb_catalog.dir/ub_duckdb_catalog.cpp.o -c /home/pei/Project/duckdb-polr/build/release/src/catalog/ub_duckdb_catalog.cpp
[72/376] /usr/bin/ccache /usr/lib/ccache/c++ -DDUCKDB -DDUCKDB_BUILD_LIBRARY -DDUCKDB_MAIN_LIBRARY -DENABLE_CROSS_PRODUCT_REWRITE=0 -DENABLE_DEBUG_PRINT=0 -DENABLE_MEASURE_EXE_TIME=0 -DENABLE_MERGE_BACK_PLAN=0 -DENABLE_PARALLEL_EXECUTION=0 -DENABLE_QUERY_SPLIT=1 -DENABLE_SPECIFY_EST_STAT=0 -I/home/pei/Project/duckdb-polr/src/include -I/home/pei/Project/duckdb-polr/third_party/fsst -I/home/pei/Project/duckdb-polr/third_party/fmt/include -I/home/pei/Project/duckdb-polr/third_party/hyperloglog -I/home/pei/Project/duckdb-polr/third_party/fastpforlib -I/home/pei/Project/duckdb-polr/third_party/fast_float -I/home/pei/Project/duckdb-polr/third_party/re2 -I/home/pei/Project/duckdb-polr/third_party/miniz -I/home/pei/Project/duckdb-polr/third_party/utf8proc/include -I/home/pei/Project/duckdb-polr/third_party/miniparquet -I/home/pei/Project/duckdb-polr/third_party/concurrentqueue -I/home/pei/Project/duckdb-polr/third_party/pcg -I/home/pei/Project/duckdb-polr/third_party/tdigest -I/home/pei/Project/duckdb-polr/third_party/mbedtls/include -I/home/pei/Project/duckdb-polr/third_party/jaro_winkler -O3 -DNDEBUG -O3 -DNDEBUG   -fPIC -fdiagnostics-color=always -std=c++11 -MD -MT src/execution/nested_loop_join/CMakeFiles/duckdb_nested_loop_join.dir/ub_duckdb_nested_loop_join.cpp.o -MF src/execution/nested_loop_join/CMakeFiles/duckdb_nested_loop_join.dir/ub_duckdb_nested_loop_join.cpp.o.d -o src/execution/nested_loop_join/CMakeFiles/duckdb_nested_loop_join.dir/ub_duckdb_nested_loop_join.cpp.o -c /home/pei/Project/duckdb-polr/build/release/src/execution/nested_loop_join/ub_duckdb_nested_loop_join.cpp
[73/376] /usr/bin/ccache /usr/lib/ccache/c++ -DDUCKDB -DDUCKDB_BUILD_LIBRARY -DDUCKDB_MAIN_LIBRARY -DENABLE_CROSS_PRODUCT_REWRITE=0 -DENABLE_DEBUG_PRINT=0 -DENABLE_MEASURE_EXE_TIME=0 -DENABLE_MERGE_BACK_PLAN=0 -DENABLE_PARALLEL_EXECUTION=0 -DENABLE_QUERY_SPLIT=1 -DENABLE_SPECIFY_EST_STAT=0 -I/home/pei/Project/duckdb-polr/src/include -I/home/pei/Project/duckdb-polr/third_party/fsst -I/home/pei/Project/duckdb-polr/third_party/fmt/include -I/home/pei/Project/duckdb-polr/third_party/hyperloglog -I/home/pei/Project/duckdb-polr/third_party/fastpforlib -I/home/pei/Project/duckdb-polr/third_party/fast_float -I/home/pei/Project/duckdb-polr/third_party/re2 -I/home/pei/Project/duckdb-polr/third_party/miniz -I/home/pei/Project/duckdb-polr/third_party/utf8proc/include -I/home/pei/Project/duckdb-polr/third_party/miniparquet -I/home/pei/Project/duckdb-polr/third_party/concurrentqueue -I/home/pei/Project/duckdb-polr/third_party/pcg -I/home/pei/Project/duckdb-polr/third_party/tdigest -I/home/pei/Project/duckdb-polr/third_party/mbedtls/include -I/home/pei/Project/duckdb-polr/third_party/jaro_winkler -O3 -DNDEBUG -O3 -DNDEBUG   -fPIC -fdiagnostics-color=always -std=c++11 -MD -MT src/catalog/catalog_entry/CMakeFiles/duckdb_catalog_entries.dir/ub_duckdb_catalog_entries.cpp.o -MF src/catalog/catalog_entry/CMakeFiles/duckdb_catalog_entries.dir/ub_duckdb_catalog_entries.cpp.o.d -o src/catalog/catalog_entry/CMakeFiles/duckdb_catalog_entries.dir/ub_duckdb_catalog_entries.cpp.o -c /home/pei/Project/duckdb-polr/build/release/src/catalog/catalog_entry/ub_duckdb_catalog_entries.cpp
[74/376] /usr/bin/ccache /usr/lib/ccache/c++ -DDUCKDB -DDUCKDB_BUILD_LIBRARY -DDUCKDB_MAIN_LIBRARY -DENABLE_CROSS_PRODUCT_REWRITE=0 -DENABLE_DEBUG_PRINT=0 -DENABLE_MEASURE_EXE_TIME=0 -DENABLE_MERGE_BACK_PLAN=0 -DENABLE_PARALLEL_EXECUTION=0 -DENABLE_QUERY_SPLIT=1 -DENABLE_SPECIFY_EST_STAT=0 -I/home/pei/Project/duckdb-polr/src/include -I/home/pei/Project/duckdb-polr/third_party/fsst -I/home/pei/Project/duckdb-polr/third_party/fmt/include -I/home/pei/Project/duckdb-polr/third_party/hyperloglog -I/home/pei/Project/duckdb-polr/third_party/fastpforlib -I/home/pei/Project/duckdb-polr/third_party/fast_float -I/home/pei/Project/duckdb-polr/third_party/re2 -I/home/pei/Project/duckdb-polr/third_party/miniz -I/home/pei/Project/duckdb-polr/third_party/utf8proc/include -I/home/pei/Project/duckdb-polr/third_party/miniparquet -I/home/pei/Project/duckdb-polr/third_party/concurrentqueue -I/home/pei/Project/duckdb-polr/third_party/pcg -I/home/pei/Project/duckdb-polr/third_party/tdigest -I/home/pei/Project/duckdb-polr/third_party/mbedtls/include -I/home/pei/Project/duckdb-polr/third_party/jaro_winkler -O3 -DNDEBUG -O3 -DNDEBUG   -fPIC -fdiagnostics-color=always -std=c++11 -MD -MT src/common/sort/CMakeFiles/duckdb_sort.dir/ub_duckdb_sort.cpp.o -MF src/common/sort/CMakeFiles/duckdb_sort.dir/ub_duckdb_sort.cpp.o.d -o src/common/sort/CMakeFiles/duckdb_sort.dir/ub_duckdb_sort.cpp.o -c /home/pei/Project/duckdb-polr/build/release/src/common/sort/ub_duckdb_sort.cpp
[75/376] /usr/bin/ccache /usr/lib/ccache/c++ -DDUCKDB -DDUCKDB_BUILD_LIBRARY -DDUCKDB_MAIN_LIBRARY -DENABLE_CROSS_PRODUCT_REWRITE=0 -DENABLE_DEBUG_PRINT=0 -DENABLE_MEASURE_EXE_TIME=0 -DENABLE_MERGE_BACK_PLAN=0 -DENABLE_PARALLEL_EXECUTION=0 -DENABLE_QUERY_SPLIT=1 -DENABLE_SPECIFY_EST_STAT=0 -I/home/pei/Project/duckdb-polr/src/include -I/home/pei/Project/duckdb-polr/third_party/fsst -I/home/pei/Project/duckdb-polr/third_party/fmt/include -I/home/pei/Project/duckdb-polr/third_party/hyperloglog -I/home/pei/Project/duckdb-polr/third_party/fastpforlib -I/home/pei/Project/duckdb-polr/third_party/fast_float -I/home/pei/Project/duckdb-polr/third_party/re2 -I/home/pei/Project/duckdb-polr/third_party/miniz -I/home/pei/Project/duckdb-polr/third_party/utf8proc/include -I/home/pei/Project/duckdb-polr/third_party/miniparquet -I/home/pei/Project/duckdb-polr/third_party/concurrentqueue -I/home/pei/Project/duckdb-polr/third_party/pcg -I/home/pei/Project/duckdb-polr/third_party/tdigest -I/home/pei/Project/duckdb-polr/third_party/mbedtls/include -I/home/pei/Project/duckdb-polr/third_party/jaro_winkler -O3 -DNDEBUG -O3 -DNDEBUG   -fPIC -fdiagnostics-color=always -std=c++11 -MD -MT src/function/table/system/CMakeFiles/duckdb_table_func_system.dir/ub_duckdb_table_func_system.cpp.o -MF src/function/table/system/CMakeFiles/duckdb_table_func_system.dir/ub_duckdb_table_func_system.cpp.o.d -o src/function/table/system/CMakeFiles/duckdb_table_func_system.dir/ub_duckdb_table_func_system.cpp.o -c /home/pei/Project/duckdb-polr/build/release/src/function/table/system/ub_duckdb_table_func_system.cpp
[76/376] /usr/bin/ccache /usr/lib/ccache/c++ -DDUCKDB -DDUCKDB_BUILD_LIBRARY -DDUCKDB_MAIN_LIBRARY -DENABLE_CROSS_PRODUCT_REWRITE=0 -DENABLE_DEBUG_PRINT=0 -DENABLE_MEASURE_EXE_TIME=0 -DENABLE_MERGE_BACK_PLAN=0 -DENABLE_PARALLEL_EXECUTION=0 -DENABLE_QUERY_SPLIT=1 -DENABLE_SPECIFY_EST_STAT=0 -I/home/pei/Project/duckdb-polr/src/include -I/home/pei/Project/duckdb-polr/third_party/fsst -I/home/pei/Project/duckdb-polr/third_party/fmt/include -I/home/pei/Project/duckdb-polr/third_party/hyperloglog -I/home/pei/Project/duckdb-polr/third_party/fastpforlib -I/home/pei/Project/duckdb-polr/third_party/fast_float -I/home/pei/Project/duckdb-polr/third_party/re2 -I/home/pei/Project/duckdb-polr/third_party/miniz -I/home/pei/Project/duckdb-polr/third_party/utf8proc/include -I/home/pei/Project/duckdb-polr/third_party/miniparquet -I/home/pei/Project/duckdb-polr/third_party/concurrentqueue -I/home/pei/Project/duckdb-polr/third_party/pcg -I/home/pei/Project/duckdb-polr/third_party/tdigest -I/home/pei/Project/duckdb-polr/third_party/mbedtls/include -I/home/pei/Project/duckdb-polr/third_party/jaro_winkler -O3 -DNDEBUG -O3 -DNDEBUG   -fPIC -fdiagnostics-color=always -std=c++11 -MD -MT src/execution/operator/filter/CMakeFiles/duckdb_operator_filter.dir/ub_duckdb_operator_filter.cpp.o -MF src/execution/operator/filter/CMakeFiles/duckdb_operator_filter.dir/ub_duckdb_operator_filter.cpp.o.d -o src/execution/operator/filter/CMakeFiles/duckdb_operator_filter.dir/ub_duckdb_operator_filter.cpp.o -c /home/pei/Project/duckdb-polr/build/release/src/execution/operator/filter/ub_duckdb_operator_filter.cpp
[77/376] /usr/bin/ccache /usr/lib/ccache/c++ -DDUCKDB -DDUCKDB_BUILD_LIBRARY -DDUCKDB_MAIN_LIBRARY -DENABLE_CROSS_PRODUCT_REWRITE=0 -DENABLE_DEBUG_PRINT=0 -DENABLE_MEASURE_EXE_TIME=0 -DENABLE_MERGE_BACK_PLAN=0 -DENABLE_PARALLEL_EXECUTION=0 -DENABLE_QUERY_SPLIT=1 -DENABLE_SPECIFY_EST_STAT=0 -I/home/pei/Project/duckdb-polr/src/include -I/home/pei/Project/duckdb-polr/third_party/fsst -I/home/pei/Project/duckdb-polr/third_party/fmt/include -I/home/pei/Project/duckdb-polr/third_party/hyperloglog -I/home/pei/Project/duckdb-polr/third_party/fastpforlib -I/home/pei/Project/duckdb-polr/third_party/fast_float -I/home/pei/Project/duckdb-polr/third_party/re2 -I/home/pei/Project/duckdb-polr/third_party/miniz -I/home/pei/Project/duckdb-polr/third_party/utf8proc/include -I/home/pei/Project/duckdb-polr/third_party/miniparquet -I/home/pei/Project/duckdb-polr/third_party/concurrentqueue -I/home/pei/Project/duckdb-polr/third_party/pcg -I/home/pei/Project/duckdb-polr/third_party/tdigest -I/home/pei/Project/duckdb-polr/third_party/mbedtls/include -I/home/pei/Project/duckdb-polr/third_party/jaro_winkler -O3 -DNDEBUG -O3 -DNDEBUG   -fPIC -fdiagnostics-color=always -std=c++11 -MD -MT src/common/row_operations/CMakeFiles/duckdb_row_operations.dir/ub_duckdb_row_operations.cpp.o -MF src/common/row_operations/CMakeFiles/duckdb_row_operations.dir/ub_duckdb_row_operations.cpp.o.d -o src/common/row_operations/CMakeFiles/duckdb_row_operations.dir/ub_duckdb_row_operations.cpp.o -c /home/pei/Project/duckdb-polr/build/release/src/common/row_operations/ub_duckdb_row_operations.cpp
[78/376] /usr/bin/ccache /usr/lib/ccache/c++ -DDUCKDB -DDUCKDB_BUILD_LIBRARY -DDUCKDB_MAIN_LIBRARY -DENABLE_CROSS_PRODUCT_REWRITE=0 -DENABLE_DEBUG_PRINT=0 -DENABLE_MEASURE_EXE_TIME=0 -DENABLE_MERGE_BACK_PLAN=0 -DENABLE_PARALLEL_EXECUTION=0 -DENABLE_QUERY_SPLIT=1 -DENABLE_SPECIFY_EST_STAT=0 -I/home/pei/Project/duckdb-polr/src/include -I/home/pei/Project/duckdb-polr/third_party/fsst -I/home/pei/Project/duckdb-polr/third_party/fmt/include -I/home/pei/Project/duckdb-polr/third_party/hyperloglog -I/home/pei/Project/duckdb-polr/third_party/fastpforlib -I/home/pei/Project/duckdb-polr/third_party/fast_float -I/home/pei/Project/duckdb-polr/third_party/re2 -I/home/pei/Project/duckdb-polr/third_party/miniz -I/home/pei/Project/duckdb-polr/third_party/utf8proc/include -I/home/pei/Project/duckdb-polr/third_party/miniparquet -I/home/pei/Project/duckdb-polr/third_party/concurrentqueue -I/home/pei/Project/duckdb-polr/third_party/pcg -I/home/pei/Project/duckdb-polr/third_party/tdigest -I/home/pei/Project/duckdb-polr/third_party/mbedtls/include -I/home/pei/Project/duckdb-polr/third_party/jaro_winkler -O3 -DNDEBUG -O3 -DNDEBUG   -fPIC -fdiagnostics-color=always -std=c++11 -MD -MT src/function/table/CMakeFiles/duckdb_func_table.dir/ub_duckdb_func_table.cpp.o -MF src/function/table/CMakeFiles/duckdb_func_table.dir/ub_duckdb_func_table.cpp.o.d -o src/function/table/CMakeFiles/duckdb_func_table.dir/ub_duckdb_func_table.cpp.o -c /home/pei/Project/duckdb-polr/build/release/src/function/table/ub_duckdb_func_table.cpp
[79/376] /usr/bin/ccache /usr/lib/ccache/c++ -DDUCKDB -DDUCKDB_BUILD_LIBRARY -DDUCKDB_MAIN_LIBRARY -DENABLE_CROSS_PRODUCT_REWRITE=0 -DENABLE_DEBUG_PRINT=0 -DENABLE_MEASURE_EXE_TIME=0 -DENABLE_MERGE_BACK_PLAN=0 -DENABLE_PARALLEL_EXECUTION=0 -DENABLE_QUERY_SPLIT=1 -DENABLE_SPECIFY_EST_STAT=0 -I/home/pei/Project/duckdb-polr/src/include -I/home/pei/Project/duckdb-polr/third_party/fsst -I/home/pei/Project/duckdb-polr/third_party/fmt/include -I/home/pei/Project/duckdb-polr/third_party/hyperloglog -I/home/pei/Project/duckdb-polr/third_party/fastpforlib -I/home/pei/Project/duckdb-polr/third_party/fast_float -I/home/pei/Project/duckdb-polr/third_party/re2 -I/home/pei/Project/duckdb-polr/third_party/miniz -I/home/pei/Project/duckdb-polr/third_party/utf8proc/include -I/home/pei/Project/duckdb-polr/third_party/miniparquet -I/home/pei/Project/duckdb-polr/third_party/concurrentqueue -I/home/pei/Project/duckdb-polr/third_party/pcg -I/home/pei/Project/duckdb-polr/third_party/tdigest -I/home/pei/Project/duckdb-polr/third_party/mbedtls/include -I/home/pei/Project/duckdb-polr/third_party/jaro_winkler -O3 -DNDEBUG -O3 -DNDEBUG   -fPIC -fdiagnostics-color=always -std=c++11 -MD -MT src/execution/operator/projection/CMakeFiles/duckdb_operator_projection.dir/ub_duckdb_operator_projection.cpp.o -MF src/execution/operator/projection/CMakeFiles/duckdb_operator_projection.dir/ub_duckdb_operator_projection.cpp.o.d -o src/execution/operator/projection/CMakeFiles/duckdb_operator_projection.dir/ub_duckdb_operator_projection.cpp.o -c /home/pei/Project/duckdb-polr/build/release/src/execution/operator/projection/ub_duckdb_operator_projection.cpp
[80/376] /usr/bin/ccache /usr/lib/ccache/c++ -DDUCKDB -DDUCKDB_BUILD_LIBRARY -DDUCKDB_MAIN_LIBRARY -DENABLE_CROSS_PRODUCT_REWRITE=0 -DENABLE_DEBUG_PRINT=0 -DENABLE_MEASURE_EXE_TIME=0 -DENABLE_MERGE_BACK_PLAN=0 -DENABLE_PARALLEL_EXECUTION=0 -DENABLE_QUERY_SPLIT=1 -DENABLE_SPECIFY_EST_STAT=0 -I/home/pei/Project/duckdb-polr/src/include -I/home/pei/Project/duckdb-polr/third_party/fsst -I/home/pei/Project/duckdb-polr/third_party/fmt/include -I/home/pei/Project/duckdb-polr/third_party/hyperloglog -I/home/pei/Project/duckdb-polr/third_party/fastpforlib -I/home/pei/Project/duckdb-polr/third_party/fast_float -I/home/pei/Project/duckdb-polr/third_party/re2 -I/home/pei/Project/duckdb-polr/third_party/miniz -I/home/pei/Project/duckdb-polr/third_party/utf8proc/include -I/home/pei/Project/duckdb-polr/third_party/miniparquet -I/home/pei/Project/duckdb-polr/third_party/concurrentqueue -I/home/pei/Project/duckdb-polr/third_party/pcg -I/home/pei/Project/duckdb-polr/third_party/tdigest -I/home/pei/Project/duckdb-polr/third_party/mbedtls/include -I/home/pei/Project/duckdb-polr/third_party/jaro_winkler -O3 -DNDEBUG -O3 -DNDEBUG   -fPIC -fdiagnostics-color=always -std=c++11 -MD -MT src/function/scalar/string/CMakeFiles/duckdb_func_string.dir/ub_duckdb_func_string.cpp.o -MF src/function/scalar/string/CMakeFiles/duckdb_func_string.dir/ub_duckdb_func_string.cpp.o.d -o src/function/scalar/string/CMakeFiles/duckdb_func_string.dir/ub_duckdb_func_string.cpp.o -c /home/pei/Project/duckdb-polr/build/release/src/function/scalar/string/ub_duckdb_func_string.cpp
[81/376] /usr/bin/ccache /usr/lib/ccache/c++ -DDUCKDB -DDUCKDB_BUILD_LIBRARY -DDUCKDB_MAIN_LIBRARY -DENABLE_CROSS_PRODUCT_REWRITE=0 -DENABLE_DEBUG_PRINT=0 -DENABLE_MEASURE_EXE_TIME=0 -DENABLE_MERGE_BACK_PLAN=0 -DENABLE_PARALLEL_EXECUTION=0 -DENABLE_QUERY_SPLIT=1 -DENABLE_SPECIFY_EST_STAT=0 -I/home/pei/Project/duckdb-polr/src/include -I/home/pei/Project/duckdb-polr/third_party/fsst -I/home/pei/Project/duckdb-polr/third_party/fmt/include -I/home/pei/Project/duckdb-polr/third_party/hyperloglog -I/home/pei/Project/duckdb-polr/third_party/fastpforlib -I/home/pei/Project/duckdb-polr/third_party/fast_float -I/home/pei/Project/duckdb-polr/third_party/re2 -I/home/pei/Project/duckdb-polr/third_party/miniz -I/home/pei/Project/duckdb-polr/third_party/utf8proc/include -I/home/pei/Project/duckdb-polr/third_party/miniparquet -I/home/pei/Project/duckdb-polr/third_party/concurrentqueue -I/home/pei/Project/duckdb-polr/third_party/pcg -I/home/pei/Project/duckdb-polr/third_party/tdigest -I/home/pei/Project/duckdb-polr/third_party/mbedtls/include -I/home/pei/Project/duckdb-polr/third_party/jaro_winkler -O3 -DNDEBUG -O3 -DNDEBUG   -fPIC -fdiagnostics-color=always -std=c++11 -MD -MT src/execution/operator/helper/CMakeFiles/duckdb_operator_helper.dir/ub_duckdb_operator_helper.cpp.o -MF src/execution/operator/helper/CMakeFiles/duckdb_operator_helper.dir/ub_duckdb_operator_helper.cpp.o.d -o src/execution/operator/helper/CMakeFiles/duckdb_operator_helper.dir/ub_duckdb_operator_helper.cpp.o -c /home/pei/Project/duckdb-polr/build/release/src/execution/operator/helper/ub_duckdb_operator_helper.cpp
[82/376] /usr/bin/ccache /usr/lib/ccache/c++ -DDUCKDB -DDUCKDB_BUILD_LIBRARY -DDUCKDB_MAIN_LIBRARY -DENABLE_CROSS_PRODUCT_REWRITE=0 -DENABLE_DEBUG_PRINT=0 -DENABLE_MEASURE_EXE_TIME=0 -DENABLE_MERGE_BACK_PLAN=0 -DENABLE_PARALLEL_EXECUTION=0 -DENABLE_QUERY_SPLIT=1 -DENABLE_SPECIFY_EST_STAT=0 -I/home/pei/Project/duckdb-polr/src/include -I/home/pei/Project/duckdb-polr/third_party/fsst -I/home/pei/Project/duckdb-polr/third_party/fmt/include -I/home/pei/Project/duckdb-polr/third_party/hyperloglog -I/home/pei/Project/duckdb-polr/third_party/fastpforlib -I/home/pei/Project/duckdb-polr/third_party/fast_float -I/home/pei/Project/duckdb-polr/third_party/re2 -I/home/pei/Project/duckdb-polr/third_party/miniz -I/home/pei/Project/duckdb-polr/third_party/utf8proc/include -I/home/pei/Project/duckdb-polr/third_party/miniparquet -I/home/pei/Project/duckdb-polr/third_party/concurrentqueue -I/home/pei/Project/duckdb-polr/third_party/pcg -I/home/pei/Project/duckdb-polr/third_party/tdigest -I/home/pei/Project/duckdb-polr/third_party/mbedtls/include -I/home/pei/Project/duckdb-polr/third_party/jaro_winkler -O3 -DNDEBUG -O3 -DNDEBUG   -fPIC -fdiagnostics-color=always -std=c++11 -MD -MT src/execution/operator/order/CMakeFiles/duckdb_operator_order.dir/ub_duckdb_operator_order.cpp.o -MF src/execution/operator/order/CMakeFiles/duckdb_operator_order.dir/ub_duckdb_operator_order.cpp.o.d -o src/execution/operator/order/CMakeFiles/duckdb_operator_order.dir/ub_duckdb_operator_order.cpp.o -c /home/pei/Project/duckdb-polr/build/release/src/execution/operator/order/ub_duckdb_operator_order.cpp
[83/376] /usr/bin/ccache /usr/lib/ccache/c++ -DDUCKDB -DDUCKDB_BUILD_LIBRARY -DDUCKDB_MAIN_LIBRARY -DENABLE_CROSS_PRODUCT_REWRITE=0 -DENABLE_DEBUG_PRINT=0 -DENABLE_MEASURE_EXE_TIME=0 -DENABLE_MERGE_BACK_PLAN=0 -DENABLE_PARALLEL_EXECUTION=0 -DENABLE_QUERY_SPLIT=1 -DENABLE_SPECIFY_EST_STAT=0 -I/home/pei/Project/duckdb-polr/src/include -I/home/pei/Project/duckdb-polr/third_party/fsst -I/home/pei/Project/duckdb-polr/third_party/fmt/include -I/home/pei/Project/duckdb-polr/third_party/hyperloglog -I/home/pei/Project/duckdb-polr/third_party/fastpforlib -I/home/pei/Project/duckdb-polr/third_party/fast_float -I/home/pei/Project/duckdb-polr/third_party/re2 -I/home/pei/Project/duckdb-polr/third_party/miniz -I/home/pei/Project/duckdb-polr/third_party/utf8proc/include -I/home/pei/Project/duckdb-polr/third_party/miniparquet -I/home/pei/Project/duckdb-polr/third_party/concurrentqueue -I/home/pei/Project/duckdb-polr/third_party/pcg -I/home/pei/Project/duckdb-polr/third_party/tdigest -I/home/pei/Project/duckdb-polr/third_party/mbedtls/include -I/home/pei/Project/duckdb-polr/third_party/jaro_winkler -O3 -DNDEBUG -O3 -DNDEBUG   -fPIC -fdiagnostics-color=always -std=c++11 -MD -MT src/execution/CMakeFiles/duckdb_execution.dir/ub_duckdb_execution.cpp.o -MF src/execution/CMakeFiles/duckdb_execution.dir/ub_duckdb_execution.cpp.o.d -o src/execution/CMakeFiles/duckdb_execution.dir/ub_duckdb_execution.cpp.o -c /home/pei/Project/duckdb-polr/build/release/src/execution/ub_duckdb_execution.cpp
[84/376] /usr/bin/ccache /usr/lib/ccache/c++ -DDUCKDB -DDUCKDB_BUILD_LIBRARY -DDUCKDB_MAIN_LIBRARY -DENABLE_CROSS_PRODUCT_REWRITE=0 -DENABLE_DEBUG_PRINT=0 -DENABLE_MEASURE_EXE_TIME=0 -DENABLE_MERGE_BACK_PLAN=0 -DENABLE_PARALLEL_EXECUTION=0 -DENABLE_QUERY_SPLIT=1 -DENABLE_SPECIFY_EST_STAT=0 -I/home/pei/Project/duckdb-polr/src/include -I/home/pei/Project/duckdb-polr/third_party/fsst -I/home/pei/Project/duckdb-polr/third_party/fmt/include -I/home/pei/Project/duckdb-polr/third_party/hyperloglog -I/home/pei/Project/duckdb-polr/third_party/fastpforlib -I/home/pei/Project/duckdb-polr/third_party/fast_float -I/home/pei/Project/duckdb-polr/third_party/re2 -I/home/pei/Project/duckdb-polr/third_party/miniz -I/home/pei/Project/duckdb-polr/third_party/utf8proc/include -I/home/pei/Project/duckdb-polr/third_party/miniparquet -I/home/pei/Project/duckdb-polr/third_party/concurrentqueue -I/home/pei/Project/duckdb-polr/third_party/pcg -I/home/pei/Project/duckdb-polr/third_party/tdigest -I/home/pei/Project/duckdb-polr/third_party/mbedtls/include -I/home/pei/Project/duckdb-polr/third_party/jaro_winkler -O3 -DNDEBUG -O3 -DNDEBUG   -fPIC -fdiagnostics-color=always -std=c++11 -MD -MT src/execution/operator/set/CMakeFiles/duckdb_operator_set.dir/ub_duckdb_operator_set.cpp.o -MF src/execution/operator/set/CMakeFiles/duckdb_operator_set.dir/ub_duckdb_operator_set.cpp.o.d -o src/execution/operator/set/CMakeFiles/duckdb_operator_set.dir/ub_duckdb_operator_set.cpp.o -c /home/pei/Project/duckdb-polr/build/release/src/execution/operator/set/ub_duckdb_operator_set.cpp
[85/376] /usr/bin/ccache /usr/lib/ccache/c++ -DDUCKDB -DDUCKDB_BUILD_LIBRARY -DDUCKDB_MAIN_LIBRARY -DENABLE_CROSS_PRODUCT_REWRITE=0 -DENABLE_DEBUG_PRINT=0 -DENABLE_MEASURE_EXE_TIME=0 -DENABLE_MERGE_BACK_PLAN=0 -DENABLE_PARALLEL_EXECUTION=0 -DENABLE_QUERY_SPLIT=1 -DENABLE_SPECIFY_EST_STAT=0 -I/home/pei/Project/duckdb-polr/src/include -I/home/pei/Project/duckdb-polr/third_party/fsst -I/home/pei/Project/duckdb-polr/third_party/fmt/include -I/home/pei/Project/duckdb-polr/third_party/hyperloglog -I/home/pei/Project/duckdb-polr/third_party/fastpforlib -I/home/pei/Project/duckdb-polr/third_party/fast_float -I/home/pei/Project/duckdb-polr/third_party/re2 -I/home/pei/Project/duckdb-polr/third_party/miniz -I/home/pei/Project/duckdb-polr/third_party/utf8proc/include -I/home/pei/Project/duckdb-polr/third_party/miniparquet -I/home/pei/Project/duckdb-polr/third_party/concurrentqueue -I/home/pei/Project/duckdb-polr/third_party/pcg -I/home/pei/Project/duckdb-polr/third_party/tdigest -I/home/pei/Project/duckdb-polr/third_party/mbedtls/include -I/home/pei/Project/duckdb-polr/third_party/jaro_winkler -O3 -DNDEBUG -O3 -DNDEBUG   -fPIC -fdiagnostics-color=always -std=c++11 -MD -MT src/execution/operator/scan/CMakeFiles/duckdb_operator_scan.dir/ub_duckdb_operator_scan.cpp.o -MF src/execution/operator/scan/CMakeFiles/duckdb_operator_scan.dir/ub_duckdb_operator_scan.cpp.o.d -o src/execution/operator/scan/CMakeFiles/duckdb_operator_scan.dir/ub_duckdb_operator_scan.cpp.o -c /home/pei/Project/duckdb-polr/build/release/src/execution/operator/scan/ub_duckdb_operator_scan.cpp
[86/376] /usr/bin/ccache /usr/lib/ccache/c++ -DDUCKDB -DDUCKDB_BUILD_LIBRARY -DDUCKDB_MAIN_LIBRARY -DENABLE_CROSS_PRODUCT_REWRITE=0 -DENABLE_DEBUG_PRINT=0 -DENABLE_MEASURE_EXE_TIME=0 -DENABLE_MERGE_BACK_PLAN=0 -DENABLE_PARALLEL_EXECUTION=0 -DENABLE_QUERY_SPLIT=1 -DENABLE_SPECIFY_EST_STAT=0 -I/home/pei/Project/duckdb-polr/src/include -I/home/pei/Project/duckdb-polr/third_party/fsst -I/home/pei/Project/duckdb-polr/third_party/fmt/include -I/home/pei/Project/duckdb-polr/third_party/hyperloglog -I/home/pei/Project/duckdb-polr/third_party/fastpforlib -I/home/pei/Project/duckdb-polr/third_party/fast_float -I/home/pei/Project/duckdb-polr/third_party/re2 -I/home/pei/Project/duckdb-polr/third_party/miniz -I/home/pei/Project/duckdb-polr/third_party/utf8proc/include -I/home/pei/Project/duckdb-polr/third_party/miniparquet -I/home/pei/Project/duckdb-polr/third_party/concurrentqueue -I/home/pei/Project/duckdb-polr/third_party/pcg -I/home/pei/Project/duckdb-polr/third_party/tdigest -I/home/pei/Project/duckdb-polr/third_party/mbedtls/include -I/home/pei/Project/duckdb-polr/third_party/jaro_winkler -O3 -DNDEBUG -O3 -DNDEBUG   -fPIC -fdiagnostics-color=always -std=c++11 -MD -MT src/execution/operator/aggregate/CMakeFiles/duckdb_operator_aggregate.dir/ub_duckdb_operator_aggregate.cpp.o -MF src/execution/operator/aggregate/CMakeFiles/duckdb_operator_aggregate.dir/ub_duckdb_operator_aggregate.cpp.o.d -o src/execution/operator/aggregate/CMakeFiles/duckdb_operator_aggregate.dir/ub_duckdb_operator_aggregate.cpp.o -c /home/pei/Project/duckdb-polr/build/release/src/execution/operator/aggregate/ub_duckdb_operator_aggregate.cpp
[87/376] /usr/bin/ccache /usr/lib/ccache/c++ -DDUCKDB -DDUCKDB_BUILD_LIBRARY -DDUCKDB_MAIN_LIBRARY -DENABLE_CROSS_PRODUCT_REWRITE=0 -DENABLE_DEBUG_PRINT=0 -DENABLE_MEASURE_EXE_TIME=0 -DENABLE_MERGE_BACK_PLAN=0 -DENABLE_PARALLEL_EXECUTION=0 -DENABLE_QUERY_SPLIT=1 -DENABLE_SPECIFY_EST_STAT=0 -I/home/pei/Project/duckdb-polr/src/include -I/home/pei/Project/duckdb-polr/third_party/fsst -I/home/pei/Project/duckdb-polr/third_party/fmt/include -I/home/pei/Project/duckdb-polr/third_party/hyperloglog -I/home/pei/Project/duckdb-polr/third_party/fastpforlib -I/home/pei/Project/duckdb-polr/third_party/fast_float -I/home/pei/Project/duckdb-polr/third_party/re2 -I/home/pei/Project/duckdb-polr/third_party/miniz -I/home/pei/Project/duckdb-polr/third_party/utf8proc/include -I/home/pei/Project/duckdb-polr/third_party/miniparquet -I/home/pei/Project/duckdb-polr/third_party/concurrentqueue -I/home/pei/Project/duckdb-polr/third_party/pcg -I/home/pei/Project/duckdb-polr/third_party/tdigest -I/home/pei/Project/duckdb-polr/third_party/mbedtls/include -I/home/pei/Project/duckdb-polr/third_party/jaro_winkler -O3 -DNDEBUG -O3 -DNDEBUG   -fPIC -fdiagnostics-color=always -std=c++11 -MD -MT src/execution/operator/schema/CMakeFiles/duckdb_operator_schema.dir/ub_duckdb_operator_schema.cpp.o -MF src/execution/operator/schema/CMakeFiles/duckdb_operator_schema.dir/ub_duckdb_operator_schema.cpp.o.d -o src/execution/operator/schema/CMakeFiles/duckdb_operator_schema.dir/ub_duckdb_operator_schema.cpp.o -c /home/pei/Project/duckdb-polr/build/release/src/execution/operator/schema/ub_duckdb_operator_schema.cpp
[88/376] /usr/bin/ccache /usr/lib/ccache/c++ -DDUCKDB -DDUCKDB_BUILD_LIBRARY -DDUCKDB_MAIN_LIBRARY -DENABLE_CROSS_PRODUCT_REWRITE=0 -DENABLE_DEBUG_PRINT=0 -DENABLE_MEASURE_EXE_TIME=0 -DENABLE_MERGE_BACK_PLAN=0 -DENABLE_PARALLEL_EXECUTION=0 -DENABLE_QUERY_SPLIT=1 -DENABLE_SPECIFY_EST_STAT=0 -I/home/pei/Project/duckdb-polr/src/include -I/home/pei/Project/duckdb-polr/third_party/fsst -I/home/pei/Project/duckdb-polr/third_party/fmt/include -I/home/pei/Project/duckdb-polr/third_party/hyperloglog -I/home/pei/Project/duckdb-polr/third_party/fastpforlib -I/home/pei/Project/duckdb-polr/third_party/fast_float -I/home/pei/Project/duckdb-polr/third_party/re2 -I/home/pei/Project/duckdb-polr/third_party/miniz -I/home/pei/Project/duckdb-polr/third_party/utf8proc/include -I/home/pei/Project/duckdb-polr/third_party/miniparquet -I/home/pei/Project/duckdb-polr/third_party/concurrentqueue -I/home/pei/Project/duckdb-polr/third_party/pcg -I/home/pei/Project/duckdb-polr/third_party/tdigest -I/home/pei/Project/duckdb-polr/third_party/mbedtls/include -I/home/pei/Project/duckdb-polr/third_party/jaro_winkler -O3 -DNDEBUG -O3 -DNDEBUG   -fPIC -fdiagnostics-color=always -std=c++11 -MD -MT src/execution/operator/join/CMakeFiles/duckdb_operator_join.dir/ub_duckdb_operator_join.cpp.o -MF src/execution/operator/join/CMakeFiles/duckdb_operator_join.dir/ub_duckdb_operator_join.cpp.o.d -o src/execution/operator/join/CMakeFiles/duckdb_operator_join.dir/ub_duckdb_operator_join.cpp.o -c /home/pei/Project/duckdb-polr/build/release/src/execution/operator/join/ub_duckdb_operator_join.cpp
[89/376] /usr/bin/ccache /usr/lib/ccache/c++ -DDUCKDB -DDUCKDB_BUILD_LIBRARY -DDUCKDB_MAIN_LIBRARY -DENABLE_CROSS_PRODUCT_REWRITE=0 -DENABLE_DEBUG_PRINT=0 -DENABLE_MEASURE_EXE_TIME=0 -DENABLE_MERGE_BACK_PLAN=0 -DENABLE_PARALLEL_EXECUTION=0 -DENABLE_QUERY_SPLIT=1 -DENABLE_SPECIFY_EST_STAT=0 -I/home/pei/Project/duckdb-polr/src/include -I/home/pei/Project/duckdb-polr/third_party/fsst -I/home/pei/Project/duckdb-polr/third_party/fmt/include -I/home/pei/Project/duckdb-polr/third_party/hyperloglog -I/home/pei/Project/duckdb-polr/third_party/fastpforlib -I/home/pei/Project/duckdb-polr/third_party/fast_float -I/home/pei/Project/duckdb-polr/third_party/re2 -I/home/pei/Project/duckdb-polr/third_party/miniz -I/home/pei/Project/duckdb-polr/third_party/utf8proc/include -I/home/pei/Project/duckdb-polr/third_party/miniparquet -I/home/pei/Project/duckdb-polr/third_party/concurrentqueue -I/home/pei/Project/duckdb-polr/third_party/pcg -I/home/pei/Project/duckdb-polr/third_party/tdigest -I/home/pei/Project/duckdb-polr/third_party/mbedtls/include -I/home/pei/Project/duckdb-polr/third_party/jaro_winkler -O3 -DNDEBUG -O3 -DNDEBUG   -fPIC -fdiagnostics-color=always -std=c++11 -MD -MT src/function/aggregate/distributive/CMakeFiles/duckdb_aggr_distr.dir/ub_duckdb_aggr_distr.cpp.o -MF src/function/aggregate/distributive/CMakeFiles/duckdb_aggr_distr.dir/ub_duckdb_aggr_distr.cpp.o.d -o src/function/aggregate/distributive/CMakeFiles/duckdb_aggr_distr.dir/ub_duckdb_aggr_distr.cpp.o -c /home/pei/Project/duckdb-polr/build/release/src/function/aggregate/distributive/ub_duckdb_aggr_distr.cpp
[90/376] /usr/bin/ccache /usr/lib/ccache/c++ -DDUCKDB -DDUCKDB_BUILD_LIBRARY -DDUCKDB_MAIN_LIBRARY -DENABLE_CROSS_PRODUCT_REWRITE=0 -DENABLE_DEBUG_PRINT=0 -DENABLE_MEASURE_EXE_TIME=0 -DENABLE_MERGE_BACK_PLAN=0 -DENABLE_PARALLEL_EXECUTION=0 -DENABLE_QUERY_SPLIT=1 -DENABLE_SPECIFY_EST_STAT=0 -I/home/pei/Project/duckdb-polr/src/include -I/home/pei/Project/duckdb-polr/third_party/fsst -I/home/pei/Project/duckdb-polr/third_party/fmt/include -I/home/pei/Project/duckdb-polr/third_party/hyperloglog -I/home/pei/Project/duckdb-polr/third_party/fastpforlib -I/home/pei/Project/duckdb-polr/third_party/fast_float -I/home/pei/Project/duckdb-polr/third_party/re2 -I/home/pei/Project/duckdb-polr/third_party/miniz -I/home/pei/Project/duckdb-polr/third_party/utf8proc/include -I/home/pei/Project/duckdb-polr/third_party/miniparquet -I/home/pei/Project/duckdb-polr/third_party/concurrentqueue -I/home/pei/Project/duckdb-polr/third_party/pcg -I/home/pei/Project/duckdb-polr/third_party/tdigest -I/home/pei/Project/duckdb-polr/third_party/mbedtls/include -I/home/pei/Project/duckdb-polr/third_party/jaro_winkler -O3 -DNDEBUG -O3 -DNDEBUG   -fPIC -fdiagnostics-color=always -std=c++11 -MD -MT src/main/capi/cast/CMakeFiles/duckdb_main_capi_cast.dir/ub_duckdb_main_capi_cast.cpp.o -MF src/main/capi/cast/CMakeFiles/duckdb_main_capi_cast.dir/ub_duckdb_main_capi_cast.cpp.o.d -o src/main/capi/cast/CMakeFiles/duckdb_main_capi_cast.dir/ub_duckdb_main_capi_cast.cpp.o -c /home/pei/Project/duckdb-polr/build/release/src/main/capi/cast/ub_duckdb_main_capi_cast.cpp
[91/376] /usr/bin/ccache /usr/lib/ccache/c++ -DDUCKDB -DDUCKDB_BUILD_LIBRARY -DDUCKDB_MAIN_LIBRARY -DENABLE_CROSS_PRODUCT_REWRITE=0 -DENABLE_DEBUG_PRINT=0 -DENABLE_MEASURE_EXE_TIME=0 -DENABLE_MERGE_BACK_PLAN=0 -DENABLE_PARALLEL_EXECUTION=0 -DENABLE_QUERY_SPLIT=1 -DENABLE_SPECIFY_EST_STAT=0 -I/home/pei/Project/duckdb-polr/src/include -I/home/pei/Project/duckdb-polr/third_party/fsst -I/home/pei/Project/duckdb-polr/third_party/fmt/include -I/home/pei/Project/duckdb-polr/third_party/hyperloglog -I/home/pei/Project/duckdb-polr/third_party/fastpforlib -I/home/pei/Project/duckdb-polr/third_party/fast_float -I/home/pei/Project/duckdb-polr/third_party/re2 -I/home/pei/Project/duckdb-polr/third_party/miniz -I/home/pei/Project/duckdb-polr/third_party/utf8proc/include -I/home/pei/Project/duckdb-polr/third_party/miniparquet -I/home/pei/Project/duckdb-polr/third_party/concurrentqueue -I/home/pei/Project/duckdb-polr/third_party/pcg -I/home/pei/Project/duckdb-polr/third_party/tdigest -I/home/pei/Project/duckdb-polr/third_party/mbedtls/include -I/home/pei/Project/duckdb-polr/third_party/jaro_winkler -O3 -DNDEBUG -O3 -DNDEBUG   -fPIC -fdiagnostics-color=always -std=c++11 -MD -MT src/execution/index/art/CMakeFiles/duckdb_art_index_execution.dir/ub_duckdb_art_index_execution.cpp.o -MF src/execution/index/art/CMakeFiles/duckdb_art_index_execution.dir/ub_duckdb_art_index_execution.cpp.o.d -o src/execution/index/art/CMakeFiles/duckdb_art_index_execution.dir/ub_duckdb_art_index_execution.cpp.o -c /home/pei/Project/duckdb-polr/build/release/src/execution/index/art/ub_duckdb_art_index_execution.cpp
[92/376] /usr/bin/ccache /usr/lib/ccache/c++ -DDUCKDB -DDUCKDB_BUILD_LIBRARY -DDUCKDB_MAIN_LIBRARY -DENABLE_CROSS_PRODUCT_REWRITE=0 -DENABLE_DEBUG_PRINT=0 -DENABLE_MEASURE_EXE_TIME=0 -DENABLE_MERGE_BACK_PLAN=0 -DENABLE_PARALLEL_EXECUTION=0 -DENABLE_QUERY_SPLIT=1 -DENABLE_SPECIFY_EST_STAT=0 -I/home/pei/Project/duckdb-polr/src/include -I/home/pei/Project/duckdb-polr/third_party/fsst -I/home/pei/Project/duckdb-polr/third_party/fmt/include -I/home/pei/Project/duckdb-polr/third_party/hyperloglog -I/home/pei/Project/duckdb-polr/third_party/fastpforlib -I/home/pei/Project/duckdb-polr/third_party/fast_float -I/home/pei/Project/duckdb-polr/third_party/re2 -I/home/pei/Project/duckdb-polr/third_party/miniz -I/home/pei/Project/duckdb-polr/third_party/utf8proc/include -I/home/pei/Project/duckdb-polr/third_party/miniparquet -I/home/pei/Project/duckdb-polr/third_party/concurrentqueue -I/home/pei/Project/duckdb-polr/third_party/pcg -I/home/pei/Project/duckdb-polr/third_party/tdigest -I/home/pei/Project/duckdb-polr/third_party/mbedtls/include -I/home/pei/Project/duckdb-polr/third_party/jaro_winkler -O3 -DNDEBUG -O3 -DNDEBUG   -fPIC -fdiagnostics-color=always -std=c++11 -MD -MT src/function/scalar/date/CMakeFiles/duckdb_func_date.dir/ub_duckdb_func_date.cpp.o -MF src/function/scalar/date/CMakeFiles/duckdb_func_date.dir/ub_duckdb_func_date.cpp.o.d -o src/function/scalar/date/CMakeFiles/duckdb_func_date.dir/ub_duckdb_func_date.cpp.o -c /home/pei/Project/duckdb-polr/build/release/src/function/scalar/date/ub_duckdb_func_date.cpp
[93/376] /usr/bin/ccache /usr/lib/ccache/c++ -DDUCKDB -DDUCKDB_BUILD_LIBRARY -DDUCKDB_MAIN_LIBRARY -DENABLE_CROSS_PRODUCT_REWRITE=0 -DENABLE_DEBUG_PRINT=0 -DENABLE_MEASURE_EXE_TIME=0 -DENABLE_MERGE_BACK_PLAN=0 -DENABLE_PARALLEL_EXECUTION=0 -DENABLE_QUERY_SPLIT=1 -DENABLE_SPECIFY_EST_STAT=0 -I/home/pei/Project/duckdb-polr/src/include -I/home/pei/Project/duckdb-polr/third_party/fsst -I/home/pei/Project/duckdb-polr/third_party/fmt/include -I/home/pei/Project/duckdb-polr/third_party/hyperloglog -I/home/pei/Project/duckdb-polr/third_party/fastpforlib -I/home/pei/Project/duckdb-polr/third_party/fast_float -I/home/pei/Project/duckdb-polr/third_party/re2 -I/home/pei/Project/duckdb-polr/third_party/miniz -I/home/pei/Project/duckdb-polr/third_party/utf8proc/include -I/home/pei/Project/duckdb-polr/third_party/miniparquet -I/home/pei/Project/duckdb-polr/third_party/concurrentqueue -I/home/pei/Project/duckdb-polr/third_party/pcg -I/home/pei/Project/duckdb-polr/third_party/tdigest -I/home/pei/Project/duckdb-polr/third_party/mbedtls/include -I/home/pei/Project/duckdb-polr/third_party/jaro_winkler -O3 -DNDEBUG -O3 -DNDEBUG   -fPIC -fdiagnostics-color=always -std=c++11 -MD -MT src/storage/buffer/CMakeFiles/duckdb_storage_buffer.dir/ub_duckdb_storage_buffer.cpp.o -MF src/storage/buffer/CMakeFiles/duckdb_storage_buffer.dir/ub_duckdb_storage_buffer.cpp.o.d -o src/storage/buffer/CMakeFiles/duckdb_storage_buffer.dir/ub_duckdb_storage_buffer.cpp.o -c /home/pei/Project/duckdb-polr/build/release/src/storage/buffer/ub_duckdb_storage_buffer.cpp
[94/376] /usr/bin/ccache /usr/lib/ccache/c++ -DDUCKDB -DDUCKDB_BUILD_LIBRARY -DDUCKDB_MAIN_LIBRARY -DENABLE_CROSS_PRODUCT_REWRITE=0 -DENABLE_DEBUG_PRINT=0 -DENABLE_MEASURE_EXE_TIME=0 -DENABLE_MERGE_BACK_PLAN=0 -DENABLE_PARALLEL_EXECUTION=0 -DENABLE_QUERY_SPLIT=1 -DENABLE_SPECIFY_EST_STAT=0 -I/home/pei/Project/duckdb-polr/src/include -I/home/pei/Project/duckdb-polr/third_party/fsst -I/home/pei/Project/duckdb-polr/third_party/fmt/include -I/home/pei/Project/duckdb-polr/third_party/hyperloglog -I/home/pei/Project/duckdb-polr/third_party/fastpforlib -I/home/pei/Project/duckdb-polr/third_party/fast_float -I/home/pei/Project/duckdb-polr/third_party/re2 -I/home/pei/Project/duckdb-polr/third_party/miniz -I/home/pei/Project/duckdb-polr/third_party/utf8proc/include -I/home/pei/Project/duckdb-polr/third_party/miniparquet -I/home/pei/Project/duckdb-polr/third_party/concurrentqueue -I/home/pei/Project/duckdb-polr/third_party/pcg -I/home/pei/Project/duckdb-polr/third_party/tdigest -I/home/pei/Project/duckdb-polr/third_party/mbedtls/include -I/home/pei/Project/duckdb-polr/third_party/jaro_winkler -O3 -DNDEBUG -O3 -DNDEBUG   -fPIC -fdiagnostics-color=always -std=c++11 -MD -MT src/common/types/CMakeFiles/duckdb_common_types.dir/ub_duckdb_common_types.cpp.o -MF src/common/types/CMakeFiles/duckdb_common_types.dir/ub_duckdb_common_types.cpp.o.d -o src/common/types/CMakeFiles/duckdb_common_types.dir/ub_duckdb_common_types.cpp.o -c /home/pei/Project/duckdb-polr/build/release/src/common/types/ub_duckdb_common_types.cpp
[95/376] /usr/bin/ccache /usr/lib/ccache/c++ -DDUCKDB -DDUCKDB_BUILD_LIBRARY -DDUCKDB_MAIN_LIBRARY -DENABLE_CROSS_PRODUCT_REWRITE=0 -DENABLE_DEBUG_PRINT=0 -DENABLE_MEASURE_EXE_TIME=0 -DENABLE_MERGE_BACK_PLAN=0 -DENABLE_PARALLEL_EXECUTION=0 -DENABLE_QUERY_SPLIT=1 -DENABLE_SPECIFY_EST_STAT=0 -I/home/pei/Project/duckdb-polr/src/include -I/home/pei/Project/duckdb-polr/third_party/fsst -I/home/pei/Project/duckdb-polr/third_party/fmt/include -I/home/pei/Project/duckdb-polr/third_party/hyperloglog -I/home/pei/Project/duckdb-polr/third_party/fastpforlib -I/home/pei/Project/duckdb-polr/third_party/fast_float -I/home/pei/Project/duckdb-polr/third_party/re2 -I/home/pei/Project/duckdb-polr/third_party/miniz -I/home/pei/Project/duckdb-polr/third_party/utf8proc/include -I/home/pei/Project/duckdb-polr/third_party/miniparquet -I/home/pei/Project/duckdb-polr/third_party/concurrentqueue -I/home/pei/Project/duckdb-polr/third_party/pcg -I/home/pei/Project/duckdb-polr/third_party/tdigest -I/home/pei/Project/duckdb-polr/third_party/mbedtls/include -I/home/pei/Project/duckdb-polr/third_party/jaro_winkler -O3 -DNDEBUG -O3 -DNDEBUG   -fPIC -fdiagnostics-color=always -std=c++11 -MD -MT src/storage/compression/CMakeFiles/duckdb_storage_compression.dir/ub_duckdb_storage_compression.cpp.o -MF src/storage/compression/CMakeFiles/duckdb_storage_compression.dir/ub_duckdb_storage_compression.cpp.o.d -o src/storage/compression/CMakeFiles/duckdb_storage_compression.dir/ub_duckdb_storage_compression.cpp.o -c /home/pei/Project/duckdb-polr/build/release/src/storage/compression/ub_duckdb_storage_compression.cpp
[96/376] /usr/bin/ccache /usr/lib/ccache/c++ -DDUCKDB -DDUCKDB_BUILD_LIBRARY -DDUCKDB_MAIN_LIBRARY -DENABLE_CROSS_PRODUCT_REWRITE=0 -DENABLE_DEBUG_PRINT=0 -DENABLE_MEASURE_EXE_TIME=0 -DENABLE_MERGE_BACK_PLAN=0 -DENABLE_PARALLEL_EXECUTION=0 -DENABLE_QUERY_SPLIT=1 -DENABLE_SPECIFY_EST_STAT=0 -I/home/pei/Project/duckdb-polr/src/include -I/home/pei/Project/duckdb-polr/third_party/fsst -I/home/pei/Project/duckdb-polr/third_party/fmt/include -I/home/pei/Project/duckdb-polr/third_party/hyperloglog -I/home/pei/Project/duckdb-polr/third_party/fastpforlib -I/home/pei/Project/duckdb-polr/third_party/fast_float -I/home/pei/Project/duckdb-polr/third_party/re2 -I/home/pei/Project/duckdb-polr/third_party/miniz -I/home/pei/Project/duckdb-polr/third_party/utf8proc/include -I/home/pei/Project/duckdb-polr/third_party/miniparquet -I/home/pei/Project/duckdb-polr/third_party/concurrentqueue -I/home/pei/Project/duckdb-polr/third_party/pcg -I/home/pei/Project/duckdb-polr/third_party/tdigest -I/home/pei/Project/duckdb-polr/third_party/mbedtls/include -I/home/pei/Project/duckdb-polr/third_party/jaro_winkler -O3 -DNDEBUG -O3 -DNDEBUG   -fPIC -fdiagnostics-color=always -std=c++11 -MD -MT src/storage/compression/chimp/CMakeFiles/duckdb_storage_compression_chimp.dir/ub_duckdb_storage_compression_chimp.cpp.o -MF src/storage/compression/chimp/CMakeFiles/duckdb_storage_compression_chimp.dir/ub_duckdb_storage_compression_chimp.cpp.o.d -o src/storage/compression/chimp/CMakeFiles/duckdb_storage_compression_chimp.dir/ub_duckdb_storage_compression_chimp.cpp.o -c /home/pei/Project/duckdb-polr/build/release/src/storage/compression/chimp/ub_duckdb_storage_compression_chimp.cpp
[97/376] /usr/bin/ccache /usr/lib/ccache/c++ -DDUCKDB -DDUCKDB_BUILD_LIBRARY -DDUCKDB_MAIN_LIBRARY -DENABLE_CROSS_PRODUCT_REWRITE=0 -DENABLE_DEBUG_PRINT=0 -DENABLE_MEASURE_EXE_TIME=0 -DENABLE_MERGE_BACK_PLAN=0 -DENABLE_PARALLEL_EXECUTION=0 -DENABLE_QUERY_SPLIT=1 -DENABLE_SPECIFY_EST_STAT=0 -I/home/pei/Project/duckdb-polr/src/include -I/home/pei/Project/duckdb-polr/third_party/fsst -I/home/pei/Project/duckdb-polr/third_party/fmt/include -I/home/pei/Project/duckdb-polr/third_party/hyperloglog -I/home/pei/Project/duckdb-polr/third_party/fastpforlib -I/home/pei/Project/duckdb-polr/third_party/fast_float -I/home/pei/Project/duckdb-polr/third_party/re2 -I/home/pei/Project/duckdb-polr/third_party/miniz -I/home/pei/Project/duckdb-polr/third_party/utf8proc/include -I/home/pei/Project/duckdb-polr/third_party/miniparquet -I/home/pei/Project/duckdb-polr/third_party/concurrentqueue -I/home/pei/Project/duckdb-polr/third_party/pcg -I/home/pei/Project/duckdb-polr/third_party/tdigest -I/home/pei/Project/duckdb-polr/third_party/mbedtls/include -I/home/pei/Project/duckdb-polr/third_party/jaro_winkler -O3 -DNDEBUG -O3 -DNDEBUG   -fPIC -fdiagnostics-color=always -std=c++11 -MD -MT src/storage/statistics/CMakeFiles/duckdb_storage_statistics.dir/ub_duckdb_storage_statistics.cpp.o -MF src/storage/statistics/CMakeFiles/duckdb_storage_statistics.dir/ub_duckdb_storage_statistics.cpp.o.d -o src/storage/statistics/CMakeFiles/duckdb_storage_statistics.dir/ub_duckdb_storage_statistics.cpp.o -c /home/pei/Project/duckdb-polr/build/release/src/storage/statistics/ub_duckdb_storage_statistics.cpp
[98/376] /usr/bin/ccache /usr/lib/ccache/c++ -DDUCKDB -DDUCKDB_BUILD_LIBRARY -DDUCKDB_MAIN_LIBRARY -DENABLE_CROSS_PRODUCT_REWRITE=0 -DENABLE_DEBUG_PRINT=0 -DENABLE_MEASURE_EXE_TIME=0 -DENABLE_MERGE_BACK_PLAN=0 -DENABLE_PARALLEL_EXECUTION=0 -DENABLE_QUERY_SPLIT=1 -DENABLE_SPECIFY_EST_STAT=0 -I/home/pei/Project/duckdb-polr/src/include -I/home/pei/Project/duckdb-polr/third_party/fsst -I/home/pei/Project/duckdb-polr/third_party/fmt/include -I/home/pei/Project/duckdb-polr/third_party/hyperloglog -I/home/pei/Project/duckdb-polr/third_party/fastpforlib -I/home/pei/Project/duckdb-polr/third_party/fast_float -I/home/pei/Project/duckdb-polr/third_party/re2 -I/home/pei/Project/duckdb-polr/third_party/miniz -I/home/pei/Project/duckdb-polr/third_party/utf8proc/include -I/home/pei/Project/duckdb-polr/third_party/miniparquet -I/home/pei/Project/duckdb-polr/third_party/concurrentqueue -I/home/pei/Project/duckdb-polr/third_party/pcg -I/home/pei/Project/duckdb-polr/third_party/tdigest -I/home/pei/Project/duckdb-polr/third_party/mbedtls/include -I/home/pei/Project/duckdb-polr/third_party/jaro_winkler -O3 -DNDEBUG -O3 -DNDEBUG   -fPIC -fdiagnostics-color=always -std=c++11 -MD -MT src/function/aggregate/holistic/CMakeFiles/duckdb_aggr_holistic.dir/ub_duckdb_aggr_holistic.cpp.o -MF src/function/aggregate/holistic/CMakeFiles/duckdb_aggr_holistic.dir/ub_duckdb_aggr_holistic.cpp.o.d -o src/function/aggregate/holistic/CMakeFiles/duckdb_aggr_holistic.dir/ub_duckdb_aggr_holistic.cpp.o -c /home/pei/Project/duckdb-polr/build/release/src/function/aggregate/holistic/ub_duckdb_aggr_holistic.cpp
[99/376] /usr/bin/ccache /usr/lib/ccache/c++ -DDUCKDB -DDUCKDB_BUILD_LIBRARY -DDUCKDB_MAIN_LIBRARY -DENABLE_CROSS_PRODUCT_REWRITE=0 -DENABLE_DEBUG_PRINT=0 -DENABLE_MEASURE_EXE_TIME=0 -DENABLE_MERGE_BACK_PLAN=0 -DENABLE_PARALLEL_EXECUTION=0 -DENABLE_QUERY_SPLIT=1 -DENABLE_SPECIFY_EST_STAT=0 -I/home/pei/Project/duckdb-polr/src/include -I/home/pei/Project/duckdb-polr/third_party/fsst -I/home/pei/Project/duckdb-polr/third_party/fmt/include -I/home/pei/Project/duckdb-polr/third_party/hyperloglog -I/home/pei/Project/duckdb-polr/third_party/fastpforlib -I/home/pei/Project/duckdb-polr/third_party/fast_float -I/home/pei/Project/duckdb-polr/third_party/re2 -I/home/pei/Project/duckdb-polr/third_party/miniz -I/home/pei/Project/duckdb-polr/third_party/utf8proc/include -I/home/pei/Project/duckdb-polr/third_party/miniparquet -I/home/pei/Project/duckdb-polr/third_party/concurrentqueue -I/home/pei/Project/duckdb-polr/third_party/pcg -I/home/pei/Project/duckdb-polr/third_party/tdigest -I/home/pei/Project/duckdb-polr/third_party/mbedtls/include -I/home/pei/Project/duckdb-polr/third_party/jaro_winkler -O3 -DNDEBUG -O3 -DNDEBUG   -fPIC -fdiagnostics-color=always -std=c++11 -MD -MT src/execution/operator/persistent/CMakeFiles/duckdb_operator_persistent.dir/ub_duckdb_operator_persistent.cpp.o -MF src/execution/operator/persistent/CMakeFiles/duckdb_operator_persistent.dir/ub_duckdb_operator_persistent.cpp.o.d -o src/execution/operator/persistent/CMakeFiles/duckdb_operator_persistent.dir/ub_duckdb_operator_persistent.cpp.o -c /home/pei/Project/duckdb-polr/build/release/src/execution/operator/persistent/ub_duckdb_operator_persistent.cpp
[100/376] /usr/bin/ccache /usr/lib/ccache/c++ -DBUILD_JEMALLOC_EXTENSION=ON -DDUCKDB -DDUCKDB_BUILD_LIBRARY -DDUCKDB_MAIN_LIBRARY -DENABLE_CROSS_PRODUCT_REWRITE=0 -DENABLE_DEBUG_PRINT=0 -DENABLE_MEASURE_EXE_TIME=0 -DENABLE_MERGE_BACK_PLAN=0 -DENABLE_PARALLEL_EXECUTION=0 -DENABLE_QUERY_SPLIT=1 -DENABLE_SPECIFY_EST_STAT=0 -I/home/pei/Project/duckdb-polr/src/include -I/home/pei/Project/duckdb-polr/third_party/fsst -I/home/pei/Project/duckdb-polr/third_party/fmt/include -I/home/pei/Project/duckdb-polr/third_party/hyperloglog -I/home/pei/Project/duckdb-polr/third_party/fastpforlib -I/home/pei/Project/duckdb-polr/third_party/fast_float -I/home/pei/Project/duckdb-polr/third_party/re2 -I/home/pei/Project/duckdb-polr/third_party/miniz -I/home/pei/Project/duckdb-polr/third_party/utf8proc/include -I/home/pei/Project/duckdb-polr/third_party/miniparquet -I/home/pei/Project/duckdb-polr/third_party/concurrentqueue -I/home/pei/Project/duckdb-polr/third_party/pcg -I/home/pei/Project/duckdb-polr/third_party/tdigest -I/home/pei/Project/duckdb-polr/third_party/mbedtls/include -I/home/pei/Project/duckdb-polr/third_party/jaro_winkler -I/home/pei/Project/duckdb-polr/extension/jemalloc/include -O3 -DNDEBUG -O3 -DNDEBUG   -fPIC -fdiagnostics-color=always -std=c++11 -MD -MT src/common/CMakeFiles/duckdb_common.dir/ub_duckdb_common.cpp.o -MF src/common/CMakeFiles/duckdb_common.dir/ub_duckdb_common.cpp.o.d -o src/common/CMakeFiles/duckdb_common.dir/ub_duckdb_common.cpp.o -c /home/pei/Project/duckdb-polr/build/release/src/common/ub_duckdb_common.cpp
[101/376] /usr/bin/ccache /usr/lib/ccache/c++ -DDUCKDB -DDUCKDB_BUILD_LIBRARY -DDUCKDB_MAIN_LIBRARY -DENABLE_CROSS_PRODUCT_REWRITE=0 -DENABLE_DEBUG_PRINT=0 -DENABLE_MEASURE_EXE_TIME=0 -DENABLE_MERGE_BACK_PLAN=0 -DENABLE_PARALLEL_EXECUTION=0 -DENABLE_QUERY_SPLIT=1 -DENABLE_SPECIFY_EST_STAT=0 -I/home/pei/Project/duckdb-polr/src/include -I/home/pei/Project/duckdb-polr/third_party/fsst -I/home/pei/Project/duckdb-polr/third_party/fmt/include -I/home/pei/Project/duckdb-polr/third_party/hyperloglog -I/home/pei/Project/duckdb-polr/third_party/fastpforlib -I/home/pei/Project/duckdb-polr/third_party/fast_float -I/home/pei/Project/duckdb-polr/third_party/re2 -I/home/pei/Project/duckdb-polr/third_party/miniz -I/home/pei/Project/duckdb-polr/third_party/utf8proc/include -I/home/pei/Project/duckdb-polr/third_party/miniparquet -I/home/pei/Project/duckdb-polr/third_party/concurrentqueue -I/home/pei/Project/duckdb-polr/third_party/pcg -I/home/pei/Project/duckdb-polr/third_party/tdigest -I/home/pei/Project/duckdb-polr/third_party/mbedtls/include -I/home/pei/Project/duckdb-polr/third_party/jaro_winkler -O3 -DNDEBUG -O3 -DNDEBUG   -fPIC -fdiagnostics-color=always -std=c++11 -MD -MT src/execution/physical_plan/CMakeFiles/duckdb_physical_plan.dir/ub_duckdb_physical_plan.cpp.o -MF src/execution/physical_plan/CMakeFiles/duckdb_physical_plan.dir/ub_duckdb_physical_plan.cpp.o.d -o src/execution/physical_plan/CMakeFiles/duckdb_physical_plan.dir/ub_duckdb_physical_plan.cpp.o -c /home/pei/Project/duckdb-polr/build/release/src/execution/physical_plan/ub_duckdb_physical_plan.cpp
[102/376] /usr/bin/ccache /usr/lib/ccache/c++ -DDUCKDB -DDUCKDB_BUILD_LIBRARY -DDUCKDB_MAIN_LIBRARY -DENABLE_CROSS_PRODUCT_REWRITE=0 -DENABLE_DEBUG_PRINT=0 -DENABLE_MEASURE_EXE_TIME=0 -DENABLE_MERGE_BACK_PLAN=0 -DENABLE_PARALLEL_EXECUTION=0 -DENABLE_QUERY_SPLIT=1 -DENABLE_SPECIFY_EST_STAT=0 -I/home/pei/Project/duckdb-polr/src/include -I/home/pei/Project/duckdb-polr/third_party/fsst -I/home/pei/Project/duckdb-polr/third_party/fmt/include -I/home/pei/Project/duckdb-polr/third_party/hyperloglog -I/home/pei/Project/duckdb-polr/third_party/fastpforlib -I/home/pei/Project/duckdb-polr/third_party/fast_float -I/home/pei/Project/duckdb-polr/third_party/re2 -I/home/pei/Project/duckdb-polr/third_party/miniz -I/home/pei/Project/duckdb-polr/third_party/utf8proc/include -I/home/pei/Project/duckdb-polr/third_party/miniparquet -I/home/pei/Project/duckdb-polr/third_party/concurrentqueue -I/home/pei/Project/duckdb-polr/third_party/pcg -I/home/pei/Project/duckdb-polr/third_party/tdigest -I/home/pei/Project/duckdb-polr/third_party/mbedtls/include -I/home/pei/Project/duckdb-polr/third_party/jaro_winkler -O3 -DNDEBUG -O3 -DNDEBUG   -fPIC -fdiagnostics-color=always -std=c++11 -MD -MT src/storage/checkpoint/CMakeFiles/duckdb_storage_checkpoint.dir/ub_duckdb_storage_checkpoint.cpp.o -MF src/storage/checkpoint/CMakeFiles/duckdb_storage_checkpoint.dir/ub_duckdb_storage_checkpoint.cpp.o.d -o src/storage/checkpoint/CMakeFiles/duckdb_storage_checkpoint.dir/ub_duckdb_storage_checkpoint.cpp.o -c /home/pei/Project/duckdb-polr/build/release/src/storage/checkpoint/ub_duckdb_storage_checkpoint.cpp
[103/376] /usr/bin/ccache /usr/lib/ccache/c++ -DDUCKDB -DDUCKDB_BUILD_LIBRARY -DDUCKDB_MAIN_LIBRARY -DENABLE_CROSS_PRODUCT_REWRITE=0 -DENABLE_DEBUG_PRINT=0 -DENABLE_MEASURE_EXE_TIME=0 -DENABLE_MERGE_BACK_PLAN=0 -DENABLE_PARALLEL_EXECUTION=0 -DENABLE_QUERY_SPLIT=1 -DENABLE_SPECIFY_EST_STAT=0 -I/home/pei/Project/duckdb-polr/src/include -I/home/pei/Project/duckdb-polr/third_party/fsst -I/home/pei/Project/duckdb-polr/third_party/fmt/include -I/home/pei/Project/duckdb-polr/third_party/hyperloglog -I/home/pei/Project/duckdb-polr/third_party/fastpforlib -I/home/pei/Project/duckdb-polr/third_party/fast_float -I/home/pei/Project/duckdb-polr/third_party/re2 -I/home/pei/Project/duckdb-polr/third_party/miniz -I/home/pei/Project/duckdb-polr/third_party/utf8proc/include -I/home/pei/Project/duckdb-polr/third_party/miniparquet -I/home/pei/Project/duckdb-polr/third_party/concurrentqueue -I/home/pei/Project/duckdb-polr/third_party/pcg -I/home/pei/Project/duckdb-polr/third_party/tdigest -I/home/pei/Project/duckdb-polr/third_party/mbedtls/include -I/home/pei/Project/duckdb-polr/third_party/jaro_winkler -O3 -DNDEBUG -O3 -DNDEBUG   -fPIC -fdiagnostics-color=always -std=c++11 -MD -MT src/main/relation/CMakeFiles/duckdb_main_relation.dir/ub_duckdb_main_relation.cpp.o -MF src/main/relation/CMakeFiles/duckdb_main_relation.dir/ub_duckdb_main_relation.cpp.o.d -o src/main/relation/CMakeFiles/duckdb_main_relation.dir/ub_duckdb_main_relation.cpp.o -c /home/pei/Project/duckdb-polr/build/release/src/main/relation/ub_duckdb_main_relation.cpp
[104/376] /usr/bin/ccache /usr/lib/ccache/c++ -DDUCKDB -DDUCKDB_BUILD_LIBRARY -DDUCKDB_MAIN_LIBRARY -DENABLE_CROSS_PRODUCT_REWRITE=0 -DENABLE_DEBUG_PRINT=0 -DENABLE_MEASURE_EXE_TIME=0 -DENABLE_MERGE_BACK_PLAN=0 -DENABLE_PARALLEL_EXECUTION=0 -DENABLE_QUERY_SPLIT=1 -DENABLE_SPECIFY_EST_STAT=0 -I/home/pei/Project/duckdb-polr/src/include -I/home/pei/Project/duckdb-polr/third_party/fsst -I/home/pei/Project/duckdb-polr/third_party/fmt/include -I/home/pei/Project/duckdb-polr/third_party/hyperloglog -I/home/pei/Project/duckdb-polr/third_party/fastpforlib -I/home/pei/Project/duckdb-polr/third_party/fast_float -I/home/pei/Project/duckdb-polr/third_party/re2 -I/home/pei/Project/duckdb-polr/third_party/miniz -I/home/pei/Project/duckdb-polr/third_party/utf8proc/include -I/home/pei/Project/duckdb-polr/third_party/miniparquet -I/home/pei/Project/duckdb-polr/third_party/concurrentqueue -I/home/pei/Project/duckdb-polr/third_party/pcg -I/home/pei/Project/duckdb-polr/third_party/tdigest -I/home/pei/Project/duckdb-polr/third_party/mbedtls/include -I/home/pei/Project/duckdb-polr/third_party/jaro_winkler -O3 -DNDEBUG -O3 -DNDEBUG   -fPIC -fdiagnostics-color=always -std=c++11 -MD -MT src/main/capi/CMakeFiles/duckdb_main_capi.dir/ub_duckdb_main_capi.cpp.o -MF src/main/capi/CMakeFiles/duckdb_main_capi.dir/ub_duckdb_main_capi.cpp.o.d -o src/main/capi/CMakeFiles/duckdb_main_capi.dir/ub_duckdb_main_capi.cpp.o -c /home/pei/Project/duckdb-polr/build/release/src/main/capi/ub_duckdb_main_capi.cpp
[105/376] /usr/bin/ccache /usr/lib/ccache/c++ -DDUCKDB -DDUCKDB_BUILD_LIBRARY -DDUCKDB_MAIN_LIBRARY -DENABLE_CROSS_PRODUCT_REWRITE=0 -DENABLE_DEBUG_PRINT=0 -DENABLE_MEASURE_EXE_TIME=0 -DENABLE_MERGE_BACK_PLAN=0 -DENABLE_PARALLEL_EXECUTION=0 -DENABLE_QUERY_SPLIT=1 -DENABLE_SPECIFY_EST_STAT=0 -I/home/pei/Project/duckdb-polr/src/include -I/home/pei/Project/duckdb-polr/third_party/fsst -I/home/pei/Project/duckdb-polr/third_party/fmt/include -I/home/pei/Project/duckdb-polr/third_party/hyperloglog -I/home/pei/Project/duckdb-polr/third_party/fastpforlib -I/home/pei/Project/duckdb-polr/third_party/fast_float -I/home/pei/Project/duckdb-polr/third_party/re2 -I/home/pei/Project/duckdb-polr/third_party/miniz -I/home/pei/Project/duckdb-polr/third_party/utf8proc/include -I/home/pei/Project/duckdb-polr/third_party/miniparquet -I/home/pei/Project/duckdb-polr/third_party/concurrentqueue -I/home/pei/Project/duckdb-polr/third_party/pcg -I/home/pei/Project/duckdb-polr/third_party/tdigest -I/home/pei/Project/duckdb-polr/third_party/mbedtls/include -I/home/pei/Project/duckdb-polr/third_party/jaro_winkler -O3 -DNDEBUG -O3 -DNDEBUG   -fPIC -fdiagnostics-color=always -std=c++11 -MD -MT src/verification/CMakeFiles/duckdb_verification.dir/copied_statement_verifier.cpp.o -MF src/verification/CMakeFiles/duckdb_verification.dir/copied_statement_verifier.cpp.o.d -o src/verification/CMakeFiles/duckdb_verification.dir/copied_statement_verifier.cpp.o -c /home/pei/Project/duckdb-polr/src/verification/copied_statement_verifier.cpp
[106/376] /usr/bin/ccache /usr/lib/ccache/c++ -DDUCKDB -DDUCKDB_BUILD_LIBRARY -DDUCKDB_MAIN_LIBRARY -DENABLE_CROSS_PRODUCT_REWRITE=0 -DENABLE_DEBUG_PRINT=0 -DENABLE_MEASURE_EXE_TIME=0 -DENABLE_MERGE_BACK_PLAN=0 -DENABLE_PARALLEL_EXECUTION=0 -DENABLE_QUERY_SPLIT=1 -DENABLE_SPECIFY_EST_STAT=0 -I/home/pei/Project/duckdb-polr/src/include -I/home/pei/Project/duckdb-polr/third_party/fsst -I/home/pei/Project/duckdb-polr/third_party/fmt/include -I/home/pei/Project/duckdb-polr/third_party/hyperloglog -I/home/pei/Project/duckdb-polr/third_party/fastpforlib -I/home/pei/Project/duckdb-polr/third_party/fast_float -I/home/pei/Project/duckdb-polr/third_party/re2 -I/home/pei/Project/duckdb-polr/third_party/miniz -I/home/pei/Project/duckdb-polr/third_party/utf8proc/include -I/home/pei/Project/duckdb-polr/third_party/miniparquet -I/home/pei/Project/duckdb-polr/third_party/concurrentqueue -I/home/pei/Project/duckdb-polr/third_party/pcg -I/home/pei/Project/duckdb-polr/third_party/tdigest -I/home/pei/Project/duckdb-polr/third_party/mbedtls/include -I/home/pei/Project/duckdb-polr/third_party/jaro_winkler -O3 -DNDEBUG -O3 -DNDEBUG   -fPIC -fdiagnostics-color=always -std=c++11 -MD -MT src/main/settings/CMakeFiles/duckdb_main_settings.dir/ub_duckdb_main_settings.cpp.o -MF src/main/settings/CMakeFiles/duckdb_main_settings.dir/ub_duckdb_main_settings.cpp.o.d -o src/main/settings/CMakeFiles/duckdb_main_settings.dir/ub_duckdb_main_settings.cpp.o -c /home/pei/Project/duckdb-polr/build/release/src/main/settings/ub_duckdb_main_settings.cpp
[107/376] /usr/bin/ccache /usr/lib/ccache/c++ -DDUCKDB -DDUCKDB_BUILD_LIBRARY -DDUCKDB_MAIN_LIBRARY -DENABLE_CROSS_PRODUCT_REWRITE=0 -DENABLE_DEBUG_PRINT=0 -DENABLE_MEASURE_EXE_TIME=0 -DENABLE_MERGE_BACK_PLAN=0 -DENABLE_PARALLEL_EXECUTION=0 -DENABLE_QUERY_SPLIT=1 -DENABLE_SPECIFY_EST_STAT=0 -I/home/pei/Project/duckdb-polr/src/include -I/home/pei/Project/duckdb-polr/third_party/fsst -I/home/pei/Project/duckdb-polr/third_party/fmt/include -I/home/pei/Project/duckdb-polr/third_party/hyperloglog -I/home/pei/Project/duckdb-polr/third_party/fastpforlib -I/home/pei/Project/duckdb-polr/third_party/fast_float -I/home/pei/Project/duckdb-polr/third_party/re2 -I/home/pei/Project/duckdb-polr/third_party/miniz -I/home/pei/Project/duckdb-polr/third_party/utf8proc/include -I/home/pei/Project/duckdb-polr/third_party/miniparquet -I/home/pei/Project/duckdb-polr/third_party/concurrentqueue -I/home/pei/Project/duckdb-polr/third_party/pcg -I/home/pei/Project/duckdb-polr/third_party/tdigest -I/home/pei/Project/duckdb-polr/third_party/mbedtls/include -I/home/pei/Project/duckdb-polr/third_party/jaro_winkler -O3 -DNDEBUG -O3 -DNDEBUG   -fPIC -fdiagnostics-color=always -std=c++11 -MD -MT src/verification/CMakeFiles/duckdb_verification.dir/external_statement_verifier.cpp.o -MF src/verification/CMakeFiles/duckdb_verification.dir/external_statement_verifier.cpp.o.d -o src/verification/CMakeFiles/duckdb_verification.dir/external_statement_verifier.cpp.o -c /home/pei/Project/duckdb-polr/src/verification/external_statement_verifier.cpp
[108/376] /usr/bin/ccache /usr/lib/ccache/c++ -DDUCKDB -DDUCKDB_BUILD_LIBRARY -DDUCKDB_MAIN_LIBRARY -DENABLE_CROSS_PRODUCT_REWRITE=0 -DENABLE_DEBUG_PRINT=0 -DENABLE_MEASURE_EXE_TIME=0 -DENABLE_MERGE_BACK_PLAN=0 -DENABLE_PARALLEL_EXECUTION=0 -DENABLE_QUERY_SPLIT=1 -DENABLE_SPECIFY_EST_STAT=0 -I/home/pei/Project/duckdb-polr/src/include -I/home/pei/Project/duckdb-polr/third_party/fsst -I/home/pei/Project/duckdb-polr/third_party/fmt/include -I/home/pei/Project/duckdb-polr/third_party/hyperloglog -I/home/pei/Project/duckdb-polr/third_party/fastpforlib -I/home/pei/Project/duckdb-polr/third_party/fast_float -I/home/pei/Project/duckdb-polr/third_party/re2 -I/home/pei/Project/duckdb-polr/third_party/miniz -I/home/pei/Project/duckdb-polr/third_party/utf8proc/include -I/home/pei/Project/duckdb-polr/third_party/miniparquet -I/home/pei/Project/duckdb-polr/third_party/concurrentqueue -I/home/pei/Project/duckdb-polr/third_party/pcg -I/home/pei/Project/duckdb-polr/third_party/tdigest -I/home/pei/Project/duckdb-polr/third_party/mbedtls/include -I/home/pei/Project/duckdb-polr/third_party/jaro_winkler -O3 -DNDEBUG -O3 -DNDEBUG   -fPIC -fdiagnostics-color=always -std=c++11 -MD -MT src/verification/CMakeFiles/duckdb_verification.dir/prepared_statement_verifier.cpp.o -MF src/verification/CMakeFiles/duckdb_verification.dir/prepared_statement_verifier.cpp.o.d -o src/verification/CMakeFiles/duckdb_verification.dir/prepared_statement_verifier.cpp.o -c /home/pei/Project/duckdb-polr/src/verification/prepared_statement_verifier.cpp
[109/376] /usr/bin/ccache /usr/lib/ccache/c++ -DDUCKDB -DDUCKDB_BUILD_LIBRARY -DDUCKDB_MAIN_LIBRARY -DENABLE_CROSS_PRODUCT_REWRITE=0 -DENABLE_DEBUG_PRINT=0 -DENABLE_MEASURE_EXE_TIME=0 -DENABLE_MERGE_BACK_PLAN=0 -DENABLE_PARALLEL_EXECUTION=0 -DENABLE_QUERY_SPLIT=1 -DENABLE_SPECIFY_EST_STAT=0 -I/home/pei/Project/duckdb-polr/src/include -I/home/pei/Project/duckdb-polr/third_party/fsst -I/home/pei/Project/duckdb-polr/third_party/fmt/include -I/home/pei/Project/duckdb-polr/third_party/hyperloglog -I/home/pei/Project/duckdb-polr/third_party/fastpforlib -I/home/pei/Project/duckdb-polr/third_party/fast_float -I/home/pei/Project/duckdb-polr/third_party/re2 -I/home/pei/Project/duckdb-polr/third_party/miniz -I/home/pei/Project/duckdb-polr/third_party/utf8proc/include -I/home/pei/Project/duckdb-polr/third_party/miniparquet -I/home/pei/Project/duckdb-polr/third_party/concurrentqueue -I/home/pei/Project/duckdb-polr/third_party/pcg -I/home/pei/Project/duckdb-polr/third_party/tdigest -I/home/pei/Project/duckdb-polr/third_party/mbedtls/include -I/home/pei/Project/duckdb-polr/third_party/jaro_winkler -O3 -DNDEBUG -O3 -DNDEBUG   -fPIC -fdiagnostics-color=always -std=c++11 -MD -MT src/verification/CMakeFiles/duckdb_verification.dir/unoptimized_statement_verifier.cpp.o -MF src/verification/CMakeFiles/duckdb_verification.dir/unoptimized_statement_verifier.cpp.o.d -o src/verification/CMakeFiles/duckdb_verification.dir/unoptimized_statement_verifier.cpp.o -c /home/pei/Project/duckdb-polr/src/verification/unoptimized_statement_verifier.cpp
[110/376] /usr/bin/ccache /usr/lib/ccache/c++ -DDUCKDB -DDUCKDB_BUILD_LIBRARY -DDUCKDB_MAIN_LIBRARY -DENABLE_CROSS_PRODUCT_REWRITE=0 -DENABLE_DEBUG_PRINT=0 -DENABLE_MEASURE_EXE_TIME=0 -DENABLE_MERGE_BACK_PLAN=0 -DENABLE_PARALLEL_EXECUTION=0 -DENABLE_QUERY_SPLIT=1 -DENABLE_SPECIFY_EST_STAT=0 -I/home/pei/Project/duckdb-polr/src/include -I/home/pei/Project/duckdb-polr/third_party/fsst -I/home/pei/Project/duckdb-polr/third_party/fmt/include -I/home/pei/Project/duckdb-polr/third_party/hyperloglog -I/home/pei/Project/duckdb-polr/third_party/fastpforlib -I/home/pei/Project/duckdb-polr/third_party/fast_float -I/home/pei/Project/duckdb-polr/third_party/re2 -I/home/pei/Project/duckdb-polr/third_party/miniz -I/home/pei/Project/duckdb-polr/third_party/utf8proc/include -I/home/pei/Project/duckdb-polr/third_party/miniparquet -I/home/pei/Project/duckdb-polr/third_party/concurrentqueue -I/home/pei/Project/duckdb-polr/third_party/pcg -I/home/pei/Project/duckdb-polr/third_party/tdigest -I/home/pei/Project/duckdb-polr/third_party/mbedtls/include -I/home/pei/Project/duckdb-polr/third_party/jaro_winkler -O3 -DNDEBUG -O3 -DNDEBUG   -fPIC -fdiagnostics-color=always -std=c++11 -MD -MT src/verification/CMakeFiles/duckdb_verification.dir/deserialized_statement_verifier.cpp.o -MF src/verification/CMakeFiles/duckdb_verification.dir/deserialized_statement_verifier.cpp.o.d -o src/verification/CMakeFiles/duckdb_verification.dir/deserialized_statement_verifier.cpp.o -c /home/pei/Project/duckdb-polr/src/verification/deserialized_statement_verifier.cpp
[111/376] /usr/bin/ccache /usr/lib/ccache/c++ -DDUCKDB -DDUCKDB_BUILD_LIBRARY -DDUCKDB_MAIN_LIBRARY -DENABLE_CROSS_PRODUCT_REWRITE=0 -DENABLE_DEBUG_PRINT=0 -DENABLE_MEASURE_EXE_TIME=0 -DENABLE_MERGE_BACK_PLAN=0 -DENABLE_PARALLEL_EXECUTION=0 -DENABLE_QUERY_SPLIT=1 -DENABLE_SPECIFY_EST_STAT=0 -I/home/pei/Project/duckdb-polr/src/include -I/home/pei/Project/duckdb-polr/third_party/fsst -I/home/pei/Project/duckdb-polr/third_party/fmt/include -I/home/pei/Project/duckdb-polr/third_party/hyperloglog -I/home/pei/Project/duckdb-polr/third_party/fastpforlib -I/home/pei/Project/duckdb-polr/third_party/fast_float -I/home/pei/Project/duckdb-polr/third_party/re2 -I/home/pei/Project/duckdb-polr/third_party/miniz -I/home/pei/Project/duckdb-polr/third_party/utf8proc/include -I/home/pei/Project/duckdb-polr/third_party/miniparquet -I/home/pei/Project/duckdb-polr/third_party/concurrentqueue -I/home/pei/Project/duckdb-polr/third_party/pcg -I/home/pei/Project/duckdb-polr/third_party/tdigest -I/home/pei/Project/duckdb-polr/third_party/mbedtls/include -I/home/pei/Project/duckdb-polr/third_party/jaro_winkler -O3 -DNDEBUG -O3 -DNDEBUG   -fPIC -fdiagnostics-color=always -std=c++11 -MD -MT src/verification/CMakeFiles/duckdb_verification.dir/parsed_statement_verifier.cpp.o -MF src/verification/CMakeFiles/duckdb_verification.dir/parsed_statement_verifier.cpp.o.d -o src/verification/CMakeFiles/duckdb_verification.dir/parsed_statement_verifier.cpp.o -c /home/pei/Project/duckdb-polr/src/verification/parsed_statement_verifier.cpp
[112/376] /usr/bin/ccache /usr/lib/ccache/c++ -DDUCKDB -DDUCKDB_BUILD_LIBRARY -DDUCKDB_MAIN_LIBRARY -DENABLE_CROSS_PRODUCT_REWRITE=0 -DENABLE_DEBUG_PRINT=0 -DENABLE_MEASURE_EXE_TIME=0 -DENABLE_MERGE_BACK_PLAN=0 -DENABLE_PARALLEL_EXECUTION=0 -DENABLE_QUERY_SPLIT=1 -DENABLE_SPECIFY_EST_STAT=0 -I/home/pei/Project/duckdb-polr/src/include -I/home/pei/Project/duckdb-polr/third_party/fsst -I/home/pei/Project/duckdb-polr/third_party/fmt/include -I/home/pei/Project/duckdb-polr/third_party/hyperloglog -I/home/pei/Project/duckdb-polr/third_party/fastpforlib -I/home/pei/Project/duckdb-polr/third_party/fast_float -I/home/pei/Project/duckdb-polr/third_party/re2 -I/home/pei/Project/duckdb-polr/third_party/miniz -I/home/pei/Project/duckdb-polr/third_party/utf8proc/include -I/home/pei/Project/duckdb-polr/third_party/miniparquet -I/home/pei/Project/duckdb-polr/third_party/concurrentqueue -I/home/pei/Project/duckdb-polr/third_party/pcg -I/home/pei/Project/duckdb-polr/third_party/tdigest -I/home/pei/Project/duckdb-polr/third_party/mbedtls/include -I/home/pei/Project/duckdb-polr/third_party/jaro_winkler -O3 -DNDEBUG -O3 -DNDEBUG   -fPIC -fdiagnostics-color=always -std=c++11 -MD -MT src/verification/CMakeFiles/duckdb_verification.dir/statement_verifier.cpp.o -MF src/verification/CMakeFiles/duckdb_verification.dir/statement_verifier.cpp.o.d -o src/verification/CMakeFiles/duckdb_verification.dir/statement_verifier.cpp.o -c /home/pei/Project/duckdb-polr/src/verification/statement_verifier.cpp
[113/376] /usr/bin/ccache /usr/lib/ccache/cc -DDUCKDB_BUILD_LIBRARY -DENABLE_CROSS_PRODUCT_REWRITE=0 -DENABLE_DEBUG_PRINT=0 -DENABLE_MEASURE_EXE_TIME=0 -DENABLE_MERGE_BACK_PLAN=0 -DENABLE_PARALLEL_EXECUTION=0 -DENABLE_QUERY_SPLIT=1 -DENABLE_SPECIFY_EST_STAT=0 -DUSE_DUCKDB_SHELL_WRAPPER -I/home/pei/Project/duckdb-polr/src/include -I/home/pei/Project/duckdb-polr/third_party/fsst -I/home/pei/Project/duckdb-polr/third_party/fmt/include -I/home/pei/Project/duckdb-polr/third_party/hyperloglog -I/home/pei/Project/duckdb-polr/third_party/fastpforlib -I/home/pei/Project/duckdb-polr/third_party/fast_float -I/home/pei/Project/duckdb-polr/third_party/re2 -I/home/pei/Project/duckdb-polr/third_party/miniz -I/home/pei/Project/duckdb-polr/third_party/utf8proc/include -I/home/pei/Project/duckdb-polr/third_party/miniparquet -I/home/pei/Project/duckdb-polr/third_party/concurrentqueue -I/home/pei/Project/duckdb-polr/third_party/pcg -I/home/pei/Project/duckdb-polr/third_party/tdigest -I/home/pei/Project/duckdb-polr/third_party/mbedtls/include -I/home/pei/Project/duckdb-polr/third_party/jaro_winkler -I/home/pei/Project/duckdb-polr/tools/sqlite3_api_wrapper/include -O3 -DNDEBUG -O3 -DNDEBUG   -fPIC -fdiagnostics-color=always -MD -MT tools/sqlite3_api_wrapper/sqlite3/CMakeFiles/sqlite3_api_wrapper_sqlite3.dir/printf.c.o -MF tools/sqlite3_api_wrapper/sqlite3/CMakeFiles/sqlite3_api_wrapper_sqlite3.dir/printf.c.o.d -o tools/sqlite3_api_wrapper/sqlite3/CMakeFiles/sqlite3_api_wrapper_sqlite3.dir/printf.c.o -c /home/pei/Project/duckdb-polr/tools/sqlite3_api_wrapper/sqlite3/printf.c
[114/376] /usr/bin/ccache /usr/lib/ccache/c++ -DBUILD_JEMALLOC_EXTENSION=ON -DBUILD_PARQUET_EXTENSION=TRUE -DDUCKDB_BUILD_LIBRARY -DENABLE_CROSS_PRODUCT_REWRITE=0 -DENABLE_DEBUG_PRINT=0 -DENABLE_MEASURE_EXE_TIME=0 -DENABLE_MERGE_BACK_PLAN=0 -DENABLE_PARALLEL_EXECUTION=0 -DENABLE_QUERY_SPLIT=1 -DENABLE_SPECIFY_EST_STAT=0 -DSQLITE_SHELL_IS_UTF8 -DUSE_DUCKDB_SHELL_WRAPPER -I/home/pei/Project/duckdb-polr/src/include -I/home/pei/Project/duckdb-polr/third_party/fsst -I/home/pei/Project/duckdb-polr/third_party/fmt/include -I/home/pei/Project/duckdb-polr/third_party/hyperloglog -I/home/pei/Project/duckdb-polr/third_party/fastpforlib -I/home/pei/Project/duckdb-polr/third_party/fast_float -I/home/pei/Project/duckdb-polr/third_party/re2 -I/home/pei/Project/duckdb-polr/third_party/miniz -I/home/pei/Project/duckdb-polr/third_party/utf8proc/include -I/home/pei/Project/duckdb-polr/third_party/miniparquet -I/home/pei/Project/duckdb-polr/third_party/concurrentqueue -I/home/pei/Project/duckdb-polr/third_party/pcg -I/home/pei/Project/duckdb-polr/third_party/tdigest -I/home/pei/Project/duckdb-polr/third_party/mbedtls/include -I/home/pei/Project/duckdb-polr/third_party/jaro_winkler -I/home/pei/Project/duckdb-polr/tools/sqlite3_api_wrapper/include -I/home/pei/Project/duckdb-polr/tools/sqlite3_api_wrapper/sqlite3_udf_api/include -I/home/pei/Project/duckdb-polr/extension -I/home/pei/Project/duckdb-polr/extension/parquet/include -I/home/pei/Project/duckdb-polr/extension/jemalloc/include -I/home/pei/Project/duckdb-polr/tools/sqlite3_api_wrapper/../../third_party/utf8proc/include -I/home/pei/Project/duckdb-polr/tools/sqlite3_api_wrapper/../../third_party/catch -I/home/pei/Project/duckdb-polr/tools/sqlite3_api_wrapper/test/include -I/home/pei/Project/duckdb-polr/third_party/libpg_query/include -O3 -DNDEBUG -O3 -DNDEBUG   -fPIE -fdiagnostics-color=always -std=c++11 -MD -MT tools/sqlite3_api_wrapper/CMakeFiles/test_sqlite3_api_wrapper.dir/test/test_sqlite3_api_wrapper.cpp.o -MF tools/sqlite3_api_wrapper/CMakeFiles/test_sqlite3_api_wrapper.dir/test/test_sqlite3_api_wrapper.cpp.o.d -o tools/sqlite3_api_wrapper/CMakeFiles/test_sqlite3_api_wrapper.dir/test/test_sqlite3_api_wrapper.cpp.o -c /home/pei/Project/duckdb-polr/tools/sqlite3_api_wrapper/test/test_sqlite3_api_wrapper.cpp
[115/376] /usr/bin/ccache /usr/lib/ccache/cc -DDUCKDB_BUILD_LIBRARY -DENABLE_CROSS_PRODUCT_REWRITE=0 -DENABLE_DEBUG_PRINT=0 -DENABLE_MEASURE_EXE_TIME=0 -DENABLE_MERGE_BACK_PLAN=0 -DENABLE_PARALLEL_EXECUTION=0 -DENABLE_QUERY_SPLIT=1 -DENABLE_SPECIFY_EST_STAT=0 -DUSE_DUCKDB_SHELL_WRAPPER -I/home/pei/Project/duckdb-polr/src/include -I/home/pei/Project/duckdb-polr/third_party/fsst -I/home/pei/Project/duckdb-polr/third_party/fmt/include -I/home/pei/Project/duckdb-polr/third_party/hyperloglog -I/home/pei/Project/duckdb-polr/third_party/fastpforlib -I/home/pei/Project/duckdb-polr/third_party/fast_float -I/home/pei/Project/duckdb-polr/third_party/re2 -I/home/pei/Project/duckdb-polr/third_party/miniz -I/home/pei/Project/duckdb-polr/third_party/utf8proc/include -I/home/pei/Project/duckdb-polr/third_party/miniparquet -I/home/pei/Project/duckdb-polr/third_party/concurrentqueue -I/home/pei/Project/duckdb-polr/third_party/pcg -I/home/pei/Project/duckdb-polr/third_party/tdigest -I/home/pei/Project/duckdb-polr/third_party/mbedtls/include -I/home/pei/Project/duckdb-polr/third_party/jaro_winkler -I/home/pei/Project/duckdb-polr/tools/sqlite3_api_wrapper/include -O3 -DNDEBUG -O3 -DNDEBUG   -fPIC -fdiagnostics-color=always -MD -MT tools/sqlite3_api_wrapper/sqlite3/CMakeFiles/sqlite3_api_wrapper_sqlite3.dir/strglob.c.o -MF tools/sqlite3_api_wrapper/sqlite3/CMakeFiles/sqlite3_api_wrapper_sqlite3.dir/strglob.c.o.d -o tools/sqlite3_api_wrapper/sqlite3/CMakeFiles/sqlite3_api_wrapper_sqlite3.dir/strglob.c.o -c /home/pei/Project/duckdb-polr/tools/sqlite3_api_wrapper/sqlite3/strglob.c
[116/376] /usr/bin/ccache /usr/lib/ccache/c++ -DDUCKDB -DDUCKDB_BUILD_LIBRARY -DDUCKDB_MAIN_LIBRARY -DENABLE_CROSS_PRODUCT_REWRITE=0 -DENABLE_DEBUG_PRINT=0 -DENABLE_MEASURE_EXE_TIME=0 -DENABLE_MERGE_BACK_PLAN=0 -DENABLE_PARALLEL_EXECUTION=0 -DENABLE_QUERY_SPLIT=1 -DENABLE_SPECIFY_EST_STAT=0 -I/home/pei/Project/duckdb-polr/src/include -I/home/pei/Project/duckdb-polr/third_party/fsst -I/home/pei/Project/duckdb-polr/third_party/fmt/include -I/home/pei/Project/duckdb-polr/third_party/hyperloglog -I/home/pei/Project/duckdb-polr/third_party/fastpforlib -I/home/pei/Project/duckdb-polr/third_party/fast_float -I/home/pei/Project/duckdb-polr/third_party/re2 -I/home/pei/Project/duckdb-polr/third_party/miniz -I/home/pei/Project/duckdb-polr/third_party/utf8proc/include -I/home/pei/Project/duckdb-polr/third_party/miniparquet -I/home/pei/Project/duckdb-polr/third_party/concurrentqueue -I/home/pei/Project/duckdb-polr/third_party/pcg -I/home/pei/Project/duckdb-polr/third_party/tdigest -I/home/pei/Project/duckdb-polr/third_party/mbedtls/include -I/home/pei/Project/duckdb-polr/third_party/jaro_winkler -O3 -DNDEBUG -O3 -DNDEBUG   -fPIC -fdiagnostics-color=always -std=c++11 -MD -MT src/transaction/CMakeFiles/duckdb_transaction.dir/ub_duckdb_transaction.cpp.o -MF src/transaction/CMakeFiles/duckdb_transaction.dir/ub_duckdb_transaction.cpp.o.d -o src/transaction/CMakeFiles/duckdb_transaction.dir/ub_duckdb_transaction.cpp.o -c /home/pei/Project/duckdb-polr/build/release/src/transaction/ub_duckdb_transaction.cpp
[117/376] /usr/bin/ccache /usr/lib/ccache/cc -DDUCKDB_BUILD_LIBRARY -DENABLE_CROSS_PRODUCT_REWRITE=0 -DENABLE_DEBUG_PRINT=0 -DENABLE_MEASURE_EXE_TIME=0 -DENABLE_MERGE_BACK_PLAN=0 -DENABLE_PARALLEL_EXECUTION=0 -DENABLE_QUERY_SPLIT=1 -DENABLE_SPECIFY_EST_STAT=0 -DHAVE_LINENOISE=1 -DSQLITE_OMIT_LOAD_EXTENSION=1 -I/home/pei/Project/duckdb-polr/src/include -I/home/pei/Project/duckdb-polr/third_party/fsst -I/home/pei/Project/duckdb-polr/third_party/fmt/include -I/home/pei/Project/duckdb-polr/third_party/hyperloglog -I/home/pei/Project/duckdb-polr/third_party/fastpforlib -I/home/pei/Project/duckdb-polr/third_party/fast_float -I/home/pei/Project/duckdb-polr/third_party/re2 -I/home/pei/Project/duckdb-polr/third_party/miniz -I/home/pei/Project/duckdb-polr/third_party/utf8proc/include -I/home/pei/Project/duckdb-polr/third_party/miniparquet -I/home/pei/Project/duckdb-polr/third_party/concurrentqueue -I/home/pei/Project/duckdb-polr/third_party/pcg -I/home/pei/Project/duckdb-polr/third_party/tdigest -I/home/pei/Project/duckdb-polr/third_party/mbedtls/include -I/home/pei/Project/duckdb-polr/third_party/jaro_winkler -I/home/pei/Project/duckdb-polr/tools/shell/../../third_party/utf8proc/include -I/home/pei/Project/duckdb-polr/tools/shell/include -I/home/pei/Project/duckdb-polr/tools/shell/../sqlite3_api_wrapper/include -I/home/pei/Project/duckdb-polr/third_party/libpg_query/include -O3 -DNDEBUG -O3 -DNDEBUG   -fPIE -fdiagnostics-color=always -MD -MT tools/shell/CMakeFiles/shell.dir/shell.c.o -MF tools/shell/CMakeFiles/shell.dir/shell.c.o.d -o tools/shell/CMakeFiles/shell.dir/shell.c.o -c /home/pei/Project/duckdb-polr/tools/shell/shell.c
[118/376] /usr/bin/ccache /usr/lib/ccache/c++ -DDUCKDB_BUILD_LIBRARY -DENABLE_CROSS_PRODUCT_REWRITE=0 -DENABLE_DEBUG_PRINT=0 -DENABLE_MEASURE_EXE_TIME=0 -DENABLE_MERGE_BACK_PLAN=0 -DENABLE_PARALLEL_EXECUTION=0 -DENABLE_QUERY_SPLIT=1 -DENABLE_SPECIFY_EST_STAT=0 -DHAVE_LINENOISE=1 -DSQLITE_OMIT_LOAD_EXTENSION=1 -I/home/pei/Project/duckdb-polr/src/include -I/home/pei/Project/duckdb-polr/third_party/fsst -I/home/pei/Project/duckdb-polr/third_party/fmt/include -I/home/pei/Project/duckdb-polr/third_party/hyperloglog -I/home/pei/Project/duckdb-polr/third_party/fastpforlib -I/home/pei/Project/duckdb-polr/third_party/fast_float -I/home/pei/Project/duckdb-polr/third_party/re2 -I/home/pei/Project/duckdb-polr/third_party/miniz -I/home/pei/Project/duckdb-polr/third_party/utf8proc/include -I/home/pei/Project/duckdb-polr/third_party/miniparquet -I/home/pei/Project/duckdb-polr/third_party/concurrentqueue -I/home/pei/Project/duckdb-polr/third_party/pcg -I/home/pei/Project/duckdb-polr/third_party/tdigest -I/home/pei/Project/duckdb-polr/third_party/mbedtls/include -I/home/pei/Project/duckdb-polr/third_party/jaro_winkler -I/home/pei/Project/duckdb-polr/tools/shell/../../third_party/utf8proc/include -I/home/pei/Project/duckdb-polr/tools/shell/include -I/home/pei/Project/duckdb-polr/tools/shell/../sqlite3_api_wrapper/include -I/home/pei/Project/duckdb-polr/third_party/libpg_query/include -O3 -DNDEBUG -O3 -DNDEBUG   -fPIE -fdiagnostics-color=always -std=c++11 -MD -MT tools/shell/CMakeFiles/shell.dir/linenoise.cpp.o -MF tools/shell/CMakeFiles/shell.dir/linenoise.cpp.o.d -o tools/shell/CMakeFiles/shell.dir/linenoise.cpp.o -c /home/pei/Project/duckdb-polr/tools/shell/linenoise.cpp
[119/376] /usr/bin/ccache /usr/lib/ccache/c++ -DDUCKDB -DDUCKDB_BUILD_LIBRARY -DDUCKDB_MAIN_LIBRARY -DENABLE_CROSS_PRODUCT_REWRITE=0 -DENABLE_DEBUG_PRINT=0 -DENABLE_MEASURE_EXE_TIME=0 -DENABLE_MERGE_BACK_PLAN=0 -DENABLE_PARALLEL_EXECUTION=0 -DENABLE_QUERY_SPLIT=1 -DENABLE_SPECIFY_EST_STAT=0 -I/home/pei/Project/duckdb-polr/src/include -I/home/pei/Project/duckdb-polr/third_party/fsst -I/home/pei/Project/duckdb-polr/third_party/fmt/include -I/home/pei/Project/duckdb-polr/third_party/hyperloglog -I/home/pei/Project/duckdb-polr/third_party/fastpforlib -I/home/pei/Project/duckdb-polr/third_party/fast_float -I/home/pei/Project/duckdb-polr/third_party/re2 -I/home/pei/Project/duckdb-polr/third_party/miniz -I/home/pei/Project/duckdb-polr/third_party/utf8proc/include -I/home/pei/Project/duckdb-polr/third_party/miniparquet -I/home/pei/Project/duckdb-polr/third_party/concurrentqueue -I/home/pei/Project/duckdb-polr/third_party/pcg -I/home/pei/Project/duckdb-polr/third_party/tdigest -I/home/pei/Project/duckdb-polr/third_party/mbedtls/include -I/home/pei/Project/duckdb-polr/third_party/jaro_winkler -O3 -DNDEBUG -O3 -DNDEBUG   -fPIC -fdiagnostics-color=always -std=c++11 -MD -MT src/parallel/CMakeFiles/duckdb_parallel.dir/ub_duckdb_parallel.cpp.o -MF src/parallel/CMakeFiles/duckdb_parallel.dir/ub_duckdb_parallel.cpp.o.d -o src/parallel/CMakeFiles/duckdb_parallel.dir/ub_duckdb_parallel.cpp.o -c /home/pei/Project/duckdb-polr/build/release/src/parallel/ub_duckdb_parallel.cpp
[120/376] /usr/bin/ccache /usr/lib/ccache/c++ -DBUILD_JEMALLOC_EXTENSION=ON -DBUILD_PARQUET_EXTENSION=TRUE -DDUCKDB -DDUCKDB_BUILD_LIBRARY -DDUCKDB_MAIN_LIBRARY -DENABLE_CROSS_PRODUCT_REWRITE=0 -DENABLE_DEBUG_PRINT=0 -DENABLE_MEASURE_EXE_TIME=0 -DENABLE_MERGE_BACK_PLAN=0 -DENABLE_PARALLEL_EXECUTION=0 -DENABLE_QUERY_SPLIT=1 -DENABLE_SPECIFY_EST_STAT=0 -I/home/pei/Project/duckdb-polr/src/include -I/home/pei/Project/duckdb-polr/third_party/fsst -I/home/pei/Project/duckdb-polr/third_party/fmt/include -I/home/pei/Project/duckdb-polr/third_party/hyperloglog -I/home/pei/Project/duckdb-polr/third_party/fastpforlib -I/home/pei/Project/duckdb-polr/third_party/fast_float -I/home/pei/Project/duckdb-polr/third_party/re2 -I/home/pei/Project/duckdb-polr/third_party/miniz -I/home/pei/Project/duckdb-polr/third_party/utf8proc/include -I/home/pei/Project/duckdb-polr/third_party/miniparquet -I/home/pei/Project/duckdb-polr/third_party/concurrentqueue -I/home/pei/Project/duckdb-polr/third_party/pcg -I/home/pei/Project/duckdb-polr/third_party/tdigest -I/home/pei/Project/duckdb-polr/third_party/mbedtls/include -I/home/pei/Project/duckdb-polr/third_party/jaro_winkler -I/home/pei/Project/duckdb-polr/src/main/extension/../../../third_party/httplib -I/home/pei/Project/duckdb-polr/extension -I/home/pei/Project/duckdb-polr/extension/parquet/include -I/home/pei/Project/duckdb-polr/extension/jemalloc/include -O3 -DNDEBUG -O3 -DNDEBUG   -fPIC -fdiagnostics-color=always -std=c++11 -MD -MT src/main/extension/CMakeFiles/duckdb_main_extension.dir/ub_duckdb_main_extension.cpp.o -MF src/main/extension/CMakeFiles/duckdb_main_extension.dir/ub_duckdb_main_extension.cpp.o.d -o src/main/extension/CMakeFiles/duckdb_main_extension.dir/ub_duckdb_main_extension.cpp.o -c /home/pei/Project/duckdb-polr/build/release/src/main/extension/ub_duckdb_main_extension.cpp
[121/376] /usr/bin/ccache /usr/lib/ccache/c++ -DBUILD_JEMALLOC_EXTENSION=ON -DBUILD_PARQUET_EXTENSION=TRUE -DDUCKDB_BUILD_LIBRARY -DENABLE_CROSS_PRODUCT_REWRITE=0 -DENABLE_DEBUG_PRINT=0 -DENABLE_MEASURE_EXE_TIME=0 -DENABLE_MERGE_BACK_PLAN=0 -DENABLE_PARALLEL_EXECUTION=0 -DENABLE_QUERY_SPLIT=1 -DENABLE_SPECIFY_EST_STAT=0 -DSQLITE_SHELL_IS_UTF8 -DUSE_DUCKDB_SHELL_WRAPPER -I/home/pei/Project/duckdb-polr/src/include -I/home/pei/Project/duckdb-polr/third_party/fsst -I/home/pei/Project/duckdb-polr/third_party/fmt/include -I/home/pei/Project/duckdb-polr/third_party/hyperloglog -I/home/pei/Project/duckdb-polr/third_party/fastpforlib -I/home/pei/Project/duckdb-polr/third_party/fast_float -I/home/pei/Project/duckdb-polr/third_party/re2 -I/home/pei/Project/duckdb-polr/third_party/miniz -I/home/pei/Project/duckdb-polr/third_party/utf8proc/include -I/home/pei/Project/duckdb-polr/third_party/miniparquet -I/home/pei/Project/duckdb-polr/third_party/concurrentqueue -I/home/pei/Project/duckdb-polr/third_party/pcg -I/home/pei/Project/duckdb-polr/third_party/tdigest -I/home/pei/Project/duckdb-polr/third_party/mbedtls/include -I/home/pei/Project/duckdb-polr/third_party/jaro_winkler -I/home/pei/Project/duckdb-polr/tools/sqlite3_api_wrapper/include -I/home/pei/Project/duckdb-polr/tools/sqlite3_api_wrapper/sqlite3_udf_api/include -I/home/pei/Project/duckdb-polr/extension -I/home/pei/Project/duckdb-polr/extension/parquet/include -I/home/pei/Project/duckdb-polr/extension/jemalloc/include -I/home/pei/Project/duckdb-polr/tools/sqlite3_api_wrapper/../../third_party/utf8proc/include -I/home/pei/Project/duckdb-polr/tools/sqlite3_api_wrapper/../../third_party/catch -I/home/pei/Project/duckdb-polr/tools/sqlite3_api_wrapper/test/include -I/home/pei/Project/duckdb-polr/third_party/libpg_query/include -O3 -DNDEBUG -O3 -DNDEBUG   -fPIC -fdiagnostics-color=always -std=c++11 -MD -MT tools/sqlite3_api_wrapper/CMakeFiles/sqlite3_api_wrapper_static.dir/sqlite3_api_wrapper.cpp.o -MF tools/sqlite3_api_wrapper/CMakeFiles/sqlite3_api_wrapper_static.dir/sqlite3_api_wrapper.cpp.o.d -o tools/sqlite3_api_wrapper/CMakeFiles/sqlite3_api_wrapper_static.dir/sqlite3_api_wrapper.cpp.o -c /home/pei/Project/duckdb-polr/tools/sqlite3_api_wrapper/sqlite3_api_wrapper.cpp
[122/376] /usr/bin/ccache /usr/lib/ccache/c++ -DBUILD_JEMALLOC_EXTENSION=ON -DBUILD_PARQUET_EXTENSION=TRUE -DDUCKDB_BUILD_LIBRARY -DENABLE_CROSS_PRODUCT_REWRITE=0 -DENABLE_DEBUG_PRINT=0 -DENABLE_MEASURE_EXE_TIME=0 -DENABLE_MERGE_BACK_PLAN=0 -DENABLE_PARALLEL_EXECUTION=0 -DENABLE_QUERY_SPLIT=1 -DENABLE_SPECIFY_EST_STAT=0 -DSQLITE_SHELL_IS_UTF8 -DUSE_DUCKDB_SHELL_WRAPPER -I/home/pei/Project/duckdb-polr/src/include -I/home/pei/Project/duckdb-polr/third_party/fsst -I/home/pei/Project/duckdb-polr/third_party/fmt/include -I/home/pei/Project/duckdb-polr/third_party/hyperloglog -I/home/pei/Project/duckdb-polr/third_party/fastpforlib -I/home/pei/Project/duckdb-polr/third_party/fast_float -I/home/pei/Project/duckdb-polr/third_party/re2 -I/home/pei/Project/duckdb-polr/third_party/miniz -I/home/pei/Project/duckdb-polr/third_party/utf8proc/include -I/home/pei/Project/duckdb-polr/third_party/miniparquet -I/home/pei/Project/duckdb-polr/third_party/concurrentqueue -I/home/pei/Project/duckdb-polr/third_party/pcg -I/home/pei/Project/duckdb-polr/third_party/tdigest -I/home/pei/Project/duckdb-polr/third_party/mbedtls/include -I/home/pei/Project/duckdb-polr/third_party/jaro_winkler -I/home/pei/Project/duckdb-polr/tools/sqlite3_api_wrapper/include -I/home/pei/Project/duckdb-polr/tools/sqlite3_api_wrapper/sqlite3_udf_api/include -I/home/pei/Project/duckdb-polr/extension -I/home/pei/Project/duckdb-polr/extension/parquet/include -I/home/pei/Project/duckdb-polr/extension/jemalloc/include -I/home/pei/Project/duckdb-polr/tools/sqlite3_api_wrapper/../../third_party/utf8proc/include -I/home/pei/Project/duckdb-polr/tools/sqlite3_api_wrapper/../../third_party/catch -I/home/pei/Project/duckdb-polr/tools/sqlite3_api_wrapper/test/include -I/home/pei/Project/duckdb-polr/third_party/libpg_query/include -O3 -DNDEBUG -O3 -DNDEBUG   -fPIC -fdiagnostics-color=always -std=c++11 -MD -MT tools/sqlite3_api_wrapper/CMakeFiles/sqlite3_api_wrapper_static.dir/sql_auto_complete_extension.cpp.o -MF tools/sqlite3_api_wrapper/CMakeFiles/sqlite3_api_wrapper_static.dir/sql_auto_complete_extension.cpp.o.d -o tools/sqlite3_api_wrapper/CMakeFiles/sqlite3_api_wrapper_static.dir/sql_auto_complete_extension.cpp.o -c /home/pei/Project/duckdb-polr/tools/sqlite3_api_wrapper/sql_auto_complete_extension.cpp
[123/376] /usr/bin/ccache /usr/lib/ccache/c++ -DDUCKDB_BUILD_LIBRARY -DENABLE_CROSS_PRODUCT_REWRITE=0 -DENABLE_DEBUG_PRINT=0 -DENABLE_MEASURE_EXE_TIME=0 -DENABLE_MERGE_BACK_PLAN=0 -DENABLE_PARALLEL_EXECUTION=0 -DENABLE_QUERY_SPLIT=1 -DENABLE_SPECIFY_EST_STAT=0 -I/home/pei/Project/duckdb-polr/src/include -I/home/pei/Project/duckdb-polr/third_party/fsst -I/home/pei/Project/duckdb-polr/third_party/fmt/include -I/home/pei/Project/duckdb-polr/third_party/hyperloglog -I/home/pei/Project/duckdb-polr/third_party/fastpforlib -I/home/pei/Project/duckdb-polr/third_party/fast_float -I/home/pei/Project/duckdb-polr/third_party/re2 -I/home/pei/Project/duckdb-polr/third_party/miniz -I/home/pei/Project/duckdb-polr/third_party/utf8proc/include -I/home/pei/Project/duckdb-polr/third_party/miniparquet -I/home/pei/Project/duckdb-polr/third_party/concurrentqueue -I/home/pei/Project/duckdb-polr/third_party/pcg -I/home/pei/Project/duckdb-polr/third_party/tdigest -I/home/pei/Project/duckdb-polr/third_party/mbedtls/include -I/home/pei/Project/duckdb-polr/third_party/jaro_winkler -I/home/pei/Project/duckdb-polr/tools/sqlite3_api_wrapper/include -I/home/pei/Project/duckdb-polr/tools/sqlite3_api_wrapper/sqlite3_udf_api/include -O3 -DNDEBUG -O3 -DNDEBUG   -fPIC -fdiagnostics-color=always -std=c++11 -MD -MT tools/sqlite3_api_wrapper/sqlite3_udf_api/CMakeFiles/sqlite3_udf_api.dir/sqlite3_udf_wrapper.cpp.o -MF tools/sqlite3_api_wrapper/sqlite3_udf_api/CMakeFiles/sqlite3_udf_api.dir/sqlite3_udf_wrapper.cpp.o.d -o tools/sqlite3_api_wrapper/sqlite3_udf_api/CMakeFiles/sqlite3_udf_api.dir/sqlite3_udf_wrapper.cpp.o -c /home/pei/Project/duckdb-polr/tools/sqlite3_api_wrapper/sqlite3_udf_api/sqlite3_udf_wrapper.cpp
[124/376] /usr/bin/ccache /usr/lib/ccache/c++ -DBUILD_JEMALLOC_EXTENSION=ON -DBUILD_PARQUET_EXTENSION=TRUE -DDUCKDB_BUILD_LIBRARY -DENABLE_CROSS_PRODUCT_REWRITE=0 -DENABLE_DEBUG_PRINT=0 -DENABLE_MEASURE_EXE_TIME=0 -DENABLE_MERGE_BACK_PLAN=0 -DENABLE_PARALLEL_EXECUTION=0 -DENABLE_QUERY_SPLIT=1 -DENABLE_SPECIFY_EST_STAT=0 -DSQLITE_SHELL_IS_UTF8 -DUSE_DUCKDB_SHELL_WRAPPER -Dsqlite3_api_wrapper_EXPORTS -I/home/pei/Project/duckdb-polr/src/include -I/home/pei/Project/duckdb-polr/third_party/fsst -I/home/pei/Project/duckdb-polr/third_party/fmt/include -I/home/pei/Project/duckdb-polr/third_party/hyperloglog -I/home/pei/Project/duckdb-polr/third_party/fastpforlib -I/home/pei/Project/duckdb-polr/third_party/fast_float -I/home/pei/Project/duckdb-polr/third_party/re2 -I/home/pei/Project/duckdb-polr/third_party/miniz -I/home/pei/Project/duckdb-polr/third_party/utf8proc/include -I/home/pei/Project/duckdb-polr/third_party/miniparquet -I/home/pei/Project/duckdb-polr/third_party/concurrentqueue -I/home/pei/Project/duckdb-polr/third_party/pcg -I/home/pei/Project/duckdb-polr/third_party/tdigest -I/home/pei/Project/duckdb-polr/third_party/mbedtls/include -I/home/pei/Project/duckdb-polr/third_party/jaro_winkler -I/home/pei/Project/duckdb-polr/tools/sqlite3_api_wrapper/include -I/home/pei/Project/duckdb-polr/tools/sqlite3_api_wrapper/sqlite3_udf_api/include -I/home/pei/Project/duckdb-polr/extension -I/home/pei/Project/duckdb-polr/extension/parquet/include -I/home/pei/Project/duckdb-polr/extension/jemalloc/include -I/home/pei/Project/duckdb-polr/tools/sqlite3_api_wrapper/../../third_party/utf8proc/include -I/home/pei/Project/duckdb-polr/tools/sqlite3_api_wrapper/../../third_party/catch -I/home/pei/Project/duckdb-polr/tools/sqlite3_api_wrapper/test/include -I/home/pei/Project/duckdb-polr/third_party/libpg_query/include -O3 -DNDEBUG -O3 -DNDEBUG   -fPIC -fdiagnostics-color=always -std=c++11 -MD -MT tools/sqlite3_api_wrapper/CMakeFiles/sqlite3_api_wrapper.dir/sqlite3_api_wrapper.cpp.o -MF tools/sqlite3_api_wrapper/CMakeFiles/sqlite3_api_wrapper.dir/sqlite3_api_wrapper.cpp.o.d -o tools/sqlite3_api_wrapper/CMakeFiles/sqlite3_api_wrapper.dir/sqlite3_api_wrapper.cpp.o -c /home/pei/Project/duckdb-polr/tools/sqlite3_api_wrapper/sqlite3_api_wrapper.cpp
[125/376] /usr/bin/ccache /usr/lib/ccache/c++ -DDUCKDB_BUILD_LIBRARY -DENABLE_CROSS_PRODUCT_REWRITE=0 -DENABLE_DEBUG_PRINT=0 -DENABLE_MEASURE_EXE_TIME=0 -DENABLE_MERGE_BACK_PLAN=0 -DENABLE_PARALLEL_EXECUTION=0 -DENABLE_QUERY_SPLIT=1 -DENABLE_SPECIFY_EST_STAT=0 -I/home/pei/Project/duckdb-polr/src/include -I/home/pei/Project/duckdb-polr/third_party/fsst -I/home/pei/Project/duckdb-polr/third_party/fmt/include -I/home/pei/Project/duckdb-polr/third_party/hyperloglog -I/home/pei/Project/duckdb-polr/third_party/fastpforlib -I/home/pei/Project/duckdb-polr/third_party/fast_float -I/home/pei/Project/duckdb-polr/third_party/re2 -I/home/pei/Project/duckdb-polr/third_party/miniz -I/home/pei/Project/duckdb-polr/third_party/utf8proc/include -I/home/pei/Project/duckdb-polr/third_party/miniparquet -I/home/pei/Project/duckdb-polr/third_party/concurrentqueue -I/home/pei/Project/duckdb-polr/third_party/pcg -I/home/pei/Project/duckdb-polr/third_party/tdigest -I/home/pei/Project/duckdb-polr/third_party/mbedtls/include -I/home/pei/Project/duckdb-polr/third_party/jaro_winkler -I/home/pei/Project/duckdb-polr/tools/sqlite3_api_wrapper/include -I/home/pei/Project/duckdb-polr/tools/sqlite3_api_wrapper/sqlite3_udf_api/include -O3 -DNDEBUG -O3 -DNDEBUG   -fPIC -fdiagnostics-color=always -std=c++11 -MD -MT tools/sqlite3_api_wrapper/sqlite3_udf_api/CMakeFiles/sqlite3_udf_api.dir/cast_sqlite.cpp.o -MF tools/sqlite3_api_wrapper/sqlite3_udf_api/CMakeFiles/sqlite3_udf_api.dir/cast_sqlite.cpp.o.d -o tools/sqlite3_api_wrapper/sqlite3_udf_api/CMakeFiles/sqlite3_udf_api.dir/cast_sqlite.cpp.o -c /home/pei/Project/duckdb-polr/tools/sqlite3_api_wrapper/sqlite3_udf_api/cast_sqlite.cpp
[126/376] /usr/bin/ccache /usr/lib/ccache/c++ -DBUILD_JEMALLOC_EXTENSION=ON -DBUILD_PARQUET_EXTENSION=TRUE -DDUCKDB_BUILD_LIBRARY -DENABLE_CROSS_PRODUCT_REWRITE=0 -DENABLE_DEBUG_PRINT=0 -DENABLE_MEASURE_EXE_TIME=0 -DENABLE_MERGE_BACK_PLAN=0 -DENABLE_PARALLEL_EXECUTION=0 -DENABLE_QUERY_SPLIT=1 -DENABLE_SPECIFY_EST_STAT=0 -DSQLITE_SHELL_IS_UTF8 -DUSE_DUCKDB_SHELL_WRAPPER -Dsqlite3_api_wrapper_EXPORTS -I/home/pei/Project/duckdb-polr/src/include -I/home/pei/Project/duckdb-polr/third_party/fsst -I/home/pei/Project/duckdb-polr/third_party/fmt/include -I/home/pei/Project/duckdb-polr/third_party/hyperloglog -I/home/pei/Project/duckdb-polr/third_party/fastpforlib -I/home/pei/Project/duckdb-polr/third_party/fast_float -I/home/pei/Project/duckdb-polr/third_party/re2 -I/home/pei/Project/duckdb-polr/third_party/miniz -I/home/pei/Project/duckdb-polr/third_party/utf8proc/include -I/home/pei/Project/duckdb-polr/third_party/miniparquet -I/home/pei/Project/duckdb-polr/third_party/concurrentqueue -I/home/pei/Project/duckdb-polr/third_party/pcg -I/home/pei/Project/duckdb-polr/third_party/tdigest -I/home/pei/Project/duckdb-polr/third_party/mbedtls/include -I/home/pei/Project/duckdb-polr/third_party/jaro_winkler -I/home/pei/Project/duckdb-polr/tools/sqlite3_api_wrapper/include -I/home/pei/Project/duckdb-polr/tools/sqlite3_api_wrapper/sqlite3_udf_api/include -I/home/pei/Project/duckdb-polr/extension -I/home/pei/Project/duckdb-polr/extension/parquet/include -I/home/pei/Project/duckdb-polr/extension/jemalloc/include -I/home/pei/Project/duckdb-polr/tools/sqlite3_api_wrapper/../../third_party/utf8proc/include -I/home/pei/Project/duckdb-polr/tools/sqlite3_api_wrapper/../../third_party/catch -I/home/pei/Project/duckdb-polr/tools/sqlite3_api_wrapper/test/include -I/home/pei/Project/duckdb-polr/third_party/libpg_query/include -O3 -DNDEBUG -O3 -DNDEBUG   -fPIC -fdiagnostics-color=always -std=c++11 -MD -MT tools/sqlite3_api_wrapper/CMakeFiles/sqlite3_api_wrapper.dir/sql_auto_complete_extension.cpp.o -MF tools/sqlite3_api_wrapper/CMakeFiles/sqlite3_api_wrapper.dir/sql_auto_complete_extension.cpp.o.d -o tools/sqlite3_api_wrapper/CMakeFiles/sqlite3_api_wrapper.dir/sql_auto_complete_extension.cpp.o -c /home/pei/Project/duckdb-polr/tools/sqlite3_api_wrapper/sql_auto_complete_extension.cpp
[127/376] /usr/bin/ccache /usr/lib/ccache/c++ -DBUILD_JEMALLOC_EXTENSION=ON -DBUILD_PARQUET_EXTENSION=TRUE -DDUCKDB_BUILD_LIBRARY -DENABLE_CROSS_PRODUCT_REWRITE=0 -DENABLE_DEBUG_PRINT=0 -DENABLE_MEASURE_EXE_TIME=0 -DENABLE_MERGE_BACK_PLAN=0 -DENABLE_PARALLEL_EXECUTION=0 -DENABLE_QUERY_SPLIT=1 -DENABLE_SPECIFY_EST_STAT=0 -DSQLITE_SHELL_IS_UTF8 -DUSE_DUCKDB_SHELL_WRAPPER -I/home/pei/Project/duckdb-polr/src/include -I/home/pei/Project/duckdb-polr/third_party/fsst -I/home/pei/Project/duckdb-polr/third_party/fmt/include -I/home/pei/Project/duckdb-polr/third_party/hyperloglog -I/home/pei/Project/duckdb-polr/third_party/fastpforlib -I/home/pei/Project/duckdb-polr/third_party/fast_float -I/home/pei/Project/duckdb-polr/third_party/re2 -I/home/pei/Project/duckdb-polr/third_party/miniz -I/home/pei/Project/duckdb-polr/third_party/utf8proc/include -I/home/pei/Project/duckdb-polr/third_party/miniparquet -I/home/pei/Project/duckdb-polr/third_party/concurrentqueue -I/home/pei/Project/duckdb-polr/third_party/pcg -I/home/pei/Project/duckdb-polr/third_party/tdigest -I/home/pei/Project/duckdb-polr/third_party/mbedtls/include -I/home/pei/Project/duckdb-polr/third_party/jaro_winkler -I/home/pei/Project/duckdb-polr/tools/sqlite3_api_wrapper/include -I/home/pei/Project/duckdb-polr/tools/sqlite3_api_wrapper/sqlite3_udf_api/include -I/home/pei/Project/duckdb-polr/extension -I/home/pei/Project/duckdb-polr/extension/parquet/include -I/home/pei/Project/duckdb-polr/extension/jemalloc/include -I/home/pei/Project/duckdb-polr/tools/sqlite3_api_wrapper/../../third_party/utf8proc/include -I/home/pei/Project/duckdb-polr/tools/sqlite3_api_wrapper/../../third_party/catch -I/home/pei/Project/duckdb-polr/tools/sqlite3_api_wrapper/test/include -I/home/pei/Project/duckdb-polr/third_party/libpg_query/include -O3 -DNDEBUG -O3 -DNDEBUG   -fPIE -fdiagnostics-color=always -std=c++11 -MD -MT tools/sqlite3_api_wrapper/CMakeFiles/test_sqlite3_api_wrapper.dir/test/test_sqlite3_udf_api_wrapper.cpp.o -MF tools/sqlite3_api_wrapper/CMakeFiles/test_sqlite3_api_wrapper.dir/test/test_sqlite3_udf_api_wrapper.cpp.o.d -o tools/sqlite3_api_wrapper/CMakeFiles/test_sqlite3_api_wrapper.dir/test/test_sqlite3_udf_api_wrapper.cpp.o -c /home/pei/Project/duckdb-polr/tools/sqlite3_api_wrapper/test/test_sqlite3_udf_api_wrapper.cpp
[128/376] /usr/bin/ccache /usr/lib/ccache/c++ -DDUCKDB_BUILD_LIBRARY -DENABLE_CROSS_PRODUCT_REWRITE=0 -DENABLE_DEBUG_PRINT=0 -DENABLE_MEASURE_EXE_TIME=0 -DENABLE_MERGE_BACK_PLAN=0 -DENABLE_PARALLEL_EXECUTION=0 -DENABLE_QUERY_SPLIT=1 -DENABLE_SPECIFY_EST_STAT=0 -I/home/pei/Project/duckdb-polr/src/include -I/home/pei/Project/duckdb-polr/third_party/fsst -I/home/pei/Project/duckdb-polr/third_party/fmt/include -I/home/pei/Project/duckdb-polr/third_party/hyperloglog -I/home/pei/Project/duckdb-polr/third_party/fastpforlib -I/home/pei/Project/duckdb-polr/third_party/fast_float -I/home/pei/Project/duckdb-polr/third_party/re2 -I/home/pei/Project/duckdb-polr/third_party/miniz -I/home/pei/Project/duckdb-polr/third_party/utf8proc/include -I/home/pei/Project/duckdb-polr/third_party/miniparquet -I/home/pei/Project/duckdb-polr/third_party/concurrentqueue -I/home/pei/Project/duckdb-polr/third_party/pcg -I/home/pei/Project/duckdb-polr/third_party/tdigest -I/home/pei/Project/duckdb-polr/third_party/mbedtls/include -I/home/pei/Project/duckdb-polr/third_party/jaro_winkler -I/home/pei/Project/duckdb-polr/extension/parquet/include -I/home/pei/Project/duckdb-polr/extension/parquet/../../third_party/parquet -I/home/pei/Project/duckdb-polr/extension/parquet/../../third_party/snappy -I/home/pei/Project/duckdb-polr/extension/parquet/../../third_party/miniz -I/home/pei/Project/duckdb-polr/extension/parquet/../../third_party/thrift -I/home/pei/Project/duckdb-polr/extension/parquet/../../third_party/zstd/include -O3 -DNDEBUG -O3 -DNDEBUG   -fPIC -fdiagnostics-color=always -std=c++11 -MD -MT extension/parquet/CMakeFiles/parquet_extension.dir/parquet_timestamp.cpp.o -MF extension/parquet/CMakeFiles/parquet_extension.dir/parquet_timestamp.cpp.o.d -o extension/parquet/CMakeFiles/parquet_extension.dir/parquet_timestamp.cpp.o -c /home/pei/Project/duckdb-polr/extension/parquet/parquet_timestamp.cpp
[129/376] /usr/bin/ccache /usr/lib/ccache/c++ -DDUCKDB_BUILD_LIBRARY -DENABLE_CROSS_PRODUCT_REWRITE=0 -DENABLE_DEBUG_PRINT=0 -DENABLE_MEASURE_EXE_TIME=0 -DENABLE_MERGE_BACK_PLAN=0 -DENABLE_PARALLEL_EXECUTION=0 -DENABLE_QUERY_SPLIT=1 -DENABLE_SPECIFY_EST_STAT=0 -I/home/pei/Project/duckdb-polr/src/include -I/home/pei/Project/duckdb-polr/third_party/fsst -I/home/pei/Project/duckdb-polr/third_party/fmt/include -I/home/pei/Project/duckdb-polr/third_party/hyperloglog -I/home/pei/Project/duckdb-polr/third_party/fastpforlib -I/home/pei/Project/duckdb-polr/third_party/fast_float -I/home/pei/Project/duckdb-polr/third_party/re2 -I/home/pei/Project/duckdb-polr/third_party/miniz -I/home/pei/Project/duckdb-polr/third_party/utf8proc/include -I/home/pei/Project/duckdb-polr/third_party/miniparquet -I/home/pei/Project/duckdb-polr/third_party/concurrentqueue -I/home/pei/Project/duckdb-polr/third_party/pcg -I/home/pei/Project/duckdb-polr/third_party/tdigest -I/home/pei/Project/duckdb-polr/third_party/mbedtls/include -I/home/pei/Project/duckdb-polr/third_party/jaro_winkler -I/home/pei/Project/duckdb-polr/extension/parquet/include -I/home/pei/Project/duckdb-polr/extension/parquet/../../third_party/parquet -I/home/pei/Project/duckdb-polr/extension/parquet/../../third_party/snappy -I/home/pei/Project/duckdb-polr/extension/parquet/../../third_party/miniz -I/home/pei/Project/duckdb-polr/extension/parquet/../../third_party/thrift -I/home/pei/Project/duckdb-polr/extension/parquet/../../third_party/zstd/include -O3 -DNDEBUG -O3 -DNDEBUG   -fPIC -fdiagnostics-color=always -std=c++11 -MD -MT extension/parquet/CMakeFiles/parquet_extension.dir/__/__/third_party/parquet/parquet_constants.cpp.o -MF extension/parquet/CMakeFiles/parquet_extension.dir/__/__/third_party/parquet/parquet_constants.cpp.o.d -o extension/parquet/CMakeFiles/parquet_extension.dir/__/__/third_party/parquet/parquet_constants.cpp.o -c /home/pei/Project/duckdb-polr/third_party/parquet/parquet_constants.cpp
[130/376] /usr/bin/ccache /usr/lib/ccache/c++ -DDUCKDB -DDUCKDB_BUILD_LIBRARY -DDUCKDB_MAIN_LIBRARY -DENABLE_CROSS_PRODUCT_REWRITE=0 -DENABLE_DEBUG_PRINT=0 -DENABLE_MEASURE_EXE_TIME=0 -DENABLE_MERGE_BACK_PLAN=0 -DENABLE_PARALLEL_EXECUTION=0 -DENABLE_QUERY_SPLIT=1 -DENABLE_SPECIFY_EST_STAT=0 -I/home/pei/Project/duckdb-polr/src/include -I/home/pei/Project/duckdb-polr/third_party/fsst -I/home/pei/Project/duckdb-polr/third_party/fmt/include -I/home/pei/Project/duckdb-polr/third_party/hyperloglog -I/home/pei/Project/duckdb-polr/third_party/fastpforlib -I/home/pei/Project/duckdb-polr/third_party/fast_float -I/home/pei/Project/duckdb-polr/third_party/re2 -I/home/pei/Project/duckdb-polr/third_party/miniz -I/home/pei/Project/duckdb-polr/third_party/utf8proc/include -I/home/pei/Project/duckdb-polr/third_party/miniparquet -I/home/pei/Project/duckdb-polr/third_party/concurrentqueue -I/home/pei/Project/duckdb-polr/third_party/pcg -I/home/pei/Project/duckdb-polr/third_party/tdigest -I/home/pei/Project/duckdb-polr/third_party/mbedtls/include -I/home/pei/Project/duckdb-polr/third_party/jaro_winkler -O3 -DNDEBUG -O3 -DNDEBUG   -fPIC -fdiagnostics-color=always -std=c++11 -MD -MT src/storage/CMakeFiles/duckdb_storage.dir/ub_duckdb_storage.cpp.o -MF src/storage/CMakeFiles/duckdb_storage.dir/ub_duckdb_storage.cpp.o.d -o src/storage/CMakeFiles/duckdb_storage.dir/ub_duckdb_storage.cpp.o -c /home/pei/Project/duckdb-polr/build/release/src/storage/ub_duckdb_storage.cpp
[131/376] /usr/bin/ccache /usr/lib/ccache/c++ -DDUCKDB_BUILD_LIBRARY -DENABLE_CROSS_PRODUCT_REWRITE=0 -DENABLE_DEBUG_PRINT=0 -DENABLE_MEASURE_EXE_TIME=0 -DENABLE_MERGE_BACK_PLAN=0 -DENABLE_PARALLEL_EXECUTION=0 -DENABLE_QUERY_SPLIT=1 -DENABLE_SPECIFY_EST_STAT=0 -I/home/pei/Project/duckdb-polr/src/include -I/home/pei/Project/duckdb-polr/third_party/fsst -I/home/pei/Project/duckdb-polr/third_party/fmt/include -I/home/pei/Project/duckdb-polr/third_party/hyperloglog -I/home/pei/Project/duckdb-polr/third_party/fastpforlib -I/home/pei/Project/duckdb-polr/third_party/fast_float -I/home/pei/Project/duckdb-polr/third_party/re2 -I/home/pei/Project/duckdb-polr/third_party/miniz -I/home/pei/Project/duckdb-polr/third_party/utf8proc/include -I/home/pei/Project/duckdb-polr/third_party/miniparquet -I/home/pei/Project/duckdb-polr/third_party/concurrentqueue -I/home/pei/Project/duckdb-polr/third_party/pcg -I/home/pei/Project/duckdb-polr/third_party/tdigest -I/home/pei/Project/duckdb-polr/third_party/mbedtls/include -I/home/pei/Project/duckdb-polr/third_party/jaro_winkler -I/home/pei/Project/duckdb-polr/extension/parquet/include -I/home/pei/Project/duckdb-polr/extension/parquet/../../third_party/parquet -I/home/pei/Project/duckdb-polr/extension/parquet/../../third_party/snappy -I/home/pei/Project/duckdb-polr/extension/parquet/../../third_party/miniz -I/home/pei/Project/duckdb-polr/extension/parquet/../../third_party/thrift -I/home/pei/Project/duckdb-polr/extension/parquet/../../third_party/zstd/include -O3 -DNDEBUG -O3 -DNDEBUG   -fPIC -fdiagnostics-color=always -std=c++11 -MD -MT extension/parquet/CMakeFiles/parquet_extension.dir/__/__/third_party/parquet/parquet_types.cpp.o -MF extension/parquet/CMakeFiles/parquet_extension.dir/__/__/third_party/parquet/parquet_types.cpp.o.d -o extension/parquet/CMakeFiles/parquet_extension.dir/__/__/third_party/parquet/parquet_types.cpp.o -c /home/pei/Project/duckdb-polr/third_party/parquet/parquet_types.cpp
[132/376] /usr/bin/ccache /usr/lib/ccache/c++ -DDUCKDB_BUILD_LIBRARY -DENABLE_CROSS_PRODUCT_REWRITE=0 -DENABLE_DEBUG_PRINT=0 -DENABLE_MEASURE_EXE_TIME=0 -DENABLE_MERGE_BACK_PLAN=0 -DENABLE_PARALLEL_EXECUTION=0 -DENABLE_QUERY_SPLIT=1 -DENABLE_SPECIFY_EST_STAT=0 -I/home/pei/Project/duckdb-polr/src/include -I/home/pei/Project/duckdb-polr/third_party/fsst -I/home/pei/Project/duckdb-polr/third_party/fmt/include -I/home/pei/Project/duckdb-polr/third_party/hyperloglog -I/home/pei/Project/duckdb-polr/third_party/fastpforlib -I/home/pei/Project/duckdb-polr/third_party/fast_float -I/home/pei/Project/duckdb-polr/third_party/re2 -I/home/pei/Project/duckdb-polr/third_party/miniz -I/home/pei/Project/duckdb-polr/third_party/utf8proc/include -I/home/pei/Project/duckdb-polr/third_party/miniparquet -I/home/pei/Project/duckdb-polr/third_party/concurrentqueue -I/home/pei/Project/duckdb-polr/third_party/pcg -I/home/pei/Project/duckdb-polr/third_party/tdigest -I/home/pei/Project/duckdb-polr/third_party/mbedtls/include -I/home/pei/Project/duckdb-polr/third_party/jaro_winkler -I/home/pei/Project/duckdb-polr/extension/parquet/include -I/home/pei/Project/duckdb-polr/extension/parquet/../../third_party/parquet -I/home/pei/Project/duckdb-polr/extension/parquet/../../third_party/snappy -I/home/pei/Project/duckdb-polr/extension/parquet/../../third_party/miniz -I/home/pei/Project/duckdb-polr/extension/parquet/../../third_party/thrift -I/home/pei/Project/duckdb-polr/extension/parquet/../../third_party/zstd/include -O3 -DNDEBUG -O3 -DNDEBUG   -fPIC -fdiagnostics-color=always -std=c++11 -MD -MT extension/parquet/CMakeFiles/parquet_extension.dir/__/__/third_party/thrift/thrift/protocol/TProtocol.cpp.o -MF extension/parquet/CMakeFiles/parquet_extension.dir/__/__/third_party/thrift/thrift/protocol/TProtocol.cpp.o.d -o extension/parquet/CMakeFiles/parquet_extension.dir/__/__/third_party/thrift/thrift/protocol/TProtocol.cpp.o -c /home/pei/Project/duckdb-polr/third_party/thrift/thrift/protocol/TProtocol.cpp
[133/376] /usr/bin/ccache /usr/lib/ccache/c++ -DDUCKDB_BUILD_LIBRARY -DENABLE_CROSS_PRODUCT_REWRITE=0 -DENABLE_DEBUG_PRINT=0 -DENABLE_MEASURE_EXE_TIME=0 -DENABLE_MERGE_BACK_PLAN=0 -DENABLE_PARALLEL_EXECUTION=0 -DENABLE_QUERY_SPLIT=1 -DENABLE_SPECIFY_EST_STAT=0 -I/home/pei/Project/duckdb-polr/src/include -I/home/pei/Project/duckdb-polr/third_party/fsst -I/home/pei/Project/duckdb-polr/third_party/fmt/include -I/home/pei/Project/duckdb-polr/third_party/hyperloglog -I/home/pei/Project/duckdb-polr/third_party/fastpforlib -I/home/pei/Project/duckdb-polr/third_party/fast_float -I/home/pei/Project/duckdb-polr/third_party/re2 -I/home/pei/Project/duckdb-polr/third_party/miniz -I/home/pei/Project/duckdb-polr/third_party/utf8proc/include -I/home/pei/Project/duckdb-polr/third_party/miniparquet -I/home/pei/Project/duckdb-polr/third_party/concurrentqueue -I/home/pei/Project/duckdb-polr/third_party/pcg -I/home/pei/Project/duckdb-polr/third_party/tdigest -I/home/pei/Project/duckdb-polr/third_party/mbedtls/include -I/home/pei/Project/duckdb-polr/third_party/jaro_winkler -I/home/pei/Project/duckdb-polr/extension/parquet/include -I/home/pei/Project/duckdb-polr/extension/parquet/../../third_party/parquet -I/home/pei/Project/duckdb-polr/extension/parquet/../../third_party/snappy -I/home/pei/Project/duckdb-polr/extension/parquet/../../third_party/miniz -I/home/pei/Project/duckdb-polr/extension/parquet/../../third_party/thrift -I/home/pei/Project/duckdb-polr/extension/parquet/../../third_party/zstd/include -O3 -DNDEBUG -O3 -DNDEBUG   -fPIC -fdiagnostics-color=always -std=c++11 -MD -MT extension/parquet/CMakeFiles/parquet_extension.dir/__/__/third_party/thrift/thrift/transport/TTransportException.cpp.o -MF extension/parquet/CMakeFiles/parquet_extension.dir/__/__/third_party/thrift/thrift/transport/TTransportException.cpp.o.d -o extension/parquet/CMakeFiles/parquet_extension.dir/__/__/third_party/thrift/thrift/transport/TTransportException.cpp.o -c /home/pei/Project/duckdb-polr/third_party/thrift/thrift/transport/TTransportException.cpp
[134/376] /usr/bin/ccache /usr/lib/ccache/c++ -DDUCKDB_BUILD_LIBRARY -DENABLE_CROSS_PRODUCT_REWRITE=0 -DENABLE_DEBUG_PRINT=0 -DENABLE_MEASURE_EXE_TIME=0 -DENABLE_MERGE_BACK_PLAN=0 -DENABLE_PARALLEL_EXECUTION=0 -DENABLE_QUERY_SPLIT=1 -DENABLE_SPECIFY_EST_STAT=0 -I/home/pei/Project/duckdb-polr/src/include -I/home/pei/Project/duckdb-polr/third_party/fsst -I/home/pei/Project/duckdb-polr/third_party/fmt/include -I/home/pei/Project/duckdb-polr/third_party/hyperloglog -I/home/pei/Project/duckdb-polr/third_party/fastpforlib -I/home/pei/Project/duckdb-polr/third_party/fast_float -I/home/pei/Project/duckdb-polr/third_party/re2 -I/home/pei/Project/duckdb-polr/third_party/miniz -I/home/pei/Project/duckdb-polr/third_party/utf8proc/include -I/home/pei/Project/duckdb-polr/third_party/miniparquet -I/home/pei/Project/duckdb-polr/third_party/concurrentqueue -I/home/pei/Project/duckdb-polr/third_party/pcg -I/home/pei/Project/duckdb-polr/third_party/tdigest -I/home/pei/Project/duckdb-polr/third_party/mbedtls/include -I/home/pei/Project/duckdb-polr/third_party/jaro_winkler -I/home/pei/Project/duckdb-polr/extension/parquet/include -I/home/pei/Project/duckdb-polr/extension/parquet/../../third_party/parquet -I/home/pei/Project/duckdb-polr/extension/parquet/../../third_party/snappy -I/home/pei/Project/duckdb-polr/extension/parquet/../../third_party/miniz -I/home/pei/Project/duckdb-polr/extension/parquet/../../third_party/thrift -I/home/pei/Project/duckdb-polr/extension/parquet/../../third_party/zstd/include -O3 -DNDEBUG -O3 -DNDEBUG   -fPIC -fdiagnostics-color=always -std=c++11 -MD -MT extension/parquet/CMakeFiles/parquet_extension.dir/__/__/third_party/snappy/snappy-sinksource.cc.o -MF extension/parquet/CMakeFiles/parquet_extension.dir/__/__/third_party/snappy/snappy-sinksource.cc.o.d -o extension/parquet/CMakeFiles/parquet_extension.dir/__/__/third_party/snappy/snappy-sinksource.cc.o -c /home/pei/Project/duckdb-polr/third_party/snappy/snappy-sinksource.cc
[135/376] /usr/bin/ccache /usr/lib/ccache/c++ -DDUCKDB_BUILD_LIBRARY -DENABLE_CROSS_PRODUCT_REWRITE=0 -DENABLE_DEBUG_PRINT=0 -DENABLE_MEASURE_EXE_TIME=0 -DENABLE_MERGE_BACK_PLAN=0 -DENABLE_PARALLEL_EXECUTION=0 -DENABLE_QUERY_SPLIT=1 -DENABLE_SPECIFY_EST_STAT=0 -I/home/pei/Project/duckdb-polr/src/include -I/home/pei/Project/duckdb-polr/third_party/fsst -I/home/pei/Project/duckdb-polr/third_party/fmt/include -I/home/pei/Project/duckdb-polr/third_party/hyperloglog -I/home/pei/Project/duckdb-polr/third_party/fastpforlib -I/home/pei/Project/duckdb-polr/third_party/fast_float -I/home/pei/Project/duckdb-polr/third_party/re2 -I/home/pei/Project/duckdb-polr/third_party/miniz -I/home/pei/Project/duckdb-polr/third_party/utf8proc/include -I/home/pei/Project/duckdb-polr/third_party/miniparquet -I/home/pei/Project/duckdb-polr/third_party/concurrentqueue -I/home/pei/Project/duckdb-polr/third_party/pcg -I/home/pei/Project/duckdb-polr/third_party/tdigest -I/home/pei/Project/duckdb-polr/third_party/mbedtls/include -I/home/pei/Project/duckdb-polr/third_party/jaro_winkler -I/home/pei/Project/duckdb-polr/extension/parquet/include -I/home/pei/Project/duckdb-polr/extension/parquet/../../third_party/parquet -I/home/pei/Project/duckdb-polr/extension/parquet/../../third_party/snappy -I/home/pei/Project/duckdb-polr/extension/parquet/../../third_party/miniz -I/home/pei/Project/duckdb-polr/extension/parquet/../../third_party/thrift -I/home/pei/Project/duckdb-polr/extension/parquet/../../third_party/zstd/include -O3 -DNDEBUG -O3 -DNDEBUG   -fPIC -fdiagnostics-color=always -std=c++11 -MD -MT extension/parquet/CMakeFiles/parquet_extension.dir/__/__/third_party/snappy/snappy.cc.o -MF extension/parquet/CMakeFiles/parquet_extension.dir/__/__/third_party/snappy/snappy.cc.o.d -o extension/parquet/CMakeFiles/parquet_extension.dir/__/__/third_party/snappy/snappy.cc.o -c /home/pei/Project/duckdb-polr/third_party/snappy/snappy.cc
[136/376] /usr/bin/ccache /usr/lib/ccache/c++ -DDUCKDB_BUILD_LIBRARY -DENABLE_CROSS_PRODUCT_REWRITE=0 -DENABLE_DEBUG_PRINT=0 -DENABLE_MEASURE_EXE_TIME=0 -DENABLE_MERGE_BACK_PLAN=0 -DENABLE_PARALLEL_EXECUTION=0 -DENABLE_QUERY_SPLIT=1 -DENABLE_SPECIFY_EST_STAT=0 -I/home/pei/Project/duckdb-polr/src/include -I/home/pei/Project/duckdb-polr/third_party/fsst -I/home/pei/Project/duckdb-polr/third_party/fmt/include -I/home/pei/Project/duckdb-polr/third_party/hyperloglog -I/home/pei/Project/duckdb-polr/third_party/fastpforlib -I/home/pei/Project/duckdb-polr/third_party/fast_float -I/home/pei/Project/duckdb-polr/third_party/re2 -I/home/pei/Project/duckdb-polr/third_party/miniz -I/home/pei/Project/duckdb-polr/third_party/utf8proc/include -I/home/pei/Project/duckdb-polr/third_party/miniparquet -I/home/pei/Project/duckdb-polr/third_party/concurrentqueue -I/home/pei/Project/duckdb-polr/third_party/pcg -I/home/pei/Project/duckdb-polr/third_party/tdigest -I/home/pei/Project/duckdb-polr/third_party/mbedtls/include -I/home/pei/Project/duckdb-polr/third_party/jaro_winkler -I/home/pei/Project/duckdb-polr/extension/parquet/include -I/home/pei/Project/duckdb-polr/extension/parquet/../../third_party/parquet -I/home/pei/Project/duckdb-polr/extension/parquet/../../third_party/snappy -I/home/pei/Project/duckdb-polr/extension/parquet/../../third_party/miniz -I/home/pei/Project/duckdb-polr/extension/parquet/../../third_party/thrift -I/home/pei/Project/duckdb-polr/extension/parquet/../../third_party/zstd/include -O3 -DNDEBUG -O3 -DNDEBUG   -fPIC -fdiagnostics-color=always -std=c++11 -MD -MT extension/parquet/CMakeFiles/parquet_extension.dir/__/__/third_party/zstd/decompress/huf_decompress.cpp.o -MF extension/parquet/CMakeFiles/parquet_extension.dir/__/__/third_party/zstd/decompress/huf_decompress.cpp.o.d -o extension/parquet/CMakeFiles/parquet_extension.dir/__/__/third_party/zstd/decompress/huf_decompress.cpp.o -c /home/pei/Project/duckdb-polr/third_party/zstd/decompress/huf_decompress.cpp
[137/376] /usr/bin/ccache /usr/lib/ccache/c++ -DDUCKDB_BUILD_LIBRARY -DENABLE_CROSS_PRODUCT_REWRITE=0 -DENABLE_DEBUG_PRINT=0 -DENABLE_MEASURE_EXE_TIME=0 -DENABLE_MERGE_BACK_PLAN=0 -DENABLE_PARALLEL_EXECUTION=0 -DENABLE_QUERY_SPLIT=1 -DENABLE_SPECIFY_EST_STAT=0 -I/home/pei/Project/duckdb-polr/src/include -I/home/pei/Project/duckdb-polr/third_party/fsst -I/home/pei/Project/duckdb-polr/third_party/fmt/include -I/home/pei/Project/duckdb-polr/third_party/hyperloglog -I/home/pei/Project/duckdb-polr/third_party/fastpforlib -I/home/pei/Project/duckdb-polr/third_party/fast_float -I/home/pei/Project/duckdb-polr/third_party/re2 -I/home/pei/Project/duckdb-polr/third_party/miniz -I/home/pei/Project/duckdb-polr/third_party/utf8proc/include -I/home/pei/Project/duckdb-polr/third_party/miniparquet -I/home/pei/Project/duckdb-polr/third_party/concurrentqueue -I/home/pei/Project/duckdb-polr/third_party/pcg -I/home/pei/Project/duckdb-polr/third_party/tdigest -I/home/pei/Project/duckdb-polr/third_party/mbedtls/include -I/home/pei/Project/duckdb-polr/third_party/jaro_winkler -I/home/pei/Project/duckdb-polr/extension/parquet/include -I/home/pei/Project/duckdb-polr/extension/parquet/../../third_party/parquet -I/home/pei/Project/duckdb-polr/extension/parquet/../../third_party/snappy -I/home/pei/Project/duckdb-polr/extension/parquet/../../third_party/miniz -I/home/pei/Project/duckdb-polr/extension/parquet/../../third_party/thrift -I/home/pei/Project/duckdb-polr/extension/parquet/../../third_party/zstd/include -O3 -DNDEBUG -O3 -DNDEBUG   -fPIC -fdiagnostics-color=always -std=c++11 -MD -MT extension/parquet/CMakeFiles/parquet_extension.dir/__/__/third_party/thrift/thrift/transport/TBufferTransports.cpp.o -MF extension/parquet/CMakeFiles/parquet_extension.dir/__/__/third_party/thrift/thrift/transport/TBufferTransports.cpp.o.d -o extension/parquet/CMakeFiles/parquet_extension.dir/__/__/third_party/thrift/thrift/transport/TBufferTransports.cpp.o -c /home/pei/Project/duckdb-polr/third_party/thrift/thrift/transport/TBufferTransports.cpp
[138/376] /usr/bin/ccache /usr/lib/ccache/c++ -DDUCKDB_BUILD_LIBRARY -DENABLE_CROSS_PRODUCT_REWRITE=0 -DENABLE_DEBUG_PRINT=0 -DENABLE_MEASURE_EXE_TIME=0 -DENABLE_MERGE_BACK_PLAN=0 -DENABLE_PARALLEL_EXECUTION=0 -DENABLE_QUERY_SPLIT=1 -DENABLE_SPECIFY_EST_STAT=0 -I/home/pei/Project/duckdb-polr/src/include -I/home/pei/Project/duckdb-polr/third_party/fsst -I/home/pei/Project/duckdb-polr/third_party/fmt/include -I/home/pei/Project/duckdb-polr/third_party/hyperloglog -I/home/pei/Project/duckdb-polr/third_party/fastpforlib -I/home/pei/Project/duckdb-polr/third_party/fast_float -I/home/pei/Project/duckdb-polr/third_party/re2 -I/home/pei/Project/duckdb-polr/third_party/miniz -I/home/pei/Project/duckdb-polr/third_party/utf8proc/include -I/home/pei/Project/duckdb-polr/third_party/miniparquet -I/home/pei/Project/duckdb-polr/third_party/concurrentqueue -I/home/pei/Project/duckdb-polr/third_party/pcg -I/home/pei/Project/duckdb-polr/third_party/tdigest -I/home/pei/Project/duckdb-polr/third_party/mbedtls/include -I/home/pei/Project/duckdb-polr/third_party/jaro_winkler -I/home/pei/Project/duckdb-polr/extension/parquet/include -I/home/pei/Project/duckdb-polr/extension/parquet/../../third_party/parquet -I/home/pei/Project/duckdb-polr/extension/parquet/../../third_party/snappy -I/home/pei/Project/duckdb-polr/extension/parquet/../../third_party/miniz -I/home/pei/Project/duckdb-polr/extension/parquet/../../third_party/thrift -I/home/pei/Project/duckdb-polr/extension/parquet/../../third_party/zstd/include -O3 -DNDEBUG -O3 -DNDEBUG   -fPIC -fdiagnostics-color=always -std=c++11 -MD -MT extension/parquet/CMakeFiles/parquet_extension.dir/__/__/third_party/zstd/decompress/zstd_ddict.cpp.o -MF extension/parquet/CMakeFiles/parquet_extension.dir/__/__/third_party/zstd/decompress/zstd_ddict.cpp.o.d -o extension/parquet/CMakeFiles/parquet_extension.dir/__/__/third_party/zstd/decompress/zstd_ddict.cpp.o -c /home/pei/Project/duckdb-polr/third_party/zstd/decompress/zstd_ddict.cpp
[139/376] /usr/bin/ccache /usr/lib/ccache/c++ -DDUCKDB_BUILD_LIBRARY -DENABLE_CROSS_PRODUCT_REWRITE=0 -DENABLE_DEBUG_PRINT=0 -DENABLE_MEASURE_EXE_TIME=0 -DENABLE_MERGE_BACK_PLAN=0 -DENABLE_PARALLEL_EXECUTION=0 -DENABLE_QUERY_SPLIT=1 -DENABLE_SPECIFY_EST_STAT=0 -I/home/pei/Project/duckdb-polr/src/include -I/home/pei/Project/duckdb-polr/third_party/fsst -I/home/pei/Project/duckdb-polr/third_party/fmt/include -I/home/pei/Project/duckdb-polr/third_party/hyperloglog -I/home/pei/Project/duckdb-polr/third_party/fastpforlib -I/home/pei/Project/duckdb-polr/third_party/fast_float -I/home/pei/Project/duckdb-polr/third_party/re2 -I/home/pei/Project/duckdb-polr/third_party/miniz -I/home/pei/Project/duckdb-polr/third_party/utf8proc/include -I/home/pei/Project/duckdb-polr/third_party/miniparquet -I/home/pei/Project/duckdb-polr/third_party/concurrentqueue -I/home/pei/Project/duckdb-polr/third_party/pcg -I/home/pei/Project/duckdb-polr/third_party/tdigest -I/home/pei/Project/duckdb-polr/third_party/mbedtls/include -I/home/pei/Project/duckdb-polr/third_party/jaro_winkler -I/home/pei/Project/duckdb-polr/extension/parquet/include -I/home/pei/Project/duckdb-polr/extension/parquet/../../third_party/parquet -I/home/pei/Project/duckdb-polr/extension/parquet/../../third_party/snappy -I/home/pei/Project/duckdb-polr/extension/parquet/../../third_party/miniz -I/home/pei/Project/duckdb-polr/extension/parquet/../../third_party/thrift -I/home/pei/Project/duckdb-polr/extension/parquet/../../third_party/zstd/include -O3 -DNDEBUG -O3 -DNDEBUG   -fPIC -fdiagnostics-color=always -std=c++11 -MD -MT extension/parquet/CMakeFiles/parquet_extension.dir/__/__/third_party/zstd/decompress/zstd_decompress.cpp.o -MF extension/parquet/CMakeFiles/parquet_extension.dir/__/__/third_party/zstd/decompress/zstd_decompress.cpp.o.d -o extension/parquet/CMakeFiles/parquet_extension.dir/__/__/third_party/zstd/decompress/zstd_decompress.cpp.o -c /home/pei/Project/duckdb-polr/third_party/zstd/decompress/zstd_decompress.cpp
[140/376] /usr/bin/ccache /usr/lib/ccache/c++ -DDUCKDB_BUILD_LIBRARY -DENABLE_CROSS_PRODUCT_REWRITE=0 -DENABLE_DEBUG_PRINT=0 -DENABLE_MEASURE_EXE_TIME=0 -DENABLE_MERGE_BACK_PLAN=0 -DENABLE_PARALLEL_EXECUTION=0 -DENABLE_QUERY_SPLIT=1 -DENABLE_SPECIFY_EST_STAT=0 -I/home/pei/Project/duckdb-polr/src/include -I/home/pei/Project/duckdb-polr/third_party/fsst -I/home/pei/Project/duckdb-polr/third_party/fmt/include -I/home/pei/Project/duckdb-polr/third_party/hyperloglog -I/home/pei/Project/duckdb-polr/third_party/fastpforlib -I/home/pei/Project/duckdb-polr/third_party/fast_float -I/home/pei/Project/duckdb-polr/third_party/re2 -I/home/pei/Project/duckdb-polr/third_party/miniz -I/home/pei/Project/duckdb-polr/third_party/utf8proc/include -I/home/pei/Project/duckdb-polr/third_party/miniparquet -I/home/pei/Project/duckdb-polr/third_party/concurrentqueue -I/home/pei/Project/duckdb-polr/third_party/pcg -I/home/pei/Project/duckdb-polr/third_party/tdigest -I/home/pei/Project/duckdb-polr/third_party/mbedtls/include -I/home/pei/Project/duckdb-polr/third_party/jaro_winkler -I/home/pei/Project/duckdb-polr/extension/parquet/include -I/home/pei/Project/duckdb-polr/extension/parquet/../../third_party/parquet -I/home/pei/Project/duckdb-polr/extension/parquet/../../third_party/snappy -I/home/pei/Project/duckdb-polr/extension/parquet/../../third_party/miniz -I/home/pei/Project/duckdb-polr/extension/parquet/../../third_party/thrift -I/home/pei/Project/duckdb-polr/extension/parquet/../../third_party/zstd/include -O3 -DNDEBUG -O3 -DNDEBUG   -fPIC -fdiagnostics-color=always -std=c++11 -MD -MT extension/parquet/CMakeFiles/parquet_extension.dir/__/__/third_party/zstd/common/entropy_common.cpp.o -MF extension/parquet/CMakeFiles/parquet_extension.dir/__/__/third_party/zstd/common/entropy_common.cpp.o.d -o extension/parquet/CMakeFiles/parquet_extension.dir/__/__/third_party/zstd/common/entropy_common.cpp.o -c /home/pei/Project/duckdb-polr/third_party/zstd/common/entropy_common.cpp
[141/376] /usr/bin/ccache /usr/lib/ccache/c++ -DDUCKDB_BUILD_LIBRARY -DENABLE_CROSS_PRODUCT_REWRITE=0 -DENABLE_DEBUG_PRINT=0 -DENABLE_MEASURE_EXE_TIME=0 -DENABLE_MERGE_BACK_PLAN=0 -DENABLE_PARALLEL_EXECUTION=0 -DENABLE_QUERY_SPLIT=1 -DENABLE_SPECIFY_EST_STAT=0 -I/home/pei/Project/duckdb-polr/src/include -I/home/pei/Project/duckdb-polr/third_party/fsst -I/home/pei/Project/duckdb-polr/third_party/fmt/include -I/home/pei/Project/duckdb-polr/third_party/hyperloglog -I/home/pei/Project/duckdb-polr/third_party/fastpforlib -I/home/pei/Project/duckdb-polr/third_party/fast_float -I/home/pei/Project/duckdb-polr/third_party/re2 -I/home/pei/Project/duckdb-polr/third_party/miniz -I/home/pei/Project/duckdb-polr/third_party/utf8proc/include -I/home/pei/Project/duckdb-polr/third_party/miniparquet -I/home/pei/Project/duckdb-polr/third_party/concurrentqueue -I/home/pei/Project/duckdb-polr/third_party/pcg -I/home/pei/Project/duckdb-polr/third_party/tdigest -I/home/pei/Project/duckdb-polr/third_party/mbedtls/include -I/home/pei/Project/duckdb-polr/third_party/jaro_winkler -I/home/pei/Project/duckdb-polr/extension/parquet/include -I/home/pei/Project/duckdb-polr/extension/parquet/../../third_party/parquet -I/home/pei/Project/duckdb-polr/extension/parquet/../../third_party/snappy -I/home/pei/Project/duckdb-polr/extension/parquet/../../third_party/miniz -I/home/pei/Project/duckdb-polr/extension/parquet/../../third_party/thrift -I/home/pei/Project/duckdb-polr/extension/parquet/../../third_party/zstd/include -O3 -DNDEBUG -O3 -DNDEBUG   -fPIC -fdiagnostics-color=always -std=c++11 -MD -MT extension/parquet/CMakeFiles/parquet_extension.dir/__/__/third_party/zstd/decompress/zstd_decompress_block.cpp.o -MF extension/parquet/CMakeFiles/parquet_extension.dir/__/__/third_party/zstd/decompress/zstd_decompress_block.cpp.o.d -o extension/parquet/CMakeFiles/parquet_extension.dir/__/__/third_party/zstd/decompress/zstd_decompress_block.cpp.o -c /home/pei/Project/duckdb-polr/third_party/zstd/decompress/zstd_decompress_block.cpp
[142/376] /usr/bin/ccache /usr/lib/ccache/c++ -DDUCKDB_BUILD_LIBRARY -DENABLE_CROSS_PRODUCT_REWRITE=0 -DENABLE_DEBUG_PRINT=0 -DENABLE_MEASURE_EXE_TIME=0 -DENABLE_MERGE_BACK_PLAN=0 -DENABLE_PARALLEL_EXECUTION=0 -DENABLE_QUERY_SPLIT=1 -DENABLE_SPECIFY_EST_STAT=0 -I/home/pei/Project/duckdb-polr/src/include -I/home/pei/Project/duckdb-polr/third_party/fsst -I/home/pei/Project/duckdb-polr/third_party/fmt/include -I/home/pei/Project/duckdb-polr/third_party/hyperloglog -I/home/pei/Project/duckdb-polr/third_party/fastpforlib -I/home/pei/Project/duckdb-polr/third_party/fast_float -I/home/pei/Project/duckdb-polr/third_party/re2 -I/home/pei/Project/duckdb-polr/third_party/miniz -I/home/pei/Project/duckdb-polr/third_party/utf8proc/include -I/home/pei/Project/duckdb-polr/third_party/miniparquet -I/home/pei/Project/duckdb-polr/third_party/concurrentqueue -I/home/pei/Project/duckdb-polr/third_party/pcg -I/home/pei/Project/duckdb-polr/third_party/tdigest -I/home/pei/Project/duckdb-polr/third_party/mbedtls/include -I/home/pei/Project/duckdb-polr/third_party/jaro_winkler -I/home/pei/Project/duckdb-polr/extension/parquet/include -I/home/pei/Project/duckdb-polr/extension/parquet/../../third_party/parquet -I/home/pei/Project/duckdb-polr/extension/parquet/../../third_party/snappy -I/home/pei/Project/duckdb-polr/extension/parquet/../../third_party/miniz -I/home/pei/Project/duckdb-polr/extension/parquet/../../third_party/thrift -I/home/pei/Project/duckdb-polr/extension/parquet/../../third_party/zstd/include -O3 -DNDEBUG -O3 -DNDEBUG   -fPIC -fdiagnostics-color=always -std=c++11 -MD -MT extension/parquet/CMakeFiles/parquet_extension.dir/__/__/third_party/zstd/common/fse_decompress.cpp.o -MF extension/parquet/CMakeFiles/parquet_extension.dir/__/__/third_party/zstd/common/fse_decompress.cpp.o.d -o extension/parquet/CMakeFiles/parquet_extension.dir/__/__/third_party/zstd/common/fse_decompress.cpp.o -c /home/pei/Project/duckdb-polr/third_party/zstd/common/fse_decompress.cpp
[143/376] /usr/bin/ccache /usr/lib/ccache/c++ -DDUCKDB_BUILD_LIBRARY -DENABLE_CROSS_PRODUCT_REWRITE=0 -DENABLE_DEBUG_PRINT=0 -DENABLE_MEASURE_EXE_TIME=0 -DENABLE_MERGE_BACK_PLAN=0 -DENABLE_PARALLEL_EXECUTION=0 -DENABLE_QUERY_SPLIT=1 -DENABLE_SPECIFY_EST_STAT=0 -I/home/pei/Project/duckdb-polr/src/include -I/home/pei/Project/duckdb-polr/third_party/fsst -I/home/pei/Project/duckdb-polr/third_party/fmt/include -I/home/pei/Project/duckdb-polr/third_party/hyperloglog -I/home/pei/Project/duckdb-polr/third_party/fastpforlib -I/home/pei/Project/duckdb-polr/third_party/fast_float -I/home/pei/Project/duckdb-polr/third_party/re2 -I/home/pei/Project/duckdb-polr/third_party/miniz -I/home/pei/Project/duckdb-polr/third_party/utf8proc/include -I/home/pei/Project/duckdb-polr/third_party/miniparquet -I/home/pei/Project/duckdb-polr/third_party/concurrentqueue -I/home/pei/Project/duckdb-polr/third_party/pcg -I/home/pei/Project/duckdb-polr/third_party/tdigest -I/home/pei/Project/duckdb-polr/third_party/mbedtls/include -I/home/pei/Project/duckdb-polr/third_party/jaro_winkler -I/home/pei/Project/duckdb-polr/extension/parquet/include -I/home/pei/Project/duckdb-polr/extension/parquet/../../third_party/parquet -I/home/pei/Project/duckdb-polr/extension/parquet/../../third_party/snappy -I/home/pei/Project/duckdb-polr/extension/parquet/../../third_party/miniz -I/home/pei/Project/duckdb-polr/extension/parquet/../../third_party/thrift -I/home/pei/Project/duckdb-polr/extension/parquet/../../third_party/zstd/include -O3 -DNDEBUG -O3 -DNDEBUG   -fPIC -fdiagnostics-color=always -std=c++11 -MD -MT extension/parquet/CMakeFiles/parquet_extension.dir/__/__/third_party/zstd/common/zstd_common.cpp.o -MF extension/parquet/CMakeFiles/parquet_extension.dir/__/__/third_party/zstd/common/zstd_common.cpp.o.d -o extension/parquet/CMakeFiles/parquet_extension.dir/__/__/third_party/zstd/common/zstd_common.cpp.o -c /home/pei/Project/duckdb-polr/third_party/zstd/common/zstd_common.cpp
[144/376] /usr/bin/ccache /usr/lib/ccache/c++ -DDUCKDB_BUILD_LIBRARY -DENABLE_CROSS_PRODUCT_REWRITE=0 -DENABLE_DEBUG_PRINT=0 -DENABLE_MEASURE_EXE_TIME=0 -DENABLE_MERGE_BACK_PLAN=0 -DENABLE_PARALLEL_EXECUTION=0 -DENABLE_QUERY_SPLIT=1 -DENABLE_SPECIFY_EST_STAT=0 -I/home/pei/Project/duckdb-polr/src/include -I/home/pei/Project/duckdb-polr/third_party/fsst -I/home/pei/Project/duckdb-polr/third_party/fmt/include -I/home/pei/Project/duckdb-polr/third_party/hyperloglog -I/home/pei/Project/duckdb-polr/third_party/fastpforlib -I/home/pei/Project/duckdb-polr/third_party/fast_float -I/home/pei/Project/duckdb-polr/third_party/re2 -I/home/pei/Project/duckdb-polr/third_party/miniz -I/home/pei/Project/duckdb-polr/third_party/utf8proc/include -I/home/pei/Project/duckdb-polr/third_party/miniparquet -I/home/pei/Project/duckdb-polr/third_party/concurrentqueue -I/home/pei/Project/duckdb-polr/third_party/pcg -I/home/pei/Project/duckdb-polr/third_party/tdigest -I/home/pei/Project/duckdb-polr/third_party/mbedtls/include -I/home/pei/Project/duckdb-polr/third_party/jaro_winkler -I/home/pei/Project/duckdb-polr/extension/parquet/include -I/home/pei/Project/duckdb-polr/extension/parquet/../../third_party/parquet -I/home/pei/Project/duckdb-polr/extension/parquet/../../third_party/snappy -I/home/pei/Project/duckdb-polr/extension/parquet/../../third_party/miniz -I/home/pei/Project/duckdb-polr/extension/parquet/../../third_party/thrift -I/home/pei/Project/duckdb-polr/extension/parquet/../../third_party/zstd/include -O3 -DNDEBUG -O3 -DNDEBUG   -fPIC -fdiagnostics-color=always -std=c++11 -MD -MT extension/parquet/CMakeFiles/parquet_extension.dir/__/__/third_party/zstd/common/error_private.cpp.o -MF extension/parquet/CMakeFiles/parquet_extension.dir/__/__/third_party/zstd/common/error_private.cpp.o.d -o extension/parquet/CMakeFiles/parquet_extension.dir/__/__/third_party/zstd/common/error_private.cpp.o -c /home/pei/Project/duckdb-polr/third_party/zstd/common/error_private.cpp
[145/376] /usr/bin/ccache /usr/lib/ccache/c++ -DDUCKDB_BUILD_LIBRARY -DENABLE_CROSS_PRODUCT_REWRITE=0 -DENABLE_DEBUG_PRINT=0 -DENABLE_MEASURE_EXE_TIME=0 -DENABLE_MERGE_BACK_PLAN=0 -DENABLE_PARALLEL_EXECUTION=0 -DENABLE_QUERY_SPLIT=1 -DENABLE_SPECIFY_EST_STAT=0 -I/home/pei/Project/duckdb-polr/src/include -I/home/pei/Project/duckdb-polr/third_party/fsst -I/home/pei/Project/duckdb-polr/third_party/fmt/include -I/home/pei/Project/duckdb-polr/third_party/hyperloglog -I/home/pei/Project/duckdb-polr/third_party/fastpforlib -I/home/pei/Project/duckdb-polr/third_party/fast_float -I/home/pei/Project/duckdb-polr/third_party/re2 -I/home/pei/Project/duckdb-polr/third_party/miniz -I/home/pei/Project/duckdb-polr/third_party/utf8proc/include -I/home/pei/Project/duckdb-polr/third_party/miniparquet -I/home/pei/Project/duckdb-polr/third_party/concurrentqueue -I/home/pei/Project/duckdb-polr/third_party/pcg -I/home/pei/Project/duckdb-polr/third_party/tdigest -I/home/pei/Project/duckdb-polr/third_party/mbedtls/include -I/home/pei/Project/duckdb-polr/third_party/jaro_winkler -I/home/pei/Project/duckdb-polr/extension/parquet/include -I/home/pei/Project/duckdb-polr/extension/parquet/../../third_party/parquet -I/home/pei/Project/duckdb-polr/extension/parquet/../../third_party/snappy -I/home/pei/Project/duckdb-polr/extension/parquet/../../third_party/miniz -I/home/pei/Project/duckdb-polr/extension/parquet/../../third_party/thrift -I/home/pei/Project/duckdb-polr/extension/parquet/../../third_party/zstd/include -O3 -DNDEBUG -O3 -DNDEBUG   -fPIC -fdiagnostics-color=always -std=c++11 -MD -MT extension/parquet/CMakeFiles/parquet_extension.dir/__/__/third_party/zstd/common/xxhash.cpp.o -MF extension/parquet/CMakeFiles/parquet_extension.dir/__/__/third_party/zstd/common/xxhash.cpp.o.d -o extension/parquet/CMakeFiles/parquet_extension.dir/__/__/third_party/zstd/common/xxhash.cpp.o -c /home/pei/Project/duckdb-polr/third_party/zstd/common/xxhash.cpp
[146/376] /usr/bin/ccache /usr/lib/ccache/c++ -DDUCKDB_BUILD_LIBRARY -DENABLE_CROSS_PRODUCT_REWRITE=0 -DENABLE_DEBUG_PRINT=0 -DENABLE_MEASURE_EXE_TIME=0 -DENABLE_MERGE_BACK_PLAN=0 -DENABLE_PARALLEL_EXECUTION=0 -DENABLE_QUERY_SPLIT=1 -DENABLE_SPECIFY_EST_STAT=0 -I/home/pei/Project/duckdb-polr/src/include -I/home/pei/Project/duckdb-polr/third_party/fsst -I/home/pei/Project/duckdb-polr/third_party/fmt/include -I/home/pei/Project/duckdb-polr/third_party/hyperloglog -I/home/pei/Project/duckdb-polr/third_party/fastpforlib -I/home/pei/Project/duckdb-polr/third_party/fast_float -I/home/pei/Project/duckdb-polr/third_party/re2 -I/home/pei/Project/duckdb-polr/third_party/miniz -I/home/pei/Project/duckdb-polr/third_party/utf8proc/include -I/home/pei/Project/duckdb-polr/third_party/miniparquet -I/home/pei/Project/duckdb-polr/third_party/concurrentqueue -I/home/pei/Project/duckdb-polr/third_party/pcg -I/home/pei/Project/duckdb-polr/third_party/tdigest -I/home/pei/Project/duckdb-polr/third_party/mbedtls/include -I/home/pei/Project/duckdb-polr/third_party/jaro_winkler -I/home/pei/Project/duckdb-polr/extension/parquet/include -I/home/pei/Project/duckdb-polr/extension/parquet/../../third_party/parquet -I/home/pei/Project/duckdb-polr/extension/parquet/../../third_party/snappy -I/home/pei/Project/duckdb-polr/extension/parquet/../../third_party/miniz -I/home/pei/Project/duckdb-polr/extension/parquet/../../third_party/thrift -I/home/pei/Project/duckdb-polr/extension/parquet/../../third_party/zstd/include -O3 -DNDEBUG -O3 -DNDEBUG   -fPIC -fdiagnostics-color=always -std=c++11 -MD -MT extension/parquet/CMakeFiles/parquet_extension.dir/__/__/third_party/zstd/compress/hist.cpp.o -MF extension/parquet/CMakeFiles/parquet_extension.dir/__/__/third_party/zstd/compress/hist.cpp.o.d -o extension/parquet/CMakeFiles/parquet_extension.dir/__/__/third_party/zstd/compress/hist.cpp.o -c /home/pei/Project/duckdb-polr/third_party/zstd/compress/hist.cpp
[147/376] /usr/bin/ccache /usr/lib/ccache/c++ -DDUCKDB_BUILD_LIBRARY -DENABLE_CROSS_PRODUCT_REWRITE=0 -DENABLE_DEBUG_PRINT=0 -DENABLE_MEASURE_EXE_TIME=0 -DENABLE_MERGE_BACK_PLAN=0 -DENABLE_PARALLEL_EXECUTION=0 -DENABLE_QUERY_SPLIT=1 -DENABLE_SPECIFY_EST_STAT=0 -I/home/pei/Project/duckdb-polr/src/include -I/home/pei/Project/duckdb-polr/third_party/fsst -I/home/pei/Project/duckdb-polr/third_party/fmt/include -I/home/pei/Project/duckdb-polr/third_party/hyperloglog -I/home/pei/Project/duckdb-polr/third_party/fastpforlib -I/home/pei/Project/duckdb-polr/third_party/fast_float -I/home/pei/Project/duckdb-polr/third_party/re2 -I/home/pei/Project/duckdb-polr/third_party/miniz -I/home/pei/Project/duckdb-polr/third_party/utf8proc/include -I/home/pei/Project/duckdb-polr/third_party/miniparquet -I/home/pei/Project/duckdb-polr/third_party/concurrentqueue -I/home/pei/Project/duckdb-polr/third_party/pcg -I/home/pei/Project/duckdb-polr/third_party/tdigest -I/home/pei/Project/duckdb-polr/third_party/mbedtls/include -I/home/pei/Project/duckdb-polr/third_party/jaro_winkler -I/home/pei/Project/duckdb-polr/extension/parquet/include -I/home/pei/Project/duckdb-polr/extension/parquet/../../third_party/parquet -I/home/pei/Project/duckdb-polr/extension/parquet/../../third_party/snappy -I/home/pei/Project/duckdb-polr/extension/parquet/../../third_party/miniz -I/home/pei/Project/duckdb-polr/extension/parquet/../../third_party/thrift -I/home/pei/Project/duckdb-polr/extension/parquet/../../third_party/zstd/include -O3 -DNDEBUG -O3 -DNDEBUG   -fPIC -fdiagnostics-color=always -std=c++11 -MD -MT extension/parquet/CMakeFiles/parquet_extension.dir/__/__/third_party/zstd/compress/fse_compress.cpp.o -MF extension/parquet/CMakeFiles/parquet_extension.dir/__/__/third_party/zstd/compress/fse_compress.cpp.o.d -o extension/parquet/CMakeFiles/parquet_extension.dir/__/__/third_party/zstd/compress/fse_compress.cpp.o -c /home/pei/Project/duckdb-polr/third_party/zstd/compress/fse_compress.cpp
[148/376] /usr/bin/ccache /usr/lib/ccache/c++ -DDUCKDB_BUILD_LIBRARY -DENABLE_CROSS_PRODUCT_REWRITE=0 -DENABLE_DEBUG_PRINT=0 -DENABLE_MEASURE_EXE_TIME=0 -DENABLE_MERGE_BACK_PLAN=0 -DENABLE_PARALLEL_EXECUTION=0 -DENABLE_QUERY_SPLIT=1 -DENABLE_SPECIFY_EST_STAT=0 -I/home/pei/Project/duckdb-polr/src/include -I/home/pei/Project/duckdb-polr/third_party/fsst -I/home/pei/Project/duckdb-polr/third_party/fmt/include -I/home/pei/Project/duckdb-polr/third_party/hyperloglog -I/home/pei/Project/duckdb-polr/third_party/fastpforlib -I/home/pei/Project/duckdb-polr/third_party/fast_float -I/home/pei/Project/duckdb-polr/third_party/re2 -I/home/pei/Project/duckdb-polr/third_party/miniz -I/home/pei/Project/duckdb-polr/third_party/utf8proc/include -I/home/pei/Project/duckdb-polr/third_party/miniparquet -I/home/pei/Project/duckdb-polr/third_party/concurrentqueue -I/home/pei/Project/duckdb-polr/third_party/pcg -I/home/pei/Project/duckdb-polr/third_party/tdigest -I/home/pei/Project/duckdb-polr/third_party/mbedtls/include -I/home/pei/Project/duckdb-polr/third_party/jaro_winkler -I/home/pei/Project/duckdb-polr/extension/parquet/include -I/home/pei/Project/duckdb-polr/extension/parquet/../../third_party/parquet -I/home/pei/Project/duckdb-polr/extension/parquet/../../third_party/snappy -I/home/pei/Project/duckdb-polr/extension/parquet/../../third_party/miniz -I/home/pei/Project/duckdb-polr/extension/parquet/../../third_party/thrift -I/home/pei/Project/duckdb-polr/extension/parquet/../../third_party/zstd/include -O3 -DNDEBUG -O3 -DNDEBUG   -fPIC -fdiagnostics-color=always -std=c++11 -MD -MT extension/parquet/CMakeFiles/parquet_extension.dir/__/__/third_party/zstd/compress/zstd_compress.cpp.o -MF extension/parquet/CMakeFiles/parquet_extension.dir/__/__/third_party/zstd/compress/zstd_compress.cpp.o.d -o extension/parquet/CMakeFiles/parquet_extension.dir/__/__/third_party/zstd/compress/zstd_compress.cpp.o -c /home/pei/Project/duckdb-polr/third_party/zstd/compress/zstd_compress.cpp
[149/376] /usr/bin/ccache /usr/lib/ccache/c++ -DDUCKDB_BUILD_LIBRARY -DENABLE_CROSS_PRODUCT_REWRITE=0 -DENABLE_DEBUG_PRINT=0 -DENABLE_MEASURE_EXE_TIME=0 -DENABLE_MERGE_BACK_PLAN=0 -DENABLE_PARALLEL_EXECUTION=0 -DENABLE_QUERY_SPLIT=1 -DENABLE_SPECIFY_EST_STAT=0 -I/home/pei/Project/duckdb-polr/src/include -I/home/pei/Project/duckdb-polr/third_party/fsst -I/home/pei/Project/duckdb-polr/third_party/fmt/include -I/home/pei/Project/duckdb-polr/third_party/hyperloglog -I/home/pei/Project/duckdb-polr/third_party/fastpforlib -I/home/pei/Project/duckdb-polr/third_party/fast_float -I/home/pei/Project/duckdb-polr/third_party/re2 -I/home/pei/Project/duckdb-polr/third_party/miniz -I/home/pei/Project/duckdb-polr/third_party/utf8proc/include -I/home/pei/Project/duckdb-polr/third_party/miniparquet -I/home/pei/Project/duckdb-polr/third_party/concurrentqueue -I/home/pei/Project/duckdb-polr/third_party/pcg -I/home/pei/Project/duckdb-polr/third_party/tdigest -I/home/pei/Project/duckdb-polr/third_party/mbedtls/include -I/home/pei/Project/duckdb-polr/third_party/jaro_winkler -I/home/pei/Project/duckdb-polr/extension/parquet/include -I/home/pei/Project/duckdb-polr/extension/parquet/../../third_party/parquet -I/home/pei/Project/duckdb-polr/extension/parquet/../../third_party/snappy -I/home/pei/Project/duckdb-polr/extension/parquet/../../third_party/miniz -I/home/pei/Project/duckdb-polr/extension/parquet/../../third_party/thrift -I/home/pei/Project/duckdb-polr/extension/parquet/../../third_party/zstd/include -O3 -DNDEBUG -O3 -DNDEBUG   -fPIC -fdiagnostics-color=always -std=c++11 -MD -MT extension/parquet/CMakeFiles/parquet_extension.dir/__/__/third_party/zstd/compress/huf_compress.cpp.o -MF extension/parquet/CMakeFiles/parquet_extension.dir/__/__/third_party/zstd/compress/huf_compress.cpp.o.d -o extension/parquet/CMakeFiles/parquet_extension.dir/__/__/third_party/zstd/compress/huf_compress.cpp.o -c /home/pei/Project/duckdb-polr/third_party/zstd/compress/huf_compress.cpp
[150/376] /usr/bin/ccache /usr/lib/ccache/c++ -DDUCKDB_BUILD_LIBRARY -DENABLE_CROSS_PRODUCT_REWRITE=0 -DENABLE_DEBUG_PRINT=0 -DENABLE_MEASURE_EXE_TIME=0 -DENABLE_MERGE_BACK_PLAN=0 -DENABLE_PARALLEL_EXECUTION=0 -DENABLE_QUERY_SPLIT=1 -DENABLE_SPECIFY_EST_STAT=0 -I/home/pei/Project/duckdb-polr/src/include -I/home/pei/Project/duckdb-polr/third_party/fsst -I/home/pei/Project/duckdb-polr/third_party/fmt/include -I/home/pei/Project/duckdb-polr/third_party/hyperloglog -I/home/pei/Project/duckdb-polr/third_party/fastpforlib -I/home/pei/Project/duckdb-polr/third_party/fast_float -I/home/pei/Project/duckdb-polr/third_party/re2 -I/home/pei/Project/duckdb-polr/third_party/miniz -I/home/pei/Project/duckdb-polr/third_party/utf8proc/include -I/home/pei/Project/duckdb-polr/third_party/miniparquet -I/home/pei/Project/duckdb-polr/third_party/concurrentqueue -I/home/pei/Project/duckdb-polr/third_party/pcg -I/home/pei/Project/duckdb-polr/third_party/tdigest -I/home/pei/Project/duckdb-polr/third_party/mbedtls/include -I/home/pei/Project/duckdb-polr/third_party/jaro_winkler -I/home/pei/Project/duckdb-polr/extension/parquet/include -I/home/pei/Project/duckdb-polr/extension/parquet/../../third_party/parquet -I/home/pei/Project/duckdb-polr/extension/parquet/../../third_party/snappy -I/home/pei/Project/duckdb-polr/extension/parquet/../../third_party/miniz -I/home/pei/Project/duckdb-polr/extension/parquet/../../third_party/thrift -I/home/pei/Project/duckdb-polr/extension/parquet/../../third_party/zstd/include -O3 -DNDEBUG -O3 -DNDEBUG   -fPIC -fdiagnostics-color=always -std=c++11 -MD -MT extension/parquet/CMakeFiles/parquet_extension.dir/__/__/third_party/zstd/compress/zstd_compress_literals.cpp.o -MF extension/parquet/CMakeFiles/parquet_extension.dir/__/__/third_party/zstd/compress/zstd_compress_literals.cpp.o.d -o extension/parquet/CMakeFiles/parquet_extension.dir/__/__/third_party/zstd/compress/zstd_compress_literals.cpp.o -c /home/pei/Project/duckdb-polr/third_party/zstd/compress/zstd_compress_literals.cpp
[151/376] /usr/bin/ccache /usr/lib/ccache/c++ -DDUCKDB_BUILD_LIBRARY -DENABLE_CROSS_PRODUCT_REWRITE=0 -DENABLE_DEBUG_PRINT=0 -DENABLE_MEASURE_EXE_TIME=0 -DENABLE_MERGE_BACK_PLAN=0 -DENABLE_PARALLEL_EXECUTION=0 -DENABLE_QUERY_SPLIT=1 -DENABLE_SPECIFY_EST_STAT=0 -I/home/pei/Project/duckdb-polr/src/include -I/home/pei/Project/duckdb-polr/third_party/fsst -I/home/pei/Project/duckdb-polr/third_party/fmt/include -I/home/pei/Project/duckdb-polr/third_party/hyperloglog -I/home/pei/Project/duckdb-polr/third_party/fastpforlib -I/home/pei/Project/duckdb-polr/third_party/fast_float -I/home/pei/Project/duckdb-polr/third_party/re2 -I/home/pei/Project/duckdb-polr/third_party/miniz -I/home/pei/Project/duckdb-polr/third_party/utf8proc/include -I/home/pei/Project/duckdb-polr/third_party/miniparquet -I/home/pei/Project/duckdb-polr/third_party/concurrentqueue -I/home/pei/Project/duckdb-polr/third_party/pcg -I/home/pei/Project/duckdb-polr/third_party/tdigest -I/home/pei/Project/duckdb-polr/third_party/mbedtls/include -I/home/pei/Project/duckdb-polr/third_party/jaro_winkler -I/home/pei/Project/duckdb-polr/extension/parquet/include -I/home/pei/Project/duckdb-polr/extension/parquet/../../third_party/parquet -I/home/pei/Project/duckdb-polr/extension/parquet/../../third_party/snappy -I/home/pei/Project/duckdb-polr/extension/parquet/../../third_party/miniz -I/home/pei/Project/duckdb-polr/extension/parquet/../../third_party/thrift -I/home/pei/Project/duckdb-polr/extension/parquet/../../third_party/zstd/include -O3 -DNDEBUG -O3 -DNDEBUG   -fPIC -fdiagnostics-color=always -std=c++11 -MD -MT extension/parquet/CMakeFiles/parquet_extension.dir/zstd_file_system.cpp.o -MF extension/parquet/CMakeFiles/parquet_extension.dir/zstd_file_system.cpp.o.d -o extension/parquet/CMakeFiles/parquet_extension.dir/zstd_file_system.cpp.o -c /home/pei/Project/duckdb-polr/extension/parquet/zstd_file_system.cpp
[152/376] /usr/bin/ccache /usr/lib/ccache/c++ -DDUCKDB_BUILD_LIBRARY -DENABLE_CROSS_PRODUCT_REWRITE=0 -DENABLE_DEBUG_PRINT=0 -DENABLE_MEASURE_EXE_TIME=0 -DENABLE_MERGE_BACK_PLAN=0 -DENABLE_PARALLEL_EXECUTION=0 -DENABLE_QUERY_SPLIT=1 -DENABLE_SPECIFY_EST_STAT=0 -I/home/pei/Project/duckdb-polr/src/include -I/home/pei/Project/duckdb-polr/third_party/fsst -I/home/pei/Project/duckdb-polr/third_party/fmt/include -I/home/pei/Project/duckdb-polr/third_party/hyperloglog -I/home/pei/Project/duckdb-polr/third_party/fastpforlib -I/home/pei/Project/duckdb-polr/third_party/fast_float -I/home/pei/Project/duckdb-polr/third_party/re2 -I/home/pei/Project/duckdb-polr/third_party/miniz -I/home/pei/Project/duckdb-polr/third_party/utf8proc/include -I/home/pei/Project/duckdb-polr/third_party/miniparquet -I/home/pei/Project/duckdb-polr/third_party/concurrentqueue -I/home/pei/Project/duckdb-polr/third_party/pcg -I/home/pei/Project/duckdb-polr/third_party/tdigest -I/home/pei/Project/duckdb-polr/third_party/mbedtls/include -I/home/pei/Project/duckdb-polr/third_party/jaro_winkler -I/home/pei/Project/duckdb-polr/extension/parquet/include -I/home/pei/Project/duckdb-polr/extension/parquet/../../third_party/parquet -I/home/pei/Project/duckdb-polr/extension/parquet/../../third_party/snappy -I/home/pei/Project/duckdb-polr/extension/parquet/../../third_party/miniz -I/home/pei/Project/duckdb-polr/extension/parquet/../../third_party/thrift -I/home/pei/Project/duckdb-polr/extension/parquet/../../third_party/zstd/include -O3 -DNDEBUG -O3 -DNDEBUG   -fPIC -fdiagnostics-color=always -std=c++11 -MD -MT extension/parquet/CMakeFiles/parquet_extension.dir/__/__/third_party/zstd/compress/zstd_compress_sequences.cpp.o -MF extension/parquet/CMakeFiles/parquet_extension.dir/__/__/third_party/zstd/compress/zstd_compress_sequences.cpp.o.d -o extension/parquet/CMakeFiles/parquet_extension.dir/__/__/third_party/zstd/compress/zstd_compress_sequences.cpp.o -c /home/pei/Project/duckdb-polr/third_party/zstd/compress/zstd_compress_sequences.cpp
[153/376] /usr/bin/ccache /usr/lib/ccache/c++ -DDUCKDB_BUILD_LIBRARY -DENABLE_CROSS_PRODUCT_REWRITE=0 -DENABLE_DEBUG_PRINT=0 -DENABLE_MEASURE_EXE_TIME=0 -DENABLE_MERGE_BACK_PLAN=0 -DENABLE_PARALLEL_EXECUTION=0 -DENABLE_QUERY_SPLIT=1 -DENABLE_SPECIFY_EST_STAT=0 -I/home/pei/Project/duckdb-polr/src/include -I/home/pei/Project/duckdb-polr/third_party/fsst -I/home/pei/Project/duckdb-polr/third_party/fmt/include -I/home/pei/Project/duckdb-polr/third_party/hyperloglog -I/home/pei/Project/duckdb-polr/third_party/fastpforlib -I/home/pei/Project/duckdb-polr/third_party/fast_float -I/home/pei/Project/duckdb-polr/third_party/re2 -I/home/pei/Project/duckdb-polr/third_party/miniz -I/home/pei/Project/duckdb-polr/third_party/utf8proc/include -I/home/pei/Project/duckdb-polr/third_party/miniparquet -I/home/pei/Project/duckdb-polr/third_party/concurrentqueue -I/home/pei/Project/duckdb-polr/third_party/pcg -I/home/pei/Project/duckdb-polr/third_party/tdigest -I/home/pei/Project/duckdb-polr/third_party/mbedtls/include -I/home/pei/Project/duckdb-polr/third_party/jaro_winkler -I/home/pei/Project/duckdb-polr/extension/parquet/include -I/home/pei/Project/duckdb-polr/extension/parquet/../../third_party/parquet -I/home/pei/Project/duckdb-polr/extension/parquet/../../third_party/snappy -I/home/pei/Project/duckdb-polr/extension/parquet/../../third_party/miniz -I/home/pei/Project/duckdb-polr/extension/parquet/../../third_party/thrift -I/home/pei/Project/duckdb-polr/extension/parquet/../../third_party/zstd/include -O3 -DNDEBUG -O3 -DNDEBUG   -fPIC -fdiagnostics-color=always -std=c++11 -MD -MT extension/parquet/CMakeFiles/parquet_extension.dir/__/__/third_party/zstd/compress/zstd_compress_superblock.cpp.o -MF extension/parquet/CMakeFiles/parquet_extension.dir/__/__/third_party/zstd/compress/zstd_compress_superblock.cpp.o.d -o extension/parquet/CMakeFiles/parquet_extension.dir/__/__/third_party/zstd/compress/zstd_compress_superblock.cpp.o -c /home/pei/Project/duckdb-polr/third_party/zstd/compress/zstd_compress_superblock.cpp
[154/376] /usr/bin/ccache /usr/lib/ccache/c++ -DDUCKDB_BUILD_LIBRARY -DENABLE_CROSS_PRODUCT_REWRITE=0 -DENABLE_DEBUG_PRINT=0 -DENABLE_MEASURE_EXE_TIME=0 -DENABLE_MERGE_BACK_PLAN=0 -DENABLE_PARALLEL_EXECUTION=0 -DENABLE_QUERY_SPLIT=1 -DENABLE_SPECIFY_EST_STAT=0 -I/home/pei/Project/duckdb-polr/src/include -I/home/pei/Project/duckdb-polr/third_party/fsst -I/home/pei/Project/duckdb-polr/third_party/fmt/include -I/home/pei/Project/duckdb-polr/third_party/hyperloglog -I/home/pei/Project/duckdb-polr/third_party/fastpforlib -I/home/pei/Project/duckdb-polr/third_party/fast_float -I/home/pei/Project/duckdb-polr/third_party/re2 -I/home/pei/Project/duckdb-polr/third_party/miniz -I/home/pei/Project/duckdb-polr/third_party/utf8proc/include -I/home/pei/Project/duckdb-polr/third_party/miniparquet -I/home/pei/Project/duckdb-polr/third_party/concurrentqueue -I/home/pei/Project/duckdb-polr/third_party/pcg -I/home/pei/Project/duckdb-polr/third_party/tdigest -I/home/pei/Project/duckdb-polr/third_party/mbedtls/include -I/home/pei/Project/duckdb-polr/third_party/jaro_winkler -I/home/pei/Project/duckdb-polr/extension/parquet/include -I/home/pei/Project/duckdb-polr/extension/parquet/../../third_party/parquet -I/home/pei/Project/duckdb-polr/extension/parquet/../../third_party/snappy -I/home/pei/Project/duckdb-polr/extension/parquet/../../third_party/miniz -I/home/pei/Project/duckdb-polr/extension/parquet/../../third_party/thrift -I/home/pei/Project/duckdb-polr/extension/parquet/../../third_party/zstd/include -O3 -DNDEBUG -O3 -DNDEBUG   -fPIC -fdiagnostics-color=always -std=c++11 -MD -MT extension/parquet/CMakeFiles/parquet_extension.dir/__/__/third_party/zstd/compress/zstd_double_fast.cpp.o -MF extension/parquet/CMakeFiles/parquet_extension.dir/__/__/third_party/zstd/compress/zstd_double_fast.cpp.o.d -o extension/parquet/CMakeFiles/parquet_extension.dir/__/__/third_party/zstd/compress/zstd_double_fast.cpp.o -c /home/pei/Project/duckdb-polr/third_party/zstd/compress/zstd_double_fast.cpp
[155/376] /usr/bin/ccache /usr/lib/ccache/c++ -DDUCKDB_BUILD_LIBRARY -DENABLE_CROSS_PRODUCT_REWRITE=0 -DENABLE_DEBUG_PRINT=0 -DENABLE_MEASURE_EXE_TIME=0 -DENABLE_MERGE_BACK_PLAN=0 -DENABLE_PARALLEL_EXECUTION=0 -DENABLE_QUERY_SPLIT=1 -DENABLE_SPECIFY_EST_STAT=0 -I/home/pei/Project/duckdb-polr/src/include -I/home/pei/Project/duckdb-polr/third_party/fsst -I/home/pei/Project/duckdb-polr/third_party/fmt/include -I/home/pei/Project/duckdb-polr/third_party/hyperloglog -I/home/pei/Project/duckdb-polr/third_party/fastpforlib -I/home/pei/Project/duckdb-polr/third_party/fast_float -I/home/pei/Project/duckdb-polr/third_party/re2 -I/home/pei/Project/duckdb-polr/third_party/miniz -I/home/pei/Project/duckdb-polr/third_party/utf8proc/include -I/home/pei/Project/duckdb-polr/third_party/miniparquet -I/home/pei/Project/duckdb-polr/third_party/concurrentqueue -I/home/pei/Project/duckdb-polr/third_party/pcg -I/home/pei/Project/duckdb-polr/third_party/tdigest -I/home/pei/Project/duckdb-polr/third_party/mbedtls/include -I/home/pei/Project/duckdb-polr/third_party/jaro_winkler -I/home/pei/Project/duckdb-polr/extension/parquet/include -I/home/pei/Project/duckdb-polr/extension/parquet/../../third_party/parquet -I/home/pei/Project/duckdb-polr/extension/parquet/../../third_party/snappy -I/home/pei/Project/duckdb-polr/extension/parquet/../../third_party/miniz -I/home/pei/Project/duckdb-polr/extension/parquet/../../third_party/thrift -I/home/pei/Project/duckdb-polr/extension/parquet/../../third_party/zstd/include -O3 -DNDEBUG -O3 -DNDEBUG   -fPIC -fdiagnostics-color=always -std=c++11 -MD -MT extension/parquet/CMakeFiles/parquet_extension.dir/__/__/third_party/zstd/compress/zstd_fast.cpp.o -MF extension/parquet/CMakeFiles/parquet_extension.dir/__/__/third_party/zstd/compress/zstd_fast.cpp.o.d -o extension/parquet/CMakeFiles/parquet_extension.dir/__/__/third_party/zstd/compress/zstd_fast.cpp.o -c /home/pei/Project/duckdb-polr/third_party/zstd/compress/zstd_fast.cpp
[156/376] /usr/bin/ccache /usr/lib/ccache/c++ -DDUCKDB_BUILD_LIBRARY -DENABLE_CROSS_PRODUCT_REWRITE=0 -DENABLE_DEBUG_PRINT=0 -DENABLE_MEASURE_EXE_TIME=0 -DENABLE_MERGE_BACK_PLAN=0 -DENABLE_PARALLEL_EXECUTION=0 -DENABLE_QUERY_SPLIT=1 -DENABLE_SPECIFY_EST_STAT=0 -I/home/pei/Project/duckdb-polr/src/include -I/home/pei/Project/duckdb-polr/third_party/fsst -I/home/pei/Project/duckdb-polr/third_party/fmt/include -I/home/pei/Project/duckdb-polr/third_party/hyperloglog -I/home/pei/Project/duckdb-polr/third_party/fastpforlib -I/home/pei/Project/duckdb-polr/third_party/fast_float -I/home/pei/Project/duckdb-polr/third_party/re2 -I/home/pei/Project/duckdb-polr/third_party/miniz -I/home/pei/Project/duckdb-polr/third_party/utf8proc/include -I/home/pei/Project/duckdb-polr/third_party/miniparquet -I/home/pei/Project/duckdb-polr/third_party/concurrentqueue -I/home/pei/Project/duckdb-polr/third_party/pcg -I/home/pei/Project/duckdb-polr/third_party/tdigest -I/home/pei/Project/duckdb-polr/third_party/mbedtls/include -I/home/pei/Project/duckdb-polr/third_party/jaro_winkler -I/home/pei/Project/duckdb-polr/extension/parquet/include -I/home/pei/Project/duckdb-polr/extension/parquet/../../third_party/parquet -I/home/pei/Project/duckdb-polr/extension/parquet/../../third_party/snappy -I/home/pei/Project/duckdb-polr/extension/parquet/../../third_party/miniz -I/home/pei/Project/duckdb-polr/extension/parquet/../../third_party/thrift -I/home/pei/Project/duckdb-polr/extension/parquet/../../third_party/zstd/include -O3 -DNDEBUG -O3 -DNDEBUG   -fPIC -fdiagnostics-color=always -std=c++11 -MD -MT extension/parquet/CMakeFiles/parquet_extension.dir/__/__/third_party/zstd/compress/zstd_lazy.cpp.o -MF extension/parquet/CMakeFiles/parquet_extension.dir/__/__/third_party/zstd/compress/zstd_lazy.cpp.o.d -o extension/parquet/CMakeFiles/parquet_extension.dir/__/__/third_party/zstd/compress/zstd_lazy.cpp.o -c /home/pei/Project/duckdb-polr/third_party/zstd/compress/zstd_lazy.cpp
[157/376] /usr/bin/ccache /usr/lib/ccache/c++ -DDUCKDB_BUILD_LIBRARY -DENABLE_CROSS_PRODUCT_REWRITE=0 -DENABLE_DEBUG_PRINT=0 -DENABLE_MEASURE_EXE_TIME=0 -DENABLE_MERGE_BACK_PLAN=0 -DENABLE_PARALLEL_EXECUTION=0 -DENABLE_QUERY_SPLIT=1 -DENABLE_SPECIFY_EST_STAT=0 -I/home/pei/Project/duckdb-polr/src/include -I/home/pei/Project/duckdb-polr/third_party/fsst -I/home/pei/Project/duckdb-polr/third_party/fmt/include -I/home/pei/Project/duckdb-polr/third_party/hyperloglog -I/home/pei/Project/duckdb-polr/third_party/fastpforlib -I/home/pei/Project/duckdb-polr/third_party/fast_float -I/home/pei/Project/duckdb-polr/third_party/re2 -I/home/pei/Project/duckdb-polr/third_party/miniz -I/home/pei/Project/duckdb-polr/third_party/utf8proc/include -I/home/pei/Project/duckdb-polr/third_party/miniparquet -I/home/pei/Project/duckdb-polr/third_party/concurrentqueue -I/home/pei/Project/duckdb-polr/third_party/pcg -I/home/pei/Project/duckdb-polr/third_party/tdigest -I/home/pei/Project/duckdb-polr/third_party/mbedtls/include -I/home/pei/Project/duckdb-polr/third_party/jaro_winkler -I/home/pei/Project/duckdb-polr/extension/parquet/include -I/home/pei/Project/duckdb-polr/extension/parquet/../../third_party/parquet -I/home/pei/Project/duckdb-polr/extension/parquet/../../third_party/snappy -I/home/pei/Project/duckdb-polr/extension/parquet/../../third_party/miniz -I/home/pei/Project/duckdb-polr/extension/parquet/../../third_party/thrift -I/home/pei/Project/duckdb-polr/extension/parquet/../../third_party/zstd/include -O3 -DNDEBUG -O3 -DNDEBUG   -fPIC -fdiagnostics-color=always -std=c++11 -MD -MT extension/parquet/CMakeFiles/parquet_extension.dir/__/__/third_party/zstd/compress/zstd_opt.cpp.o -MF extension/parquet/CMakeFiles/parquet_extension.dir/__/__/third_party/zstd/compress/zstd_opt.cpp.o.d -o extension/parquet/CMakeFiles/parquet_extension.dir/__/__/third_party/zstd/compress/zstd_opt.cpp.o -c /home/pei/Project/duckdb-polr/third_party/zstd/compress/zstd_opt.cpp
[158/376] /usr/bin/ccache /usr/lib/ccache/c++ -DDUCKDB_BUILD_LIBRARY -DENABLE_CROSS_PRODUCT_REWRITE=0 -DENABLE_DEBUG_PRINT=0 -DENABLE_MEASURE_EXE_TIME=0 -DENABLE_MERGE_BACK_PLAN=0 -DENABLE_PARALLEL_EXECUTION=0 -DENABLE_QUERY_SPLIT=1 -DENABLE_SPECIFY_EST_STAT=0 -I/home/pei/Project/duckdb-polr/src/include -I/home/pei/Project/duckdb-polr/third_party/fsst -I/home/pei/Project/duckdb-polr/third_party/fmt/include -I/home/pei/Project/duckdb-polr/third_party/hyperloglog -I/home/pei/Project/duckdb-polr/third_party/fastpforlib -I/home/pei/Project/duckdb-polr/third_party/fast_float -I/home/pei/Project/duckdb-polr/third_party/re2 -I/home/pei/Project/duckdb-polr/third_party/miniz -I/home/pei/Project/duckdb-polr/third_party/utf8proc/include -I/home/pei/Project/duckdb-polr/third_party/miniparquet -I/home/pei/Project/duckdb-polr/third_party/concurrentqueue -I/home/pei/Project/duckdb-polr/third_party/pcg -I/home/pei/Project/duckdb-polr/third_party/tdigest -I/home/pei/Project/duckdb-polr/third_party/mbedtls/include -I/home/pei/Project/duckdb-polr/third_party/jaro_winkler -I/home/pei/Project/duckdb-polr/extension/parquet/include -I/home/pei/Project/duckdb-polr/extension/parquet/../../third_party/parquet -I/home/pei/Project/duckdb-polr/extension/parquet/../../third_party/snappy -I/home/pei/Project/duckdb-polr/extension/parquet/../../third_party/miniz -I/home/pei/Project/duckdb-polr/extension/parquet/../../third_party/thrift -I/home/pei/Project/duckdb-polr/extension/parquet/../../third_party/zstd/include -O3 -DNDEBUG -O3 -DNDEBUG   -fPIC -fdiagnostics-color=always -std=c++11 -MD -MT extension/parquet/CMakeFiles/parquet_extension.dir/__/__/third_party/zstd/compress/zstd_ldm.cpp.o -MF extension/parquet/CMakeFiles/parquet_extension.dir/__/__/third_party/zstd/compress/zstd_ldm.cpp.o.d -o extension/parquet/CMakeFiles/parquet_extension.dir/__/__/third_party/zstd/compress/zstd_ldm.cpp.o -c /home/pei/Project/duckdb-polr/third_party/zstd/compress/zstd_ldm.cpp
[159/376] /usr/bin/ccache /usr/lib/ccache/c++ -DDUCKDB_BUILD_LIBRARY -DENABLE_CROSS_PRODUCT_REWRITE=0 -DENABLE_DEBUG_PRINT=0 -DENABLE_MEASURE_EXE_TIME=0 -DENABLE_MERGE_BACK_PLAN=0 -DENABLE_PARALLEL_EXECUTION=0 -DENABLE_QUERY_SPLIT=1 -DENABLE_SPECIFY_EST_STAT=0 -I/home/pei/Project/duckdb-polr/src/include -I/home/pei/Project/duckdb-polr/third_party/fsst -I/home/pei/Project/duckdb-polr/third_party/fmt/include -I/home/pei/Project/duckdb-polr/third_party/hyperloglog -I/home/pei/Project/duckdb-polr/third_party/fastpforlib -I/home/pei/Project/duckdb-polr/third_party/fast_float -I/home/pei/Project/duckdb-polr/third_party/re2 -I/home/pei/Project/duckdb-polr/third_party/miniz -I/home/pei/Project/duckdb-polr/third_party/utf8proc/include -I/home/pei/Project/duckdb-polr/third_party/miniparquet -I/home/pei/Project/duckdb-polr/third_party/concurrentqueue -I/home/pei/Project/duckdb-polr/third_party/pcg -I/home/pei/Project/duckdb-polr/third_party/tdigest -I/home/pei/Project/duckdb-polr/third_party/mbedtls/include -I/home/pei/Project/duckdb-polr/third_party/jaro_winkler -I/home/pei/Project/duckdb-polr/extension/parquet/include -I/home/pei/Project/duckdb-polr/extension/parquet/../../third_party/parquet -I/home/pei/Project/duckdb-polr/extension/parquet/../../third_party/snappy -I/home/pei/Project/duckdb-polr/extension/parquet/../../third_party/miniz -I/home/pei/Project/duckdb-polr/extension/parquet/../../third_party/thrift -I/home/pei/Project/duckdb-polr/extension/parquet/../../third_party/zstd/include -O3 -DNDEBUG -O3 -DNDEBUG   -fPIC -fdiagnostics-color=always -std=c++11 -MD -MT extension/parquet/CMakeFiles/parquet_extension.dir/parquet_statistics.cpp.o -MF extension/parquet/CMakeFiles/parquet_extension.dir/parquet_statistics.cpp.o.d -o extension/parquet/CMakeFiles/parquet_extension.dir/parquet_statistics.cpp.o -c /home/pei/Project/duckdb-polr/extension/parquet/parquet_statistics.cpp
[160/376] /usr/bin/ccache /usr/lib/ccache/c++ -DDUCKDB_BUILD_LIBRARY -DDUCKDB_BUILD_LOADABLE_EXTENSION -DENABLE_CROSS_PRODUCT_REWRITE=0 -DENABLE_DEBUG_PRINT=0 -DENABLE_MEASURE_EXE_TIME=0 -DENABLE_MERGE_BACK_PLAN=0 -DENABLE_PARALLEL_EXECUTION=0 -DENABLE_QUERY_SPLIT=1 -DENABLE_SPECIFY_EST_STAT=0 -I/home/pei/Project/duckdb-polr/src/include -I/home/pei/Project/duckdb-polr/third_party/fsst -I/home/pei/Project/duckdb-polr/third_party/fmt/include -I/home/pei/Project/duckdb-polr/third_party/hyperloglog -I/home/pei/Project/duckdb-polr/third_party/fastpforlib -I/home/pei/Project/duckdb-polr/third_party/fast_float -I/home/pei/Project/duckdb-polr/third_party/re2 -I/home/pei/Project/duckdb-polr/third_party/miniz -I/home/pei/Project/duckdb-polr/third_party/utf8proc/include -I/home/pei/Project/duckdb-polr/third_party/miniparquet -I/home/pei/Project/duckdb-polr/third_party/concurrentqueue -I/home/pei/Project/duckdb-polr/third_party/pcg -I/home/pei/Project/duckdb-polr/third_party/tdigest -I/home/pei/Project/duckdb-polr/third_party/mbedtls/include -I/home/pei/Project/duckdb-polr/third_party/jaro_winkler -I/home/pei/Project/duckdb-polr/extension/parquet/include -I/home/pei/Project/duckdb-polr/extension/parquet/../../third_party/parquet -I/home/pei/Project/duckdb-polr/extension/parquet/../../third_party/snappy -I/home/pei/Project/duckdb-polr/extension/parquet/../../third_party/miniz -I/home/pei/Project/duckdb-polr/extension/parquet/../../third_party/thrift -I/home/pei/Project/duckdb-polr/extension/parquet/../../third_party/zstd/include -O3 -DNDEBUG -O3 -DNDEBUG   -fPIC -fdiagnostics-color=always -std=c++11 -MD -MT extension/parquet/CMakeFiles/parquet_loadable_extension.dir/parquet_timestamp.cpp.o -MF extension/parquet/CMakeFiles/parquet_loadable_extension.dir/parquet_timestamp.cpp.o.d -o extension/parquet/CMakeFiles/parquet_loadable_extension.dir/parquet_timestamp.cpp.o -c /home/pei/Project/duckdb-polr/extension/parquet/parquet_timestamp.cpp
[161/376] /usr/bin/ccache /usr/lib/ccache/c++ -DDUCKDB_BUILD_LIBRARY -DENABLE_CROSS_PRODUCT_REWRITE=0 -DENABLE_DEBUG_PRINT=0 -DENABLE_MEASURE_EXE_TIME=0 -DENABLE_MERGE_BACK_PLAN=0 -DENABLE_PARALLEL_EXECUTION=0 -DENABLE_QUERY_SPLIT=1 -DENABLE_SPECIFY_EST_STAT=0 -I/home/pei/Project/duckdb-polr/src/include -I/home/pei/Project/duckdb-polr/third_party/fsst -I/home/pei/Project/duckdb-polr/third_party/fmt/include -I/home/pei/Project/duckdb-polr/third_party/hyperloglog -I/home/pei/Project/duckdb-polr/third_party/fastpforlib -I/home/pei/Project/duckdb-polr/third_party/fast_float -I/home/pei/Project/duckdb-polr/third_party/re2 -I/home/pei/Project/duckdb-polr/third_party/miniz -I/home/pei/Project/duckdb-polr/third_party/utf8proc/include -I/home/pei/Project/duckdb-polr/third_party/miniparquet -I/home/pei/Project/duckdb-polr/third_party/concurrentqueue -I/home/pei/Project/duckdb-polr/third_party/pcg -I/home/pei/Project/duckdb-polr/third_party/tdigest -I/home/pei/Project/duckdb-polr/third_party/mbedtls/include -I/home/pei/Project/duckdb-polr/third_party/jaro_winkler -I/home/pei/Project/duckdb-polr/extension/parquet/include -I/home/pei/Project/duckdb-polr/extension/parquet/../../third_party/parquet -I/home/pei/Project/duckdb-polr/extension/parquet/../../third_party/snappy -I/home/pei/Project/duckdb-polr/extension/parquet/../../third_party/miniz -I/home/pei/Project/duckdb-polr/extension/parquet/../../third_party/thrift -I/home/pei/Project/duckdb-polr/extension/parquet/../../third_party/zstd/include -O3 -DNDEBUG -O3 -DNDEBUG   -fPIC -fdiagnostics-color=always -std=c++11 -MD -MT extension/parquet/CMakeFiles/parquet_extension.dir/parquet_metadata.cpp.o -MF extension/parquet/CMakeFiles/parquet_extension.dir/parquet_metadata.cpp.o.d -o extension/parquet/CMakeFiles/parquet_extension.dir/parquet_metadata.cpp.o -c /home/pei/Project/duckdb-polr/extension/parquet/parquet_metadata.cpp
[162/376] /usr/bin/ccache /usr/lib/ccache/c++ -DDUCKDB_BUILD_LIBRARY -DDUCKDB_BUILD_LOADABLE_EXTENSION -DENABLE_CROSS_PRODUCT_REWRITE=0 -DENABLE_DEBUG_PRINT=0 -DENABLE_MEASURE_EXE_TIME=0 -DENABLE_MERGE_BACK_PLAN=0 -DENABLE_PARALLEL_EXECUTION=0 -DENABLE_QUERY_SPLIT=1 -DENABLE_SPECIFY_EST_STAT=0 -I/home/pei/Project/duckdb-polr/src/include -I/home/pei/Project/duckdb-polr/third_party/fsst -I/home/pei/Project/duckdb-polr/third_party/fmt/include -I/home/pei/Project/duckdb-polr/third_party/hyperloglog -I/home/pei/Project/duckdb-polr/third_party/fastpforlib -I/home/pei/Project/duckdb-polr/third_party/fast_float -I/home/pei/Project/duckdb-polr/third_party/re2 -I/home/pei/Project/duckdb-polr/third_party/miniz -I/home/pei/Project/duckdb-polr/third_party/utf8proc/include -I/home/pei/Project/duckdb-polr/third_party/miniparquet -I/home/pei/Project/duckdb-polr/third_party/concurrentqueue -I/home/pei/Project/duckdb-polr/third_party/pcg -I/home/pei/Project/duckdb-polr/third_party/tdigest -I/home/pei/Project/duckdb-polr/third_party/mbedtls/include -I/home/pei/Project/duckdb-polr/third_party/jaro_winkler -I/home/pei/Project/duckdb-polr/extension/parquet/include -I/home/pei/Project/duckdb-polr/extension/parquet/../../third_party/parquet -I/home/pei/Project/duckdb-polr/extension/parquet/../../third_party/snappy -I/home/pei/Project/duckdb-polr/extension/parquet/../../third_party/miniz -I/home/pei/Project/duckdb-polr/extension/parquet/../../third_party/thrift -I/home/pei/Project/duckdb-polr/extension/parquet/../../third_party/zstd/include -O3 -DNDEBUG -O3 -DNDEBUG   -fPIC -fdiagnostics-color=always -std=c++11 -MD -MT extension/parquet/CMakeFiles/parquet_loadable_extension.dir/parquet_statistics.cpp.o -MF extension/parquet/CMakeFiles/parquet_loadable_extension.dir/parquet_statistics.cpp.o.d -o extension/parquet/CMakeFiles/parquet_loadable_extension.dir/parquet_statistics.cpp.o -c /home/pei/Project/duckdb-polr/extension/parquet/parquet_statistics.cpp
[163/376] /usr/bin/ccache /usr/lib/ccache/c++ -DDUCKDB_BUILD_LIBRARY -DDUCKDB_BUILD_LOADABLE_EXTENSION -DENABLE_CROSS_PRODUCT_REWRITE=0 -DENABLE_DEBUG_PRINT=0 -DENABLE_MEASURE_EXE_TIME=0 -DENABLE_MERGE_BACK_PLAN=0 -DENABLE_PARALLEL_EXECUTION=0 -DENABLE_QUERY_SPLIT=1 -DENABLE_SPECIFY_EST_STAT=0 -I/home/pei/Project/duckdb-polr/src/include -I/home/pei/Project/duckdb-polr/third_party/fsst -I/home/pei/Project/duckdb-polr/third_party/fmt/include -I/home/pei/Project/duckdb-polr/third_party/hyperloglog -I/home/pei/Project/duckdb-polr/third_party/fastpforlib -I/home/pei/Project/duckdb-polr/third_party/fast_float -I/home/pei/Project/duckdb-polr/third_party/re2 -I/home/pei/Project/duckdb-polr/third_party/miniz -I/home/pei/Project/duckdb-polr/third_party/utf8proc/include -I/home/pei/Project/duckdb-polr/third_party/miniparquet -I/home/pei/Project/duckdb-polr/third_party/concurrentqueue -I/home/pei/Project/duckdb-polr/third_party/pcg -I/home/pei/Project/duckdb-polr/third_party/tdigest -I/home/pei/Project/duckdb-polr/third_party/mbedtls/include -I/home/pei/Project/duckdb-polr/third_party/jaro_winkler -I/home/pei/Project/duckdb-polr/extension/parquet/include -I/home/pei/Project/duckdb-polr/extension/parquet/../../third_party/parquet -I/home/pei/Project/duckdb-polr/extension/parquet/../../third_party/snappy -I/home/pei/Project/duckdb-polr/extension/parquet/../../third_party/miniz -I/home/pei/Project/duckdb-polr/extension/parquet/../../third_party/thrift -I/home/pei/Project/duckdb-polr/extension/parquet/../../third_party/zstd/include -O3 -DNDEBUG -O3 -DNDEBUG   -fPIC -fdiagnostics-color=always -std=c++11 -MD -MT extension/parquet/CMakeFiles/parquet_loadable_extension.dir/zstd_file_system.cpp.o -MF extension/parquet/CMakeFiles/parquet_loadable_extension.dir/zstd_file_system.cpp.o.d -o extension/parquet/CMakeFiles/parquet_loadable_extension.dir/zstd_file_system.cpp.o -c /home/pei/Project/duckdb-polr/extension/parquet/zstd_file_system.cpp
[164/376] /usr/bin/ccache /usr/lib/ccache/c++ -DDUCKDB_BUILD_LIBRARY -DENABLE_CROSS_PRODUCT_REWRITE=0 -DENABLE_DEBUG_PRINT=0 -DENABLE_MEASURE_EXE_TIME=0 -DENABLE_MERGE_BACK_PLAN=0 -DENABLE_PARALLEL_EXECUTION=0 -DENABLE_QUERY_SPLIT=1 -DENABLE_SPECIFY_EST_STAT=0 -I/home/pei/Project/duckdb-polr/src/include -I/home/pei/Project/duckdb-polr/third_party/fsst -I/home/pei/Project/duckdb-polr/third_party/fmt/include -I/home/pei/Project/duckdb-polr/third_party/hyperloglog -I/home/pei/Project/duckdb-polr/third_party/fastpforlib -I/home/pei/Project/duckdb-polr/third_party/fast_float -I/home/pei/Project/duckdb-polr/third_party/re2 -I/home/pei/Project/duckdb-polr/third_party/miniz -I/home/pei/Project/duckdb-polr/third_party/utf8proc/include -I/home/pei/Project/duckdb-polr/third_party/miniparquet -I/home/pei/Project/duckdb-polr/third_party/concurrentqueue -I/home/pei/Project/duckdb-polr/third_party/pcg -I/home/pei/Project/duckdb-polr/third_party/tdigest -I/home/pei/Project/duckdb-polr/third_party/mbedtls/include -I/home/pei/Project/duckdb-polr/third_party/jaro_winkler -I/home/pei/Project/duckdb-polr/extension/parquet/include -I/home/pei/Project/duckdb-polr/extension/parquet/../../third_party/parquet -I/home/pei/Project/duckdb-polr/extension/parquet/../../third_party/snappy -I/home/pei/Project/duckdb-polr/extension/parquet/../../third_party/miniz -I/home/pei/Project/duckdb-polr/extension/parquet/../../third_party/thrift -I/home/pei/Project/duckdb-polr/extension/parquet/../../third_party/zstd/include -O3 -DNDEBUG -O3 -DNDEBUG   -fPIC -fdiagnostics-color=always -std=c++11 -MD -MT extension/parquet/CMakeFiles/parquet_extension.dir/parquet_writer.cpp.o -MF extension/parquet/CMakeFiles/parquet_extension.dir/parquet_writer.cpp.o.d -o extension/parquet/CMakeFiles/parquet_extension.dir/parquet_writer.cpp.o -c /home/pei/Project/duckdb-polr/extension/parquet/parquet_writer.cpp
[165/376] /usr/bin/ccache /usr/lib/ccache/c++ -DDUCKDB_BUILD_LIBRARY -DDUCKDB_BUILD_LOADABLE_EXTENSION -DENABLE_CROSS_PRODUCT_REWRITE=0 -DENABLE_DEBUG_PRINT=0 -DENABLE_MEASURE_EXE_TIME=0 -DENABLE_MERGE_BACK_PLAN=0 -DENABLE_PARALLEL_EXECUTION=0 -DENABLE_QUERY_SPLIT=1 -DENABLE_SPECIFY_EST_STAT=0 -I/home/pei/Project/duckdb-polr/src/include -I/home/pei/Project/duckdb-polr/third_party/fsst -I/home/pei/Project/duckdb-polr/third_party/fmt/include -I/home/pei/Project/duckdb-polr/third_party/hyperloglog -I/home/pei/Project/duckdb-polr/third_party/fastpforlib -I/home/pei/Project/duckdb-polr/third_party/fast_float -I/home/pei/Project/duckdb-polr/third_party/re2 -I/home/pei/Project/duckdb-polr/third_party/miniz -I/home/pei/Project/duckdb-polr/third_party/utf8proc/include -I/home/pei/Project/duckdb-polr/third_party/miniparquet -I/home/pei/Project/duckdb-polr/third_party/concurrentqueue -I/home/pei/Project/duckdb-polr/third_party/pcg -I/home/pei/Project/duckdb-polr/third_party/tdigest -I/home/pei/Project/duckdb-polr/third_party/mbedtls/include -I/home/pei/Project/duckdb-polr/third_party/jaro_winkler -I/home/pei/Project/duckdb-polr/extension/parquet/include -I/home/pei/Project/duckdb-polr/extension/parquet/../../third_party/parquet -I/home/pei/Project/duckdb-polr/extension/parquet/../../third_party/snappy -I/home/pei/Project/duckdb-polr/extension/parquet/../../third_party/miniz -I/home/pei/Project/duckdb-polr/extension/parquet/../../third_party/thrift -I/home/pei/Project/duckdb-polr/extension/parquet/../../third_party/zstd/include -O3 -DNDEBUG -O3 -DNDEBUG   -fPIC -fdiagnostics-color=always -std=c++11 -MD -MT extension/parquet/CMakeFiles/parquet_loadable_extension.dir/__/__/third_party/parquet/parquet_constants.cpp.o -MF extension/parquet/CMakeFiles/parquet_loadable_extension.dir/__/__/third_party/parquet/parquet_constants.cpp.o.d -o extension/parquet/CMakeFiles/parquet_loadable_extension.dir/__/__/third_party/parquet/parquet_constants.cpp.o -c /home/pei/Project/duckdb-polr/third_party/parquet/parquet_constants.cpp
[166/376] /usr/bin/ccache /usr/lib/ccache/c++ -DDUCKDB_BUILD_LIBRARY -DENABLE_CROSS_PRODUCT_REWRITE=0 -DENABLE_DEBUG_PRINT=0 -DENABLE_MEASURE_EXE_TIME=0 -DENABLE_MERGE_BACK_PLAN=0 -DENABLE_PARALLEL_EXECUTION=0 -DENABLE_QUERY_SPLIT=1 -DENABLE_SPECIFY_EST_STAT=0 -I/home/pei/Project/duckdb-polr/src/include -I/home/pei/Project/duckdb-polr/third_party/fsst -I/home/pei/Project/duckdb-polr/third_party/fmt/include -I/home/pei/Project/duckdb-polr/third_party/hyperloglog -I/home/pei/Project/duckdb-polr/third_party/fastpforlib -I/home/pei/Project/duckdb-polr/third_party/fast_float -I/home/pei/Project/duckdb-polr/third_party/re2 -I/home/pei/Project/duckdb-polr/third_party/miniz -I/home/pei/Project/duckdb-polr/third_party/utf8proc/include -I/home/pei/Project/duckdb-polr/third_party/miniparquet -I/home/pei/Project/duckdb-polr/third_party/concurrentqueue -I/home/pei/Project/duckdb-polr/third_party/pcg -I/home/pei/Project/duckdb-polr/third_party/tdigest -I/home/pei/Project/duckdb-polr/third_party/mbedtls/include -I/home/pei/Project/duckdb-polr/third_party/jaro_winkler -I/home/pei/Project/duckdb-polr/extension/parquet/include -I/home/pei/Project/duckdb-polr/extension/parquet/../../third_party/parquet -I/home/pei/Project/duckdb-polr/extension/parquet/../../third_party/snappy -I/home/pei/Project/duckdb-polr/extension/parquet/../../third_party/miniz -I/home/pei/Project/duckdb-polr/extension/parquet/../../third_party/thrift -I/home/pei/Project/duckdb-polr/extension/parquet/../../third_party/zstd/include -O3 -DNDEBUG -O3 -DNDEBUG   -fPIC -fdiagnostics-color=always -std=c++11 -MD -MT extension/parquet/CMakeFiles/parquet_extension.dir/column_writer.cpp.o -MF extension/parquet/CMakeFiles/parquet_extension.dir/column_writer.cpp.o.d -o extension/parquet/CMakeFiles/parquet_extension.dir/column_writer.cpp.o -c /home/pei/Project/duckdb-polr/extension/parquet/column_writer.cpp
[167/376] /usr/bin/ccache /usr/lib/ccache/c++ -DDUCKDB_BUILD_LIBRARY -DDUCKDB_BUILD_LOADABLE_EXTENSION -DENABLE_CROSS_PRODUCT_REWRITE=0 -DENABLE_DEBUG_PRINT=0 -DENABLE_MEASURE_EXE_TIME=0 -DENABLE_MERGE_BACK_PLAN=0 -DENABLE_PARALLEL_EXECUTION=0 -DENABLE_QUERY_SPLIT=1 -DENABLE_SPECIFY_EST_STAT=0 -I/home/pei/Project/duckdb-polr/src/include -I/home/pei/Project/duckdb-polr/third_party/fsst -I/home/pei/Project/duckdb-polr/third_party/fmt/include -I/home/pei/Project/duckdb-polr/third_party/hyperloglog -I/home/pei/Project/duckdb-polr/third_party/fastpforlib -I/home/pei/Project/duckdb-polr/third_party/fast_float -I/home/pei/Project/duckdb-polr/third_party/re2 -I/home/pei/Project/duckdb-polr/third_party/miniz -I/home/pei/Project/duckdb-polr/third_party/utf8proc/include -I/home/pei/Project/duckdb-polr/third_party/miniparquet -I/home/pei/Project/duckdb-polr/third_party/concurrentqueue -I/home/pei/Project/duckdb-polr/third_party/pcg -I/home/pei/Project/duckdb-polr/third_party/tdigest -I/home/pei/Project/duckdb-polr/third_party/mbedtls/include -I/home/pei/Project/duckdb-polr/third_party/jaro_winkler -I/home/pei/Project/duckdb-polr/extension/parquet/include -I/home/pei/Project/duckdb-polr/extension/parquet/../../third_party/parquet -I/home/pei/Project/duckdb-polr/extension/parquet/../../third_party/snappy -I/home/pei/Project/duckdb-polr/extension/parquet/../../third_party/miniz -I/home/pei/Project/duckdb-polr/extension/parquet/../../third_party/thrift -I/home/pei/Project/duckdb-polr/extension/parquet/../../third_party/zstd/include -O3 -DNDEBUG -O3 -DNDEBUG   -fPIC -fdiagnostics-color=always -std=c++11 -MD -MT extension/parquet/CMakeFiles/parquet_loadable_extension.dir/__/__/third_party/parquet/parquet_types.cpp.o -MF extension/parquet/CMakeFiles/parquet_loadable_extension.dir/__/__/third_party/parquet/parquet_types.cpp.o.d -o extension/parquet/CMakeFiles/parquet_loadable_extension.dir/__/__/third_party/parquet/parquet_types.cpp.o -c /home/pei/Project/duckdb-polr/third_party/parquet/parquet_types.cpp
[168/376] /usr/bin/ccache /usr/lib/ccache/c++ -DDUCKDB_BUILD_LIBRARY -DDUCKDB_BUILD_LOADABLE_EXTENSION -DENABLE_CROSS_PRODUCT_REWRITE=0 -DENABLE_DEBUG_PRINT=0 -DENABLE_MEASURE_EXE_TIME=0 -DENABLE_MERGE_BACK_PLAN=0 -DENABLE_PARALLEL_EXECUTION=0 -DENABLE_QUERY_SPLIT=1 -DENABLE_SPECIFY_EST_STAT=0 -I/home/pei/Project/duckdb-polr/src/include -I/home/pei/Project/duckdb-polr/third_party/fsst -I/home/pei/Project/duckdb-polr/third_party/fmt/include -I/home/pei/Project/duckdb-polr/third_party/hyperloglog -I/home/pei/Project/duckdb-polr/third_party/fastpforlib -I/home/pei/Project/duckdb-polr/third_party/fast_float -I/home/pei/Project/duckdb-polr/third_party/re2 -I/home/pei/Project/duckdb-polr/third_party/miniz -I/home/pei/Project/duckdb-polr/third_party/utf8proc/include -I/home/pei/Project/duckdb-polr/third_party/miniparquet -I/home/pei/Project/duckdb-polr/third_party/concurrentqueue -I/home/pei/Project/duckdb-polr/third_party/pcg -I/home/pei/Project/duckdb-polr/third_party/tdigest -I/home/pei/Project/duckdb-polr/third_party/mbedtls/include -I/home/pei/Project/duckdb-polr/third_party/jaro_winkler -I/home/pei/Project/duckdb-polr/extension/parquet/include -I/home/pei/Project/duckdb-polr/extension/parquet/../../third_party/parquet -I/home/pei/Project/duckdb-polr/extension/parquet/../../third_party/snappy -I/home/pei/Project/duckdb-polr/extension/parquet/../../third_party/miniz -I/home/pei/Project/duckdb-polr/extension/parquet/../../third_party/thrift -I/home/pei/Project/duckdb-polr/extension/parquet/../../third_party/zstd/include -O3 -DNDEBUG -O3 -DNDEBUG   -fPIC -fdiagnostics-color=always -std=c++11 -MD -MT extension/parquet/CMakeFiles/parquet_loadable_extension.dir/__/__/third_party/thrift/thrift/protocol/TProtocol.cpp.o -MF extension/parquet/CMakeFiles/parquet_loadable_extension.dir/__/__/third_party/thrift/thrift/protocol/TProtocol.cpp.o.d -o extension/parquet/CMakeFiles/parquet_loadable_extension.dir/__/__/third_party/thrift/thrift/protocol/TProtocol.cpp.o -c /home/pei/Project/duckdb-polr/third_party/thrift/thrift/protocol/TProtocol.cpp
[169/376] /usr/bin/ccache /usr/lib/ccache/c++ -DDUCKDB_BUILD_LIBRARY -DDUCKDB_BUILD_LOADABLE_EXTENSION -DENABLE_CROSS_PRODUCT_REWRITE=0 -DENABLE_DEBUG_PRINT=0 -DENABLE_MEASURE_EXE_TIME=0 -DENABLE_MERGE_BACK_PLAN=0 -DENABLE_PARALLEL_EXECUTION=0 -DENABLE_QUERY_SPLIT=1 -DENABLE_SPECIFY_EST_STAT=0 -I/home/pei/Project/duckdb-polr/src/include -I/home/pei/Project/duckdb-polr/third_party/fsst -I/home/pei/Project/duckdb-polr/third_party/fmt/include -I/home/pei/Project/duckdb-polr/third_party/hyperloglog -I/home/pei/Project/duckdb-polr/third_party/fastpforlib -I/home/pei/Project/duckdb-polr/third_party/fast_float -I/home/pei/Project/duckdb-polr/third_party/re2 -I/home/pei/Project/duckdb-polr/third_party/miniz -I/home/pei/Project/duckdb-polr/third_party/utf8proc/include -I/home/pei/Project/duckdb-polr/third_party/miniparquet -I/home/pei/Project/duckdb-polr/third_party/concurrentqueue -I/home/pei/Project/duckdb-polr/third_party/pcg -I/home/pei/Project/duckdb-polr/third_party/tdigest -I/home/pei/Project/duckdb-polr/third_party/mbedtls/include -I/home/pei/Project/duckdb-polr/third_party/jaro_winkler -I/home/pei/Project/duckdb-polr/extension/parquet/include -I/home/pei/Project/duckdb-polr/extension/parquet/../../third_party/parquet -I/home/pei/Project/duckdb-polr/extension/parquet/../../third_party/snappy -I/home/pei/Project/duckdb-polr/extension/parquet/../../third_party/miniz -I/home/pei/Project/duckdb-polr/extension/parquet/../../third_party/thrift -I/home/pei/Project/duckdb-polr/extension/parquet/../../third_party/zstd/include -O3 -DNDEBUG -O3 -DNDEBUG   -fPIC -fdiagnostics-color=always -std=c++11 -MD -MT extension/parquet/CMakeFiles/parquet_loadable_extension.dir/__/__/third_party/thrift/thrift/transport/TTransportException.cpp.o -MF extension/parquet/CMakeFiles/parquet_loadable_extension.dir/__/__/third_party/thrift/thrift/transport/TTransportException.cpp.o.d -o extension/parquet/CMakeFiles/parquet_loadable_extension.dir/__/__/third_party/thrift/thrift/transport/TTransportException.cpp.o -c /home/pei/Project/duckdb-polr/third_party/thrift/thrift/transport/TTransportException.cpp
[170/376] /usr/bin/ccache /usr/lib/ccache/c++ -DDUCKDB_BUILD_LIBRARY -DDUCKDB_BUILD_LOADABLE_EXTENSION -DENABLE_CROSS_PRODUCT_REWRITE=0 -DENABLE_DEBUG_PRINT=0 -DENABLE_MEASURE_EXE_TIME=0 -DENABLE_MERGE_BACK_PLAN=0 -DENABLE_PARALLEL_EXECUTION=0 -DENABLE_QUERY_SPLIT=1 -DENABLE_SPECIFY_EST_STAT=0 -I/home/pei/Project/duckdb-polr/src/include -I/home/pei/Project/duckdb-polr/third_party/fsst -I/home/pei/Project/duckdb-polr/third_party/fmt/include -I/home/pei/Project/duckdb-polr/third_party/hyperloglog -I/home/pei/Project/duckdb-polr/third_party/fastpforlib -I/home/pei/Project/duckdb-polr/third_party/fast_float -I/home/pei/Project/duckdb-polr/third_party/re2 -I/home/pei/Project/duckdb-polr/third_party/miniz -I/home/pei/Project/duckdb-polr/third_party/utf8proc/include -I/home/pei/Project/duckdb-polr/third_party/miniparquet -I/home/pei/Project/duckdb-polr/third_party/concurrentqueue -I/home/pei/Project/duckdb-polr/third_party/pcg -I/home/pei/Project/duckdb-polr/third_party/tdigest -I/home/pei/Project/duckdb-polr/third_party/mbedtls/include -I/home/pei/Project/duckdb-polr/third_party/jaro_winkler -I/home/pei/Project/duckdb-polr/extension/parquet/include -I/home/pei/Project/duckdb-polr/extension/parquet/../../third_party/parquet -I/home/pei/Project/duckdb-polr/extension/parquet/../../third_party/snappy -I/home/pei/Project/duckdb-polr/extension/parquet/../../third_party/miniz -I/home/pei/Project/duckdb-polr/extension/parquet/../../third_party/thrift -I/home/pei/Project/duckdb-polr/extension/parquet/../../third_party/zstd/include -O3 -DNDEBUG -O3 -DNDEBUG   -fPIC -fdiagnostics-color=always -std=c++11 -MD -MT extension/parquet/CMakeFiles/parquet_loadable_extension.dir/__/__/third_party/snappy/snappy.cc.o -MF extension/parquet/CMakeFiles/parquet_loadable_extension.dir/__/__/third_party/snappy/snappy.cc.o.d -o extension/parquet/CMakeFiles/parquet_loadable_extension.dir/__/__/third_party/snappy/snappy.cc.o -c /home/pei/Project/duckdb-polr/third_party/snappy/snappy.cc
[171/376] /usr/bin/ccache /usr/lib/ccache/c++ -DDUCKDB_BUILD_LIBRARY -DDUCKDB_BUILD_LOADABLE_EXTENSION -DENABLE_CROSS_PRODUCT_REWRITE=0 -DENABLE_DEBUG_PRINT=0 -DENABLE_MEASURE_EXE_TIME=0 -DENABLE_MERGE_BACK_PLAN=0 -DENABLE_PARALLEL_EXECUTION=0 -DENABLE_QUERY_SPLIT=1 -DENABLE_SPECIFY_EST_STAT=0 -I/home/pei/Project/duckdb-polr/src/include -I/home/pei/Project/duckdb-polr/third_party/fsst -I/home/pei/Project/duckdb-polr/third_party/fmt/include -I/home/pei/Project/duckdb-polr/third_party/hyperloglog -I/home/pei/Project/duckdb-polr/third_party/fastpforlib -I/home/pei/Project/duckdb-polr/third_party/fast_float -I/home/pei/Project/duckdb-polr/third_party/re2 -I/home/pei/Project/duckdb-polr/third_party/miniz -I/home/pei/Project/duckdb-polr/third_party/utf8proc/include -I/home/pei/Project/duckdb-polr/third_party/miniparquet -I/home/pei/Project/duckdb-polr/third_party/concurrentqueue -I/home/pei/Project/duckdb-polr/third_party/pcg -I/home/pei/Project/duckdb-polr/third_party/tdigest -I/home/pei/Project/duckdb-polr/third_party/mbedtls/include -I/home/pei/Project/duckdb-polr/third_party/jaro_winkler -I/home/pei/Project/duckdb-polr/extension/parquet/include -I/home/pei/Project/duckdb-polr/extension/parquet/../../third_party/parquet -I/home/pei/Project/duckdb-polr/extension/parquet/../../third_party/snappy -I/home/pei/Project/duckdb-polr/extension/parquet/../../third_party/miniz -I/home/pei/Project/duckdb-polr/extension/parquet/../../third_party/thrift -I/home/pei/Project/duckdb-polr/extension/parquet/../../third_party/zstd/include -O3 -DNDEBUG -O3 -DNDEBUG   -fPIC -fdiagnostics-color=always -std=c++11 -MD -MT extension/parquet/CMakeFiles/parquet_loadable_extension.dir/__/__/third_party/thrift/thrift/transport/TBufferTransports.cpp.o -MF extension/parquet/CMakeFiles/parquet_loadable_extension.dir/__/__/third_party/thrift/thrift/transport/TBufferTransports.cpp.o.d -o extension/parquet/CMakeFiles/parquet_loadable_extension.dir/__/__/third_party/thrift/thrift/transport/TBufferTransports.cpp.o -c /home/pei/Project/duckdb-polr/third_party/thrift/thrift/transport/TBufferTransports.cpp
[172/376] /usr/bin/ccache /usr/lib/ccache/c++ -DDUCKDB_BUILD_LIBRARY -DDUCKDB_BUILD_LOADABLE_EXTENSION -DENABLE_CROSS_PRODUCT_REWRITE=0 -DENABLE_DEBUG_PRINT=0 -DENABLE_MEASURE_EXE_TIME=0 -DENABLE_MERGE_BACK_PLAN=0 -DENABLE_PARALLEL_EXECUTION=0 -DENABLE_QUERY_SPLIT=1 -DENABLE_SPECIFY_EST_STAT=0 -I/home/pei/Project/duckdb-polr/src/include -I/home/pei/Project/duckdb-polr/third_party/fsst -I/home/pei/Project/duckdb-polr/third_party/fmt/include -I/home/pei/Project/duckdb-polr/third_party/hyperloglog -I/home/pei/Project/duckdb-polr/third_party/fastpforlib -I/home/pei/Project/duckdb-polr/third_party/fast_float -I/home/pei/Project/duckdb-polr/third_party/re2 -I/home/pei/Project/duckdb-polr/third_party/miniz -I/home/pei/Project/duckdb-polr/third_party/utf8proc/include -I/home/pei/Project/duckdb-polr/third_party/miniparquet -I/home/pei/Project/duckdb-polr/third_party/concurrentqueue -I/home/pei/Project/duckdb-polr/third_party/pcg -I/home/pei/Project/duckdb-polr/third_party/tdigest -I/home/pei/Project/duckdb-polr/third_party/mbedtls/include -I/home/pei/Project/duckdb-polr/third_party/jaro_winkler -I/home/pei/Project/duckdb-polr/extension/parquet/include -I/home/pei/Project/duckdb-polr/extension/parquet/../../third_party/parquet -I/home/pei/Project/duckdb-polr/extension/parquet/../../third_party/snappy -I/home/pei/Project/duckdb-polr/extension/parquet/../../third_party/miniz -I/home/pei/Project/duckdb-polr/extension/parquet/../../third_party/thrift -I/home/pei/Project/duckdb-polr/extension/parquet/../../third_party/zstd/include -O3 -DNDEBUG -O3 -DNDEBUG   -fPIC -fdiagnostics-color=always -std=c++11 -MD -MT extension/parquet/CMakeFiles/parquet_loadable_extension.dir/__/__/third_party/snappy/snappy-sinksource.cc.o -MF extension/parquet/CMakeFiles/parquet_loadable_extension.dir/__/__/third_party/snappy/snappy-sinksource.cc.o.d -o extension/parquet/CMakeFiles/parquet_loadable_extension.dir/__/__/third_party/snappy/snappy-sinksource.cc.o -c /home/pei/Project/duckdb-polr/third_party/snappy/snappy-sinksource.cc
[173/376] /usr/bin/ccache /usr/lib/ccache/c++ -DDUCKDB_BUILD_LIBRARY -DDUCKDB_BUILD_LOADABLE_EXTENSION -DENABLE_CROSS_PRODUCT_REWRITE=0 -DENABLE_DEBUG_PRINT=0 -DENABLE_MEASURE_EXE_TIME=0 -DENABLE_MERGE_BACK_PLAN=0 -DENABLE_PARALLEL_EXECUTION=0 -DENABLE_QUERY_SPLIT=1 -DENABLE_SPECIFY_EST_STAT=0 -I/home/pei/Project/duckdb-polr/src/include -I/home/pei/Project/duckdb-polr/third_party/fsst -I/home/pei/Project/duckdb-polr/third_party/fmt/include -I/home/pei/Project/duckdb-polr/third_party/hyperloglog -I/home/pei/Project/duckdb-polr/third_party/fastpforlib -I/home/pei/Project/duckdb-polr/third_party/fast_float -I/home/pei/Project/duckdb-polr/third_party/re2 -I/home/pei/Project/duckdb-polr/third_party/miniz -I/home/pei/Project/duckdb-polr/third_party/utf8proc/include -I/home/pei/Project/duckdb-polr/third_party/miniparquet -I/home/pei/Project/duckdb-polr/third_party/concurrentqueue -I/home/pei/Project/duckdb-polr/third_party/pcg -I/home/pei/Project/duckdb-polr/third_party/tdigest -I/home/pei/Project/duckdb-polr/third_party/mbedtls/include -I/home/pei/Project/duckdb-polr/third_party/jaro_winkler -I/home/pei/Project/duckdb-polr/extension/parquet/include -I/home/pei/Project/duckdb-polr/extension/parquet/../../third_party/parquet -I/home/pei/Project/duckdb-polr/extension/parquet/../../third_party/snappy -I/home/pei/Project/duckdb-polr/extension/parquet/../../third_party/miniz -I/home/pei/Project/duckdb-polr/extension/parquet/../../third_party/thrift -I/home/pei/Project/duckdb-polr/extension/parquet/../../third_party/zstd/include -O3 -DNDEBUG -O3 -DNDEBUG   -fPIC -fdiagnostics-color=always -std=c++11 -MD -MT extension/parquet/CMakeFiles/parquet_loadable_extension.dir/__/__/third_party/zstd/decompress/zstd_ddict.cpp.o -MF extension/parquet/CMakeFiles/parquet_loadable_extension.dir/__/__/third_party/zstd/decompress/zstd_ddict.cpp.o.d -o extension/parquet/CMakeFiles/parquet_loadable_extension.dir/__/__/third_party/zstd/decompress/zstd_ddict.cpp.o -c /home/pei/Project/duckdb-polr/third_party/zstd/decompress/zstd_ddict.cpp
[174/376] /usr/bin/ccache /usr/lib/ccache/c++ -DDUCKDB_BUILD_LIBRARY -DDUCKDB_BUILD_LOADABLE_EXTENSION -DENABLE_CROSS_PRODUCT_REWRITE=0 -DENABLE_DEBUG_PRINT=0 -DENABLE_MEASURE_EXE_TIME=0 -DENABLE_MERGE_BACK_PLAN=0 -DENABLE_PARALLEL_EXECUTION=0 -DENABLE_QUERY_SPLIT=1 -DENABLE_SPECIFY_EST_STAT=0 -I/home/pei/Project/duckdb-polr/src/include -I/home/pei/Project/duckdb-polr/third_party/fsst -I/home/pei/Project/duckdb-polr/third_party/fmt/include -I/home/pei/Project/duckdb-polr/third_party/hyperloglog -I/home/pei/Project/duckdb-polr/third_party/fastpforlib -I/home/pei/Project/duckdb-polr/third_party/fast_float -I/home/pei/Project/duckdb-polr/third_party/re2 -I/home/pei/Project/duckdb-polr/third_party/miniz -I/home/pei/Project/duckdb-polr/third_party/utf8proc/include -I/home/pei/Project/duckdb-polr/third_party/miniparquet -I/home/pei/Project/duckdb-polr/third_party/concurrentqueue -I/home/pei/Project/duckdb-polr/third_party/pcg -I/home/pei/Project/duckdb-polr/third_party/tdigest -I/home/pei/Project/duckdb-polr/third_party/mbedtls/include -I/home/pei/Project/duckdb-polr/third_party/jaro_winkler -I/home/pei/Project/duckdb-polr/extension/parquet/include -I/home/pei/Project/duckdb-polr/extension/parquet/../../third_party/parquet -I/home/pei/Project/duckdb-polr/extension/parquet/../../third_party/snappy -I/home/pei/Project/duckdb-polr/extension/parquet/../../third_party/miniz -I/home/pei/Project/duckdb-polr/extension/parquet/../../third_party/thrift -I/home/pei/Project/duckdb-polr/extension/parquet/../../third_party/zstd/include -O3 -DNDEBUG -O3 -DNDEBUG   -fPIC -fdiagnostics-color=always -std=c++11 -MD -MT extension/parquet/CMakeFiles/parquet_loadable_extension.dir/__/__/third_party/zstd/decompress/huf_decompress.cpp.o -MF extension/parquet/CMakeFiles/parquet_loadable_extension.dir/__/__/third_party/zstd/decompress/huf_decompress.cpp.o.d -o extension/parquet/CMakeFiles/parquet_loadable_extension.dir/__/__/third_party/zstd/decompress/huf_decompress.cpp.o -c /home/pei/Project/duckdb-polr/third_party/zstd/decompress/huf_decompress.cpp
[175/376] /usr/bin/ccache /usr/lib/ccache/c++ -DDUCKDB_BUILD_LIBRARY -DDUCKDB_BUILD_LOADABLE_EXTENSION -DENABLE_CROSS_PRODUCT_REWRITE=0 -DENABLE_DEBUG_PRINT=0 -DENABLE_MEASURE_EXE_TIME=0 -DENABLE_MERGE_BACK_PLAN=0 -DENABLE_PARALLEL_EXECUTION=0 -DENABLE_QUERY_SPLIT=1 -DENABLE_SPECIFY_EST_STAT=0 -I/home/pei/Project/duckdb-polr/src/include -I/home/pei/Project/duckdb-polr/third_party/fsst -I/home/pei/Project/duckdb-polr/third_party/fmt/include -I/home/pei/Project/duckdb-polr/third_party/hyperloglog -I/home/pei/Project/duckdb-polr/third_party/fastpforlib -I/home/pei/Project/duckdb-polr/third_party/fast_float -I/home/pei/Project/duckdb-polr/third_party/re2 -I/home/pei/Project/duckdb-polr/third_party/miniz -I/home/pei/Project/duckdb-polr/third_party/utf8proc/include -I/home/pei/Project/duckdb-polr/third_party/miniparquet -I/home/pei/Project/duckdb-polr/third_party/concurrentqueue -I/home/pei/Project/duckdb-polr/third_party/pcg -I/home/pei/Project/duckdb-polr/third_party/tdigest -I/home/pei/Project/duckdb-polr/third_party/mbedtls/include -I/home/pei/Project/duckdb-polr/third_party/jaro_winkler -I/home/pei/Project/duckdb-polr/extension/parquet/include -I/home/pei/Project/duckdb-polr/extension/parquet/../../third_party/parquet -I/home/pei/Project/duckdb-polr/extension/parquet/../../third_party/snappy -I/home/pei/Project/duckdb-polr/extension/parquet/../../third_party/miniz -I/home/pei/Project/duckdb-polr/extension/parquet/../../third_party/thrift -I/home/pei/Project/duckdb-polr/extension/parquet/../../third_party/zstd/include -O3 -DNDEBUG -O3 -DNDEBUG   -fPIC -fdiagnostics-color=always -std=c++11 -MD -MT extension/parquet/CMakeFiles/parquet_loadable_extension.dir/__/__/third_party/zstd/decompress/zstd_decompress.cpp.o -MF extension/parquet/CMakeFiles/parquet_loadable_extension.dir/__/__/third_party/zstd/decompress/zstd_decompress.cpp.o.d -o extension/parquet/CMakeFiles/parquet_loadable_extension.dir/__/__/third_party/zstd/decompress/zstd_decompress.cpp.o -c /home/pei/Project/duckdb-polr/third_party/zstd/decompress/zstd_decompress.cpp
[176/376] /usr/bin/ccache /usr/lib/ccache/c++ -DDUCKDB_BUILD_LIBRARY -DDUCKDB_BUILD_LOADABLE_EXTENSION -DENABLE_CROSS_PRODUCT_REWRITE=0 -DENABLE_DEBUG_PRINT=0 -DENABLE_MEASURE_EXE_TIME=0 -DENABLE_MERGE_BACK_PLAN=0 -DENABLE_PARALLEL_EXECUTION=0 -DENABLE_QUERY_SPLIT=1 -DENABLE_SPECIFY_EST_STAT=0 -I/home/pei/Project/duckdb-polr/src/include -I/home/pei/Project/duckdb-polr/third_party/fsst -I/home/pei/Project/duckdb-polr/third_party/fmt/include -I/home/pei/Project/duckdb-polr/third_party/hyperloglog -I/home/pei/Project/duckdb-polr/third_party/fastpforlib -I/home/pei/Project/duckdb-polr/third_party/fast_float -I/home/pei/Project/duckdb-polr/third_party/re2 -I/home/pei/Project/duckdb-polr/third_party/miniz -I/home/pei/Project/duckdb-polr/third_party/utf8proc/include -I/home/pei/Project/duckdb-polr/third_party/miniparquet -I/home/pei/Project/duckdb-polr/third_party/concurrentqueue -I/home/pei/Project/duckdb-polr/third_party/pcg -I/home/pei/Project/duckdb-polr/third_party/tdigest -I/home/pei/Project/duckdb-polr/third_party/mbedtls/include -I/home/pei/Project/duckdb-polr/third_party/jaro_winkler -I/home/pei/Project/duckdb-polr/extension/parquet/include -I/home/pei/Project/duckdb-polr/extension/parquet/../../third_party/parquet -I/home/pei/Project/duckdb-polr/extension/parquet/../../third_party/snappy -I/home/pei/Project/duckdb-polr/extension/parquet/../../third_party/miniz -I/home/pei/Project/duckdb-polr/extension/parquet/../../third_party/thrift -I/home/pei/Project/duckdb-polr/extension/parquet/../../third_party/zstd/include -O3 -DNDEBUG -O3 -DNDEBUG   -fPIC -fdiagnostics-color=always -std=c++11 -MD -MT extension/parquet/CMakeFiles/parquet_loadable_extension.dir/__/__/third_party/zstd/decompress/zstd_decompress_block.cpp.o -MF extension/parquet/CMakeFiles/parquet_loadable_extension.dir/__/__/third_party/zstd/decompress/zstd_decompress_block.cpp.o.d -o extension/parquet/CMakeFiles/parquet_loadable_extension.dir/__/__/third_party/zstd/decompress/zstd_decompress_block.cpp.o -c /home/pei/Project/duckdb-polr/third_party/zstd/decompress/zstd_decompress_block.cpp
[177/376] /usr/bin/ccache /usr/lib/ccache/c++ -DDUCKDB_BUILD_LIBRARY -DDUCKDB_BUILD_LOADABLE_EXTENSION -DENABLE_CROSS_PRODUCT_REWRITE=0 -DENABLE_DEBUG_PRINT=0 -DENABLE_MEASURE_EXE_TIME=0 -DENABLE_MERGE_BACK_PLAN=0 -DENABLE_PARALLEL_EXECUTION=0 -DENABLE_QUERY_SPLIT=1 -DENABLE_SPECIFY_EST_STAT=0 -I/home/pei/Project/duckdb-polr/src/include -I/home/pei/Project/duckdb-polr/third_party/fsst -I/home/pei/Project/duckdb-polr/third_party/fmt/include -I/home/pei/Project/duckdb-polr/third_party/hyperloglog -I/home/pei/Project/duckdb-polr/third_party/fastpforlib -I/home/pei/Project/duckdb-polr/third_party/fast_float -I/home/pei/Project/duckdb-polr/third_party/re2 -I/home/pei/Project/duckdb-polr/third_party/miniz -I/home/pei/Project/duckdb-polr/third_party/utf8proc/include -I/home/pei/Project/duckdb-polr/third_party/miniparquet -I/home/pei/Project/duckdb-polr/third_party/concurrentqueue -I/home/pei/Project/duckdb-polr/third_party/pcg -I/home/pei/Project/duckdb-polr/third_party/tdigest -I/home/pei/Project/duckdb-polr/third_party/mbedtls/include -I/home/pei/Project/duckdb-polr/third_party/jaro_winkler -I/home/pei/Project/duckdb-polr/extension/parquet/include -I/home/pei/Project/duckdb-polr/extension/parquet/../../third_party/parquet -I/home/pei/Project/duckdb-polr/extension/parquet/../../third_party/snappy -I/home/pei/Project/duckdb-polr/extension/parquet/../../third_party/miniz -I/home/pei/Project/duckdb-polr/extension/parquet/../../third_party/thrift -I/home/pei/Project/duckdb-polr/extension/parquet/../../third_party/zstd/include -O3 -DNDEBUG -O3 -DNDEBUG   -fPIC -fdiagnostics-color=always -std=c++11 -MD -MT extension/parquet/CMakeFiles/parquet_loadable_extension.dir/__/__/third_party/zstd/common/entropy_common.cpp.o -MF extension/parquet/CMakeFiles/parquet_loadable_extension.dir/__/__/third_party/zstd/common/entropy_common.cpp.o.d -o extension/parquet/CMakeFiles/parquet_loadable_extension.dir/__/__/third_party/zstd/common/entropy_common.cpp.o -c /home/pei/Project/duckdb-polr/third_party/zstd/common/entropy_common.cpp
[178/376] /usr/bin/ccache /usr/lib/ccache/c++ -DDUCKDB_BUILD_LIBRARY -DDUCKDB_BUILD_LOADABLE_EXTENSION -DENABLE_CROSS_PRODUCT_REWRITE=0 -DENABLE_DEBUG_PRINT=0 -DENABLE_MEASURE_EXE_TIME=0 -DENABLE_MERGE_BACK_PLAN=0 -DENABLE_PARALLEL_EXECUTION=0 -DENABLE_QUERY_SPLIT=1 -DENABLE_SPECIFY_EST_STAT=0 -I/home/pei/Project/duckdb-polr/src/include -I/home/pei/Project/duckdb-polr/third_party/fsst -I/home/pei/Project/duckdb-polr/third_party/fmt/include -I/home/pei/Project/duckdb-polr/third_party/hyperloglog -I/home/pei/Project/duckdb-polr/third_party/fastpforlib -I/home/pei/Project/duckdb-polr/third_party/fast_float -I/home/pei/Project/duckdb-polr/third_party/re2 -I/home/pei/Project/duckdb-polr/third_party/miniz -I/home/pei/Project/duckdb-polr/third_party/utf8proc/include -I/home/pei/Project/duckdb-polr/third_party/miniparquet -I/home/pei/Project/duckdb-polr/third_party/concurrentqueue -I/home/pei/Project/duckdb-polr/third_party/pcg -I/home/pei/Project/duckdb-polr/third_party/tdigest -I/home/pei/Project/duckdb-polr/third_party/mbedtls/include -I/home/pei/Project/duckdb-polr/third_party/jaro_winkler -I/home/pei/Project/duckdb-polr/extension/parquet/include -I/home/pei/Project/duckdb-polr/extension/parquet/../../third_party/parquet -I/home/pei/Project/duckdb-polr/extension/parquet/../../third_party/snappy -I/home/pei/Project/duckdb-polr/extension/parquet/../../third_party/miniz -I/home/pei/Project/duckdb-polr/extension/parquet/../../third_party/thrift -I/home/pei/Project/duckdb-polr/extension/parquet/../../third_party/zstd/include -O3 -DNDEBUG -O3 -DNDEBUG   -fPIC -fdiagnostics-color=always -std=c++11 -MD -MT extension/parquet/CMakeFiles/parquet_loadable_extension.dir/__/__/third_party/zstd/common/fse_decompress.cpp.o -MF extension/parquet/CMakeFiles/parquet_loadable_extension.dir/__/__/third_party/zstd/common/fse_decompress.cpp.o.d -o extension/parquet/CMakeFiles/parquet_loadable_extension.dir/__/__/third_party/zstd/common/fse_decompress.cpp.o -c /home/pei/Project/duckdb-polr/third_party/zstd/common/fse_decompress.cpp
[179/376] /usr/bin/ccache /usr/lib/ccache/c++ -DDUCKDB_BUILD_LIBRARY -DDUCKDB_BUILD_LOADABLE_EXTENSION -DENABLE_CROSS_PRODUCT_REWRITE=0 -DENABLE_DEBUG_PRINT=0 -DENABLE_MEASURE_EXE_TIME=0 -DENABLE_MERGE_BACK_PLAN=0 -DENABLE_PARALLEL_EXECUTION=0 -DENABLE_QUERY_SPLIT=1 -DENABLE_SPECIFY_EST_STAT=0 -I/home/pei/Project/duckdb-polr/src/include -I/home/pei/Project/duckdb-polr/third_party/fsst -I/home/pei/Project/duckdb-polr/third_party/fmt/include -I/home/pei/Project/duckdb-polr/third_party/hyperloglog -I/home/pei/Project/duckdb-polr/third_party/fastpforlib -I/home/pei/Project/duckdb-polr/third_party/fast_float -I/home/pei/Project/duckdb-polr/third_party/re2 -I/home/pei/Project/duckdb-polr/third_party/miniz -I/home/pei/Project/duckdb-polr/third_party/utf8proc/include -I/home/pei/Project/duckdb-polr/third_party/miniparquet -I/home/pei/Project/duckdb-polr/third_party/concurrentqueue -I/home/pei/Project/duckdb-polr/third_party/pcg -I/home/pei/Project/duckdb-polr/third_party/tdigest -I/home/pei/Project/duckdb-polr/third_party/mbedtls/include -I/home/pei/Project/duckdb-polr/third_party/jaro_winkler -I/home/pei/Project/duckdb-polr/extension/parquet/include -I/home/pei/Project/duckdb-polr/extension/parquet/../../third_party/parquet -I/home/pei/Project/duckdb-polr/extension/parquet/../../third_party/snappy -I/home/pei/Project/duckdb-polr/extension/parquet/../../third_party/miniz -I/home/pei/Project/duckdb-polr/extension/parquet/../../third_party/thrift -I/home/pei/Project/duckdb-polr/extension/parquet/../../third_party/zstd/include -O3 -DNDEBUG -O3 -DNDEBUG   -fPIC -fdiagnostics-color=always -std=c++11 -MD -MT extension/parquet/CMakeFiles/parquet_loadable_extension.dir/__/__/third_party/zstd/common/zstd_common.cpp.o -MF extension/parquet/CMakeFiles/parquet_loadable_extension.dir/__/__/third_party/zstd/common/zstd_common.cpp.o.d -o extension/parquet/CMakeFiles/parquet_loadable_extension.dir/__/__/third_party/zstd/common/zstd_common.cpp.o -c /home/pei/Project/duckdb-polr/third_party/zstd/common/zstd_common.cpp
[180/376] /usr/bin/ccache /usr/lib/ccache/c++ -DDUCKDB_BUILD_LIBRARY -DDUCKDB_BUILD_LOADABLE_EXTENSION -DENABLE_CROSS_PRODUCT_REWRITE=0 -DENABLE_DEBUG_PRINT=0 -DENABLE_MEASURE_EXE_TIME=0 -DENABLE_MERGE_BACK_PLAN=0 -DENABLE_PARALLEL_EXECUTION=0 -DENABLE_QUERY_SPLIT=1 -DENABLE_SPECIFY_EST_STAT=0 -I/home/pei/Project/duckdb-polr/src/include -I/home/pei/Project/duckdb-polr/third_party/fsst -I/home/pei/Project/duckdb-polr/third_party/fmt/include -I/home/pei/Project/duckdb-polr/third_party/hyperloglog -I/home/pei/Project/duckdb-polr/third_party/fastpforlib -I/home/pei/Project/duckdb-polr/third_party/fast_float -I/home/pei/Project/duckdb-polr/third_party/re2 -I/home/pei/Project/duckdb-polr/third_party/miniz -I/home/pei/Project/duckdb-polr/third_party/utf8proc/include -I/home/pei/Project/duckdb-polr/third_party/miniparquet -I/home/pei/Project/duckdb-polr/third_party/concurrentqueue -I/home/pei/Project/duckdb-polr/third_party/pcg -I/home/pei/Project/duckdb-polr/third_party/tdigest -I/home/pei/Project/duckdb-polr/third_party/mbedtls/include -I/home/pei/Project/duckdb-polr/third_party/jaro_winkler -I/home/pei/Project/duckdb-polr/extension/parquet/include -I/home/pei/Project/duckdb-polr/extension/parquet/../../third_party/parquet -I/home/pei/Project/duckdb-polr/extension/parquet/../../third_party/snappy -I/home/pei/Project/duckdb-polr/extension/parquet/../../third_party/miniz -I/home/pei/Project/duckdb-polr/extension/parquet/../../third_party/thrift -I/home/pei/Project/duckdb-polr/extension/parquet/../../third_party/zstd/include -O3 -DNDEBUG -O3 -DNDEBUG   -fPIC -fdiagnostics-color=always -std=c++11 -MD -MT extension/parquet/CMakeFiles/parquet_loadable_extension.dir/__/__/third_party/zstd/common/error_private.cpp.o -MF extension/parquet/CMakeFiles/parquet_loadable_extension.dir/__/__/third_party/zstd/common/error_private.cpp.o.d -o extension/parquet/CMakeFiles/parquet_loadable_extension.dir/__/__/third_party/zstd/common/error_private.cpp.o -c /home/pei/Project/duckdb-polr/third_party/zstd/common/error_private.cpp
[181/376] /usr/bin/ccache /usr/lib/ccache/c++ -DDUCKDB_BUILD_LIBRARY -DDUCKDB_BUILD_LOADABLE_EXTENSION -DENABLE_CROSS_PRODUCT_REWRITE=0 -DENABLE_DEBUG_PRINT=0 -DENABLE_MEASURE_EXE_TIME=0 -DENABLE_MERGE_BACK_PLAN=0 -DENABLE_PARALLEL_EXECUTION=0 -DENABLE_QUERY_SPLIT=1 -DENABLE_SPECIFY_EST_STAT=0 -I/home/pei/Project/duckdb-polr/src/include -I/home/pei/Project/duckdb-polr/third_party/fsst -I/home/pei/Project/duckdb-polr/third_party/fmt/include -I/home/pei/Project/duckdb-polr/third_party/hyperloglog -I/home/pei/Project/duckdb-polr/third_party/fastpforlib -I/home/pei/Project/duckdb-polr/third_party/fast_float -I/home/pei/Project/duckdb-polr/third_party/re2 -I/home/pei/Project/duckdb-polr/third_party/miniz -I/home/pei/Project/duckdb-polr/third_party/utf8proc/include -I/home/pei/Project/duckdb-polr/third_party/miniparquet -I/home/pei/Project/duckdb-polr/third_party/concurrentqueue -I/home/pei/Project/duckdb-polr/third_party/pcg -I/home/pei/Project/duckdb-polr/third_party/tdigest -I/home/pei/Project/duckdb-polr/third_party/mbedtls/include -I/home/pei/Project/duckdb-polr/third_party/jaro_winkler -I/home/pei/Project/duckdb-polr/extension/parquet/include -I/home/pei/Project/duckdb-polr/extension/parquet/../../third_party/parquet -I/home/pei/Project/duckdb-polr/extension/parquet/../../third_party/snappy -I/home/pei/Project/duckdb-polr/extension/parquet/../../third_party/miniz -I/home/pei/Project/duckdb-polr/extension/parquet/../../third_party/thrift -I/home/pei/Project/duckdb-polr/extension/parquet/../../third_party/zstd/include -O3 -DNDEBUG -O3 -DNDEBUG   -fPIC -fdiagnostics-color=always -std=c++11 -MD -MT extension/parquet/CMakeFiles/parquet_loadable_extension.dir/__/__/third_party/zstd/common/xxhash.cpp.o -MF extension/parquet/CMakeFiles/parquet_loadable_extension.dir/__/__/third_party/zstd/common/xxhash.cpp.o.d -o extension/parquet/CMakeFiles/parquet_loadable_extension.dir/__/__/third_party/zstd/common/xxhash.cpp.o -c /home/pei/Project/duckdb-polr/third_party/zstd/common/xxhash.cpp
[182/376] /usr/bin/ccache /usr/lib/ccache/c++ -DDUCKDB_BUILD_LIBRARY -DDUCKDB_BUILD_LOADABLE_EXTENSION -DENABLE_CROSS_PRODUCT_REWRITE=0 -DENABLE_DEBUG_PRINT=0 -DENABLE_MEASURE_EXE_TIME=0 -DENABLE_MERGE_BACK_PLAN=0 -DENABLE_PARALLEL_EXECUTION=0 -DENABLE_QUERY_SPLIT=1 -DENABLE_SPECIFY_EST_STAT=0 -I/home/pei/Project/duckdb-polr/src/include -I/home/pei/Project/duckdb-polr/third_party/fsst -I/home/pei/Project/duckdb-polr/third_party/fmt/include -I/home/pei/Project/duckdb-polr/third_party/hyperloglog -I/home/pei/Project/duckdb-polr/third_party/fastpforlib -I/home/pei/Project/duckdb-polr/third_party/fast_float -I/home/pei/Project/duckdb-polr/third_party/re2 -I/home/pei/Project/duckdb-polr/third_party/miniz -I/home/pei/Project/duckdb-polr/third_party/utf8proc/include -I/home/pei/Project/duckdb-polr/third_party/miniparquet -I/home/pei/Project/duckdb-polr/third_party/concurrentqueue -I/home/pei/Project/duckdb-polr/third_party/pcg -I/home/pei/Project/duckdb-polr/third_party/tdigest -I/home/pei/Project/duckdb-polr/third_party/mbedtls/include -I/home/pei/Project/duckdb-polr/third_party/jaro_winkler -I/home/pei/Project/duckdb-polr/extension/parquet/include -I/home/pei/Project/duckdb-polr/extension/parquet/../../third_party/parquet -I/home/pei/Project/duckdb-polr/extension/parquet/../../third_party/snappy -I/home/pei/Project/duckdb-polr/extension/parquet/../../third_party/miniz -I/home/pei/Project/duckdb-polr/extension/parquet/../../third_party/thrift -I/home/pei/Project/duckdb-polr/extension/parquet/../../third_party/zstd/include -O3 -DNDEBUG -O3 -DNDEBUG   -fPIC -fdiagnostics-color=always -std=c++11 -MD -MT extension/parquet/CMakeFiles/parquet_loadable_extension.dir/__/__/third_party/zstd/compress/fse_compress.cpp.o -MF extension/parquet/CMakeFiles/parquet_loadable_extension.dir/__/__/third_party/zstd/compress/fse_compress.cpp.o.d -o extension/parquet/CMakeFiles/parquet_loadable_extension.dir/__/__/third_party/zstd/compress/fse_compress.cpp.o -c /home/pei/Project/duckdb-polr/third_party/zstd/compress/fse_compress.cpp
[183/376] /usr/bin/ccache /usr/lib/ccache/c++ -DDUCKDB_BUILD_LIBRARY -DDUCKDB_BUILD_LOADABLE_EXTENSION -DENABLE_CROSS_PRODUCT_REWRITE=0 -DENABLE_DEBUG_PRINT=0 -DENABLE_MEASURE_EXE_TIME=0 -DENABLE_MERGE_BACK_PLAN=0 -DENABLE_PARALLEL_EXECUTION=0 -DENABLE_QUERY_SPLIT=1 -DENABLE_SPECIFY_EST_STAT=0 -I/home/pei/Project/duckdb-polr/src/include -I/home/pei/Project/duckdb-polr/third_party/fsst -I/home/pei/Project/duckdb-polr/third_party/fmt/include -I/home/pei/Project/duckdb-polr/third_party/hyperloglog -I/home/pei/Project/duckdb-polr/third_party/fastpforlib -I/home/pei/Project/duckdb-polr/third_party/fast_float -I/home/pei/Project/duckdb-polr/third_party/re2 -I/home/pei/Project/duckdb-polr/third_party/miniz -I/home/pei/Project/duckdb-polr/third_party/utf8proc/include -I/home/pei/Project/duckdb-polr/third_party/miniparquet -I/home/pei/Project/duckdb-polr/third_party/concurrentqueue -I/home/pei/Project/duckdb-polr/third_party/pcg -I/home/pei/Project/duckdb-polr/third_party/tdigest -I/home/pei/Project/duckdb-polr/third_party/mbedtls/include -I/home/pei/Project/duckdb-polr/third_party/jaro_winkler -I/home/pei/Project/duckdb-polr/extension/parquet/include -I/home/pei/Project/duckdb-polr/extension/parquet/../../third_party/parquet -I/home/pei/Project/duckdb-polr/extension/parquet/../../third_party/snappy -I/home/pei/Project/duckdb-polr/extension/parquet/../../third_party/miniz -I/home/pei/Project/duckdb-polr/extension/parquet/../../third_party/thrift -I/home/pei/Project/duckdb-polr/extension/parquet/../../third_party/zstd/include -O3 -DNDEBUG -O3 -DNDEBUG   -fPIC -fdiagnostics-color=always -std=c++11 -MD -MT extension/parquet/CMakeFiles/parquet_loadable_extension.dir/__/__/third_party/zstd/compress/hist.cpp.o -MF extension/parquet/CMakeFiles/parquet_loadable_extension.dir/__/__/third_party/zstd/compress/hist.cpp.o.d -o extension/parquet/CMakeFiles/parquet_loadable_extension.dir/__/__/third_party/zstd/compress/hist.cpp.o -c /home/pei/Project/duckdb-polr/third_party/zstd/compress/hist.cpp
[184/376] /usr/bin/ccache /usr/lib/ccache/c++ -DDUCKDB_BUILD_LIBRARY -DDUCKDB_BUILD_LOADABLE_EXTENSION -DENABLE_CROSS_PRODUCT_REWRITE=0 -DENABLE_DEBUG_PRINT=0 -DENABLE_MEASURE_EXE_TIME=0 -DENABLE_MERGE_BACK_PLAN=0 -DENABLE_PARALLEL_EXECUTION=0 -DENABLE_QUERY_SPLIT=1 -DENABLE_SPECIFY_EST_STAT=0 -I/home/pei/Project/duckdb-polr/src/include -I/home/pei/Project/duckdb-polr/third_party/fsst -I/home/pei/Project/duckdb-polr/third_party/fmt/include -I/home/pei/Project/duckdb-polr/third_party/hyperloglog -I/home/pei/Project/duckdb-polr/third_party/fastpforlib -I/home/pei/Project/duckdb-polr/third_party/fast_float -I/home/pei/Project/duckdb-polr/third_party/re2 -I/home/pei/Project/duckdb-polr/third_party/miniz -I/home/pei/Project/duckdb-polr/third_party/utf8proc/include -I/home/pei/Project/duckdb-polr/third_party/miniparquet -I/home/pei/Project/duckdb-polr/third_party/concurrentqueue -I/home/pei/Project/duckdb-polr/third_party/pcg -I/home/pei/Project/duckdb-polr/third_party/tdigest -I/home/pei/Project/duckdb-polr/third_party/mbedtls/include -I/home/pei/Project/duckdb-polr/third_party/jaro_winkler -I/home/pei/Project/duckdb-polr/extension/parquet/include -I/home/pei/Project/duckdb-polr/extension/parquet/../../third_party/parquet -I/home/pei/Project/duckdb-polr/extension/parquet/../../third_party/snappy -I/home/pei/Project/duckdb-polr/extension/parquet/../../third_party/miniz -I/home/pei/Project/duckdb-polr/extension/parquet/../../third_party/thrift -I/home/pei/Project/duckdb-polr/extension/parquet/../../third_party/zstd/include -O3 -DNDEBUG -O3 -DNDEBUG   -fPIC -fdiagnostics-color=always -std=c++11 -MD -MT extension/parquet/CMakeFiles/parquet_loadable_extension.dir/__/__/third_party/zstd/compress/huf_compress.cpp.o -MF extension/parquet/CMakeFiles/parquet_loadable_extension.dir/__/__/third_party/zstd/compress/huf_compress.cpp.o.d -o extension/parquet/CMakeFiles/parquet_loadable_extension.dir/__/__/third_party/zstd/compress/huf_compress.cpp.o -c /home/pei/Project/duckdb-polr/third_party/zstd/compress/huf_compress.cpp
[185/376] /usr/bin/ccache /usr/lib/ccache/c++ -DDUCKDB_BUILD_LIBRARY -DDUCKDB_BUILD_LOADABLE_EXTENSION -DENABLE_CROSS_PRODUCT_REWRITE=0 -DENABLE_DEBUG_PRINT=0 -DENABLE_MEASURE_EXE_TIME=0 -DENABLE_MERGE_BACK_PLAN=0 -DENABLE_PARALLEL_EXECUTION=0 -DENABLE_QUERY_SPLIT=1 -DENABLE_SPECIFY_EST_STAT=0 -I/home/pei/Project/duckdb-polr/src/include -I/home/pei/Project/duckdb-polr/third_party/fsst -I/home/pei/Project/duckdb-polr/third_party/fmt/include -I/home/pei/Project/duckdb-polr/third_party/hyperloglog -I/home/pei/Project/duckdb-polr/third_party/fastpforlib -I/home/pei/Project/duckdb-polr/third_party/fast_float -I/home/pei/Project/duckdb-polr/third_party/re2 -I/home/pei/Project/duckdb-polr/third_party/miniz -I/home/pei/Project/duckdb-polr/third_party/utf8proc/include -I/home/pei/Project/duckdb-polr/third_party/miniparquet -I/home/pei/Project/duckdb-polr/third_party/concurrentqueue -I/home/pei/Project/duckdb-polr/third_party/pcg -I/home/pei/Project/duckdb-polr/third_party/tdigest -I/home/pei/Project/duckdb-polr/third_party/mbedtls/include -I/home/pei/Project/duckdb-polr/third_party/jaro_winkler -I/home/pei/Project/duckdb-polr/extension/parquet/include -I/home/pei/Project/duckdb-polr/extension/parquet/../../third_party/parquet -I/home/pei/Project/duckdb-polr/extension/parquet/../../third_party/snappy -I/home/pei/Project/duckdb-polr/extension/parquet/../../third_party/miniz -I/home/pei/Project/duckdb-polr/extension/parquet/../../third_party/thrift -I/home/pei/Project/duckdb-polr/extension/parquet/../../third_party/zstd/include -O3 -DNDEBUG -O3 -DNDEBUG   -fPIC -fdiagnostics-color=always -std=c++11 -MD -MT extension/parquet/CMakeFiles/parquet_loadable_extension.dir/__/__/third_party/zstd/compress/zstd_compress.cpp.o -MF extension/parquet/CMakeFiles/parquet_loadable_extension.dir/__/__/third_party/zstd/compress/zstd_compress.cpp.o.d -o extension/parquet/CMakeFiles/parquet_loadable_extension.dir/__/__/third_party/zstd/compress/zstd_compress.cpp.o -c /home/pei/Project/duckdb-polr/third_party/zstd/compress/zstd_compress.cpp
[186/376] /usr/bin/ccache /usr/lib/ccache/c++ -DDUCKDB_BUILD_LIBRARY -DDUCKDB_BUILD_LOADABLE_EXTENSION -DENABLE_CROSS_PRODUCT_REWRITE=0 -DENABLE_DEBUG_PRINT=0 -DENABLE_MEASURE_EXE_TIME=0 -DENABLE_MERGE_BACK_PLAN=0 -DENABLE_PARALLEL_EXECUTION=0 -DENABLE_QUERY_SPLIT=1 -DENABLE_SPECIFY_EST_STAT=0 -I/home/pei/Project/duckdb-polr/src/include -I/home/pei/Project/duckdb-polr/third_party/fsst -I/home/pei/Project/duckdb-polr/third_party/fmt/include -I/home/pei/Project/duckdb-polr/third_party/hyperloglog -I/home/pei/Project/duckdb-polr/third_party/fastpforlib -I/home/pei/Project/duckdb-polr/third_party/fast_float -I/home/pei/Project/duckdb-polr/third_party/re2 -I/home/pei/Project/duckdb-polr/third_party/miniz -I/home/pei/Project/duckdb-polr/third_party/utf8proc/include -I/home/pei/Project/duckdb-polr/third_party/miniparquet -I/home/pei/Project/duckdb-polr/third_party/concurrentqueue -I/home/pei/Project/duckdb-polr/third_party/pcg -I/home/pei/Project/duckdb-polr/third_party/tdigest -I/home/pei/Project/duckdb-polr/third_party/mbedtls/include -I/home/pei/Project/duckdb-polr/third_party/jaro_winkler -I/home/pei/Project/duckdb-polr/extension/parquet/include -I/home/pei/Project/duckdb-polr/extension/parquet/../../third_party/parquet -I/home/pei/Project/duckdb-polr/extension/parquet/../../third_party/snappy -I/home/pei/Project/duckdb-polr/extension/parquet/../../third_party/miniz -I/home/pei/Project/duckdb-polr/extension/parquet/../../third_party/thrift -I/home/pei/Project/duckdb-polr/extension/parquet/../../third_party/zstd/include -O3 -DNDEBUG -O3 -DNDEBUG   -fPIC -fdiagnostics-color=always -std=c++11 -MD -MT extension/parquet/CMakeFiles/parquet_loadable_extension.dir/__/__/third_party/zstd/compress/zstd_compress_literals.cpp.o -MF extension/parquet/CMakeFiles/parquet_loadable_extension.dir/__/__/third_party/zstd/compress/zstd_compress_literals.cpp.o.d -o extension/parquet/CMakeFiles/parquet_loadable_extension.dir/__/__/third_party/zstd/compress/zstd_compress_literals.cpp.o -c /home/pei/Project/duckdb-polr/third_party/zstd/compress/zstd_compress_literals.cpp
[187/376] /usr/bin/ccache /usr/lib/ccache/c++ -DDUCKDB_BUILD_LIBRARY -DDUCKDB_BUILD_LOADABLE_EXTENSION -DENABLE_CROSS_PRODUCT_REWRITE=0 -DENABLE_DEBUG_PRINT=0 -DENABLE_MEASURE_EXE_TIME=0 -DENABLE_MERGE_BACK_PLAN=0 -DENABLE_PARALLEL_EXECUTION=0 -DENABLE_QUERY_SPLIT=1 -DENABLE_SPECIFY_EST_STAT=0 -I/home/pei/Project/duckdb-polr/src/include -I/home/pei/Project/duckdb-polr/third_party/fsst -I/home/pei/Project/duckdb-polr/third_party/fmt/include -I/home/pei/Project/duckdb-polr/third_party/hyperloglog -I/home/pei/Project/duckdb-polr/third_party/fastpforlib -I/home/pei/Project/duckdb-polr/third_party/fast_float -I/home/pei/Project/duckdb-polr/third_party/re2 -I/home/pei/Project/duckdb-polr/third_party/miniz -I/home/pei/Project/duckdb-polr/third_party/utf8proc/include -I/home/pei/Project/duckdb-polr/third_party/miniparquet -I/home/pei/Project/duckdb-polr/third_party/concurrentqueue -I/home/pei/Project/duckdb-polr/third_party/pcg -I/home/pei/Project/duckdb-polr/third_party/tdigest -I/home/pei/Project/duckdb-polr/third_party/mbedtls/include -I/home/pei/Project/duckdb-polr/third_party/jaro_winkler -I/home/pei/Project/duckdb-polr/extension/parquet/include -I/home/pei/Project/duckdb-polr/extension/parquet/../../third_party/parquet -I/home/pei/Project/duckdb-polr/extension/parquet/../../third_party/snappy -I/home/pei/Project/duckdb-polr/extension/parquet/../../third_party/miniz -I/home/pei/Project/duckdb-polr/extension/parquet/../../third_party/thrift -I/home/pei/Project/duckdb-polr/extension/parquet/../../third_party/zstd/include -O3 -DNDEBUG -O3 -DNDEBUG   -fPIC -fdiagnostics-color=always -std=c++11 -MD -MT extension/parquet/CMakeFiles/parquet_loadable_extension.dir/__/__/third_party/zstd/compress/zstd_compress_sequences.cpp.o -MF extension/parquet/CMakeFiles/parquet_loadable_extension.dir/__/__/third_party/zstd/compress/zstd_compress_sequences.cpp.o.d -o extension/parquet/CMakeFiles/parquet_loadable_extension.dir/__/__/third_party/zstd/compress/zstd_compress_sequences.cpp.o -c /home/pei/Project/duckdb-polr/third_party/zstd/compress/zstd_compress_sequences.cpp
[188/376] /usr/bin/ccache /usr/lib/ccache/c++ -DDUCKDB_BUILD_LIBRARY -DDUCKDB_BUILD_LOADABLE_EXTENSION -DENABLE_CROSS_PRODUCT_REWRITE=0 -DENABLE_DEBUG_PRINT=0 -DENABLE_MEASURE_EXE_TIME=0 -DENABLE_MERGE_BACK_PLAN=0 -DENABLE_PARALLEL_EXECUTION=0 -DENABLE_QUERY_SPLIT=1 -DENABLE_SPECIFY_EST_STAT=0 -I/home/pei/Project/duckdb-polr/src/include -I/home/pei/Project/duckdb-polr/third_party/fsst -I/home/pei/Project/duckdb-polr/third_party/fmt/include -I/home/pei/Project/duckdb-polr/third_party/hyperloglog -I/home/pei/Project/duckdb-polr/third_party/fastpforlib -I/home/pei/Project/duckdb-polr/third_party/fast_float -I/home/pei/Project/duckdb-polr/third_party/re2 -I/home/pei/Project/duckdb-polr/third_party/miniz -I/home/pei/Project/duckdb-polr/third_party/utf8proc/include -I/home/pei/Project/duckdb-polr/third_party/miniparquet -I/home/pei/Project/duckdb-polr/third_party/concurrentqueue -I/home/pei/Project/duckdb-polr/third_party/pcg -I/home/pei/Project/duckdb-polr/third_party/tdigest -I/home/pei/Project/duckdb-polr/third_party/mbedtls/include -I/home/pei/Project/duckdb-polr/third_party/jaro_winkler -I/home/pei/Project/duckdb-polr/extension/parquet/include -I/home/pei/Project/duckdb-polr/extension/parquet/../../third_party/parquet -I/home/pei/Project/duckdb-polr/extension/parquet/../../third_party/snappy -I/home/pei/Project/duckdb-polr/extension/parquet/../../third_party/miniz -I/home/pei/Project/duckdb-polr/extension/parquet/../../third_party/thrift -I/home/pei/Project/duckdb-polr/extension/parquet/../../third_party/zstd/include -O3 -DNDEBUG -O3 -DNDEBUG   -fPIC -fdiagnostics-color=always -std=c++11 -MD -MT extension/parquet/CMakeFiles/parquet_loadable_extension.dir/__/__/third_party/zstd/compress/zstd_compress_superblock.cpp.o -MF extension/parquet/CMakeFiles/parquet_loadable_extension.dir/__/__/third_party/zstd/compress/zstd_compress_superblock.cpp.o.d -o extension/parquet/CMakeFiles/parquet_loadable_extension.dir/__/__/third_party/zstd/compress/zstd_compress_superblock.cpp.o -c /home/pei/Project/duckdb-polr/third_party/zstd/compress/zstd_compress_superblock.cpp
[189/376] /usr/bin/ccache /usr/lib/ccache/c++ -DDUCKDB_BUILD_LIBRARY -DDUCKDB_BUILD_LOADABLE_EXTENSION -DENABLE_CROSS_PRODUCT_REWRITE=0 -DENABLE_DEBUG_PRINT=0 -DENABLE_MEASURE_EXE_TIME=0 -DENABLE_MERGE_BACK_PLAN=0 -DENABLE_PARALLEL_EXECUTION=0 -DENABLE_QUERY_SPLIT=1 -DENABLE_SPECIFY_EST_STAT=0 -I/home/pei/Project/duckdb-polr/src/include -I/home/pei/Project/duckdb-polr/third_party/fsst -I/home/pei/Project/duckdb-polr/third_party/fmt/include -I/home/pei/Project/duckdb-polr/third_party/hyperloglog -I/home/pei/Project/duckdb-polr/third_party/fastpforlib -I/home/pei/Project/duckdb-polr/third_party/fast_float -I/home/pei/Project/duckdb-polr/third_party/re2 -I/home/pei/Project/duckdb-polr/third_party/miniz -I/home/pei/Project/duckdb-polr/third_party/utf8proc/include -I/home/pei/Project/duckdb-polr/third_party/miniparquet -I/home/pei/Project/duckdb-polr/third_party/concurrentqueue -I/home/pei/Project/duckdb-polr/third_party/pcg -I/home/pei/Project/duckdb-polr/third_party/tdigest -I/home/pei/Project/duckdb-polr/third_party/mbedtls/include -I/home/pei/Project/duckdb-polr/third_party/jaro_winkler -I/home/pei/Project/duckdb-polr/extension/parquet/include -I/home/pei/Project/duckdb-polr/extension/parquet/../../third_party/parquet -I/home/pei/Project/duckdb-polr/extension/parquet/../../third_party/snappy -I/home/pei/Project/duckdb-polr/extension/parquet/../../third_party/miniz -I/home/pei/Project/duckdb-polr/extension/parquet/../../third_party/thrift -I/home/pei/Project/duckdb-polr/extension/parquet/../../third_party/zstd/include -O3 -DNDEBUG -O3 -DNDEBUG   -fPIC -fdiagnostics-color=always -std=c++11 -MD -MT extension/parquet/CMakeFiles/parquet_loadable_extension.dir/__/__/third_party/zstd/compress/zstd_double_fast.cpp.o -MF extension/parquet/CMakeFiles/parquet_loadable_extension.dir/__/__/third_party/zstd/compress/zstd_double_fast.cpp.o.d -o extension/parquet/CMakeFiles/parquet_loadable_extension.dir/__/__/third_party/zstd/compress/zstd_double_fast.cpp.o -c /home/pei/Project/duckdb-polr/third_party/zstd/compress/zstd_double_fast.cpp
[190/376] /usr/bin/ccache /usr/lib/ccache/c++ -DDUCKDB_BUILD_LIBRARY -DDUCKDB_BUILD_LOADABLE_EXTENSION -DENABLE_CROSS_PRODUCT_REWRITE=0 -DENABLE_DEBUG_PRINT=0 -DENABLE_MEASURE_EXE_TIME=0 -DENABLE_MERGE_BACK_PLAN=0 -DENABLE_PARALLEL_EXECUTION=0 -DENABLE_QUERY_SPLIT=1 -DENABLE_SPECIFY_EST_STAT=0 -I/home/pei/Project/duckdb-polr/src/include -I/home/pei/Project/duckdb-polr/third_party/fsst -I/home/pei/Project/duckdb-polr/third_party/fmt/include -I/home/pei/Project/duckdb-polr/third_party/hyperloglog -I/home/pei/Project/duckdb-polr/third_party/fastpforlib -I/home/pei/Project/duckdb-polr/third_party/fast_float -I/home/pei/Project/duckdb-polr/third_party/re2 -I/home/pei/Project/duckdb-polr/third_party/miniz -I/home/pei/Project/duckdb-polr/third_party/utf8proc/include -I/home/pei/Project/duckdb-polr/third_party/miniparquet -I/home/pei/Project/duckdb-polr/third_party/concurrentqueue -I/home/pei/Project/duckdb-polr/third_party/pcg -I/home/pei/Project/duckdb-polr/third_party/tdigest -I/home/pei/Project/duckdb-polr/third_party/mbedtls/include -I/home/pei/Project/duckdb-polr/third_party/jaro_winkler -I/home/pei/Project/duckdb-polr/extension/parquet/include -I/home/pei/Project/duckdb-polr/extension/parquet/../../third_party/parquet -I/home/pei/Project/duckdb-polr/extension/parquet/../../third_party/snappy -I/home/pei/Project/duckdb-polr/extension/parquet/../../third_party/miniz -I/home/pei/Project/duckdb-polr/extension/parquet/../../third_party/thrift -I/home/pei/Project/duckdb-polr/extension/parquet/../../third_party/zstd/include -O3 -DNDEBUG -O3 -DNDEBUG   -fPIC -fdiagnostics-color=always -std=c++11 -MD -MT extension/parquet/CMakeFiles/parquet_loadable_extension.dir/__/__/third_party/zstd/compress/zstd_fast.cpp.o -MF extension/parquet/CMakeFiles/parquet_loadable_extension.dir/__/__/third_party/zstd/compress/zstd_fast.cpp.o.d -o extension/parquet/CMakeFiles/parquet_loadable_extension.dir/__/__/third_party/zstd/compress/zstd_fast.cpp.o -c /home/pei/Project/duckdb-polr/third_party/zstd/compress/zstd_fast.cpp
[191/376] /usr/bin/ccache /usr/lib/ccache/c++ -DDUCKDB_BUILD_LIBRARY -DDUCKDB_BUILD_LOADABLE_EXTENSION -DENABLE_CROSS_PRODUCT_REWRITE=0 -DENABLE_DEBUG_PRINT=0 -DENABLE_MEASURE_EXE_TIME=0 -DENABLE_MERGE_BACK_PLAN=0 -DENABLE_PARALLEL_EXECUTION=0 -DENABLE_QUERY_SPLIT=1 -DENABLE_SPECIFY_EST_STAT=0 -I/home/pei/Project/duckdb-polr/src/include -I/home/pei/Project/duckdb-polr/third_party/fsst -I/home/pei/Project/duckdb-polr/third_party/fmt/include -I/home/pei/Project/duckdb-polr/third_party/hyperloglog -I/home/pei/Project/duckdb-polr/third_party/fastpforlib -I/home/pei/Project/duckdb-polr/third_party/fast_float -I/home/pei/Project/duckdb-polr/third_party/re2 -I/home/pei/Project/duckdb-polr/third_party/miniz -I/home/pei/Project/duckdb-polr/third_party/utf8proc/include -I/home/pei/Project/duckdb-polr/third_party/miniparquet -I/home/pei/Project/duckdb-polr/third_party/concurrentqueue -I/home/pei/Project/duckdb-polr/third_party/pcg -I/home/pei/Project/duckdb-polr/third_party/tdigest -I/home/pei/Project/duckdb-polr/third_party/mbedtls/include -I/home/pei/Project/duckdb-polr/third_party/jaro_winkler -I/home/pei/Project/duckdb-polr/extension/parquet/include -I/home/pei/Project/duckdb-polr/extension/parquet/../../third_party/parquet -I/home/pei/Project/duckdb-polr/extension/parquet/../../third_party/snappy -I/home/pei/Project/duckdb-polr/extension/parquet/../../third_party/miniz -I/home/pei/Project/duckdb-polr/extension/parquet/../../third_party/thrift -I/home/pei/Project/duckdb-polr/extension/parquet/../../third_party/zstd/include -O3 -DNDEBUG -O3 -DNDEBUG   -fPIC -fdiagnostics-color=always -std=c++11 -MD -MT extension/parquet/CMakeFiles/parquet_loadable_extension.dir/__/__/third_party/zstd/compress/zstd_lazy.cpp.o -MF extension/parquet/CMakeFiles/parquet_loadable_extension.dir/__/__/third_party/zstd/compress/zstd_lazy.cpp.o.d -o extension/parquet/CMakeFiles/parquet_loadable_extension.dir/__/__/third_party/zstd/compress/zstd_lazy.cpp.o -c /home/pei/Project/duckdb-polr/third_party/zstd/compress/zstd_lazy.cpp
[192/376] /usr/bin/ccache /usr/lib/ccache/c++ -DDUCKDB_BUILD_LIBRARY -DDUCKDB_BUILD_LOADABLE_EXTENSION -DENABLE_CROSS_PRODUCT_REWRITE=0 -DENABLE_DEBUG_PRINT=0 -DENABLE_MEASURE_EXE_TIME=0 -DENABLE_MERGE_BACK_PLAN=0 -DENABLE_PARALLEL_EXECUTION=0 -DENABLE_QUERY_SPLIT=1 -DENABLE_SPECIFY_EST_STAT=0 -I/home/pei/Project/duckdb-polr/src/include -I/home/pei/Project/duckdb-polr/third_party/fsst -I/home/pei/Project/duckdb-polr/third_party/fmt/include -I/home/pei/Project/duckdb-polr/third_party/hyperloglog -I/home/pei/Project/duckdb-polr/third_party/fastpforlib -I/home/pei/Project/duckdb-polr/third_party/fast_float -I/home/pei/Project/duckdb-polr/third_party/re2 -I/home/pei/Project/duckdb-polr/third_party/miniz -I/home/pei/Project/duckdb-polr/third_party/utf8proc/include -I/home/pei/Project/duckdb-polr/third_party/miniparquet -I/home/pei/Project/duckdb-polr/third_party/concurrentqueue -I/home/pei/Project/duckdb-polr/third_party/pcg -I/home/pei/Project/duckdb-polr/third_party/tdigest -I/home/pei/Project/duckdb-polr/third_party/mbedtls/include -I/home/pei/Project/duckdb-polr/third_party/jaro_winkler -I/home/pei/Project/duckdb-polr/extension/parquet/include -I/home/pei/Project/duckdb-polr/extension/parquet/../../third_party/parquet -I/home/pei/Project/duckdb-polr/extension/parquet/../../third_party/snappy -I/home/pei/Project/duckdb-polr/extension/parquet/../../third_party/miniz -I/home/pei/Project/duckdb-polr/extension/parquet/../../third_party/thrift -I/home/pei/Project/duckdb-polr/extension/parquet/../../third_party/zstd/include -O3 -DNDEBUG -O3 -DNDEBUG   -fPIC -fdiagnostics-color=always -std=c++11 -MD -MT extension/parquet/CMakeFiles/parquet_loadable_extension.dir/__/__/third_party/zstd/compress/zstd_ldm.cpp.o -MF extension/parquet/CMakeFiles/parquet_loadable_extension.dir/__/__/third_party/zstd/compress/zstd_ldm.cpp.o.d -o extension/parquet/CMakeFiles/parquet_loadable_extension.dir/__/__/third_party/zstd/compress/zstd_ldm.cpp.o -c /home/pei/Project/duckdb-polr/third_party/zstd/compress/zstd_ldm.cpp
[193/376] /usr/bin/ccache /usr/lib/ccache/c++ -DDUCKDB_BUILD_LIBRARY -DENABLE_CROSS_PRODUCT_REWRITE=0 -DENABLE_DEBUG_PRINT=0 -DENABLE_MEASURE_EXE_TIME=0 -DENABLE_MERGE_BACK_PLAN=0 -DENABLE_PARALLEL_EXECUTION=0 -DENABLE_QUERY_SPLIT=1 -DENABLE_SPECIFY_EST_STAT=0 -I/home/pei/Project/duckdb-polr/src/include -I/home/pei/Project/duckdb-polr/third_party/fsst -I/home/pei/Project/duckdb-polr/third_party/fmt/include -I/home/pei/Project/duckdb-polr/third_party/hyperloglog -I/home/pei/Project/duckdb-polr/third_party/fastpforlib -I/home/pei/Project/duckdb-polr/third_party/fast_float -I/home/pei/Project/duckdb-polr/third_party/re2 -I/home/pei/Project/duckdb-polr/third_party/miniz -I/home/pei/Project/duckdb-polr/third_party/utf8proc/include -I/home/pei/Project/duckdb-polr/third_party/miniparquet -I/home/pei/Project/duckdb-polr/third_party/concurrentqueue -I/home/pei/Project/duckdb-polr/third_party/pcg -I/home/pei/Project/duckdb-polr/third_party/tdigest -I/home/pei/Project/duckdb-polr/third_party/mbedtls/include -I/home/pei/Project/duckdb-polr/third_party/jaro_winkler -I/home/pei/Project/duckdb-polr/extension/parquet/include -I/home/pei/Project/duckdb-polr/extension/parquet/../../third_party/parquet -I/home/pei/Project/duckdb-polr/extension/parquet/../../third_party/snappy -I/home/pei/Project/duckdb-polr/extension/parquet/../../third_party/miniz -I/home/pei/Project/duckdb-polr/extension/parquet/../../third_party/thrift -I/home/pei/Project/duckdb-polr/extension/parquet/../../third_party/zstd/include -O3 -DNDEBUG -O3 -DNDEBUG   -fPIC -fdiagnostics-color=always -std=c++11 -MD -MT extension/parquet/CMakeFiles/parquet_extension.dir/parquet-extension.cpp.o -MF extension/parquet/CMakeFiles/parquet_extension.dir/parquet-extension.cpp.o.d -o extension/parquet/CMakeFiles/parquet_extension.dir/parquet-extension.cpp.o -c /home/pei/Project/duckdb-polr/extension/parquet/parquet-extension.cpp
[194/376] /usr/bin/ccache /usr/lib/ccache/c++ -DDUCKDB_BUILD_LIBRARY -DDUCKDB_BUILD_LOADABLE_EXTENSION -DENABLE_CROSS_PRODUCT_REWRITE=0 -DENABLE_DEBUG_PRINT=0 -DENABLE_MEASURE_EXE_TIME=0 -DENABLE_MERGE_BACK_PLAN=0 -DENABLE_PARALLEL_EXECUTION=0 -DENABLE_QUERY_SPLIT=1 -DENABLE_SPECIFY_EST_STAT=0 -I/home/pei/Project/duckdb-polr/src/include -I/home/pei/Project/duckdb-polr/third_party/fsst -I/home/pei/Project/duckdb-polr/third_party/fmt/include -I/home/pei/Project/duckdb-polr/third_party/hyperloglog -I/home/pei/Project/duckdb-polr/third_party/fastpforlib -I/home/pei/Project/duckdb-polr/third_party/fast_float -I/home/pei/Project/duckdb-polr/third_party/re2 -I/home/pei/Project/duckdb-polr/third_party/miniz -I/home/pei/Project/duckdb-polr/third_party/utf8proc/include -I/home/pei/Project/duckdb-polr/third_party/miniparquet -I/home/pei/Project/duckdb-polr/third_party/concurrentqueue -I/home/pei/Project/duckdb-polr/third_party/pcg -I/home/pei/Project/duckdb-polr/third_party/tdigest -I/home/pei/Project/duckdb-polr/third_party/mbedtls/include -I/home/pei/Project/duckdb-polr/third_party/jaro_winkler -I/home/pei/Project/duckdb-polr/extension/parquet/include -I/home/pei/Project/duckdb-polr/extension/parquet/../../third_party/parquet -I/home/pei/Project/duckdb-polr/extension/parquet/../../third_party/snappy -I/home/pei/Project/duckdb-polr/extension/parquet/../../third_party/miniz -I/home/pei/Project/duckdb-polr/extension/parquet/../../third_party/thrift -I/home/pei/Project/duckdb-polr/extension/parquet/../../third_party/zstd/include -O3 -DNDEBUG -O3 -DNDEBUG   -fPIC -fdiagnostics-color=always -std=c++11 -MD -MT extension/parquet/CMakeFiles/parquet_loadable_extension.dir/__/__/third_party/zstd/compress/zstd_opt.cpp.o -MF extension/parquet/CMakeFiles/parquet_loadable_extension.dir/__/__/third_party/zstd/compress/zstd_opt.cpp.o.d -o extension/parquet/CMakeFiles/parquet_loadable_extension.dir/__/__/third_party/zstd/compress/zstd_opt.cpp.o -c /home/pei/Project/duckdb-polr/third_party/zstd/compress/zstd_opt.cpp
[195/376] /usr/bin/ccache /usr/lib/ccache/c++ -DDUCKDB_BUILD_LIBRARY -DENABLE_CROSS_PRODUCT_REWRITE=0 -DENABLE_DEBUG_PRINT=0 -DENABLE_MEASURE_EXE_TIME=0 -DENABLE_MERGE_BACK_PLAN=0 -DENABLE_PARALLEL_EXECUTION=0 -DENABLE_QUERY_SPLIT=1 -DENABLE_SPECIFY_EST_STAT=0 -DJEMALLOC_NO_PRIVATE_NAMESPACE -DJEMALLOC_NO_RENAME -I/home/pei/Project/duckdb-polr/src/include -I/home/pei/Project/duckdb-polr/third_party/fsst -I/home/pei/Project/duckdb-polr/third_party/fmt/include -I/home/pei/Project/duckdb-polr/third_party/hyperloglog -I/home/pei/Project/duckdb-polr/third_party/fastpforlib -I/home/pei/Project/duckdb-polr/third_party/fast_float -I/home/pei/Project/duckdb-polr/third_party/re2 -I/home/pei/Project/duckdb-polr/third_party/miniz -I/home/pei/Project/duckdb-polr/third_party/utf8proc/include -I/home/pei/Project/duckdb-polr/third_party/miniparquet -I/home/pei/Project/duckdb-polr/third_party/concurrentqueue -I/home/pei/Project/duckdb-polr/third_party/pcg -I/home/pei/Project/duckdb-polr/third_party/tdigest -I/home/pei/Project/duckdb-polr/third_party/mbedtls/include -I/home/pei/Project/duckdb-polr/third_party/jaro_winkler -I/home/pei/Project/duckdb-polr/extension/jemalloc/include -I/home/pei/Project/duckdb-polr/extension/jemalloc/jemalloc/include -O3 -DNDEBUG -O3 -DNDEBUG   -fPIC -fdiagnostics-color=always -w -std=c++11 -MD -MT extension/jemalloc/jemalloc/CMakeFiles/jemalloc.dir/src/arena.cpp.o -MF extension/jemalloc/jemalloc/CMakeFiles/jemalloc.dir/src/arena.cpp.o.d -o extension/jemalloc/jemalloc/CMakeFiles/jemalloc.dir/src/arena.cpp.o -c /home/pei/Project/duckdb-polr/extension/jemalloc/jemalloc/src/arena.cpp
[196/376] /usr/bin/ccache /usr/lib/ccache/c++ -DDUCKDB_BUILD_LIBRARY -DENABLE_CROSS_PRODUCT_REWRITE=0 -DENABLE_DEBUG_PRINT=0 -DENABLE_MEASURE_EXE_TIME=0 -DENABLE_MERGE_BACK_PLAN=0 -DENABLE_PARALLEL_EXECUTION=0 -DENABLE_QUERY_SPLIT=1 -DENABLE_SPECIFY_EST_STAT=0 -DJEMALLOC_NO_PRIVATE_NAMESPACE -DJEMALLOC_NO_RENAME -I/home/pei/Project/duckdb-polr/src/include -I/home/pei/Project/duckdb-polr/third_party/fsst -I/home/pei/Project/duckdb-polr/third_party/fmt/include -I/home/pei/Project/duckdb-polr/third_party/hyperloglog -I/home/pei/Project/duckdb-polr/third_party/fastpforlib -I/home/pei/Project/duckdb-polr/third_party/fast_float -I/home/pei/Project/duckdb-polr/third_party/re2 -I/home/pei/Project/duckdb-polr/third_party/miniz -I/home/pei/Project/duckdb-polr/third_party/utf8proc/include -I/home/pei/Project/duckdb-polr/third_party/miniparquet -I/home/pei/Project/duckdb-polr/third_party/concurrentqueue -I/home/pei/Project/duckdb-polr/third_party/pcg -I/home/pei/Project/duckdb-polr/third_party/tdigest -I/home/pei/Project/duckdb-polr/third_party/mbedtls/include -I/home/pei/Project/duckdb-polr/third_party/jaro_winkler -I/home/pei/Project/duckdb-polr/extension/jemalloc/include -I/home/pei/Project/duckdb-polr/extension/jemalloc/jemalloc/include -O3 -DNDEBUG -O3 -DNDEBUG   -fPIC -fdiagnostics-color=always -w -std=c++11 -MD -MT extension/jemalloc/jemalloc/CMakeFiles/jemalloc.dir/src/background_thread.cpp.o -MF extension/jemalloc/jemalloc/CMakeFiles/jemalloc.dir/src/background_thread.cpp.o.d -o extension/jemalloc/jemalloc/CMakeFiles/jemalloc.dir/src/background_thread.cpp.o -c /home/pei/Project/duckdb-polr/extension/jemalloc/jemalloc/src/background_thread.cpp
[197/376] /usr/bin/ccache /usr/lib/ccache/c++ -DDUCKDB_BUILD_LIBRARY -DENABLE_CROSS_PRODUCT_REWRITE=0 -DENABLE_DEBUG_PRINT=0 -DENABLE_MEASURE_EXE_TIME=0 -DENABLE_MERGE_BACK_PLAN=0 -DENABLE_PARALLEL_EXECUTION=0 -DENABLE_QUERY_SPLIT=1 -DENABLE_SPECIFY_EST_STAT=0 -DJEMALLOC_NO_PRIVATE_NAMESPACE -DJEMALLOC_NO_RENAME -I/home/pei/Project/duckdb-polr/src/include -I/home/pei/Project/duckdb-polr/third_party/fsst -I/home/pei/Project/duckdb-polr/third_party/fmt/include -I/home/pei/Project/duckdb-polr/third_party/hyperloglog -I/home/pei/Project/duckdb-polr/third_party/fastpforlib -I/home/pei/Project/duckdb-polr/third_party/fast_float -I/home/pei/Project/duckdb-polr/third_party/re2 -I/home/pei/Project/duckdb-polr/third_party/miniz -I/home/pei/Project/duckdb-polr/third_party/utf8proc/include -I/home/pei/Project/duckdb-polr/third_party/miniparquet -I/home/pei/Project/duckdb-polr/third_party/concurrentqueue -I/home/pei/Project/duckdb-polr/third_party/pcg -I/home/pei/Project/duckdb-polr/third_party/tdigest -I/home/pei/Project/duckdb-polr/third_party/mbedtls/include -I/home/pei/Project/duckdb-polr/third_party/jaro_winkler -I/home/pei/Project/duckdb-polr/extension/jemalloc/include -I/home/pei/Project/duckdb-polr/extension/jemalloc/jemalloc/include -O3 -DNDEBUG -O3 -DNDEBUG   -fPIC -fdiagnostics-color=always -w -std=c++11 -MD -MT extension/jemalloc/jemalloc/CMakeFiles/jemalloc.dir/src/base.cpp.o -MF extension/jemalloc/jemalloc/CMakeFiles/jemalloc.dir/src/base.cpp.o.d -o extension/jemalloc/jemalloc/CMakeFiles/jemalloc.dir/src/base.cpp.o -c /home/pei/Project/duckdb-polr/extension/jemalloc/jemalloc/src/base.cpp
[198/376] /usr/bin/ccache /usr/lib/ccache/c++ -DDUCKDB_BUILD_LIBRARY -DENABLE_CROSS_PRODUCT_REWRITE=0 -DENABLE_DEBUG_PRINT=0 -DENABLE_MEASURE_EXE_TIME=0 -DENABLE_MERGE_BACK_PLAN=0 -DENABLE_PARALLEL_EXECUTION=0 -DENABLE_QUERY_SPLIT=1 -DENABLE_SPECIFY_EST_STAT=0 -DJEMALLOC_NO_PRIVATE_NAMESPACE -DJEMALLOC_NO_RENAME -I/home/pei/Project/duckdb-polr/src/include -I/home/pei/Project/duckdb-polr/third_party/fsst -I/home/pei/Project/duckdb-polr/third_party/fmt/include -I/home/pei/Project/duckdb-polr/third_party/hyperloglog -I/home/pei/Project/duckdb-polr/third_party/fastpforlib -I/home/pei/Project/duckdb-polr/third_party/fast_float -I/home/pei/Project/duckdb-polr/third_party/re2 -I/home/pei/Project/duckdb-polr/third_party/miniz -I/home/pei/Project/duckdb-polr/third_party/utf8proc/include -I/home/pei/Project/duckdb-polr/third_party/miniparquet -I/home/pei/Project/duckdb-polr/third_party/concurrentqueue -I/home/pei/Project/duckdb-polr/third_party/pcg -I/home/pei/Project/duckdb-polr/third_party/tdigest -I/home/pei/Project/duckdb-polr/third_party/mbedtls/include -I/home/pei/Project/duckdb-polr/third_party/jaro_winkler -I/home/pei/Project/duckdb-polr/extension/jemalloc/include -I/home/pei/Project/duckdb-polr/extension/jemalloc/jemalloc/include -O3 -DNDEBUG -O3 -DNDEBUG   -fPIC -fdiagnostics-color=always -w -std=c++11 -MD -MT extension/jemalloc/jemalloc/CMakeFiles/jemalloc.dir/src/bin.cpp.o -MF extension/jemalloc/jemalloc/CMakeFiles/jemalloc.dir/src/bin.cpp.o.d -o extension/jemalloc/jemalloc/CMakeFiles/jemalloc.dir/src/bin.cpp.o -c /home/pei/Project/duckdb-polr/extension/jemalloc/jemalloc/src/bin.cpp
[199/376] /usr/bin/ccache /usr/lib/ccache/c++ -DDUCKDB -DDUCKDB_BUILD_LIBRARY -DDUCKDB_MAIN_LIBRARY -DENABLE_CROSS_PRODUCT_REWRITE=0 -DENABLE_DEBUG_PRINT=0 -DENABLE_MEASURE_EXE_TIME=0 -DENABLE_MERGE_BACK_PLAN=0 -DENABLE_PARALLEL_EXECUTION=0 -DENABLE_QUERY_SPLIT=1 -DENABLE_SPECIFY_EST_STAT=0 -I/home/pei/Project/duckdb-polr/src/include -I/home/pei/Project/duckdb-polr/third_party/fsst -I/home/pei/Project/duckdb-polr/third_party/fmt/include -I/home/pei/Project/duckdb-polr/third_party/hyperloglog -I/home/pei/Project/duckdb-polr/third_party/fastpforlib -I/home/pei/Project/duckdb-polr/third_party/fast_float -I/home/pei/Project/duckdb-polr/third_party/re2 -I/home/pei/Project/duckdb-polr/third_party/miniz -I/home/pei/Project/duckdb-polr/third_party/utf8proc/include -I/home/pei/Project/duckdb-polr/third_party/miniparquet -I/home/pei/Project/duckdb-polr/third_party/concurrentqueue -I/home/pei/Project/duckdb-polr/third_party/pcg -I/home/pei/Project/duckdb-polr/third_party/tdigest -I/home/pei/Project/duckdb-polr/third_party/mbedtls/include -I/home/pei/Project/duckdb-polr/third_party/jaro_winkler -O3 -DNDEBUG -O3 -DNDEBUG   -fPIC -fdiagnostics-color=always -std=c++11 -MD -MT src/storage/table/CMakeFiles/duckdb_storage_table.dir/ub_duckdb_storage_table.cpp.o -MF src/storage/table/CMakeFiles/duckdb_storage_table.dir/ub_duckdb_storage_table.cpp.o.d -o src/storage/table/CMakeFiles/duckdb_storage_table.dir/ub_duckdb_storage_table.cpp.o -c /home/pei/Project/duckdb-polr/build/release/src/storage/table/ub_duckdb_storage_table.cpp
[200/376] /usr/bin/ccache /usr/lib/ccache/c++ -DDUCKDB_BUILD_LIBRARY -DENABLE_CROSS_PRODUCT_REWRITE=0 -DENABLE_DEBUG_PRINT=0 -DENABLE_MEASURE_EXE_TIME=0 -DENABLE_MERGE_BACK_PLAN=0 -DENABLE_PARALLEL_EXECUTION=0 -DENABLE_QUERY_SPLIT=1 -DENABLE_SPECIFY_EST_STAT=0 -DJEMALLOC_NO_PRIVATE_NAMESPACE -DJEMALLOC_NO_RENAME -I/home/pei/Project/duckdb-polr/src/include -I/home/pei/Project/duckdb-polr/third_party/fsst -I/home/pei/Project/duckdb-polr/third_party/fmt/include -I/home/pei/Project/duckdb-polr/third_party/hyperloglog -I/home/pei/Project/duckdb-polr/third_party/fastpforlib -I/home/pei/Project/duckdb-polr/third_party/fast_float -I/home/pei/Project/duckdb-polr/third_party/re2 -I/home/pei/Project/duckdb-polr/third_party/miniz -I/home/pei/Project/duckdb-polr/third_party/utf8proc/include -I/home/pei/Project/duckdb-polr/third_party/miniparquet -I/home/pei/Project/duckdb-polr/third_party/concurrentqueue -I/home/pei/Project/duckdb-polr/third_party/pcg -I/home/pei/Project/duckdb-polr/third_party/tdigest -I/home/pei/Project/duckdb-polr/third_party/mbedtls/include -I/home/pei/Project/duckdb-polr/third_party/jaro_winkler -I/home/pei/Project/duckdb-polr/extension/jemalloc/include -I/home/pei/Project/duckdb-polr/extension/jemalloc/jemalloc/include -O3 -DNDEBUG -O3 -DNDEBUG   -fPIC -fdiagnostics-color=always -w -std=c++11 -MD -MT extension/jemalloc/jemalloc/CMakeFiles/jemalloc.dir/src/bin_info.cpp.o -MF extension/jemalloc/jemalloc/CMakeFiles/jemalloc.dir/src/bin_info.cpp.o.d -o extension/jemalloc/jemalloc/CMakeFiles/jemalloc.dir/src/bin_info.cpp.o -c /home/pei/Project/duckdb-polr/extension/jemalloc/jemalloc/src/bin_info.cpp
[201/376] /usr/bin/ccache /usr/lib/ccache/c++ -DDUCKDB_BUILD_LIBRARY -DENABLE_CROSS_PRODUCT_REWRITE=0 -DENABLE_DEBUG_PRINT=0 -DENABLE_MEASURE_EXE_TIME=0 -DENABLE_MERGE_BACK_PLAN=0 -DENABLE_PARALLEL_EXECUTION=0 -DENABLE_QUERY_SPLIT=1 -DENABLE_SPECIFY_EST_STAT=0 -DJEMALLOC_NO_PRIVATE_NAMESPACE -DJEMALLOC_NO_RENAME -I/home/pei/Project/duckdb-polr/src/include -I/home/pei/Project/duckdb-polr/third_party/fsst -I/home/pei/Project/duckdb-polr/third_party/fmt/include -I/home/pei/Project/duckdb-polr/third_party/hyperloglog -I/home/pei/Project/duckdb-polr/third_party/fastpforlib -I/home/pei/Project/duckdb-polr/third_party/fast_float -I/home/pei/Project/duckdb-polr/third_party/re2 -I/home/pei/Project/duckdb-polr/third_party/miniz -I/home/pei/Project/duckdb-polr/third_party/utf8proc/include -I/home/pei/Project/duckdb-polr/third_party/miniparquet -I/home/pei/Project/duckdb-polr/third_party/concurrentqueue -I/home/pei/Project/duckdb-polr/third_party/pcg -I/home/pei/Project/duckdb-polr/third_party/tdigest -I/home/pei/Project/duckdb-polr/third_party/mbedtls/include -I/home/pei/Project/duckdb-polr/third_party/jaro_winkler -I/home/pei/Project/duckdb-polr/extension/jemalloc/include -I/home/pei/Project/duckdb-polr/extension/jemalloc/jemalloc/include -O3 -DNDEBUG -O3 -DNDEBUG   -fPIC -fdiagnostics-color=always -w -std=c++11 -MD -MT extension/jemalloc/jemalloc/CMakeFiles/jemalloc.dir/src/bitmap.cpp.o -MF extension/jemalloc/jemalloc/CMakeFiles/jemalloc.dir/src/bitmap.cpp.o.d -o extension/jemalloc/jemalloc/CMakeFiles/jemalloc.dir/src/bitmap.cpp.o -c /home/pei/Project/duckdb-polr/extension/jemalloc/jemalloc/src/bitmap.cpp
[202/376] /usr/bin/ccache /usr/lib/ccache/c++ -DDUCKDB_BUILD_LIBRARY -DENABLE_CROSS_PRODUCT_REWRITE=0 -DENABLE_DEBUG_PRINT=0 -DENABLE_MEASURE_EXE_TIME=0 -DENABLE_MERGE_BACK_PLAN=0 -DENABLE_PARALLEL_EXECUTION=0 -DENABLE_QUERY_SPLIT=1 -DENABLE_SPECIFY_EST_STAT=0 -DJEMALLOC_NO_PRIVATE_NAMESPACE -DJEMALLOC_NO_RENAME -I/home/pei/Project/duckdb-polr/src/include -I/home/pei/Project/duckdb-polr/third_party/fsst -I/home/pei/Project/duckdb-polr/third_party/fmt/include -I/home/pei/Project/duckdb-polr/third_party/hyperloglog -I/home/pei/Project/duckdb-polr/third_party/fastpforlib -I/home/pei/Project/duckdb-polr/third_party/fast_float -I/home/pei/Project/duckdb-polr/third_party/re2 -I/home/pei/Project/duckdb-polr/third_party/miniz -I/home/pei/Project/duckdb-polr/third_party/utf8proc/include -I/home/pei/Project/duckdb-polr/third_party/miniparquet -I/home/pei/Project/duckdb-polr/third_party/concurrentqueue -I/home/pei/Project/duckdb-polr/third_party/pcg -I/home/pei/Project/duckdb-polr/third_party/tdigest -I/home/pei/Project/duckdb-polr/third_party/mbedtls/include -I/home/pei/Project/duckdb-polr/third_party/jaro_winkler -I/home/pei/Project/duckdb-polr/extension/jemalloc/include -I/home/pei/Project/duckdb-polr/extension/jemalloc/jemalloc/include -O3 -DNDEBUG -O3 -DNDEBUG   -fPIC -fdiagnostics-color=always -w -std=c++11 -MD -MT extension/jemalloc/jemalloc/CMakeFiles/jemalloc.dir/src/buf_writer.cpp.o -MF extension/jemalloc/jemalloc/CMakeFiles/jemalloc.dir/src/buf_writer.cpp.o.d -o extension/jemalloc/jemalloc/CMakeFiles/jemalloc.dir/src/buf_writer.cpp.o -c /home/pei/Project/duckdb-polr/extension/jemalloc/jemalloc/src/buf_writer.cpp
[203/376] /usr/bin/ccache /usr/lib/ccache/c++ -DDUCKDB_BUILD_LIBRARY -DENABLE_CROSS_PRODUCT_REWRITE=0 -DENABLE_DEBUG_PRINT=0 -DENABLE_MEASURE_EXE_TIME=0 -DENABLE_MERGE_BACK_PLAN=0 -DENABLE_PARALLEL_EXECUTION=0 -DENABLE_QUERY_SPLIT=1 -DENABLE_SPECIFY_EST_STAT=0 -DJEMALLOC_NO_PRIVATE_NAMESPACE -DJEMALLOC_NO_RENAME -I/home/pei/Project/duckdb-polr/src/include -I/home/pei/Project/duckdb-polr/third_party/fsst -I/home/pei/Project/duckdb-polr/third_party/fmt/include -I/home/pei/Project/duckdb-polr/third_party/hyperloglog -I/home/pei/Project/duckdb-polr/third_party/fastpforlib -I/home/pei/Project/duckdb-polr/third_party/fast_float -I/home/pei/Project/duckdb-polr/third_party/re2 -I/home/pei/Project/duckdb-polr/third_party/miniz -I/home/pei/Project/duckdb-polr/third_party/utf8proc/include -I/home/pei/Project/duckdb-polr/third_party/miniparquet -I/home/pei/Project/duckdb-polr/third_party/concurrentqueue -I/home/pei/Project/duckdb-polr/third_party/pcg -I/home/pei/Project/duckdb-polr/third_party/tdigest -I/home/pei/Project/duckdb-polr/third_party/mbedtls/include -I/home/pei/Project/duckdb-polr/third_party/jaro_winkler -I/home/pei/Project/duckdb-polr/extension/jemalloc/include -I/home/pei/Project/duckdb-polr/extension/jemalloc/jemalloc/include -O3 -DNDEBUG -O3 -DNDEBUG   -fPIC -fdiagnostics-color=always -w -std=c++11 -MD -MT extension/jemalloc/jemalloc/CMakeFiles/jemalloc.dir/src/cache_bin.cpp.o -MF extension/jemalloc/jemalloc/CMakeFiles/jemalloc.dir/src/cache_bin.cpp.o.d -o extension/jemalloc/jemalloc/CMakeFiles/jemalloc.dir/src/cache_bin.cpp.o -c /home/pei/Project/duckdb-polr/extension/jemalloc/jemalloc/src/cache_bin.cpp
[204/376] /usr/bin/ccache /usr/lib/ccache/c++ -DDUCKDB_BUILD_LIBRARY -DENABLE_CROSS_PRODUCT_REWRITE=0 -DENABLE_DEBUG_PRINT=0 -DENABLE_MEASURE_EXE_TIME=0 -DENABLE_MERGE_BACK_PLAN=0 -DENABLE_PARALLEL_EXECUTION=0 -DENABLE_QUERY_SPLIT=1 -DENABLE_SPECIFY_EST_STAT=0 -I/home/pei/Project/duckdb-polr/src/include -I/home/pei/Project/duckdb-polr/third_party/fsst -I/home/pei/Project/duckdb-polr/third_party/fmt/include -I/home/pei/Project/duckdb-polr/third_party/hyperloglog -I/home/pei/Project/duckdb-polr/third_party/fastpforlib -I/home/pei/Project/duckdb-polr/third_party/fast_float -I/home/pei/Project/duckdb-polr/third_party/re2 -I/home/pei/Project/duckdb-polr/third_party/miniz -I/home/pei/Project/duckdb-polr/third_party/utf8proc/include -I/home/pei/Project/duckdb-polr/third_party/miniparquet -I/home/pei/Project/duckdb-polr/third_party/concurrentqueue -I/home/pei/Project/duckdb-polr/third_party/pcg -I/home/pei/Project/duckdb-polr/third_party/tdigest -I/home/pei/Project/duckdb-polr/third_party/mbedtls/include -I/home/pei/Project/duckdb-polr/third_party/jaro_winkler -I/home/pei/Project/duckdb-polr/extension/parquet/include -I/home/pei/Project/duckdb-polr/extension/parquet/../../third_party/parquet -I/home/pei/Project/duckdb-polr/extension/parquet/../../third_party/snappy -I/home/pei/Project/duckdb-polr/extension/parquet/../../third_party/miniz -I/home/pei/Project/duckdb-polr/extension/parquet/../../third_party/thrift -I/home/pei/Project/duckdb-polr/extension/parquet/../../third_party/zstd/include -O3 -DNDEBUG -O3 -DNDEBUG   -fPIC -fdiagnostics-color=always -std=c++11 -MD -MT extension/parquet/CMakeFiles/parquet_extension.dir/parquet_reader.cpp.o -MF extension/parquet/CMakeFiles/parquet_extension.dir/parquet_reader.cpp.o.d -o extension/parquet/CMakeFiles/parquet_extension.dir/parquet_reader.cpp.o -c /home/pei/Project/duckdb-polr/extension/parquet/parquet_reader.cpp
[205/376] /usr/bin/ccache /usr/lib/ccache/c++ -DDUCKDB_BUILD_LIBRARY -DENABLE_CROSS_PRODUCT_REWRITE=0 -DENABLE_DEBUG_PRINT=0 -DENABLE_MEASURE_EXE_TIME=0 -DENABLE_MERGE_BACK_PLAN=0 -DENABLE_PARALLEL_EXECUTION=0 -DENABLE_QUERY_SPLIT=1 -DENABLE_SPECIFY_EST_STAT=0 -DJEMALLOC_NO_PRIVATE_NAMESPACE -DJEMALLOC_NO_RENAME -I/home/pei/Project/duckdb-polr/src/include -I/home/pei/Project/duckdb-polr/third_party/fsst -I/home/pei/Project/duckdb-polr/third_party/fmt/include -I/home/pei/Project/duckdb-polr/third_party/hyperloglog -I/home/pei/Project/duckdb-polr/third_party/fastpforlib -I/home/pei/Project/duckdb-polr/third_party/fast_float -I/home/pei/Project/duckdb-polr/third_party/re2 -I/home/pei/Project/duckdb-polr/third_party/miniz -I/home/pei/Project/duckdb-polr/third_party/utf8proc/include -I/home/pei/Project/duckdb-polr/third_party/miniparquet -I/home/pei/Project/duckdb-polr/third_party/concurrentqueue -I/home/pei/Project/duckdb-polr/third_party/pcg -I/home/pei/Project/duckdb-polr/third_party/tdigest -I/home/pei/Project/duckdb-polr/third_party/mbedtls/include -I/home/pei/Project/duckdb-polr/third_party/jaro_winkler -I/home/pei/Project/duckdb-polr/extension/jemalloc/include -I/home/pei/Project/duckdb-polr/extension/jemalloc/jemalloc/include -O3 -DNDEBUG -O3 -DNDEBUG   -fPIC -fdiagnostics-color=always -w -std=c++11 -MD -MT extension/jemalloc/jemalloc/CMakeFiles/jemalloc.dir/src/ckh.cpp.o -MF extension/jemalloc/jemalloc/CMakeFiles/jemalloc.dir/src/ckh.cpp.o.d -o extension/jemalloc/jemalloc/CMakeFiles/jemalloc.dir/src/ckh.cpp.o -c /home/pei/Project/duckdb-polr/extension/jemalloc/jemalloc/src/ckh.cpp
[206/376] /usr/bin/ccache /usr/lib/ccache/c++ -DDUCKDB_BUILD_LIBRARY -DENABLE_CROSS_PRODUCT_REWRITE=0 -DENABLE_DEBUG_PRINT=0 -DENABLE_MEASURE_EXE_TIME=0 -DENABLE_MERGE_BACK_PLAN=0 -DENABLE_PARALLEL_EXECUTION=0 -DENABLE_QUERY_SPLIT=1 -DENABLE_SPECIFY_EST_STAT=0 -DJEMALLOC_NO_PRIVATE_NAMESPACE -DJEMALLOC_NO_RENAME -I/home/pei/Project/duckdb-polr/src/include -I/home/pei/Project/duckdb-polr/third_party/fsst -I/home/pei/Project/duckdb-polr/third_party/fmt/include -I/home/pei/Project/duckdb-polr/third_party/hyperloglog -I/home/pei/Project/duckdb-polr/third_party/fastpforlib -I/home/pei/Project/duckdb-polr/third_party/fast_float -I/home/pei/Project/duckdb-polr/third_party/re2 -I/home/pei/Project/duckdb-polr/third_party/miniz -I/home/pei/Project/duckdb-polr/third_party/utf8proc/include -I/home/pei/Project/duckdb-polr/third_party/miniparquet -I/home/pei/Project/duckdb-polr/third_party/concurrentqueue -I/home/pei/Project/duckdb-polr/third_party/pcg -I/home/pei/Project/duckdb-polr/third_party/tdigest -I/home/pei/Project/duckdb-polr/third_party/mbedtls/include -I/home/pei/Project/duckdb-polr/third_party/jaro_winkler -I/home/pei/Project/duckdb-polr/extension/jemalloc/include -I/home/pei/Project/duckdb-polr/extension/jemalloc/jemalloc/include -O3 -DNDEBUG -O3 -DNDEBUG   -fPIC -fdiagnostics-color=always -w -std=c++11 -MD -MT extension/jemalloc/jemalloc/CMakeFiles/jemalloc.dir/src/decay.cpp.o -MF extension/jemalloc/jemalloc/CMakeFiles/jemalloc.dir/src/decay.cpp.o.d -o extension/jemalloc/jemalloc/CMakeFiles/jemalloc.dir/src/decay.cpp.o -c /home/pei/Project/duckdb-polr/extension/jemalloc/jemalloc/src/decay.cpp
[207/376] /usr/bin/ccache /usr/lib/ccache/c++ -DDUCKDB_BUILD_LIBRARY -DENABLE_CROSS_PRODUCT_REWRITE=0 -DENABLE_DEBUG_PRINT=0 -DENABLE_MEASURE_EXE_TIME=0 -DENABLE_MERGE_BACK_PLAN=0 -DENABLE_PARALLEL_EXECUTION=0 -DENABLE_QUERY_SPLIT=1 -DENABLE_SPECIFY_EST_STAT=0 -DJEMALLOC_NO_PRIVATE_NAMESPACE -DJEMALLOC_NO_RENAME -I/home/pei/Project/duckdb-polr/src/include -I/home/pei/Project/duckdb-polr/third_party/fsst -I/home/pei/Project/duckdb-polr/third_party/fmt/include -I/home/pei/Project/duckdb-polr/third_party/hyperloglog -I/home/pei/Project/duckdb-polr/third_party/fastpforlib -I/home/pei/Project/duckdb-polr/third_party/fast_float -I/home/pei/Project/duckdb-polr/third_party/re2 -I/home/pei/Project/duckdb-polr/third_party/miniz -I/home/pei/Project/duckdb-polr/third_party/utf8proc/include -I/home/pei/Project/duckdb-polr/third_party/miniparquet -I/home/pei/Project/duckdb-polr/third_party/concurrentqueue -I/home/pei/Project/duckdb-polr/third_party/pcg -I/home/pei/Project/duckdb-polr/third_party/tdigest -I/home/pei/Project/duckdb-polr/third_party/mbedtls/include -I/home/pei/Project/duckdb-polr/third_party/jaro_winkler -I/home/pei/Project/duckdb-polr/extension/jemalloc/include -I/home/pei/Project/duckdb-polr/extension/jemalloc/jemalloc/include -O3 -DNDEBUG -O3 -DNDEBUG   -fPIC -fdiagnostics-color=always -w -std=c++11 -MD -MT extension/jemalloc/jemalloc/CMakeFiles/jemalloc.dir/src/counter.cpp.o -MF extension/jemalloc/jemalloc/CMakeFiles/jemalloc.dir/src/counter.cpp.o.d -o extension/jemalloc/jemalloc/CMakeFiles/jemalloc.dir/src/counter.cpp.o -c /home/pei/Project/duckdb-polr/extension/jemalloc/jemalloc/src/counter.cpp
[208/376] /usr/bin/ccache /usr/lib/ccache/c++ -DDUCKDB_BUILD_LIBRARY -DENABLE_CROSS_PRODUCT_REWRITE=0 -DENABLE_DEBUG_PRINT=0 -DENABLE_MEASURE_EXE_TIME=0 -DENABLE_MERGE_BACK_PLAN=0 -DENABLE_PARALLEL_EXECUTION=0 -DENABLE_QUERY_SPLIT=1 -DENABLE_SPECIFY_EST_STAT=0 -DJEMALLOC_NO_PRIVATE_NAMESPACE -DJEMALLOC_NO_RENAME -I/home/pei/Project/duckdb-polr/src/include -I/home/pei/Project/duckdb-polr/third_party/fsst -I/home/pei/Project/duckdb-polr/third_party/fmt/include -I/home/pei/Project/duckdb-polr/third_party/hyperloglog -I/home/pei/Project/duckdb-polr/third_party/fastpforlib -I/home/pei/Project/duckdb-polr/third_party/fast_float -I/home/pei/Project/duckdb-polr/third_party/re2 -I/home/pei/Project/duckdb-polr/third_party/miniz -I/home/pei/Project/duckdb-polr/third_party/utf8proc/include -I/home/pei/Project/duckdb-polr/third_party/miniparquet -I/home/pei/Project/duckdb-polr/third_party/concurrentqueue -I/home/pei/Project/duckdb-polr/third_party/pcg -I/home/pei/Project/duckdb-polr/third_party/tdigest -I/home/pei/Project/duckdb-polr/third_party/mbedtls/include -I/home/pei/Project/duckdb-polr/third_party/jaro_winkler -I/home/pei/Project/duckdb-polr/extension/jemalloc/include -I/home/pei/Project/duckdb-polr/extension/jemalloc/jemalloc/include -O3 -DNDEBUG -O3 -DNDEBUG   -fPIC -fdiagnostics-color=always -w -std=c++11 -MD -MT extension/jemalloc/jemalloc/CMakeFiles/jemalloc.dir/src/ctl.cpp.o -MF extension/jemalloc/jemalloc/CMakeFiles/jemalloc.dir/src/ctl.cpp.o.d -o extension/jemalloc/jemalloc/CMakeFiles/jemalloc.dir/src/ctl.cpp.o -c /home/pei/Project/duckdb-polr/extension/jemalloc/jemalloc/src/ctl.cpp
[209/376] /usr/bin/ccache /usr/lib/ccache/c++ -DDUCKDB_BUILD_LIBRARY -DENABLE_CROSS_PRODUCT_REWRITE=0 -DENABLE_DEBUG_PRINT=0 -DENABLE_MEASURE_EXE_TIME=0 -DENABLE_MERGE_BACK_PLAN=0 -DENABLE_PARALLEL_EXECUTION=0 -DENABLE_QUERY_SPLIT=1 -DENABLE_SPECIFY_EST_STAT=0 -DJEMALLOC_NO_PRIVATE_NAMESPACE -DJEMALLOC_NO_RENAME -I/home/pei/Project/duckdb-polr/src/include -I/home/pei/Project/duckdb-polr/third_party/fsst -I/home/pei/Project/duckdb-polr/third_party/fmt/include -I/home/pei/Project/duckdb-polr/third_party/hyperloglog -I/home/pei/Project/duckdb-polr/third_party/fastpforlib -I/home/pei/Project/duckdb-polr/third_party/fast_float -I/home/pei/Project/duckdb-polr/third_party/re2 -I/home/pei/Project/duckdb-polr/third_party/miniz -I/home/pei/Project/duckdb-polr/third_party/utf8proc/include -I/home/pei/Project/duckdb-polr/third_party/miniparquet -I/home/pei/Project/duckdb-polr/third_party/concurrentqueue -I/home/pei/Project/duckdb-polr/third_party/pcg -I/home/pei/Project/duckdb-polr/third_party/tdigest -I/home/pei/Project/duckdb-polr/third_party/mbedtls/include -I/home/pei/Project/duckdb-polr/third_party/jaro_winkler -I/home/pei/Project/duckdb-polr/extension/jemalloc/include -I/home/pei/Project/duckdb-polr/extension/jemalloc/jemalloc/include -O3 -DNDEBUG -O3 -DNDEBUG   -fPIC -fdiagnostics-color=always -w -std=c++11 -MD -MT extension/jemalloc/jemalloc/CMakeFiles/jemalloc.dir/src/div.cpp.o -MF extension/jemalloc/jemalloc/CMakeFiles/jemalloc.dir/src/div.cpp.o.d -o extension/jemalloc/jemalloc/CMakeFiles/jemalloc.dir/src/div.cpp.o -c /home/pei/Project/duckdb-polr/extension/jemalloc/jemalloc/src/div.cpp
[210/376] /usr/bin/ccache /usr/lib/ccache/c++ -DDUCKDB_BUILD_LIBRARY -DENABLE_CROSS_PRODUCT_REWRITE=0 -DENABLE_DEBUG_PRINT=0 -DENABLE_MEASURE_EXE_TIME=0 -DENABLE_MERGE_BACK_PLAN=0 -DENABLE_PARALLEL_EXECUTION=0 -DENABLE_QUERY_SPLIT=1 -DENABLE_SPECIFY_EST_STAT=0 -DJEMALLOC_NO_PRIVATE_NAMESPACE -DJEMALLOC_NO_RENAME -I/home/pei/Project/duckdb-polr/src/include -I/home/pei/Project/duckdb-polr/third_party/fsst -I/home/pei/Project/duckdb-polr/third_party/fmt/include -I/home/pei/Project/duckdb-polr/third_party/hyperloglog -I/home/pei/Project/duckdb-polr/third_party/fastpforlib -I/home/pei/Project/duckdb-polr/third_party/fast_float -I/home/pei/Project/duckdb-polr/third_party/re2 -I/home/pei/Project/duckdb-polr/third_party/miniz -I/home/pei/Project/duckdb-polr/third_party/utf8proc/include -I/home/pei/Project/duckdb-polr/third_party/miniparquet -I/home/pei/Project/duckdb-polr/third_party/concurrentqueue -I/home/pei/Project/duckdb-polr/third_party/pcg -I/home/pei/Project/duckdb-polr/third_party/tdigest -I/home/pei/Project/duckdb-polr/third_party/mbedtls/include -I/home/pei/Project/duckdb-polr/third_party/jaro_winkler -I/home/pei/Project/duckdb-polr/extension/jemalloc/include -I/home/pei/Project/duckdb-polr/extension/jemalloc/jemalloc/include -O3 -DNDEBUG -O3 -DNDEBUG   -fPIC -fdiagnostics-color=always -w -std=c++11 -MD -MT extension/jemalloc/jemalloc/CMakeFiles/jemalloc.dir/src/ecache.cpp.o -MF extension/jemalloc/jemalloc/CMakeFiles/jemalloc.dir/src/ecache.cpp.o.d -o extension/jemalloc/jemalloc/CMakeFiles/jemalloc.dir/src/ecache.cpp.o -c /home/pei/Project/duckdb-polr/extension/jemalloc/jemalloc/src/ecache.cpp
[211/376] /usr/bin/ccache /usr/lib/ccache/c++ -DDUCKDB_BUILD_LIBRARY -DDUCKDB_BUILD_LOADABLE_EXTENSION -DENABLE_CROSS_PRODUCT_REWRITE=0 -DENABLE_DEBUG_PRINT=0 -DENABLE_MEASURE_EXE_TIME=0 -DENABLE_MERGE_BACK_PLAN=0 -DENABLE_PARALLEL_EXECUTION=0 -DENABLE_QUERY_SPLIT=1 -DENABLE_SPECIFY_EST_STAT=0 -I/home/pei/Project/duckdb-polr/src/include -I/home/pei/Project/duckdb-polr/third_party/fsst -I/home/pei/Project/duckdb-polr/third_party/fmt/include -I/home/pei/Project/duckdb-polr/third_party/hyperloglog -I/home/pei/Project/duckdb-polr/third_party/fastpforlib -I/home/pei/Project/duckdb-polr/third_party/fast_float -I/home/pei/Project/duckdb-polr/third_party/re2 -I/home/pei/Project/duckdb-polr/third_party/miniz -I/home/pei/Project/duckdb-polr/third_party/utf8proc/include -I/home/pei/Project/duckdb-polr/third_party/miniparquet -I/home/pei/Project/duckdb-polr/third_party/concurrentqueue -I/home/pei/Project/duckdb-polr/third_party/pcg -I/home/pei/Project/duckdb-polr/third_party/tdigest -I/home/pei/Project/duckdb-polr/third_party/mbedtls/include -I/home/pei/Project/duckdb-polr/third_party/jaro_winkler -I/home/pei/Project/duckdb-polr/extension/parquet/include -I/home/pei/Project/duckdb-polr/extension/parquet/../../third_party/parquet -I/home/pei/Project/duckdb-polr/extension/parquet/../../third_party/snappy -I/home/pei/Project/duckdb-polr/extension/parquet/../../third_party/miniz -I/home/pei/Project/duckdb-polr/extension/parquet/../../third_party/thrift -I/home/pei/Project/duckdb-polr/extension/parquet/../../third_party/zstd/include -O3 -DNDEBUG -O3 -DNDEBUG   -fPIC -fdiagnostics-color=always -std=c++11 -MD -MT extension/parquet/CMakeFiles/parquet_loadable_extension.dir/parquet_metadata.cpp.o -MF extension/parquet/CMakeFiles/parquet_loadable_extension.dir/parquet_metadata.cpp.o.d -o extension/parquet/CMakeFiles/parquet_loadable_extension.dir/parquet_metadata.cpp.o -c /home/pei/Project/duckdb-polr/extension/parquet/parquet_metadata.cpp
[212/376] /usr/bin/ccache /usr/lib/ccache/c++ -DDUCKDB_BUILD_LIBRARY -DENABLE_CROSS_PRODUCT_REWRITE=0 -DENABLE_DEBUG_PRINT=0 -DENABLE_MEASURE_EXE_TIME=0 -DENABLE_MERGE_BACK_PLAN=0 -DENABLE_PARALLEL_EXECUTION=0 -DENABLE_QUERY_SPLIT=1 -DENABLE_SPECIFY_EST_STAT=0 -DJEMALLOC_NO_PRIVATE_NAMESPACE -DJEMALLOC_NO_RENAME -I/home/pei/Project/duckdb-polr/src/include -I/home/pei/Project/duckdb-polr/third_party/fsst -I/home/pei/Project/duckdb-polr/third_party/fmt/include -I/home/pei/Project/duckdb-polr/third_party/hyperloglog -I/home/pei/Project/duckdb-polr/third_party/fastpforlib -I/home/pei/Project/duckdb-polr/third_party/fast_float -I/home/pei/Project/duckdb-polr/third_party/re2 -I/home/pei/Project/duckdb-polr/third_party/miniz -I/home/pei/Project/duckdb-polr/third_party/utf8proc/include -I/home/pei/Project/duckdb-polr/third_party/miniparquet -I/home/pei/Project/duckdb-polr/third_party/concurrentqueue -I/home/pei/Project/duckdb-polr/third_party/pcg -I/home/pei/Project/duckdb-polr/third_party/tdigest -I/home/pei/Project/duckdb-polr/third_party/mbedtls/include -I/home/pei/Project/duckdb-polr/third_party/jaro_winkler -I/home/pei/Project/duckdb-polr/extension/jemalloc/include -I/home/pei/Project/duckdb-polr/extension/jemalloc/jemalloc/include -O3 -DNDEBUG -O3 -DNDEBUG   -fPIC -fdiagnostics-color=always -w -std=c++11 -MD -MT extension/jemalloc/jemalloc/CMakeFiles/jemalloc.dir/src/edata.cpp.o -MF extension/jemalloc/jemalloc/CMakeFiles/jemalloc.dir/src/edata.cpp.o.d -o extension/jemalloc/jemalloc/CMakeFiles/jemalloc.dir/src/edata.cpp.o -c /home/pei/Project/duckdb-polr/extension/jemalloc/jemalloc/src/edata.cpp
[213/376] /usr/bin/ccache /usr/lib/ccache/c++ -DDUCKDB_BUILD_LIBRARY -DDUCKDB_BUILD_LOADABLE_EXTENSION -DENABLE_CROSS_PRODUCT_REWRITE=0 -DENABLE_DEBUG_PRINT=0 -DENABLE_MEASURE_EXE_TIME=0 -DENABLE_MERGE_BACK_PLAN=0 -DENABLE_PARALLEL_EXECUTION=0 -DENABLE_QUERY_SPLIT=1 -DENABLE_SPECIFY_EST_STAT=0 -I/home/pei/Project/duckdb-polr/src/include -I/home/pei/Project/duckdb-polr/third_party/fsst -I/home/pei/Project/duckdb-polr/third_party/fmt/include -I/home/pei/Project/duckdb-polr/third_party/hyperloglog -I/home/pei/Project/duckdb-polr/third_party/fastpforlib -I/home/pei/Project/duckdb-polr/third_party/fast_float -I/home/pei/Project/duckdb-polr/third_party/re2 -I/home/pei/Project/duckdb-polr/third_party/miniz -I/home/pei/Project/duckdb-polr/third_party/utf8proc/include -I/home/pei/Project/duckdb-polr/third_party/miniparquet -I/home/pei/Project/duckdb-polr/third_party/concurrentqueue -I/home/pei/Project/duckdb-polr/third_party/pcg -I/home/pei/Project/duckdb-polr/third_party/tdigest -I/home/pei/Project/duckdb-polr/third_party/mbedtls/include -I/home/pei/Project/duckdb-polr/third_party/jaro_winkler -I/home/pei/Project/duckdb-polr/extension/parquet/include -I/home/pei/Project/duckdb-polr/extension/parquet/../../third_party/parquet -I/home/pei/Project/duckdb-polr/extension/parquet/../../third_party/snappy -I/home/pei/Project/duckdb-polr/extension/parquet/../../third_party/miniz -I/home/pei/Project/duckdb-polr/extension/parquet/../../third_party/thrift -I/home/pei/Project/duckdb-polr/extension/parquet/../../third_party/zstd/include -O3 -DNDEBUG -O3 -DNDEBUG   -fPIC -fdiagnostics-color=always -std=c++11 -MD -MT extension/parquet/CMakeFiles/parquet_loadable_extension.dir/parquet_writer.cpp.o -MF extension/parquet/CMakeFiles/parquet_loadable_extension.dir/parquet_writer.cpp.o.d -o extension/parquet/CMakeFiles/parquet_loadable_extension.dir/parquet_writer.cpp.o -c /home/pei/Project/duckdb-polr/extension/parquet/parquet_writer.cpp
[214/376] /usr/bin/ccache /usr/lib/ccache/c++ -DDUCKDB_BUILD_LIBRARY -DENABLE_CROSS_PRODUCT_REWRITE=0 -DENABLE_DEBUG_PRINT=0 -DENABLE_MEASURE_EXE_TIME=0 -DENABLE_MERGE_BACK_PLAN=0 -DENABLE_PARALLEL_EXECUTION=0 -DENABLE_QUERY_SPLIT=1 -DENABLE_SPECIFY_EST_STAT=0 -DJEMALLOC_NO_PRIVATE_NAMESPACE -DJEMALLOC_NO_RENAME -I/home/pei/Project/duckdb-polr/src/include -I/home/pei/Project/duckdb-polr/third_party/fsst -I/home/pei/Project/duckdb-polr/third_party/fmt/include -I/home/pei/Project/duckdb-polr/third_party/hyperloglog -I/home/pei/Project/duckdb-polr/third_party/fastpforlib -I/home/pei/Project/duckdb-polr/third_party/fast_float -I/home/pei/Project/duckdb-polr/third_party/re2 -I/home/pei/Project/duckdb-polr/third_party/miniz -I/home/pei/Project/duckdb-polr/third_party/utf8proc/include -I/home/pei/Project/duckdb-polr/third_party/miniparquet -I/home/pei/Project/duckdb-polr/third_party/concurrentqueue -I/home/pei/Project/duckdb-polr/third_party/pcg -I/home/pei/Project/duckdb-polr/third_party/tdigest -I/home/pei/Project/duckdb-polr/third_party/mbedtls/include -I/home/pei/Project/duckdb-polr/third_party/jaro_winkler -I/home/pei/Project/duckdb-polr/extension/jemalloc/include -I/home/pei/Project/duckdb-polr/extension/jemalloc/jemalloc/include -O3 -DNDEBUG -O3 -DNDEBUG   -fPIC -fdiagnostics-color=always -w -std=c++11 -MD -MT extension/jemalloc/jemalloc/CMakeFiles/jemalloc.dir/src/ehooks.cpp.o -MF extension/jemalloc/jemalloc/CMakeFiles/jemalloc.dir/src/ehooks.cpp.o.d -o extension/jemalloc/jemalloc/CMakeFiles/jemalloc.dir/src/ehooks.cpp.o -c /home/pei/Project/duckdb-polr/extension/jemalloc/jemalloc/src/ehooks.cpp
[215/376] /usr/bin/ccache /usr/lib/ccache/c++ -DDUCKDB_BUILD_LIBRARY -DENABLE_CROSS_PRODUCT_REWRITE=0 -DENABLE_DEBUG_PRINT=0 -DENABLE_MEASURE_EXE_TIME=0 -DENABLE_MERGE_BACK_PLAN=0 -DENABLE_PARALLEL_EXECUTION=0 -DENABLE_QUERY_SPLIT=1 -DENABLE_SPECIFY_EST_STAT=0 -DJEMALLOC_NO_PRIVATE_NAMESPACE -DJEMALLOC_NO_RENAME -I/home/pei/Project/duckdb-polr/src/include -I/home/pei/Project/duckdb-polr/third_party/fsst -I/home/pei/Project/duckdb-polr/third_party/fmt/include -I/home/pei/Project/duckdb-polr/third_party/hyperloglog -I/home/pei/Project/duckdb-polr/third_party/fastpforlib -I/home/pei/Project/duckdb-polr/third_party/fast_float -I/home/pei/Project/duckdb-polr/third_party/re2 -I/home/pei/Project/duckdb-polr/third_party/miniz -I/home/pei/Project/duckdb-polr/third_party/utf8proc/include -I/home/pei/Project/duckdb-polr/third_party/miniparquet -I/home/pei/Project/duckdb-polr/third_party/concurrentqueue -I/home/pei/Project/duckdb-polr/third_party/pcg -I/home/pei/Project/duckdb-polr/third_party/tdigest -I/home/pei/Project/duckdb-polr/third_party/mbedtls/include -I/home/pei/Project/duckdb-polr/third_party/jaro_winkler -I/home/pei/Project/duckdb-polr/extension/jemalloc/include -I/home/pei/Project/duckdb-polr/extension/jemalloc/jemalloc/include -O3 -DNDEBUG -O3 -DNDEBUG   -fPIC -fdiagnostics-color=always -w -std=c++11 -MD -MT extension/jemalloc/jemalloc/CMakeFiles/jemalloc.dir/src/edata_cache.cpp.o -MF extension/jemalloc/jemalloc/CMakeFiles/jemalloc.dir/src/edata_cache.cpp.o.d -o extension/jemalloc/jemalloc/CMakeFiles/jemalloc.dir/src/edata_cache.cpp.o -c /home/pei/Project/duckdb-polr/extension/jemalloc/jemalloc/src/edata_cache.cpp
[216/376] /usr/bin/ccache /usr/lib/ccache/c++ -DDUCKDB_BUILD_LIBRARY -DENABLE_CROSS_PRODUCT_REWRITE=0 -DENABLE_DEBUG_PRINT=0 -DENABLE_MEASURE_EXE_TIME=0 -DENABLE_MERGE_BACK_PLAN=0 -DENABLE_PARALLEL_EXECUTION=0 -DENABLE_QUERY_SPLIT=1 -DENABLE_SPECIFY_EST_STAT=0 -DJEMALLOC_NO_PRIVATE_NAMESPACE -DJEMALLOC_NO_RENAME -I/home/pei/Project/duckdb-polr/src/include -I/home/pei/Project/duckdb-polr/third_party/fsst -I/home/pei/Project/duckdb-polr/third_party/fmt/include -I/home/pei/Project/duckdb-polr/third_party/hyperloglog -I/home/pei/Project/duckdb-polr/third_party/fastpforlib -I/home/pei/Project/duckdb-polr/third_party/fast_float -I/home/pei/Project/duckdb-polr/third_party/re2 -I/home/pei/Project/duckdb-polr/third_party/miniz -I/home/pei/Project/duckdb-polr/third_party/utf8proc/include -I/home/pei/Project/duckdb-polr/third_party/miniparquet -I/home/pei/Project/duckdb-polr/third_party/concurrentqueue -I/home/pei/Project/duckdb-polr/third_party/pcg -I/home/pei/Project/duckdb-polr/third_party/tdigest -I/home/pei/Project/duckdb-polr/third_party/mbedtls/include -I/home/pei/Project/duckdb-polr/third_party/jaro_winkler -I/home/pei/Project/duckdb-polr/extension/jemalloc/include -I/home/pei/Project/duckdb-polr/extension/jemalloc/jemalloc/include -O3 -DNDEBUG -O3 -DNDEBUG   -fPIC -fdiagnostics-color=always -w -std=c++11 -MD -MT extension/jemalloc/jemalloc/CMakeFiles/jemalloc.dir/src/emap.cpp.o -MF extension/jemalloc/jemalloc/CMakeFiles/jemalloc.dir/src/emap.cpp.o.d -o extension/jemalloc/jemalloc/CMakeFiles/jemalloc.dir/src/emap.cpp.o -c /home/pei/Project/duckdb-polr/extension/jemalloc/jemalloc/src/emap.cpp
[217/376] /usr/bin/ccache /usr/lib/ccache/c++ -DDUCKDB_BUILD_LIBRARY -DENABLE_CROSS_PRODUCT_REWRITE=0 -DENABLE_DEBUG_PRINT=0 -DENABLE_MEASURE_EXE_TIME=0 -DENABLE_MERGE_BACK_PLAN=0 -DENABLE_PARALLEL_EXECUTION=0 -DENABLE_QUERY_SPLIT=1 -DENABLE_SPECIFY_EST_STAT=0 -DJEMALLOC_NO_PRIVATE_NAMESPACE -DJEMALLOC_NO_RENAME -I/home/pei/Project/duckdb-polr/src/include -I/home/pei/Project/duckdb-polr/third_party/fsst -I/home/pei/Project/duckdb-polr/third_party/fmt/include -I/home/pei/Project/duckdb-polr/third_party/hyperloglog -I/home/pei/Project/duckdb-polr/third_party/fastpforlib -I/home/pei/Project/duckdb-polr/third_party/fast_float -I/home/pei/Project/duckdb-polr/third_party/re2 -I/home/pei/Project/duckdb-polr/third_party/miniz -I/home/pei/Project/duckdb-polr/third_party/utf8proc/include -I/home/pei/Project/duckdb-polr/third_party/miniparquet -I/home/pei/Project/duckdb-polr/third_party/concurrentqueue -I/home/pei/Project/duckdb-polr/third_party/pcg -I/home/pei/Project/duckdb-polr/third_party/tdigest -I/home/pei/Project/duckdb-polr/third_party/mbedtls/include -I/home/pei/Project/duckdb-polr/third_party/jaro_winkler -I/home/pei/Project/duckdb-polr/extension/jemalloc/include -I/home/pei/Project/duckdb-polr/extension/jemalloc/jemalloc/include -O3 -DNDEBUG -O3 -DNDEBUG   -fPIC -fdiagnostics-color=always -w -std=c++11 -MD -MT extension/jemalloc/jemalloc/CMakeFiles/jemalloc.dir/src/eset.cpp.o -MF extension/jemalloc/jemalloc/CMakeFiles/jemalloc.dir/src/eset.cpp.o.d -o extension/jemalloc/jemalloc/CMakeFiles/jemalloc.dir/src/eset.cpp.o -c /home/pei/Project/duckdb-polr/extension/jemalloc/jemalloc/src/eset.cpp
[218/376] /usr/bin/ccache /usr/lib/ccache/c++ -DDUCKDB_BUILD_LIBRARY -DENABLE_CROSS_PRODUCT_REWRITE=0 -DENABLE_DEBUG_PRINT=0 -DENABLE_MEASURE_EXE_TIME=0 -DENABLE_MERGE_BACK_PLAN=0 -DENABLE_PARALLEL_EXECUTION=0 -DENABLE_QUERY_SPLIT=1 -DENABLE_SPECIFY_EST_STAT=0 -DJEMALLOC_NO_PRIVATE_NAMESPACE -DJEMALLOC_NO_RENAME -I/home/pei/Project/duckdb-polr/src/include -I/home/pei/Project/duckdb-polr/third_party/fsst -I/home/pei/Project/duckdb-polr/third_party/fmt/include -I/home/pei/Project/duckdb-polr/third_party/hyperloglog -I/home/pei/Project/duckdb-polr/third_party/fastpforlib -I/home/pei/Project/duckdb-polr/third_party/fast_float -I/home/pei/Project/duckdb-polr/third_party/re2 -I/home/pei/Project/duckdb-polr/third_party/miniz -I/home/pei/Project/duckdb-polr/third_party/utf8proc/include -I/home/pei/Project/duckdb-polr/third_party/miniparquet -I/home/pei/Project/duckdb-polr/third_party/concurrentqueue -I/home/pei/Project/duckdb-polr/third_party/pcg -I/home/pei/Project/duckdb-polr/third_party/tdigest -I/home/pei/Project/duckdb-polr/third_party/mbedtls/include -I/home/pei/Project/duckdb-polr/third_party/jaro_winkler -I/home/pei/Project/duckdb-polr/extension/jemalloc/include -I/home/pei/Project/duckdb-polr/extension/jemalloc/jemalloc/include -O3 -DNDEBUG -O3 -DNDEBUG   -fPIC -fdiagnostics-color=always -w -std=c++11 -MD -MT extension/jemalloc/jemalloc/CMakeFiles/jemalloc.dir/src/exp_grow.cpp.o -MF extension/jemalloc/jemalloc/CMakeFiles/jemalloc.dir/src/exp_grow.cpp.o.d -o extension/jemalloc/jemalloc/CMakeFiles/jemalloc.dir/src/exp_grow.cpp.o -c /home/pei/Project/duckdb-polr/extension/jemalloc/jemalloc/src/exp_grow.cpp
[219/376] /usr/bin/ccache /usr/lib/ccache/c++ -DDUCKDB_BUILD_LIBRARY -DENABLE_CROSS_PRODUCT_REWRITE=0 -DENABLE_DEBUG_PRINT=0 -DENABLE_MEASURE_EXE_TIME=0 -DENABLE_MERGE_BACK_PLAN=0 -DENABLE_PARALLEL_EXECUTION=0 -DENABLE_QUERY_SPLIT=1 -DENABLE_SPECIFY_EST_STAT=0 -DJEMALLOC_NO_PRIVATE_NAMESPACE -DJEMALLOC_NO_RENAME -I/home/pei/Project/duckdb-polr/src/include -I/home/pei/Project/duckdb-polr/third_party/fsst -I/home/pei/Project/duckdb-polr/third_party/fmt/include -I/home/pei/Project/duckdb-polr/third_party/hyperloglog -I/home/pei/Project/duckdb-polr/third_party/fastpforlib -I/home/pei/Project/duckdb-polr/third_party/fast_float -I/home/pei/Project/duckdb-polr/third_party/re2 -I/home/pei/Project/duckdb-polr/third_party/miniz -I/home/pei/Project/duckdb-polr/third_party/utf8proc/include -I/home/pei/Project/duckdb-polr/third_party/miniparquet -I/home/pei/Project/duckdb-polr/third_party/concurrentqueue -I/home/pei/Project/duckdb-polr/third_party/pcg -I/home/pei/Project/duckdb-polr/third_party/tdigest -I/home/pei/Project/duckdb-polr/third_party/mbedtls/include -I/home/pei/Project/duckdb-polr/third_party/jaro_winkler -I/home/pei/Project/duckdb-polr/extension/jemalloc/include -I/home/pei/Project/duckdb-polr/extension/jemalloc/jemalloc/include -O3 -DNDEBUG -O3 -DNDEBUG   -fPIC -fdiagnostics-color=always -w -std=c++11 -MD -MT extension/jemalloc/jemalloc/CMakeFiles/jemalloc.dir/src/extent_dss.cpp.o -MF extension/jemalloc/jemalloc/CMakeFiles/jemalloc.dir/src/extent_dss.cpp.o.d -o extension/jemalloc/jemalloc/CMakeFiles/jemalloc.dir/src/extent_dss.cpp.o -c /home/pei/Project/duckdb-polr/extension/jemalloc/jemalloc/src/extent_dss.cpp
[220/376] /usr/bin/ccache /usr/lib/ccache/c++ -DDUCKDB_BUILD_LIBRARY -DENABLE_CROSS_PRODUCT_REWRITE=0 -DENABLE_DEBUG_PRINT=0 -DENABLE_MEASURE_EXE_TIME=0 -DENABLE_MERGE_BACK_PLAN=0 -DENABLE_PARALLEL_EXECUTION=0 -DENABLE_QUERY_SPLIT=1 -DENABLE_SPECIFY_EST_STAT=0 -DJEMALLOC_NO_PRIVATE_NAMESPACE -DJEMALLOC_NO_RENAME -I/home/pei/Project/duckdb-polr/src/include -I/home/pei/Project/duckdb-polr/third_party/fsst -I/home/pei/Project/duckdb-polr/third_party/fmt/include -I/home/pei/Project/duckdb-polr/third_party/hyperloglog -I/home/pei/Project/duckdb-polr/third_party/fastpforlib -I/home/pei/Project/duckdb-polr/third_party/fast_float -I/home/pei/Project/duckdb-polr/third_party/re2 -I/home/pei/Project/duckdb-polr/third_party/miniz -I/home/pei/Project/duckdb-polr/third_party/utf8proc/include -I/home/pei/Project/duckdb-polr/third_party/miniparquet -I/home/pei/Project/duckdb-polr/third_party/concurrentqueue -I/home/pei/Project/duckdb-polr/third_party/pcg -I/home/pei/Project/duckdb-polr/third_party/tdigest -I/home/pei/Project/duckdb-polr/third_party/mbedtls/include -I/home/pei/Project/duckdb-polr/third_party/jaro_winkler -I/home/pei/Project/duckdb-polr/extension/jemalloc/include -I/home/pei/Project/duckdb-polr/extension/jemalloc/jemalloc/include -O3 -DNDEBUG -O3 -DNDEBUG   -fPIC -fdiagnostics-color=always -w -std=c++11 -MD -MT extension/jemalloc/jemalloc/CMakeFiles/jemalloc.dir/src/extent.cpp.o -MF extension/jemalloc/jemalloc/CMakeFiles/jemalloc.dir/src/extent.cpp.o.d -o extension/jemalloc/jemalloc/CMakeFiles/jemalloc.dir/src/extent.cpp.o -c /home/pei/Project/duckdb-polr/extension/jemalloc/jemalloc/src/extent.cpp
[221/376] /usr/bin/ccache /usr/lib/ccache/c++ -DDUCKDB_BUILD_LIBRARY -DENABLE_CROSS_PRODUCT_REWRITE=0 -DENABLE_DEBUG_PRINT=0 -DENABLE_MEASURE_EXE_TIME=0 -DENABLE_MERGE_BACK_PLAN=0 -DENABLE_PARALLEL_EXECUTION=0 -DENABLE_QUERY_SPLIT=1 -DENABLE_SPECIFY_EST_STAT=0 -DJEMALLOC_NO_PRIVATE_NAMESPACE -DJEMALLOC_NO_RENAME -I/home/pei/Project/duckdb-polr/src/include -I/home/pei/Project/duckdb-polr/third_party/fsst -I/home/pei/Project/duckdb-polr/third_party/fmt/include -I/home/pei/Project/duckdb-polr/third_party/hyperloglog -I/home/pei/Project/duckdb-polr/third_party/fastpforlib -I/home/pei/Project/duckdb-polr/third_party/fast_float -I/home/pei/Project/duckdb-polr/third_party/re2 -I/home/pei/Project/duckdb-polr/third_party/miniz -I/home/pei/Project/duckdb-polr/third_party/utf8proc/include -I/home/pei/Project/duckdb-polr/third_party/miniparquet -I/home/pei/Project/duckdb-polr/third_party/concurrentqueue -I/home/pei/Project/duckdb-polr/third_party/pcg -I/home/pei/Project/duckdb-polr/third_party/tdigest -I/home/pei/Project/duckdb-polr/third_party/mbedtls/include -I/home/pei/Project/duckdb-polr/third_party/jaro_winkler -I/home/pei/Project/duckdb-polr/extension/jemalloc/include -I/home/pei/Project/duckdb-polr/extension/jemalloc/jemalloc/include -O3 -DNDEBUG -O3 -DNDEBUG   -fPIC -fdiagnostics-color=always -w -std=c++11 -MD -MT extension/jemalloc/jemalloc/CMakeFiles/jemalloc.dir/src/extent_mmap.cpp.o -MF extension/jemalloc/jemalloc/CMakeFiles/jemalloc.dir/src/extent_mmap.cpp.o.d -o extension/jemalloc/jemalloc/CMakeFiles/jemalloc.dir/src/extent_mmap.cpp.o -c /home/pei/Project/duckdb-polr/extension/jemalloc/jemalloc/src/extent_mmap.cpp
[222/376] /usr/bin/ccache /usr/lib/ccache/c++ -DDUCKDB_BUILD_LIBRARY -DENABLE_CROSS_PRODUCT_REWRITE=0 -DENABLE_DEBUG_PRINT=0 -DENABLE_MEASURE_EXE_TIME=0 -DENABLE_MERGE_BACK_PLAN=0 -DENABLE_PARALLEL_EXECUTION=0 -DENABLE_QUERY_SPLIT=1 -DENABLE_SPECIFY_EST_STAT=0 -DJEMALLOC_NO_PRIVATE_NAMESPACE -DJEMALLOC_NO_RENAME -I/home/pei/Project/duckdb-polr/src/include -I/home/pei/Project/duckdb-polr/third_party/fsst -I/home/pei/Project/duckdb-polr/third_party/fmt/include -I/home/pei/Project/duckdb-polr/third_party/hyperloglog -I/home/pei/Project/duckdb-polr/third_party/fastpforlib -I/home/pei/Project/duckdb-polr/third_party/fast_float -I/home/pei/Project/duckdb-polr/third_party/re2 -I/home/pei/Project/duckdb-polr/third_party/miniz -I/home/pei/Project/duckdb-polr/third_party/utf8proc/include -I/home/pei/Project/duckdb-polr/third_party/miniparquet -I/home/pei/Project/duckdb-polr/third_party/concurrentqueue -I/home/pei/Project/duckdb-polr/third_party/pcg -I/home/pei/Project/duckdb-polr/third_party/tdigest -I/home/pei/Project/duckdb-polr/third_party/mbedtls/include -I/home/pei/Project/duckdb-polr/third_party/jaro_winkler -I/home/pei/Project/duckdb-polr/extension/jemalloc/include -I/home/pei/Project/duckdb-polr/extension/jemalloc/jemalloc/include -O3 -DNDEBUG -O3 -DNDEBUG   -fPIC -fdiagnostics-color=always -w -std=c++11 -MD -MT extension/jemalloc/jemalloc/CMakeFiles/jemalloc.dir/src/fxp.cpp.o -MF extension/jemalloc/jemalloc/CMakeFiles/jemalloc.dir/src/fxp.cpp.o.d -o extension/jemalloc/jemalloc/CMakeFiles/jemalloc.dir/src/fxp.cpp.o -c /home/pei/Project/duckdb-polr/extension/jemalloc/jemalloc/src/fxp.cpp
[223/376] /usr/bin/ccache /usr/lib/ccache/c++ -DDUCKDB_BUILD_LIBRARY -DENABLE_CROSS_PRODUCT_REWRITE=0 -DENABLE_DEBUG_PRINT=0 -DENABLE_MEASURE_EXE_TIME=0 -DENABLE_MERGE_BACK_PLAN=0 -DENABLE_PARALLEL_EXECUTION=0 -DENABLE_QUERY_SPLIT=1 -DENABLE_SPECIFY_EST_STAT=0 -DJEMALLOC_NO_PRIVATE_NAMESPACE -DJEMALLOC_NO_RENAME -I/home/pei/Project/duckdb-polr/src/include -I/home/pei/Project/duckdb-polr/third_party/fsst -I/home/pei/Project/duckdb-polr/third_party/fmt/include -I/home/pei/Project/duckdb-polr/third_party/hyperloglog -I/home/pei/Project/duckdb-polr/third_party/fastpforlib -I/home/pei/Project/duckdb-polr/third_party/fast_float -I/home/pei/Project/duckdb-polr/third_party/re2 -I/home/pei/Project/duckdb-polr/third_party/miniz -I/home/pei/Project/duckdb-polr/third_party/utf8proc/include -I/home/pei/Project/duckdb-polr/third_party/miniparquet -I/home/pei/Project/duckdb-polr/third_party/concurrentqueue -I/home/pei/Project/duckdb-polr/third_party/pcg -I/home/pei/Project/duckdb-polr/third_party/tdigest -I/home/pei/Project/duckdb-polr/third_party/mbedtls/include -I/home/pei/Project/duckdb-polr/third_party/jaro_winkler -I/home/pei/Project/duckdb-polr/extension/jemalloc/include -I/home/pei/Project/duckdb-polr/extension/jemalloc/jemalloc/include -O3 -DNDEBUG -O3 -DNDEBUG   -fPIC -fdiagnostics-color=always -w -std=c++11 -MD -MT extension/jemalloc/jemalloc/CMakeFiles/jemalloc.dir/src/hook.cpp.o -MF extension/jemalloc/jemalloc/CMakeFiles/jemalloc.dir/src/hook.cpp.o.d -o extension/jemalloc/jemalloc/CMakeFiles/jemalloc.dir/src/hook.cpp.o -c /home/pei/Project/duckdb-polr/extension/jemalloc/jemalloc/src/hook.cpp
[224/376] /usr/bin/ccache /usr/lib/ccache/c++ -DDUCKDB_BUILD_LIBRARY -DENABLE_CROSS_PRODUCT_REWRITE=0 -DENABLE_DEBUG_PRINT=0 -DENABLE_MEASURE_EXE_TIME=0 -DENABLE_MERGE_BACK_PLAN=0 -DENABLE_PARALLEL_EXECUTION=0 -DENABLE_QUERY_SPLIT=1 -DENABLE_SPECIFY_EST_STAT=0 -I/home/pei/Project/duckdb-polr/src/include -I/home/pei/Project/duckdb-polr/third_party/fsst -I/home/pei/Project/duckdb-polr/third_party/fmt/include -I/home/pei/Project/duckdb-polr/third_party/hyperloglog -I/home/pei/Project/duckdb-polr/third_party/fastpforlib -I/home/pei/Project/duckdb-polr/third_party/fast_float -I/home/pei/Project/duckdb-polr/third_party/re2 -I/home/pei/Project/duckdb-polr/third_party/miniz -I/home/pei/Project/duckdb-polr/third_party/utf8proc/include -I/home/pei/Project/duckdb-polr/third_party/miniparquet -I/home/pei/Project/duckdb-polr/third_party/concurrentqueue -I/home/pei/Project/duckdb-polr/third_party/pcg -I/home/pei/Project/duckdb-polr/third_party/tdigest -I/home/pei/Project/duckdb-polr/third_party/mbedtls/include -I/home/pei/Project/duckdb-polr/third_party/jaro_winkler -I/home/pei/Project/duckdb-polr/extension/jemalloc/include -I/home/pei/Project/duckdb-polr/extension/jemalloc/jemalloc/include -O3 -DNDEBUG -O3 -DNDEBUG   -fPIC -fdiagnostics-color=always -std=c++11 -MD -MT extension/jemalloc/CMakeFiles/jemalloc_extension.dir/jemalloc-extension.cpp.o -MF extension/jemalloc/CMakeFiles/jemalloc_extension.dir/jemalloc-extension.cpp.o.d -o extension/jemalloc/CMakeFiles/jemalloc_extension.dir/jemalloc-extension.cpp.o -c /home/pei/Project/duckdb-polr/extension/jemalloc/jemalloc-extension.cpp
[225/376] /usr/bin/ccache /usr/lib/ccache/c++ -DDUCKDB_BUILD_LIBRARY -DENABLE_CROSS_PRODUCT_REWRITE=0 -DENABLE_DEBUG_PRINT=0 -DENABLE_MEASURE_EXE_TIME=0 -DENABLE_MERGE_BACK_PLAN=0 -DENABLE_PARALLEL_EXECUTION=0 -DENABLE_QUERY_SPLIT=1 -DENABLE_SPECIFY_EST_STAT=0 -DJEMALLOC_NO_PRIVATE_NAMESPACE -DJEMALLOC_NO_RENAME -I/home/pei/Project/duckdb-polr/src/include -I/home/pei/Project/duckdb-polr/third_party/fsst -I/home/pei/Project/duckdb-polr/third_party/fmt/include -I/home/pei/Project/duckdb-polr/third_party/hyperloglog -I/home/pei/Project/duckdb-polr/third_party/fastpforlib -I/home/pei/Project/duckdb-polr/third_party/fast_float -I/home/pei/Project/duckdb-polr/third_party/re2 -I/home/pei/Project/duckdb-polr/third_party/miniz -I/home/pei/Project/duckdb-polr/third_party/utf8proc/include -I/home/pei/Project/duckdb-polr/third_party/miniparquet -I/home/pei/Project/duckdb-polr/third_party/concurrentqueue -I/home/pei/Project/duckdb-polr/third_party/pcg -I/home/pei/Project/duckdb-polr/third_party/tdigest -I/home/pei/Project/duckdb-polr/third_party/mbedtls/include -I/home/pei/Project/duckdb-polr/third_party/jaro_winkler -I/home/pei/Project/duckdb-polr/extension/jemalloc/include -I/home/pei/Project/duckdb-polr/extension/jemalloc/jemalloc/include -O3 -DNDEBUG -O3 -DNDEBUG   -fPIC -fdiagnostics-color=always -w -std=c++11 -MD -MT extension/jemalloc/jemalloc/CMakeFiles/jemalloc.dir/src/hpa.cpp.o -MF extension/jemalloc/jemalloc/CMakeFiles/jemalloc.dir/src/hpa.cpp.o.d -o extension/jemalloc/jemalloc/CMakeFiles/jemalloc.dir/src/hpa.cpp.o -c /home/pei/Project/duckdb-polr/extension/jemalloc/jemalloc/src/hpa.cpp
[226/376] /usr/bin/ccache /usr/lib/ccache/c++ -DDUCKDB_BUILD_LIBRARY -DENABLE_CROSS_PRODUCT_REWRITE=0 -DENABLE_DEBUG_PRINT=0 -DENABLE_MEASURE_EXE_TIME=0 -DENABLE_MERGE_BACK_PLAN=0 -DENABLE_PARALLEL_EXECUTION=0 -DENABLE_QUERY_SPLIT=1 -DENABLE_SPECIFY_EST_STAT=0 -DJEMALLOC_NO_PRIVATE_NAMESPACE -DJEMALLOC_NO_RENAME -I/home/pei/Project/duckdb-polr/src/include -I/home/pei/Project/duckdb-polr/third_party/fsst -I/home/pei/Project/duckdb-polr/third_party/fmt/include -I/home/pei/Project/duckdb-polr/third_party/hyperloglog -I/home/pei/Project/duckdb-polr/third_party/fastpforlib -I/home/pei/Project/duckdb-polr/third_party/fast_float -I/home/pei/Project/duckdb-polr/third_party/re2 -I/home/pei/Project/duckdb-polr/third_party/miniz -I/home/pei/Project/duckdb-polr/third_party/utf8proc/include -I/home/pei/Project/duckdb-polr/third_party/miniparquet -I/home/pei/Project/duckdb-polr/third_party/concurrentqueue -I/home/pei/Project/duckdb-polr/third_party/pcg -I/home/pei/Project/duckdb-polr/third_party/tdigest -I/home/pei/Project/duckdb-polr/third_party/mbedtls/include -I/home/pei/Project/duckdb-polr/third_party/jaro_winkler -I/home/pei/Project/duckdb-polr/extension/jemalloc/include -I/home/pei/Project/duckdb-polr/extension/jemalloc/jemalloc/include -O3 -DNDEBUG -O3 -DNDEBUG   -fPIC -fdiagnostics-color=always -w -std=c++11 -MD -MT extension/jemalloc/jemalloc/CMakeFiles/jemalloc.dir/src/hpa_hooks.cpp.o -MF extension/jemalloc/jemalloc/CMakeFiles/jemalloc.dir/src/hpa_hooks.cpp.o.d -o extension/jemalloc/jemalloc/CMakeFiles/jemalloc.dir/src/hpa_hooks.cpp.o -c /home/pei/Project/duckdb-polr/extension/jemalloc/jemalloc/src/hpa_hooks.cpp
[227/376] /usr/bin/ccache /usr/lib/ccache/c++ -DDUCKDB_BUILD_LIBRARY -DENABLE_CROSS_PRODUCT_REWRITE=0 -DENABLE_DEBUG_PRINT=0 -DENABLE_MEASURE_EXE_TIME=0 -DENABLE_MERGE_BACK_PLAN=0 -DENABLE_PARALLEL_EXECUTION=0 -DENABLE_QUERY_SPLIT=1 -DENABLE_SPECIFY_EST_STAT=0 -DJEMALLOC_NO_PRIVATE_NAMESPACE -DJEMALLOC_NO_RENAME -I/home/pei/Project/duckdb-polr/src/include -I/home/pei/Project/duckdb-polr/third_party/fsst -I/home/pei/Project/duckdb-polr/third_party/fmt/include -I/home/pei/Project/duckdb-polr/third_party/hyperloglog -I/home/pei/Project/duckdb-polr/third_party/fastpforlib -I/home/pei/Project/duckdb-polr/third_party/fast_float -I/home/pei/Project/duckdb-polr/third_party/re2 -I/home/pei/Project/duckdb-polr/third_party/miniz -I/home/pei/Project/duckdb-polr/third_party/utf8proc/include -I/home/pei/Project/duckdb-polr/third_party/miniparquet -I/home/pei/Project/duckdb-polr/third_party/concurrentqueue -I/home/pei/Project/duckdb-polr/third_party/pcg -I/home/pei/Project/duckdb-polr/third_party/tdigest -I/home/pei/Project/duckdb-polr/third_party/mbedtls/include -I/home/pei/Project/duckdb-polr/third_party/jaro_winkler -I/home/pei/Project/duckdb-polr/extension/jemalloc/include -I/home/pei/Project/duckdb-polr/extension/jemalloc/jemalloc/include -O3 -DNDEBUG -O3 -DNDEBUG   -fPIC -fdiagnostics-color=always -w -std=c++11 -MD -MT extension/jemalloc/jemalloc/CMakeFiles/jemalloc.dir/src/hpdata.cpp.o -MF extension/jemalloc/jemalloc/CMakeFiles/jemalloc.dir/src/hpdata.cpp.o.d -o extension/jemalloc/jemalloc/CMakeFiles/jemalloc.dir/src/hpdata.cpp.o -c /home/pei/Project/duckdb-polr/extension/jemalloc/jemalloc/src/hpdata.cpp
[228/376] /usr/bin/ccache /usr/lib/ccache/c++ -DDUCKDB_BUILD_LIBRARY -DENABLE_CROSS_PRODUCT_REWRITE=0 -DENABLE_DEBUG_PRINT=0 -DENABLE_MEASURE_EXE_TIME=0 -DENABLE_MERGE_BACK_PLAN=0 -DENABLE_PARALLEL_EXECUTION=0 -DENABLE_QUERY_SPLIT=1 -DENABLE_SPECIFY_EST_STAT=0 -DJEMALLOC_NO_PRIVATE_NAMESPACE -DJEMALLOC_NO_RENAME -I/home/pei/Project/duckdb-polr/src/include -I/home/pei/Project/duckdb-polr/third_party/fsst -I/home/pei/Project/duckdb-polr/third_party/fmt/include -I/home/pei/Project/duckdb-polr/third_party/hyperloglog -I/home/pei/Project/duckdb-polr/third_party/fastpforlib -I/home/pei/Project/duckdb-polr/third_party/fast_float -I/home/pei/Project/duckdb-polr/third_party/re2 -I/home/pei/Project/duckdb-polr/third_party/miniz -I/home/pei/Project/duckdb-polr/third_party/utf8proc/include -I/home/pei/Project/duckdb-polr/third_party/miniparquet -I/home/pei/Project/duckdb-polr/third_party/concurrentqueue -I/home/pei/Project/duckdb-polr/third_party/pcg -I/home/pei/Project/duckdb-polr/third_party/tdigest -I/home/pei/Project/duckdb-polr/third_party/mbedtls/include -I/home/pei/Project/duckdb-polr/third_party/jaro_winkler -I/home/pei/Project/duckdb-polr/extension/jemalloc/include -I/home/pei/Project/duckdb-polr/extension/jemalloc/jemalloc/include -O3 -DNDEBUG -O3 -DNDEBUG   -fPIC -fdiagnostics-color=always -w -std=c++11 -MD -MT extension/jemalloc/jemalloc/CMakeFiles/jemalloc.dir/src/inspect.cpp.o -MF extension/jemalloc/jemalloc/CMakeFiles/jemalloc.dir/src/inspect.cpp.o.d -o extension/jemalloc/jemalloc/CMakeFiles/jemalloc.dir/src/inspect.cpp.o -c /home/pei/Project/duckdb-polr/extension/jemalloc/jemalloc/src/inspect.cpp
[229/376] /usr/bin/ccache /usr/lib/ccache/c++ -DDUCKDB_BUILD_LIBRARY -DENABLE_CROSS_PRODUCT_REWRITE=0 -DENABLE_DEBUG_PRINT=0 -DENABLE_MEASURE_EXE_TIME=0 -DENABLE_MERGE_BACK_PLAN=0 -DENABLE_PARALLEL_EXECUTION=0 -DENABLE_QUERY_SPLIT=1 -DENABLE_SPECIFY_EST_STAT=0 -DJEMALLOC_NO_PRIVATE_NAMESPACE -DJEMALLOC_NO_RENAME -I/home/pei/Project/duckdb-polr/src/include -I/home/pei/Project/duckdb-polr/third_party/fsst -I/home/pei/Project/duckdb-polr/third_party/fmt/include -I/home/pei/Project/duckdb-polr/third_party/hyperloglog -I/home/pei/Project/duckdb-polr/third_party/fastpforlib -I/home/pei/Project/duckdb-polr/third_party/fast_float -I/home/pei/Project/duckdb-polr/third_party/re2 -I/home/pei/Project/duckdb-polr/third_party/miniz -I/home/pei/Project/duckdb-polr/third_party/utf8proc/include -I/home/pei/Project/duckdb-polr/third_party/miniparquet -I/home/pei/Project/duckdb-polr/third_party/concurrentqueue -I/home/pei/Project/duckdb-polr/third_party/pcg -I/home/pei/Project/duckdb-polr/third_party/tdigest -I/home/pei/Project/duckdb-polr/third_party/mbedtls/include -I/home/pei/Project/duckdb-polr/third_party/jaro_winkler -I/home/pei/Project/duckdb-polr/extension/jemalloc/include -I/home/pei/Project/duckdb-polr/extension/jemalloc/jemalloc/include -O3 -DNDEBUG -O3 -DNDEBUG   -fPIC -fdiagnostics-color=always -w -std=c++11 -MD -MT extension/jemalloc/jemalloc/CMakeFiles/jemalloc.dir/src/jemalloc.cpp.o -MF extension/jemalloc/jemalloc/CMakeFiles/jemalloc.dir/src/jemalloc.cpp.o.d -o extension/jemalloc/jemalloc/CMakeFiles/jemalloc.dir/src/jemalloc.cpp.o -c /home/pei/Project/duckdb-polr/extension/jemalloc/jemalloc/src/jemalloc.cpp
[230/376] /usr/bin/ccache /usr/lib/ccache/c++ -DDUCKDB_BUILD_LIBRARY -DENABLE_CROSS_PRODUCT_REWRITE=0 -DENABLE_DEBUG_PRINT=0 -DENABLE_MEASURE_EXE_TIME=0 -DENABLE_MERGE_BACK_PLAN=0 -DENABLE_PARALLEL_EXECUTION=0 -DENABLE_QUERY_SPLIT=1 -DENABLE_SPECIFY_EST_STAT=0 -DJEMALLOC_NO_PRIVATE_NAMESPACE -DJEMALLOC_NO_RENAME -I/home/pei/Project/duckdb-polr/src/include -I/home/pei/Project/duckdb-polr/third_party/fsst -I/home/pei/Project/duckdb-polr/third_party/fmt/include -I/home/pei/Project/duckdb-polr/third_party/hyperloglog -I/home/pei/Project/duckdb-polr/third_party/fastpforlib -I/home/pei/Project/duckdb-polr/third_party/fast_float -I/home/pei/Project/duckdb-polr/third_party/re2 -I/home/pei/Project/duckdb-polr/third_party/miniz -I/home/pei/Project/duckdb-polr/third_party/utf8proc/include -I/home/pei/Project/duckdb-polr/third_party/miniparquet -I/home/pei/Project/duckdb-polr/third_party/concurrentqueue -I/home/pei/Project/duckdb-polr/third_party/pcg -I/home/pei/Project/duckdb-polr/third_party/tdigest -I/home/pei/Project/duckdb-polr/third_party/mbedtls/include -I/home/pei/Project/duckdb-polr/third_party/jaro_winkler -I/home/pei/Project/duckdb-polr/extension/jemalloc/include -I/home/pei/Project/duckdb-polr/extension/jemalloc/jemalloc/include -O3 -DNDEBUG -O3 -DNDEBUG   -fPIC -fdiagnostics-color=always -w -std=c++11 -MD -MT extension/jemalloc/jemalloc/CMakeFiles/jemalloc.dir/src/large.cpp.o -MF extension/jemalloc/jemalloc/CMakeFiles/jemalloc.dir/src/large.cpp.o.d -o extension/jemalloc/jemalloc/CMakeFiles/jemalloc.dir/src/large.cpp.o -c /home/pei/Project/duckdb-polr/extension/jemalloc/jemalloc/src/large.cpp
[231/376] /usr/bin/ccache /usr/lib/ccache/c++ -DDUCKDB_BUILD_LIBRARY -DENABLE_CROSS_PRODUCT_REWRITE=0 -DENABLE_DEBUG_PRINT=0 -DENABLE_MEASURE_EXE_TIME=0 -DENABLE_MERGE_BACK_PLAN=0 -DENABLE_PARALLEL_EXECUTION=0 -DENABLE_QUERY_SPLIT=1 -DENABLE_SPECIFY_EST_STAT=0 -DJEMALLOC_NO_PRIVATE_NAMESPACE -DJEMALLOC_NO_RENAME -I/home/pei/Project/duckdb-polr/src/include -I/home/pei/Project/duckdb-polr/third_party/fsst -I/home/pei/Project/duckdb-polr/third_party/fmt/include -I/home/pei/Project/duckdb-polr/third_party/hyperloglog -I/home/pei/Project/duckdb-polr/third_party/fastpforlib -I/home/pei/Project/duckdb-polr/third_party/fast_float -I/home/pei/Project/duckdb-polr/third_party/re2 -I/home/pei/Project/duckdb-polr/third_party/miniz -I/home/pei/Project/duckdb-polr/third_party/utf8proc/include -I/home/pei/Project/duckdb-polr/third_party/miniparquet -I/home/pei/Project/duckdb-polr/third_party/concurrentqueue -I/home/pei/Project/duckdb-polr/third_party/pcg -I/home/pei/Project/duckdb-polr/third_party/tdigest -I/home/pei/Project/duckdb-polr/third_party/mbedtls/include -I/home/pei/Project/duckdb-polr/third_party/jaro_winkler -I/home/pei/Project/duckdb-polr/extension/jemalloc/include -I/home/pei/Project/duckdb-polr/extension/jemalloc/jemalloc/include -O3 -DNDEBUG -O3 -DNDEBUG   -fPIC -fdiagnostics-color=always -w -std=c++11 -MD -MT extension/jemalloc/jemalloc/CMakeFiles/jemalloc.dir/src/log.cpp.o -MF extension/jemalloc/jemalloc/CMakeFiles/jemalloc.dir/src/log.cpp.o.d -o extension/jemalloc/jemalloc/CMakeFiles/jemalloc.dir/src/log.cpp.o -c /home/pei/Project/duckdb-polr/extension/jemalloc/jemalloc/src/log.cpp
[232/376] /usr/bin/ccache /usr/lib/ccache/c++ -DDUCKDB_BUILD_LIBRARY -DENABLE_CROSS_PRODUCT_REWRITE=0 -DENABLE_DEBUG_PRINT=0 -DENABLE_MEASURE_EXE_TIME=0 -DENABLE_MERGE_BACK_PLAN=0 -DENABLE_PARALLEL_EXECUTION=0 -DENABLE_QUERY_SPLIT=1 -DENABLE_SPECIFY_EST_STAT=0 -DJEMALLOC_NO_PRIVATE_NAMESPACE -DJEMALLOC_NO_RENAME -I/home/pei/Project/duckdb-polr/src/include -I/home/pei/Project/duckdb-polr/third_party/fsst -I/home/pei/Project/duckdb-polr/third_party/fmt/include -I/home/pei/Project/duckdb-polr/third_party/hyperloglog -I/home/pei/Project/duckdb-polr/third_party/fastpforlib -I/home/pei/Project/duckdb-polr/third_party/fast_float -I/home/pei/Project/duckdb-polr/third_party/re2 -I/home/pei/Project/duckdb-polr/third_party/miniz -I/home/pei/Project/duckdb-polr/third_party/utf8proc/include -I/home/pei/Project/duckdb-polr/third_party/miniparquet -I/home/pei/Project/duckdb-polr/third_party/concurrentqueue -I/home/pei/Project/duckdb-polr/third_party/pcg -I/home/pei/Project/duckdb-polr/third_party/tdigest -I/home/pei/Project/duckdb-polr/third_party/mbedtls/include -I/home/pei/Project/duckdb-polr/third_party/jaro_winkler -I/home/pei/Project/duckdb-polr/extension/jemalloc/include -I/home/pei/Project/duckdb-polr/extension/jemalloc/jemalloc/include -O3 -DNDEBUG -O3 -DNDEBUG   -fPIC -fdiagnostics-color=always -w -std=c++11 -MD -MT extension/jemalloc/jemalloc/CMakeFiles/jemalloc.dir/src/malloc_io.cpp.o -MF extension/jemalloc/jemalloc/CMakeFiles/jemalloc.dir/src/malloc_io.cpp.o.d -o extension/jemalloc/jemalloc/CMakeFiles/jemalloc.dir/src/malloc_io.cpp.o -c /home/pei/Project/duckdb-polr/extension/jemalloc/jemalloc/src/malloc_io.cpp
[233/376] /usr/bin/ccache /usr/lib/ccache/c++ -DDUCKDB_BUILD_LIBRARY -DENABLE_CROSS_PRODUCT_REWRITE=0 -DENABLE_DEBUG_PRINT=0 -DENABLE_MEASURE_EXE_TIME=0 -DENABLE_MERGE_BACK_PLAN=0 -DENABLE_PARALLEL_EXECUTION=0 -DENABLE_QUERY_SPLIT=1 -DENABLE_SPECIFY_EST_STAT=0 -DJEMALLOC_NO_PRIVATE_NAMESPACE -DJEMALLOC_NO_RENAME -I/home/pei/Project/duckdb-polr/src/include -I/home/pei/Project/duckdb-polr/third_party/fsst -I/home/pei/Project/duckdb-polr/third_party/fmt/include -I/home/pei/Project/duckdb-polr/third_party/hyperloglog -I/home/pei/Project/duckdb-polr/third_party/fastpforlib -I/home/pei/Project/duckdb-polr/third_party/fast_float -I/home/pei/Project/duckdb-polr/third_party/re2 -I/home/pei/Project/duckdb-polr/third_party/miniz -I/home/pei/Project/duckdb-polr/third_party/utf8proc/include -I/home/pei/Project/duckdb-polr/third_party/miniparquet -I/home/pei/Project/duckdb-polr/third_party/concurrentqueue -I/home/pei/Project/duckdb-polr/third_party/pcg -I/home/pei/Project/duckdb-polr/third_party/tdigest -I/home/pei/Project/duckdb-polr/third_party/mbedtls/include -I/home/pei/Project/duckdb-polr/third_party/jaro_winkler -I/home/pei/Project/duckdb-polr/extension/jemalloc/include -I/home/pei/Project/duckdb-polr/extension/jemalloc/jemalloc/include -O3 -DNDEBUG -O3 -DNDEBUG   -fPIC -fdiagnostics-color=always -w -std=c++11 -MD -MT extension/jemalloc/jemalloc/CMakeFiles/jemalloc.dir/src/mutex.cpp.o -MF extension/jemalloc/jemalloc/CMakeFiles/jemalloc.dir/src/mutex.cpp.o.d -o extension/jemalloc/jemalloc/CMakeFiles/jemalloc.dir/src/mutex.cpp.o -c /home/pei/Project/duckdb-polr/extension/jemalloc/jemalloc/src/mutex.cpp
[234/376] /usr/bin/ccache /usr/lib/ccache/c++ -DDUCKDB_BUILD_LIBRARY -DENABLE_CROSS_PRODUCT_REWRITE=0 -DENABLE_DEBUG_PRINT=0 -DENABLE_MEASURE_EXE_TIME=0 -DENABLE_MERGE_BACK_PLAN=0 -DENABLE_PARALLEL_EXECUTION=0 -DENABLE_QUERY_SPLIT=1 -DENABLE_SPECIFY_EST_STAT=0 -DJEMALLOC_NO_PRIVATE_NAMESPACE -DJEMALLOC_NO_RENAME -I/home/pei/Project/duckdb-polr/src/include -I/home/pei/Project/duckdb-polr/third_party/fsst -I/home/pei/Project/duckdb-polr/third_party/fmt/include -I/home/pei/Project/duckdb-polr/third_party/hyperloglog -I/home/pei/Project/duckdb-polr/third_party/fastpforlib -I/home/pei/Project/duckdb-polr/third_party/fast_float -I/home/pei/Project/duckdb-polr/third_party/re2 -I/home/pei/Project/duckdb-polr/third_party/miniz -I/home/pei/Project/duckdb-polr/third_party/utf8proc/include -I/home/pei/Project/duckdb-polr/third_party/miniparquet -I/home/pei/Project/duckdb-polr/third_party/concurrentqueue -I/home/pei/Project/duckdb-polr/third_party/pcg -I/home/pei/Project/duckdb-polr/third_party/tdigest -I/home/pei/Project/duckdb-polr/third_party/mbedtls/include -I/home/pei/Project/duckdb-polr/third_party/jaro_winkler -I/home/pei/Project/duckdb-polr/extension/jemalloc/include -I/home/pei/Project/duckdb-polr/extension/jemalloc/jemalloc/include -O3 -DNDEBUG -O3 -DNDEBUG   -fPIC -fdiagnostics-color=always -w -std=c++11 -MD -MT extension/jemalloc/jemalloc/CMakeFiles/jemalloc.dir/src/nstime.cpp.o -MF extension/jemalloc/jemalloc/CMakeFiles/jemalloc.dir/src/nstime.cpp.o.d -o extension/jemalloc/jemalloc/CMakeFiles/jemalloc.dir/src/nstime.cpp.o -c /home/pei/Project/duckdb-polr/extension/jemalloc/jemalloc/src/nstime.cpp
[235/376] /usr/bin/ccache /usr/lib/ccache/c++ -DDUCKDB_BUILD_LIBRARY -DENABLE_CROSS_PRODUCT_REWRITE=0 -DENABLE_DEBUG_PRINT=0 -DENABLE_MEASURE_EXE_TIME=0 -DENABLE_MERGE_BACK_PLAN=0 -DENABLE_PARALLEL_EXECUTION=0 -DENABLE_QUERY_SPLIT=1 -DENABLE_SPECIFY_EST_STAT=0 -DJEMALLOC_NO_PRIVATE_NAMESPACE -DJEMALLOC_NO_RENAME -I/home/pei/Project/duckdb-polr/src/include -I/home/pei/Project/duckdb-polr/third_party/fsst -I/home/pei/Project/duckdb-polr/third_party/fmt/include -I/home/pei/Project/duckdb-polr/third_party/hyperloglog -I/home/pei/Project/duckdb-polr/third_party/fastpforlib -I/home/pei/Project/duckdb-polr/third_party/fast_float -I/home/pei/Project/duckdb-polr/third_party/re2 -I/home/pei/Project/duckdb-polr/third_party/miniz -I/home/pei/Project/duckdb-polr/third_party/utf8proc/include -I/home/pei/Project/duckdb-polr/third_party/miniparquet -I/home/pei/Project/duckdb-polr/third_party/concurrentqueue -I/home/pei/Project/duckdb-polr/third_party/pcg -I/home/pei/Project/duckdb-polr/third_party/tdigest -I/home/pei/Project/duckdb-polr/third_party/mbedtls/include -I/home/pei/Project/duckdb-polr/third_party/jaro_winkler -I/home/pei/Project/duckdb-polr/extension/jemalloc/include -I/home/pei/Project/duckdb-polr/extension/jemalloc/jemalloc/include -O3 -DNDEBUG -O3 -DNDEBUG   -fPIC -fdiagnostics-color=always -w -std=c++11 -MD -MT extension/jemalloc/jemalloc/CMakeFiles/jemalloc.dir/src/pa_extra.cpp.o -MF extension/jemalloc/jemalloc/CMakeFiles/jemalloc.dir/src/pa_extra.cpp.o.d -o extension/jemalloc/jemalloc/CMakeFiles/jemalloc.dir/src/pa_extra.cpp.o -c /home/pei/Project/duckdb-polr/extension/jemalloc/jemalloc/src/pa_extra.cpp
[236/376] /usr/bin/ccache /usr/lib/ccache/c++ -DDUCKDB_BUILD_LIBRARY -DENABLE_CROSS_PRODUCT_REWRITE=0 -DENABLE_DEBUG_PRINT=0 -DENABLE_MEASURE_EXE_TIME=0 -DENABLE_MERGE_BACK_PLAN=0 -DENABLE_PARALLEL_EXECUTION=0 -DENABLE_QUERY_SPLIT=1 -DENABLE_SPECIFY_EST_STAT=0 -DJEMALLOC_NO_PRIVATE_NAMESPACE -DJEMALLOC_NO_RENAME -I/home/pei/Project/duckdb-polr/src/include -I/home/pei/Project/duckdb-polr/third_party/fsst -I/home/pei/Project/duckdb-polr/third_party/fmt/include -I/home/pei/Project/duckdb-polr/third_party/hyperloglog -I/home/pei/Project/duckdb-polr/third_party/fastpforlib -I/home/pei/Project/duckdb-polr/third_party/fast_float -I/home/pei/Project/duckdb-polr/third_party/re2 -I/home/pei/Project/duckdb-polr/third_party/miniz -I/home/pei/Project/duckdb-polr/third_party/utf8proc/include -I/home/pei/Project/duckdb-polr/third_party/miniparquet -I/home/pei/Project/duckdb-polr/third_party/concurrentqueue -I/home/pei/Project/duckdb-polr/third_party/pcg -I/home/pei/Project/duckdb-polr/third_party/tdigest -I/home/pei/Project/duckdb-polr/third_party/mbedtls/include -I/home/pei/Project/duckdb-polr/third_party/jaro_winkler -I/home/pei/Project/duckdb-polr/extension/jemalloc/include -I/home/pei/Project/duckdb-polr/extension/jemalloc/jemalloc/include -O3 -DNDEBUG -O3 -DNDEBUG   -fPIC -fdiagnostics-color=always -w -std=c++11 -MD -MT extension/jemalloc/jemalloc/CMakeFiles/jemalloc.dir/src/pa.cpp.o -MF extension/jemalloc/jemalloc/CMakeFiles/jemalloc.dir/src/pa.cpp.o.d -o extension/jemalloc/jemalloc/CMakeFiles/jemalloc.dir/src/pa.cpp.o -c /home/pei/Project/duckdb-polr/extension/jemalloc/jemalloc/src/pa.cpp
[237/376] /usr/bin/ccache /usr/lib/ccache/c++ -DDUCKDB_BUILD_LIBRARY -DENABLE_CROSS_PRODUCT_REWRITE=0 -DENABLE_DEBUG_PRINT=0 -DENABLE_MEASURE_EXE_TIME=0 -DENABLE_MERGE_BACK_PLAN=0 -DENABLE_PARALLEL_EXECUTION=0 -DENABLE_QUERY_SPLIT=1 -DENABLE_SPECIFY_EST_STAT=0 -DJEMALLOC_NO_PRIVATE_NAMESPACE -DJEMALLOC_NO_RENAME -I/home/pei/Project/duckdb-polr/src/include -I/home/pei/Project/duckdb-polr/third_party/fsst -I/home/pei/Project/duckdb-polr/third_party/fmt/include -I/home/pei/Project/duckdb-polr/third_party/hyperloglog -I/home/pei/Project/duckdb-polr/third_party/fastpforlib -I/home/pei/Project/duckdb-polr/third_party/fast_float -I/home/pei/Project/duckdb-polr/third_party/re2 -I/home/pei/Project/duckdb-polr/third_party/miniz -I/home/pei/Project/duckdb-polr/third_party/utf8proc/include -I/home/pei/Project/duckdb-polr/third_party/miniparquet -I/home/pei/Project/duckdb-polr/third_party/concurrentqueue -I/home/pei/Project/duckdb-polr/third_party/pcg -I/home/pei/Project/duckdb-polr/third_party/tdigest -I/home/pei/Project/duckdb-polr/third_party/mbedtls/include -I/home/pei/Project/duckdb-polr/third_party/jaro_winkler -I/home/pei/Project/duckdb-polr/extension/jemalloc/include -I/home/pei/Project/duckdb-polr/extension/jemalloc/jemalloc/include -O3 -DNDEBUG -O3 -DNDEBUG   -fPIC -fdiagnostics-color=always -w -std=c++11 -MD -MT extension/jemalloc/jemalloc/CMakeFiles/jemalloc.dir/src/pac.cpp.o -MF extension/jemalloc/jemalloc/CMakeFiles/jemalloc.dir/src/pac.cpp.o.d -o extension/jemalloc/jemalloc/CMakeFiles/jemalloc.dir/src/pac.cpp.o -c /home/pei/Project/duckdb-polr/extension/jemalloc/jemalloc/src/pac.cpp
[238/376] /usr/bin/ccache /usr/lib/ccache/c++ -DDUCKDB_BUILD_LIBRARY -DENABLE_CROSS_PRODUCT_REWRITE=0 -DENABLE_DEBUG_PRINT=0 -DENABLE_MEASURE_EXE_TIME=0 -DENABLE_MERGE_BACK_PLAN=0 -DENABLE_PARALLEL_EXECUTION=0 -DENABLE_QUERY_SPLIT=1 -DENABLE_SPECIFY_EST_STAT=0 -DJEMALLOC_NO_PRIVATE_NAMESPACE -DJEMALLOC_NO_RENAME -I/home/pei/Project/duckdb-polr/src/include -I/home/pei/Project/duckdb-polr/third_party/fsst -I/home/pei/Project/duckdb-polr/third_party/fmt/include -I/home/pei/Project/duckdb-polr/third_party/hyperloglog -I/home/pei/Project/duckdb-polr/third_party/fastpforlib -I/home/pei/Project/duckdb-polr/third_party/fast_float -I/home/pei/Project/duckdb-polr/third_party/re2 -I/home/pei/Project/duckdb-polr/third_party/miniz -I/home/pei/Project/duckdb-polr/third_party/utf8proc/include -I/home/pei/Project/duckdb-polr/third_party/miniparquet -I/home/pei/Project/duckdb-polr/third_party/concurrentqueue -I/home/pei/Project/duckdb-polr/third_party/pcg -I/home/pei/Project/duckdb-polr/third_party/tdigest -I/home/pei/Project/duckdb-polr/third_party/mbedtls/include -I/home/pei/Project/duckdb-polr/third_party/jaro_winkler -I/home/pei/Project/duckdb-polr/extension/jemalloc/include -I/home/pei/Project/duckdb-polr/extension/jemalloc/jemalloc/include -O3 -DNDEBUG -O3 -DNDEBUG   -fPIC -fdiagnostics-color=always -w -std=c++11 -MD -MT extension/jemalloc/jemalloc/CMakeFiles/jemalloc.dir/src/pages.cpp.o -MF extension/jemalloc/jemalloc/CMakeFiles/jemalloc.dir/src/pages.cpp.o.d -o extension/jemalloc/jemalloc/CMakeFiles/jemalloc.dir/src/pages.cpp.o -c /home/pei/Project/duckdb-polr/extension/jemalloc/jemalloc/src/pages.cpp
[239/376] /usr/bin/ccache /usr/lib/ccache/c++ -DDUCKDB_BUILD_LIBRARY -DENABLE_CROSS_PRODUCT_REWRITE=0 -DENABLE_DEBUG_PRINT=0 -DENABLE_MEASURE_EXE_TIME=0 -DENABLE_MERGE_BACK_PLAN=0 -DENABLE_PARALLEL_EXECUTION=0 -DENABLE_QUERY_SPLIT=1 -DENABLE_SPECIFY_EST_STAT=0 -DJEMALLOC_NO_PRIVATE_NAMESPACE -DJEMALLOC_NO_RENAME -I/home/pei/Project/duckdb-polr/src/include -I/home/pei/Project/duckdb-polr/third_party/fsst -I/home/pei/Project/duckdb-polr/third_party/fmt/include -I/home/pei/Project/duckdb-polr/third_party/hyperloglog -I/home/pei/Project/duckdb-polr/third_party/fastpforlib -I/home/pei/Project/duckdb-polr/third_party/fast_float -I/home/pei/Project/duckdb-polr/third_party/re2 -I/home/pei/Project/duckdb-polr/third_party/miniz -I/home/pei/Project/duckdb-polr/third_party/utf8proc/include -I/home/pei/Project/duckdb-polr/third_party/miniparquet -I/home/pei/Project/duckdb-polr/third_party/concurrentqueue -I/home/pei/Project/duckdb-polr/third_party/pcg -I/home/pei/Project/duckdb-polr/third_party/tdigest -I/home/pei/Project/duckdb-polr/third_party/mbedtls/include -I/home/pei/Project/duckdb-polr/third_party/jaro_winkler -I/home/pei/Project/duckdb-polr/extension/jemalloc/include -I/home/pei/Project/duckdb-polr/extension/jemalloc/jemalloc/include -O3 -DNDEBUG -O3 -DNDEBUG   -fPIC -fdiagnostics-color=always -w -std=c++11 -MD -MT extension/jemalloc/jemalloc/CMakeFiles/jemalloc.dir/src/peak_event.cpp.o -MF extension/jemalloc/jemalloc/CMakeFiles/jemalloc.dir/src/peak_event.cpp.o.d -o extension/jemalloc/jemalloc/CMakeFiles/jemalloc.dir/src/peak_event.cpp.o -c /home/pei/Project/duckdb-polr/extension/jemalloc/jemalloc/src/peak_event.cpp
[240/376] /usr/bin/ccache /usr/lib/ccache/c++ -DDUCKDB_BUILD_LIBRARY -DENABLE_CROSS_PRODUCT_REWRITE=0 -DENABLE_DEBUG_PRINT=0 -DENABLE_MEASURE_EXE_TIME=0 -DENABLE_MERGE_BACK_PLAN=0 -DENABLE_PARALLEL_EXECUTION=0 -DENABLE_QUERY_SPLIT=1 -DENABLE_SPECIFY_EST_STAT=0 -DJEMALLOC_NO_PRIVATE_NAMESPACE -DJEMALLOC_NO_RENAME -I/home/pei/Project/duckdb-polr/src/include -I/home/pei/Project/duckdb-polr/third_party/fsst -I/home/pei/Project/duckdb-polr/third_party/fmt/include -I/home/pei/Project/duckdb-polr/third_party/hyperloglog -I/home/pei/Project/duckdb-polr/third_party/fastpforlib -I/home/pei/Project/duckdb-polr/third_party/fast_float -I/home/pei/Project/duckdb-polr/third_party/re2 -I/home/pei/Project/duckdb-polr/third_party/miniz -I/home/pei/Project/duckdb-polr/third_party/utf8proc/include -I/home/pei/Project/duckdb-polr/third_party/miniparquet -I/home/pei/Project/duckdb-polr/third_party/concurrentqueue -I/home/pei/Project/duckdb-polr/third_party/pcg -I/home/pei/Project/duckdb-polr/third_party/tdigest -I/home/pei/Project/duckdb-polr/third_party/mbedtls/include -I/home/pei/Project/duckdb-polr/third_party/jaro_winkler -I/home/pei/Project/duckdb-polr/extension/jemalloc/include -I/home/pei/Project/duckdb-polr/extension/jemalloc/jemalloc/include -O3 -DNDEBUG -O3 -DNDEBUG   -fPIC -fdiagnostics-color=always -w -std=c++11 -MD -MT extension/jemalloc/jemalloc/CMakeFiles/jemalloc.dir/src/pai.cpp.o -MF extension/jemalloc/jemalloc/CMakeFiles/jemalloc.dir/src/pai.cpp.o.d -o extension/jemalloc/jemalloc/CMakeFiles/jemalloc.dir/src/pai.cpp.o -c /home/pei/Project/duckdb-polr/extension/jemalloc/jemalloc/src/pai.cpp
[241/376] /usr/bin/ccache /usr/lib/ccache/c++ -DDUCKDB_BUILD_LIBRARY -DENABLE_CROSS_PRODUCT_REWRITE=0 -DENABLE_DEBUG_PRINT=0 -DENABLE_MEASURE_EXE_TIME=0 -DENABLE_MERGE_BACK_PLAN=0 -DENABLE_PARALLEL_EXECUTION=0 -DENABLE_QUERY_SPLIT=1 -DENABLE_SPECIFY_EST_STAT=0 -DJEMALLOC_NO_PRIVATE_NAMESPACE -DJEMALLOC_NO_RENAME -I/home/pei/Project/duckdb-polr/src/include -I/home/pei/Project/duckdb-polr/third_party/fsst -I/home/pei/Project/duckdb-polr/third_party/fmt/include -I/home/pei/Project/duckdb-polr/third_party/hyperloglog -I/home/pei/Project/duckdb-polr/third_party/fastpforlib -I/home/pei/Project/duckdb-polr/third_party/fast_float -I/home/pei/Project/duckdb-polr/third_party/re2 -I/home/pei/Project/duckdb-polr/third_party/miniz -I/home/pei/Project/duckdb-polr/third_party/utf8proc/include -I/home/pei/Project/duckdb-polr/third_party/miniparquet -I/home/pei/Project/duckdb-polr/third_party/concurrentqueue -I/home/pei/Project/duckdb-polr/third_party/pcg -I/home/pei/Project/duckdb-polr/third_party/tdigest -I/home/pei/Project/duckdb-polr/third_party/mbedtls/include -I/home/pei/Project/duckdb-polr/third_party/jaro_winkler -I/home/pei/Project/duckdb-polr/extension/jemalloc/include -I/home/pei/Project/duckdb-polr/extension/jemalloc/jemalloc/include -O3 -DNDEBUG -O3 -DNDEBUG   -fPIC -fdiagnostics-color=always -w -std=c++11 -MD -MT extension/jemalloc/jemalloc/CMakeFiles/jemalloc.dir/src/prof.cpp.o -MF extension/jemalloc/jemalloc/CMakeFiles/jemalloc.dir/src/prof.cpp.o.d -o extension/jemalloc/jemalloc/CMakeFiles/jemalloc.dir/src/prof.cpp.o -c /home/pei/Project/duckdb-polr/extension/jemalloc/jemalloc/src/prof.cpp
[242/376] /usr/bin/ccache /usr/lib/ccache/c++ -DDUCKDB_BUILD_LIBRARY -DENABLE_CROSS_PRODUCT_REWRITE=0 -DENABLE_DEBUG_PRINT=0 -DENABLE_MEASURE_EXE_TIME=0 -DENABLE_MERGE_BACK_PLAN=0 -DENABLE_PARALLEL_EXECUTION=0 -DENABLE_QUERY_SPLIT=1 -DENABLE_SPECIFY_EST_STAT=0 -DJEMALLOC_NO_PRIVATE_NAMESPACE -DJEMALLOC_NO_RENAME -I/home/pei/Project/duckdb-polr/src/include -I/home/pei/Project/duckdb-polr/third_party/fsst -I/home/pei/Project/duckdb-polr/third_party/fmt/include -I/home/pei/Project/duckdb-polr/third_party/hyperloglog -I/home/pei/Project/duckdb-polr/third_party/fastpforlib -I/home/pei/Project/duckdb-polr/third_party/fast_float -I/home/pei/Project/duckdb-polr/third_party/re2 -I/home/pei/Project/duckdb-polr/third_party/miniz -I/home/pei/Project/duckdb-polr/third_party/utf8proc/include -I/home/pei/Project/duckdb-polr/third_party/miniparquet -I/home/pei/Project/duckdb-polr/third_party/concurrentqueue -I/home/pei/Project/duckdb-polr/third_party/pcg -I/home/pei/Project/duckdb-polr/third_party/tdigest -I/home/pei/Project/duckdb-polr/third_party/mbedtls/include -I/home/pei/Project/duckdb-polr/third_party/jaro_winkler -I/home/pei/Project/duckdb-polr/extension/jemalloc/include -I/home/pei/Project/duckdb-polr/extension/jemalloc/jemalloc/include -O3 -DNDEBUG -O3 -DNDEBUG   -fPIC -fdiagnostics-color=always -w -std=c++11 -MD -MT extension/jemalloc/jemalloc/CMakeFiles/jemalloc.dir/src/prof_data.cpp.o -MF extension/jemalloc/jemalloc/CMakeFiles/jemalloc.dir/src/prof_data.cpp.o.d -o extension/jemalloc/jemalloc/CMakeFiles/jemalloc.dir/src/prof_data.cpp.o -c /home/pei/Project/duckdb-polr/extension/jemalloc/jemalloc/src/prof_data.cpp
[243/376] /usr/bin/ccache /usr/lib/ccache/c++ -DDUCKDB_BUILD_LIBRARY -DENABLE_CROSS_PRODUCT_REWRITE=0 -DENABLE_DEBUG_PRINT=0 -DENABLE_MEASURE_EXE_TIME=0 -DENABLE_MERGE_BACK_PLAN=0 -DENABLE_PARALLEL_EXECUTION=0 -DENABLE_QUERY_SPLIT=1 -DENABLE_SPECIFY_EST_STAT=0 -DJEMALLOC_NO_PRIVATE_NAMESPACE -DJEMALLOC_NO_RENAME -I/home/pei/Project/duckdb-polr/src/include -I/home/pei/Project/duckdb-polr/third_party/fsst -I/home/pei/Project/duckdb-polr/third_party/fmt/include -I/home/pei/Project/duckdb-polr/third_party/hyperloglog -I/home/pei/Project/duckdb-polr/third_party/fastpforlib -I/home/pei/Project/duckdb-polr/third_party/fast_float -I/home/pei/Project/duckdb-polr/third_party/re2 -I/home/pei/Project/duckdb-polr/third_party/miniz -I/home/pei/Project/duckdb-polr/third_party/utf8proc/include -I/home/pei/Project/duckdb-polr/third_party/miniparquet -I/home/pei/Project/duckdb-polr/third_party/concurrentqueue -I/home/pei/Project/duckdb-polr/third_party/pcg -I/home/pei/Project/duckdb-polr/third_party/tdigest -I/home/pei/Project/duckdb-polr/third_party/mbedtls/include -I/home/pei/Project/duckdb-polr/third_party/jaro_winkler -I/home/pei/Project/duckdb-polr/extension/jemalloc/include -I/home/pei/Project/duckdb-polr/extension/jemalloc/jemalloc/include -O3 -DNDEBUG -O3 -DNDEBUG   -fPIC -fdiagnostics-color=always -w -std=c++11 -MD -MT extension/jemalloc/jemalloc/CMakeFiles/jemalloc.dir/src/prof_log.cpp.o -MF extension/jemalloc/jemalloc/CMakeFiles/jemalloc.dir/src/prof_log.cpp.o.d -o extension/jemalloc/jemalloc/CMakeFiles/jemalloc.dir/src/prof_log.cpp.o -c /home/pei/Project/duckdb-polr/extension/jemalloc/jemalloc/src/prof_log.cpp
[244/376] /usr/bin/ccache /usr/lib/ccache/c++ -DDUCKDB_BUILD_LIBRARY -DENABLE_CROSS_PRODUCT_REWRITE=0 -DENABLE_DEBUG_PRINT=0 -DENABLE_MEASURE_EXE_TIME=0 -DENABLE_MERGE_BACK_PLAN=0 -DENABLE_PARALLEL_EXECUTION=0 -DENABLE_QUERY_SPLIT=1 -DENABLE_SPECIFY_EST_STAT=0 -DJEMALLOC_NO_PRIVATE_NAMESPACE -DJEMALLOC_NO_RENAME -I/home/pei/Project/duckdb-polr/src/include -I/home/pei/Project/duckdb-polr/third_party/fsst -I/home/pei/Project/duckdb-polr/third_party/fmt/include -I/home/pei/Project/duckdb-polr/third_party/hyperloglog -I/home/pei/Project/duckdb-polr/third_party/fastpforlib -I/home/pei/Project/duckdb-polr/third_party/fast_float -I/home/pei/Project/duckdb-polr/third_party/re2 -I/home/pei/Project/duckdb-polr/third_party/miniz -I/home/pei/Project/duckdb-polr/third_party/utf8proc/include -I/home/pei/Project/duckdb-polr/third_party/miniparquet -I/home/pei/Project/duckdb-polr/third_party/concurrentqueue -I/home/pei/Project/duckdb-polr/third_party/pcg -I/home/pei/Project/duckdb-polr/third_party/tdigest -I/home/pei/Project/duckdb-polr/third_party/mbedtls/include -I/home/pei/Project/duckdb-polr/third_party/jaro_winkler -I/home/pei/Project/duckdb-polr/extension/jemalloc/include -I/home/pei/Project/duckdb-polr/extension/jemalloc/jemalloc/include -O3 -DNDEBUG -O3 -DNDEBUG   -fPIC -fdiagnostics-color=always -w -std=c++11 -MD -MT extension/jemalloc/jemalloc/CMakeFiles/jemalloc.dir/src/prof_sys.cpp.o -MF extension/jemalloc/jemalloc/CMakeFiles/jemalloc.dir/src/prof_sys.cpp.o.d -o extension/jemalloc/jemalloc/CMakeFiles/jemalloc.dir/src/prof_sys.cpp.o -c /home/pei/Project/duckdb-polr/extension/jemalloc/jemalloc/src/prof_sys.cpp
[245/376] /usr/bin/ccache /usr/lib/ccache/c++ -DDUCKDB_BUILD_LIBRARY -DENABLE_CROSS_PRODUCT_REWRITE=0 -DENABLE_DEBUG_PRINT=0 -DENABLE_MEASURE_EXE_TIME=0 -DENABLE_MERGE_BACK_PLAN=0 -DENABLE_PARALLEL_EXECUTION=0 -DENABLE_QUERY_SPLIT=1 -DENABLE_SPECIFY_EST_STAT=0 -DJEMALLOC_NO_PRIVATE_NAMESPACE -DJEMALLOC_NO_RENAME -I/home/pei/Project/duckdb-polr/src/include -I/home/pei/Project/duckdb-polr/third_party/fsst -I/home/pei/Project/duckdb-polr/third_party/fmt/include -I/home/pei/Project/duckdb-polr/third_party/hyperloglog -I/home/pei/Project/duckdb-polr/third_party/fastpforlib -I/home/pei/Project/duckdb-polr/third_party/fast_float -I/home/pei/Project/duckdb-polr/third_party/re2 -I/home/pei/Project/duckdb-polr/third_party/miniz -I/home/pei/Project/duckdb-polr/third_party/utf8proc/include -I/home/pei/Project/duckdb-polr/third_party/miniparquet -I/home/pei/Project/duckdb-polr/third_party/concurrentqueue -I/home/pei/Project/duckdb-polr/third_party/pcg -I/home/pei/Project/duckdb-polr/third_party/tdigest -I/home/pei/Project/duckdb-polr/third_party/mbedtls/include -I/home/pei/Project/duckdb-polr/third_party/jaro_winkler -I/home/pei/Project/duckdb-polr/extension/jemalloc/include -I/home/pei/Project/duckdb-polr/extension/jemalloc/jemalloc/include -O3 -DNDEBUG -O3 -DNDEBUG   -fPIC -fdiagnostics-color=always -w -std=c++11 -MD -MT extension/jemalloc/jemalloc/CMakeFiles/jemalloc.dir/src/prof_recent.cpp.o -MF extension/jemalloc/jemalloc/CMakeFiles/jemalloc.dir/src/prof_recent.cpp.o.d -o extension/jemalloc/jemalloc/CMakeFiles/jemalloc.dir/src/prof_recent.cpp.o -c /home/pei/Project/duckdb-polr/extension/jemalloc/jemalloc/src/prof_recent.cpp
[246/376] /usr/bin/ccache /usr/lib/ccache/c++ -DDUCKDB_BUILD_LIBRARY -DENABLE_CROSS_PRODUCT_REWRITE=0 -DENABLE_DEBUG_PRINT=0 -DENABLE_MEASURE_EXE_TIME=0 -DENABLE_MERGE_BACK_PLAN=0 -DENABLE_PARALLEL_EXECUTION=0 -DENABLE_QUERY_SPLIT=1 -DENABLE_SPECIFY_EST_STAT=0 -DJEMALLOC_NO_PRIVATE_NAMESPACE -DJEMALLOC_NO_RENAME -I/home/pei/Project/duckdb-polr/src/include -I/home/pei/Project/duckdb-polr/third_party/fsst -I/home/pei/Project/duckdb-polr/third_party/fmt/include -I/home/pei/Project/duckdb-polr/third_party/hyperloglog -I/home/pei/Project/duckdb-polr/third_party/fastpforlib -I/home/pei/Project/duckdb-polr/third_party/fast_float -I/home/pei/Project/duckdb-polr/third_party/re2 -I/home/pei/Project/duckdb-polr/third_party/miniz -I/home/pei/Project/duckdb-polr/third_party/utf8proc/include -I/home/pei/Project/duckdb-polr/third_party/miniparquet -I/home/pei/Project/duckdb-polr/third_party/concurrentqueue -I/home/pei/Project/duckdb-polr/third_party/pcg -I/home/pei/Project/duckdb-polr/third_party/tdigest -I/home/pei/Project/duckdb-polr/third_party/mbedtls/include -I/home/pei/Project/duckdb-polr/third_party/jaro_winkler -I/home/pei/Project/duckdb-polr/extension/jemalloc/include -I/home/pei/Project/duckdb-polr/extension/jemalloc/jemalloc/include -O3 -DNDEBUG -O3 -DNDEBUG   -fPIC -fdiagnostics-color=always -w -std=c++11 -MD -MT extension/jemalloc/jemalloc/CMakeFiles/jemalloc.dir/src/prof_stats.cpp.o -MF extension/jemalloc/jemalloc/CMakeFiles/jemalloc.dir/src/prof_stats.cpp.o.d -o extension/jemalloc/jemalloc/CMakeFiles/jemalloc.dir/src/prof_stats.cpp.o -c /home/pei/Project/duckdb-polr/extension/jemalloc/jemalloc/src/prof_stats.cpp
[247/376] /usr/bin/ccache /usr/lib/ccache/c++ -DDUCKDB_BUILD_LIBRARY -DENABLE_CROSS_PRODUCT_REWRITE=0 -DENABLE_DEBUG_PRINT=0 -DENABLE_MEASURE_EXE_TIME=0 -DENABLE_MERGE_BACK_PLAN=0 -DENABLE_PARALLEL_EXECUTION=0 -DENABLE_QUERY_SPLIT=1 -DENABLE_SPECIFY_EST_STAT=0 -I/home/pei/Project/duckdb-polr/src/include -I/home/pei/Project/duckdb-polr/third_party/fsst -I/home/pei/Project/duckdb-polr/third_party/fmt/include -I/home/pei/Project/duckdb-polr/third_party/hyperloglog -I/home/pei/Project/duckdb-polr/third_party/fastpforlib -I/home/pei/Project/duckdb-polr/third_party/fast_float -I/home/pei/Project/duckdb-polr/third_party/re2 -I/home/pei/Project/duckdb-polr/third_party/miniz -I/home/pei/Project/duckdb-polr/third_party/utf8proc/include -I/home/pei/Project/duckdb-polr/third_party/miniparquet -I/home/pei/Project/duckdb-polr/third_party/concurrentqueue -I/home/pei/Project/duckdb-polr/third_party/pcg -I/home/pei/Project/duckdb-polr/third_party/tdigest -I/home/pei/Project/duckdb-polr/third_party/mbedtls/include -I/home/pei/Project/duckdb-polr/third_party/jaro_winkler -I/home/pei/Project/duckdb-polr/extension/parquet/include -I/home/pei/Project/duckdb-polr/extension/parquet/../../third_party/parquet -I/home/pei/Project/duckdb-polr/extension/parquet/../../third_party/snappy -I/home/pei/Project/duckdb-polr/extension/parquet/../../third_party/miniz -I/home/pei/Project/duckdb-polr/extension/parquet/../../third_party/thrift -I/home/pei/Project/duckdb-polr/extension/parquet/../../third_party/zstd/include -O3 -DNDEBUG -O3 -DNDEBUG   -fPIC -fdiagnostics-color=always -std=c++11 -MD -MT extension/parquet/CMakeFiles/parquet_extension.dir/column_reader.cpp.o -MF extension/parquet/CMakeFiles/parquet_extension.dir/column_reader.cpp.o.d -o extension/parquet/CMakeFiles/parquet_extension.dir/column_reader.cpp.o -c /home/pei/Project/duckdb-polr/extension/parquet/column_reader.cpp
[248/376] /usr/bin/ccache /usr/lib/ccache/c++ -DDUCKDB_BUILD_LIBRARY -DENABLE_CROSS_PRODUCT_REWRITE=0 -DENABLE_DEBUG_PRINT=0 -DENABLE_MEASURE_EXE_TIME=0 -DENABLE_MERGE_BACK_PLAN=0 -DENABLE_PARALLEL_EXECUTION=0 -DENABLE_QUERY_SPLIT=1 -DENABLE_SPECIFY_EST_STAT=0 -DJEMALLOC_NO_PRIVATE_NAMESPACE -DJEMALLOC_NO_RENAME -I/home/pei/Project/duckdb-polr/src/include -I/home/pei/Project/duckdb-polr/third_party/fsst -I/home/pei/Project/duckdb-polr/third_party/fmt/include -I/home/pei/Project/duckdb-polr/third_party/hyperloglog -I/home/pei/Project/duckdb-polr/third_party/fastpforlib -I/home/pei/Project/duckdb-polr/third_party/fast_float -I/home/pei/Project/duckdb-polr/third_party/re2 -I/home/pei/Project/duckdb-polr/third_party/miniz -I/home/pei/Project/duckdb-polr/third_party/utf8proc/include -I/home/pei/Project/duckdb-polr/third_party/miniparquet -I/home/pei/Project/duckdb-polr/third_party/concurrentqueue -I/home/pei/Project/duckdb-polr/third_party/pcg -I/home/pei/Project/duckdb-polr/third_party/tdigest -I/home/pei/Project/duckdb-polr/third_party/mbedtls/include -I/home/pei/Project/duckdb-polr/third_party/jaro_winkler -I/home/pei/Project/duckdb-polr/extension/jemalloc/include -I/home/pei/Project/duckdb-polr/extension/jemalloc/jemalloc/include -O3 -DNDEBUG -O3 -DNDEBUG   -fPIC -fdiagnostics-color=always -w -std=c++11 -MD -MT extension/jemalloc/jemalloc/CMakeFiles/jemalloc.dir/src/rtree.cpp.o -MF extension/jemalloc/jemalloc/CMakeFiles/jemalloc.dir/src/rtree.cpp.o.d -o extension/jemalloc/jemalloc/CMakeFiles/jemalloc.dir/src/rtree.cpp.o -c /home/pei/Project/duckdb-polr/extension/jemalloc/jemalloc/src/rtree.cpp
[249/376] /usr/bin/ccache /usr/lib/ccache/c++ -DDUCKDB_BUILD_LIBRARY -DENABLE_CROSS_PRODUCT_REWRITE=0 -DENABLE_DEBUG_PRINT=0 -DENABLE_MEASURE_EXE_TIME=0 -DENABLE_MERGE_BACK_PLAN=0 -DENABLE_PARALLEL_EXECUTION=0 -DENABLE_QUERY_SPLIT=1 -DENABLE_SPECIFY_EST_STAT=0 -DJEMALLOC_NO_PRIVATE_NAMESPACE -DJEMALLOC_NO_RENAME -I/home/pei/Project/duckdb-polr/src/include -I/home/pei/Project/duckdb-polr/third_party/fsst -I/home/pei/Project/duckdb-polr/third_party/fmt/include -I/home/pei/Project/duckdb-polr/third_party/hyperloglog -I/home/pei/Project/duckdb-polr/third_party/fastpforlib -I/home/pei/Project/duckdb-polr/third_party/fast_float -I/home/pei/Project/duckdb-polr/third_party/re2 -I/home/pei/Project/duckdb-polr/third_party/miniz -I/home/pei/Project/duckdb-polr/third_party/utf8proc/include -I/home/pei/Project/duckdb-polr/third_party/miniparquet -I/home/pei/Project/duckdb-polr/third_party/concurrentqueue -I/home/pei/Project/duckdb-polr/third_party/pcg -I/home/pei/Project/duckdb-polr/third_party/tdigest -I/home/pei/Project/duckdb-polr/third_party/mbedtls/include -I/home/pei/Project/duckdb-polr/third_party/jaro_winkler -I/home/pei/Project/duckdb-polr/extension/jemalloc/include -I/home/pei/Project/duckdb-polr/extension/jemalloc/jemalloc/include -O3 -DNDEBUG -O3 -DNDEBUG   -fPIC -fdiagnostics-color=always -w -std=c++11 -MD -MT extension/jemalloc/jemalloc/CMakeFiles/jemalloc.dir/src/psset.cpp.o -MF extension/jemalloc/jemalloc/CMakeFiles/jemalloc.dir/src/psset.cpp.o.d -o extension/jemalloc/jemalloc/CMakeFiles/jemalloc.dir/src/psset.cpp.o -c /home/pei/Project/duckdb-polr/extension/jemalloc/jemalloc/src/psset.cpp
[250/376] /usr/bin/ccache /usr/lib/ccache/c++ -DDUCKDB_BUILD_LIBRARY -DENABLE_CROSS_PRODUCT_REWRITE=0 -DENABLE_DEBUG_PRINT=0 -DENABLE_MEASURE_EXE_TIME=0 -DENABLE_MERGE_BACK_PLAN=0 -DENABLE_PARALLEL_EXECUTION=0 -DENABLE_QUERY_SPLIT=1 -DENABLE_SPECIFY_EST_STAT=0 -DJEMALLOC_NO_PRIVATE_NAMESPACE -DJEMALLOC_NO_RENAME -I/home/pei/Project/duckdb-polr/src/include -I/home/pei/Project/duckdb-polr/third_party/fsst -I/home/pei/Project/duckdb-polr/third_party/fmt/include -I/home/pei/Project/duckdb-polr/third_party/hyperloglog -I/home/pei/Project/duckdb-polr/third_party/fastpforlib -I/home/pei/Project/duckdb-polr/third_party/fast_float -I/home/pei/Project/duckdb-polr/third_party/re2 -I/home/pei/Project/duckdb-polr/third_party/miniz -I/home/pei/Project/duckdb-polr/third_party/utf8proc/include -I/home/pei/Project/duckdb-polr/third_party/miniparquet -I/home/pei/Project/duckdb-polr/third_party/concurrentqueue -I/home/pei/Project/duckdb-polr/third_party/pcg -I/home/pei/Project/duckdb-polr/third_party/tdigest -I/home/pei/Project/duckdb-polr/third_party/mbedtls/include -I/home/pei/Project/duckdb-polr/third_party/jaro_winkler -I/home/pei/Project/duckdb-polr/extension/jemalloc/include -I/home/pei/Project/duckdb-polr/extension/jemalloc/jemalloc/include -O3 -DNDEBUG -O3 -DNDEBUG   -fPIC -fdiagnostics-color=always -w -std=c++11 -MD -MT extension/jemalloc/jemalloc/CMakeFiles/jemalloc.dir/src/sc.cpp.o -MF extension/jemalloc/jemalloc/CMakeFiles/jemalloc.dir/src/sc.cpp.o.d -o extension/jemalloc/jemalloc/CMakeFiles/jemalloc.dir/src/sc.cpp.o -c /home/pei/Project/duckdb-polr/extension/jemalloc/jemalloc/src/sc.cpp
[251/376] /usr/bin/ccache /usr/lib/ccache/c++ -DDUCKDB_BUILD_LIBRARY -DENABLE_CROSS_PRODUCT_REWRITE=0 -DENABLE_DEBUG_PRINT=0 -DENABLE_MEASURE_EXE_TIME=0 -DENABLE_MERGE_BACK_PLAN=0 -DENABLE_PARALLEL_EXECUTION=0 -DENABLE_QUERY_SPLIT=1 -DENABLE_SPECIFY_EST_STAT=0 -DJEMALLOC_NO_PRIVATE_NAMESPACE -DJEMALLOC_NO_RENAME -I/home/pei/Project/duckdb-polr/src/include -I/home/pei/Project/duckdb-polr/third_party/fsst -I/home/pei/Project/duckdb-polr/third_party/fmt/include -I/home/pei/Project/duckdb-polr/third_party/hyperloglog -I/home/pei/Project/duckdb-polr/third_party/fastpforlib -I/home/pei/Project/duckdb-polr/third_party/fast_float -I/home/pei/Project/duckdb-polr/third_party/re2 -I/home/pei/Project/duckdb-polr/third_party/miniz -I/home/pei/Project/duckdb-polr/third_party/utf8proc/include -I/home/pei/Project/duckdb-polr/third_party/miniparquet -I/home/pei/Project/duckdb-polr/third_party/concurrentqueue -I/home/pei/Project/duckdb-polr/third_party/pcg -I/home/pei/Project/duckdb-polr/third_party/tdigest -I/home/pei/Project/duckdb-polr/third_party/mbedtls/include -I/home/pei/Project/duckdb-polr/third_party/jaro_winkler -I/home/pei/Project/duckdb-polr/extension/jemalloc/include -I/home/pei/Project/duckdb-polr/extension/jemalloc/jemalloc/include -O3 -DNDEBUG -O3 -DNDEBUG   -fPIC -fdiagnostics-color=always -w -std=c++11 -MD -MT extension/jemalloc/jemalloc/CMakeFiles/jemalloc.dir/src/safety_check.cpp.o -MF extension/jemalloc/jemalloc/CMakeFiles/jemalloc.dir/src/safety_check.cpp.o.d -o extension/jemalloc/jemalloc/CMakeFiles/jemalloc.dir/src/safety_check.cpp.o -c /home/pei/Project/duckdb-polr/extension/jemalloc/jemalloc/src/safety_check.cpp
[252/376] /usr/bin/ccache /usr/lib/ccache/c++ -DDUCKDB_BUILD_LIBRARY -DENABLE_CROSS_PRODUCT_REWRITE=0 -DENABLE_DEBUG_PRINT=0 -DENABLE_MEASURE_EXE_TIME=0 -DENABLE_MERGE_BACK_PLAN=0 -DENABLE_PARALLEL_EXECUTION=0 -DENABLE_QUERY_SPLIT=1 -DENABLE_SPECIFY_EST_STAT=0 -DJEMALLOC_NO_PRIVATE_NAMESPACE -DJEMALLOC_NO_RENAME -I/home/pei/Project/duckdb-polr/src/include -I/home/pei/Project/duckdb-polr/third_party/fsst -I/home/pei/Project/duckdb-polr/third_party/fmt/include -I/home/pei/Project/duckdb-polr/third_party/hyperloglog -I/home/pei/Project/duckdb-polr/third_party/fastpforlib -I/home/pei/Project/duckdb-polr/third_party/fast_float -I/home/pei/Project/duckdb-polr/third_party/re2 -I/home/pei/Project/duckdb-polr/third_party/miniz -I/home/pei/Project/duckdb-polr/third_party/utf8proc/include -I/home/pei/Project/duckdb-polr/third_party/miniparquet -I/home/pei/Project/duckdb-polr/third_party/concurrentqueue -I/home/pei/Project/duckdb-polr/third_party/pcg -I/home/pei/Project/duckdb-polr/third_party/tdigest -I/home/pei/Project/duckdb-polr/third_party/mbedtls/include -I/home/pei/Project/duckdb-polr/third_party/jaro_winkler -I/home/pei/Project/duckdb-polr/extension/jemalloc/include -I/home/pei/Project/duckdb-polr/extension/jemalloc/jemalloc/include -O3 -DNDEBUG -O3 -DNDEBUG   -fPIC -fdiagnostics-color=always -w -std=c++11 -MD -MT extension/jemalloc/jemalloc/CMakeFiles/jemalloc.dir/src/san.cpp.o -MF extension/jemalloc/jemalloc/CMakeFiles/jemalloc.dir/src/san.cpp.o.d -o extension/jemalloc/jemalloc/CMakeFiles/jemalloc.dir/src/san.cpp.o -c /home/pei/Project/duckdb-polr/extension/jemalloc/jemalloc/src/san.cpp
[253/376] /usr/bin/ccache /usr/lib/ccache/c++ -DDUCKDB_BUILD_LIBRARY -DENABLE_CROSS_PRODUCT_REWRITE=0 -DENABLE_DEBUG_PRINT=0 -DENABLE_MEASURE_EXE_TIME=0 -DENABLE_MERGE_BACK_PLAN=0 -DENABLE_PARALLEL_EXECUTION=0 -DENABLE_QUERY_SPLIT=1 -DENABLE_SPECIFY_EST_STAT=0 -I/home/pei/Project/duckdb-polr/src/include -I/home/pei/Project/duckdb-polr/third_party/fsst -I/home/pei/Project/duckdb-polr/third_party/fmt/include -I/home/pei/Project/duckdb-polr/third_party/hyperloglog -I/home/pei/Project/duckdb-polr/third_party/fastpforlib -I/home/pei/Project/duckdb-polr/third_party/fast_float -I/home/pei/Project/duckdb-polr/third_party/re2 -I/home/pei/Project/duckdb-polr/third_party/miniz -I/home/pei/Project/duckdb-polr/third_party/utf8proc/include -I/home/pei/Project/duckdb-polr/third_party/miniparquet -I/home/pei/Project/duckdb-polr/third_party/concurrentqueue -I/home/pei/Project/duckdb-polr/third_party/pcg -I/home/pei/Project/duckdb-polr/third_party/tdigest -I/home/pei/Project/duckdb-polr/third_party/mbedtls/include -I/home/pei/Project/duckdb-polr/third_party/jaro_winkler -I/home/pei/Project/duckdb-polr/extension/parquet/include -I/home/pei/Project/duckdb-polr/extension/parquet/../../third_party/parquet -I/home/pei/Project/duckdb-polr/extension/parquet/../../third_party/snappy -I/home/pei/Project/duckdb-polr/extension/parquet/../../third_party/miniz -I/home/pei/Project/duckdb-polr/extension/parquet/../../third_party/thrift -I/home/pei/Project/duckdb-polr/extension/parquet/../../third_party/zstd/include -I/home/pei/Project/duckdb-polr/third_party/libpg_query/include -O3 -DNDEBUG -O3 -DNDEBUG   -fPIE -fdiagnostics-color=always -std=c++11 -MD -MT extension/parquet/CMakeFiles/parquetcli.dir/parquetcli.cpp.o -MF extension/parquet/CMakeFiles/parquetcli.dir/parquetcli.cpp.o.d -o extension/parquet/CMakeFiles/parquetcli.dir/parquetcli.cpp.o -c /home/pei/Project/duckdb-polr/extension/parquet/parquetcli.cpp
[254/376] /usr/bin/ccache /usr/lib/ccache/c++ -DDUCKDB_BUILD_LIBRARY -DENABLE_CROSS_PRODUCT_REWRITE=0 -DENABLE_DEBUG_PRINT=0 -DENABLE_MEASURE_EXE_TIME=0 -DENABLE_MERGE_BACK_PLAN=0 -DENABLE_PARALLEL_EXECUTION=0 -DENABLE_QUERY_SPLIT=1 -DENABLE_SPECIFY_EST_STAT=0 -DJEMALLOC_NO_PRIVATE_NAMESPACE -DJEMALLOC_NO_RENAME -I/home/pei/Project/duckdb-polr/src/include -I/home/pei/Project/duckdb-polr/third_party/fsst -I/home/pei/Project/duckdb-polr/third_party/fmt/include -I/home/pei/Project/duckdb-polr/third_party/hyperloglog -I/home/pei/Project/duckdb-polr/third_party/fastpforlib -I/home/pei/Project/duckdb-polr/third_party/fast_float -I/home/pei/Project/duckdb-polr/third_party/re2 -I/home/pei/Project/duckdb-polr/third_party/miniz -I/home/pei/Project/duckdb-polr/third_party/utf8proc/include -I/home/pei/Project/duckdb-polr/third_party/miniparquet -I/home/pei/Project/duckdb-polr/third_party/concurrentqueue -I/home/pei/Project/duckdb-polr/third_party/pcg -I/home/pei/Project/duckdb-polr/third_party/tdigest -I/home/pei/Project/duckdb-polr/third_party/mbedtls/include -I/home/pei/Project/duckdb-polr/third_party/jaro_winkler -I/home/pei/Project/duckdb-polr/extension/jemalloc/include -I/home/pei/Project/duckdb-polr/extension/jemalloc/jemalloc/include -O3 -DNDEBUG -O3 -DNDEBUG   -fPIC -fdiagnostics-color=always -w -std=c++11 -MD -MT extension/jemalloc/jemalloc/CMakeFiles/jemalloc.dir/src/san_bump.cpp.o -MF extension/jemalloc/jemalloc/CMakeFiles/jemalloc.dir/src/san_bump.cpp.o.d -o extension/jemalloc/jemalloc/CMakeFiles/jemalloc.dir/src/san_bump.cpp.o -c /home/pei/Project/duckdb-polr/extension/jemalloc/jemalloc/src/san_bump.cpp
[255/376] /usr/bin/ccache /usr/lib/ccache/c++ -DDUCKDB_BUILD_LIBRARY -DENABLE_CROSS_PRODUCT_REWRITE=0 -DENABLE_DEBUG_PRINT=0 -DENABLE_MEASURE_EXE_TIME=0 -DENABLE_MERGE_BACK_PLAN=0 -DENABLE_PARALLEL_EXECUTION=0 -DENABLE_QUERY_SPLIT=1 -DENABLE_SPECIFY_EST_STAT=0 -DJEMALLOC_NO_PRIVATE_NAMESPACE -DJEMALLOC_NO_RENAME -I/home/pei/Project/duckdb-polr/src/include -I/home/pei/Project/duckdb-polr/third_party/fsst -I/home/pei/Project/duckdb-polr/third_party/fmt/include -I/home/pei/Project/duckdb-polr/third_party/hyperloglog -I/home/pei/Project/duckdb-polr/third_party/fastpforlib -I/home/pei/Project/duckdb-polr/third_party/fast_float -I/home/pei/Project/duckdb-polr/third_party/re2 -I/home/pei/Project/duckdb-polr/third_party/miniz -I/home/pei/Project/duckdb-polr/third_party/utf8proc/include -I/home/pei/Project/duckdb-polr/third_party/miniparquet -I/home/pei/Project/duckdb-polr/third_party/concurrentqueue -I/home/pei/Project/duckdb-polr/third_party/pcg -I/home/pei/Project/duckdb-polr/third_party/tdigest -I/home/pei/Project/duckdb-polr/third_party/mbedtls/include -I/home/pei/Project/duckdb-polr/third_party/jaro_winkler -I/home/pei/Project/duckdb-polr/extension/jemalloc/include -I/home/pei/Project/duckdb-polr/extension/jemalloc/jemalloc/include -O3 -DNDEBUG -O3 -DNDEBUG   -fPIC -fdiagnostics-color=always -w -std=c++11 -MD -MT extension/jemalloc/jemalloc/CMakeFiles/jemalloc.dir/src/test_hooks.cpp.o -MF extension/jemalloc/jemalloc/CMakeFiles/jemalloc.dir/src/test_hooks.cpp.o.d -o extension/jemalloc/jemalloc/CMakeFiles/jemalloc.dir/src/test_hooks.cpp.o -c /home/pei/Project/duckdb-polr/extension/jemalloc/jemalloc/src/test_hooks.cpp
[256/376] /usr/bin/ccache /usr/lib/ccache/c++ -DDUCKDB_BUILD_LIBRARY -DENABLE_CROSS_PRODUCT_REWRITE=0 -DENABLE_DEBUG_PRINT=0 -DENABLE_MEASURE_EXE_TIME=0 -DENABLE_MERGE_BACK_PLAN=0 -DENABLE_PARALLEL_EXECUTION=0 -DENABLE_QUERY_SPLIT=1 -DENABLE_SPECIFY_EST_STAT=0 -DJEMALLOC_NO_PRIVATE_NAMESPACE -DJEMALLOC_NO_RENAME -I/home/pei/Project/duckdb-polr/src/include -I/home/pei/Project/duckdb-polr/third_party/fsst -I/home/pei/Project/duckdb-polr/third_party/fmt/include -I/home/pei/Project/duckdb-polr/third_party/hyperloglog -I/home/pei/Project/duckdb-polr/third_party/fastpforlib -I/home/pei/Project/duckdb-polr/third_party/fast_float -I/home/pei/Project/duckdb-polr/third_party/re2 -I/home/pei/Project/duckdb-polr/third_party/miniz -I/home/pei/Project/duckdb-polr/third_party/utf8proc/include -I/home/pei/Project/duckdb-polr/third_party/miniparquet -I/home/pei/Project/duckdb-polr/third_party/concurrentqueue -I/home/pei/Project/duckdb-polr/third_party/pcg -I/home/pei/Project/duckdb-polr/third_party/tdigest -I/home/pei/Project/duckdb-polr/third_party/mbedtls/include -I/home/pei/Project/duckdb-polr/third_party/jaro_winkler -I/home/pei/Project/duckdb-polr/extension/jemalloc/include -I/home/pei/Project/duckdb-polr/extension/jemalloc/jemalloc/include -O3 -DNDEBUG -O3 -DNDEBUG   -fPIC -fdiagnostics-color=always -w -std=c++11 -MD -MT extension/jemalloc/jemalloc/CMakeFiles/jemalloc.dir/src/stats.cpp.o -MF extension/jemalloc/jemalloc/CMakeFiles/jemalloc.dir/src/stats.cpp.o.d -o extension/jemalloc/jemalloc/CMakeFiles/jemalloc.dir/src/stats.cpp.o -c /home/pei/Project/duckdb-polr/extension/jemalloc/jemalloc/src/stats.cpp
[257/376] /usr/bin/ccache /usr/lib/ccache/c++ -DDUCKDB_BUILD_LIBRARY -DENABLE_CROSS_PRODUCT_REWRITE=0 -DENABLE_DEBUG_PRINT=0 -DENABLE_MEASURE_EXE_TIME=0 -DENABLE_MERGE_BACK_PLAN=0 -DENABLE_PARALLEL_EXECUTION=0 -DENABLE_QUERY_SPLIT=1 -DENABLE_SPECIFY_EST_STAT=0 -DJEMALLOC_NO_PRIVATE_NAMESPACE -DJEMALLOC_NO_RENAME -I/home/pei/Project/duckdb-polr/src/include -I/home/pei/Project/duckdb-polr/third_party/fsst -I/home/pei/Project/duckdb-polr/third_party/fmt/include -I/home/pei/Project/duckdb-polr/third_party/hyperloglog -I/home/pei/Project/duckdb-polr/third_party/fastpforlib -I/home/pei/Project/duckdb-polr/third_party/fast_float -I/home/pei/Project/duckdb-polr/third_party/re2 -I/home/pei/Project/duckdb-polr/third_party/miniz -I/home/pei/Project/duckdb-polr/third_party/utf8proc/include -I/home/pei/Project/duckdb-polr/third_party/miniparquet -I/home/pei/Project/duckdb-polr/third_party/concurrentqueue -I/home/pei/Project/duckdb-polr/third_party/pcg -I/home/pei/Project/duckdb-polr/third_party/tdigest -I/home/pei/Project/duckdb-polr/third_party/mbedtls/include -I/home/pei/Project/duckdb-polr/third_party/jaro_winkler -I/home/pei/Project/duckdb-polr/extension/jemalloc/include -I/home/pei/Project/duckdb-polr/extension/jemalloc/jemalloc/include -O3 -DNDEBUG -O3 -DNDEBUG   -fPIC -fdiagnostics-color=always -w -std=c++11 -MD -MT extension/jemalloc/jemalloc/CMakeFiles/jemalloc.dir/src/sec.cpp.o -MF extension/jemalloc/jemalloc/CMakeFiles/jemalloc.dir/src/sec.cpp.o.d -o extension/jemalloc/jemalloc/CMakeFiles/jemalloc.dir/src/sec.cpp.o -c /home/pei/Project/duckdb-polr/extension/jemalloc/jemalloc/src/sec.cpp
[258/376] /usr/bin/ccache /usr/lib/ccache/c++ -DDUCKDB_BUILD_LIBRARY -DENABLE_CROSS_PRODUCT_REWRITE=0 -DENABLE_DEBUG_PRINT=0 -DENABLE_MEASURE_EXE_TIME=0 -DENABLE_MERGE_BACK_PLAN=0 -DENABLE_PARALLEL_EXECUTION=0 -DENABLE_QUERY_SPLIT=1 -DENABLE_SPECIFY_EST_STAT=0 -DJEMALLOC_NO_PRIVATE_NAMESPACE -DJEMALLOC_NO_RENAME -I/home/pei/Project/duckdb-polr/src/include -I/home/pei/Project/duckdb-polr/third_party/fsst -I/home/pei/Project/duckdb-polr/third_party/fmt/include -I/home/pei/Project/duckdb-polr/third_party/hyperloglog -I/home/pei/Project/duckdb-polr/third_party/fastpforlib -I/home/pei/Project/duckdb-polr/third_party/fast_float -I/home/pei/Project/duckdb-polr/third_party/re2 -I/home/pei/Project/duckdb-polr/third_party/miniz -I/home/pei/Project/duckdb-polr/third_party/utf8proc/include -I/home/pei/Project/duckdb-polr/third_party/miniparquet -I/home/pei/Project/duckdb-polr/third_party/concurrentqueue -I/home/pei/Project/duckdb-polr/third_party/pcg -I/home/pei/Project/duckdb-polr/third_party/tdigest -I/home/pei/Project/duckdb-polr/third_party/mbedtls/include -I/home/pei/Project/duckdb-polr/third_party/jaro_winkler -I/home/pei/Project/duckdb-polr/extension/jemalloc/include -I/home/pei/Project/duckdb-polr/extension/jemalloc/jemalloc/include -O3 -DNDEBUG -O3 -DNDEBUG   -fPIC -fdiagnostics-color=always -w -std=c++11 -MD -MT extension/jemalloc/jemalloc/CMakeFiles/jemalloc.dir/src/tcache.cpp.o -MF extension/jemalloc/jemalloc/CMakeFiles/jemalloc.dir/src/tcache.cpp.o.d -o extension/jemalloc/jemalloc/CMakeFiles/jemalloc.dir/src/tcache.cpp.o -c /home/pei/Project/duckdb-polr/extension/jemalloc/jemalloc/src/tcache.cpp
[259/376] /usr/bin/ccache /usr/lib/ccache/c++ -DDUCKDB_BUILD_LIBRARY -DENABLE_CROSS_PRODUCT_REWRITE=0 -DENABLE_DEBUG_PRINT=0 -DENABLE_MEASURE_EXE_TIME=0 -DENABLE_MERGE_BACK_PLAN=0 -DENABLE_PARALLEL_EXECUTION=0 -DENABLE_QUERY_SPLIT=1 -DENABLE_SPECIFY_EST_STAT=0 -DJEMALLOC_NO_PRIVATE_NAMESPACE -DJEMALLOC_NO_RENAME -I/home/pei/Project/duckdb-polr/src/include -I/home/pei/Project/duckdb-polr/third_party/fsst -I/home/pei/Project/duckdb-polr/third_party/fmt/include -I/home/pei/Project/duckdb-polr/third_party/hyperloglog -I/home/pei/Project/duckdb-polr/third_party/fastpforlib -I/home/pei/Project/duckdb-polr/third_party/fast_float -I/home/pei/Project/duckdb-polr/third_party/re2 -I/home/pei/Project/duckdb-polr/third_party/miniz -I/home/pei/Project/duckdb-polr/third_party/utf8proc/include -I/home/pei/Project/duckdb-polr/third_party/miniparquet -I/home/pei/Project/duckdb-polr/third_party/concurrentqueue -I/home/pei/Project/duckdb-polr/third_party/pcg -I/home/pei/Project/duckdb-polr/third_party/tdigest -I/home/pei/Project/duckdb-polr/third_party/mbedtls/include -I/home/pei/Project/duckdb-polr/third_party/jaro_winkler -I/home/pei/Project/duckdb-polr/extension/jemalloc/include -I/home/pei/Project/duckdb-polr/extension/jemalloc/jemalloc/include -O3 -DNDEBUG -O3 -DNDEBUG   -fPIC -fdiagnostics-color=always -w -std=c++11 -MD -MT extension/jemalloc/jemalloc/CMakeFiles/jemalloc.dir/src/sz.cpp.o -MF extension/jemalloc/jemalloc/CMakeFiles/jemalloc.dir/src/sz.cpp.o.d -o extension/jemalloc/jemalloc/CMakeFiles/jemalloc.dir/src/sz.cpp.o -c /home/pei/Project/duckdb-polr/extension/jemalloc/jemalloc/src/sz.cpp
[260/376] : && /usr/bin/cmake -E rm -f extension/parquet/libparquet_extension.a && /usr/bin/ar qc extension/parquet/libparquet_extension.a  extension/parquet/CMakeFiles/parquet_extension.dir/column_writer.cpp.o extension/parquet/CMakeFiles/parquet_extension.dir/parquet-extension.cpp.o extension/parquet/CMakeFiles/parquet_extension.dir/parquet_metadata.cpp.o extension/parquet/CMakeFiles/parquet_extension.dir/parquet_reader.cpp.o extension/parquet/CMakeFiles/parquet_extension.dir/parquet_timestamp.cpp.o extension/parquet/CMakeFiles/parquet_extension.dir/parquet_writer.cpp.o extension/parquet/CMakeFiles/parquet_extension.dir/parquet_statistics.cpp.o extension/parquet/CMakeFiles/parquet_extension.dir/zstd_file_system.cpp.o extension/parquet/CMakeFiles/parquet_extension.dir/column_reader.cpp.o extension/parquet/CMakeFiles/parquet_extension.dir/__/__/third_party/parquet/parquet_constants.cpp.o extension/parquet/CMakeFiles/parquet_extension.dir/__/__/third_party/parquet/parquet_types.cpp.o extension/parquet/CMakeFiles/parquet_extension.dir/__/__/third_party/thrift/thrift/protocol/TProtocol.cpp.o extension/parquet/CMakeFiles/parquet_extension.dir/__/__/third_party/thrift/thrift/transport/TTransportException.cpp.o extension/parquet/CMakeFiles/parquet_extension.dir/__/__/third_party/thrift/thrift/transport/TBufferTransports.cpp.o extension/parquet/CMakeFiles/parquet_extension.dir/__/__/third_party/snappy/snappy.cc.o extension/parquet/CMakeFiles/parquet_extension.dir/__/__/third_party/snappy/snappy-sinksource.cc.o extension/parquet/CMakeFiles/parquet_extension.dir/__/__/third_party/zstd/decompress/zstd_ddict.cpp.o extension/parquet/CMakeFiles/parquet_extension.dir/__/__/third_party/zstd/decompress/huf_decompress.cpp.o extension/parquet/CMakeFiles/parquet_extension.dir/__/__/third_party/zstd/decompress/zstd_decompress.cpp.o extension/parquet/CMakeFiles/parquet_extension.dir/__/__/third_party/zstd/decompress/zstd_decompress_block.cpp.o extension/parquet/CMakeFiles/parquet_extension.dir/__/__/third_party/zstd/common/entropy_common.cpp.o extension/parquet/CMakeFiles/parquet_extension.dir/__/__/third_party/zstd/common/fse_decompress.cpp.o extension/parquet/CMakeFiles/parquet_extension.dir/__/__/third_party/zstd/common/zstd_common.cpp.o extension/parquet/CMakeFiles/parquet_extension.dir/__/__/third_party/zstd/common/error_private.cpp.o extension/parquet/CMakeFiles/parquet_extension.dir/__/__/third_party/zstd/common/xxhash.cpp.o extension/parquet/CMakeFiles/parquet_extension.dir/__/__/third_party/zstd/compress/fse_compress.cpp.o extension/parquet/CMakeFiles/parquet_extension.dir/__/__/third_party/zstd/compress/hist.cpp.o extension/parquet/CMakeFiles/parquet_extension.dir/__/__/third_party/zstd/compress/huf_compress.cpp.o extension/parquet/CMakeFiles/parquet_extension.dir/__/__/third_party/zstd/compress/zstd_compress.cpp.o extension/parquet/CMakeFiles/parquet_extension.dir/__/__/third_party/zstd/compress/zstd_compress_literals.cpp.o extension/parquet/CMakeFiles/parquet_extension.dir/__/__/third_party/zstd/compress/zstd_compress_sequences.cpp.o extension/parquet/CMakeFiles/parquet_extension.dir/__/__/third_party/zstd/compress/zstd_compress_superblock.cpp.o extension/parquet/CMakeFiles/parquet_extension.dir/__/__/third_party/zstd/compress/zstd_double_fast.cpp.o extension/parquet/CMakeFiles/parquet_extension.dir/__/__/third_party/zstd/compress/zstd_fast.cpp.o extension/parquet/CMakeFiles/parquet_extension.dir/__/__/third_party/zstd/compress/zstd_lazy.cpp.o extension/parquet/CMakeFiles/parquet_extension.dir/__/__/third_party/zstd/compress/zstd_ldm.cpp.o extension/parquet/CMakeFiles/parquet_extension.dir/__/__/third_party/zstd/compress/zstd_opt.cpp.o && /usr/bin/ranlib extension/parquet/libparquet_extension.a && :
[261/376] /usr/bin/ccache /usr/lib/ccache/c++ -DDUCKDB_BUILD_LIBRARY -DENABLE_CROSS_PRODUCT_REWRITE=0 -DENABLE_DEBUG_PRINT=0 -DENABLE_MEASURE_EXE_TIME=0 -DENABLE_MERGE_BACK_PLAN=0 -DENABLE_PARALLEL_EXECUTION=0 -DENABLE_QUERY_SPLIT=1 -DENABLE_SPECIFY_EST_STAT=0 -DJEMALLOC_NO_PRIVATE_NAMESPACE -DJEMALLOC_NO_RENAME -I/home/pei/Project/duckdb-polr/src/include -I/home/pei/Project/duckdb-polr/third_party/fsst -I/home/pei/Project/duckdb-polr/third_party/fmt/include -I/home/pei/Project/duckdb-polr/third_party/hyperloglog -I/home/pei/Project/duckdb-polr/third_party/fastpforlib -I/home/pei/Project/duckdb-polr/third_party/fast_float -I/home/pei/Project/duckdb-polr/third_party/re2 -I/home/pei/Project/duckdb-polr/third_party/miniz -I/home/pei/Project/duckdb-polr/third_party/utf8proc/include -I/home/pei/Project/duckdb-polr/third_party/miniparquet -I/home/pei/Project/duckdb-polr/third_party/concurrentqueue -I/home/pei/Project/duckdb-polr/third_party/pcg -I/home/pei/Project/duckdb-polr/third_party/tdigest -I/home/pei/Project/duckdb-polr/third_party/mbedtls/include -I/home/pei/Project/duckdb-polr/third_party/jaro_winkler -I/home/pei/Project/duckdb-polr/extension/jemalloc/include -I/home/pei/Project/duckdb-polr/extension/jemalloc/jemalloc/include -O3 -DNDEBUG -O3 -DNDEBUG   -fPIC -fdiagnostics-color=always -w -std=c++11 -MD -MT extension/jemalloc/jemalloc/CMakeFiles/jemalloc.dir/src/ticker.cpp.o -MF extension/jemalloc/jemalloc/CMakeFiles/jemalloc.dir/src/ticker.cpp.o.d -o extension/jemalloc/jemalloc/CMakeFiles/jemalloc.dir/src/ticker.cpp.o -c /home/pei/Project/duckdb-polr/extension/jemalloc/jemalloc/src/ticker.cpp
[262/376] /usr/bin/ccache /usr/lib/ccache/c++ -DDUCKDB_BUILD_LIBRARY -DENABLE_CROSS_PRODUCT_REWRITE=0 -DENABLE_DEBUG_PRINT=0 -DENABLE_MEASURE_EXE_TIME=0 -DENABLE_MERGE_BACK_PLAN=0 -DENABLE_PARALLEL_EXECUTION=0 -DENABLE_QUERY_SPLIT=1 -DENABLE_SPECIFY_EST_STAT=0 -DJEMALLOC_NO_PRIVATE_NAMESPACE -DJEMALLOC_NO_RENAME -I/home/pei/Project/duckdb-polr/src/include -I/home/pei/Project/duckdb-polr/third_party/fsst -I/home/pei/Project/duckdb-polr/third_party/fmt/include -I/home/pei/Project/duckdb-polr/third_party/hyperloglog -I/home/pei/Project/duckdb-polr/third_party/fastpforlib -I/home/pei/Project/duckdb-polr/third_party/fast_float -I/home/pei/Project/duckdb-polr/third_party/re2 -I/home/pei/Project/duckdb-polr/third_party/miniz -I/home/pei/Project/duckdb-polr/third_party/utf8proc/include -I/home/pei/Project/duckdb-polr/third_party/miniparquet -I/home/pei/Project/duckdb-polr/third_party/concurrentqueue -I/home/pei/Project/duckdb-polr/third_party/pcg -I/home/pei/Project/duckdb-polr/third_party/tdigest -I/home/pei/Project/duckdb-polr/third_party/mbedtls/include -I/home/pei/Project/duckdb-polr/third_party/jaro_winkler -I/home/pei/Project/duckdb-polr/extension/jemalloc/include -I/home/pei/Project/duckdb-polr/extension/jemalloc/jemalloc/include -O3 -DNDEBUG -O3 -DNDEBUG   -fPIC -fdiagnostics-color=always -w -std=c++11 -MD -MT extension/jemalloc/jemalloc/CMakeFiles/jemalloc.dir/src/thread_event.cpp.o -MF extension/jemalloc/jemalloc/CMakeFiles/jemalloc.dir/src/thread_event.cpp.o.d -o extension/jemalloc/jemalloc/CMakeFiles/jemalloc.dir/src/thread_event.cpp.o -c /home/pei/Project/duckdb-polr/extension/jemalloc/jemalloc/src/thread_event.cpp
[263/376] /usr/bin/ccache /usr/lib/ccache/c++ -DDUCKDB_BUILD_LIBRARY -DENABLE_CROSS_PRODUCT_REWRITE=0 -DENABLE_DEBUG_PRINT=0 -DENABLE_MEASURE_EXE_TIME=0 -DENABLE_MERGE_BACK_PLAN=0 -DENABLE_PARALLEL_EXECUTION=0 -DENABLE_QUERY_SPLIT=1 -DENABLE_SPECIFY_EST_STAT=0 -DJEMALLOC_NO_PRIVATE_NAMESPACE -DJEMALLOC_NO_RENAME -I/home/pei/Project/duckdb-polr/src/include -I/home/pei/Project/duckdb-polr/third_party/fsst -I/home/pei/Project/duckdb-polr/third_party/fmt/include -I/home/pei/Project/duckdb-polr/third_party/hyperloglog -I/home/pei/Project/duckdb-polr/third_party/fastpforlib -I/home/pei/Project/duckdb-polr/third_party/fast_float -I/home/pei/Project/duckdb-polr/third_party/re2 -I/home/pei/Project/duckdb-polr/third_party/miniz -I/home/pei/Project/duckdb-polr/third_party/utf8proc/include -I/home/pei/Project/duckdb-polr/third_party/miniparquet -I/home/pei/Project/duckdb-polr/third_party/concurrentqueue -I/home/pei/Project/duckdb-polr/third_party/pcg -I/home/pei/Project/duckdb-polr/third_party/tdigest -I/home/pei/Project/duckdb-polr/third_party/mbedtls/include -I/home/pei/Project/duckdb-polr/third_party/jaro_winkler -I/home/pei/Project/duckdb-polr/extension/jemalloc/include -I/home/pei/Project/duckdb-polr/extension/jemalloc/jemalloc/include -O3 -DNDEBUG -O3 -DNDEBUG   -fPIC -fdiagnostics-color=always -w -std=c++11 -MD -MT extension/jemalloc/jemalloc/CMakeFiles/jemalloc.dir/src/tsd.cpp.o -MF extension/jemalloc/jemalloc/CMakeFiles/jemalloc.dir/src/tsd.cpp.o.d -o extension/jemalloc/jemalloc/CMakeFiles/jemalloc.dir/src/tsd.cpp.o -c /home/pei/Project/duckdb-polr/extension/jemalloc/jemalloc/src/tsd.cpp
[264/376] /usr/bin/ccache /usr/lib/ccache/c++ -DDUCKDB_BUILD_LIBRARY -DENABLE_CROSS_PRODUCT_REWRITE=0 -DENABLE_DEBUG_PRINT=0 -DENABLE_MEASURE_EXE_TIME=0 -DENABLE_MERGE_BACK_PLAN=0 -DENABLE_PARALLEL_EXECUTION=0 -DENABLE_QUERY_SPLIT=1 -DENABLE_SPECIFY_EST_STAT=0 -DJEMALLOC_NO_PRIVATE_NAMESPACE -DJEMALLOC_NO_RENAME -I/home/pei/Project/duckdb-polr/src/include -I/home/pei/Project/duckdb-polr/third_party/fsst -I/home/pei/Project/duckdb-polr/third_party/fmt/include -I/home/pei/Project/duckdb-polr/third_party/hyperloglog -I/home/pei/Project/duckdb-polr/third_party/fastpforlib -I/home/pei/Project/duckdb-polr/third_party/fast_float -I/home/pei/Project/duckdb-polr/third_party/re2 -I/home/pei/Project/duckdb-polr/third_party/miniz -I/home/pei/Project/duckdb-polr/third_party/utf8proc/include -I/home/pei/Project/duckdb-polr/third_party/miniparquet -I/home/pei/Project/duckdb-polr/third_party/concurrentqueue -I/home/pei/Project/duckdb-polr/third_party/pcg -I/home/pei/Project/duckdb-polr/third_party/tdigest -I/home/pei/Project/duckdb-polr/third_party/mbedtls/include -I/home/pei/Project/duckdb-polr/third_party/jaro_winkler -I/home/pei/Project/duckdb-polr/extension/jemalloc/include -I/home/pei/Project/duckdb-polr/extension/jemalloc/jemalloc/include -O3 -DNDEBUG -O3 -DNDEBUG   -fPIC -fdiagnostics-color=always -w -std=c++11 -MD -MT extension/jemalloc/jemalloc/CMakeFiles/jemalloc.dir/src/witness.cpp.o -MF extension/jemalloc/jemalloc/CMakeFiles/jemalloc.dir/src/witness.cpp.o.d -o extension/jemalloc/jemalloc/CMakeFiles/jemalloc.dir/src/witness.cpp.o -c /home/pei/Project/duckdb-polr/extension/jemalloc/jemalloc/src/witness.cpp
[265/376] : && /usr/bin/cmake -E rm -f extension/jemalloc/libjemalloc_extension.a && /usr/bin/ar qc extension/jemalloc/libjemalloc_extension.a  extension/jemalloc/jemalloc/CMakeFiles/jemalloc.dir/src/arena.cpp.o extension/jemalloc/jemalloc/CMakeFiles/jemalloc.dir/src/background_thread.cpp.o extension/jemalloc/jemalloc/CMakeFiles/jemalloc.dir/src/base.cpp.o extension/jemalloc/jemalloc/CMakeFiles/jemalloc.dir/src/bin.cpp.o extension/jemalloc/jemalloc/CMakeFiles/jemalloc.dir/src/bin_info.cpp.o extension/jemalloc/jemalloc/CMakeFiles/jemalloc.dir/src/bitmap.cpp.o extension/jemalloc/jemalloc/CMakeFiles/jemalloc.dir/src/buf_writer.cpp.o extension/jemalloc/jemalloc/CMakeFiles/jemalloc.dir/src/cache_bin.cpp.o extension/jemalloc/jemalloc/CMakeFiles/jemalloc.dir/src/ckh.cpp.o extension/jemalloc/jemalloc/CMakeFiles/jemalloc.dir/src/counter.cpp.o extension/jemalloc/jemalloc/CMakeFiles/jemalloc.dir/src/ctl.cpp.o extension/jemalloc/jemalloc/CMakeFiles/jemalloc.dir/src/decay.cpp.o extension/jemalloc/jemalloc/CMakeFiles/jemalloc.dir/src/div.cpp.o extension/jemalloc/jemalloc/CMakeFiles/jemalloc.dir/src/ecache.cpp.o extension/jemalloc/jemalloc/CMakeFiles/jemalloc.dir/src/edata.cpp.o extension/jemalloc/jemalloc/CMakeFiles/jemalloc.dir/src/edata_cache.cpp.o extension/jemalloc/jemalloc/CMakeFiles/jemalloc.dir/src/ehooks.cpp.o extension/jemalloc/jemalloc/CMakeFiles/jemalloc.dir/src/emap.cpp.o extension/jemalloc/jemalloc/CMakeFiles/jemalloc.dir/src/eset.cpp.o extension/jemalloc/jemalloc/CMakeFiles/jemalloc.dir/src/exp_grow.cpp.o extension/jemalloc/jemalloc/CMakeFiles/jemalloc.dir/src/extent.cpp.o extension/jemalloc/jemalloc/CMakeFiles/jemalloc.dir/src/extent_dss.cpp.o extension/jemalloc/jemalloc/CMakeFiles/jemalloc.dir/src/extent_mmap.cpp.o extension/jemalloc/jemalloc/CMakeFiles/jemalloc.dir/src/fxp.cpp.o extension/jemalloc/jemalloc/CMakeFiles/jemalloc.dir/src/hook.cpp.o extension/jemalloc/jemalloc/CMakeFiles/jemalloc.dir/src/hpa.cpp.o extension/jemalloc/jemalloc/CMakeFiles/jemalloc.dir/src/hpa_hooks.cpp.o extension/jemalloc/jemalloc/CMakeFiles/jemalloc.dir/src/hpdata.cpp.o extension/jemalloc/jemalloc/CMakeFiles/jemalloc.dir/src/inspect.cpp.o extension/jemalloc/jemalloc/CMakeFiles/jemalloc.dir/src/jemalloc.cpp.o extension/jemalloc/jemalloc/CMakeFiles/jemalloc.dir/src/large.cpp.o extension/jemalloc/jemalloc/CMakeFiles/jemalloc.dir/src/log.cpp.o extension/jemalloc/jemalloc/CMakeFiles/jemalloc.dir/src/malloc_io.cpp.o extension/jemalloc/jemalloc/CMakeFiles/jemalloc.dir/src/mutex.cpp.o extension/jemalloc/jemalloc/CMakeFiles/jemalloc.dir/src/nstime.cpp.o extension/jemalloc/jemalloc/CMakeFiles/jemalloc.dir/src/pa.cpp.o extension/jemalloc/jemalloc/CMakeFiles/jemalloc.dir/src/pa_extra.cpp.o extension/jemalloc/jemalloc/CMakeFiles/jemalloc.dir/src/pac.cpp.o extension/jemalloc/jemalloc/CMakeFiles/jemalloc.dir/src/pages.cpp.o extension/jemalloc/jemalloc/CMakeFiles/jemalloc.dir/src/pai.cpp.o extension/jemalloc/jemalloc/CMakeFiles/jemalloc.dir/src/peak_event.cpp.o extension/jemalloc/jemalloc/CMakeFiles/jemalloc.dir/src/prof.cpp.o extension/jemalloc/jemalloc/CMakeFiles/jemalloc.dir/src/prof_data.cpp.o extension/jemalloc/jemalloc/CMakeFiles/jemalloc.dir/src/prof_log.cpp.o extension/jemalloc/jemalloc/CMakeFiles/jemalloc.dir/src/prof_recent.cpp.o extension/jemalloc/jemalloc/CMakeFiles/jemalloc.dir/src/prof_stats.cpp.o extension/jemalloc/jemalloc/CMakeFiles/jemalloc.dir/src/prof_sys.cpp.o extension/jemalloc/jemalloc/CMakeFiles/jemalloc.dir/src/psset.cpp.o extension/jemalloc/jemalloc/CMakeFiles/jemalloc.dir/src/rtree.cpp.o extension/jemalloc/jemalloc/CMakeFiles/jemalloc.dir/src/safety_check.cpp.o extension/jemalloc/jemalloc/CMakeFiles/jemalloc.dir/src/san.cpp.o extension/jemalloc/jemalloc/CMakeFiles/jemalloc.dir/src/san_bump.cpp.o extension/jemalloc/jemalloc/CMakeFiles/jemalloc.dir/src/sc.cpp.o extension/jemalloc/jemalloc/CMakeFiles/jemalloc.dir/src/sec.cpp.o extension/jemalloc/jemalloc/CMakeFiles/jemalloc.dir/src/stats.cpp.o extension/jemalloc/jemalloc/CMakeFiles/jemalloc.dir/src/sz.cpp.o extension/jemalloc/jemalloc/CMakeFiles/jemalloc.dir/src/tcache.cpp.o extension/jemalloc/jemalloc/CMakeFiles/jemalloc.dir/src/test_hooks.cpp.o extension/jemalloc/jemalloc/CMakeFiles/jemalloc.dir/src/thread_event.cpp.o extension/jemalloc/jemalloc/CMakeFiles/jemalloc.dir/src/ticker.cpp.o extension/jemalloc/jemalloc/CMakeFiles/jemalloc.dir/src/tsd.cpp.o extension/jemalloc/jemalloc/CMakeFiles/jemalloc.dir/src/witness.cpp.o extension/jemalloc/CMakeFiles/jemalloc_extension.dir/jemalloc-extension.cpp.o && /usr/bin/ranlib extension/jemalloc/libjemalloc_extension.a && :
[266/376] /usr/bin/ccache /usr/lib/ccache/c++ -DDUCKDB_BUILD_LIBRARY -DDUCKDB_BUILD_LOADABLE_EXTENSION -DENABLE_CROSS_PRODUCT_REWRITE=0 -DENABLE_DEBUG_PRINT=0 -DENABLE_MEASURE_EXE_TIME=0 -DENABLE_MERGE_BACK_PLAN=0 -DENABLE_PARALLEL_EXECUTION=0 -DENABLE_QUERY_SPLIT=1 -DENABLE_SPECIFY_EST_STAT=0 -I/home/pei/Project/duckdb-polr/src/include -I/home/pei/Project/duckdb-polr/third_party/fsst -I/home/pei/Project/duckdb-polr/third_party/fmt/include -I/home/pei/Project/duckdb-polr/third_party/hyperloglog -I/home/pei/Project/duckdb-polr/third_party/fastpforlib -I/home/pei/Project/duckdb-polr/third_party/fast_float -I/home/pei/Project/duckdb-polr/third_party/re2 -I/home/pei/Project/duckdb-polr/third_party/miniz -I/home/pei/Project/duckdb-polr/third_party/utf8proc/include -I/home/pei/Project/duckdb-polr/third_party/miniparquet -I/home/pei/Project/duckdb-polr/third_party/concurrentqueue -I/home/pei/Project/duckdb-polr/third_party/pcg -I/home/pei/Project/duckdb-polr/third_party/tdigest -I/home/pei/Project/duckdb-polr/third_party/mbedtls/include -I/home/pei/Project/duckdb-polr/third_party/jaro_winkler -I/home/pei/Project/duckdb-polr/extension/parquet/include -I/home/pei/Project/duckdb-polr/extension/parquet/../../third_party/parquet -I/home/pei/Project/duckdb-polr/extension/parquet/../../third_party/snappy -I/home/pei/Project/duckdb-polr/extension/parquet/../../third_party/miniz -I/home/pei/Project/duckdb-polr/extension/parquet/../../third_party/thrift -I/home/pei/Project/duckdb-polr/extension/parquet/../../third_party/zstd/include -O3 -DNDEBUG -O3 -DNDEBUG   -fPIC -fdiagnostics-color=always -std=c++11 -MD -MT extension/parquet/CMakeFiles/parquet_loadable_extension.dir/column_writer.cpp.o -MF extension/parquet/CMakeFiles/parquet_loadable_extension.dir/column_writer.cpp.o.d -o extension/parquet/CMakeFiles/parquet_loadable_extension.dir/column_writer.cpp.o -c /home/pei/Project/duckdb-polr/extension/parquet/column_writer.cpp
[267/376] /usr/bin/ccache /usr/lib/ccache/c++ -DDUCKDB_BUILD_LIBRARY -DDUCKDB_BUILD_LOADABLE_EXTENSION -DENABLE_CROSS_PRODUCT_REWRITE=0 -DENABLE_DEBUG_PRINT=0 -DENABLE_MEASURE_EXE_TIME=0 -DENABLE_MERGE_BACK_PLAN=0 -DENABLE_PARALLEL_EXECUTION=0 -DENABLE_QUERY_SPLIT=1 -DENABLE_SPECIFY_EST_STAT=0 -I/home/pei/Project/duckdb-polr/src/include -I/home/pei/Project/duckdb-polr/third_party/fsst -I/home/pei/Project/duckdb-polr/third_party/fmt/include -I/home/pei/Project/duckdb-polr/third_party/hyperloglog -I/home/pei/Project/duckdb-polr/third_party/fastpforlib -I/home/pei/Project/duckdb-polr/third_party/fast_float -I/home/pei/Project/duckdb-polr/third_party/re2 -I/home/pei/Project/duckdb-polr/third_party/miniz -I/home/pei/Project/duckdb-polr/third_party/utf8proc/include -I/home/pei/Project/duckdb-polr/third_party/miniparquet -I/home/pei/Project/duckdb-polr/third_party/concurrentqueue -I/home/pei/Project/duckdb-polr/third_party/pcg -I/home/pei/Project/duckdb-polr/third_party/tdigest -I/home/pei/Project/duckdb-polr/third_party/mbedtls/include -I/home/pei/Project/duckdb-polr/third_party/jaro_winkler -I/home/pei/Project/duckdb-polr/extension/parquet/include -I/home/pei/Project/duckdb-polr/extension/parquet/../../third_party/parquet -I/home/pei/Project/duckdb-polr/extension/parquet/../../third_party/snappy -I/home/pei/Project/duckdb-polr/extension/parquet/../../third_party/miniz -I/home/pei/Project/duckdb-polr/extension/parquet/../../third_party/thrift -I/home/pei/Project/duckdb-polr/extension/parquet/../../third_party/zstd/include -O3 -DNDEBUG -O3 -DNDEBUG   -fPIC -fdiagnostics-color=always -std=c++11 -MD -MT extension/parquet/CMakeFiles/parquet_loadable_extension.dir/parquet-extension.cpp.o -MF extension/parquet/CMakeFiles/parquet_loadable_extension.dir/parquet-extension.cpp.o.d -o extension/parquet/CMakeFiles/parquet_loadable_extension.dir/parquet-extension.cpp.o -c /home/pei/Project/duckdb-polr/extension/parquet/parquet-extension.cpp
[268/376] /usr/bin/ccache /usr/lib/ccache/c++ -DDUCKDB -DDUCKDB_BUILD_LIBRARY -DDUCKDB_MAIN_LIBRARY -DENABLE_CROSS_PRODUCT_REWRITE=0 -DENABLE_DEBUG_PRINT=0 -DENABLE_MEASURE_EXE_TIME=0 -DENABLE_MERGE_BACK_PLAN=0 -DENABLE_PARALLEL_EXECUTION=0 -DENABLE_QUERY_SPLIT=1 -DENABLE_SPECIFY_EST_STAT=0 -I/home/pei/Project/duckdb-polr/src/include -I/home/pei/Project/duckdb-polr/third_party/fsst -I/home/pei/Project/duckdb-polr/third_party/fmt/include -I/home/pei/Project/duckdb-polr/third_party/hyperloglog -I/home/pei/Project/duckdb-polr/third_party/fastpforlib -I/home/pei/Project/duckdb-polr/third_party/fast_float -I/home/pei/Project/duckdb-polr/third_party/re2 -I/home/pei/Project/duckdb-polr/third_party/miniz -I/home/pei/Project/duckdb-polr/third_party/utf8proc/include -I/home/pei/Project/duckdb-polr/third_party/miniparquet -I/home/pei/Project/duckdb-polr/third_party/concurrentqueue -I/home/pei/Project/duckdb-polr/third_party/pcg -I/home/pei/Project/duckdb-polr/third_party/tdigest -I/home/pei/Project/duckdb-polr/third_party/mbedtls/include -I/home/pei/Project/duckdb-polr/third_party/jaro_winkler -O3 -DNDEBUG -O3 -DNDEBUG   -fPIC -fdiagnostics-color=always -std=c++11 -MD -MT src/main/CMakeFiles/duckdb_main.dir/ub_duckdb_main.cpp.o -MF src/main/CMakeFiles/duckdb_main.dir/ub_duckdb_main.cpp.o.d -o src/main/CMakeFiles/duckdb_main.dir/ub_duckdb_main.cpp.o -c /home/pei/Project/duckdb-polr/build/release/src/main/ub_duckdb_main.cpp
In file included from /home/pei/Project/duckdb-polr/src/include/duckdb/optimizer/optimizer.hpp:15,
                 from /home/pei/Project/duckdb-polr/src/main/client_context.cpp:31,
                 from /home/pei/Project/duckdb-polr/build/release/src/main/ub_duckdb_main.cpp:5:
/home/pei/Project/duckdb-polr/src/include/duckdb/optimizer/query_split/query_split.hpp:23:1: warning: inline variables are only available with ‘-std=c++17’ or ‘-std=gnu++17’ [-Wc++17-extensions]
   23 | inline bool execute_plan = false;
      | ^~~~~~
[269/376] /usr/bin/ccache /usr/lib/ccache/c++ -DDUCKDB_BUILD_LIBRARY -DDUCKDB_BUILD_LOADABLE_EXTENSION -DENABLE_CROSS_PRODUCT_REWRITE=0 -DENABLE_DEBUG_PRINT=0 -DENABLE_MEASURE_EXE_TIME=0 -DENABLE_MERGE_BACK_PLAN=0 -DENABLE_PARALLEL_EXECUTION=0 -DENABLE_QUERY_SPLIT=1 -DENABLE_SPECIFY_EST_STAT=0 -I/home/pei/Project/duckdb-polr/src/include -I/home/pei/Project/duckdb-polr/third_party/fsst -I/home/pei/Project/duckdb-polr/third_party/fmt/include -I/home/pei/Project/duckdb-polr/third_party/hyperloglog -I/home/pei/Project/duckdb-polr/third_party/fastpforlib -I/home/pei/Project/duckdb-polr/third_party/fast_float -I/home/pei/Project/duckdb-polr/third_party/re2 -I/home/pei/Project/duckdb-polr/third_party/miniz -I/home/pei/Project/duckdb-polr/third_party/utf8proc/include -I/home/pei/Project/duckdb-polr/third_party/miniparquet -I/home/pei/Project/duckdb-polr/third_party/concurrentqueue -I/home/pei/Project/duckdb-polr/third_party/pcg -I/home/pei/Project/duckdb-polr/third_party/tdigest -I/home/pei/Project/duckdb-polr/third_party/mbedtls/include -I/home/pei/Project/duckdb-polr/third_party/jaro_winkler -I/home/pei/Project/duckdb-polr/extension/parquet/include -I/home/pei/Project/duckdb-polr/extension/parquet/../../third_party/parquet -I/home/pei/Project/duckdb-polr/extension/parquet/../../third_party/snappy -I/home/pei/Project/duckdb-polr/extension/parquet/../../third_party/miniz -I/home/pei/Project/duckdb-polr/extension/parquet/../../third_party/thrift -I/home/pei/Project/duckdb-polr/extension/parquet/../../third_party/zstd/include -O3 -DNDEBUG -O3 -DNDEBUG   -fPIC -fdiagnostics-color=always -std=c++11 -MD -MT extension/parquet/CMakeFiles/parquet_loadable_extension.dir/parquet_reader.cpp.o -MF extension/parquet/CMakeFiles/parquet_loadable_extension.dir/parquet_reader.cpp.o.d -o extension/parquet/CMakeFiles/parquet_loadable_extension.dir/parquet_reader.cpp.o -c /home/pei/Project/duckdb-polr/extension/parquet/parquet_reader.cpp
[270/376] /usr/bin/ccache /usr/lib/ccache/c++ -DDUCKDB_BUILD_LIBRARY -DDUCKDB_BUILD_LOADABLE_EXTENSION -DENABLE_CROSS_PRODUCT_REWRITE=0 -DENABLE_DEBUG_PRINT=0 -DENABLE_MEASURE_EXE_TIME=0 -DENABLE_MERGE_BACK_PLAN=0 -DENABLE_PARALLEL_EXECUTION=0 -DENABLE_QUERY_SPLIT=1 -DENABLE_SPECIFY_EST_STAT=0 -I/home/pei/Project/duckdb-polr/src/include -I/home/pei/Project/duckdb-polr/third_party/fsst -I/home/pei/Project/duckdb-polr/third_party/fmt/include -I/home/pei/Project/duckdb-polr/third_party/hyperloglog -I/home/pei/Project/duckdb-polr/third_party/fastpforlib -I/home/pei/Project/duckdb-polr/third_party/fast_float -I/home/pei/Project/duckdb-polr/third_party/re2 -I/home/pei/Project/duckdb-polr/third_party/miniz -I/home/pei/Project/duckdb-polr/third_party/utf8proc/include -I/home/pei/Project/duckdb-polr/third_party/miniparquet -I/home/pei/Project/duckdb-polr/third_party/concurrentqueue -I/home/pei/Project/duckdb-polr/third_party/pcg -I/home/pei/Project/duckdb-polr/third_party/tdigest -I/home/pei/Project/duckdb-polr/third_party/mbedtls/include -I/home/pei/Project/duckdb-polr/third_party/jaro_winkler -I/home/pei/Project/duckdb-polr/extension/parquet/include -I/home/pei/Project/duckdb-polr/extension/parquet/../../third_party/parquet -I/home/pei/Project/duckdb-polr/extension/parquet/../../third_party/snappy -I/home/pei/Project/duckdb-polr/extension/parquet/../../third_party/miniz -I/home/pei/Project/duckdb-polr/extension/parquet/../../third_party/thrift -I/home/pei/Project/duckdb-polr/extension/parquet/../../third_party/zstd/include -O3 -DNDEBUG -O3 -DNDEBUG   -fPIC -fdiagnostics-color=always -std=c++11 -MD -MT extension/parquet/CMakeFiles/parquet_loadable_extension.dir/column_reader.cpp.o -MF extension/parquet/CMakeFiles/parquet_loadable_extension.dir/column_reader.cpp.o.d -o extension/parquet/CMakeFiles/parquet_loadable_extension.dir/column_reader.cpp.o -c /home/pei/Project/duckdb-polr/extension/parquet/column_reader.cpp
[271/376] : && /usr/lib/ccache/c++ -fPIC -O3 -DNDEBUG -O3 -DNDEBUG   -shared -Wl,-soname,parquet.duckdb_extension -o extension/parquet/parquet.duckdb_extension extension/parquet/CMakeFiles/parquet_loadable_extension.dir/column_writer.cpp.o extension/parquet/CMakeFiles/parquet_loadable_extension.dir/parquet-extension.cpp.o extension/parquet/CMakeFiles/parquet_loadable_extension.dir/parquet_metadata.cpp.o extension/parquet/CMakeFiles/parquet_loadable_extension.dir/parquet_reader.cpp.o extension/parquet/CMakeFiles/parquet_loadable_extension.dir/parquet_timestamp.cpp.o extension/parquet/CMakeFiles/parquet_loadable_extension.dir/parquet_writer.cpp.o extension/parquet/CMakeFiles/parquet_loadable_extension.dir/parquet_statistics.cpp.o extension/parquet/CMakeFiles/parquet_loadable_extension.dir/zstd_file_system.cpp.o extension/parquet/CMakeFiles/parquet_loadable_extension.dir/column_reader.cpp.o extension/parquet/CMakeFiles/parquet_loadable_extension.dir/__/__/third_party/parquet/parquet_constants.cpp.o extension/parquet/CMakeFiles/parquet_loadable_extension.dir/__/__/third_party/parquet/parquet_types.cpp.o extension/parquet/CMakeFiles/parquet_loadable_extension.dir/__/__/third_party/thrift/thrift/protocol/TProtocol.cpp.o extension/parquet/CMakeFiles/parquet_loadable_extension.dir/__/__/third_party/thrift/thrift/transport/TTransportException.cpp.o extension/parquet/CMakeFiles/parquet_loadable_extension.dir/__/__/third_party/thrift/thrift/transport/TBufferTransports.cpp.o extension/parquet/CMakeFiles/parquet_loadable_extension.dir/__/__/third_party/snappy/snappy.cc.o extension/parquet/CMakeFiles/parquet_loadable_extension.dir/__/__/third_party/snappy/snappy-sinksource.cc.o extension/parquet/CMakeFiles/parquet_loadable_extension.dir/__/__/third_party/zstd/decompress/zstd_ddict.cpp.o extension/parquet/CMakeFiles/parquet_loadable_extension.dir/__/__/third_party/zstd/decompress/huf_decompress.cpp.o extension/parquet/CMakeFiles/parquet_loadable_extension.dir/__/__/third_party/zstd/decompress/zstd_decompress.cpp.o extension/parquet/CMakeFiles/parquet_loadable_extension.dir/__/__/third_party/zstd/decompress/zstd_decompress_block.cpp.o extension/parquet/CMakeFiles/parquet_loadable_extension.dir/__/__/third_party/zstd/common/entropy_common.cpp.o extension/parquet/CMakeFiles/parquet_loadable_extension.dir/__/__/third_party/zstd/common/fse_decompress.cpp.o extension/parquet/CMakeFiles/parquet_loadable_extension.dir/__/__/third_party/zstd/common/zstd_common.cpp.o extension/parquet/CMakeFiles/parquet_loadable_extension.dir/__/__/third_party/zstd/common/error_private.cpp.o extension/parquet/CMakeFiles/parquet_loadable_extension.dir/__/__/third_party/zstd/common/xxhash.cpp.o extension/parquet/CMakeFiles/parquet_loadable_extension.dir/__/__/third_party/zstd/compress/fse_compress.cpp.o extension/parquet/CMakeFiles/parquet_loadable_extension.dir/__/__/third_party/zstd/compress/hist.cpp.o extension/parquet/CMakeFiles/parquet_loadable_extension.dir/__/__/third_party/zstd/compress/huf_compress.cpp.o extension/parquet/CMakeFiles/parquet_loadable_extension.dir/__/__/third_party/zstd/compress/zstd_compress.cpp.o extension/parquet/CMakeFiles/parquet_loadable_extension.dir/__/__/third_party/zstd/compress/zstd_compress_literals.cpp.o extension/parquet/CMakeFiles/parquet_loadable_extension.dir/__/__/third_party/zstd/compress/zstd_compress_sequences.cpp.o extension/parquet/CMakeFiles/parquet_loadable_extension.dir/__/__/third_party/zstd/compress/zstd_compress_superblock.cpp.o extension/parquet/CMakeFiles/parquet_loadable_extension.dir/__/__/third_party/zstd/compress/zstd_double_fast.cpp.o extension/parquet/CMakeFiles/parquet_loadable_extension.dir/__/__/third_party/zstd/compress/zstd_fast.cpp.o extension/parquet/CMakeFiles/parquet_loadable_extension.dir/__/__/third_party/zstd/compress/zstd_lazy.cpp.o extension/parquet/CMakeFiles/parquet_loadable_extension.dir/__/__/third_party/zstd/compress/zstd_ldm.cpp.o extension/parquet/CMakeFiles/parquet_loadable_extension.dir/__/__/third_party/zstd/compress/zstd_opt.cpp.o   && :
[272/376] /usr/bin/ccache /usr/lib/ccache/c++ -DDUCKDB_BUILD_LIBRARY -DENABLE_CROSS_PRODUCT_REWRITE=0 -DENABLE_DEBUG_PRINT=0 -DENABLE_MEASURE_EXE_TIME=0 -DENABLE_MERGE_BACK_PLAN=0 -DENABLE_PARALLEL_EXECUTION=0 -DENABLE_QUERY_SPLIT=1 -DENABLE_SPECIFY_EST_STAT=0 -I/home/pei/Project/duckdb-polr/src/include -I/home/pei/Project/duckdb-polr/third_party/fsst -I/home/pei/Project/duckdb-polr/third_party/fmt/include -I/home/pei/Project/duckdb-polr/third_party/hyperloglog -I/home/pei/Project/duckdb-polr/third_party/fastpforlib -I/home/pei/Project/duckdb-polr/third_party/fast_float -I/home/pei/Project/duckdb-polr/third_party/re2 -I/home/pei/Project/duckdb-polr/third_party/miniz -I/home/pei/Project/duckdb-polr/third_party/utf8proc/include -I/home/pei/Project/duckdb-polr/third_party/miniparquet -I/home/pei/Project/duckdb-polr/third_party/concurrentqueue -I/home/pei/Project/duckdb-polr/third_party/pcg -I/home/pei/Project/duckdb-polr/third_party/tdigest -I/home/pei/Project/duckdb-polr/third_party/mbedtls/include -I/home/pei/Project/duckdb-polr/third_party/jaro_winkler -I/home/pei/Project/duckdb-polr/test/../third_party/catch -I/home/pei/Project/duckdb-polr/test/../third_party/tpce-tool/include -I/home/pei/Project/duckdb-polr/test/../third_party/sqlite/include -I/home/pei/Project/duckdb-polr/test/include -I/home/pei/Project/duckdb-polr/third_party/libpg_query/include -O3 -DNDEBUG -O3 -DNDEBUG   -fPIC -fdiagnostics-color=always -std=c++11 -MD -MT test/helpers/CMakeFiles/test_helpers.dir/pid.cpp.o -MF test/helpers/CMakeFiles/test_helpers.dir/pid.cpp.o.d -o test/helpers/CMakeFiles/test_helpers.dir/pid.cpp.o -c /home/pei/Project/duckdb-polr/test/helpers/pid.cpp
[273/376] /usr/bin/ccache /usr/lib/ccache/c++ -DDUCKDB_BUILD_DIRECTORY=\"/home/pei/Project/duckdb-polr/build/release\" -DDUCKDB_BUILD_LIBRARY -DDUCKDB_BUILD_LOADABLE_EXTENSION -DENABLE_CROSS_PRODUCT_REWRITE=0 -DENABLE_DEBUG_PRINT=0 -DENABLE_MEASURE_EXE_TIME=0 -DENABLE_MERGE_BACK_PLAN=0 -DENABLE_PARALLEL_EXECUTION=0 -DENABLE_QUERY_SPLIT=1 -DENABLE_SPECIFY_EST_STAT=0 -I/home/pei/Project/duckdb-polr/src/include -I/home/pei/Project/duckdb-polr/third_party/fsst -I/home/pei/Project/duckdb-polr/third_party/fmt/include -I/home/pei/Project/duckdb-polr/third_party/hyperloglog -I/home/pei/Project/duckdb-polr/third_party/fastpforlib -I/home/pei/Project/duckdb-polr/third_party/fast_float -I/home/pei/Project/duckdb-polr/third_party/re2 -I/home/pei/Project/duckdb-polr/third_party/miniz -I/home/pei/Project/duckdb-polr/third_party/utf8proc/include -I/home/pei/Project/duckdb-polr/third_party/miniparquet -I/home/pei/Project/duckdb-polr/third_party/concurrentqueue -I/home/pei/Project/duckdb-polr/third_party/pcg -I/home/pei/Project/duckdb-polr/third_party/tdigest -I/home/pei/Project/duckdb-polr/third_party/mbedtls/include -I/home/pei/Project/duckdb-polr/third_party/jaro_winkler -I/home/pei/Project/duckdb-polr/test/../third_party/catch -I/home/pei/Project/duckdb-polr/test/../third_party/tpce-tool/include -I/home/pei/Project/duckdb-polr/test/../third_party/sqlite/include -I/home/pei/Project/duckdb-polr/test/include -O3 -DNDEBUG -O3 -DNDEBUG   -fPIC -fdiagnostics-color=always -std=c++11 -MD -MT test/extension/CMakeFiles/loadable_extension_optimizer_demo_loadable_extension.dir/loadable_extension_optimizer_demo.cpp.o -MF test/extension/CMakeFiles/loadable_extension_optimizer_demo_loadable_extension.dir/loadable_extension_optimizer_demo.cpp.o.d -o test/extension/CMakeFiles/loadable_extension_optimizer_demo_loadable_extension.dir/loadable_extension_optimizer_demo.cpp.o -c /home/pei/Project/duckdb-polr/test/extension/loadable_extension_optimizer_demo.cpp
[274/376] : && /usr/lib/ccache/c++ -fPIC -O3 -DNDEBUG -O3 -DNDEBUG   -shared -Wl,-soname,loadable_extension_optimizer_demo.duckdb_extension -o test/extension/loadable_extension_optimizer_demo.duckdb_extension test/extension/CMakeFiles/loadable_extension_optimizer_demo_loadable_extension.dir/loadable_extension_optimizer_demo.cpp.o   && :
[275/376] /usr/bin/ccache /usr/lib/ccache/c++ -DDUCKDB_BUILD_LIBRARY -DENABLE_CROSS_PRODUCT_REWRITE=0 -DENABLE_DEBUG_PRINT=0 -DENABLE_MEASURE_EXE_TIME=0 -DENABLE_MERGE_BACK_PLAN=0 -DENABLE_PARALLEL_EXECUTION=0 -DENABLE_QUERY_SPLIT=1 -DENABLE_SPECIFY_EST_STAT=0 -I/home/pei/Project/duckdb-polr/src/include -I/home/pei/Project/duckdb-polr/third_party/fsst -I/home/pei/Project/duckdb-polr/third_party/fmt/include -I/home/pei/Project/duckdb-polr/third_party/hyperloglog -I/home/pei/Project/duckdb-polr/third_party/fastpforlib -I/home/pei/Project/duckdb-polr/third_party/fast_float -I/home/pei/Project/duckdb-polr/third_party/re2 -I/home/pei/Project/duckdb-polr/third_party/miniz -I/home/pei/Project/duckdb-polr/third_party/utf8proc/include -I/home/pei/Project/duckdb-polr/third_party/miniparquet -I/home/pei/Project/duckdb-polr/third_party/concurrentqueue -I/home/pei/Project/duckdb-polr/third_party/pcg -I/home/pei/Project/duckdb-polr/third_party/tdigest -I/home/pei/Project/duckdb-polr/third_party/mbedtls/include -I/home/pei/Project/duckdb-polr/third_party/jaro_winkler -I/home/pei/Project/duckdb-polr/test/../third_party/catch -I/home/pei/Project/duckdb-polr/test/../third_party/tpce-tool/include -I/home/pei/Project/duckdb-polr/test/../third_party/sqlite/include -I/home/pei/Project/duckdb-polr/test/include -O3 -DNDEBUG -O3 -DNDEBUG   -fPIC -fdiagnostics-color=always -std=c++11 -MD -MT test/arrow_roundtrip/CMakeFiles/test_arrow_roundtrip.dir/ub_test_arrow_roundtrip.cpp.o -MF test/arrow_roundtrip/CMakeFiles/test_arrow_roundtrip.dir/ub_test_arrow_roundtrip.cpp.o.d -o test/arrow_roundtrip/CMakeFiles/test_arrow_roundtrip.dir/ub_test_arrow_roundtrip.cpp.o -c /home/pei/Project/duckdb-polr/build/release/test/arrow_roundtrip/ub_test_arrow_roundtrip.cpp
[276/376] /usr/bin/ccache /usr/lib/ccache/c++ -DDUCKDB_BUILD_DIRECTORY=\"/home/pei/Project/duckdb-polr/build/release\" -DDUCKDB_BUILD_LIBRARY -DDUCKDB_BUILD_LOADABLE_EXTENSION -DENABLE_CROSS_PRODUCT_REWRITE=0 -DENABLE_DEBUG_PRINT=0 -DENABLE_MEASURE_EXE_TIME=0 -DENABLE_MERGE_BACK_PLAN=0 -DENABLE_PARALLEL_EXECUTION=0 -DENABLE_QUERY_SPLIT=1 -DENABLE_SPECIFY_EST_STAT=0 -I/home/pei/Project/duckdb-polr/src/include -I/home/pei/Project/duckdb-polr/third_party/fsst -I/home/pei/Project/duckdb-polr/third_party/fmt/include -I/home/pei/Project/duckdb-polr/third_party/hyperloglog -I/home/pei/Project/duckdb-polr/third_party/fastpforlib -I/home/pei/Project/duckdb-polr/third_party/fast_float -I/home/pei/Project/duckdb-polr/third_party/re2 -I/home/pei/Project/duckdb-polr/third_party/miniz -I/home/pei/Project/duckdb-polr/third_party/utf8proc/include -I/home/pei/Project/duckdb-polr/third_party/miniparquet -I/home/pei/Project/duckdb-polr/third_party/concurrentqueue -I/home/pei/Project/duckdb-polr/third_party/pcg -I/home/pei/Project/duckdb-polr/third_party/tdigest -I/home/pei/Project/duckdb-polr/third_party/mbedtls/include -I/home/pei/Project/duckdb-polr/third_party/jaro_winkler -I/home/pei/Project/duckdb-polr/test/../third_party/catch -I/home/pei/Project/duckdb-polr/test/../third_party/tpce-tool/include -I/home/pei/Project/duckdb-polr/test/../third_party/sqlite/include -I/home/pei/Project/duckdb-polr/test/include -O3 -DNDEBUG -O3 -DNDEBUG   -fPIC -fdiagnostics-color=always -std=c++11 -MD -MT test/extension/CMakeFiles/loadable_extension_demo_loadable_extension.dir/loadable_extension_demo.cpp.o -MF test/extension/CMakeFiles/loadable_extension_demo_loadable_extension.dir/loadable_extension_demo.cpp.o.d -o test/extension/CMakeFiles/loadable_extension_demo_loadable_extension.dir/loadable_extension_demo.cpp.o -c /home/pei/Project/duckdb-polr/test/extension/loadable_extension_demo.cpp
[277/376] : && /usr/lib/ccache/c++ -fPIC -O3 -DNDEBUG -O3 -DNDEBUG   -shared -Wl,-soname,loadable_extension_demo.duckdb_extension -o test/extension/loadable_extension_demo.duckdb_extension test/extension/CMakeFiles/loadable_extension_demo_loadable_extension.dir/loadable_extension_demo.cpp.o   && :
[278/376] /usr/bin/ccache /usr/lib/ccache/c++ -DDUCKDB_BUILD_DIRECTORY=\"/home/pei/Project/duckdb-polr/build/release\" -DDUCKDB_BUILD_LIBRARY -DENABLE_CROSS_PRODUCT_REWRITE=0 -DENABLE_DEBUG_PRINT=0 -DENABLE_MEASURE_EXE_TIME=0 -DENABLE_MERGE_BACK_PLAN=0 -DENABLE_PARALLEL_EXECUTION=0 -DENABLE_QUERY_SPLIT=1 -DENABLE_SPECIFY_EST_STAT=0 -I/home/pei/Project/duckdb-polr/src/include -I/home/pei/Project/duckdb-polr/third_party/fsst -I/home/pei/Project/duckdb-polr/third_party/fmt/include -I/home/pei/Project/duckdb-polr/third_party/hyperloglog -I/home/pei/Project/duckdb-polr/third_party/fastpforlib -I/home/pei/Project/duckdb-polr/third_party/fast_float -I/home/pei/Project/duckdb-polr/third_party/re2 -I/home/pei/Project/duckdb-polr/third_party/miniz -I/home/pei/Project/duckdb-polr/third_party/utf8proc/include -I/home/pei/Project/duckdb-polr/third_party/miniparquet -I/home/pei/Project/duckdb-polr/third_party/concurrentqueue -I/home/pei/Project/duckdb-polr/third_party/pcg -I/home/pei/Project/duckdb-polr/third_party/tdigest -I/home/pei/Project/duckdb-polr/third_party/mbedtls/include -I/home/pei/Project/duckdb-polr/third_party/jaro_winkler -I/home/pei/Project/duckdb-polr/test/../third_party/catch -I/home/pei/Project/duckdb-polr/test/../third_party/tpce-tool/include -I/home/pei/Project/duckdb-polr/test/../third_party/sqlite/include -I/home/pei/Project/duckdb-polr/test/include -O3 -DNDEBUG -O3 -DNDEBUG   -fPIC -fdiagnostics-color=always -std=c++11 -MD -MT test/extension/CMakeFiles/test_extensions.dir/ub_test_extensions.cpp.o -MF test/extension/CMakeFiles/test_extensions.dir/ub_test_extensions.cpp.o.d -o test/extension/CMakeFiles/test_extensions.dir/ub_test_extensions.cpp.o -c /home/pei/Project/duckdb-polr/build/release/test/extension/ub_test_extensions.cpp
[279/376] /usr/bin/ccache /usr/lib/ccache/c++ -DDUCKDB_BUILD_LIBRARY -DENABLE_CROSS_PRODUCT_REWRITE=0 -DENABLE_DEBUG_PRINT=0 -DENABLE_MEASURE_EXE_TIME=0 -DENABLE_MERGE_BACK_PLAN=0 -DENABLE_PARALLEL_EXECUTION=0 -DENABLE_QUERY_SPLIT=1 -DENABLE_SPECIFY_EST_STAT=0 -I/home/pei/Project/duckdb-polr/src/include -I/home/pei/Project/duckdb-polr/third_party/fsst -I/home/pei/Project/duckdb-polr/third_party/fmt/include -I/home/pei/Project/duckdb-polr/third_party/hyperloglog -I/home/pei/Project/duckdb-polr/third_party/fastpforlib -I/home/pei/Project/duckdb-polr/third_party/fast_float -I/home/pei/Project/duckdb-polr/third_party/re2 -I/home/pei/Project/duckdb-polr/third_party/miniz -I/home/pei/Project/duckdb-polr/third_party/utf8proc/include -I/home/pei/Project/duckdb-polr/third_party/miniparquet -I/home/pei/Project/duckdb-polr/third_party/concurrentqueue -I/home/pei/Project/duckdb-polr/third_party/pcg -I/home/pei/Project/duckdb-polr/third_party/tdigest -I/home/pei/Project/duckdb-polr/third_party/mbedtls/include -I/home/pei/Project/duckdb-polr/third_party/jaro_winkler -I/home/pei/Project/duckdb-polr/test/../third_party/catch -I/home/pei/Project/duckdb-polr/test/../third_party/tpce-tool/include -I/home/pei/Project/duckdb-polr/test/../third_party/sqlite/include -I/home/pei/Project/duckdb-polr/test/include -O3 -DNDEBUG -O3 -DNDEBUG   -fPIC -fdiagnostics-color=always -std=c++11 -MD -MT test/appender/CMakeFiles/test_appender.dir/ub_test_appender.cpp.o -MF test/appender/CMakeFiles/test_appender.dir/ub_test_appender.cpp.o.d -o test/appender/CMakeFiles/test_appender.dir/ub_test_appender.cpp.o -c /home/pei/Project/duckdb-polr/build/release/test/appender/ub_test_appender.cpp
[280/376] /usr/bin/ccache /usr/lib/ccache/c++ -DDUCKDB_BUILD_LIBRARY -DENABLE_CROSS_PRODUCT_REWRITE=0 -DENABLE_DEBUG_PRINT=0 -DENABLE_MEASURE_EXE_TIME=0 -DENABLE_MERGE_BACK_PLAN=0 -DENABLE_PARALLEL_EXECUTION=0 -DENABLE_QUERY_SPLIT=1 -DENABLE_SPECIFY_EST_STAT=0 -I/home/pei/Project/duckdb-polr/src/include -I/home/pei/Project/duckdb-polr/third_party/fsst -I/home/pei/Project/duckdb-polr/third_party/fmt/include -I/home/pei/Project/duckdb-polr/third_party/hyperloglog -I/home/pei/Project/duckdb-polr/third_party/fastpforlib -I/home/pei/Project/duckdb-polr/third_party/fast_float -I/home/pei/Project/duckdb-polr/third_party/re2 -I/home/pei/Project/duckdb-polr/third_party/miniz -I/home/pei/Project/duckdb-polr/third_party/utf8proc/include -I/home/pei/Project/duckdb-polr/third_party/miniparquet -I/home/pei/Project/duckdb-polr/third_party/concurrentqueue -I/home/pei/Project/duckdb-polr/third_party/pcg -I/home/pei/Project/duckdb-polr/third_party/tdigest -I/home/pei/Project/duckdb-polr/third_party/mbedtls/include -I/home/pei/Project/duckdb-polr/third_party/jaro_winkler -I/home/pei/Project/duckdb-polr/test/../third_party/catch -I/home/pei/Project/duckdb-polr/test/../third_party/tpce-tool/include -I/home/pei/Project/duckdb-polr/test/../third_party/sqlite/include -I/home/pei/Project/duckdb-polr/test/include -I/home/pei/Project/duckdb-polr/third_party/libpg_query/include -O3 -DNDEBUG -O3 -DNDEBUG   -fPIC -fdiagnostics-color=always -std=c++11 -MD -MT test/helpers/CMakeFiles/test_helpers.dir/capi_tester.cpp.o -MF test/helpers/CMakeFiles/test_helpers.dir/capi_tester.cpp.o.d -o test/helpers/CMakeFiles/test_helpers.dir/capi_tester.cpp.o -c /home/pei/Project/duckdb-polr/test/helpers/capi_tester.cpp
[281/376] /usr/bin/ccache /usr/lib/ccache/c++ -DDUCKDB_BUILD_LIBRARY -DENABLE_CROSS_PRODUCT_REWRITE=0 -DENABLE_DEBUG_PRINT=0 -DENABLE_MEASURE_EXE_TIME=0 -DENABLE_MERGE_BACK_PLAN=0 -DENABLE_PARALLEL_EXECUTION=0 -DENABLE_QUERY_SPLIT=1 -DENABLE_SPECIFY_EST_STAT=0 -I/home/pei/Project/duckdb-polr/src/include -I/home/pei/Project/duckdb-polr/third_party/fsst -I/home/pei/Project/duckdb-polr/third_party/fmt/include -I/home/pei/Project/duckdb-polr/third_party/hyperloglog -I/home/pei/Project/duckdb-polr/third_party/fastpforlib -I/home/pei/Project/duckdb-polr/third_party/fast_float -I/home/pei/Project/duckdb-polr/third_party/re2 -I/home/pei/Project/duckdb-polr/third_party/miniz -I/home/pei/Project/duckdb-polr/third_party/utf8proc/include -I/home/pei/Project/duckdb-polr/third_party/miniparquet -I/home/pei/Project/duckdb-polr/third_party/concurrentqueue -I/home/pei/Project/duckdb-polr/third_party/pcg -I/home/pei/Project/duckdb-polr/third_party/tdigest -I/home/pei/Project/duckdb-polr/third_party/mbedtls/include -I/home/pei/Project/duckdb-polr/third_party/jaro_winkler -I/home/pei/Project/duckdb-polr/test/../third_party/catch -I/home/pei/Project/duckdb-polr/test/../third_party/tpce-tool/include -I/home/pei/Project/duckdb-polr/test/../third_party/sqlite/include -I/home/pei/Project/duckdb-polr/test/include -O3 -DNDEBUG -O3 -DNDEBUG   -fPIC -fdiagnostics-color=always -std=c++11 -MD -MT test/memoryleak/CMakeFiles/test_memory_leak.dir/ub_test_memory_leak.cpp.o -MF test/memoryleak/CMakeFiles/test_memory_leak.dir/ub_test_memory_leak.cpp.o.d -o test/memoryleak/CMakeFiles/test_memory_leak.dir/ub_test_memory_leak.cpp.o -c /home/pei/Project/duckdb-polr/build/release/test/memoryleak/ub_test_memory_leak.cpp
[282/376] /usr/bin/ccache /usr/lib/ccache/c++ -DDUCKDB_BUILD_LIBRARY -DENABLE_CROSS_PRODUCT_REWRITE=0 -DENABLE_DEBUG_PRINT=0 -DENABLE_MEASURE_EXE_TIME=0 -DENABLE_MERGE_BACK_PLAN=0 -DENABLE_PARALLEL_EXECUTION=0 -DENABLE_QUERY_SPLIT=1 -DENABLE_SPECIFY_EST_STAT=0 -I/home/pei/Project/duckdb-polr/src/include -I/home/pei/Project/duckdb-polr/third_party/fsst -I/home/pei/Project/duckdb-polr/third_party/fmt/include -I/home/pei/Project/duckdb-polr/third_party/hyperloglog -I/home/pei/Project/duckdb-polr/third_party/fastpforlib -I/home/pei/Project/duckdb-polr/third_party/fast_float -I/home/pei/Project/duckdb-polr/third_party/re2 -I/home/pei/Project/duckdb-polr/third_party/miniz -I/home/pei/Project/duckdb-polr/third_party/utf8proc/include -I/home/pei/Project/duckdb-polr/third_party/miniparquet -I/home/pei/Project/duckdb-polr/third_party/concurrentqueue -I/home/pei/Project/duckdb-polr/third_party/pcg -I/home/pei/Project/duckdb-polr/third_party/tdigest -I/home/pei/Project/duckdb-polr/third_party/mbedtls/include -I/home/pei/Project/duckdb-polr/third_party/jaro_winkler -I/home/pei/Project/duckdb-polr/test/../third_party/catch -I/home/pei/Project/duckdb-polr/test/../third_party/tpce-tool/include -I/home/pei/Project/duckdb-polr/test/../third_party/sqlite/include -I/home/pei/Project/duckdb-polr/test/include -I/home/pei/Project/duckdb-polr/third_party/libpg_query/include -O3 -DNDEBUG -O3 -DNDEBUG   -fPIC -fdiagnostics-color=always -std=c++11 -MD -MT test/helpers/CMakeFiles/test_helpers.dir/test_helpers.cpp.o -MF test/helpers/CMakeFiles/test_helpers.dir/test_helpers.cpp.o.d -o test/helpers/CMakeFiles/test_helpers.dir/test_helpers.cpp.o -c /home/pei/Project/duckdb-polr/test/helpers/test_helpers.cpp
[283/376] /usr/bin/ccache /usr/lib/ccache/c++ -DDUCKDB_BUILD_LIBRARY -DENABLE_CROSS_PRODUCT_REWRITE=0 -DENABLE_DEBUG_PRINT=0 -DENABLE_MEASURE_EXE_TIME=0 -DENABLE_MERGE_BACK_PLAN=0 -DENABLE_PARALLEL_EXECUTION=0 -DENABLE_QUERY_SPLIT=1 -DENABLE_SPECIFY_EST_STAT=0 -I/home/pei/Project/duckdb-polr/src/include -I/home/pei/Project/duckdb-polr/third_party/fsst -I/home/pei/Project/duckdb-polr/third_party/fmt/include -I/home/pei/Project/duckdb-polr/third_party/hyperloglog -I/home/pei/Project/duckdb-polr/third_party/fastpforlib -I/home/pei/Project/duckdb-polr/third_party/fast_float -I/home/pei/Project/duckdb-polr/third_party/re2 -I/home/pei/Project/duckdb-polr/third_party/miniz -I/home/pei/Project/duckdb-polr/third_party/utf8proc/include -I/home/pei/Project/duckdb-polr/third_party/miniparquet -I/home/pei/Project/duckdb-polr/third_party/concurrentqueue -I/home/pei/Project/duckdb-polr/third_party/pcg -I/home/pei/Project/duckdb-polr/third_party/tdigest -I/home/pei/Project/duckdb-polr/third_party/mbedtls/include -I/home/pei/Project/duckdb-polr/third_party/jaro_winkler -I/home/pei/Project/duckdb-polr/test/../third_party/catch -I/home/pei/Project/duckdb-polr/test/../third_party/tpce-tool/include -I/home/pei/Project/duckdb-polr/test/../third_party/sqlite/include -I/home/pei/Project/duckdb-polr/test/include -O3 -DNDEBUG -O3 -DNDEBUG   -fPIC -fdiagnostics-color=always -std=c++11 -MD -MT test/sql/filter/CMakeFiles/test_filter.dir/ub_test_filter.cpp.o -MF test/sql/filter/CMakeFiles/test_filter.dir/ub_test_filter.cpp.o.d -o test/sql/filter/CMakeFiles/test_filter.dir/ub_test_filter.cpp.o -c /home/pei/Project/duckdb-polr/build/release/test/sql/filter/ub_test_filter.cpp
[284/376] /usr/bin/ccache /usr/lib/ccache/c++ -DDUCKDB_BUILD_LIBRARY -DENABLE_CROSS_PRODUCT_REWRITE=0 -DENABLE_DEBUG_PRINT=0 -DENABLE_MEASURE_EXE_TIME=0 -DENABLE_MERGE_BACK_PLAN=0 -DENABLE_PARALLEL_EXECUTION=0 -DENABLE_QUERY_SPLIT=1 -DENABLE_SPECIFY_EST_STAT=0 -I/home/pei/Project/duckdb-polr/src/include -I/home/pei/Project/duckdb-polr/third_party/fsst -I/home/pei/Project/duckdb-polr/third_party/fmt/include -I/home/pei/Project/duckdb-polr/third_party/hyperloglog -I/home/pei/Project/duckdb-polr/third_party/fastpforlib -I/home/pei/Project/duckdb-polr/third_party/fast_float -I/home/pei/Project/duckdb-polr/third_party/re2 -I/home/pei/Project/duckdb-polr/third_party/miniz -I/home/pei/Project/duckdb-polr/third_party/utf8proc/include -I/home/pei/Project/duckdb-polr/third_party/miniparquet -I/home/pei/Project/duckdb-polr/third_party/concurrentqueue -I/home/pei/Project/duckdb-polr/third_party/pcg -I/home/pei/Project/duckdb-polr/third_party/tdigest -I/home/pei/Project/duckdb-polr/third_party/mbedtls/include -I/home/pei/Project/duckdb-polr/third_party/jaro_winkler -I/home/pei/Project/duckdb-polr/test/../third_party/catch -I/home/pei/Project/duckdb-polr/test/../third_party/tpce-tool/include -I/home/pei/Project/duckdb-polr/test/../third_party/sqlite/include -I/home/pei/Project/duckdb-polr/test/include -O3 -DNDEBUG -O3 -DNDEBUG   -fPIC -fdiagnostics-color=always -std=c++11 -MD -MT test/mbedtls/CMakeFiles/test_mbedtls.dir/ub_test_mbedtls.cpp.o -MF test/mbedtls/CMakeFiles/test_mbedtls.dir/ub_test_mbedtls.cpp.o.d -o test/mbedtls/CMakeFiles/test_mbedtls.dir/ub_test_mbedtls.cpp.o -c /home/pei/Project/duckdb-polr/build/release/test/mbedtls/ub_test_mbedtls.cpp
[285/376] /usr/bin/ccache /usr/lib/ccache/c++ -DDUCKDB_BUILD_LIBRARY -DENABLE_CROSS_PRODUCT_REWRITE=0 -DENABLE_DEBUG_PRINT=0 -DENABLE_MEASURE_EXE_TIME=0 -DENABLE_MERGE_BACK_PLAN=0 -DENABLE_PARALLEL_EXECUTION=0 -DENABLE_QUERY_SPLIT=1 -DENABLE_SPECIFY_EST_STAT=0 -I/home/pei/Project/duckdb-polr/src/include -I/home/pei/Project/duckdb-polr/third_party/fsst -I/home/pei/Project/duckdb-polr/third_party/fmt/include -I/home/pei/Project/duckdb-polr/third_party/hyperloglog -I/home/pei/Project/duckdb-polr/third_party/fastpforlib -I/home/pei/Project/duckdb-polr/third_party/fast_float -I/home/pei/Project/duckdb-polr/third_party/re2 -I/home/pei/Project/duckdb-polr/third_party/miniz -I/home/pei/Project/duckdb-polr/third_party/utf8proc/include -I/home/pei/Project/duckdb-polr/third_party/miniparquet -I/home/pei/Project/duckdb-polr/third_party/concurrentqueue -I/home/pei/Project/duckdb-polr/third_party/pcg -I/home/pei/Project/duckdb-polr/third_party/tdigest -I/home/pei/Project/duckdb-polr/third_party/mbedtls/include -I/home/pei/Project/duckdb-polr/third_party/jaro_winkler -I/home/pei/Project/duckdb-polr/test/../third_party/catch -I/home/pei/Project/duckdb-polr/test/../third_party/tpce-tool/include -I/home/pei/Project/duckdb-polr/test/../third_party/sqlite/include -I/home/pei/Project/duckdb-polr/test/include -O3 -DNDEBUG -O3 -DNDEBUG   -fPIC -fdiagnostics-color=always -std=c++11 -MD -MT test/sql/function/table/CMakeFiles/test_table_function.dir/ub_test_table_function.cpp.o -MF test/sql/function/table/CMakeFiles/test_table_function.dir/ub_test_table_function.cpp.o.d -o test/sql/function/table/CMakeFiles/test_table_function.dir/ub_test_table_function.cpp.o -c /home/pei/Project/duckdb-polr/build/release/test/sql/function/table/ub_test_table_function.cpp
[286/376] /usr/bin/ccache /usr/lib/ccache/c++ -DDUCKDB_BUILD_LIBRARY -DENABLE_CROSS_PRODUCT_REWRITE=0 -DENABLE_DEBUG_PRINT=0 -DENABLE_MEASURE_EXE_TIME=0 -DENABLE_MERGE_BACK_PLAN=0 -DENABLE_PARALLEL_EXECUTION=0 -DENABLE_QUERY_SPLIT=1 -DENABLE_SPECIFY_EST_STAT=0 -I/home/pei/Project/duckdb-polr/src/include -I/home/pei/Project/duckdb-polr/third_party/fsst -I/home/pei/Project/duckdb-polr/third_party/fmt/include -I/home/pei/Project/duckdb-polr/third_party/hyperloglog -I/home/pei/Project/duckdb-polr/third_party/fastpforlib -I/home/pei/Project/duckdb-polr/third_party/fast_float -I/home/pei/Project/duckdb-polr/third_party/re2 -I/home/pei/Project/duckdb-polr/third_party/miniz -I/home/pei/Project/duckdb-polr/third_party/utf8proc/include -I/home/pei/Project/duckdb-polr/third_party/miniparquet -I/home/pei/Project/duckdb-polr/third_party/concurrentqueue -I/home/pei/Project/duckdb-polr/third_party/pcg -I/home/pei/Project/duckdb-polr/third_party/tdigest -I/home/pei/Project/duckdb-polr/third_party/mbedtls/include -I/home/pei/Project/duckdb-polr/third_party/jaro_winkler -O3 -DNDEBUG -O3 -DNDEBUG   -fPIC -fdiagnostics-color=always -w -std=c++11 -MD -MT third_party/fmt/CMakeFiles/duckdb_fmt.dir/format.cc.o -MF third_party/fmt/CMakeFiles/duckdb_fmt.dir/format.cc.o.d -o third_party/fmt/CMakeFiles/duckdb_fmt.dir/format.cc.o -c /home/pei/Project/duckdb-polr/third_party/fmt/format.cc
[287/376] : && /usr/bin/cmake -E rm -f third_party/fmt/libduckdb_fmt.a && /usr/bin/ar qc third_party/fmt/libduckdb_fmt.a  third_party/fmt/CMakeFiles/duckdb_fmt.dir/format.cc.o && /usr/bin/ranlib third_party/fmt/libduckdb_fmt.a && :
[288/376] /usr/bin/ccache /usr/lib/ccache/c++ -DDUCKDB_BUILD_LIBRARY -DENABLE_CROSS_PRODUCT_REWRITE=0 -DENABLE_DEBUG_PRINT=0 -DENABLE_MEASURE_EXE_TIME=0 -DENABLE_MERGE_BACK_PLAN=0 -DENABLE_PARALLEL_EXECUTION=0 -DENABLE_QUERY_SPLIT=1 -DENABLE_SPECIFY_EST_STAT=0 -I/home/pei/Project/duckdb-polr/src/include -I/home/pei/Project/duckdb-polr/third_party/fsst -I/home/pei/Project/duckdb-polr/third_party/fmt/include -I/home/pei/Project/duckdb-polr/third_party/hyperloglog -I/home/pei/Project/duckdb-polr/third_party/fastpforlib -I/home/pei/Project/duckdb-polr/third_party/fast_float -I/home/pei/Project/duckdb-polr/third_party/re2 -I/home/pei/Project/duckdb-polr/third_party/miniz -I/home/pei/Project/duckdb-polr/third_party/utf8proc/include -I/home/pei/Project/duckdb-polr/third_party/miniparquet -I/home/pei/Project/duckdb-polr/third_party/concurrentqueue -I/home/pei/Project/duckdb-polr/third_party/pcg -I/home/pei/Project/duckdb-polr/third_party/tdigest -I/home/pei/Project/duckdb-polr/third_party/mbedtls/include -I/home/pei/Project/duckdb-polr/third_party/jaro_winkler -I/home/pei/Project/duckdb-polr/third_party/libpg_query/include -O3 -DNDEBUG -O3 -DNDEBUG   -fPIC -fvisibility=hidden -fdiagnostics-color=always -w -std=c++11 -MD -MT third_party/libpg_query/CMakeFiles/duckdb_pg_query.dir/postgres_parser.cpp.o -MF third_party/libpg_query/CMakeFiles/duckdb_pg_query.dir/postgres_parser.cpp.o.d -o third_party/libpg_query/CMakeFiles/duckdb_pg_query.dir/postgres_parser.cpp.o -c /home/pei/Project/duckdb-polr/third_party/libpg_query/postgres_parser.cpp
[289/376] /usr/bin/ccache /usr/lib/ccache/c++ -DDUCKDB_BUILD_LIBRARY -DENABLE_CROSS_PRODUCT_REWRITE=0 -DENABLE_DEBUG_PRINT=0 -DENABLE_MEASURE_EXE_TIME=0 -DENABLE_MERGE_BACK_PLAN=0 -DENABLE_PARALLEL_EXECUTION=0 -DENABLE_QUERY_SPLIT=1 -DENABLE_SPECIFY_EST_STAT=0 -I/home/pei/Project/duckdb-polr/src/include -I/home/pei/Project/duckdb-polr/third_party/fsst -I/home/pei/Project/duckdb-polr/third_party/fmt/include -I/home/pei/Project/duckdb-polr/third_party/hyperloglog -I/home/pei/Project/duckdb-polr/third_party/fastpforlib -I/home/pei/Project/duckdb-polr/third_party/fast_float -I/home/pei/Project/duckdb-polr/third_party/re2 -I/home/pei/Project/duckdb-polr/third_party/miniz -I/home/pei/Project/duckdb-polr/third_party/utf8proc/include -I/home/pei/Project/duckdb-polr/third_party/miniparquet -I/home/pei/Project/duckdb-polr/third_party/concurrentqueue -I/home/pei/Project/duckdb-polr/third_party/pcg -I/home/pei/Project/duckdb-polr/third_party/tdigest -I/home/pei/Project/duckdb-polr/third_party/mbedtls/include -I/home/pei/Project/duckdb-polr/third_party/jaro_winkler -I/home/pei/Project/duckdb-polr/third_party/libpg_query/include -O3 -DNDEBUG -O3 -DNDEBUG   -fPIC -fvisibility=hidden -fdiagnostics-color=always -w -std=c++11 -MD -MT third_party/libpg_query/CMakeFiles/duckdb_pg_query.dir/pg_functions.cpp.o -MF third_party/libpg_query/CMakeFiles/duckdb_pg_query.dir/pg_functions.cpp.o.d -o third_party/libpg_query/CMakeFiles/duckdb_pg_query.dir/pg_functions.cpp.o -c /home/pei/Project/duckdb-polr/third_party/libpg_query/pg_functions.cpp
[290/376] /usr/bin/ccache /usr/lib/ccache/c++ -DDUCKDB_BUILD_LIBRARY -DENABLE_CROSS_PRODUCT_REWRITE=0 -DENABLE_DEBUG_PRINT=0 -DENABLE_MEASURE_EXE_TIME=0 -DENABLE_MERGE_BACK_PLAN=0 -DENABLE_PARALLEL_EXECUTION=0 -DENABLE_QUERY_SPLIT=1 -DENABLE_SPECIFY_EST_STAT=0 -I/home/pei/Project/duckdb-polr/src/include -I/home/pei/Project/duckdb-polr/third_party/fsst -I/home/pei/Project/duckdb-polr/third_party/fmt/include -I/home/pei/Project/duckdb-polr/third_party/hyperloglog -I/home/pei/Project/duckdb-polr/third_party/fastpforlib -I/home/pei/Project/duckdb-polr/third_party/fast_float -I/home/pei/Project/duckdb-polr/third_party/re2 -I/home/pei/Project/duckdb-polr/third_party/miniz -I/home/pei/Project/duckdb-polr/third_party/utf8proc/include -I/home/pei/Project/duckdb-polr/third_party/miniparquet -I/home/pei/Project/duckdb-polr/third_party/concurrentqueue -I/home/pei/Project/duckdb-polr/third_party/pcg -I/home/pei/Project/duckdb-polr/third_party/tdigest -I/home/pei/Project/duckdb-polr/third_party/mbedtls/include -I/home/pei/Project/duckdb-polr/third_party/jaro_winkler -I/home/pei/Project/duckdb-polr/test/../third_party/catch -I/home/pei/Project/duckdb-polr/test/../third_party/tpce-tool/include -I/home/pei/Project/duckdb-polr/test/../third_party/sqlite/include -I/home/pei/Project/duckdb-polr/test/include -O3 -DNDEBUG -O3 -DNDEBUG   -fPIC -fdiagnostics-color=always -std=c++11 -MD -MT test/common/CMakeFiles/test_common.dir/ub_test_common.cpp.o -MF test/common/CMakeFiles/test_common.dir/ub_test_common.cpp.o.d -o test/common/CMakeFiles/test_common.dir/ub_test_common.cpp.o -c /home/pei/Project/duckdb-polr/build/release/test/common/ub_test_common.cpp
[291/376] /usr/bin/ccache /usr/lib/ccache/c++ -DDUCKDB_BUILD_LIBRARY -DENABLE_CROSS_PRODUCT_REWRITE=0 -DENABLE_DEBUG_PRINT=0 -DENABLE_MEASURE_EXE_TIME=0 -DENABLE_MERGE_BACK_PLAN=0 -DENABLE_PARALLEL_EXECUTION=0 -DENABLE_QUERY_SPLIT=1 -DENABLE_SPECIFY_EST_STAT=0 -I/home/pei/Project/duckdb-polr/src/include -I/home/pei/Project/duckdb-polr/third_party/fsst -I/home/pei/Project/duckdb-polr/third_party/fmt/include -I/home/pei/Project/duckdb-polr/third_party/hyperloglog -I/home/pei/Project/duckdb-polr/third_party/fastpforlib -I/home/pei/Project/duckdb-polr/third_party/fast_float -I/home/pei/Project/duckdb-polr/third_party/re2 -I/home/pei/Project/duckdb-polr/third_party/miniz -I/home/pei/Project/duckdb-polr/third_party/utf8proc/include -I/home/pei/Project/duckdb-polr/third_party/miniparquet -I/home/pei/Project/duckdb-polr/third_party/concurrentqueue -I/home/pei/Project/duckdb-polr/third_party/pcg -I/home/pei/Project/duckdb-polr/third_party/tdigest -I/home/pei/Project/duckdb-polr/third_party/mbedtls/include -I/home/pei/Project/duckdb-polr/third_party/jaro_winkler -I/home/pei/Project/duckdb-polr/third_party/libpg_query/include -O3 -DNDEBUG -O3 -DNDEBUG   -fPIC -fvisibility=hidden -fdiagnostics-color=always -w -std=c++11 -MD -MT third_party/libpg_query/CMakeFiles/duckdb_pg_query.dir/src_backend_parser_parser.cpp.o -MF third_party/libpg_query/CMakeFiles/duckdb_pg_query.dir/src_backend_parser_parser.cpp.o.d -o third_party/libpg_query/CMakeFiles/duckdb_pg_query.dir/src_backend_parser_parser.cpp.o -c /home/pei/Project/duckdb-polr/third_party/libpg_query/src_backend_parser_parser.cpp
[292/376] /usr/bin/ccache /usr/lib/ccache/c++ -DDUCKDB_BUILD_LIBRARY -DENABLE_CROSS_PRODUCT_REWRITE=0 -DENABLE_DEBUG_PRINT=0 -DENABLE_MEASURE_EXE_TIME=0 -DENABLE_MERGE_BACK_PLAN=0 -DENABLE_PARALLEL_EXECUTION=0 -DENABLE_QUERY_SPLIT=1 -DENABLE_SPECIFY_EST_STAT=0 -I/home/pei/Project/duckdb-polr/src/include -I/home/pei/Project/duckdb-polr/third_party/fsst -I/home/pei/Project/duckdb-polr/third_party/fmt/include -I/home/pei/Project/duckdb-polr/third_party/hyperloglog -I/home/pei/Project/duckdb-polr/third_party/fastpforlib -I/home/pei/Project/duckdb-polr/third_party/fast_float -I/home/pei/Project/duckdb-polr/third_party/re2 -I/home/pei/Project/duckdb-polr/third_party/miniz -I/home/pei/Project/duckdb-polr/third_party/utf8proc/include -I/home/pei/Project/duckdb-polr/third_party/miniparquet -I/home/pei/Project/duckdb-polr/third_party/concurrentqueue -I/home/pei/Project/duckdb-polr/third_party/pcg -I/home/pei/Project/duckdb-polr/third_party/tdigest -I/home/pei/Project/duckdb-polr/third_party/mbedtls/include -I/home/pei/Project/duckdb-polr/third_party/jaro_winkler -I/home/pei/Project/duckdb-polr/third_party/libpg_query/include -O3 -DNDEBUG -O3 -DNDEBUG   -fPIC -fvisibility=hidden -fdiagnostics-color=always -w -std=c++11 -MD -MT third_party/libpg_query/CMakeFiles/duckdb_pg_query.dir/src_backend_parser_gram.cpp.o -MF third_party/libpg_query/CMakeFiles/duckdb_pg_query.dir/src_backend_parser_gram.cpp.o.d -o third_party/libpg_query/CMakeFiles/duckdb_pg_query.dir/src_backend_parser_gram.cpp.o -c /home/pei/Project/duckdb-polr/third_party/libpg_query/src_backend_parser_gram.cpp
[293/376] /usr/bin/ccache /usr/lib/ccache/c++ -DDUCKDB_BUILD_LIBRARY -DENABLE_CROSS_PRODUCT_REWRITE=0 -DENABLE_DEBUG_PRINT=0 -DENABLE_MEASURE_EXE_TIME=0 -DENABLE_MERGE_BACK_PLAN=0 -DENABLE_PARALLEL_EXECUTION=0 -DENABLE_QUERY_SPLIT=1 -DENABLE_SPECIFY_EST_STAT=0 -I/home/pei/Project/duckdb-polr/src/include -I/home/pei/Project/duckdb-polr/third_party/fsst -I/home/pei/Project/duckdb-polr/third_party/fmt/include -I/home/pei/Project/duckdb-polr/third_party/hyperloglog -I/home/pei/Project/duckdb-polr/third_party/fastpforlib -I/home/pei/Project/duckdb-polr/third_party/fast_float -I/home/pei/Project/duckdb-polr/third_party/re2 -I/home/pei/Project/duckdb-polr/third_party/miniz -I/home/pei/Project/duckdb-polr/third_party/utf8proc/include -I/home/pei/Project/duckdb-polr/third_party/miniparquet -I/home/pei/Project/duckdb-polr/third_party/concurrentqueue -I/home/pei/Project/duckdb-polr/third_party/pcg -I/home/pei/Project/duckdb-polr/third_party/tdigest -I/home/pei/Project/duckdb-polr/third_party/mbedtls/include -I/home/pei/Project/duckdb-polr/third_party/jaro_winkler -I/home/pei/Project/duckdb-polr/third_party/libpg_query/include -O3 -DNDEBUG -O3 -DNDEBUG   -fPIC -fvisibility=hidden -fdiagnostics-color=always -w -std=c++11 -MD -MT third_party/libpg_query/CMakeFiles/duckdb_pg_query.dir/src_backend_nodes_list.cpp.o -MF third_party/libpg_query/CMakeFiles/duckdb_pg_query.dir/src_backend_nodes_list.cpp.o.d -o third_party/libpg_query/CMakeFiles/duckdb_pg_query.dir/src_backend_nodes_list.cpp.o -c /home/pei/Project/duckdb-polr/third_party/libpg_query/src_backend_nodes_list.cpp
[294/376] /usr/bin/ccache /usr/lib/ccache/c++ -DDUCKDB_BUILD_LIBRARY -DENABLE_CROSS_PRODUCT_REWRITE=0 -DENABLE_DEBUG_PRINT=0 -DENABLE_MEASURE_EXE_TIME=0 -DENABLE_MERGE_BACK_PLAN=0 -DENABLE_PARALLEL_EXECUTION=0 -DENABLE_QUERY_SPLIT=1 -DENABLE_SPECIFY_EST_STAT=0 -I/home/pei/Project/duckdb-polr/src/include -I/home/pei/Project/duckdb-polr/third_party/fsst -I/home/pei/Project/duckdb-polr/third_party/fmt/include -I/home/pei/Project/duckdb-polr/third_party/hyperloglog -I/home/pei/Project/duckdb-polr/third_party/fastpforlib -I/home/pei/Project/duckdb-polr/third_party/fast_float -I/home/pei/Project/duckdb-polr/third_party/re2 -I/home/pei/Project/duckdb-polr/third_party/miniz -I/home/pei/Project/duckdb-polr/third_party/utf8proc/include -I/home/pei/Project/duckdb-polr/third_party/miniparquet -I/home/pei/Project/duckdb-polr/third_party/concurrentqueue -I/home/pei/Project/duckdb-polr/third_party/pcg -I/home/pei/Project/duckdb-polr/third_party/tdigest -I/home/pei/Project/duckdb-polr/third_party/mbedtls/include -I/home/pei/Project/duckdb-polr/third_party/jaro_winkler -I/home/pei/Project/duckdb-polr/test/../third_party/catch -I/home/pei/Project/duckdb-polr/test/../third_party/tpce-tool/include -I/home/pei/Project/duckdb-polr/test/../third_party/sqlite/include -I/home/pei/Project/duckdb-polr/test/include -O3 -DNDEBUG -O3 -DNDEBUG   -fPIC -fdiagnostics-color=always -std=c++11 -MD -MT test/sql/storage/catalog/CMakeFiles/test_sql_storage_catalog.dir/ub_test_sql_storage_catalog.cpp.o -MF test/sql/storage/catalog/CMakeFiles/test_sql_storage_catalog.dir/ub_test_sql_storage_catalog.cpp.o.d -o test/sql/storage/catalog/CMakeFiles/test_sql_storage_catalog.dir/ub_test_sql_storage_catalog.cpp.o -c /home/pei/Project/duckdb-polr/build/release/test/sql/storage/catalog/ub_test_sql_storage_catalog.cpp
[295/376] /usr/bin/ccache /usr/lib/ccache/c++ -DDUCKDB_BUILD_LIBRARY -DENABLE_CROSS_PRODUCT_REWRITE=0 -DENABLE_DEBUG_PRINT=0 -DENABLE_MEASURE_EXE_TIME=0 -DENABLE_MERGE_BACK_PLAN=0 -DENABLE_PARALLEL_EXECUTION=0 -DENABLE_QUERY_SPLIT=1 -DENABLE_SPECIFY_EST_STAT=0 -I/home/pei/Project/duckdb-polr/src/include -I/home/pei/Project/duckdb-polr/third_party/fsst -I/home/pei/Project/duckdb-polr/third_party/fmt/include -I/home/pei/Project/duckdb-polr/third_party/hyperloglog -I/home/pei/Project/duckdb-polr/third_party/fastpforlib -I/home/pei/Project/duckdb-polr/third_party/fast_float -I/home/pei/Project/duckdb-polr/third_party/re2 -I/home/pei/Project/duckdb-polr/third_party/miniz -I/home/pei/Project/duckdb-polr/third_party/utf8proc/include -I/home/pei/Project/duckdb-polr/third_party/miniparquet -I/home/pei/Project/duckdb-polr/third_party/concurrentqueue -I/home/pei/Project/duckdb-polr/third_party/pcg -I/home/pei/Project/duckdb-polr/third_party/tdigest -I/home/pei/Project/duckdb-polr/third_party/mbedtls/include -I/home/pei/Project/duckdb-polr/third_party/jaro_winkler -I/home/pei/Project/duckdb-polr/third_party/libpg_query/include -O3 -DNDEBUG -O3 -DNDEBUG   -fPIC -fvisibility=hidden -fdiagnostics-color=always -w -std=c++11 -MD -MT third_party/libpg_query/CMakeFiles/duckdb_pg_query.dir/src_backend_parser_scansup.cpp.o -MF third_party/libpg_query/CMakeFiles/duckdb_pg_query.dir/src_backend_parser_scansup.cpp.o.d -o third_party/libpg_query/CMakeFiles/duckdb_pg_query.dir/src_backend_parser_scansup.cpp.o -c /home/pei/Project/duckdb-polr/third_party/libpg_query/src_backend_parser_scansup.cpp
[296/376] /usr/bin/ccache /usr/lib/ccache/c++ -DDUCKDB_BUILD_LIBRARY -DENABLE_CROSS_PRODUCT_REWRITE=0 -DENABLE_DEBUG_PRINT=0 -DENABLE_MEASURE_EXE_TIME=0 -DENABLE_MERGE_BACK_PLAN=0 -DENABLE_PARALLEL_EXECUTION=0 -DENABLE_QUERY_SPLIT=1 -DENABLE_SPECIFY_EST_STAT=0 -I/home/pei/Project/duckdb-polr/src/include -I/home/pei/Project/duckdb-polr/third_party/fsst -I/home/pei/Project/duckdb-polr/third_party/fmt/include -I/home/pei/Project/duckdb-polr/third_party/hyperloglog -I/home/pei/Project/duckdb-polr/third_party/fastpforlib -I/home/pei/Project/duckdb-polr/third_party/fast_float -I/home/pei/Project/duckdb-polr/third_party/re2 -I/home/pei/Project/duckdb-polr/third_party/miniz -I/home/pei/Project/duckdb-polr/third_party/utf8proc/include -I/home/pei/Project/duckdb-polr/third_party/miniparquet -I/home/pei/Project/duckdb-polr/third_party/concurrentqueue -I/home/pei/Project/duckdb-polr/third_party/pcg -I/home/pei/Project/duckdb-polr/third_party/tdigest -I/home/pei/Project/duckdb-polr/third_party/mbedtls/include -I/home/pei/Project/duckdb-polr/third_party/jaro_winkler -I/home/pei/Project/duckdb-polr/third_party/libpg_query/include -O3 -DNDEBUG -O3 -DNDEBUG   -fPIC -fvisibility=hidden -fdiagnostics-color=always -w -std=c++11 -MD -MT third_party/libpg_query/CMakeFiles/duckdb_pg_query.dir/src_backend_nodes_makefuncs.cpp.o -MF third_party/libpg_query/CMakeFiles/duckdb_pg_query.dir/src_backend_nodes_makefuncs.cpp.o.d -o third_party/libpg_query/CMakeFiles/duckdb_pg_query.dir/src_backend_nodes_makefuncs.cpp.o -c /home/pei/Project/duckdb-polr/third_party/libpg_query/src_backend_nodes_makefuncs.cpp
[297/376] /usr/bin/ccache /usr/lib/ccache/c++ -DDUCKDB_BUILD_LIBRARY -DENABLE_CROSS_PRODUCT_REWRITE=0 -DENABLE_DEBUG_PRINT=0 -DENABLE_MEASURE_EXE_TIME=0 -DENABLE_MERGE_BACK_PLAN=0 -DENABLE_PARALLEL_EXECUTION=0 -DENABLE_QUERY_SPLIT=1 -DENABLE_SPECIFY_EST_STAT=0 -I/home/pei/Project/duckdb-polr/src/include -I/home/pei/Project/duckdb-polr/third_party/fsst -I/home/pei/Project/duckdb-polr/third_party/fmt/include -I/home/pei/Project/duckdb-polr/third_party/hyperloglog -I/home/pei/Project/duckdb-polr/third_party/fastpforlib -I/home/pei/Project/duckdb-polr/third_party/fast_float -I/home/pei/Project/duckdb-polr/third_party/re2 -I/home/pei/Project/duckdb-polr/third_party/miniz -I/home/pei/Project/duckdb-polr/third_party/utf8proc/include -I/home/pei/Project/duckdb-polr/third_party/miniparquet -I/home/pei/Project/duckdb-polr/third_party/concurrentqueue -I/home/pei/Project/duckdb-polr/third_party/pcg -I/home/pei/Project/duckdb-polr/third_party/tdigest -I/home/pei/Project/duckdb-polr/third_party/mbedtls/include -I/home/pei/Project/duckdb-polr/third_party/jaro_winkler -I/home/pei/Project/duckdb-polr/third_party/libpg_query/include -O3 -DNDEBUG -O3 -DNDEBUG   -fPIC -fvisibility=hidden -fdiagnostics-color=always -w -std=c++11 -MD -MT third_party/libpg_query/CMakeFiles/duckdb_pg_query.dir/src_backend_nodes_value.cpp.o -MF third_party/libpg_query/CMakeFiles/duckdb_pg_query.dir/src_backend_nodes_value.cpp.o.d -o third_party/libpg_query/CMakeFiles/duckdb_pg_query.dir/src_backend_nodes_value.cpp.o -c /home/pei/Project/duckdb-polr/third_party/libpg_query/src_backend_nodes_value.cpp
[298/376] /usr/bin/ccache /usr/lib/ccache/c++ -DDUCKDB_BUILD_LIBRARY -DENABLE_CROSS_PRODUCT_REWRITE=0 -DENABLE_DEBUG_PRINT=0 -DENABLE_MEASURE_EXE_TIME=0 -DENABLE_MERGE_BACK_PLAN=0 -DENABLE_PARALLEL_EXECUTION=0 -DENABLE_QUERY_SPLIT=1 -DENABLE_SPECIFY_EST_STAT=0 -I/home/pei/Project/duckdb-polr/src/include -I/home/pei/Project/duckdb-polr/third_party/fsst -I/home/pei/Project/duckdb-polr/third_party/fmt/include -I/home/pei/Project/duckdb-polr/third_party/hyperloglog -I/home/pei/Project/duckdb-polr/third_party/fastpforlib -I/home/pei/Project/duckdb-polr/third_party/fast_float -I/home/pei/Project/duckdb-polr/third_party/re2 -I/home/pei/Project/duckdb-polr/third_party/miniz -I/home/pei/Project/duckdb-polr/third_party/utf8proc/include -I/home/pei/Project/duckdb-polr/third_party/miniparquet -I/home/pei/Project/duckdb-polr/third_party/concurrentqueue -I/home/pei/Project/duckdb-polr/third_party/pcg -I/home/pei/Project/duckdb-polr/third_party/tdigest -I/home/pei/Project/duckdb-polr/third_party/mbedtls/include -I/home/pei/Project/duckdb-polr/third_party/jaro_winkler -I/home/pei/Project/duckdb-polr/third_party/libpg_query/include -O3 -DNDEBUG -O3 -DNDEBUG   -fPIC -fvisibility=hidden -fdiagnostics-color=always -w -std=c++11 -MD -MT third_party/libpg_query/CMakeFiles/duckdb_pg_query.dir/src_backend_parser_scan.cpp.o -MF third_party/libpg_query/CMakeFiles/duckdb_pg_query.dir/src_backend_parser_scan.cpp.o.d -o third_party/libpg_query/CMakeFiles/duckdb_pg_query.dir/src_backend_parser_scan.cpp.o -c /home/pei/Project/duckdb-polr/third_party/libpg_query/src_backend_parser_scan.cpp
[299/376] /usr/bin/ccache /usr/lib/ccache/c++ -DDUCKDB_BUILD_LIBRARY -DENABLE_CROSS_PRODUCT_REWRITE=0 -DENABLE_DEBUG_PRINT=0 -DENABLE_MEASURE_EXE_TIME=0 -DENABLE_MERGE_BACK_PLAN=0 -DENABLE_PARALLEL_EXECUTION=0 -DENABLE_QUERY_SPLIT=1 -DENABLE_SPECIFY_EST_STAT=0 -I/home/pei/Project/duckdb-polr/src/include -I/home/pei/Project/duckdb-polr/third_party/fsst -I/home/pei/Project/duckdb-polr/third_party/fmt/include -I/home/pei/Project/duckdb-polr/third_party/hyperloglog -I/home/pei/Project/duckdb-polr/third_party/fastpforlib -I/home/pei/Project/duckdb-polr/third_party/fast_float -I/home/pei/Project/duckdb-polr/third_party/re2 -I/home/pei/Project/duckdb-polr/third_party/miniz -I/home/pei/Project/duckdb-polr/third_party/utf8proc/include -I/home/pei/Project/duckdb-polr/third_party/miniparquet -I/home/pei/Project/duckdb-polr/third_party/concurrentqueue -I/home/pei/Project/duckdb-polr/third_party/pcg -I/home/pei/Project/duckdb-polr/third_party/tdigest -I/home/pei/Project/duckdb-polr/third_party/mbedtls/include -I/home/pei/Project/duckdb-polr/third_party/jaro_winkler -I/home/pei/Project/duckdb-polr/third_party/libpg_query/include -O3 -DNDEBUG -O3 -DNDEBUG   -fPIC -fvisibility=hidden -fdiagnostics-color=always -w -std=c++11 -MD -MT third_party/libpg_query/CMakeFiles/duckdb_pg_query.dir/src_common_keywords.cpp.o -MF third_party/libpg_query/CMakeFiles/duckdb_pg_query.dir/src_common_keywords.cpp.o.d -o third_party/libpg_query/CMakeFiles/duckdb_pg_query.dir/src_common_keywords.cpp.o -c /home/pei/Project/duckdb-polr/third_party/libpg_query/src_common_keywords.cpp
[300/376] : && /usr/bin/cmake -E rm -f third_party/libpg_query/libduckdb_pg_query.a && /usr/bin/ar qc third_party/libpg_query/libduckdb_pg_query.a  third_party/libpg_query/CMakeFiles/duckdb_pg_query.dir/postgres_parser.cpp.o third_party/libpg_query/CMakeFiles/duckdb_pg_query.dir/pg_functions.cpp.o third_party/libpg_query/CMakeFiles/duckdb_pg_query.dir/src_backend_parser_parser.cpp.o third_party/libpg_query/CMakeFiles/duckdb_pg_query.dir/src_backend_parser_gram.cpp.o third_party/libpg_query/CMakeFiles/duckdb_pg_query.dir/src_backend_nodes_list.cpp.o third_party/libpg_query/CMakeFiles/duckdb_pg_query.dir/src_backend_parser_scansup.cpp.o third_party/libpg_query/CMakeFiles/duckdb_pg_query.dir/src_backend_nodes_makefuncs.cpp.o third_party/libpg_query/CMakeFiles/duckdb_pg_query.dir/src_backend_nodes_value.cpp.o third_party/libpg_query/CMakeFiles/duckdb_pg_query.dir/src_backend_parser_scan.cpp.o third_party/libpg_query/CMakeFiles/duckdb_pg_query.dir/src_common_keywords.cpp.o && /usr/bin/ranlib third_party/libpg_query/libduckdb_pg_query.a && :
[301/376] /usr/bin/ccache /usr/lib/ccache/c++ -DDUCKDB_BUILD_LIBRARY -DENABLE_CROSS_PRODUCT_REWRITE=0 -DENABLE_DEBUG_PRINT=0 -DENABLE_MEASURE_EXE_TIME=0 -DENABLE_MERGE_BACK_PLAN=0 -DENABLE_PARALLEL_EXECUTION=0 -DENABLE_QUERY_SPLIT=1 -DENABLE_SPECIFY_EST_STAT=0 -I/home/pei/Project/duckdb-polr/src/include -I/home/pei/Project/duckdb-polr/third_party/fsst -I/home/pei/Project/duckdb-polr/third_party/fmt/include -I/home/pei/Project/duckdb-polr/third_party/hyperloglog -I/home/pei/Project/duckdb-polr/third_party/fastpforlib -I/home/pei/Project/duckdb-polr/third_party/fast_float -I/home/pei/Project/duckdb-polr/third_party/re2 -I/home/pei/Project/duckdb-polr/third_party/miniz -I/home/pei/Project/duckdb-polr/third_party/utf8proc/include -I/home/pei/Project/duckdb-polr/third_party/miniparquet -I/home/pei/Project/duckdb-polr/third_party/concurrentqueue -I/home/pei/Project/duckdb-polr/third_party/pcg -I/home/pei/Project/duckdb-polr/third_party/tdigest -I/home/pei/Project/duckdb-polr/third_party/mbedtls/include -I/home/pei/Project/duckdb-polr/third_party/jaro_winkler -O3 -DNDEBUG -O3 -DNDEBUG   -fPIC -fvisibility=hidden -fdiagnostics-color=always -std=c++11 -w -std=c++11 -MD -MT third_party/re2/CMakeFiles/duckdb_re2.dir/re2/bitstate.cc.o -MF third_party/re2/CMakeFiles/duckdb_re2.dir/re2/bitstate.cc.o.d -o third_party/re2/CMakeFiles/duckdb_re2.dir/re2/bitstate.cc.o -c /home/pei/Project/duckdb-polr/third_party/re2/re2/bitstate.cc
[302/376] /usr/bin/ccache /usr/lib/ccache/c++ -DDUCKDB_BUILD_LIBRARY -DENABLE_CROSS_PRODUCT_REWRITE=0 -DENABLE_DEBUG_PRINT=0 -DENABLE_MEASURE_EXE_TIME=0 -DENABLE_MERGE_BACK_PLAN=0 -DENABLE_PARALLEL_EXECUTION=0 -DENABLE_QUERY_SPLIT=1 -DENABLE_SPECIFY_EST_STAT=0 -I/home/pei/Project/duckdb-polr/src/include -I/home/pei/Project/duckdb-polr/third_party/fsst -I/home/pei/Project/duckdb-polr/third_party/fmt/include -I/home/pei/Project/duckdb-polr/third_party/hyperloglog -I/home/pei/Project/duckdb-polr/third_party/fastpforlib -I/home/pei/Project/duckdb-polr/third_party/fast_float -I/home/pei/Project/duckdb-polr/third_party/re2 -I/home/pei/Project/duckdb-polr/third_party/miniz -I/home/pei/Project/duckdb-polr/third_party/utf8proc/include -I/home/pei/Project/duckdb-polr/third_party/miniparquet -I/home/pei/Project/duckdb-polr/third_party/concurrentqueue -I/home/pei/Project/duckdb-polr/third_party/pcg -I/home/pei/Project/duckdb-polr/third_party/tdigest -I/home/pei/Project/duckdb-polr/third_party/mbedtls/include -I/home/pei/Project/duckdb-polr/third_party/jaro_winkler -O3 -DNDEBUG -O3 -DNDEBUG   -fPIC -fvisibility=hidden -fdiagnostics-color=always -std=c++11 -w -std=c++11 -MD -MT third_party/re2/CMakeFiles/duckdb_re2.dir/re2/compile.cc.o -MF third_party/re2/CMakeFiles/duckdb_re2.dir/re2/compile.cc.o.d -o third_party/re2/CMakeFiles/duckdb_re2.dir/re2/compile.cc.o -c /home/pei/Project/duckdb-polr/third_party/re2/re2/compile.cc
[303/376] /usr/bin/ccache /usr/lib/ccache/c++ -DDUCKDB_BUILD_LIBRARY -DENABLE_CROSS_PRODUCT_REWRITE=0 -DENABLE_DEBUG_PRINT=0 -DENABLE_MEASURE_EXE_TIME=0 -DENABLE_MERGE_BACK_PLAN=0 -DENABLE_PARALLEL_EXECUTION=0 -DENABLE_QUERY_SPLIT=1 -DENABLE_SPECIFY_EST_STAT=0 -I/home/pei/Project/duckdb-polr/src/include -I/home/pei/Project/duckdb-polr/third_party/fsst -I/home/pei/Project/duckdb-polr/third_party/fmt/include -I/home/pei/Project/duckdb-polr/third_party/hyperloglog -I/home/pei/Project/duckdb-polr/third_party/fastpforlib -I/home/pei/Project/duckdb-polr/third_party/fast_float -I/home/pei/Project/duckdb-polr/third_party/re2 -I/home/pei/Project/duckdb-polr/third_party/miniz -I/home/pei/Project/duckdb-polr/third_party/utf8proc/include -I/home/pei/Project/duckdb-polr/third_party/miniparquet -I/home/pei/Project/duckdb-polr/third_party/concurrentqueue -I/home/pei/Project/duckdb-polr/third_party/pcg -I/home/pei/Project/duckdb-polr/third_party/tdigest -I/home/pei/Project/duckdb-polr/third_party/mbedtls/include -I/home/pei/Project/duckdb-polr/third_party/jaro_winkler -O3 -DNDEBUG -O3 -DNDEBUG   -fPIC -fvisibility=hidden -fdiagnostics-color=always -std=c++11 -w -std=c++11 -MD -MT third_party/re2/CMakeFiles/duckdb_re2.dir/re2/filtered_re2.cc.o -MF third_party/re2/CMakeFiles/duckdb_re2.dir/re2/filtered_re2.cc.o.d -o third_party/re2/CMakeFiles/duckdb_re2.dir/re2/filtered_re2.cc.o -c /home/pei/Project/duckdb-polr/third_party/re2/re2/filtered_re2.cc
[304/376] /usr/bin/ccache /usr/lib/ccache/c++ -DDUCKDB_BUILD_LIBRARY -DENABLE_CROSS_PRODUCT_REWRITE=0 -DENABLE_DEBUG_PRINT=0 -DENABLE_MEASURE_EXE_TIME=0 -DENABLE_MERGE_BACK_PLAN=0 -DENABLE_PARALLEL_EXECUTION=0 -DENABLE_QUERY_SPLIT=1 -DENABLE_SPECIFY_EST_STAT=0 -I/home/pei/Project/duckdb-polr/src/include -I/home/pei/Project/duckdb-polr/third_party/fsst -I/home/pei/Project/duckdb-polr/third_party/fmt/include -I/home/pei/Project/duckdb-polr/third_party/hyperloglog -I/home/pei/Project/duckdb-polr/third_party/fastpforlib -I/home/pei/Project/duckdb-polr/third_party/fast_float -I/home/pei/Project/duckdb-polr/third_party/re2 -I/home/pei/Project/duckdb-polr/third_party/miniz -I/home/pei/Project/duckdb-polr/third_party/utf8proc/include -I/home/pei/Project/duckdb-polr/third_party/miniparquet -I/home/pei/Project/duckdb-polr/third_party/concurrentqueue -I/home/pei/Project/duckdb-polr/third_party/pcg -I/home/pei/Project/duckdb-polr/third_party/tdigest -I/home/pei/Project/duckdb-polr/third_party/mbedtls/include -I/home/pei/Project/duckdb-polr/third_party/jaro_winkler -O3 -DNDEBUG -O3 -DNDEBUG   -fPIC -fvisibility=hidden -fdiagnostics-color=always -std=c++11 -w -std=c++11 -MD -MT third_party/re2/CMakeFiles/duckdb_re2.dir/re2/dfa.cc.o -MF third_party/re2/CMakeFiles/duckdb_re2.dir/re2/dfa.cc.o.d -o third_party/re2/CMakeFiles/duckdb_re2.dir/re2/dfa.cc.o -c /home/pei/Project/duckdb-polr/third_party/re2/re2/dfa.cc
[305/376] /usr/bin/ccache /usr/lib/ccache/c++ -DDUCKDB_BUILD_LIBRARY -DENABLE_CROSS_PRODUCT_REWRITE=0 -DENABLE_DEBUG_PRINT=0 -DENABLE_MEASURE_EXE_TIME=0 -DENABLE_MERGE_BACK_PLAN=0 -DENABLE_PARALLEL_EXECUTION=0 -DENABLE_QUERY_SPLIT=1 -DENABLE_SPECIFY_EST_STAT=0 -I/home/pei/Project/duckdb-polr/src/include -I/home/pei/Project/duckdb-polr/third_party/fsst -I/home/pei/Project/duckdb-polr/third_party/fmt/include -I/home/pei/Project/duckdb-polr/third_party/hyperloglog -I/home/pei/Project/duckdb-polr/third_party/fastpforlib -I/home/pei/Project/duckdb-polr/third_party/fast_float -I/home/pei/Project/duckdb-polr/third_party/re2 -I/home/pei/Project/duckdb-polr/third_party/miniz -I/home/pei/Project/duckdb-polr/third_party/utf8proc/include -I/home/pei/Project/duckdb-polr/third_party/miniparquet -I/home/pei/Project/duckdb-polr/third_party/concurrentqueue -I/home/pei/Project/duckdb-polr/third_party/pcg -I/home/pei/Project/duckdb-polr/third_party/tdigest -I/home/pei/Project/duckdb-polr/third_party/mbedtls/include -I/home/pei/Project/duckdb-polr/third_party/jaro_winkler -O3 -DNDEBUG -O3 -DNDEBUG   -fPIC -fvisibility=hidden -fdiagnostics-color=always -std=c++11 -w -std=c++11 -MD -MT third_party/re2/CMakeFiles/duckdb_re2.dir/re2/mimics_pcre.cc.o -MF third_party/re2/CMakeFiles/duckdb_re2.dir/re2/mimics_pcre.cc.o.d -o third_party/re2/CMakeFiles/duckdb_re2.dir/re2/mimics_pcre.cc.o -c /home/pei/Project/duckdb-polr/third_party/re2/re2/mimics_pcre.cc
[306/376] /usr/bin/ccache /usr/lib/ccache/c++ -DDUCKDB_BUILD_LIBRARY -DENABLE_CROSS_PRODUCT_REWRITE=0 -DENABLE_DEBUG_PRINT=0 -DENABLE_MEASURE_EXE_TIME=0 -DENABLE_MERGE_BACK_PLAN=0 -DENABLE_PARALLEL_EXECUTION=0 -DENABLE_QUERY_SPLIT=1 -DENABLE_SPECIFY_EST_STAT=0 -I/home/pei/Project/duckdb-polr/src/include -I/home/pei/Project/duckdb-polr/third_party/fsst -I/home/pei/Project/duckdb-polr/third_party/fmt/include -I/home/pei/Project/duckdb-polr/third_party/hyperloglog -I/home/pei/Project/duckdb-polr/third_party/fastpforlib -I/home/pei/Project/duckdb-polr/third_party/fast_float -I/home/pei/Project/duckdb-polr/third_party/re2 -I/home/pei/Project/duckdb-polr/third_party/miniz -I/home/pei/Project/duckdb-polr/third_party/utf8proc/include -I/home/pei/Project/duckdb-polr/third_party/miniparquet -I/home/pei/Project/duckdb-polr/third_party/concurrentqueue -I/home/pei/Project/duckdb-polr/third_party/pcg -I/home/pei/Project/duckdb-polr/third_party/tdigest -I/home/pei/Project/duckdb-polr/third_party/mbedtls/include -I/home/pei/Project/duckdb-polr/third_party/jaro_winkler -O3 -DNDEBUG -O3 -DNDEBUG   -fPIC -fvisibility=hidden -fdiagnostics-color=always -std=c++11 -w -std=c++11 -MD -MT third_party/re2/CMakeFiles/duckdb_re2.dir/re2/nfa.cc.o -MF third_party/re2/CMakeFiles/duckdb_re2.dir/re2/nfa.cc.o.d -o third_party/re2/CMakeFiles/duckdb_re2.dir/re2/nfa.cc.o -c /home/pei/Project/duckdb-polr/third_party/re2/re2/nfa.cc
[307/376] /usr/bin/ccache /usr/lib/ccache/c++ -DDUCKDB_BUILD_LIBRARY -DENABLE_CROSS_PRODUCT_REWRITE=0 -DENABLE_DEBUG_PRINT=0 -DENABLE_MEASURE_EXE_TIME=0 -DENABLE_MERGE_BACK_PLAN=0 -DENABLE_PARALLEL_EXECUTION=0 -DENABLE_QUERY_SPLIT=1 -DENABLE_SPECIFY_EST_STAT=0 -I/home/pei/Project/duckdb-polr/src/include -I/home/pei/Project/duckdb-polr/third_party/fsst -I/home/pei/Project/duckdb-polr/third_party/fmt/include -I/home/pei/Project/duckdb-polr/third_party/hyperloglog -I/home/pei/Project/duckdb-polr/third_party/fastpforlib -I/home/pei/Project/duckdb-polr/third_party/fast_float -I/home/pei/Project/duckdb-polr/third_party/re2 -I/home/pei/Project/duckdb-polr/third_party/miniz -I/home/pei/Project/duckdb-polr/third_party/utf8proc/include -I/home/pei/Project/duckdb-polr/third_party/miniparquet -I/home/pei/Project/duckdb-polr/third_party/concurrentqueue -I/home/pei/Project/duckdb-polr/third_party/pcg -I/home/pei/Project/duckdb-polr/third_party/tdigest -I/home/pei/Project/duckdb-polr/third_party/mbedtls/include -I/home/pei/Project/duckdb-polr/third_party/jaro_winkler -O3 -DNDEBUG -O3 -DNDEBUG   -fPIC -fvisibility=hidden -fdiagnostics-color=always -std=c++11 -w -std=c++11 -MD -MT third_party/re2/CMakeFiles/duckdb_re2.dir/re2/onepass.cc.o -MF third_party/re2/CMakeFiles/duckdb_re2.dir/re2/onepass.cc.o.d -o third_party/re2/CMakeFiles/duckdb_re2.dir/re2/onepass.cc.o -c /home/pei/Project/duckdb-polr/third_party/re2/re2/onepass.cc
[308/376] /usr/bin/ccache /usr/lib/ccache/c++ -DDUCKDB_BUILD_LIBRARY -DENABLE_CROSS_PRODUCT_REWRITE=0 -DENABLE_DEBUG_PRINT=0 -DENABLE_MEASURE_EXE_TIME=0 -DENABLE_MERGE_BACK_PLAN=0 -DENABLE_PARALLEL_EXECUTION=0 -DENABLE_QUERY_SPLIT=1 -DENABLE_SPECIFY_EST_STAT=0 -I/home/pei/Project/duckdb-polr/src/include -I/home/pei/Project/duckdb-polr/third_party/fsst -I/home/pei/Project/duckdb-polr/third_party/fmt/include -I/home/pei/Project/duckdb-polr/third_party/hyperloglog -I/home/pei/Project/duckdb-polr/third_party/fastpforlib -I/home/pei/Project/duckdb-polr/third_party/fast_float -I/home/pei/Project/duckdb-polr/third_party/re2 -I/home/pei/Project/duckdb-polr/third_party/miniz -I/home/pei/Project/duckdb-polr/third_party/utf8proc/include -I/home/pei/Project/duckdb-polr/third_party/miniparquet -I/home/pei/Project/duckdb-polr/third_party/concurrentqueue -I/home/pei/Project/duckdb-polr/third_party/pcg -I/home/pei/Project/duckdb-polr/third_party/tdigest -I/home/pei/Project/duckdb-polr/third_party/mbedtls/include -I/home/pei/Project/duckdb-polr/third_party/jaro_winkler -O3 -DNDEBUG -O3 -DNDEBUG   -fPIC -fvisibility=hidden -fdiagnostics-color=always -std=c++11 -w -std=c++11 -MD -MT third_party/re2/CMakeFiles/duckdb_re2.dir/re2/perl_groups.cc.o -MF third_party/re2/CMakeFiles/duckdb_re2.dir/re2/perl_groups.cc.o.d -o third_party/re2/CMakeFiles/duckdb_re2.dir/re2/perl_groups.cc.o -c /home/pei/Project/duckdb-polr/third_party/re2/re2/perl_groups.cc
[309/376] /usr/bin/ccache /usr/lib/ccache/c++ -DDUCKDB_BUILD_LIBRARY -DENABLE_CROSS_PRODUCT_REWRITE=0 -DENABLE_DEBUG_PRINT=0 -DENABLE_MEASURE_EXE_TIME=0 -DENABLE_MERGE_BACK_PLAN=0 -DENABLE_PARALLEL_EXECUTION=0 -DENABLE_QUERY_SPLIT=1 -DENABLE_SPECIFY_EST_STAT=0 -I/home/pei/Project/duckdb-polr/src/include -I/home/pei/Project/duckdb-polr/third_party/fsst -I/home/pei/Project/duckdb-polr/third_party/fmt/include -I/home/pei/Project/duckdb-polr/third_party/hyperloglog -I/home/pei/Project/duckdb-polr/third_party/fastpforlib -I/home/pei/Project/duckdb-polr/third_party/fast_float -I/home/pei/Project/duckdb-polr/third_party/re2 -I/home/pei/Project/duckdb-polr/third_party/miniz -I/home/pei/Project/duckdb-polr/third_party/utf8proc/include -I/home/pei/Project/duckdb-polr/third_party/miniparquet -I/home/pei/Project/duckdb-polr/third_party/concurrentqueue -I/home/pei/Project/duckdb-polr/third_party/pcg -I/home/pei/Project/duckdb-polr/third_party/tdigest -I/home/pei/Project/duckdb-polr/third_party/mbedtls/include -I/home/pei/Project/duckdb-polr/third_party/jaro_winkler -O3 -DNDEBUG -O3 -DNDEBUG   -fPIC -fvisibility=hidden -fdiagnostics-color=always -std=c++11 -w -std=c++11 -MD -MT third_party/re2/CMakeFiles/duckdb_re2.dir/re2/parse.cc.o -MF third_party/re2/CMakeFiles/duckdb_re2.dir/re2/parse.cc.o.d -o third_party/re2/CMakeFiles/duckdb_re2.dir/re2/parse.cc.o -c /home/pei/Project/duckdb-polr/third_party/re2/re2/parse.cc
[310/376] /usr/bin/ccache /usr/lib/ccache/c++ -DDUCKDB_BUILD_LIBRARY -DENABLE_CROSS_PRODUCT_REWRITE=0 -DENABLE_DEBUG_PRINT=0 -DENABLE_MEASURE_EXE_TIME=0 -DENABLE_MERGE_BACK_PLAN=0 -DENABLE_PARALLEL_EXECUTION=0 -DENABLE_QUERY_SPLIT=1 -DENABLE_SPECIFY_EST_STAT=0 -I/home/pei/Project/duckdb-polr/src/include -I/home/pei/Project/duckdb-polr/third_party/fsst -I/home/pei/Project/duckdb-polr/third_party/fmt/include -I/home/pei/Project/duckdb-polr/third_party/hyperloglog -I/home/pei/Project/duckdb-polr/third_party/fastpforlib -I/home/pei/Project/duckdb-polr/third_party/fast_float -I/home/pei/Project/duckdb-polr/third_party/re2 -I/home/pei/Project/duckdb-polr/third_party/miniz -I/home/pei/Project/duckdb-polr/third_party/utf8proc/include -I/home/pei/Project/duckdb-polr/third_party/miniparquet -I/home/pei/Project/duckdb-polr/third_party/concurrentqueue -I/home/pei/Project/duckdb-polr/third_party/pcg -I/home/pei/Project/duckdb-polr/third_party/tdigest -I/home/pei/Project/duckdb-polr/third_party/mbedtls/include -I/home/pei/Project/duckdb-polr/third_party/jaro_winkler -O3 -DNDEBUG -O3 -DNDEBUG   -fPIC -fvisibility=hidden -fdiagnostics-color=always -std=c++11 -w -std=c++11 -MD -MT third_party/re2/CMakeFiles/duckdb_re2.dir/re2/prefilter.cc.o -MF third_party/re2/CMakeFiles/duckdb_re2.dir/re2/prefilter.cc.o.d -o third_party/re2/CMakeFiles/duckdb_re2.dir/re2/prefilter.cc.o -c /home/pei/Project/duckdb-polr/third_party/re2/re2/prefilter.cc
[311/376] /usr/bin/ccache /usr/lib/ccache/c++ -DDUCKDB_BUILD_LIBRARY -DENABLE_CROSS_PRODUCT_REWRITE=0 -DENABLE_DEBUG_PRINT=0 -DENABLE_MEASURE_EXE_TIME=0 -DENABLE_MERGE_BACK_PLAN=0 -DENABLE_PARALLEL_EXECUTION=0 -DENABLE_QUERY_SPLIT=1 -DENABLE_SPECIFY_EST_STAT=0 -I/home/pei/Project/duckdb-polr/src/include -I/home/pei/Project/duckdb-polr/third_party/fsst -I/home/pei/Project/duckdb-polr/third_party/fmt/include -I/home/pei/Project/duckdb-polr/third_party/hyperloglog -I/home/pei/Project/duckdb-polr/third_party/fastpforlib -I/home/pei/Project/duckdb-polr/third_party/fast_float -I/home/pei/Project/duckdb-polr/third_party/re2 -I/home/pei/Project/duckdb-polr/third_party/miniz -I/home/pei/Project/duckdb-polr/third_party/utf8proc/include -I/home/pei/Project/duckdb-polr/third_party/miniparquet -I/home/pei/Project/duckdb-polr/third_party/concurrentqueue -I/home/pei/Project/duckdb-polr/third_party/pcg -I/home/pei/Project/duckdb-polr/third_party/tdigest -I/home/pei/Project/duckdb-polr/third_party/mbedtls/include -I/home/pei/Project/duckdb-polr/third_party/jaro_winkler -O3 -DNDEBUG -O3 -DNDEBUG   -fPIC -fvisibility=hidden -fdiagnostics-color=always -std=c++11 -w -std=c++11 -MD -MT third_party/re2/CMakeFiles/duckdb_re2.dir/re2/prefilter_tree.cc.o -MF third_party/re2/CMakeFiles/duckdb_re2.dir/re2/prefilter_tree.cc.o.d -o third_party/re2/CMakeFiles/duckdb_re2.dir/re2/prefilter_tree.cc.o -c /home/pei/Project/duckdb-polr/third_party/re2/re2/prefilter_tree.cc
[312/376] /usr/bin/ccache /usr/lib/ccache/c++ -DDUCKDB_BUILD_LIBRARY -DENABLE_CROSS_PRODUCT_REWRITE=0 -DENABLE_DEBUG_PRINT=0 -DENABLE_MEASURE_EXE_TIME=0 -DENABLE_MERGE_BACK_PLAN=0 -DENABLE_PARALLEL_EXECUTION=0 -DENABLE_QUERY_SPLIT=1 -DENABLE_SPECIFY_EST_STAT=0 -I/home/pei/Project/duckdb-polr/src/include -I/home/pei/Project/duckdb-polr/third_party/fsst -I/home/pei/Project/duckdb-polr/third_party/fmt/include -I/home/pei/Project/duckdb-polr/third_party/hyperloglog -I/home/pei/Project/duckdb-polr/third_party/fastpforlib -I/home/pei/Project/duckdb-polr/third_party/fast_float -I/home/pei/Project/duckdb-polr/third_party/re2 -I/home/pei/Project/duckdb-polr/third_party/miniz -I/home/pei/Project/duckdb-polr/third_party/utf8proc/include -I/home/pei/Project/duckdb-polr/third_party/miniparquet -I/home/pei/Project/duckdb-polr/third_party/concurrentqueue -I/home/pei/Project/duckdb-polr/third_party/pcg -I/home/pei/Project/duckdb-polr/third_party/tdigest -I/home/pei/Project/duckdb-polr/third_party/mbedtls/include -I/home/pei/Project/duckdb-polr/third_party/jaro_winkler -O3 -DNDEBUG -O3 -DNDEBUG   -fPIC -fvisibility=hidden -fdiagnostics-color=always -std=c++11 -w -std=c++11 -MD -MT third_party/re2/CMakeFiles/duckdb_re2.dir/re2/prog.cc.o -MF third_party/re2/CMakeFiles/duckdb_re2.dir/re2/prog.cc.o.d -o third_party/re2/CMakeFiles/duckdb_re2.dir/re2/prog.cc.o -c /home/pei/Project/duckdb-polr/third_party/re2/re2/prog.cc
[313/376] /usr/bin/ccache /usr/lib/ccache/c++ -DDUCKDB_BUILD_LIBRARY -DENABLE_CROSS_PRODUCT_REWRITE=0 -DENABLE_DEBUG_PRINT=0 -DENABLE_MEASURE_EXE_TIME=0 -DENABLE_MERGE_BACK_PLAN=0 -DENABLE_PARALLEL_EXECUTION=0 -DENABLE_QUERY_SPLIT=1 -DENABLE_SPECIFY_EST_STAT=0 -I/home/pei/Project/duckdb-polr/src/include -I/home/pei/Project/duckdb-polr/third_party/fsst -I/home/pei/Project/duckdb-polr/third_party/fmt/include -I/home/pei/Project/duckdb-polr/third_party/hyperloglog -I/home/pei/Project/duckdb-polr/third_party/fastpforlib -I/home/pei/Project/duckdb-polr/third_party/fast_float -I/home/pei/Project/duckdb-polr/third_party/re2 -I/home/pei/Project/duckdb-polr/third_party/miniz -I/home/pei/Project/duckdb-polr/third_party/utf8proc/include -I/home/pei/Project/duckdb-polr/third_party/miniparquet -I/home/pei/Project/duckdb-polr/third_party/concurrentqueue -I/home/pei/Project/duckdb-polr/third_party/pcg -I/home/pei/Project/duckdb-polr/third_party/tdigest -I/home/pei/Project/duckdb-polr/third_party/mbedtls/include -I/home/pei/Project/duckdb-polr/third_party/jaro_winkler -O3 -DNDEBUG -O3 -DNDEBUG   -fPIC -fvisibility=hidden -fdiagnostics-color=always -std=c++11 -w -std=c++11 -MD -MT third_party/re2/CMakeFiles/duckdb_re2.dir/re2/re2.cc.o -MF third_party/re2/CMakeFiles/duckdb_re2.dir/re2/re2.cc.o.d -o third_party/re2/CMakeFiles/duckdb_re2.dir/re2/re2.cc.o -c /home/pei/Project/duckdb-polr/third_party/re2/re2/re2.cc
[314/376] /usr/bin/ccache /usr/lib/ccache/c++ -DDUCKDB_BUILD_LIBRARY -DENABLE_CROSS_PRODUCT_REWRITE=0 -DENABLE_DEBUG_PRINT=0 -DENABLE_MEASURE_EXE_TIME=0 -DENABLE_MERGE_BACK_PLAN=0 -DENABLE_PARALLEL_EXECUTION=0 -DENABLE_QUERY_SPLIT=1 -DENABLE_SPECIFY_EST_STAT=0 -I/home/pei/Project/duckdb-polr/src/include -I/home/pei/Project/duckdb-polr/third_party/fsst -I/home/pei/Project/duckdb-polr/third_party/fmt/include -I/home/pei/Project/duckdb-polr/third_party/hyperloglog -I/home/pei/Project/duckdb-polr/third_party/fastpforlib -I/home/pei/Project/duckdb-polr/third_party/fast_float -I/home/pei/Project/duckdb-polr/third_party/re2 -I/home/pei/Project/duckdb-polr/third_party/miniz -I/home/pei/Project/duckdb-polr/third_party/utf8proc/include -I/home/pei/Project/duckdb-polr/third_party/miniparquet -I/home/pei/Project/duckdb-polr/third_party/concurrentqueue -I/home/pei/Project/duckdb-polr/third_party/pcg -I/home/pei/Project/duckdb-polr/third_party/tdigest -I/home/pei/Project/duckdb-polr/third_party/mbedtls/include -I/home/pei/Project/duckdb-polr/third_party/jaro_winkler -I/home/pei/Project/duckdb-polr/test/../third_party/catch -I/home/pei/Project/duckdb-polr/test/../third_party/tpce-tool/include -I/home/pei/Project/duckdb-polr/test/../third_party/sqlite/include -I/home/pei/Project/duckdb-polr/test/include -O3 -DNDEBUG -O3 -DNDEBUG   -fPIC -fdiagnostics-color=always -std=c++11 -MD -MT test/ossfuzz/CMakeFiles/test_ossfuzz.dir/ub_test_ossfuzz.cpp.o -MF test/ossfuzz/CMakeFiles/test_ossfuzz.dir/ub_test_ossfuzz.cpp.o.d -o test/ossfuzz/CMakeFiles/test_ossfuzz.dir/ub_test_ossfuzz.cpp.o -c /home/pei/Project/duckdb-polr/build/release/test/ossfuzz/ub_test_ossfuzz.cpp
[315/376] /usr/bin/ccache /usr/lib/ccache/c++ -DDUCKDB_BUILD_LIBRARY -DENABLE_CROSS_PRODUCT_REWRITE=0 -DENABLE_DEBUG_PRINT=0 -DENABLE_MEASURE_EXE_TIME=0 -DENABLE_MERGE_BACK_PLAN=0 -DENABLE_PARALLEL_EXECUTION=0 -DENABLE_QUERY_SPLIT=1 -DENABLE_SPECIFY_EST_STAT=0 -I/home/pei/Project/duckdb-polr/src/include -I/home/pei/Project/duckdb-polr/third_party/fsst -I/home/pei/Project/duckdb-polr/third_party/fmt/include -I/home/pei/Project/duckdb-polr/third_party/hyperloglog -I/home/pei/Project/duckdb-polr/third_party/fastpforlib -I/home/pei/Project/duckdb-polr/third_party/fast_float -I/home/pei/Project/duckdb-polr/third_party/re2 -I/home/pei/Project/duckdb-polr/third_party/miniz -I/home/pei/Project/duckdb-polr/third_party/utf8proc/include -I/home/pei/Project/duckdb-polr/third_party/miniparquet -I/home/pei/Project/duckdb-polr/third_party/concurrentqueue -I/home/pei/Project/duckdb-polr/third_party/pcg -I/home/pei/Project/duckdb-polr/third_party/tdigest -I/home/pei/Project/duckdb-polr/third_party/mbedtls/include -I/home/pei/Project/duckdb-polr/third_party/jaro_winkler -O3 -DNDEBUG -O3 -DNDEBUG   -fPIC -fvisibility=hidden -fdiagnostics-color=always -std=c++11 -w -std=c++11 -MD -MT third_party/re2/CMakeFiles/duckdb_re2.dir/re2/regexp.cc.o -MF third_party/re2/CMakeFiles/duckdb_re2.dir/re2/regexp.cc.o.d -o third_party/re2/CMakeFiles/duckdb_re2.dir/re2/regexp.cc.o -c /home/pei/Project/duckdb-polr/third_party/re2/re2/regexp.cc
[316/376] /usr/bin/ccache /usr/lib/ccache/c++ -DDUCKDB_BUILD_LIBRARY -DENABLE_CROSS_PRODUCT_REWRITE=0 -DENABLE_DEBUG_PRINT=0 -DENABLE_MEASURE_EXE_TIME=0 -DENABLE_MERGE_BACK_PLAN=0 -DENABLE_PARALLEL_EXECUTION=0 -DENABLE_QUERY_SPLIT=1 -DENABLE_SPECIFY_EST_STAT=0 -I/home/pei/Project/duckdb-polr/src/include -I/home/pei/Project/duckdb-polr/third_party/fsst -I/home/pei/Project/duckdb-polr/third_party/fmt/include -I/home/pei/Project/duckdb-polr/third_party/hyperloglog -I/home/pei/Project/duckdb-polr/third_party/fastpforlib -I/home/pei/Project/duckdb-polr/third_party/fast_float -I/home/pei/Project/duckdb-polr/third_party/re2 -I/home/pei/Project/duckdb-polr/third_party/miniz -I/home/pei/Project/duckdb-polr/third_party/utf8proc/include -I/home/pei/Project/duckdb-polr/third_party/miniparquet -I/home/pei/Project/duckdb-polr/third_party/concurrentqueue -I/home/pei/Project/duckdb-polr/third_party/pcg -I/home/pei/Project/duckdb-polr/third_party/tdigest -I/home/pei/Project/duckdb-polr/third_party/mbedtls/include -I/home/pei/Project/duckdb-polr/third_party/jaro_winkler -O3 -DNDEBUG -O3 -DNDEBUG   -fPIC -fvisibility=hidden -fdiagnostics-color=always -std=c++11 -w -std=c++11 -MD -MT third_party/re2/CMakeFiles/duckdb_re2.dir/re2/set.cc.o -MF third_party/re2/CMakeFiles/duckdb_re2.dir/re2/set.cc.o.d -o third_party/re2/CMakeFiles/duckdb_re2.dir/re2/set.cc.o -c /home/pei/Project/duckdb-polr/third_party/re2/re2/set.cc
[317/376] /usr/bin/ccache /usr/lib/ccache/c++ -DDUCKDB_BUILD_LIBRARY -DENABLE_CROSS_PRODUCT_REWRITE=0 -DENABLE_DEBUG_PRINT=0 -DENABLE_MEASURE_EXE_TIME=0 -DENABLE_MERGE_BACK_PLAN=0 -DENABLE_PARALLEL_EXECUTION=0 -DENABLE_QUERY_SPLIT=1 -DENABLE_SPECIFY_EST_STAT=0 -I/home/pei/Project/duckdb-polr/src/include -I/home/pei/Project/duckdb-polr/third_party/fsst -I/home/pei/Project/duckdb-polr/third_party/fmt/include -I/home/pei/Project/duckdb-polr/third_party/hyperloglog -I/home/pei/Project/duckdb-polr/third_party/fastpforlib -I/home/pei/Project/duckdb-polr/third_party/fast_float -I/home/pei/Project/duckdb-polr/third_party/re2 -I/home/pei/Project/duckdb-polr/third_party/miniz -I/home/pei/Project/duckdb-polr/third_party/utf8proc/include -I/home/pei/Project/duckdb-polr/third_party/miniparquet -I/home/pei/Project/duckdb-polr/third_party/concurrentqueue -I/home/pei/Project/duckdb-polr/third_party/pcg -I/home/pei/Project/duckdb-polr/third_party/tdigest -I/home/pei/Project/duckdb-polr/third_party/mbedtls/include -I/home/pei/Project/duckdb-polr/third_party/jaro_winkler -O3 -DNDEBUG -O3 -DNDEBUG   -fPIC -fvisibility=hidden -fdiagnostics-color=always -std=c++11 -w -std=c++11 -MD -MT third_party/re2/CMakeFiles/duckdb_re2.dir/re2/unicode_casefold.cc.o -MF third_party/re2/CMakeFiles/duckdb_re2.dir/re2/unicode_casefold.cc.o.d -o third_party/re2/CMakeFiles/duckdb_re2.dir/re2/unicode_casefold.cc.o -c /home/pei/Project/duckdb-polr/third_party/re2/re2/unicode_casefold.cc
[318/376] /usr/bin/ccache /usr/lib/ccache/c++ -DDUCKDB_BUILD_LIBRARY -DENABLE_CROSS_PRODUCT_REWRITE=0 -DENABLE_DEBUG_PRINT=0 -DENABLE_MEASURE_EXE_TIME=0 -DENABLE_MERGE_BACK_PLAN=0 -DENABLE_PARALLEL_EXECUTION=0 -DENABLE_QUERY_SPLIT=1 -DENABLE_SPECIFY_EST_STAT=0 -I/home/pei/Project/duckdb-polr/src/include -I/home/pei/Project/duckdb-polr/third_party/fsst -I/home/pei/Project/duckdb-polr/third_party/fmt/include -I/home/pei/Project/duckdb-polr/third_party/hyperloglog -I/home/pei/Project/duckdb-polr/third_party/fastpforlib -I/home/pei/Project/duckdb-polr/third_party/fast_float -I/home/pei/Project/duckdb-polr/third_party/re2 -I/home/pei/Project/duckdb-polr/third_party/miniz -I/home/pei/Project/duckdb-polr/third_party/utf8proc/include -I/home/pei/Project/duckdb-polr/third_party/miniparquet -I/home/pei/Project/duckdb-polr/third_party/concurrentqueue -I/home/pei/Project/duckdb-polr/third_party/pcg -I/home/pei/Project/duckdb-polr/third_party/tdigest -I/home/pei/Project/duckdb-polr/third_party/mbedtls/include -I/home/pei/Project/duckdb-polr/third_party/jaro_winkler -O3 -DNDEBUG -O3 -DNDEBUG   -fPIC -fvisibility=hidden -fdiagnostics-color=always -std=c++11 -w -std=c++11 -MD -MT third_party/re2/CMakeFiles/duckdb_re2.dir/re2/stringpiece.cc.o -MF third_party/re2/CMakeFiles/duckdb_re2.dir/re2/stringpiece.cc.o.d -o third_party/re2/CMakeFiles/duckdb_re2.dir/re2/stringpiece.cc.o -c /home/pei/Project/duckdb-polr/third_party/re2/re2/stringpiece.cc
[319/376] /usr/bin/ccache /usr/lib/ccache/c++ -DDUCKDB_BUILD_LIBRARY -DENABLE_CROSS_PRODUCT_REWRITE=0 -DENABLE_DEBUG_PRINT=0 -DENABLE_MEASURE_EXE_TIME=0 -DENABLE_MERGE_BACK_PLAN=0 -DENABLE_PARALLEL_EXECUTION=0 -DENABLE_QUERY_SPLIT=1 -DENABLE_SPECIFY_EST_STAT=0 -I/home/pei/Project/duckdb-polr/src/include -I/home/pei/Project/duckdb-polr/third_party/fsst -I/home/pei/Project/duckdb-polr/third_party/fmt/include -I/home/pei/Project/duckdb-polr/third_party/hyperloglog -I/home/pei/Project/duckdb-polr/third_party/fastpforlib -I/home/pei/Project/duckdb-polr/third_party/fast_float -I/home/pei/Project/duckdb-polr/third_party/re2 -I/home/pei/Project/duckdb-polr/third_party/miniz -I/home/pei/Project/duckdb-polr/third_party/utf8proc/include -I/home/pei/Project/duckdb-polr/third_party/miniparquet -I/home/pei/Project/duckdb-polr/third_party/concurrentqueue -I/home/pei/Project/duckdb-polr/third_party/pcg -I/home/pei/Project/duckdb-polr/third_party/tdigest -I/home/pei/Project/duckdb-polr/third_party/mbedtls/include -I/home/pei/Project/duckdb-polr/third_party/jaro_winkler -O3 -DNDEBUG -O3 -DNDEBUG   -fPIC -fvisibility=hidden -fdiagnostics-color=always -std=c++11 -w -std=c++11 -MD -MT third_party/re2/CMakeFiles/duckdb_re2.dir/re2/unicode_groups.cc.o -MF third_party/re2/CMakeFiles/duckdb_re2.dir/re2/unicode_groups.cc.o.d -o third_party/re2/CMakeFiles/duckdb_re2.dir/re2/unicode_groups.cc.o -c /home/pei/Project/duckdb-polr/third_party/re2/re2/unicode_groups.cc
[320/376] /usr/bin/ccache /usr/lib/ccache/c++ -DDUCKDB_BUILD_LIBRARY -DENABLE_CROSS_PRODUCT_REWRITE=0 -DENABLE_DEBUG_PRINT=0 -DENABLE_MEASURE_EXE_TIME=0 -DENABLE_MERGE_BACK_PLAN=0 -DENABLE_PARALLEL_EXECUTION=0 -DENABLE_QUERY_SPLIT=1 -DENABLE_SPECIFY_EST_STAT=0 -I/home/pei/Project/duckdb-polr/src/include -I/home/pei/Project/duckdb-polr/third_party/fsst -I/home/pei/Project/duckdb-polr/third_party/fmt/include -I/home/pei/Project/duckdb-polr/third_party/hyperloglog -I/home/pei/Project/duckdb-polr/third_party/fastpforlib -I/home/pei/Project/duckdb-polr/third_party/fast_float -I/home/pei/Project/duckdb-polr/third_party/re2 -I/home/pei/Project/duckdb-polr/third_party/miniz -I/home/pei/Project/duckdb-polr/third_party/utf8proc/include -I/home/pei/Project/duckdb-polr/third_party/miniparquet -I/home/pei/Project/duckdb-polr/third_party/concurrentqueue -I/home/pei/Project/duckdb-polr/third_party/pcg -I/home/pei/Project/duckdb-polr/third_party/tdigest -I/home/pei/Project/duckdb-polr/third_party/mbedtls/include -I/home/pei/Project/duckdb-polr/third_party/jaro_winkler -O3 -DNDEBUG -O3 -DNDEBUG   -fPIC -fvisibility=hidden -fdiagnostics-color=always -std=c++11 -w -std=c++11 -MD -MT third_party/re2/CMakeFiles/duckdb_re2.dir/re2/simplify.cc.o -MF third_party/re2/CMakeFiles/duckdb_re2.dir/re2/simplify.cc.o.d -o third_party/re2/CMakeFiles/duckdb_re2.dir/re2/simplify.cc.o -c /home/pei/Project/duckdb-polr/third_party/re2/re2/simplify.cc
[321/376] /usr/bin/ccache /usr/lib/ccache/c++ -DDUCKDB_BUILD_LIBRARY -DENABLE_CROSS_PRODUCT_REWRITE=0 -DENABLE_DEBUG_PRINT=0 -DENABLE_MEASURE_EXE_TIME=0 -DENABLE_MERGE_BACK_PLAN=0 -DENABLE_PARALLEL_EXECUTION=0 -DENABLE_QUERY_SPLIT=1 -DENABLE_SPECIFY_EST_STAT=0 -I/home/pei/Project/duckdb-polr/src/include -I/home/pei/Project/duckdb-polr/third_party/fsst -I/home/pei/Project/duckdb-polr/third_party/fmt/include -I/home/pei/Project/duckdb-polr/third_party/hyperloglog -I/home/pei/Project/duckdb-polr/third_party/fastpforlib -I/home/pei/Project/duckdb-polr/third_party/fast_float -I/home/pei/Project/duckdb-polr/third_party/re2 -I/home/pei/Project/duckdb-polr/third_party/miniz -I/home/pei/Project/duckdb-polr/third_party/utf8proc/include -I/home/pei/Project/duckdb-polr/third_party/miniparquet -I/home/pei/Project/duckdb-polr/third_party/concurrentqueue -I/home/pei/Project/duckdb-polr/third_party/pcg -I/home/pei/Project/duckdb-polr/third_party/tdigest -I/home/pei/Project/duckdb-polr/third_party/mbedtls/include -I/home/pei/Project/duckdb-polr/third_party/jaro_winkler -O3 -DNDEBUG -O3 -DNDEBUG   -fPIC -fvisibility=hidden -fdiagnostics-color=always -std=c++11 -w -std=c++11 -MD -MT third_party/re2/CMakeFiles/duckdb_re2.dir/util/rune.cc.o -MF third_party/re2/CMakeFiles/duckdb_re2.dir/util/rune.cc.o.d -o third_party/re2/CMakeFiles/duckdb_re2.dir/util/rune.cc.o -c /home/pei/Project/duckdb-polr/third_party/re2/util/rune.cc
[322/376] /usr/bin/ccache /usr/lib/ccache/c++ -DDUCKDB_BUILD_LIBRARY -DENABLE_CROSS_PRODUCT_REWRITE=0 -DENABLE_DEBUG_PRINT=0 -DENABLE_MEASURE_EXE_TIME=0 -DENABLE_MERGE_BACK_PLAN=0 -DENABLE_PARALLEL_EXECUTION=0 -DENABLE_QUERY_SPLIT=1 -DENABLE_SPECIFY_EST_STAT=0 -I/home/pei/Project/duckdb-polr/src/include -I/home/pei/Project/duckdb-polr/third_party/fsst -I/home/pei/Project/duckdb-polr/third_party/fmt/include -I/home/pei/Project/duckdb-polr/third_party/hyperloglog -I/home/pei/Project/duckdb-polr/third_party/fastpforlib -I/home/pei/Project/duckdb-polr/third_party/fast_float -I/home/pei/Project/duckdb-polr/third_party/re2 -I/home/pei/Project/duckdb-polr/third_party/miniz -I/home/pei/Project/duckdb-polr/third_party/utf8proc/include -I/home/pei/Project/duckdb-polr/third_party/miniparquet -I/home/pei/Project/duckdb-polr/third_party/concurrentqueue -I/home/pei/Project/duckdb-polr/third_party/pcg -I/home/pei/Project/duckdb-polr/third_party/tdigest -I/home/pei/Project/duckdb-polr/third_party/mbedtls/include -I/home/pei/Project/duckdb-polr/third_party/jaro_winkler -O3 -DNDEBUG -O3 -DNDEBUG   -fPIC -fvisibility=hidden -fdiagnostics-color=always -std=c++11 -w -std=c++11 -MD -MT third_party/re2/CMakeFiles/duckdb_re2.dir/re2/tostring.cc.o -MF third_party/re2/CMakeFiles/duckdb_re2.dir/re2/tostring.cc.o.d -o third_party/re2/CMakeFiles/duckdb_re2.dir/re2/tostring.cc.o -c /home/pei/Project/duckdb-polr/third_party/re2/re2/tostring.cc
[323/376] /usr/bin/ccache /usr/lib/ccache/c++ -DDUCKDB_BUILD_LIBRARY -DENABLE_CROSS_PRODUCT_REWRITE=0 -DENABLE_DEBUG_PRINT=0 -DENABLE_MEASURE_EXE_TIME=0 -DENABLE_MERGE_BACK_PLAN=0 -DENABLE_PARALLEL_EXECUTION=0 -DENABLE_QUERY_SPLIT=1 -DENABLE_SPECIFY_EST_STAT=0 -I/home/pei/Project/duckdb-polr/src/include -I/home/pei/Project/duckdb-polr/third_party/fsst -I/home/pei/Project/duckdb-polr/third_party/fmt/include -I/home/pei/Project/duckdb-polr/third_party/hyperloglog -I/home/pei/Project/duckdb-polr/third_party/fastpforlib -I/home/pei/Project/duckdb-polr/third_party/fast_float -I/home/pei/Project/duckdb-polr/third_party/re2 -I/home/pei/Project/duckdb-polr/third_party/miniz -I/home/pei/Project/duckdb-polr/third_party/utf8proc/include -I/home/pei/Project/duckdb-polr/third_party/miniparquet -I/home/pei/Project/duckdb-polr/third_party/concurrentqueue -I/home/pei/Project/duckdb-polr/third_party/pcg -I/home/pei/Project/duckdb-polr/third_party/tdigest -I/home/pei/Project/duckdb-polr/third_party/mbedtls/include -I/home/pei/Project/duckdb-polr/third_party/jaro_winkler -O3 -DNDEBUG -O3 -DNDEBUG   -fPIC -fdiagnostics-color=always -w -std=c++11 -MD -MT third_party/miniz/CMakeFiles/duckdb_miniz.dir/miniz.cpp.o -MF third_party/miniz/CMakeFiles/duckdb_miniz.dir/miniz.cpp.o.d -o third_party/miniz/CMakeFiles/duckdb_miniz.dir/miniz.cpp.o -c /home/pei/Project/duckdb-polr/third_party/miniz/miniz.cpp
[324/376] /usr/bin/ccache /usr/lib/ccache/c++ -DDUCKDB_BUILD_LIBRARY -DENABLE_CROSS_PRODUCT_REWRITE=0 -DENABLE_DEBUG_PRINT=0 -DENABLE_MEASURE_EXE_TIME=0 -DENABLE_MERGE_BACK_PLAN=0 -DENABLE_PARALLEL_EXECUTION=0 -DENABLE_QUERY_SPLIT=1 -DENABLE_SPECIFY_EST_STAT=0 -I/home/pei/Project/duckdb-polr/src/include -I/home/pei/Project/duckdb-polr/third_party/fsst -I/home/pei/Project/duckdb-polr/third_party/fmt/include -I/home/pei/Project/duckdb-polr/third_party/hyperloglog -I/home/pei/Project/duckdb-polr/third_party/fastpforlib -I/home/pei/Project/duckdb-polr/third_party/fast_float -I/home/pei/Project/duckdb-polr/third_party/re2 -I/home/pei/Project/duckdb-polr/third_party/miniz -I/home/pei/Project/duckdb-polr/third_party/utf8proc/include -I/home/pei/Project/duckdb-polr/third_party/miniparquet -I/home/pei/Project/duckdb-polr/third_party/concurrentqueue -I/home/pei/Project/duckdb-polr/third_party/pcg -I/home/pei/Project/duckdb-polr/third_party/tdigest -I/home/pei/Project/duckdb-polr/third_party/mbedtls/include -I/home/pei/Project/duckdb-polr/third_party/jaro_winkler -O3 -DNDEBUG -O3 -DNDEBUG   -fPIC -fvisibility=hidden -fdiagnostics-color=always -std=c++11 -w -std=c++11 -MD -MT third_party/re2/CMakeFiles/duckdb_re2.dir/util/strutil.cc.o -MF third_party/re2/CMakeFiles/duckdb_re2.dir/util/strutil.cc.o.d -o third_party/re2/CMakeFiles/duckdb_re2.dir/util/strutil.cc.o -c /home/pei/Project/duckdb-polr/third_party/re2/util/strutil.cc
[325/376] : && /usr/bin/cmake -E rm -f third_party/miniz/libduckdb_miniz.a && /usr/bin/ar qc third_party/miniz/libduckdb_miniz.a  third_party/miniz/CMakeFiles/duckdb_miniz.dir/miniz.cpp.o && /usr/bin/ranlib third_party/miniz/libduckdb_miniz.a && :
[326/376] /usr/bin/ccache /usr/lib/ccache/c++ -DDUCKDB_BUILD_LIBRARY -DENABLE_CROSS_PRODUCT_REWRITE=0 -DENABLE_DEBUG_PRINT=0 -DENABLE_MEASURE_EXE_TIME=0 -DENABLE_MERGE_BACK_PLAN=0 -DENABLE_PARALLEL_EXECUTION=0 -DENABLE_QUERY_SPLIT=1 -DENABLE_SPECIFY_EST_STAT=0 -I/home/pei/Project/duckdb-polr/src/include -I/home/pei/Project/duckdb-polr/third_party/fsst -I/home/pei/Project/duckdb-polr/third_party/fmt/include -I/home/pei/Project/duckdb-polr/third_party/hyperloglog -I/home/pei/Project/duckdb-polr/third_party/fastpforlib -I/home/pei/Project/duckdb-polr/third_party/fast_float -I/home/pei/Project/duckdb-polr/third_party/re2 -I/home/pei/Project/duckdb-polr/third_party/miniz -I/home/pei/Project/duckdb-polr/third_party/utf8proc/include -I/home/pei/Project/duckdb-polr/third_party/miniparquet -I/home/pei/Project/duckdb-polr/third_party/concurrentqueue -I/home/pei/Project/duckdb-polr/third_party/pcg -I/home/pei/Project/duckdb-polr/third_party/tdigest -I/home/pei/Project/duckdb-polr/third_party/mbedtls/include -I/home/pei/Project/duckdb-polr/third_party/jaro_winkler -O3 -DNDEBUG -O3 -DNDEBUG   -fPIC -fdiagnostics-color=always -std=c++11 -MD -MT third_party/utf8proc/CMakeFiles/duckdb_utf8proc.dir/utf8proc_wrapper.cpp.o -MF third_party/utf8proc/CMakeFiles/duckdb_utf8proc.dir/utf8proc_wrapper.cpp.o.d -o third_party/utf8proc/CMakeFiles/duckdb_utf8proc.dir/utf8proc_wrapper.cpp.o -c /home/pei/Project/duckdb-polr/third_party/utf8proc/utf8proc_wrapper.cpp
[327/376] : && /usr/bin/cmake -E rm -f third_party/re2/libduckdb_re2.a && /usr/bin/ar qc third_party/re2/libduckdb_re2.a  third_party/re2/CMakeFiles/duckdb_re2.dir/re2/bitstate.cc.o third_party/re2/CMakeFiles/duckdb_re2.dir/re2/compile.cc.o third_party/re2/CMakeFiles/duckdb_re2.dir/re2/dfa.cc.o third_party/re2/CMakeFiles/duckdb_re2.dir/re2/filtered_re2.cc.o third_party/re2/CMakeFiles/duckdb_re2.dir/re2/mimics_pcre.cc.o third_party/re2/CMakeFiles/duckdb_re2.dir/re2/nfa.cc.o third_party/re2/CMakeFiles/duckdb_re2.dir/re2/onepass.cc.o third_party/re2/CMakeFiles/duckdb_re2.dir/re2/parse.cc.o third_party/re2/CMakeFiles/duckdb_re2.dir/re2/perl_groups.cc.o third_party/re2/CMakeFiles/duckdb_re2.dir/re2/prefilter.cc.o third_party/re2/CMakeFiles/duckdb_re2.dir/re2/prefilter_tree.cc.o third_party/re2/CMakeFiles/duckdb_re2.dir/re2/prog.cc.o third_party/re2/CMakeFiles/duckdb_re2.dir/re2/re2.cc.o third_party/re2/CMakeFiles/duckdb_re2.dir/re2/regexp.cc.o third_party/re2/CMakeFiles/duckdb_re2.dir/re2/set.cc.o third_party/re2/CMakeFiles/duckdb_re2.dir/re2/simplify.cc.o third_party/re2/CMakeFiles/duckdb_re2.dir/re2/stringpiece.cc.o third_party/re2/CMakeFiles/duckdb_re2.dir/re2/tostring.cc.o third_party/re2/CMakeFiles/duckdb_re2.dir/re2/unicode_casefold.cc.o third_party/re2/CMakeFiles/duckdb_re2.dir/re2/unicode_groups.cc.o third_party/re2/CMakeFiles/duckdb_re2.dir/util/rune.cc.o third_party/re2/CMakeFiles/duckdb_re2.dir/util/strutil.cc.o && /usr/bin/ranlib third_party/re2/libduckdb_re2.a && :
[328/376] /usr/bin/ccache /usr/lib/ccache/c++ -DDUCKDB_BUILD_LIBRARY -DENABLE_CROSS_PRODUCT_REWRITE=0 -DENABLE_DEBUG_PRINT=0 -DENABLE_MEASURE_EXE_TIME=0 -DENABLE_MERGE_BACK_PLAN=0 -DENABLE_PARALLEL_EXECUTION=0 -DENABLE_QUERY_SPLIT=1 -DENABLE_SPECIFY_EST_STAT=0 -I/home/pei/Project/duckdb-polr/src/include -I/home/pei/Project/duckdb-polr/third_party/fsst -I/home/pei/Project/duckdb-polr/third_party/fmt/include -I/home/pei/Project/duckdb-polr/third_party/hyperloglog -I/home/pei/Project/duckdb-polr/third_party/fastpforlib -I/home/pei/Project/duckdb-polr/third_party/fast_float -I/home/pei/Project/duckdb-polr/third_party/re2 -I/home/pei/Project/duckdb-polr/third_party/miniz -I/home/pei/Project/duckdb-polr/third_party/utf8proc/include -I/home/pei/Project/duckdb-polr/third_party/miniparquet -I/home/pei/Project/duckdb-polr/third_party/concurrentqueue -I/home/pei/Project/duckdb-polr/third_party/pcg -I/home/pei/Project/duckdb-polr/third_party/tdigest -I/home/pei/Project/duckdb-polr/third_party/mbedtls/include -I/home/pei/Project/duckdb-polr/third_party/jaro_winkler -O3 -DNDEBUG -O3 -DNDEBUG   -fPIC -fdiagnostics-color=always -w -std=c++11 -MD -MT third_party/hyperloglog/CMakeFiles/duckdb_hyperloglog.dir/sds.cpp.o -MF third_party/hyperloglog/CMakeFiles/duckdb_hyperloglog.dir/sds.cpp.o.d -o third_party/hyperloglog/CMakeFiles/duckdb_hyperloglog.dir/sds.cpp.o -c /home/pei/Project/duckdb-polr/third_party/hyperloglog/sds.cpp
[329/376] /usr/bin/ccache /usr/lib/ccache/c++ -DDUCKDB_BUILD_LIBRARY -DENABLE_CROSS_PRODUCT_REWRITE=0 -DENABLE_DEBUG_PRINT=0 -DENABLE_MEASURE_EXE_TIME=0 -DENABLE_MERGE_BACK_PLAN=0 -DENABLE_PARALLEL_EXECUTION=0 -DENABLE_QUERY_SPLIT=1 -DENABLE_SPECIFY_EST_STAT=0 -I/home/pei/Project/duckdb-polr/src/include -I/home/pei/Project/duckdb-polr/third_party/fsst -I/home/pei/Project/duckdb-polr/third_party/fmt/include -I/home/pei/Project/duckdb-polr/third_party/hyperloglog -I/home/pei/Project/duckdb-polr/third_party/fastpforlib -I/home/pei/Project/duckdb-polr/third_party/fast_float -I/home/pei/Project/duckdb-polr/third_party/re2 -I/home/pei/Project/duckdb-polr/third_party/miniz -I/home/pei/Project/duckdb-polr/third_party/utf8proc/include -I/home/pei/Project/duckdb-polr/third_party/miniparquet -I/home/pei/Project/duckdb-polr/third_party/concurrentqueue -I/home/pei/Project/duckdb-polr/third_party/pcg -I/home/pei/Project/duckdb-polr/third_party/tdigest -I/home/pei/Project/duckdb-polr/third_party/mbedtls/include -I/home/pei/Project/duckdb-polr/third_party/jaro_winkler -I/home/pei/Project/duckdb-polr/test/../third_party/catch -I/home/pei/Project/duckdb-polr/test/../third_party/tpce-tool/include -I/home/pei/Project/duckdb-polr/test/../third_party/sqlite/include -I/home/pei/Project/duckdb-polr/test/include -O3 -DNDEBUG -O3 -DNDEBUG   -fPIC -fdiagnostics-color=always -std=c++11 -MD -MT test/persistence/CMakeFiles/test_persistence.dir/ub_test_persistence.cpp.o -MF test/persistence/CMakeFiles/test_persistence.dir/ub_test_persistence.cpp.o.d -o test/persistence/CMakeFiles/test_persistence.dir/ub_test_persistence.cpp.o -c /home/pei/Project/duckdb-polr/build/release/test/persistence/ub_test_persistence.cpp
[330/376] /usr/bin/ccache /usr/lib/ccache/c++ -DDUCKDB_BUILD_LIBRARY -DENABLE_CROSS_PRODUCT_REWRITE=0 -DENABLE_DEBUG_PRINT=0 -DENABLE_MEASURE_EXE_TIME=0 -DENABLE_MERGE_BACK_PLAN=0 -DENABLE_PARALLEL_EXECUTION=0 -DENABLE_QUERY_SPLIT=1 -DENABLE_SPECIFY_EST_STAT=0 -I/home/pei/Project/duckdb-polr/src/include -I/home/pei/Project/duckdb-polr/third_party/fsst -I/home/pei/Project/duckdb-polr/third_party/fmt/include -I/home/pei/Project/duckdb-polr/third_party/hyperloglog -I/home/pei/Project/duckdb-polr/third_party/fastpforlib -I/home/pei/Project/duckdb-polr/third_party/fast_float -I/home/pei/Project/duckdb-polr/third_party/re2 -I/home/pei/Project/duckdb-polr/third_party/miniz -I/home/pei/Project/duckdb-polr/third_party/utf8proc/include -I/home/pei/Project/duckdb-polr/third_party/miniparquet -I/home/pei/Project/duckdb-polr/third_party/concurrentqueue -I/home/pei/Project/duckdb-polr/third_party/pcg -I/home/pei/Project/duckdb-polr/third_party/tdigest -I/home/pei/Project/duckdb-polr/third_party/mbedtls/include -I/home/pei/Project/duckdb-polr/third_party/jaro_winkler -O3 -DNDEBUG -O3 -DNDEBUG   -fPIC -fdiagnostics-color=always -w -std=c++11 -MD -MT third_party/fastpforlib/CMakeFiles/duckdb_fastpforlib.dir/bitpacking.cpp.o -MF third_party/fastpforlib/CMakeFiles/duckdb_fastpforlib.dir/bitpacking.cpp.o.d -o third_party/fastpforlib/CMakeFiles/duckdb_fastpforlib.dir/bitpacking.cpp.o -c /home/pei/Project/duckdb-polr/third_party/fastpforlib/bitpacking.cpp
[331/376] /usr/bin/ccache /usr/lib/ccache/c++ -DDUCKDB_BUILD_LIBRARY -DENABLE_CROSS_PRODUCT_REWRITE=0 -DENABLE_DEBUG_PRINT=0 -DENABLE_MEASURE_EXE_TIME=0 -DENABLE_MERGE_BACK_PLAN=0 -DENABLE_PARALLEL_EXECUTION=0 -DENABLE_QUERY_SPLIT=1 -DENABLE_SPECIFY_EST_STAT=0 -I/home/pei/Project/duckdb-polr/src/include -I/home/pei/Project/duckdb-polr/third_party/fsst -I/home/pei/Project/duckdb-polr/third_party/fmt/include -I/home/pei/Project/duckdb-polr/third_party/hyperloglog -I/home/pei/Project/duckdb-polr/third_party/fastpforlib -I/home/pei/Project/duckdb-polr/third_party/fast_float -I/home/pei/Project/duckdb-polr/third_party/re2 -I/home/pei/Project/duckdb-polr/third_party/miniz -I/home/pei/Project/duckdb-polr/third_party/utf8proc/include -I/home/pei/Project/duckdb-polr/third_party/miniparquet -I/home/pei/Project/duckdb-polr/third_party/concurrentqueue -I/home/pei/Project/duckdb-polr/third_party/pcg -I/home/pei/Project/duckdb-polr/third_party/tdigest -I/home/pei/Project/duckdb-polr/third_party/mbedtls/include -I/home/pei/Project/duckdb-polr/third_party/jaro_winkler -O3 -DNDEBUG -O3 -DNDEBUG   -fPIC -fdiagnostics-color=always -w -std=c++11 -MD -MT third_party/hyperloglog/CMakeFiles/duckdb_hyperloglog.dir/hyperloglog.cpp.o -MF third_party/hyperloglog/CMakeFiles/duckdb_hyperloglog.dir/hyperloglog.cpp.o.d -o third_party/hyperloglog/CMakeFiles/duckdb_hyperloglog.dir/hyperloglog.cpp.o -c /home/pei/Project/duckdb-polr/third_party/hyperloglog/hyperloglog.cpp
[332/376] /usr/bin/ccache /usr/lib/ccache/c++ -DDUCKDB_BUILD_LIBRARY -DENABLE_CROSS_PRODUCT_REWRITE=0 -DENABLE_DEBUG_PRINT=0 -DENABLE_MEASURE_EXE_TIME=0 -DENABLE_MERGE_BACK_PLAN=0 -DENABLE_PARALLEL_EXECUTION=0 -DENABLE_QUERY_SPLIT=1 -DENABLE_SPECIFY_EST_STAT=0 -I/home/pei/Project/duckdb-polr/src/include -I/home/pei/Project/duckdb-polr/third_party/fsst -I/home/pei/Project/duckdb-polr/third_party/fmt/include -I/home/pei/Project/duckdb-polr/third_party/hyperloglog -I/home/pei/Project/duckdb-polr/third_party/fastpforlib -I/home/pei/Project/duckdb-polr/third_party/fast_float -I/home/pei/Project/duckdb-polr/third_party/re2 -I/home/pei/Project/duckdb-polr/third_party/miniz -I/home/pei/Project/duckdb-polr/third_party/utf8proc/include -I/home/pei/Project/duckdb-polr/third_party/miniparquet -I/home/pei/Project/duckdb-polr/third_party/concurrentqueue -I/home/pei/Project/duckdb-polr/third_party/pcg -I/home/pei/Project/duckdb-polr/third_party/tdigest -I/home/pei/Project/duckdb-polr/third_party/mbedtls/include -I/home/pei/Project/duckdb-polr/third_party/jaro_winkler -O3 -DNDEBUG -O3 -DNDEBUG   -fPIC -fvisibility=hidden -fdiagnostics-color=always -std=c++11 -MD -MT third_party/mbedtls/CMakeFiles/duckdb_mbedtls.dir/library/sha256.cpp.o -MF third_party/mbedtls/CMakeFiles/duckdb_mbedtls.dir/library/sha256.cpp.o.d -o third_party/mbedtls/CMakeFiles/duckdb_mbedtls.dir/library/sha256.cpp.o -c /home/pei/Project/duckdb-polr/third_party/mbedtls/library/sha256.cpp
[333/376] /usr/bin/ccache /usr/lib/ccache/c++ -DDUCKDB_BUILD_LIBRARY -DENABLE_CROSS_PRODUCT_REWRITE=0 -DENABLE_DEBUG_PRINT=0 -DENABLE_MEASURE_EXE_TIME=0 -DENABLE_MERGE_BACK_PLAN=0 -DENABLE_PARALLEL_EXECUTION=0 -DENABLE_QUERY_SPLIT=1 -DENABLE_SPECIFY_EST_STAT=0 -I/home/pei/Project/duckdb-polr/src/include -I/home/pei/Project/duckdb-polr/third_party/fsst -I/home/pei/Project/duckdb-polr/third_party/fmt/include -I/home/pei/Project/duckdb-polr/third_party/hyperloglog -I/home/pei/Project/duckdb-polr/third_party/fastpforlib -I/home/pei/Project/duckdb-polr/third_party/fast_float -I/home/pei/Project/duckdb-polr/third_party/re2 -I/home/pei/Project/duckdb-polr/third_party/miniz -I/home/pei/Project/duckdb-polr/third_party/utf8proc/include -I/home/pei/Project/duckdb-polr/third_party/miniparquet -I/home/pei/Project/duckdb-polr/third_party/concurrentqueue -I/home/pei/Project/duckdb-polr/third_party/pcg -I/home/pei/Project/duckdb-polr/third_party/tdigest -I/home/pei/Project/duckdb-polr/third_party/mbedtls/include -I/home/pei/Project/duckdb-polr/third_party/jaro_winkler -O3 -DNDEBUG -O3 -DNDEBUG   -fPIC -fvisibility=hidden -fdiagnostics-color=always -std=c++11 -MD -MT third_party/mbedtls/CMakeFiles/duckdb_mbedtls.dir/mbedtls_wrapper.cpp.o -MF third_party/mbedtls/CMakeFiles/duckdb_mbedtls.dir/mbedtls_wrapper.cpp.o.d -o third_party/mbedtls/CMakeFiles/duckdb_mbedtls.dir/mbedtls_wrapper.cpp.o -c /home/pei/Project/duckdb-polr/third_party/mbedtls/mbedtls_wrapper.cpp
[334/376] : && /usr/bin/cmake -E rm -f third_party/hyperloglog/libduckdb_hyperloglog.a && /usr/bin/ar qc third_party/hyperloglog/libduckdb_hyperloglog.a  third_party/hyperloglog/CMakeFiles/duckdb_hyperloglog.dir/hyperloglog.cpp.o third_party/hyperloglog/CMakeFiles/duckdb_hyperloglog.dir/sds.cpp.o && /usr/bin/ranlib third_party/hyperloglog/libduckdb_hyperloglog.a && :
[335/376] : && /usr/bin/cmake -E rm -f third_party/fastpforlib/libduckdb_fastpforlib.a && /usr/bin/ar qc third_party/fastpforlib/libduckdb_fastpforlib.a  third_party/fastpforlib/CMakeFiles/duckdb_fastpforlib.dir/bitpacking.cpp.o && /usr/bin/ranlib third_party/fastpforlib/libduckdb_fastpforlib.a && :
[336/376] /usr/bin/ccache /usr/lib/ccache/c++ -DDUCKDB_BUILD_LIBRARY -DENABLE_CROSS_PRODUCT_REWRITE=0 -DENABLE_DEBUG_PRINT=0 -DENABLE_MEASURE_EXE_TIME=0 -DENABLE_MERGE_BACK_PLAN=0 -DENABLE_PARALLEL_EXECUTION=0 -DENABLE_QUERY_SPLIT=1 -DENABLE_SPECIFY_EST_STAT=0 -I/home/pei/Project/duckdb-polr/src/include -I/home/pei/Project/duckdb-polr/third_party/fsst -I/home/pei/Project/duckdb-polr/third_party/fmt/include -I/home/pei/Project/duckdb-polr/third_party/hyperloglog -I/home/pei/Project/duckdb-polr/third_party/fastpforlib -I/home/pei/Project/duckdb-polr/third_party/fast_float -I/home/pei/Project/duckdb-polr/third_party/re2 -I/home/pei/Project/duckdb-polr/third_party/miniz -I/home/pei/Project/duckdb-polr/third_party/utf8proc/include -I/home/pei/Project/duckdb-polr/third_party/miniparquet -I/home/pei/Project/duckdb-polr/third_party/concurrentqueue -I/home/pei/Project/duckdb-polr/third_party/pcg -I/home/pei/Project/duckdb-polr/third_party/tdigest -I/home/pei/Project/duckdb-polr/third_party/mbedtls/include -I/home/pei/Project/duckdb-polr/third_party/jaro_winkler -O3 -DNDEBUG -O3 -DNDEBUG   -fPIC -fvisibility=hidden -fdiagnostics-color=always -std=c++11 -MD -MT third_party/mbedtls/CMakeFiles/duckdb_mbedtls.dir/library/rsa_alt_helpers.cpp.o -MF third_party/mbedtls/CMakeFiles/duckdb_mbedtls.dir/library/rsa_alt_helpers.cpp.o.d -o third_party/mbedtls/CMakeFiles/duckdb_mbedtls.dir/library/rsa_alt_helpers.cpp.o -c /home/pei/Project/duckdb-polr/third_party/mbedtls/library/rsa_alt_helpers.cpp
[337/376] /usr/bin/ccache /usr/lib/ccache/c++ -DDUCKDB_BUILD_LIBRARY -DENABLE_CROSS_PRODUCT_REWRITE=0 -DENABLE_DEBUG_PRINT=0 -DENABLE_MEASURE_EXE_TIME=0 -DENABLE_MERGE_BACK_PLAN=0 -DENABLE_PARALLEL_EXECUTION=0 -DENABLE_QUERY_SPLIT=1 -DENABLE_SPECIFY_EST_STAT=0 -I/home/pei/Project/duckdb-polr/src/include -I/home/pei/Project/duckdb-polr/third_party/fsst -I/home/pei/Project/duckdb-polr/third_party/fmt/include -I/home/pei/Project/duckdb-polr/third_party/hyperloglog -I/home/pei/Project/duckdb-polr/third_party/fastpforlib -I/home/pei/Project/duckdb-polr/third_party/fast_float -I/home/pei/Project/duckdb-polr/third_party/re2 -I/home/pei/Project/duckdb-polr/third_party/miniz -I/home/pei/Project/duckdb-polr/third_party/utf8proc/include -I/home/pei/Project/duckdb-polr/third_party/miniparquet -I/home/pei/Project/duckdb-polr/third_party/concurrentqueue -I/home/pei/Project/duckdb-polr/third_party/pcg -I/home/pei/Project/duckdb-polr/third_party/tdigest -I/home/pei/Project/duckdb-polr/third_party/mbedtls/include -I/home/pei/Project/duckdb-polr/third_party/jaro_winkler -O3 -DNDEBUG -O3 -DNDEBUG   -fPIC -fvisibility=hidden -fdiagnostics-color=always -std=c++11 -MD -MT third_party/mbedtls/CMakeFiles/duckdb_mbedtls.dir/library/md.cpp.o -MF third_party/mbedtls/CMakeFiles/duckdb_mbedtls.dir/library/md.cpp.o.d -o third_party/mbedtls/CMakeFiles/duckdb_mbedtls.dir/library/md.cpp.o -c /home/pei/Project/duckdb-polr/third_party/mbedtls/library/md.cpp
[338/376] /usr/bin/ccache /usr/lib/ccache/c++ -DDUCKDB_BUILD_LIBRARY -DENABLE_CROSS_PRODUCT_REWRITE=0 -DENABLE_DEBUG_PRINT=0 -DENABLE_MEASURE_EXE_TIME=0 -DENABLE_MERGE_BACK_PLAN=0 -DENABLE_PARALLEL_EXECUTION=0 -DENABLE_QUERY_SPLIT=1 -DENABLE_SPECIFY_EST_STAT=0 -I/home/pei/Project/duckdb-polr/src/include -I/home/pei/Project/duckdb-polr/third_party/fsst -I/home/pei/Project/duckdb-polr/third_party/fmt/include -I/home/pei/Project/duckdb-polr/third_party/hyperloglog -I/home/pei/Project/duckdb-polr/third_party/fastpforlib -I/home/pei/Project/duckdb-polr/third_party/fast_float -I/home/pei/Project/duckdb-polr/third_party/re2 -I/home/pei/Project/duckdb-polr/third_party/miniz -I/home/pei/Project/duckdb-polr/third_party/utf8proc/include -I/home/pei/Project/duckdb-polr/third_party/miniparquet -I/home/pei/Project/duckdb-polr/third_party/concurrentqueue -I/home/pei/Project/duckdb-polr/third_party/pcg -I/home/pei/Project/duckdb-polr/third_party/tdigest -I/home/pei/Project/duckdb-polr/third_party/mbedtls/include -I/home/pei/Project/duckdb-polr/third_party/jaro_winkler -O3 -DNDEBUG -O3 -DNDEBUG   -fPIC -fvisibility=hidden -fdiagnostics-color=always -std=c++11 -MD -MT third_party/mbedtls/CMakeFiles/duckdb_mbedtls.dir/library/rsa.cpp.o -MF third_party/mbedtls/CMakeFiles/duckdb_mbedtls.dir/library/rsa.cpp.o.d -o third_party/mbedtls/CMakeFiles/duckdb_mbedtls.dir/library/rsa.cpp.o -c /home/pei/Project/duckdb-polr/third_party/mbedtls/library/rsa.cpp
[339/376] /usr/bin/ccache /usr/lib/ccache/c++ -DDUCKDB_BUILD_LIBRARY -DENABLE_CROSS_PRODUCT_REWRITE=0 -DENABLE_DEBUG_PRINT=0 -DENABLE_MEASURE_EXE_TIME=0 -DENABLE_MERGE_BACK_PLAN=0 -DENABLE_PARALLEL_EXECUTION=0 -DENABLE_QUERY_SPLIT=1 -DENABLE_SPECIFY_EST_STAT=0 -I/home/pei/Project/duckdb-polr/src/include -I/home/pei/Project/duckdb-polr/third_party/fsst -I/home/pei/Project/duckdb-polr/third_party/fmt/include -I/home/pei/Project/duckdb-polr/third_party/hyperloglog -I/home/pei/Project/duckdb-polr/third_party/fastpforlib -I/home/pei/Project/duckdb-polr/third_party/fast_float -I/home/pei/Project/duckdb-polr/third_party/re2 -I/home/pei/Project/duckdb-polr/third_party/miniz -I/home/pei/Project/duckdb-polr/third_party/utf8proc/include -I/home/pei/Project/duckdb-polr/third_party/miniparquet -I/home/pei/Project/duckdb-polr/third_party/concurrentqueue -I/home/pei/Project/duckdb-polr/third_party/pcg -I/home/pei/Project/duckdb-polr/third_party/tdigest -I/home/pei/Project/duckdb-polr/third_party/mbedtls/include -I/home/pei/Project/duckdb-polr/third_party/jaro_winkler -O3 -DNDEBUG -O3 -DNDEBUG   -fPIC -fvisibility=hidden -fdiagnostics-color=always -std=c++11 -MD -MT third_party/mbedtls/CMakeFiles/duckdb_mbedtls.dir/library/oid.cpp.o -MF third_party/mbedtls/CMakeFiles/duckdb_mbedtls.dir/library/oid.cpp.o.d -o third_party/mbedtls/CMakeFiles/duckdb_mbedtls.dir/library/oid.cpp.o -c /home/pei/Project/duckdb-polr/third_party/mbedtls/library/oid.cpp
[340/376] /usr/bin/ccache /usr/lib/ccache/c++ -DDUCKDB_BUILD_LIBRARY -DENABLE_CROSS_PRODUCT_REWRITE=0 -DENABLE_DEBUG_PRINT=0 -DENABLE_MEASURE_EXE_TIME=0 -DENABLE_MERGE_BACK_PLAN=0 -DENABLE_PARALLEL_EXECUTION=0 -DENABLE_QUERY_SPLIT=1 -DENABLE_SPECIFY_EST_STAT=0 -I/home/pei/Project/duckdb-polr/src/include -I/home/pei/Project/duckdb-polr/third_party/fsst -I/home/pei/Project/duckdb-polr/third_party/fmt/include -I/home/pei/Project/duckdb-polr/third_party/hyperloglog -I/home/pei/Project/duckdb-polr/third_party/fastpforlib -I/home/pei/Project/duckdb-polr/third_party/fast_float -I/home/pei/Project/duckdb-polr/third_party/re2 -I/home/pei/Project/duckdb-polr/third_party/miniz -I/home/pei/Project/duckdb-polr/third_party/utf8proc/include -I/home/pei/Project/duckdb-polr/third_party/miniparquet -I/home/pei/Project/duckdb-polr/third_party/concurrentqueue -I/home/pei/Project/duckdb-polr/third_party/pcg -I/home/pei/Project/duckdb-polr/third_party/tdigest -I/home/pei/Project/duckdb-polr/third_party/mbedtls/include -I/home/pei/Project/duckdb-polr/third_party/jaro_winkler -I/home/pei/Project/duckdb-polr/test/../third_party/catch -I/home/pei/Project/duckdb-polr/test/../third_party/tpce-tool/include -I/home/pei/Project/duckdb-polr/test/../third_party/sqlite/include -I/home/pei/Project/duckdb-polr/test/include -O3 -DNDEBUG -O3 -DNDEBUG   -fPIC -fdiagnostics-color=always -std=c++11 -MD -MT test/sql/index/CMakeFiles/test_index.dir/ub_test_index.cpp.o -MF test/sql/index/CMakeFiles/test_index.dir/ub_test_index.cpp.o.d -o test/sql/index/CMakeFiles/test_index.dir/ub_test_index.cpp.o -c /home/pei/Project/duckdb-polr/build/release/test/sql/index/ub_test_index.cpp
[341/376] /usr/bin/ccache /usr/lib/ccache/c++ -DDUCKDB_BUILD_LIBRARY -DENABLE_CROSS_PRODUCT_REWRITE=0 -DENABLE_DEBUG_PRINT=0 -DENABLE_MEASURE_EXE_TIME=0 -DENABLE_MERGE_BACK_PLAN=0 -DENABLE_PARALLEL_EXECUTION=0 -DENABLE_QUERY_SPLIT=1 -DENABLE_SPECIFY_EST_STAT=0 -I/home/pei/Project/duckdb-polr/src/include -I/home/pei/Project/duckdb-polr/third_party/fsst -I/home/pei/Project/duckdb-polr/third_party/fmt/include -I/home/pei/Project/duckdb-polr/third_party/hyperloglog -I/home/pei/Project/duckdb-polr/third_party/fastpforlib -I/home/pei/Project/duckdb-polr/third_party/fast_float -I/home/pei/Project/duckdb-polr/third_party/re2 -I/home/pei/Project/duckdb-polr/third_party/miniz -I/home/pei/Project/duckdb-polr/third_party/utf8proc/include -I/home/pei/Project/duckdb-polr/third_party/miniparquet -I/home/pei/Project/duckdb-polr/third_party/concurrentqueue -I/home/pei/Project/duckdb-polr/third_party/pcg -I/home/pei/Project/duckdb-polr/third_party/tdigest -I/home/pei/Project/duckdb-polr/third_party/mbedtls/include -I/home/pei/Project/duckdb-polr/third_party/jaro_winkler -O3 -DNDEBUG -O3 -DNDEBUG   -fPIC -fvisibility=hidden -fdiagnostics-color=always -std=c++11 -MD -MT third_party/mbedtls/CMakeFiles/duckdb_mbedtls.dir/library/bignum.cpp.o -MF third_party/mbedtls/CMakeFiles/duckdb_mbedtls.dir/library/bignum.cpp.o.d -o third_party/mbedtls/CMakeFiles/duckdb_mbedtls.dir/library/bignum.cpp.o -c /home/pei/Project/duckdb-polr/third_party/mbedtls/library/bignum.cpp
[342/376] /usr/bin/ccache /usr/lib/ccache/c++ -DDUCKDB_BUILD_LIBRARY -DENABLE_CROSS_PRODUCT_REWRITE=0 -DENABLE_DEBUG_PRINT=0 -DENABLE_MEASURE_EXE_TIME=0 -DENABLE_MERGE_BACK_PLAN=0 -DENABLE_PARALLEL_EXECUTION=0 -DENABLE_QUERY_SPLIT=1 -DENABLE_SPECIFY_EST_STAT=0 -I/home/pei/Project/duckdb-polr/src/include -I/home/pei/Project/duckdb-polr/third_party/fsst -I/home/pei/Project/duckdb-polr/third_party/fmt/include -I/home/pei/Project/duckdb-polr/third_party/hyperloglog -I/home/pei/Project/duckdb-polr/third_party/fastpforlib -I/home/pei/Project/duckdb-polr/third_party/fast_float -I/home/pei/Project/duckdb-polr/third_party/re2 -I/home/pei/Project/duckdb-polr/third_party/miniz -I/home/pei/Project/duckdb-polr/third_party/utf8proc/include -I/home/pei/Project/duckdb-polr/third_party/miniparquet -I/home/pei/Project/duckdb-polr/third_party/concurrentqueue -I/home/pei/Project/duckdb-polr/third_party/pcg -I/home/pei/Project/duckdb-polr/third_party/tdigest -I/home/pei/Project/duckdb-polr/third_party/mbedtls/include -I/home/pei/Project/duckdb-polr/third_party/jaro_winkler -O3 -DNDEBUG -O3 -DNDEBUG   -fPIC -fvisibility=hidden -fdiagnostics-color=always -std=c++11 -MD -MT third_party/mbedtls/CMakeFiles/duckdb_mbedtls.dir/library/constant_time.cpp.o -MF third_party/mbedtls/CMakeFiles/duckdb_mbedtls.dir/library/constant_time.cpp.o.d -o third_party/mbedtls/CMakeFiles/duckdb_mbedtls.dir/library/constant_time.cpp.o -c /home/pei/Project/duckdb-polr/third_party/mbedtls/library/constant_time.cpp
[343/376] /usr/bin/ccache /usr/lib/ccache/c++ -DDUCKDB_BUILD_LIBRARY -DENABLE_CROSS_PRODUCT_REWRITE=0 -DENABLE_DEBUG_PRINT=0 -DENABLE_MEASURE_EXE_TIME=0 -DENABLE_MERGE_BACK_PLAN=0 -DENABLE_PARALLEL_EXECUTION=0 -DENABLE_QUERY_SPLIT=1 -DENABLE_SPECIFY_EST_STAT=0 -I/home/pei/Project/duckdb-polr/src/include -I/home/pei/Project/duckdb-polr/third_party/fsst -I/home/pei/Project/duckdb-polr/third_party/fmt/include -I/home/pei/Project/duckdb-polr/third_party/hyperloglog -I/home/pei/Project/duckdb-polr/third_party/fastpforlib -I/home/pei/Project/duckdb-polr/third_party/fast_float -I/home/pei/Project/duckdb-polr/third_party/re2 -I/home/pei/Project/duckdb-polr/third_party/miniz -I/home/pei/Project/duckdb-polr/third_party/utf8proc/include -I/home/pei/Project/duckdb-polr/third_party/miniparquet -I/home/pei/Project/duckdb-polr/third_party/concurrentqueue -I/home/pei/Project/duckdb-polr/third_party/pcg -I/home/pei/Project/duckdb-polr/third_party/tdigest -I/home/pei/Project/duckdb-polr/third_party/mbedtls/include -I/home/pei/Project/duckdb-polr/third_party/jaro_winkler -O3 -DNDEBUG -O3 -DNDEBUG   -fPIC -fvisibility=hidden -fdiagnostics-color=always -std=c++11 -MD -MT third_party/mbedtls/CMakeFiles/duckdb_mbedtls.dir/library/base64.cpp.o -MF third_party/mbedtls/CMakeFiles/duckdb_mbedtls.dir/library/base64.cpp.o.d -o third_party/mbedtls/CMakeFiles/duckdb_mbedtls.dir/library/base64.cpp.o -c /home/pei/Project/duckdb-polr/third_party/mbedtls/library/base64.cpp
[344/376] /usr/bin/ccache /usr/lib/ccache/c++ -DDUCKDB_BUILD_LIBRARY -DENABLE_CROSS_PRODUCT_REWRITE=0 -DENABLE_DEBUG_PRINT=0 -DENABLE_MEASURE_EXE_TIME=0 -DENABLE_MERGE_BACK_PLAN=0 -DENABLE_PARALLEL_EXECUTION=0 -DENABLE_QUERY_SPLIT=1 -DENABLE_SPECIFY_EST_STAT=0 -I/home/pei/Project/duckdb-polr/src/include -I/home/pei/Project/duckdb-polr/third_party/fsst -I/home/pei/Project/duckdb-polr/third_party/fmt/include -I/home/pei/Project/duckdb-polr/third_party/hyperloglog -I/home/pei/Project/duckdb-polr/third_party/fastpforlib -I/home/pei/Project/duckdb-polr/third_party/fast_float -I/home/pei/Project/duckdb-polr/third_party/re2 -I/home/pei/Project/duckdb-polr/third_party/miniz -I/home/pei/Project/duckdb-polr/third_party/utf8proc/include -I/home/pei/Project/duckdb-polr/third_party/miniparquet -I/home/pei/Project/duckdb-polr/third_party/concurrentqueue -I/home/pei/Project/duckdb-polr/third_party/pcg -I/home/pei/Project/duckdb-polr/third_party/tdigest -I/home/pei/Project/duckdb-polr/third_party/mbedtls/include -I/home/pei/Project/duckdb-polr/third_party/jaro_winkler -O3 -DNDEBUG -O3 -DNDEBUG   -fPIC -fvisibility=hidden -fdiagnostics-color=always -std=c++11 -MD -MT third_party/mbedtls/CMakeFiles/duckdb_mbedtls.dir/library/platform_util.cpp.o -MF third_party/mbedtls/CMakeFiles/duckdb_mbedtls.dir/library/platform_util.cpp.o.d -o third_party/mbedtls/CMakeFiles/duckdb_mbedtls.dir/library/platform_util.cpp.o -c /home/pei/Project/duckdb-polr/third_party/mbedtls/library/platform_util.cpp
[345/376] /usr/bin/ccache /usr/lib/ccache/c++ -DDUCKDB_BUILD_LIBRARY -DENABLE_CROSS_PRODUCT_REWRITE=0 -DENABLE_DEBUG_PRINT=0 -DENABLE_MEASURE_EXE_TIME=0 -DENABLE_MERGE_BACK_PLAN=0 -DENABLE_PARALLEL_EXECUTION=0 -DENABLE_QUERY_SPLIT=1 -DENABLE_SPECIFY_EST_STAT=0 -I/home/pei/Project/duckdb-polr/src/include -I/home/pei/Project/duckdb-polr/third_party/fsst -I/home/pei/Project/duckdb-polr/third_party/fmt/include -I/home/pei/Project/duckdb-polr/third_party/hyperloglog -I/home/pei/Project/duckdb-polr/third_party/fastpforlib -I/home/pei/Project/duckdb-polr/third_party/fast_float -I/home/pei/Project/duckdb-polr/third_party/re2 -I/home/pei/Project/duckdb-polr/third_party/miniz -I/home/pei/Project/duckdb-polr/third_party/utf8proc/include -I/home/pei/Project/duckdb-polr/third_party/miniparquet -I/home/pei/Project/duckdb-polr/third_party/concurrentqueue -I/home/pei/Project/duckdb-polr/third_party/pcg -I/home/pei/Project/duckdb-polr/third_party/tdigest -I/home/pei/Project/duckdb-polr/third_party/mbedtls/include -I/home/pei/Project/duckdb-polr/third_party/jaro_winkler -O3 -DNDEBUG -O3 -DNDEBUG   -fPIC -fvisibility=hidden -fdiagnostics-color=always -std=c++11 -MD -MT third_party/mbedtls/CMakeFiles/duckdb_mbedtls.dir/library/pk.cpp.o -MF third_party/mbedtls/CMakeFiles/duckdb_mbedtls.dir/library/pk.cpp.o.d -o third_party/mbedtls/CMakeFiles/duckdb_mbedtls.dir/library/pk.cpp.o -c /home/pei/Project/duckdb-polr/third_party/mbedtls/library/pk.cpp
[346/376] /usr/bin/ccache /usr/lib/ccache/c++ -DDUCKDB_BUILD_LIBRARY -DENABLE_CROSS_PRODUCT_REWRITE=0 -DENABLE_DEBUG_PRINT=0 -DENABLE_MEASURE_EXE_TIME=0 -DENABLE_MERGE_BACK_PLAN=0 -DENABLE_PARALLEL_EXECUTION=0 -DENABLE_QUERY_SPLIT=1 -DENABLE_SPECIFY_EST_STAT=0 -I/home/pei/Project/duckdb-polr/src/include -I/home/pei/Project/duckdb-polr/third_party/fsst -I/home/pei/Project/duckdb-polr/third_party/fmt/include -I/home/pei/Project/duckdb-polr/third_party/hyperloglog -I/home/pei/Project/duckdb-polr/third_party/fastpforlib -I/home/pei/Project/duckdb-polr/third_party/fast_float -I/home/pei/Project/duckdb-polr/third_party/re2 -I/home/pei/Project/duckdb-polr/third_party/miniz -I/home/pei/Project/duckdb-polr/third_party/utf8proc/include -I/home/pei/Project/duckdb-polr/third_party/miniparquet -I/home/pei/Project/duckdb-polr/third_party/concurrentqueue -I/home/pei/Project/duckdb-polr/third_party/pcg -I/home/pei/Project/duckdb-polr/third_party/tdigest -I/home/pei/Project/duckdb-polr/third_party/mbedtls/include -I/home/pei/Project/duckdb-polr/third_party/jaro_winkler -O3 -DNDEBUG -O3 -DNDEBUG   -fPIC -fvisibility=hidden -fdiagnostics-color=always -std=c++11 -MD -MT third_party/mbedtls/CMakeFiles/duckdb_mbedtls.dir/library/pkparse.cpp.o -MF third_party/mbedtls/CMakeFiles/duckdb_mbedtls.dir/library/pkparse.cpp.o.d -o third_party/mbedtls/CMakeFiles/duckdb_mbedtls.dir/library/pkparse.cpp.o -c /home/pei/Project/duckdb-polr/third_party/mbedtls/library/pkparse.cpp
[347/376] /usr/bin/ccache /usr/lib/ccache/c++ -DDUCKDB_BUILD_LIBRARY -DENABLE_CROSS_PRODUCT_REWRITE=0 -DENABLE_DEBUG_PRINT=0 -DENABLE_MEASURE_EXE_TIME=0 -DENABLE_MERGE_BACK_PLAN=0 -DENABLE_PARALLEL_EXECUTION=0 -DENABLE_QUERY_SPLIT=1 -DENABLE_SPECIFY_EST_STAT=0 -I/home/pei/Project/duckdb-polr/src/include -I/home/pei/Project/duckdb-polr/third_party/fsst -I/home/pei/Project/duckdb-polr/third_party/fmt/include -I/home/pei/Project/duckdb-polr/third_party/hyperloglog -I/home/pei/Project/duckdb-polr/third_party/fastpforlib -I/home/pei/Project/duckdb-polr/third_party/fast_float -I/home/pei/Project/duckdb-polr/third_party/re2 -I/home/pei/Project/duckdb-polr/third_party/miniz -I/home/pei/Project/duckdb-polr/third_party/utf8proc/include -I/home/pei/Project/duckdb-polr/third_party/miniparquet -I/home/pei/Project/duckdb-polr/third_party/concurrentqueue -I/home/pei/Project/duckdb-polr/third_party/pcg -I/home/pei/Project/duckdb-polr/third_party/tdigest -I/home/pei/Project/duckdb-polr/third_party/mbedtls/include -I/home/pei/Project/duckdb-polr/third_party/jaro_winkler -O3 -DNDEBUG -O3 -DNDEBUG   -fPIC -fvisibility=hidden -fdiagnostics-color=always -std=c++11 -MD -MT third_party/mbedtls/CMakeFiles/duckdb_mbedtls.dir/library/asn1parse.cpp.o -MF third_party/mbedtls/CMakeFiles/duckdb_mbedtls.dir/library/asn1parse.cpp.o.d -o third_party/mbedtls/CMakeFiles/duckdb_mbedtls.dir/library/asn1parse.cpp.o -c /home/pei/Project/duckdb-polr/third_party/mbedtls/library/asn1parse.cpp
[348/376] /usr/bin/ccache /usr/lib/ccache/c++ -DDUCKDB_BUILD_LIBRARY -DENABLE_CROSS_PRODUCT_REWRITE=0 -DENABLE_DEBUG_PRINT=0 -DENABLE_MEASURE_EXE_TIME=0 -DENABLE_MERGE_BACK_PLAN=0 -DENABLE_PARALLEL_EXECUTION=0 -DENABLE_QUERY_SPLIT=1 -DENABLE_SPECIFY_EST_STAT=0 -I/home/pei/Project/duckdb-polr/src/include -I/home/pei/Project/duckdb-polr/third_party/fsst -I/home/pei/Project/duckdb-polr/third_party/fmt/include -I/home/pei/Project/duckdb-polr/third_party/hyperloglog -I/home/pei/Project/duckdb-polr/third_party/fastpforlib -I/home/pei/Project/duckdb-polr/third_party/fast_float -I/home/pei/Project/duckdb-polr/third_party/re2 -I/home/pei/Project/duckdb-polr/third_party/miniz -I/home/pei/Project/duckdb-polr/third_party/utf8proc/include -I/home/pei/Project/duckdb-polr/third_party/miniparquet -I/home/pei/Project/duckdb-polr/third_party/concurrentqueue -I/home/pei/Project/duckdb-polr/third_party/pcg -I/home/pei/Project/duckdb-polr/third_party/tdigest -I/home/pei/Project/duckdb-polr/third_party/mbedtls/include -I/home/pei/Project/duckdb-polr/third_party/jaro_winkler -O3 -DNDEBUG -O3 -DNDEBUG   -fPIC -fvisibility=hidden -fdiagnostics-color=always -std=c++11 -MD -MT third_party/mbedtls/CMakeFiles/duckdb_mbedtls.dir/library/pk_wrap.cpp.o -MF third_party/mbedtls/CMakeFiles/duckdb_mbedtls.dir/library/pk_wrap.cpp.o.d -o third_party/mbedtls/CMakeFiles/duckdb_mbedtls.dir/library/pk_wrap.cpp.o -c /home/pei/Project/duckdb-polr/third_party/mbedtls/library/pk_wrap.cpp
[349/376] /usr/bin/ccache /usr/lib/ccache/c++ -DDUCKDB_BUILD_LIBRARY -DENABLE_CROSS_PRODUCT_REWRITE=0 -DENABLE_DEBUG_PRINT=0 -DENABLE_MEASURE_EXE_TIME=0 -DENABLE_MERGE_BACK_PLAN=0 -DENABLE_PARALLEL_EXECUTION=0 -DENABLE_QUERY_SPLIT=1 -DENABLE_SPECIFY_EST_STAT=0 -I/home/pei/Project/duckdb-polr/src/include -I/home/pei/Project/duckdb-polr/third_party/fsst -I/home/pei/Project/duckdb-polr/third_party/fmt/include -I/home/pei/Project/duckdb-polr/third_party/hyperloglog -I/home/pei/Project/duckdb-polr/third_party/fastpforlib -I/home/pei/Project/duckdb-polr/third_party/fast_float -I/home/pei/Project/duckdb-polr/third_party/re2 -I/home/pei/Project/duckdb-polr/third_party/miniz -I/home/pei/Project/duckdb-polr/third_party/utf8proc/include -I/home/pei/Project/duckdb-polr/third_party/miniparquet -I/home/pei/Project/duckdb-polr/third_party/concurrentqueue -I/home/pei/Project/duckdb-polr/third_party/pcg -I/home/pei/Project/duckdb-polr/third_party/tdigest -I/home/pei/Project/duckdb-polr/third_party/mbedtls/include -I/home/pei/Project/duckdb-polr/third_party/jaro_winkler -O3 -DNDEBUG -O3 -DNDEBUG   -fPIC -fvisibility=hidden -fdiagnostics-color=always -std=c++11 -MD -MT third_party/mbedtls/CMakeFiles/duckdb_mbedtls.dir/library/pem.cpp.o -MF third_party/mbedtls/CMakeFiles/duckdb_mbedtls.dir/library/pem.cpp.o.d -o third_party/mbedtls/CMakeFiles/duckdb_mbedtls.dir/library/pem.cpp.o -c /home/pei/Project/duckdb-polr/third_party/mbedtls/library/pem.cpp
[350/376] : && /usr/bin/cmake -E rm -f third_party/mbedtls/libduckdb_mbedtls.a && /usr/bin/ar qc third_party/mbedtls/libduckdb_mbedtls.a  third_party/mbedtls/CMakeFiles/duckdb_mbedtls.dir/mbedtls_wrapper.cpp.o third_party/mbedtls/CMakeFiles/duckdb_mbedtls.dir/library/sha256.cpp.o third_party/mbedtls/CMakeFiles/duckdb_mbedtls.dir/library/rsa.cpp.o third_party/mbedtls/CMakeFiles/duckdb_mbedtls.dir/library/rsa_alt_helpers.cpp.o third_party/mbedtls/CMakeFiles/duckdb_mbedtls.dir/library/md.cpp.o third_party/mbedtls/CMakeFiles/duckdb_mbedtls.dir/library/bignum.cpp.o third_party/mbedtls/CMakeFiles/duckdb_mbedtls.dir/library/oid.cpp.o third_party/mbedtls/CMakeFiles/duckdb_mbedtls.dir/library/constant_time.cpp.o third_party/mbedtls/CMakeFiles/duckdb_mbedtls.dir/library/platform_util.cpp.o third_party/mbedtls/CMakeFiles/duckdb_mbedtls.dir/library/base64.cpp.o third_party/mbedtls/CMakeFiles/duckdb_mbedtls.dir/library/pkparse.cpp.o third_party/mbedtls/CMakeFiles/duckdb_mbedtls.dir/library/pk.cpp.o third_party/mbedtls/CMakeFiles/duckdb_mbedtls.dir/library/pk_wrap.cpp.o third_party/mbedtls/CMakeFiles/duckdb_mbedtls.dir/library/asn1parse.cpp.o third_party/mbedtls/CMakeFiles/duckdb_mbedtls.dir/library/pem.cpp.o && /usr/bin/ranlib third_party/mbedtls/libduckdb_mbedtls.a && :
[351/376] /usr/bin/ccache /usr/lib/ccache/c++ -DDUCKDB_BUILD_LIBRARY -DENABLE_CROSS_PRODUCT_REWRITE=0 -DENABLE_DEBUG_PRINT=0 -DENABLE_MEASURE_EXE_TIME=0 -DENABLE_MERGE_BACK_PLAN=0 -DENABLE_PARALLEL_EXECUTION=0 -DENABLE_QUERY_SPLIT=1 -DENABLE_SPECIFY_EST_STAT=0 -I/home/pei/Project/duckdb-polr/src/include -I/home/pei/Project/duckdb-polr/third_party/fsst -I/home/pei/Project/duckdb-polr/third_party/fmt/include -I/home/pei/Project/duckdb-polr/third_party/hyperloglog -I/home/pei/Project/duckdb-polr/third_party/fastpforlib -I/home/pei/Project/duckdb-polr/third_party/fast_float -I/home/pei/Project/duckdb-polr/third_party/re2 -I/home/pei/Project/duckdb-polr/third_party/miniz -I/home/pei/Project/duckdb-polr/third_party/utf8proc/include -I/home/pei/Project/duckdb-polr/third_party/miniparquet -I/home/pei/Project/duckdb-polr/third_party/concurrentqueue -I/home/pei/Project/duckdb-polr/third_party/pcg -I/home/pei/Project/duckdb-polr/third_party/tdigest -I/home/pei/Project/duckdb-polr/third_party/mbedtls/include -I/home/pei/Project/duckdb-polr/third_party/jaro_winkler -O3 -DNDEBUG -O3 -DNDEBUG   -fPIC -fdiagnostics-color=always -std=c++11 -MD -MT third_party/utf8proc/CMakeFiles/duckdb_utf8proc.dir/utf8proc.cpp.o -MF third_party/utf8proc/CMakeFiles/duckdb_utf8proc.dir/utf8proc.cpp.o.d -o third_party/utf8proc/CMakeFiles/duckdb_utf8proc.dir/utf8proc.cpp.o -c /home/pei/Project/duckdb-polr/third_party/utf8proc/utf8proc.cpp
[352/376] /usr/bin/ccache /usr/lib/ccache/c++ -DDUCKDB_BUILD_LIBRARY -DENABLE_CROSS_PRODUCT_REWRITE=0 -DENABLE_DEBUG_PRINT=0 -DENABLE_MEASURE_EXE_TIME=0 -DENABLE_MERGE_BACK_PLAN=0 -DENABLE_PARALLEL_EXECUTION=0 -DENABLE_QUERY_SPLIT=1 -DENABLE_SPECIFY_EST_STAT=0 -I/home/pei/Project/duckdb-polr/src/include -I/home/pei/Project/duckdb-polr/third_party/fsst -I/home/pei/Project/duckdb-polr/third_party/fmt/include -I/home/pei/Project/duckdb-polr/third_party/hyperloglog -I/home/pei/Project/duckdb-polr/third_party/fastpforlib -I/home/pei/Project/duckdb-polr/third_party/fast_float -I/home/pei/Project/duckdb-polr/third_party/re2 -I/home/pei/Project/duckdb-polr/third_party/miniz -I/home/pei/Project/duckdb-polr/third_party/utf8proc/include -I/home/pei/Project/duckdb-polr/third_party/miniparquet -I/home/pei/Project/duckdb-polr/third_party/concurrentqueue -I/home/pei/Project/duckdb-polr/third_party/pcg -I/home/pei/Project/duckdb-polr/third_party/tdigest -I/home/pei/Project/duckdb-polr/third_party/mbedtls/include -I/home/pei/Project/duckdb-polr/third_party/jaro_winkler -O3 -DNDEBUG -O3 -DNDEBUG   -fPIC -fvisibility=hidden -fdiagnostics-color=always -w -std=c++11 -MD -MT third_party/fsst/CMakeFiles/duckdb_fsst.dir/libfsst.cpp.o -MF third_party/fsst/CMakeFiles/duckdb_fsst.dir/libfsst.cpp.o.d -o third_party/fsst/CMakeFiles/duckdb_fsst.dir/libfsst.cpp.o -c /home/pei/Project/duckdb-polr/third_party/fsst/libfsst.cpp
[353/376] : && /usr/bin/cmake -E rm -f third_party/utf8proc/libduckdb_utf8proc.a && /usr/bin/ar qc third_party/utf8proc/libduckdb_utf8proc.a  third_party/utf8proc/CMakeFiles/duckdb_utf8proc.dir/utf8proc.cpp.o third_party/utf8proc/CMakeFiles/duckdb_utf8proc.dir/utf8proc_wrapper.cpp.o && /usr/bin/ranlib third_party/utf8proc/libduckdb_utf8proc.a && :
[354/376] /usr/bin/ccache /usr/lib/ccache/c++ -DDUCKDB_BUILD_LIBRARY -DENABLE_CROSS_PRODUCT_REWRITE=0 -DENABLE_DEBUG_PRINT=0 -DENABLE_MEASURE_EXE_TIME=0 -DENABLE_MERGE_BACK_PLAN=0 -DENABLE_PARALLEL_EXECUTION=0 -DENABLE_QUERY_SPLIT=1 -DENABLE_SPECIFY_EST_STAT=0 -I/home/pei/Project/duckdb-polr/src/include -I/home/pei/Project/duckdb-polr/third_party/fsst -I/home/pei/Project/duckdb-polr/third_party/fmt/include -I/home/pei/Project/duckdb-polr/third_party/hyperloglog -I/home/pei/Project/duckdb-polr/third_party/fastpforlib -I/home/pei/Project/duckdb-polr/third_party/fast_float -I/home/pei/Project/duckdb-polr/third_party/re2 -I/home/pei/Project/duckdb-polr/third_party/miniz -I/home/pei/Project/duckdb-polr/third_party/utf8proc/include -I/home/pei/Project/duckdb-polr/third_party/miniparquet -I/home/pei/Project/duckdb-polr/third_party/concurrentqueue -I/home/pei/Project/duckdb-polr/third_party/pcg -I/home/pei/Project/duckdb-polr/third_party/tdigest -I/home/pei/Project/duckdb-polr/third_party/mbedtls/include -I/home/pei/Project/duckdb-polr/third_party/jaro_winkler -O3 -DNDEBUG -O3 -DNDEBUG   -fPIC -fvisibility=hidden -fdiagnostics-color=always -w -std=c++11 -O1 -MD -MT third_party/fsst/CMakeFiles/duckdb_fsst.dir/fsst_avx512.cpp.o -MF third_party/fsst/CMakeFiles/duckdb_fsst.dir/fsst_avx512.cpp.o.d -o third_party/fsst/CMakeFiles/duckdb_fsst.dir/fsst_avx512.cpp.o -c /home/pei/Project/duckdb-polr/third_party/fsst/fsst_avx512.cpp
[355/376] : && /usr/bin/cmake -E rm -f third_party/fsst/libduckdb_fsst.a && /usr/bin/ar qc third_party/fsst/libduckdb_fsst.a  third_party/fsst/CMakeFiles/duckdb_fsst.dir/libfsst.cpp.o third_party/fsst/CMakeFiles/duckdb_fsst.dir/fsst_avx512.cpp.o && /usr/bin/ranlib third_party/fsst/libduckdb_fsst.a && :
[356/376] /usr/bin/ccache /usr/lib/ccache/cc -DDUCKDB_BUILD_LIBRARY -DENABLE_CROSS_PRODUCT_REWRITE=0 -DENABLE_DEBUG_PRINT=0 -DENABLE_MEASURE_EXE_TIME=0 -DENABLE_MERGE_BACK_PLAN=0 -DENABLE_PARALLEL_EXECUTION=0 -DENABLE_QUERY_SPLIT=1 -DENABLE_SPECIFY_EST_STAT=0 -I/home/pei/Project/duckdb-polr/src/include -I/home/pei/Project/duckdb-polr/third_party/fsst -I/home/pei/Project/duckdb-polr/third_party/fmt/include -I/home/pei/Project/duckdb-polr/third_party/hyperloglog -I/home/pei/Project/duckdb-polr/third_party/fastpforlib -I/home/pei/Project/duckdb-polr/third_party/fast_float -I/home/pei/Project/duckdb-polr/third_party/re2 -I/home/pei/Project/duckdb-polr/third_party/miniz -I/home/pei/Project/duckdb-polr/third_party/utf8proc/include -I/home/pei/Project/duckdb-polr/third_party/miniparquet -I/home/pei/Project/duckdb-polr/third_party/concurrentqueue -I/home/pei/Project/duckdb-polr/third_party/pcg -I/home/pei/Project/duckdb-polr/third_party/tdigest -I/home/pei/Project/duckdb-polr/third_party/mbedtls/include -I/home/pei/Project/duckdb-polr/third_party/jaro_winkler -I/home/pei/Project/duckdb-polr/third_party/sqlite/include -O3 -DNDEBUG -O3 -DNDEBUG   -fPIC -fvisibility=hidden -fdiagnostics-color=always -MD -MT third_party/sqlite/CMakeFiles/duckdb_sqlite3.dir/sqlite3.c.o -MF third_party/sqlite/CMakeFiles/duckdb_sqlite3.dir/sqlite3.c.o.d -o third_party/sqlite/CMakeFiles/duckdb_sqlite3.dir/sqlite3.c.o -c /home/pei/Project/duckdb-polr/third_party/sqlite/sqlite3.c
[357/376] : && /usr/bin/cmake -E rm -f third_party/sqlite/libduckdb_sqlite3.a && /usr/bin/ar qc third_party/sqlite/libduckdb_sqlite3.a  third_party/sqlite/CMakeFiles/duckdb_sqlite3.dir/sqlite3.c.o && /usr/bin/ranlib third_party/sqlite/libduckdb_sqlite3.a && :
[358/376] /usr/bin/ccache /usr/lib/ccache/c++ -DDUCKDB_BUILD_LIBRARY -DENABLE_CROSS_PRODUCT_REWRITE=0 -DENABLE_DEBUG_PRINT=0 -DENABLE_MEASURE_EXE_TIME=0 -DENABLE_MERGE_BACK_PLAN=0 -DENABLE_PARALLEL_EXECUTION=0 -DENABLE_QUERY_SPLIT=1 -DENABLE_SPECIFY_EST_STAT=0 -I/home/pei/Project/duckdb-polr/src/include -I/home/pei/Project/duckdb-polr/third_party/fsst -I/home/pei/Project/duckdb-polr/third_party/fmt/include -I/home/pei/Project/duckdb-polr/third_party/hyperloglog -I/home/pei/Project/duckdb-polr/third_party/fastpforlib -I/home/pei/Project/duckdb-polr/third_party/fast_float -I/home/pei/Project/duckdb-polr/third_party/re2 -I/home/pei/Project/duckdb-polr/third_party/miniz -I/home/pei/Project/duckdb-polr/third_party/utf8proc/include -I/home/pei/Project/duckdb-polr/third_party/miniparquet -I/home/pei/Project/duckdb-polr/third_party/concurrentqueue -I/home/pei/Project/duckdb-polr/third_party/pcg -I/home/pei/Project/duckdb-polr/third_party/tdigest -I/home/pei/Project/duckdb-polr/third_party/mbedtls/include -I/home/pei/Project/duckdb-polr/third_party/jaro_winkler -I/home/pei/Project/duckdb-polr/third_party/imdb/include -O3 -DNDEBUG -O3 -DNDEBUG   -fPIC -fdiagnostics-color=always -w -std=c++11 -MD -MT third_party/imdb/CMakeFiles/imdb.dir/imdb.cpp.o -MF third_party/imdb/CMakeFiles/imdb.dir/imdb.cpp.o.d -o third_party/imdb/CMakeFiles/imdb.dir/imdb.cpp.o -c /home/pei/Project/duckdb-polr/third_party/imdb/imdb.cpp
[359/376] : && /usr/bin/cmake -E rm -f third_party/imdb/libimdb.a && /usr/bin/ar qc third_party/imdb/libimdb.a  third_party/imdb/CMakeFiles/imdb.dir/imdb.cpp.o && /usr/bin/ranlib third_party/imdb/libimdb.a && :
[360/376] /usr/bin/ccache /usr/lib/ccache/c++ -DDUCKDB_BUILD_LIBRARY -DENABLE_CROSS_PRODUCT_REWRITE=0 -DENABLE_DEBUG_PRINT=0 -DENABLE_MEASURE_EXE_TIME=0 -DENABLE_MERGE_BACK_PLAN=0 -DENABLE_PARALLEL_EXECUTION=0 -DENABLE_QUERY_SPLIT=1 -DENABLE_SPECIFY_EST_STAT=0 -I/home/pei/Project/duckdb-polr/src/include -I/home/pei/Project/duckdb-polr/third_party/fsst -I/home/pei/Project/duckdb-polr/third_party/fmt/include -I/home/pei/Project/duckdb-polr/third_party/hyperloglog -I/home/pei/Project/duckdb-polr/third_party/fastpforlib -I/home/pei/Project/duckdb-polr/third_party/fast_float -I/home/pei/Project/duckdb-polr/third_party/re2 -I/home/pei/Project/duckdb-polr/third_party/miniz -I/home/pei/Project/duckdb-polr/third_party/utf8proc/include -I/home/pei/Project/duckdb-polr/third_party/miniparquet -I/home/pei/Project/duckdb-polr/third_party/concurrentqueue -I/home/pei/Project/duckdb-polr/third_party/pcg -I/home/pei/Project/duckdb-polr/third_party/tdigest -I/home/pei/Project/duckdb-polr/third_party/mbedtls/include -I/home/pei/Project/duckdb-polr/third_party/jaro_winkler -I/home/pei/Project/duckdb-polr/test/../third_party/catch -I/home/pei/Project/duckdb-polr/test/../third_party/tpce-tool/include -I/home/pei/Project/duckdb-polr/test/../third_party/sqlite/include -I/home/pei/Project/duckdb-polr/test/include -O3 -DNDEBUG -O3 -DNDEBUG   -fPIC -fdiagnostics-color=always -std=c++11 -MD -MT test/sql/storage/CMakeFiles/test_sql_storage.dir/ub_test_sql_storage.cpp.o -MF test/sql/storage/CMakeFiles/test_sql_storage.dir/ub_test_sql_storage.cpp.o.d -o test/sql/storage/CMakeFiles/test_sql_storage.dir/ub_test_sql_storage.cpp.o -c /home/pei/Project/duckdb-polr/build/release/test/sql/storage/ub_test_sql_storage.cpp
[361/376] /usr/bin/ccache /usr/lib/ccache/c++ -DDUCKDB_BUILD_LIBRARY -DENABLE_CROSS_PRODUCT_REWRITE=0 -DENABLE_DEBUG_PRINT=0 -DENABLE_MEASURE_EXE_TIME=0 -DENABLE_MERGE_BACK_PLAN=0 -DENABLE_PARALLEL_EXECUTION=0 -DENABLE_QUERY_SPLIT=1 -DENABLE_SPECIFY_EST_STAT=0 -I/home/pei/Project/duckdb-polr/src/include -I/home/pei/Project/duckdb-polr/third_party/fsst -I/home/pei/Project/duckdb-polr/third_party/fmt/include -I/home/pei/Project/duckdb-polr/third_party/hyperloglog -I/home/pei/Project/duckdb-polr/third_party/fastpforlib -I/home/pei/Project/duckdb-polr/third_party/fast_float -I/home/pei/Project/duckdb-polr/third_party/re2 -I/home/pei/Project/duckdb-polr/third_party/miniz -I/home/pei/Project/duckdb-polr/third_party/utf8proc/include -I/home/pei/Project/duckdb-polr/third_party/miniparquet -I/home/pei/Project/duckdb-polr/third_party/concurrentqueue -I/home/pei/Project/duckdb-polr/third_party/pcg -I/home/pei/Project/duckdb-polr/third_party/tdigest -I/home/pei/Project/duckdb-polr/third_party/mbedtls/include -I/home/pei/Project/duckdb-polr/third_party/jaro_winkler -I/home/pei/Project/duckdb-polr/test/../third_party/catch -I/home/pei/Project/duckdb-polr/test/../third_party/tpce-tool/include -I/home/pei/Project/duckdb-polr/test/../third_party/sqlite/include -I/home/pei/Project/duckdb-polr/test/include -O3 -DNDEBUG -O3 -DNDEBUG   -fPIC -fdiagnostics-color=always -std=c++11 -MD -MT test/sql/parallelism/interquery/CMakeFiles/test_sql_interquery_parallelism.dir/ub_test_sql_interquery_parallelism.cpp.o -MF test/sql/parallelism/interquery/CMakeFiles/test_sql_interquery_parallelism.dir/ub_test_sql_interquery_parallelism.cpp.o.d -o test/sql/parallelism/interquery/CMakeFiles/test_sql_interquery_parallelism.dir/ub_test_sql_interquery_parallelism.cpp.o -c /home/pei/Project/duckdb-polr/build/release/test/sql/parallelism/interquery/ub_test_sql_interquery_parallelism.cpp
[362/376] /usr/bin/ccache /usr/lib/ccache/c++ -DBUILD_JEMALLOC_EXTENSION=ON -DBUILD_PARQUET_EXTENSION=TRUE -DDUCKDB_BUILD_DIRECTORY=\"/home/pei/Project/duckdb-polr/build/release\" -DDUCKDB_BUILD_LIBRARY -DDUCKDB_ROOT_DIRECTORY=\"/home/pei/Project/duckdb-polr\" -DENABLE_CROSS_PRODUCT_REWRITE=0 -DENABLE_DEBUG_PRINT=0 -DENABLE_MEASURE_EXE_TIME=0 -DENABLE_MERGE_BACK_PLAN=0 -DENABLE_PARALLEL_EXECUTION=0 -DENABLE_QUERY_SPLIT=1 -DENABLE_SPECIFY_EST_STAT=0 -I/home/pei/Project/duckdb-polr/src/include -I/home/pei/Project/duckdb-polr/third_party/fsst -I/home/pei/Project/duckdb-polr/third_party/fmt/include -I/home/pei/Project/duckdb-polr/third_party/hyperloglog -I/home/pei/Project/duckdb-polr/third_party/fastpforlib -I/home/pei/Project/duckdb-polr/third_party/fast_float -I/home/pei/Project/duckdb-polr/third_party/re2 -I/home/pei/Project/duckdb-polr/third_party/miniz -I/home/pei/Project/duckdb-polr/third_party/utf8proc/include -I/home/pei/Project/duckdb-polr/third_party/miniparquet -I/home/pei/Project/duckdb-polr/third_party/concurrentqueue -I/home/pei/Project/duckdb-polr/third_party/pcg -I/home/pei/Project/duckdb-polr/third_party/tdigest -I/home/pei/Project/duckdb-polr/third_party/mbedtls/include -I/home/pei/Project/duckdb-polr/third_party/jaro_winkler -I/home/pei/Project/duckdb-polr/test/../third_party/catch -I/home/pei/Project/duckdb-polr/test/../third_party/tpce-tool/include -I/home/pei/Project/duckdb-polr/test/../third_party/sqlite/include -I/home/pei/Project/duckdb-polr/test/include -I/home/pei/Project/duckdb-polr/extension -I/home/pei/Project/duckdb-polr/extension/parquet/include -I/home/pei/Project/duckdb-polr/extension/jemalloc/include -O3 -DNDEBUG -O3 -DNDEBUG   -fPIC -fdiagnostics-color=always -std=c++11 -MD -MT test/sqlite/CMakeFiles/test_sqlite.dir/ub_test_sqlite.cpp.o -MF test/sqlite/CMakeFiles/test_sqlite.dir/ub_test_sqlite.cpp.o.d -o test/sqlite/CMakeFiles/test_sqlite.dir/ub_test_sqlite.cpp.o -c /home/pei/Project/duckdb-polr/build/release/test/sqlite/ub_test_sqlite.cpp
[363/376] /usr/bin/ccache /usr/lib/ccache/c++ -DDUCKDB_BUILD_LIBRARY -DENABLE_CROSS_PRODUCT_REWRITE=0 -DENABLE_DEBUG_PRINT=0 -DENABLE_MEASURE_EXE_TIME=0 -DENABLE_MERGE_BACK_PLAN=0 -DENABLE_PARALLEL_EXECUTION=0 -DENABLE_QUERY_SPLIT=1 -DENABLE_SPECIFY_EST_STAT=0 -I/home/pei/Project/duckdb-polr/src/include -I/home/pei/Project/duckdb-polr/third_party/fsst -I/home/pei/Project/duckdb-polr/third_party/fmt/include -I/home/pei/Project/duckdb-polr/third_party/hyperloglog -I/home/pei/Project/duckdb-polr/third_party/fastpforlib -I/home/pei/Project/duckdb-polr/third_party/fast_float -I/home/pei/Project/duckdb-polr/third_party/re2 -I/home/pei/Project/duckdb-polr/third_party/miniz -I/home/pei/Project/duckdb-polr/third_party/utf8proc/include -I/home/pei/Project/duckdb-polr/third_party/miniparquet -I/home/pei/Project/duckdb-polr/third_party/concurrentqueue -I/home/pei/Project/duckdb-polr/third_party/pcg -I/home/pei/Project/duckdb-polr/third_party/tdigest -I/home/pei/Project/duckdb-polr/third_party/mbedtls/include -I/home/pei/Project/duckdb-polr/third_party/jaro_winkler -I/home/pei/Project/duckdb-polr/test/../third_party/catch -I/home/pei/Project/duckdb-polr/test/../third_party/tpce-tool/include -I/home/pei/Project/duckdb-polr/test/../third_party/sqlite/include -I/home/pei/Project/duckdb-polr/test/include -O3 -DNDEBUG -O3 -DNDEBUG   -fPIC -fdiagnostics-color=always -std=c++11 -MD -MT test/api/capi/CMakeFiles/test_sql_capi.dir/ub_test_sql_capi.cpp.o -MF test/api/capi/CMakeFiles/test_sql_capi.dir/ub_test_sql_capi.cpp.o.d -o test/api/capi/CMakeFiles/test_sql_capi.dir/ub_test_sql_capi.cpp.o -c /home/pei/Project/duckdb-polr/build/release/test/api/capi/ub_test_sql_capi.cpp
[364/376] /usr/bin/ccache /usr/lib/ccache/c++ -DDUCKDB_BUILD_LIBRARY -DENABLE_CROSS_PRODUCT_REWRITE=0 -DENABLE_DEBUG_PRINT=0 -DENABLE_MEASURE_EXE_TIME=0 -DENABLE_MERGE_BACK_PLAN=0 -DENABLE_PARALLEL_EXECUTION=0 -DENABLE_QUERY_SPLIT=1 -DENABLE_SPECIFY_EST_STAT=0 -I/home/pei/Project/duckdb-polr/src/include -I/home/pei/Project/duckdb-polr/third_party/fsst -I/home/pei/Project/duckdb-polr/third_party/fmt/include -I/home/pei/Project/duckdb-polr/third_party/hyperloglog -I/home/pei/Project/duckdb-polr/third_party/fastpforlib -I/home/pei/Project/duckdb-polr/third_party/fast_float -I/home/pei/Project/duckdb-polr/third_party/re2 -I/home/pei/Project/duckdb-polr/third_party/miniz -I/home/pei/Project/duckdb-polr/third_party/utf8proc/include -I/home/pei/Project/duckdb-polr/third_party/miniparquet -I/home/pei/Project/duckdb-polr/third_party/concurrentqueue -I/home/pei/Project/duckdb-polr/third_party/pcg -I/home/pei/Project/duckdb-polr/third_party/tdigest -I/home/pei/Project/duckdb-polr/third_party/mbedtls/include -I/home/pei/Project/duckdb-polr/third_party/jaro_winkler -I/home/pei/Project/duckdb-polr/test/../third_party/catch -I/home/pei/Project/duckdb-polr/test/../third_party/tpce-tool/include -I/home/pei/Project/duckdb-polr/test/../third_party/sqlite/include -I/home/pei/Project/duckdb-polr/test/include -O3 -DNDEBUG -O3 -DNDEBUG   -fPIC -fdiagnostics-color=always -std=c++11 -MD -MT test/api/udf_function/CMakeFiles/test_api_udf_function.dir/ub_test_api_udf_function.cpp.o -MF test/api/udf_function/CMakeFiles/test_api_udf_function.dir/ub_test_api_udf_function.cpp.o.d -o test/api/udf_function/CMakeFiles/test_api_udf_function.dir/ub_test_api_udf_function.cpp.o -c /home/pei/Project/duckdb-polr/build/release/test/api/udf_function/ub_test_api_udf_function.cpp
[365/376] /usr/bin/ccache /usr/lib/ccache/c++ -DDUCKDB_BUILD_LIBRARY -DDUCKDB_ROOT_DIRECTORY=\"/home/pei/Project/duckdb-polr\" -DENABLE_CROSS_PRODUCT_REWRITE=0 -DENABLE_DEBUG_PRINT=0 -DENABLE_MEASURE_EXE_TIME=0 -DENABLE_MERGE_BACK_PLAN=0 -DENABLE_PARALLEL_EXECUTION=0 -DENABLE_QUERY_SPLIT=1 -DENABLE_SPECIFY_EST_STAT=0 -I/home/pei/Project/duckdb-polr/src/include -I/home/pei/Project/duckdb-polr/third_party/fsst -I/home/pei/Project/duckdb-polr/third_party/fmt/include -I/home/pei/Project/duckdb-polr/third_party/hyperloglog -I/home/pei/Project/duckdb-polr/third_party/fastpforlib -I/home/pei/Project/duckdb-polr/third_party/fast_float -I/home/pei/Project/duckdb-polr/third_party/re2 -I/home/pei/Project/duckdb-polr/third_party/miniz -I/home/pei/Project/duckdb-polr/third_party/utf8proc/include -I/home/pei/Project/duckdb-polr/third_party/miniparquet -I/home/pei/Project/duckdb-polr/third_party/concurrentqueue -I/home/pei/Project/duckdb-polr/third_party/pcg -I/home/pei/Project/duckdb-polr/third_party/tdigest -I/home/pei/Project/duckdb-polr/third_party/mbedtls/include -I/home/pei/Project/duckdb-polr/third_party/jaro_winkler -I/home/pei/Project/duckdb-polr/test/../third_party/catch -I/home/pei/Project/duckdb-polr/test/../third_party/tpce-tool/include -I/home/pei/Project/duckdb-polr/test/../third_party/sqlite/include -I/home/pei/Project/duckdb-polr/test/include -I/home/pei/Project/duckdb-polr/third_party/libpg_query/include -O3 -DNDEBUG -O3 -DNDEBUG   -fPIE -fdiagnostics-color=always -std=c++11 -MD -MT test/CMakeFiles/unittest.dir/unittest.cpp.o -MF test/CMakeFiles/unittest.dir/unittest.cpp.o.d -o test/CMakeFiles/unittest.dir/unittest.cpp.o -c /home/pei/Project/duckdb-polr/test/unittest.cpp
[366/376] /usr/bin/ccache /usr/lib/ccache/c++ -DDUCKDB -DDUCKDB_BUILD_LIBRARY -DDUCKDB_MAIN_LIBRARY -DENABLE_CROSS_PRODUCT_REWRITE=0 -DENABLE_DEBUG_PRINT=0 -DENABLE_MEASURE_EXE_TIME=0 -DENABLE_MERGE_BACK_PLAN=0 -DENABLE_PARALLEL_EXECUTION=0 -DENABLE_QUERY_SPLIT=1 -DENABLE_SPECIFY_EST_STAT=0 -I/home/pei/Project/duckdb-polr/src/include -I/home/pei/Project/duckdb-polr/third_party/fsst -I/home/pei/Project/duckdb-polr/third_party/fmt/include -I/home/pei/Project/duckdb-polr/third_party/hyperloglog -I/home/pei/Project/duckdb-polr/third_party/fastpforlib -I/home/pei/Project/duckdb-polr/third_party/fast_float -I/home/pei/Project/duckdb-polr/third_party/re2 -I/home/pei/Project/duckdb-polr/third_party/miniz -I/home/pei/Project/duckdb-polr/third_party/utf8proc/include -I/home/pei/Project/duckdb-polr/third_party/miniparquet -I/home/pei/Project/duckdb-polr/third_party/concurrentqueue -I/home/pei/Project/duckdb-polr/third_party/pcg -I/home/pei/Project/duckdb-polr/third_party/tdigest -I/home/pei/Project/duckdb-polr/third_party/mbedtls/include -I/home/pei/Project/duckdb-polr/third_party/jaro_winkler -O3 -DNDEBUG -O3 -DNDEBUG   -fPIC -fdiagnostics-color=always -std=c++11 -MD -MT src/execution/expression_executor/CMakeFiles/duckdb_expression_executor.dir/ub_duckdb_expression_executor.cpp.o -MF src/execution/expression_executor/CMakeFiles/duckdb_expression_executor.dir/ub_duckdb_expression_executor.cpp.o.d -o src/execution/expression_executor/CMakeFiles/duckdb_expression_executor.dir/ub_duckdb_expression_executor.cpp.o -c /home/pei/Project/duckdb-polr/build/release/src/execution/expression_executor/ub_duckdb_expression_executor.cpp
[367/376] : && /usr/bin/cmake -E rm -f src/libduckdb_static.a && /usr/bin/ar qc src/libduckdb_static.a  src/optimizer/matcher/CMakeFiles/duckdb_optimizer_matcher.dir/ub_duckdb_optimizer_matcher.cpp.o src/optimizer/join_order/CMakeFiles/duckdb_optimizer_join_order.dir/ub_duckdb_optimizer_join_order.cpp.o src/optimizer/pushdown/CMakeFiles/duckdb_optimizer_pushdown.dir/ub_duckdb_optimizer_pushdown.cpp.o src/optimizer/pullup/CMakeFiles/duckdb_optimizer_pullup.dir/ub_duckdb_optimizer_pullup.cpp.o src/optimizer/rule/CMakeFiles/duckdb_optimizer_rules.dir/ub_duckdb_optimizer_rules.cpp.o src/optimizer/statistics/expression/CMakeFiles/duckdb_optimizer_statistics_expr.dir/ub_duckdb_optimizer_statistics_expr.cpp.o src/optimizer/statistics/operator/CMakeFiles/duckdb_optimizer_statistics_op.dir/ub_duckdb_optimizer_statistics_op.cpp.o src/optimizer/query_split/CMakeFiles/duckdb_optimizer_query_split.dir/ub_duckdb_optimizer_query_split.cpp.o src/optimizer/CMakeFiles/duckdb_optimizer.dir/ub_duckdb_optimizer.cpp.o src/planner/expression/CMakeFiles/duckdb_planner_expression.dir/ub_duckdb_planner_expression.cpp.o src/planner/binder/expression/CMakeFiles/duckdb_bind_expression.dir/ub_duckdb_bind_expression.cpp.o src/planner/binder/query_node/CMakeFiles/duckdb_bind_query_node.dir/ub_duckdb_bind_query_node.cpp.o src/planner/binder/statement/CMakeFiles/duckdb_bind_statement.dir/ub_duckdb_bind_statement.cpp.o src/planner/binder/tableref/CMakeFiles/duckdb_bind_tableref.dir/ub_duckdb_bind_tableref.cpp.o src/planner/expression_binder/CMakeFiles/duckdb_expression_binders.dir/ub_duckdb_expression_binders.cpp.o src/planner/filter/CMakeFiles/duckdb_planner_filter.dir/ub_duckdb_planner_filter.cpp.o src/planner/parsed_data/CMakeFiles/duckdb_planner_parsed_data.dir/ub_duckdb_planner_parsed_data.cpp.o src/planner/operator/CMakeFiles/duckdb_planner_operator.dir/ub_duckdb_planner_operator.cpp.o src/planner/subquery/CMakeFiles/duckdb_planner_subquery.dir/ub_duckdb_planner_subquery.cpp.o src/planner/CMakeFiles/duckdb_planner.dir/ub_duckdb_planner.cpp.o src/parser/constraints/CMakeFiles/duckdb_constraints.dir/ub_duckdb_constraints.cpp.o src/parser/expression/CMakeFiles/duckdb_expression.dir/ub_duckdb_expression.cpp.o src/parser/parsed_data/CMakeFiles/duckdb_parsed_data.dir/ub_duckdb_parsed_data.cpp.o src/parser/query_node/CMakeFiles/duckdb_query_node.dir/ub_duckdb_query_node.cpp.o src/parser/statement/CMakeFiles/duckdb_statement.dir/ub_duckdb_statement.cpp.o src/parser/tableref/CMakeFiles/duckdb_parser_tableref.dir/ub_duckdb_parser_tableref.cpp.o src/parser/transform/constraint/CMakeFiles/duckdb_transformer_constraint.dir/ub_duckdb_transformer_constraint.cpp.o src/parser/transform/expression/CMakeFiles/duckdb_transformer_expression.dir/ub_duckdb_transformer_expression.cpp.o src/parser/transform/helpers/CMakeFiles/duckdb_transformer_helpers.dir/ub_duckdb_transformer_helpers.cpp.o src/parser/transform/statement/CMakeFiles/duckdb_transformer_statement.dir/ub_duckdb_transformer_statement.cpp.o src/parser/transform/tableref/CMakeFiles/duckdb_transformer_tableref.dir/ub_duckdb_transformer_tableref.cpp.o src/parser/CMakeFiles/duckdb_parser.dir/ub_duckdb_parser.cpp.o src/function/aggregate/algebraic/CMakeFiles/duckdb_aggr_algebraic.dir/ub_duckdb_aggr_algebraic.cpp.o src/function/aggregate/distributive/CMakeFiles/duckdb_aggr_distr.dir/ub_duckdb_aggr_distr.cpp.o src/function/aggregate/holistic/CMakeFiles/duckdb_aggr_holistic.dir/ub_duckdb_aggr_holistic.cpp.o src/function/aggregate/nested/CMakeFiles/duckdb_aggr_nested.dir/ub_duckdb_aggr_nested.cpp.o src/function/aggregate/regression/CMakeFiles/duckdb_aggr_regr.dir/ub_duckdb_aggr_regr.cpp.o src/function/aggregate/CMakeFiles/duckdb_func_aggr.dir/ub_duckdb_func_aggr.cpp.o src/function/cast/CMakeFiles/duckdb_func_cast.dir/ub_duckdb_func_cast.cpp.o src/function/pragma/CMakeFiles/duckdb_func_pragma.dir/ub_duckdb_func_pragma.cpp.o src/function/scalar/blob/CMakeFiles/duckdb_func_blob.dir/ub_duckdb_func_blob.cpp.o src/function/scalar/date/CMakeFiles/duckdb_func_date.dir/ub_duckdb_func_date.cpp.o src/function/scalar/generic/CMakeFiles/duckdb_func_generic.dir/ub_duckdb_func_generic.cpp.o src/function/scalar/list/CMakeFiles/duckdb_func_list.dir/ub_duckdb_func_list.cpp.o src/function/scalar/map/CMakeFiles/duckdb_func_map_nested.dir/ub_duckdb_func_map_nested.cpp.o src/function/scalar/math/CMakeFiles/duckdb_func_math.dir/ub_duckdb_func_math.cpp.o src/function/scalar/operators/CMakeFiles/duckdb_func_ops.dir/ub_duckdb_func_ops.cpp.o src/function/scalar/sequence/CMakeFiles/duckdb_func_seq.dir/ub_duckdb_func_seq.cpp.o src/function/scalar/string/CMakeFiles/duckdb_func_string.dir/ub_duckdb_func_string.cpp.o src/function/scalar/struct/CMakeFiles/duckdb_func_struct.dir/ub_duckdb_func_struct.cpp.o src/function/scalar/system/CMakeFiles/duckdb_func_system.dir/ub_duckdb_func_system.cpp.o src/function/scalar/union/CMakeFiles/duckdb_func_union.dir/ub_duckdb_func_union.cpp.o src/function/scalar/enum/CMakeFiles/duckdb_func_enum.dir/ub_duckdb_func_enum.cpp.o src/function/scalar/CMakeFiles/duckdb_func_scalar.dir/ub_duckdb_func_scalar.cpp.o src/function/table/system/CMakeFiles/duckdb_table_func_system.dir/ub_duckdb_table_func_system.cpp.o src/function/table/version/CMakeFiles/duckdb_func_table_version.dir/ub_duckdb_func_table_version.cpp.o src/function/table/CMakeFiles/duckdb_func_table.dir/ub_duckdb_func_table.cpp.o src/function/CMakeFiles/duckdb_function.dir/ub_duckdb_function.cpp.o src/catalog/catalog_entry/CMakeFiles/duckdb_catalog_entries.dir/ub_duckdb_catalog_entries.cpp.o src/catalog/default/CMakeFiles/duckdb_catalog_default_entries.dir/ub_duckdb_catalog_default_entries.cpp.o src/catalog/CMakeFiles/duckdb_catalog.dir/ub_duckdb_catalog.cpp.o src/common/arrow/CMakeFiles/duckdb_common_arrow.dir/ub_duckdb_common_arrow.cpp.o src/common/crypto/CMakeFiles/duckdb_common_crypto.dir/ub_duckdb_common_crypto.cpp.o src/common/enums/CMakeFiles/duckdb_common_enums.dir/ub_duckdb_common_enums.cpp.o src/common/operator/CMakeFiles/duckdb_common_operators.dir/ub_duckdb_common_operators.cpp.o src/common/progress_bar/CMakeFiles/duckdb_progress_bar.dir/ub_duckdb_progress_bar.cpp.o src/common/row_operations/CMakeFiles/duckdb_row_operations.dir/ub_duckdb_row_operations.cpp.o src/common/serializer/CMakeFiles/duckdb_common_serializer.dir/ub_duckdb_common_serializer.cpp.o src/common/sort/CMakeFiles/duckdb_sort.dir/ub_duckdb_sort.cpp.o src/common/types/CMakeFiles/duckdb_common_types.dir/ub_duckdb_common_types.cpp.o src/common/value_operations/CMakeFiles/duckdb_value_operations.dir/ub_duckdb_value_operations.cpp.o src/common/vector_operations/CMakeFiles/duckdb_vector_operations.dir/boolean_operators.cpp.o src/common/vector_operations/CMakeFiles/duckdb_vector_operations.dir/vector_cast.cpp.o src/common/vector_operations/CMakeFiles/duckdb_vector_operations.dir/comparison_operators.cpp.o src/common/vector_operations/CMakeFiles/duckdb_vector_operations.dir/vector_copy.cpp.o src/common/vector_operations/CMakeFiles/duckdb_vector_operations.dir/generators.cpp.o src/common/vector_operations/CMakeFiles/duckdb_vector_operations.dir/vector_hash.cpp.o src/common/vector_operations/CMakeFiles/duckdb_vector_operations.dir/vector_storage.cpp.o src/common/vector_operations/CMakeFiles/duckdb_vector_operations.dir/null_operations.cpp.o src/common/vector_operations/CMakeFiles/duckdb_vector_operations.dir/numeric_inplace_operators.cpp.o src/common/vector_operations/CMakeFiles/duckdb_vector_operations.dir/is_distinct_from.cpp.o src/common/CMakeFiles/duckdb_common.dir/ub_duckdb_common.cpp.o src/execution/expression_executor/CMakeFiles/duckdb_expression_executor.dir/ub_duckdb_expression_executor.cpp.o src/execution/nested_loop_join/CMakeFiles/duckdb_nested_loop_join.dir/ub_duckdb_nested_loop_join.cpp.o src/execution/operator/aggregate/CMakeFiles/duckdb_operator_aggregate.dir/ub_duckdb_operator_aggregate.cpp.o src/execution/operator/filter/CMakeFiles/duckdb_operator_filter.dir/ub_duckdb_operator_filter.cpp.o src/execution/operator/helper/CMakeFiles/duckdb_operator_helper.dir/ub_duckdb_operator_helper.cpp.o src/execution/operator/join/CMakeFiles/duckdb_operator_join.dir/ub_duckdb_operator_join.cpp.o src/execution/operator/order/CMakeFiles/duckdb_operator_order.dir/ub_duckdb_operator_order.cpp.o src/execution/operator/persistent/CMakeFiles/duckdb_operator_persistent.dir/ub_duckdb_operator_persistent.cpp.o src/execution/operator/projection/CMakeFiles/duckdb_operator_projection.dir/ub_duckdb_operator_projection.cpp.o src/execution/operator/scan/CMakeFiles/duckdb_operator_scan.dir/ub_duckdb_operator_scan.cpp.o src/execution/operator/schema/CMakeFiles/duckdb_operator_schema.dir/ub_duckdb_operator_schema.cpp.o src/execution/operator/set/CMakeFiles/duckdb_operator_set.dir/ub_duckdb_operator_set.cpp.o src/execution/physical_plan/CMakeFiles/duckdb_physical_plan.dir/ub_duckdb_physical_plan.cpp.o src/execution/index/art/CMakeFiles/duckdb_art_index_execution.dir/ub_duckdb_art_index_execution.cpp.o src/execution/CMakeFiles/duckdb_execution.dir/ub_duckdb_execution.cpp.o src/main/capi/cast/CMakeFiles/duckdb_main_capi_cast.dir/ub_duckdb_main_capi_cast.cpp.o src/main/capi/CMakeFiles/duckdb_main_capi.dir/ub_duckdb_main_capi.cpp.o src/main/extension/CMakeFiles/duckdb_main_extension.dir/ub_duckdb_main_extension.cpp.o src/main/relation/CMakeFiles/duckdb_main_relation.dir/ub_duckdb_main_relation.cpp.o src/main/settings/CMakeFiles/duckdb_main_settings.dir/ub_duckdb_main_settings.cpp.o src/main/CMakeFiles/duckdb_main.dir/ub_duckdb_main.cpp.o src/parallel/CMakeFiles/duckdb_parallel.dir/ub_duckdb_parallel.cpp.o src/storage/buffer/CMakeFiles/duckdb_storage_buffer.dir/ub_duckdb_storage_buffer.cpp.o src/storage/checkpoint/CMakeFiles/duckdb_storage_checkpoint.dir/ub_duckdb_storage_checkpoint.cpp.o src/storage/compression/chimp/CMakeFiles/duckdb_storage_compression_chimp.dir/ub_duckdb_storage_compression_chimp.cpp.o src/storage/compression/CMakeFiles/duckdb_storage_compression.dir/ub_duckdb_storage_compression.cpp.o src/storage/statistics/CMakeFiles/duckdb_storage_statistics.dir/ub_duckdb_storage_statistics.cpp.o src/storage/table/CMakeFiles/duckdb_storage_table.dir/ub_duckdb_storage_table.cpp.o src/storage/CMakeFiles/duckdb_storage.dir/ub_duckdb_storage.cpp.o src/transaction/CMakeFiles/duckdb_transaction.dir/ub_duckdb_transaction.cpp.o src/verification/CMakeFiles/duckdb_verification.dir/copied_statement_verifier.cpp.o src/verification/CMakeFiles/duckdb_verification.dir/external_statement_verifier.cpp.o src/verification/CMakeFiles/duckdb_verification.dir/prepared_statement_verifier.cpp.o src/verification/CMakeFiles/duckdb_verification.dir/deserialized_statement_verifier.cpp.o src/verification/CMakeFiles/duckdb_verification.dir/statement_verifier.cpp.o src/verification/CMakeFiles/duckdb_verification.dir/parsed_statement_verifier.cpp.o src/verification/CMakeFiles/duckdb_verification.dir/unoptimized_statement_verifier.cpp.o && /usr/bin/ranlib src/libduckdb_static.a && :
[368/376] : && /usr/lib/ccache/c++ -fPIC -O3 -DNDEBUG -O3 -DNDEBUG   -shared -Wl,-soname,libduckdb.so -o src/libduckdb.so src/optimizer/matcher/CMakeFiles/duckdb_optimizer_matcher.dir/ub_duckdb_optimizer_matcher.cpp.o src/optimizer/join_order/CMakeFiles/duckdb_optimizer_join_order.dir/ub_duckdb_optimizer_join_order.cpp.o src/optimizer/pushdown/CMakeFiles/duckdb_optimizer_pushdown.dir/ub_duckdb_optimizer_pushdown.cpp.o src/optimizer/pullup/CMakeFiles/duckdb_optimizer_pullup.dir/ub_duckdb_optimizer_pullup.cpp.o src/optimizer/rule/CMakeFiles/duckdb_optimizer_rules.dir/ub_duckdb_optimizer_rules.cpp.o src/optimizer/statistics/expression/CMakeFiles/duckdb_optimizer_statistics_expr.dir/ub_duckdb_optimizer_statistics_expr.cpp.o src/optimizer/statistics/operator/CMakeFiles/duckdb_optimizer_statistics_op.dir/ub_duckdb_optimizer_statistics_op.cpp.o src/optimizer/query_split/CMakeFiles/duckdb_optimizer_query_split.dir/ub_duckdb_optimizer_query_split.cpp.o src/optimizer/CMakeFiles/duckdb_optimizer.dir/ub_duckdb_optimizer.cpp.o src/planner/expression/CMakeFiles/duckdb_planner_expression.dir/ub_duckdb_planner_expression.cpp.o src/planner/binder/expression/CMakeFiles/duckdb_bind_expression.dir/ub_duckdb_bind_expression.cpp.o src/planner/binder/query_node/CMakeFiles/duckdb_bind_query_node.dir/ub_duckdb_bind_query_node.cpp.o src/planner/binder/statement/CMakeFiles/duckdb_bind_statement.dir/ub_duckdb_bind_statement.cpp.o src/planner/binder/tableref/CMakeFiles/duckdb_bind_tableref.dir/ub_duckdb_bind_tableref.cpp.o src/planner/expression_binder/CMakeFiles/duckdb_expression_binders.dir/ub_duckdb_expression_binders.cpp.o src/planner/filter/CMakeFiles/duckdb_planner_filter.dir/ub_duckdb_planner_filter.cpp.o src/planner/parsed_data/CMakeFiles/duckdb_planner_parsed_data.dir/ub_duckdb_planner_parsed_data.cpp.o src/planner/operator/CMakeFiles/duckdb_planner_operator.dir/ub_duckdb_planner_operator.cpp.o src/planner/subquery/CMakeFiles/duckdb_planner_subquery.dir/ub_duckdb_planner_subquery.cpp.o src/planner/CMakeFiles/duckdb_planner.dir/ub_duckdb_planner.cpp.o src/parser/constraints/CMakeFiles/duckdb_constraints.dir/ub_duckdb_constraints.cpp.o src/parser/expression/CMakeFiles/duckdb_expression.dir/ub_duckdb_expression.cpp.o src/parser/parsed_data/CMakeFiles/duckdb_parsed_data.dir/ub_duckdb_parsed_data.cpp.o src/parser/query_node/CMakeFiles/duckdb_query_node.dir/ub_duckdb_query_node.cpp.o src/parser/statement/CMakeFiles/duckdb_statement.dir/ub_duckdb_statement.cpp.o src/parser/tableref/CMakeFiles/duckdb_parser_tableref.dir/ub_duckdb_parser_tableref.cpp.o src/parser/transform/constraint/CMakeFiles/duckdb_transformer_constraint.dir/ub_duckdb_transformer_constraint.cpp.o src/parser/transform/expression/CMakeFiles/duckdb_transformer_expression.dir/ub_duckdb_transformer_expression.cpp.o src/parser/transform/helpers/CMakeFiles/duckdb_transformer_helpers.dir/ub_duckdb_transformer_helpers.cpp.o src/parser/transform/statement/CMakeFiles/duckdb_transformer_statement.dir/ub_duckdb_transformer_statement.cpp.o src/parser/transform/tableref/CMakeFiles/duckdb_transformer_tableref.dir/ub_duckdb_transformer_tableref.cpp.o src/parser/CMakeFiles/duckdb_parser.dir/ub_duckdb_parser.cpp.o src/function/aggregate/algebraic/CMakeFiles/duckdb_aggr_algebraic.dir/ub_duckdb_aggr_algebraic.cpp.o src/function/aggregate/distributive/CMakeFiles/duckdb_aggr_distr.dir/ub_duckdb_aggr_distr.cpp.o src/function/aggregate/holistic/CMakeFiles/duckdb_aggr_holistic.dir/ub_duckdb_aggr_holistic.cpp.o src/function/aggregate/nested/CMakeFiles/duckdb_aggr_nested.dir/ub_duckdb_aggr_nested.cpp.o src/function/aggregate/regression/CMakeFiles/duckdb_aggr_regr.dir/ub_duckdb_aggr_regr.cpp.o src/function/aggregate/CMakeFiles/duckdb_func_aggr.dir/ub_duckdb_func_aggr.cpp.o src/function/cast/CMakeFiles/duckdb_func_cast.dir/ub_duckdb_func_cast.cpp.o src/function/pragma/CMakeFiles/duckdb_func_pragma.dir/ub_duckdb_func_pragma.cpp.o src/function/scalar/blob/CMakeFiles/duckdb_func_blob.dir/ub_duckdb_func_blob.cpp.o src/function/scalar/date/CMakeFiles/duckdb_func_date.dir/ub_duckdb_func_date.cpp.o src/function/scalar/generic/CMakeFiles/duckdb_func_generic.dir/ub_duckdb_func_generic.cpp.o src/function/scalar/list/CMakeFiles/duckdb_func_list.dir/ub_duckdb_func_list.cpp.o src/function/scalar/map/CMakeFiles/duckdb_func_map_nested.dir/ub_duckdb_func_map_nested.cpp.o src/function/scalar/math/CMakeFiles/duckdb_func_math.dir/ub_duckdb_func_math.cpp.o src/function/scalar/operators/CMakeFiles/duckdb_func_ops.dir/ub_duckdb_func_ops.cpp.o src/function/scalar/sequence/CMakeFiles/duckdb_func_seq.dir/ub_duckdb_func_seq.cpp.o src/function/scalar/string/CMakeFiles/duckdb_func_string.dir/ub_duckdb_func_string.cpp.o src/function/scalar/struct/CMakeFiles/duckdb_func_struct.dir/ub_duckdb_func_struct.cpp.o src/function/scalar/system/CMakeFiles/duckdb_func_system.dir/ub_duckdb_func_system.cpp.o src/function/scalar/union/CMakeFiles/duckdb_func_union.dir/ub_duckdb_func_union.cpp.o src/function/scalar/enum/CMakeFiles/duckdb_func_enum.dir/ub_duckdb_func_enum.cpp.o src/function/scalar/CMakeFiles/duckdb_func_scalar.dir/ub_duckdb_func_scalar.cpp.o src/function/table/system/CMakeFiles/duckdb_table_func_system.dir/ub_duckdb_table_func_system.cpp.o src/function/table/version/CMakeFiles/duckdb_func_table_version.dir/ub_duckdb_func_table_version.cpp.o src/function/table/CMakeFiles/duckdb_func_table.dir/ub_duckdb_func_table.cpp.o src/function/CMakeFiles/duckdb_function.dir/ub_duckdb_function.cpp.o src/catalog/catalog_entry/CMakeFiles/duckdb_catalog_entries.dir/ub_duckdb_catalog_entries.cpp.o src/catalog/default/CMakeFiles/duckdb_catalog_default_entries.dir/ub_duckdb_catalog_default_entries.cpp.o src/catalog/CMakeFiles/duckdb_catalog.dir/ub_duckdb_catalog.cpp.o src/common/arrow/CMakeFiles/duckdb_common_arrow.dir/ub_duckdb_common_arrow.cpp.o src/common/crypto/CMakeFiles/duckdb_common_crypto.dir/ub_duckdb_common_crypto.cpp.o src/common/enums/CMakeFiles/duckdb_common_enums.dir/ub_duckdb_common_enums.cpp.o src/common/operator/CMakeFiles/duckdb_common_operators.dir/ub_duckdb_common_operators.cpp.o src/common/progress_bar/CMakeFiles/duckdb_progress_bar.dir/ub_duckdb_progress_bar.cpp.o src/common/row_operations/CMakeFiles/duckdb_row_operations.dir/ub_duckdb_row_operations.cpp.o src/common/serializer/CMakeFiles/duckdb_common_serializer.dir/ub_duckdb_common_serializer.cpp.o src/common/sort/CMakeFiles/duckdb_sort.dir/ub_duckdb_sort.cpp.o src/common/types/CMakeFiles/duckdb_common_types.dir/ub_duckdb_common_types.cpp.o src/common/value_operations/CMakeFiles/duckdb_value_operations.dir/ub_duckdb_value_operations.cpp.o src/common/vector_operations/CMakeFiles/duckdb_vector_operations.dir/boolean_operators.cpp.o src/common/vector_operations/CMakeFiles/duckdb_vector_operations.dir/vector_cast.cpp.o src/common/vector_operations/CMakeFiles/duckdb_vector_operations.dir/comparison_operators.cpp.o src/common/vector_operations/CMakeFiles/duckdb_vector_operations.dir/vector_copy.cpp.o src/common/vector_operations/CMakeFiles/duckdb_vector_operations.dir/generators.cpp.o src/common/vector_operations/CMakeFiles/duckdb_vector_operations.dir/vector_hash.cpp.o src/common/vector_operations/CMakeFiles/duckdb_vector_operations.dir/vector_storage.cpp.o src/common/vector_operations/CMakeFiles/duckdb_vector_operations.dir/null_operations.cpp.o src/common/vector_operations/CMakeFiles/duckdb_vector_operations.dir/numeric_inplace_operators.cpp.o src/common/vector_operations/CMakeFiles/duckdb_vector_operations.dir/is_distinct_from.cpp.o src/common/CMakeFiles/duckdb_common.dir/ub_duckdb_common.cpp.o src/execution/expression_executor/CMakeFiles/duckdb_expression_executor.dir/ub_duckdb_expression_executor.cpp.o src/execution/nested_loop_join/CMakeFiles/duckdb_nested_loop_join.dir/ub_duckdb_nested_loop_join.cpp.o src/execution/operator/aggregate/CMakeFiles/duckdb_operator_aggregate.dir/ub_duckdb_operator_aggregate.cpp.o src/execution/operator/filter/CMakeFiles/duckdb_operator_filter.dir/ub_duckdb_operator_filter.cpp.o src/execution/operator/helper/CMakeFiles/duckdb_operator_helper.dir/ub_duckdb_operator_helper.cpp.o src/execution/operator/join/CMakeFiles/duckdb_operator_join.dir/ub_duckdb_operator_join.cpp.o src/execution/operator/order/CMakeFiles/duckdb_operator_order.dir/ub_duckdb_operator_order.cpp.o src/execution/operator/persistent/CMakeFiles/duckdb_operator_persistent.dir/ub_duckdb_operator_persistent.cpp.o src/execution/operator/projection/CMakeFiles/duckdb_operator_projection.dir/ub_duckdb_operator_projection.cpp.o src/execution/operator/scan/CMakeFiles/duckdb_operator_scan.dir/ub_duckdb_operator_scan.cpp.o src/execution/operator/schema/CMakeFiles/duckdb_operator_schema.dir/ub_duckdb_operator_schema.cpp.o src/execution/operator/set/CMakeFiles/duckdb_operator_set.dir/ub_duckdb_operator_set.cpp.o src/execution/physical_plan/CMakeFiles/duckdb_physical_plan.dir/ub_duckdb_physical_plan.cpp.o src/execution/index/art/CMakeFiles/duckdb_art_index_execution.dir/ub_duckdb_art_index_execution.cpp.o src/execution/CMakeFiles/duckdb_execution.dir/ub_duckdb_execution.cpp.o src/main/capi/cast/CMakeFiles/duckdb_main_capi_cast.dir/ub_duckdb_main_capi_cast.cpp.o src/main/capi/CMakeFiles/duckdb_main_capi.dir/ub_duckdb_main_capi.cpp.o src/main/extension/CMakeFiles/duckdb_main_extension.dir/ub_duckdb_main_extension.cpp.o src/main/relation/CMakeFiles/duckdb_main_relation.dir/ub_duckdb_main_relation.cpp.o src/main/settings/CMakeFiles/duckdb_main_settings.dir/ub_duckdb_main_settings.cpp.o src/main/CMakeFiles/duckdb_main.dir/ub_duckdb_main.cpp.o src/parallel/CMakeFiles/duckdb_parallel.dir/ub_duckdb_parallel.cpp.o src/storage/buffer/CMakeFiles/duckdb_storage_buffer.dir/ub_duckdb_storage_buffer.cpp.o src/storage/checkpoint/CMakeFiles/duckdb_storage_checkpoint.dir/ub_duckdb_storage_checkpoint.cpp.o src/storage/compression/chimp/CMakeFiles/duckdb_storage_compression_chimp.dir/ub_duckdb_storage_compression_chimp.cpp.o src/storage/compression/CMakeFiles/duckdb_storage_compression.dir/ub_duckdb_storage_compression.cpp.o src/storage/statistics/CMakeFiles/duckdb_storage_statistics.dir/ub_duckdb_storage_statistics.cpp.o src/storage/table/CMakeFiles/duckdb_storage_table.dir/ub_duckdb_storage_table.cpp.o src/storage/CMakeFiles/duckdb_storage.dir/ub_duckdb_storage.cpp.o src/transaction/CMakeFiles/duckdb_transaction.dir/ub_duckdb_transaction.cpp.o src/verification/CMakeFiles/duckdb_verification.dir/copied_statement_verifier.cpp.o src/verification/CMakeFiles/duckdb_verification.dir/external_statement_verifier.cpp.o src/verification/CMakeFiles/duckdb_verification.dir/prepared_statement_verifier.cpp.o src/verification/CMakeFiles/duckdb_verification.dir/deserialized_statement_verifier.cpp.o src/verification/CMakeFiles/duckdb_verification.dir/statement_verifier.cpp.o src/verification/CMakeFiles/duckdb_verification.dir/parsed_statement_verifier.cpp.o src/verification/CMakeFiles/duckdb_verification.dir/unoptimized_statement_verifier.cpp.o  -ldl  third_party/fsst/libduckdb_fsst.a  third_party/fmt/libduckdb_fmt.a  third_party/libpg_query/libduckdb_pg_query.a  third_party/re2/libduckdb_re2.a  third_party/miniz/libduckdb_miniz.a  third_party/utf8proc/libduckdb_utf8proc.a  third_party/hyperloglog/libduckdb_hyperloglog.a  third_party/fastpforlib/libduckdb_fastpforlib.a  third_party/mbedtls/libduckdb_mbedtls.a  extension/jemalloc/libjemalloc_extension.a  extension/parquet/libparquet_extension.a && :
[369/376] : && /usr/lib/ccache/c++ -fPIC -O3 -DNDEBUG -O3 -DNDEBUG   -shared -Wl,-soname,libsqlite3_api_wrapper.so -o tools/sqlite3_api_wrapper/libsqlite3_api_wrapper.so tools/sqlite3_api_wrapper/sqlite3/CMakeFiles/sqlite3_api_wrapper_sqlite3.dir/printf.c.o tools/sqlite3_api_wrapper/sqlite3/CMakeFiles/sqlite3_api_wrapper_sqlite3.dir/strglob.c.o tools/sqlite3_api_wrapper/sqlite3_udf_api/CMakeFiles/sqlite3_udf_api.dir/sqlite3_udf_wrapper.cpp.o tools/sqlite3_api_wrapper/sqlite3_udf_api/CMakeFiles/sqlite3_udf_api.dir/cast_sqlite.cpp.o tools/sqlite3_api_wrapper/CMakeFiles/sqlite3_api_wrapper.dir/sqlite3_api_wrapper.cpp.o tools/sqlite3_api_wrapper/CMakeFiles/sqlite3_api_wrapper.dir/sql_auto_complete_extension.cpp.o  -Wl,-rpath,/home/pei/Project/duckdb-polr/build/release/src  src/libduckdb.so  -ldl  third_party/fsst/libduckdb_fsst.a  third_party/fmt/libduckdb_fmt.a  third_party/libpg_query/libduckdb_pg_query.a  third_party/re2/libduckdb_re2.a  third_party/miniz/libduckdb_miniz.a  third_party/utf8proc/libduckdb_utf8proc.a  third_party/hyperloglog/libduckdb_hyperloglog.a  third_party/fastpforlib/libduckdb_fastpforlib.a  third_party/mbedtls/libduckdb_mbedtls.a  extension/jemalloc/libjemalloc_extension.a  extension/parquet/libparquet_extension.a && :
[370/376] : && /usr/bin/cmake -E rm -f tools/sqlite3_api_wrapper/libsqlite3_api_wrapper_static.a && /usr/bin/ar qc tools/sqlite3_api_wrapper/libsqlite3_api_wrapper_static.a  tools/sqlite3_api_wrapper/sqlite3/CMakeFiles/sqlite3_api_wrapper_sqlite3.dir/printf.c.o tools/sqlite3_api_wrapper/sqlite3/CMakeFiles/sqlite3_api_wrapper_sqlite3.dir/strglob.c.o tools/sqlite3_api_wrapper/sqlite3_udf_api/CMakeFiles/sqlite3_udf_api.dir/sqlite3_udf_wrapper.cpp.o tools/sqlite3_api_wrapper/sqlite3_udf_api/CMakeFiles/sqlite3_udf_api.dir/cast_sqlite.cpp.o tools/sqlite3_api_wrapper/CMakeFiles/sqlite3_api_wrapper_static.dir/sqlite3_api_wrapper.cpp.o tools/sqlite3_api_wrapper/CMakeFiles/sqlite3_api_wrapper_static.dir/sql_auto_complete_extension.cpp.o && /usr/bin/ranlib tools/sqlite3_api_wrapper/libsqlite3_api_wrapper_static.a && :
[371/376] : && /usr/bin/cmake -E rm -f test/helpers/libtest_helpers.a && /usr/bin/ar qc test/helpers/libtest_helpers.a  test/helpers/CMakeFiles/test_helpers.dir/test_helpers.cpp.o test/helpers/CMakeFiles/test_helpers.dir/capi_tester.cpp.o test/helpers/CMakeFiles/test_helpers.dir/pid.cpp.o && /usr/bin/ranlib test/helpers/libtest_helpers.a && :
[372/376] : && /usr/lib/ccache/c++ -O3 -DNDEBUG -O3 -DNDEBUG -rdynamic tools/sqlite3_api_wrapper/CMakeFiles/test_sqlite3_api_wrapper.dir/test/test_sqlite3_api_wrapper.cpp.o tools/sqlite3_api_wrapper/CMakeFiles/test_sqlite3_api_wrapper.dir/test/test_sqlite3_udf_api_wrapper.cpp.o -o tools/sqlite3_api_wrapper/test_sqlite3_api_wrapper  -Wl,-rpath,/home/pei/Project/duckdb-polr/build/release/tools/sqlite3_api_wrapper:/home/pei/Project/duckdb-polr/build/release/src  tools/sqlite3_api_wrapper/libsqlite3_api_wrapper.so  src/libduckdb.so  -ldl  third_party/fsst/libduckdb_fsst.a  third_party/fmt/libduckdb_fmt.a  third_party/libpg_query/libduckdb_pg_query.a  third_party/re2/libduckdb_re2.a  third_party/miniz/libduckdb_miniz.a  third_party/utf8proc/libduckdb_utf8proc.a  third_party/hyperloglog/libduckdb_hyperloglog.a  third_party/fastpforlib/libduckdb_fastpforlib.a  third_party/mbedtls/libduckdb_mbedtls.a  extension/jemalloc/libjemalloc_extension.a  extension/parquet/libparquet_extension.a && :
[373/376] : && /usr/lib/ccache/c++ -O3 -DNDEBUG -O3 -DNDEBUG -rdynamic extension/parquet/CMakeFiles/parquetcli.dir/parquetcli.cpp.o -o extension/parquet/parquetcli  extension/parquet/libparquet_extension.a  src/libduckdb_static.a  extension/parquet/libparquet_extension.a  -ldl  third_party/fsst/libduckdb_fsst.a  third_party/fmt/libduckdb_fmt.a  third_party/libpg_query/libduckdb_pg_query.a  third_party/re2/libduckdb_re2.a  third_party/miniz/libduckdb_miniz.a  third_party/utf8proc/libduckdb_utf8proc.a  third_party/hyperloglog/libduckdb_hyperloglog.a  third_party/fastpforlib/libduckdb_fastpforlib.a  third_party/mbedtls/libduckdb_mbedtls.a  extension/jemalloc/libjemalloc_extension.a && :
[374/376] : && /usr/lib/ccache/c++ -O3 -DNDEBUG -O3 -DNDEBUG -rdynamic tools/shell/CMakeFiles/shell.dir/shell.c.o tools/shell/CMakeFiles/shell.dir/linenoise.cpp.o -o duckdb  tools/sqlite3_api_wrapper/libsqlite3_api_wrapper_static.a  third_party/utf8proc/libduckdb_utf8proc.a  src/libduckdb_static.a  third_party/utf8proc/libduckdb_utf8proc.a  -ldl  third_party/fsst/libduckdb_fsst.a  third_party/fmt/libduckdb_fmt.a  third_party/libpg_query/libduckdb_pg_query.a  third_party/re2/libduckdb_re2.a  third_party/miniz/libduckdb_miniz.a  third_party/hyperloglog/libduckdb_hyperloglog.a  third_party/fastpforlib/libduckdb_fastpforlib.a  third_party/mbedtls/libduckdb_mbedtls.a  extension/jemalloc/libjemalloc_extension.a  extension/parquet/libparquet_extension.a && :
[375/376] /usr/bin/ccache /usr/lib/ccache/c++ -DDUCKDB_BUILD_LIBRARY -DENABLE_CROSS_PRODUCT_REWRITE=0 -DENABLE_DEBUG_PRINT=0 -DENABLE_MEASURE_EXE_TIME=0 -DENABLE_MERGE_BACK_PLAN=0 -DENABLE_PARALLEL_EXECUTION=0 -DENABLE_QUERY_SPLIT=1 -DENABLE_SPECIFY_EST_STAT=0 -I/home/pei/Project/duckdb-polr/src/include -I/home/pei/Project/duckdb-polr/third_party/fsst -I/home/pei/Project/duckdb-polr/third_party/fmt/include -I/home/pei/Project/duckdb-polr/third_party/hyperloglog -I/home/pei/Project/duckdb-polr/third_party/fastpforlib -I/home/pei/Project/duckdb-polr/third_party/fast_float -I/home/pei/Project/duckdb-polr/third_party/re2 -I/home/pei/Project/duckdb-polr/third_party/miniz -I/home/pei/Project/duckdb-polr/third_party/utf8proc/include -I/home/pei/Project/duckdb-polr/third_party/miniparquet -I/home/pei/Project/duckdb-polr/third_party/concurrentqueue -I/home/pei/Project/duckdb-polr/third_party/pcg -I/home/pei/Project/duckdb-polr/third_party/tdigest -I/home/pei/Project/duckdb-polr/third_party/mbedtls/include -I/home/pei/Project/duckdb-polr/third_party/jaro_winkler -I/home/pei/Project/duckdb-polr/test/../third_party/catch -I/home/pei/Project/duckdb-polr/test/../third_party/tpce-tool/include -I/home/pei/Project/duckdb-polr/test/../third_party/sqlite/include -I/home/pei/Project/duckdb-polr/test/include -O3 -DNDEBUG -O3 -DNDEBUG   -fPIC -fdiagnostics-color=always -std=c++11 -MD -MT test/api/CMakeFiles/test_api.dir/ub_test_api.cpp.o -MF test/api/CMakeFiles/test_api.dir/ub_test_api.cpp.o.d -o test/api/CMakeFiles/test_api.dir/ub_test_api.cpp.o -c /home/pei/Project/duckdb-polr/build/release/test/api/ub_test_api.cpp
In file included from /home/pei/Project/duckdb-polr/src/include/duckdb/optimizer/optimizer.hpp:15,
                 from /home/pei/Project/duckdb-polr/test/api/test_plan_serialization.cpp:6,
                 from /home/pei/Project/duckdb-polr/build/release/test/api/ub_test_api.cpp:12:
/home/pei/Project/duckdb-polr/src/include/duckdb/optimizer/query_split/query_split.hpp:23:1: warning: inline variables are only available with ‘-std=c++17’ or ‘-std=gnu++17’ [-Wc++17-extensions]
   23 | inline bool execute_plan = false;
      | ^~~~~~
[376/376] : && /usr/lib/ccache/c++ -O3 -DNDEBUG -O3 -DNDEBUG -rdynamic test/api/capi/CMakeFiles/test_sql_capi.dir/ub_test_sql_capi.cpp.o test/api/udf_function/CMakeFiles/test_api_udf_function.dir/ub_test_api_udf_function.cpp.o test/api/CMakeFiles/test_api.dir/ub_test_api.cpp.o test/appender/CMakeFiles/test_appender.dir/ub_test_appender.cpp.o test/arrow_roundtrip/CMakeFiles/test_arrow_roundtrip.dir/ub_test_arrow_roundtrip.cpp.o test/common/CMakeFiles/test_common.dir/ub_test_common.cpp.o test/extension/CMakeFiles/test_extensions.dir/ub_test_extensions.cpp.o test/memoryleak/CMakeFiles/test_memory_leak.dir/ub_test_memory_leak.cpp.o test/sql/filter/CMakeFiles/test_filter.dir/ub_test_filter.cpp.o test/sql/function/table/CMakeFiles/test_table_function.dir/ub_test_table_function.cpp.o test/sql/index/CMakeFiles/test_index.dir/ub_test_index.cpp.o test/sql/parallelism/interquery/CMakeFiles/test_sql_interquery_parallelism.dir/ub_test_sql_interquery_parallelism.cpp.o test/sql/storage/catalog/CMakeFiles/test_sql_storage_catalog.dir/ub_test_sql_storage_catalog.cpp.o test/sql/storage/CMakeFiles/test_sql_storage.dir/ub_test_sql_storage.cpp.o test/sqlite/CMakeFiles/test_sqlite.dir/ub_test_sqlite.cpp.o test/ossfuzz/CMakeFiles/test_ossfuzz.dir/ub_test_ossfuzz.cpp.o test/mbedtls/CMakeFiles/test_mbedtls.dir/ub_test_mbedtls.cpp.o test/persistence/CMakeFiles/test_persistence.dir/ub_test_persistence.cpp.o test/CMakeFiles/unittest.dir/unittest.cpp.o -o test/unittest  -Wl,-rpath,/home/pei/Project/duckdb-polr/build/release/src  test/helpers/libtest_helpers.a  src/libduckdb.so  -ldl  third_party/fsst/libduckdb_fsst.a  third_party/fmt/libduckdb_fmt.a  third_party/libpg_query/libduckdb_pg_query.a  third_party/re2/libduckdb_re2.a  third_party/miniz/libduckdb_miniz.a  third_party/utf8proc/libduckdb_utf8proc.a  third_party/hyperloglog/libduckdb_hyperloglog.a  third_party/fastpforlib/libduckdb_fastpforlib.a  third_party/mbedtls/libduckdb_mbedtls.a  extension/jemalloc/libjemalloc_extension.a  extension/parquet/libparquet_extension.a && :
mkdir -p build/release && \
cd build/release && \
cmake -G "Ninja" -DFORCE_COLORED_OUTPUT=1        -DBUILD_PARQUET_EXTENSION=TRUE -DDEFINE_QUERY_SPLIT=1 -DDEFINE_PARALLEL_EXECUTION=0 -DDEFINE_DEBUG_PRINT=0 -DDEFINE_CROSS_PRODUCT_REWRITE=0 -DDEFINE_MERGE_BACK_PLAN=0 -DDEFINE_SPECIFY_EST_STAT=0 -DDEFINE_MEASURE_EXE_TIME=0 -DCMAKE_BUILD_TYPE=Release ../.. && \
cmake --build . --config Release
Re-run cmake no build system arguments
-- The C compiler identification is GNU 12.2.0
-- The CXX compiler identification is GNU 12.2.0
-- Detecting C compiler ABI info
-- Detecting C compiler ABI info - done
-- Check for working C compiler: /usr/lib/ccache/cc - skipped
-- Detecting C compile features
-- Detecting C compile features - done
-- Detecting CXX compiler ABI info
-- Detecting CXX compiler ABI info - done
-- Check for working CXX compiler: /usr/lib/ccache/c++ - skipped
-- Detecting CXX compile features
-- Detecting CXX compile features - done
-- Performing Test CMAKE_HAVE_LIBC_PTHREAD
-- Performing Test CMAKE_HAVE_LIBC_PTHREAD - Success
-- Found Threads: TRUE  
-- Found Git: /usr/bin/git (found version "2.39.5") 
fatal: No names found, cannot describe anything.
fatal: No names found, cannot describe anything.
-- git hash cd7a58694b, version v..1-dev
-- Configuring done
-- Generating done
-- Build files have been written to: /home/pei/Project/duckdb-polr/build/release
[1/376] /usr/bin/ccache /usr/lib/ccache/c++ -DDUCKDB -DDUCKDB_BUILD_LIBRARY -DDUCKDB_MAIN_LIBRARY -DENABLE_CROSS_PRODUCT_REWRITE=0 -DENABLE_DEBUG_PRINT=0 -DENABLE_MEASURE_EXE_TIME=0 -DENABLE_MERGE_BACK_PLAN=0 -DENABLE_PARALLEL_EXECUTION=0 -DENABLE_QUERY_SPLIT=1 -DENABLE_SPECIFY_EST_STAT=0 -I/home/pei/Project/duckdb-polr/src/include -I/home/pei/Project/duckdb-polr/third_party/fsst -I/home/pei/Project/duckdb-polr/third_party/fmt/include -I/home/pei/Project/duckdb-polr/third_party/hyperloglog -I/home/pei/Project/duckdb-polr/third_party/fastpforlib -I/home/pei/Project/duckdb-polr/third_party/fast_float -I/home/pei/Project/duckdb-polr/third_party/re2 -I/home/pei/Project/duckdb-polr/third_party/miniz -I/home/pei/Project/duckdb-polr/third_party/utf8proc/include -I/home/pei/Project/duckdb-polr/third_party/miniparquet -I/home/pei/Project/duckdb-polr/third_party/concurrentqueue -I/home/pei/Project/duckdb-polr/third_party/pcg -I/home/pei/Project/duckdb-polr/third_party/tdigest -I/home/pei/Project/duckdb-polr/third_party/mbedtls/include -I/home/pei/Project/duckdb-polr/third_party/jaro_winkler -O3 -DNDEBUG -O3 -DNDEBUG   -fPIC -fdiagnostics-color=always -std=c++11 -MD -MT src/optimizer/pullup/CMakeFiles/duckdb_optimizer_pullup.dir/ub_duckdb_optimizer_pullup.cpp.o -MF src/optimizer/pullup/CMakeFiles/duckdb_optimizer_pullup.dir/ub_duckdb_optimizer_pullup.cpp.o.d -o src/optimizer/pullup/CMakeFiles/duckdb_optimizer_pullup.dir/ub_duckdb_optimizer_pullup.cpp.o -c /home/pei/Project/duckdb-polr/build/release/src/optimizer/pullup/ub_duckdb_optimizer_pullup.cpp
[2/376] /usr/bin/ccache /usr/lib/ccache/c++ -DDUCKDB -DDUCKDB_BUILD_LIBRARY -DDUCKDB_MAIN_LIBRARY -DENABLE_CROSS_PRODUCT_REWRITE=0 -DENABLE_DEBUG_PRINT=0 -DENABLE_MEASURE_EXE_TIME=0 -DENABLE_MERGE_BACK_PLAN=0 -DENABLE_PARALLEL_EXECUTION=0 -DENABLE_QUERY_SPLIT=1 -DENABLE_SPECIFY_EST_STAT=0 -I/home/pei/Project/duckdb-polr/src/include -I/home/pei/Project/duckdb-polr/third_party/fsst -I/home/pei/Project/duckdb-polr/third_party/fmt/include -I/home/pei/Project/duckdb-polr/third_party/hyperloglog -I/home/pei/Project/duckdb-polr/third_party/fastpforlib -I/home/pei/Project/duckdb-polr/third_party/fast_float -I/home/pei/Project/duckdb-polr/third_party/re2 -I/home/pei/Project/duckdb-polr/third_party/miniz -I/home/pei/Project/duckdb-polr/third_party/utf8proc/include -I/home/pei/Project/duckdb-polr/third_party/miniparquet -I/home/pei/Project/duckdb-polr/third_party/concurrentqueue -I/home/pei/Project/duckdb-polr/third_party/pcg -I/home/pei/Project/duckdb-polr/third_party/tdigest -I/home/pei/Project/duckdb-polr/third_party/mbedtls/include -I/home/pei/Project/duckdb-polr/third_party/jaro_winkler -O3 -DNDEBUG -O3 -DNDEBUG   -fPIC -fdiagnostics-color=always -std=c++11 -MD -MT src/optimizer/statistics/expression/CMakeFiles/duckdb_optimizer_statistics_expr.dir/ub_duckdb_optimizer_statistics_expr.cpp.o -MF src/optimizer/statistics/expression/CMakeFiles/duckdb_optimizer_statistics_expr.dir/ub_duckdb_optimizer_statistics_expr.cpp.o.d -o src/optimizer/statistics/expression/CMakeFiles/duckdb_optimizer_statistics_expr.dir/ub_duckdb_optimizer_statistics_expr.cpp.o -c /home/pei/Project/duckdb-polr/build/release/src/optimizer/statistics/expression/ub_duckdb_optimizer_statistics_expr.cpp
[3/376] /usr/bin/ccache /usr/lib/ccache/c++ -DDUCKDB -DDUCKDB_BUILD_LIBRARY -DDUCKDB_MAIN_LIBRARY -DENABLE_CROSS_PRODUCT_REWRITE=0 -DENABLE_DEBUG_PRINT=0 -DENABLE_MEASURE_EXE_TIME=0 -DENABLE_MERGE_BACK_PLAN=0 -DENABLE_PARALLEL_EXECUTION=0 -DENABLE_QUERY_SPLIT=1 -DENABLE_SPECIFY_EST_STAT=0 -I/home/pei/Project/duckdb-polr/src/include -I/home/pei/Project/duckdb-polr/third_party/fsst -I/home/pei/Project/duckdb-polr/third_party/fmt/include -I/home/pei/Project/duckdb-polr/third_party/hyperloglog -I/home/pei/Project/duckdb-polr/third_party/fastpforlib -I/home/pei/Project/duckdb-polr/third_party/fast_float -I/home/pei/Project/duckdb-polr/third_party/re2 -I/home/pei/Project/duckdb-polr/third_party/miniz -I/home/pei/Project/duckdb-polr/third_party/utf8proc/include -I/home/pei/Project/duckdb-polr/third_party/miniparquet -I/home/pei/Project/duckdb-polr/third_party/concurrentqueue -I/home/pei/Project/duckdb-polr/third_party/pcg -I/home/pei/Project/duckdb-polr/third_party/tdigest -I/home/pei/Project/duckdb-polr/third_party/mbedtls/include -I/home/pei/Project/duckdb-polr/third_party/jaro_winkler -O3 -DNDEBUG -O3 -DNDEBUG   -fPIC -fdiagnostics-color=always -std=c++11 -MD -MT src/optimizer/query_split/CMakeFiles/duckdb_optimizer_query_split.dir/ub_duckdb_optimizer_query_split.cpp.o -MF src/optimizer/query_split/CMakeFiles/duckdb_optimizer_query_split.dir/ub_duckdb_optimizer_query_split.cpp.o.d -o src/optimizer/query_split/CMakeFiles/duckdb_optimizer_query_split.dir/ub_duckdb_optimizer_query_split.cpp.o -c /home/pei/Project/duckdb-polr/build/release/src/optimizer/query_split/ub_duckdb_optimizer_query_split.cpp
In file included from /home/pei/Project/duckdb-polr/src/optimizer/query_split/query_split.cpp:1,
                 from /home/pei/Project/duckdb-polr/build/release/src/optimizer/query_split/ub_duckdb_optimizer_query_split.cpp:2:
/home/pei/Project/duckdb-polr/src/include/duckdb/optimizer/query_split/query_split.hpp:23:1: warning: inline variables are only available with ‘-std=c++17’ or ‘-std=gnu++17’ [-Wc++17-extensions]
   23 | inline bool execute_plan = false;
      | ^~~~~~
In file included from /home/pei/Project/duckdb-polr/build/release/src/optimizer/query_split/ub_duckdb_optimizer_query_split.cpp:4:
/home/pei/Project/duckdb-polr/src/optimizer/query_split/foreign_key_center.cpp: In lambda function:
/home/pei/Project/duckdb-polr/src/optimizer/query_split/foreign_key_center.cpp:205:61: warning: init-statement in selection statements only available with ‘-std=c++17’ or ‘-std=gnu++17’ [-Wc++17-extensions]
  205 |                                                         if (auto find_left = std::find_if(
      |                                                             ^~~~
In file included from /home/pei/Project/duckdb-polr/build/release/src/optimizer/query_split/ub_duckdb_optimizer_query_split.cpp:3:
/home/pei/Project/duckdb-polr/src/optimizer/query_split/query_split_util.cpp: In function ‘duckdb::ColumnBinding& duckdb::GetRefColumnBinding(std::unique_ptr<Expression>&)’:
/home/pei/Project/duckdb-polr/src/optimizer/query_split/query_split_util.cpp:152:88: warning: control reaches end of non-void function [-Wreturn-type]
  152 |                 Printer::Print("Doesn't support " + ExpressionTypeToString(expr->type) + " in GetColumnBinding yet!");
      |                                ~~~~~~~~~~~~~~~~~~~~~~~~~~~~~~~~~~~~~~~~~~~~~~~~~~~~~~~~^~~~~~~~~~~~~~~~~~~~~~~~~~~~~
[4/376] /usr/bin/ccache /usr/lib/ccache/c++ -DDUCKDB -DDUCKDB_BUILD_LIBRARY -DDUCKDB_MAIN_LIBRARY -DENABLE_CROSS_PRODUCT_REWRITE=0 -DENABLE_DEBUG_PRINT=0 -DENABLE_MEASURE_EXE_TIME=0 -DENABLE_MERGE_BACK_PLAN=0 -DENABLE_PARALLEL_EXECUTION=0 -DENABLE_QUERY_SPLIT=1 -DENABLE_SPECIFY_EST_STAT=0 -I/home/pei/Project/duckdb-polr/src/include -I/home/pei/Project/duckdb-polr/third_party/fsst -I/home/pei/Project/duckdb-polr/third_party/fmt/include -I/home/pei/Project/duckdb-polr/third_party/hyperloglog -I/home/pei/Project/duckdb-polr/third_party/fastpforlib -I/home/pei/Project/duckdb-polr/third_party/fast_float -I/home/pei/Project/duckdb-polr/third_party/re2 -I/home/pei/Project/duckdb-polr/third_party/miniz -I/home/pei/Project/duckdb-polr/third_party/utf8proc/include -I/home/pei/Project/duckdb-polr/third_party/miniparquet -I/home/pei/Project/duckdb-polr/third_party/concurrentqueue -I/home/pei/Project/duckdb-polr/third_party/pcg -I/home/pei/Project/duckdb-polr/third_party/tdigest -I/home/pei/Project/duckdb-polr/third_party/mbedtls/include -I/home/pei/Project/duckdb-polr/third_party/jaro_winkler -O3 -DNDEBUG -O3 -DNDEBUG   -fPIC -fdiagnostics-color=always -std=c++11 -MD -MT src/planner/expression/CMakeFiles/duckdb_planner_expression.dir/ub_duckdb_planner_expression.cpp.o -MF src/planner/expression/CMakeFiles/duckdb_planner_expression.dir/ub_duckdb_planner_expression.cpp.o.d -o src/planner/expression/CMakeFiles/duckdb_planner_expression.dir/ub_duckdb_planner_expression.cpp.o -c /home/pei/Project/duckdb-polr/build/release/src/planner/expression/ub_duckdb_planner_expression.cpp
[5/376] /usr/bin/ccache /usr/lib/ccache/c++ -DDUCKDB -DDUCKDB_BUILD_LIBRARY -DDUCKDB_MAIN_LIBRARY -DENABLE_CROSS_PRODUCT_REWRITE=0 -DENABLE_DEBUG_PRINT=0 -DENABLE_MEASURE_EXE_TIME=0 -DENABLE_MERGE_BACK_PLAN=0 -DENABLE_PARALLEL_EXECUTION=0 -DENABLE_QUERY_SPLIT=1 -DENABLE_SPECIFY_EST_STAT=0 -I/home/pei/Project/duckdb-polr/src/include -I/home/pei/Project/duckdb-polr/third_party/fsst -I/home/pei/Project/duckdb-polr/third_party/fmt/include -I/home/pei/Project/duckdb-polr/third_party/hyperloglog -I/home/pei/Project/duckdb-polr/third_party/fastpforlib -I/home/pei/Project/duckdb-polr/third_party/fast_float -I/home/pei/Project/duckdb-polr/third_party/re2 -I/home/pei/Project/duckdb-polr/third_party/miniz -I/home/pei/Project/duckdb-polr/third_party/utf8proc/include -I/home/pei/Project/duckdb-polr/third_party/miniparquet -I/home/pei/Project/duckdb-polr/third_party/concurrentqueue -I/home/pei/Project/duckdb-polr/third_party/pcg -I/home/pei/Project/duckdb-polr/third_party/tdigest -I/home/pei/Project/duckdb-polr/third_party/mbedtls/include -I/home/pei/Project/duckdb-polr/third_party/jaro_winkler -O3 -DNDEBUG -O3 -DNDEBUG   -fPIC -fdiagnostics-color=always -std=c++11 -MD -MT src/optimizer/rule/CMakeFiles/duckdb_optimizer_rules.dir/ub_duckdb_optimizer_rules.cpp.o -MF src/optimizer/rule/CMakeFiles/duckdb_optimizer_rules.dir/ub_duckdb_optimizer_rules.cpp.o.d -o src/optimizer/rule/CMakeFiles/duckdb_optimizer_rules.dir/ub_duckdb_optimizer_rules.cpp.o -c /home/pei/Project/duckdb-polr/build/release/src/optimizer/rule/ub_duckdb_optimizer_rules.cpp
[6/376] /usr/bin/ccache /usr/lib/ccache/c++ -DDUCKDB -DDUCKDB_BUILD_LIBRARY -DDUCKDB_MAIN_LIBRARY -DENABLE_CROSS_PRODUCT_REWRITE=0 -DENABLE_DEBUG_PRINT=0 -DENABLE_MEASURE_EXE_TIME=0 -DENABLE_MERGE_BACK_PLAN=0 -DENABLE_PARALLEL_EXECUTION=0 -DENABLE_QUERY_SPLIT=1 -DENABLE_SPECIFY_EST_STAT=0 -I/home/pei/Project/duckdb-polr/src/include -I/home/pei/Project/duckdb-polr/third_party/fsst -I/home/pei/Project/duckdb-polr/third_party/fmt/include -I/home/pei/Project/duckdb-polr/third_party/hyperloglog -I/home/pei/Project/duckdb-polr/third_party/fastpforlib -I/home/pei/Project/duckdb-polr/third_party/fast_float -I/home/pei/Project/duckdb-polr/third_party/re2 -I/home/pei/Project/duckdb-polr/third_party/miniz -I/home/pei/Project/duckdb-polr/third_party/utf8proc/include -I/home/pei/Project/duckdb-polr/third_party/miniparquet -I/home/pei/Project/duckdb-polr/third_party/concurrentqueue -I/home/pei/Project/duckdb-polr/third_party/pcg -I/home/pei/Project/duckdb-polr/third_party/tdigest -I/home/pei/Project/duckdb-polr/third_party/mbedtls/include -I/home/pei/Project/duckdb-polr/third_party/jaro_winkler -O3 -DNDEBUG -O3 -DNDEBUG   -fPIC -fdiagnostics-color=always -std=c++11 -MD -MT src/optimizer/matcher/CMakeFiles/duckdb_optimizer_matcher.dir/ub_duckdb_optimizer_matcher.cpp.o -MF src/optimizer/matcher/CMakeFiles/duckdb_optimizer_matcher.dir/ub_duckdb_optimizer_matcher.cpp.o.d -o src/optimizer/matcher/CMakeFiles/duckdb_optimizer_matcher.dir/ub_duckdb_optimizer_matcher.cpp.o -c /home/pei/Project/duckdb-polr/build/release/src/optimizer/matcher/ub_duckdb_optimizer_matcher.cpp
[7/376] /usr/bin/ccache /usr/lib/ccache/c++ -DDUCKDB -DDUCKDB_BUILD_LIBRARY -DDUCKDB_MAIN_LIBRARY -DENABLE_CROSS_PRODUCT_REWRITE=0 -DENABLE_DEBUG_PRINT=0 -DENABLE_MEASURE_EXE_TIME=0 -DENABLE_MERGE_BACK_PLAN=0 -DENABLE_PARALLEL_EXECUTION=0 -DENABLE_QUERY_SPLIT=1 -DENABLE_SPECIFY_EST_STAT=0 -I/home/pei/Project/duckdb-polr/src/include -I/home/pei/Project/duckdb-polr/third_party/fsst -I/home/pei/Project/duckdb-polr/third_party/fmt/include -I/home/pei/Project/duckdb-polr/third_party/hyperloglog -I/home/pei/Project/duckdb-polr/third_party/fastpforlib -I/home/pei/Project/duckdb-polr/third_party/fast_float -I/home/pei/Project/duckdb-polr/third_party/re2 -I/home/pei/Project/duckdb-polr/third_party/miniz -I/home/pei/Project/duckdb-polr/third_party/utf8proc/include -I/home/pei/Project/duckdb-polr/third_party/miniparquet -I/home/pei/Project/duckdb-polr/third_party/concurrentqueue -I/home/pei/Project/duckdb-polr/third_party/pcg -I/home/pei/Project/duckdb-polr/third_party/tdigest -I/home/pei/Project/duckdb-polr/third_party/mbedtls/include -I/home/pei/Project/duckdb-polr/third_party/jaro_winkler -O3 -DNDEBUG -O3 -DNDEBUG   -fPIC -fdiagnostics-color=always -std=c++11 -MD -MT src/optimizer/statistics/operator/CMakeFiles/duckdb_optimizer_statistics_op.dir/ub_duckdb_optimizer_statistics_op.cpp.o -MF src/optimizer/statistics/operator/CMakeFiles/duckdb_optimizer_statistics_op.dir/ub_duckdb_optimizer_statistics_op.cpp.o.d -o src/optimizer/statistics/operator/CMakeFiles/duckdb_optimizer_statistics_op.dir/ub_duckdb_optimizer_statistics_op.cpp.o -c /home/pei/Project/duckdb-polr/build/release/src/optimizer/statistics/operator/ub_duckdb_optimizer_statistics_op.cpp
[8/376] /usr/bin/ccache /usr/lib/ccache/c++ -DDUCKDB -DDUCKDB_BUILD_LIBRARY -DDUCKDB_MAIN_LIBRARY -DENABLE_CROSS_PRODUCT_REWRITE=0 -DENABLE_DEBUG_PRINT=0 -DENABLE_MEASURE_EXE_TIME=0 -DENABLE_MERGE_BACK_PLAN=0 -DENABLE_PARALLEL_EXECUTION=0 -DENABLE_QUERY_SPLIT=1 -DENABLE_SPECIFY_EST_STAT=0 -I/home/pei/Project/duckdb-polr/src/include -I/home/pei/Project/duckdb-polr/third_party/fsst -I/home/pei/Project/duckdb-polr/third_party/fmt/include -I/home/pei/Project/duckdb-polr/third_party/hyperloglog -I/home/pei/Project/duckdb-polr/third_party/fastpforlib -I/home/pei/Project/duckdb-polr/third_party/fast_float -I/home/pei/Project/duckdb-polr/third_party/re2 -I/home/pei/Project/duckdb-polr/third_party/miniz -I/home/pei/Project/duckdb-polr/third_party/utf8proc/include -I/home/pei/Project/duckdb-polr/third_party/miniparquet -I/home/pei/Project/duckdb-polr/third_party/concurrentqueue -I/home/pei/Project/duckdb-polr/third_party/pcg -I/home/pei/Project/duckdb-polr/third_party/tdigest -I/home/pei/Project/duckdb-polr/third_party/mbedtls/include -I/home/pei/Project/duckdb-polr/third_party/jaro_winkler -O3 -DNDEBUG -O3 -DNDEBUG   -fPIC -fdiagnostics-color=always -std=c++11 -MD -MT src/optimizer/pushdown/CMakeFiles/duckdb_optimizer_pushdown.dir/ub_duckdb_optimizer_pushdown.cpp.o -MF src/optimizer/pushdown/CMakeFiles/duckdb_optimizer_pushdown.dir/ub_duckdb_optimizer_pushdown.cpp.o.d -o src/optimizer/pushdown/CMakeFiles/duckdb_optimizer_pushdown.dir/ub_duckdb_optimizer_pushdown.cpp.o -c /home/pei/Project/duckdb-polr/build/release/src/optimizer/pushdown/ub_duckdb_optimizer_pushdown.cpp
In file included from /home/pei/Project/duckdb-polr/src/include/duckdb/optimizer/optimizer.hpp:15,
                 from /home/pei/Project/duckdb-polr/src/optimizer/pushdown/pushdown_get.cpp:2,
                 from /home/pei/Project/duckdb-polr/build/release/src/optimizer/pushdown/ub_duckdb_optimizer_pushdown.cpp:5:
/home/pei/Project/duckdb-polr/src/include/duckdb/optimizer/query_split/query_split.hpp:23:1: warning: inline variables are only available with ‘-std=c++17’ or ‘-std=gnu++17’ [-Wc++17-extensions]
   23 | inline bool execute_plan = false;
      | ^~~~~~
[9/376] /usr/bin/ccache /usr/lib/ccache/c++ -DDUCKDB -DDUCKDB_BUILD_LIBRARY -DDUCKDB_MAIN_LIBRARY -DENABLE_CROSS_PRODUCT_REWRITE=0 -DENABLE_DEBUG_PRINT=0 -DENABLE_MEASURE_EXE_TIME=0 -DENABLE_MERGE_BACK_PLAN=0 -DENABLE_PARALLEL_EXECUTION=0 -DENABLE_QUERY_SPLIT=1 -DENABLE_SPECIFY_EST_STAT=0 -I/home/pei/Project/duckdb-polr/src/include -I/home/pei/Project/duckdb-polr/third_party/fsst -I/home/pei/Project/duckdb-polr/third_party/fmt/include -I/home/pei/Project/duckdb-polr/third_party/hyperloglog -I/home/pei/Project/duckdb-polr/third_party/fastpforlib -I/home/pei/Project/duckdb-polr/third_party/fast_float -I/home/pei/Project/duckdb-polr/third_party/re2 -I/home/pei/Project/duckdb-polr/third_party/miniz -I/home/pei/Project/duckdb-polr/third_party/utf8proc/include -I/home/pei/Project/duckdb-polr/third_party/miniparquet -I/home/pei/Project/duckdb-polr/third_party/concurrentqueue -I/home/pei/Project/duckdb-polr/third_party/pcg -I/home/pei/Project/duckdb-polr/third_party/tdigest -I/home/pei/Project/duckdb-polr/third_party/mbedtls/include -I/home/pei/Project/duckdb-polr/third_party/jaro_winkler -O3 -DNDEBUG -O3 -DNDEBUG   -fPIC -fdiagnostics-color=always -std=c++11 -MD -MT src/planner/binder/statement/CMakeFiles/duckdb_bind_statement.dir/ub_duckdb_bind_statement.cpp.o -MF src/planner/binder/statement/CMakeFiles/duckdb_bind_statement.dir/ub_duckdb_bind_statement.cpp.o.d -o src/planner/binder/statement/CMakeFiles/duckdb_bind_statement.dir/ub_duckdb_bind_statement.cpp.o -c /home/pei/Project/duckdb-polr/build/release/src/planner/binder/statement/ub_duckdb_bind_statement.cpp
[10/376] /usr/bin/ccache /usr/lib/ccache/c++ -DDUCKDB -DDUCKDB_BUILD_LIBRARY -DDUCKDB_MAIN_LIBRARY -DENABLE_CROSS_PRODUCT_REWRITE=0 -DENABLE_DEBUG_PRINT=0 -DENABLE_MEASURE_EXE_TIME=0 -DENABLE_MERGE_BACK_PLAN=0 -DENABLE_PARALLEL_EXECUTION=0 -DENABLE_QUERY_SPLIT=1 -DENABLE_SPECIFY_EST_STAT=0 -I/home/pei/Project/duckdb-polr/src/include -I/home/pei/Project/duckdb-polr/third_party/fsst -I/home/pei/Project/duckdb-polr/third_party/fmt/include -I/home/pei/Project/duckdb-polr/third_party/hyperloglog -I/home/pei/Project/duckdb-polr/third_party/fastpforlib -I/home/pei/Project/duckdb-polr/third_party/fast_float -I/home/pei/Project/duckdb-polr/third_party/re2 -I/home/pei/Project/duckdb-polr/third_party/miniz -I/home/pei/Project/duckdb-polr/third_party/utf8proc/include -I/home/pei/Project/duckdb-polr/third_party/miniparquet -I/home/pei/Project/duckdb-polr/third_party/concurrentqueue -I/home/pei/Project/duckdb-polr/third_party/pcg -I/home/pei/Project/duckdb-polr/third_party/tdigest -I/home/pei/Project/duckdb-polr/third_party/mbedtls/include -I/home/pei/Project/duckdb-polr/third_party/jaro_winkler -O3 -DNDEBUG -O3 -DNDEBUG   -fPIC -fdiagnostics-color=always -std=c++11 -MD -MT src/optimizer/join_order/CMakeFiles/duckdb_optimizer_join_order.dir/ub_duckdb_optimizer_join_order.cpp.o -MF src/optimizer/join_order/CMakeFiles/duckdb_optimizer_join_order.dir/ub_duckdb_optimizer_join_order.cpp.o.d -o src/optimizer/join_order/CMakeFiles/duckdb_optimizer_join_order.dir/ub_duckdb_optimizer_join_order.cpp.o -c /home/pei/Project/duckdb-polr/build/release/src/optimizer/join_order/ub_duckdb_optimizer_join_order.cpp
[11/376] /usr/bin/ccache /usr/lib/ccache/c++ -DDUCKDB -DDUCKDB_BUILD_LIBRARY -DDUCKDB_MAIN_LIBRARY -DENABLE_CROSS_PRODUCT_REWRITE=0 -DENABLE_DEBUG_PRINT=0 -DENABLE_MEASURE_EXE_TIME=0 -DENABLE_MERGE_BACK_PLAN=0 -DENABLE_PARALLEL_EXECUTION=0 -DENABLE_QUERY_SPLIT=1 -DENABLE_SPECIFY_EST_STAT=0 -I/home/pei/Project/duckdb-polr/src/include -I/home/pei/Project/duckdb-polr/third_party/fsst -I/home/pei/Project/duckdb-polr/third_party/fmt/include -I/home/pei/Project/duckdb-polr/third_party/hyperloglog -I/home/pei/Project/duckdb-polr/third_party/fastpforlib -I/home/pei/Project/duckdb-polr/third_party/fast_float -I/home/pei/Project/duckdb-polr/third_party/re2 -I/home/pei/Project/duckdb-polr/third_party/miniz -I/home/pei/Project/duckdb-polr/third_party/utf8proc/include -I/home/pei/Project/duckdb-polr/third_party/miniparquet -I/home/pei/Project/duckdb-polr/third_party/concurrentqueue -I/home/pei/Project/duckdb-polr/third_party/pcg -I/home/pei/Project/duckdb-polr/third_party/tdigest -I/home/pei/Project/duckdb-polr/third_party/mbedtls/include -I/home/pei/Project/duckdb-polr/third_party/jaro_winkler -O3 -DNDEBUG -O3 -DNDEBUG   -fPIC -fdiagnostics-color=always -std=c++11 -MD -MT src/planner/binder/query_node/CMakeFiles/duckdb_bind_query_node.dir/ub_duckdb_bind_query_node.cpp.o -MF src/planner/binder/query_node/CMakeFiles/duckdb_bind_query_node.dir/ub_duckdb_bind_query_node.cpp.o.d -o src/planner/binder/query_node/CMakeFiles/duckdb_bind_query_node.dir/ub_duckdb_bind_query_node.cpp.o -c /home/pei/Project/duckdb-polr/build/release/src/planner/binder/query_node/ub_duckdb_bind_query_node.cpp
[12/376] /usr/bin/ccache /usr/lib/ccache/c++ -DDUCKDB -DDUCKDB_BUILD_LIBRARY -DDUCKDB_MAIN_LIBRARY -DENABLE_CROSS_PRODUCT_REWRITE=0 -DENABLE_DEBUG_PRINT=0 -DENABLE_MEASURE_EXE_TIME=0 -DENABLE_MERGE_BACK_PLAN=0 -DENABLE_PARALLEL_EXECUTION=0 -DENABLE_QUERY_SPLIT=1 -DENABLE_SPECIFY_EST_STAT=0 -I/home/pei/Project/duckdb-polr/src/include -I/home/pei/Project/duckdb-polr/third_party/fsst -I/home/pei/Project/duckdb-polr/third_party/fmt/include -I/home/pei/Project/duckdb-polr/third_party/hyperloglog -I/home/pei/Project/duckdb-polr/third_party/fastpforlib -I/home/pei/Project/duckdb-polr/third_party/fast_float -I/home/pei/Project/duckdb-polr/third_party/re2 -I/home/pei/Project/duckdb-polr/third_party/miniz -I/home/pei/Project/duckdb-polr/third_party/utf8proc/include -I/home/pei/Project/duckdb-polr/third_party/miniparquet -I/home/pei/Project/duckdb-polr/third_party/concurrentqueue -I/home/pei/Project/duckdb-polr/third_party/pcg -I/home/pei/Project/duckdb-polr/third_party/tdigest -I/home/pei/Project/duckdb-polr/third_party/mbedtls/include -I/home/pei/Project/duckdb-polr/third_party/jaro_winkler -O3 -DNDEBUG -O3 -DNDEBUG   -fPIC -fdiagnostics-color=always -std=c++11 -MD -MT src/planner/CMakeFiles/duckdb_planner.dir/ub_duckdb_planner.cpp.o -MF src/planner/CMakeFiles/duckdb_planner.dir/ub_duckdb_planner.cpp.o.d -o src/planner/CMakeFiles/duckdb_planner.dir/ub_duckdb_planner.cpp.o -c /home/pei/Project/duckdb-polr/build/release/src/planner/ub_duckdb_planner.cpp
[13/376] /usr/bin/ccache /usr/lib/ccache/c++ -DDUCKDB -DDUCKDB_BUILD_LIBRARY -DDUCKDB_MAIN_LIBRARY -DENABLE_CROSS_PRODUCT_REWRITE=0 -DENABLE_DEBUG_PRINT=0 -DENABLE_MEASURE_EXE_TIME=0 -DENABLE_MERGE_BACK_PLAN=0 -DENABLE_PARALLEL_EXECUTION=0 -DENABLE_QUERY_SPLIT=1 -DENABLE_SPECIFY_EST_STAT=0 -I/home/pei/Project/duckdb-polr/src/include -I/home/pei/Project/duckdb-polr/third_party/fsst -I/home/pei/Project/duckdb-polr/third_party/fmt/include -I/home/pei/Project/duckdb-polr/third_party/hyperloglog -I/home/pei/Project/duckdb-polr/third_party/fastpforlib -I/home/pei/Project/duckdb-polr/third_party/fast_float -I/home/pei/Project/duckdb-polr/third_party/re2 -I/home/pei/Project/duckdb-polr/third_party/miniz -I/home/pei/Project/duckdb-polr/third_party/utf8proc/include -I/home/pei/Project/duckdb-polr/third_party/miniparquet -I/home/pei/Project/duckdb-polr/third_party/concurrentqueue -I/home/pei/Project/duckdb-polr/third_party/pcg -I/home/pei/Project/duckdb-polr/third_party/tdigest -I/home/pei/Project/duckdb-polr/third_party/mbedtls/include -I/home/pei/Project/duckdb-polr/third_party/jaro_winkler -O3 -DNDEBUG -O3 -DNDEBUG   -fPIC -fdiagnostics-color=always -std=c++11 -MD -MT src/optimizer/CMakeFiles/duckdb_optimizer.dir/ub_duckdb_optimizer.cpp.o -MF src/optimizer/CMakeFiles/duckdb_optimizer.dir/ub_duckdb_optimizer.cpp.o.d -o src/optimizer/CMakeFiles/duckdb_optimizer.dir/ub_duckdb_optimizer.cpp.o -c /home/pei/Project/duckdb-polr/build/release/src/optimizer/ub_duckdb_optimizer.cpp
In file included from /home/pei/Project/duckdb-polr/src/include/duckdb/optimizer/optimizer.hpp:15,
                 from /home/pei/Project/duckdb-polr/src/include/duckdb/optimizer/expression_heuristics.hpp:11,
                 from /home/pei/Project/duckdb-polr/src/optimizer/expression_heuristics.cpp:1,
                 from /home/pei/Project/duckdb-polr/build/release/src/optimizer/ub_duckdb_optimizer.cpp:6:
/home/pei/Project/duckdb-polr/src/include/duckdb/optimizer/query_split/query_split.hpp:23:1: warning: inline variables are only available with ‘-std=c++17’ or ‘-std=gnu++17’ [-Wc++17-extensions]
   23 | inline bool execute_plan = false;
      | ^~~~~~
[14/376] /usr/bin/ccache /usr/lib/ccache/c++ -DDUCKDB -DDUCKDB_BUILD_LIBRARY -DDUCKDB_MAIN_LIBRARY -DENABLE_CROSS_PRODUCT_REWRITE=0 -DENABLE_DEBUG_PRINT=0 -DENABLE_MEASURE_EXE_TIME=0 -DENABLE_MERGE_BACK_PLAN=0 -DENABLE_PARALLEL_EXECUTION=0 -DENABLE_QUERY_SPLIT=1 -DENABLE_SPECIFY_EST_STAT=0 -I/home/pei/Project/duckdb-polr/src/include -I/home/pei/Project/duckdb-polr/third_party/fsst -I/home/pei/Project/duckdb-polr/third_party/fmt/include -I/home/pei/Project/duckdb-polr/third_party/hyperloglog -I/home/pei/Project/duckdb-polr/third_party/fastpforlib -I/home/pei/Project/duckdb-polr/third_party/fast_float -I/home/pei/Project/duckdb-polr/third_party/re2 -I/home/pei/Project/duckdb-polr/third_party/miniz -I/home/pei/Project/duckdb-polr/third_party/utf8proc/include -I/home/pei/Project/duckdb-polr/third_party/miniparquet -I/home/pei/Project/duckdb-polr/third_party/concurrentqueue -I/home/pei/Project/duckdb-polr/third_party/pcg -I/home/pei/Project/duckdb-polr/third_party/tdigest -I/home/pei/Project/duckdb-polr/third_party/mbedtls/include -I/home/pei/Project/duckdb-polr/third_party/jaro_winkler -O3 -DNDEBUG -O3 -DNDEBUG   -fPIC -fdiagnostics-color=always -std=c++11 -MD -MT src/planner/binder/expression/CMakeFiles/duckdb_bind_expression.dir/ub_duckdb_bind_expression.cpp.o -MF src/planner/binder/expression/CMakeFiles/duckdb_bind_expression.dir/ub_duckdb_bind_expression.cpp.o.d -o src/planner/binder/expression/CMakeFiles/duckdb_bind_expression.dir/ub_duckdb_bind_expression.cpp.o -c /home/pei/Project/duckdb-polr/build/release/src/planner/binder/expression/ub_duckdb_bind_expression.cpp
[15/376] /usr/bin/ccache /usr/lib/ccache/c++ -DDUCKDB -DDUCKDB_BUILD_LIBRARY -DDUCKDB_MAIN_LIBRARY -DENABLE_CROSS_PRODUCT_REWRITE=0 -DENABLE_DEBUG_PRINT=0 -DENABLE_MEASURE_EXE_TIME=0 -DENABLE_MERGE_BACK_PLAN=0 -DENABLE_PARALLEL_EXECUTION=0 -DENABLE_QUERY_SPLIT=1 -DENABLE_SPECIFY_EST_STAT=0 -I/home/pei/Project/duckdb-polr/src/include -I/home/pei/Project/duckdb-polr/third_party/fsst -I/home/pei/Project/duckdb-polr/third_party/fmt/include -I/home/pei/Project/duckdb-polr/third_party/hyperloglog -I/home/pei/Project/duckdb-polr/third_party/fastpforlib -I/home/pei/Project/duckdb-polr/third_party/fast_float -I/home/pei/Project/duckdb-polr/third_party/re2 -I/home/pei/Project/duckdb-polr/third_party/miniz -I/home/pei/Project/duckdb-polr/third_party/utf8proc/include -I/home/pei/Project/duckdb-polr/third_party/miniparquet -I/home/pei/Project/duckdb-polr/third_party/concurrentqueue -I/home/pei/Project/duckdb-polr/third_party/pcg -I/home/pei/Project/duckdb-polr/third_party/tdigest -I/home/pei/Project/duckdb-polr/third_party/mbedtls/include -I/home/pei/Project/duckdb-polr/third_party/jaro_winkler -O3 -DNDEBUG -O3 -DNDEBUG   -fPIC -fdiagnostics-color=always -std=c++11 -MD -MT src/planner/filter/CMakeFiles/duckdb_planner_filter.dir/ub_duckdb_planner_filter.cpp.o -MF src/planner/filter/CMakeFiles/duckdb_planner_filter.dir/ub_duckdb_planner_filter.cpp.o.d -o src/planner/filter/CMakeFiles/duckdb_planner_filter.dir/ub_duckdb_planner_filter.cpp.o -c /home/pei/Project/duckdb-polr/build/release/src/planner/filter/ub_duckdb_planner_filter.cpp
[16/376] /usr/bin/ccache /usr/lib/ccache/c++ -DDUCKDB -DDUCKDB_BUILD_LIBRARY -DDUCKDB_MAIN_LIBRARY -DENABLE_CROSS_PRODUCT_REWRITE=0 -DENABLE_DEBUG_PRINT=0 -DENABLE_MEASURE_EXE_TIME=0 -DENABLE_MERGE_BACK_PLAN=0 -DENABLE_PARALLEL_EXECUTION=0 -DENABLE_QUERY_SPLIT=1 -DENABLE_SPECIFY_EST_STAT=0 -I/home/pei/Project/duckdb-polr/src/include -I/home/pei/Project/duckdb-polr/third_party/fsst -I/home/pei/Project/duckdb-polr/third_party/fmt/include -I/home/pei/Project/duckdb-polr/third_party/hyperloglog -I/home/pei/Project/duckdb-polr/third_party/fastpforlib -I/home/pei/Project/duckdb-polr/third_party/fast_float -I/home/pei/Project/duckdb-polr/third_party/re2 -I/home/pei/Project/duckdb-polr/third_party/miniz -I/home/pei/Project/duckdb-polr/third_party/utf8proc/include -I/home/pei/Project/duckdb-polr/third_party/miniparquet -I/home/pei/Project/duckdb-polr/third_party/concurrentqueue -I/home/pei/Project/duckdb-polr/third_party/pcg -I/home/pei/Project/duckdb-polr/third_party/tdigest -I/home/pei/Project/duckdb-polr/third_party/mbedtls/include -I/home/pei/Project/duckdb-polr/third_party/jaro_winkler -O3 -DNDEBUG -O3 -DNDEBUG   -fPIC -fdiagnostics-color=always -std=c++11 -MD -MT src/planner/binder/tableref/CMakeFiles/duckdb_bind_tableref.dir/ub_duckdb_bind_tableref.cpp.o -MF src/planner/binder/tableref/CMakeFiles/duckdb_bind_tableref.dir/ub_duckdb_bind_tableref.cpp.o.d -o src/planner/binder/tableref/CMakeFiles/duckdb_bind_tableref.dir/ub_duckdb_bind_tableref.cpp.o -c /home/pei/Project/duckdb-polr/build/release/src/planner/binder/tableref/ub_duckdb_bind_tableref.cpp
[17/376] /usr/bin/ccache /usr/lib/ccache/c++ -DDUCKDB -DDUCKDB_BUILD_LIBRARY -DDUCKDB_MAIN_LIBRARY -DENABLE_CROSS_PRODUCT_REWRITE=0 -DENABLE_DEBUG_PRINT=0 -DENABLE_MEASURE_EXE_TIME=0 -DENABLE_MERGE_BACK_PLAN=0 -DENABLE_PARALLEL_EXECUTION=0 -DENABLE_QUERY_SPLIT=1 -DENABLE_SPECIFY_EST_STAT=0 -I/home/pei/Project/duckdb-polr/src/include -I/home/pei/Project/duckdb-polr/third_party/fsst -I/home/pei/Project/duckdb-polr/third_party/fmt/include -I/home/pei/Project/duckdb-polr/third_party/hyperloglog -I/home/pei/Project/duckdb-polr/third_party/fastpforlib -I/home/pei/Project/duckdb-polr/third_party/fast_float -I/home/pei/Project/duckdb-polr/third_party/re2 -I/home/pei/Project/duckdb-polr/third_party/miniz -I/home/pei/Project/duckdb-polr/third_party/utf8proc/include -I/home/pei/Project/duckdb-polr/third_party/miniparquet -I/home/pei/Project/duckdb-polr/third_party/concurrentqueue -I/home/pei/Project/duckdb-polr/third_party/pcg -I/home/pei/Project/duckdb-polr/third_party/tdigest -I/home/pei/Project/duckdb-polr/third_party/mbedtls/include -I/home/pei/Project/duckdb-polr/third_party/jaro_winkler -O3 -DNDEBUG -O3 -DNDEBUG   -fPIC -fdiagnostics-color=always -std=c++11 -MD -MT src/planner/expression_binder/CMakeFiles/duckdb_expression_binders.dir/ub_duckdb_expression_binders.cpp.o -MF src/planner/expression_binder/CMakeFiles/duckdb_expression_binders.dir/ub_duckdb_expression_binders.cpp.o.d -o src/planner/expression_binder/CMakeFiles/duckdb_expression_binders.dir/ub_duckdb_expression_binders.cpp.o -c /home/pei/Project/duckdb-polr/build/release/src/planner/expression_binder/ub_duckdb_expression_binders.cpp
[18/376] /usr/bin/ccache /usr/lib/ccache/c++ -DDUCKDB -DDUCKDB_BUILD_LIBRARY -DDUCKDB_MAIN_LIBRARY -DENABLE_CROSS_PRODUCT_REWRITE=0 -DENABLE_DEBUG_PRINT=0 -DENABLE_MEASURE_EXE_TIME=0 -DENABLE_MERGE_BACK_PLAN=0 -DENABLE_PARALLEL_EXECUTION=0 -DENABLE_QUERY_SPLIT=1 -DENABLE_SPECIFY_EST_STAT=0 -I/home/pei/Project/duckdb-polr/src/include -I/home/pei/Project/duckdb-polr/third_party/fsst -I/home/pei/Project/duckdb-polr/third_party/fmt/include -I/home/pei/Project/duckdb-polr/third_party/hyperloglog -I/home/pei/Project/duckdb-polr/third_party/fastpforlib -I/home/pei/Project/duckdb-polr/third_party/fast_float -I/home/pei/Project/duckdb-polr/third_party/re2 -I/home/pei/Project/duckdb-polr/third_party/miniz -I/home/pei/Project/duckdb-polr/third_party/utf8proc/include -I/home/pei/Project/duckdb-polr/third_party/miniparquet -I/home/pei/Project/duckdb-polr/third_party/concurrentqueue -I/home/pei/Project/duckdb-polr/third_party/pcg -I/home/pei/Project/duckdb-polr/third_party/tdigest -I/home/pei/Project/duckdb-polr/third_party/mbedtls/include -I/home/pei/Project/duckdb-polr/third_party/jaro_winkler -I/home/pei/Project/duckdb-polr/src/parser/../../third_party/libpg_query/include -I/home/pei/Project/duckdb-polr/src/parser/../../third_party/libpg_query -O3 -DNDEBUG -O3 -DNDEBUG   -fPIC -fdiagnostics-color=always -std=c++11 -MD -MT src/parser/constraints/CMakeFiles/duckdb_constraints.dir/ub_duckdb_constraints.cpp.o -MF src/parser/constraints/CMakeFiles/duckdb_constraints.dir/ub_duckdb_constraints.cpp.o.d -o src/parser/constraints/CMakeFiles/duckdb_constraints.dir/ub_duckdb_constraints.cpp.o -c /home/pei/Project/duckdb-polr/build/release/src/parser/constraints/ub_duckdb_constraints.cpp
[19/376] /usr/bin/ccache /usr/lib/ccache/c++ -DDUCKDB -DDUCKDB_BUILD_LIBRARY -DDUCKDB_MAIN_LIBRARY -DENABLE_CROSS_PRODUCT_REWRITE=0 -DENABLE_DEBUG_PRINT=0 -DENABLE_MEASURE_EXE_TIME=0 -DENABLE_MERGE_BACK_PLAN=0 -DENABLE_PARALLEL_EXECUTION=0 -DENABLE_QUERY_SPLIT=1 -DENABLE_SPECIFY_EST_STAT=0 -I/home/pei/Project/duckdb-polr/src/include -I/home/pei/Project/duckdb-polr/third_party/fsst -I/home/pei/Project/duckdb-polr/third_party/fmt/include -I/home/pei/Project/duckdb-polr/third_party/hyperloglog -I/home/pei/Project/duckdb-polr/third_party/fastpforlib -I/home/pei/Project/duckdb-polr/third_party/fast_float -I/home/pei/Project/duckdb-polr/third_party/re2 -I/home/pei/Project/duckdb-polr/third_party/miniz -I/home/pei/Project/duckdb-polr/third_party/utf8proc/include -I/home/pei/Project/duckdb-polr/third_party/miniparquet -I/home/pei/Project/duckdb-polr/third_party/concurrentqueue -I/home/pei/Project/duckdb-polr/third_party/pcg -I/home/pei/Project/duckdb-polr/third_party/tdigest -I/home/pei/Project/duckdb-polr/third_party/mbedtls/include -I/home/pei/Project/duckdb-polr/third_party/jaro_winkler -I/home/pei/Project/duckdb-polr/src/parser/../../third_party/libpg_query/include -I/home/pei/Project/duckdb-polr/src/parser/../../third_party/libpg_query -O3 -DNDEBUG -O3 -DNDEBUG   -fPIC -fdiagnostics-color=always -std=c++11 -MD -MT src/parser/expression/CMakeFiles/duckdb_expression.dir/ub_duckdb_expression.cpp.o -MF src/parser/expression/CMakeFiles/duckdb_expression.dir/ub_duckdb_expression.cpp.o.d -o src/parser/expression/CMakeFiles/duckdb_expression.dir/ub_duckdb_expression.cpp.o -c /home/pei/Project/duckdb-polr/build/release/src/parser/expression/ub_duckdb_expression.cpp
[20/376] /usr/bin/ccache /usr/lib/ccache/c++ -DDUCKDB -DDUCKDB_BUILD_LIBRARY -DDUCKDB_MAIN_LIBRARY -DENABLE_CROSS_PRODUCT_REWRITE=0 -DENABLE_DEBUG_PRINT=0 -DENABLE_MEASURE_EXE_TIME=0 -DENABLE_MERGE_BACK_PLAN=0 -DENABLE_PARALLEL_EXECUTION=0 -DENABLE_QUERY_SPLIT=1 -DENABLE_SPECIFY_EST_STAT=0 -I/home/pei/Project/duckdb-polr/src/include -I/home/pei/Project/duckdb-polr/third_party/fsst -I/home/pei/Project/duckdb-polr/third_party/fmt/include -I/home/pei/Project/duckdb-polr/third_party/hyperloglog -I/home/pei/Project/duckdb-polr/third_party/fastpforlib -I/home/pei/Project/duckdb-polr/third_party/fast_float -I/home/pei/Project/duckdb-polr/third_party/re2 -I/home/pei/Project/duckdb-polr/third_party/miniz -I/home/pei/Project/duckdb-polr/third_party/utf8proc/include -I/home/pei/Project/duckdb-polr/third_party/miniparquet -I/home/pei/Project/duckdb-polr/third_party/concurrentqueue -I/home/pei/Project/duckdb-polr/third_party/pcg -I/home/pei/Project/duckdb-polr/third_party/tdigest -I/home/pei/Project/duckdb-polr/third_party/mbedtls/include -I/home/pei/Project/duckdb-polr/third_party/jaro_winkler -I/home/pei/Project/duckdb-polr/src/parser/../../third_party/libpg_query/include -I/home/pei/Project/duckdb-polr/src/parser/../../third_party/libpg_query -O3 -DNDEBUG -O3 -DNDEBUG   -fPIC -fdiagnostics-color=always -std=c++11 -MD -MT src/parser/tableref/CMakeFiles/duckdb_parser_tableref.dir/ub_duckdb_parser_tableref.cpp.o -MF src/parser/tableref/CMakeFiles/duckdb_parser_tableref.dir/ub_duckdb_parser_tableref.cpp.o.d -o src/parser/tableref/CMakeFiles/duckdb_parser_tableref.dir/ub_duckdb_parser_tableref.cpp.o -c /home/pei/Project/duckdb-polr/build/release/src/parser/tableref/ub_duckdb_parser_tableref.cpp
[21/376] /usr/bin/ccache /usr/lib/ccache/c++ -DDUCKDB -DDUCKDB_BUILD_LIBRARY -DDUCKDB_MAIN_LIBRARY -DENABLE_CROSS_PRODUCT_REWRITE=0 -DENABLE_DEBUG_PRINT=0 -DENABLE_MEASURE_EXE_TIME=0 -DENABLE_MERGE_BACK_PLAN=0 -DENABLE_PARALLEL_EXECUTION=0 -DENABLE_QUERY_SPLIT=1 -DENABLE_SPECIFY_EST_STAT=0 -I/home/pei/Project/duckdb-polr/src/include -I/home/pei/Project/duckdb-polr/third_party/fsst -I/home/pei/Project/duckdb-polr/third_party/fmt/include -I/home/pei/Project/duckdb-polr/third_party/hyperloglog -I/home/pei/Project/duckdb-polr/third_party/fastpforlib -I/home/pei/Project/duckdb-polr/third_party/fast_float -I/home/pei/Project/duckdb-polr/third_party/re2 -I/home/pei/Project/duckdb-polr/third_party/miniz -I/home/pei/Project/duckdb-polr/third_party/utf8proc/include -I/home/pei/Project/duckdb-polr/third_party/miniparquet -I/home/pei/Project/duckdb-polr/third_party/concurrentqueue -I/home/pei/Project/duckdb-polr/third_party/pcg -I/home/pei/Project/duckdb-polr/third_party/tdigest -I/home/pei/Project/duckdb-polr/third_party/mbedtls/include -I/home/pei/Project/duckdb-polr/third_party/jaro_winkler -I/home/pei/Project/duckdb-polr/src/parser/../../third_party/libpg_query/include -I/home/pei/Project/duckdb-polr/src/parser/../../third_party/libpg_query -O3 -DNDEBUG -O3 -DNDEBUG   -fPIC -fdiagnostics-color=always -std=c++11 -MD -MT src/parser/CMakeFiles/duckdb_parser.dir/ub_duckdb_parser.cpp.o -MF src/parser/CMakeFiles/duckdb_parser.dir/ub_duckdb_parser.cpp.o.d -o src/parser/CMakeFiles/duckdb_parser.dir/ub_duckdb_parser.cpp.o -c /home/pei/Project/duckdb-polr/build/release/src/parser/ub_duckdb_parser.cpp
[22/376] /usr/bin/ccache /usr/lib/ccache/c++ -DDUCKDB -DDUCKDB_BUILD_LIBRARY -DDUCKDB_MAIN_LIBRARY -DENABLE_CROSS_PRODUCT_REWRITE=0 -DENABLE_DEBUG_PRINT=0 -DENABLE_MEASURE_EXE_TIME=0 -DENABLE_MERGE_BACK_PLAN=0 -DENABLE_PARALLEL_EXECUTION=0 -DENABLE_QUERY_SPLIT=1 -DENABLE_SPECIFY_EST_STAT=0 -I/home/pei/Project/duckdb-polr/src/include -I/home/pei/Project/duckdb-polr/third_party/fsst -I/home/pei/Project/duckdb-polr/third_party/fmt/include -I/home/pei/Project/duckdb-polr/third_party/hyperloglog -I/home/pei/Project/duckdb-polr/third_party/fastpforlib -I/home/pei/Project/duckdb-polr/third_party/fast_float -I/home/pei/Project/duckdb-polr/third_party/re2 -I/home/pei/Project/duckdb-polr/third_party/miniz -I/home/pei/Project/duckdb-polr/third_party/utf8proc/include -I/home/pei/Project/duckdb-polr/third_party/miniparquet -I/home/pei/Project/duckdb-polr/third_party/concurrentqueue -I/home/pei/Project/duckdb-polr/third_party/pcg -I/home/pei/Project/duckdb-polr/third_party/tdigest -I/home/pei/Project/duckdb-polr/third_party/mbedtls/include -I/home/pei/Project/duckdb-polr/third_party/jaro_winkler -I/home/pei/Project/duckdb-polr/src/parser/../../third_party/libpg_query/include -I/home/pei/Project/duckdb-polr/src/parser/../../third_party/libpg_query -O3 -DNDEBUG -O3 -DNDEBUG   -fPIC -fdiagnostics-color=always -std=c++11 -MD -MT src/parser/transform/constraint/CMakeFiles/duckdb_transformer_constraint.dir/ub_duckdb_transformer_constraint.cpp.o -MF src/parser/transform/constraint/CMakeFiles/duckdb_transformer_constraint.dir/ub_duckdb_transformer_constraint.cpp.o.d -o src/parser/transform/constraint/CMakeFiles/duckdb_transformer_constraint.dir/ub_duckdb_transformer_constraint.cpp.o -c /home/pei/Project/duckdb-polr/build/release/src/parser/transform/constraint/ub_duckdb_transformer_constraint.cpp
[23/376] /usr/bin/ccache /usr/lib/ccache/c++ -DDUCKDB -DDUCKDB_BUILD_LIBRARY -DDUCKDB_MAIN_LIBRARY -DENABLE_CROSS_PRODUCT_REWRITE=0 -DENABLE_DEBUG_PRINT=0 -DENABLE_MEASURE_EXE_TIME=0 -DENABLE_MERGE_BACK_PLAN=0 -DENABLE_PARALLEL_EXECUTION=0 -DENABLE_QUERY_SPLIT=1 -DENABLE_SPECIFY_EST_STAT=0 -I/home/pei/Project/duckdb-polr/src/include -I/home/pei/Project/duckdb-polr/third_party/fsst -I/home/pei/Project/duckdb-polr/third_party/fmt/include -I/home/pei/Project/duckdb-polr/third_party/hyperloglog -I/home/pei/Project/duckdb-polr/third_party/fastpforlib -I/home/pei/Project/duckdb-polr/third_party/fast_float -I/home/pei/Project/duckdb-polr/third_party/re2 -I/home/pei/Project/duckdb-polr/third_party/miniz -I/home/pei/Project/duckdb-polr/third_party/utf8proc/include -I/home/pei/Project/duckdb-polr/third_party/miniparquet -I/home/pei/Project/duckdb-polr/third_party/concurrentqueue -I/home/pei/Project/duckdb-polr/third_party/pcg -I/home/pei/Project/duckdb-polr/third_party/tdigest -I/home/pei/Project/duckdb-polr/third_party/mbedtls/include -I/home/pei/Project/duckdb-polr/third_party/jaro_winkler -O3 -DNDEBUG -O3 -DNDEBUG   -fPIC -fdiagnostics-color=always -std=c++11 -MD -MT src/planner/parsed_data/CMakeFiles/duckdb_planner_parsed_data.dir/ub_duckdb_planner_parsed_data.cpp.o -MF src/planner/parsed_data/CMakeFiles/duckdb_planner_parsed_data.dir/ub_duckdb_planner_parsed_data.cpp.o.d -o src/planner/parsed_data/CMakeFiles/duckdb_planner_parsed_data.dir/ub_duckdb_planner_parsed_data.cpp.o -c /home/pei/Project/duckdb-polr/build/release/src/planner/parsed_data/ub_duckdb_planner_parsed_data.cpp
[24/376] /usr/bin/ccache /usr/lib/ccache/c++ -DDUCKDB -DDUCKDB_BUILD_LIBRARY -DDUCKDB_MAIN_LIBRARY -DENABLE_CROSS_PRODUCT_REWRITE=0 -DENABLE_DEBUG_PRINT=0 -DENABLE_MEASURE_EXE_TIME=0 -DENABLE_MERGE_BACK_PLAN=0 -DENABLE_PARALLEL_EXECUTION=0 -DENABLE_QUERY_SPLIT=1 -DENABLE_SPECIFY_EST_STAT=0 -I/home/pei/Project/duckdb-polr/src/include -I/home/pei/Project/duckdb-polr/third_party/fsst -I/home/pei/Project/duckdb-polr/third_party/fmt/include -I/home/pei/Project/duckdb-polr/third_party/hyperloglog -I/home/pei/Project/duckdb-polr/third_party/fastpforlib -I/home/pei/Project/duckdb-polr/third_party/fast_float -I/home/pei/Project/duckdb-polr/third_party/re2 -I/home/pei/Project/duckdb-polr/third_party/miniz -I/home/pei/Project/duckdb-polr/third_party/utf8proc/include -I/home/pei/Project/duckdb-polr/third_party/miniparquet -I/home/pei/Project/duckdb-polr/third_party/concurrentqueue -I/home/pei/Project/duckdb-polr/third_party/pcg -I/home/pei/Project/duckdb-polr/third_party/tdigest -I/home/pei/Project/duckdb-polr/third_party/mbedtls/include -I/home/pei/Project/duckdb-polr/third_party/jaro_winkler -O3 -DNDEBUG -O3 -DNDEBUG   -fPIC -fdiagnostics-color=always -std=c++11 -MD -MT src/planner/subquery/CMakeFiles/duckdb_planner_subquery.dir/ub_duckdb_planner_subquery.cpp.o -MF src/planner/subquery/CMakeFiles/duckdb_planner_subquery.dir/ub_duckdb_planner_subquery.cpp.o.d -o src/planner/subquery/CMakeFiles/duckdb_planner_subquery.dir/ub_duckdb_planner_subquery.cpp.o -c /home/pei/Project/duckdb-polr/build/release/src/planner/subquery/ub_duckdb_planner_subquery.cpp
[25/376] /usr/bin/ccache /usr/lib/ccache/c++ -DDUCKDB -DDUCKDB_BUILD_LIBRARY -DDUCKDB_MAIN_LIBRARY -DENABLE_CROSS_PRODUCT_REWRITE=0 -DENABLE_DEBUG_PRINT=0 -DENABLE_MEASURE_EXE_TIME=0 -DENABLE_MERGE_BACK_PLAN=0 -DENABLE_PARALLEL_EXECUTION=0 -DENABLE_QUERY_SPLIT=1 -DENABLE_SPECIFY_EST_STAT=0 -I/home/pei/Project/duckdb-polr/src/include -I/home/pei/Project/duckdb-polr/third_party/fsst -I/home/pei/Project/duckdb-polr/third_party/fmt/include -I/home/pei/Project/duckdb-polr/third_party/hyperloglog -I/home/pei/Project/duckdb-polr/third_party/fastpforlib -I/home/pei/Project/duckdb-polr/third_party/fast_float -I/home/pei/Project/duckdb-polr/third_party/re2 -I/home/pei/Project/duckdb-polr/third_party/miniz -I/home/pei/Project/duckdb-polr/third_party/utf8proc/include -I/home/pei/Project/duckdb-polr/third_party/miniparquet -I/home/pei/Project/duckdb-polr/third_party/concurrentqueue -I/home/pei/Project/duckdb-polr/third_party/pcg -I/home/pei/Project/duckdb-polr/third_party/tdigest -I/home/pei/Project/duckdb-polr/third_party/mbedtls/include -I/home/pei/Project/duckdb-polr/third_party/jaro_winkler -O3 -DNDEBUG -O3 -DNDEBUG   -fPIC -fdiagnostics-color=always -std=c++11 -MD -MT src/planner/operator/CMakeFiles/duckdb_planner_operator.dir/ub_duckdb_planner_operator.cpp.o -MF src/planner/operator/CMakeFiles/duckdb_planner_operator.dir/ub_duckdb_planner_operator.cpp.o.d -o src/planner/operator/CMakeFiles/duckdb_planner_operator.dir/ub_duckdb_planner_operator.cpp.o -c /home/pei/Project/duckdb-polr/build/release/src/planner/operator/ub_duckdb_planner_operator.cpp
[26/376] /usr/bin/ccache /usr/lib/ccache/c++ -DDUCKDB -DDUCKDB_BUILD_LIBRARY -DDUCKDB_MAIN_LIBRARY -DENABLE_CROSS_PRODUCT_REWRITE=0 -DENABLE_DEBUG_PRINT=0 -DENABLE_MEASURE_EXE_TIME=0 -DENABLE_MERGE_BACK_PLAN=0 -DENABLE_PARALLEL_EXECUTION=0 -DENABLE_QUERY_SPLIT=1 -DENABLE_SPECIFY_EST_STAT=0 -I/home/pei/Project/duckdb-polr/src/include -I/home/pei/Project/duckdb-polr/third_party/fsst -I/home/pei/Project/duckdb-polr/third_party/fmt/include -I/home/pei/Project/duckdb-polr/third_party/hyperloglog -I/home/pei/Project/duckdb-polr/third_party/fastpforlib -I/home/pei/Project/duckdb-polr/third_party/fast_float -I/home/pei/Project/duckdb-polr/third_party/re2 -I/home/pei/Project/duckdb-polr/third_party/miniz -I/home/pei/Project/duckdb-polr/third_party/utf8proc/include -I/home/pei/Project/duckdb-polr/third_party/miniparquet -I/home/pei/Project/duckdb-polr/third_party/concurrentqueue -I/home/pei/Project/duckdb-polr/third_party/pcg -I/home/pei/Project/duckdb-polr/third_party/tdigest -I/home/pei/Project/duckdb-polr/third_party/mbedtls/include -I/home/pei/Project/duckdb-polr/third_party/jaro_winkler -I/home/pei/Project/duckdb-polr/src/parser/../../third_party/libpg_query/include -I/home/pei/Project/duckdb-polr/src/parser/../../third_party/libpg_query -O3 -DNDEBUG -O3 -DNDEBUG   -fPIC -fdiagnostics-color=always -std=c++11 -MD -MT src/parser/parsed_data/CMakeFiles/duckdb_parsed_data.dir/ub_duckdb_parsed_data.cpp.o -MF src/parser/parsed_data/CMakeFiles/duckdb_parsed_data.dir/ub_duckdb_parsed_data.cpp.o.d -o src/parser/parsed_data/CMakeFiles/duckdb_parsed_data.dir/ub_duckdb_parsed_data.cpp.o -c /home/pei/Project/duckdb-polr/build/release/src/parser/parsed_data/ub_duckdb_parsed_data.cpp
[27/376] /usr/bin/ccache /usr/lib/ccache/c++ -DDUCKDB -DDUCKDB_BUILD_LIBRARY -DDUCKDB_MAIN_LIBRARY -DENABLE_CROSS_PRODUCT_REWRITE=0 -DENABLE_DEBUG_PRINT=0 -DENABLE_MEASURE_EXE_TIME=0 -DENABLE_MERGE_BACK_PLAN=0 -DENABLE_PARALLEL_EXECUTION=0 -DENABLE_QUERY_SPLIT=1 -DENABLE_SPECIFY_EST_STAT=0 -I/home/pei/Project/duckdb-polr/src/include -I/home/pei/Project/duckdb-polr/third_party/fsst -I/home/pei/Project/duckdb-polr/third_party/fmt/include -I/home/pei/Project/duckdb-polr/third_party/hyperloglog -I/home/pei/Project/duckdb-polr/third_party/fastpforlib -I/home/pei/Project/duckdb-polr/third_party/fast_float -I/home/pei/Project/duckdb-polr/third_party/re2 -I/home/pei/Project/duckdb-polr/third_party/miniz -I/home/pei/Project/duckdb-polr/third_party/utf8proc/include -I/home/pei/Project/duckdb-polr/third_party/miniparquet -I/home/pei/Project/duckdb-polr/third_party/concurrentqueue -I/home/pei/Project/duckdb-polr/third_party/pcg -I/home/pei/Project/duckdb-polr/third_party/tdigest -I/home/pei/Project/duckdb-polr/third_party/mbedtls/include -I/home/pei/Project/duckdb-polr/third_party/jaro_winkler -I/home/pei/Project/duckdb-polr/src/parser/../../third_party/libpg_query/include -I/home/pei/Project/duckdb-polr/src/parser/../../third_party/libpg_query -O3 -DNDEBUG -O3 -DNDEBUG   -fPIC -fdiagnostics-color=always -std=c++11 -MD -MT src/parser/query_node/CMakeFiles/duckdb_query_node.dir/ub_duckdb_query_node.cpp.o -MF src/parser/query_node/CMakeFiles/duckdb_query_node.dir/ub_duckdb_query_node.cpp.o.d -o src/parser/query_node/CMakeFiles/duckdb_query_node.dir/ub_duckdb_query_node.cpp.o -c /home/pei/Project/duckdb-polr/build/release/src/parser/query_node/ub_duckdb_query_node.cpp
[28/376] /usr/bin/ccache /usr/lib/ccache/c++ -DDUCKDB -DDUCKDB_BUILD_LIBRARY -DDUCKDB_MAIN_LIBRARY -DENABLE_CROSS_PRODUCT_REWRITE=0 -DENABLE_DEBUG_PRINT=0 -DENABLE_MEASURE_EXE_TIME=0 -DENABLE_MERGE_BACK_PLAN=0 -DENABLE_PARALLEL_EXECUTION=0 -DENABLE_QUERY_SPLIT=1 -DENABLE_SPECIFY_EST_STAT=0 -I/home/pei/Project/duckdb-polr/src/include -I/home/pei/Project/duckdb-polr/third_party/fsst -I/home/pei/Project/duckdb-polr/third_party/fmt/include -I/home/pei/Project/duckdb-polr/third_party/hyperloglog -I/home/pei/Project/duckdb-polr/third_party/fastpforlib -I/home/pei/Project/duckdb-polr/third_party/fast_float -I/home/pei/Project/duckdb-polr/third_party/re2 -I/home/pei/Project/duckdb-polr/third_party/miniz -I/home/pei/Project/duckdb-polr/third_party/utf8proc/include -I/home/pei/Project/duckdb-polr/third_party/miniparquet -I/home/pei/Project/duckdb-polr/third_party/concurrentqueue -I/home/pei/Project/duckdb-polr/third_party/pcg -I/home/pei/Project/duckdb-polr/third_party/tdigest -I/home/pei/Project/duckdb-polr/third_party/mbedtls/include -I/home/pei/Project/duckdb-polr/third_party/jaro_winkler -I/home/pei/Project/duckdb-polr/src/parser/../../third_party/libpg_query/include -I/home/pei/Project/duckdb-polr/src/parser/../../third_party/libpg_query -O3 -DNDEBUG -O3 -DNDEBUG   -fPIC -fdiagnostics-color=always -std=c++11 -MD -MT src/parser/statement/CMakeFiles/duckdb_statement.dir/ub_duckdb_statement.cpp.o -MF src/parser/statement/CMakeFiles/duckdb_statement.dir/ub_duckdb_statement.cpp.o.d -o src/parser/statement/CMakeFiles/duckdb_statement.dir/ub_duckdb_statement.cpp.o -c /home/pei/Project/duckdb-polr/build/release/src/parser/statement/ub_duckdb_statement.cpp
[29/376] /usr/bin/ccache /usr/lib/ccache/c++ -DDUCKDB -DDUCKDB_BUILD_LIBRARY -DDUCKDB_MAIN_LIBRARY -DENABLE_CROSS_PRODUCT_REWRITE=0 -DENABLE_DEBUG_PRINT=0 -DENABLE_MEASURE_EXE_TIME=0 -DENABLE_MERGE_BACK_PLAN=0 -DENABLE_PARALLEL_EXECUTION=0 -DENABLE_QUERY_SPLIT=1 -DENABLE_SPECIFY_EST_STAT=0 -I/home/pei/Project/duckdb-polr/src/include -I/home/pei/Project/duckdb-polr/third_party/fsst -I/home/pei/Project/duckdb-polr/third_party/fmt/include -I/home/pei/Project/duckdb-polr/third_party/hyperloglog -I/home/pei/Project/duckdb-polr/third_party/fastpforlib -I/home/pei/Project/duckdb-polr/third_party/fast_float -I/home/pei/Project/duckdb-polr/third_party/re2 -I/home/pei/Project/duckdb-polr/third_party/miniz -I/home/pei/Project/duckdb-polr/third_party/utf8proc/include -I/home/pei/Project/duckdb-polr/third_party/miniparquet -I/home/pei/Project/duckdb-polr/third_party/concurrentqueue -I/home/pei/Project/duckdb-polr/third_party/pcg -I/home/pei/Project/duckdb-polr/third_party/tdigest -I/home/pei/Project/duckdb-polr/third_party/mbedtls/include -I/home/pei/Project/duckdb-polr/third_party/jaro_winkler -I/home/pei/Project/duckdb-polr/src/parser/../../third_party/libpg_query/include -I/home/pei/Project/duckdb-polr/src/parser/../../third_party/libpg_query -O3 -DNDEBUG -O3 -DNDEBUG   -fPIC -fdiagnostics-color=always -std=c++11 -MD -MT src/parser/transform/helpers/CMakeFiles/duckdb_transformer_helpers.dir/ub_duckdb_transformer_helpers.cpp.o -MF src/parser/transform/helpers/CMakeFiles/duckdb_transformer_helpers.dir/ub_duckdb_transformer_helpers.cpp.o.d -o src/parser/transform/helpers/CMakeFiles/duckdb_transformer_helpers.dir/ub_duckdb_transformer_helpers.cpp.o -c /home/pei/Project/duckdb-polr/build/release/src/parser/transform/helpers/ub_duckdb_transformer_helpers.cpp
[30/376] /usr/bin/ccache /usr/lib/ccache/c++ -DDUCKDB -DDUCKDB_BUILD_LIBRARY -DDUCKDB_MAIN_LIBRARY -DENABLE_CROSS_PRODUCT_REWRITE=0 -DENABLE_DEBUG_PRINT=0 -DENABLE_MEASURE_EXE_TIME=0 -DENABLE_MERGE_BACK_PLAN=0 -DENABLE_PARALLEL_EXECUTION=0 -DENABLE_QUERY_SPLIT=1 -DENABLE_SPECIFY_EST_STAT=0 -I/home/pei/Project/duckdb-polr/src/include -I/home/pei/Project/duckdb-polr/third_party/fsst -I/home/pei/Project/duckdb-polr/third_party/fmt/include -I/home/pei/Project/duckdb-polr/third_party/hyperloglog -I/home/pei/Project/duckdb-polr/third_party/fastpforlib -I/home/pei/Project/duckdb-polr/third_party/fast_float -I/home/pei/Project/duckdb-polr/third_party/re2 -I/home/pei/Project/duckdb-polr/third_party/miniz -I/home/pei/Project/duckdb-polr/third_party/utf8proc/include -I/home/pei/Project/duckdb-polr/third_party/miniparquet -I/home/pei/Project/duckdb-polr/third_party/concurrentqueue -I/home/pei/Project/duckdb-polr/third_party/pcg -I/home/pei/Project/duckdb-polr/third_party/tdigest -I/home/pei/Project/duckdb-polr/third_party/mbedtls/include -I/home/pei/Project/duckdb-polr/third_party/jaro_winkler -I/home/pei/Project/duckdb-polr/src/parser/../../third_party/libpg_query/include -I/home/pei/Project/duckdb-polr/src/parser/../../third_party/libpg_query -O3 -DNDEBUG -O3 -DNDEBUG   -fPIC -fdiagnostics-color=always -std=c++11 -MD -MT src/parser/transform/expression/CMakeFiles/duckdb_transformer_expression.dir/ub_duckdb_transformer_expression.cpp.o -MF src/parser/transform/expression/CMakeFiles/duckdb_transformer_expression.dir/ub_duckdb_transformer_expression.cpp.o.d -o src/parser/transform/expression/CMakeFiles/duckdb_transformer_expression.dir/ub_duckdb_transformer_expression.cpp.o -c /home/pei/Project/duckdb-polr/build/release/src/parser/transform/expression/ub_duckdb_transformer_expression.cpp
[31/376] /usr/bin/ccache /usr/lib/ccache/c++ -DDUCKDB -DDUCKDB_BUILD_LIBRARY -DDUCKDB_MAIN_LIBRARY -DENABLE_CROSS_PRODUCT_REWRITE=0 -DENABLE_DEBUG_PRINT=0 -DENABLE_MEASURE_EXE_TIME=0 -DENABLE_MERGE_BACK_PLAN=0 -DENABLE_PARALLEL_EXECUTION=0 -DENABLE_QUERY_SPLIT=1 -DENABLE_SPECIFY_EST_STAT=0 -I/home/pei/Project/duckdb-polr/src/include -I/home/pei/Project/duckdb-polr/third_party/fsst -I/home/pei/Project/duckdb-polr/third_party/fmt/include -I/home/pei/Project/duckdb-polr/third_party/hyperloglog -I/home/pei/Project/duckdb-polr/third_party/fastpforlib -I/home/pei/Project/duckdb-polr/third_party/fast_float -I/home/pei/Project/duckdb-polr/third_party/re2 -I/home/pei/Project/duckdb-polr/third_party/miniz -I/home/pei/Project/duckdb-polr/third_party/utf8proc/include -I/home/pei/Project/duckdb-polr/third_party/miniparquet -I/home/pei/Project/duckdb-polr/third_party/concurrentqueue -I/home/pei/Project/duckdb-polr/third_party/pcg -I/home/pei/Project/duckdb-polr/third_party/tdigest -I/home/pei/Project/duckdb-polr/third_party/mbedtls/include -I/home/pei/Project/duckdb-polr/third_party/jaro_winkler -I/home/pei/Project/duckdb-polr/src/parser/../../third_party/libpg_query/include -I/home/pei/Project/duckdb-polr/src/parser/../../third_party/libpg_query -O3 -DNDEBUG -O3 -DNDEBUG   -fPIC -fdiagnostics-color=always -std=c++11 -MD -MT src/parser/transform/tableref/CMakeFiles/duckdb_transformer_tableref.dir/ub_duckdb_transformer_tableref.cpp.o -MF src/parser/transform/tableref/CMakeFiles/duckdb_transformer_tableref.dir/ub_duckdb_transformer_tableref.cpp.o.d -o src/parser/transform/tableref/CMakeFiles/duckdb_transformer_tableref.dir/ub_duckdb_transformer_tableref.cpp.o -c /home/pei/Project/duckdb-polr/build/release/src/parser/transform/tableref/ub_duckdb_transformer_tableref.cpp
[32/376] /usr/bin/ccache /usr/lib/ccache/c++ -DDUCKDB -DDUCKDB_BUILD_LIBRARY -DDUCKDB_MAIN_LIBRARY -DENABLE_CROSS_PRODUCT_REWRITE=0 -DENABLE_DEBUG_PRINT=0 -DENABLE_MEASURE_EXE_TIME=0 -DENABLE_MERGE_BACK_PLAN=0 -DENABLE_PARALLEL_EXECUTION=0 -DENABLE_QUERY_SPLIT=1 -DENABLE_SPECIFY_EST_STAT=0 -I/home/pei/Project/duckdb-polr/src/include -I/home/pei/Project/duckdb-polr/third_party/fsst -I/home/pei/Project/duckdb-polr/third_party/fmt/include -I/home/pei/Project/duckdb-polr/third_party/hyperloglog -I/home/pei/Project/duckdb-polr/third_party/fastpforlib -I/home/pei/Project/duckdb-polr/third_party/fast_float -I/home/pei/Project/duckdb-polr/third_party/re2 -I/home/pei/Project/duckdb-polr/third_party/miniz -I/home/pei/Project/duckdb-polr/third_party/utf8proc/include -I/home/pei/Project/duckdb-polr/third_party/miniparquet -I/home/pei/Project/duckdb-polr/third_party/concurrentqueue -I/home/pei/Project/duckdb-polr/third_party/pcg -I/home/pei/Project/duckdb-polr/third_party/tdigest -I/home/pei/Project/duckdb-polr/third_party/mbedtls/include -I/home/pei/Project/duckdb-polr/third_party/jaro_winkler -O3 -DNDEBUG -O3 -DNDEBUG   -fPIC -fdiagnostics-color=always -std=c++11 -MD -MT src/function/aggregate/nested/CMakeFiles/duckdb_aggr_nested.dir/ub_duckdb_aggr_nested.cpp.o -MF src/function/aggregate/nested/CMakeFiles/duckdb_aggr_nested.dir/ub_duckdb_aggr_nested.cpp.o.d -o src/function/aggregate/nested/CMakeFiles/duckdb_aggr_nested.dir/ub_duckdb_aggr_nested.cpp.o -c /home/pei/Project/duckdb-polr/build/release/src/function/aggregate/nested/ub_duckdb_aggr_nested.cpp
[33/376] /usr/bin/ccache /usr/lib/ccache/c++ -DDUCKDB -DDUCKDB_BUILD_LIBRARY -DDUCKDB_MAIN_LIBRARY -DENABLE_CROSS_PRODUCT_REWRITE=0 -DENABLE_DEBUG_PRINT=0 -DENABLE_MEASURE_EXE_TIME=0 -DENABLE_MERGE_BACK_PLAN=0 -DENABLE_PARALLEL_EXECUTION=0 -DENABLE_QUERY_SPLIT=1 -DENABLE_SPECIFY_EST_STAT=0 -I/home/pei/Project/duckdb-polr/src/include -I/home/pei/Project/duckdb-polr/third_party/fsst -I/home/pei/Project/duckdb-polr/third_party/fmt/include -I/home/pei/Project/duckdb-polr/third_party/hyperloglog -I/home/pei/Project/duckdb-polr/third_party/fastpforlib -I/home/pei/Project/duckdb-polr/third_party/fast_float -I/home/pei/Project/duckdb-polr/third_party/re2 -I/home/pei/Project/duckdb-polr/third_party/miniz -I/home/pei/Project/duckdb-polr/third_party/utf8proc/include -I/home/pei/Project/duckdb-polr/third_party/miniparquet -I/home/pei/Project/duckdb-polr/third_party/concurrentqueue -I/home/pei/Project/duckdb-polr/third_party/pcg -I/home/pei/Project/duckdb-polr/third_party/tdigest -I/home/pei/Project/duckdb-polr/third_party/mbedtls/include -I/home/pei/Project/duckdb-polr/third_party/jaro_winkler -I/home/pei/Project/duckdb-polr/src/parser/../../third_party/libpg_query/include -I/home/pei/Project/duckdb-polr/src/parser/../../third_party/libpg_query -O3 -DNDEBUG -O3 -DNDEBUG   -fPIC -fdiagnostics-color=always -std=c++11 -MD -MT src/parser/transform/statement/CMakeFiles/duckdb_transformer_statement.dir/ub_duckdb_transformer_statement.cpp.o -MF src/parser/transform/statement/CMakeFiles/duckdb_transformer_statement.dir/ub_duckdb_transformer_statement.cpp.o.d -o src/parser/transform/statement/CMakeFiles/duckdb_transformer_statement.dir/ub_duckdb_transformer_statement.cpp.o -c /home/pei/Project/duckdb-polr/build/release/src/parser/transform/statement/ub_duckdb_transformer_statement.cpp
[34/376] /usr/bin/ccache /usr/lib/ccache/c++ -DDUCKDB -DDUCKDB_BUILD_LIBRARY -DDUCKDB_MAIN_LIBRARY -DENABLE_CROSS_PRODUCT_REWRITE=0 -DENABLE_DEBUG_PRINT=0 -DENABLE_MEASURE_EXE_TIME=0 -DENABLE_MERGE_BACK_PLAN=0 -DENABLE_PARALLEL_EXECUTION=0 -DENABLE_QUERY_SPLIT=1 -DENABLE_SPECIFY_EST_STAT=0 -I/home/pei/Project/duckdb-polr/src/include -I/home/pei/Project/duckdb-polr/third_party/fsst -I/home/pei/Project/duckdb-polr/third_party/fmt/include -I/home/pei/Project/duckdb-polr/third_party/hyperloglog -I/home/pei/Project/duckdb-polr/third_party/fastpforlib -I/home/pei/Project/duckdb-polr/third_party/fast_float -I/home/pei/Project/duckdb-polr/third_party/re2 -I/home/pei/Project/duckdb-polr/third_party/miniz -I/home/pei/Project/duckdb-polr/third_party/utf8proc/include -I/home/pei/Project/duckdb-polr/third_party/miniparquet -I/home/pei/Project/duckdb-polr/third_party/concurrentqueue -I/home/pei/Project/duckdb-polr/third_party/pcg -I/home/pei/Project/duckdb-polr/third_party/tdigest -I/home/pei/Project/duckdb-polr/third_party/mbedtls/include -I/home/pei/Project/duckdb-polr/third_party/jaro_winkler -O3 -DNDEBUG -O3 -DNDEBUG   -fPIC -fdiagnostics-color=always -std=c++11 -MD -MT src/function/aggregate/CMakeFiles/duckdb_func_aggr.dir/ub_duckdb_func_aggr.cpp.o -MF src/function/aggregate/CMakeFiles/duckdb_func_aggr.dir/ub_duckdb_func_aggr.cpp.o.d -o src/function/aggregate/CMakeFiles/duckdb_func_aggr.dir/ub_duckdb_func_aggr.cpp.o -c /home/pei/Project/duckdb-polr/build/release/src/function/aggregate/ub_duckdb_func_aggr.cpp
[35/376] /usr/bin/ccache /usr/lib/ccache/c++ -DDUCKDB -DDUCKDB_BUILD_LIBRARY -DDUCKDB_MAIN_LIBRARY -DENABLE_CROSS_PRODUCT_REWRITE=0 -DENABLE_DEBUG_PRINT=0 -DENABLE_MEASURE_EXE_TIME=0 -DENABLE_MERGE_BACK_PLAN=0 -DENABLE_PARALLEL_EXECUTION=0 -DENABLE_QUERY_SPLIT=1 -DENABLE_SPECIFY_EST_STAT=0 -I/home/pei/Project/duckdb-polr/src/include -I/home/pei/Project/duckdb-polr/third_party/fsst -I/home/pei/Project/duckdb-polr/third_party/fmt/include -I/home/pei/Project/duckdb-polr/third_party/hyperloglog -I/home/pei/Project/duckdb-polr/third_party/fastpforlib -I/home/pei/Project/duckdb-polr/third_party/fast_float -I/home/pei/Project/duckdb-polr/third_party/re2 -I/home/pei/Project/duckdb-polr/third_party/miniz -I/home/pei/Project/duckdb-polr/third_party/utf8proc/include -I/home/pei/Project/duckdb-polr/third_party/miniparquet -I/home/pei/Project/duckdb-polr/third_party/concurrentqueue -I/home/pei/Project/duckdb-polr/third_party/pcg -I/home/pei/Project/duckdb-polr/third_party/tdigest -I/home/pei/Project/duckdb-polr/third_party/mbedtls/include -I/home/pei/Project/duckdb-polr/third_party/jaro_winkler -O3 -DNDEBUG -O3 -DNDEBUG   -fPIC -fdiagnostics-color=always -std=c++11 -MD -MT src/function/aggregate/algebraic/CMakeFiles/duckdb_aggr_algebraic.dir/ub_duckdb_aggr_algebraic.cpp.o -MF src/function/aggregate/algebraic/CMakeFiles/duckdb_aggr_algebraic.dir/ub_duckdb_aggr_algebraic.cpp.o.d -o src/function/aggregate/algebraic/CMakeFiles/duckdb_aggr_algebraic.dir/ub_duckdb_aggr_algebraic.cpp.o -c /home/pei/Project/duckdb-polr/build/release/src/function/aggregate/algebraic/ub_duckdb_aggr_algebraic.cpp
[36/376] /usr/bin/ccache /usr/lib/ccache/c++ -DDUCKDB -DDUCKDB_BUILD_LIBRARY -DDUCKDB_MAIN_LIBRARY -DENABLE_CROSS_PRODUCT_REWRITE=0 -DENABLE_DEBUG_PRINT=0 -DENABLE_MEASURE_EXE_TIME=0 -DENABLE_MERGE_BACK_PLAN=0 -DENABLE_PARALLEL_EXECUTION=0 -DENABLE_QUERY_SPLIT=1 -DENABLE_SPECIFY_EST_STAT=0 -I/home/pei/Project/duckdb-polr/src/include -I/home/pei/Project/duckdb-polr/third_party/fsst -I/home/pei/Project/duckdb-polr/third_party/fmt/include -I/home/pei/Project/duckdb-polr/third_party/hyperloglog -I/home/pei/Project/duckdb-polr/third_party/fastpforlib -I/home/pei/Project/duckdb-polr/third_party/fast_float -I/home/pei/Project/duckdb-polr/third_party/re2 -I/home/pei/Project/duckdb-polr/third_party/miniz -I/home/pei/Project/duckdb-polr/third_party/utf8proc/include -I/home/pei/Project/duckdb-polr/third_party/miniparquet -I/home/pei/Project/duckdb-polr/third_party/concurrentqueue -I/home/pei/Project/duckdb-polr/third_party/pcg -I/home/pei/Project/duckdb-polr/third_party/tdigest -I/home/pei/Project/duckdb-polr/third_party/mbedtls/include -I/home/pei/Project/duckdb-polr/third_party/jaro_winkler -O3 -DNDEBUG -O3 -DNDEBUG   -fPIC -fdiagnostics-color=always -std=c++11 -MD -MT src/function/scalar/CMakeFiles/duckdb_func_scalar.dir/ub_duckdb_func_scalar.cpp.o -MF src/function/scalar/CMakeFiles/duckdb_func_scalar.dir/ub_duckdb_func_scalar.cpp.o.d -o src/function/scalar/CMakeFiles/duckdb_func_scalar.dir/ub_duckdb_func_scalar.cpp.o -c /home/pei/Project/duckdb-polr/build/release/src/function/scalar/ub_duckdb_func_scalar.cpp
[37/376] /usr/bin/ccache /usr/lib/ccache/c++ -DDUCKDB -DDUCKDB_BUILD_LIBRARY -DDUCKDB_MAIN_LIBRARY -DENABLE_CROSS_PRODUCT_REWRITE=0 -DENABLE_DEBUG_PRINT=0 -DENABLE_MEASURE_EXE_TIME=0 -DENABLE_MERGE_BACK_PLAN=0 -DENABLE_PARALLEL_EXECUTION=0 -DENABLE_QUERY_SPLIT=1 -DENABLE_SPECIFY_EST_STAT=0 -I/home/pei/Project/duckdb-polr/src/include -I/home/pei/Project/duckdb-polr/third_party/fsst -I/home/pei/Project/duckdb-polr/third_party/fmt/include -I/home/pei/Project/duckdb-polr/third_party/hyperloglog -I/home/pei/Project/duckdb-polr/third_party/fastpforlib -I/home/pei/Project/duckdb-polr/third_party/fast_float -I/home/pei/Project/duckdb-polr/third_party/re2 -I/home/pei/Project/duckdb-polr/third_party/miniz -I/home/pei/Project/duckdb-polr/third_party/utf8proc/include -I/home/pei/Project/duckdb-polr/third_party/miniparquet -I/home/pei/Project/duckdb-polr/third_party/concurrentqueue -I/home/pei/Project/duckdb-polr/third_party/pcg -I/home/pei/Project/duckdb-polr/third_party/tdigest -I/home/pei/Project/duckdb-polr/third_party/mbedtls/include -I/home/pei/Project/duckdb-polr/third_party/jaro_winkler -O3 -DNDEBUG -O3 -DNDEBUG   -fPIC -fdiagnostics-color=always -std=c++11 -MD -MT src/function/CMakeFiles/duckdb_function.dir/ub_duckdb_function.cpp.o -MF src/function/CMakeFiles/duckdb_function.dir/ub_duckdb_function.cpp.o.d -o src/function/CMakeFiles/duckdb_function.dir/ub_duckdb_function.cpp.o -c /home/pei/Project/duckdb-polr/build/release/src/function/ub_duckdb_function.cpp
[38/376] /usr/bin/ccache /usr/lib/ccache/c++ -DDUCKDB -DDUCKDB_BUILD_LIBRARY -DDUCKDB_MAIN_LIBRARY -DENABLE_CROSS_PRODUCT_REWRITE=0 -DENABLE_DEBUG_PRINT=0 -DENABLE_MEASURE_EXE_TIME=0 -DENABLE_MERGE_BACK_PLAN=0 -DENABLE_PARALLEL_EXECUTION=0 -DENABLE_QUERY_SPLIT=1 -DENABLE_SPECIFY_EST_STAT=0 -I/home/pei/Project/duckdb-polr/src/include -I/home/pei/Project/duckdb-polr/third_party/fsst -I/home/pei/Project/duckdb-polr/third_party/fmt/include -I/home/pei/Project/duckdb-polr/third_party/hyperloglog -I/home/pei/Project/duckdb-polr/third_party/fastpforlib -I/home/pei/Project/duckdb-polr/third_party/fast_float -I/home/pei/Project/duckdb-polr/third_party/re2 -I/home/pei/Project/duckdb-polr/third_party/miniz -I/home/pei/Project/duckdb-polr/third_party/utf8proc/include -I/home/pei/Project/duckdb-polr/third_party/miniparquet -I/home/pei/Project/duckdb-polr/third_party/concurrentqueue -I/home/pei/Project/duckdb-polr/third_party/pcg -I/home/pei/Project/duckdb-polr/third_party/tdigest -I/home/pei/Project/duckdb-polr/third_party/mbedtls/include -I/home/pei/Project/duckdb-polr/third_party/jaro_winkler -O3 -DNDEBUG -O3 -DNDEBUG   -fPIC -fdiagnostics-color=always -std=c++11 -MD -MT src/function/aggregate/regression/CMakeFiles/duckdb_aggr_regr.dir/ub_duckdb_aggr_regr.cpp.o -MF src/function/aggregate/regression/CMakeFiles/duckdb_aggr_regr.dir/ub_duckdb_aggr_regr.cpp.o.d -o src/function/aggregate/regression/CMakeFiles/duckdb_aggr_regr.dir/ub_duckdb_aggr_regr.cpp.o -c /home/pei/Project/duckdb-polr/build/release/src/function/aggregate/regression/ub_duckdb_aggr_regr.cpp
[39/376] /usr/bin/ccache /usr/lib/ccache/c++ -DDUCKDB -DDUCKDB_BUILD_LIBRARY -DDUCKDB_MAIN_LIBRARY -DENABLE_CROSS_PRODUCT_REWRITE=0 -DENABLE_DEBUG_PRINT=0 -DENABLE_MEASURE_EXE_TIME=0 -DENABLE_MERGE_BACK_PLAN=0 -DENABLE_PARALLEL_EXECUTION=0 -DENABLE_QUERY_SPLIT=1 -DENABLE_SPECIFY_EST_STAT=0 -I/home/pei/Project/duckdb-polr/src/include -I/home/pei/Project/duckdb-polr/third_party/fsst -I/home/pei/Project/duckdb-polr/third_party/fmt/include -I/home/pei/Project/duckdb-polr/third_party/hyperloglog -I/home/pei/Project/duckdb-polr/third_party/fastpforlib -I/home/pei/Project/duckdb-polr/third_party/fast_float -I/home/pei/Project/duckdb-polr/third_party/re2 -I/home/pei/Project/duckdb-polr/third_party/miniz -I/home/pei/Project/duckdb-polr/third_party/utf8proc/include -I/home/pei/Project/duckdb-polr/third_party/miniparquet -I/home/pei/Project/duckdb-polr/third_party/concurrentqueue -I/home/pei/Project/duckdb-polr/third_party/pcg -I/home/pei/Project/duckdb-polr/third_party/tdigest -I/home/pei/Project/duckdb-polr/third_party/mbedtls/include -I/home/pei/Project/duckdb-polr/third_party/jaro_winkler -O3 -DNDEBUG -O3 -DNDEBUG   -fPIC -fdiagnostics-color=always -std=c++11 -MD -MT src/function/aggregate/distributive/CMakeFiles/duckdb_aggr_distr.dir/ub_duckdb_aggr_distr.cpp.o -MF src/function/aggregate/distributive/CMakeFiles/duckdb_aggr_distr.dir/ub_duckdb_aggr_distr.cpp.o.d -o src/function/aggregate/distributive/CMakeFiles/duckdb_aggr_distr.dir/ub_duckdb_aggr_distr.cpp.o -c /home/pei/Project/duckdb-polr/build/release/src/function/aggregate/distributive/ub_duckdb_aggr_distr.cpp
[40/376] /usr/bin/ccache /usr/lib/ccache/c++ -DDUCKDB -DDUCKDB_BUILD_LIBRARY -DDUCKDB_MAIN_LIBRARY -DENABLE_CROSS_PRODUCT_REWRITE=0 -DENABLE_DEBUG_PRINT=0 -DENABLE_MEASURE_EXE_TIME=0 -DENABLE_MERGE_BACK_PLAN=0 -DENABLE_PARALLEL_EXECUTION=0 -DENABLE_QUERY_SPLIT=1 -DENABLE_SPECIFY_EST_STAT=0 -I/home/pei/Project/duckdb-polr/src/include -I/home/pei/Project/duckdb-polr/third_party/fsst -I/home/pei/Project/duckdb-polr/third_party/fmt/include -I/home/pei/Project/duckdb-polr/third_party/hyperloglog -I/home/pei/Project/duckdb-polr/third_party/fastpforlib -I/home/pei/Project/duckdb-polr/third_party/fast_float -I/home/pei/Project/duckdb-polr/third_party/re2 -I/home/pei/Project/duckdb-polr/third_party/miniz -I/home/pei/Project/duckdb-polr/third_party/utf8proc/include -I/home/pei/Project/duckdb-polr/third_party/miniparquet -I/home/pei/Project/duckdb-polr/third_party/concurrentqueue -I/home/pei/Project/duckdb-polr/third_party/pcg -I/home/pei/Project/duckdb-polr/third_party/tdigest -I/home/pei/Project/duckdb-polr/third_party/mbedtls/include -I/home/pei/Project/duckdb-polr/third_party/jaro_winkler -O3 -DNDEBUG -O3 -DNDEBUG   -fPIC -fdiagnostics-color=always -std=c++11 -MD -MT src/function/scalar/blob/CMakeFiles/duckdb_func_blob.dir/ub_duckdb_func_blob.cpp.o -MF src/function/scalar/blob/CMakeFiles/duckdb_func_blob.dir/ub_duckdb_func_blob.cpp.o.d -o src/function/scalar/blob/CMakeFiles/duckdb_func_blob.dir/ub_duckdb_func_blob.cpp.o -c /home/pei/Project/duckdb-polr/build/release/src/function/scalar/blob/ub_duckdb_func_blob.cpp
[41/376] /usr/bin/ccache /usr/lib/ccache/c++ -DDUCKDB -DDUCKDB_BUILD_LIBRARY -DDUCKDB_MAIN_LIBRARY -DENABLE_CROSS_PRODUCT_REWRITE=0 -DENABLE_DEBUG_PRINT=0 -DENABLE_MEASURE_EXE_TIME=0 -DENABLE_MERGE_BACK_PLAN=0 -DENABLE_PARALLEL_EXECUTION=0 -DENABLE_QUERY_SPLIT=1 -DENABLE_SPECIFY_EST_STAT=0 -I/home/pei/Project/duckdb-polr/src/include -I/home/pei/Project/duckdb-polr/third_party/fsst -I/home/pei/Project/duckdb-polr/third_party/fmt/include -I/home/pei/Project/duckdb-polr/third_party/hyperloglog -I/home/pei/Project/duckdb-polr/third_party/fastpforlib -I/home/pei/Project/duckdb-polr/third_party/fast_float -I/home/pei/Project/duckdb-polr/third_party/re2 -I/home/pei/Project/duckdb-polr/third_party/miniz -I/home/pei/Project/duckdb-polr/third_party/utf8proc/include -I/home/pei/Project/duckdb-polr/third_party/miniparquet -I/home/pei/Project/duckdb-polr/third_party/concurrentqueue -I/home/pei/Project/duckdb-polr/third_party/pcg -I/home/pei/Project/duckdb-polr/third_party/tdigest -I/home/pei/Project/duckdb-polr/third_party/mbedtls/include -I/home/pei/Project/duckdb-polr/third_party/jaro_winkler -O3 -DNDEBUG -O3 -DNDEBUG   -fPIC -fdiagnostics-color=always -std=c++11 -MD -MT src/function/aggregate/holistic/CMakeFiles/duckdb_aggr_holistic.dir/ub_duckdb_aggr_holistic.cpp.o -MF src/function/aggregate/holistic/CMakeFiles/duckdb_aggr_holistic.dir/ub_duckdb_aggr_holistic.cpp.o.d -o src/function/aggregate/holistic/CMakeFiles/duckdb_aggr_holistic.dir/ub_duckdb_aggr_holistic.cpp.o -c /home/pei/Project/duckdb-polr/build/release/src/function/aggregate/holistic/ub_duckdb_aggr_holistic.cpp
[42/376] /usr/bin/ccache /usr/lib/ccache/c++ -DDUCKDB -DDUCKDB_BUILD_LIBRARY -DDUCKDB_MAIN_LIBRARY -DENABLE_CROSS_PRODUCT_REWRITE=0 -DENABLE_DEBUG_PRINT=0 -DENABLE_MEASURE_EXE_TIME=0 -DENABLE_MERGE_BACK_PLAN=0 -DENABLE_PARALLEL_EXECUTION=0 -DENABLE_QUERY_SPLIT=1 -DENABLE_SPECIFY_EST_STAT=0 -I/home/pei/Project/duckdb-polr/src/include -I/home/pei/Project/duckdb-polr/third_party/fsst -I/home/pei/Project/duckdb-polr/third_party/fmt/include -I/home/pei/Project/duckdb-polr/third_party/hyperloglog -I/home/pei/Project/duckdb-polr/third_party/fastpforlib -I/home/pei/Project/duckdb-polr/third_party/fast_float -I/home/pei/Project/duckdb-polr/third_party/re2 -I/home/pei/Project/duckdb-polr/third_party/miniz -I/home/pei/Project/duckdb-polr/third_party/utf8proc/include -I/home/pei/Project/duckdb-polr/third_party/miniparquet -I/home/pei/Project/duckdb-polr/third_party/concurrentqueue -I/home/pei/Project/duckdb-polr/third_party/pcg -I/home/pei/Project/duckdb-polr/third_party/tdigest -I/home/pei/Project/duckdb-polr/third_party/mbedtls/include -I/home/pei/Project/duckdb-polr/third_party/jaro_winkler -O3 -DNDEBUG -O3 -DNDEBUG   -fPIC -fdiagnostics-color=always -std=c++11 -MD -MT src/function/cast/CMakeFiles/duckdb_func_cast.dir/ub_duckdb_func_cast.cpp.o -MF src/function/cast/CMakeFiles/duckdb_func_cast.dir/ub_duckdb_func_cast.cpp.o.d -o src/function/cast/CMakeFiles/duckdb_func_cast.dir/ub_duckdb_func_cast.cpp.o -c /home/pei/Project/duckdb-polr/build/release/src/function/cast/ub_duckdb_func_cast.cpp
[43/376] /usr/bin/ccache /usr/lib/ccache/c++ -DDUCKDB -DDUCKDB_BUILD_LIBRARY -DDUCKDB_MAIN_LIBRARY -DENABLE_CROSS_PRODUCT_REWRITE=0 -DENABLE_DEBUG_PRINT=0 -DENABLE_MEASURE_EXE_TIME=0 -DENABLE_MERGE_BACK_PLAN=0 -DENABLE_PARALLEL_EXECUTION=0 -DENABLE_QUERY_SPLIT=1 -DENABLE_SPECIFY_EST_STAT=0 -I/home/pei/Project/duckdb-polr/src/include -I/home/pei/Project/duckdb-polr/third_party/fsst -I/home/pei/Project/duckdb-polr/third_party/fmt/include -I/home/pei/Project/duckdb-polr/third_party/hyperloglog -I/home/pei/Project/duckdb-polr/third_party/fastpforlib -I/home/pei/Project/duckdb-polr/third_party/fast_float -I/home/pei/Project/duckdb-polr/third_party/re2 -I/home/pei/Project/duckdb-polr/third_party/miniz -I/home/pei/Project/duckdb-polr/third_party/utf8proc/include -I/home/pei/Project/duckdb-polr/third_party/miniparquet -I/home/pei/Project/duckdb-polr/third_party/concurrentqueue -I/home/pei/Project/duckdb-polr/third_party/pcg -I/home/pei/Project/duckdb-polr/third_party/tdigest -I/home/pei/Project/duckdb-polr/third_party/mbedtls/include -I/home/pei/Project/duckdb-polr/third_party/jaro_winkler -O3 -DNDEBUG -O3 -DNDEBUG   -fPIC -fdiagnostics-color=always -std=c++11 -MD -MT src/function/scalar/generic/CMakeFiles/duckdb_func_generic.dir/ub_duckdb_func_generic.cpp.o -MF src/function/scalar/generic/CMakeFiles/duckdb_func_generic.dir/ub_duckdb_func_generic.cpp.o.d -o src/function/scalar/generic/CMakeFiles/duckdb_func_generic.dir/ub_duckdb_func_generic.cpp.o -c /home/pei/Project/duckdb-polr/build/release/src/function/scalar/generic/ub_duckdb_func_generic.cpp
[44/376] /usr/bin/ccache /usr/lib/ccache/c++ -DDUCKDB -DDUCKDB_BUILD_LIBRARY -DDUCKDB_MAIN_LIBRARY -DENABLE_CROSS_PRODUCT_REWRITE=0 -DENABLE_DEBUG_PRINT=0 -DENABLE_MEASURE_EXE_TIME=0 -DENABLE_MERGE_BACK_PLAN=0 -DENABLE_PARALLEL_EXECUTION=0 -DENABLE_QUERY_SPLIT=1 -DENABLE_SPECIFY_EST_STAT=0 -I/home/pei/Project/duckdb-polr/src/include -I/home/pei/Project/duckdb-polr/third_party/fsst -I/home/pei/Project/duckdb-polr/third_party/fmt/include -I/home/pei/Project/duckdb-polr/third_party/hyperloglog -I/home/pei/Project/duckdb-polr/third_party/fastpforlib -I/home/pei/Project/duckdb-polr/third_party/fast_float -I/home/pei/Project/duckdb-polr/third_party/re2 -I/home/pei/Project/duckdb-polr/third_party/miniz -I/home/pei/Project/duckdb-polr/third_party/utf8proc/include -I/home/pei/Project/duckdb-polr/third_party/miniparquet -I/home/pei/Project/duckdb-polr/third_party/concurrentqueue -I/home/pei/Project/duckdb-polr/third_party/pcg -I/home/pei/Project/duckdb-polr/third_party/tdigest -I/home/pei/Project/duckdb-polr/third_party/mbedtls/include -I/home/pei/Project/duckdb-polr/third_party/jaro_winkler -O3 -DNDEBUG -O3 -DNDEBUG   -fPIC -fdiagnostics-color=always -std=c++11 -MD -MT src/function/pragma/CMakeFiles/duckdb_func_pragma.dir/ub_duckdb_func_pragma.cpp.o -MF src/function/pragma/CMakeFiles/duckdb_func_pragma.dir/ub_duckdb_func_pragma.cpp.o.d -o src/function/pragma/CMakeFiles/duckdb_func_pragma.dir/ub_duckdb_func_pragma.cpp.o -c /home/pei/Project/duckdb-polr/build/release/src/function/pragma/ub_duckdb_func_pragma.cpp
[45/376] /usr/bin/ccache /usr/lib/ccache/c++ -DDUCKDB -DDUCKDB_BUILD_LIBRARY -DDUCKDB_MAIN_LIBRARY -DENABLE_CROSS_PRODUCT_REWRITE=0 -DENABLE_DEBUG_PRINT=0 -DENABLE_MEASURE_EXE_TIME=0 -DENABLE_MERGE_BACK_PLAN=0 -DENABLE_PARALLEL_EXECUTION=0 -DENABLE_QUERY_SPLIT=1 -DENABLE_SPECIFY_EST_STAT=0 -I/home/pei/Project/duckdb-polr/src/include -I/home/pei/Project/duckdb-polr/third_party/fsst -I/home/pei/Project/duckdb-polr/third_party/fmt/include -I/home/pei/Project/duckdb-polr/third_party/hyperloglog -I/home/pei/Project/duckdb-polr/third_party/fastpforlib -I/home/pei/Project/duckdb-polr/third_party/fast_float -I/home/pei/Project/duckdb-polr/third_party/re2 -I/home/pei/Project/duckdb-polr/third_party/miniz -I/home/pei/Project/duckdb-polr/third_party/utf8proc/include -I/home/pei/Project/duckdb-polr/third_party/miniparquet -I/home/pei/Project/duckdb-polr/third_party/concurrentqueue -I/home/pei/Project/duckdb-polr/third_party/pcg -I/home/pei/Project/duckdb-polr/third_party/tdigest -I/home/pei/Project/duckdb-polr/third_party/mbedtls/include -I/home/pei/Project/duckdb-polr/third_party/jaro_winkler -O3 -DNDEBUG -O3 -DNDEBUG   -fPIC -fdiagnostics-color=always -std=c++11 -MD -MT src/function/scalar/date/CMakeFiles/duckdb_func_date.dir/ub_duckdb_func_date.cpp.o -MF src/function/scalar/date/CMakeFiles/duckdb_func_date.dir/ub_duckdb_func_date.cpp.o.d -o src/function/scalar/date/CMakeFiles/duckdb_func_date.dir/ub_duckdb_func_date.cpp.o -c /home/pei/Project/duckdb-polr/build/release/src/function/scalar/date/ub_duckdb_func_date.cpp
[46/376] /usr/bin/ccache /usr/lib/ccache/c++ -DDUCKDB -DDUCKDB_BUILD_LIBRARY -DDUCKDB_MAIN_LIBRARY -DENABLE_CROSS_PRODUCT_REWRITE=0 -DENABLE_DEBUG_PRINT=0 -DENABLE_MEASURE_EXE_TIME=0 -DENABLE_MERGE_BACK_PLAN=0 -DENABLE_PARALLEL_EXECUTION=0 -DENABLE_QUERY_SPLIT=1 -DENABLE_SPECIFY_EST_STAT=0 -I/home/pei/Project/duckdb-polr/src/include -I/home/pei/Project/duckdb-polr/third_party/fsst -I/home/pei/Project/duckdb-polr/third_party/fmt/include -I/home/pei/Project/duckdb-polr/third_party/hyperloglog -I/home/pei/Project/duckdb-polr/third_party/fastpforlib -I/home/pei/Project/duckdb-polr/third_party/fast_float -I/home/pei/Project/duckdb-polr/third_party/re2 -I/home/pei/Project/duckdb-polr/third_party/miniz -I/home/pei/Project/duckdb-polr/third_party/utf8proc/include -I/home/pei/Project/duckdb-polr/third_party/miniparquet -I/home/pei/Project/duckdb-polr/third_party/concurrentqueue -I/home/pei/Project/duckdb-polr/third_party/pcg -I/home/pei/Project/duckdb-polr/third_party/tdigest -I/home/pei/Project/duckdb-polr/third_party/mbedtls/include -I/home/pei/Project/duckdb-polr/third_party/jaro_winkler -O3 -DNDEBUG -O3 -DNDEBUG   -fPIC -fdiagnostics-color=always -std=c++11 -MD -MT src/function/scalar/enum/CMakeFiles/duckdb_func_enum.dir/ub_duckdb_func_enum.cpp.o -MF src/function/scalar/enum/CMakeFiles/duckdb_func_enum.dir/ub_duckdb_func_enum.cpp.o.d -o src/function/scalar/enum/CMakeFiles/duckdb_func_enum.dir/ub_duckdb_func_enum.cpp.o -c /home/pei/Project/duckdb-polr/build/release/src/function/scalar/enum/ub_duckdb_func_enum.cpp
[47/376] /usr/bin/ccache /usr/lib/ccache/c++ -DDUCKDB -DDUCKDB_BUILD_LIBRARY -DDUCKDB_MAIN_LIBRARY -DENABLE_CROSS_PRODUCT_REWRITE=0 -DENABLE_DEBUG_PRINT=0 -DENABLE_MEASURE_EXE_TIME=0 -DENABLE_MERGE_BACK_PLAN=0 -DENABLE_PARALLEL_EXECUTION=0 -DENABLE_QUERY_SPLIT=1 -DENABLE_SPECIFY_EST_STAT=0 -I/home/pei/Project/duckdb-polr/src/include -I/home/pei/Project/duckdb-polr/third_party/fsst -I/home/pei/Project/duckdb-polr/third_party/fmt/include -I/home/pei/Project/duckdb-polr/third_party/hyperloglog -I/home/pei/Project/duckdb-polr/third_party/fastpforlib -I/home/pei/Project/duckdb-polr/third_party/fast_float -I/home/pei/Project/duckdb-polr/third_party/re2 -I/home/pei/Project/duckdb-polr/third_party/miniz -I/home/pei/Project/duckdb-polr/third_party/utf8proc/include -I/home/pei/Project/duckdb-polr/third_party/miniparquet -I/home/pei/Project/duckdb-polr/third_party/concurrentqueue -I/home/pei/Project/duckdb-polr/third_party/pcg -I/home/pei/Project/duckdb-polr/third_party/tdigest -I/home/pei/Project/duckdb-polr/third_party/mbedtls/include -I/home/pei/Project/duckdb-polr/third_party/jaro_winkler -O3 -DNDEBUG -O3 -DNDEBUG   -fPIC -fdiagnostics-color=always -std=c++11 -MD -MT src/function/scalar/operators/CMakeFiles/duckdb_func_ops.dir/ub_duckdb_func_ops.cpp.o -MF src/function/scalar/operators/CMakeFiles/duckdb_func_ops.dir/ub_duckdb_func_ops.cpp.o.d -o src/function/scalar/operators/CMakeFiles/duckdb_func_ops.dir/ub_duckdb_func_ops.cpp.o -c /home/pei/Project/duckdb-polr/build/release/src/function/scalar/operators/ub_duckdb_func_ops.cpp
[48/376] /usr/bin/ccache /usr/lib/ccache/c++ -DDUCKDB -DDUCKDB_BUILD_LIBRARY -DDUCKDB_MAIN_LIBRARY -DENABLE_CROSS_PRODUCT_REWRITE=0 -DENABLE_DEBUG_PRINT=0 -DENABLE_MEASURE_EXE_TIME=0 -DENABLE_MERGE_BACK_PLAN=0 -DENABLE_PARALLEL_EXECUTION=0 -DENABLE_QUERY_SPLIT=1 -DENABLE_SPECIFY_EST_STAT=0 -I/home/pei/Project/duckdb-polr/src/include -I/home/pei/Project/duckdb-polr/third_party/fsst -I/home/pei/Project/duckdb-polr/third_party/fmt/include -I/home/pei/Project/duckdb-polr/third_party/hyperloglog -I/home/pei/Project/duckdb-polr/third_party/fastpforlib -I/home/pei/Project/duckdb-polr/third_party/fast_float -I/home/pei/Project/duckdb-polr/third_party/re2 -I/home/pei/Project/duckdb-polr/third_party/miniz -I/home/pei/Project/duckdb-polr/third_party/utf8proc/include -I/home/pei/Project/duckdb-polr/third_party/miniparquet -I/home/pei/Project/duckdb-polr/third_party/concurrentqueue -I/home/pei/Project/duckdb-polr/third_party/pcg -I/home/pei/Project/duckdb-polr/third_party/tdigest -I/home/pei/Project/duckdb-polr/third_party/mbedtls/include -I/home/pei/Project/duckdb-polr/third_party/jaro_winkler -O3 -DNDEBUG -O3 -DNDEBUG   -fPIC -fdiagnostics-color=always -std=c++11 -MD -MT src/function/scalar/system/CMakeFiles/duckdb_func_system.dir/ub_duckdb_func_system.cpp.o -MF src/function/scalar/system/CMakeFiles/duckdb_func_system.dir/ub_duckdb_func_system.cpp.o.d -o src/function/scalar/system/CMakeFiles/duckdb_func_system.dir/ub_duckdb_func_system.cpp.o -c /home/pei/Project/duckdb-polr/build/release/src/function/scalar/system/ub_duckdb_func_system.cpp
[49/376] /usr/bin/ccache /usr/lib/ccache/c++ -DDUCKDB -DDUCKDB_BUILD_LIBRARY -DDUCKDB_MAIN_LIBRARY -DENABLE_CROSS_PRODUCT_REWRITE=0 -DENABLE_DEBUG_PRINT=0 -DENABLE_MEASURE_EXE_TIME=0 -DENABLE_MERGE_BACK_PLAN=0 -DENABLE_PARALLEL_EXECUTION=0 -DENABLE_QUERY_SPLIT=1 -DENABLE_SPECIFY_EST_STAT=0 -I/home/pei/Project/duckdb-polr/src/include -I/home/pei/Project/duckdb-polr/third_party/fsst -I/home/pei/Project/duckdb-polr/third_party/fmt/include -I/home/pei/Project/duckdb-polr/third_party/hyperloglog -I/home/pei/Project/duckdb-polr/third_party/fastpforlib -I/home/pei/Project/duckdb-polr/third_party/fast_float -I/home/pei/Project/duckdb-polr/third_party/re2 -I/home/pei/Project/duckdb-polr/third_party/miniz -I/home/pei/Project/duckdb-polr/third_party/utf8proc/include -I/home/pei/Project/duckdb-polr/third_party/miniparquet -I/home/pei/Project/duckdb-polr/third_party/concurrentqueue -I/home/pei/Project/duckdb-polr/third_party/pcg -I/home/pei/Project/duckdb-polr/third_party/tdigest -I/home/pei/Project/duckdb-polr/third_party/mbedtls/include -I/home/pei/Project/duckdb-polr/third_party/jaro_winkler -O3 -DNDEBUG -O3 -DNDEBUG   -fPIC -fdiagnostics-color=always -std=c++11 -MD -MT src/function/scalar/map/CMakeFiles/duckdb_func_map_nested.dir/ub_duckdb_func_map_nested.cpp.o -MF src/function/scalar/map/CMakeFiles/duckdb_func_map_nested.dir/ub_duckdb_func_map_nested.cpp.o.d -o src/function/scalar/map/CMakeFiles/duckdb_func_map_nested.dir/ub_duckdb_func_map_nested.cpp.o -c /home/pei/Project/duckdb-polr/build/release/src/function/scalar/map/ub_duckdb_func_map_nested.cpp
[50/376] /usr/bin/ccache /usr/lib/ccache/c++ -DDUCKDB -DDUCKDB_BUILD_LIBRARY -DDUCKDB_MAIN_LIBRARY -DENABLE_CROSS_PRODUCT_REWRITE=0 -DENABLE_DEBUG_PRINT=0 -DENABLE_MEASURE_EXE_TIME=0 -DENABLE_MERGE_BACK_PLAN=0 -DENABLE_PARALLEL_EXECUTION=0 -DENABLE_QUERY_SPLIT=1 -DENABLE_SPECIFY_EST_STAT=0 -I/home/pei/Project/duckdb-polr/src/include -I/home/pei/Project/duckdb-polr/third_party/fsst -I/home/pei/Project/duckdb-polr/third_party/fmt/include -I/home/pei/Project/duckdb-polr/third_party/hyperloglog -I/home/pei/Project/duckdb-polr/third_party/fastpforlib -I/home/pei/Project/duckdb-polr/third_party/fast_float -I/home/pei/Project/duckdb-polr/third_party/re2 -I/home/pei/Project/duckdb-polr/third_party/miniz -I/home/pei/Project/duckdb-polr/third_party/utf8proc/include -I/home/pei/Project/duckdb-polr/third_party/miniparquet -I/home/pei/Project/duckdb-polr/third_party/concurrentqueue -I/home/pei/Project/duckdb-polr/third_party/pcg -I/home/pei/Project/duckdb-polr/third_party/tdigest -I/home/pei/Project/duckdb-polr/third_party/mbedtls/include -I/home/pei/Project/duckdb-polr/third_party/jaro_winkler -O3 -DNDEBUG -O3 -DNDEBUG   -fPIC -fdiagnostics-color=always -std=c++11 -MD -MT src/function/scalar/sequence/CMakeFiles/duckdb_func_seq.dir/ub_duckdb_func_seq.cpp.o -MF src/function/scalar/sequence/CMakeFiles/duckdb_func_seq.dir/ub_duckdb_func_seq.cpp.o.d -o src/function/scalar/sequence/CMakeFiles/duckdb_func_seq.dir/ub_duckdb_func_seq.cpp.o -c /home/pei/Project/duckdb-polr/build/release/src/function/scalar/sequence/ub_duckdb_func_seq.cpp
[51/376] /usr/bin/ccache /usr/lib/ccache/c++ -DDUCKDB -DDUCKDB_BUILD_LIBRARY -DDUCKDB_MAIN_LIBRARY -DENABLE_CROSS_PRODUCT_REWRITE=0 -DENABLE_DEBUG_PRINT=0 -DENABLE_MEASURE_EXE_TIME=0 -DENABLE_MERGE_BACK_PLAN=0 -DENABLE_PARALLEL_EXECUTION=0 -DENABLE_QUERY_SPLIT=1 -DENABLE_SPECIFY_EST_STAT=0 -I/home/pei/Project/duckdb-polr/src/include -I/home/pei/Project/duckdb-polr/third_party/fsst -I/home/pei/Project/duckdb-polr/third_party/fmt/include -I/home/pei/Project/duckdb-polr/third_party/hyperloglog -I/home/pei/Project/duckdb-polr/third_party/fastpforlib -I/home/pei/Project/duckdb-polr/third_party/fast_float -I/home/pei/Project/duckdb-polr/third_party/re2 -I/home/pei/Project/duckdb-polr/third_party/miniz -I/home/pei/Project/duckdb-polr/third_party/utf8proc/include -I/home/pei/Project/duckdb-polr/third_party/miniparquet -I/home/pei/Project/duckdb-polr/third_party/concurrentqueue -I/home/pei/Project/duckdb-polr/third_party/pcg -I/home/pei/Project/duckdb-polr/third_party/tdigest -I/home/pei/Project/duckdb-polr/third_party/mbedtls/include -I/home/pei/Project/duckdb-polr/third_party/jaro_winkler -O3 -DNDEBUG -O3 -DNDEBUG   -fPIC -fdiagnostics-color=always -std=c++11 -MD -MT src/function/scalar/math/CMakeFiles/duckdb_func_math.dir/ub_duckdb_func_math.cpp.o -MF src/function/scalar/math/CMakeFiles/duckdb_func_math.dir/ub_duckdb_func_math.cpp.o.d -o src/function/scalar/math/CMakeFiles/duckdb_func_math.dir/ub_duckdb_func_math.cpp.o -c /home/pei/Project/duckdb-polr/build/release/src/function/scalar/math/ub_duckdb_func_math.cpp
[52/376] /usr/bin/ccache /usr/lib/ccache/c++ -DDUCKDB -DDUCKDB_BUILD_LIBRARY -DDUCKDB_MAIN_LIBRARY -DENABLE_CROSS_PRODUCT_REWRITE=0 -DENABLE_DEBUG_PRINT=0 -DENABLE_MEASURE_EXE_TIME=0 -DENABLE_MERGE_BACK_PLAN=0 -DENABLE_PARALLEL_EXECUTION=0 -DENABLE_QUERY_SPLIT=1 -DENABLE_SPECIFY_EST_STAT=0 -I/home/pei/Project/duckdb-polr/src/include -I/home/pei/Project/duckdb-polr/third_party/fsst -I/home/pei/Project/duckdb-polr/third_party/fmt/include -I/home/pei/Project/duckdb-polr/third_party/hyperloglog -I/home/pei/Project/duckdb-polr/third_party/fastpforlib -I/home/pei/Project/duckdb-polr/third_party/fast_float -I/home/pei/Project/duckdb-polr/third_party/re2 -I/home/pei/Project/duckdb-polr/third_party/miniz -I/home/pei/Project/duckdb-polr/third_party/utf8proc/include -I/home/pei/Project/duckdb-polr/third_party/miniparquet -I/home/pei/Project/duckdb-polr/third_party/concurrentqueue -I/home/pei/Project/duckdb-polr/third_party/pcg -I/home/pei/Project/duckdb-polr/third_party/tdigest -I/home/pei/Project/duckdb-polr/third_party/mbedtls/include -I/home/pei/Project/duckdb-polr/third_party/jaro_winkler -O3 -DNDEBUG -O3 -DNDEBUG   -fPIC -fdiagnostics-color=always -std=c++11 -MD -MT src/function/scalar/list/CMakeFiles/duckdb_func_list.dir/ub_duckdb_func_list.cpp.o -MF src/function/scalar/list/CMakeFiles/duckdb_func_list.dir/ub_duckdb_func_list.cpp.o.d -o src/function/scalar/list/CMakeFiles/duckdb_func_list.dir/ub_duckdb_func_list.cpp.o -c /home/pei/Project/duckdb-polr/build/release/src/function/scalar/list/ub_duckdb_func_list.cpp
[53/376] /usr/bin/ccache /usr/lib/ccache/c++ -DDUCKDB -DDUCKDB_BUILD_LIBRARY -DDUCKDB_MAIN_LIBRARY -DENABLE_CROSS_PRODUCT_REWRITE=0 -DENABLE_DEBUG_PRINT=0 -DENABLE_MEASURE_EXE_TIME=0 -DENABLE_MERGE_BACK_PLAN=0 -DENABLE_PARALLEL_EXECUTION=0 -DENABLE_QUERY_SPLIT=1 -DENABLE_SPECIFY_EST_STAT=0 -I/home/pei/Project/duckdb-polr/src/include -I/home/pei/Project/duckdb-polr/third_party/fsst -I/home/pei/Project/duckdb-polr/third_party/fmt/include -I/home/pei/Project/duckdb-polr/third_party/hyperloglog -I/home/pei/Project/duckdb-polr/third_party/fastpforlib -I/home/pei/Project/duckdb-polr/third_party/fast_float -I/home/pei/Project/duckdb-polr/third_party/re2 -I/home/pei/Project/duckdb-polr/third_party/miniz -I/home/pei/Project/duckdb-polr/third_party/utf8proc/include -I/home/pei/Project/duckdb-polr/third_party/miniparquet -I/home/pei/Project/duckdb-polr/third_party/concurrentqueue -I/home/pei/Project/duckdb-polr/third_party/pcg -I/home/pei/Project/duckdb-polr/third_party/tdigest -I/home/pei/Project/duckdb-polr/third_party/mbedtls/include -I/home/pei/Project/duckdb-polr/third_party/jaro_winkler -O3 -DNDEBUG -O3 -DNDEBUG   -fPIC -fdiagnostics-color=always -std=c++11 -MD -MT src/function/scalar/string/CMakeFiles/duckdb_func_string.dir/ub_duckdb_func_string.cpp.o -MF src/function/scalar/string/CMakeFiles/duckdb_func_string.dir/ub_duckdb_func_string.cpp.o.d -o src/function/scalar/string/CMakeFiles/duckdb_func_string.dir/ub_duckdb_func_string.cpp.o -c /home/pei/Project/duckdb-polr/build/release/src/function/scalar/string/ub_duckdb_func_string.cpp
[54/376] /usr/bin/ccache /usr/lib/ccache/c++ -DDUCKDB -DDUCKDB_BUILD_LIBRARY -DDUCKDB_MAIN_LIBRARY -DENABLE_CROSS_PRODUCT_REWRITE=0 -DENABLE_DEBUG_PRINT=0 -DENABLE_MEASURE_EXE_TIME=0 -DENABLE_MERGE_BACK_PLAN=0 -DENABLE_PARALLEL_EXECUTION=0 -DENABLE_QUERY_SPLIT=1 -DENABLE_SPECIFY_EST_STAT=0 -I/home/pei/Project/duckdb-polr/src/include -I/home/pei/Project/duckdb-polr/third_party/fsst -I/home/pei/Project/duckdb-polr/third_party/fmt/include -I/home/pei/Project/duckdb-polr/third_party/hyperloglog -I/home/pei/Project/duckdb-polr/third_party/fastpforlib -I/home/pei/Project/duckdb-polr/third_party/fast_float -I/home/pei/Project/duckdb-polr/third_party/re2 -I/home/pei/Project/duckdb-polr/third_party/miniz -I/home/pei/Project/duckdb-polr/third_party/utf8proc/include -I/home/pei/Project/duckdb-polr/third_party/miniparquet -I/home/pei/Project/duckdb-polr/third_party/concurrentqueue -I/home/pei/Project/duckdb-polr/third_party/pcg -I/home/pei/Project/duckdb-polr/third_party/tdigest -I/home/pei/Project/duckdb-polr/third_party/mbedtls/include -I/home/pei/Project/duckdb-polr/third_party/jaro_winkler -O3 -DNDEBUG -O3 -DNDEBUG   -fPIC -fdiagnostics-color=always -std=c++11 -MD -MT src/function/scalar/struct/CMakeFiles/duckdb_func_struct.dir/ub_duckdb_func_struct.cpp.o -MF src/function/scalar/struct/CMakeFiles/duckdb_func_struct.dir/ub_duckdb_func_struct.cpp.o.d -o src/function/scalar/struct/CMakeFiles/duckdb_func_struct.dir/ub_duckdb_func_struct.cpp.o -c /home/pei/Project/duckdb-polr/build/release/src/function/scalar/struct/ub_duckdb_func_struct.cpp
[55/376] /usr/bin/ccache /usr/lib/ccache/c++ -DDUCKDB -DDUCKDB_BUILD_LIBRARY -DDUCKDB_MAIN_LIBRARY -DENABLE_CROSS_PRODUCT_REWRITE=0 -DENABLE_DEBUG_PRINT=0 -DENABLE_MEASURE_EXE_TIME=0 -DENABLE_MERGE_BACK_PLAN=0 -DENABLE_PARALLEL_EXECUTION=0 -DENABLE_QUERY_SPLIT=1 -DENABLE_SPECIFY_EST_STAT=0 -I/home/pei/Project/duckdb-polr/src/include -I/home/pei/Project/duckdb-polr/third_party/fsst -I/home/pei/Project/duckdb-polr/third_party/fmt/include -I/home/pei/Project/duckdb-polr/third_party/hyperloglog -I/home/pei/Project/duckdb-polr/third_party/fastpforlib -I/home/pei/Project/duckdb-polr/third_party/fast_float -I/home/pei/Project/duckdb-polr/third_party/re2 -I/home/pei/Project/duckdb-polr/third_party/miniz -I/home/pei/Project/duckdb-polr/third_party/utf8proc/include -I/home/pei/Project/duckdb-polr/third_party/miniparquet -I/home/pei/Project/duckdb-polr/third_party/concurrentqueue -I/home/pei/Project/duckdb-polr/third_party/pcg -I/home/pei/Project/duckdb-polr/third_party/tdigest -I/home/pei/Project/duckdb-polr/third_party/mbedtls/include -I/home/pei/Project/duckdb-polr/third_party/jaro_winkler -O3 -DNDEBUG -O3 -DNDEBUG   -fPIC -fdiagnostics-color=always -std=c++11 -MD -MT src/function/scalar/union/CMakeFiles/duckdb_func_union.dir/ub_duckdb_func_union.cpp.o -MF src/function/scalar/union/CMakeFiles/duckdb_func_union.dir/ub_duckdb_func_union.cpp.o.d -o src/function/scalar/union/CMakeFiles/duckdb_func_union.dir/ub_duckdb_func_union.cpp.o -c /home/pei/Project/duckdb-polr/build/release/src/function/scalar/union/ub_duckdb_func_union.cpp
[56/376] /usr/bin/ccache /usr/lib/ccache/c++ -DDUCKDB -DDUCKDB_BUILD_LIBRARY -DDUCKDB_MAIN_LIBRARY -DDUCKDB_SOURCE_ID=\"\"\"cd7a58694b\"\"\" -DDUCKDB_VERSION=\"\"\"v..1-dev\"\"\" -DENABLE_CROSS_PRODUCT_REWRITE=0 -DENABLE_DEBUG_PRINT=0 -DENABLE_MEASURE_EXE_TIME=0 -DENABLE_MERGE_BACK_PLAN=0 -DENABLE_PARALLEL_EXECUTION=0 -DENABLE_QUERY_SPLIT=1 -DENABLE_SPECIFY_EST_STAT=0 -I/home/pei/Project/duckdb-polr/src/include -I/home/pei/Project/duckdb-polr/third_party/fsst -I/home/pei/Project/duckdb-polr/third_party/fmt/include -I/home/pei/Project/duckdb-polr/third_party/hyperloglog -I/home/pei/Project/duckdb-polr/third_party/fastpforlib -I/home/pei/Project/duckdb-polr/third_party/fast_float -I/home/pei/Project/duckdb-polr/third_party/re2 -I/home/pei/Project/duckdb-polr/third_party/miniz -I/home/pei/Project/duckdb-polr/third_party/utf8proc/include -I/home/pei/Project/duckdb-polr/third_party/miniparquet -I/home/pei/Project/duckdb-polr/third_party/concurrentqueue -I/home/pei/Project/duckdb-polr/third_party/pcg -I/home/pei/Project/duckdb-polr/third_party/tdigest -I/home/pei/Project/duckdb-polr/third_party/mbedtls/include -I/home/pei/Project/duckdb-polr/third_party/jaro_winkler -O3 -DNDEBUG -O3 -DNDEBUG   -fPIC -fdiagnostics-color=always -std=c++11 -MD -MT src/function/table/version/CMakeFiles/duckdb_func_table_version.dir/ub_duckdb_func_table_version.cpp.o -MF src/function/table/version/CMakeFiles/duckdb_func_table_version.dir/ub_duckdb_func_table_version.cpp.o.d -o src/function/table/version/CMakeFiles/duckdb_func_table_version.dir/ub_duckdb_func_table_version.cpp.o -c /home/pei/Project/duckdb-polr/build/release/src/function/table/version/ub_duckdb_func_table_version.cpp
[57/376] /usr/bin/ccache /usr/lib/ccache/c++ -DDUCKDB -DDUCKDB_BUILD_LIBRARY -DDUCKDB_MAIN_LIBRARY -DENABLE_CROSS_PRODUCT_REWRITE=0 -DENABLE_DEBUG_PRINT=0 -DENABLE_MEASURE_EXE_TIME=0 -DENABLE_MERGE_BACK_PLAN=0 -DENABLE_PARALLEL_EXECUTION=0 -DENABLE_QUERY_SPLIT=1 -DENABLE_SPECIFY_EST_STAT=0 -I/home/pei/Project/duckdb-polr/src/include -I/home/pei/Project/duckdb-polr/third_party/fsst -I/home/pei/Project/duckdb-polr/third_party/fmt/include -I/home/pei/Project/duckdb-polr/third_party/hyperloglog -I/home/pei/Project/duckdb-polr/third_party/fastpforlib -I/home/pei/Project/duckdb-polr/third_party/fast_float -I/home/pei/Project/duckdb-polr/third_party/re2 -I/home/pei/Project/duckdb-polr/third_party/miniz -I/home/pei/Project/duckdb-polr/third_party/utf8proc/include -I/home/pei/Project/duckdb-polr/third_party/miniparquet -I/home/pei/Project/duckdb-polr/third_party/concurrentqueue -I/home/pei/Project/duckdb-polr/third_party/pcg -I/home/pei/Project/duckdb-polr/third_party/tdigest -I/home/pei/Project/duckdb-polr/third_party/mbedtls/include -I/home/pei/Project/duckdb-polr/third_party/jaro_winkler -O3 -DNDEBUG -O3 -DNDEBUG   -fPIC -fdiagnostics-color=always -std=c++11 -MD -MT src/common/crypto/CMakeFiles/duckdb_common_crypto.dir/ub_duckdb_common_crypto.cpp.o -MF src/common/crypto/CMakeFiles/duckdb_common_crypto.dir/ub_duckdb_common_crypto.cpp.o.d -o src/common/crypto/CMakeFiles/duckdb_common_crypto.dir/ub_duckdb_common_crypto.cpp.o -c /home/pei/Project/duckdb-polr/build/release/src/common/crypto/ub_duckdb_common_crypto.cpp
[58/376] /usr/bin/ccache /usr/lib/ccache/c++ -DDUCKDB -DDUCKDB_BUILD_LIBRARY -DDUCKDB_MAIN_LIBRARY -DENABLE_CROSS_PRODUCT_REWRITE=0 -DENABLE_DEBUG_PRINT=0 -DENABLE_MEASURE_EXE_TIME=0 -DENABLE_MERGE_BACK_PLAN=0 -DENABLE_PARALLEL_EXECUTION=0 -DENABLE_QUERY_SPLIT=1 -DENABLE_SPECIFY_EST_STAT=0 -I/home/pei/Project/duckdb-polr/src/include -I/home/pei/Project/duckdb-polr/third_party/fsst -I/home/pei/Project/duckdb-polr/third_party/fmt/include -I/home/pei/Project/duckdb-polr/third_party/hyperloglog -I/home/pei/Project/duckdb-polr/third_party/fastpforlib -I/home/pei/Project/duckdb-polr/third_party/fast_float -I/home/pei/Project/duckdb-polr/third_party/re2 -I/home/pei/Project/duckdb-polr/third_party/miniz -I/home/pei/Project/duckdb-polr/third_party/utf8proc/include -I/home/pei/Project/duckdb-polr/third_party/miniparquet -I/home/pei/Project/duckdb-polr/third_party/concurrentqueue -I/home/pei/Project/duckdb-polr/third_party/pcg -I/home/pei/Project/duckdb-polr/third_party/tdigest -I/home/pei/Project/duckdb-polr/third_party/mbedtls/include -I/home/pei/Project/duckdb-polr/third_party/jaro_winkler -O3 -DNDEBUG -O3 -DNDEBUG   -fPIC -fdiagnostics-color=always -std=c++11 -MD -MT src/common/arrow/CMakeFiles/duckdb_common_arrow.dir/ub_duckdb_common_arrow.cpp.o -MF src/common/arrow/CMakeFiles/duckdb_common_arrow.dir/ub_duckdb_common_arrow.cpp.o.d -o src/common/arrow/CMakeFiles/duckdb_common_arrow.dir/ub_duckdb_common_arrow.cpp.o -c /home/pei/Project/duckdb-polr/build/release/src/common/arrow/ub_duckdb_common_arrow.cpp
[59/376] /usr/bin/ccache /usr/lib/ccache/c++ -DDUCKDB -DDUCKDB_BUILD_LIBRARY -DDUCKDB_MAIN_LIBRARY -DENABLE_CROSS_PRODUCT_REWRITE=0 -DENABLE_DEBUG_PRINT=0 -DENABLE_MEASURE_EXE_TIME=0 -DENABLE_MERGE_BACK_PLAN=0 -DENABLE_PARALLEL_EXECUTION=0 -DENABLE_QUERY_SPLIT=1 -DENABLE_SPECIFY_EST_STAT=0 -I/home/pei/Project/duckdb-polr/src/include -I/home/pei/Project/duckdb-polr/third_party/fsst -I/home/pei/Project/duckdb-polr/third_party/fmt/include -I/home/pei/Project/duckdb-polr/third_party/hyperloglog -I/home/pei/Project/duckdb-polr/third_party/fastpforlib -I/home/pei/Project/duckdb-polr/third_party/fast_float -I/home/pei/Project/duckdb-polr/third_party/re2 -I/home/pei/Project/duckdb-polr/third_party/miniz -I/home/pei/Project/duckdb-polr/third_party/utf8proc/include -I/home/pei/Project/duckdb-polr/third_party/miniparquet -I/home/pei/Project/duckdb-polr/third_party/concurrentqueue -I/home/pei/Project/duckdb-polr/third_party/pcg -I/home/pei/Project/duckdb-polr/third_party/tdigest -I/home/pei/Project/duckdb-polr/third_party/mbedtls/include -I/home/pei/Project/duckdb-polr/third_party/jaro_winkler -O3 -DNDEBUG -O3 -DNDEBUG   -fPIC -fdiagnostics-color=always -std=c++11 -MD -MT src/function/table/system/CMakeFiles/duckdb_table_func_system.dir/ub_duckdb_table_func_system.cpp.o -MF src/function/table/system/CMakeFiles/duckdb_table_func_system.dir/ub_duckdb_table_func_system.cpp.o.d -o src/function/table/system/CMakeFiles/duckdb_table_func_system.dir/ub_duckdb_table_func_system.cpp.o -c /home/pei/Project/duckdb-polr/build/release/src/function/table/system/ub_duckdb_table_func_system.cpp
[60/376] /usr/bin/ccache /usr/lib/ccache/c++ -DDUCKDB -DDUCKDB_BUILD_LIBRARY -DDUCKDB_MAIN_LIBRARY -DENABLE_CROSS_PRODUCT_REWRITE=0 -DENABLE_DEBUG_PRINT=0 -DENABLE_MEASURE_EXE_TIME=0 -DENABLE_MERGE_BACK_PLAN=0 -DENABLE_PARALLEL_EXECUTION=0 -DENABLE_QUERY_SPLIT=1 -DENABLE_SPECIFY_EST_STAT=0 -I/home/pei/Project/duckdb-polr/src/include -I/home/pei/Project/duckdb-polr/third_party/fsst -I/home/pei/Project/duckdb-polr/third_party/fmt/include -I/home/pei/Project/duckdb-polr/third_party/hyperloglog -I/home/pei/Project/duckdb-polr/third_party/fastpforlib -I/home/pei/Project/duckdb-polr/third_party/fast_float -I/home/pei/Project/duckdb-polr/third_party/re2 -I/home/pei/Project/duckdb-polr/third_party/miniz -I/home/pei/Project/duckdb-polr/third_party/utf8proc/include -I/home/pei/Project/duckdb-polr/third_party/miniparquet -I/home/pei/Project/duckdb-polr/third_party/concurrentqueue -I/home/pei/Project/duckdb-polr/third_party/pcg -I/home/pei/Project/duckdb-polr/third_party/tdigest -I/home/pei/Project/duckdb-polr/third_party/mbedtls/include -I/home/pei/Project/duckdb-polr/third_party/jaro_winkler -O3 -DNDEBUG -O3 -DNDEBUG   -fPIC -fdiagnostics-color=always -std=c++11 -MD -MT src/common/enums/CMakeFiles/duckdb_common_enums.dir/ub_duckdb_common_enums.cpp.o -MF src/common/enums/CMakeFiles/duckdb_common_enums.dir/ub_duckdb_common_enums.cpp.o.d -o src/common/enums/CMakeFiles/duckdb_common_enums.dir/ub_duckdb_common_enums.cpp.o -c /home/pei/Project/duckdb-polr/build/release/src/common/enums/ub_duckdb_common_enums.cpp
[61/376] /usr/bin/ccache /usr/lib/ccache/c++ -DDUCKDB -DDUCKDB_BUILD_LIBRARY -DDUCKDB_MAIN_LIBRARY -DENABLE_CROSS_PRODUCT_REWRITE=0 -DENABLE_DEBUG_PRINT=0 -DENABLE_MEASURE_EXE_TIME=0 -DENABLE_MERGE_BACK_PLAN=0 -DENABLE_PARALLEL_EXECUTION=0 -DENABLE_QUERY_SPLIT=1 -DENABLE_SPECIFY_EST_STAT=0 -I/home/pei/Project/duckdb-polr/src/include -I/home/pei/Project/duckdb-polr/third_party/fsst -I/home/pei/Project/duckdb-polr/third_party/fmt/include -I/home/pei/Project/duckdb-polr/third_party/hyperloglog -I/home/pei/Project/duckdb-polr/third_party/fastpforlib -I/home/pei/Project/duckdb-polr/third_party/fast_float -I/home/pei/Project/duckdb-polr/third_party/re2 -I/home/pei/Project/duckdb-polr/third_party/miniz -I/home/pei/Project/duckdb-polr/third_party/utf8proc/include -I/home/pei/Project/duckdb-polr/third_party/miniparquet -I/home/pei/Project/duckdb-polr/third_party/concurrentqueue -I/home/pei/Project/duckdb-polr/third_party/pcg -I/home/pei/Project/duckdb-polr/third_party/tdigest -I/home/pei/Project/duckdb-polr/third_party/mbedtls/include -I/home/pei/Project/duckdb-polr/third_party/jaro_winkler -O3 -DNDEBUG -O3 -DNDEBUG   -fPIC -fdiagnostics-color=always -std=c++11 -MD -MT src/function/table/CMakeFiles/duckdb_func_table.dir/ub_duckdb_func_table.cpp.o -MF src/function/table/CMakeFiles/duckdb_func_table.dir/ub_duckdb_func_table.cpp.o.d -o src/function/table/CMakeFiles/duckdb_func_table.dir/ub_duckdb_func_table.cpp.o -c /home/pei/Project/duckdb-polr/build/release/src/function/table/ub_duckdb_func_table.cpp
[62/376] /usr/bin/ccache /usr/lib/ccache/c++ -DDUCKDB -DDUCKDB_BUILD_LIBRARY -DDUCKDB_MAIN_LIBRARY -DENABLE_CROSS_PRODUCT_REWRITE=0 -DENABLE_DEBUG_PRINT=0 -DENABLE_MEASURE_EXE_TIME=0 -DENABLE_MERGE_BACK_PLAN=0 -DENABLE_PARALLEL_EXECUTION=0 -DENABLE_QUERY_SPLIT=1 -DENABLE_SPECIFY_EST_STAT=0 -I/home/pei/Project/duckdb-polr/src/include -I/home/pei/Project/duckdb-polr/third_party/fsst -I/home/pei/Project/duckdb-polr/third_party/fmt/include -I/home/pei/Project/duckdb-polr/third_party/hyperloglog -I/home/pei/Project/duckdb-polr/third_party/fastpforlib -I/home/pei/Project/duckdb-polr/third_party/fast_float -I/home/pei/Project/duckdb-polr/third_party/re2 -I/home/pei/Project/duckdb-polr/third_party/miniz -I/home/pei/Project/duckdb-polr/third_party/utf8proc/include -I/home/pei/Project/duckdb-polr/third_party/miniparquet -I/home/pei/Project/duckdb-polr/third_party/concurrentqueue -I/home/pei/Project/duckdb-polr/third_party/pcg -I/home/pei/Project/duckdb-polr/third_party/tdigest -I/home/pei/Project/duckdb-polr/third_party/mbedtls/include -I/home/pei/Project/duckdb-polr/third_party/jaro_winkler -O3 -DNDEBUG -O3 -DNDEBUG   -fPIC -fdiagnostics-color=always -std=c++11 -MD -MT src/catalog/default/CMakeFiles/duckdb_catalog_default_entries.dir/ub_duckdb_catalog_default_entries.cpp.o -MF src/catalog/default/CMakeFiles/duckdb_catalog_default_entries.dir/ub_duckdb_catalog_default_entries.cpp.o.d -o src/catalog/default/CMakeFiles/duckdb_catalog_default_entries.dir/ub_duckdb_catalog_default_entries.cpp.o -c /home/pei/Project/duckdb-polr/build/release/src/catalog/default/ub_duckdb_catalog_default_entries.cpp
[63/376] /usr/bin/ccache /usr/lib/ccache/c++ -DDUCKDB -DDUCKDB_BUILD_LIBRARY -DDUCKDB_MAIN_LIBRARY -DENABLE_CROSS_PRODUCT_REWRITE=0 -DENABLE_DEBUG_PRINT=0 -DENABLE_MEASURE_EXE_TIME=0 -DENABLE_MERGE_BACK_PLAN=0 -DENABLE_PARALLEL_EXECUTION=0 -DENABLE_QUERY_SPLIT=1 -DENABLE_SPECIFY_EST_STAT=0 -I/home/pei/Project/duckdb-polr/src/include -I/home/pei/Project/duckdb-polr/third_party/fsst -I/home/pei/Project/duckdb-polr/third_party/fmt/include -I/home/pei/Project/duckdb-polr/third_party/hyperloglog -I/home/pei/Project/duckdb-polr/third_party/fastpforlib -I/home/pei/Project/duckdb-polr/third_party/fast_float -I/home/pei/Project/duckdb-polr/third_party/re2 -I/home/pei/Project/duckdb-polr/third_party/miniz -I/home/pei/Project/duckdb-polr/third_party/utf8proc/include -I/home/pei/Project/duckdb-polr/third_party/miniparquet -I/home/pei/Project/duckdb-polr/third_party/concurrentqueue -I/home/pei/Project/duckdb-polr/third_party/pcg -I/home/pei/Project/duckdb-polr/third_party/tdigest -I/home/pei/Project/duckdb-polr/third_party/mbedtls/include -I/home/pei/Project/duckdb-polr/third_party/jaro_winkler -O3 -DNDEBUG -O3 -DNDEBUG   -fPIC -fdiagnostics-color=always -std=c++11 -MD -MT src/catalog/CMakeFiles/duckdb_catalog.dir/ub_duckdb_catalog.cpp.o -MF src/catalog/CMakeFiles/duckdb_catalog.dir/ub_duckdb_catalog.cpp.o.d -o src/catalog/CMakeFiles/duckdb_catalog.dir/ub_duckdb_catalog.cpp.o -c /home/pei/Project/duckdb-polr/build/release/src/catalog/ub_duckdb_catalog.cpp
[64/376] /usr/bin/ccache /usr/lib/ccache/c++ -DDUCKDB -DDUCKDB_BUILD_LIBRARY -DDUCKDB_MAIN_LIBRARY -DENABLE_CROSS_PRODUCT_REWRITE=0 -DENABLE_DEBUG_PRINT=0 -DENABLE_MEASURE_EXE_TIME=0 -DENABLE_MERGE_BACK_PLAN=0 -DENABLE_PARALLEL_EXECUTION=0 -DENABLE_QUERY_SPLIT=1 -DENABLE_SPECIFY_EST_STAT=0 -I/home/pei/Project/duckdb-polr/src/include -I/home/pei/Project/duckdb-polr/third_party/fsst -I/home/pei/Project/duckdb-polr/third_party/fmt/include -I/home/pei/Project/duckdb-polr/third_party/hyperloglog -I/home/pei/Project/duckdb-polr/third_party/fastpforlib -I/home/pei/Project/duckdb-polr/third_party/fast_float -I/home/pei/Project/duckdb-polr/third_party/re2 -I/home/pei/Project/duckdb-polr/third_party/miniz -I/home/pei/Project/duckdb-polr/third_party/utf8proc/include -I/home/pei/Project/duckdb-polr/third_party/miniparquet -I/home/pei/Project/duckdb-polr/third_party/concurrentqueue -I/home/pei/Project/duckdb-polr/third_party/pcg -I/home/pei/Project/duckdb-polr/third_party/tdigest -I/home/pei/Project/duckdb-polr/third_party/mbedtls/include -I/home/pei/Project/duckdb-polr/third_party/jaro_winkler -O3 -DNDEBUG -O3 -DNDEBUG   -fPIC -fdiagnostics-color=always -std=c++11 -MD -MT src/common/progress_bar/CMakeFiles/duckdb_progress_bar.dir/ub_duckdb_progress_bar.cpp.o -MF src/common/progress_bar/CMakeFiles/duckdb_progress_bar.dir/ub_duckdb_progress_bar.cpp.o.d -o src/common/progress_bar/CMakeFiles/duckdb_progress_bar.dir/ub_duckdb_progress_bar.cpp.o -c /home/pei/Project/duckdb-polr/build/release/src/common/progress_bar/ub_duckdb_progress_bar.cpp
[65/376] /usr/bin/ccache /usr/lib/ccache/c++ -DDUCKDB -DDUCKDB_BUILD_LIBRARY -DDUCKDB_MAIN_LIBRARY -DENABLE_CROSS_PRODUCT_REWRITE=0 -DENABLE_DEBUG_PRINT=0 -DENABLE_MEASURE_EXE_TIME=0 -DENABLE_MERGE_BACK_PLAN=0 -DENABLE_PARALLEL_EXECUTION=0 -DENABLE_QUERY_SPLIT=1 -DENABLE_SPECIFY_EST_STAT=0 -I/home/pei/Project/duckdb-polr/src/include -I/home/pei/Project/duckdb-polr/third_party/fsst -I/home/pei/Project/duckdb-polr/third_party/fmt/include -I/home/pei/Project/duckdb-polr/third_party/hyperloglog -I/home/pei/Project/duckdb-polr/third_party/fastpforlib -I/home/pei/Project/duckdb-polr/third_party/fast_float -I/home/pei/Project/duckdb-polr/third_party/re2 -I/home/pei/Project/duckdb-polr/third_party/miniz -I/home/pei/Project/duckdb-polr/third_party/utf8proc/include -I/home/pei/Project/duckdb-polr/third_party/miniparquet -I/home/pei/Project/duckdb-polr/third_party/concurrentqueue -I/home/pei/Project/duckdb-polr/third_party/pcg -I/home/pei/Project/duckdb-polr/third_party/tdigest -I/home/pei/Project/duckdb-polr/third_party/mbedtls/include -I/home/pei/Project/duckdb-polr/third_party/jaro_winkler -O3 -DNDEBUG -O3 -DNDEBUG   -fPIC -fdiagnostics-color=always -std=c++11 -MD -MT src/common/serializer/CMakeFiles/duckdb_common_serializer.dir/ub_duckdb_common_serializer.cpp.o -MF src/common/serializer/CMakeFiles/duckdb_common_serializer.dir/ub_duckdb_common_serializer.cpp.o.d -o src/common/serializer/CMakeFiles/duckdb_common_serializer.dir/ub_duckdb_common_serializer.cpp.o -c /home/pei/Project/duckdb-polr/build/release/src/common/serializer/ub_duckdb_common_serializer.cpp
[66/376] /usr/bin/ccache /usr/lib/ccache/c++ -DDUCKDB -DDUCKDB_BUILD_LIBRARY -DDUCKDB_MAIN_LIBRARY -DENABLE_CROSS_PRODUCT_REWRITE=0 -DENABLE_DEBUG_PRINT=0 -DENABLE_MEASURE_EXE_TIME=0 -DENABLE_MERGE_BACK_PLAN=0 -DENABLE_PARALLEL_EXECUTION=0 -DENABLE_QUERY_SPLIT=1 -DENABLE_SPECIFY_EST_STAT=0 -I/home/pei/Project/duckdb-polr/src/include -I/home/pei/Project/duckdb-polr/third_party/fsst -I/home/pei/Project/duckdb-polr/third_party/fmt/include -I/home/pei/Project/duckdb-polr/third_party/hyperloglog -I/home/pei/Project/duckdb-polr/third_party/fastpforlib -I/home/pei/Project/duckdb-polr/third_party/fast_float -I/home/pei/Project/duckdb-polr/third_party/re2 -I/home/pei/Project/duckdb-polr/third_party/miniz -I/home/pei/Project/duckdb-polr/third_party/utf8proc/include -I/home/pei/Project/duckdb-polr/third_party/miniparquet -I/home/pei/Project/duckdb-polr/third_party/concurrentqueue -I/home/pei/Project/duckdb-polr/third_party/pcg -I/home/pei/Project/duckdb-polr/third_party/tdigest -I/home/pei/Project/duckdb-polr/third_party/mbedtls/include -I/home/pei/Project/duckdb-polr/third_party/jaro_winkler -O3 -DNDEBUG -O3 -DNDEBUG   -fPIC -fdiagnostics-color=always -std=c++11 -MD -MT src/catalog/catalog_entry/CMakeFiles/duckdb_catalog_entries.dir/ub_duckdb_catalog_entries.cpp.o -MF src/catalog/catalog_entry/CMakeFiles/duckdb_catalog_entries.dir/ub_duckdb_catalog_entries.cpp.o.d -o src/catalog/catalog_entry/CMakeFiles/duckdb_catalog_entries.dir/ub_duckdb_catalog_entries.cpp.o -c /home/pei/Project/duckdb-polr/build/release/src/catalog/catalog_entry/ub_duckdb_catalog_entries.cpp
[67/376] /usr/bin/ccache /usr/lib/ccache/c++ -DDUCKDB -DDUCKDB_BUILD_LIBRARY -DDUCKDB_MAIN_LIBRARY -DENABLE_CROSS_PRODUCT_REWRITE=0 -DENABLE_DEBUG_PRINT=0 -DENABLE_MEASURE_EXE_TIME=0 -DENABLE_MERGE_BACK_PLAN=0 -DENABLE_PARALLEL_EXECUTION=0 -DENABLE_QUERY_SPLIT=1 -DENABLE_SPECIFY_EST_STAT=0 -I/home/pei/Project/duckdb-polr/src/include -I/home/pei/Project/duckdb-polr/third_party/fsst -I/home/pei/Project/duckdb-polr/third_party/fmt/include -I/home/pei/Project/duckdb-polr/third_party/hyperloglog -I/home/pei/Project/duckdb-polr/third_party/fastpforlib -I/home/pei/Project/duckdb-polr/third_party/fast_float -I/home/pei/Project/duckdb-polr/third_party/re2 -I/home/pei/Project/duckdb-polr/third_party/miniz -I/home/pei/Project/duckdb-polr/third_party/utf8proc/include -I/home/pei/Project/duckdb-polr/third_party/miniparquet -I/home/pei/Project/duckdb-polr/third_party/concurrentqueue -I/home/pei/Project/duckdb-polr/third_party/pcg -I/home/pei/Project/duckdb-polr/third_party/tdigest -I/home/pei/Project/duckdb-polr/third_party/mbedtls/include -I/home/pei/Project/duckdb-polr/third_party/jaro_winkler -O3 -DNDEBUG -O3 -DNDEBUG   -fPIC -fdiagnostics-color=always -std=c++11 -MD -MT src/common/row_operations/CMakeFiles/duckdb_row_operations.dir/ub_duckdb_row_operations.cpp.o -MF src/common/row_operations/CMakeFiles/duckdb_row_operations.dir/ub_duckdb_row_operations.cpp.o.d -o src/common/row_operations/CMakeFiles/duckdb_row_operations.dir/ub_duckdb_row_operations.cpp.o -c /home/pei/Project/duckdb-polr/build/release/src/common/row_operations/ub_duckdb_row_operations.cpp
[68/376] /usr/bin/ccache /usr/lib/ccache/c++ -DDUCKDB -DDUCKDB_BUILD_LIBRARY -DDUCKDB_MAIN_LIBRARY -DENABLE_CROSS_PRODUCT_REWRITE=0 -DENABLE_DEBUG_PRINT=0 -DENABLE_MEASURE_EXE_TIME=0 -DENABLE_MERGE_BACK_PLAN=0 -DENABLE_PARALLEL_EXECUTION=0 -DENABLE_QUERY_SPLIT=1 -DENABLE_SPECIFY_EST_STAT=0 -I/home/pei/Project/duckdb-polr/src/include -I/home/pei/Project/duckdb-polr/third_party/fsst -I/home/pei/Project/duckdb-polr/third_party/fmt/include -I/home/pei/Project/duckdb-polr/third_party/hyperloglog -I/home/pei/Project/duckdb-polr/third_party/fastpforlib -I/home/pei/Project/duckdb-polr/third_party/fast_float -I/home/pei/Project/duckdb-polr/third_party/re2 -I/home/pei/Project/duckdb-polr/third_party/miniz -I/home/pei/Project/duckdb-polr/third_party/utf8proc/include -I/home/pei/Project/duckdb-polr/third_party/miniparquet -I/home/pei/Project/duckdb-polr/third_party/concurrentqueue -I/home/pei/Project/duckdb-polr/third_party/pcg -I/home/pei/Project/duckdb-polr/third_party/tdigest -I/home/pei/Project/duckdb-polr/third_party/mbedtls/include -I/home/pei/Project/duckdb-polr/third_party/jaro_winkler -O3 -DNDEBUG -O3 -DNDEBUG   -fPIC -fdiagnostics-color=always -std=c++11 -MD -MT src/common/operator/CMakeFiles/duckdb_common_operators.dir/ub_duckdb_common_operators.cpp.o -MF src/common/operator/CMakeFiles/duckdb_common_operators.dir/ub_duckdb_common_operators.cpp.o.d -o src/common/operator/CMakeFiles/duckdb_common_operators.dir/ub_duckdb_common_operators.cpp.o -c /home/pei/Project/duckdb-polr/build/release/src/common/operator/ub_duckdb_common_operators.cpp
[69/376] /usr/bin/ccache /usr/lib/ccache/c++ -DDUCKDB -DDUCKDB_BUILD_LIBRARY -DDUCKDB_MAIN_LIBRARY -DENABLE_CROSS_PRODUCT_REWRITE=0 -DENABLE_DEBUG_PRINT=0 -DENABLE_MEASURE_EXE_TIME=0 -DENABLE_MERGE_BACK_PLAN=0 -DENABLE_PARALLEL_EXECUTION=0 -DENABLE_QUERY_SPLIT=1 -DENABLE_SPECIFY_EST_STAT=0 -I/home/pei/Project/duckdb-polr/src/include -I/home/pei/Project/duckdb-polr/third_party/fsst -I/home/pei/Project/duckdb-polr/third_party/fmt/include -I/home/pei/Project/duckdb-polr/third_party/hyperloglog -I/home/pei/Project/duckdb-polr/third_party/fastpforlib -I/home/pei/Project/duckdb-polr/third_party/fast_float -I/home/pei/Project/duckdb-polr/third_party/re2 -I/home/pei/Project/duckdb-polr/third_party/miniz -I/home/pei/Project/duckdb-polr/third_party/utf8proc/include -I/home/pei/Project/duckdb-polr/third_party/miniparquet -I/home/pei/Project/duckdb-polr/third_party/concurrentqueue -I/home/pei/Project/duckdb-polr/third_party/pcg -I/home/pei/Project/duckdb-polr/third_party/tdigest -I/home/pei/Project/duckdb-polr/third_party/mbedtls/include -I/home/pei/Project/duckdb-polr/third_party/jaro_winkler -O3 -DNDEBUG -O3 -DNDEBUG   -fPIC -fdiagnostics-color=always -std=c++11 -MD -MT src/common/vector_operations/CMakeFiles/duckdb_vector_operations.dir/generators.cpp.o -MF src/common/vector_operations/CMakeFiles/duckdb_vector_operations.dir/generators.cpp.o.d -o src/common/vector_operations/CMakeFiles/duckdb_vector_operations.dir/generators.cpp.o -c /home/pei/Project/duckdb-polr/src/common/vector_operations/generators.cpp
[70/376] /usr/bin/ccache /usr/lib/ccache/c++ -DDUCKDB -DDUCKDB_BUILD_LIBRARY -DDUCKDB_MAIN_LIBRARY -DENABLE_CROSS_PRODUCT_REWRITE=0 -DENABLE_DEBUG_PRINT=0 -DENABLE_MEASURE_EXE_TIME=0 -DENABLE_MERGE_BACK_PLAN=0 -DENABLE_PARALLEL_EXECUTION=0 -DENABLE_QUERY_SPLIT=1 -DENABLE_SPECIFY_EST_STAT=0 -I/home/pei/Project/duckdb-polr/src/include -I/home/pei/Project/duckdb-polr/third_party/fsst -I/home/pei/Project/duckdb-polr/third_party/fmt/include -I/home/pei/Project/duckdb-polr/third_party/hyperloglog -I/home/pei/Project/duckdb-polr/third_party/fastpforlib -I/home/pei/Project/duckdb-polr/third_party/fast_float -I/home/pei/Project/duckdb-polr/third_party/re2 -I/home/pei/Project/duckdb-polr/third_party/miniz -I/home/pei/Project/duckdb-polr/third_party/utf8proc/include -I/home/pei/Project/duckdb-polr/third_party/miniparquet -I/home/pei/Project/duckdb-polr/third_party/concurrentqueue -I/home/pei/Project/duckdb-polr/third_party/pcg -I/home/pei/Project/duckdb-polr/third_party/tdigest -I/home/pei/Project/duckdb-polr/third_party/mbedtls/include -I/home/pei/Project/duckdb-polr/third_party/jaro_winkler -O3 -DNDEBUG -O3 -DNDEBUG   -fPIC -fdiagnostics-color=always -std=c++11 -MD -MT src/common/value_operations/CMakeFiles/duckdb_value_operations.dir/ub_duckdb_value_operations.cpp.o -MF src/common/value_operations/CMakeFiles/duckdb_value_operations.dir/ub_duckdb_value_operations.cpp.o.d -o src/common/value_operations/CMakeFiles/duckdb_value_operations.dir/ub_duckdb_value_operations.cpp.o -c /home/pei/Project/duckdb-polr/build/release/src/common/value_operations/ub_duckdb_value_operations.cpp
[71/376] /usr/bin/ccache /usr/lib/ccache/c++ -DDUCKDB -DDUCKDB_BUILD_LIBRARY -DDUCKDB_MAIN_LIBRARY -DENABLE_CROSS_PRODUCT_REWRITE=0 -DENABLE_DEBUG_PRINT=0 -DENABLE_MEASURE_EXE_TIME=0 -DENABLE_MERGE_BACK_PLAN=0 -DENABLE_PARALLEL_EXECUTION=0 -DENABLE_QUERY_SPLIT=1 -DENABLE_SPECIFY_EST_STAT=0 -I/home/pei/Project/duckdb-polr/src/include -I/home/pei/Project/duckdb-polr/third_party/fsst -I/home/pei/Project/duckdb-polr/third_party/fmt/include -I/home/pei/Project/duckdb-polr/third_party/hyperloglog -I/home/pei/Project/duckdb-polr/third_party/fastpforlib -I/home/pei/Project/duckdb-polr/third_party/fast_float -I/home/pei/Project/duckdb-polr/third_party/re2 -I/home/pei/Project/duckdb-polr/third_party/miniz -I/home/pei/Project/duckdb-polr/third_party/utf8proc/include -I/home/pei/Project/duckdb-polr/third_party/miniparquet -I/home/pei/Project/duckdb-polr/third_party/concurrentqueue -I/home/pei/Project/duckdb-polr/third_party/pcg -I/home/pei/Project/duckdb-polr/third_party/tdigest -I/home/pei/Project/duckdb-polr/third_party/mbedtls/include -I/home/pei/Project/duckdb-polr/third_party/jaro_winkler -O3 -DNDEBUG -O3 -DNDEBUG   -fPIC -fdiagnostics-color=always -std=c++11 -MD -MT src/common/vector_operations/CMakeFiles/duckdb_vector_operations.dir/comparison_operators.cpp.o -MF src/common/vector_operations/CMakeFiles/duckdb_vector_operations.dir/comparison_operators.cpp.o.d -o src/common/vector_operations/CMakeFiles/duckdb_vector_operations.dir/comparison_operators.cpp.o -c /home/pei/Project/duckdb-polr/src/common/vector_operations/comparison_operators.cpp
[72/376] /usr/bin/ccache /usr/lib/ccache/c++ -DDUCKDB -DDUCKDB_BUILD_LIBRARY -DDUCKDB_MAIN_LIBRARY -DENABLE_CROSS_PRODUCT_REWRITE=0 -DENABLE_DEBUG_PRINT=0 -DENABLE_MEASURE_EXE_TIME=0 -DENABLE_MERGE_BACK_PLAN=0 -DENABLE_PARALLEL_EXECUTION=0 -DENABLE_QUERY_SPLIT=1 -DENABLE_SPECIFY_EST_STAT=0 -I/home/pei/Project/duckdb-polr/src/include -I/home/pei/Project/duckdb-polr/third_party/fsst -I/home/pei/Project/duckdb-polr/third_party/fmt/include -I/home/pei/Project/duckdb-polr/third_party/hyperloglog -I/home/pei/Project/duckdb-polr/third_party/fastpforlib -I/home/pei/Project/duckdb-polr/third_party/fast_float -I/home/pei/Project/duckdb-polr/third_party/re2 -I/home/pei/Project/duckdb-polr/third_party/miniz -I/home/pei/Project/duckdb-polr/third_party/utf8proc/include -I/home/pei/Project/duckdb-polr/third_party/miniparquet -I/home/pei/Project/duckdb-polr/third_party/concurrentqueue -I/home/pei/Project/duckdb-polr/third_party/pcg -I/home/pei/Project/duckdb-polr/third_party/tdigest -I/home/pei/Project/duckdb-polr/third_party/mbedtls/include -I/home/pei/Project/duckdb-polr/third_party/jaro_winkler -O3 -DNDEBUG -O3 -DNDEBUG   -fPIC -fdiagnostics-color=always -std=c++11 -MD -MT src/common/vector_operations/CMakeFiles/duckdb_vector_operations.dir/null_operations.cpp.o -MF src/common/vector_operations/CMakeFiles/duckdb_vector_operations.dir/null_operations.cpp.o.d -o src/common/vector_operations/CMakeFiles/duckdb_vector_operations.dir/null_operations.cpp.o -c /home/pei/Project/duckdb-polr/src/common/vector_operations/null_operations.cpp
[73/376] /usr/bin/ccache /usr/lib/ccache/c++ -DDUCKDB -DDUCKDB_BUILD_LIBRARY -DDUCKDB_MAIN_LIBRARY -DENABLE_CROSS_PRODUCT_REWRITE=0 -DENABLE_DEBUG_PRINT=0 -DENABLE_MEASURE_EXE_TIME=0 -DENABLE_MERGE_BACK_PLAN=0 -DENABLE_PARALLEL_EXECUTION=0 -DENABLE_QUERY_SPLIT=1 -DENABLE_SPECIFY_EST_STAT=0 -I/home/pei/Project/duckdb-polr/src/include -I/home/pei/Project/duckdb-polr/third_party/fsst -I/home/pei/Project/duckdb-polr/third_party/fmt/include -I/home/pei/Project/duckdb-polr/third_party/hyperloglog -I/home/pei/Project/duckdb-polr/third_party/fastpforlib -I/home/pei/Project/duckdb-polr/third_party/fast_float -I/home/pei/Project/duckdb-polr/third_party/re2 -I/home/pei/Project/duckdb-polr/third_party/miniz -I/home/pei/Project/duckdb-polr/third_party/utf8proc/include -I/home/pei/Project/duckdb-polr/third_party/miniparquet -I/home/pei/Project/duckdb-polr/third_party/concurrentqueue -I/home/pei/Project/duckdb-polr/third_party/pcg -I/home/pei/Project/duckdb-polr/third_party/tdigest -I/home/pei/Project/duckdb-polr/third_party/mbedtls/include -I/home/pei/Project/duckdb-polr/third_party/jaro_winkler -O3 -DNDEBUG -O3 -DNDEBUG   -fPIC -fdiagnostics-color=always -std=c++11 -MD -MT src/common/vector_operations/CMakeFiles/duckdb_vector_operations.dir/boolean_operators.cpp.o -MF src/common/vector_operations/CMakeFiles/duckdb_vector_operations.dir/boolean_operators.cpp.o.d -o src/common/vector_operations/CMakeFiles/duckdb_vector_operations.dir/boolean_operators.cpp.o -c /home/pei/Project/duckdb-polr/src/common/vector_operations/boolean_operators.cpp
[74/376] /usr/bin/ccache /usr/lib/ccache/c++ -DDUCKDB -DDUCKDB_BUILD_LIBRARY -DDUCKDB_MAIN_LIBRARY -DENABLE_CROSS_PRODUCT_REWRITE=0 -DENABLE_DEBUG_PRINT=0 -DENABLE_MEASURE_EXE_TIME=0 -DENABLE_MERGE_BACK_PLAN=0 -DENABLE_PARALLEL_EXECUTION=0 -DENABLE_QUERY_SPLIT=1 -DENABLE_SPECIFY_EST_STAT=0 -I/home/pei/Project/duckdb-polr/src/include -I/home/pei/Project/duckdb-polr/third_party/fsst -I/home/pei/Project/duckdb-polr/third_party/fmt/include -I/home/pei/Project/duckdb-polr/third_party/hyperloglog -I/home/pei/Project/duckdb-polr/third_party/fastpforlib -I/home/pei/Project/duckdb-polr/third_party/fast_float -I/home/pei/Project/duckdb-polr/third_party/re2 -I/home/pei/Project/duckdb-polr/third_party/miniz -I/home/pei/Project/duckdb-polr/third_party/utf8proc/include -I/home/pei/Project/duckdb-polr/third_party/miniparquet -I/home/pei/Project/duckdb-polr/third_party/concurrentqueue -I/home/pei/Project/duckdb-polr/third_party/pcg -I/home/pei/Project/duckdb-polr/third_party/tdigest -I/home/pei/Project/duckdb-polr/third_party/mbedtls/include -I/home/pei/Project/duckdb-polr/third_party/jaro_winkler -O3 -DNDEBUG -O3 -DNDEBUG   -fPIC -fdiagnostics-color=always -std=c++11 -MD -MT src/common/vector_operations/CMakeFiles/duckdb_vector_operations.dir/vector_hash.cpp.o -MF src/common/vector_operations/CMakeFiles/duckdb_vector_operations.dir/vector_hash.cpp.o.d -o src/common/vector_operations/CMakeFiles/duckdb_vector_operations.dir/vector_hash.cpp.o -c /home/pei/Project/duckdb-polr/src/common/vector_operations/vector_hash.cpp
[75/376] /usr/bin/ccache /usr/lib/ccache/c++ -DDUCKDB -DDUCKDB_BUILD_LIBRARY -DDUCKDB_MAIN_LIBRARY -DENABLE_CROSS_PRODUCT_REWRITE=0 -DENABLE_DEBUG_PRINT=0 -DENABLE_MEASURE_EXE_TIME=0 -DENABLE_MERGE_BACK_PLAN=0 -DENABLE_PARALLEL_EXECUTION=0 -DENABLE_QUERY_SPLIT=1 -DENABLE_SPECIFY_EST_STAT=0 -I/home/pei/Project/duckdb-polr/src/include -I/home/pei/Project/duckdb-polr/third_party/fsst -I/home/pei/Project/duckdb-polr/third_party/fmt/include -I/home/pei/Project/duckdb-polr/third_party/hyperloglog -I/home/pei/Project/duckdb-polr/third_party/fastpforlib -I/home/pei/Project/duckdb-polr/third_party/fast_float -I/home/pei/Project/duckdb-polr/third_party/re2 -I/home/pei/Project/duckdb-polr/third_party/miniz -I/home/pei/Project/duckdb-polr/third_party/utf8proc/include -I/home/pei/Project/duckdb-polr/third_party/miniparquet -I/home/pei/Project/duckdb-polr/third_party/concurrentqueue -I/home/pei/Project/duckdb-polr/third_party/pcg -I/home/pei/Project/duckdb-polr/third_party/tdigest -I/home/pei/Project/duckdb-polr/third_party/mbedtls/include -I/home/pei/Project/duckdb-polr/third_party/jaro_winkler -O3 -DNDEBUG -O3 -DNDEBUG   -fPIC -fdiagnostics-color=always -std=c++11 -MD -MT src/common/vector_operations/CMakeFiles/duckdb_vector_operations.dir/vector_storage.cpp.o -MF src/common/vector_operations/CMakeFiles/duckdb_vector_operations.dir/vector_storage.cpp.o.d -o src/common/vector_operations/CMakeFiles/duckdb_vector_operations.dir/vector_storage.cpp.o -c /home/pei/Project/duckdb-polr/src/common/vector_operations/vector_storage.cpp
[76/376] /usr/bin/ccache /usr/lib/ccache/c++ -DDUCKDB -DDUCKDB_BUILD_LIBRARY -DDUCKDB_MAIN_LIBRARY -DENABLE_CROSS_PRODUCT_REWRITE=0 -DENABLE_DEBUG_PRINT=0 -DENABLE_MEASURE_EXE_TIME=0 -DENABLE_MERGE_BACK_PLAN=0 -DENABLE_PARALLEL_EXECUTION=0 -DENABLE_QUERY_SPLIT=1 -DENABLE_SPECIFY_EST_STAT=0 -I/home/pei/Project/duckdb-polr/src/include -I/home/pei/Project/duckdb-polr/third_party/fsst -I/home/pei/Project/duckdb-polr/third_party/fmt/include -I/home/pei/Project/duckdb-polr/third_party/hyperloglog -I/home/pei/Project/duckdb-polr/third_party/fastpforlib -I/home/pei/Project/duckdb-polr/third_party/fast_float -I/home/pei/Project/duckdb-polr/third_party/re2 -I/home/pei/Project/duckdb-polr/third_party/miniz -I/home/pei/Project/duckdb-polr/third_party/utf8proc/include -I/home/pei/Project/duckdb-polr/third_party/miniparquet -I/home/pei/Project/duckdb-polr/third_party/concurrentqueue -I/home/pei/Project/duckdb-polr/third_party/pcg -I/home/pei/Project/duckdb-polr/third_party/tdigest -I/home/pei/Project/duckdb-polr/third_party/mbedtls/include -I/home/pei/Project/duckdb-polr/third_party/jaro_winkler -O3 -DNDEBUG -O3 -DNDEBUG   -fPIC -fdiagnostics-color=always -std=c++11 -MD -MT src/common/vector_operations/CMakeFiles/duckdb_vector_operations.dir/vector_cast.cpp.o -MF src/common/vector_operations/CMakeFiles/duckdb_vector_operations.dir/vector_cast.cpp.o.d -o src/common/vector_operations/CMakeFiles/duckdb_vector_operations.dir/vector_cast.cpp.o -c /home/pei/Project/duckdb-polr/src/common/vector_operations/vector_cast.cpp
[77/376] /usr/bin/ccache /usr/lib/ccache/c++ -DDUCKDB -DDUCKDB_BUILD_LIBRARY -DDUCKDB_MAIN_LIBRARY -DENABLE_CROSS_PRODUCT_REWRITE=0 -DENABLE_DEBUG_PRINT=0 -DENABLE_MEASURE_EXE_TIME=0 -DENABLE_MERGE_BACK_PLAN=0 -DENABLE_PARALLEL_EXECUTION=0 -DENABLE_QUERY_SPLIT=1 -DENABLE_SPECIFY_EST_STAT=0 -I/home/pei/Project/duckdb-polr/src/include -I/home/pei/Project/duckdb-polr/third_party/fsst -I/home/pei/Project/duckdb-polr/third_party/fmt/include -I/home/pei/Project/duckdb-polr/third_party/hyperloglog -I/home/pei/Project/duckdb-polr/third_party/fastpforlib -I/home/pei/Project/duckdb-polr/third_party/fast_float -I/home/pei/Project/duckdb-polr/third_party/re2 -I/home/pei/Project/duckdb-polr/third_party/miniz -I/home/pei/Project/duckdb-polr/third_party/utf8proc/include -I/home/pei/Project/duckdb-polr/third_party/miniparquet -I/home/pei/Project/duckdb-polr/third_party/concurrentqueue -I/home/pei/Project/duckdb-polr/third_party/pcg -I/home/pei/Project/duckdb-polr/third_party/tdigest -I/home/pei/Project/duckdb-polr/third_party/mbedtls/include -I/home/pei/Project/duckdb-polr/third_party/jaro_winkler -O3 -DNDEBUG -O3 -DNDEBUG   -fPIC -fdiagnostics-color=always -std=c++11 -MD -MT src/common/sort/CMakeFiles/duckdb_sort.dir/ub_duckdb_sort.cpp.o -MF src/common/sort/CMakeFiles/duckdb_sort.dir/ub_duckdb_sort.cpp.o.d -o src/common/sort/CMakeFiles/duckdb_sort.dir/ub_duckdb_sort.cpp.o -c /home/pei/Project/duckdb-polr/build/release/src/common/sort/ub_duckdb_sort.cpp
[78/376] /usr/bin/ccache /usr/lib/ccache/c++ -DDUCKDB -DDUCKDB_BUILD_LIBRARY -DDUCKDB_MAIN_LIBRARY -DENABLE_CROSS_PRODUCT_REWRITE=0 -DENABLE_DEBUG_PRINT=0 -DENABLE_MEASURE_EXE_TIME=0 -DENABLE_MERGE_BACK_PLAN=0 -DENABLE_PARALLEL_EXECUTION=0 -DENABLE_QUERY_SPLIT=1 -DENABLE_SPECIFY_EST_STAT=0 -I/home/pei/Project/duckdb-polr/src/include -I/home/pei/Project/duckdb-polr/third_party/fsst -I/home/pei/Project/duckdb-polr/third_party/fmt/include -I/home/pei/Project/duckdb-polr/third_party/hyperloglog -I/home/pei/Project/duckdb-polr/third_party/fastpforlib -I/home/pei/Project/duckdb-polr/third_party/fast_float -I/home/pei/Project/duckdb-polr/third_party/re2 -I/home/pei/Project/duckdb-polr/third_party/miniz -I/home/pei/Project/duckdb-polr/third_party/utf8proc/include -I/home/pei/Project/duckdb-polr/third_party/miniparquet -I/home/pei/Project/duckdb-polr/third_party/concurrentqueue -I/home/pei/Project/duckdb-polr/third_party/pcg -I/home/pei/Project/duckdb-polr/third_party/tdigest -I/home/pei/Project/duckdb-polr/third_party/mbedtls/include -I/home/pei/Project/duckdb-polr/third_party/jaro_winkler -O3 -DNDEBUG -O3 -DNDEBUG   -fPIC -fdiagnostics-color=always -std=c++11 -MD -MT src/common/types/CMakeFiles/duckdb_common_types.dir/ub_duckdb_common_types.cpp.o -MF src/common/types/CMakeFiles/duckdb_common_types.dir/ub_duckdb_common_types.cpp.o.d -o src/common/types/CMakeFiles/duckdb_common_types.dir/ub_duckdb_common_types.cpp.o -c /home/pei/Project/duckdb-polr/build/release/src/common/types/ub_duckdb_common_types.cpp
[79/376] /usr/bin/ccache /usr/lib/ccache/c++ -DDUCKDB -DDUCKDB_BUILD_LIBRARY -DDUCKDB_MAIN_LIBRARY -DENABLE_CROSS_PRODUCT_REWRITE=0 -DENABLE_DEBUG_PRINT=0 -DENABLE_MEASURE_EXE_TIME=0 -DENABLE_MERGE_BACK_PLAN=0 -DENABLE_PARALLEL_EXECUTION=0 -DENABLE_QUERY_SPLIT=1 -DENABLE_SPECIFY_EST_STAT=0 -I/home/pei/Project/duckdb-polr/src/include -I/home/pei/Project/duckdb-polr/third_party/fsst -I/home/pei/Project/duckdb-polr/third_party/fmt/include -I/home/pei/Project/duckdb-polr/third_party/hyperloglog -I/home/pei/Project/duckdb-polr/third_party/fastpforlib -I/home/pei/Project/duckdb-polr/third_party/fast_float -I/home/pei/Project/duckdb-polr/third_party/re2 -I/home/pei/Project/duckdb-polr/third_party/miniz -I/home/pei/Project/duckdb-polr/third_party/utf8proc/include -I/home/pei/Project/duckdb-polr/third_party/miniparquet -I/home/pei/Project/duckdb-polr/third_party/concurrentqueue -I/home/pei/Project/duckdb-polr/third_party/pcg -I/home/pei/Project/duckdb-polr/third_party/tdigest -I/home/pei/Project/duckdb-polr/third_party/mbedtls/include -I/home/pei/Project/duckdb-polr/third_party/jaro_winkler -O3 -DNDEBUG -O3 -DNDEBUG   -fPIC -fdiagnostics-color=always -std=c++11 -MD -MT src/common/vector_operations/CMakeFiles/duckdb_vector_operations.dir/vector_copy.cpp.o -MF src/common/vector_operations/CMakeFiles/duckdb_vector_operations.dir/vector_copy.cpp.o.d -o src/common/vector_operations/CMakeFiles/duckdb_vector_operations.dir/vector_copy.cpp.o -c /home/pei/Project/duckdb-polr/src/common/vector_operations/vector_copy.cpp
[80/376] /usr/bin/ccache /usr/lib/ccache/c++ -DDUCKDB -DDUCKDB_BUILD_LIBRARY -DDUCKDB_MAIN_LIBRARY -DENABLE_CROSS_PRODUCT_REWRITE=0 -DENABLE_DEBUG_PRINT=0 -DENABLE_MEASURE_EXE_TIME=0 -DENABLE_MERGE_BACK_PLAN=0 -DENABLE_PARALLEL_EXECUTION=0 -DENABLE_QUERY_SPLIT=1 -DENABLE_SPECIFY_EST_STAT=0 -I/home/pei/Project/duckdb-polr/src/include -I/home/pei/Project/duckdb-polr/third_party/fsst -I/home/pei/Project/duckdb-polr/third_party/fmt/include -I/home/pei/Project/duckdb-polr/third_party/hyperloglog -I/home/pei/Project/duckdb-polr/third_party/fastpforlib -I/home/pei/Project/duckdb-polr/third_party/fast_float -I/home/pei/Project/duckdb-polr/third_party/re2 -I/home/pei/Project/duckdb-polr/third_party/miniz -I/home/pei/Project/duckdb-polr/third_party/utf8proc/include -I/home/pei/Project/duckdb-polr/third_party/miniparquet -I/home/pei/Project/duckdb-polr/third_party/concurrentqueue -I/home/pei/Project/duckdb-polr/third_party/pcg -I/home/pei/Project/duckdb-polr/third_party/tdigest -I/home/pei/Project/duckdb-polr/third_party/mbedtls/include -I/home/pei/Project/duckdb-polr/third_party/jaro_winkler -O3 -DNDEBUG -O3 -DNDEBUG   -fPIC -fdiagnostics-color=always -std=c++11 -MD -MT src/common/vector_operations/CMakeFiles/duckdb_vector_operations.dir/is_distinct_from.cpp.o -MF src/common/vector_operations/CMakeFiles/duckdb_vector_operations.dir/is_distinct_from.cpp.o.d -o src/common/vector_operations/CMakeFiles/duckdb_vector_operations.dir/is_distinct_from.cpp.o -c /home/pei/Project/duckdb-polr/src/common/vector_operations/is_distinct_from.cpp
[81/376] /usr/bin/ccache /usr/lib/ccache/c++ -DDUCKDB -DDUCKDB_BUILD_LIBRARY -DDUCKDB_MAIN_LIBRARY -DENABLE_CROSS_PRODUCT_REWRITE=0 -DENABLE_DEBUG_PRINT=0 -DENABLE_MEASURE_EXE_TIME=0 -DENABLE_MERGE_BACK_PLAN=0 -DENABLE_PARALLEL_EXECUTION=0 -DENABLE_QUERY_SPLIT=1 -DENABLE_SPECIFY_EST_STAT=0 -I/home/pei/Project/duckdb-polr/src/include -I/home/pei/Project/duckdb-polr/third_party/fsst -I/home/pei/Project/duckdb-polr/third_party/fmt/include -I/home/pei/Project/duckdb-polr/third_party/hyperloglog -I/home/pei/Project/duckdb-polr/third_party/fastpforlib -I/home/pei/Project/duckdb-polr/third_party/fast_float -I/home/pei/Project/duckdb-polr/third_party/re2 -I/home/pei/Project/duckdb-polr/third_party/miniz -I/home/pei/Project/duckdb-polr/third_party/utf8proc/include -I/home/pei/Project/duckdb-polr/third_party/miniparquet -I/home/pei/Project/duckdb-polr/third_party/concurrentqueue -I/home/pei/Project/duckdb-polr/third_party/pcg -I/home/pei/Project/duckdb-polr/third_party/tdigest -I/home/pei/Project/duckdb-polr/third_party/mbedtls/include -I/home/pei/Project/duckdb-polr/third_party/jaro_winkler -O3 -DNDEBUG -O3 -DNDEBUG   -fPIC -fdiagnostics-color=always -std=c++11 -MD -MT src/common/vector_operations/CMakeFiles/duckdb_vector_operations.dir/numeric_inplace_operators.cpp.o -MF src/common/vector_operations/CMakeFiles/duckdb_vector_operations.dir/numeric_inplace_operators.cpp.o.d -o src/common/vector_operations/CMakeFiles/duckdb_vector_operations.dir/numeric_inplace_operators.cpp.o -c /home/pei/Project/duckdb-polr/src/common/vector_operations/numeric_inplace_operators.cpp
[82/376] /usr/bin/ccache /usr/lib/ccache/c++ -DDUCKDB -DDUCKDB_BUILD_LIBRARY -DDUCKDB_MAIN_LIBRARY -DENABLE_CROSS_PRODUCT_REWRITE=0 -DENABLE_DEBUG_PRINT=0 -DENABLE_MEASURE_EXE_TIME=0 -DENABLE_MERGE_BACK_PLAN=0 -DENABLE_PARALLEL_EXECUTION=0 -DENABLE_QUERY_SPLIT=1 -DENABLE_SPECIFY_EST_STAT=0 -I/home/pei/Project/duckdb-polr/src/include -I/home/pei/Project/duckdb-polr/third_party/fsst -I/home/pei/Project/duckdb-polr/third_party/fmt/include -I/home/pei/Project/duckdb-polr/third_party/hyperloglog -I/home/pei/Project/duckdb-polr/third_party/fastpforlib -I/home/pei/Project/duckdb-polr/third_party/fast_float -I/home/pei/Project/duckdb-polr/third_party/re2 -I/home/pei/Project/duckdb-polr/third_party/miniz -I/home/pei/Project/duckdb-polr/third_party/utf8proc/include -I/home/pei/Project/duckdb-polr/third_party/miniparquet -I/home/pei/Project/duckdb-polr/third_party/concurrentqueue -I/home/pei/Project/duckdb-polr/third_party/pcg -I/home/pei/Project/duckdb-polr/third_party/tdigest -I/home/pei/Project/duckdb-polr/third_party/mbedtls/include -I/home/pei/Project/duckdb-polr/third_party/jaro_winkler -O3 -DNDEBUG -O3 -DNDEBUG   -fPIC -fdiagnostics-color=always -std=c++11 -MD -MT src/execution/operator/filter/CMakeFiles/duckdb_operator_filter.dir/ub_duckdb_operator_filter.cpp.o -MF src/execution/operator/filter/CMakeFiles/duckdb_operator_filter.dir/ub_duckdb_operator_filter.cpp.o.d -o src/execution/operator/filter/CMakeFiles/duckdb_operator_filter.dir/ub_duckdb_operator_filter.cpp.o -c /home/pei/Project/duckdb-polr/build/release/src/execution/operator/filter/ub_duckdb_operator_filter.cpp
[83/376] /usr/bin/ccache /usr/lib/ccache/c++ -DDUCKDB -DDUCKDB_BUILD_LIBRARY -DDUCKDB_MAIN_LIBRARY -DENABLE_CROSS_PRODUCT_REWRITE=0 -DENABLE_DEBUG_PRINT=0 -DENABLE_MEASURE_EXE_TIME=0 -DENABLE_MERGE_BACK_PLAN=0 -DENABLE_PARALLEL_EXECUTION=0 -DENABLE_QUERY_SPLIT=1 -DENABLE_SPECIFY_EST_STAT=0 -I/home/pei/Project/duckdb-polr/src/include -I/home/pei/Project/duckdb-polr/third_party/fsst -I/home/pei/Project/duckdb-polr/third_party/fmt/include -I/home/pei/Project/duckdb-polr/third_party/hyperloglog -I/home/pei/Project/duckdb-polr/third_party/fastpforlib -I/home/pei/Project/duckdb-polr/third_party/fast_float -I/home/pei/Project/duckdb-polr/third_party/re2 -I/home/pei/Project/duckdb-polr/third_party/miniz -I/home/pei/Project/duckdb-polr/third_party/utf8proc/include -I/home/pei/Project/duckdb-polr/third_party/miniparquet -I/home/pei/Project/duckdb-polr/third_party/concurrentqueue -I/home/pei/Project/duckdb-polr/third_party/pcg -I/home/pei/Project/duckdb-polr/third_party/tdigest -I/home/pei/Project/duckdb-polr/third_party/mbedtls/include -I/home/pei/Project/duckdb-polr/third_party/jaro_winkler -O3 -DNDEBUG -O3 -DNDEBUG   -fPIC -fdiagnostics-color=always -std=c++11 -MD -MT src/execution/nested_loop_join/CMakeFiles/duckdb_nested_loop_join.dir/ub_duckdb_nested_loop_join.cpp.o -MF src/execution/nested_loop_join/CMakeFiles/duckdb_nested_loop_join.dir/ub_duckdb_nested_loop_join.cpp.o.d -o src/execution/nested_loop_join/CMakeFiles/duckdb_nested_loop_join.dir/ub_duckdb_nested_loop_join.cpp.o -c /home/pei/Project/duckdb-polr/build/release/src/execution/nested_loop_join/ub_duckdb_nested_loop_join.cpp
[84/376] /usr/bin/ccache /usr/lib/ccache/c++ -DDUCKDB -DDUCKDB_BUILD_LIBRARY -DDUCKDB_MAIN_LIBRARY -DENABLE_CROSS_PRODUCT_REWRITE=0 -DENABLE_DEBUG_PRINT=0 -DENABLE_MEASURE_EXE_TIME=0 -DENABLE_MERGE_BACK_PLAN=0 -DENABLE_PARALLEL_EXECUTION=0 -DENABLE_QUERY_SPLIT=1 -DENABLE_SPECIFY_EST_STAT=0 -I/home/pei/Project/duckdb-polr/src/include -I/home/pei/Project/duckdb-polr/third_party/fsst -I/home/pei/Project/duckdb-polr/third_party/fmt/include -I/home/pei/Project/duckdb-polr/third_party/hyperloglog -I/home/pei/Project/duckdb-polr/third_party/fastpforlib -I/home/pei/Project/duckdb-polr/third_party/fast_float -I/home/pei/Project/duckdb-polr/third_party/re2 -I/home/pei/Project/duckdb-polr/third_party/miniz -I/home/pei/Project/duckdb-polr/third_party/utf8proc/include -I/home/pei/Project/duckdb-polr/third_party/miniparquet -I/home/pei/Project/duckdb-polr/third_party/concurrentqueue -I/home/pei/Project/duckdb-polr/third_party/pcg -I/home/pei/Project/duckdb-polr/third_party/tdigest -I/home/pei/Project/duckdb-polr/third_party/mbedtls/include -I/home/pei/Project/duckdb-polr/third_party/jaro_winkler -O3 -DNDEBUG -O3 -DNDEBUG   -fPIC -fdiagnostics-color=always -std=c++11 -MD -MT src/execution/expression_executor/CMakeFiles/duckdb_expression_executor.dir/ub_duckdb_expression_executor.cpp.o -MF src/execution/expression_executor/CMakeFiles/duckdb_expression_executor.dir/ub_duckdb_expression_executor.cpp.o.d -o src/execution/expression_executor/CMakeFiles/duckdb_expression_executor.dir/ub_duckdb_expression_executor.cpp.o -c /home/pei/Project/duckdb-polr/build/release/src/execution/expression_executor/ub_duckdb_expression_executor.cpp
[85/376] /usr/bin/ccache /usr/lib/ccache/c++ -DDUCKDB -DDUCKDB_BUILD_LIBRARY -DDUCKDB_MAIN_LIBRARY -DENABLE_CROSS_PRODUCT_REWRITE=0 -DENABLE_DEBUG_PRINT=0 -DENABLE_MEASURE_EXE_TIME=0 -DENABLE_MERGE_BACK_PLAN=0 -DENABLE_PARALLEL_EXECUTION=0 -DENABLE_QUERY_SPLIT=1 -DENABLE_SPECIFY_EST_STAT=0 -I/home/pei/Project/duckdb-polr/src/include -I/home/pei/Project/duckdb-polr/third_party/fsst -I/home/pei/Project/duckdb-polr/third_party/fmt/include -I/home/pei/Project/duckdb-polr/third_party/hyperloglog -I/home/pei/Project/duckdb-polr/third_party/fastpforlib -I/home/pei/Project/duckdb-polr/third_party/fast_float -I/home/pei/Project/duckdb-polr/third_party/re2 -I/home/pei/Project/duckdb-polr/third_party/miniz -I/home/pei/Project/duckdb-polr/third_party/utf8proc/include -I/home/pei/Project/duckdb-polr/third_party/miniparquet -I/home/pei/Project/duckdb-polr/third_party/concurrentqueue -I/home/pei/Project/duckdb-polr/third_party/pcg -I/home/pei/Project/duckdb-polr/third_party/tdigest -I/home/pei/Project/duckdb-polr/third_party/mbedtls/include -I/home/pei/Project/duckdb-polr/third_party/jaro_winkler -O3 -DNDEBUG -O3 -DNDEBUG   -fPIC -fdiagnostics-color=always -std=c++11 -MD -MT src/execution/CMakeFiles/duckdb_execution.dir/ub_duckdb_execution.cpp.o -MF src/execution/CMakeFiles/duckdb_execution.dir/ub_duckdb_execution.cpp.o.d -o src/execution/CMakeFiles/duckdb_execution.dir/ub_duckdb_execution.cpp.o -c /home/pei/Project/duckdb-polr/build/release/src/execution/ub_duckdb_execution.cpp
[86/376] /usr/bin/ccache /usr/lib/ccache/c++ -DDUCKDB -DDUCKDB_BUILD_LIBRARY -DDUCKDB_MAIN_LIBRARY -DENABLE_CROSS_PRODUCT_REWRITE=0 -DENABLE_DEBUG_PRINT=0 -DENABLE_MEASURE_EXE_TIME=0 -DENABLE_MERGE_BACK_PLAN=0 -DENABLE_PARALLEL_EXECUTION=0 -DENABLE_QUERY_SPLIT=1 -DENABLE_SPECIFY_EST_STAT=0 -I/home/pei/Project/duckdb-polr/src/include -I/home/pei/Project/duckdb-polr/third_party/fsst -I/home/pei/Project/duckdb-polr/third_party/fmt/include -I/home/pei/Project/duckdb-polr/third_party/hyperloglog -I/home/pei/Project/duckdb-polr/third_party/fastpforlib -I/home/pei/Project/duckdb-polr/third_party/fast_float -I/home/pei/Project/duckdb-polr/third_party/re2 -I/home/pei/Project/duckdb-polr/third_party/miniz -I/home/pei/Project/duckdb-polr/third_party/utf8proc/include -I/home/pei/Project/duckdb-polr/third_party/miniparquet -I/home/pei/Project/duckdb-polr/third_party/concurrentqueue -I/home/pei/Project/duckdb-polr/third_party/pcg -I/home/pei/Project/duckdb-polr/third_party/tdigest -I/home/pei/Project/duckdb-polr/third_party/mbedtls/include -I/home/pei/Project/duckdb-polr/third_party/jaro_winkler -O3 -DNDEBUG -O3 -DNDEBUG   -fPIC -fdiagnostics-color=always -std=c++11 -MD -MT src/execution/operator/aggregate/CMakeFiles/duckdb_operator_aggregate.dir/ub_duckdb_operator_aggregate.cpp.o -MF src/execution/operator/aggregate/CMakeFiles/duckdb_operator_aggregate.dir/ub_duckdb_operator_aggregate.cpp.o.d -o src/execution/operator/aggregate/CMakeFiles/duckdb_operator_aggregate.dir/ub_duckdb_operator_aggregate.cpp.o -c /home/pei/Project/duckdb-polr/build/release/src/execution/operator/aggregate/ub_duckdb_operator_aggregate.cpp
[87/376] /usr/bin/ccache /usr/lib/ccache/c++ -DDUCKDB -DDUCKDB_BUILD_LIBRARY -DDUCKDB_MAIN_LIBRARY -DENABLE_CROSS_PRODUCT_REWRITE=0 -DENABLE_DEBUG_PRINT=0 -DENABLE_MEASURE_EXE_TIME=0 -DENABLE_MERGE_BACK_PLAN=0 -DENABLE_PARALLEL_EXECUTION=0 -DENABLE_QUERY_SPLIT=1 -DENABLE_SPECIFY_EST_STAT=0 -I/home/pei/Project/duckdb-polr/src/include -I/home/pei/Project/duckdb-polr/third_party/fsst -I/home/pei/Project/duckdb-polr/third_party/fmt/include -I/home/pei/Project/duckdb-polr/third_party/hyperloglog -I/home/pei/Project/duckdb-polr/third_party/fastpforlib -I/home/pei/Project/duckdb-polr/third_party/fast_float -I/home/pei/Project/duckdb-polr/third_party/re2 -I/home/pei/Project/duckdb-polr/third_party/miniz -I/home/pei/Project/duckdb-polr/third_party/utf8proc/include -I/home/pei/Project/duckdb-polr/third_party/miniparquet -I/home/pei/Project/duckdb-polr/third_party/concurrentqueue -I/home/pei/Project/duckdb-polr/third_party/pcg -I/home/pei/Project/duckdb-polr/third_party/tdigest -I/home/pei/Project/duckdb-polr/third_party/mbedtls/include -I/home/pei/Project/duckdb-polr/third_party/jaro_winkler -O3 -DNDEBUG -O3 -DNDEBUG   -fPIC -fdiagnostics-color=always -std=c++11 -MD -MT src/execution/operator/projection/CMakeFiles/duckdb_operator_projection.dir/ub_duckdb_operator_projection.cpp.o -MF src/execution/operator/projection/CMakeFiles/duckdb_operator_projection.dir/ub_duckdb_operator_projection.cpp.o.d -o src/execution/operator/projection/CMakeFiles/duckdb_operator_projection.dir/ub_duckdb_operator_projection.cpp.o -c /home/pei/Project/duckdb-polr/build/release/src/execution/operator/projection/ub_duckdb_operator_projection.cpp
[88/376] /usr/bin/ccache /usr/lib/ccache/c++ -DDUCKDB -DDUCKDB_BUILD_LIBRARY -DDUCKDB_MAIN_LIBRARY -DENABLE_CROSS_PRODUCT_REWRITE=0 -DENABLE_DEBUG_PRINT=0 -DENABLE_MEASURE_EXE_TIME=0 -DENABLE_MERGE_BACK_PLAN=0 -DENABLE_PARALLEL_EXECUTION=0 -DENABLE_QUERY_SPLIT=1 -DENABLE_SPECIFY_EST_STAT=0 -I/home/pei/Project/duckdb-polr/src/include -I/home/pei/Project/duckdb-polr/third_party/fsst -I/home/pei/Project/duckdb-polr/third_party/fmt/include -I/home/pei/Project/duckdb-polr/third_party/hyperloglog -I/home/pei/Project/duckdb-polr/third_party/fastpforlib -I/home/pei/Project/duckdb-polr/third_party/fast_float -I/home/pei/Project/duckdb-polr/third_party/re2 -I/home/pei/Project/duckdb-polr/third_party/miniz -I/home/pei/Project/duckdb-polr/third_party/utf8proc/include -I/home/pei/Project/duckdb-polr/third_party/miniparquet -I/home/pei/Project/duckdb-polr/third_party/concurrentqueue -I/home/pei/Project/duckdb-polr/third_party/pcg -I/home/pei/Project/duckdb-polr/third_party/tdigest -I/home/pei/Project/duckdb-polr/third_party/mbedtls/include -I/home/pei/Project/duckdb-polr/third_party/jaro_winkler -O3 -DNDEBUG -O3 -DNDEBUG   -fPIC -fdiagnostics-color=always -std=c++11 -MD -MT src/execution/operator/helper/CMakeFiles/duckdb_operator_helper.dir/ub_duckdb_operator_helper.cpp.o -MF src/execution/operator/helper/CMakeFiles/duckdb_operator_helper.dir/ub_duckdb_operator_helper.cpp.o.d -o src/execution/operator/helper/CMakeFiles/duckdb_operator_helper.dir/ub_duckdb_operator_helper.cpp.o -c /home/pei/Project/duckdb-polr/build/release/src/execution/operator/helper/ub_duckdb_operator_helper.cpp
[89/376] /usr/bin/ccache /usr/lib/ccache/c++ -DDUCKDB -DDUCKDB_BUILD_LIBRARY -DDUCKDB_MAIN_LIBRARY -DENABLE_CROSS_PRODUCT_REWRITE=0 -DENABLE_DEBUG_PRINT=0 -DENABLE_MEASURE_EXE_TIME=0 -DENABLE_MERGE_BACK_PLAN=0 -DENABLE_PARALLEL_EXECUTION=0 -DENABLE_QUERY_SPLIT=1 -DENABLE_SPECIFY_EST_STAT=0 -I/home/pei/Project/duckdb-polr/src/include -I/home/pei/Project/duckdb-polr/third_party/fsst -I/home/pei/Project/duckdb-polr/third_party/fmt/include -I/home/pei/Project/duckdb-polr/third_party/hyperloglog -I/home/pei/Project/duckdb-polr/third_party/fastpforlib -I/home/pei/Project/duckdb-polr/third_party/fast_float -I/home/pei/Project/duckdb-polr/third_party/re2 -I/home/pei/Project/duckdb-polr/third_party/miniz -I/home/pei/Project/duckdb-polr/third_party/utf8proc/include -I/home/pei/Project/duckdb-polr/third_party/miniparquet -I/home/pei/Project/duckdb-polr/third_party/concurrentqueue -I/home/pei/Project/duckdb-polr/third_party/pcg -I/home/pei/Project/duckdb-polr/third_party/tdigest -I/home/pei/Project/duckdb-polr/third_party/mbedtls/include -I/home/pei/Project/duckdb-polr/third_party/jaro_winkler -O3 -DNDEBUG -O3 -DNDEBUG   -fPIC -fdiagnostics-color=always -std=c++11 -MD -MT src/execution/operator/order/CMakeFiles/duckdb_operator_order.dir/ub_duckdb_operator_order.cpp.o -MF src/execution/operator/order/CMakeFiles/duckdb_operator_order.dir/ub_duckdb_operator_order.cpp.o.d -o src/execution/operator/order/CMakeFiles/duckdb_operator_order.dir/ub_duckdb_operator_order.cpp.o -c /home/pei/Project/duckdb-polr/build/release/src/execution/operator/order/ub_duckdb_operator_order.cpp
[90/376] /usr/bin/ccache /usr/lib/ccache/c++ -DDUCKDB -DDUCKDB_BUILD_LIBRARY -DDUCKDB_MAIN_LIBRARY -DENABLE_CROSS_PRODUCT_REWRITE=0 -DENABLE_DEBUG_PRINT=0 -DENABLE_MEASURE_EXE_TIME=0 -DENABLE_MERGE_BACK_PLAN=0 -DENABLE_PARALLEL_EXECUTION=0 -DENABLE_QUERY_SPLIT=1 -DENABLE_SPECIFY_EST_STAT=0 -I/home/pei/Project/duckdb-polr/src/include -I/home/pei/Project/duckdb-polr/third_party/fsst -I/home/pei/Project/duckdb-polr/third_party/fmt/include -I/home/pei/Project/duckdb-polr/third_party/hyperloglog -I/home/pei/Project/duckdb-polr/third_party/fastpforlib -I/home/pei/Project/duckdb-polr/third_party/fast_float -I/home/pei/Project/duckdb-polr/third_party/re2 -I/home/pei/Project/duckdb-polr/third_party/miniz -I/home/pei/Project/duckdb-polr/third_party/utf8proc/include -I/home/pei/Project/duckdb-polr/third_party/miniparquet -I/home/pei/Project/duckdb-polr/third_party/concurrentqueue -I/home/pei/Project/duckdb-polr/third_party/pcg -I/home/pei/Project/duckdb-polr/third_party/tdigest -I/home/pei/Project/duckdb-polr/third_party/mbedtls/include -I/home/pei/Project/duckdb-polr/third_party/jaro_winkler -O3 -DNDEBUG -O3 -DNDEBUG   -fPIC -fdiagnostics-color=always -std=c++11 -MD -MT src/execution/operator/join/CMakeFiles/duckdb_operator_join.dir/ub_duckdb_operator_join.cpp.o -MF src/execution/operator/join/CMakeFiles/duckdb_operator_join.dir/ub_duckdb_operator_join.cpp.o.d -o src/execution/operator/join/CMakeFiles/duckdb_operator_join.dir/ub_duckdb_operator_join.cpp.o -c /home/pei/Project/duckdb-polr/build/release/src/execution/operator/join/ub_duckdb_operator_join.cpp
[91/376] /usr/bin/ccache /usr/lib/ccache/c++ -DDUCKDB -DDUCKDB_BUILD_LIBRARY -DDUCKDB_MAIN_LIBRARY -DENABLE_CROSS_PRODUCT_REWRITE=0 -DENABLE_DEBUG_PRINT=0 -DENABLE_MEASURE_EXE_TIME=0 -DENABLE_MERGE_BACK_PLAN=0 -DENABLE_PARALLEL_EXECUTION=0 -DENABLE_QUERY_SPLIT=1 -DENABLE_SPECIFY_EST_STAT=0 -I/home/pei/Project/duckdb-polr/src/include -I/home/pei/Project/duckdb-polr/third_party/fsst -I/home/pei/Project/duckdb-polr/third_party/fmt/include -I/home/pei/Project/duckdb-polr/third_party/hyperloglog -I/home/pei/Project/duckdb-polr/third_party/fastpforlib -I/home/pei/Project/duckdb-polr/third_party/fast_float -I/home/pei/Project/duckdb-polr/third_party/re2 -I/home/pei/Project/duckdb-polr/third_party/miniz -I/home/pei/Project/duckdb-polr/third_party/utf8proc/include -I/home/pei/Project/duckdb-polr/third_party/miniparquet -I/home/pei/Project/duckdb-polr/third_party/concurrentqueue -I/home/pei/Project/duckdb-polr/third_party/pcg -I/home/pei/Project/duckdb-polr/third_party/tdigest -I/home/pei/Project/duckdb-polr/third_party/mbedtls/include -I/home/pei/Project/duckdb-polr/third_party/jaro_winkler -O3 -DNDEBUG -O3 -DNDEBUG   -fPIC -fdiagnostics-color=always -std=c++11 -MD -MT src/execution/operator/set/CMakeFiles/duckdb_operator_set.dir/ub_duckdb_operator_set.cpp.o -MF src/execution/operator/set/CMakeFiles/duckdb_operator_set.dir/ub_duckdb_operator_set.cpp.o.d -o src/execution/operator/set/CMakeFiles/duckdb_operator_set.dir/ub_duckdb_operator_set.cpp.o -c /home/pei/Project/duckdb-polr/build/release/src/execution/operator/set/ub_duckdb_operator_set.cpp
[92/376] /usr/bin/ccache /usr/lib/ccache/c++ -DDUCKDB -DDUCKDB_BUILD_LIBRARY -DDUCKDB_MAIN_LIBRARY -DENABLE_CROSS_PRODUCT_REWRITE=0 -DENABLE_DEBUG_PRINT=0 -DENABLE_MEASURE_EXE_TIME=0 -DENABLE_MERGE_BACK_PLAN=0 -DENABLE_PARALLEL_EXECUTION=0 -DENABLE_QUERY_SPLIT=1 -DENABLE_SPECIFY_EST_STAT=0 -I/home/pei/Project/duckdb-polr/src/include -I/home/pei/Project/duckdb-polr/third_party/fsst -I/home/pei/Project/duckdb-polr/third_party/fmt/include -I/home/pei/Project/duckdb-polr/third_party/hyperloglog -I/home/pei/Project/duckdb-polr/third_party/fastpforlib -I/home/pei/Project/duckdb-polr/third_party/fast_float -I/home/pei/Project/duckdb-polr/third_party/re2 -I/home/pei/Project/duckdb-polr/third_party/miniz -I/home/pei/Project/duckdb-polr/third_party/utf8proc/include -I/home/pei/Project/duckdb-polr/third_party/miniparquet -I/home/pei/Project/duckdb-polr/third_party/concurrentqueue -I/home/pei/Project/duckdb-polr/third_party/pcg -I/home/pei/Project/duckdb-polr/third_party/tdigest -I/home/pei/Project/duckdb-polr/third_party/mbedtls/include -I/home/pei/Project/duckdb-polr/third_party/jaro_winkler -O3 -DNDEBUG -O3 -DNDEBUG   -fPIC -fdiagnostics-color=always -std=c++11 -MD -MT src/execution/operator/persistent/CMakeFiles/duckdb_operator_persistent.dir/ub_duckdb_operator_persistent.cpp.o -MF src/execution/operator/persistent/CMakeFiles/duckdb_operator_persistent.dir/ub_duckdb_operator_persistent.cpp.o.d -o src/execution/operator/persistent/CMakeFiles/duckdb_operator_persistent.dir/ub_duckdb_operator_persistent.cpp.o -c /home/pei/Project/duckdb-polr/build/release/src/execution/operator/persistent/ub_duckdb_operator_persistent.cpp
[93/376] /usr/bin/ccache /usr/lib/ccache/c++ -DDUCKDB -DDUCKDB_BUILD_LIBRARY -DDUCKDB_MAIN_LIBRARY -DENABLE_CROSS_PRODUCT_REWRITE=0 -DENABLE_DEBUG_PRINT=0 -DENABLE_MEASURE_EXE_TIME=0 -DENABLE_MERGE_BACK_PLAN=0 -DENABLE_PARALLEL_EXECUTION=0 -DENABLE_QUERY_SPLIT=1 -DENABLE_SPECIFY_EST_STAT=0 -I/home/pei/Project/duckdb-polr/src/include -I/home/pei/Project/duckdb-polr/third_party/fsst -I/home/pei/Project/duckdb-polr/third_party/fmt/include -I/home/pei/Project/duckdb-polr/third_party/hyperloglog -I/home/pei/Project/duckdb-polr/third_party/fastpforlib -I/home/pei/Project/duckdb-polr/third_party/fast_float -I/home/pei/Project/duckdb-polr/third_party/re2 -I/home/pei/Project/duckdb-polr/third_party/miniz -I/home/pei/Project/duckdb-polr/third_party/utf8proc/include -I/home/pei/Project/duckdb-polr/third_party/miniparquet -I/home/pei/Project/duckdb-polr/third_party/concurrentqueue -I/home/pei/Project/duckdb-polr/third_party/pcg -I/home/pei/Project/duckdb-polr/third_party/tdigest -I/home/pei/Project/duckdb-polr/third_party/mbedtls/include -I/home/pei/Project/duckdb-polr/third_party/jaro_winkler -O3 -DNDEBUG -O3 -DNDEBUG   -fPIC -fdiagnostics-color=always -std=c++11 -MD -MT src/execution/operator/schema/CMakeFiles/duckdb_operator_schema.dir/ub_duckdb_operator_schema.cpp.o -MF src/execution/operator/schema/CMakeFiles/duckdb_operator_schema.dir/ub_duckdb_operator_schema.cpp.o.d -o src/execution/operator/schema/CMakeFiles/duckdb_operator_schema.dir/ub_duckdb_operator_schema.cpp.o -c /home/pei/Project/duckdb-polr/build/release/src/execution/operator/schema/ub_duckdb_operator_schema.cpp
[94/376] /usr/bin/ccache /usr/lib/ccache/c++ -DDUCKDB -DDUCKDB_BUILD_LIBRARY -DDUCKDB_MAIN_LIBRARY -DENABLE_CROSS_PRODUCT_REWRITE=0 -DENABLE_DEBUG_PRINT=0 -DENABLE_MEASURE_EXE_TIME=0 -DENABLE_MERGE_BACK_PLAN=0 -DENABLE_PARALLEL_EXECUTION=0 -DENABLE_QUERY_SPLIT=1 -DENABLE_SPECIFY_EST_STAT=0 -I/home/pei/Project/duckdb-polr/src/include -I/home/pei/Project/duckdb-polr/third_party/fsst -I/home/pei/Project/duckdb-polr/third_party/fmt/include -I/home/pei/Project/duckdb-polr/third_party/hyperloglog -I/home/pei/Project/duckdb-polr/third_party/fastpforlib -I/home/pei/Project/duckdb-polr/third_party/fast_float -I/home/pei/Project/duckdb-polr/third_party/re2 -I/home/pei/Project/duckdb-polr/third_party/miniz -I/home/pei/Project/duckdb-polr/third_party/utf8proc/include -I/home/pei/Project/duckdb-polr/third_party/miniparquet -I/home/pei/Project/duckdb-polr/third_party/concurrentqueue -I/home/pei/Project/duckdb-polr/third_party/pcg -I/home/pei/Project/duckdb-polr/third_party/tdigest -I/home/pei/Project/duckdb-polr/third_party/mbedtls/include -I/home/pei/Project/duckdb-polr/third_party/jaro_winkler -O3 -DNDEBUG -O3 -DNDEBUG   -fPIC -fdiagnostics-color=always -std=c++11 -MD -MT src/execution/operator/scan/CMakeFiles/duckdb_operator_scan.dir/ub_duckdb_operator_scan.cpp.o -MF src/execution/operator/scan/CMakeFiles/duckdb_operator_scan.dir/ub_duckdb_operator_scan.cpp.o.d -o src/execution/operator/scan/CMakeFiles/duckdb_operator_scan.dir/ub_duckdb_operator_scan.cpp.o -c /home/pei/Project/duckdb-polr/build/release/src/execution/operator/scan/ub_duckdb_operator_scan.cpp
[95/376] /usr/bin/ccache /usr/lib/ccache/c++ -DDUCKDB -DDUCKDB_BUILD_LIBRARY -DDUCKDB_MAIN_LIBRARY -DENABLE_CROSS_PRODUCT_REWRITE=0 -DENABLE_DEBUG_PRINT=0 -DENABLE_MEASURE_EXE_TIME=0 -DENABLE_MERGE_BACK_PLAN=0 -DENABLE_PARALLEL_EXECUTION=0 -DENABLE_QUERY_SPLIT=1 -DENABLE_SPECIFY_EST_STAT=0 -I/home/pei/Project/duckdb-polr/src/include -I/home/pei/Project/duckdb-polr/third_party/fsst -I/home/pei/Project/duckdb-polr/third_party/fmt/include -I/home/pei/Project/duckdb-polr/third_party/hyperloglog -I/home/pei/Project/duckdb-polr/third_party/fastpforlib -I/home/pei/Project/duckdb-polr/third_party/fast_float -I/home/pei/Project/duckdb-polr/third_party/re2 -I/home/pei/Project/duckdb-polr/third_party/miniz -I/home/pei/Project/duckdb-polr/third_party/utf8proc/include -I/home/pei/Project/duckdb-polr/third_party/miniparquet -I/home/pei/Project/duckdb-polr/third_party/concurrentqueue -I/home/pei/Project/duckdb-polr/third_party/pcg -I/home/pei/Project/duckdb-polr/third_party/tdigest -I/home/pei/Project/duckdb-polr/third_party/mbedtls/include -I/home/pei/Project/duckdb-polr/third_party/jaro_winkler -O3 -DNDEBUG -O3 -DNDEBUG   -fPIC -fdiagnostics-color=always -std=c++11 -MD -MT src/main/capi/CMakeFiles/duckdb_main_capi.dir/ub_duckdb_main_capi.cpp.o -MF src/main/capi/CMakeFiles/duckdb_main_capi.dir/ub_duckdb_main_capi.cpp.o.d -o src/main/capi/CMakeFiles/duckdb_main_capi.dir/ub_duckdb_main_capi.cpp.o -c /home/pei/Project/duckdb-polr/build/release/src/main/capi/ub_duckdb_main_capi.cpp
[96/376] /usr/bin/ccache /usr/lib/ccache/c++ -DDUCKDB -DDUCKDB_BUILD_LIBRARY -DDUCKDB_MAIN_LIBRARY -DENABLE_CROSS_PRODUCT_REWRITE=0 -DENABLE_DEBUG_PRINT=0 -DENABLE_MEASURE_EXE_TIME=0 -DENABLE_MERGE_BACK_PLAN=0 -DENABLE_PARALLEL_EXECUTION=0 -DENABLE_QUERY_SPLIT=1 -DENABLE_SPECIFY_EST_STAT=0 -I/home/pei/Project/duckdb-polr/src/include -I/home/pei/Project/duckdb-polr/third_party/fsst -I/home/pei/Project/duckdb-polr/third_party/fmt/include -I/home/pei/Project/duckdb-polr/third_party/hyperloglog -I/home/pei/Project/duckdb-polr/third_party/fastpforlib -I/home/pei/Project/duckdb-polr/third_party/fast_float -I/home/pei/Project/duckdb-polr/third_party/re2 -I/home/pei/Project/duckdb-polr/third_party/miniz -I/home/pei/Project/duckdb-polr/third_party/utf8proc/include -I/home/pei/Project/duckdb-polr/third_party/miniparquet -I/home/pei/Project/duckdb-polr/third_party/concurrentqueue -I/home/pei/Project/duckdb-polr/third_party/pcg -I/home/pei/Project/duckdb-polr/third_party/tdigest -I/home/pei/Project/duckdb-polr/third_party/mbedtls/include -I/home/pei/Project/duckdb-polr/third_party/jaro_winkler -O3 -DNDEBUG -O3 -DNDEBUG   -fPIC -fdiagnostics-color=always -std=c++11 -MD -MT src/execution/index/art/CMakeFiles/duckdb_art_index_execution.dir/ub_duckdb_art_index_execution.cpp.o -MF src/execution/index/art/CMakeFiles/duckdb_art_index_execution.dir/ub_duckdb_art_index_execution.cpp.o.d -o src/execution/index/art/CMakeFiles/duckdb_art_index_execution.dir/ub_duckdb_art_index_execution.cpp.o -c /home/pei/Project/duckdb-polr/build/release/src/execution/index/art/ub_duckdb_art_index_execution.cpp
[97/376] /usr/bin/ccache /usr/lib/ccache/c++ -DDUCKDB -DDUCKDB_BUILD_LIBRARY -DDUCKDB_MAIN_LIBRARY -DENABLE_CROSS_PRODUCT_REWRITE=0 -DENABLE_DEBUG_PRINT=0 -DENABLE_MEASURE_EXE_TIME=0 -DENABLE_MERGE_BACK_PLAN=0 -DENABLE_PARALLEL_EXECUTION=0 -DENABLE_QUERY_SPLIT=1 -DENABLE_SPECIFY_EST_STAT=0 -I/home/pei/Project/duckdb-polr/src/include -I/home/pei/Project/duckdb-polr/third_party/fsst -I/home/pei/Project/duckdb-polr/third_party/fmt/include -I/home/pei/Project/duckdb-polr/third_party/hyperloglog -I/home/pei/Project/duckdb-polr/third_party/fastpforlib -I/home/pei/Project/duckdb-polr/third_party/fast_float -I/home/pei/Project/duckdb-polr/third_party/re2 -I/home/pei/Project/duckdb-polr/third_party/miniz -I/home/pei/Project/duckdb-polr/third_party/utf8proc/include -I/home/pei/Project/duckdb-polr/third_party/miniparquet -I/home/pei/Project/duckdb-polr/third_party/concurrentqueue -I/home/pei/Project/duckdb-polr/third_party/pcg -I/home/pei/Project/duckdb-polr/third_party/tdigest -I/home/pei/Project/duckdb-polr/third_party/mbedtls/include -I/home/pei/Project/duckdb-polr/third_party/jaro_winkler -O3 -DNDEBUG -O3 -DNDEBUG   -fPIC -fdiagnostics-color=always -std=c++11 -MD -MT src/execution/physical_plan/CMakeFiles/duckdb_physical_plan.dir/ub_duckdb_physical_plan.cpp.o -MF src/execution/physical_plan/CMakeFiles/duckdb_physical_plan.dir/ub_duckdb_physical_plan.cpp.o.d -o src/execution/physical_plan/CMakeFiles/duckdb_physical_plan.dir/ub_duckdb_physical_plan.cpp.o -c /home/pei/Project/duckdb-polr/build/release/src/execution/physical_plan/ub_duckdb_physical_plan.cpp
[98/376] /usr/bin/ccache /usr/lib/ccache/c++ -DDUCKDB -DDUCKDB_BUILD_LIBRARY -DDUCKDB_MAIN_LIBRARY -DENABLE_CROSS_PRODUCT_REWRITE=0 -DENABLE_DEBUG_PRINT=0 -DENABLE_MEASURE_EXE_TIME=0 -DENABLE_MERGE_BACK_PLAN=0 -DENABLE_PARALLEL_EXECUTION=0 -DENABLE_QUERY_SPLIT=1 -DENABLE_SPECIFY_EST_STAT=0 -I/home/pei/Project/duckdb-polr/src/include -I/home/pei/Project/duckdb-polr/third_party/fsst -I/home/pei/Project/duckdb-polr/third_party/fmt/include -I/home/pei/Project/duckdb-polr/third_party/hyperloglog -I/home/pei/Project/duckdb-polr/third_party/fastpforlib -I/home/pei/Project/duckdb-polr/third_party/fast_float -I/home/pei/Project/duckdb-polr/third_party/re2 -I/home/pei/Project/duckdb-polr/third_party/miniz -I/home/pei/Project/duckdb-polr/third_party/utf8proc/include -I/home/pei/Project/duckdb-polr/third_party/miniparquet -I/home/pei/Project/duckdb-polr/third_party/concurrentqueue -I/home/pei/Project/duckdb-polr/third_party/pcg -I/home/pei/Project/duckdb-polr/third_party/tdigest -I/home/pei/Project/duckdb-polr/third_party/mbedtls/include -I/home/pei/Project/duckdb-polr/third_party/jaro_winkler -O3 -DNDEBUG -O3 -DNDEBUG   -fPIC -fdiagnostics-color=always -std=c++11 -MD -MT src/storage/buffer/CMakeFiles/duckdb_storage_buffer.dir/ub_duckdb_storage_buffer.cpp.o -MF src/storage/buffer/CMakeFiles/duckdb_storage_buffer.dir/ub_duckdb_storage_buffer.cpp.o.d -o src/storage/buffer/CMakeFiles/duckdb_storage_buffer.dir/ub_duckdb_storage_buffer.cpp.o -c /home/pei/Project/duckdb-polr/build/release/src/storage/buffer/ub_duckdb_storage_buffer.cpp
[99/376] /usr/bin/ccache /usr/lib/ccache/c++ -DDUCKDB -DDUCKDB_BUILD_LIBRARY -DDUCKDB_MAIN_LIBRARY -DENABLE_CROSS_PRODUCT_REWRITE=0 -DENABLE_DEBUG_PRINT=0 -DENABLE_MEASURE_EXE_TIME=0 -DENABLE_MERGE_BACK_PLAN=0 -DENABLE_PARALLEL_EXECUTION=0 -DENABLE_QUERY_SPLIT=1 -DENABLE_SPECIFY_EST_STAT=0 -I/home/pei/Project/duckdb-polr/src/include -I/home/pei/Project/duckdb-polr/third_party/fsst -I/home/pei/Project/duckdb-polr/third_party/fmt/include -I/home/pei/Project/duckdb-polr/third_party/hyperloglog -I/home/pei/Project/duckdb-polr/third_party/fastpforlib -I/home/pei/Project/duckdb-polr/third_party/fast_float -I/home/pei/Project/duckdb-polr/third_party/re2 -I/home/pei/Project/duckdb-polr/third_party/miniz -I/home/pei/Project/duckdb-polr/third_party/utf8proc/include -I/home/pei/Project/duckdb-polr/third_party/miniparquet -I/home/pei/Project/duckdb-polr/third_party/concurrentqueue -I/home/pei/Project/duckdb-polr/third_party/pcg -I/home/pei/Project/duckdb-polr/third_party/tdigest -I/home/pei/Project/duckdb-polr/third_party/mbedtls/include -I/home/pei/Project/duckdb-polr/third_party/jaro_winkler -O3 -DNDEBUG -O3 -DNDEBUG   -fPIC -fdiagnostics-color=always -std=c++11 -MD -MT src/main/CMakeFiles/duckdb_main.dir/ub_duckdb_main.cpp.o -MF src/main/CMakeFiles/duckdb_main.dir/ub_duckdb_main.cpp.o.d -o src/main/CMakeFiles/duckdb_main.dir/ub_duckdb_main.cpp.o -c /home/pei/Project/duckdb-polr/build/release/src/main/ub_duckdb_main.cpp
In file included from /home/pei/Project/duckdb-polr/src/include/duckdb/optimizer/optimizer.hpp:15,
                 from /home/pei/Project/duckdb-polr/src/main/client_context.cpp:31,
                 from /home/pei/Project/duckdb-polr/build/release/src/main/ub_duckdb_main.cpp:5:
/home/pei/Project/duckdb-polr/src/include/duckdb/optimizer/query_split/query_split.hpp:23:1: warning: inline variables are only available with ‘-std=c++17’ or ‘-std=gnu++17’ [-Wc++17-extensions]
   23 | inline bool execute_plan = false;
      | ^~~~~~
[100/376] /usr/bin/ccache /usr/lib/ccache/c++ -DDUCKDB -DDUCKDB_BUILD_LIBRARY -DDUCKDB_MAIN_LIBRARY -DENABLE_CROSS_PRODUCT_REWRITE=0 -DENABLE_DEBUG_PRINT=0 -DENABLE_MEASURE_EXE_TIME=0 -DENABLE_MERGE_BACK_PLAN=0 -DENABLE_PARALLEL_EXECUTION=0 -DENABLE_QUERY_SPLIT=1 -DENABLE_SPECIFY_EST_STAT=0 -I/home/pei/Project/duckdb-polr/src/include -I/home/pei/Project/duckdb-polr/third_party/fsst -I/home/pei/Project/duckdb-polr/third_party/fmt/include -I/home/pei/Project/duckdb-polr/third_party/hyperloglog -I/home/pei/Project/duckdb-polr/third_party/fastpforlib -I/home/pei/Project/duckdb-polr/third_party/fast_float -I/home/pei/Project/duckdb-polr/third_party/re2 -I/home/pei/Project/duckdb-polr/third_party/miniz -I/home/pei/Project/duckdb-polr/third_party/utf8proc/include -I/home/pei/Project/duckdb-polr/third_party/miniparquet -I/home/pei/Project/duckdb-polr/third_party/concurrentqueue -I/home/pei/Project/duckdb-polr/third_party/pcg -I/home/pei/Project/duckdb-polr/third_party/tdigest -I/home/pei/Project/duckdb-polr/third_party/mbedtls/include -I/home/pei/Project/duckdb-polr/third_party/jaro_winkler -O3 -DNDEBUG -O3 -DNDEBUG   -fPIC -fdiagnostics-color=always -std=c++11 -MD -MT src/main/relation/CMakeFiles/duckdb_main_relation.dir/ub_duckdb_main_relation.cpp.o -MF src/main/relation/CMakeFiles/duckdb_main_relation.dir/ub_duckdb_main_relation.cpp.o.d -o src/main/relation/CMakeFiles/duckdb_main_relation.dir/ub_duckdb_main_relation.cpp.o -c /home/pei/Project/duckdb-polr/build/release/src/main/relation/ub_duckdb_main_relation.cpp
[101/376] /usr/bin/ccache /usr/lib/ccache/c++ -DDUCKDB -DDUCKDB_BUILD_LIBRARY -DDUCKDB_MAIN_LIBRARY -DENABLE_CROSS_PRODUCT_REWRITE=0 -DENABLE_DEBUG_PRINT=0 -DENABLE_MEASURE_EXE_TIME=0 -DENABLE_MERGE_BACK_PLAN=0 -DENABLE_PARALLEL_EXECUTION=0 -DENABLE_QUERY_SPLIT=1 -DENABLE_SPECIFY_EST_STAT=0 -I/home/pei/Project/duckdb-polr/src/include -I/home/pei/Project/duckdb-polr/third_party/fsst -I/home/pei/Project/duckdb-polr/third_party/fmt/include -I/home/pei/Project/duckdb-polr/third_party/hyperloglog -I/home/pei/Project/duckdb-polr/third_party/fastpforlib -I/home/pei/Project/duckdb-polr/third_party/fast_float -I/home/pei/Project/duckdb-polr/third_party/re2 -I/home/pei/Project/duckdb-polr/third_party/miniz -I/home/pei/Project/duckdb-polr/third_party/utf8proc/include -I/home/pei/Project/duckdb-polr/third_party/miniparquet -I/home/pei/Project/duckdb-polr/third_party/concurrentqueue -I/home/pei/Project/duckdb-polr/third_party/pcg -I/home/pei/Project/duckdb-polr/third_party/tdigest -I/home/pei/Project/duckdb-polr/third_party/mbedtls/include -I/home/pei/Project/duckdb-polr/third_party/jaro_winkler -O3 -DNDEBUG -O3 -DNDEBUG   -fPIC -fdiagnostics-color=always -std=c++11 -MD -MT src/main/capi/cast/CMakeFiles/duckdb_main_capi_cast.dir/ub_duckdb_main_capi_cast.cpp.o -MF src/main/capi/cast/CMakeFiles/duckdb_main_capi_cast.dir/ub_duckdb_main_capi_cast.cpp.o.d -o src/main/capi/cast/CMakeFiles/duckdb_main_capi_cast.dir/ub_duckdb_main_capi_cast.cpp.o -c /home/pei/Project/duckdb-polr/build/release/src/main/capi/cast/ub_duckdb_main_capi_cast.cpp
[102/376] /usr/bin/ccache /usr/lib/ccache/c++ -DBUILD_JEMALLOC_EXTENSION=ON -DBUILD_PARQUET_EXTENSION=TRUE -DDUCKDB -DDUCKDB_BUILD_LIBRARY -DDUCKDB_MAIN_LIBRARY -DENABLE_CROSS_PRODUCT_REWRITE=0 -DENABLE_DEBUG_PRINT=0 -DENABLE_MEASURE_EXE_TIME=0 -DENABLE_MERGE_BACK_PLAN=0 -DENABLE_PARALLEL_EXECUTION=0 -DENABLE_QUERY_SPLIT=1 -DENABLE_SPECIFY_EST_STAT=0 -I/home/pei/Project/duckdb-polr/src/include -I/home/pei/Project/duckdb-polr/third_party/fsst -I/home/pei/Project/duckdb-polr/third_party/fmt/include -I/home/pei/Project/duckdb-polr/third_party/hyperloglog -I/home/pei/Project/duckdb-polr/third_party/fastpforlib -I/home/pei/Project/duckdb-polr/third_party/fast_float -I/home/pei/Project/duckdb-polr/third_party/re2 -I/home/pei/Project/duckdb-polr/third_party/miniz -I/home/pei/Project/duckdb-polr/third_party/utf8proc/include -I/home/pei/Project/duckdb-polr/third_party/miniparquet -I/home/pei/Project/duckdb-polr/third_party/concurrentqueue -I/home/pei/Project/duckdb-polr/third_party/pcg -I/home/pei/Project/duckdb-polr/third_party/tdigest -I/home/pei/Project/duckdb-polr/third_party/mbedtls/include -I/home/pei/Project/duckdb-polr/third_party/jaro_winkler -I/home/pei/Project/duckdb-polr/src/main/extension/../../../third_party/httplib -I/home/pei/Project/duckdb-polr/extension -I/home/pei/Project/duckdb-polr/extension/parquet/include -I/home/pei/Project/duckdb-polr/extension/jemalloc/include -O3 -DNDEBUG -O3 -DNDEBUG   -fPIC -fdiagnostics-color=always -std=c++11 -MD -MT src/main/extension/CMakeFiles/duckdb_main_extension.dir/ub_duckdb_main_extension.cpp.o -MF src/main/extension/CMakeFiles/duckdb_main_extension.dir/ub_duckdb_main_extension.cpp.o.d -o src/main/extension/CMakeFiles/duckdb_main_extension.dir/ub_duckdb_main_extension.cpp.o -c /home/pei/Project/duckdb-polr/build/release/src/main/extension/ub_duckdb_main_extension.cpp
[103/376] /usr/bin/ccache /usr/lib/ccache/c++ -DDUCKDB -DDUCKDB_BUILD_LIBRARY -DDUCKDB_MAIN_LIBRARY -DENABLE_CROSS_PRODUCT_REWRITE=0 -DENABLE_DEBUG_PRINT=0 -DENABLE_MEASURE_EXE_TIME=0 -DENABLE_MERGE_BACK_PLAN=0 -DENABLE_PARALLEL_EXECUTION=0 -DENABLE_QUERY_SPLIT=1 -DENABLE_SPECIFY_EST_STAT=0 -I/home/pei/Project/duckdb-polr/src/include -I/home/pei/Project/duckdb-polr/third_party/fsst -I/home/pei/Project/duckdb-polr/third_party/fmt/include -I/home/pei/Project/duckdb-polr/third_party/hyperloglog -I/home/pei/Project/duckdb-polr/third_party/fastpforlib -I/home/pei/Project/duckdb-polr/third_party/fast_float -I/home/pei/Project/duckdb-polr/third_party/re2 -I/home/pei/Project/duckdb-polr/third_party/miniz -I/home/pei/Project/duckdb-polr/third_party/utf8proc/include -I/home/pei/Project/duckdb-polr/third_party/miniparquet -I/home/pei/Project/duckdb-polr/third_party/concurrentqueue -I/home/pei/Project/duckdb-polr/third_party/pcg -I/home/pei/Project/duckdb-polr/third_party/tdigest -I/home/pei/Project/duckdb-polr/third_party/mbedtls/include -I/home/pei/Project/duckdb-polr/third_party/jaro_winkler -O3 -DNDEBUG -O3 -DNDEBUG   -fPIC -fdiagnostics-color=always -std=c++11 -MD -MT src/parallel/CMakeFiles/duckdb_parallel.dir/ub_duckdb_parallel.cpp.o -MF src/parallel/CMakeFiles/duckdb_parallel.dir/ub_duckdb_parallel.cpp.o.d -o src/parallel/CMakeFiles/duckdb_parallel.dir/ub_duckdb_parallel.cpp.o -c /home/pei/Project/duckdb-polr/build/release/src/parallel/ub_duckdb_parallel.cpp
[104/376] /usr/bin/ccache /usr/lib/ccache/c++ -DDUCKDB -DDUCKDB_BUILD_LIBRARY -DDUCKDB_MAIN_LIBRARY -DENABLE_CROSS_PRODUCT_REWRITE=0 -DENABLE_DEBUG_PRINT=0 -DENABLE_MEASURE_EXE_TIME=0 -DENABLE_MERGE_BACK_PLAN=0 -DENABLE_PARALLEL_EXECUTION=0 -DENABLE_QUERY_SPLIT=1 -DENABLE_SPECIFY_EST_STAT=0 -I/home/pei/Project/duckdb-polr/src/include -I/home/pei/Project/duckdb-polr/third_party/fsst -I/home/pei/Project/duckdb-polr/third_party/fmt/include -I/home/pei/Project/duckdb-polr/third_party/hyperloglog -I/home/pei/Project/duckdb-polr/third_party/fastpforlib -I/home/pei/Project/duckdb-polr/third_party/fast_float -I/home/pei/Project/duckdb-polr/third_party/re2 -I/home/pei/Project/duckdb-polr/third_party/miniz -I/home/pei/Project/duckdb-polr/third_party/utf8proc/include -I/home/pei/Project/duckdb-polr/third_party/miniparquet -I/home/pei/Project/duckdb-polr/third_party/concurrentqueue -I/home/pei/Project/duckdb-polr/third_party/pcg -I/home/pei/Project/duckdb-polr/third_party/tdigest -I/home/pei/Project/duckdb-polr/third_party/mbedtls/include -I/home/pei/Project/duckdb-polr/third_party/jaro_winkler -O3 -DNDEBUG -O3 -DNDEBUG   -fPIC -fdiagnostics-color=always -std=c++11 -MD -MT src/storage/CMakeFiles/duckdb_storage.dir/ub_duckdb_storage.cpp.o -MF src/storage/CMakeFiles/duckdb_storage.dir/ub_duckdb_storage.cpp.o.d -o src/storage/CMakeFiles/duckdb_storage.dir/ub_duckdb_storage.cpp.o -c /home/pei/Project/duckdb-polr/build/release/src/storage/ub_duckdb_storage.cpp
[105/376] /usr/bin/ccache /usr/lib/ccache/c++ -DDUCKDB -DDUCKDB_BUILD_LIBRARY -DDUCKDB_MAIN_LIBRARY -DENABLE_CROSS_PRODUCT_REWRITE=0 -DENABLE_DEBUG_PRINT=0 -DENABLE_MEASURE_EXE_TIME=0 -DENABLE_MERGE_BACK_PLAN=0 -DENABLE_PARALLEL_EXECUTION=0 -DENABLE_QUERY_SPLIT=1 -DENABLE_SPECIFY_EST_STAT=0 -I/home/pei/Project/duckdb-polr/src/include -I/home/pei/Project/duckdb-polr/third_party/fsst -I/home/pei/Project/duckdb-polr/third_party/fmt/include -I/home/pei/Project/duckdb-polr/third_party/hyperloglog -I/home/pei/Project/duckdb-polr/third_party/fastpforlib -I/home/pei/Project/duckdb-polr/third_party/fast_float -I/home/pei/Project/duckdb-polr/third_party/re2 -I/home/pei/Project/duckdb-polr/third_party/miniz -I/home/pei/Project/duckdb-polr/third_party/utf8proc/include -I/home/pei/Project/duckdb-polr/third_party/miniparquet -I/home/pei/Project/duckdb-polr/third_party/concurrentqueue -I/home/pei/Project/duckdb-polr/third_party/pcg -I/home/pei/Project/duckdb-polr/third_party/tdigest -I/home/pei/Project/duckdb-polr/third_party/mbedtls/include -I/home/pei/Project/duckdb-polr/third_party/jaro_winkler -O3 -DNDEBUG -O3 -DNDEBUG   -fPIC -fdiagnostics-color=always -std=c++11 -MD -MT src/main/settings/CMakeFiles/duckdb_main_settings.dir/ub_duckdb_main_settings.cpp.o -MF src/main/settings/CMakeFiles/duckdb_main_settings.dir/ub_duckdb_main_settings.cpp.o.d -o src/main/settings/CMakeFiles/duckdb_main_settings.dir/ub_duckdb_main_settings.cpp.o -c /home/pei/Project/duckdb-polr/build/release/src/main/settings/ub_duckdb_main_settings.cpp
[106/376] /usr/bin/ccache /usr/lib/ccache/c++ -DDUCKDB -DDUCKDB_BUILD_LIBRARY -DDUCKDB_MAIN_LIBRARY -DENABLE_CROSS_PRODUCT_REWRITE=0 -DENABLE_DEBUG_PRINT=0 -DENABLE_MEASURE_EXE_TIME=0 -DENABLE_MERGE_BACK_PLAN=0 -DENABLE_PARALLEL_EXECUTION=0 -DENABLE_QUERY_SPLIT=1 -DENABLE_SPECIFY_EST_STAT=0 -I/home/pei/Project/duckdb-polr/src/include -I/home/pei/Project/duckdb-polr/third_party/fsst -I/home/pei/Project/duckdb-polr/third_party/fmt/include -I/home/pei/Project/duckdb-polr/third_party/hyperloglog -I/home/pei/Project/duckdb-polr/third_party/fastpforlib -I/home/pei/Project/duckdb-polr/third_party/fast_float -I/home/pei/Project/duckdb-polr/third_party/re2 -I/home/pei/Project/duckdb-polr/third_party/miniz -I/home/pei/Project/duckdb-polr/third_party/utf8proc/include -I/home/pei/Project/duckdb-polr/third_party/miniparquet -I/home/pei/Project/duckdb-polr/third_party/concurrentqueue -I/home/pei/Project/duckdb-polr/third_party/pcg -I/home/pei/Project/duckdb-polr/third_party/tdigest -I/home/pei/Project/duckdb-polr/third_party/mbedtls/include -I/home/pei/Project/duckdb-polr/third_party/jaro_winkler -O3 -DNDEBUG -O3 -DNDEBUG   -fPIC -fdiagnostics-color=always -std=c++11 -MD -MT src/storage/statistics/CMakeFiles/duckdb_storage_statistics.dir/ub_duckdb_storage_statistics.cpp.o -MF src/storage/statistics/CMakeFiles/duckdb_storage_statistics.dir/ub_duckdb_storage_statistics.cpp.o.d -o src/storage/statistics/CMakeFiles/duckdb_storage_statistics.dir/ub_duckdb_storage_statistics.cpp.o -c /home/pei/Project/duckdb-polr/build/release/src/storage/statistics/ub_duckdb_storage_statistics.cpp
[107/376] /usr/bin/ccache /usr/lib/ccache/c++ -DDUCKDB -DDUCKDB_BUILD_LIBRARY -DDUCKDB_MAIN_LIBRARY -DENABLE_CROSS_PRODUCT_REWRITE=0 -DENABLE_DEBUG_PRINT=0 -DENABLE_MEASURE_EXE_TIME=0 -DENABLE_MERGE_BACK_PLAN=0 -DENABLE_PARALLEL_EXECUTION=0 -DENABLE_QUERY_SPLIT=1 -DENABLE_SPECIFY_EST_STAT=0 -I/home/pei/Project/duckdb-polr/src/include -I/home/pei/Project/duckdb-polr/third_party/fsst -I/home/pei/Project/duckdb-polr/third_party/fmt/include -I/home/pei/Project/duckdb-polr/third_party/hyperloglog -I/home/pei/Project/duckdb-polr/third_party/fastpforlib -I/home/pei/Project/duckdb-polr/third_party/fast_float -I/home/pei/Project/duckdb-polr/third_party/re2 -I/home/pei/Project/duckdb-polr/third_party/miniz -I/home/pei/Project/duckdb-polr/third_party/utf8proc/include -I/home/pei/Project/duckdb-polr/third_party/miniparquet -I/home/pei/Project/duckdb-polr/third_party/concurrentqueue -I/home/pei/Project/duckdb-polr/third_party/pcg -I/home/pei/Project/duckdb-polr/third_party/tdigest -I/home/pei/Project/duckdb-polr/third_party/mbedtls/include -I/home/pei/Project/duckdb-polr/third_party/jaro_winkler -O3 -DNDEBUG -O3 -DNDEBUG   -fPIC -fdiagnostics-color=always -std=c++11 -MD -MT src/storage/checkpoint/CMakeFiles/duckdb_storage_checkpoint.dir/ub_duckdb_storage_checkpoint.cpp.o -MF src/storage/checkpoint/CMakeFiles/duckdb_storage_checkpoint.dir/ub_duckdb_storage_checkpoint.cpp.o.d -o src/storage/checkpoint/CMakeFiles/duckdb_storage_checkpoint.dir/ub_duckdb_storage_checkpoint.cpp.o -c /home/pei/Project/duckdb-polr/build/release/src/storage/checkpoint/ub_duckdb_storage_checkpoint.cpp
[108/376] /usr/bin/ccache /usr/lib/ccache/c++ -DDUCKDB -DDUCKDB_BUILD_LIBRARY -DDUCKDB_MAIN_LIBRARY -DENABLE_CROSS_PRODUCT_REWRITE=0 -DENABLE_DEBUG_PRINT=0 -DENABLE_MEASURE_EXE_TIME=0 -DENABLE_MERGE_BACK_PLAN=0 -DENABLE_PARALLEL_EXECUTION=0 -DENABLE_QUERY_SPLIT=1 -DENABLE_SPECIFY_EST_STAT=0 -I/home/pei/Project/duckdb-polr/src/include -I/home/pei/Project/duckdb-polr/third_party/fsst -I/home/pei/Project/duckdb-polr/third_party/fmt/include -I/home/pei/Project/duckdb-polr/third_party/hyperloglog -I/home/pei/Project/duckdb-polr/third_party/fastpforlib -I/home/pei/Project/duckdb-polr/third_party/fast_float -I/home/pei/Project/duckdb-polr/third_party/re2 -I/home/pei/Project/duckdb-polr/third_party/miniz -I/home/pei/Project/duckdb-polr/third_party/utf8proc/include -I/home/pei/Project/duckdb-polr/third_party/miniparquet -I/home/pei/Project/duckdb-polr/third_party/concurrentqueue -I/home/pei/Project/duckdb-polr/third_party/pcg -I/home/pei/Project/duckdb-polr/third_party/tdigest -I/home/pei/Project/duckdb-polr/third_party/mbedtls/include -I/home/pei/Project/duckdb-polr/third_party/jaro_winkler -O3 -DNDEBUG -O3 -DNDEBUG   -fPIC -fdiagnostics-color=always -std=c++11 -MD -MT src/storage/compression/CMakeFiles/duckdb_storage_compression.dir/ub_duckdb_storage_compression.cpp.o -MF src/storage/compression/CMakeFiles/duckdb_storage_compression.dir/ub_duckdb_storage_compression.cpp.o.d -o src/storage/compression/CMakeFiles/duckdb_storage_compression.dir/ub_duckdb_storage_compression.cpp.o -c /home/pei/Project/duckdb-polr/build/release/src/storage/compression/ub_duckdb_storage_compression.cpp
[109/376] /usr/bin/ccache /usr/lib/ccache/c++ -DDUCKDB -DDUCKDB_BUILD_LIBRARY -DDUCKDB_MAIN_LIBRARY -DENABLE_CROSS_PRODUCT_REWRITE=0 -DENABLE_DEBUG_PRINT=0 -DENABLE_MEASURE_EXE_TIME=0 -DENABLE_MERGE_BACK_PLAN=0 -DENABLE_PARALLEL_EXECUTION=0 -DENABLE_QUERY_SPLIT=1 -DENABLE_SPECIFY_EST_STAT=0 -I/home/pei/Project/duckdb-polr/src/include -I/home/pei/Project/duckdb-polr/third_party/fsst -I/home/pei/Project/duckdb-polr/third_party/fmt/include -I/home/pei/Project/duckdb-polr/third_party/hyperloglog -I/home/pei/Project/duckdb-polr/third_party/fastpforlib -I/home/pei/Project/duckdb-polr/third_party/fast_float -I/home/pei/Project/duckdb-polr/third_party/re2 -I/home/pei/Project/duckdb-polr/third_party/miniz -I/home/pei/Project/duckdb-polr/third_party/utf8proc/include -I/home/pei/Project/duckdb-polr/third_party/miniparquet -I/home/pei/Project/duckdb-polr/third_party/concurrentqueue -I/home/pei/Project/duckdb-polr/third_party/pcg -I/home/pei/Project/duckdb-polr/third_party/tdigest -I/home/pei/Project/duckdb-polr/third_party/mbedtls/include -I/home/pei/Project/duckdb-polr/third_party/jaro_winkler -O3 -DNDEBUG -O3 -DNDEBUG   -fPIC -fdiagnostics-color=always -std=c++11 -MD -MT src/storage/compression/chimp/CMakeFiles/duckdb_storage_compression_chimp.dir/ub_duckdb_storage_compression_chimp.cpp.o -MF src/storage/compression/chimp/CMakeFiles/duckdb_storage_compression_chimp.dir/ub_duckdb_storage_compression_chimp.cpp.o.d -o src/storage/compression/chimp/CMakeFiles/duckdb_storage_compression_chimp.dir/ub_duckdb_storage_compression_chimp.cpp.o -c /home/pei/Project/duckdb-polr/build/release/src/storage/compression/chimp/ub_duckdb_storage_compression_chimp.cpp
[110/376] /usr/bin/ccache /usr/lib/ccache/c++ -DDUCKDB -DDUCKDB_BUILD_LIBRARY -DDUCKDB_MAIN_LIBRARY -DENABLE_CROSS_PRODUCT_REWRITE=0 -DENABLE_DEBUG_PRINT=0 -DENABLE_MEASURE_EXE_TIME=0 -DENABLE_MERGE_BACK_PLAN=0 -DENABLE_PARALLEL_EXECUTION=0 -DENABLE_QUERY_SPLIT=1 -DENABLE_SPECIFY_EST_STAT=0 -I/home/pei/Project/duckdb-polr/src/include -I/home/pei/Project/duckdb-polr/third_party/fsst -I/home/pei/Project/duckdb-polr/third_party/fmt/include -I/home/pei/Project/duckdb-polr/third_party/hyperloglog -I/home/pei/Project/duckdb-polr/third_party/fastpforlib -I/home/pei/Project/duckdb-polr/third_party/fast_float -I/home/pei/Project/duckdb-polr/third_party/re2 -I/home/pei/Project/duckdb-polr/third_party/miniz -I/home/pei/Project/duckdb-polr/third_party/utf8proc/include -I/home/pei/Project/duckdb-polr/third_party/miniparquet -I/home/pei/Project/duckdb-polr/third_party/concurrentqueue -I/home/pei/Project/duckdb-polr/third_party/pcg -I/home/pei/Project/duckdb-polr/third_party/tdigest -I/home/pei/Project/duckdb-polr/third_party/mbedtls/include -I/home/pei/Project/duckdb-polr/third_party/jaro_winkler -O3 -DNDEBUG -O3 -DNDEBUG   -fPIC -fdiagnostics-color=always -std=c++11 -MD -MT src/verification/CMakeFiles/duckdb_verification.dir/copied_statement_verifier.cpp.o -MF src/verification/CMakeFiles/duckdb_verification.dir/copied_statement_verifier.cpp.o.d -o src/verification/CMakeFiles/duckdb_verification.dir/copied_statement_verifier.cpp.o -c /home/pei/Project/duckdb-polr/src/verification/copied_statement_verifier.cpp
[111/376] /usr/bin/ccache /usr/lib/ccache/c++ -DDUCKDB -DDUCKDB_BUILD_LIBRARY -DDUCKDB_MAIN_LIBRARY -DENABLE_CROSS_PRODUCT_REWRITE=0 -DENABLE_DEBUG_PRINT=0 -DENABLE_MEASURE_EXE_TIME=0 -DENABLE_MERGE_BACK_PLAN=0 -DENABLE_PARALLEL_EXECUTION=0 -DENABLE_QUERY_SPLIT=1 -DENABLE_SPECIFY_EST_STAT=0 -I/home/pei/Project/duckdb-polr/src/include -I/home/pei/Project/duckdb-polr/third_party/fsst -I/home/pei/Project/duckdb-polr/third_party/fmt/include -I/home/pei/Project/duckdb-polr/third_party/hyperloglog -I/home/pei/Project/duckdb-polr/third_party/fastpforlib -I/home/pei/Project/duckdb-polr/third_party/fast_float -I/home/pei/Project/duckdb-polr/third_party/re2 -I/home/pei/Project/duckdb-polr/third_party/miniz -I/home/pei/Project/duckdb-polr/third_party/utf8proc/include -I/home/pei/Project/duckdb-polr/third_party/miniparquet -I/home/pei/Project/duckdb-polr/third_party/concurrentqueue -I/home/pei/Project/duckdb-polr/third_party/pcg -I/home/pei/Project/duckdb-polr/third_party/tdigest -I/home/pei/Project/duckdb-polr/third_party/mbedtls/include -I/home/pei/Project/duckdb-polr/third_party/jaro_winkler -O3 -DNDEBUG -O3 -DNDEBUG   -fPIC -fdiagnostics-color=always -std=c++11 -MD -MT src/transaction/CMakeFiles/duckdb_transaction.dir/ub_duckdb_transaction.cpp.o -MF src/transaction/CMakeFiles/duckdb_transaction.dir/ub_duckdb_transaction.cpp.o.d -o src/transaction/CMakeFiles/duckdb_transaction.dir/ub_duckdb_transaction.cpp.o -c /home/pei/Project/duckdb-polr/build/release/src/transaction/ub_duckdb_transaction.cpp
[112/376] /usr/bin/ccache /usr/lib/ccache/c++ -DDUCKDB -DDUCKDB_BUILD_LIBRARY -DDUCKDB_MAIN_LIBRARY -DENABLE_CROSS_PRODUCT_REWRITE=0 -DENABLE_DEBUG_PRINT=0 -DENABLE_MEASURE_EXE_TIME=0 -DENABLE_MERGE_BACK_PLAN=0 -DENABLE_PARALLEL_EXECUTION=0 -DENABLE_QUERY_SPLIT=1 -DENABLE_SPECIFY_EST_STAT=0 -I/home/pei/Project/duckdb-polr/src/include -I/home/pei/Project/duckdb-polr/third_party/fsst -I/home/pei/Project/duckdb-polr/third_party/fmt/include -I/home/pei/Project/duckdb-polr/third_party/hyperloglog -I/home/pei/Project/duckdb-polr/third_party/fastpforlib -I/home/pei/Project/duckdb-polr/third_party/fast_float -I/home/pei/Project/duckdb-polr/third_party/re2 -I/home/pei/Project/duckdb-polr/third_party/miniz -I/home/pei/Project/duckdb-polr/third_party/utf8proc/include -I/home/pei/Project/duckdb-polr/third_party/miniparquet -I/home/pei/Project/duckdb-polr/third_party/concurrentqueue -I/home/pei/Project/duckdb-polr/third_party/pcg -I/home/pei/Project/duckdb-polr/third_party/tdigest -I/home/pei/Project/duckdb-polr/third_party/mbedtls/include -I/home/pei/Project/duckdb-polr/third_party/jaro_winkler -O3 -DNDEBUG -O3 -DNDEBUG   -fPIC -fdiagnostics-color=always -std=c++11 -MD -MT src/verification/CMakeFiles/duckdb_verification.dir/statement_verifier.cpp.o -MF src/verification/CMakeFiles/duckdb_verification.dir/statement_verifier.cpp.o.d -o src/verification/CMakeFiles/duckdb_verification.dir/statement_verifier.cpp.o -c /home/pei/Project/duckdb-polr/src/verification/statement_verifier.cpp
[113/376] /usr/bin/ccache /usr/lib/ccache/c++ -DDUCKDB -DDUCKDB_BUILD_LIBRARY -DDUCKDB_MAIN_LIBRARY -DENABLE_CROSS_PRODUCT_REWRITE=0 -DENABLE_DEBUG_PRINT=0 -DENABLE_MEASURE_EXE_TIME=0 -DENABLE_MERGE_BACK_PLAN=0 -DENABLE_PARALLEL_EXECUTION=0 -DENABLE_QUERY_SPLIT=1 -DENABLE_SPECIFY_EST_STAT=0 -I/home/pei/Project/duckdb-polr/src/include -I/home/pei/Project/duckdb-polr/third_party/fsst -I/home/pei/Project/duckdb-polr/third_party/fmt/include -I/home/pei/Project/duckdb-polr/third_party/hyperloglog -I/home/pei/Project/duckdb-polr/third_party/fastpforlib -I/home/pei/Project/duckdb-polr/third_party/fast_float -I/home/pei/Project/duckdb-polr/third_party/re2 -I/home/pei/Project/duckdb-polr/third_party/miniz -I/home/pei/Project/duckdb-polr/third_party/utf8proc/include -I/home/pei/Project/duckdb-polr/third_party/miniparquet -I/home/pei/Project/duckdb-polr/third_party/concurrentqueue -I/home/pei/Project/duckdb-polr/third_party/pcg -I/home/pei/Project/duckdb-polr/third_party/tdigest -I/home/pei/Project/duckdb-polr/third_party/mbedtls/include -I/home/pei/Project/duckdb-polr/third_party/jaro_winkler -O3 -DNDEBUG -O3 -DNDEBUG   -fPIC -fdiagnostics-color=always -std=c++11 -MD -MT src/verification/CMakeFiles/duckdb_verification.dir/deserialized_statement_verifier.cpp.o -MF src/verification/CMakeFiles/duckdb_verification.dir/deserialized_statement_verifier.cpp.o.d -o src/verification/CMakeFiles/duckdb_verification.dir/deserialized_statement_verifier.cpp.o -c /home/pei/Project/duckdb-polr/src/verification/deserialized_statement_verifier.cpp
[114/376] /usr/bin/ccache /usr/lib/ccache/c++ -DDUCKDB -DDUCKDB_BUILD_LIBRARY -DDUCKDB_MAIN_LIBRARY -DENABLE_CROSS_PRODUCT_REWRITE=0 -DENABLE_DEBUG_PRINT=0 -DENABLE_MEASURE_EXE_TIME=0 -DENABLE_MERGE_BACK_PLAN=0 -DENABLE_PARALLEL_EXECUTION=0 -DENABLE_QUERY_SPLIT=1 -DENABLE_SPECIFY_EST_STAT=0 -I/home/pei/Project/duckdb-polr/src/include -I/home/pei/Project/duckdb-polr/third_party/fsst -I/home/pei/Project/duckdb-polr/third_party/fmt/include -I/home/pei/Project/duckdb-polr/third_party/hyperloglog -I/home/pei/Project/duckdb-polr/third_party/fastpforlib -I/home/pei/Project/duckdb-polr/third_party/fast_float -I/home/pei/Project/duckdb-polr/third_party/re2 -I/home/pei/Project/duckdb-polr/third_party/miniz -I/home/pei/Project/duckdb-polr/third_party/utf8proc/include -I/home/pei/Project/duckdb-polr/third_party/miniparquet -I/home/pei/Project/duckdb-polr/third_party/concurrentqueue -I/home/pei/Project/duckdb-polr/third_party/pcg -I/home/pei/Project/duckdb-polr/third_party/tdigest -I/home/pei/Project/duckdb-polr/third_party/mbedtls/include -I/home/pei/Project/duckdb-polr/third_party/jaro_winkler -O3 -DNDEBUG -O3 -DNDEBUG   -fPIC -fdiagnostics-color=always -std=c++11 -MD -MT src/verification/CMakeFiles/duckdb_verification.dir/prepared_statement_verifier.cpp.o -MF src/verification/CMakeFiles/duckdb_verification.dir/prepared_statement_verifier.cpp.o.d -o src/verification/CMakeFiles/duckdb_verification.dir/prepared_statement_verifier.cpp.o -c /home/pei/Project/duckdb-polr/src/verification/prepared_statement_verifier.cpp
[115/376] /usr/bin/ccache /usr/lib/ccache/c++ -DDUCKDB -DDUCKDB_BUILD_LIBRARY -DDUCKDB_MAIN_LIBRARY -DENABLE_CROSS_PRODUCT_REWRITE=0 -DENABLE_DEBUG_PRINT=0 -DENABLE_MEASURE_EXE_TIME=0 -DENABLE_MERGE_BACK_PLAN=0 -DENABLE_PARALLEL_EXECUTION=0 -DENABLE_QUERY_SPLIT=1 -DENABLE_SPECIFY_EST_STAT=0 -I/home/pei/Project/duckdb-polr/src/include -I/home/pei/Project/duckdb-polr/third_party/fsst -I/home/pei/Project/duckdb-polr/third_party/fmt/include -I/home/pei/Project/duckdb-polr/third_party/hyperloglog -I/home/pei/Project/duckdb-polr/third_party/fastpforlib -I/home/pei/Project/duckdb-polr/third_party/fast_float -I/home/pei/Project/duckdb-polr/third_party/re2 -I/home/pei/Project/duckdb-polr/third_party/miniz -I/home/pei/Project/duckdb-polr/third_party/utf8proc/include -I/home/pei/Project/duckdb-polr/third_party/miniparquet -I/home/pei/Project/duckdb-polr/third_party/concurrentqueue -I/home/pei/Project/duckdb-polr/third_party/pcg -I/home/pei/Project/duckdb-polr/third_party/tdigest -I/home/pei/Project/duckdb-polr/third_party/mbedtls/include -I/home/pei/Project/duckdb-polr/third_party/jaro_winkler -O3 -DNDEBUG -O3 -DNDEBUG   -fPIC -fdiagnostics-color=always -std=c++11 -MD -MT src/verification/CMakeFiles/duckdb_verification.dir/external_statement_verifier.cpp.o -MF src/verification/CMakeFiles/duckdb_verification.dir/external_statement_verifier.cpp.o.d -o src/verification/CMakeFiles/duckdb_verification.dir/external_statement_verifier.cpp.o -c /home/pei/Project/duckdb-polr/src/verification/external_statement_verifier.cpp
[116/376] /usr/bin/ccache /usr/lib/ccache/c++ -DDUCKDB -DDUCKDB_BUILD_LIBRARY -DDUCKDB_MAIN_LIBRARY -DENABLE_CROSS_PRODUCT_REWRITE=0 -DENABLE_DEBUG_PRINT=0 -DENABLE_MEASURE_EXE_TIME=0 -DENABLE_MERGE_BACK_PLAN=0 -DENABLE_PARALLEL_EXECUTION=0 -DENABLE_QUERY_SPLIT=1 -DENABLE_SPECIFY_EST_STAT=0 -I/home/pei/Project/duckdb-polr/src/include -I/home/pei/Project/duckdb-polr/third_party/fsst -I/home/pei/Project/duckdb-polr/third_party/fmt/include -I/home/pei/Project/duckdb-polr/third_party/hyperloglog -I/home/pei/Project/duckdb-polr/third_party/fastpforlib -I/home/pei/Project/duckdb-polr/third_party/fast_float -I/home/pei/Project/duckdb-polr/third_party/re2 -I/home/pei/Project/duckdb-polr/third_party/miniz -I/home/pei/Project/duckdb-polr/third_party/utf8proc/include -I/home/pei/Project/duckdb-polr/third_party/miniparquet -I/home/pei/Project/duckdb-polr/third_party/concurrentqueue -I/home/pei/Project/duckdb-polr/third_party/pcg -I/home/pei/Project/duckdb-polr/third_party/tdigest -I/home/pei/Project/duckdb-polr/third_party/mbedtls/include -I/home/pei/Project/duckdb-polr/third_party/jaro_winkler -O3 -DNDEBUG -O3 -DNDEBUG   -fPIC -fdiagnostics-color=always -std=c++11 -MD -MT src/verification/CMakeFiles/duckdb_verification.dir/parsed_statement_verifier.cpp.o -MF src/verification/CMakeFiles/duckdb_verification.dir/parsed_statement_verifier.cpp.o.d -o src/verification/CMakeFiles/duckdb_verification.dir/parsed_statement_verifier.cpp.o -c /home/pei/Project/duckdb-polr/src/verification/parsed_statement_verifier.cpp
[117/376] /usr/bin/ccache /usr/lib/ccache/c++ -DDUCKDB -DDUCKDB_BUILD_LIBRARY -DDUCKDB_MAIN_LIBRARY -DENABLE_CROSS_PRODUCT_REWRITE=0 -DENABLE_DEBUG_PRINT=0 -DENABLE_MEASURE_EXE_TIME=0 -DENABLE_MERGE_BACK_PLAN=0 -DENABLE_PARALLEL_EXECUTION=0 -DENABLE_QUERY_SPLIT=1 -DENABLE_SPECIFY_EST_STAT=0 -I/home/pei/Project/duckdb-polr/src/include -I/home/pei/Project/duckdb-polr/third_party/fsst -I/home/pei/Project/duckdb-polr/third_party/fmt/include -I/home/pei/Project/duckdb-polr/third_party/hyperloglog -I/home/pei/Project/duckdb-polr/third_party/fastpforlib -I/home/pei/Project/duckdb-polr/third_party/fast_float -I/home/pei/Project/duckdb-polr/third_party/re2 -I/home/pei/Project/duckdb-polr/third_party/miniz -I/home/pei/Project/duckdb-polr/third_party/utf8proc/include -I/home/pei/Project/duckdb-polr/third_party/miniparquet -I/home/pei/Project/duckdb-polr/third_party/concurrentqueue -I/home/pei/Project/duckdb-polr/third_party/pcg -I/home/pei/Project/duckdb-polr/third_party/tdigest -I/home/pei/Project/duckdb-polr/third_party/mbedtls/include -I/home/pei/Project/duckdb-polr/third_party/jaro_winkler -O3 -DNDEBUG -O3 -DNDEBUG   -fPIC -fdiagnostics-color=always -std=c++11 -MD -MT src/storage/table/CMakeFiles/duckdb_storage_table.dir/ub_duckdb_storage_table.cpp.o -MF src/storage/table/CMakeFiles/duckdb_storage_table.dir/ub_duckdb_storage_table.cpp.o.d -o src/storage/table/CMakeFiles/duckdb_storage_table.dir/ub_duckdb_storage_table.cpp.o -c /home/pei/Project/duckdb-polr/build/release/src/storage/table/ub_duckdb_storage_table.cpp
[118/376] /usr/bin/ccache /usr/lib/ccache/cc -DDUCKDB_BUILD_LIBRARY -DENABLE_CROSS_PRODUCT_REWRITE=0 -DENABLE_DEBUG_PRINT=0 -DENABLE_MEASURE_EXE_TIME=0 -DENABLE_MERGE_BACK_PLAN=0 -DENABLE_PARALLEL_EXECUTION=0 -DENABLE_QUERY_SPLIT=1 -DENABLE_SPECIFY_EST_STAT=0 -DUSE_DUCKDB_SHELL_WRAPPER -I/home/pei/Project/duckdb-polr/src/include -I/home/pei/Project/duckdb-polr/third_party/fsst -I/home/pei/Project/duckdb-polr/third_party/fmt/include -I/home/pei/Project/duckdb-polr/third_party/hyperloglog -I/home/pei/Project/duckdb-polr/third_party/fastpforlib -I/home/pei/Project/duckdb-polr/third_party/fast_float -I/home/pei/Project/duckdb-polr/third_party/re2 -I/home/pei/Project/duckdb-polr/third_party/miniz -I/home/pei/Project/duckdb-polr/third_party/utf8proc/include -I/home/pei/Project/duckdb-polr/third_party/miniparquet -I/home/pei/Project/duckdb-polr/third_party/concurrentqueue -I/home/pei/Project/duckdb-polr/third_party/pcg -I/home/pei/Project/duckdb-polr/third_party/tdigest -I/home/pei/Project/duckdb-polr/third_party/mbedtls/include -I/home/pei/Project/duckdb-polr/third_party/jaro_winkler -I/home/pei/Project/duckdb-polr/tools/sqlite3_api_wrapper/include -O3 -DNDEBUG -O3 -DNDEBUG   -fPIC -fdiagnostics-color=always -MD -MT tools/sqlite3_api_wrapper/sqlite3/CMakeFiles/sqlite3_api_wrapper_sqlite3.dir/printf.c.o -MF tools/sqlite3_api_wrapper/sqlite3/CMakeFiles/sqlite3_api_wrapper_sqlite3.dir/printf.c.o.d -o tools/sqlite3_api_wrapper/sqlite3/CMakeFiles/sqlite3_api_wrapper_sqlite3.dir/printf.c.o -c /home/pei/Project/duckdb-polr/tools/sqlite3_api_wrapper/sqlite3/printf.c
[119/376] /usr/bin/ccache /usr/lib/ccache/cc -DDUCKDB_BUILD_LIBRARY -DENABLE_CROSS_PRODUCT_REWRITE=0 -DENABLE_DEBUG_PRINT=0 -DENABLE_MEASURE_EXE_TIME=0 -DENABLE_MERGE_BACK_PLAN=0 -DENABLE_PARALLEL_EXECUTION=0 -DENABLE_QUERY_SPLIT=1 -DENABLE_SPECIFY_EST_STAT=0 -DUSE_DUCKDB_SHELL_WRAPPER -I/home/pei/Project/duckdb-polr/src/include -I/home/pei/Project/duckdb-polr/third_party/fsst -I/home/pei/Project/duckdb-polr/third_party/fmt/include -I/home/pei/Project/duckdb-polr/third_party/hyperloglog -I/home/pei/Project/duckdb-polr/third_party/fastpforlib -I/home/pei/Project/duckdb-polr/third_party/fast_float -I/home/pei/Project/duckdb-polr/third_party/re2 -I/home/pei/Project/duckdb-polr/third_party/miniz -I/home/pei/Project/duckdb-polr/third_party/utf8proc/include -I/home/pei/Project/duckdb-polr/third_party/miniparquet -I/home/pei/Project/duckdb-polr/third_party/concurrentqueue -I/home/pei/Project/duckdb-polr/third_party/pcg -I/home/pei/Project/duckdb-polr/third_party/tdigest -I/home/pei/Project/duckdb-polr/third_party/mbedtls/include -I/home/pei/Project/duckdb-polr/third_party/jaro_winkler -I/home/pei/Project/duckdb-polr/tools/sqlite3_api_wrapper/include -O3 -DNDEBUG -O3 -DNDEBUG   -fPIC -fdiagnostics-color=always -MD -MT tools/sqlite3_api_wrapper/sqlite3/CMakeFiles/sqlite3_api_wrapper_sqlite3.dir/strglob.c.o -MF tools/sqlite3_api_wrapper/sqlite3/CMakeFiles/sqlite3_api_wrapper_sqlite3.dir/strglob.c.o.d -o tools/sqlite3_api_wrapper/sqlite3/CMakeFiles/sqlite3_api_wrapper_sqlite3.dir/strglob.c.o -c /home/pei/Project/duckdb-polr/tools/sqlite3_api_wrapper/sqlite3/strglob.c
[120/376] /usr/bin/ccache /usr/lib/ccache/c++ -DDUCKDB -DDUCKDB_BUILD_LIBRARY -DDUCKDB_MAIN_LIBRARY -DENABLE_CROSS_PRODUCT_REWRITE=0 -DENABLE_DEBUG_PRINT=0 -DENABLE_MEASURE_EXE_TIME=0 -DENABLE_MERGE_BACK_PLAN=0 -DENABLE_PARALLEL_EXECUTION=0 -DENABLE_QUERY_SPLIT=1 -DENABLE_SPECIFY_EST_STAT=0 -I/home/pei/Project/duckdb-polr/src/include -I/home/pei/Project/duckdb-polr/third_party/fsst -I/home/pei/Project/duckdb-polr/third_party/fmt/include -I/home/pei/Project/duckdb-polr/third_party/hyperloglog -I/home/pei/Project/duckdb-polr/third_party/fastpforlib -I/home/pei/Project/duckdb-polr/third_party/fast_float -I/home/pei/Project/duckdb-polr/third_party/re2 -I/home/pei/Project/duckdb-polr/third_party/miniz -I/home/pei/Project/duckdb-polr/third_party/utf8proc/include -I/home/pei/Project/duckdb-polr/third_party/miniparquet -I/home/pei/Project/duckdb-polr/third_party/concurrentqueue -I/home/pei/Project/duckdb-polr/third_party/pcg -I/home/pei/Project/duckdb-polr/third_party/tdigest -I/home/pei/Project/duckdb-polr/third_party/mbedtls/include -I/home/pei/Project/duckdb-polr/third_party/jaro_winkler -O3 -DNDEBUG -O3 -DNDEBUG   -fPIC -fdiagnostics-color=always -std=c++11 -MD -MT src/verification/CMakeFiles/duckdb_verification.dir/unoptimized_statement_verifier.cpp.o -MF src/verification/CMakeFiles/duckdb_verification.dir/unoptimized_statement_verifier.cpp.o.d -o src/verification/CMakeFiles/duckdb_verification.dir/unoptimized_statement_verifier.cpp.o -c /home/pei/Project/duckdb-polr/src/verification/unoptimized_statement_verifier.cpp
[121/376] /usr/bin/ccache /usr/lib/ccache/cc -DDUCKDB_BUILD_LIBRARY -DENABLE_CROSS_PRODUCT_REWRITE=0 -DENABLE_DEBUG_PRINT=0 -DENABLE_MEASURE_EXE_TIME=0 -DENABLE_MERGE_BACK_PLAN=0 -DENABLE_PARALLEL_EXECUTION=0 -DENABLE_QUERY_SPLIT=1 -DENABLE_SPECIFY_EST_STAT=0 -DHAVE_LINENOISE=1 -DSQLITE_OMIT_LOAD_EXTENSION=1 -I/home/pei/Project/duckdb-polr/src/include -I/home/pei/Project/duckdb-polr/third_party/fsst -I/home/pei/Project/duckdb-polr/third_party/fmt/include -I/home/pei/Project/duckdb-polr/third_party/hyperloglog -I/home/pei/Project/duckdb-polr/third_party/fastpforlib -I/home/pei/Project/duckdb-polr/third_party/fast_float -I/home/pei/Project/duckdb-polr/third_party/re2 -I/home/pei/Project/duckdb-polr/third_party/miniz -I/home/pei/Project/duckdb-polr/third_party/utf8proc/include -I/home/pei/Project/duckdb-polr/third_party/miniparquet -I/home/pei/Project/duckdb-polr/third_party/concurrentqueue -I/home/pei/Project/duckdb-polr/third_party/pcg -I/home/pei/Project/duckdb-polr/third_party/tdigest -I/home/pei/Project/duckdb-polr/third_party/mbedtls/include -I/home/pei/Project/duckdb-polr/third_party/jaro_winkler -I/home/pei/Project/duckdb-polr/tools/shell/../../third_party/utf8proc/include -I/home/pei/Project/duckdb-polr/tools/shell/include -I/home/pei/Project/duckdb-polr/tools/shell/../sqlite3_api_wrapper/include -I/home/pei/Project/duckdb-polr/third_party/libpg_query/include -O3 -DNDEBUG -O3 -DNDEBUG   -fPIE -fdiagnostics-color=always -MD -MT tools/shell/CMakeFiles/shell.dir/shell.c.o -MF tools/shell/CMakeFiles/shell.dir/shell.c.o.d -o tools/shell/CMakeFiles/shell.dir/shell.c.o -c /home/pei/Project/duckdb-polr/tools/shell/shell.c
[122/376] /usr/bin/ccache /usr/lib/ccache/c++ -DBUILD_JEMALLOC_EXTENSION=ON -DBUILD_PARQUET_EXTENSION=TRUE -DDUCKDB_BUILD_LIBRARY -DENABLE_CROSS_PRODUCT_REWRITE=0 -DENABLE_DEBUG_PRINT=0 -DENABLE_MEASURE_EXE_TIME=0 -DENABLE_MERGE_BACK_PLAN=0 -DENABLE_PARALLEL_EXECUTION=0 -DENABLE_QUERY_SPLIT=1 -DENABLE_SPECIFY_EST_STAT=0 -DSQLITE_SHELL_IS_UTF8 -DUSE_DUCKDB_SHELL_WRAPPER -I/home/pei/Project/duckdb-polr/src/include -I/home/pei/Project/duckdb-polr/third_party/fsst -I/home/pei/Project/duckdb-polr/third_party/fmt/include -I/home/pei/Project/duckdb-polr/third_party/hyperloglog -I/home/pei/Project/duckdb-polr/third_party/fastpforlib -I/home/pei/Project/duckdb-polr/third_party/fast_float -I/home/pei/Project/duckdb-polr/third_party/re2 -I/home/pei/Project/duckdb-polr/third_party/miniz -I/home/pei/Project/duckdb-polr/third_party/utf8proc/include -I/home/pei/Project/duckdb-polr/third_party/miniparquet -I/home/pei/Project/duckdb-polr/third_party/concurrentqueue -I/home/pei/Project/duckdb-polr/third_party/pcg -I/home/pei/Project/duckdb-polr/third_party/tdigest -I/home/pei/Project/duckdb-polr/third_party/mbedtls/include -I/home/pei/Project/duckdb-polr/third_party/jaro_winkler -I/home/pei/Project/duckdb-polr/tools/sqlite3_api_wrapper/include -I/home/pei/Project/duckdb-polr/tools/sqlite3_api_wrapper/sqlite3_udf_api/include -I/home/pei/Project/duckdb-polr/extension -I/home/pei/Project/duckdb-polr/extension/parquet/include -I/home/pei/Project/duckdb-polr/extension/jemalloc/include -I/home/pei/Project/duckdb-polr/tools/sqlite3_api_wrapper/../../third_party/utf8proc/include -I/home/pei/Project/duckdb-polr/tools/sqlite3_api_wrapper/../../third_party/catch -I/home/pei/Project/duckdb-polr/tools/sqlite3_api_wrapper/test/include -I/home/pei/Project/duckdb-polr/third_party/libpg_query/include -O3 -DNDEBUG -O3 -DNDEBUG   -fPIC -fdiagnostics-color=always -std=c++11 -MD -MT tools/sqlite3_api_wrapper/CMakeFiles/sqlite3_api_wrapper_static.dir/sql_auto_complete_extension.cpp.o -MF tools/sqlite3_api_wrapper/CMakeFiles/sqlite3_api_wrapper_static.dir/sql_auto_complete_extension.cpp.o.d -o tools/sqlite3_api_wrapper/CMakeFiles/sqlite3_api_wrapper_static.dir/sql_auto_complete_extension.cpp.o -c /home/pei/Project/duckdb-polr/tools/sqlite3_api_wrapper/sql_auto_complete_extension.cpp
[123/376] /usr/bin/ccache /usr/lib/ccache/c++ -DBUILD_JEMALLOC_EXTENSION=ON -DBUILD_PARQUET_EXTENSION=TRUE -DDUCKDB_BUILD_LIBRARY -DENABLE_CROSS_PRODUCT_REWRITE=0 -DENABLE_DEBUG_PRINT=0 -DENABLE_MEASURE_EXE_TIME=0 -DENABLE_MERGE_BACK_PLAN=0 -DENABLE_PARALLEL_EXECUTION=0 -DENABLE_QUERY_SPLIT=1 -DENABLE_SPECIFY_EST_STAT=0 -DSQLITE_SHELL_IS_UTF8 -DUSE_DUCKDB_SHELL_WRAPPER -Dsqlite3_api_wrapper_EXPORTS -I/home/pei/Project/duckdb-polr/src/include -I/home/pei/Project/duckdb-polr/third_party/fsst -I/home/pei/Project/duckdb-polr/third_party/fmt/include -I/home/pei/Project/duckdb-polr/third_party/hyperloglog -I/home/pei/Project/duckdb-polr/third_party/fastpforlib -I/home/pei/Project/duckdb-polr/third_party/fast_float -I/home/pei/Project/duckdb-polr/third_party/re2 -I/home/pei/Project/duckdb-polr/third_party/miniz -I/home/pei/Project/duckdb-polr/third_party/utf8proc/include -I/home/pei/Project/duckdb-polr/third_party/miniparquet -I/home/pei/Project/duckdb-polr/third_party/concurrentqueue -I/home/pei/Project/duckdb-polr/third_party/pcg -I/home/pei/Project/duckdb-polr/third_party/tdigest -I/home/pei/Project/duckdb-polr/third_party/mbedtls/include -I/home/pei/Project/duckdb-polr/third_party/jaro_winkler -I/home/pei/Project/duckdb-polr/tools/sqlite3_api_wrapper/include -I/home/pei/Project/duckdb-polr/tools/sqlite3_api_wrapper/sqlite3_udf_api/include -I/home/pei/Project/duckdb-polr/extension -I/home/pei/Project/duckdb-polr/extension/parquet/include -I/home/pei/Project/duckdb-polr/extension/jemalloc/include -I/home/pei/Project/duckdb-polr/tools/sqlite3_api_wrapper/../../third_party/utf8proc/include -I/home/pei/Project/duckdb-polr/tools/sqlite3_api_wrapper/../../third_party/catch -I/home/pei/Project/duckdb-polr/tools/sqlite3_api_wrapper/test/include -I/home/pei/Project/duckdb-polr/third_party/libpg_query/include -O3 -DNDEBUG -O3 -DNDEBUG   -fPIC -fdiagnostics-color=always -std=c++11 -MD -MT tools/sqlite3_api_wrapper/CMakeFiles/sqlite3_api_wrapper.dir/sql_auto_complete_extension.cpp.o -MF tools/sqlite3_api_wrapper/CMakeFiles/sqlite3_api_wrapper.dir/sql_auto_complete_extension.cpp.o.d -o tools/sqlite3_api_wrapper/CMakeFiles/sqlite3_api_wrapper.dir/sql_auto_complete_extension.cpp.o -c /home/pei/Project/duckdb-polr/tools/sqlite3_api_wrapper/sql_auto_complete_extension.cpp
[124/376] /usr/bin/ccache /usr/lib/ccache/c++ -DBUILD_JEMALLOC_EXTENSION=ON -DBUILD_PARQUET_EXTENSION=TRUE -DDUCKDB_BUILD_LIBRARY -DENABLE_CROSS_PRODUCT_REWRITE=0 -DENABLE_DEBUG_PRINT=0 -DENABLE_MEASURE_EXE_TIME=0 -DENABLE_MERGE_BACK_PLAN=0 -DENABLE_PARALLEL_EXECUTION=0 -DENABLE_QUERY_SPLIT=1 -DENABLE_SPECIFY_EST_STAT=0 -DSQLITE_SHELL_IS_UTF8 -DUSE_DUCKDB_SHELL_WRAPPER -I/home/pei/Project/duckdb-polr/src/include -I/home/pei/Project/duckdb-polr/third_party/fsst -I/home/pei/Project/duckdb-polr/third_party/fmt/include -I/home/pei/Project/duckdb-polr/third_party/hyperloglog -I/home/pei/Project/duckdb-polr/third_party/fastpforlib -I/home/pei/Project/duckdb-polr/third_party/fast_float -I/home/pei/Project/duckdb-polr/third_party/re2 -I/home/pei/Project/duckdb-polr/third_party/miniz -I/home/pei/Project/duckdb-polr/third_party/utf8proc/include -I/home/pei/Project/duckdb-polr/third_party/miniparquet -I/home/pei/Project/duckdb-polr/third_party/concurrentqueue -I/home/pei/Project/duckdb-polr/third_party/pcg -I/home/pei/Project/duckdb-polr/third_party/tdigest -I/home/pei/Project/duckdb-polr/third_party/mbedtls/include -I/home/pei/Project/duckdb-polr/third_party/jaro_winkler -I/home/pei/Project/duckdb-polr/tools/sqlite3_api_wrapper/include -I/home/pei/Project/duckdb-polr/tools/sqlite3_api_wrapper/sqlite3_udf_api/include -I/home/pei/Project/duckdb-polr/extension -I/home/pei/Project/duckdb-polr/extension/parquet/include -I/home/pei/Project/duckdb-polr/extension/jemalloc/include -I/home/pei/Project/duckdb-polr/tools/sqlite3_api_wrapper/../../third_party/utf8proc/include -I/home/pei/Project/duckdb-polr/tools/sqlite3_api_wrapper/../../third_party/catch -I/home/pei/Project/duckdb-polr/tools/sqlite3_api_wrapper/test/include -I/home/pei/Project/duckdb-polr/third_party/libpg_query/include -O3 -DNDEBUG -O3 -DNDEBUG   -fPIC -fdiagnostics-color=always -std=c++11 -MD -MT tools/sqlite3_api_wrapper/CMakeFiles/sqlite3_api_wrapper_static.dir/sqlite3_api_wrapper.cpp.o -MF tools/sqlite3_api_wrapper/CMakeFiles/sqlite3_api_wrapper_static.dir/sqlite3_api_wrapper.cpp.o.d -o tools/sqlite3_api_wrapper/CMakeFiles/sqlite3_api_wrapper_static.dir/sqlite3_api_wrapper.cpp.o -c /home/pei/Project/duckdb-polr/tools/sqlite3_api_wrapper/sqlite3_api_wrapper.cpp
[125/376] /usr/bin/ccache /usr/lib/ccache/c++ -DBUILD_JEMALLOC_EXTENSION=ON -DBUILD_PARQUET_EXTENSION=TRUE -DDUCKDB_BUILD_LIBRARY -DENABLE_CROSS_PRODUCT_REWRITE=0 -DENABLE_DEBUG_PRINT=0 -DENABLE_MEASURE_EXE_TIME=0 -DENABLE_MERGE_BACK_PLAN=0 -DENABLE_PARALLEL_EXECUTION=0 -DENABLE_QUERY_SPLIT=1 -DENABLE_SPECIFY_EST_STAT=0 -DSQLITE_SHELL_IS_UTF8 -DUSE_DUCKDB_SHELL_WRAPPER -Dsqlite3_api_wrapper_EXPORTS -I/home/pei/Project/duckdb-polr/src/include -I/home/pei/Project/duckdb-polr/third_party/fsst -I/home/pei/Project/duckdb-polr/third_party/fmt/include -I/home/pei/Project/duckdb-polr/third_party/hyperloglog -I/home/pei/Project/duckdb-polr/third_party/fastpforlib -I/home/pei/Project/duckdb-polr/third_party/fast_float -I/home/pei/Project/duckdb-polr/third_party/re2 -I/home/pei/Project/duckdb-polr/third_party/miniz -I/home/pei/Project/duckdb-polr/third_party/utf8proc/include -I/home/pei/Project/duckdb-polr/third_party/miniparquet -I/home/pei/Project/duckdb-polr/third_party/concurrentqueue -I/home/pei/Project/duckdb-polr/third_party/pcg -I/home/pei/Project/duckdb-polr/third_party/tdigest -I/home/pei/Project/duckdb-polr/third_party/mbedtls/include -I/home/pei/Project/duckdb-polr/third_party/jaro_winkler -I/home/pei/Project/duckdb-polr/tools/sqlite3_api_wrapper/include -I/home/pei/Project/duckdb-polr/tools/sqlite3_api_wrapper/sqlite3_udf_api/include -I/home/pei/Project/duckdb-polr/extension -I/home/pei/Project/duckdb-polr/extension/parquet/include -I/home/pei/Project/duckdb-polr/extension/jemalloc/include -I/home/pei/Project/duckdb-polr/tools/sqlite3_api_wrapper/../../third_party/utf8proc/include -I/home/pei/Project/duckdb-polr/tools/sqlite3_api_wrapper/../../third_party/catch -I/home/pei/Project/duckdb-polr/tools/sqlite3_api_wrapper/test/include -I/home/pei/Project/duckdb-polr/third_party/libpg_query/include -O3 -DNDEBUG -O3 -DNDEBUG   -fPIC -fdiagnostics-color=always -std=c++11 -MD -MT tools/sqlite3_api_wrapper/CMakeFiles/sqlite3_api_wrapper.dir/sqlite3_api_wrapper.cpp.o -MF tools/sqlite3_api_wrapper/CMakeFiles/sqlite3_api_wrapper.dir/sqlite3_api_wrapper.cpp.o.d -o tools/sqlite3_api_wrapper/CMakeFiles/sqlite3_api_wrapper.dir/sqlite3_api_wrapper.cpp.o -c /home/pei/Project/duckdb-polr/tools/sqlite3_api_wrapper/sqlite3_api_wrapper.cpp
[126/376] /usr/bin/ccache /usr/lib/ccache/c++ -DBUILD_JEMALLOC_EXTENSION=ON -DBUILD_PARQUET_EXTENSION=TRUE -DDUCKDB_BUILD_LIBRARY -DENABLE_CROSS_PRODUCT_REWRITE=0 -DENABLE_DEBUG_PRINT=0 -DENABLE_MEASURE_EXE_TIME=0 -DENABLE_MERGE_BACK_PLAN=0 -DENABLE_PARALLEL_EXECUTION=0 -DENABLE_QUERY_SPLIT=1 -DENABLE_SPECIFY_EST_STAT=0 -DSQLITE_SHELL_IS_UTF8 -DUSE_DUCKDB_SHELL_WRAPPER -I/home/pei/Project/duckdb-polr/src/include -I/home/pei/Project/duckdb-polr/third_party/fsst -I/home/pei/Project/duckdb-polr/third_party/fmt/include -I/home/pei/Project/duckdb-polr/third_party/hyperloglog -I/home/pei/Project/duckdb-polr/third_party/fastpforlib -I/home/pei/Project/duckdb-polr/third_party/fast_float -I/home/pei/Project/duckdb-polr/third_party/re2 -I/home/pei/Project/duckdb-polr/third_party/miniz -I/home/pei/Project/duckdb-polr/third_party/utf8proc/include -I/home/pei/Project/duckdb-polr/third_party/miniparquet -I/home/pei/Project/duckdb-polr/third_party/concurrentqueue -I/home/pei/Project/duckdb-polr/third_party/pcg -I/home/pei/Project/duckdb-polr/third_party/tdigest -I/home/pei/Project/duckdb-polr/third_party/mbedtls/include -I/home/pei/Project/duckdb-polr/third_party/jaro_winkler -I/home/pei/Project/duckdb-polr/tools/sqlite3_api_wrapper/include -I/home/pei/Project/duckdb-polr/tools/sqlite3_api_wrapper/sqlite3_udf_api/include -I/home/pei/Project/duckdb-polr/extension -I/home/pei/Project/duckdb-polr/extension/parquet/include -I/home/pei/Project/duckdb-polr/extension/jemalloc/include -I/home/pei/Project/duckdb-polr/tools/sqlite3_api_wrapper/../../third_party/utf8proc/include -I/home/pei/Project/duckdb-polr/tools/sqlite3_api_wrapper/../../third_party/catch -I/home/pei/Project/duckdb-polr/tools/sqlite3_api_wrapper/test/include -I/home/pei/Project/duckdb-polr/third_party/libpg_query/include -O3 -DNDEBUG -O3 -DNDEBUG   -fPIE -fdiagnostics-color=always -std=c++11 -MD -MT tools/sqlite3_api_wrapper/CMakeFiles/test_sqlite3_api_wrapper.dir/test/test_sqlite3_api_wrapper.cpp.o -MF tools/sqlite3_api_wrapper/CMakeFiles/test_sqlite3_api_wrapper.dir/test/test_sqlite3_api_wrapper.cpp.o.d -o tools/sqlite3_api_wrapper/CMakeFiles/test_sqlite3_api_wrapper.dir/test/test_sqlite3_api_wrapper.cpp.o -c /home/pei/Project/duckdb-polr/tools/sqlite3_api_wrapper/test/test_sqlite3_api_wrapper.cpp
[127/376] /usr/bin/ccache /usr/lib/ccache/c++ -DDUCKDB_BUILD_LIBRARY -DENABLE_CROSS_PRODUCT_REWRITE=0 -DENABLE_DEBUG_PRINT=0 -DENABLE_MEASURE_EXE_TIME=0 -DENABLE_MERGE_BACK_PLAN=0 -DENABLE_PARALLEL_EXECUTION=0 -DENABLE_QUERY_SPLIT=1 -DENABLE_SPECIFY_EST_STAT=0 -DHAVE_LINENOISE=1 -DSQLITE_OMIT_LOAD_EXTENSION=1 -I/home/pei/Project/duckdb-polr/src/include -I/home/pei/Project/duckdb-polr/third_party/fsst -I/home/pei/Project/duckdb-polr/third_party/fmt/include -I/home/pei/Project/duckdb-polr/third_party/hyperloglog -I/home/pei/Project/duckdb-polr/third_party/fastpforlib -I/home/pei/Project/duckdb-polr/third_party/fast_float -I/home/pei/Project/duckdb-polr/third_party/re2 -I/home/pei/Project/duckdb-polr/third_party/miniz -I/home/pei/Project/duckdb-polr/third_party/utf8proc/include -I/home/pei/Project/duckdb-polr/third_party/miniparquet -I/home/pei/Project/duckdb-polr/third_party/concurrentqueue -I/home/pei/Project/duckdb-polr/third_party/pcg -I/home/pei/Project/duckdb-polr/third_party/tdigest -I/home/pei/Project/duckdb-polr/third_party/mbedtls/include -I/home/pei/Project/duckdb-polr/third_party/jaro_winkler -I/home/pei/Project/duckdb-polr/tools/shell/../../third_party/utf8proc/include -I/home/pei/Project/duckdb-polr/tools/shell/include -I/home/pei/Project/duckdb-polr/tools/shell/../sqlite3_api_wrapper/include -I/home/pei/Project/duckdb-polr/third_party/libpg_query/include -O3 -DNDEBUG -O3 -DNDEBUG   -fPIE -fdiagnostics-color=always -std=c++11 -MD -MT tools/shell/CMakeFiles/shell.dir/linenoise.cpp.o -MF tools/shell/CMakeFiles/shell.dir/linenoise.cpp.o.d -o tools/shell/CMakeFiles/shell.dir/linenoise.cpp.o -c /home/pei/Project/duckdb-polr/tools/shell/linenoise.cpp
[128/376] /usr/bin/ccache /usr/lib/ccache/c++ -DDUCKDB_BUILD_LIBRARY -DENABLE_CROSS_PRODUCT_REWRITE=0 -DENABLE_DEBUG_PRINT=0 -DENABLE_MEASURE_EXE_TIME=0 -DENABLE_MERGE_BACK_PLAN=0 -DENABLE_PARALLEL_EXECUTION=0 -DENABLE_QUERY_SPLIT=1 -DENABLE_SPECIFY_EST_STAT=0 -I/home/pei/Project/duckdb-polr/src/include -I/home/pei/Project/duckdb-polr/third_party/fsst -I/home/pei/Project/duckdb-polr/third_party/fmt/include -I/home/pei/Project/duckdb-polr/third_party/hyperloglog -I/home/pei/Project/duckdb-polr/third_party/fastpforlib -I/home/pei/Project/duckdb-polr/third_party/fast_float -I/home/pei/Project/duckdb-polr/third_party/re2 -I/home/pei/Project/duckdb-polr/third_party/miniz -I/home/pei/Project/duckdb-polr/third_party/utf8proc/include -I/home/pei/Project/duckdb-polr/third_party/miniparquet -I/home/pei/Project/duckdb-polr/third_party/concurrentqueue -I/home/pei/Project/duckdb-polr/third_party/pcg -I/home/pei/Project/duckdb-polr/third_party/tdigest -I/home/pei/Project/duckdb-polr/third_party/mbedtls/include -I/home/pei/Project/duckdb-polr/third_party/jaro_winkler -I/home/pei/Project/duckdb-polr/tools/sqlite3_api_wrapper/include -I/home/pei/Project/duckdb-polr/tools/sqlite3_api_wrapper/sqlite3_udf_api/include -O3 -DNDEBUG -O3 -DNDEBUG   -fPIC -fdiagnostics-color=always -std=c++11 -MD -MT tools/sqlite3_api_wrapper/sqlite3_udf_api/CMakeFiles/sqlite3_udf_api.dir/sqlite3_udf_wrapper.cpp.o -MF tools/sqlite3_api_wrapper/sqlite3_udf_api/CMakeFiles/sqlite3_udf_api.dir/sqlite3_udf_wrapper.cpp.o.d -o tools/sqlite3_api_wrapper/sqlite3_udf_api/CMakeFiles/sqlite3_udf_api.dir/sqlite3_udf_wrapper.cpp.o -c /home/pei/Project/duckdb-polr/tools/sqlite3_api_wrapper/sqlite3_udf_api/sqlite3_udf_wrapper.cpp
[129/376] /usr/bin/ccache /usr/lib/ccache/c++ -DBUILD_JEMALLOC_EXTENSION=ON -DBUILD_PARQUET_EXTENSION=TRUE -DDUCKDB_BUILD_LIBRARY -DENABLE_CROSS_PRODUCT_REWRITE=0 -DENABLE_DEBUG_PRINT=0 -DENABLE_MEASURE_EXE_TIME=0 -DENABLE_MERGE_BACK_PLAN=0 -DENABLE_PARALLEL_EXECUTION=0 -DENABLE_QUERY_SPLIT=1 -DENABLE_SPECIFY_EST_STAT=0 -DSQLITE_SHELL_IS_UTF8 -DUSE_DUCKDB_SHELL_WRAPPER -I/home/pei/Project/duckdb-polr/src/include -I/home/pei/Project/duckdb-polr/third_party/fsst -I/home/pei/Project/duckdb-polr/third_party/fmt/include -I/home/pei/Project/duckdb-polr/third_party/hyperloglog -I/home/pei/Project/duckdb-polr/third_party/fastpforlib -I/home/pei/Project/duckdb-polr/third_party/fast_float -I/home/pei/Project/duckdb-polr/third_party/re2 -I/home/pei/Project/duckdb-polr/third_party/miniz -I/home/pei/Project/duckdb-polr/third_party/utf8proc/include -I/home/pei/Project/duckdb-polr/third_party/miniparquet -I/home/pei/Project/duckdb-polr/third_party/concurrentqueue -I/home/pei/Project/duckdb-polr/third_party/pcg -I/home/pei/Project/duckdb-polr/third_party/tdigest -I/home/pei/Project/duckdb-polr/third_party/mbedtls/include -I/home/pei/Project/duckdb-polr/third_party/jaro_winkler -I/home/pei/Project/duckdb-polr/tools/sqlite3_api_wrapper/include -I/home/pei/Project/duckdb-polr/tools/sqlite3_api_wrapper/sqlite3_udf_api/include -I/home/pei/Project/duckdb-polr/extension -I/home/pei/Project/duckdb-polr/extension/parquet/include -I/home/pei/Project/duckdb-polr/extension/jemalloc/include -I/home/pei/Project/duckdb-polr/tools/sqlite3_api_wrapper/../../third_party/utf8proc/include -I/home/pei/Project/duckdb-polr/tools/sqlite3_api_wrapper/../../third_party/catch -I/home/pei/Project/duckdb-polr/tools/sqlite3_api_wrapper/test/include -I/home/pei/Project/duckdb-polr/third_party/libpg_query/include -O3 -DNDEBUG -O3 -DNDEBUG   -fPIE -fdiagnostics-color=always -std=c++11 -MD -MT tools/sqlite3_api_wrapper/CMakeFiles/test_sqlite3_api_wrapper.dir/test/test_sqlite3_udf_api_wrapper.cpp.o -MF tools/sqlite3_api_wrapper/CMakeFiles/test_sqlite3_api_wrapper.dir/test/test_sqlite3_udf_api_wrapper.cpp.o.d -o tools/sqlite3_api_wrapper/CMakeFiles/test_sqlite3_api_wrapper.dir/test/test_sqlite3_udf_api_wrapper.cpp.o -c /home/pei/Project/duckdb-polr/tools/sqlite3_api_wrapper/test/test_sqlite3_udf_api_wrapper.cpp
[130/376] /usr/bin/ccache /usr/lib/ccache/c++ -DDUCKDB_BUILD_LIBRARY -DENABLE_CROSS_PRODUCT_REWRITE=0 -DENABLE_DEBUG_PRINT=0 -DENABLE_MEASURE_EXE_TIME=0 -DENABLE_MERGE_BACK_PLAN=0 -DENABLE_PARALLEL_EXECUTION=0 -DENABLE_QUERY_SPLIT=1 -DENABLE_SPECIFY_EST_STAT=0 -I/home/pei/Project/duckdb-polr/src/include -I/home/pei/Project/duckdb-polr/third_party/fsst -I/home/pei/Project/duckdb-polr/third_party/fmt/include -I/home/pei/Project/duckdb-polr/third_party/hyperloglog -I/home/pei/Project/duckdb-polr/third_party/fastpforlib -I/home/pei/Project/duckdb-polr/third_party/fast_float -I/home/pei/Project/duckdb-polr/third_party/re2 -I/home/pei/Project/duckdb-polr/third_party/miniz -I/home/pei/Project/duckdb-polr/third_party/utf8proc/include -I/home/pei/Project/duckdb-polr/third_party/miniparquet -I/home/pei/Project/duckdb-polr/third_party/concurrentqueue -I/home/pei/Project/duckdb-polr/third_party/pcg -I/home/pei/Project/duckdb-polr/third_party/tdigest -I/home/pei/Project/duckdb-polr/third_party/mbedtls/include -I/home/pei/Project/duckdb-polr/third_party/jaro_winkler -I/home/pei/Project/duckdb-polr/tools/sqlite3_api_wrapper/include -I/home/pei/Project/duckdb-polr/tools/sqlite3_api_wrapper/sqlite3_udf_api/include -O3 -DNDEBUG -O3 -DNDEBUG   -fPIC -fdiagnostics-color=always -std=c++11 -MD -MT tools/sqlite3_api_wrapper/sqlite3_udf_api/CMakeFiles/sqlite3_udf_api.dir/cast_sqlite.cpp.o -MF tools/sqlite3_api_wrapper/sqlite3_udf_api/CMakeFiles/sqlite3_udf_api.dir/cast_sqlite.cpp.o.d -o tools/sqlite3_api_wrapper/sqlite3_udf_api/CMakeFiles/sqlite3_udf_api.dir/cast_sqlite.cpp.o -c /home/pei/Project/duckdb-polr/tools/sqlite3_api_wrapper/sqlite3_udf_api/cast_sqlite.cpp
[131/376] /usr/bin/ccache /usr/lib/ccache/c++ -DDUCKDB_BUILD_LIBRARY -DENABLE_CROSS_PRODUCT_REWRITE=0 -DENABLE_DEBUG_PRINT=0 -DENABLE_MEASURE_EXE_TIME=0 -DENABLE_MERGE_BACK_PLAN=0 -DENABLE_PARALLEL_EXECUTION=0 -DENABLE_QUERY_SPLIT=1 -DENABLE_SPECIFY_EST_STAT=0 -I/home/pei/Project/duckdb-polr/src/include -I/home/pei/Project/duckdb-polr/third_party/fsst -I/home/pei/Project/duckdb-polr/third_party/fmt/include -I/home/pei/Project/duckdb-polr/third_party/hyperloglog -I/home/pei/Project/duckdb-polr/third_party/fastpforlib -I/home/pei/Project/duckdb-polr/third_party/fast_float -I/home/pei/Project/duckdb-polr/third_party/re2 -I/home/pei/Project/duckdb-polr/third_party/miniz -I/home/pei/Project/duckdb-polr/third_party/utf8proc/include -I/home/pei/Project/duckdb-polr/third_party/miniparquet -I/home/pei/Project/duckdb-polr/third_party/concurrentqueue -I/home/pei/Project/duckdb-polr/third_party/pcg -I/home/pei/Project/duckdb-polr/third_party/tdigest -I/home/pei/Project/duckdb-polr/third_party/mbedtls/include -I/home/pei/Project/duckdb-polr/third_party/jaro_winkler -I/home/pei/Project/duckdb-polr/extension/parquet/include -I/home/pei/Project/duckdb-polr/extension/parquet/../../third_party/parquet -I/home/pei/Project/duckdb-polr/extension/parquet/../../third_party/snappy -I/home/pei/Project/duckdb-polr/extension/parquet/../../third_party/miniz -I/home/pei/Project/duckdb-polr/extension/parquet/../../third_party/thrift -I/home/pei/Project/duckdb-polr/extension/parquet/../../third_party/zstd/include -O3 -DNDEBUG -O3 -DNDEBUG   -fPIC -fdiagnostics-color=always -std=c++11 -MD -MT extension/parquet/CMakeFiles/parquet_extension.dir/column_writer.cpp.o -MF extension/parquet/CMakeFiles/parquet_extension.dir/column_writer.cpp.o.d -o extension/parquet/CMakeFiles/parquet_extension.dir/column_writer.cpp.o -c /home/pei/Project/duckdb-polr/extension/parquet/column_writer.cpp
[132/376] /usr/bin/ccache /usr/lib/ccache/c++ -DDUCKDB_BUILD_LIBRARY -DENABLE_CROSS_PRODUCT_REWRITE=0 -DENABLE_DEBUG_PRINT=0 -DENABLE_MEASURE_EXE_TIME=0 -DENABLE_MERGE_BACK_PLAN=0 -DENABLE_PARALLEL_EXECUTION=0 -DENABLE_QUERY_SPLIT=1 -DENABLE_SPECIFY_EST_STAT=0 -I/home/pei/Project/duckdb-polr/src/include -I/home/pei/Project/duckdb-polr/third_party/fsst -I/home/pei/Project/duckdb-polr/third_party/fmt/include -I/home/pei/Project/duckdb-polr/third_party/hyperloglog -I/home/pei/Project/duckdb-polr/third_party/fastpforlib -I/home/pei/Project/duckdb-polr/third_party/fast_float -I/home/pei/Project/duckdb-polr/third_party/re2 -I/home/pei/Project/duckdb-polr/third_party/miniz -I/home/pei/Project/duckdb-polr/third_party/utf8proc/include -I/home/pei/Project/duckdb-polr/third_party/miniparquet -I/home/pei/Project/duckdb-polr/third_party/concurrentqueue -I/home/pei/Project/duckdb-polr/third_party/pcg -I/home/pei/Project/duckdb-polr/third_party/tdigest -I/home/pei/Project/duckdb-polr/third_party/mbedtls/include -I/home/pei/Project/duckdb-polr/third_party/jaro_winkler -I/home/pei/Project/duckdb-polr/extension/parquet/include -I/home/pei/Project/duckdb-polr/extension/parquet/../../third_party/parquet -I/home/pei/Project/duckdb-polr/extension/parquet/../../third_party/snappy -I/home/pei/Project/duckdb-polr/extension/parquet/../../third_party/miniz -I/home/pei/Project/duckdb-polr/extension/parquet/../../third_party/thrift -I/home/pei/Project/duckdb-polr/extension/parquet/../../third_party/zstd/include -O3 -DNDEBUG -O3 -DNDEBUG   -fPIC -fdiagnostics-color=always -std=c++11 -MD -MT extension/parquet/CMakeFiles/parquet_extension.dir/parquet_metadata.cpp.o -MF extension/parquet/CMakeFiles/parquet_extension.dir/parquet_metadata.cpp.o.d -o extension/parquet/CMakeFiles/parquet_extension.dir/parquet_metadata.cpp.o -c /home/pei/Project/duckdb-polr/extension/parquet/parquet_metadata.cpp
[133/376] /usr/bin/ccache /usr/lib/ccache/c++ -DDUCKDB_BUILD_LIBRARY -DENABLE_CROSS_PRODUCT_REWRITE=0 -DENABLE_DEBUG_PRINT=0 -DENABLE_MEASURE_EXE_TIME=0 -DENABLE_MERGE_BACK_PLAN=0 -DENABLE_PARALLEL_EXECUTION=0 -DENABLE_QUERY_SPLIT=1 -DENABLE_SPECIFY_EST_STAT=0 -I/home/pei/Project/duckdb-polr/src/include -I/home/pei/Project/duckdb-polr/third_party/fsst -I/home/pei/Project/duckdb-polr/third_party/fmt/include -I/home/pei/Project/duckdb-polr/third_party/hyperloglog -I/home/pei/Project/duckdb-polr/third_party/fastpforlib -I/home/pei/Project/duckdb-polr/third_party/fast_float -I/home/pei/Project/duckdb-polr/third_party/re2 -I/home/pei/Project/duckdb-polr/third_party/miniz -I/home/pei/Project/duckdb-polr/third_party/utf8proc/include -I/home/pei/Project/duckdb-polr/third_party/miniparquet -I/home/pei/Project/duckdb-polr/third_party/concurrentqueue -I/home/pei/Project/duckdb-polr/third_party/pcg -I/home/pei/Project/duckdb-polr/third_party/tdigest -I/home/pei/Project/duckdb-polr/third_party/mbedtls/include -I/home/pei/Project/duckdb-polr/third_party/jaro_winkler -I/home/pei/Project/duckdb-polr/extension/parquet/include -I/home/pei/Project/duckdb-polr/extension/parquet/../../third_party/parquet -I/home/pei/Project/duckdb-polr/extension/parquet/../../third_party/snappy -I/home/pei/Project/duckdb-polr/extension/parquet/../../third_party/miniz -I/home/pei/Project/duckdb-polr/extension/parquet/../../third_party/thrift -I/home/pei/Project/duckdb-polr/extension/parquet/../../third_party/zstd/include -O3 -DNDEBUG -O3 -DNDEBUG   -fPIC -fdiagnostics-color=always -std=c++11 -MD -MT extension/parquet/CMakeFiles/parquet_extension.dir/__/__/third_party/parquet/parquet_constants.cpp.o -MF extension/parquet/CMakeFiles/parquet_extension.dir/__/__/third_party/parquet/parquet_constants.cpp.o.d -o extension/parquet/CMakeFiles/parquet_extension.dir/__/__/third_party/parquet/parquet_constants.cpp.o -c /home/pei/Project/duckdb-polr/third_party/parquet/parquet_constants.cpp
[134/376] /usr/bin/ccache /usr/lib/ccache/c++ -DDUCKDB_BUILD_LIBRARY -DENABLE_CROSS_PRODUCT_REWRITE=0 -DENABLE_DEBUG_PRINT=0 -DENABLE_MEASURE_EXE_TIME=0 -DENABLE_MERGE_BACK_PLAN=0 -DENABLE_PARALLEL_EXECUTION=0 -DENABLE_QUERY_SPLIT=1 -DENABLE_SPECIFY_EST_STAT=0 -I/home/pei/Project/duckdb-polr/src/include -I/home/pei/Project/duckdb-polr/third_party/fsst -I/home/pei/Project/duckdb-polr/third_party/fmt/include -I/home/pei/Project/duckdb-polr/third_party/hyperloglog -I/home/pei/Project/duckdb-polr/third_party/fastpforlib -I/home/pei/Project/duckdb-polr/third_party/fast_float -I/home/pei/Project/duckdb-polr/third_party/re2 -I/home/pei/Project/duckdb-polr/third_party/miniz -I/home/pei/Project/duckdb-polr/third_party/utf8proc/include -I/home/pei/Project/duckdb-polr/third_party/miniparquet -I/home/pei/Project/duckdb-polr/third_party/concurrentqueue -I/home/pei/Project/duckdb-polr/third_party/pcg -I/home/pei/Project/duckdb-polr/third_party/tdigest -I/home/pei/Project/duckdb-polr/third_party/mbedtls/include -I/home/pei/Project/duckdb-polr/third_party/jaro_winkler -I/home/pei/Project/duckdb-polr/extension/parquet/include -I/home/pei/Project/duckdb-polr/extension/parquet/../../third_party/parquet -I/home/pei/Project/duckdb-polr/extension/parquet/../../third_party/snappy -I/home/pei/Project/duckdb-polr/extension/parquet/../../third_party/miniz -I/home/pei/Project/duckdb-polr/extension/parquet/../../third_party/thrift -I/home/pei/Project/duckdb-polr/extension/parquet/../../third_party/zstd/include -O3 -DNDEBUG -O3 -DNDEBUG   -fPIC -fdiagnostics-color=always -std=c++11 -MD -MT extension/parquet/CMakeFiles/parquet_extension.dir/parquet_timestamp.cpp.o -MF extension/parquet/CMakeFiles/parquet_extension.dir/parquet_timestamp.cpp.o.d -o extension/parquet/CMakeFiles/parquet_extension.dir/parquet_timestamp.cpp.o -c /home/pei/Project/duckdb-polr/extension/parquet/parquet_timestamp.cpp
[135/376] /usr/bin/ccache /usr/lib/ccache/c++ -DDUCKDB_BUILD_LIBRARY -DENABLE_CROSS_PRODUCT_REWRITE=0 -DENABLE_DEBUG_PRINT=0 -DENABLE_MEASURE_EXE_TIME=0 -DENABLE_MERGE_BACK_PLAN=0 -DENABLE_PARALLEL_EXECUTION=0 -DENABLE_QUERY_SPLIT=1 -DENABLE_SPECIFY_EST_STAT=0 -I/home/pei/Project/duckdb-polr/src/include -I/home/pei/Project/duckdb-polr/third_party/fsst -I/home/pei/Project/duckdb-polr/third_party/fmt/include -I/home/pei/Project/duckdb-polr/third_party/hyperloglog -I/home/pei/Project/duckdb-polr/third_party/fastpforlib -I/home/pei/Project/duckdb-polr/third_party/fast_float -I/home/pei/Project/duckdb-polr/third_party/re2 -I/home/pei/Project/duckdb-polr/third_party/miniz -I/home/pei/Project/duckdb-polr/third_party/utf8proc/include -I/home/pei/Project/duckdb-polr/third_party/miniparquet -I/home/pei/Project/duckdb-polr/third_party/concurrentqueue -I/home/pei/Project/duckdb-polr/third_party/pcg -I/home/pei/Project/duckdb-polr/third_party/tdigest -I/home/pei/Project/duckdb-polr/third_party/mbedtls/include -I/home/pei/Project/duckdb-polr/third_party/jaro_winkler -I/home/pei/Project/duckdb-polr/extension/parquet/include -I/home/pei/Project/duckdb-polr/extension/parquet/../../third_party/parquet -I/home/pei/Project/duckdb-polr/extension/parquet/../../third_party/snappy -I/home/pei/Project/duckdb-polr/extension/parquet/../../third_party/miniz -I/home/pei/Project/duckdb-polr/extension/parquet/../../third_party/thrift -I/home/pei/Project/duckdb-polr/extension/parquet/../../third_party/zstd/include -O3 -DNDEBUG -O3 -DNDEBUG   -fPIC -fdiagnostics-color=always -std=c++11 -MD -MT extension/parquet/CMakeFiles/parquet_extension.dir/__/__/third_party/snappy/snappy-sinksource.cc.o -MF extension/parquet/CMakeFiles/parquet_extension.dir/__/__/third_party/snappy/snappy-sinksource.cc.o.d -o extension/parquet/CMakeFiles/parquet_extension.dir/__/__/third_party/snappy/snappy-sinksource.cc.o -c /home/pei/Project/duckdb-polr/third_party/snappy/snappy-sinksource.cc
[136/376] /usr/bin/ccache /usr/lib/ccache/c++ -DDUCKDB_BUILD_LIBRARY -DENABLE_CROSS_PRODUCT_REWRITE=0 -DENABLE_DEBUG_PRINT=0 -DENABLE_MEASURE_EXE_TIME=0 -DENABLE_MERGE_BACK_PLAN=0 -DENABLE_PARALLEL_EXECUTION=0 -DENABLE_QUERY_SPLIT=1 -DENABLE_SPECIFY_EST_STAT=0 -I/home/pei/Project/duckdb-polr/src/include -I/home/pei/Project/duckdb-polr/third_party/fsst -I/home/pei/Project/duckdb-polr/third_party/fmt/include -I/home/pei/Project/duckdb-polr/third_party/hyperloglog -I/home/pei/Project/duckdb-polr/third_party/fastpforlib -I/home/pei/Project/duckdb-polr/third_party/fast_float -I/home/pei/Project/duckdb-polr/third_party/re2 -I/home/pei/Project/duckdb-polr/third_party/miniz -I/home/pei/Project/duckdb-polr/third_party/utf8proc/include -I/home/pei/Project/duckdb-polr/third_party/miniparquet -I/home/pei/Project/duckdb-polr/third_party/concurrentqueue -I/home/pei/Project/duckdb-polr/third_party/pcg -I/home/pei/Project/duckdb-polr/third_party/tdigest -I/home/pei/Project/duckdb-polr/third_party/mbedtls/include -I/home/pei/Project/duckdb-polr/third_party/jaro_winkler -I/home/pei/Project/duckdb-polr/extension/parquet/include -I/home/pei/Project/duckdb-polr/extension/parquet/../../third_party/parquet -I/home/pei/Project/duckdb-polr/extension/parquet/../../third_party/snappy -I/home/pei/Project/duckdb-polr/extension/parquet/../../third_party/miniz -I/home/pei/Project/duckdb-polr/extension/parquet/../../third_party/thrift -I/home/pei/Project/duckdb-polr/extension/parquet/../../third_party/zstd/include -O3 -DNDEBUG -O3 -DNDEBUG   -fPIC -fdiagnostics-color=always -std=c++11 -MD -MT extension/parquet/CMakeFiles/parquet_extension.dir/parquet-extension.cpp.o -MF extension/parquet/CMakeFiles/parquet_extension.dir/parquet-extension.cpp.o.d -o extension/parquet/CMakeFiles/parquet_extension.dir/parquet-extension.cpp.o -c /home/pei/Project/duckdb-polr/extension/parquet/parquet-extension.cpp
[137/376] /usr/bin/ccache /usr/lib/ccache/c++ -DDUCKDB_BUILD_LIBRARY -DENABLE_CROSS_PRODUCT_REWRITE=0 -DENABLE_DEBUG_PRINT=0 -DENABLE_MEASURE_EXE_TIME=0 -DENABLE_MERGE_BACK_PLAN=0 -DENABLE_PARALLEL_EXECUTION=0 -DENABLE_QUERY_SPLIT=1 -DENABLE_SPECIFY_EST_STAT=0 -I/home/pei/Project/duckdb-polr/src/include -I/home/pei/Project/duckdb-polr/third_party/fsst -I/home/pei/Project/duckdb-polr/third_party/fmt/include -I/home/pei/Project/duckdb-polr/third_party/hyperloglog -I/home/pei/Project/duckdb-polr/third_party/fastpforlib -I/home/pei/Project/duckdb-polr/third_party/fast_float -I/home/pei/Project/duckdb-polr/third_party/re2 -I/home/pei/Project/duckdb-polr/third_party/miniz -I/home/pei/Project/duckdb-polr/third_party/utf8proc/include -I/home/pei/Project/duckdb-polr/third_party/miniparquet -I/home/pei/Project/duckdb-polr/third_party/concurrentqueue -I/home/pei/Project/duckdb-polr/third_party/pcg -I/home/pei/Project/duckdb-polr/third_party/tdigest -I/home/pei/Project/duckdb-polr/third_party/mbedtls/include -I/home/pei/Project/duckdb-polr/third_party/jaro_winkler -I/home/pei/Project/duckdb-polr/extension/parquet/include -I/home/pei/Project/duckdb-polr/extension/parquet/../../third_party/parquet -I/home/pei/Project/duckdb-polr/extension/parquet/../../third_party/snappy -I/home/pei/Project/duckdb-polr/extension/parquet/../../third_party/miniz -I/home/pei/Project/duckdb-polr/extension/parquet/../../third_party/thrift -I/home/pei/Project/duckdb-polr/extension/parquet/../../third_party/zstd/include -O3 -DNDEBUG -O3 -DNDEBUG   -fPIC -fdiagnostics-color=always -std=c++11 -MD -MT extension/parquet/CMakeFiles/parquet_extension.dir/parquet_writer.cpp.o -MF extension/parquet/CMakeFiles/parquet_extension.dir/parquet_writer.cpp.o.d -o extension/parquet/CMakeFiles/parquet_extension.dir/parquet_writer.cpp.o -c /home/pei/Project/duckdb-polr/extension/parquet/parquet_writer.cpp
[138/376] /usr/bin/ccache /usr/lib/ccache/c++ -DDUCKDB_BUILD_LIBRARY -DENABLE_CROSS_PRODUCT_REWRITE=0 -DENABLE_DEBUG_PRINT=0 -DENABLE_MEASURE_EXE_TIME=0 -DENABLE_MERGE_BACK_PLAN=0 -DENABLE_PARALLEL_EXECUTION=0 -DENABLE_QUERY_SPLIT=1 -DENABLE_SPECIFY_EST_STAT=0 -I/home/pei/Project/duckdb-polr/src/include -I/home/pei/Project/duckdb-polr/third_party/fsst -I/home/pei/Project/duckdb-polr/third_party/fmt/include -I/home/pei/Project/duckdb-polr/third_party/hyperloglog -I/home/pei/Project/duckdb-polr/third_party/fastpforlib -I/home/pei/Project/duckdb-polr/third_party/fast_float -I/home/pei/Project/duckdb-polr/third_party/re2 -I/home/pei/Project/duckdb-polr/third_party/miniz -I/home/pei/Project/duckdb-polr/third_party/utf8proc/include -I/home/pei/Project/duckdb-polr/third_party/miniparquet -I/home/pei/Project/duckdb-polr/third_party/concurrentqueue -I/home/pei/Project/duckdb-polr/third_party/pcg -I/home/pei/Project/duckdb-polr/third_party/tdigest -I/home/pei/Project/duckdb-polr/third_party/mbedtls/include -I/home/pei/Project/duckdb-polr/third_party/jaro_winkler -I/home/pei/Project/duckdb-polr/extension/parquet/include -I/home/pei/Project/duckdb-polr/extension/parquet/../../third_party/parquet -I/home/pei/Project/duckdb-polr/extension/parquet/../../third_party/snappy -I/home/pei/Project/duckdb-polr/extension/parquet/../../third_party/miniz -I/home/pei/Project/duckdb-polr/extension/parquet/../../third_party/thrift -I/home/pei/Project/duckdb-polr/extension/parquet/../../third_party/zstd/include -O3 -DNDEBUG -O3 -DNDEBUG   -fPIC -fdiagnostics-color=always -std=c++11 -MD -MT extension/parquet/CMakeFiles/parquet_extension.dir/__/__/third_party/thrift/thrift/protocol/TProtocol.cpp.o -MF extension/parquet/CMakeFiles/parquet_extension.dir/__/__/third_party/thrift/thrift/protocol/TProtocol.cpp.o.d -o extension/parquet/CMakeFiles/parquet_extension.dir/__/__/third_party/thrift/thrift/protocol/TProtocol.cpp.o -c /home/pei/Project/duckdb-polr/third_party/thrift/thrift/protocol/TProtocol.cpp
[139/376] /usr/bin/ccache /usr/lib/ccache/c++ -DDUCKDB_BUILD_LIBRARY -DENABLE_CROSS_PRODUCT_REWRITE=0 -DENABLE_DEBUG_PRINT=0 -DENABLE_MEASURE_EXE_TIME=0 -DENABLE_MERGE_BACK_PLAN=0 -DENABLE_PARALLEL_EXECUTION=0 -DENABLE_QUERY_SPLIT=1 -DENABLE_SPECIFY_EST_STAT=0 -I/home/pei/Project/duckdb-polr/src/include -I/home/pei/Project/duckdb-polr/third_party/fsst -I/home/pei/Project/duckdb-polr/third_party/fmt/include -I/home/pei/Project/duckdb-polr/third_party/hyperloglog -I/home/pei/Project/duckdb-polr/third_party/fastpforlib -I/home/pei/Project/duckdb-polr/third_party/fast_float -I/home/pei/Project/duckdb-polr/third_party/re2 -I/home/pei/Project/duckdb-polr/third_party/miniz -I/home/pei/Project/duckdb-polr/third_party/utf8proc/include -I/home/pei/Project/duckdb-polr/third_party/miniparquet -I/home/pei/Project/duckdb-polr/third_party/concurrentqueue -I/home/pei/Project/duckdb-polr/third_party/pcg -I/home/pei/Project/duckdb-polr/third_party/tdigest -I/home/pei/Project/duckdb-polr/third_party/mbedtls/include -I/home/pei/Project/duckdb-polr/third_party/jaro_winkler -I/home/pei/Project/duckdb-polr/extension/parquet/include -I/home/pei/Project/duckdb-polr/extension/parquet/../../third_party/parquet -I/home/pei/Project/duckdb-polr/extension/parquet/../../third_party/snappy -I/home/pei/Project/duckdb-polr/extension/parquet/../../third_party/miniz -I/home/pei/Project/duckdb-polr/extension/parquet/../../third_party/thrift -I/home/pei/Project/duckdb-polr/extension/parquet/../../third_party/zstd/include -O3 -DNDEBUG -O3 -DNDEBUG   -fPIC -fdiagnostics-color=always -std=c++11 -MD -MT extension/parquet/CMakeFiles/parquet_extension.dir/__/__/third_party/zstd/decompress/zstd_ddict.cpp.o -MF extension/parquet/CMakeFiles/parquet_extension.dir/__/__/third_party/zstd/decompress/zstd_ddict.cpp.o.d -o extension/parquet/CMakeFiles/parquet_extension.dir/__/__/third_party/zstd/decompress/zstd_ddict.cpp.o -c /home/pei/Project/duckdb-polr/third_party/zstd/decompress/zstd_ddict.cpp
[140/376] /usr/bin/ccache /usr/lib/ccache/c++ -DDUCKDB_BUILD_LIBRARY -DENABLE_CROSS_PRODUCT_REWRITE=0 -DENABLE_DEBUG_PRINT=0 -DENABLE_MEASURE_EXE_TIME=0 -DENABLE_MERGE_BACK_PLAN=0 -DENABLE_PARALLEL_EXECUTION=0 -DENABLE_QUERY_SPLIT=1 -DENABLE_SPECIFY_EST_STAT=0 -I/home/pei/Project/duckdb-polr/src/include -I/home/pei/Project/duckdb-polr/third_party/fsst -I/home/pei/Project/duckdb-polr/third_party/fmt/include -I/home/pei/Project/duckdb-polr/third_party/hyperloglog -I/home/pei/Project/duckdb-polr/third_party/fastpforlib -I/home/pei/Project/duckdb-polr/third_party/fast_float -I/home/pei/Project/duckdb-polr/third_party/re2 -I/home/pei/Project/duckdb-polr/third_party/miniz -I/home/pei/Project/duckdb-polr/third_party/utf8proc/include -I/home/pei/Project/duckdb-polr/third_party/miniparquet -I/home/pei/Project/duckdb-polr/third_party/concurrentqueue -I/home/pei/Project/duckdb-polr/third_party/pcg -I/home/pei/Project/duckdb-polr/third_party/tdigest -I/home/pei/Project/duckdb-polr/third_party/mbedtls/include -I/home/pei/Project/duckdb-polr/third_party/jaro_winkler -I/home/pei/Project/duckdb-polr/extension/parquet/include -I/home/pei/Project/duckdb-polr/extension/parquet/../../third_party/parquet -I/home/pei/Project/duckdb-polr/extension/parquet/../../third_party/snappy -I/home/pei/Project/duckdb-polr/extension/parquet/../../third_party/miniz -I/home/pei/Project/duckdb-polr/extension/parquet/../../third_party/thrift -I/home/pei/Project/duckdb-polr/extension/parquet/../../third_party/zstd/include -O3 -DNDEBUG -O3 -DNDEBUG   -fPIC -fdiagnostics-color=always -std=c++11 -MD -MT extension/parquet/CMakeFiles/parquet_extension.dir/__/__/third_party/thrift/thrift/transport/TTransportException.cpp.o -MF extension/parquet/CMakeFiles/parquet_extension.dir/__/__/third_party/thrift/thrift/transport/TTransportException.cpp.o.d -o extension/parquet/CMakeFiles/parquet_extension.dir/__/__/third_party/thrift/thrift/transport/TTransportException.cpp.o -c /home/pei/Project/duckdb-polr/third_party/thrift/thrift/transport/TTransportException.cpp
[141/376] /usr/bin/ccache /usr/lib/ccache/c++ -DDUCKDB_BUILD_LIBRARY -DENABLE_CROSS_PRODUCT_REWRITE=0 -DENABLE_DEBUG_PRINT=0 -DENABLE_MEASURE_EXE_TIME=0 -DENABLE_MERGE_BACK_PLAN=0 -DENABLE_PARALLEL_EXECUTION=0 -DENABLE_QUERY_SPLIT=1 -DENABLE_SPECIFY_EST_STAT=0 -I/home/pei/Project/duckdb-polr/src/include -I/home/pei/Project/duckdb-polr/third_party/fsst -I/home/pei/Project/duckdb-polr/third_party/fmt/include -I/home/pei/Project/duckdb-polr/third_party/hyperloglog -I/home/pei/Project/duckdb-polr/third_party/fastpforlib -I/home/pei/Project/duckdb-polr/third_party/fast_float -I/home/pei/Project/duckdb-polr/third_party/re2 -I/home/pei/Project/duckdb-polr/third_party/miniz -I/home/pei/Project/duckdb-polr/third_party/utf8proc/include -I/home/pei/Project/duckdb-polr/third_party/miniparquet -I/home/pei/Project/duckdb-polr/third_party/concurrentqueue -I/home/pei/Project/duckdb-polr/third_party/pcg -I/home/pei/Project/duckdb-polr/third_party/tdigest -I/home/pei/Project/duckdb-polr/third_party/mbedtls/include -I/home/pei/Project/duckdb-polr/third_party/jaro_winkler -I/home/pei/Project/duckdb-polr/extension/parquet/include -I/home/pei/Project/duckdb-polr/extension/parquet/../../third_party/parquet -I/home/pei/Project/duckdb-polr/extension/parquet/../../third_party/snappy -I/home/pei/Project/duckdb-polr/extension/parquet/../../third_party/miniz -I/home/pei/Project/duckdb-polr/extension/parquet/../../third_party/thrift -I/home/pei/Project/duckdb-polr/extension/parquet/../../third_party/zstd/include -O3 -DNDEBUG -O3 -DNDEBUG   -fPIC -fdiagnostics-color=always -std=c++11 -MD -MT extension/parquet/CMakeFiles/parquet_extension.dir/__/__/third_party/zstd/decompress/zstd_decompress_block.cpp.o -MF extension/parquet/CMakeFiles/parquet_extension.dir/__/__/third_party/zstd/decompress/zstd_decompress_block.cpp.o.d -o extension/parquet/CMakeFiles/parquet_extension.dir/__/__/third_party/zstd/decompress/zstd_decompress_block.cpp.o -c /home/pei/Project/duckdb-polr/third_party/zstd/decompress/zstd_decompress_block.cpp
[142/376] /usr/bin/ccache /usr/lib/ccache/c++ -DDUCKDB_BUILD_LIBRARY -DENABLE_CROSS_PRODUCT_REWRITE=0 -DENABLE_DEBUG_PRINT=0 -DENABLE_MEASURE_EXE_TIME=0 -DENABLE_MERGE_BACK_PLAN=0 -DENABLE_PARALLEL_EXECUTION=0 -DENABLE_QUERY_SPLIT=1 -DENABLE_SPECIFY_EST_STAT=0 -I/home/pei/Project/duckdb-polr/src/include -I/home/pei/Project/duckdb-polr/third_party/fsst -I/home/pei/Project/duckdb-polr/third_party/fmt/include -I/home/pei/Project/duckdb-polr/third_party/hyperloglog -I/home/pei/Project/duckdb-polr/third_party/fastpforlib -I/home/pei/Project/duckdb-polr/third_party/fast_float -I/home/pei/Project/duckdb-polr/third_party/re2 -I/home/pei/Project/duckdb-polr/third_party/miniz -I/home/pei/Project/duckdb-polr/third_party/utf8proc/include -I/home/pei/Project/duckdb-polr/third_party/miniparquet -I/home/pei/Project/duckdb-polr/third_party/concurrentqueue -I/home/pei/Project/duckdb-polr/third_party/pcg -I/home/pei/Project/duckdb-polr/third_party/tdigest -I/home/pei/Project/duckdb-polr/third_party/mbedtls/include -I/home/pei/Project/duckdb-polr/third_party/jaro_winkler -I/home/pei/Project/duckdb-polr/extension/parquet/include -I/home/pei/Project/duckdb-polr/extension/parquet/../../third_party/parquet -I/home/pei/Project/duckdb-polr/extension/parquet/../../third_party/snappy -I/home/pei/Project/duckdb-polr/extension/parquet/../../third_party/miniz -I/home/pei/Project/duckdb-polr/extension/parquet/../../third_party/thrift -I/home/pei/Project/duckdb-polr/extension/parquet/../../third_party/zstd/include -O3 -DNDEBUG -O3 -DNDEBUG   -fPIC -fdiagnostics-color=always -std=c++11 -MD -MT extension/parquet/CMakeFiles/parquet_extension.dir/__/__/third_party/zstd/common/entropy_common.cpp.o -MF extension/parquet/CMakeFiles/parquet_extension.dir/__/__/third_party/zstd/common/entropy_common.cpp.o.d -o extension/parquet/CMakeFiles/parquet_extension.dir/__/__/third_party/zstd/common/entropy_common.cpp.o -c /home/pei/Project/duckdb-polr/third_party/zstd/common/entropy_common.cpp
[143/376] /usr/bin/ccache /usr/lib/ccache/c++ -DDUCKDB_BUILD_LIBRARY -DENABLE_CROSS_PRODUCT_REWRITE=0 -DENABLE_DEBUG_PRINT=0 -DENABLE_MEASURE_EXE_TIME=0 -DENABLE_MERGE_BACK_PLAN=0 -DENABLE_PARALLEL_EXECUTION=0 -DENABLE_QUERY_SPLIT=1 -DENABLE_SPECIFY_EST_STAT=0 -I/home/pei/Project/duckdb-polr/src/include -I/home/pei/Project/duckdb-polr/third_party/fsst -I/home/pei/Project/duckdb-polr/third_party/fmt/include -I/home/pei/Project/duckdb-polr/third_party/hyperloglog -I/home/pei/Project/duckdb-polr/third_party/fastpforlib -I/home/pei/Project/duckdb-polr/third_party/fast_float -I/home/pei/Project/duckdb-polr/third_party/re2 -I/home/pei/Project/duckdb-polr/third_party/miniz -I/home/pei/Project/duckdb-polr/third_party/utf8proc/include -I/home/pei/Project/duckdb-polr/third_party/miniparquet -I/home/pei/Project/duckdb-polr/third_party/concurrentqueue -I/home/pei/Project/duckdb-polr/third_party/pcg -I/home/pei/Project/duckdb-polr/third_party/tdigest -I/home/pei/Project/duckdb-polr/third_party/mbedtls/include -I/home/pei/Project/duckdb-polr/third_party/jaro_winkler -I/home/pei/Project/duckdb-polr/extension/parquet/include -I/home/pei/Project/duckdb-polr/extension/parquet/../../third_party/parquet -I/home/pei/Project/duckdb-polr/extension/parquet/../../third_party/snappy -I/home/pei/Project/duckdb-polr/extension/parquet/../../third_party/miniz -I/home/pei/Project/duckdb-polr/extension/parquet/../../third_party/thrift -I/home/pei/Project/duckdb-polr/extension/parquet/../../third_party/zstd/include -O3 -DNDEBUG -O3 -DNDEBUG   -fPIC -fdiagnostics-color=always -std=c++11 -MD -MT extension/parquet/CMakeFiles/parquet_extension.dir/__/__/third_party/snappy/snappy.cc.o -MF extension/parquet/CMakeFiles/parquet_extension.dir/__/__/third_party/snappy/snappy.cc.o.d -o extension/parquet/CMakeFiles/parquet_extension.dir/__/__/third_party/snappy/snappy.cc.o -c /home/pei/Project/duckdb-polr/third_party/snappy/snappy.cc
[144/376] /usr/bin/ccache /usr/lib/ccache/c++ -DDUCKDB_BUILD_LIBRARY -DENABLE_CROSS_PRODUCT_REWRITE=0 -DENABLE_DEBUG_PRINT=0 -DENABLE_MEASURE_EXE_TIME=0 -DENABLE_MERGE_BACK_PLAN=0 -DENABLE_PARALLEL_EXECUTION=0 -DENABLE_QUERY_SPLIT=1 -DENABLE_SPECIFY_EST_STAT=0 -I/home/pei/Project/duckdb-polr/src/include -I/home/pei/Project/duckdb-polr/third_party/fsst -I/home/pei/Project/duckdb-polr/third_party/fmt/include -I/home/pei/Project/duckdb-polr/third_party/hyperloglog -I/home/pei/Project/duckdb-polr/third_party/fastpforlib -I/home/pei/Project/duckdb-polr/third_party/fast_float -I/home/pei/Project/duckdb-polr/third_party/re2 -I/home/pei/Project/duckdb-polr/third_party/miniz -I/home/pei/Project/duckdb-polr/third_party/utf8proc/include -I/home/pei/Project/duckdb-polr/third_party/miniparquet -I/home/pei/Project/duckdb-polr/third_party/concurrentqueue -I/home/pei/Project/duckdb-polr/third_party/pcg -I/home/pei/Project/duckdb-polr/third_party/tdigest -I/home/pei/Project/duckdb-polr/third_party/mbedtls/include -I/home/pei/Project/duckdb-polr/third_party/jaro_winkler -I/home/pei/Project/duckdb-polr/extension/parquet/include -I/home/pei/Project/duckdb-polr/extension/parquet/../../third_party/parquet -I/home/pei/Project/duckdb-polr/extension/parquet/../../third_party/snappy -I/home/pei/Project/duckdb-polr/extension/parquet/../../third_party/miniz -I/home/pei/Project/duckdb-polr/extension/parquet/../../third_party/thrift -I/home/pei/Project/duckdb-polr/extension/parquet/../../third_party/zstd/include -O3 -DNDEBUG -O3 -DNDEBUG   -fPIC -fdiagnostics-color=always -std=c++11 -MD -MT extension/parquet/CMakeFiles/parquet_extension.dir/__/__/third_party/zstd/decompress/zstd_decompress.cpp.o -MF extension/parquet/CMakeFiles/parquet_extension.dir/__/__/third_party/zstd/decompress/zstd_decompress.cpp.o.d -o extension/parquet/CMakeFiles/parquet_extension.dir/__/__/third_party/zstd/decompress/zstd_decompress.cpp.o -c /home/pei/Project/duckdb-polr/third_party/zstd/decompress/zstd_decompress.cpp
[145/376] /usr/bin/ccache /usr/lib/ccache/c++ -DDUCKDB_BUILD_LIBRARY -DENABLE_CROSS_PRODUCT_REWRITE=0 -DENABLE_DEBUG_PRINT=0 -DENABLE_MEASURE_EXE_TIME=0 -DENABLE_MERGE_BACK_PLAN=0 -DENABLE_PARALLEL_EXECUTION=0 -DENABLE_QUERY_SPLIT=1 -DENABLE_SPECIFY_EST_STAT=0 -I/home/pei/Project/duckdb-polr/src/include -I/home/pei/Project/duckdb-polr/third_party/fsst -I/home/pei/Project/duckdb-polr/third_party/fmt/include -I/home/pei/Project/duckdb-polr/third_party/hyperloglog -I/home/pei/Project/duckdb-polr/third_party/fastpforlib -I/home/pei/Project/duckdb-polr/third_party/fast_float -I/home/pei/Project/duckdb-polr/third_party/re2 -I/home/pei/Project/duckdb-polr/third_party/miniz -I/home/pei/Project/duckdb-polr/third_party/utf8proc/include -I/home/pei/Project/duckdb-polr/third_party/miniparquet -I/home/pei/Project/duckdb-polr/third_party/concurrentqueue -I/home/pei/Project/duckdb-polr/third_party/pcg -I/home/pei/Project/duckdb-polr/third_party/tdigest -I/home/pei/Project/duckdb-polr/third_party/mbedtls/include -I/home/pei/Project/duckdb-polr/third_party/jaro_winkler -I/home/pei/Project/duckdb-polr/extension/parquet/include -I/home/pei/Project/duckdb-polr/extension/parquet/../../third_party/parquet -I/home/pei/Project/duckdb-polr/extension/parquet/../../third_party/snappy -I/home/pei/Project/duckdb-polr/extension/parquet/../../third_party/miniz -I/home/pei/Project/duckdb-polr/extension/parquet/../../third_party/thrift -I/home/pei/Project/duckdb-polr/extension/parquet/../../third_party/zstd/include -O3 -DNDEBUG -O3 -DNDEBUG   -fPIC -fdiagnostics-color=always -std=c++11 -MD -MT extension/parquet/CMakeFiles/parquet_extension.dir/__/__/third_party/zstd/decompress/huf_decompress.cpp.o -MF extension/parquet/CMakeFiles/parquet_extension.dir/__/__/third_party/zstd/decompress/huf_decompress.cpp.o.d -o extension/parquet/CMakeFiles/parquet_extension.dir/__/__/third_party/zstd/decompress/huf_decompress.cpp.o -c /home/pei/Project/duckdb-polr/third_party/zstd/decompress/huf_decompress.cpp
[146/376] /usr/bin/ccache /usr/lib/ccache/c++ -DDUCKDB_BUILD_LIBRARY -DENABLE_CROSS_PRODUCT_REWRITE=0 -DENABLE_DEBUG_PRINT=0 -DENABLE_MEASURE_EXE_TIME=0 -DENABLE_MERGE_BACK_PLAN=0 -DENABLE_PARALLEL_EXECUTION=0 -DENABLE_QUERY_SPLIT=1 -DENABLE_SPECIFY_EST_STAT=0 -I/home/pei/Project/duckdb-polr/src/include -I/home/pei/Project/duckdb-polr/third_party/fsst -I/home/pei/Project/duckdb-polr/third_party/fmt/include -I/home/pei/Project/duckdb-polr/third_party/hyperloglog -I/home/pei/Project/duckdb-polr/third_party/fastpforlib -I/home/pei/Project/duckdb-polr/third_party/fast_float -I/home/pei/Project/duckdb-polr/third_party/re2 -I/home/pei/Project/duckdb-polr/third_party/miniz -I/home/pei/Project/duckdb-polr/third_party/utf8proc/include -I/home/pei/Project/duckdb-polr/third_party/miniparquet -I/home/pei/Project/duckdb-polr/third_party/concurrentqueue -I/home/pei/Project/duckdb-polr/third_party/pcg -I/home/pei/Project/duckdb-polr/third_party/tdigest -I/home/pei/Project/duckdb-polr/third_party/mbedtls/include -I/home/pei/Project/duckdb-polr/third_party/jaro_winkler -I/home/pei/Project/duckdb-polr/extension/parquet/include -I/home/pei/Project/duckdb-polr/extension/parquet/../../third_party/parquet -I/home/pei/Project/duckdb-polr/extension/parquet/../../third_party/snappy -I/home/pei/Project/duckdb-polr/extension/parquet/../../third_party/miniz -I/home/pei/Project/duckdb-polr/extension/parquet/../../third_party/thrift -I/home/pei/Project/duckdb-polr/extension/parquet/../../third_party/zstd/include -O3 -DNDEBUG -O3 -DNDEBUG   -fPIC -fdiagnostics-color=always -std=c++11 -MD -MT extension/parquet/CMakeFiles/parquet_extension.dir/__/__/third_party/zstd/common/error_private.cpp.o -MF extension/parquet/CMakeFiles/parquet_extension.dir/__/__/third_party/zstd/common/error_private.cpp.o.d -o extension/parquet/CMakeFiles/parquet_extension.dir/__/__/third_party/zstd/common/error_private.cpp.o -c /home/pei/Project/duckdb-polr/third_party/zstd/common/error_private.cpp
[147/376] /usr/bin/ccache /usr/lib/ccache/c++ -DDUCKDB_BUILD_LIBRARY -DENABLE_CROSS_PRODUCT_REWRITE=0 -DENABLE_DEBUG_PRINT=0 -DENABLE_MEASURE_EXE_TIME=0 -DENABLE_MERGE_BACK_PLAN=0 -DENABLE_PARALLEL_EXECUTION=0 -DENABLE_QUERY_SPLIT=1 -DENABLE_SPECIFY_EST_STAT=0 -I/home/pei/Project/duckdb-polr/src/include -I/home/pei/Project/duckdb-polr/third_party/fsst -I/home/pei/Project/duckdb-polr/third_party/fmt/include -I/home/pei/Project/duckdb-polr/third_party/hyperloglog -I/home/pei/Project/duckdb-polr/third_party/fastpforlib -I/home/pei/Project/duckdb-polr/third_party/fast_float -I/home/pei/Project/duckdb-polr/third_party/re2 -I/home/pei/Project/duckdb-polr/third_party/miniz -I/home/pei/Project/duckdb-polr/third_party/utf8proc/include -I/home/pei/Project/duckdb-polr/third_party/miniparquet -I/home/pei/Project/duckdb-polr/third_party/concurrentqueue -I/home/pei/Project/duckdb-polr/third_party/pcg -I/home/pei/Project/duckdb-polr/third_party/tdigest -I/home/pei/Project/duckdb-polr/third_party/mbedtls/include -I/home/pei/Project/duckdb-polr/third_party/jaro_winkler -I/home/pei/Project/duckdb-polr/extension/parquet/include -I/home/pei/Project/duckdb-polr/extension/parquet/../../third_party/parquet -I/home/pei/Project/duckdb-polr/extension/parquet/../../third_party/snappy -I/home/pei/Project/duckdb-polr/extension/parquet/../../third_party/miniz -I/home/pei/Project/duckdb-polr/extension/parquet/../../third_party/thrift -I/home/pei/Project/duckdb-polr/extension/parquet/../../third_party/zstd/include -O3 -DNDEBUG -O3 -DNDEBUG   -fPIC -fdiagnostics-color=always -std=c++11 -MD -MT extension/parquet/CMakeFiles/parquet_extension.dir/parquet_reader.cpp.o -MF extension/parquet/CMakeFiles/parquet_extension.dir/parquet_reader.cpp.o.d -o extension/parquet/CMakeFiles/parquet_extension.dir/parquet_reader.cpp.o -c /home/pei/Project/duckdb-polr/extension/parquet/parquet_reader.cpp
[148/376] /usr/bin/ccache /usr/lib/ccache/c++ -DDUCKDB_BUILD_LIBRARY -DENABLE_CROSS_PRODUCT_REWRITE=0 -DENABLE_DEBUG_PRINT=0 -DENABLE_MEASURE_EXE_TIME=0 -DENABLE_MERGE_BACK_PLAN=0 -DENABLE_PARALLEL_EXECUTION=0 -DENABLE_QUERY_SPLIT=1 -DENABLE_SPECIFY_EST_STAT=0 -I/home/pei/Project/duckdb-polr/src/include -I/home/pei/Project/duckdb-polr/third_party/fsst -I/home/pei/Project/duckdb-polr/third_party/fmt/include -I/home/pei/Project/duckdb-polr/third_party/hyperloglog -I/home/pei/Project/duckdb-polr/third_party/fastpforlib -I/home/pei/Project/duckdb-polr/third_party/fast_float -I/home/pei/Project/duckdb-polr/third_party/re2 -I/home/pei/Project/duckdb-polr/third_party/miniz -I/home/pei/Project/duckdb-polr/third_party/utf8proc/include -I/home/pei/Project/duckdb-polr/third_party/miniparquet -I/home/pei/Project/duckdb-polr/third_party/concurrentqueue -I/home/pei/Project/duckdb-polr/third_party/pcg -I/home/pei/Project/duckdb-polr/third_party/tdigest -I/home/pei/Project/duckdb-polr/third_party/mbedtls/include -I/home/pei/Project/duckdb-polr/third_party/jaro_winkler -I/home/pei/Project/duckdb-polr/extension/parquet/include -I/home/pei/Project/duckdb-polr/extension/parquet/../../third_party/parquet -I/home/pei/Project/duckdb-polr/extension/parquet/../../third_party/snappy -I/home/pei/Project/duckdb-polr/extension/parquet/../../third_party/miniz -I/home/pei/Project/duckdb-polr/extension/parquet/../../third_party/thrift -I/home/pei/Project/duckdb-polr/extension/parquet/../../third_party/zstd/include -O3 -DNDEBUG -O3 -DNDEBUG   -fPIC -fdiagnostics-color=always -std=c++11 -MD -MT extension/parquet/CMakeFiles/parquet_extension.dir/__/__/third_party/zstd/common/fse_decompress.cpp.o -MF extension/parquet/CMakeFiles/parquet_extension.dir/__/__/third_party/zstd/common/fse_decompress.cpp.o.d -o extension/parquet/CMakeFiles/parquet_extension.dir/__/__/third_party/zstd/common/fse_decompress.cpp.o -c /home/pei/Project/duckdb-polr/third_party/zstd/common/fse_decompress.cpp
[149/376] /usr/bin/ccache /usr/lib/ccache/c++ -DDUCKDB_BUILD_LIBRARY -DENABLE_CROSS_PRODUCT_REWRITE=0 -DENABLE_DEBUG_PRINT=0 -DENABLE_MEASURE_EXE_TIME=0 -DENABLE_MERGE_BACK_PLAN=0 -DENABLE_PARALLEL_EXECUTION=0 -DENABLE_QUERY_SPLIT=1 -DENABLE_SPECIFY_EST_STAT=0 -I/home/pei/Project/duckdb-polr/src/include -I/home/pei/Project/duckdb-polr/third_party/fsst -I/home/pei/Project/duckdb-polr/third_party/fmt/include -I/home/pei/Project/duckdb-polr/third_party/hyperloglog -I/home/pei/Project/duckdb-polr/third_party/fastpforlib -I/home/pei/Project/duckdb-polr/third_party/fast_float -I/home/pei/Project/duckdb-polr/third_party/re2 -I/home/pei/Project/duckdb-polr/third_party/miniz -I/home/pei/Project/duckdb-polr/third_party/utf8proc/include -I/home/pei/Project/duckdb-polr/third_party/miniparquet -I/home/pei/Project/duckdb-polr/third_party/concurrentqueue -I/home/pei/Project/duckdb-polr/third_party/pcg -I/home/pei/Project/duckdb-polr/third_party/tdigest -I/home/pei/Project/duckdb-polr/third_party/mbedtls/include -I/home/pei/Project/duckdb-polr/third_party/jaro_winkler -I/home/pei/Project/duckdb-polr/extension/parquet/include -I/home/pei/Project/duckdb-polr/extension/parquet/../../third_party/parquet -I/home/pei/Project/duckdb-polr/extension/parquet/../../third_party/snappy -I/home/pei/Project/duckdb-polr/extension/parquet/../../third_party/miniz -I/home/pei/Project/duckdb-polr/extension/parquet/../../third_party/thrift -I/home/pei/Project/duckdb-polr/extension/parquet/../../third_party/zstd/include -O3 -DNDEBUG -O3 -DNDEBUG   -fPIC -fdiagnostics-color=always -std=c++11 -MD -MT extension/parquet/CMakeFiles/parquet_extension.dir/zstd_file_system.cpp.o -MF extension/parquet/CMakeFiles/parquet_extension.dir/zstd_file_system.cpp.o.d -o extension/parquet/CMakeFiles/parquet_extension.dir/zstd_file_system.cpp.o -c /home/pei/Project/duckdb-polr/extension/parquet/zstd_file_system.cpp
[150/376] /usr/bin/ccache /usr/lib/ccache/c++ -DDUCKDB_BUILD_LIBRARY -DENABLE_CROSS_PRODUCT_REWRITE=0 -DENABLE_DEBUG_PRINT=0 -DENABLE_MEASURE_EXE_TIME=0 -DENABLE_MERGE_BACK_PLAN=0 -DENABLE_PARALLEL_EXECUTION=0 -DENABLE_QUERY_SPLIT=1 -DENABLE_SPECIFY_EST_STAT=0 -I/home/pei/Project/duckdb-polr/src/include -I/home/pei/Project/duckdb-polr/third_party/fsst -I/home/pei/Project/duckdb-polr/third_party/fmt/include -I/home/pei/Project/duckdb-polr/third_party/hyperloglog -I/home/pei/Project/duckdb-polr/third_party/fastpforlib -I/home/pei/Project/duckdb-polr/third_party/fast_float -I/home/pei/Project/duckdb-polr/third_party/re2 -I/home/pei/Project/duckdb-polr/third_party/miniz -I/home/pei/Project/duckdb-polr/third_party/utf8proc/include -I/home/pei/Project/duckdb-polr/third_party/miniparquet -I/home/pei/Project/duckdb-polr/third_party/concurrentqueue -I/home/pei/Project/duckdb-polr/third_party/pcg -I/home/pei/Project/duckdb-polr/third_party/tdigest -I/home/pei/Project/duckdb-polr/third_party/mbedtls/include -I/home/pei/Project/duckdb-polr/third_party/jaro_winkler -I/home/pei/Project/duckdb-polr/extension/parquet/include -I/home/pei/Project/duckdb-polr/extension/parquet/../../third_party/parquet -I/home/pei/Project/duckdb-polr/extension/parquet/../../third_party/snappy -I/home/pei/Project/duckdb-polr/extension/parquet/../../third_party/miniz -I/home/pei/Project/duckdb-polr/extension/parquet/../../third_party/thrift -I/home/pei/Project/duckdb-polr/extension/parquet/../../third_party/zstd/include -O3 -DNDEBUG -O3 -DNDEBUG   -fPIC -fdiagnostics-color=always -std=c++11 -MD -MT extension/parquet/CMakeFiles/parquet_extension.dir/__/__/third_party/zstd/compress/hist.cpp.o -MF extension/parquet/CMakeFiles/parquet_extension.dir/__/__/third_party/zstd/compress/hist.cpp.o.d -o extension/parquet/CMakeFiles/parquet_extension.dir/__/__/third_party/zstd/compress/hist.cpp.o -c /home/pei/Project/duckdb-polr/third_party/zstd/compress/hist.cpp
[151/376] /usr/bin/ccache /usr/lib/ccache/c++ -DDUCKDB_BUILD_LIBRARY -DENABLE_CROSS_PRODUCT_REWRITE=0 -DENABLE_DEBUG_PRINT=0 -DENABLE_MEASURE_EXE_TIME=0 -DENABLE_MERGE_BACK_PLAN=0 -DENABLE_PARALLEL_EXECUTION=0 -DENABLE_QUERY_SPLIT=1 -DENABLE_SPECIFY_EST_STAT=0 -I/home/pei/Project/duckdb-polr/src/include -I/home/pei/Project/duckdb-polr/third_party/fsst -I/home/pei/Project/duckdb-polr/third_party/fmt/include -I/home/pei/Project/duckdb-polr/third_party/hyperloglog -I/home/pei/Project/duckdb-polr/third_party/fastpforlib -I/home/pei/Project/duckdb-polr/third_party/fast_float -I/home/pei/Project/duckdb-polr/third_party/re2 -I/home/pei/Project/duckdb-polr/third_party/miniz -I/home/pei/Project/duckdb-polr/third_party/utf8proc/include -I/home/pei/Project/duckdb-polr/third_party/miniparquet -I/home/pei/Project/duckdb-polr/third_party/concurrentqueue -I/home/pei/Project/duckdb-polr/third_party/pcg -I/home/pei/Project/duckdb-polr/third_party/tdigest -I/home/pei/Project/duckdb-polr/third_party/mbedtls/include -I/home/pei/Project/duckdb-polr/third_party/jaro_winkler -I/home/pei/Project/duckdb-polr/extension/parquet/include -I/home/pei/Project/duckdb-polr/extension/parquet/../../third_party/parquet -I/home/pei/Project/duckdb-polr/extension/parquet/../../third_party/snappy -I/home/pei/Project/duckdb-polr/extension/parquet/../../third_party/miniz -I/home/pei/Project/duckdb-polr/extension/parquet/../../third_party/thrift -I/home/pei/Project/duckdb-polr/extension/parquet/../../third_party/zstd/include -O3 -DNDEBUG -O3 -DNDEBUG   -fPIC -fdiagnostics-color=always -std=c++11 -MD -MT extension/parquet/CMakeFiles/parquet_extension.dir/__/__/third_party/parquet/parquet_types.cpp.o -MF extension/parquet/CMakeFiles/parquet_extension.dir/__/__/third_party/parquet/parquet_types.cpp.o.d -o extension/parquet/CMakeFiles/parquet_extension.dir/__/__/third_party/parquet/parquet_types.cpp.o -c /home/pei/Project/duckdb-polr/third_party/parquet/parquet_types.cpp
[152/376] /usr/bin/ccache /usr/lib/ccache/c++ -DDUCKDB_BUILD_LIBRARY -DENABLE_CROSS_PRODUCT_REWRITE=0 -DENABLE_DEBUG_PRINT=0 -DENABLE_MEASURE_EXE_TIME=0 -DENABLE_MERGE_BACK_PLAN=0 -DENABLE_PARALLEL_EXECUTION=0 -DENABLE_QUERY_SPLIT=1 -DENABLE_SPECIFY_EST_STAT=0 -I/home/pei/Project/duckdb-polr/src/include -I/home/pei/Project/duckdb-polr/third_party/fsst -I/home/pei/Project/duckdb-polr/third_party/fmt/include -I/home/pei/Project/duckdb-polr/third_party/hyperloglog -I/home/pei/Project/duckdb-polr/third_party/fastpforlib -I/home/pei/Project/duckdb-polr/third_party/fast_float -I/home/pei/Project/duckdb-polr/third_party/re2 -I/home/pei/Project/duckdb-polr/third_party/miniz -I/home/pei/Project/duckdb-polr/third_party/utf8proc/include -I/home/pei/Project/duckdb-polr/third_party/miniparquet -I/home/pei/Project/duckdb-polr/third_party/concurrentqueue -I/home/pei/Project/duckdb-polr/third_party/pcg -I/home/pei/Project/duckdb-polr/third_party/tdigest -I/home/pei/Project/duckdb-polr/third_party/mbedtls/include -I/home/pei/Project/duckdb-polr/third_party/jaro_winkler -I/home/pei/Project/duckdb-polr/extension/parquet/include -I/home/pei/Project/duckdb-polr/extension/parquet/../../third_party/parquet -I/home/pei/Project/duckdb-polr/extension/parquet/../../third_party/snappy -I/home/pei/Project/duckdb-polr/extension/parquet/../../third_party/miniz -I/home/pei/Project/duckdb-polr/extension/parquet/../../third_party/thrift -I/home/pei/Project/duckdb-polr/extension/parquet/../../third_party/zstd/include -O3 -DNDEBUG -O3 -DNDEBUG   -fPIC -fdiagnostics-color=always -std=c++11 -MD -MT extension/parquet/CMakeFiles/parquet_extension.dir/parquet_statistics.cpp.o -MF extension/parquet/CMakeFiles/parquet_extension.dir/parquet_statistics.cpp.o.d -o extension/parquet/CMakeFiles/parquet_extension.dir/parquet_statistics.cpp.o -c /home/pei/Project/duckdb-polr/extension/parquet/parquet_statistics.cpp
[153/376] /usr/bin/ccache /usr/lib/ccache/c++ -DDUCKDB_BUILD_LIBRARY -DENABLE_CROSS_PRODUCT_REWRITE=0 -DENABLE_DEBUG_PRINT=0 -DENABLE_MEASURE_EXE_TIME=0 -DENABLE_MERGE_BACK_PLAN=0 -DENABLE_PARALLEL_EXECUTION=0 -DENABLE_QUERY_SPLIT=1 -DENABLE_SPECIFY_EST_STAT=0 -I/home/pei/Project/duckdb-polr/src/include -I/home/pei/Project/duckdb-polr/third_party/fsst -I/home/pei/Project/duckdb-polr/third_party/fmt/include -I/home/pei/Project/duckdb-polr/third_party/hyperloglog -I/home/pei/Project/duckdb-polr/third_party/fastpforlib -I/home/pei/Project/duckdb-polr/third_party/fast_float -I/home/pei/Project/duckdb-polr/third_party/re2 -I/home/pei/Project/duckdb-polr/third_party/miniz -I/home/pei/Project/duckdb-polr/third_party/utf8proc/include -I/home/pei/Project/duckdb-polr/third_party/miniparquet -I/home/pei/Project/duckdb-polr/third_party/concurrentqueue -I/home/pei/Project/duckdb-polr/third_party/pcg -I/home/pei/Project/duckdb-polr/third_party/tdigest -I/home/pei/Project/duckdb-polr/third_party/mbedtls/include -I/home/pei/Project/duckdb-polr/third_party/jaro_winkler -I/home/pei/Project/duckdb-polr/extension/parquet/include -I/home/pei/Project/duckdb-polr/extension/parquet/../../third_party/parquet -I/home/pei/Project/duckdb-polr/extension/parquet/../../third_party/snappy -I/home/pei/Project/duckdb-polr/extension/parquet/../../third_party/miniz -I/home/pei/Project/duckdb-polr/extension/parquet/../../third_party/thrift -I/home/pei/Project/duckdb-polr/extension/parquet/../../third_party/zstd/include -O3 -DNDEBUG -O3 -DNDEBUG   -fPIC -fdiagnostics-color=always -std=c++11 -MD -MT extension/parquet/CMakeFiles/parquet_extension.dir/__/__/third_party/zstd/common/xxhash.cpp.o -MF extension/parquet/CMakeFiles/parquet_extension.dir/__/__/third_party/zstd/common/xxhash.cpp.o.d -o extension/parquet/CMakeFiles/parquet_extension.dir/__/__/third_party/zstd/common/xxhash.cpp.o -c /home/pei/Project/duckdb-polr/third_party/zstd/common/xxhash.cpp
[154/376] /usr/bin/ccache /usr/lib/ccache/c++ -DDUCKDB_BUILD_LIBRARY -DENABLE_CROSS_PRODUCT_REWRITE=0 -DENABLE_DEBUG_PRINT=0 -DENABLE_MEASURE_EXE_TIME=0 -DENABLE_MERGE_BACK_PLAN=0 -DENABLE_PARALLEL_EXECUTION=0 -DENABLE_QUERY_SPLIT=1 -DENABLE_SPECIFY_EST_STAT=0 -I/home/pei/Project/duckdb-polr/src/include -I/home/pei/Project/duckdb-polr/third_party/fsst -I/home/pei/Project/duckdb-polr/third_party/fmt/include -I/home/pei/Project/duckdb-polr/third_party/hyperloglog -I/home/pei/Project/duckdb-polr/third_party/fastpforlib -I/home/pei/Project/duckdb-polr/third_party/fast_float -I/home/pei/Project/duckdb-polr/third_party/re2 -I/home/pei/Project/duckdb-polr/third_party/miniz -I/home/pei/Project/duckdb-polr/third_party/utf8proc/include -I/home/pei/Project/duckdb-polr/third_party/miniparquet -I/home/pei/Project/duckdb-polr/third_party/concurrentqueue -I/home/pei/Project/duckdb-polr/third_party/pcg -I/home/pei/Project/duckdb-polr/third_party/tdigest -I/home/pei/Project/duckdb-polr/third_party/mbedtls/include -I/home/pei/Project/duckdb-polr/third_party/jaro_winkler -I/home/pei/Project/duckdb-polr/extension/parquet/include -I/home/pei/Project/duckdb-polr/extension/parquet/../../third_party/parquet -I/home/pei/Project/duckdb-polr/extension/parquet/../../third_party/snappy -I/home/pei/Project/duckdb-polr/extension/parquet/../../third_party/miniz -I/home/pei/Project/duckdb-polr/extension/parquet/../../third_party/thrift -I/home/pei/Project/duckdb-polr/extension/parquet/../../third_party/zstd/include -O3 -DNDEBUG -O3 -DNDEBUG   -fPIC -fdiagnostics-color=always -std=c++11 -MD -MT extension/parquet/CMakeFiles/parquet_extension.dir/__/__/third_party/zstd/common/zstd_common.cpp.o -MF extension/parquet/CMakeFiles/parquet_extension.dir/__/__/third_party/zstd/common/zstd_common.cpp.o.d -o extension/parquet/CMakeFiles/parquet_extension.dir/__/__/third_party/zstd/common/zstd_common.cpp.o -c /home/pei/Project/duckdb-polr/third_party/zstd/common/zstd_common.cpp
[155/376] /usr/bin/ccache /usr/lib/ccache/c++ -DDUCKDB_BUILD_LIBRARY -DENABLE_CROSS_PRODUCT_REWRITE=0 -DENABLE_DEBUG_PRINT=0 -DENABLE_MEASURE_EXE_TIME=0 -DENABLE_MERGE_BACK_PLAN=0 -DENABLE_PARALLEL_EXECUTION=0 -DENABLE_QUERY_SPLIT=1 -DENABLE_SPECIFY_EST_STAT=0 -I/home/pei/Project/duckdb-polr/src/include -I/home/pei/Project/duckdb-polr/third_party/fsst -I/home/pei/Project/duckdb-polr/third_party/fmt/include -I/home/pei/Project/duckdb-polr/third_party/hyperloglog -I/home/pei/Project/duckdb-polr/third_party/fastpforlib -I/home/pei/Project/duckdb-polr/third_party/fast_float -I/home/pei/Project/duckdb-polr/third_party/re2 -I/home/pei/Project/duckdb-polr/third_party/miniz -I/home/pei/Project/duckdb-polr/third_party/utf8proc/include -I/home/pei/Project/duckdb-polr/third_party/miniparquet -I/home/pei/Project/duckdb-polr/third_party/concurrentqueue -I/home/pei/Project/duckdb-polr/third_party/pcg -I/home/pei/Project/duckdb-polr/third_party/tdigest -I/home/pei/Project/duckdb-polr/third_party/mbedtls/include -I/home/pei/Project/duckdb-polr/third_party/jaro_winkler -I/home/pei/Project/duckdb-polr/extension/parquet/include -I/home/pei/Project/duckdb-polr/extension/parquet/../../third_party/parquet -I/home/pei/Project/duckdb-polr/extension/parquet/../../third_party/snappy -I/home/pei/Project/duckdb-polr/extension/parquet/../../third_party/miniz -I/home/pei/Project/duckdb-polr/extension/parquet/../../third_party/thrift -I/home/pei/Project/duckdb-polr/extension/parquet/../../third_party/zstd/include -O3 -DNDEBUG -O3 -DNDEBUG   -fPIC -fdiagnostics-color=always -std=c++11 -MD -MT extension/parquet/CMakeFiles/parquet_extension.dir/__/__/third_party/zstd/compress/huf_compress.cpp.o -MF extension/parquet/CMakeFiles/parquet_extension.dir/__/__/third_party/zstd/compress/huf_compress.cpp.o.d -o extension/parquet/CMakeFiles/parquet_extension.dir/__/__/third_party/zstd/compress/huf_compress.cpp.o -c /home/pei/Project/duckdb-polr/third_party/zstd/compress/huf_compress.cpp
[156/376] /usr/bin/ccache /usr/lib/ccache/c++ -DDUCKDB_BUILD_LIBRARY -DENABLE_CROSS_PRODUCT_REWRITE=0 -DENABLE_DEBUG_PRINT=0 -DENABLE_MEASURE_EXE_TIME=0 -DENABLE_MERGE_BACK_PLAN=0 -DENABLE_PARALLEL_EXECUTION=0 -DENABLE_QUERY_SPLIT=1 -DENABLE_SPECIFY_EST_STAT=0 -I/home/pei/Project/duckdb-polr/src/include -I/home/pei/Project/duckdb-polr/third_party/fsst -I/home/pei/Project/duckdb-polr/third_party/fmt/include -I/home/pei/Project/duckdb-polr/third_party/hyperloglog -I/home/pei/Project/duckdb-polr/third_party/fastpforlib -I/home/pei/Project/duckdb-polr/third_party/fast_float -I/home/pei/Project/duckdb-polr/third_party/re2 -I/home/pei/Project/duckdb-polr/third_party/miniz -I/home/pei/Project/duckdb-polr/third_party/utf8proc/include -I/home/pei/Project/duckdb-polr/third_party/miniparquet -I/home/pei/Project/duckdb-polr/third_party/concurrentqueue -I/home/pei/Project/duckdb-polr/third_party/pcg -I/home/pei/Project/duckdb-polr/third_party/tdigest -I/home/pei/Project/duckdb-polr/third_party/mbedtls/include -I/home/pei/Project/duckdb-polr/third_party/jaro_winkler -I/home/pei/Project/duckdb-polr/extension/parquet/include -I/home/pei/Project/duckdb-polr/extension/parquet/../../third_party/parquet -I/home/pei/Project/duckdb-polr/extension/parquet/../../third_party/snappy -I/home/pei/Project/duckdb-polr/extension/parquet/../../third_party/miniz -I/home/pei/Project/duckdb-polr/extension/parquet/../../third_party/thrift -I/home/pei/Project/duckdb-polr/extension/parquet/../../third_party/zstd/include -O3 -DNDEBUG -O3 -DNDEBUG   -fPIC -fdiagnostics-color=always -std=c++11 -MD -MT extension/parquet/CMakeFiles/parquet_extension.dir/__/__/third_party/thrift/thrift/transport/TBufferTransports.cpp.o -MF extension/parquet/CMakeFiles/parquet_extension.dir/__/__/third_party/thrift/thrift/transport/TBufferTransports.cpp.o.d -o extension/parquet/CMakeFiles/parquet_extension.dir/__/__/third_party/thrift/thrift/transport/TBufferTransports.cpp.o -c /home/pei/Project/duckdb-polr/third_party/thrift/thrift/transport/TBufferTransports.cpp
[157/376] /usr/bin/ccache /usr/lib/ccache/c++ -DDUCKDB_BUILD_LIBRARY -DENABLE_CROSS_PRODUCT_REWRITE=0 -DENABLE_DEBUG_PRINT=0 -DENABLE_MEASURE_EXE_TIME=0 -DENABLE_MERGE_BACK_PLAN=0 -DENABLE_PARALLEL_EXECUTION=0 -DENABLE_QUERY_SPLIT=1 -DENABLE_SPECIFY_EST_STAT=0 -I/home/pei/Project/duckdb-polr/src/include -I/home/pei/Project/duckdb-polr/third_party/fsst -I/home/pei/Project/duckdb-polr/third_party/fmt/include -I/home/pei/Project/duckdb-polr/third_party/hyperloglog -I/home/pei/Project/duckdb-polr/third_party/fastpforlib -I/home/pei/Project/duckdb-polr/third_party/fast_float -I/home/pei/Project/duckdb-polr/third_party/re2 -I/home/pei/Project/duckdb-polr/third_party/miniz -I/home/pei/Project/duckdb-polr/third_party/utf8proc/include -I/home/pei/Project/duckdb-polr/third_party/miniparquet -I/home/pei/Project/duckdb-polr/third_party/concurrentqueue -I/home/pei/Project/duckdb-polr/third_party/pcg -I/home/pei/Project/duckdb-polr/third_party/tdigest -I/home/pei/Project/duckdb-polr/third_party/mbedtls/include -I/home/pei/Project/duckdb-polr/third_party/jaro_winkler -I/home/pei/Project/duckdb-polr/extension/parquet/include -I/home/pei/Project/duckdb-polr/extension/parquet/../../third_party/parquet -I/home/pei/Project/duckdb-polr/extension/parquet/../../third_party/snappy -I/home/pei/Project/duckdb-polr/extension/parquet/../../third_party/miniz -I/home/pei/Project/duckdb-polr/extension/parquet/../../third_party/thrift -I/home/pei/Project/duckdb-polr/extension/parquet/../../third_party/zstd/include -O3 -DNDEBUG -O3 -DNDEBUG   -fPIC -fdiagnostics-color=always -std=c++11 -MD -MT extension/parquet/CMakeFiles/parquet_extension.dir/column_reader.cpp.o -MF extension/parquet/CMakeFiles/parquet_extension.dir/column_reader.cpp.o.d -o extension/parquet/CMakeFiles/parquet_extension.dir/column_reader.cpp.o -c /home/pei/Project/duckdb-polr/extension/parquet/column_reader.cpp
[158/376] /usr/bin/ccache /usr/lib/ccache/c++ -DDUCKDB_BUILD_LIBRARY -DENABLE_CROSS_PRODUCT_REWRITE=0 -DENABLE_DEBUG_PRINT=0 -DENABLE_MEASURE_EXE_TIME=0 -DENABLE_MERGE_BACK_PLAN=0 -DENABLE_PARALLEL_EXECUTION=0 -DENABLE_QUERY_SPLIT=1 -DENABLE_SPECIFY_EST_STAT=0 -I/home/pei/Project/duckdb-polr/src/include -I/home/pei/Project/duckdb-polr/third_party/fsst -I/home/pei/Project/duckdb-polr/third_party/fmt/include -I/home/pei/Project/duckdb-polr/third_party/hyperloglog -I/home/pei/Project/duckdb-polr/third_party/fastpforlib -I/home/pei/Project/duckdb-polr/third_party/fast_float -I/home/pei/Project/duckdb-polr/third_party/re2 -I/home/pei/Project/duckdb-polr/third_party/miniz -I/home/pei/Project/duckdb-polr/third_party/utf8proc/include -I/home/pei/Project/duckdb-polr/third_party/miniparquet -I/home/pei/Project/duckdb-polr/third_party/concurrentqueue -I/home/pei/Project/duckdb-polr/third_party/pcg -I/home/pei/Project/duckdb-polr/third_party/tdigest -I/home/pei/Project/duckdb-polr/third_party/mbedtls/include -I/home/pei/Project/duckdb-polr/third_party/jaro_winkler -I/home/pei/Project/duckdb-polr/extension/parquet/include -I/home/pei/Project/duckdb-polr/extension/parquet/../../third_party/parquet -I/home/pei/Project/duckdb-polr/extension/parquet/../../third_party/snappy -I/home/pei/Project/duckdb-polr/extension/parquet/../../third_party/miniz -I/home/pei/Project/duckdb-polr/extension/parquet/../../third_party/thrift -I/home/pei/Project/duckdb-polr/extension/parquet/../../third_party/zstd/include -O3 -DNDEBUG -O3 -DNDEBUG   -fPIC -fdiagnostics-color=always -std=c++11 -MD -MT extension/parquet/CMakeFiles/parquet_extension.dir/__/__/third_party/zstd/compress/fse_compress.cpp.o -MF extension/parquet/CMakeFiles/parquet_extension.dir/__/__/third_party/zstd/compress/fse_compress.cpp.o.d -o extension/parquet/CMakeFiles/parquet_extension.dir/__/__/third_party/zstd/compress/fse_compress.cpp.o -c /home/pei/Project/duckdb-polr/third_party/zstd/compress/fse_compress.cpp
[159/376] /usr/bin/ccache /usr/lib/ccache/c++ -DDUCKDB_BUILD_LIBRARY -DENABLE_CROSS_PRODUCT_REWRITE=0 -DENABLE_DEBUG_PRINT=0 -DENABLE_MEASURE_EXE_TIME=0 -DENABLE_MERGE_BACK_PLAN=0 -DENABLE_PARALLEL_EXECUTION=0 -DENABLE_QUERY_SPLIT=1 -DENABLE_SPECIFY_EST_STAT=0 -I/home/pei/Project/duckdb-polr/src/include -I/home/pei/Project/duckdb-polr/third_party/fsst -I/home/pei/Project/duckdb-polr/third_party/fmt/include -I/home/pei/Project/duckdb-polr/third_party/hyperloglog -I/home/pei/Project/duckdb-polr/third_party/fastpforlib -I/home/pei/Project/duckdb-polr/third_party/fast_float -I/home/pei/Project/duckdb-polr/third_party/re2 -I/home/pei/Project/duckdb-polr/third_party/miniz -I/home/pei/Project/duckdb-polr/third_party/utf8proc/include -I/home/pei/Project/duckdb-polr/third_party/miniparquet -I/home/pei/Project/duckdb-polr/third_party/concurrentqueue -I/home/pei/Project/duckdb-polr/third_party/pcg -I/home/pei/Project/duckdb-polr/third_party/tdigest -I/home/pei/Project/duckdb-polr/third_party/mbedtls/include -I/home/pei/Project/duckdb-polr/third_party/jaro_winkler -I/home/pei/Project/duckdb-polr/extension/parquet/include -I/home/pei/Project/duckdb-polr/extension/parquet/../../third_party/parquet -I/home/pei/Project/duckdb-polr/extension/parquet/../../third_party/snappy -I/home/pei/Project/duckdb-polr/extension/parquet/../../third_party/miniz -I/home/pei/Project/duckdb-polr/extension/parquet/../../third_party/thrift -I/home/pei/Project/duckdb-polr/extension/parquet/../../third_party/zstd/include -O3 -DNDEBUG -O3 -DNDEBUG   -fPIC -fdiagnostics-color=always -std=c++11 -MD -MT extension/parquet/CMakeFiles/parquet_extension.dir/__/__/third_party/zstd/compress/zstd_double_fast.cpp.o -MF extension/parquet/CMakeFiles/parquet_extension.dir/__/__/third_party/zstd/compress/zstd_double_fast.cpp.o.d -o extension/parquet/CMakeFiles/parquet_extension.dir/__/__/third_party/zstd/compress/zstd_double_fast.cpp.o -c /home/pei/Project/duckdb-polr/third_party/zstd/compress/zstd_double_fast.cpp
[160/376] /usr/bin/ccache /usr/lib/ccache/c++ -DDUCKDB_BUILD_LIBRARY -DENABLE_CROSS_PRODUCT_REWRITE=0 -DENABLE_DEBUG_PRINT=0 -DENABLE_MEASURE_EXE_TIME=0 -DENABLE_MERGE_BACK_PLAN=0 -DENABLE_PARALLEL_EXECUTION=0 -DENABLE_QUERY_SPLIT=1 -DENABLE_SPECIFY_EST_STAT=0 -I/home/pei/Project/duckdb-polr/src/include -I/home/pei/Project/duckdb-polr/third_party/fsst -I/home/pei/Project/duckdb-polr/third_party/fmt/include -I/home/pei/Project/duckdb-polr/third_party/hyperloglog -I/home/pei/Project/duckdb-polr/third_party/fastpforlib -I/home/pei/Project/duckdb-polr/third_party/fast_float -I/home/pei/Project/duckdb-polr/third_party/re2 -I/home/pei/Project/duckdb-polr/third_party/miniz -I/home/pei/Project/duckdb-polr/third_party/utf8proc/include -I/home/pei/Project/duckdb-polr/third_party/miniparquet -I/home/pei/Project/duckdb-polr/third_party/concurrentqueue -I/home/pei/Project/duckdb-polr/third_party/pcg -I/home/pei/Project/duckdb-polr/third_party/tdigest -I/home/pei/Project/duckdb-polr/third_party/mbedtls/include -I/home/pei/Project/duckdb-polr/third_party/jaro_winkler -I/home/pei/Project/duckdb-polr/extension/parquet/include -I/home/pei/Project/duckdb-polr/extension/parquet/../../third_party/parquet -I/home/pei/Project/duckdb-polr/extension/parquet/../../third_party/snappy -I/home/pei/Project/duckdb-polr/extension/parquet/../../third_party/miniz -I/home/pei/Project/duckdb-polr/extension/parquet/../../third_party/thrift -I/home/pei/Project/duckdb-polr/extension/parquet/../../third_party/zstd/include -O3 -DNDEBUG -O3 -DNDEBUG   -fPIC -fdiagnostics-color=always -std=c++11 -MD -MT extension/parquet/CMakeFiles/parquet_extension.dir/__/__/third_party/zstd/compress/zstd_compress_superblock.cpp.o -MF extension/parquet/CMakeFiles/parquet_extension.dir/__/__/third_party/zstd/compress/zstd_compress_superblock.cpp.o.d -o extension/parquet/CMakeFiles/parquet_extension.dir/__/__/third_party/zstd/compress/zstd_compress_superblock.cpp.o -c /home/pei/Project/duckdb-polr/third_party/zstd/compress/zstd_compress_superblock.cpp
[161/376] /usr/bin/ccache /usr/lib/ccache/c++ -DDUCKDB_BUILD_LIBRARY -DENABLE_CROSS_PRODUCT_REWRITE=0 -DENABLE_DEBUG_PRINT=0 -DENABLE_MEASURE_EXE_TIME=0 -DENABLE_MERGE_BACK_PLAN=0 -DENABLE_PARALLEL_EXECUTION=0 -DENABLE_QUERY_SPLIT=1 -DENABLE_SPECIFY_EST_STAT=0 -I/home/pei/Project/duckdb-polr/src/include -I/home/pei/Project/duckdb-polr/third_party/fsst -I/home/pei/Project/duckdb-polr/third_party/fmt/include -I/home/pei/Project/duckdb-polr/third_party/hyperloglog -I/home/pei/Project/duckdb-polr/third_party/fastpforlib -I/home/pei/Project/duckdb-polr/third_party/fast_float -I/home/pei/Project/duckdb-polr/third_party/re2 -I/home/pei/Project/duckdb-polr/third_party/miniz -I/home/pei/Project/duckdb-polr/third_party/utf8proc/include -I/home/pei/Project/duckdb-polr/third_party/miniparquet -I/home/pei/Project/duckdb-polr/third_party/concurrentqueue -I/home/pei/Project/duckdb-polr/third_party/pcg -I/home/pei/Project/duckdb-polr/third_party/tdigest -I/home/pei/Project/duckdb-polr/third_party/mbedtls/include -I/home/pei/Project/duckdb-polr/third_party/jaro_winkler -I/home/pei/Project/duckdb-polr/extension/parquet/include -I/home/pei/Project/duckdb-polr/extension/parquet/../../third_party/parquet -I/home/pei/Project/duckdb-polr/extension/parquet/../../third_party/snappy -I/home/pei/Project/duckdb-polr/extension/parquet/../../third_party/miniz -I/home/pei/Project/duckdb-polr/extension/parquet/../../third_party/thrift -I/home/pei/Project/duckdb-polr/extension/parquet/../../third_party/zstd/include -O3 -DNDEBUG -O3 -DNDEBUG   -fPIC -fdiagnostics-color=always -std=c++11 -MD -MT extension/parquet/CMakeFiles/parquet_extension.dir/__/__/third_party/zstd/compress/zstd_lazy.cpp.o -MF extension/parquet/CMakeFiles/parquet_extension.dir/__/__/third_party/zstd/compress/zstd_lazy.cpp.o.d -o extension/parquet/CMakeFiles/parquet_extension.dir/__/__/third_party/zstd/compress/zstd_lazy.cpp.o -c /home/pei/Project/duckdb-polr/third_party/zstd/compress/zstd_lazy.cpp
[162/376] /usr/bin/ccache /usr/lib/ccache/c++ -DDUCKDB_BUILD_LIBRARY -DENABLE_CROSS_PRODUCT_REWRITE=0 -DENABLE_DEBUG_PRINT=0 -DENABLE_MEASURE_EXE_TIME=0 -DENABLE_MERGE_BACK_PLAN=0 -DENABLE_PARALLEL_EXECUTION=0 -DENABLE_QUERY_SPLIT=1 -DENABLE_SPECIFY_EST_STAT=0 -I/home/pei/Project/duckdb-polr/src/include -I/home/pei/Project/duckdb-polr/third_party/fsst -I/home/pei/Project/duckdb-polr/third_party/fmt/include -I/home/pei/Project/duckdb-polr/third_party/hyperloglog -I/home/pei/Project/duckdb-polr/third_party/fastpforlib -I/home/pei/Project/duckdb-polr/third_party/fast_float -I/home/pei/Project/duckdb-polr/third_party/re2 -I/home/pei/Project/duckdb-polr/third_party/miniz -I/home/pei/Project/duckdb-polr/third_party/utf8proc/include -I/home/pei/Project/duckdb-polr/third_party/miniparquet -I/home/pei/Project/duckdb-polr/third_party/concurrentqueue -I/home/pei/Project/duckdb-polr/third_party/pcg -I/home/pei/Project/duckdb-polr/third_party/tdigest -I/home/pei/Project/duckdb-polr/third_party/mbedtls/include -I/home/pei/Project/duckdb-polr/third_party/jaro_winkler -I/home/pei/Project/duckdb-polr/extension/parquet/include -I/home/pei/Project/duckdb-polr/extension/parquet/../../third_party/parquet -I/home/pei/Project/duckdb-polr/extension/parquet/../../third_party/snappy -I/home/pei/Project/duckdb-polr/extension/parquet/../../third_party/miniz -I/home/pei/Project/duckdb-polr/extension/parquet/../../third_party/thrift -I/home/pei/Project/duckdb-polr/extension/parquet/../../third_party/zstd/include -O3 -DNDEBUG -O3 -DNDEBUG   -fPIC -fdiagnostics-color=always -std=c++11 -MD -MT extension/parquet/CMakeFiles/parquet_extension.dir/__/__/third_party/zstd/compress/zstd_compress.cpp.o -MF extension/parquet/CMakeFiles/parquet_extension.dir/__/__/third_party/zstd/compress/zstd_compress.cpp.o.d -o extension/parquet/CMakeFiles/parquet_extension.dir/__/__/third_party/zstd/compress/zstd_compress.cpp.o -c /home/pei/Project/duckdb-polr/third_party/zstd/compress/zstd_compress.cpp
[163/376] /usr/bin/ccache /usr/lib/ccache/c++ -DDUCKDB_BUILD_LIBRARY -DENABLE_CROSS_PRODUCT_REWRITE=0 -DENABLE_DEBUG_PRINT=0 -DENABLE_MEASURE_EXE_TIME=0 -DENABLE_MERGE_BACK_PLAN=0 -DENABLE_PARALLEL_EXECUTION=0 -DENABLE_QUERY_SPLIT=1 -DENABLE_SPECIFY_EST_STAT=0 -I/home/pei/Project/duckdb-polr/src/include -I/home/pei/Project/duckdb-polr/third_party/fsst -I/home/pei/Project/duckdb-polr/third_party/fmt/include -I/home/pei/Project/duckdb-polr/third_party/hyperloglog -I/home/pei/Project/duckdb-polr/third_party/fastpforlib -I/home/pei/Project/duckdb-polr/third_party/fast_float -I/home/pei/Project/duckdb-polr/third_party/re2 -I/home/pei/Project/duckdb-polr/third_party/miniz -I/home/pei/Project/duckdb-polr/third_party/utf8proc/include -I/home/pei/Project/duckdb-polr/third_party/miniparquet -I/home/pei/Project/duckdb-polr/third_party/concurrentqueue -I/home/pei/Project/duckdb-polr/third_party/pcg -I/home/pei/Project/duckdb-polr/third_party/tdigest -I/home/pei/Project/duckdb-polr/third_party/mbedtls/include -I/home/pei/Project/duckdb-polr/third_party/jaro_winkler -I/home/pei/Project/duckdb-polr/extension/parquet/include -I/home/pei/Project/duckdb-polr/extension/parquet/../../third_party/parquet -I/home/pei/Project/duckdb-polr/extension/parquet/../../third_party/snappy -I/home/pei/Project/duckdb-polr/extension/parquet/../../third_party/miniz -I/home/pei/Project/duckdb-polr/extension/parquet/../../third_party/thrift -I/home/pei/Project/duckdb-polr/extension/parquet/../../third_party/zstd/include -O3 -DNDEBUG -O3 -DNDEBUG   -fPIC -fdiagnostics-color=always -std=c++11 -MD -MT extension/parquet/CMakeFiles/parquet_extension.dir/__/__/third_party/zstd/compress/zstd_compress_literals.cpp.o -MF extension/parquet/CMakeFiles/parquet_extension.dir/__/__/third_party/zstd/compress/zstd_compress_literals.cpp.o.d -o extension/parquet/CMakeFiles/parquet_extension.dir/__/__/third_party/zstd/compress/zstd_compress_literals.cpp.o -c /home/pei/Project/duckdb-polr/third_party/zstd/compress/zstd_compress_literals.cpp
[164/376] /usr/bin/ccache /usr/lib/ccache/c++ -DDUCKDB_BUILD_LIBRARY -DENABLE_CROSS_PRODUCT_REWRITE=0 -DENABLE_DEBUG_PRINT=0 -DENABLE_MEASURE_EXE_TIME=0 -DENABLE_MERGE_BACK_PLAN=0 -DENABLE_PARALLEL_EXECUTION=0 -DENABLE_QUERY_SPLIT=1 -DENABLE_SPECIFY_EST_STAT=0 -I/home/pei/Project/duckdb-polr/src/include -I/home/pei/Project/duckdb-polr/third_party/fsst -I/home/pei/Project/duckdb-polr/third_party/fmt/include -I/home/pei/Project/duckdb-polr/third_party/hyperloglog -I/home/pei/Project/duckdb-polr/third_party/fastpforlib -I/home/pei/Project/duckdb-polr/third_party/fast_float -I/home/pei/Project/duckdb-polr/third_party/re2 -I/home/pei/Project/duckdb-polr/third_party/miniz -I/home/pei/Project/duckdb-polr/third_party/utf8proc/include -I/home/pei/Project/duckdb-polr/third_party/miniparquet -I/home/pei/Project/duckdb-polr/third_party/concurrentqueue -I/home/pei/Project/duckdb-polr/third_party/pcg -I/home/pei/Project/duckdb-polr/third_party/tdigest -I/home/pei/Project/duckdb-polr/third_party/mbedtls/include -I/home/pei/Project/duckdb-polr/third_party/jaro_winkler -I/home/pei/Project/duckdb-polr/extension/parquet/include -I/home/pei/Project/duckdb-polr/extension/parquet/../../third_party/parquet -I/home/pei/Project/duckdb-polr/extension/parquet/../../third_party/snappy -I/home/pei/Project/duckdb-polr/extension/parquet/../../third_party/miniz -I/home/pei/Project/duckdb-polr/extension/parquet/../../third_party/thrift -I/home/pei/Project/duckdb-polr/extension/parquet/../../third_party/zstd/include -O3 -DNDEBUG -O3 -DNDEBUG   -fPIC -fdiagnostics-color=always -std=c++11 -MD -MT extension/parquet/CMakeFiles/parquet_extension.dir/__/__/third_party/zstd/compress/zstd_compress_sequences.cpp.o -MF extension/parquet/CMakeFiles/parquet_extension.dir/__/__/third_party/zstd/compress/zstd_compress_sequences.cpp.o.d -o extension/parquet/CMakeFiles/parquet_extension.dir/__/__/third_party/zstd/compress/zstd_compress_sequences.cpp.o -c /home/pei/Project/duckdb-polr/third_party/zstd/compress/zstd_compress_sequences.cpp
[165/376] /usr/bin/ccache /usr/lib/ccache/c++ -DDUCKDB_BUILD_LIBRARY -DENABLE_CROSS_PRODUCT_REWRITE=0 -DENABLE_DEBUG_PRINT=0 -DENABLE_MEASURE_EXE_TIME=0 -DENABLE_MERGE_BACK_PLAN=0 -DENABLE_PARALLEL_EXECUTION=0 -DENABLE_QUERY_SPLIT=1 -DENABLE_SPECIFY_EST_STAT=0 -I/home/pei/Project/duckdb-polr/src/include -I/home/pei/Project/duckdb-polr/third_party/fsst -I/home/pei/Project/duckdb-polr/third_party/fmt/include -I/home/pei/Project/duckdb-polr/third_party/hyperloglog -I/home/pei/Project/duckdb-polr/third_party/fastpforlib -I/home/pei/Project/duckdb-polr/third_party/fast_float -I/home/pei/Project/duckdb-polr/third_party/re2 -I/home/pei/Project/duckdb-polr/third_party/miniz -I/home/pei/Project/duckdb-polr/third_party/utf8proc/include -I/home/pei/Project/duckdb-polr/third_party/miniparquet -I/home/pei/Project/duckdb-polr/third_party/concurrentqueue -I/home/pei/Project/duckdb-polr/third_party/pcg -I/home/pei/Project/duckdb-polr/third_party/tdigest -I/home/pei/Project/duckdb-polr/third_party/mbedtls/include -I/home/pei/Project/duckdb-polr/third_party/jaro_winkler -I/home/pei/Project/duckdb-polr/extension/parquet/include -I/home/pei/Project/duckdb-polr/extension/parquet/../../third_party/parquet -I/home/pei/Project/duckdb-polr/extension/parquet/../../third_party/snappy -I/home/pei/Project/duckdb-polr/extension/parquet/../../third_party/miniz -I/home/pei/Project/duckdb-polr/extension/parquet/../../third_party/thrift -I/home/pei/Project/duckdb-polr/extension/parquet/../../third_party/zstd/include -O3 -DNDEBUG -O3 -DNDEBUG   -fPIC -fdiagnostics-color=always -std=c++11 -MD -MT extension/parquet/CMakeFiles/parquet_extension.dir/__/__/third_party/zstd/compress/zstd_fast.cpp.o -MF extension/parquet/CMakeFiles/parquet_extension.dir/__/__/third_party/zstd/compress/zstd_fast.cpp.o.d -o extension/parquet/CMakeFiles/parquet_extension.dir/__/__/third_party/zstd/compress/zstd_fast.cpp.o -c /home/pei/Project/duckdb-polr/third_party/zstd/compress/zstd_fast.cpp
[166/376] /usr/bin/ccache /usr/lib/ccache/c++ -DDUCKDB_BUILD_LIBRARY -DENABLE_CROSS_PRODUCT_REWRITE=0 -DENABLE_DEBUG_PRINT=0 -DENABLE_MEASURE_EXE_TIME=0 -DENABLE_MERGE_BACK_PLAN=0 -DENABLE_PARALLEL_EXECUTION=0 -DENABLE_QUERY_SPLIT=1 -DENABLE_SPECIFY_EST_STAT=0 -I/home/pei/Project/duckdb-polr/src/include -I/home/pei/Project/duckdb-polr/third_party/fsst -I/home/pei/Project/duckdb-polr/third_party/fmt/include -I/home/pei/Project/duckdb-polr/third_party/hyperloglog -I/home/pei/Project/duckdb-polr/third_party/fastpforlib -I/home/pei/Project/duckdb-polr/third_party/fast_float -I/home/pei/Project/duckdb-polr/third_party/re2 -I/home/pei/Project/duckdb-polr/third_party/miniz -I/home/pei/Project/duckdb-polr/third_party/utf8proc/include -I/home/pei/Project/duckdb-polr/third_party/miniparquet -I/home/pei/Project/duckdb-polr/third_party/concurrentqueue -I/home/pei/Project/duckdb-polr/third_party/pcg -I/home/pei/Project/duckdb-polr/third_party/tdigest -I/home/pei/Project/duckdb-polr/third_party/mbedtls/include -I/home/pei/Project/duckdb-polr/third_party/jaro_winkler -I/home/pei/Project/duckdb-polr/extension/parquet/include -I/home/pei/Project/duckdb-polr/extension/parquet/../../third_party/parquet -I/home/pei/Project/duckdb-polr/extension/parquet/../../third_party/snappy -I/home/pei/Project/duckdb-polr/extension/parquet/../../third_party/miniz -I/home/pei/Project/duckdb-polr/extension/parquet/../../third_party/thrift -I/home/pei/Project/duckdb-polr/extension/parquet/../../third_party/zstd/include -O3 -DNDEBUG -O3 -DNDEBUG   -fPIC -fdiagnostics-color=always -std=c++11 -MD -MT extension/parquet/CMakeFiles/parquet_extension.dir/__/__/third_party/zstd/compress/zstd_opt.cpp.o -MF extension/parquet/CMakeFiles/parquet_extension.dir/__/__/third_party/zstd/compress/zstd_opt.cpp.o.d -o extension/parquet/CMakeFiles/parquet_extension.dir/__/__/third_party/zstd/compress/zstd_opt.cpp.o -c /home/pei/Project/duckdb-polr/third_party/zstd/compress/zstd_opt.cpp
[167/376] /usr/bin/ccache /usr/lib/ccache/c++ -DDUCKDB_BUILD_LIBRARY -DENABLE_CROSS_PRODUCT_REWRITE=0 -DENABLE_DEBUG_PRINT=0 -DENABLE_MEASURE_EXE_TIME=0 -DENABLE_MERGE_BACK_PLAN=0 -DENABLE_PARALLEL_EXECUTION=0 -DENABLE_QUERY_SPLIT=1 -DENABLE_SPECIFY_EST_STAT=0 -I/home/pei/Project/duckdb-polr/src/include -I/home/pei/Project/duckdb-polr/third_party/fsst -I/home/pei/Project/duckdb-polr/third_party/fmt/include -I/home/pei/Project/duckdb-polr/third_party/hyperloglog -I/home/pei/Project/duckdb-polr/third_party/fastpforlib -I/home/pei/Project/duckdb-polr/third_party/fast_float -I/home/pei/Project/duckdb-polr/third_party/re2 -I/home/pei/Project/duckdb-polr/third_party/miniz -I/home/pei/Project/duckdb-polr/third_party/utf8proc/include -I/home/pei/Project/duckdb-polr/third_party/miniparquet -I/home/pei/Project/duckdb-polr/third_party/concurrentqueue -I/home/pei/Project/duckdb-polr/third_party/pcg -I/home/pei/Project/duckdb-polr/third_party/tdigest -I/home/pei/Project/duckdb-polr/third_party/mbedtls/include -I/home/pei/Project/duckdb-polr/third_party/jaro_winkler -I/home/pei/Project/duckdb-polr/extension/parquet/include -I/home/pei/Project/duckdb-polr/extension/parquet/../../third_party/parquet -I/home/pei/Project/duckdb-polr/extension/parquet/../../third_party/snappy -I/home/pei/Project/duckdb-polr/extension/parquet/../../third_party/miniz -I/home/pei/Project/duckdb-polr/extension/parquet/../../third_party/thrift -I/home/pei/Project/duckdb-polr/extension/parquet/../../third_party/zstd/include -O3 -DNDEBUG -O3 -DNDEBUG   -fPIC -fdiagnostics-color=always -std=c++11 -MD -MT extension/parquet/CMakeFiles/parquet_extension.dir/__/__/third_party/zstd/compress/zstd_ldm.cpp.o -MF extension/parquet/CMakeFiles/parquet_extension.dir/__/__/third_party/zstd/compress/zstd_ldm.cpp.o.d -o extension/parquet/CMakeFiles/parquet_extension.dir/__/__/third_party/zstd/compress/zstd_ldm.cpp.o -c /home/pei/Project/duckdb-polr/third_party/zstd/compress/zstd_ldm.cpp
[168/376] /usr/bin/ccache /usr/lib/ccache/c++ -DDUCKDB_BUILD_LIBRARY -DDUCKDB_BUILD_LOADABLE_EXTENSION -DENABLE_CROSS_PRODUCT_REWRITE=0 -DENABLE_DEBUG_PRINT=0 -DENABLE_MEASURE_EXE_TIME=0 -DENABLE_MERGE_BACK_PLAN=0 -DENABLE_PARALLEL_EXECUTION=0 -DENABLE_QUERY_SPLIT=1 -DENABLE_SPECIFY_EST_STAT=0 -I/home/pei/Project/duckdb-polr/src/include -I/home/pei/Project/duckdb-polr/third_party/fsst -I/home/pei/Project/duckdb-polr/third_party/fmt/include -I/home/pei/Project/duckdb-polr/third_party/hyperloglog -I/home/pei/Project/duckdb-polr/third_party/fastpforlib -I/home/pei/Project/duckdb-polr/third_party/fast_float -I/home/pei/Project/duckdb-polr/third_party/re2 -I/home/pei/Project/duckdb-polr/third_party/miniz -I/home/pei/Project/duckdb-polr/third_party/utf8proc/include -I/home/pei/Project/duckdb-polr/third_party/miniparquet -I/home/pei/Project/duckdb-polr/third_party/concurrentqueue -I/home/pei/Project/duckdb-polr/third_party/pcg -I/home/pei/Project/duckdb-polr/third_party/tdigest -I/home/pei/Project/duckdb-polr/third_party/mbedtls/include -I/home/pei/Project/duckdb-polr/third_party/jaro_winkler -I/home/pei/Project/duckdb-polr/extension/parquet/include -I/home/pei/Project/duckdb-polr/extension/parquet/../../third_party/parquet -I/home/pei/Project/duckdb-polr/extension/parquet/../../third_party/snappy -I/home/pei/Project/duckdb-polr/extension/parquet/../../third_party/miniz -I/home/pei/Project/duckdb-polr/extension/parquet/../../third_party/thrift -I/home/pei/Project/duckdb-polr/extension/parquet/../../third_party/zstd/include -O3 -DNDEBUG -O3 -DNDEBUG   -fPIC -fdiagnostics-color=always -std=c++11 -MD -MT extension/parquet/CMakeFiles/parquet_loadable_extension.dir/__/__/third_party/parquet/parquet_constants.cpp.o -MF extension/parquet/CMakeFiles/parquet_loadable_extension.dir/__/__/third_party/parquet/parquet_constants.cpp.o.d -o extension/parquet/CMakeFiles/parquet_loadable_extension.dir/__/__/third_party/parquet/parquet_constants.cpp.o -c /home/pei/Project/duckdb-polr/third_party/parquet/parquet_constants.cpp
[169/376] : && /usr/bin/cmake -E rm -f extension/parquet/libparquet_extension.a && /usr/bin/ar qc extension/parquet/libparquet_extension.a  extension/parquet/CMakeFiles/parquet_extension.dir/column_writer.cpp.o extension/parquet/CMakeFiles/parquet_extension.dir/parquet-extension.cpp.o extension/parquet/CMakeFiles/parquet_extension.dir/parquet_metadata.cpp.o extension/parquet/CMakeFiles/parquet_extension.dir/parquet_reader.cpp.o extension/parquet/CMakeFiles/parquet_extension.dir/parquet_timestamp.cpp.o extension/parquet/CMakeFiles/parquet_extension.dir/parquet_writer.cpp.o extension/parquet/CMakeFiles/parquet_extension.dir/parquet_statistics.cpp.o extension/parquet/CMakeFiles/parquet_extension.dir/zstd_file_system.cpp.o extension/parquet/CMakeFiles/parquet_extension.dir/column_reader.cpp.o extension/parquet/CMakeFiles/parquet_extension.dir/__/__/third_party/parquet/parquet_constants.cpp.o extension/parquet/CMakeFiles/parquet_extension.dir/__/__/third_party/parquet/parquet_types.cpp.o extension/parquet/CMakeFiles/parquet_extension.dir/__/__/third_party/thrift/thrift/protocol/TProtocol.cpp.o extension/parquet/CMakeFiles/parquet_extension.dir/__/__/third_party/thrift/thrift/transport/TTransportException.cpp.o extension/parquet/CMakeFiles/parquet_extension.dir/__/__/third_party/thrift/thrift/transport/TBufferTransports.cpp.o extension/parquet/CMakeFiles/parquet_extension.dir/__/__/third_party/snappy/snappy.cc.o extension/parquet/CMakeFiles/parquet_extension.dir/__/__/third_party/snappy/snappy-sinksource.cc.o extension/parquet/CMakeFiles/parquet_extension.dir/__/__/third_party/zstd/decompress/zstd_ddict.cpp.o extension/parquet/CMakeFiles/parquet_extension.dir/__/__/third_party/zstd/decompress/huf_decompress.cpp.o extension/parquet/CMakeFiles/parquet_extension.dir/__/__/third_party/zstd/decompress/zstd_decompress.cpp.o extension/parquet/CMakeFiles/parquet_extension.dir/__/__/third_party/zstd/decompress/zstd_decompress_block.cpp.o extension/parquet/CMakeFiles/parquet_extension.dir/__/__/third_party/zstd/common/entropy_common.cpp.o extension/parquet/CMakeFiles/parquet_extension.dir/__/__/third_party/zstd/common/fse_decompress.cpp.o extension/parquet/CMakeFiles/parquet_extension.dir/__/__/third_party/zstd/common/zstd_common.cpp.o extension/parquet/CMakeFiles/parquet_extension.dir/__/__/third_party/zstd/common/error_private.cpp.o extension/parquet/CMakeFiles/parquet_extension.dir/__/__/third_party/zstd/common/xxhash.cpp.o extension/parquet/CMakeFiles/parquet_extension.dir/__/__/third_party/zstd/compress/fse_compress.cpp.o extension/parquet/CMakeFiles/parquet_extension.dir/__/__/third_party/zstd/compress/hist.cpp.o extension/parquet/CMakeFiles/parquet_extension.dir/__/__/third_party/zstd/compress/huf_compress.cpp.o extension/parquet/CMakeFiles/parquet_extension.dir/__/__/third_party/zstd/compress/zstd_compress.cpp.o extension/parquet/CMakeFiles/parquet_extension.dir/__/__/third_party/zstd/compress/zstd_compress_literals.cpp.o extension/parquet/CMakeFiles/parquet_extension.dir/__/__/third_party/zstd/compress/zstd_compress_sequences.cpp.o extension/parquet/CMakeFiles/parquet_extension.dir/__/__/third_party/zstd/compress/zstd_compress_superblock.cpp.o extension/parquet/CMakeFiles/parquet_extension.dir/__/__/third_party/zstd/compress/zstd_double_fast.cpp.o extension/parquet/CMakeFiles/parquet_extension.dir/__/__/third_party/zstd/compress/zstd_fast.cpp.o extension/parquet/CMakeFiles/parquet_extension.dir/__/__/third_party/zstd/compress/zstd_lazy.cpp.o extension/parquet/CMakeFiles/parquet_extension.dir/__/__/third_party/zstd/compress/zstd_ldm.cpp.o extension/parquet/CMakeFiles/parquet_extension.dir/__/__/third_party/zstd/compress/zstd_opt.cpp.o && /usr/bin/ranlib extension/parquet/libparquet_extension.a && :
[170/376] /usr/bin/ccache /usr/lib/ccache/c++ -DDUCKDB_BUILD_LIBRARY -DDUCKDB_BUILD_LOADABLE_EXTENSION -DENABLE_CROSS_PRODUCT_REWRITE=0 -DENABLE_DEBUG_PRINT=0 -DENABLE_MEASURE_EXE_TIME=0 -DENABLE_MERGE_BACK_PLAN=0 -DENABLE_PARALLEL_EXECUTION=0 -DENABLE_QUERY_SPLIT=1 -DENABLE_SPECIFY_EST_STAT=0 -I/home/pei/Project/duckdb-polr/src/include -I/home/pei/Project/duckdb-polr/third_party/fsst -I/home/pei/Project/duckdb-polr/third_party/fmt/include -I/home/pei/Project/duckdb-polr/third_party/hyperloglog -I/home/pei/Project/duckdb-polr/third_party/fastpforlib -I/home/pei/Project/duckdb-polr/third_party/fast_float -I/home/pei/Project/duckdb-polr/third_party/re2 -I/home/pei/Project/duckdb-polr/third_party/miniz -I/home/pei/Project/duckdb-polr/third_party/utf8proc/include -I/home/pei/Project/duckdb-polr/third_party/miniparquet -I/home/pei/Project/duckdb-polr/third_party/concurrentqueue -I/home/pei/Project/duckdb-polr/third_party/pcg -I/home/pei/Project/duckdb-polr/third_party/tdigest -I/home/pei/Project/duckdb-polr/third_party/mbedtls/include -I/home/pei/Project/duckdb-polr/third_party/jaro_winkler -I/home/pei/Project/duckdb-polr/extension/parquet/include -I/home/pei/Project/duckdb-polr/extension/parquet/../../third_party/parquet -I/home/pei/Project/duckdb-polr/extension/parquet/../../third_party/snappy -I/home/pei/Project/duckdb-polr/extension/parquet/../../third_party/miniz -I/home/pei/Project/duckdb-polr/extension/parquet/../../third_party/thrift -I/home/pei/Project/duckdb-polr/extension/parquet/../../third_party/zstd/include -O3 -DNDEBUG -O3 -DNDEBUG   -fPIC -fdiagnostics-color=always -std=c++11 -MD -MT extension/parquet/CMakeFiles/parquet_loadable_extension.dir/parquet_timestamp.cpp.o -MF extension/parquet/CMakeFiles/parquet_loadable_extension.dir/parquet_timestamp.cpp.o.d -o extension/parquet/CMakeFiles/parquet_loadable_extension.dir/parquet_timestamp.cpp.o -c /home/pei/Project/duckdb-polr/extension/parquet/parquet_timestamp.cpp
[171/376] /usr/bin/ccache /usr/lib/ccache/c++ -DDUCKDB_BUILD_LIBRARY -DDUCKDB_BUILD_LOADABLE_EXTENSION -DENABLE_CROSS_PRODUCT_REWRITE=0 -DENABLE_DEBUG_PRINT=0 -DENABLE_MEASURE_EXE_TIME=0 -DENABLE_MERGE_BACK_PLAN=0 -DENABLE_PARALLEL_EXECUTION=0 -DENABLE_QUERY_SPLIT=1 -DENABLE_SPECIFY_EST_STAT=0 -I/home/pei/Project/duckdb-polr/src/include -I/home/pei/Project/duckdb-polr/third_party/fsst -I/home/pei/Project/duckdb-polr/third_party/fmt/include -I/home/pei/Project/duckdb-polr/third_party/hyperloglog -I/home/pei/Project/duckdb-polr/third_party/fastpforlib -I/home/pei/Project/duckdb-polr/third_party/fast_float -I/home/pei/Project/duckdb-polr/third_party/re2 -I/home/pei/Project/duckdb-polr/third_party/miniz -I/home/pei/Project/duckdb-polr/third_party/utf8proc/include -I/home/pei/Project/duckdb-polr/third_party/miniparquet -I/home/pei/Project/duckdb-polr/third_party/concurrentqueue -I/home/pei/Project/duckdb-polr/third_party/pcg -I/home/pei/Project/duckdb-polr/third_party/tdigest -I/home/pei/Project/duckdb-polr/third_party/mbedtls/include -I/home/pei/Project/duckdb-polr/third_party/jaro_winkler -I/home/pei/Project/duckdb-polr/extension/parquet/include -I/home/pei/Project/duckdb-polr/extension/parquet/../../third_party/parquet -I/home/pei/Project/duckdb-polr/extension/parquet/../../third_party/snappy -I/home/pei/Project/duckdb-polr/extension/parquet/../../third_party/miniz -I/home/pei/Project/duckdb-polr/extension/parquet/../../third_party/thrift -I/home/pei/Project/duckdb-polr/extension/parquet/../../third_party/zstd/include -O3 -DNDEBUG -O3 -DNDEBUG   -fPIC -fdiagnostics-color=always -std=c++11 -MD -MT extension/parquet/CMakeFiles/parquet_loadable_extension.dir/column_writer.cpp.o -MF extension/parquet/CMakeFiles/parquet_loadable_extension.dir/column_writer.cpp.o.d -o extension/parquet/CMakeFiles/parquet_loadable_extension.dir/column_writer.cpp.o -c /home/pei/Project/duckdb-polr/extension/parquet/column_writer.cpp
[172/376] /usr/bin/ccache /usr/lib/ccache/c++ -DDUCKDB_BUILD_LIBRARY -DDUCKDB_BUILD_LOADABLE_EXTENSION -DENABLE_CROSS_PRODUCT_REWRITE=0 -DENABLE_DEBUG_PRINT=0 -DENABLE_MEASURE_EXE_TIME=0 -DENABLE_MERGE_BACK_PLAN=0 -DENABLE_PARALLEL_EXECUTION=0 -DENABLE_QUERY_SPLIT=1 -DENABLE_SPECIFY_EST_STAT=0 -I/home/pei/Project/duckdb-polr/src/include -I/home/pei/Project/duckdb-polr/third_party/fsst -I/home/pei/Project/duckdb-polr/third_party/fmt/include -I/home/pei/Project/duckdb-polr/third_party/hyperloglog -I/home/pei/Project/duckdb-polr/third_party/fastpforlib -I/home/pei/Project/duckdb-polr/third_party/fast_float -I/home/pei/Project/duckdb-polr/third_party/re2 -I/home/pei/Project/duckdb-polr/third_party/miniz -I/home/pei/Project/duckdb-polr/third_party/utf8proc/include -I/home/pei/Project/duckdb-polr/third_party/miniparquet -I/home/pei/Project/duckdb-polr/third_party/concurrentqueue -I/home/pei/Project/duckdb-polr/third_party/pcg -I/home/pei/Project/duckdb-polr/third_party/tdigest -I/home/pei/Project/duckdb-polr/third_party/mbedtls/include -I/home/pei/Project/duckdb-polr/third_party/jaro_winkler -I/home/pei/Project/duckdb-polr/extension/parquet/include -I/home/pei/Project/duckdb-polr/extension/parquet/../../third_party/parquet -I/home/pei/Project/duckdb-polr/extension/parquet/../../third_party/snappy -I/home/pei/Project/duckdb-polr/extension/parquet/../../third_party/miniz -I/home/pei/Project/duckdb-polr/extension/parquet/../../third_party/thrift -I/home/pei/Project/duckdb-polr/extension/parquet/../../third_party/zstd/include -O3 -DNDEBUG -O3 -DNDEBUG   -fPIC -fdiagnostics-color=always -std=c++11 -MD -MT extension/parquet/CMakeFiles/parquet_loadable_extension.dir/zstd_file_system.cpp.o -MF extension/parquet/CMakeFiles/parquet_loadable_extension.dir/zstd_file_system.cpp.o.d -o extension/parquet/CMakeFiles/parquet_loadable_extension.dir/zstd_file_system.cpp.o -c /home/pei/Project/duckdb-polr/extension/parquet/zstd_file_system.cpp
[173/376] /usr/bin/ccache /usr/lib/ccache/c++ -DDUCKDB_BUILD_LIBRARY -DDUCKDB_BUILD_LOADABLE_EXTENSION -DENABLE_CROSS_PRODUCT_REWRITE=0 -DENABLE_DEBUG_PRINT=0 -DENABLE_MEASURE_EXE_TIME=0 -DENABLE_MERGE_BACK_PLAN=0 -DENABLE_PARALLEL_EXECUTION=0 -DENABLE_QUERY_SPLIT=1 -DENABLE_SPECIFY_EST_STAT=0 -I/home/pei/Project/duckdb-polr/src/include -I/home/pei/Project/duckdb-polr/third_party/fsst -I/home/pei/Project/duckdb-polr/third_party/fmt/include -I/home/pei/Project/duckdb-polr/third_party/hyperloglog -I/home/pei/Project/duckdb-polr/third_party/fastpforlib -I/home/pei/Project/duckdb-polr/third_party/fast_float -I/home/pei/Project/duckdb-polr/third_party/re2 -I/home/pei/Project/duckdb-polr/third_party/miniz -I/home/pei/Project/duckdb-polr/third_party/utf8proc/include -I/home/pei/Project/duckdb-polr/third_party/miniparquet -I/home/pei/Project/duckdb-polr/third_party/concurrentqueue -I/home/pei/Project/duckdb-polr/third_party/pcg -I/home/pei/Project/duckdb-polr/third_party/tdigest -I/home/pei/Project/duckdb-polr/third_party/mbedtls/include -I/home/pei/Project/duckdb-polr/third_party/jaro_winkler -I/home/pei/Project/duckdb-polr/extension/parquet/include -I/home/pei/Project/duckdb-polr/extension/parquet/../../third_party/parquet -I/home/pei/Project/duckdb-polr/extension/parquet/../../third_party/snappy -I/home/pei/Project/duckdb-polr/extension/parquet/../../third_party/miniz -I/home/pei/Project/duckdb-polr/extension/parquet/../../third_party/thrift -I/home/pei/Project/duckdb-polr/extension/parquet/../../third_party/zstd/include -O3 -DNDEBUG -O3 -DNDEBUG   -fPIC -fdiagnostics-color=always -std=c++11 -MD -MT extension/parquet/CMakeFiles/parquet_loadable_extension.dir/__/__/third_party/thrift/thrift/protocol/TProtocol.cpp.o -MF extension/parquet/CMakeFiles/parquet_loadable_extension.dir/__/__/third_party/thrift/thrift/protocol/TProtocol.cpp.o.d -o extension/parquet/CMakeFiles/parquet_loadable_extension.dir/__/__/third_party/thrift/thrift/protocol/TProtocol.cpp.o -c /home/pei/Project/duckdb-polr/third_party/thrift/thrift/protocol/TProtocol.cpp
[174/376] /usr/bin/ccache /usr/lib/ccache/c++ -DDUCKDB_BUILD_LIBRARY -DDUCKDB_BUILD_LOADABLE_EXTENSION -DENABLE_CROSS_PRODUCT_REWRITE=0 -DENABLE_DEBUG_PRINT=0 -DENABLE_MEASURE_EXE_TIME=0 -DENABLE_MERGE_BACK_PLAN=0 -DENABLE_PARALLEL_EXECUTION=0 -DENABLE_QUERY_SPLIT=1 -DENABLE_SPECIFY_EST_STAT=0 -I/home/pei/Project/duckdb-polr/src/include -I/home/pei/Project/duckdb-polr/third_party/fsst -I/home/pei/Project/duckdb-polr/third_party/fmt/include -I/home/pei/Project/duckdb-polr/third_party/hyperloglog -I/home/pei/Project/duckdb-polr/third_party/fastpforlib -I/home/pei/Project/duckdb-polr/third_party/fast_float -I/home/pei/Project/duckdb-polr/third_party/re2 -I/home/pei/Project/duckdb-polr/third_party/miniz -I/home/pei/Project/duckdb-polr/third_party/utf8proc/include -I/home/pei/Project/duckdb-polr/third_party/miniparquet -I/home/pei/Project/duckdb-polr/third_party/concurrentqueue -I/home/pei/Project/duckdb-polr/third_party/pcg -I/home/pei/Project/duckdb-polr/third_party/tdigest -I/home/pei/Project/duckdb-polr/third_party/mbedtls/include -I/home/pei/Project/duckdb-polr/third_party/jaro_winkler -I/home/pei/Project/duckdb-polr/extension/parquet/include -I/home/pei/Project/duckdb-polr/extension/parquet/../../third_party/parquet -I/home/pei/Project/duckdb-polr/extension/parquet/../../third_party/snappy -I/home/pei/Project/duckdb-polr/extension/parquet/../../third_party/miniz -I/home/pei/Project/duckdb-polr/extension/parquet/../../third_party/thrift -I/home/pei/Project/duckdb-polr/extension/parquet/../../third_party/zstd/include -O3 -DNDEBUG -O3 -DNDEBUG   -fPIC -fdiagnostics-color=always -std=c++11 -MD -MT extension/parquet/CMakeFiles/parquet_loadable_extension.dir/__/__/third_party/parquet/parquet_types.cpp.o -MF extension/parquet/CMakeFiles/parquet_loadable_extension.dir/__/__/third_party/parquet/parquet_types.cpp.o.d -o extension/parquet/CMakeFiles/parquet_loadable_extension.dir/__/__/third_party/parquet/parquet_types.cpp.o -c /home/pei/Project/duckdb-polr/third_party/parquet/parquet_types.cpp
[175/376] /usr/bin/ccache /usr/lib/ccache/c++ -DDUCKDB_BUILD_LIBRARY -DDUCKDB_BUILD_LOADABLE_EXTENSION -DENABLE_CROSS_PRODUCT_REWRITE=0 -DENABLE_DEBUG_PRINT=0 -DENABLE_MEASURE_EXE_TIME=0 -DENABLE_MERGE_BACK_PLAN=0 -DENABLE_PARALLEL_EXECUTION=0 -DENABLE_QUERY_SPLIT=1 -DENABLE_SPECIFY_EST_STAT=0 -I/home/pei/Project/duckdb-polr/src/include -I/home/pei/Project/duckdb-polr/third_party/fsst -I/home/pei/Project/duckdb-polr/third_party/fmt/include -I/home/pei/Project/duckdb-polr/third_party/hyperloglog -I/home/pei/Project/duckdb-polr/third_party/fastpforlib -I/home/pei/Project/duckdb-polr/third_party/fast_float -I/home/pei/Project/duckdb-polr/third_party/re2 -I/home/pei/Project/duckdb-polr/third_party/miniz -I/home/pei/Project/duckdb-polr/third_party/utf8proc/include -I/home/pei/Project/duckdb-polr/third_party/miniparquet -I/home/pei/Project/duckdb-polr/third_party/concurrentqueue -I/home/pei/Project/duckdb-polr/third_party/pcg -I/home/pei/Project/duckdb-polr/third_party/tdigest -I/home/pei/Project/duckdb-polr/third_party/mbedtls/include -I/home/pei/Project/duckdb-polr/third_party/jaro_winkler -I/home/pei/Project/duckdb-polr/extension/parquet/include -I/home/pei/Project/duckdb-polr/extension/parquet/../../third_party/parquet -I/home/pei/Project/duckdb-polr/extension/parquet/../../third_party/snappy -I/home/pei/Project/duckdb-polr/extension/parquet/../../third_party/miniz -I/home/pei/Project/duckdb-polr/extension/parquet/../../third_party/thrift -I/home/pei/Project/duckdb-polr/extension/parquet/../../third_party/zstd/include -O3 -DNDEBUG -O3 -DNDEBUG   -fPIC -fdiagnostics-color=always -std=c++11 -MD -MT extension/parquet/CMakeFiles/parquet_loadable_extension.dir/parquet_writer.cpp.o -MF extension/parquet/CMakeFiles/parquet_loadable_extension.dir/parquet_writer.cpp.o.d -o extension/parquet/CMakeFiles/parquet_loadable_extension.dir/parquet_writer.cpp.o -c /home/pei/Project/duckdb-polr/extension/parquet/parquet_writer.cpp
[176/376] /usr/bin/ccache /usr/lib/ccache/c++ -DDUCKDB_BUILD_LIBRARY -DDUCKDB_BUILD_LOADABLE_EXTENSION -DENABLE_CROSS_PRODUCT_REWRITE=0 -DENABLE_DEBUG_PRINT=0 -DENABLE_MEASURE_EXE_TIME=0 -DENABLE_MERGE_BACK_PLAN=0 -DENABLE_PARALLEL_EXECUTION=0 -DENABLE_QUERY_SPLIT=1 -DENABLE_SPECIFY_EST_STAT=0 -I/home/pei/Project/duckdb-polr/src/include -I/home/pei/Project/duckdb-polr/third_party/fsst -I/home/pei/Project/duckdb-polr/third_party/fmt/include -I/home/pei/Project/duckdb-polr/third_party/hyperloglog -I/home/pei/Project/duckdb-polr/third_party/fastpforlib -I/home/pei/Project/duckdb-polr/third_party/fast_float -I/home/pei/Project/duckdb-polr/third_party/re2 -I/home/pei/Project/duckdb-polr/third_party/miniz -I/home/pei/Project/duckdb-polr/third_party/utf8proc/include -I/home/pei/Project/duckdb-polr/third_party/miniparquet -I/home/pei/Project/duckdb-polr/third_party/concurrentqueue -I/home/pei/Project/duckdb-polr/third_party/pcg -I/home/pei/Project/duckdb-polr/third_party/tdigest -I/home/pei/Project/duckdb-polr/third_party/mbedtls/include -I/home/pei/Project/duckdb-polr/third_party/jaro_winkler -I/home/pei/Project/duckdb-polr/extension/parquet/include -I/home/pei/Project/duckdb-polr/extension/parquet/../../third_party/parquet -I/home/pei/Project/duckdb-polr/extension/parquet/../../third_party/snappy -I/home/pei/Project/duckdb-polr/extension/parquet/../../third_party/miniz -I/home/pei/Project/duckdb-polr/extension/parquet/../../third_party/thrift -I/home/pei/Project/duckdb-polr/extension/parquet/../../third_party/zstd/include -O3 -DNDEBUG -O3 -DNDEBUG   -fPIC -fdiagnostics-color=always -std=c++11 -MD -MT extension/parquet/CMakeFiles/parquet_loadable_extension.dir/__/__/third_party/zstd/decompress/huf_decompress.cpp.o -MF extension/parquet/CMakeFiles/parquet_loadable_extension.dir/__/__/third_party/zstd/decompress/huf_decompress.cpp.o.d -o extension/parquet/CMakeFiles/parquet_loadable_extension.dir/__/__/third_party/zstd/decompress/huf_decompress.cpp.o -c /home/pei/Project/duckdb-polr/third_party/zstd/decompress/huf_decompress.cpp
[177/376] /usr/bin/ccache /usr/lib/ccache/c++ -DDUCKDB_BUILD_LIBRARY -DDUCKDB_BUILD_LOADABLE_EXTENSION -DENABLE_CROSS_PRODUCT_REWRITE=0 -DENABLE_DEBUG_PRINT=0 -DENABLE_MEASURE_EXE_TIME=0 -DENABLE_MERGE_BACK_PLAN=0 -DENABLE_PARALLEL_EXECUTION=0 -DENABLE_QUERY_SPLIT=1 -DENABLE_SPECIFY_EST_STAT=0 -I/home/pei/Project/duckdb-polr/src/include -I/home/pei/Project/duckdb-polr/third_party/fsst -I/home/pei/Project/duckdb-polr/third_party/fmt/include -I/home/pei/Project/duckdb-polr/third_party/hyperloglog -I/home/pei/Project/duckdb-polr/third_party/fastpforlib -I/home/pei/Project/duckdb-polr/third_party/fast_float -I/home/pei/Project/duckdb-polr/third_party/re2 -I/home/pei/Project/duckdb-polr/third_party/miniz -I/home/pei/Project/duckdb-polr/third_party/utf8proc/include -I/home/pei/Project/duckdb-polr/third_party/miniparquet -I/home/pei/Project/duckdb-polr/third_party/concurrentqueue -I/home/pei/Project/duckdb-polr/third_party/pcg -I/home/pei/Project/duckdb-polr/third_party/tdigest -I/home/pei/Project/duckdb-polr/third_party/mbedtls/include -I/home/pei/Project/duckdb-polr/third_party/jaro_winkler -I/home/pei/Project/duckdb-polr/extension/parquet/include -I/home/pei/Project/duckdb-polr/extension/parquet/../../third_party/parquet -I/home/pei/Project/duckdb-polr/extension/parquet/../../third_party/snappy -I/home/pei/Project/duckdb-polr/extension/parquet/../../third_party/miniz -I/home/pei/Project/duckdb-polr/extension/parquet/../../third_party/thrift -I/home/pei/Project/duckdb-polr/extension/parquet/../../third_party/zstd/include -O3 -DNDEBUG -O3 -DNDEBUG   -fPIC -fdiagnostics-color=always -std=c++11 -MD -MT extension/parquet/CMakeFiles/parquet_loadable_extension.dir/__/__/third_party/zstd/decompress/zstd_decompress.cpp.o -MF extension/parquet/CMakeFiles/parquet_loadable_extension.dir/__/__/third_party/zstd/decompress/zstd_decompress.cpp.o.d -o extension/parquet/CMakeFiles/parquet_loadable_extension.dir/__/__/third_party/zstd/decompress/zstd_decompress.cpp.o -c /home/pei/Project/duckdb-polr/third_party/zstd/decompress/zstd_decompress.cpp
[178/376] /usr/bin/ccache /usr/lib/ccache/c++ -DDUCKDB_BUILD_LIBRARY -DDUCKDB_BUILD_LOADABLE_EXTENSION -DENABLE_CROSS_PRODUCT_REWRITE=0 -DENABLE_DEBUG_PRINT=0 -DENABLE_MEASURE_EXE_TIME=0 -DENABLE_MERGE_BACK_PLAN=0 -DENABLE_PARALLEL_EXECUTION=0 -DENABLE_QUERY_SPLIT=1 -DENABLE_SPECIFY_EST_STAT=0 -I/home/pei/Project/duckdb-polr/src/include -I/home/pei/Project/duckdb-polr/third_party/fsst -I/home/pei/Project/duckdb-polr/third_party/fmt/include -I/home/pei/Project/duckdb-polr/third_party/hyperloglog -I/home/pei/Project/duckdb-polr/third_party/fastpforlib -I/home/pei/Project/duckdb-polr/third_party/fast_float -I/home/pei/Project/duckdb-polr/third_party/re2 -I/home/pei/Project/duckdb-polr/third_party/miniz -I/home/pei/Project/duckdb-polr/third_party/utf8proc/include -I/home/pei/Project/duckdb-polr/third_party/miniparquet -I/home/pei/Project/duckdb-polr/third_party/concurrentqueue -I/home/pei/Project/duckdb-polr/third_party/pcg -I/home/pei/Project/duckdb-polr/third_party/tdigest -I/home/pei/Project/duckdb-polr/third_party/mbedtls/include -I/home/pei/Project/duckdb-polr/third_party/jaro_winkler -I/home/pei/Project/duckdb-polr/extension/parquet/include -I/home/pei/Project/duckdb-polr/extension/parquet/../../third_party/parquet -I/home/pei/Project/duckdb-polr/extension/parquet/../../third_party/snappy -I/home/pei/Project/duckdb-polr/extension/parquet/../../third_party/miniz -I/home/pei/Project/duckdb-polr/extension/parquet/../../third_party/thrift -I/home/pei/Project/duckdb-polr/extension/parquet/../../third_party/zstd/include -O3 -DNDEBUG -O3 -DNDEBUG   -fPIC -fdiagnostics-color=always -std=c++11 -MD -MT extension/parquet/CMakeFiles/parquet_loadable_extension.dir/__/__/third_party/snappy/snappy-sinksource.cc.o -MF extension/parquet/CMakeFiles/parquet_loadable_extension.dir/__/__/third_party/snappy/snappy-sinksource.cc.o.d -o extension/parquet/CMakeFiles/parquet_loadable_extension.dir/__/__/third_party/snappy/snappy-sinksource.cc.o -c /home/pei/Project/duckdb-polr/third_party/snappy/snappy-sinksource.cc
[179/376] /usr/bin/ccache /usr/lib/ccache/c++ -DDUCKDB_BUILD_LIBRARY -DDUCKDB_BUILD_LOADABLE_EXTENSION -DENABLE_CROSS_PRODUCT_REWRITE=0 -DENABLE_DEBUG_PRINT=0 -DENABLE_MEASURE_EXE_TIME=0 -DENABLE_MERGE_BACK_PLAN=0 -DENABLE_PARALLEL_EXECUTION=0 -DENABLE_QUERY_SPLIT=1 -DENABLE_SPECIFY_EST_STAT=0 -I/home/pei/Project/duckdb-polr/src/include -I/home/pei/Project/duckdb-polr/third_party/fsst -I/home/pei/Project/duckdb-polr/third_party/fmt/include -I/home/pei/Project/duckdb-polr/third_party/hyperloglog -I/home/pei/Project/duckdb-polr/third_party/fastpforlib -I/home/pei/Project/duckdb-polr/third_party/fast_float -I/home/pei/Project/duckdb-polr/third_party/re2 -I/home/pei/Project/duckdb-polr/third_party/miniz -I/home/pei/Project/duckdb-polr/third_party/utf8proc/include -I/home/pei/Project/duckdb-polr/third_party/miniparquet -I/home/pei/Project/duckdb-polr/third_party/concurrentqueue -I/home/pei/Project/duckdb-polr/third_party/pcg -I/home/pei/Project/duckdb-polr/third_party/tdigest -I/home/pei/Project/duckdb-polr/third_party/mbedtls/include -I/home/pei/Project/duckdb-polr/third_party/jaro_winkler -I/home/pei/Project/duckdb-polr/extension/parquet/include -I/home/pei/Project/duckdb-polr/extension/parquet/../../third_party/parquet -I/home/pei/Project/duckdb-polr/extension/parquet/../../third_party/snappy -I/home/pei/Project/duckdb-polr/extension/parquet/../../third_party/miniz -I/home/pei/Project/duckdb-polr/extension/parquet/../../third_party/thrift -I/home/pei/Project/duckdb-polr/extension/parquet/../../third_party/zstd/include -O3 -DNDEBUG -O3 -DNDEBUG   -fPIC -fdiagnostics-color=always -std=c++11 -MD -MT extension/parquet/CMakeFiles/parquet_loadable_extension.dir/column_reader.cpp.o -MF extension/parquet/CMakeFiles/parquet_loadable_extension.dir/column_reader.cpp.o.d -o extension/parquet/CMakeFiles/parquet_loadable_extension.dir/column_reader.cpp.o -c /home/pei/Project/duckdb-polr/extension/parquet/column_reader.cpp
[180/376] /usr/bin/ccache /usr/lib/ccache/c++ -DDUCKDB_BUILD_LIBRARY -DDUCKDB_BUILD_LOADABLE_EXTENSION -DENABLE_CROSS_PRODUCT_REWRITE=0 -DENABLE_DEBUG_PRINT=0 -DENABLE_MEASURE_EXE_TIME=0 -DENABLE_MERGE_BACK_PLAN=0 -DENABLE_PARALLEL_EXECUTION=0 -DENABLE_QUERY_SPLIT=1 -DENABLE_SPECIFY_EST_STAT=0 -I/home/pei/Project/duckdb-polr/src/include -I/home/pei/Project/duckdb-polr/third_party/fsst -I/home/pei/Project/duckdb-polr/third_party/fmt/include -I/home/pei/Project/duckdb-polr/third_party/hyperloglog -I/home/pei/Project/duckdb-polr/third_party/fastpforlib -I/home/pei/Project/duckdb-polr/third_party/fast_float -I/home/pei/Project/duckdb-polr/third_party/re2 -I/home/pei/Project/duckdb-polr/third_party/miniz -I/home/pei/Project/duckdb-polr/third_party/utf8proc/include -I/home/pei/Project/duckdb-polr/third_party/miniparquet -I/home/pei/Project/duckdb-polr/third_party/concurrentqueue -I/home/pei/Project/duckdb-polr/third_party/pcg -I/home/pei/Project/duckdb-polr/third_party/tdigest -I/home/pei/Project/duckdb-polr/third_party/mbedtls/include -I/home/pei/Project/duckdb-polr/third_party/jaro_winkler -I/home/pei/Project/duckdb-polr/extension/parquet/include -I/home/pei/Project/duckdb-polr/extension/parquet/../../third_party/parquet -I/home/pei/Project/duckdb-polr/extension/parquet/../../third_party/snappy -I/home/pei/Project/duckdb-polr/extension/parquet/../../third_party/miniz -I/home/pei/Project/duckdb-polr/extension/parquet/../../third_party/thrift -I/home/pei/Project/duckdb-polr/extension/parquet/../../third_party/zstd/include -O3 -DNDEBUG -O3 -DNDEBUG   -fPIC -fdiagnostics-color=always -std=c++11 -MD -MT extension/parquet/CMakeFiles/parquet_loadable_extension.dir/parquet_statistics.cpp.o -MF extension/parquet/CMakeFiles/parquet_loadable_extension.dir/parquet_statistics.cpp.o.d -o extension/parquet/CMakeFiles/parquet_loadable_extension.dir/parquet_statistics.cpp.o -c /home/pei/Project/duckdb-polr/extension/parquet/parquet_statistics.cpp
[181/376] /usr/bin/ccache /usr/lib/ccache/c++ -DDUCKDB_BUILD_LIBRARY -DDUCKDB_BUILD_LOADABLE_EXTENSION -DENABLE_CROSS_PRODUCT_REWRITE=0 -DENABLE_DEBUG_PRINT=0 -DENABLE_MEASURE_EXE_TIME=0 -DENABLE_MERGE_BACK_PLAN=0 -DENABLE_PARALLEL_EXECUTION=0 -DENABLE_QUERY_SPLIT=1 -DENABLE_SPECIFY_EST_STAT=0 -I/home/pei/Project/duckdb-polr/src/include -I/home/pei/Project/duckdb-polr/third_party/fsst -I/home/pei/Project/duckdb-polr/third_party/fmt/include -I/home/pei/Project/duckdb-polr/third_party/hyperloglog -I/home/pei/Project/duckdb-polr/third_party/fastpforlib -I/home/pei/Project/duckdb-polr/third_party/fast_float -I/home/pei/Project/duckdb-polr/third_party/re2 -I/home/pei/Project/duckdb-polr/third_party/miniz -I/home/pei/Project/duckdb-polr/third_party/utf8proc/include -I/home/pei/Project/duckdb-polr/third_party/miniparquet -I/home/pei/Project/duckdb-polr/third_party/concurrentqueue -I/home/pei/Project/duckdb-polr/third_party/pcg -I/home/pei/Project/duckdb-polr/third_party/tdigest -I/home/pei/Project/duckdb-polr/third_party/mbedtls/include -I/home/pei/Project/duckdb-polr/third_party/jaro_winkler -I/home/pei/Project/duckdb-polr/extension/parquet/include -I/home/pei/Project/duckdb-polr/extension/parquet/../../third_party/parquet -I/home/pei/Project/duckdb-polr/extension/parquet/../../third_party/snappy -I/home/pei/Project/duckdb-polr/extension/parquet/../../third_party/miniz -I/home/pei/Project/duckdb-polr/extension/parquet/../../third_party/thrift -I/home/pei/Project/duckdb-polr/extension/parquet/../../third_party/zstd/include -O3 -DNDEBUG -O3 -DNDEBUG   -fPIC -fdiagnostics-color=always -std=c++11 -MD -MT extension/parquet/CMakeFiles/parquet_loadable_extension.dir/__/__/third_party/zstd/common/entropy_common.cpp.o -MF extension/parquet/CMakeFiles/parquet_loadable_extension.dir/__/__/third_party/zstd/common/entropy_common.cpp.o.d -o extension/parquet/CMakeFiles/parquet_loadable_extension.dir/__/__/third_party/zstd/common/entropy_common.cpp.o -c /home/pei/Project/duckdb-polr/third_party/zstd/common/entropy_common.cpp
[182/376] /usr/bin/ccache /usr/lib/ccache/c++ -DDUCKDB_BUILD_LIBRARY -DDUCKDB_BUILD_LOADABLE_EXTENSION -DENABLE_CROSS_PRODUCT_REWRITE=0 -DENABLE_DEBUG_PRINT=0 -DENABLE_MEASURE_EXE_TIME=0 -DENABLE_MERGE_BACK_PLAN=0 -DENABLE_PARALLEL_EXECUTION=0 -DENABLE_QUERY_SPLIT=1 -DENABLE_SPECIFY_EST_STAT=0 -I/home/pei/Project/duckdb-polr/src/include -I/home/pei/Project/duckdb-polr/third_party/fsst -I/home/pei/Project/duckdb-polr/third_party/fmt/include -I/home/pei/Project/duckdb-polr/third_party/hyperloglog -I/home/pei/Project/duckdb-polr/third_party/fastpforlib -I/home/pei/Project/duckdb-polr/third_party/fast_float -I/home/pei/Project/duckdb-polr/third_party/re2 -I/home/pei/Project/duckdb-polr/third_party/miniz -I/home/pei/Project/duckdb-polr/third_party/utf8proc/include -I/home/pei/Project/duckdb-polr/third_party/miniparquet -I/home/pei/Project/duckdb-polr/third_party/concurrentqueue -I/home/pei/Project/duckdb-polr/third_party/pcg -I/home/pei/Project/duckdb-polr/third_party/tdigest -I/home/pei/Project/duckdb-polr/third_party/mbedtls/include -I/home/pei/Project/duckdb-polr/third_party/jaro_winkler -I/home/pei/Project/duckdb-polr/extension/parquet/include -I/home/pei/Project/duckdb-polr/extension/parquet/../../third_party/parquet -I/home/pei/Project/duckdb-polr/extension/parquet/../../third_party/snappy -I/home/pei/Project/duckdb-polr/extension/parquet/../../third_party/miniz -I/home/pei/Project/duckdb-polr/extension/parquet/../../third_party/thrift -I/home/pei/Project/duckdb-polr/extension/parquet/../../third_party/zstd/include -O3 -DNDEBUG -O3 -DNDEBUG   -fPIC -fdiagnostics-color=always -std=c++11 -MD -MT extension/parquet/CMakeFiles/parquet_loadable_extension.dir/__/__/third_party/zstd/decompress/zstd_ddict.cpp.o -MF extension/parquet/CMakeFiles/parquet_loadable_extension.dir/__/__/third_party/zstd/decompress/zstd_ddict.cpp.o.d -o extension/parquet/CMakeFiles/parquet_loadable_extension.dir/__/__/third_party/zstd/decompress/zstd_ddict.cpp.o -c /home/pei/Project/duckdb-polr/third_party/zstd/decompress/zstd_ddict.cpp
[183/376] /usr/bin/ccache /usr/lib/ccache/c++ -DDUCKDB_BUILD_LIBRARY -DDUCKDB_BUILD_LOADABLE_EXTENSION -DENABLE_CROSS_PRODUCT_REWRITE=0 -DENABLE_DEBUG_PRINT=0 -DENABLE_MEASURE_EXE_TIME=0 -DENABLE_MERGE_BACK_PLAN=0 -DENABLE_PARALLEL_EXECUTION=0 -DENABLE_QUERY_SPLIT=1 -DENABLE_SPECIFY_EST_STAT=0 -I/home/pei/Project/duckdb-polr/src/include -I/home/pei/Project/duckdb-polr/third_party/fsst -I/home/pei/Project/duckdb-polr/third_party/fmt/include -I/home/pei/Project/duckdb-polr/third_party/hyperloglog -I/home/pei/Project/duckdb-polr/third_party/fastpforlib -I/home/pei/Project/duckdb-polr/third_party/fast_float -I/home/pei/Project/duckdb-polr/third_party/re2 -I/home/pei/Project/duckdb-polr/third_party/miniz -I/home/pei/Project/duckdb-polr/third_party/utf8proc/include -I/home/pei/Project/duckdb-polr/third_party/miniparquet -I/home/pei/Project/duckdb-polr/third_party/concurrentqueue -I/home/pei/Project/duckdb-polr/third_party/pcg -I/home/pei/Project/duckdb-polr/third_party/tdigest -I/home/pei/Project/duckdb-polr/third_party/mbedtls/include -I/home/pei/Project/duckdb-polr/third_party/jaro_winkler -I/home/pei/Project/duckdb-polr/extension/parquet/include -I/home/pei/Project/duckdb-polr/extension/parquet/../../third_party/parquet -I/home/pei/Project/duckdb-polr/extension/parquet/../../third_party/snappy -I/home/pei/Project/duckdb-polr/extension/parquet/../../third_party/miniz -I/home/pei/Project/duckdb-polr/extension/parquet/../../third_party/thrift -I/home/pei/Project/duckdb-polr/extension/parquet/../../third_party/zstd/include -O3 -DNDEBUG -O3 -DNDEBUG   -fPIC -fdiagnostics-color=always -std=c++11 -MD -MT extension/parquet/CMakeFiles/parquet_loadable_extension.dir/parquet_metadata.cpp.o -MF extension/parquet/CMakeFiles/parquet_loadable_extension.dir/parquet_metadata.cpp.o.d -o extension/parquet/CMakeFiles/parquet_loadable_extension.dir/parquet_metadata.cpp.o -c /home/pei/Project/duckdb-polr/extension/parquet/parquet_metadata.cpp
[184/376] /usr/bin/ccache /usr/lib/ccache/c++ -DDUCKDB_BUILD_LIBRARY -DDUCKDB_BUILD_LOADABLE_EXTENSION -DENABLE_CROSS_PRODUCT_REWRITE=0 -DENABLE_DEBUG_PRINT=0 -DENABLE_MEASURE_EXE_TIME=0 -DENABLE_MERGE_BACK_PLAN=0 -DENABLE_PARALLEL_EXECUTION=0 -DENABLE_QUERY_SPLIT=1 -DENABLE_SPECIFY_EST_STAT=0 -I/home/pei/Project/duckdb-polr/src/include -I/home/pei/Project/duckdb-polr/third_party/fsst -I/home/pei/Project/duckdb-polr/third_party/fmt/include -I/home/pei/Project/duckdb-polr/third_party/hyperloglog -I/home/pei/Project/duckdb-polr/third_party/fastpforlib -I/home/pei/Project/duckdb-polr/third_party/fast_float -I/home/pei/Project/duckdb-polr/third_party/re2 -I/home/pei/Project/duckdb-polr/third_party/miniz -I/home/pei/Project/duckdb-polr/third_party/utf8proc/include -I/home/pei/Project/duckdb-polr/third_party/miniparquet -I/home/pei/Project/duckdb-polr/third_party/concurrentqueue -I/home/pei/Project/duckdb-polr/third_party/pcg -I/home/pei/Project/duckdb-polr/third_party/tdigest -I/home/pei/Project/duckdb-polr/third_party/mbedtls/include -I/home/pei/Project/duckdb-polr/third_party/jaro_winkler -I/home/pei/Project/duckdb-polr/extension/parquet/include -I/home/pei/Project/duckdb-polr/extension/parquet/../../third_party/parquet -I/home/pei/Project/duckdb-polr/extension/parquet/../../third_party/snappy -I/home/pei/Project/duckdb-polr/extension/parquet/../../third_party/miniz -I/home/pei/Project/duckdb-polr/extension/parquet/../../third_party/thrift -I/home/pei/Project/duckdb-polr/extension/parquet/../../third_party/zstd/include -O3 -DNDEBUG -O3 -DNDEBUG   -fPIC -fdiagnostics-color=always -std=c++11 -MD -MT extension/parquet/CMakeFiles/parquet_loadable_extension.dir/__/__/third_party/zstd/decompress/zstd_decompress_block.cpp.o -MF extension/parquet/CMakeFiles/parquet_loadable_extension.dir/__/__/third_party/zstd/decompress/zstd_decompress_block.cpp.o.d -o extension/parquet/CMakeFiles/parquet_loadable_extension.dir/__/__/third_party/zstd/decompress/zstd_decompress_block.cpp.o -c /home/pei/Project/duckdb-polr/third_party/zstd/decompress/zstd_decompress_block.cpp
[185/376] /usr/bin/ccache /usr/lib/ccache/c++ -DDUCKDB_BUILD_LIBRARY -DDUCKDB_BUILD_LOADABLE_EXTENSION -DENABLE_CROSS_PRODUCT_REWRITE=0 -DENABLE_DEBUG_PRINT=0 -DENABLE_MEASURE_EXE_TIME=0 -DENABLE_MERGE_BACK_PLAN=0 -DENABLE_PARALLEL_EXECUTION=0 -DENABLE_QUERY_SPLIT=1 -DENABLE_SPECIFY_EST_STAT=0 -I/home/pei/Project/duckdb-polr/src/include -I/home/pei/Project/duckdb-polr/third_party/fsst -I/home/pei/Project/duckdb-polr/third_party/fmt/include -I/home/pei/Project/duckdb-polr/third_party/hyperloglog -I/home/pei/Project/duckdb-polr/third_party/fastpforlib -I/home/pei/Project/duckdb-polr/third_party/fast_float -I/home/pei/Project/duckdb-polr/third_party/re2 -I/home/pei/Project/duckdb-polr/third_party/miniz -I/home/pei/Project/duckdb-polr/third_party/utf8proc/include -I/home/pei/Project/duckdb-polr/third_party/miniparquet -I/home/pei/Project/duckdb-polr/third_party/concurrentqueue -I/home/pei/Project/duckdb-polr/third_party/pcg -I/home/pei/Project/duckdb-polr/third_party/tdigest -I/home/pei/Project/duckdb-polr/third_party/mbedtls/include -I/home/pei/Project/duckdb-polr/third_party/jaro_winkler -I/home/pei/Project/duckdb-polr/extension/parquet/include -I/home/pei/Project/duckdb-polr/extension/parquet/../../third_party/parquet -I/home/pei/Project/duckdb-polr/extension/parquet/../../third_party/snappy -I/home/pei/Project/duckdb-polr/extension/parquet/../../third_party/miniz -I/home/pei/Project/duckdb-polr/extension/parquet/../../third_party/thrift -I/home/pei/Project/duckdb-polr/extension/parquet/../../third_party/zstd/include -O3 -DNDEBUG -O3 -DNDEBUG   -fPIC -fdiagnostics-color=always -std=c++11 -MD -MT extension/parquet/CMakeFiles/parquet_loadable_extension.dir/__/__/third_party/zstd/common/error_private.cpp.o -MF extension/parquet/CMakeFiles/parquet_loadable_extension.dir/__/__/third_party/zstd/common/error_private.cpp.o.d -o extension/parquet/CMakeFiles/parquet_loadable_extension.dir/__/__/third_party/zstd/common/error_private.cpp.o -c /home/pei/Project/duckdb-polr/third_party/zstd/common/error_private.cpp
[186/376] /usr/bin/ccache /usr/lib/ccache/c++ -DDUCKDB_BUILD_LIBRARY -DDUCKDB_BUILD_LOADABLE_EXTENSION -DENABLE_CROSS_PRODUCT_REWRITE=0 -DENABLE_DEBUG_PRINT=0 -DENABLE_MEASURE_EXE_TIME=0 -DENABLE_MERGE_BACK_PLAN=0 -DENABLE_PARALLEL_EXECUTION=0 -DENABLE_QUERY_SPLIT=1 -DENABLE_SPECIFY_EST_STAT=0 -I/home/pei/Project/duckdb-polr/src/include -I/home/pei/Project/duckdb-polr/third_party/fsst -I/home/pei/Project/duckdb-polr/third_party/fmt/include -I/home/pei/Project/duckdb-polr/third_party/hyperloglog -I/home/pei/Project/duckdb-polr/third_party/fastpforlib -I/home/pei/Project/duckdb-polr/third_party/fast_float -I/home/pei/Project/duckdb-polr/third_party/re2 -I/home/pei/Project/duckdb-polr/third_party/miniz -I/home/pei/Project/duckdb-polr/third_party/utf8proc/include -I/home/pei/Project/duckdb-polr/third_party/miniparquet -I/home/pei/Project/duckdb-polr/third_party/concurrentqueue -I/home/pei/Project/duckdb-polr/third_party/pcg -I/home/pei/Project/duckdb-polr/third_party/tdigest -I/home/pei/Project/duckdb-polr/third_party/mbedtls/include -I/home/pei/Project/duckdb-polr/third_party/jaro_winkler -I/home/pei/Project/duckdb-polr/extension/parquet/include -I/home/pei/Project/duckdb-polr/extension/parquet/../../third_party/parquet -I/home/pei/Project/duckdb-polr/extension/parquet/../../third_party/snappy -I/home/pei/Project/duckdb-polr/extension/parquet/../../third_party/miniz -I/home/pei/Project/duckdb-polr/extension/parquet/../../third_party/thrift -I/home/pei/Project/duckdb-polr/extension/parquet/../../third_party/zstd/include -O3 -DNDEBUG -O3 -DNDEBUG   -fPIC -fdiagnostics-color=always -std=c++11 -MD -MT extension/parquet/CMakeFiles/parquet_loadable_extension.dir/parquet_reader.cpp.o -MF extension/parquet/CMakeFiles/parquet_loadable_extension.dir/parquet_reader.cpp.o.d -o extension/parquet/CMakeFiles/parquet_loadable_extension.dir/parquet_reader.cpp.o -c /home/pei/Project/duckdb-polr/extension/parquet/parquet_reader.cpp
[187/376] /usr/bin/ccache /usr/lib/ccache/c++ -DDUCKDB_BUILD_LIBRARY -DDUCKDB_BUILD_LOADABLE_EXTENSION -DENABLE_CROSS_PRODUCT_REWRITE=0 -DENABLE_DEBUG_PRINT=0 -DENABLE_MEASURE_EXE_TIME=0 -DENABLE_MERGE_BACK_PLAN=0 -DENABLE_PARALLEL_EXECUTION=0 -DENABLE_QUERY_SPLIT=1 -DENABLE_SPECIFY_EST_STAT=0 -I/home/pei/Project/duckdb-polr/src/include -I/home/pei/Project/duckdb-polr/third_party/fsst -I/home/pei/Project/duckdb-polr/third_party/fmt/include -I/home/pei/Project/duckdb-polr/third_party/hyperloglog -I/home/pei/Project/duckdb-polr/third_party/fastpforlib -I/home/pei/Project/duckdb-polr/third_party/fast_float -I/home/pei/Project/duckdb-polr/third_party/re2 -I/home/pei/Project/duckdb-polr/third_party/miniz -I/home/pei/Project/duckdb-polr/third_party/utf8proc/include -I/home/pei/Project/duckdb-polr/third_party/miniparquet -I/home/pei/Project/duckdb-polr/third_party/concurrentqueue -I/home/pei/Project/duckdb-polr/third_party/pcg -I/home/pei/Project/duckdb-polr/third_party/tdigest -I/home/pei/Project/duckdb-polr/third_party/mbedtls/include -I/home/pei/Project/duckdb-polr/third_party/jaro_winkler -I/home/pei/Project/duckdb-polr/extension/parquet/include -I/home/pei/Project/duckdb-polr/extension/parquet/../../third_party/parquet -I/home/pei/Project/duckdb-polr/extension/parquet/../../third_party/snappy -I/home/pei/Project/duckdb-polr/extension/parquet/../../third_party/miniz -I/home/pei/Project/duckdb-polr/extension/parquet/../../third_party/thrift -I/home/pei/Project/duckdb-polr/extension/parquet/../../third_party/zstd/include -O3 -DNDEBUG -O3 -DNDEBUG   -fPIC -fdiagnostics-color=always -std=c++11 -MD -MT extension/parquet/CMakeFiles/parquet_loadable_extension.dir/__/__/third_party/thrift/thrift/transport/TTransportException.cpp.o -MF extension/parquet/CMakeFiles/parquet_loadable_extension.dir/__/__/third_party/thrift/thrift/transport/TTransportException.cpp.o.d -o extension/parquet/CMakeFiles/parquet_loadable_extension.dir/__/__/third_party/thrift/thrift/transport/TTransportException.cpp.o -c /home/pei/Project/duckdb-polr/third_party/thrift/thrift/transport/TTransportException.cpp
[188/376] /usr/bin/ccache /usr/lib/ccache/c++ -DDUCKDB_BUILD_LIBRARY -DDUCKDB_BUILD_LOADABLE_EXTENSION -DENABLE_CROSS_PRODUCT_REWRITE=0 -DENABLE_DEBUG_PRINT=0 -DENABLE_MEASURE_EXE_TIME=0 -DENABLE_MERGE_BACK_PLAN=0 -DENABLE_PARALLEL_EXECUTION=0 -DENABLE_QUERY_SPLIT=1 -DENABLE_SPECIFY_EST_STAT=0 -I/home/pei/Project/duckdb-polr/src/include -I/home/pei/Project/duckdb-polr/third_party/fsst -I/home/pei/Project/duckdb-polr/third_party/fmt/include -I/home/pei/Project/duckdb-polr/third_party/hyperloglog -I/home/pei/Project/duckdb-polr/third_party/fastpforlib -I/home/pei/Project/duckdb-polr/third_party/fast_float -I/home/pei/Project/duckdb-polr/third_party/re2 -I/home/pei/Project/duckdb-polr/third_party/miniz -I/home/pei/Project/duckdb-polr/third_party/utf8proc/include -I/home/pei/Project/duckdb-polr/third_party/miniparquet -I/home/pei/Project/duckdb-polr/third_party/concurrentqueue -I/home/pei/Project/duckdb-polr/third_party/pcg -I/home/pei/Project/duckdb-polr/third_party/tdigest -I/home/pei/Project/duckdb-polr/third_party/mbedtls/include -I/home/pei/Project/duckdb-polr/third_party/jaro_winkler -I/home/pei/Project/duckdb-polr/extension/parquet/include -I/home/pei/Project/duckdb-polr/extension/parquet/../../third_party/parquet -I/home/pei/Project/duckdb-polr/extension/parquet/../../third_party/snappy -I/home/pei/Project/duckdb-polr/extension/parquet/../../third_party/miniz -I/home/pei/Project/duckdb-polr/extension/parquet/../../third_party/thrift -I/home/pei/Project/duckdb-polr/extension/parquet/../../third_party/zstd/include -O3 -DNDEBUG -O3 -DNDEBUG   -fPIC -fdiagnostics-color=always -std=c++11 -MD -MT extension/parquet/CMakeFiles/parquet_loadable_extension.dir/parquet-extension.cpp.o -MF extension/parquet/CMakeFiles/parquet_loadable_extension.dir/parquet-extension.cpp.o.d -o extension/parquet/CMakeFiles/parquet_loadable_extension.dir/parquet-extension.cpp.o -c /home/pei/Project/duckdb-polr/extension/parquet/parquet-extension.cpp
[189/376] /usr/bin/ccache /usr/lib/ccache/c++ -DDUCKDB_BUILD_LIBRARY -DDUCKDB_BUILD_LOADABLE_EXTENSION -DENABLE_CROSS_PRODUCT_REWRITE=0 -DENABLE_DEBUG_PRINT=0 -DENABLE_MEASURE_EXE_TIME=0 -DENABLE_MERGE_BACK_PLAN=0 -DENABLE_PARALLEL_EXECUTION=0 -DENABLE_QUERY_SPLIT=1 -DENABLE_SPECIFY_EST_STAT=0 -I/home/pei/Project/duckdb-polr/src/include -I/home/pei/Project/duckdb-polr/third_party/fsst -I/home/pei/Project/duckdb-polr/third_party/fmt/include -I/home/pei/Project/duckdb-polr/third_party/hyperloglog -I/home/pei/Project/duckdb-polr/third_party/fastpforlib -I/home/pei/Project/duckdb-polr/third_party/fast_float -I/home/pei/Project/duckdb-polr/third_party/re2 -I/home/pei/Project/duckdb-polr/third_party/miniz -I/home/pei/Project/duckdb-polr/third_party/utf8proc/include -I/home/pei/Project/duckdb-polr/third_party/miniparquet -I/home/pei/Project/duckdb-polr/third_party/concurrentqueue -I/home/pei/Project/duckdb-polr/third_party/pcg -I/home/pei/Project/duckdb-polr/third_party/tdigest -I/home/pei/Project/duckdb-polr/third_party/mbedtls/include -I/home/pei/Project/duckdb-polr/third_party/jaro_winkler -I/home/pei/Project/duckdb-polr/extension/parquet/include -I/home/pei/Project/duckdb-polr/extension/parquet/../../third_party/parquet -I/home/pei/Project/duckdb-polr/extension/parquet/../../third_party/snappy -I/home/pei/Project/duckdb-polr/extension/parquet/../../third_party/miniz -I/home/pei/Project/duckdb-polr/extension/parquet/../../third_party/thrift -I/home/pei/Project/duckdb-polr/extension/parquet/../../third_party/zstd/include -O3 -DNDEBUG -O3 -DNDEBUG   -fPIC -fdiagnostics-color=always -std=c++11 -MD -MT extension/parquet/CMakeFiles/parquet_loadable_extension.dir/__/__/third_party/snappy/snappy.cc.o -MF extension/parquet/CMakeFiles/parquet_loadable_extension.dir/__/__/third_party/snappy/snappy.cc.o.d -o extension/parquet/CMakeFiles/parquet_loadable_extension.dir/__/__/third_party/snappy/snappy.cc.o -c /home/pei/Project/duckdb-polr/third_party/snappy/snappy.cc
[190/376] /usr/bin/ccache /usr/lib/ccache/c++ -DDUCKDB_BUILD_LIBRARY -DDUCKDB_BUILD_LOADABLE_EXTENSION -DENABLE_CROSS_PRODUCT_REWRITE=0 -DENABLE_DEBUG_PRINT=0 -DENABLE_MEASURE_EXE_TIME=0 -DENABLE_MERGE_BACK_PLAN=0 -DENABLE_PARALLEL_EXECUTION=0 -DENABLE_QUERY_SPLIT=1 -DENABLE_SPECIFY_EST_STAT=0 -I/home/pei/Project/duckdb-polr/src/include -I/home/pei/Project/duckdb-polr/third_party/fsst -I/home/pei/Project/duckdb-polr/third_party/fmt/include -I/home/pei/Project/duckdb-polr/third_party/hyperloglog -I/home/pei/Project/duckdb-polr/third_party/fastpforlib -I/home/pei/Project/duckdb-polr/third_party/fast_float -I/home/pei/Project/duckdb-polr/third_party/re2 -I/home/pei/Project/duckdb-polr/third_party/miniz -I/home/pei/Project/duckdb-polr/third_party/utf8proc/include -I/home/pei/Project/duckdb-polr/third_party/miniparquet -I/home/pei/Project/duckdb-polr/third_party/concurrentqueue -I/home/pei/Project/duckdb-polr/third_party/pcg -I/home/pei/Project/duckdb-polr/third_party/tdigest -I/home/pei/Project/duckdb-polr/third_party/mbedtls/include -I/home/pei/Project/duckdb-polr/third_party/jaro_winkler -I/home/pei/Project/duckdb-polr/extension/parquet/include -I/home/pei/Project/duckdb-polr/extension/parquet/../../third_party/parquet -I/home/pei/Project/duckdb-polr/extension/parquet/../../third_party/snappy -I/home/pei/Project/duckdb-polr/extension/parquet/../../third_party/miniz -I/home/pei/Project/duckdb-polr/extension/parquet/../../third_party/thrift -I/home/pei/Project/duckdb-polr/extension/parquet/../../third_party/zstd/include -O3 -DNDEBUG -O3 -DNDEBUG   -fPIC -fdiagnostics-color=always -std=c++11 -MD -MT extension/parquet/CMakeFiles/parquet_loadable_extension.dir/__/__/third_party/zstd/common/fse_decompress.cpp.o -MF extension/parquet/CMakeFiles/parquet_loadable_extension.dir/__/__/third_party/zstd/common/fse_decompress.cpp.o.d -o extension/parquet/CMakeFiles/parquet_loadable_extension.dir/__/__/third_party/zstd/common/fse_decompress.cpp.o -c /home/pei/Project/duckdb-polr/third_party/zstd/common/fse_decompress.cpp
[191/376] /usr/bin/ccache /usr/lib/ccache/c++ -DDUCKDB_BUILD_LIBRARY -DDUCKDB_BUILD_LOADABLE_EXTENSION -DENABLE_CROSS_PRODUCT_REWRITE=0 -DENABLE_DEBUG_PRINT=0 -DENABLE_MEASURE_EXE_TIME=0 -DENABLE_MERGE_BACK_PLAN=0 -DENABLE_PARALLEL_EXECUTION=0 -DENABLE_QUERY_SPLIT=1 -DENABLE_SPECIFY_EST_STAT=0 -I/home/pei/Project/duckdb-polr/src/include -I/home/pei/Project/duckdb-polr/third_party/fsst -I/home/pei/Project/duckdb-polr/third_party/fmt/include -I/home/pei/Project/duckdb-polr/third_party/hyperloglog -I/home/pei/Project/duckdb-polr/third_party/fastpforlib -I/home/pei/Project/duckdb-polr/third_party/fast_float -I/home/pei/Project/duckdb-polr/third_party/re2 -I/home/pei/Project/duckdb-polr/third_party/miniz -I/home/pei/Project/duckdb-polr/third_party/utf8proc/include -I/home/pei/Project/duckdb-polr/third_party/miniparquet -I/home/pei/Project/duckdb-polr/third_party/concurrentqueue -I/home/pei/Project/duckdb-polr/third_party/pcg -I/home/pei/Project/duckdb-polr/third_party/tdigest -I/home/pei/Project/duckdb-polr/third_party/mbedtls/include -I/home/pei/Project/duckdb-polr/third_party/jaro_winkler -I/home/pei/Project/duckdb-polr/extension/parquet/include -I/home/pei/Project/duckdb-polr/extension/parquet/../../third_party/parquet -I/home/pei/Project/duckdb-polr/extension/parquet/../../third_party/snappy -I/home/pei/Project/duckdb-polr/extension/parquet/../../third_party/miniz -I/home/pei/Project/duckdb-polr/extension/parquet/../../third_party/thrift -I/home/pei/Project/duckdb-polr/extension/parquet/../../third_party/zstd/include -O3 -DNDEBUG -O3 -DNDEBUG   -fPIC -fdiagnostics-color=always -std=c++11 -MD -MT extension/parquet/CMakeFiles/parquet_loadable_extension.dir/__/__/third_party/zstd/common/zstd_common.cpp.o -MF extension/parquet/CMakeFiles/parquet_loadable_extension.dir/__/__/third_party/zstd/common/zstd_common.cpp.o.d -o extension/parquet/CMakeFiles/parquet_loadable_extension.dir/__/__/third_party/zstd/common/zstd_common.cpp.o -c /home/pei/Project/duckdb-polr/third_party/zstd/common/zstd_common.cpp
[192/376] /usr/bin/ccache /usr/lib/ccache/c++ -DDUCKDB_BUILD_LIBRARY -DDUCKDB_BUILD_LOADABLE_EXTENSION -DENABLE_CROSS_PRODUCT_REWRITE=0 -DENABLE_DEBUG_PRINT=0 -DENABLE_MEASURE_EXE_TIME=0 -DENABLE_MERGE_BACK_PLAN=0 -DENABLE_PARALLEL_EXECUTION=0 -DENABLE_QUERY_SPLIT=1 -DENABLE_SPECIFY_EST_STAT=0 -I/home/pei/Project/duckdb-polr/src/include -I/home/pei/Project/duckdb-polr/third_party/fsst -I/home/pei/Project/duckdb-polr/third_party/fmt/include -I/home/pei/Project/duckdb-polr/third_party/hyperloglog -I/home/pei/Project/duckdb-polr/third_party/fastpforlib -I/home/pei/Project/duckdb-polr/third_party/fast_float -I/home/pei/Project/duckdb-polr/third_party/re2 -I/home/pei/Project/duckdb-polr/third_party/miniz -I/home/pei/Project/duckdb-polr/third_party/utf8proc/include -I/home/pei/Project/duckdb-polr/third_party/miniparquet -I/home/pei/Project/duckdb-polr/third_party/concurrentqueue -I/home/pei/Project/duckdb-polr/third_party/pcg -I/home/pei/Project/duckdb-polr/third_party/tdigest -I/home/pei/Project/duckdb-polr/third_party/mbedtls/include -I/home/pei/Project/duckdb-polr/third_party/jaro_winkler -I/home/pei/Project/duckdb-polr/extension/parquet/include -I/home/pei/Project/duckdb-polr/extension/parquet/../../third_party/parquet -I/home/pei/Project/duckdb-polr/extension/parquet/../../third_party/snappy -I/home/pei/Project/duckdb-polr/extension/parquet/../../third_party/miniz -I/home/pei/Project/duckdb-polr/extension/parquet/../../third_party/thrift -I/home/pei/Project/duckdb-polr/extension/parquet/../../third_party/zstd/include -O3 -DNDEBUG -O3 -DNDEBUG   -fPIC -fdiagnostics-color=always -std=c++11 -MD -MT extension/parquet/CMakeFiles/parquet_loadable_extension.dir/__/__/third_party/zstd/common/xxhash.cpp.o -MF extension/parquet/CMakeFiles/parquet_loadable_extension.dir/__/__/third_party/zstd/common/xxhash.cpp.o.d -o extension/parquet/CMakeFiles/parquet_loadable_extension.dir/__/__/third_party/zstd/common/xxhash.cpp.o -c /home/pei/Project/duckdb-polr/third_party/zstd/common/xxhash.cpp
[193/376] /usr/bin/ccache /usr/lib/ccache/c++ -DDUCKDB_BUILD_LIBRARY -DDUCKDB_BUILD_LOADABLE_EXTENSION -DENABLE_CROSS_PRODUCT_REWRITE=0 -DENABLE_DEBUG_PRINT=0 -DENABLE_MEASURE_EXE_TIME=0 -DENABLE_MERGE_BACK_PLAN=0 -DENABLE_PARALLEL_EXECUTION=0 -DENABLE_QUERY_SPLIT=1 -DENABLE_SPECIFY_EST_STAT=0 -I/home/pei/Project/duckdb-polr/src/include -I/home/pei/Project/duckdb-polr/third_party/fsst -I/home/pei/Project/duckdb-polr/third_party/fmt/include -I/home/pei/Project/duckdb-polr/third_party/hyperloglog -I/home/pei/Project/duckdb-polr/third_party/fastpforlib -I/home/pei/Project/duckdb-polr/third_party/fast_float -I/home/pei/Project/duckdb-polr/third_party/re2 -I/home/pei/Project/duckdb-polr/third_party/miniz -I/home/pei/Project/duckdb-polr/third_party/utf8proc/include -I/home/pei/Project/duckdb-polr/third_party/miniparquet -I/home/pei/Project/duckdb-polr/third_party/concurrentqueue -I/home/pei/Project/duckdb-polr/third_party/pcg -I/home/pei/Project/duckdb-polr/third_party/tdigest -I/home/pei/Project/duckdb-polr/third_party/mbedtls/include -I/home/pei/Project/duckdb-polr/third_party/jaro_winkler -I/home/pei/Project/duckdb-polr/extension/parquet/include -I/home/pei/Project/duckdb-polr/extension/parquet/../../third_party/parquet -I/home/pei/Project/duckdb-polr/extension/parquet/../../third_party/snappy -I/home/pei/Project/duckdb-polr/extension/parquet/../../third_party/miniz -I/home/pei/Project/duckdb-polr/extension/parquet/../../third_party/thrift -I/home/pei/Project/duckdb-polr/extension/parquet/../../third_party/zstd/include -O3 -DNDEBUG -O3 -DNDEBUG   -fPIC -fdiagnostics-color=always -std=c++11 -MD -MT extension/parquet/CMakeFiles/parquet_loadable_extension.dir/__/__/third_party/zstd/compress/hist.cpp.o -MF extension/parquet/CMakeFiles/parquet_loadable_extension.dir/__/__/third_party/zstd/compress/hist.cpp.o.d -o extension/parquet/CMakeFiles/parquet_loadable_extension.dir/__/__/third_party/zstd/compress/hist.cpp.o -c /home/pei/Project/duckdb-polr/third_party/zstd/compress/hist.cpp
[194/376] /usr/bin/ccache /usr/lib/ccache/c++ -DDUCKDB_BUILD_LIBRARY -DDUCKDB_BUILD_LOADABLE_EXTENSION -DENABLE_CROSS_PRODUCT_REWRITE=0 -DENABLE_DEBUG_PRINT=0 -DENABLE_MEASURE_EXE_TIME=0 -DENABLE_MERGE_BACK_PLAN=0 -DENABLE_PARALLEL_EXECUTION=0 -DENABLE_QUERY_SPLIT=1 -DENABLE_SPECIFY_EST_STAT=0 -I/home/pei/Project/duckdb-polr/src/include -I/home/pei/Project/duckdb-polr/third_party/fsst -I/home/pei/Project/duckdb-polr/third_party/fmt/include -I/home/pei/Project/duckdb-polr/third_party/hyperloglog -I/home/pei/Project/duckdb-polr/third_party/fastpforlib -I/home/pei/Project/duckdb-polr/third_party/fast_float -I/home/pei/Project/duckdb-polr/third_party/re2 -I/home/pei/Project/duckdb-polr/third_party/miniz -I/home/pei/Project/duckdb-polr/third_party/utf8proc/include -I/home/pei/Project/duckdb-polr/third_party/miniparquet -I/home/pei/Project/duckdb-polr/third_party/concurrentqueue -I/home/pei/Project/duckdb-polr/third_party/pcg -I/home/pei/Project/duckdb-polr/third_party/tdigest -I/home/pei/Project/duckdb-polr/third_party/mbedtls/include -I/home/pei/Project/duckdb-polr/third_party/jaro_winkler -I/home/pei/Project/duckdb-polr/extension/parquet/include -I/home/pei/Project/duckdb-polr/extension/parquet/../../third_party/parquet -I/home/pei/Project/duckdb-polr/extension/parquet/../../third_party/snappy -I/home/pei/Project/duckdb-polr/extension/parquet/../../third_party/miniz -I/home/pei/Project/duckdb-polr/extension/parquet/../../third_party/thrift -I/home/pei/Project/duckdb-polr/extension/parquet/../../third_party/zstd/include -O3 -DNDEBUG -O3 -DNDEBUG   -fPIC -fdiagnostics-color=always -std=c++11 -MD -MT extension/parquet/CMakeFiles/parquet_loadable_extension.dir/__/__/third_party/zstd/compress/huf_compress.cpp.o -MF extension/parquet/CMakeFiles/parquet_loadable_extension.dir/__/__/third_party/zstd/compress/huf_compress.cpp.o.d -o extension/parquet/CMakeFiles/parquet_loadable_extension.dir/__/__/third_party/zstd/compress/huf_compress.cpp.o -c /home/pei/Project/duckdb-polr/third_party/zstd/compress/huf_compress.cpp
[195/376] /usr/bin/ccache /usr/lib/ccache/c++ -DDUCKDB_BUILD_LIBRARY -DDUCKDB_BUILD_LOADABLE_EXTENSION -DENABLE_CROSS_PRODUCT_REWRITE=0 -DENABLE_DEBUG_PRINT=0 -DENABLE_MEASURE_EXE_TIME=0 -DENABLE_MERGE_BACK_PLAN=0 -DENABLE_PARALLEL_EXECUTION=0 -DENABLE_QUERY_SPLIT=1 -DENABLE_SPECIFY_EST_STAT=0 -I/home/pei/Project/duckdb-polr/src/include -I/home/pei/Project/duckdb-polr/third_party/fsst -I/home/pei/Project/duckdb-polr/third_party/fmt/include -I/home/pei/Project/duckdb-polr/third_party/hyperloglog -I/home/pei/Project/duckdb-polr/third_party/fastpforlib -I/home/pei/Project/duckdb-polr/third_party/fast_float -I/home/pei/Project/duckdb-polr/third_party/re2 -I/home/pei/Project/duckdb-polr/third_party/miniz -I/home/pei/Project/duckdb-polr/third_party/utf8proc/include -I/home/pei/Project/duckdb-polr/third_party/miniparquet -I/home/pei/Project/duckdb-polr/third_party/concurrentqueue -I/home/pei/Project/duckdb-polr/third_party/pcg -I/home/pei/Project/duckdb-polr/third_party/tdigest -I/home/pei/Project/duckdb-polr/third_party/mbedtls/include -I/home/pei/Project/duckdb-polr/third_party/jaro_winkler -I/home/pei/Project/duckdb-polr/extension/parquet/include -I/home/pei/Project/duckdb-polr/extension/parquet/../../third_party/parquet -I/home/pei/Project/duckdb-polr/extension/parquet/../../third_party/snappy -I/home/pei/Project/duckdb-polr/extension/parquet/../../third_party/miniz -I/home/pei/Project/duckdb-polr/extension/parquet/../../third_party/thrift -I/home/pei/Project/duckdb-polr/extension/parquet/../../third_party/zstd/include -O3 -DNDEBUG -O3 -DNDEBUG   -fPIC -fdiagnostics-color=always -std=c++11 -MD -MT extension/parquet/CMakeFiles/parquet_loadable_extension.dir/__/__/third_party/zstd/compress/fse_compress.cpp.o -MF extension/parquet/CMakeFiles/parquet_loadable_extension.dir/__/__/third_party/zstd/compress/fse_compress.cpp.o.d -o extension/parquet/CMakeFiles/parquet_loadable_extension.dir/__/__/third_party/zstd/compress/fse_compress.cpp.o -c /home/pei/Project/duckdb-polr/third_party/zstd/compress/fse_compress.cpp
[196/376] /usr/bin/ccache /usr/lib/ccache/c++ -DDUCKDB_BUILD_LIBRARY -DDUCKDB_BUILD_LOADABLE_EXTENSION -DENABLE_CROSS_PRODUCT_REWRITE=0 -DENABLE_DEBUG_PRINT=0 -DENABLE_MEASURE_EXE_TIME=0 -DENABLE_MERGE_BACK_PLAN=0 -DENABLE_PARALLEL_EXECUTION=0 -DENABLE_QUERY_SPLIT=1 -DENABLE_SPECIFY_EST_STAT=0 -I/home/pei/Project/duckdb-polr/src/include -I/home/pei/Project/duckdb-polr/third_party/fsst -I/home/pei/Project/duckdb-polr/third_party/fmt/include -I/home/pei/Project/duckdb-polr/third_party/hyperloglog -I/home/pei/Project/duckdb-polr/third_party/fastpforlib -I/home/pei/Project/duckdb-polr/third_party/fast_float -I/home/pei/Project/duckdb-polr/third_party/re2 -I/home/pei/Project/duckdb-polr/third_party/miniz -I/home/pei/Project/duckdb-polr/third_party/utf8proc/include -I/home/pei/Project/duckdb-polr/third_party/miniparquet -I/home/pei/Project/duckdb-polr/third_party/concurrentqueue -I/home/pei/Project/duckdb-polr/third_party/pcg -I/home/pei/Project/duckdb-polr/third_party/tdigest -I/home/pei/Project/duckdb-polr/third_party/mbedtls/include -I/home/pei/Project/duckdb-polr/third_party/jaro_winkler -I/home/pei/Project/duckdb-polr/extension/parquet/include -I/home/pei/Project/duckdb-polr/extension/parquet/../../third_party/parquet -I/home/pei/Project/duckdb-polr/extension/parquet/../../third_party/snappy -I/home/pei/Project/duckdb-polr/extension/parquet/../../third_party/miniz -I/home/pei/Project/duckdb-polr/extension/parquet/../../third_party/thrift -I/home/pei/Project/duckdb-polr/extension/parquet/../../third_party/zstd/include -O3 -DNDEBUG -O3 -DNDEBUG   -fPIC -fdiagnostics-color=always -std=c++11 -MD -MT extension/parquet/CMakeFiles/parquet_loadable_extension.dir/__/__/third_party/zstd/compress/zstd_compress_sequences.cpp.o -MF extension/parquet/CMakeFiles/parquet_loadable_extension.dir/__/__/third_party/zstd/compress/zstd_compress_sequences.cpp.o.d -o extension/parquet/CMakeFiles/parquet_loadable_extension.dir/__/__/third_party/zstd/compress/zstd_compress_sequences.cpp.o -c /home/pei/Project/duckdb-polr/third_party/zstd/compress/zstd_compress_sequences.cpp
[197/376] /usr/bin/ccache /usr/lib/ccache/c++ -DDUCKDB_BUILD_LIBRARY -DDUCKDB_BUILD_LOADABLE_EXTENSION -DENABLE_CROSS_PRODUCT_REWRITE=0 -DENABLE_DEBUG_PRINT=0 -DENABLE_MEASURE_EXE_TIME=0 -DENABLE_MERGE_BACK_PLAN=0 -DENABLE_PARALLEL_EXECUTION=0 -DENABLE_QUERY_SPLIT=1 -DENABLE_SPECIFY_EST_STAT=0 -I/home/pei/Project/duckdb-polr/src/include -I/home/pei/Project/duckdb-polr/third_party/fsst -I/home/pei/Project/duckdb-polr/third_party/fmt/include -I/home/pei/Project/duckdb-polr/third_party/hyperloglog -I/home/pei/Project/duckdb-polr/third_party/fastpforlib -I/home/pei/Project/duckdb-polr/third_party/fast_float -I/home/pei/Project/duckdb-polr/third_party/re2 -I/home/pei/Project/duckdb-polr/third_party/miniz -I/home/pei/Project/duckdb-polr/third_party/utf8proc/include -I/home/pei/Project/duckdb-polr/third_party/miniparquet -I/home/pei/Project/duckdb-polr/third_party/concurrentqueue -I/home/pei/Project/duckdb-polr/third_party/pcg -I/home/pei/Project/duckdb-polr/third_party/tdigest -I/home/pei/Project/duckdb-polr/third_party/mbedtls/include -I/home/pei/Project/duckdb-polr/third_party/jaro_winkler -I/home/pei/Project/duckdb-polr/extension/parquet/include -I/home/pei/Project/duckdb-polr/extension/parquet/../../third_party/parquet -I/home/pei/Project/duckdb-polr/extension/parquet/../../third_party/snappy -I/home/pei/Project/duckdb-polr/extension/parquet/../../third_party/miniz -I/home/pei/Project/duckdb-polr/extension/parquet/../../third_party/thrift -I/home/pei/Project/duckdb-polr/extension/parquet/../../third_party/zstd/include -O3 -DNDEBUG -O3 -DNDEBUG   -fPIC -fdiagnostics-color=always -std=c++11 -MD -MT extension/parquet/CMakeFiles/parquet_loadable_extension.dir/__/__/third_party/zstd/compress/zstd_compress_literals.cpp.o -MF extension/parquet/CMakeFiles/parquet_loadable_extension.dir/__/__/third_party/zstd/compress/zstd_compress_literals.cpp.o.d -o extension/parquet/CMakeFiles/parquet_loadable_extension.dir/__/__/third_party/zstd/compress/zstd_compress_literals.cpp.o -c /home/pei/Project/duckdb-polr/third_party/zstd/compress/zstd_compress_literals.cpp
[198/376] /usr/bin/ccache /usr/lib/ccache/c++ -DDUCKDB_BUILD_LIBRARY -DDUCKDB_BUILD_LOADABLE_EXTENSION -DENABLE_CROSS_PRODUCT_REWRITE=0 -DENABLE_DEBUG_PRINT=0 -DENABLE_MEASURE_EXE_TIME=0 -DENABLE_MERGE_BACK_PLAN=0 -DENABLE_PARALLEL_EXECUTION=0 -DENABLE_QUERY_SPLIT=1 -DENABLE_SPECIFY_EST_STAT=0 -I/home/pei/Project/duckdb-polr/src/include -I/home/pei/Project/duckdb-polr/third_party/fsst -I/home/pei/Project/duckdb-polr/third_party/fmt/include -I/home/pei/Project/duckdb-polr/third_party/hyperloglog -I/home/pei/Project/duckdb-polr/third_party/fastpforlib -I/home/pei/Project/duckdb-polr/third_party/fast_float -I/home/pei/Project/duckdb-polr/third_party/re2 -I/home/pei/Project/duckdb-polr/third_party/miniz -I/home/pei/Project/duckdb-polr/third_party/utf8proc/include -I/home/pei/Project/duckdb-polr/third_party/miniparquet -I/home/pei/Project/duckdb-polr/third_party/concurrentqueue -I/home/pei/Project/duckdb-polr/third_party/pcg -I/home/pei/Project/duckdb-polr/third_party/tdigest -I/home/pei/Project/duckdb-polr/third_party/mbedtls/include -I/home/pei/Project/duckdb-polr/third_party/jaro_winkler -I/home/pei/Project/duckdb-polr/extension/parquet/include -I/home/pei/Project/duckdb-polr/extension/parquet/../../third_party/parquet -I/home/pei/Project/duckdb-polr/extension/parquet/../../third_party/snappy -I/home/pei/Project/duckdb-polr/extension/parquet/../../third_party/miniz -I/home/pei/Project/duckdb-polr/extension/parquet/../../third_party/thrift -I/home/pei/Project/duckdb-polr/extension/parquet/../../third_party/zstd/include -O3 -DNDEBUG -O3 -DNDEBUG   -fPIC -fdiagnostics-color=always -std=c++11 -MD -MT extension/parquet/CMakeFiles/parquet_loadable_extension.dir/__/__/third_party/zstd/compress/zstd_compress.cpp.o -MF extension/parquet/CMakeFiles/parquet_loadable_extension.dir/__/__/third_party/zstd/compress/zstd_compress.cpp.o.d -o extension/parquet/CMakeFiles/parquet_loadable_extension.dir/__/__/third_party/zstd/compress/zstd_compress.cpp.o -c /home/pei/Project/duckdb-polr/third_party/zstd/compress/zstd_compress.cpp
[199/376] /usr/bin/ccache /usr/lib/ccache/c++ -DDUCKDB_BUILD_LIBRARY -DDUCKDB_BUILD_LOADABLE_EXTENSION -DENABLE_CROSS_PRODUCT_REWRITE=0 -DENABLE_DEBUG_PRINT=0 -DENABLE_MEASURE_EXE_TIME=0 -DENABLE_MERGE_BACK_PLAN=0 -DENABLE_PARALLEL_EXECUTION=0 -DENABLE_QUERY_SPLIT=1 -DENABLE_SPECIFY_EST_STAT=0 -I/home/pei/Project/duckdb-polr/src/include -I/home/pei/Project/duckdb-polr/third_party/fsst -I/home/pei/Project/duckdb-polr/third_party/fmt/include -I/home/pei/Project/duckdb-polr/third_party/hyperloglog -I/home/pei/Project/duckdb-polr/third_party/fastpforlib -I/home/pei/Project/duckdb-polr/third_party/fast_float -I/home/pei/Project/duckdb-polr/third_party/re2 -I/home/pei/Project/duckdb-polr/third_party/miniz -I/home/pei/Project/duckdb-polr/third_party/utf8proc/include -I/home/pei/Project/duckdb-polr/third_party/miniparquet -I/home/pei/Project/duckdb-polr/third_party/concurrentqueue -I/home/pei/Project/duckdb-polr/third_party/pcg -I/home/pei/Project/duckdb-polr/third_party/tdigest -I/home/pei/Project/duckdb-polr/third_party/mbedtls/include -I/home/pei/Project/duckdb-polr/third_party/jaro_winkler -I/home/pei/Project/duckdb-polr/extension/parquet/include -I/home/pei/Project/duckdb-polr/extension/parquet/../../third_party/parquet -I/home/pei/Project/duckdb-polr/extension/parquet/../../third_party/snappy -I/home/pei/Project/duckdb-polr/extension/parquet/../../third_party/miniz -I/home/pei/Project/duckdb-polr/extension/parquet/../../third_party/thrift -I/home/pei/Project/duckdb-polr/extension/parquet/../../third_party/zstd/include -O3 -DNDEBUG -O3 -DNDEBUG   -fPIC -fdiagnostics-color=always -std=c++11 -MD -MT extension/parquet/CMakeFiles/parquet_loadable_extension.dir/__/__/third_party/zstd/compress/zstd_fast.cpp.o -MF extension/parquet/CMakeFiles/parquet_loadable_extension.dir/__/__/third_party/zstd/compress/zstd_fast.cpp.o.d -o extension/parquet/CMakeFiles/parquet_loadable_extension.dir/__/__/third_party/zstd/compress/zstd_fast.cpp.o -c /home/pei/Project/duckdb-polr/third_party/zstd/compress/zstd_fast.cpp
[200/376] /usr/bin/ccache /usr/lib/ccache/c++ -DDUCKDB_BUILD_LIBRARY -DDUCKDB_BUILD_LOADABLE_EXTENSION -DENABLE_CROSS_PRODUCT_REWRITE=0 -DENABLE_DEBUG_PRINT=0 -DENABLE_MEASURE_EXE_TIME=0 -DENABLE_MERGE_BACK_PLAN=0 -DENABLE_PARALLEL_EXECUTION=0 -DENABLE_QUERY_SPLIT=1 -DENABLE_SPECIFY_EST_STAT=0 -I/home/pei/Project/duckdb-polr/src/include -I/home/pei/Project/duckdb-polr/third_party/fsst -I/home/pei/Project/duckdb-polr/third_party/fmt/include -I/home/pei/Project/duckdb-polr/third_party/hyperloglog -I/home/pei/Project/duckdb-polr/third_party/fastpforlib -I/home/pei/Project/duckdb-polr/third_party/fast_float -I/home/pei/Project/duckdb-polr/third_party/re2 -I/home/pei/Project/duckdb-polr/third_party/miniz -I/home/pei/Project/duckdb-polr/third_party/utf8proc/include -I/home/pei/Project/duckdb-polr/third_party/miniparquet -I/home/pei/Project/duckdb-polr/third_party/concurrentqueue -I/home/pei/Project/duckdb-polr/third_party/pcg -I/home/pei/Project/duckdb-polr/third_party/tdigest -I/home/pei/Project/duckdb-polr/third_party/mbedtls/include -I/home/pei/Project/duckdb-polr/third_party/jaro_winkler -I/home/pei/Project/duckdb-polr/extension/parquet/include -I/home/pei/Project/duckdb-polr/extension/parquet/../../third_party/parquet -I/home/pei/Project/duckdb-polr/extension/parquet/../../third_party/snappy -I/home/pei/Project/duckdb-polr/extension/parquet/../../third_party/miniz -I/home/pei/Project/duckdb-polr/extension/parquet/../../third_party/thrift -I/home/pei/Project/duckdb-polr/extension/parquet/../../third_party/zstd/include -O3 -DNDEBUG -O3 -DNDEBUG   -fPIC -fdiagnostics-color=always -std=c++11 -MD -MT extension/parquet/CMakeFiles/parquet_loadable_extension.dir/__/__/third_party/zstd/compress/zstd_compress_superblock.cpp.o -MF extension/parquet/CMakeFiles/parquet_loadable_extension.dir/__/__/third_party/zstd/compress/zstd_compress_superblock.cpp.o.d -o extension/parquet/CMakeFiles/parquet_loadable_extension.dir/__/__/third_party/zstd/compress/zstd_compress_superblock.cpp.o -c /home/pei/Project/duckdb-polr/third_party/zstd/compress/zstd_compress_superblock.cpp
[201/376] /usr/bin/ccache /usr/lib/ccache/c++ -DDUCKDB_BUILD_LIBRARY -DDUCKDB_BUILD_LOADABLE_EXTENSION -DENABLE_CROSS_PRODUCT_REWRITE=0 -DENABLE_DEBUG_PRINT=0 -DENABLE_MEASURE_EXE_TIME=0 -DENABLE_MERGE_BACK_PLAN=0 -DENABLE_PARALLEL_EXECUTION=0 -DENABLE_QUERY_SPLIT=1 -DENABLE_SPECIFY_EST_STAT=0 -I/home/pei/Project/duckdb-polr/src/include -I/home/pei/Project/duckdb-polr/third_party/fsst -I/home/pei/Project/duckdb-polr/third_party/fmt/include -I/home/pei/Project/duckdb-polr/third_party/hyperloglog -I/home/pei/Project/duckdb-polr/third_party/fastpforlib -I/home/pei/Project/duckdb-polr/third_party/fast_float -I/home/pei/Project/duckdb-polr/third_party/re2 -I/home/pei/Project/duckdb-polr/third_party/miniz -I/home/pei/Project/duckdb-polr/third_party/utf8proc/include -I/home/pei/Project/duckdb-polr/third_party/miniparquet -I/home/pei/Project/duckdb-polr/third_party/concurrentqueue -I/home/pei/Project/duckdb-polr/third_party/pcg -I/home/pei/Project/duckdb-polr/third_party/tdigest -I/home/pei/Project/duckdb-polr/third_party/mbedtls/include -I/home/pei/Project/duckdb-polr/third_party/jaro_winkler -I/home/pei/Project/duckdb-polr/extension/parquet/include -I/home/pei/Project/duckdb-polr/extension/parquet/../../third_party/parquet -I/home/pei/Project/duckdb-polr/extension/parquet/../../third_party/snappy -I/home/pei/Project/duckdb-polr/extension/parquet/../../third_party/miniz -I/home/pei/Project/duckdb-polr/extension/parquet/../../third_party/thrift -I/home/pei/Project/duckdb-polr/extension/parquet/../../third_party/zstd/include -O3 -DNDEBUG -O3 -DNDEBUG   -fPIC -fdiagnostics-color=always -std=c++11 -MD -MT extension/parquet/CMakeFiles/parquet_loadable_extension.dir/__/__/third_party/zstd/compress/zstd_double_fast.cpp.o -MF extension/parquet/CMakeFiles/parquet_loadable_extension.dir/__/__/third_party/zstd/compress/zstd_double_fast.cpp.o.d -o extension/parquet/CMakeFiles/parquet_loadable_extension.dir/__/__/third_party/zstd/compress/zstd_double_fast.cpp.o -c /home/pei/Project/duckdb-polr/third_party/zstd/compress/zstd_double_fast.cpp
[202/376] /usr/bin/ccache /usr/lib/ccache/c++ -DDUCKDB_BUILD_LIBRARY -DDUCKDB_BUILD_LOADABLE_EXTENSION -DENABLE_CROSS_PRODUCT_REWRITE=0 -DENABLE_DEBUG_PRINT=0 -DENABLE_MEASURE_EXE_TIME=0 -DENABLE_MERGE_BACK_PLAN=0 -DENABLE_PARALLEL_EXECUTION=0 -DENABLE_QUERY_SPLIT=1 -DENABLE_SPECIFY_EST_STAT=0 -I/home/pei/Project/duckdb-polr/src/include -I/home/pei/Project/duckdb-polr/third_party/fsst -I/home/pei/Project/duckdb-polr/third_party/fmt/include -I/home/pei/Project/duckdb-polr/third_party/hyperloglog -I/home/pei/Project/duckdb-polr/third_party/fastpforlib -I/home/pei/Project/duckdb-polr/third_party/fast_float -I/home/pei/Project/duckdb-polr/third_party/re2 -I/home/pei/Project/duckdb-polr/third_party/miniz -I/home/pei/Project/duckdb-polr/third_party/utf8proc/include -I/home/pei/Project/duckdb-polr/third_party/miniparquet -I/home/pei/Project/duckdb-polr/third_party/concurrentqueue -I/home/pei/Project/duckdb-polr/third_party/pcg -I/home/pei/Project/duckdb-polr/third_party/tdigest -I/home/pei/Project/duckdb-polr/third_party/mbedtls/include -I/home/pei/Project/duckdb-polr/third_party/jaro_winkler -I/home/pei/Project/duckdb-polr/extension/parquet/include -I/home/pei/Project/duckdb-polr/extension/parquet/../../third_party/parquet -I/home/pei/Project/duckdb-polr/extension/parquet/../../third_party/snappy -I/home/pei/Project/duckdb-polr/extension/parquet/../../third_party/miniz -I/home/pei/Project/duckdb-polr/extension/parquet/../../third_party/thrift -I/home/pei/Project/duckdb-polr/extension/parquet/../../third_party/zstd/include -O3 -DNDEBUG -O3 -DNDEBUG   -fPIC -fdiagnostics-color=always -std=c++11 -MD -MT extension/parquet/CMakeFiles/parquet_loadable_extension.dir/__/__/third_party/thrift/thrift/transport/TBufferTransports.cpp.o -MF extension/parquet/CMakeFiles/parquet_loadable_extension.dir/__/__/third_party/thrift/thrift/transport/TBufferTransports.cpp.o.d -o extension/parquet/CMakeFiles/parquet_loadable_extension.dir/__/__/third_party/thrift/thrift/transport/TBufferTransports.cpp.o -c /home/pei/Project/duckdb-polr/third_party/thrift/thrift/transport/TBufferTransports.cpp
[203/376] /usr/bin/ccache /usr/lib/ccache/c++ -DDUCKDB_BUILD_LIBRARY -DDUCKDB_BUILD_LOADABLE_EXTENSION -DENABLE_CROSS_PRODUCT_REWRITE=0 -DENABLE_DEBUG_PRINT=0 -DENABLE_MEASURE_EXE_TIME=0 -DENABLE_MERGE_BACK_PLAN=0 -DENABLE_PARALLEL_EXECUTION=0 -DENABLE_QUERY_SPLIT=1 -DENABLE_SPECIFY_EST_STAT=0 -I/home/pei/Project/duckdb-polr/src/include -I/home/pei/Project/duckdb-polr/third_party/fsst -I/home/pei/Project/duckdb-polr/third_party/fmt/include -I/home/pei/Project/duckdb-polr/third_party/hyperloglog -I/home/pei/Project/duckdb-polr/third_party/fastpforlib -I/home/pei/Project/duckdb-polr/third_party/fast_float -I/home/pei/Project/duckdb-polr/third_party/re2 -I/home/pei/Project/duckdb-polr/third_party/miniz -I/home/pei/Project/duckdb-polr/third_party/utf8proc/include -I/home/pei/Project/duckdb-polr/third_party/miniparquet -I/home/pei/Project/duckdb-polr/third_party/concurrentqueue -I/home/pei/Project/duckdb-polr/third_party/pcg -I/home/pei/Project/duckdb-polr/third_party/tdigest -I/home/pei/Project/duckdb-polr/third_party/mbedtls/include -I/home/pei/Project/duckdb-polr/third_party/jaro_winkler -I/home/pei/Project/duckdb-polr/extension/parquet/include -I/home/pei/Project/duckdb-polr/extension/parquet/../../third_party/parquet -I/home/pei/Project/duckdb-polr/extension/parquet/../../third_party/snappy -I/home/pei/Project/duckdb-polr/extension/parquet/../../third_party/miniz -I/home/pei/Project/duckdb-polr/extension/parquet/../../third_party/thrift -I/home/pei/Project/duckdb-polr/extension/parquet/../../third_party/zstd/include -O3 -DNDEBUG -O3 -DNDEBUG   -fPIC -fdiagnostics-color=always -std=c++11 -MD -MT extension/parquet/CMakeFiles/parquet_loadable_extension.dir/__/__/third_party/zstd/compress/zstd_ldm.cpp.o -MF extension/parquet/CMakeFiles/parquet_loadable_extension.dir/__/__/third_party/zstd/compress/zstd_ldm.cpp.o.d -o extension/parquet/CMakeFiles/parquet_loadable_extension.dir/__/__/third_party/zstd/compress/zstd_ldm.cpp.o -c /home/pei/Project/duckdb-polr/third_party/zstd/compress/zstd_ldm.cpp
[204/376] /usr/bin/ccache /usr/lib/ccache/c++ -DDUCKDB_BUILD_LIBRARY -DDUCKDB_BUILD_LOADABLE_EXTENSION -DENABLE_CROSS_PRODUCT_REWRITE=0 -DENABLE_DEBUG_PRINT=0 -DENABLE_MEASURE_EXE_TIME=0 -DENABLE_MERGE_BACK_PLAN=0 -DENABLE_PARALLEL_EXECUTION=0 -DENABLE_QUERY_SPLIT=1 -DENABLE_SPECIFY_EST_STAT=0 -I/home/pei/Project/duckdb-polr/src/include -I/home/pei/Project/duckdb-polr/third_party/fsst -I/home/pei/Project/duckdb-polr/third_party/fmt/include -I/home/pei/Project/duckdb-polr/third_party/hyperloglog -I/home/pei/Project/duckdb-polr/third_party/fastpforlib -I/home/pei/Project/duckdb-polr/third_party/fast_float -I/home/pei/Project/duckdb-polr/third_party/re2 -I/home/pei/Project/duckdb-polr/third_party/miniz -I/home/pei/Project/duckdb-polr/third_party/utf8proc/include -I/home/pei/Project/duckdb-polr/third_party/miniparquet -I/home/pei/Project/duckdb-polr/third_party/concurrentqueue -I/home/pei/Project/duckdb-polr/third_party/pcg -I/home/pei/Project/duckdb-polr/third_party/tdigest -I/home/pei/Project/duckdb-polr/third_party/mbedtls/include -I/home/pei/Project/duckdb-polr/third_party/jaro_winkler -I/home/pei/Project/duckdb-polr/extension/parquet/include -I/home/pei/Project/duckdb-polr/extension/parquet/../../third_party/parquet -I/home/pei/Project/duckdb-polr/extension/parquet/../../third_party/snappy -I/home/pei/Project/duckdb-polr/extension/parquet/../../third_party/miniz -I/home/pei/Project/duckdb-polr/extension/parquet/../../third_party/thrift -I/home/pei/Project/duckdb-polr/extension/parquet/../../third_party/zstd/include -O3 -DNDEBUG -O3 -DNDEBUG   -fPIC -fdiagnostics-color=always -std=c++11 -MD -MT extension/parquet/CMakeFiles/parquet_loadable_extension.dir/__/__/third_party/zstd/compress/zstd_lazy.cpp.o -MF extension/parquet/CMakeFiles/parquet_loadable_extension.dir/__/__/third_party/zstd/compress/zstd_lazy.cpp.o.d -o extension/parquet/CMakeFiles/parquet_loadable_extension.dir/__/__/third_party/zstd/compress/zstd_lazy.cpp.o -c /home/pei/Project/duckdb-polr/third_party/zstd/compress/zstd_lazy.cpp
[205/376] /usr/bin/ccache /usr/lib/ccache/c++ -DDUCKDB_BUILD_LIBRARY -DDUCKDB_BUILD_LOADABLE_EXTENSION -DENABLE_CROSS_PRODUCT_REWRITE=0 -DENABLE_DEBUG_PRINT=0 -DENABLE_MEASURE_EXE_TIME=0 -DENABLE_MERGE_BACK_PLAN=0 -DENABLE_PARALLEL_EXECUTION=0 -DENABLE_QUERY_SPLIT=1 -DENABLE_SPECIFY_EST_STAT=0 -I/home/pei/Project/duckdb-polr/src/include -I/home/pei/Project/duckdb-polr/third_party/fsst -I/home/pei/Project/duckdb-polr/third_party/fmt/include -I/home/pei/Project/duckdb-polr/third_party/hyperloglog -I/home/pei/Project/duckdb-polr/third_party/fastpforlib -I/home/pei/Project/duckdb-polr/third_party/fast_float -I/home/pei/Project/duckdb-polr/third_party/re2 -I/home/pei/Project/duckdb-polr/third_party/miniz -I/home/pei/Project/duckdb-polr/third_party/utf8proc/include -I/home/pei/Project/duckdb-polr/third_party/miniparquet -I/home/pei/Project/duckdb-polr/third_party/concurrentqueue -I/home/pei/Project/duckdb-polr/third_party/pcg -I/home/pei/Project/duckdb-polr/third_party/tdigest -I/home/pei/Project/duckdb-polr/third_party/mbedtls/include -I/home/pei/Project/duckdb-polr/third_party/jaro_winkler -I/home/pei/Project/duckdb-polr/extension/parquet/include -I/home/pei/Project/duckdb-polr/extension/parquet/../../third_party/parquet -I/home/pei/Project/duckdb-polr/extension/parquet/../../third_party/snappy -I/home/pei/Project/duckdb-polr/extension/parquet/../../third_party/miniz -I/home/pei/Project/duckdb-polr/extension/parquet/../../third_party/thrift -I/home/pei/Project/duckdb-polr/extension/parquet/../../third_party/zstd/include -O3 -DNDEBUG -O3 -DNDEBUG   -fPIC -fdiagnostics-color=always -std=c++11 -MD -MT extension/parquet/CMakeFiles/parquet_loadable_extension.dir/__/__/third_party/zstd/compress/zstd_opt.cpp.o -MF extension/parquet/CMakeFiles/parquet_loadable_extension.dir/__/__/third_party/zstd/compress/zstd_opt.cpp.o.d -o extension/parquet/CMakeFiles/parquet_loadable_extension.dir/__/__/third_party/zstd/compress/zstd_opt.cpp.o -c /home/pei/Project/duckdb-polr/third_party/zstd/compress/zstd_opt.cpp
[206/376] : && /usr/lib/ccache/c++ -fPIC -O3 -DNDEBUG -O3 -DNDEBUG   -shared -Wl,-soname,parquet.duckdb_extension -o extension/parquet/parquet.duckdb_extension extension/parquet/CMakeFiles/parquet_loadable_extension.dir/column_writer.cpp.o extension/parquet/CMakeFiles/parquet_loadable_extension.dir/parquet-extension.cpp.o extension/parquet/CMakeFiles/parquet_loadable_extension.dir/parquet_metadata.cpp.o extension/parquet/CMakeFiles/parquet_loadable_extension.dir/parquet_reader.cpp.o extension/parquet/CMakeFiles/parquet_loadable_extension.dir/parquet_timestamp.cpp.o extension/parquet/CMakeFiles/parquet_loadable_extension.dir/parquet_writer.cpp.o extension/parquet/CMakeFiles/parquet_loadable_extension.dir/parquet_statistics.cpp.o extension/parquet/CMakeFiles/parquet_loadable_extension.dir/zstd_file_system.cpp.o extension/parquet/CMakeFiles/parquet_loadable_extension.dir/column_reader.cpp.o extension/parquet/CMakeFiles/parquet_loadable_extension.dir/__/__/third_party/parquet/parquet_constants.cpp.o extension/parquet/CMakeFiles/parquet_loadable_extension.dir/__/__/third_party/parquet/parquet_types.cpp.o extension/parquet/CMakeFiles/parquet_loadable_extension.dir/__/__/third_party/thrift/thrift/protocol/TProtocol.cpp.o extension/parquet/CMakeFiles/parquet_loadable_extension.dir/__/__/third_party/thrift/thrift/transport/TTransportException.cpp.o extension/parquet/CMakeFiles/parquet_loadable_extension.dir/__/__/third_party/thrift/thrift/transport/TBufferTransports.cpp.o extension/parquet/CMakeFiles/parquet_loadable_extension.dir/__/__/third_party/snappy/snappy.cc.o extension/parquet/CMakeFiles/parquet_loadable_extension.dir/__/__/third_party/snappy/snappy-sinksource.cc.o extension/parquet/CMakeFiles/parquet_loadable_extension.dir/__/__/third_party/zstd/decompress/zstd_ddict.cpp.o extension/parquet/CMakeFiles/parquet_loadable_extension.dir/__/__/third_party/zstd/decompress/huf_decompress.cpp.o extension/parquet/CMakeFiles/parquet_loadable_extension.dir/__/__/third_party/zstd/decompress/zstd_decompress.cpp.o extension/parquet/CMakeFiles/parquet_loadable_extension.dir/__/__/third_party/zstd/decompress/zstd_decompress_block.cpp.o extension/parquet/CMakeFiles/parquet_loadable_extension.dir/__/__/third_party/zstd/common/entropy_common.cpp.o extension/parquet/CMakeFiles/parquet_loadable_extension.dir/__/__/third_party/zstd/common/fse_decompress.cpp.o extension/parquet/CMakeFiles/parquet_loadable_extension.dir/__/__/third_party/zstd/common/zstd_common.cpp.o extension/parquet/CMakeFiles/parquet_loadable_extension.dir/__/__/third_party/zstd/common/error_private.cpp.o extension/parquet/CMakeFiles/parquet_loadable_extension.dir/__/__/third_party/zstd/common/xxhash.cpp.o extension/parquet/CMakeFiles/parquet_loadable_extension.dir/__/__/third_party/zstd/compress/fse_compress.cpp.o extension/parquet/CMakeFiles/parquet_loadable_extension.dir/__/__/third_party/zstd/compress/hist.cpp.o extension/parquet/CMakeFiles/parquet_loadable_extension.dir/__/__/third_party/zstd/compress/huf_compress.cpp.o extension/parquet/CMakeFiles/parquet_loadable_extension.dir/__/__/third_party/zstd/compress/zstd_compress.cpp.o extension/parquet/CMakeFiles/parquet_loadable_extension.dir/__/__/third_party/zstd/compress/zstd_compress_literals.cpp.o extension/parquet/CMakeFiles/parquet_loadable_extension.dir/__/__/third_party/zstd/compress/zstd_compress_sequences.cpp.o extension/parquet/CMakeFiles/parquet_loadable_extension.dir/__/__/third_party/zstd/compress/zstd_compress_superblock.cpp.o extension/parquet/CMakeFiles/parquet_loadable_extension.dir/__/__/third_party/zstd/compress/zstd_double_fast.cpp.o extension/parquet/CMakeFiles/parquet_loadable_extension.dir/__/__/third_party/zstd/compress/zstd_fast.cpp.o extension/parquet/CMakeFiles/parquet_loadable_extension.dir/__/__/third_party/zstd/compress/zstd_lazy.cpp.o extension/parquet/CMakeFiles/parquet_loadable_extension.dir/__/__/third_party/zstd/compress/zstd_ldm.cpp.o extension/parquet/CMakeFiles/parquet_loadable_extension.dir/__/__/third_party/zstd/compress/zstd_opt.cpp.o   && :
[207/376] /usr/bin/ccache /usr/lib/ccache/c++ -DDUCKDB_BUILD_LIBRARY -DENABLE_CROSS_PRODUCT_REWRITE=0 -DENABLE_DEBUG_PRINT=0 -DENABLE_MEASURE_EXE_TIME=0 -DENABLE_MERGE_BACK_PLAN=0 -DENABLE_PARALLEL_EXECUTION=0 -DENABLE_QUERY_SPLIT=1 -DENABLE_SPECIFY_EST_STAT=0 -DJEMALLOC_NO_PRIVATE_NAMESPACE -DJEMALLOC_NO_RENAME -I/home/pei/Project/duckdb-polr/src/include -I/home/pei/Project/duckdb-polr/third_party/fsst -I/home/pei/Project/duckdb-polr/third_party/fmt/include -I/home/pei/Project/duckdb-polr/third_party/hyperloglog -I/home/pei/Project/duckdb-polr/third_party/fastpforlib -I/home/pei/Project/duckdb-polr/third_party/fast_float -I/home/pei/Project/duckdb-polr/third_party/re2 -I/home/pei/Project/duckdb-polr/third_party/miniz -I/home/pei/Project/duckdb-polr/third_party/utf8proc/include -I/home/pei/Project/duckdb-polr/third_party/miniparquet -I/home/pei/Project/duckdb-polr/third_party/concurrentqueue -I/home/pei/Project/duckdb-polr/third_party/pcg -I/home/pei/Project/duckdb-polr/third_party/tdigest -I/home/pei/Project/duckdb-polr/third_party/mbedtls/include -I/home/pei/Project/duckdb-polr/third_party/jaro_winkler -I/home/pei/Project/duckdb-polr/extension/jemalloc/include -I/home/pei/Project/duckdb-polr/extension/jemalloc/jemalloc/include -O3 -DNDEBUG -O3 -DNDEBUG   -fPIC -fdiagnostics-color=always -w -std=c++11 -MD -MT extension/jemalloc/jemalloc/CMakeFiles/jemalloc.dir/src/cache_bin.cpp.o -MF extension/jemalloc/jemalloc/CMakeFiles/jemalloc.dir/src/cache_bin.cpp.o.d -o extension/jemalloc/jemalloc/CMakeFiles/jemalloc.dir/src/cache_bin.cpp.o -c /home/pei/Project/duckdb-polr/extension/jemalloc/jemalloc/src/cache_bin.cpp
[208/376] /usr/bin/ccache /usr/lib/ccache/c++ -DDUCKDB_BUILD_LIBRARY -DENABLE_CROSS_PRODUCT_REWRITE=0 -DENABLE_DEBUG_PRINT=0 -DENABLE_MEASURE_EXE_TIME=0 -DENABLE_MERGE_BACK_PLAN=0 -DENABLE_PARALLEL_EXECUTION=0 -DENABLE_QUERY_SPLIT=1 -DENABLE_SPECIFY_EST_STAT=0 -DJEMALLOC_NO_PRIVATE_NAMESPACE -DJEMALLOC_NO_RENAME -I/home/pei/Project/duckdb-polr/src/include -I/home/pei/Project/duckdb-polr/third_party/fsst -I/home/pei/Project/duckdb-polr/third_party/fmt/include -I/home/pei/Project/duckdb-polr/third_party/hyperloglog -I/home/pei/Project/duckdb-polr/third_party/fastpforlib -I/home/pei/Project/duckdb-polr/third_party/fast_float -I/home/pei/Project/duckdb-polr/third_party/re2 -I/home/pei/Project/duckdb-polr/third_party/miniz -I/home/pei/Project/duckdb-polr/third_party/utf8proc/include -I/home/pei/Project/duckdb-polr/third_party/miniparquet -I/home/pei/Project/duckdb-polr/third_party/concurrentqueue -I/home/pei/Project/duckdb-polr/third_party/pcg -I/home/pei/Project/duckdb-polr/third_party/tdigest -I/home/pei/Project/duckdb-polr/third_party/mbedtls/include -I/home/pei/Project/duckdb-polr/third_party/jaro_winkler -I/home/pei/Project/duckdb-polr/extension/jemalloc/include -I/home/pei/Project/duckdb-polr/extension/jemalloc/jemalloc/include -O3 -DNDEBUG -O3 -DNDEBUG   -fPIC -fdiagnostics-color=always -w -std=c++11 -MD -MT extension/jemalloc/jemalloc/CMakeFiles/jemalloc.dir/src/bin.cpp.o -MF extension/jemalloc/jemalloc/CMakeFiles/jemalloc.dir/src/bin.cpp.o.d -o extension/jemalloc/jemalloc/CMakeFiles/jemalloc.dir/src/bin.cpp.o -c /home/pei/Project/duckdb-polr/extension/jemalloc/jemalloc/src/bin.cpp
[209/376] /usr/bin/ccache /usr/lib/ccache/c++ -DDUCKDB_BUILD_LIBRARY -DENABLE_CROSS_PRODUCT_REWRITE=0 -DENABLE_DEBUG_PRINT=0 -DENABLE_MEASURE_EXE_TIME=0 -DENABLE_MERGE_BACK_PLAN=0 -DENABLE_PARALLEL_EXECUTION=0 -DENABLE_QUERY_SPLIT=1 -DENABLE_SPECIFY_EST_STAT=0 -DJEMALLOC_NO_PRIVATE_NAMESPACE -DJEMALLOC_NO_RENAME -I/home/pei/Project/duckdb-polr/src/include -I/home/pei/Project/duckdb-polr/third_party/fsst -I/home/pei/Project/duckdb-polr/third_party/fmt/include -I/home/pei/Project/duckdb-polr/third_party/hyperloglog -I/home/pei/Project/duckdb-polr/third_party/fastpforlib -I/home/pei/Project/duckdb-polr/third_party/fast_float -I/home/pei/Project/duckdb-polr/third_party/re2 -I/home/pei/Project/duckdb-polr/third_party/miniz -I/home/pei/Project/duckdb-polr/third_party/utf8proc/include -I/home/pei/Project/duckdb-polr/third_party/miniparquet -I/home/pei/Project/duckdb-polr/third_party/concurrentqueue -I/home/pei/Project/duckdb-polr/third_party/pcg -I/home/pei/Project/duckdb-polr/third_party/tdigest -I/home/pei/Project/duckdb-polr/third_party/mbedtls/include -I/home/pei/Project/duckdb-polr/third_party/jaro_winkler -I/home/pei/Project/duckdb-polr/extension/jemalloc/include -I/home/pei/Project/duckdb-polr/extension/jemalloc/jemalloc/include -O3 -DNDEBUG -O3 -DNDEBUG   -fPIC -fdiagnostics-color=always -w -std=c++11 -MD -MT extension/jemalloc/jemalloc/CMakeFiles/jemalloc.dir/src/arena.cpp.o -MF extension/jemalloc/jemalloc/CMakeFiles/jemalloc.dir/src/arena.cpp.o.d -o extension/jemalloc/jemalloc/CMakeFiles/jemalloc.dir/src/arena.cpp.o -c /home/pei/Project/duckdb-polr/extension/jemalloc/jemalloc/src/arena.cpp
[210/376] /usr/bin/ccache /usr/lib/ccache/c++ -DDUCKDB_BUILD_LIBRARY -DENABLE_CROSS_PRODUCT_REWRITE=0 -DENABLE_DEBUG_PRINT=0 -DENABLE_MEASURE_EXE_TIME=0 -DENABLE_MERGE_BACK_PLAN=0 -DENABLE_PARALLEL_EXECUTION=0 -DENABLE_QUERY_SPLIT=1 -DENABLE_SPECIFY_EST_STAT=0 -DJEMALLOC_NO_PRIVATE_NAMESPACE -DJEMALLOC_NO_RENAME -I/home/pei/Project/duckdb-polr/src/include -I/home/pei/Project/duckdb-polr/third_party/fsst -I/home/pei/Project/duckdb-polr/third_party/fmt/include -I/home/pei/Project/duckdb-polr/third_party/hyperloglog -I/home/pei/Project/duckdb-polr/third_party/fastpforlib -I/home/pei/Project/duckdb-polr/third_party/fast_float -I/home/pei/Project/duckdb-polr/third_party/re2 -I/home/pei/Project/duckdb-polr/third_party/miniz -I/home/pei/Project/duckdb-polr/third_party/utf8proc/include -I/home/pei/Project/duckdb-polr/third_party/miniparquet -I/home/pei/Project/duckdb-polr/third_party/concurrentqueue -I/home/pei/Project/duckdb-polr/third_party/pcg -I/home/pei/Project/duckdb-polr/third_party/tdigest -I/home/pei/Project/duckdb-polr/third_party/mbedtls/include -I/home/pei/Project/duckdb-polr/third_party/jaro_winkler -I/home/pei/Project/duckdb-polr/extension/jemalloc/include -I/home/pei/Project/duckdb-polr/extension/jemalloc/jemalloc/include -O3 -DNDEBUG -O3 -DNDEBUG   -fPIC -fdiagnostics-color=always -w -std=c++11 -MD -MT extension/jemalloc/jemalloc/CMakeFiles/jemalloc.dir/src/bin_info.cpp.o -MF extension/jemalloc/jemalloc/CMakeFiles/jemalloc.dir/src/bin_info.cpp.o.d -o extension/jemalloc/jemalloc/CMakeFiles/jemalloc.dir/src/bin_info.cpp.o -c /home/pei/Project/duckdb-polr/extension/jemalloc/jemalloc/src/bin_info.cpp
[211/376] /usr/bin/ccache /usr/lib/ccache/c++ -DDUCKDB_BUILD_LIBRARY -DENABLE_CROSS_PRODUCT_REWRITE=0 -DENABLE_DEBUG_PRINT=0 -DENABLE_MEASURE_EXE_TIME=0 -DENABLE_MERGE_BACK_PLAN=0 -DENABLE_PARALLEL_EXECUTION=0 -DENABLE_QUERY_SPLIT=1 -DENABLE_SPECIFY_EST_STAT=0 -I/home/pei/Project/duckdb-polr/src/include -I/home/pei/Project/duckdb-polr/third_party/fsst -I/home/pei/Project/duckdb-polr/third_party/fmt/include -I/home/pei/Project/duckdb-polr/third_party/hyperloglog -I/home/pei/Project/duckdb-polr/third_party/fastpforlib -I/home/pei/Project/duckdb-polr/third_party/fast_float -I/home/pei/Project/duckdb-polr/third_party/re2 -I/home/pei/Project/duckdb-polr/third_party/miniz -I/home/pei/Project/duckdb-polr/third_party/utf8proc/include -I/home/pei/Project/duckdb-polr/third_party/miniparquet -I/home/pei/Project/duckdb-polr/third_party/concurrentqueue -I/home/pei/Project/duckdb-polr/third_party/pcg -I/home/pei/Project/duckdb-polr/third_party/tdigest -I/home/pei/Project/duckdb-polr/third_party/mbedtls/include -I/home/pei/Project/duckdb-polr/third_party/jaro_winkler -I/home/pei/Project/duckdb-polr/extension/jemalloc/include -I/home/pei/Project/duckdb-polr/extension/jemalloc/jemalloc/include -O3 -DNDEBUG -O3 -DNDEBUG   -fPIC -fdiagnostics-color=always -std=c++11 -MD -MT extension/jemalloc/CMakeFiles/jemalloc_extension.dir/jemalloc-extension.cpp.o -MF extension/jemalloc/CMakeFiles/jemalloc_extension.dir/jemalloc-extension.cpp.o.d -o extension/jemalloc/CMakeFiles/jemalloc_extension.dir/jemalloc-extension.cpp.o -c /home/pei/Project/duckdb-polr/extension/jemalloc/jemalloc-extension.cpp
[212/376] /usr/bin/ccache /usr/lib/ccache/c++ -DDUCKDB_BUILD_LIBRARY -DENABLE_CROSS_PRODUCT_REWRITE=0 -DENABLE_DEBUG_PRINT=0 -DENABLE_MEASURE_EXE_TIME=0 -DENABLE_MERGE_BACK_PLAN=0 -DENABLE_PARALLEL_EXECUTION=0 -DENABLE_QUERY_SPLIT=1 -DENABLE_SPECIFY_EST_STAT=0 -DJEMALLOC_NO_PRIVATE_NAMESPACE -DJEMALLOC_NO_RENAME -I/home/pei/Project/duckdb-polr/src/include -I/home/pei/Project/duckdb-polr/third_party/fsst -I/home/pei/Project/duckdb-polr/third_party/fmt/include -I/home/pei/Project/duckdb-polr/third_party/hyperloglog -I/home/pei/Project/duckdb-polr/third_party/fastpforlib -I/home/pei/Project/duckdb-polr/third_party/fast_float -I/home/pei/Project/duckdb-polr/third_party/re2 -I/home/pei/Project/duckdb-polr/third_party/miniz -I/home/pei/Project/duckdb-polr/third_party/utf8proc/include -I/home/pei/Project/duckdb-polr/third_party/miniparquet -I/home/pei/Project/duckdb-polr/third_party/concurrentqueue -I/home/pei/Project/duckdb-polr/third_party/pcg -I/home/pei/Project/duckdb-polr/third_party/tdigest -I/home/pei/Project/duckdb-polr/third_party/mbedtls/include -I/home/pei/Project/duckdb-polr/third_party/jaro_winkler -I/home/pei/Project/duckdb-polr/extension/jemalloc/include -I/home/pei/Project/duckdb-polr/extension/jemalloc/jemalloc/include -O3 -DNDEBUG -O3 -DNDEBUG   -fPIC -fdiagnostics-color=always -w -std=c++11 -MD -MT extension/jemalloc/jemalloc/CMakeFiles/jemalloc.dir/src/bitmap.cpp.o -MF extension/jemalloc/jemalloc/CMakeFiles/jemalloc.dir/src/bitmap.cpp.o.d -o extension/jemalloc/jemalloc/CMakeFiles/jemalloc.dir/src/bitmap.cpp.o -c /home/pei/Project/duckdb-polr/extension/jemalloc/jemalloc/src/bitmap.cpp
[213/376] /usr/bin/ccache /usr/lib/ccache/c++ -DDUCKDB_BUILD_LIBRARY -DENABLE_CROSS_PRODUCT_REWRITE=0 -DENABLE_DEBUG_PRINT=0 -DENABLE_MEASURE_EXE_TIME=0 -DENABLE_MERGE_BACK_PLAN=0 -DENABLE_PARALLEL_EXECUTION=0 -DENABLE_QUERY_SPLIT=1 -DENABLE_SPECIFY_EST_STAT=0 -DJEMALLOC_NO_PRIVATE_NAMESPACE -DJEMALLOC_NO_RENAME -I/home/pei/Project/duckdb-polr/src/include -I/home/pei/Project/duckdb-polr/third_party/fsst -I/home/pei/Project/duckdb-polr/third_party/fmt/include -I/home/pei/Project/duckdb-polr/third_party/hyperloglog -I/home/pei/Project/duckdb-polr/third_party/fastpforlib -I/home/pei/Project/duckdb-polr/third_party/fast_float -I/home/pei/Project/duckdb-polr/third_party/re2 -I/home/pei/Project/duckdb-polr/third_party/miniz -I/home/pei/Project/duckdb-polr/third_party/utf8proc/include -I/home/pei/Project/duckdb-polr/third_party/miniparquet -I/home/pei/Project/duckdb-polr/third_party/concurrentqueue -I/home/pei/Project/duckdb-polr/third_party/pcg -I/home/pei/Project/duckdb-polr/third_party/tdigest -I/home/pei/Project/duckdb-polr/third_party/mbedtls/include -I/home/pei/Project/duckdb-polr/third_party/jaro_winkler -I/home/pei/Project/duckdb-polr/extension/jemalloc/include -I/home/pei/Project/duckdb-polr/extension/jemalloc/jemalloc/include -O3 -DNDEBUG -O3 -DNDEBUG   -fPIC -fdiagnostics-color=always -w -std=c++11 -MD -MT extension/jemalloc/jemalloc/CMakeFiles/jemalloc.dir/src/buf_writer.cpp.o -MF extension/jemalloc/jemalloc/CMakeFiles/jemalloc.dir/src/buf_writer.cpp.o.d -o extension/jemalloc/jemalloc/CMakeFiles/jemalloc.dir/src/buf_writer.cpp.o -c /home/pei/Project/duckdb-polr/extension/jemalloc/jemalloc/src/buf_writer.cpp
[214/376] /usr/bin/ccache /usr/lib/ccache/c++ -DDUCKDB_BUILD_LIBRARY -DENABLE_CROSS_PRODUCT_REWRITE=0 -DENABLE_DEBUG_PRINT=0 -DENABLE_MEASURE_EXE_TIME=0 -DENABLE_MERGE_BACK_PLAN=0 -DENABLE_PARALLEL_EXECUTION=0 -DENABLE_QUERY_SPLIT=1 -DENABLE_SPECIFY_EST_STAT=0 -I/home/pei/Project/duckdb-polr/src/include -I/home/pei/Project/duckdb-polr/third_party/fsst -I/home/pei/Project/duckdb-polr/third_party/fmt/include -I/home/pei/Project/duckdb-polr/third_party/hyperloglog -I/home/pei/Project/duckdb-polr/third_party/fastpforlib -I/home/pei/Project/duckdb-polr/third_party/fast_float -I/home/pei/Project/duckdb-polr/third_party/re2 -I/home/pei/Project/duckdb-polr/third_party/miniz -I/home/pei/Project/duckdb-polr/third_party/utf8proc/include -I/home/pei/Project/duckdb-polr/third_party/miniparquet -I/home/pei/Project/duckdb-polr/third_party/concurrentqueue -I/home/pei/Project/duckdb-polr/third_party/pcg -I/home/pei/Project/duckdb-polr/third_party/tdigest -I/home/pei/Project/duckdb-polr/third_party/mbedtls/include -I/home/pei/Project/duckdb-polr/third_party/jaro_winkler -I/home/pei/Project/duckdb-polr/extension/parquet/include -I/home/pei/Project/duckdb-polr/extension/parquet/../../third_party/parquet -I/home/pei/Project/duckdb-polr/extension/parquet/../../third_party/snappy -I/home/pei/Project/duckdb-polr/extension/parquet/../../third_party/miniz -I/home/pei/Project/duckdb-polr/extension/parquet/../../third_party/thrift -I/home/pei/Project/duckdb-polr/extension/parquet/../../third_party/zstd/include -I/home/pei/Project/duckdb-polr/third_party/libpg_query/include -O3 -DNDEBUG -O3 -DNDEBUG   -fPIE -fdiagnostics-color=always -std=c++11 -MD -MT extension/parquet/CMakeFiles/parquetcli.dir/parquetcli.cpp.o -MF extension/parquet/CMakeFiles/parquetcli.dir/parquetcli.cpp.o.d -o extension/parquet/CMakeFiles/parquetcli.dir/parquetcli.cpp.o -c /home/pei/Project/duckdb-polr/extension/parquet/parquetcli.cpp
[215/376] /usr/bin/ccache /usr/lib/ccache/c++ -DDUCKDB_BUILD_LIBRARY -DENABLE_CROSS_PRODUCT_REWRITE=0 -DENABLE_DEBUG_PRINT=0 -DENABLE_MEASURE_EXE_TIME=0 -DENABLE_MERGE_BACK_PLAN=0 -DENABLE_PARALLEL_EXECUTION=0 -DENABLE_QUERY_SPLIT=1 -DENABLE_SPECIFY_EST_STAT=0 -DJEMALLOC_NO_PRIVATE_NAMESPACE -DJEMALLOC_NO_RENAME -I/home/pei/Project/duckdb-polr/src/include -I/home/pei/Project/duckdb-polr/third_party/fsst -I/home/pei/Project/duckdb-polr/third_party/fmt/include -I/home/pei/Project/duckdb-polr/third_party/hyperloglog -I/home/pei/Project/duckdb-polr/third_party/fastpforlib -I/home/pei/Project/duckdb-polr/third_party/fast_float -I/home/pei/Project/duckdb-polr/third_party/re2 -I/home/pei/Project/duckdb-polr/third_party/miniz -I/home/pei/Project/duckdb-polr/third_party/utf8proc/include -I/home/pei/Project/duckdb-polr/third_party/miniparquet -I/home/pei/Project/duckdb-polr/third_party/concurrentqueue -I/home/pei/Project/duckdb-polr/third_party/pcg -I/home/pei/Project/duckdb-polr/third_party/tdigest -I/home/pei/Project/duckdb-polr/third_party/mbedtls/include -I/home/pei/Project/duckdb-polr/third_party/jaro_winkler -I/home/pei/Project/duckdb-polr/extension/jemalloc/include -I/home/pei/Project/duckdb-polr/extension/jemalloc/jemalloc/include -O3 -DNDEBUG -O3 -DNDEBUG   -fPIC -fdiagnostics-color=always -w -std=c++11 -MD -MT extension/jemalloc/jemalloc/CMakeFiles/jemalloc.dir/src/background_thread.cpp.o -MF extension/jemalloc/jemalloc/CMakeFiles/jemalloc.dir/src/background_thread.cpp.o.d -o extension/jemalloc/jemalloc/CMakeFiles/jemalloc.dir/src/background_thread.cpp.o -c /home/pei/Project/duckdb-polr/extension/jemalloc/jemalloc/src/background_thread.cpp
[216/376] /usr/bin/ccache /usr/lib/ccache/c++ -DDUCKDB_BUILD_LIBRARY -DENABLE_CROSS_PRODUCT_REWRITE=0 -DENABLE_DEBUG_PRINT=0 -DENABLE_MEASURE_EXE_TIME=0 -DENABLE_MERGE_BACK_PLAN=0 -DENABLE_PARALLEL_EXECUTION=0 -DENABLE_QUERY_SPLIT=1 -DENABLE_SPECIFY_EST_STAT=0 -DJEMALLOC_NO_PRIVATE_NAMESPACE -DJEMALLOC_NO_RENAME -I/home/pei/Project/duckdb-polr/src/include -I/home/pei/Project/duckdb-polr/third_party/fsst -I/home/pei/Project/duckdb-polr/third_party/fmt/include -I/home/pei/Project/duckdb-polr/third_party/hyperloglog -I/home/pei/Project/duckdb-polr/third_party/fastpforlib -I/home/pei/Project/duckdb-polr/third_party/fast_float -I/home/pei/Project/duckdb-polr/third_party/re2 -I/home/pei/Project/duckdb-polr/third_party/miniz -I/home/pei/Project/duckdb-polr/third_party/utf8proc/include -I/home/pei/Project/duckdb-polr/third_party/miniparquet -I/home/pei/Project/duckdb-polr/third_party/concurrentqueue -I/home/pei/Project/duckdb-polr/third_party/pcg -I/home/pei/Project/duckdb-polr/third_party/tdigest -I/home/pei/Project/duckdb-polr/third_party/mbedtls/include -I/home/pei/Project/duckdb-polr/third_party/jaro_winkler -I/home/pei/Project/duckdb-polr/extension/jemalloc/include -I/home/pei/Project/duckdb-polr/extension/jemalloc/jemalloc/include -O3 -DNDEBUG -O3 -DNDEBUG   -fPIC -fdiagnostics-color=always -w -std=c++11 -MD -MT extension/jemalloc/jemalloc/CMakeFiles/jemalloc.dir/src/base.cpp.o -MF extension/jemalloc/jemalloc/CMakeFiles/jemalloc.dir/src/base.cpp.o.d -o extension/jemalloc/jemalloc/CMakeFiles/jemalloc.dir/src/base.cpp.o -c /home/pei/Project/duckdb-polr/extension/jemalloc/jemalloc/src/base.cpp
[217/376] /usr/bin/ccache /usr/lib/ccache/c++ -DDUCKDB_BUILD_LIBRARY -DENABLE_CROSS_PRODUCT_REWRITE=0 -DENABLE_DEBUG_PRINT=0 -DENABLE_MEASURE_EXE_TIME=0 -DENABLE_MERGE_BACK_PLAN=0 -DENABLE_PARALLEL_EXECUTION=0 -DENABLE_QUERY_SPLIT=1 -DENABLE_SPECIFY_EST_STAT=0 -DJEMALLOC_NO_PRIVATE_NAMESPACE -DJEMALLOC_NO_RENAME -I/home/pei/Project/duckdb-polr/src/include -I/home/pei/Project/duckdb-polr/third_party/fsst -I/home/pei/Project/duckdb-polr/third_party/fmt/include -I/home/pei/Project/duckdb-polr/third_party/hyperloglog -I/home/pei/Project/duckdb-polr/third_party/fastpforlib -I/home/pei/Project/duckdb-polr/third_party/fast_float -I/home/pei/Project/duckdb-polr/third_party/re2 -I/home/pei/Project/duckdb-polr/third_party/miniz -I/home/pei/Project/duckdb-polr/third_party/utf8proc/include -I/home/pei/Project/duckdb-polr/third_party/miniparquet -I/home/pei/Project/duckdb-polr/third_party/concurrentqueue -I/home/pei/Project/duckdb-polr/third_party/pcg -I/home/pei/Project/duckdb-polr/third_party/tdigest -I/home/pei/Project/duckdb-polr/third_party/mbedtls/include -I/home/pei/Project/duckdb-polr/third_party/jaro_winkler -I/home/pei/Project/duckdb-polr/extension/jemalloc/include -I/home/pei/Project/duckdb-polr/extension/jemalloc/jemalloc/include -O3 -DNDEBUG -O3 -DNDEBUG   -fPIC -fdiagnostics-color=always -w -std=c++11 -MD -MT extension/jemalloc/jemalloc/CMakeFiles/jemalloc.dir/src/ckh.cpp.o -MF extension/jemalloc/jemalloc/CMakeFiles/jemalloc.dir/src/ckh.cpp.o.d -o extension/jemalloc/jemalloc/CMakeFiles/jemalloc.dir/src/ckh.cpp.o -c /home/pei/Project/duckdb-polr/extension/jemalloc/jemalloc/src/ckh.cpp
[218/376] /usr/bin/ccache /usr/lib/ccache/c++ -DDUCKDB_BUILD_LIBRARY -DENABLE_CROSS_PRODUCT_REWRITE=0 -DENABLE_DEBUG_PRINT=0 -DENABLE_MEASURE_EXE_TIME=0 -DENABLE_MERGE_BACK_PLAN=0 -DENABLE_PARALLEL_EXECUTION=0 -DENABLE_QUERY_SPLIT=1 -DENABLE_SPECIFY_EST_STAT=0 -DJEMALLOC_NO_PRIVATE_NAMESPACE -DJEMALLOC_NO_RENAME -I/home/pei/Project/duckdb-polr/src/include -I/home/pei/Project/duckdb-polr/third_party/fsst -I/home/pei/Project/duckdb-polr/third_party/fmt/include -I/home/pei/Project/duckdb-polr/third_party/hyperloglog -I/home/pei/Project/duckdb-polr/third_party/fastpforlib -I/home/pei/Project/duckdb-polr/third_party/fast_float -I/home/pei/Project/duckdb-polr/third_party/re2 -I/home/pei/Project/duckdb-polr/third_party/miniz -I/home/pei/Project/duckdb-polr/third_party/utf8proc/include -I/home/pei/Project/duckdb-polr/third_party/miniparquet -I/home/pei/Project/duckdb-polr/third_party/concurrentqueue -I/home/pei/Project/duckdb-polr/third_party/pcg -I/home/pei/Project/duckdb-polr/third_party/tdigest -I/home/pei/Project/duckdb-polr/third_party/mbedtls/include -I/home/pei/Project/duckdb-polr/third_party/jaro_winkler -I/home/pei/Project/duckdb-polr/extension/jemalloc/include -I/home/pei/Project/duckdb-polr/extension/jemalloc/jemalloc/include -O3 -DNDEBUG -O3 -DNDEBUG   -fPIC -fdiagnostics-color=always -w -std=c++11 -MD -MT extension/jemalloc/jemalloc/CMakeFiles/jemalloc.dir/src/counter.cpp.o -MF extension/jemalloc/jemalloc/CMakeFiles/jemalloc.dir/src/counter.cpp.o.d -o extension/jemalloc/jemalloc/CMakeFiles/jemalloc.dir/src/counter.cpp.o -c /home/pei/Project/duckdb-polr/extension/jemalloc/jemalloc/src/counter.cpp
[219/376] /usr/bin/ccache /usr/lib/ccache/c++ -DDUCKDB_BUILD_LIBRARY -DENABLE_CROSS_PRODUCT_REWRITE=0 -DENABLE_DEBUG_PRINT=0 -DENABLE_MEASURE_EXE_TIME=0 -DENABLE_MERGE_BACK_PLAN=0 -DENABLE_PARALLEL_EXECUTION=0 -DENABLE_QUERY_SPLIT=1 -DENABLE_SPECIFY_EST_STAT=0 -DJEMALLOC_NO_PRIVATE_NAMESPACE -DJEMALLOC_NO_RENAME -I/home/pei/Project/duckdb-polr/src/include -I/home/pei/Project/duckdb-polr/third_party/fsst -I/home/pei/Project/duckdb-polr/third_party/fmt/include -I/home/pei/Project/duckdb-polr/third_party/hyperloglog -I/home/pei/Project/duckdb-polr/third_party/fastpforlib -I/home/pei/Project/duckdb-polr/third_party/fast_float -I/home/pei/Project/duckdb-polr/third_party/re2 -I/home/pei/Project/duckdb-polr/third_party/miniz -I/home/pei/Project/duckdb-polr/third_party/utf8proc/include -I/home/pei/Project/duckdb-polr/third_party/miniparquet -I/home/pei/Project/duckdb-polr/third_party/concurrentqueue -I/home/pei/Project/duckdb-polr/third_party/pcg -I/home/pei/Project/duckdb-polr/third_party/tdigest -I/home/pei/Project/duckdb-polr/third_party/mbedtls/include -I/home/pei/Project/duckdb-polr/third_party/jaro_winkler -I/home/pei/Project/duckdb-polr/extension/jemalloc/include -I/home/pei/Project/duckdb-polr/extension/jemalloc/jemalloc/include -O3 -DNDEBUG -O3 -DNDEBUG   -fPIC -fdiagnostics-color=always -w -std=c++11 -MD -MT extension/jemalloc/jemalloc/CMakeFiles/jemalloc.dir/src/decay.cpp.o -MF extension/jemalloc/jemalloc/CMakeFiles/jemalloc.dir/src/decay.cpp.o.d -o extension/jemalloc/jemalloc/CMakeFiles/jemalloc.dir/src/decay.cpp.o -c /home/pei/Project/duckdb-polr/extension/jemalloc/jemalloc/src/decay.cpp
[220/376] /usr/bin/ccache /usr/lib/ccache/c++ -DDUCKDB_BUILD_LIBRARY -DENABLE_CROSS_PRODUCT_REWRITE=0 -DENABLE_DEBUG_PRINT=0 -DENABLE_MEASURE_EXE_TIME=0 -DENABLE_MERGE_BACK_PLAN=0 -DENABLE_PARALLEL_EXECUTION=0 -DENABLE_QUERY_SPLIT=1 -DENABLE_SPECIFY_EST_STAT=0 -DJEMALLOC_NO_PRIVATE_NAMESPACE -DJEMALLOC_NO_RENAME -I/home/pei/Project/duckdb-polr/src/include -I/home/pei/Project/duckdb-polr/third_party/fsst -I/home/pei/Project/duckdb-polr/third_party/fmt/include -I/home/pei/Project/duckdb-polr/third_party/hyperloglog -I/home/pei/Project/duckdb-polr/third_party/fastpforlib -I/home/pei/Project/duckdb-polr/third_party/fast_float -I/home/pei/Project/duckdb-polr/third_party/re2 -I/home/pei/Project/duckdb-polr/third_party/miniz -I/home/pei/Project/duckdb-polr/third_party/utf8proc/include -I/home/pei/Project/duckdb-polr/third_party/miniparquet -I/home/pei/Project/duckdb-polr/third_party/concurrentqueue -I/home/pei/Project/duckdb-polr/third_party/pcg -I/home/pei/Project/duckdb-polr/third_party/tdigest -I/home/pei/Project/duckdb-polr/third_party/mbedtls/include -I/home/pei/Project/duckdb-polr/third_party/jaro_winkler -I/home/pei/Project/duckdb-polr/extension/jemalloc/include -I/home/pei/Project/duckdb-polr/extension/jemalloc/jemalloc/include -O3 -DNDEBUG -O3 -DNDEBUG   -fPIC -fdiagnostics-color=always -w -std=c++11 -MD -MT extension/jemalloc/jemalloc/CMakeFiles/jemalloc.dir/src/div.cpp.o -MF extension/jemalloc/jemalloc/CMakeFiles/jemalloc.dir/src/div.cpp.o.d -o extension/jemalloc/jemalloc/CMakeFiles/jemalloc.dir/src/div.cpp.o -c /home/pei/Project/duckdb-polr/extension/jemalloc/jemalloc/src/div.cpp
[221/376] /usr/bin/ccache /usr/lib/ccache/c++ -DDUCKDB_BUILD_LIBRARY -DENABLE_CROSS_PRODUCT_REWRITE=0 -DENABLE_DEBUG_PRINT=0 -DENABLE_MEASURE_EXE_TIME=0 -DENABLE_MERGE_BACK_PLAN=0 -DENABLE_PARALLEL_EXECUTION=0 -DENABLE_QUERY_SPLIT=1 -DENABLE_SPECIFY_EST_STAT=0 -DJEMALLOC_NO_PRIVATE_NAMESPACE -DJEMALLOC_NO_RENAME -I/home/pei/Project/duckdb-polr/src/include -I/home/pei/Project/duckdb-polr/third_party/fsst -I/home/pei/Project/duckdb-polr/third_party/fmt/include -I/home/pei/Project/duckdb-polr/third_party/hyperloglog -I/home/pei/Project/duckdb-polr/third_party/fastpforlib -I/home/pei/Project/duckdb-polr/third_party/fast_float -I/home/pei/Project/duckdb-polr/third_party/re2 -I/home/pei/Project/duckdb-polr/third_party/miniz -I/home/pei/Project/duckdb-polr/third_party/utf8proc/include -I/home/pei/Project/duckdb-polr/third_party/miniparquet -I/home/pei/Project/duckdb-polr/third_party/concurrentqueue -I/home/pei/Project/duckdb-polr/third_party/pcg -I/home/pei/Project/duckdb-polr/third_party/tdigest -I/home/pei/Project/duckdb-polr/third_party/mbedtls/include -I/home/pei/Project/duckdb-polr/third_party/jaro_winkler -I/home/pei/Project/duckdb-polr/extension/jemalloc/include -I/home/pei/Project/duckdb-polr/extension/jemalloc/jemalloc/include -O3 -DNDEBUG -O3 -DNDEBUG   -fPIC -fdiagnostics-color=always -w -std=c++11 -MD -MT extension/jemalloc/jemalloc/CMakeFiles/jemalloc.dir/src/edata.cpp.o -MF extension/jemalloc/jemalloc/CMakeFiles/jemalloc.dir/src/edata.cpp.o.d -o extension/jemalloc/jemalloc/CMakeFiles/jemalloc.dir/src/edata.cpp.o -c /home/pei/Project/duckdb-polr/extension/jemalloc/jemalloc/src/edata.cpp
[222/376] /usr/bin/ccache /usr/lib/ccache/c++ -DDUCKDB_BUILD_LIBRARY -DENABLE_CROSS_PRODUCT_REWRITE=0 -DENABLE_DEBUG_PRINT=0 -DENABLE_MEASURE_EXE_TIME=0 -DENABLE_MERGE_BACK_PLAN=0 -DENABLE_PARALLEL_EXECUTION=0 -DENABLE_QUERY_SPLIT=1 -DENABLE_SPECIFY_EST_STAT=0 -DJEMALLOC_NO_PRIVATE_NAMESPACE -DJEMALLOC_NO_RENAME -I/home/pei/Project/duckdb-polr/src/include -I/home/pei/Project/duckdb-polr/third_party/fsst -I/home/pei/Project/duckdb-polr/third_party/fmt/include -I/home/pei/Project/duckdb-polr/third_party/hyperloglog -I/home/pei/Project/duckdb-polr/third_party/fastpforlib -I/home/pei/Project/duckdb-polr/third_party/fast_float -I/home/pei/Project/duckdb-polr/third_party/re2 -I/home/pei/Project/duckdb-polr/third_party/miniz -I/home/pei/Project/duckdb-polr/third_party/utf8proc/include -I/home/pei/Project/duckdb-polr/third_party/miniparquet -I/home/pei/Project/duckdb-polr/third_party/concurrentqueue -I/home/pei/Project/duckdb-polr/third_party/pcg -I/home/pei/Project/duckdb-polr/third_party/tdigest -I/home/pei/Project/duckdb-polr/third_party/mbedtls/include -I/home/pei/Project/duckdb-polr/third_party/jaro_winkler -I/home/pei/Project/duckdb-polr/extension/jemalloc/include -I/home/pei/Project/duckdb-polr/extension/jemalloc/jemalloc/include -O3 -DNDEBUG -O3 -DNDEBUG   -fPIC -fdiagnostics-color=always -w -std=c++11 -MD -MT extension/jemalloc/jemalloc/CMakeFiles/jemalloc.dir/src/ecache.cpp.o -MF extension/jemalloc/jemalloc/CMakeFiles/jemalloc.dir/src/ecache.cpp.o.d -o extension/jemalloc/jemalloc/CMakeFiles/jemalloc.dir/src/ecache.cpp.o -c /home/pei/Project/duckdb-polr/extension/jemalloc/jemalloc/src/ecache.cpp
[223/376] /usr/bin/ccache /usr/lib/ccache/c++ -DDUCKDB_BUILD_LIBRARY -DENABLE_CROSS_PRODUCT_REWRITE=0 -DENABLE_DEBUG_PRINT=0 -DENABLE_MEASURE_EXE_TIME=0 -DENABLE_MERGE_BACK_PLAN=0 -DENABLE_PARALLEL_EXECUTION=0 -DENABLE_QUERY_SPLIT=1 -DENABLE_SPECIFY_EST_STAT=0 -DJEMALLOC_NO_PRIVATE_NAMESPACE -DJEMALLOC_NO_RENAME -I/home/pei/Project/duckdb-polr/src/include -I/home/pei/Project/duckdb-polr/third_party/fsst -I/home/pei/Project/duckdb-polr/third_party/fmt/include -I/home/pei/Project/duckdb-polr/third_party/hyperloglog -I/home/pei/Project/duckdb-polr/third_party/fastpforlib -I/home/pei/Project/duckdb-polr/third_party/fast_float -I/home/pei/Project/duckdb-polr/third_party/re2 -I/home/pei/Project/duckdb-polr/third_party/miniz -I/home/pei/Project/duckdb-polr/third_party/utf8proc/include -I/home/pei/Project/duckdb-polr/third_party/miniparquet -I/home/pei/Project/duckdb-polr/third_party/concurrentqueue -I/home/pei/Project/duckdb-polr/third_party/pcg -I/home/pei/Project/duckdb-polr/third_party/tdigest -I/home/pei/Project/duckdb-polr/third_party/mbedtls/include -I/home/pei/Project/duckdb-polr/third_party/jaro_winkler -I/home/pei/Project/duckdb-polr/extension/jemalloc/include -I/home/pei/Project/duckdb-polr/extension/jemalloc/jemalloc/include -O3 -DNDEBUG -O3 -DNDEBUG   -fPIC -fdiagnostics-color=always -w -std=c++11 -MD -MT extension/jemalloc/jemalloc/CMakeFiles/jemalloc.dir/src/ehooks.cpp.o -MF extension/jemalloc/jemalloc/CMakeFiles/jemalloc.dir/src/ehooks.cpp.o.d -o extension/jemalloc/jemalloc/CMakeFiles/jemalloc.dir/src/ehooks.cpp.o -c /home/pei/Project/duckdb-polr/extension/jemalloc/jemalloc/src/ehooks.cpp
[224/376] /usr/bin/ccache /usr/lib/ccache/c++ -DDUCKDB_BUILD_LIBRARY -DENABLE_CROSS_PRODUCT_REWRITE=0 -DENABLE_DEBUG_PRINT=0 -DENABLE_MEASURE_EXE_TIME=0 -DENABLE_MERGE_BACK_PLAN=0 -DENABLE_PARALLEL_EXECUTION=0 -DENABLE_QUERY_SPLIT=1 -DENABLE_SPECIFY_EST_STAT=0 -DJEMALLOC_NO_PRIVATE_NAMESPACE -DJEMALLOC_NO_RENAME -I/home/pei/Project/duckdb-polr/src/include -I/home/pei/Project/duckdb-polr/third_party/fsst -I/home/pei/Project/duckdb-polr/third_party/fmt/include -I/home/pei/Project/duckdb-polr/third_party/hyperloglog -I/home/pei/Project/duckdb-polr/third_party/fastpforlib -I/home/pei/Project/duckdb-polr/third_party/fast_float -I/home/pei/Project/duckdb-polr/third_party/re2 -I/home/pei/Project/duckdb-polr/third_party/miniz -I/home/pei/Project/duckdb-polr/third_party/utf8proc/include -I/home/pei/Project/duckdb-polr/third_party/miniparquet -I/home/pei/Project/duckdb-polr/third_party/concurrentqueue -I/home/pei/Project/duckdb-polr/third_party/pcg -I/home/pei/Project/duckdb-polr/third_party/tdigest -I/home/pei/Project/duckdb-polr/third_party/mbedtls/include -I/home/pei/Project/duckdb-polr/third_party/jaro_winkler -I/home/pei/Project/duckdb-polr/extension/jemalloc/include -I/home/pei/Project/duckdb-polr/extension/jemalloc/jemalloc/include -O3 -DNDEBUG -O3 -DNDEBUG   -fPIC -fdiagnostics-color=always -w -std=c++11 -MD -MT extension/jemalloc/jemalloc/CMakeFiles/jemalloc.dir/src/emap.cpp.o -MF extension/jemalloc/jemalloc/CMakeFiles/jemalloc.dir/src/emap.cpp.o.d -o extension/jemalloc/jemalloc/CMakeFiles/jemalloc.dir/src/emap.cpp.o -c /home/pei/Project/duckdb-polr/extension/jemalloc/jemalloc/src/emap.cpp
[225/376] /usr/bin/ccache /usr/lib/ccache/c++ -DDUCKDB_BUILD_LIBRARY -DENABLE_CROSS_PRODUCT_REWRITE=0 -DENABLE_DEBUG_PRINT=0 -DENABLE_MEASURE_EXE_TIME=0 -DENABLE_MERGE_BACK_PLAN=0 -DENABLE_PARALLEL_EXECUTION=0 -DENABLE_QUERY_SPLIT=1 -DENABLE_SPECIFY_EST_STAT=0 -DJEMALLOC_NO_PRIVATE_NAMESPACE -DJEMALLOC_NO_RENAME -I/home/pei/Project/duckdb-polr/src/include -I/home/pei/Project/duckdb-polr/third_party/fsst -I/home/pei/Project/duckdb-polr/third_party/fmt/include -I/home/pei/Project/duckdb-polr/third_party/hyperloglog -I/home/pei/Project/duckdb-polr/third_party/fastpforlib -I/home/pei/Project/duckdb-polr/third_party/fast_float -I/home/pei/Project/duckdb-polr/third_party/re2 -I/home/pei/Project/duckdb-polr/third_party/miniz -I/home/pei/Project/duckdb-polr/third_party/utf8proc/include -I/home/pei/Project/duckdb-polr/third_party/miniparquet -I/home/pei/Project/duckdb-polr/third_party/concurrentqueue -I/home/pei/Project/duckdb-polr/third_party/pcg -I/home/pei/Project/duckdb-polr/third_party/tdigest -I/home/pei/Project/duckdb-polr/third_party/mbedtls/include -I/home/pei/Project/duckdb-polr/third_party/jaro_winkler -I/home/pei/Project/duckdb-polr/extension/jemalloc/include -I/home/pei/Project/duckdb-polr/extension/jemalloc/jemalloc/include -O3 -DNDEBUG -O3 -DNDEBUG   -fPIC -fdiagnostics-color=always -w -std=c++11 -MD -MT extension/jemalloc/jemalloc/CMakeFiles/jemalloc.dir/src/ctl.cpp.o -MF extension/jemalloc/jemalloc/CMakeFiles/jemalloc.dir/src/ctl.cpp.o.d -o extension/jemalloc/jemalloc/CMakeFiles/jemalloc.dir/src/ctl.cpp.o -c /home/pei/Project/duckdb-polr/extension/jemalloc/jemalloc/src/ctl.cpp
[226/376] /usr/bin/ccache /usr/lib/ccache/c++ -DDUCKDB_BUILD_LIBRARY -DENABLE_CROSS_PRODUCT_REWRITE=0 -DENABLE_DEBUG_PRINT=0 -DENABLE_MEASURE_EXE_TIME=0 -DENABLE_MERGE_BACK_PLAN=0 -DENABLE_PARALLEL_EXECUTION=0 -DENABLE_QUERY_SPLIT=1 -DENABLE_SPECIFY_EST_STAT=0 -DJEMALLOC_NO_PRIVATE_NAMESPACE -DJEMALLOC_NO_RENAME -I/home/pei/Project/duckdb-polr/src/include -I/home/pei/Project/duckdb-polr/third_party/fsst -I/home/pei/Project/duckdb-polr/third_party/fmt/include -I/home/pei/Project/duckdb-polr/third_party/hyperloglog -I/home/pei/Project/duckdb-polr/third_party/fastpforlib -I/home/pei/Project/duckdb-polr/third_party/fast_float -I/home/pei/Project/duckdb-polr/third_party/re2 -I/home/pei/Project/duckdb-polr/third_party/miniz -I/home/pei/Project/duckdb-polr/third_party/utf8proc/include -I/home/pei/Project/duckdb-polr/third_party/miniparquet -I/home/pei/Project/duckdb-polr/third_party/concurrentqueue -I/home/pei/Project/duckdb-polr/third_party/pcg -I/home/pei/Project/duckdb-polr/third_party/tdigest -I/home/pei/Project/duckdb-polr/third_party/mbedtls/include -I/home/pei/Project/duckdb-polr/third_party/jaro_winkler -I/home/pei/Project/duckdb-polr/extension/jemalloc/include -I/home/pei/Project/duckdb-polr/extension/jemalloc/jemalloc/include -O3 -DNDEBUG -O3 -DNDEBUG   -fPIC -fdiagnostics-color=always -w -std=c++11 -MD -MT extension/jemalloc/jemalloc/CMakeFiles/jemalloc.dir/src/edata_cache.cpp.o -MF extension/jemalloc/jemalloc/CMakeFiles/jemalloc.dir/src/edata_cache.cpp.o.d -o extension/jemalloc/jemalloc/CMakeFiles/jemalloc.dir/src/edata_cache.cpp.o -c /home/pei/Project/duckdb-polr/extension/jemalloc/jemalloc/src/edata_cache.cpp
[227/376] /usr/bin/ccache /usr/lib/ccache/c++ -DDUCKDB_BUILD_LIBRARY -DENABLE_CROSS_PRODUCT_REWRITE=0 -DENABLE_DEBUG_PRINT=0 -DENABLE_MEASURE_EXE_TIME=0 -DENABLE_MERGE_BACK_PLAN=0 -DENABLE_PARALLEL_EXECUTION=0 -DENABLE_QUERY_SPLIT=1 -DENABLE_SPECIFY_EST_STAT=0 -DJEMALLOC_NO_PRIVATE_NAMESPACE -DJEMALLOC_NO_RENAME -I/home/pei/Project/duckdb-polr/src/include -I/home/pei/Project/duckdb-polr/third_party/fsst -I/home/pei/Project/duckdb-polr/third_party/fmt/include -I/home/pei/Project/duckdb-polr/third_party/hyperloglog -I/home/pei/Project/duckdb-polr/third_party/fastpforlib -I/home/pei/Project/duckdb-polr/third_party/fast_float -I/home/pei/Project/duckdb-polr/third_party/re2 -I/home/pei/Project/duckdb-polr/third_party/miniz -I/home/pei/Project/duckdb-polr/third_party/utf8proc/include -I/home/pei/Project/duckdb-polr/third_party/miniparquet -I/home/pei/Project/duckdb-polr/third_party/concurrentqueue -I/home/pei/Project/duckdb-polr/third_party/pcg -I/home/pei/Project/duckdb-polr/third_party/tdigest -I/home/pei/Project/duckdb-polr/third_party/mbedtls/include -I/home/pei/Project/duckdb-polr/third_party/jaro_winkler -I/home/pei/Project/duckdb-polr/extension/jemalloc/include -I/home/pei/Project/duckdb-polr/extension/jemalloc/jemalloc/include -O3 -DNDEBUG -O3 -DNDEBUG   -fPIC -fdiagnostics-color=always -w -std=c++11 -MD -MT extension/jemalloc/jemalloc/CMakeFiles/jemalloc.dir/src/eset.cpp.o -MF extension/jemalloc/jemalloc/CMakeFiles/jemalloc.dir/src/eset.cpp.o.d -o extension/jemalloc/jemalloc/CMakeFiles/jemalloc.dir/src/eset.cpp.o -c /home/pei/Project/duckdb-polr/extension/jemalloc/jemalloc/src/eset.cpp
[228/376] /usr/bin/ccache /usr/lib/ccache/c++ -DDUCKDB_BUILD_LIBRARY -DENABLE_CROSS_PRODUCT_REWRITE=0 -DENABLE_DEBUG_PRINT=0 -DENABLE_MEASURE_EXE_TIME=0 -DENABLE_MERGE_BACK_PLAN=0 -DENABLE_PARALLEL_EXECUTION=0 -DENABLE_QUERY_SPLIT=1 -DENABLE_SPECIFY_EST_STAT=0 -DJEMALLOC_NO_PRIVATE_NAMESPACE -DJEMALLOC_NO_RENAME -I/home/pei/Project/duckdb-polr/src/include -I/home/pei/Project/duckdb-polr/third_party/fsst -I/home/pei/Project/duckdb-polr/third_party/fmt/include -I/home/pei/Project/duckdb-polr/third_party/hyperloglog -I/home/pei/Project/duckdb-polr/third_party/fastpforlib -I/home/pei/Project/duckdb-polr/third_party/fast_float -I/home/pei/Project/duckdb-polr/third_party/re2 -I/home/pei/Project/duckdb-polr/third_party/miniz -I/home/pei/Project/duckdb-polr/third_party/utf8proc/include -I/home/pei/Project/duckdb-polr/third_party/miniparquet -I/home/pei/Project/duckdb-polr/third_party/concurrentqueue -I/home/pei/Project/duckdb-polr/third_party/pcg -I/home/pei/Project/duckdb-polr/third_party/tdigest -I/home/pei/Project/duckdb-polr/third_party/mbedtls/include -I/home/pei/Project/duckdb-polr/third_party/jaro_winkler -I/home/pei/Project/duckdb-polr/extension/jemalloc/include -I/home/pei/Project/duckdb-polr/extension/jemalloc/jemalloc/include -O3 -DNDEBUG -O3 -DNDEBUG   -fPIC -fdiagnostics-color=always -w -std=c++11 -MD -MT extension/jemalloc/jemalloc/CMakeFiles/jemalloc.dir/src/exp_grow.cpp.o -MF extension/jemalloc/jemalloc/CMakeFiles/jemalloc.dir/src/exp_grow.cpp.o.d -o extension/jemalloc/jemalloc/CMakeFiles/jemalloc.dir/src/exp_grow.cpp.o -c /home/pei/Project/duckdb-polr/extension/jemalloc/jemalloc/src/exp_grow.cpp
[229/376] /usr/bin/ccache /usr/lib/ccache/c++ -DDUCKDB_BUILD_LIBRARY -DENABLE_CROSS_PRODUCT_REWRITE=0 -DENABLE_DEBUG_PRINT=0 -DENABLE_MEASURE_EXE_TIME=0 -DENABLE_MERGE_BACK_PLAN=0 -DENABLE_PARALLEL_EXECUTION=0 -DENABLE_QUERY_SPLIT=1 -DENABLE_SPECIFY_EST_STAT=0 -DJEMALLOC_NO_PRIVATE_NAMESPACE -DJEMALLOC_NO_RENAME -I/home/pei/Project/duckdb-polr/src/include -I/home/pei/Project/duckdb-polr/third_party/fsst -I/home/pei/Project/duckdb-polr/third_party/fmt/include -I/home/pei/Project/duckdb-polr/third_party/hyperloglog -I/home/pei/Project/duckdb-polr/third_party/fastpforlib -I/home/pei/Project/duckdb-polr/third_party/fast_float -I/home/pei/Project/duckdb-polr/third_party/re2 -I/home/pei/Project/duckdb-polr/third_party/miniz -I/home/pei/Project/duckdb-polr/third_party/utf8proc/include -I/home/pei/Project/duckdb-polr/third_party/miniparquet -I/home/pei/Project/duckdb-polr/third_party/concurrentqueue -I/home/pei/Project/duckdb-polr/third_party/pcg -I/home/pei/Project/duckdb-polr/third_party/tdigest -I/home/pei/Project/duckdb-polr/third_party/mbedtls/include -I/home/pei/Project/duckdb-polr/third_party/jaro_winkler -I/home/pei/Project/duckdb-polr/extension/jemalloc/include -I/home/pei/Project/duckdb-polr/extension/jemalloc/jemalloc/include -O3 -DNDEBUG -O3 -DNDEBUG   -fPIC -fdiagnostics-color=always -w -std=c++11 -MD -MT extension/jemalloc/jemalloc/CMakeFiles/jemalloc.dir/src/extent_dss.cpp.o -MF extension/jemalloc/jemalloc/CMakeFiles/jemalloc.dir/src/extent_dss.cpp.o.d -o extension/jemalloc/jemalloc/CMakeFiles/jemalloc.dir/src/extent_dss.cpp.o -c /home/pei/Project/duckdb-polr/extension/jemalloc/jemalloc/src/extent_dss.cpp
[230/376] /usr/bin/ccache /usr/lib/ccache/c++ -DDUCKDB_BUILD_LIBRARY -DENABLE_CROSS_PRODUCT_REWRITE=0 -DENABLE_DEBUG_PRINT=0 -DENABLE_MEASURE_EXE_TIME=0 -DENABLE_MERGE_BACK_PLAN=0 -DENABLE_PARALLEL_EXECUTION=0 -DENABLE_QUERY_SPLIT=1 -DENABLE_SPECIFY_EST_STAT=0 -DJEMALLOC_NO_PRIVATE_NAMESPACE -DJEMALLOC_NO_RENAME -I/home/pei/Project/duckdb-polr/src/include -I/home/pei/Project/duckdb-polr/third_party/fsst -I/home/pei/Project/duckdb-polr/third_party/fmt/include -I/home/pei/Project/duckdb-polr/third_party/hyperloglog -I/home/pei/Project/duckdb-polr/third_party/fastpforlib -I/home/pei/Project/duckdb-polr/third_party/fast_float -I/home/pei/Project/duckdb-polr/third_party/re2 -I/home/pei/Project/duckdb-polr/third_party/miniz -I/home/pei/Project/duckdb-polr/third_party/utf8proc/include -I/home/pei/Project/duckdb-polr/third_party/miniparquet -I/home/pei/Project/duckdb-polr/third_party/concurrentqueue -I/home/pei/Project/duckdb-polr/third_party/pcg -I/home/pei/Project/duckdb-polr/third_party/tdigest -I/home/pei/Project/duckdb-polr/third_party/mbedtls/include -I/home/pei/Project/duckdb-polr/third_party/jaro_winkler -I/home/pei/Project/duckdb-polr/extension/jemalloc/include -I/home/pei/Project/duckdb-polr/extension/jemalloc/jemalloc/include -O3 -DNDEBUG -O3 -DNDEBUG   -fPIC -fdiagnostics-color=always -w -std=c++11 -MD -MT extension/jemalloc/jemalloc/CMakeFiles/jemalloc.dir/src/extent.cpp.o -MF extension/jemalloc/jemalloc/CMakeFiles/jemalloc.dir/src/extent.cpp.o.d -o extension/jemalloc/jemalloc/CMakeFiles/jemalloc.dir/src/extent.cpp.o -c /home/pei/Project/duckdb-polr/extension/jemalloc/jemalloc/src/extent.cpp
[231/376] /usr/bin/ccache /usr/lib/ccache/c++ -DDUCKDB_BUILD_LIBRARY -DENABLE_CROSS_PRODUCT_REWRITE=0 -DENABLE_DEBUG_PRINT=0 -DENABLE_MEASURE_EXE_TIME=0 -DENABLE_MERGE_BACK_PLAN=0 -DENABLE_PARALLEL_EXECUTION=0 -DENABLE_QUERY_SPLIT=1 -DENABLE_SPECIFY_EST_STAT=0 -DJEMALLOC_NO_PRIVATE_NAMESPACE -DJEMALLOC_NO_RENAME -I/home/pei/Project/duckdb-polr/src/include -I/home/pei/Project/duckdb-polr/third_party/fsst -I/home/pei/Project/duckdb-polr/third_party/fmt/include -I/home/pei/Project/duckdb-polr/third_party/hyperloglog -I/home/pei/Project/duckdb-polr/third_party/fastpforlib -I/home/pei/Project/duckdb-polr/third_party/fast_float -I/home/pei/Project/duckdb-polr/third_party/re2 -I/home/pei/Project/duckdb-polr/third_party/miniz -I/home/pei/Project/duckdb-polr/third_party/utf8proc/include -I/home/pei/Project/duckdb-polr/third_party/miniparquet -I/home/pei/Project/duckdb-polr/third_party/concurrentqueue -I/home/pei/Project/duckdb-polr/third_party/pcg -I/home/pei/Project/duckdb-polr/third_party/tdigest -I/home/pei/Project/duckdb-polr/third_party/mbedtls/include -I/home/pei/Project/duckdb-polr/third_party/jaro_winkler -I/home/pei/Project/duckdb-polr/extension/jemalloc/include -I/home/pei/Project/duckdb-polr/extension/jemalloc/jemalloc/include -O3 -DNDEBUG -O3 -DNDEBUG   -fPIC -fdiagnostics-color=always -w -std=c++11 -MD -MT extension/jemalloc/jemalloc/CMakeFiles/jemalloc.dir/src/extent_mmap.cpp.o -MF extension/jemalloc/jemalloc/CMakeFiles/jemalloc.dir/src/extent_mmap.cpp.o.d -o extension/jemalloc/jemalloc/CMakeFiles/jemalloc.dir/src/extent_mmap.cpp.o -c /home/pei/Project/duckdb-polr/extension/jemalloc/jemalloc/src/extent_mmap.cpp
[232/376] /usr/bin/ccache /usr/lib/ccache/c++ -DDUCKDB_BUILD_LIBRARY -DENABLE_CROSS_PRODUCT_REWRITE=0 -DENABLE_DEBUG_PRINT=0 -DENABLE_MEASURE_EXE_TIME=0 -DENABLE_MERGE_BACK_PLAN=0 -DENABLE_PARALLEL_EXECUTION=0 -DENABLE_QUERY_SPLIT=1 -DENABLE_SPECIFY_EST_STAT=0 -DJEMALLOC_NO_PRIVATE_NAMESPACE -DJEMALLOC_NO_RENAME -I/home/pei/Project/duckdb-polr/src/include -I/home/pei/Project/duckdb-polr/third_party/fsst -I/home/pei/Project/duckdb-polr/third_party/fmt/include -I/home/pei/Project/duckdb-polr/third_party/hyperloglog -I/home/pei/Project/duckdb-polr/third_party/fastpforlib -I/home/pei/Project/duckdb-polr/third_party/fast_float -I/home/pei/Project/duckdb-polr/third_party/re2 -I/home/pei/Project/duckdb-polr/third_party/miniz -I/home/pei/Project/duckdb-polr/third_party/utf8proc/include -I/home/pei/Project/duckdb-polr/third_party/miniparquet -I/home/pei/Project/duckdb-polr/third_party/concurrentqueue -I/home/pei/Project/duckdb-polr/third_party/pcg -I/home/pei/Project/duckdb-polr/third_party/tdigest -I/home/pei/Project/duckdb-polr/third_party/mbedtls/include -I/home/pei/Project/duckdb-polr/third_party/jaro_winkler -I/home/pei/Project/duckdb-polr/extension/jemalloc/include -I/home/pei/Project/duckdb-polr/extension/jemalloc/jemalloc/include -O3 -DNDEBUG -O3 -DNDEBUG   -fPIC -fdiagnostics-color=always -w -std=c++11 -MD -MT extension/jemalloc/jemalloc/CMakeFiles/jemalloc.dir/src/fxp.cpp.o -MF extension/jemalloc/jemalloc/CMakeFiles/jemalloc.dir/src/fxp.cpp.o.d -o extension/jemalloc/jemalloc/CMakeFiles/jemalloc.dir/src/fxp.cpp.o -c /home/pei/Project/duckdb-polr/extension/jemalloc/jemalloc/src/fxp.cpp
[233/376] /usr/bin/ccache /usr/lib/ccache/c++ -DDUCKDB_BUILD_LIBRARY -DENABLE_CROSS_PRODUCT_REWRITE=0 -DENABLE_DEBUG_PRINT=0 -DENABLE_MEASURE_EXE_TIME=0 -DENABLE_MERGE_BACK_PLAN=0 -DENABLE_PARALLEL_EXECUTION=0 -DENABLE_QUERY_SPLIT=1 -DENABLE_SPECIFY_EST_STAT=0 -DJEMALLOC_NO_PRIVATE_NAMESPACE -DJEMALLOC_NO_RENAME -I/home/pei/Project/duckdb-polr/src/include -I/home/pei/Project/duckdb-polr/third_party/fsst -I/home/pei/Project/duckdb-polr/third_party/fmt/include -I/home/pei/Project/duckdb-polr/third_party/hyperloglog -I/home/pei/Project/duckdb-polr/third_party/fastpforlib -I/home/pei/Project/duckdb-polr/third_party/fast_float -I/home/pei/Project/duckdb-polr/third_party/re2 -I/home/pei/Project/duckdb-polr/third_party/miniz -I/home/pei/Project/duckdb-polr/third_party/utf8proc/include -I/home/pei/Project/duckdb-polr/third_party/miniparquet -I/home/pei/Project/duckdb-polr/third_party/concurrentqueue -I/home/pei/Project/duckdb-polr/third_party/pcg -I/home/pei/Project/duckdb-polr/third_party/tdigest -I/home/pei/Project/duckdb-polr/third_party/mbedtls/include -I/home/pei/Project/duckdb-polr/third_party/jaro_winkler -I/home/pei/Project/duckdb-polr/extension/jemalloc/include -I/home/pei/Project/duckdb-polr/extension/jemalloc/jemalloc/include -O3 -DNDEBUG -O3 -DNDEBUG   -fPIC -fdiagnostics-color=always -w -std=c++11 -MD -MT extension/jemalloc/jemalloc/CMakeFiles/jemalloc.dir/src/hpa.cpp.o -MF extension/jemalloc/jemalloc/CMakeFiles/jemalloc.dir/src/hpa.cpp.o.d -o extension/jemalloc/jemalloc/CMakeFiles/jemalloc.dir/src/hpa.cpp.o -c /home/pei/Project/duckdb-polr/extension/jemalloc/jemalloc/src/hpa.cpp
[234/376] /usr/bin/ccache /usr/lib/ccache/c++ -DDUCKDB_BUILD_LIBRARY -DENABLE_CROSS_PRODUCT_REWRITE=0 -DENABLE_DEBUG_PRINT=0 -DENABLE_MEASURE_EXE_TIME=0 -DENABLE_MERGE_BACK_PLAN=0 -DENABLE_PARALLEL_EXECUTION=0 -DENABLE_QUERY_SPLIT=1 -DENABLE_SPECIFY_EST_STAT=0 -DJEMALLOC_NO_PRIVATE_NAMESPACE -DJEMALLOC_NO_RENAME -I/home/pei/Project/duckdb-polr/src/include -I/home/pei/Project/duckdb-polr/third_party/fsst -I/home/pei/Project/duckdb-polr/third_party/fmt/include -I/home/pei/Project/duckdb-polr/third_party/hyperloglog -I/home/pei/Project/duckdb-polr/third_party/fastpforlib -I/home/pei/Project/duckdb-polr/third_party/fast_float -I/home/pei/Project/duckdb-polr/third_party/re2 -I/home/pei/Project/duckdb-polr/third_party/miniz -I/home/pei/Project/duckdb-polr/third_party/utf8proc/include -I/home/pei/Project/duckdb-polr/third_party/miniparquet -I/home/pei/Project/duckdb-polr/third_party/concurrentqueue -I/home/pei/Project/duckdb-polr/third_party/pcg -I/home/pei/Project/duckdb-polr/third_party/tdigest -I/home/pei/Project/duckdb-polr/third_party/mbedtls/include -I/home/pei/Project/duckdb-polr/third_party/jaro_winkler -I/home/pei/Project/duckdb-polr/extension/jemalloc/include -I/home/pei/Project/duckdb-polr/extension/jemalloc/jemalloc/include -O3 -DNDEBUG -O3 -DNDEBUG   -fPIC -fdiagnostics-color=always -w -std=c++11 -MD -MT extension/jemalloc/jemalloc/CMakeFiles/jemalloc.dir/src/hook.cpp.o -MF extension/jemalloc/jemalloc/CMakeFiles/jemalloc.dir/src/hook.cpp.o.d -o extension/jemalloc/jemalloc/CMakeFiles/jemalloc.dir/src/hook.cpp.o -c /home/pei/Project/duckdb-polr/extension/jemalloc/jemalloc/src/hook.cpp
[235/376] /usr/bin/ccache /usr/lib/ccache/c++ -DDUCKDB_BUILD_LIBRARY -DENABLE_CROSS_PRODUCT_REWRITE=0 -DENABLE_DEBUG_PRINT=0 -DENABLE_MEASURE_EXE_TIME=0 -DENABLE_MERGE_BACK_PLAN=0 -DENABLE_PARALLEL_EXECUTION=0 -DENABLE_QUERY_SPLIT=1 -DENABLE_SPECIFY_EST_STAT=0 -DJEMALLOC_NO_PRIVATE_NAMESPACE -DJEMALLOC_NO_RENAME -I/home/pei/Project/duckdb-polr/src/include -I/home/pei/Project/duckdb-polr/third_party/fsst -I/home/pei/Project/duckdb-polr/third_party/fmt/include -I/home/pei/Project/duckdb-polr/third_party/hyperloglog -I/home/pei/Project/duckdb-polr/third_party/fastpforlib -I/home/pei/Project/duckdb-polr/third_party/fast_float -I/home/pei/Project/duckdb-polr/third_party/re2 -I/home/pei/Project/duckdb-polr/third_party/miniz -I/home/pei/Project/duckdb-polr/third_party/utf8proc/include -I/home/pei/Project/duckdb-polr/third_party/miniparquet -I/home/pei/Project/duckdb-polr/third_party/concurrentqueue -I/home/pei/Project/duckdb-polr/third_party/pcg -I/home/pei/Project/duckdb-polr/third_party/tdigest -I/home/pei/Project/duckdb-polr/third_party/mbedtls/include -I/home/pei/Project/duckdb-polr/third_party/jaro_winkler -I/home/pei/Project/duckdb-polr/extension/jemalloc/include -I/home/pei/Project/duckdb-polr/extension/jemalloc/jemalloc/include -O3 -DNDEBUG -O3 -DNDEBUG   -fPIC -fdiagnostics-color=always -w -std=c++11 -MD -MT extension/jemalloc/jemalloc/CMakeFiles/jemalloc.dir/src/hpa_hooks.cpp.o -MF extension/jemalloc/jemalloc/CMakeFiles/jemalloc.dir/src/hpa_hooks.cpp.o.d -o extension/jemalloc/jemalloc/CMakeFiles/jemalloc.dir/src/hpa_hooks.cpp.o -c /home/pei/Project/duckdb-polr/extension/jemalloc/jemalloc/src/hpa_hooks.cpp
[236/376] /usr/bin/ccache /usr/lib/ccache/c++ -DDUCKDB_BUILD_LIBRARY -DENABLE_CROSS_PRODUCT_REWRITE=0 -DENABLE_DEBUG_PRINT=0 -DENABLE_MEASURE_EXE_TIME=0 -DENABLE_MERGE_BACK_PLAN=0 -DENABLE_PARALLEL_EXECUTION=0 -DENABLE_QUERY_SPLIT=1 -DENABLE_SPECIFY_EST_STAT=0 -DJEMALLOC_NO_PRIVATE_NAMESPACE -DJEMALLOC_NO_RENAME -I/home/pei/Project/duckdb-polr/src/include -I/home/pei/Project/duckdb-polr/third_party/fsst -I/home/pei/Project/duckdb-polr/third_party/fmt/include -I/home/pei/Project/duckdb-polr/third_party/hyperloglog -I/home/pei/Project/duckdb-polr/third_party/fastpforlib -I/home/pei/Project/duckdb-polr/third_party/fast_float -I/home/pei/Project/duckdb-polr/third_party/re2 -I/home/pei/Project/duckdb-polr/third_party/miniz -I/home/pei/Project/duckdb-polr/third_party/utf8proc/include -I/home/pei/Project/duckdb-polr/third_party/miniparquet -I/home/pei/Project/duckdb-polr/third_party/concurrentqueue -I/home/pei/Project/duckdb-polr/third_party/pcg -I/home/pei/Project/duckdb-polr/third_party/tdigest -I/home/pei/Project/duckdb-polr/third_party/mbedtls/include -I/home/pei/Project/duckdb-polr/third_party/jaro_winkler -I/home/pei/Project/duckdb-polr/extension/jemalloc/include -I/home/pei/Project/duckdb-polr/extension/jemalloc/jemalloc/include -O3 -DNDEBUG -O3 -DNDEBUG   -fPIC -fdiagnostics-color=always -w -std=c++11 -MD -MT extension/jemalloc/jemalloc/CMakeFiles/jemalloc.dir/src/hpdata.cpp.o -MF extension/jemalloc/jemalloc/CMakeFiles/jemalloc.dir/src/hpdata.cpp.o.d -o extension/jemalloc/jemalloc/CMakeFiles/jemalloc.dir/src/hpdata.cpp.o -c /home/pei/Project/duckdb-polr/extension/jemalloc/jemalloc/src/hpdata.cpp
[237/376] /usr/bin/ccache /usr/lib/ccache/c++ -DDUCKDB_BUILD_LIBRARY -DENABLE_CROSS_PRODUCT_REWRITE=0 -DENABLE_DEBUG_PRINT=0 -DENABLE_MEASURE_EXE_TIME=0 -DENABLE_MERGE_BACK_PLAN=0 -DENABLE_PARALLEL_EXECUTION=0 -DENABLE_QUERY_SPLIT=1 -DENABLE_SPECIFY_EST_STAT=0 -DJEMALLOC_NO_PRIVATE_NAMESPACE -DJEMALLOC_NO_RENAME -I/home/pei/Project/duckdb-polr/src/include -I/home/pei/Project/duckdb-polr/third_party/fsst -I/home/pei/Project/duckdb-polr/third_party/fmt/include -I/home/pei/Project/duckdb-polr/third_party/hyperloglog -I/home/pei/Project/duckdb-polr/third_party/fastpforlib -I/home/pei/Project/duckdb-polr/third_party/fast_float -I/home/pei/Project/duckdb-polr/third_party/re2 -I/home/pei/Project/duckdb-polr/third_party/miniz -I/home/pei/Project/duckdb-polr/third_party/utf8proc/include -I/home/pei/Project/duckdb-polr/third_party/miniparquet -I/home/pei/Project/duckdb-polr/third_party/concurrentqueue -I/home/pei/Project/duckdb-polr/third_party/pcg -I/home/pei/Project/duckdb-polr/third_party/tdigest -I/home/pei/Project/duckdb-polr/third_party/mbedtls/include -I/home/pei/Project/duckdb-polr/third_party/jaro_winkler -I/home/pei/Project/duckdb-polr/extension/jemalloc/include -I/home/pei/Project/duckdb-polr/extension/jemalloc/jemalloc/include -O3 -DNDEBUG -O3 -DNDEBUG   -fPIC -fdiagnostics-color=always -w -std=c++11 -MD -MT extension/jemalloc/jemalloc/CMakeFiles/jemalloc.dir/src/jemalloc.cpp.o -MF extension/jemalloc/jemalloc/CMakeFiles/jemalloc.dir/src/jemalloc.cpp.o.d -o extension/jemalloc/jemalloc/CMakeFiles/jemalloc.dir/src/jemalloc.cpp.o -c /home/pei/Project/duckdb-polr/extension/jemalloc/jemalloc/src/jemalloc.cpp
[238/376] /usr/bin/ccache /usr/lib/ccache/c++ -DDUCKDB_BUILD_LIBRARY -DENABLE_CROSS_PRODUCT_REWRITE=0 -DENABLE_DEBUG_PRINT=0 -DENABLE_MEASURE_EXE_TIME=0 -DENABLE_MERGE_BACK_PLAN=0 -DENABLE_PARALLEL_EXECUTION=0 -DENABLE_QUERY_SPLIT=1 -DENABLE_SPECIFY_EST_STAT=0 -DJEMALLOC_NO_PRIVATE_NAMESPACE -DJEMALLOC_NO_RENAME -I/home/pei/Project/duckdb-polr/src/include -I/home/pei/Project/duckdb-polr/third_party/fsst -I/home/pei/Project/duckdb-polr/third_party/fmt/include -I/home/pei/Project/duckdb-polr/third_party/hyperloglog -I/home/pei/Project/duckdb-polr/third_party/fastpforlib -I/home/pei/Project/duckdb-polr/third_party/fast_float -I/home/pei/Project/duckdb-polr/third_party/re2 -I/home/pei/Project/duckdb-polr/third_party/miniz -I/home/pei/Project/duckdb-polr/third_party/utf8proc/include -I/home/pei/Project/duckdb-polr/third_party/miniparquet -I/home/pei/Project/duckdb-polr/third_party/concurrentqueue -I/home/pei/Project/duckdb-polr/third_party/pcg -I/home/pei/Project/duckdb-polr/third_party/tdigest -I/home/pei/Project/duckdb-polr/third_party/mbedtls/include -I/home/pei/Project/duckdb-polr/third_party/jaro_winkler -I/home/pei/Project/duckdb-polr/extension/jemalloc/include -I/home/pei/Project/duckdb-polr/extension/jemalloc/jemalloc/include -O3 -DNDEBUG -O3 -DNDEBUG   -fPIC -fdiagnostics-color=always -w -std=c++11 -MD -MT extension/jemalloc/jemalloc/CMakeFiles/jemalloc.dir/src/large.cpp.o -MF extension/jemalloc/jemalloc/CMakeFiles/jemalloc.dir/src/large.cpp.o.d -o extension/jemalloc/jemalloc/CMakeFiles/jemalloc.dir/src/large.cpp.o -c /home/pei/Project/duckdb-polr/extension/jemalloc/jemalloc/src/large.cpp
[239/376] /usr/bin/ccache /usr/lib/ccache/c++ -DDUCKDB_BUILD_LIBRARY -DENABLE_CROSS_PRODUCT_REWRITE=0 -DENABLE_DEBUG_PRINT=0 -DENABLE_MEASURE_EXE_TIME=0 -DENABLE_MERGE_BACK_PLAN=0 -DENABLE_PARALLEL_EXECUTION=0 -DENABLE_QUERY_SPLIT=1 -DENABLE_SPECIFY_EST_STAT=0 -DJEMALLOC_NO_PRIVATE_NAMESPACE -DJEMALLOC_NO_RENAME -I/home/pei/Project/duckdb-polr/src/include -I/home/pei/Project/duckdb-polr/third_party/fsst -I/home/pei/Project/duckdb-polr/third_party/fmt/include -I/home/pei/Project/duckdb-polr/third_party/hyperloglog -I/home/pei/Project/duckdb-polr/third_party/fastpforlib -I/home/pei/Project/duckdb-polr/third_party/fast_float -I/home/pei/Project/duckdb-polr/third_party/re2 -I/home/pei/Project/duckdb-polr/third_party/miniz -I/home/pei/Project/duckdb-polr/third_party/utf8proc/include -I/home/pei/Project/duckdb-polr/third_party/miniparquet -I/home/pei/Project/duckdb-polr/third_party/concurrentqueue -I/home/pei/Project/duckdb-polr/third_party/pcg -I/home/pei/Project/duckdb-polr/third_party/tdigest -I/home/pei/Project/duckdb-polr/third_party/mbedtls/include -I/home/pei/Project/duckdb-polr/third_party/jaro_winkler -I/home/pei/Project/duckdb-polr/extension/jemalloc/include -I/home/pei/Project/duckdb-polr/extension/jemalloc/jemalloc/include -O3 -DNDEBUG -O3 -DNDEBUG   -fPIC -fdiagnostics-color=always -w -std=c++11 -MD -MT extension/jemalloc/jemalloc/CMakeFiles/jemalloc.dir/src/log.cpp.o -MF extension/jemalloc/jemalloc/CMakeFiles/jemalloc.dir/src/log.cpp.o.d -o extension/jemalloc/jemalloc/CMakeFiles/jemalloc.dir/src/log.cpp.o -c /home/pei/Project/duckdb-polr/extension/jemalloc/jemalloc/src/log.cpp
[240/376] /usr/bin/ccache /usr/lib/ccache/c++ -DDUCKDB_BUILD_LIBRARY -DENABLE_CROSS_PRODUCT_REWRITE=0 -DENABLE_DEBUG_PRINT=0 -DENABLE_MEASURE_EXE_TIME=0 -DENABLE_MERGE_BACK_PLAN=0 -DENABLE_PARALLEL_EXECUTION=0 -DENABLE_QUERY_SPLIT=1 -DENABLE_SPECIFY_EST_STAT=0 -DJEMALLOC_NO_PRIVATE_NAMESPACE -DJEMALLOC_NO_RENAME -I/home/pei/Project/duckdb-polr/src/include -I/home/pei/Project/duckdb-polr/third_party/fsst -I/home/pei/Project/duckdb-polr/third_party/fmt/include -I/home/pei/Project/duckdb-polr/third_party/hyperloglog -I/home/pei/Project/duckdb-polr/third_party/fastpforlib -I/home/pei/Project/duckdb-polr/third_party/fast_float -I/home/pei/Project/duckdb-polr/third_party/re2 -I/home/pei/Project/duckdb-polr/third_party/miniz -I/home/pei/Project/duckdb-polr/third_party/utf8proc/include -I/home/pei/Project/duckdb-polr/third_party/miniparquet -I/home/pei/Project/duckdb-polr/third_party/concurrentqueue -I/home/pei/Project/duckdb-polr/third_party/pcg -I/home/pei/Project/duckdb-polr/third_party/tdigest -I/home/pei/Project/duckdb-polr/third_party/mbedtls/include -I/home/pei/Project/duckdb-polr/third_party/jaro_winkler -I/home/pei/Project/duckdb-polr/extension/jemalloc/include -I/home/pei/Project/duckdb-polr/extension/jemalloc/jemalloc/include -O3 -DNDEBUG -O3 -DNDEBUG   -fPIC -fdiagnostics-color=always -w -std=c++11 -MD -MT extension/jemalloc/jemalloc/CMakeFiles/jemalloc.dir/src/inspect.cpp.o -MF extension/jemalloc/jemalloc/CMakeFiles/jemalloc.dir/src/inspect.cpp.o.d -o extension/jemalloc/jemalloc/CMakeFiles/jemalloc.dir/src/inspect.cpp.o -c /home/pei/Project/duckdb-polr/extension/jemalloc/jemalloc/src/inspect.cpp
[241/376] /usr/bin/ccache /usr/lib/ccache/c++ -DDUCKDB_BUILD_LIBRARY -DENABLE_CROSS_PRODUCT_REWRITE=0 -DENABLE_DEBUG_PRINT=0 -DENABLE_MEASURE_EXE_TIME=0 -DENABLE_MERGE_BACK_PLAN=0 -DENABLE_PARALLEL_EXECUTION=0 -DENABLE_QUERY_SPLIT=1 -DENABLE_SPECIFY_EST_STAT=0 -DJEMALLOC_NO_PRIVATE_NAMESPACE -DJEMALLOC_NO_RENAME -I/home/pei/Project/duckdb-polr/src/include -I/home/pei/Project/duckdb-polr/third_party/fsst -I/home/pei/Project/duckdb-polr/third_party/fmt/include -I/home/pei/Project/duckdb-polr/third_party/hyperloglog -I/home/pei/Project/duckdb-polr/third_party/fastpforlib -I/home/pei/Project/duckdb-polr/third_party/fast_float -I/home/pei/Project/duckdb-polr/third_party/re2 -I/home/pei/Project/duckdb-polr/third_party/miniz -I/home/pei/Project/duckdb-polr/third_party/utf8proc/include -I/home/pei/Project/duckdb-polr/third_party/miniparquet -I/home/pei/Project/duckdb-polr/third_party/concurrentqueue -I/home/pei/Project/duckdb-polr/third_party/pcg -I/home/pei/Project/duckdb-polr/third_party/tdigest -I/home/pei/Project/duckdb-polr/third_party/mbedtls/include -I/home/pei/Project/duckdb-polr/third_party/jaro_winkler -I/home/pei/Project/duckdb-polr/extension/jemalloc/include -I/home/pei/Project/duckdb-polr/extension/jemalloc/jemalloc/include -O3 -DNDEBUG -O3 -DNDEBUG   -fPIC -fdiagnostics-color=always -w -std=c++11 -MD -MT extension/jemalloc/jemalloc/CMakeFiles/jemalloc.dir/src/mutex.cpp.o -MF extension/jemalloc/jemalloc/CMakeFiles/jemalloc.dir/src/mutex.cpp.o.d -o extension/jemalloc/jemalloc/CMakeFiles/jemalloc.dir/src/mutex.cpp.o -c /home/pei/Project/duckdb-polr/extension/jemalloc/jemalloc/src/mutex.cpp
[242/376] /usr/bin/ccache /usr/lib/ccache/c++ -DDUCKDB_BUILD_LIBRARY -DENABLE_CROSS_PRODUCT_REWRITE=0 -DENABLE_DEBUG_PRINT=0 -DENABLE_MEASURE_EXE_TIME=0 -DENABLE_MERGE_BACK_PLAN=0 -DENABLE_PARALLEL_EXECUTION=0 -DENABLE_QUERY_SPLIT=1 -DENABLE_SPECIFY_EST_STAT=0 -DJEMALLOC_NO_PRIVATE_NAMESPACE -DJEMALLOC_NO_RENAME -I/home/pei/Project/duckdb-polr/src/include -I/home/pei/Project/duckdb-polr/third_party/fsst -I/home/pei/Project/duckdb-polr/third_party/fmt/include -I/home/pei/Project/duckdb-polr/third_party/hyperloglog -I/home/pei/Project/duckdb-polr/third_party/fastpforlib -I/home/pei/Project/duckdb-polr/third_party/fast_float -I/home/pei/Project/duckdb-polr/third_party/re2 -I/home/pei/Project/duckdb-polr/third_party/miniz -I/home/pei/Project/duckdb-polr/third_party/utf8proc/include -I/home/pei/Project/duckdb-polr/third_party/miniparquet -I/home/pei/Project/duckdb-polr/third_party/concurrentqueue -I/home/pei/Project/duckdb-polr/third_party/pcg -I/home/pei/Project/duckdb-polr/third_party/tdigest -I/home/pei/Project/duckdb-polr/third_party/mbedtls/include -I/home/pei/Project/duckdb-polr/third_party/jaro_winkler -I/home/pei/Project/duckdb-polr/extension/jemalloc/include -I/home/pei/Project/duckdb-polr/extension/jemalloc/jemalloc/include -O3 -DNDEBUG -O3 -DNDEBUG   -fPIC -fdiagnostics-color=always -w -std=c++11 -MD -MT extension/jemalloc/jemalloc/CMakeFiles/jemalloc.dir/src/malloc_io.cpp.o -MF extension/jemalloc/jemalloc/CMakeFiles/jemalloc.dir/src/malloc_io.cpp.o.d -o extension/jemalloc/jemalloc/CMakeFiles/jemalloc.dir/src/malloc_io.cpp.o -c /home/pei/Project/duckdb-polr/extension/jemalloc/jemalloc/src/malloc_io.cpp
[243/376] /usr/bin/ccache /usr/lib/ccache/c++ -DDUCKDB_BUILD_LIBRARY -DENABLE_CROSS_PRODUCT_REWRITE=0 -DENABLE_DEBUG_PRINT=0 -DENABLE_MEASURE_EXE_TIME=0 -DENABLE_MERGE_BACK_PLAN=0 -DENABLE_PARALLEL_EXECUTION=0 -DENABLE_QUERY_SPLIT=1 -DENABLE_SPECIFY_EST_STAT=0 -DJEMALLOC_NO_PRIVATE_NAMESPACE -DJEMALLOC_NO_RENAME -I/home/pei/Project/duckdb-polr/src/include -I/home/pei/Project/duckdb-polr/third_party/fsst -I/home/pei/Project/duckdb-polr/third_party/fmt/include -I/home/pei/Project/duckdb-polr/third_party/hyperloglog -I/home/pei/Project/duckdb-polr/third_party/fastpforlib -I/home/pei/Project/duckdb-polr/third_party/fast_float -I/home/pei/Project/duckdb-polr/third_party/re2 -I/home/pei/Project/duckdb-polr/third_party/miniz -I/home/pei/Project/duckdb-polr/third_party/utf8proc/include -I/home/pei/Project/duckdb-polr/third_party/miniparquet -I/home/pei/Project/duckdb-polr/third_party/concurrentqueue -I/home/pei/Project/duckdb-polr/third_party/pcg -I/home/pei/Project/duckdb-polr/third_party/tdigest -I/home/pei/Project/duckdb-polr/third_party/mbedtls/include -I/home/pei/Project/duckdb-polr/third_party/jaro_winkler -I/home/pei/Project/duckdb-polr/extension/jemalloc/include -I/home/pei/Project/duckdb-polr/extension/jemalloc/jemalloc/include -O3 -DNDEBUG -O3 -DNDEBUG   -fPIC -fdiagnostics-color=always -w -std=c++11 -MD -MT extension/jemalloc/jemalloc/CMakeFiles/jemalloc.dir/src/nstime.cpp.o -MF extension/jemalloc/jemalloc/CMakeFiles/jemalloc.dir/src/nstime.cpp.o.d -o extension/jemalloc/jemalloc/CMakeFiles/jemalloc.dir/src/nstime.cpp.o -c /home/pei/Project/duckdb-polr/extension/jemalloc/jemalloc/src/nstime.cpp
[244/376] /usr/bin/ccache /usr/lib/ccache/c++ -DDUCKDB_BUILD_LIBRARY -DENABLE_CROSS_PRODUCT_REWRITE=0 -DENABLE_DEBUG_PRINT=0 -DENABLE_MEASURE_EXE_TIME=0 -DENABLE_MERGE_BACK_PLAN=0 -DENABLE_PARALLEL_EXECUTION=0 -DENABLE_QUERY_SPLIT=1 -DENABLE_SPECIFY_EST_STAT=0 -DJEMALLOC_NO_PRIVATE_NAMESPACE -DJEMALLOC_NO_RENAME -I/home/pei/Project/duckdb-polr/src/include -I/home/pei/Project/duckdb-polr/third_party/fsst -I/home/pei/Project/duckdb-polr/third_party/fmt/include -I/home/pei/Project/duckdb-polr/third_party/hyperloglog -I/home/pei/Project/duckdb-polr/third_party/fastpforlib -I/home/pei/Project/duckdb-polr/third_party/fast_float -I/home/pei/Project/duckdb-polr/third_party/re2 -I/home/pei/Project/duckdb-polr/third_party/miniz -I/home/pei/Project/duckdb-polr/third_party/utf8proc/include -I/home/pei/Project/duckdb-polr/third_party/miniparquet -I/home/pei/Project/duckdb-polr/third_party/concurrentqueue -I/home/pei/Project/duckdb-polr/third_party/pcg -I/home/pei/Project/duckdb-polr/third_party/tdigest -I/home/pei/Project/duckdb-polr/third_party/mbedtls/include -I/home/pei/Project/duckdb-polr/third_party/jaro_winkler -I/home/pei/Project/duckdb-polr/extension/jemalloc/include -I/home/pei/Project/duckdb-polr/extension/jemalloc/jemalloc/include -O3 -DNDEBUG -O3 -DNDEBUG   -fPIC -fdiagnostics-color=always -w -std=c++11 -MD -MT extension/jemalloc/jemalloc/CMakeFiles/jemalloc.dir/src/pa_extra.cpp.o -MF extension/jemalloc/jemalloc/CMakeFiles/jemalloc.dir/src/pa_extra.cpp.o.d -o extension/jemalloc/jemalloc/CMakeFiles/jemalloc.dir/src/pa_extra.cpp.o -c /home/pei/Project/duckdb-polr/extension/jemalloc/jemalloc/src/pa_extra.cpp
[245/376] /usr/bin/ccache /usr/lib/ccache/c++ -DDUCKDB_BUILD_LIBRARY -DENABLE_CROSS_PRODUCT_REWRITE=0 -DENABLE_DEBUG_PRINT=0 -DENABLE_MEASURE_EXE_TIME=0 -DENABLE_MERGE_BACK_PLAN=0 -DENABLE_PARALLEL_EXECUTION=0 -DENABLE_QUERY_SPLIT=1 -DENABLE_SPECIFY_EST_STAT=0 -DJEMALLOC_NO_PRIVATE_NAMESPACE -DJEMALLOC_NO_RENAME -I/home/pei/Project/duckdb-polr/src/include -I/home/pei/Project/duckdb-polr/third_party/fsst -I/home/pei/Project/duckdb-polr/third_party/fmt/include -I/home/pei/Project/duckdb-polr/third_party/hyperloglog -I/home/pei/Project/duckdb-polr/third_party/fastpforlib -I/home/pei/Project/duckdb-polr/third_party/fast_float -I/home/pei/Project/duckdb-polr/third_party/re2 -I/home/pei/Project/duckdb-polr/third_party/miniz -I/home/pei/Project/duckdb-polr/third_party/utf8proc/include -I/home/pei/Project/duckdb-polr/third_party/miniparquet -I/home/pei/Project/duckdb-polr/third_party/concurrentqueue -I/home/pei/Project/duckdb-polr/third_party/pcg -I/home/pei/Project/duckdb-polr/third_party/tdigest -I/home/pei/Project/duckdb-polr/third_party/mbedtls/include -I/home/pei/Project/duckdb-polr/third_party/jaro_winkler -I/home/pei/Project/duckdb-polr/extension/jemalloc/include -I/home/pei/Project/duckdb-polr/extension/jemalloc/jemalloc/include -O3 -DNDEBUG -O3 -DNDEBUG   -fPIC -fdiagnostics-color=always -w -std=c++11 -MD -MT extension/jemalloc/jemalloc/CMakeFiles/jemalloc.dir/src/pac.cpp.o -MF extension/jemalloc/jemalloc/CMakeFiles/jemalloc.dir/src/pac.cpp.o.d -o extension/jemalloc/jemalloc/CMakeFiles/jemalloc.dir/src/pac.cpp.o -c /home/pei/Project/duckdb-polr/extension/jemalloc/jemalloc/src/pac.cpp
[246/376] /usr/bin/ccache /usr/lib/ccache/c++ -DDUCKDB_BUILD_LIBRARY -DENABLE_CROSS_PRODUCT_REWRITE=0 -DENABLE_DEBUG_PRINT=0 -DENABLE_MEASURE_EXE_TIME=0 -DENABLE_MERGE_BACK_PLAN=0 -DENABLE_PARALLEL_EXECUTION=0 -DENABLE_QUERY_SPLIT=1 -DENABLE_SPECIFY_EST_STAT=0 -DJEMALLOC_NO_PRIVATE_NAMESPACE -DJEMALLOC_NO_RENAME -I/home/pei/Project/duckdb-polr/src/include -I/home/pei/Project/duckdb-polr/third_party/fsst -I/home/pei/Project/duckdb-polr/third_party/fmt/include -I/home/pei/Project/duckdb-polr/third_party/hyperloglog -I/home/pei/Project/duckdb-polr/third_party/fastpforlib -I/home/pei/Project/duckdb-polr/third_party/fast_float -I/home/pei/Project/duckdb-polr/third_party/re2 -I/home/pei/Project/duckdb-polr/third_party/miniz -I/home/pei/Project/duckdb-polr/third_party/utf8proc/include -I/home/pei/Project/duckdb-polr/third_party/miniparquet -I/home/pei/Project/duckdb-polr/third_party/concurrentqueue -I/home/pei/Project/duckdb-polr/third_party/pcg -I/home/pei/Project/duckdb-polr/third_party/tdigest -I/home/pei/Project/duckdb-polr/third_party/mbedtls/include -I/home/pei/Project/duckdb-polr/third_party/jaro_winkler -I/home/pei/Project/duckdb-polr/extension/jemalloc/include -I/home/pei/Project/duckdb-polr/extension/jemalloc/jemalloc/include -O3 -DNDEBUG -O3 -DNDEBUG   -fPIC -fdiagnostics-color=always -w -std=c++11 -MD -MT extension/jemalloc/jemalloc/CMakeFiles/jemalloc.dir/src/pages.cpp.o -MF extension/jemalloc/jemalloc/CMakeFiles/jemalloc.dir/src/pages.cpp.o.d -o extension/jemalloc/jemalloc/CMakeFiles/jemalloc.dir/src/pages.cpp.o -c /home/pei/Project/duckdb-polr/extension/jemalloc/jemalloc/src/pages.cpp
[247/376] /usr/bin/ccache /usr/lib/ccache/c++ -DDUCKDB_BUILD_LIBRARY -DENABLE_CROSS_PRODUCT_REWRITE=0 -DENABLE_DEBUG_PRINT=0 -DENABLE_MEASURE_EXE_TIME=0 -DENABLE_MERGE_BACK_PLAN=0 -DENABLE_PARALLEL_EXECUTION=0 -DENABLE_QUERY_SPLIT=1 -DENABLE_SPECIFY_EST_STAT=0 -DJEMALLOC_NO_PRIVATE_NAMESPACE -DJEMALLOC_NO_RENAME -I/home/pei/Project/duckdb-polr/src/include -I/home/pei/Project/duckdb-polr/third_party/fsst -I/home/pei/Project/duckdb-polr/third_party/fmt/include -I/home/pei/Project/duckdb-polr/third_party/hyperloglog -I/home/pei/Project/duckdb-polr/third_party/fastpforlib -I/home/pei/Project/duckdb-polr/third_party/fast_float -I/home/pei/Project/duckdb-polr/third_party/re2 -I/home/pei/Project/duckdb-polr/third_party/miniz -I/home/pei/Project/duckdb-polr/third_party/utf8proc/include -I/home/pei/Project/duckdb-polr/third_party/miniparquet -I/home/pei/Project/duckdb-polr/third_party/concurrentqueue -I/home/pei/Project/duckdb-polr/third_party/pcg -I/home/pei/Project/duckdb-polr/third_party/tdigest -I/home/pei/Project/duckdb-polr/third_party/mbedtls/include -I/home/pei/Project/duckdb-polr/third_party/jaro_winkler -I/home/pei/Project/duckdb-polr/extension/jemalloc/include -I/home/pei/Project/duckdb-polr/extension/jemalloc/jemalloc/include -O3 -DNDEBUG -O3 -DNDEBUG   -fPIC -fdiagnostics-color=always -w -std=c++11 -MD -MT extension/jemalloc/jemalloc/CMakeFiles/jemalloc.dir/src/pa.cpp.o -MF extension/jemalloc/jemalloc/CMakeFiles/jemalloc.dir/src/pa.cpp.o.d -o extension/jemalloc/jemalloc/CMakeFiles/jemalloc.dir/src/pa.cpp.o -c /home/pei/Project/duckdb-polr/extension/jemalloc/jemalloc/src/pa.cpp
[248/376] /usr/bin/ccache /usr/lib/ccache/c++ -DDUCKDB_BUILD_LIBRARY -DENABLE_CROSS_PRODUCT_REWRITE=0 -DENABLE_DEBUG_PRINT=0 -DENABLE_MEASURE_EXE_TIME=0 -DENABLE_MERGE_BACK_PLAN=0 -DENABLE_PARALLEL_EXECUTION=0 -DENABLE_QUERY_SPLIT=1 -DENABLE_SPECIFY_EST_STAT=0 -DJEMALLOC_NO_PRIVATE_NAMESPACE -DJEMALLOC_NO_RENAME -I/home/pei/Project/duckdb-polr/src/include -I/home/pei/Project/duckdb-polr/third_party/fsst -I/home/pei/Project/duckdb-polr/third_party/fmt/include -I/home/pei/Project/duckdb-polr/third_party/hyperloglog -I/home/pei/Project/duckdb-polr/third_party/fastpforlib -I/home/pei/Project/duckdb-polr/third_party/fast_float -I/home/pei/Project/duckdb-polr/third_party/re2 -I/home/pei/Project/duckdb-polr/third_party/miniz -I/home/pei/Project/duckdb-polr/third_party/utf8proc/include -I/home/pei/Project/duckdb-polr/third_party/miniparquet -I/home/pei/Project/duckdb-polr/third_party/concurrentqueue -I/home/pei/Project/duckdb-polr/third_party/pcg -I/home/pei/Project/duckdb-polr/third_party/tdigest -I/home/pei/Project/duckdb-polr/third_party/mbedtls/include -I/home/pei/Project/duckdb-polr/third_party/jaro_winkler -I/home/pei/Project/duckdb-polr/extension/jemalloc/include -I/home/pei/Project/duckdb-polr/extension/jemalloc/jemalloc/include -O3 -DNDEBUG -O3 -DNDEBUG   -fPIC -fdiagnostics-color=always -w -std=c++11 -MD -MT extension/jemalloc/jemalloc/CMakeFiles/jemalloc.dir/src/prof_log.cpp.o -MF extension/jemalloc/jemalloc/CMakeFiles/jemalloc.dir/src/prof_log.cpp.o.d -o extension/jemalloc/jemalloc/CMakeFiles/jemalloc.dir/src/prof_log.cpp.o -c /home/pei/Project/duckdb-polr/extension/jemalloc/jemalloc/src/prof_log.cpp
[249/376] /usr/bin/ccache /usr/lib/ccache/c++ -DDUCKDB_BUILD_LIBRARY -DENABLE_CROSS_PRODUCT_REWRITE=0 -DENABLE_DEBUG_PRINT=0 -DENABLE_MEASURE_EXE_TIME=0 -DENABLE_MERGE_BACK_PLAN=0 -DENABLE_PARALLEL_EXECUTION=0 -DENABLE_QUERY_SPLIT=1 -DENABLE_SPECIFY_EST_STAT=0 -DJEMALLOC_NO_PRIVATE_NAMESPACE -DJEMALLOC_NO_RENAME -I/home/pei/Project/duckdb-polr/src/include -I/home/pei/Project/duckdb-polr/third_party/fsst -I/home/pei/Project/duckdb-polr/third_party/fmt/include -I/home/pei/Project/duckdb-polr/third_party/hyperloglog -I/home/pei/Project/duckdb-polr/third_party/fastpforlib -I/home/pei/Project/duckdb-polr/third_party/fast_float -I/home/pei/Project/duckdb-polr/third_party/re2 -I/home/pei/Project/duckdb-polr/third_party/miniz -I/home/pei/Project/duckdb-polr/third_party/utf8proc/include -I/home/pei/Project/duckdb-polr/third_party/miniparquet -I/home/pei/Project/duckdb-polr/third_party/concurrentqueue -I/home/pei/Project/duckdb-polr/third_party/pcg -I/home/pei/Project/duckdb-polr/third_party/tdigest -I/home/pei/Project/duckdb-polr/third_party/mbedtls/include -I/home/pei/Project/duckdb-polr/third_party/jaro_winkler -I/home/pei/Project/duckdb-polr/extension/jemalloc/include -I/home/pei/Project/duckdb-polr/extension/jemalloc/jemalloc/include -O3 -DNDEBUG -O3 -DNDEBUG   -fPIC -fdiagnostics-color=always -w -std=c++11 -MD -MT extension/jemalloc/jemalloc/CMakeFiles/jemalloc.dir/src/pai.cpp.o -MF extension/jemalloc/jemalloc/CMakeFiles/jemalloc.dir/src/pai.cpp.o.d -o extension/jemalloc/jemalloc/CMakeFiles/jemalloc.dir/src/pai.cpp.o -c /home/pei/Project/duckdb-polr/extension/jemalloc/jemalloc/src/pai.cpp
[250/376] /usr/bin/ccache /usr/lib/ccache/c++ -DDUCKDB_BUILD_LIBRARY -DENABLE_CROSS_PRODUCT_REWRITE=0 -DENABLE_DEBUG_PRINT=0 -DENABLE_MEASURE_EXE_TIME=0 -DENABLE_MERGE_BACK_PLAN=0 -DENABLE_PARALLEL_EXECUTION=0 -DENABLE_QUERY_SPLIT=1 -DENABLE_SPECIFY_EST_STAT=0 -DJEMALLOC_NO_PRIVATE_NAMESPACE -DJEMALLOC_NO_RENAME -I/home/pei/Project/duckdb-polr/src/include -I/home/pei/Project/duckdb-polr/third_party/fsst -I/home/pei/Project/duckdb-polr/third_party/fmt/include -I/home/pei/Project/duckdb-polr/third_party/hyperloglog -I/home/pei/Project/duckdb-polr/third_party/fastpforlib -I/home/pei/Project/duckdb-polr/third_party/fast_float -I/home/pei/Project/duckdb-polr/third_party/re2 -I/home/pei/Project/duckdb-polr/third_party/miniz -I/home/pei/Project/duckdb-polr/third_party/utf8proc/include -I/home/pei/Project/duckdb-polr/third_party/miniparquet -I/home/pei/Project/duckdb-polr/third_party/concurrentqueue -I/home/pei/Project/duckdb-polr/third_party/pcg -I/home/pei/Project/duckdb-polr/third_party/tdigest -I/home/pei/Project/duckdb-polr/third_party/mbedtls/include -I/home/pei/Project/duckdb-polr/third_party/jaro_winkler -I/home/pei/Project/duckdb-polr/extension/jemalloc/include -I/home/pei/Project/duckdb-polr/extension/jemalloc/jemalloc/include -O3 -DNDEBUG -O3 -DNDEBUG   -fPIC -fdiagnostics-color=always -w -std=c++11 -MD -MT extension/jemalloc/jemalloc/CMakeFiles/jemalloc.dir/src/prof.cpp.o -MF extension/jemalloc/jemalloc/CMakeFiles/jemalloc.dir/src/prof.cpp.o.d -o extension/jemalloc/jemalloc/CMakeFiles/jemalloc.dir/src/prof.cpp.o -c /home/pei/Project/duckdb-polr/extension/jemalloc/jemalloc/src/prof.cpp
[251/376] /usr/bin/ccache /usr/lib/ccache/c++ -DDUCKDB_BUILD_LIBRARY -DENABLE_CROSS_PRODUCT_REWRITE=0 -DENABLE_DEBUG_PRINT=0 -DENABLE_MEASURE_EXE_TIME=0 -DENABLE_MERGE_BACK_PLAN=0 -DENABLE_PARALLEL_EXECUTION=0 -DENABLE_QUERY_SPLIT=1 -DENABLE_SPECIFY_EST_STAT=0 -DJEMALLOC_NO_PRIVATE_NAMESPACE -DJEMALLOC_NO_RENAME -I/home/pei/Project/duckdb-polr/src/include -I/home/pei/Project/duckdb-polr/third_party/fsst -I/home/pei/Project/duckdb-polr/third_party/fmt/include -I/home/pei/Project/duckdb-polr/third_party/hyperloglog -I/home/pei/Project/duckdb-polr/third_party/fastpforlib -I/home/pei/Project/duckdb-polr/third_party/fast_float -I/home/pei/Project/duckdb-polr/third_party/re2 -I/home/pei/Project/duckdb-polr/third_party/miniz -I/home/pei/Project/duckdb-polr/third_party/utf8proc/include -I/home/pei/Project/duckdb-polr/third_party/miniparquet -I/home/pei/Project/duckdb-polr/third_party/concurrentqueue -I/home/pei/Project/duckdb-polr/third_party/pcg -I/home/pei/Project/duckdb-polr/third_party/tdigest -I/home/pei/Project/duckdb-polr/third_party/mbedtls/include -I/home/pei/Project/duckdb-polr/third_party/jaro_winkler -I/home/pei/Project/duckdb-polr/extension/jemalloc/include -I/home/pei/Project/duckdb-polr/extension/jemalloc/jemalloc/include -O3 -DNDEBUG -O3 -DNDEBUG   -fPIC -fdiagnostics-color=always -w -std=c++11 -MD -MT extension/jemalloc/jemalloc/CMakeFiles/jemalloc.dir/src/peak_event.cpp.o -MF extension/jemalloc/jemalloc/CMakeFiles/jemalloc.dir/src/peak_event.cpp.o.d -o extension/jemalloc/jemalloc/CMakeFiles/jemalloc.dir/src/peak_event.cpp.o -c /home/pei/Project/duckdb-polr/extension/jemalloc/jemalloc/src/peak_event.cpp
[252/376] /usr/bin/ccache /usr/lib/ccache/c++ -DDUCKDB_BUILD_LIBRARY -DENABLE_CROSS_PRODUCT_REWRITE=0 -DENABLE_DEBUG_PRINT=0 -DENABLE_MEASURE_EXE_TIME=0 -DENABLE_MERGE_BACK_PLAN=0 -DENABLE_PARALLEL_EXECUTION=0 -DENABLE_QUERY_SPLIT=1 -DENABLE_SPECIFY_EST_STAT=0 -DJEMALLOC_NO_PRIVATE_NAMESPACE -DJEMALLOC_NO_RENAME -I/home/pei/Project/duckdb-polr/src/include -I/home/pei/Project/duckdb-polr/third_party/fsst -I/home/pei/Project/duckdb-polr/third_party/fmt/include -I/home/pei/Project/duckdb-polr/third_party/hyperloglog -I/home/pei/Project/duckdb-polr/third_party/fastpforlib -I/home/pei/Project/duckdb-polr/third_party/fast_float -I/home/pei/Project/duckdb-polr/third_party/re2 -I/home/pei/Project/duckdb-polr/third_party/miniz -I/home/pei/Project/duckdb-polr/third_party/utf8proc/include -I/home/pei/Project/duckdb-polr/third_party/miniparquet -I/home/pei/Project/duckdb-polr/third_party/concurrentqueue -I/home/pei/Project/duckdb-polr/third_party/pcg -I/home/pei/Project/duckdb-polr/third_party/tdigest -I/home/pei/Project/duckdb-polr/third_party/mbedtls/include -I/home/pei/Project/duckdb-polr/third_party/jaro_winkler -I/home/pei/Project/duckdb-polr/extension/jemalloc/include -I/home/pei/Project/duckdb-polr/extension/jemalloc/jemalloc/include -O3 -DNDEBUG -O3 -DNDEBUG   -fPIC -fdiagnostics-color=always -w -std=c++11 -MD -MT extension/jemalloc/jemalloc/CMakeFiles/jemalloc.dir/src/prof_recent.cpp.o -MF extension/jemalloc/jemalloc/CMakeFiles/jemalloc.dir/src/prof_recent.cpp.o.d -o extension/jemalloc/jemalloc/CMakeFiles/jemalloc.dir/src/prof_recent.cpp.o -c /home/pei/Project/duckdb-polr/extension/jemalloc/jemalloc/src/prof_recent.cpp
[253/376] /usr/bin/ccache /usr/lib/ccache/c++ -DDUCKDB_BUILD_LIBRARY -DENABLE_CROSS_PRODUCT_REWRITE=0 -DENABLE_DEBUG_PRINT=0 -DENABLE_MEASURE_EXE_TIME=0 -DENABLE_MERGE_BACK_PLAN=0 -DENABLE_PARALLEL_EXECUTION=0 -DENABLE_QUERY_SPLIT=1 -DENABLE_SPECIFY_EST_STAT=0 -DJEMALLOC_NO_PRIVATE_NAMESPACE -DJEMALLOC_NO_RENAME -I/home/pei/Project/duckdb-polr/src/include -I/home/pei/Project/duckdb-polr/third_party/fsst -I/home/pei/Project/duckdb-polr/third_party/fmt/include -I/home/pei/Project/duckdb-polr/third_party/hyperloglog -I/home/pei/Project/duckdb-polr/third_party/fastpforlib -I/home/pei/Project/duckdb-polr/third_party/fast_float -I/home/pei/Project/duckdb-polr/third_party/re2 -I/home/pei/Project/duckdb-polr/third_party/miniz -I/home/pei/Project/duckdb-polr/third_party/utf8proc/include -I/home/pei/Project/duckdb-polr/third_party/miniparquet -I/home/pei/Project/duckdb-polr/third_party/concurrentqueue -I/home/pei/Project/duckdb-polr/third_party/pcg -I/home/pei/Project/duckdb-polr/third_party/tdigest -I/home/pei/Project/duckdb-polr/third_party/mbedtls/include -I/home/pei/Project/duckdb-polr/third_party/jaro_winkler -I/home/pei/Project/duckdb-polr/extension/jemalloc/include -I/home/pei/Project/duckdb-polr/extension/jemalloc/jemalloc/include -O3 -DNDEBUG -O3 -DNDEBUG   -fPIC -fdiagnostics-color=always -w -std=c++11 -MD -MT extension/jemalloc/jemalloc/CMakeFiles/jemalloc.dir/src/prof_data.cpp.o -MF extension/jemalloc/jemalloc/CMakeFiles/jemalloc.dir/src/prof_data.cpp.o.d -o extension/jemalloc/jemalloc/CMakeFiles/jemalloc.dir/src/prof_data.cpp.o -c /home/pei/Project/duckdb-polr/extension/jemalloc/jemalloc/src/prof_data.cpp
[254/376] /usr/bin/ccache /usr/lib/ccache/c++ -DDUCKDB_BUILD_LIBRARY -DENABLE_CROSS_PRODUCT_REWRITE=0 -DENABLE_DEBUG_PRINT=0 -DENABLE_MEASURE_EXE_TIME=0 -DENABLE_MERGE_BACK_PLAN=0 -DENABLE_PARALLEL_EXECUTION=0 -DENABLE_QUERY_SPLIT=1 -DENABLE_SPECIFY_EST_STAT=0 -DJEMALLOC_NO_PRIVATE_NAMESPACE -DJEMALLOC_NO_RENAME -I/home/pei/Project/duckdb-polr/src/include -I/home/pei/Project/duckdb-polr/third_party/fsst -I/home/pei/Project/duckdb-polr/third_party/fmt/include -I/home/pei/Project/duckdb-polr/third_party/hyperloglog -I/home/pei/Project/duckdb-polr/third_party/fastpforlib -I/home/pei/Project/duckdb-polr/third_party/fast_float -I/home/pei/Project/duckdb-polr/third_party/re2 -I/home/pei/Project/duckdb-polr/third_party/miniz -I/home/pei/Project/duckdb-polr/third_party/utf8proc/include -I/home/pei/Project/duckdb-polr/third_party/miniparquet -I/home/pei/Project/duckdb-polr/third_party/concurrentqueue -I/home/pei/Project/duckdb-polr/third_party/pcg -I/home/pei/Project/duckdb-polr/third_party/tdigest -I/home/pei/Project/duckdb-polr/third_party/mbedtls/include -I/home/pei/Project/duckdb-polr/third_party/jaro_winkler -I/home/pei/Project/duckdb-polr/extension/jemalloc/include -I/home/pei/Project/duckdb-polr/extension/jemalloc/jemalloc/include -O3 -DNDEBUG -O3 -DNDEBUG   -fPIC -fdiagnostics-color=always -w -std=c++11 -MD -MT extension/jemalloc/jemalloc/CMakeFiles/jemalloc.dir/src/sc.cpp.o -MF extension/jemalloc/jemalloc/CMakeFiles/jemalloc.dir/src/sc.cpp.o.d -o extension/jemalloc/jemalloc/CMakeFiles/jemalloc.dir/src/sc.cpp.o -c /home/pei/Project/duckdb-polr/extension/jemalloc/jemalloc/src/sc.cpp
[255/376] /usr/bin/ccache /usr/lib/ccache/c++ -DDUCKDB_BUILD_LIBRARY -DENABLE_CROSS_PRODUCT_REWRITE=0 -DENABLE_DEBUG_PRINT=0 -DENABLE_MEASURE_EXE_TIME=0 -DENABLE_MERGE_BACK_PLAN=0 -DENABLE_PARALLEL_EXECUTION=0 -DENABLE_QUERY_SPLIT=1 -DENABLE_SPECIFY_EST_STAT=0 -DJEMALLOC_NO_PRIVATE_NAMESPACE -DJEMALLOC_NO_RENAME -I/home/pei/Project/duckdb-polr/src/include -I/home/pei/Project/duckdb-polr/third_party/fsst -I/home/pei/Project/duckdb-polr/third_party/fmt/include -I/home/pei/Project/duckdb-polr/third_party/hyperloglog -I/home/pei/Project/duckdb-polr/third_party/fastpforlib -I/home/pei/Project/duckdb-polr/third_party/fast_float -I/home/pei/Project/duckdb-polr/third_party/re2 -I/home/pei/Project/duckdb-polr/third_party/miniz -I/home/pei/Project/duckdb-polr/third_party/utf8proc/include -I/home/pei/Project/duckdb-polr/third_party/miniparquet -I/home/pei/Project/duckdb-polr/third_party/concurrentqueue -I/home/pei/Project/duckdb-polr/third_party/pcg -I/home/pei/Project/duckdb-polr/third_party/tdigest -I/home/pei/Project/duckdb-polr/third_party/mbedtls/include -I/home/pei/Project/duckdb-polr/third_party/jaro_winkler -I/home/pei/Project/duckdb-polr/extension/jemalloc/include -I/home/pei/Project/duckdb-polr/extension/jemalloc/jemalloc/include -O3 -DNDEBUG -O3 -DNDEBUG   -fPIC -fdiagnostics-color=always -w -std=c++11 -MD -MT extension/jemalloc/jemalloc/CMakeFiles/jemalloc.dir/src/prof_stats.cpp.o -MF extension/jemalloc/jemalloc/CMakeFiles/jemalloc.dir/src/prof_stats.cpp.o.d -o extension/jemalloc/jemalloc/CMakeFiles/jemalloc.dir/src/prof_stats.cpp.o -c /home/pei/Project/duckdb-polr/extension/jemalloc/jemalloc/src/prof_stats.cpp
[256/376] /usr/bin/ccache /usr/lib/ccache/c++ -DDUCKDB_BUILD_LIBRARY -DENABLE_CROSS_PRODUCT_REWRITE=0 -DENABLE_DEBUG_PRINT=0 -DENABLE_MEASURE_EXE_TIME=0 -DENABLE_MERGE_BACK_PLAN=0 -DENABLE_PARALLEL_EXECUTION=0 -DENABLE_QUERY_SPLIT=1 -DENABLE_SPECIFY_EST_STAT=0 -DJEMALLOC_NO_PRIVATE_NAMESPACE -DJEMALLOC_NO_RENAME -I/home/pei/Project/duckdb-polr/src/include -I/home/pei/Project/duckdb-polr/third_party/fsst -I/home/pei/Project/duckdb-polr/third_party/fmt/include -I/home/pei/Project/duckdb-polr/third_party/hyperloglog -I/home/pei/Project/duckdb-polr/third_party/fastpforlib -I/home/pei/Project/duckdb-polr/third_party/fast_float -I/home/pei/Project/duckdb-polr/third_party/re2 -I/home/pei/Project/duckdb-polr/third_party/miniz -I/home/pei/Project/duckdb-polr/third_party/utf8proc/include -I/home/pei/Project/duckdb-polr/third_party/miniparquet -I/home/pei/Project/duckdb-polr/third_party/concurrentqueue -I/home/pei/Project/duckdb-polr/third_party/pcg -I/home/pei/Project/duckdb-polr/third_party/tdigest -I/home/pei/Project/duckdb-polr/third_party/mbedtls/include -I/home/pei/Project/duckdb-polr/third_party/jaro_winkler -I/home/pei/Project/duckdb-polr/extension/jemalloc/include -I/home/pei/Project/duckdb-polr/extension/jemalloc/jemalloc/include -O3 -DNDEBUG -O3 -DNDEBUG   -fPIC -fdiagnostics-color=always -w -std=c++11 -MD -MT extension/jemalloc/jemalloc/CMakeFiles/jemalloc.dir/src/prof_sys.cpp.o -MF extension/jemalloc/jemalloc/CMakeFiles/jemalloc.dir/src/prof_sys.cpp.o.d -o extension/jemalloc/jemalloc/CMakeFiles/jemalloc.dir/src/prof_sys.cpp.o -c /home/pei/Project/duckdb-polr/extension/jemalloc/jemalloc/src/prof_sys.cpp
[257/376] /usr/bin/ccache /usr/lib/ccache/c++ -DDUCKDB_BUILD_LIBRARY -DENABLE_CROSS_PRODUCT_REWRITE=0 -DENABLE_DEBUG_PRINT=0 -DENABLE_MEASURE_EXE_TIME=0 -DENABLE_MERGE_BACK_PLAN=0 -DENABLE_PARALLEL_EXECUTION=0 -DENABLE_QUERY_SPLIT=1 -DENABLE_SPECIFY_EST_STAT=0 -DJEMALLOC_NO_PRIVATE_NAMESPACE -DJEMALLOC_NO_RENAME -I/home/pei/Project/duckdb-polr/src/include -I/home/pei/Project/duckdb-polr/third_party/fsst -I/home/pei/Project/duckdb-polr/third_party/fmt/include -I/home/pei/Project/duckdb-polr/third_party/hyperloglog -I/home/pei/Project/duckdb-polr/third_party/fastpforlib -I/home/pei/Project/duckdb-polr/third_party/fast_float -I/home/pei/Project/duckdb-polr/third_party/re2 -I/home/pei/Project/duckdb-polr/third_party/miniz -I/home/pei/Project/duckdb-polr/third_party/utf8proc/include -I/home/pei/Project/duckdb-polr/third_party/miniparquet -I/home/pei/Project/duckdb-polr/third_party/concurrentqueue -I/home/pei/Project/duckdb-polr/third_party/pcg -I/home/pei/Project/duckdb-polr/third_party/tdigest -I/home/pei/Project/duckdb-polr/third_party/mbedtls/include -I/home/pei/Project/duckdb-polr/third_party/jaro_winkler -I/home/pei/Project/duckdb-polr/extension/jemalloc/include -I/home/pei/Project/duckdb-polr/extension/jemalloc/jemalloc/include -O3 -DNDEBUG -O3 -DNDEBUG   -fPIC -fdiagnostics-color=always -w -std=c++11 -MD -MT extension/jemalloc/jemalloc/CMakeFiles/jemalloc.dir/src/test_hooks.cpp.o -MF extension/jemalloc/jemalloc/CMakeFiles/jemalloc.dir/src/test_hooks.cpp.o.d -o extension/jemalloc/jemalloc/CMakeFiles/jemalloc.dir/src/test_hooks.cpp.o -c /home/pei/Project/duckdb-polr/extension/jemalloc/jemalloc/src/test_hooks.cpp
[258/376] /usr/bin/ccache /usr/lib/ccache/c++ -DDUCKDB_BUILD_LIBRARY -DENABLE_CROSS_PRODUCT_REWRITE=0 -DENABLE_DEBUG_PRINT=0 -DENABLE_MEASURE_EXE_TIME=0 -DENABLE_MERGE_BACK_PLAN=0 -DENABLE_PARALLEL_EXECUTION=0 -DENABLE_QUERY_SPLIT=1 -DENABLE_SPECIFY_EST_STAT=0 -DJEMALLOC_NO_PRIVATE_NAMESPACE -DJEMALLOC_NO_RENAME -I/home/pei/Project/duckdb-polr/src/include -I/home/pei/Project/duckdb-polr/third_party/fsst -I/home/pei/Project/duckdb-polr/third_party/fmt/include -I/home/pei/Project/duckdb-polr/third_party/hyperloglog -I/home/pei/Project/duckdb-polr/third_party/fastpforlib -I/home/pei/Project/duckdb-polr/third_party/fast_float -I/home/pei/Project/duckdb-polr/third_party/re2 -I/home/pei/Project/duckdb-polr/third_party/miniz -I/home/pei/Project/duckdb-polr/third_party/utf8proc/include -I/home/pei/Project/duckdb-polr/third_party/miniparquet -I/home/pei/Project/duckdb-polr/third_party/concurrentqueue -I/home/pei/Project/duckdb-polr/third_party/pcg -I/home/pei/Project/duckdb-polr/third_party/tdigest -I/home/pei/Project/duckdb-polr/third_party/mbedtls/include -I/home/pei/Project/duckdb-polr/third_party/jaro_winkler -I/home/pei/Project/duckdb-polr/extension/jemalloc/include -I/home/pei/Project/duckdb-polr/extension/jemalloc/jemalloc/include -O3 -DNDEBUG -O3 -DNDEBUG   -fPIC -fdiagnostics-color=always -w -std=c++11 -MD -MT extension/jemalloc/jemalloc/CMakeFiles/jemalloc.dir/src/rtree.cpp.o -MF extension/jemalloc/jemalloc/CMakeFiles/jemalloc.dir/src/rtree.cpp.o.d -o extension/jemalloc/jemalloc/CMakeFiles/jemalloc.dir/src/rtree.cpp.o -c /home/pei/Project/duckdb-polr/extension/jemalloc/jemalloc/src/rtree.cpp
[259/376] /usr/bin/ccache /usr/lib/ccache/c++ -DDUCKDB_BUILD_LIBRARY -DENABLE_CROSS_PRODUCT_REWRITE=0 -DENABLE_DEBUG_PRINT=0 -DENABLE_MEASURE_EXE_TIME=0 -DENABLE_MERGE_BACK_PLAN=0 -DENABLE_PARALLEL_EXECUTION=0 -DENABLE_QUERY_SPLIT=1 -DENABLE_SPECIFY_EST_STAT=0 -DJEMALLOC_NO_PRIVATE_NAMESPACE -DJEMALLOC_NO_RENAME -I/home/pei/Project/duckdb-polr/src/include -I/home/pei/Project/duckdb-polr/third_party/fsst -I/home/pei/Project/duckdb-polr/third_party/fmt/include -I/home/pei/Project/duckdb-polr/third_party/hyperloglog -I/home/pei/Project/duckdb-polr/third_party/fastpforlib -I/home/pei/Project/duckdb-polr/third_party/fast_float -I/home/pei/Project/duckdb-polr/third_party/re2 -I/home/pei/Project/duckdb-polr/third_party/miniz -I/home/pei/Project/duckdb-polr/third_party/utf8proc/include -I/home/pei/Project/duckdb-polr/third_party/miniparquet -I/home/pei/Project/duckdb-polr/third_party/concurrentqueue -I/home/pei/Project/duckdb-polr/third_party/pcg -I/home/pei/Project/duckdb-polr/third_party/tdigest -I/home/pei/Project/duckdb-polr/third_party/mbedtls/include -I/home/pei/Project/duckdb-polr/third_party/jaro_winkler -I/home/pei/Project/duckdb-polr/extension/jemalloc/include -I/home/pei/Project/duckdb-polr/extension/jemalloc/jemalloc/include -O3 -DNDEBUG -O3 -DNDEBUG   -fPIC -fdiagnostics-color=always -w -std=c++11 -MD -MT extension/jemalloc/jemalloc/CMakeFiles/jemalloc.dir/src/psset.cpp.o -MF extension/jemalloc/jemalloc/CMakeFiles/jemalloc.dir/src/psset.cpp.o.d -o extension/jemalloc/jemalloc/CMakeFiles/jemalloc.dir/src/psset.cpp.o -c /home/pei/Project/duckdb-polr/extension/jemalloc/jemalloc/src/psset.cpp
[260/376] /usr/bin/ccache /usr/lib/ccache/c++ -DDUCKDB_BUILD_LIBRARY -DENABLE_CROSS_PRODUCT_REWRITE=0 -DENABLE_DEBUG_PRINT=0 -DENABLE_MEASURE_EXE_TIME=0 -DENABLE_MERGE_BACK_PLAN=0 -DENABLE_PARALLEL_EXECUTION=0 -DENABLE_QUERY_SPLIT=1 -DENABLE_SPECIFY_EST_STAT=0 -DJEMALLOC_NO_PRIVATE_NAMESPACE -DJEMALLOC_NO_RENAME -I/home/pei/Project/duckdb-polr/src/include -I/home/pei/Project/duckdb-polr/third_party/fsst -I/home/pei/Project/duckdb-polr/third_party/fmt/include -I/home/pei/Project/duckdb-polr/third_party/hyperloglog -I/home/pei/Project/duckdb-polr/third_party/fastpforlib -I/home/pei/Project/duckdb-polr/third_party/fast_float -I/home/pei/Project/duckdb-polr/third_party/re2 -I/home/pei/Project/duckdb-polr/third_party/miniz -I/home/pei/Project/duckdb-polr/third_party/utf8proc/include -I/home/pei/Project/duckdb-polr/third_party/miniparquet -I/home/pei/Project/duckdb-polr/third_party/concurrentqueue -I/home/pei/Project/duckdb-polr/third_party/pcg -I/home/pei/Project/duckdb-polr/third_party/tdigest -I/home/pei/Project/duckdb-polr/third_party/mbedtls/include -I/home/pei/Project/duckdb-polr/third_party/jaro_winkler -I/home/pei/Project/duckdb-polr/extension/jemalloc/include -I/home/pei/Project/duckdb-polr/extension/jemalloc/jemalloc/include -O3 -DNDEBUG -O3 -DNDEBUG   -fPIC -fdiagnostics-color=always -w -std=c++11 -MD -MT extension/jemalloc/jemalloc/CMakeFiles/jemalloc.dir/src/safety_check.cpp.o -MF extension/jemalloc/jemalloc/CMakeFiles/jemalloc.dir/src/safety_check.cpp.o.d -o extension/jemalloc/jemalloc/CMakeFiles/jemalloc.dir/src/safety_check.cpp.o -c /home/pei/Project/duckdb-polr/extension/jemalloc/jemalloc/src/safety_check.cpp
[261/376] /usr/bin/ccache /usr/lib/ccache/c++ -DDUCKDB_BUILD_LIBRARY -DENABLE_CROSS_PRODUCT_REWRITE=0 -DENABLE_DEBUG_PRINT=0 -DENABLE_MEASURE_EXE_TIME=0 -DENABLE_MERGE_BACK_PLAN=0 -DENABLE_PARALLEL_EXECUTION=0 -DENABLE_QUERY_SPLIT=1 -DENABLE_SPECIFY_EST_STAT=0 -DJEMALLOC_NO_PRIVATE_NAMESPACE -DJEMALLOC_NO_RENAME -I/home/pei/Project/duckdb-polr/src/include -I/home/pei/Project/duckdb-polr/third_party/fsst -I/home/pei/Project/duckdb-polr/third_party/fmt/include -I/home/pei/Project/duckdb-polr/third_party/hyperloglog -I/home/pei/Project/duckdb-polr/third_party/fastpforlib -I/home/pei/Project/duckdb-polr/third_party/fast_float -I/home/pei/Project/duckdb-polr/third_party/re2 -I/home/pei/Project/duckdb-polr/third_party/miniz -I/home/pei/Project/duckdb-polr/third_party/utf8proc/include -I/home/pei/Project/duckdb-polr/third_party/miniparquet -I/home/pei/Project/duckdb-polr/third_party/concurrentqueue -I/home/pei/Project/duckdb-polr/third_party/pcg -I/home/pei/Project/duckdb-polr/third_party/tdigest -I/home/pei/Project/duckdb-polr/third_party/mbedtls/include -I/home/pei/Project/duckdb-polr/third_party/jaro_winkler -I/home/pei/Project/duckdb-polr/extension/jemalloc/include -I/home/pei/Project/duckdb-polr/extension/jemalloc/jemalloc/include -O3 -DNDEBUG -O3 -DNDEBUG   -fPIC -fdiagnostics-color=always -w -std=c++11 -MD -MT extension/jemalloc/jemalloc/CMakeFiles/jemalloc.dir/src/san_bump.cpp.o -MF extension/jemalloc/jemalloc/CMakeFiles/jemalloc.dir/src/san_bump.cpp.o.d -o extension/jemalloc/jemalloc/CMakeFiles/jemalloc.dir/src/san_bump.cpp.o -c /home/pei/Project/duckdb-polr/extension/jemalloc/jemalloc/src/san_bump.cpp
[262/376] /usr/bin/ccache /usr/lib/ccache/c++ -DDUCKDB_BUILD_LIBRARY -DENABLE_CROSS_PRODUCT_REWRITE=0 -DENABLE_DEBUG_PRINT=0 -DENABLE_MEASURE_EXE_TIME=0 -DENABLE_MERGE_BACK_PLAN=0 -DENABLE_PARALLEL_EXECUTION=0 -DENABLE_QUERY_SPLIT=1 -DENABLE_SPECIFY_EST_STAT=0 -DJEMALLOC_NO_PRIVATE_NAMESPACE -DJEMALLOC_NO_RENAME -I/home/pei/Project/duckdb-polr/src/include -I/home/pei/Project/duckdb-polr/third_party/fsst -I/home/pei/Project/duckdb-polr/third_party/fmt/include -I/home/pei/Project/duckdb-polr/third_party/hyperloglog -I/home/pei/Project/duckdb-polr/third_party/fastpforlib -I/home/pei/Project/duckdb-polr/third_party/fast_float -I/home/pei/Project/duckdb-polr/third_party/re2 -I/home/pei/Project/duckdb-polr/third_party/miniz -I/home/pei/Project/duckdb-polr/third_party/utf8proc/include -I/home/pei/Project/duckdb-polr/third_party/miniparquet -I/home/pei/Project/duckdb-polr/third_party/concurrentqueue -I/home/pei/Project/duckdb-polr/third_party/pcg -I/home/pei/Project/duckdb-polr/third_party/tdigest -I/home/pei/Project/duckdb-polr/third_party/mbedtls/include -I/home/pei/Project/duckdb-polr/third_party/jaro_winkler -I/home/pei/Project/duckdb-polr/extension/jemalloc/include -I/home/pei/Project/duckdb-polr/extension/jemalloc/jemalloc/include -O3 -DNDEBUG -O3 -DNDEBUG   -fPIC -fdiagnostics-color=always -w -std=c++11 -MD -MT extension/jemalloc/jemalloc/CMakeFiles/jemalloc.dir/src/san.cpp.o -MF extension/jemalloc/jemalloc/CMakeFiles/jemalloc.dir/src/san.cpp.o.d -o extension/jemalloc/jemalloc/CMakeFiles/jemalloc.dir/src/san.cpp.o -c /home/pei/Project/duckdb-polr/extension/jemalloc/jemalloc/src/san.cpp
[263/376] /usr/bin/ccache /usr/lib/ccache/c++ -DDUCKDB_BUILD_LIBRARY -DENABLE_CROSS_PRODUCT_REWRITE=0 -DENABLE_DEBUG_PRINT=0 -DENABLE_MEASURE_EXE_TIME=0 -DENABLE_MERGE_BACK_PLAN=0 -DENABLE_PARALLEL_EXECUTION=0 -DENABLE_QUERY_SPLIT=1 -DENABLE_SPECIFY_EST_STAT=0 -DJEMALLOC_NO_PRIVATE_NAMESPACE -DJEMALLOC_NO_RENAME -I/home/pei/Project/duckdb-polr/src/include -I/home/pei/Project/duckdb-polr/third_party/fsst -I/home/pei/Project/duckdb-polr/third_party/fmt/include -I/home/pei/Project/duckdb-polr/third_party/hyperloglog -I/home/pei/Project/duckdb-polr/third_party/fastpforlib -I/home/pei/Project/duckdb-polr/third_party/fast_float -I/home/pei/Project/duckdb-polr/third_party/re2 -I/home/pei/Project/duckdb-polr/third_party/miniz -I/home/pei/Project/duckdb-polr/third_party/utf8proc/include -I/home/pei/Project/duckdb-polr/third_party/miniparquet -I/home/pei/Project/duckdb-polr/third_party/concurrentqueue -I/home/pei/Project/duckdb-polr/third_party/pcg -I/home/pei/Project/duckdb-polr/third_party/tdigest -I/home/pei/Project/duckdb-polr/third_party/mbedtls/include -I/home/pei/Project/duckdb-polr/third_party/jaro_winkler -I/home/pei/Project/duckdb-polr/extension/jemalloc/include -I/home/pei/Project/duckdb-polr/extension/jemalloc/jemalloc/include -O3 -DNDEBUG -O3 -DNDEBUG   -fPIC -fdiagnostics-color=always -w -std=c++11 -MD -MT extension/jemalloc/jemalloc/CMakeFiles/jemalloc.dir/src/sz.cpp.o -MF extension/jemalloc/jemalloc/CMakeFiles/jemalloc.dir/src/sz.cpp.o.d -o extension/jemalloc/jemalloc/CMakeFiles/jemalloc.dir/src/sz.cpp.o -c /home/pei/Project/duckdb-polr/extension/jemalloc/jemalloc/src/sz.cpp
[264/376] /usr/bin/ccache /usr/lib/ccache/c++ -DDUCKDB_BUILD_LIBRARY -DENABLE_CROSS_PRODUCT_REWRITE=0 -DENABLE_DEBUG_PRINT=0 -DENABLE_MEASURE_EXE_TIME=0 -DENABLE_MERGE_BACK_PLAN=0 -DENABLE_PARALLEL_EXECUTION=0 -DENABLE_QUERY_SPLIT=1 -DENABLE_SPECIFY_EST_STAT=0 -DJEMALLOC_NO_PRIVATE_NAMESPACE -DJEMALLOC_NO_RENAME -I/home/pei/Project/duckdb-polr/src/include -I/home/pei/Project/duckdb-polr/third_party/fsst -I/home/pei/Project/duckdb-polr/third_party/fmt/include -I/home/pei/Project/duckdb-polr/third_party/hyperloglog -I/home/pei/Project/duckdb-polr/third_party/fastpforlib -I/home/pei/Project/duckdb-polr/third_party/fast_float -I/home/pei/Project/duckdb-polr/third_party/re2 -I/home/pei/Project/duckdb-polr/third_party/miniz -I/home/pei/Project/duckdb-polr/third_party/utf8proc/include -I/home/pei/Project/duckdb-polr/third_party/miniparquet -I/home/pei/Project/duckdb-polr/third_party/concurrentqueue -I/home/pei/Project/duckdb-polr/third_party/pcg -I/home/pei/Project/duckdb-polr/third_party/tdigest -I/home/pei/Project/duckdb-polr/third_party/mbedtls/include -I/home/pei/Project/duckdb-polr/third_party/jaro_winkler -I/home/pei/Project/duckdb-polr/extension/jemalloc/include -I/home/pei/Project/duckdb-polr/extension/jemalloc/jemalloc/include -O3 -DNDEBUG -O3 -DNDEBUG   -fPIC -fdiagnostics-color=always -w -std=c++11 -MD -MT extension/jemalloc/jemalloc/CMakeFiles/jemalloc.dir/src/sec.cpp.o -MF extension/jemalloc/jemalloc/CMakeFiles/jemalloc.dir/src/sec.cpp.o.d -o extension/jemalloc/jemalloc/CMakeFiles/jemalloc.dir/src/sec.cpp.o -c /home/pei/Project/duckdb-polr/extension/jemalloc/jemalloc/src/sec.cpp
[265/376] /usr/bin/ccache /usr/lib/ccache/c++ -DDUCKDB_BUILD_LIBRARY -DENABLE_CROSS_PRODUCT_REWRITE=0 -DENABLE_DEBUG_PRINT=0 -DENABLE_MEASURE_EXE_TIME=0 -DENABLE_MERGE_BACK_PLAN=0 -DENABLE_PARALLEL_EXECUTION=0 -DENABLE_QUERY_SPLIT=1 -DENABLE_SPECIFY_EST_STAT=0 -DJEMALLOC_NO_PRIVATE_NAMESPACE -DJEMALLOC_NO_RENAME -I/home/pei/Project/duckdb-polr/src/include -I/home/pei/Project/duckdb-polr/third_party/fsst -I/home/pei/Project/duckdb-polr/third_party/fmt/include -I/home/pei/Project/duckdb-polr/third_party/hyperloglog -I/home/pei/Project/duckdb-polr/third_party/fastpforlib -I/home/pei/Project/duckdb-polr/third_party/fast_float -I/home/pei/Project/duckdb-polr/third_party/re2 -I/home/pei/Project/duckdb-polr/third_party/miniz -I/home/pei/Project/duckdb-polr/third_party/utf8proc/include -I/home/pei/Project/duckdb-polr/third_party/miniparquet -I/home/pei/Project/duckdb-polr/third_party/concurrentqueue -I/home/pei/Project/duckdb-polr/third_party/pcg -I/home/pei/Project/duckdb-polr/third_party/tdigest -I/home/pei/Project/duckdb-polr/third_party/mbedtls/include -I/home/pei/Project/duckdb-polr/third_party/jaro_winkler -I/home/pei/Project/duckdb-polr/extension/jemalloc/include -I/home/pei/Project/duckdb-polr/extension/jemalloc/jemalloc/include -O3 -DNDEBUG -O3 -DNDEBUG   -fPIC -fdiagnostics-color=always -w -std=c++11 -MD -MT extension/jemalloc/jemalloc/CMakeFiles/jemalloc.dir/src/stats.cpp.o -MF extension/jemalloc/jemalloc/CMakeFiles/jemalloc.dir/src/stats.cpp.o.d -o extension/jemalloc/jemalloc/CMakeFiles/jemalloc.dir/src/stats.cpp.o -c /home/pei/Project/duckdb-polr/extension/jemalloc/jemalloc/src/stats.cpp
[266/376] /usr/bin/ccache /usr/lib/ccache/c++ -DDUCKDB_BUILD_LIBRARY -DENABLE_CROSS_PRODUCT_REWRITE=0 -DENABLE_DEBUG_PRINT=0 -DENABLE_MEASURE_EXE_TIME=0 -DENABLE_MERGE_BACK_PLAN=0 -DENABLE_PARALLEL_EXECUTION=0 -DENABLE_QUERY_SPLIT=1 -DENABLE_SPECIFY_EST_STAT=0 -DJEMALLOC_NO_PRIVATE_NAMESPACE -DJEMALLOC_NO_RENAME -I/home/pei/Project/duckdb-polr/src/include -I/home/pei/Project/duckdb-polr/third_party/fsst -I/home/pei/Project/duckdb-polr/third_party/fmt/include -I/home/pei/Project/duckdb-polr/third_party/hyperloglog -I/home/pei/Project/duckdb-polr/third_party/fastpforlib -I/home/pei/Project/duckdb-polr/third_party/fast_float -I/home/pei/Project/duckdb-polr/third_party/re2 -I/home/pei/Project/duckdb-polr/third_party/miniz -I/home/pei/Project/duckdb-polr/third_party/utf8proc/include -I/home/pei/Project/duckdb-polr/third_party/miniparquet -I/home/pei/Project/duckdb-polr/third_party/concurrentqueue -I/home/pei/Project/duckdb-polr/third_party/pcg -I/home/pei/Project/duckdb-polr/third_party/tdigest -I/home/pei/Project/duckdb-polr/third_party/mbedtls/include -I/home/pei/Project/duckdb-polr/third_party/jaro_winkler -I/home/pei/Project/duckdb-polr/extension/jemalloc/include -I/home/pei/Project/duckdb-polr/extension/jemalloc/jemalloc/include -O3 -DNDEBUG -O3 -DNDEBUG   -fPIC -fdiagnostics-color=always -w -std=c++11 -MD -MT extension/jemalloc/jemalloc/CMakeFiles/jemalloc.dir/src/tcache.cpp.o -MF extension/jemalloc/jemalloc/CMakeFiles/jemalloc.dir/src/tcache.cpp.o.d -o extension/jemalloc/jemalloc/CMakeFiles/jemalloc.dir/src/tcache.cpp.o -c /home/pei/Project/duckdb-polr/extension/jemalloc/jemalloc/src/tcache.cpp
[267/376] /usr/bin/ccache /usr/lib/ccache/c++ -DDUCKDB_BUILD_LIBRARY -DENABLE_CROSS_PRODUCT_REWRITE=0 -DENABLE_DEBUG_PRINT=0 -DENABLE_MEASURE_EXE_TIME=0 -DENABLE_MERGE_BACK_PLAN=0 -DENABLE_PARALLEL_EXECUTION=0 -DENABLE_QUERY_SPLIT=1 -DENABLE_SPECIFY_EST_STAT=0 -DJEMALLOC_NO_PRIVATE_NAMESPACE -DJEMALLOC_NO_RENAME -I/home/pei/Project/duckdb-polr/src/include -I/home/pei/Project/duckdb-polr/third_party/fsst -I/home/pei/Project/duckdb-polr/third_party/fmt/include -I/home/pei/Project/duckdb-polr/third_party/hyperloglog -I/home/pei/Project/duckdb-polr/third_party/fastpforlib -I/home/pei/Project/duckdb-polr/third_party/fast_float -I/home/pei/Project/duckdb-polr/third_party/re2 -I/home/pei/Project/duckdb-polr/third_party/miniz -I/home/pei/Project/duckdb-polr/third_party/utf8proc/include -I/home/pei/Project/duckdb-polr/third_party/miniparquet -I/home/pei/Project/duckdb-polr/third_party/concurrentqueue -I/home/pei/Project/duckdb-polr/third_party/pcg -I/home/pei/Project/duckdb-polr/third_party/tdigest -I/home/pei/Project/duckdb-polr/third_party/mbedtls/include -I/home/pei/Project/duckdb-polr/third_party/jaro_winkler -I/home/pei/Project/duckdb-polr/extension/jemalloc/include -I/home/pei/Project/duckdb-polr/extension/jemalloc/jemalloc/include -O3 -DNDEBUG -O3 -DNDEBUG   -fPIC -fdiagnostics-color=always -w -std=c++11 -MD -MT extension/jemalloc/jemalloc/CMakeFiles/jemalloc.dir/src/tsd.cpp.o -MF extension/jemalloc/jemalloc/CMakeFiles/jemalloc.dir/src/tsd.cpp.o.d -o extension/jemalloc/jemalloc/CMakeFiles/jemalloc.dir/src/tsd.cpp.o -c /home/pei/Project/duckdb-polr/extension/jemalloc/jemalloc/src/tsd.cpp
[268/376] /usr/bin/ccache /usr/lib/ccache/c++ -DDUCKDB_BUILD_LIBRARY -DENABLE_CROSS_PRODUCT_REWRITE=0 -DENABLE_DEBUG_PRINT=0 -DENABLE_MEASURE_EXE_TIME=0 -DENABLE_MERGE_BACK_PLAN=0 -DENABLE_PARALLEL_EXECUTION=0 -DENABLE_QUERY_SPLIT=1 -DENABLE_SPECIFY_EST_STAT=0 -DJEMALLOC_NO_PRIVATE_NAMESPACE -DJEMALLOC_NO_RENAME -I/home/pei/Project/duckdb-polr/src/include -I/home/pei/Project/duckdb-polr/third_party/fsst -I/home/pei/Project/duckdb-polr/third_party/fmt/include -I/home/pei/Project/duckdb-polr/third_party/hyperloglog -I/home/pei/Project/duckdb-polr/third_party/fastpforlib -I/home/pei/Project/duckdb-polr/third_party/fast_float -I/home/pei/Project/duckdb-polr/third_party/re2 -I/home/pei/Project/duckdb-polr/third_party/miniz -I/home/pei/Project/duckdb-polr/third_party/utf8proc/include -I/home/pei/Project/duckdb-polr/third_party/miniparquet -I/home/pei/Project/duckdb-polr/third_party/concurrentqueue -I/home/pei/Project/duckdb-polr/third_party/pcg -I/home/pei/Project/duckdb-polr/third_party/tdigest -I/home/pei/Project/duckdb-polr/third_party/mbedtls/include -I/home/pei/Project/duckdb-polr/third_party/jaro_winkler -I/home/pei/Project/duckdb-polr/extension/jemalloc/include -I/home/pei/Project/duckdb-polr/extension/jemalloc/jemalloc/include -O3 -DNDEBUG -O3 -DNDEBUG   -fPIC -fdiagnostics-color=always -w -std=c++11 -MD -MT extension/jemalloc/jemalloc/CMakeFiles/jemalloc.dir/src/thread_event.cpp.o -MF extension/jemalloc/jemalloc/CMakeFiles/jemalloc.dir/src/thread_event.cpp.o.d -o extension/jemalloc/jemalloc/CMakeFiles/jemalloc.dir/src/thread_event.cpp.o -c /home/pei/Project/duckdb-polr/extension/jemalloc/jemalloc/src/thread_event.cpp
[269/376] /usr/bin/ccache /usr/lib/ccache/c++ -DDUCKDB_BUILD_LIBRARY -DENABLE_CROSS_PRODUCT_REWRITE=0 -DENABLE_DEBUG_PRINT=0 -DENABLE_MEASURE_EXE_TIME=0 -DENABLE_MERGE_BACK_PLAN=0 -DENABLE_PARALLEL_EXECUTION=0 -DENABLE_QUERY_SPLIT=1 -DENABLE_SPECIFY_EST_STAT=0 -DJEMALLOC_NO_PRIVATE_NAMESPACE -DJEMALLOC_NO_RENAME -I/home/pei/Project/duckdb-polr/src/include -I/home/pei/Project/duckdb-polr/third_party/fsst -I/home/pei/Project/duckdb-polr/third_party/fmt/include -I/home/pei/Project/duckdb-polr/third_party/hyperloglog -I/home/pei/Project/duckdb-polr/third_party/fastpforlib -I/home/pei/Project/duckdb-polr/third_party/fast_float -I/home/pei/Project/duckdb-polr/third_party/re2 -I/home/pei/Project/duckdb-polr/third_party/miniz -I/home/pei/Project/duckdb-polr/third_party/utf8proc/include -I/home/pei/Project/duckdb-polr/third_party/miniparquet -I/home/pei/Project/duckdb-polr/third_party/concurrentqueue -I/home/pei/Project/duckdb-polr/third_party/pcg -I/home/pei/Project/duckdb-polr/third_party/tdigest -I/home/pei/Project/duckdb-polr/third_party/mbedtls/include -I/home/pei/Project/duckdb-polr/third_party/jaro_winkler -I/home/pei/Project/duckdb-polr/extension/jemalloc/include -I/home/pei/Project/duckdb-polr/extension/jemalloc/jemalloc/include -O3 -DNDEBUG -O3 -DNDEBUG   -fPIC -fdiagnostics-color=always -w -std=c++11 -MD -MT extension/jemalloc/jemalloc/CMakeFiles/jemalloc.dir/src/ticker.cpp.o -MF extension/jemalloc/jemalloc/CMakeFiles/jemalloc.dir/src/ticker.cpp.o.d -o extension/jemalloc/jemalloc/CMakeFiles/jemalloc.dir/src/ticker.cpp.o -c /home/pei/Project/duckdb-polr/extension/jemalloc/jemalloc/src/ticker.cpp
[270/376] /usr/bin/ccache /usr/lib/ccache/c++ -DDUCKDB_BUILD_LIBRARY -DENABLE_CROSS_PRODUCT_REWRITE=0 -DENABLE_DEBUG_PRINT=0 -DENABLE_MEASURE_EXE_TIME=0 -DENABLE_MERGE_BACK_PLAN=0 -DENABLE_PARALLEL_EXECUTION=0 -DENABLE_QUERY_SPLIT=1 -DENABLE_SPECIFY_EST_STAT=0 -DJEMALLOC_NO_PRIVATE_NAMESPACE -DJEMALLOC_NO_RENAME -I/home/pei/Project/duckdb-polr/src/include -I/home/pei/Project/duckdb-polr/third_party/fsst -I/home/pei/Project/duckdb-polr/third_party/fmt/include -I/home/pei/Project/duckdb-polr/third_party/hyperloglog -I/home/pei/Project/duckdb-polr/third_party/fastpforlib -I/home/pei/Project/duckdb-polr/third_party/fast_float -I/home/pei/Project/duckdb-polr/third_party/re2 -I/home/pei/Project/duckdb-polr/third_party/miniz -I/home/pei/Project/duckdb-polr/third_party/utf8proc/include -I/home/pei/Project/duckdb-polr/third_party/miniparquet -I/home/pei/Project/duckdb-polr/third_party/concurrentqueue -I/home/pei/Project/duckdb-polr/third_party/pcg -I/home/pei/Project/duckdb-polr/third_party/tdigest -I/home/pei/Project/duckdb-polr/third_party/mbedtls/include -I/home/pei/Project/duckdb-polr/third_party/jaro_winkler -I/home/pei/Project/duckdb-polr/extension/jemalloc/include -I/home/pei/Project/duckdb-polr/extension/jemalloc/jemalloc/include -O3 -DNDEBUG -O3 -DNDEBUG   -fPIC -fdiagnostics-color=always -w -std=c++11 -MD -MT extension/jemalloc/jemalloc/CMakeFiles/jemalloc.dir/src/witness.cpp.o -MF extension/jemalloc/jemalloc/CMakeFiles/jemalloc.dir/src/witness.cpp.o.d -o extension/jemalloc/jemalloc/CMakeFiles/jemalloc.dir/src/witness.cpp.o -c /home/pei/Project/duckdb-polr/extension/jemalloc/jemalloc/src/witness.cpp
[271/376] : && /usr/bin/cmake -E rm -f extension/jemalloc/libjemalloc_extension.a && /usr/bin/ar qc extension/jemalloc/libjemalloc_extension.a  extension/jemalloc/jemalloc/CMakeFiles/jemalloc.dir/src/arena.cpp.o extension/jemalloc/jemalloc/CMakeFiles/jemalloc.dir/src/background_thread.cpp.o extension/jemalloc/jemalloc/CMakeFiles/jemalloc.dir/src/base.cpp.o extension/jemalloc/jemalloc/CMakeFiles/jemalloc.dir/src/bin.cpp.o extension/jemalloc/jemalloc/CMakeFiles/jemalloc.dir/src/bin_info.cpp.o extension/jemalloc/jemalloc/CMakeFiles/jemalloc.dir/src/bitmap.cpp.o extension/jemalloc/jemalloc/CMakeFiles/jemalloc.dir/src/buf_writer.cpp.o extension/jemalloc/jemalloc/CMakeFiles/jemalloc.dir/src/cache_bin.cpp.o extension/jemalloc/jemalloc/CMakeFiles/jemalloc.dir/src/ckh.cpp.o extension/jemalloc/jemalloc/CMakeFiles/jemalloc.dir/src/counter.cpp.o extension/jemalloc/jemalloc/CMakeFiles/jemalloc.dir/src/ctl.cpp.o extension/jemalloc/jemalloc/CMakeFiles/jemalloc.dir/src/decay.cpp.o extension/jemalloc/jemalloc/CMakeFiles/jemalloc.dir/src/div.cpp.o extension/jemalloc/jemalloc/CMakeFiles/jemalloc.dir/src/ecache.cpp.o extension/jemalloc/jemalloc/CMakeFiles/jemalloc.dir/src/edata.cpp.o extension/jemalloc/jemalloc/CMakeFiles/jemalloc.dir/src/edata_cache.cpp.o extension/jemalloc/jemalloc/CMakeFiles/jemalloc.dir/src/ehooks.cpp.o extension/jemalloc/jemalloc/CMakeFiles/jemalloc.dir/src/emap.cpp.o extension/jemalloc/jemalloc/CMakeFiles/jemalloc.dir/src/eset.cpp.o extension/jemalloc/jemalloc/CMakeFiles/jemalloc.dir/src/exp_grow.cpp.o extension/jemalloc/jemalloc/CMakeFiles/jemalloc.dir/src/extent.cpp.o extension/jemalloc/jemalloc/CMakeFiles/jemalloc.dir/src/extent_dss.cpp.o extension/jemalloc/jemalloc/CMakeFiles/jemalloc.dir/src/extent_mmap.cpp.o extension/jemalloc/jemalloc/CMakeFiles/jemalloc.dir/src/fxp.cpp.o extension/jemalloc/jemalloc/CMakeFiles/jemalloc.dir/src/hook.cpp.o extension/jemalloc/jemalloc/CMakeFiles/jemalloc.dir/src/hpa.cpp.o extension/jemalloc/jemalloc/CMakeFiles/jemalloc.dir/src/hpa_hooks.cpp.o extension/jemalloc/jemalloc/CMakeFiles/jemalloc.dir/src/hpdata.cpp.o extension/jemalloc/jemalloc/CMakeFiles/jemalloc.dir/src/inspect.cpp.o extension/jemalloc/jemalloc/CMakeFiles/jemalloc.dir/src/jemalloc.cpp.o extension/jemalloc/jemalloc/CMakeFiles/jemalloc.dir/src/large.cpp.o extension/jemalloc/jemalloc/CMakeFiles/jemalloc.dir/src/log.cpp.o extension/jemalloc/jemalloc/CMakeFiles/jemalloc.dir/src/malloc_io.cpp.o extension/jemalloc/jemalloc/CMakeFiles/jemalloc.dir/src/mutex.cpp.o extension/jemalloc/jemalloc/CMakeFiles/jemalloc.dir/src/nstime.cpp.o extension/jemalloc/jemalloc/CMakeFiles/jemalloc.dir/src/pa.cpp.o extension/jemalloc/jemalloc/CMakeFiles/jemalloc.dir/src/pa_extra.cpp.o extension/jemalloc/jemalloc/CMakeFiles/jemalloc.dir/src/pac.cpp.o extension/jemalloc/jemalloc/CMakeFiles/jemalloc.dir/src/pages.cpp.o extension/jemalloc/jemalloc/CMakeFiles/jemalloc.dir/src/pai.cpp.o extension/jemalloc/jemalloc/CMakeFiles/jemalloc.dir/src/peak_event.cpp.o extension/jemalloc/jemalloc/CMakeFiles/jemalloc.dir/src/prof.cpp.o extension/jemalloc/jemalloc/CMakeFiles/jemalloc.dir/src/prof_data.cpp.o extension/jemalloc/jemalloc/CMakeFiles/jemalloc.dir/src/prof_log.cpp.o extension/jemalloc/jemalloc/CMakeFiles/jemalloc.dir/src/prof_recent.cpp.o extension/jemalloc/jemalloc/CMakeFiles/jemalloc.dir/src/prof_stats.cpp.o extension/jemalloc/jemalloc/CMakeFiles/jemalloc.dir/src/prof_sys.cpp.o extension/jemalloc/jemalloc/CMakeFiles/jemalloc.dir/src/psset.cpp.o extension/jemalloc/jemalloc/CMakeFiles/jemalloc.dir/src/rtree.cpp.o extension/jemalloc/jemalloc/CMakeFiles/jemalloc.dir/src/safety_check.cpp.o extension/jemalloc/jemalloc/CMakeFiles/jemalloc.dir/src/san.cpp.o extension/jemalloc/jemalloc/CMakeFiles/jemalloc.dir/src/san_bump.cpp.o extension/jemalloc/jemalloc/CMakeFiles/jemalloc.dir/src/sc.cpp.o extension/jemalloc/jemalloc/CMakeFiles/jemalloc.dir/src/sec.cpp.o extension/jemalloc/jemalloc/CMakeFiles/jemalloc.dir/src/stats.cpp.o extension/jemalloc/jemalloc/CMakeFiles/jemalloc.dir/src/sz.cpp.o extension/jemalloc/jemalloc/CMakeFiles/jemalloc.dir/src/tcache.cpp.o extension/jemalloc/jemalloc/CMakeFiles/jemalloc.dir/src/test_hooks.cpp.o extension/jemalloc/jemalloc/CMakeFiles/jemalloc.dir/src/thread_event.cpp.o extension/jemalloc/jemalloc/CMakeFiles/jemalloc.dir/src/ticker.cpp.o extension/jemalloc/jemalloc/CMakeFiles/jemalloc.dir/src/tsd.cpp.o extension/jemalloc/jemalloc/CMakeFiles/jemalloc.dir/src/witness.cpp.o extension/jemalloc/CMakeFiles/jemalloc_extension.dir/jemalloc-extension.cpp.o && /usr/bin/ranlib extension/jemalloc/libjemalloc_extension.a && :
[272/376] /usr/bin/ccache /usr/lib/ccache/c++ -DDUCKDB_BUILD_LIBRARY -DENABLE_CROSS_PRODUCT_REWRITE=0 -DENABLE_DEBUG_PRINT=0 -DENABLE_MEASURE_EXE_TIME=0 -DENABLE_MERGE_BACK_PLAN=0 -DENABLE_PARALLEL_EXECUTION=0 -DENABLE_QUERY_SPLIT=1 -DENABLE_SPECIFY_EST_STAT=0 -I/home/pei/Project/duckdb-polr/src/include -I/home/pei/Project/duckdb-polr/third_party/fsst -I/home/pei/Project/duckdb-polr/third_party/fmt/include -I/home/pei/Project/duckdb-polr/third_party/hyperloglog -I/home/pei/Project/duckdb-polr/third_party/fastpforlib -I/home/pei/Project/duckdb-polr/third_party/fast_float -I/home/pei/Project/duckdb-polr/third_party/re2 -I/home/pei/Project/duckdb-polr/third_party/miniz -I/home/pei/Project/duckdb-polr/third_party/utf8proc/include -I/home/pei/Project/duckdb-polr/third_party/miniparquet -I/home/pei/Project/duckdb-polr/third_party/concurrentqueue -I/home/pei/Project/duckdb-polr/third_party/pcg -I/home/pei/Project/duckdb-polr/third_party/tdigest -I/home/pei/Project/duckdb-polr/third_party/mbedtls/include -I/home/pei/Project/duckdb-polr/third_party/jaro_winkler -I/home/pei/Project/duckdb-polr/test/../third_party/catch -I/home/pei/Project/duckdb-polr/test/../third_party/tpce-tool/include -I/home/pei/Project/duckdb-polr/test/../third_party/sqlite/include -I/home/pei/Project/duckdb-polr/test/include -O3 -DNDEBUG -O3 -DNDEBUG   -fPIC -fdiagnostics-color=always -std=c++11 -MD -MT test/appender/CMakeFiles/test_appender.dir/ub_test_appender.cpp.o -MF test/appender/CMakeFiles/test_appender.dir/ub_test_appender.cpp.o.d -o test/appender/CMakeFiles/test_appender.dir/ub_test_appender.cpp.o -c /home/pei/Project/duckdb-polr/build/release/test/appender/ub_test_appender.cpp
[273/376] /usr/bin/ccache /usr/lib/ccache/c++ -DDUCKDB_BUILD_LIBRARY -DENABLE_CROSS_PRODUCT_REWRITE=0 -DENABLE_DEBUG_PRINT=0 -DENABLE_MEASURE_EXE_TIME=0 -DENABLE_MERGE_BACK_PLAN=0 -DENABLE_PARALLEL_EXECUTION=0 -DENABLE_QUERY_SPLIT=1 -DENABLE_SPECIFY_EST_STAT=0 -I/home/pei/Project/duckdb-polr/src/include -I/home/pei/Project/duckdb-polr/third_party/fsst -I/home/pei/Project/duckdb-polr/third_party/fmt/include -I/home/pei/Project/duckdb-polr/third_party/hyperloglog -I/home/pei/Project/duckdb-polr/third_party/fastpforlib -I/home/pei/Project/duckdb-polr/third_party/fast_float -I/home/pei/Project/duckdb-polr/third_party/re2 -I/home/pei/Project/duckdb-polr/third_party/miniz -I/home/pei/Project/duckdb-polr/third_party/utf8proc/include -I/home/pei/Project/duckdb-polr/third_party/miniparquet -I/home/pei/Project/duckdb-polr/third_party/concurrentqueue -I/home/pei/Project/duckdb-polr/third_party/pcg -I/home/pei/Project/duckdb-polr/third_party/tdigest -I/home/pei/Project/duckdb-polr/third_party/mbedtls/include -I/home/pei/Project/duckdb-polr/third_party/jaro_winkler -I/home/pei/Project/duckdb-polr/test/../third_party/catch -I/home/pei/Project/duckdb-polr/test/../third_party/tpce-tool/include -I/home/pei/Project/duckdb-polr/test/../third_party/sqlite/include -I/home/pei/Project/duckdb-polr/test/include -O3 -DNDEBUG -O3 -DNDEBUG   -fPIC -fdiagnostics-color=always -std=c++11 -MD -MT test/api/udf_function/CMakeFiles/test_api_udf_function.dir/ub_test_api_udf_function.cpp.o -MF test/api/udf_function/CMakeFiles/test_api_udf_function.dir/ub_test_api_udf_function.cpp.o.d -o test/api/udf_function/CMakeFiles/test_api_udf_function.dir/ub_test_api_udf_function.cpp.o -c /home/pei/Project/duckdb-polr/build/release/test/api/udf_function/ub_test_api_udf_function.cpp
[274/376] /usr/bin/ccache /usr/lib/ccache/c++ -DDUCKDB_BUILD_LIBRARY -DDUCKDB_ROOT_DIRECTORY=\"/home/pei/Project/duckdb-polr\" -DENABLE_CROSS_PRODUCT_REWRITE=0 -DENABLE_DEBUG_PRINT=0 -DENABLE_MEASURE_EXE_TIME=0 -DENABLE_MERGE_BACK_PLAN=0 -DENABLE_PARALLEL_EXECUTION=0 -DENABLE_QUERY_SPLIT=1 -DENABLE_SPECIFY_EST_STAT=0 -I/home/pei/Project/duckdb-polr/src/include -I/home/pei/Project/duckdb-polr/third_party/fsst -I/home/pei/Project/duckdb-polr/third_party/fmt/include -I/home/pei/Project/duckdb-polr/third_party/hyperloglog -I/home/pei/Project/duckdb-polr/third_party/fastpforlib -I/home/pei/Project/duckdb-polr/third_party/fast_float -I/home/pei/Project/duckdb-polr/third_party/re2 -I/home/pei/Project/duckdb-polr/third_party/miniz -I/home/pei/Project/duckdb-polr/third_party/utf8proc/include -I/home/pei/Project/duckdb-polr/third_party/miniparquet -I/home/pei/Project/duckdb-polr/third_party/concurrentqueue -I/home/pei/Project/duckdb-polr/third_party/pcg -I/home/pei/Project/duckdb-polr/third_party/tdigest -I/home/pei/Project/duckdb-polr/third_party/mbedtls/include -I/home/pei/Project/duckdb-polr/third_party/jaro_winkler -I/home/pei/Project/duckdb-polr/test/../third_party/catch -I/home/pei/Project/duckdb-polr/test/../third_party/tpce-tool/include -I/home/pei/Project/duckdb-polr/test/../third_party/sqlite/include -I/home/pei/Project/duckdb-polr/test/include -I/home/pei/Project/duckdb-polr/third_party/libpg_query/include -O3 -DNDEBUG -O3 -DNDEBUG   -fPIE -fdiagnostics-color=always -std=c++11 -MD -MT test/CMakeFiles/unittest.dir/unittest.cpp.o -MF test/CMakeFiles/unittest.dir/unittest.cpp.o.d -o test/CMakeFiles/unittest.dir/unittest.cpp.o -c /home/pei/Project/duckdb-polr/test/unittest.cpp
[275/376] /usr/bin/ccache /usr/lib/ccache/c++ -DDUCKDB_BUILD_DIRECTORY=\"/home/pei/Project/duckdb-polr/build/release\" -DDUCKDB_BUILD_LIBRARY -DDUCKDB_BUILD_LOADABLE_EXTENSION -DENABLE_CROSS_PRODUCT_REWRITE=0 -DENABLE_DEBUG_PRINT=0 -DENABLE_MEASURE_EXE_TIME=0 -DENABLE_MERGE_BACK_PLAN=0 -DENABLE_PARALLEL_EXECUTION=0 -DENABLE_QUERY_SPLIT=1 -DENABLE_SPECIFY_EST_STAT=0 -I/home/pei/Project/duckdb-polr/src/include -I/home/pei/Project/duckdb-polr/third_party/fsst -I/home/pei/Project/duckdb-polr/third_party/fmt/include -I/home/pei/Project/duckdb-polr/third_party/hyperloglog -I/home/pei/Project/duckdb-polr/third_party/fastpforlib -I/home/pei/Project/duckdb-polr/third_party/fast_float -I/home/pei/Project/duckdb-polr/third_party/re2 -I/home/pei/Project/duckdb-polr/third_party/miniz -I/home/pei/Project/duckdb-polr/third_party/utf8proc/include -I/home/pei/Project/duckdb-polr/third_party/miniparquet -I/home/pei/Project/duckdb-polr/third_party/concurrentqueue -I/home/pei/Project/duckdb-polr/third_party/pcg -I/home/pei/Project/duckdb-polr/third_party/tdigest -I/home/pei/Project/duckdb-polr/third_party/mbedtls/include -I/home/pei/Project/duckdb-polr/third_party/jaro_winkler -I/home/pei/Project/duckdb-polr/test/../third_party/catch -I/home/pei/Project/duckdb-polr/test/../third_party/tpce-tool/include -I/home/pei/Project/duckdb-polr/test/../third_party/sqlite/include -I/home/pei/Project/duckdb-polr/test/include -O3 -DNDEBUG -O3 -DNDEBUG   -fPIC -fdiagnostics-color=always -std=c++11 -MD -MT test/extension/CMakeFiles/loadable_extension_demo_loadable_extension.dir/loadable_extension_demo.cpp.o -MF test/extension/CMakeFiles/loadable_extension_demo_loadable_extension.dir/loadable_extension_demo.cpp.o.d -o test/extension/CMakeFiles/loadable_extension_demo_loadable_extension.dir/loadable_extension_demo.cpp.o -c /home/pei/Project/duckdb-polr/test/extension/loadable_extension_demo.cpp
[276/376] /usr/bin/ccache /usr/lib/ccache/c++ -DDUCKDB_BUILD_DIRECTORY=\"/home/pei/Project/duckdb-polr/build/release\" -DDUCKDB_BUILD_LIBRARY -DDUCKDB_BUILD_LOADABLE_EXTENSION -DENABLE_CROSS_PRODUCT_REWRITE=0 -DENABLE_DEBUG_PRINT=0 -DENABLE_MEASURE_EXE_TIME=0 -DENABLE_MERGE_BACK_PLAN=0 -DENABLE_PARALLEL_EXECUTION=0 -DENABLE_QUERY_SPLIT=1 -DENABLE_SPECIFY_EST_STAT=0 -I/home/pei/Project/duckdb-polr/src/include -I/home/pei/Project/duckdb-polr/third_party/fsst -I/home/pei/Project/duckdb-polr/third_party/fmt/include -I/home/pei/Project/duckdb-polr/third_party/hyperloglog -I/home/pei/Project/duckdb-polr/third_party/fastpforlib -I/home/pei/Project/duckdb-polr/third_party/fast_float -I/home/pei/Project/duckdb-polr/third_party/re2 -I/home/pei/Project/duckdb-polr/third_party/miniz -I/home/pei/Project/duckdb-polr/third_party/utf8proc/include -I/home/pei/Project/duckdb-polr/third_party/miniparquet -I/home/pei/Project/duckdb-polr/third_party/concurrentqueue -I/home/pei/Project/duckdb-polr/third_party/pcg -I/home/pei/Project/duckdb-polr/third_party/tdigest -I/home/pei/Project/duckdb-polr/third_party/mbedtls/include -I/home/pei/Project/duckdb-polr/third_party/jaro_winkler -I/home/pei/Project/duckdb-polr/test/../third_party/catch -I/home/pei/Project/duckdb-polr/test/../third_party/tpce-tool/include -I/home/pei/Project/duckdb-polr/test/../third_party/sqlite/include -I/home/pei/Project/duckdb-polr/test/include -O3 -DNDEBUG -O3 -DNDEBUG   -fPIC -fdiagnostics-color=always -std=c++11 -MD -MT test/extension/CMakeFiles/loadable_extension_optimizer_demo_loadable_extension.dir/loadable_extension_optimizer_demo.cpp.o -MF test/extension/CMakeFiles/loadable_extension_optimizer_demo_loadable_extension.dir/loadable_extension_optimizer_demo.cpp.o.d -o test/extension/CMakeFiles/loadable_extension_optimizer_demo_loadable_extension.dir/loadable_extension_optimizer_demo.cpp.o -c /home/pei/Project/duckdb-polr/test/extension/loadable_extension_optimizer_demo.cpp
[277/376] /usr/bin/ccache /usr/lib/ccache/c++ -DDUCKDB_BUILD_LIBRARY -DENABLE_CROSS_PRODUCT_REWRITE=0 -DENABLE_DEBUG_PRINT=0 -DENABLE_MEASURE_EXE_TIME=0 -DENABLE_MERGE_BACK_PLAN=0 -DENABLE_PARALLEL_EXECUTION=0 -DENABLE_QUERY_SPLIT=1 -DENABLE_SPECIFY_EST_STAT=0 -I/home/pei/Project/duckdb-polr/src/include -I/home/pei/Project/duckdb-polr/third_party/fsst -I/home/pei/Project/duckdb-polr/third_party/fmt/include -I/home/pei/Project/duckdb-polr/third_party/hyperloglog -I/home/pei/Project/duckdb-polr/third_party/fastpforlib -I/home/pei/Project/duckdb-polr/third_party/fast_float -I/home/pei/Project/duckdb-polr/third_party/re2 -I/home/pei/Project/duckdb-polr/third_party/miniz -I/home/pei/Project/duckdb-polr/third_party/utf8proc/include -I/home/pei/Project/duckdb-polr/third_party/miniparquet -I/home/pei/Project/duckdb-polr/third_party/concurrentqueue -I/home/pei/Project/duckdb-polr/third_party/pcg -I/home/pei/Project/duckdb-polr/third_party/tdigest -I/home/pei/Project/duckdb-polr/third_party/mbedtls/include -I/home/pei/Project/duckdb-polr/third_party/jaro_winkler -I/home/pei/Project/duckdb-polr/test/../third_party/catch -I/home/pei/Project/duckdb-polr/test/../third_party/tpce-tool/include -I/home/pei/Project/duckdb-polr/test/../third_party/sqlite/include -I/home/pei/Project/duckdb-polr/test/include -I/home/pei/Project/duckdb-polr/third_party/libpg_query/include -O3 -DNDEBUG -O3 -DNDEBUG   -fPIC -fdiagnostics-color=always -std=c++11 -MD -MT test/helpers/CMakeFiles/test_helpers.dir/pid.cpp.o -MF test/helpers/CMakeFiles/test_helpers.dir/pid.cpp.o.d -o test/helpers/CMakeFiles/test_helpers.dir/pid.cpp.o -c /home/pei/Project/duckdb-polr/test/helpers/pid.cpp
[278/376] /usr/bin/ccache /usr/lib/ccache/c++ -DDUCKDB_BUILD_LIBRARY -DENABLE_CROSS_PRODUCT_REWRITE=0 -DENABLE_DEBUG_PRINT=0 -DENABLE_MEASURE_EXE_TIME=0 -DENABLE_MERGE_BACK_PLAN=0 -DENABLE_PARALLEL_EXECUTION=0 -DENABLE_QUERY_SPLIT=1 -DENABLE_SPECIFY_EST_STAT=0 -I/home/pei/Project/duckdb-polr/src/include -I/home/pei/Project/duckdb-polr/third_party/fsst -I/home/pei/Project/duckdb-polr/third_party/fmt/include -I/home/pei/Project/duckdb-polr/third_party/hyperloglog -I/home/pei/Project/duckdb-polr/third_party/fastpforlib -I/home/pei/Project/duckdb-polr/third_party/fast_float -I/home/pei/Project/duckdb-polr/third_party/re2 -I/home/pei/Project/duckdb-polr/third_party/miniz -I/home/pei/Project/duckdb-polr/third_party/utf8proc/include -I/home/pei/Project/duckdb-polr/third_party/miniparquet -I/home/pei/Project/duckdb-polr/third_party/concurrentqueue -I/home/pei/Project/duckdb-polr/third_party/pcg -I/home/pei/Project/duckdb-polr/third_party/tdigest -I/home/pei/Project/duckdb-polr/third_party/mbedtls/include -I/home/pei/Project/duckdb-polr/third_party/jaro_winkler -I/home/pei/Project/duckdb-polr/test/../third_party/catch -I/home/pei/Project/duckdb-polr/test/../third_party/tpce-tool/include -I/home/pei/Project/duckdb-polr/test/../third_party/sqlite/include -I/home/pei/Project/duckdb-polr/test/include -O3 -DNDEBUG -O3 -DNDEBUG   -fPIC -fdiagnostics-color=always -std=c++11 -MD -MT test/arrow_roundtrip/CMakeFiles/test_arrow_roundtrip.dir/ub_test_arrow_roundtrip.cpp.o -MF test/arrow_roundtrip/CMakeFiles/test_arrow_roundtrip.dir/ub_test_arrow_roundtrip.cpp.o.d -o test/arrow_roundtrip/CMakeFiles/test_arrow_roundtrip.dir/ub_test_arrow_roundtrip.cpp.o -c /home/pei/Project/duckdb-polr/build/release/test/arrow_roundtrip/ub_test_arrow_roundtrip.cpp
[279/376] /usr/bin/ccache /usr/lib/ccache/c++ -DDUCKDB_BUILD_LIBRARY -DENABLE_CROSS_PRODUCT_REWRITE=0 -DENABLE_DEBUG_PRINT=0 -DENABLE_MEASURE_EXE_TIME=0 -DENABLE_MERGE_BACK_PLAN=0 -DENABLE_PARALLEL_EXECUTION=0 -DENABLE_QUERY_SPLIT=1 -DENABLE_SPECIFY_EST_STAT=0 -I/home/pei/Project/duckdb-polr/src/include -I/home/pei/Project/duckdb-polr/third_party/fsst -I/home/pei/Project/duckdb-polr/third_party/fmt/include -I/home/pei/Project/duckdb-polr/third_party/hyperloglog -I/home/pei/Project/duckdb-polr/third_party/fastpforlib -I/home/pei/Project/duckdb-polr/third_party/fast_float -I/home/pei/Project/duckdb-polr/third_party/re2 -I/home/pei/Project/duckdb-polr/third_party/miniz -I/home/pei/Project/duckdb-polr/third_party/utf8proc/include -I/home/pei/Project/duckdb-polr/third_party/miniparquet -I/home/pei/Project/duckdb-polr/third_party/concurrentqueue -I/home/pei/Project/duckdb-polr/third_party/pcg -I/home/pei/Project/duckdb-polr/third_party/tdigest -I/home/pei/Project/duckdb-polr/third_party/mbedtls/include -I/home/pei/Project/duckdb-polr/third_party/jaro_winkler -I/home/pei/Project/duckdb-polr/test/../third_party/catch -I/home/pei/Project/duckdb-polr/test/../third_party/tpce-tool/include -I/home/pei/Project/duckdb-polr/test/../third_party/sqlite/include -I/home/pei/Project/duckdb-polr/test/include -O3 -DNDEBUG -O3 -DNDEBUG   -fPIC -fdiagnostics-color=always -std=c++11 -MD -MT test/common/CMakeFiles/test_common.dir/ub_test_common.cpp.o -MF test/common/CMakeFiles/test_common.dir/ub_test_common.cpp.o.d -o test/common/CMakeFiles/test_common.dir/ub_test_common.cpp.o -c /home/pei/Project/duckdb-polr/build/release/test/common/ub_test_common.cpp
[280/376] /usr/bin/ccache /usr/lib/ccache/c++ -DDUCKDB_BUILD_LIBRARY -DENABLE_CROSS_PRODUCT_REWRITE=0 -DENABLE_DEBUG_PRINT=0 -DENABLE_MEASURE_EXE_TIME=0 -DENABLE_MERGE_BACK_PLAN=0 -DENABLE_PARALLEL_EXECUTION=0 -DENABLE_QUERY_SPLIT=1 -DENABLE_SPECIFY_EST_STAT=0 -I/home/pei/Project/duckdb-polr/src/include -I/home/pei/Project/duckdb-polr/third_party/fsst -I/home/pei/Project/duckdb-polr/third_party/fmt/include -I/home/pei/Project/duckdb-polr/third_party/hyperloglog -I/home/pei/Project/duckdb-polr/third_party/fastpforlib -I/home/pei/Project/duckdb-polr/third_party/fast_float -I/home/pei/Project/duckdb-polr/third_party/re2 -I/home/pei/Project/duckdb-polr/third_party/miniz -I/home/pei/Project/duckdb-polr/third_party/utf8proc/include -I/home/pei/Project/duckdb-polr/third_party/miniparquet -I/home/pei/Project/duckdb-polr/third_party/concurrentqueue -I/home/pei/Project/duckdb-polr/third_party/pcg -I/home/pei/Project/duckdb-polr/third_party/tdigest -I/home/pei/Project/duckdb-polr/third_party/mbedtls/include -I/home/pei/Project/duckdb-polr/third_party/jaro_winkler -I/home/pei/Project/duckdb-polr/test/../third_party/catch -I/home/pei/Project/duckdb-polr/test/../third_party/tpce-tool/include -I/home/pei/Project/duckdb-polr/test/../third_party/sqlite/include -I/home/pei/Project/duckdb-polr/test/include -O3 -DNDEBUG -O3 -DNDEBUG   -fPIC -fdiagnostics-color=always -std=c++11 -MD -MT test/api/CMakeFiles/test_api.dir/ub_test_api.cpp.o -MF test/api/CMakeFiles/test_api.dir/ub_test_api.cpp.o.d -o test/api/CMakeFiles/test_api.dir/ub_test_api.cpp.o -c /home/pei/Project/duckdb-polr/build/release/test/api/ub_test_api.cpp
In file included from /home/pei/Project/duckdb-polr/src/include/duckdb/optimizer/optimizer.hpp:15,
                 from /home/pei/Project/duckdb-polr/test/api/test_plan_serialization.cpp:6,
                 from /home/pei/Project/duckdb-polr/build/release/test/api/ub_test_api.cpp:12:
/home/pei/Project/duckdb-polr/src/include/duckdb/optimizer/query_split/query_split.hpp:23:1: warning: inline variables are only available with ‘-std=c++17’ or ‘-std=gnu++17’ [-Wc++17-extensions]
   23 | inline bool execute_plan = false;
      | ^~~~~~
[281/376] : && /usr/lib/ccache/c++ -fPIC -O3 -DNDEBUG -O3 -DNDEBUG   -shared -Wl,-soname,loadable_extension_demo.duckdb_extension -o test/extension/loadable_extension_demo.duckdb_extension test/extension/CMakeFiles/loadable_extension_demo_loadable_extension.dir/loadable_extension_demo.cpp.o   && :
[282/376] /usr/bin/ccache /usr/lib/ccache/c++ -DDUCKDB_BUILD_LIBRARY -DENABLE_CROSS_PRODUCT_REWRITE=0 -DENABLE_DEBUG_PRINT=0 -DENABLE_MEASURE_EXE_TIME=0 -DENABLE_MERGE_BACK_PLAN=0 -DENABLE_PARALLEL_EXECUTION=0 -DENABLE_QUERY_SPLIT=1 -DENABLE_SPECIFY_EST_STAT=0 -I/home/pei/Project/duckdb-polr/src/include -I/home/pei/Project/duckdb-polr/third_party/fsst -I/home/pei/Project/duckdb-polr/third_party/fmt/include -I/home/pei/Project/duckdb-polr/third_party/hyperloglog -I/home/pei/Project/duckdb-polr/third_party/fastpforlib -I/home/pei/Project/duckdb-polr/third_party/fast_float -I/home/pei/Project/duckdb-polr/third_party/re2 -I/home/pei/Project/duckdb-polr/third_party/miniz -I/home/pei/Project/duckdb-polr/third_party/utf8proc/include -I/home/pei/Project/duckdb-polr/third_party/miniparquet -I/home/pei/Project/duckdb-polr/third_party/concurrentqueue -I/home/pei/Project/duckdb-polr/third_party/pcg -I/home/pei/Project/duckdb-polr/third_party/tdigest -I/home/pei/Project/duckdb-polr/third_party/mbedtls/include -I/home/pei/Project/duckdb-polr/third_party/jaro_winkler -I/home/pei/Project/duckdb-polr/test/../third_party/catch -I/home/pei/Project/duckdb-polr/test/../third_party/tpce-tool/include -I/home/pei/Project/duckdb-polr/test/../third_party/sqlite/include -I/home/pei/Project/duckdb-polr/test/include -O3 -DNDEBUG -O3 -DNDEBUG   -fPIC -fdiagnostics-color=always -std=c++11 -MD -MT test/api/capi/CMakeFiles/test_sql_capi.dir/ub_test_sql_capi.cpp.o -MF test/api/capi/CMakeFiles/test_sql_capi.dir/ub_test_sql_capi.cpp.o.d -o test/api/capi/CMakeFiles/test_sql_capi.dir/ub_test_sql_capi.cpp.o -c /home/pei/Project/duckdb-polr/build/release/test/api/capi/ub_test_sql_capi.cpp
[283/376] /usr/bin/ccache /usr/lib/ccache/c++ -DDUCKDB_BUILD_LIBRARY -DENABLE_CROSS_PRODUCT_REWRITE=0 -DENABLE_DEBUG_PRINT=0 -DENABLE_MEASURE_EXE_TIME=0 -DENABLE_MERGE_BACK_PLAN=0 -DENABLE_PARALLEL_EXECUTION=0 -DENABLE_QUERY_SPLIT=1 -DENABLE_SPECIFY_EST_STAT=0 -I/home/pei/Project/duckdb-polr/src/include -I/home/pei/Project/duckdb-polr/third_party/fsst -I/home/pei/Project/duckdb-polr/third_party/fmt/include -I/home/pei/Project/duckdb-polr/third_party/hyperloglog -I/home/pei/Project/duckdb-polr/third_party/fastpforlib -I/home/pei/Project/duckdb-polr/third_party/fast_float -I/home/pei/Project/duckdb-polr/third_party/re2 -I/home/pei/Project/duckdb-polr/third_party/miniz -I/home/pei/Project/duckdb-polr/third_party/utf8proc/include -I/home/pei/Project/duckdb-polr/third_party/miniparquet -I/home/pei/Project/duckdb-polr/third_party/concurrentqueue -I/home/pei/Project/duckdb-polr/third_party/pcg -I/home/pei/Project/duckdb-polr/third_party/tdigest -I/home/pei/Project/duckdb-polr/third_party/mbedtls/include -I/home/pei/Project/duckdb-polr/third_party/jaro_winkler -I/home/pei/Project/duckdb-polr/test/../third_party/catch -I/home/pei/Project/duckdb-polr/test/../third_party/tpce-tool/include -I/home/pei/Project/duckdb-polr/test/../third_party/sqlite/include -I/home/pei/Project/duckdb-polr/test/include -I/home/pei/Project/duckdb-polr/third_party/libpg_query/include -O3 -DNDEBUG -O3 -DNDEBUG   -fPIC -fdiagnostics-color=always -std=c++11 -MD -MT test/helpers/CMakeFiles/test_helpers.dir/test_helpers.cpp.o -MF test/helpers/CMakeFiles/test_helpers.dir/test_helpers.cpp.o.d -o test/helpers/CMakeFiles/test_helpers.dir/test_helpers.cpp.o -c /home/pei/Project/duckdb-polr/test/helpers/test_helpers.cpp
[284/376] /usr/bin/ccache /usr/lib/ccache/c++ -DDUCKDB_BUILD_DIRECTORY=\"/home/pei/Project/duckdb-polr/build/release\" -DDUCKDB_BUILD_LIBRARY -DENABLE_CROSS_PRODUCT_REWRITE=0 -DENABLE_DEBUG_PRINT=0 -DENABLE_MEASURE_EXE_TIME=0 -DENABLE_MERGE_BACK_PLAN=0 -DENABLE_PARALLEL_EXECUTION=0 -DENABLE_QUERY_SPLIT=1 -DENABLE_SPECIFY_EST_STAT=0 -I/home/pei/Project/duckdb-polr/src/include -I/home/pei/Project/duckdb-polr/third_party/fsst -I/home/pei/Project/duckdb-polr/third_party/fmt/include -I/home/pei/Project/duckdb-polr/third_party/hyperloglog -I/home/pei/Project/duckdb-polr/third_party/fastpforlib -I/home/pei/Project/duckdb-polr/third_party/fast_float -I/home/pei/Project/duckdb-polr/third_party/re2 -I/home/pei/Project/duckdb-polr/third_party/miniz -I/home/pei/Project/duckdb-polr/third_party/utf8proc/include -I/home/pei/Project/duckdb-polr/third_party/miniparquet -I/home/pei/Project/duckdb-polr/third_party/concurrentqueue -I/home/pei/Project/duckdb-polr/third_party/pcg -I/home/pei/Project/duckdb-polr/third_party/tdigest -I/home/pei/Project/duckdb-polr/third_party/mbedtls/include -I/home/pei/Project/duckdb-polr/third_party/jaro_winkler -I/home/pei/Project/duckdb-polr/test/../third_party/catch -I/home/pei/Project/duckdb-polr/test/../third_party/tpce-tool/include -I/home/pei/Project/duckdb-polr/test/../third_party/sqlite/include -I/home/pei/Project/duckdb-polr/test/include -O3 -DNDEBUG -O3 -DNDEBUG   -fPIC -fdiagnostics-color=always -std=c++11 -MD -MT test/extension/CMakeFiles/test_extensions.dir/ub_test_extensions.cpp.o -MF test/extension/CMakeFiles/test_extensions.dir/ub_test_extensions.cpp.o.d -o test/extension/CMakeFiles/test_extensions.dir/ub_test_extensions.cpp.o -c /home/pei/Project/duckdb-polr/build/release/test/extension/ub_test_extensions.cpp
[285/376] : && /usr/lib/ccache/c++ -fPIC -O3 -DNDEBUG -O3 -DNDEBUG   -shared -Wl,-soname,loadable_extension_optimizer_demo.duckdb_extension -o test/extension/loadable_extension_optimizer_demo.duckdb_extension test/extension/CMakeFiles/loadable_extension_optimizer_demo_loadable_extension.dir/loadable_extension_optimizer_demo.cpp.o   && :
[286/376] /usr/bin/ccache /usr/lib/ccache/c++ -DDUCKDB_BUILD_LIBRARY -DENABLE_CROSS_PRODUCT_REWRITE=0 -DENABLE_DEBUG_PRINT=0 -DENABLE_MEASURE_EXE_TIME=0 -DENABLE_MERGE_BACK_PLAN=0 -DENABLE_PARALLEL_EXECUTION=0 -DENABLE_QUERY_SPLIT=1 -DENABLE_SPECIFY_EST_STAT=0 -I/home/pei/Project/duckdb-polr/src/include -I/home/pei/Project/duckdb-polr/third_party/fsst -I/home/pei/Project/duckdb-polr/third_party/fmt/include -I/home/pei/Project/duckdb-polr/third_party/hyperloglog -I/home/pei/Project/duckdb-polr/third_party/fastpforlib -I/home/pei/Project/duckdb-polr/third_party/fast_float -I/home/pei/Project/duckdb-polr/third_party/re2 -I/home/pei/Project/duckdb-polr/third_party/miniz -I/home/pei/Project/duckdb-polr/third_party/utf8proc/include -I/home/pei/Project/duckdb-polr/third_party/miniparquet -I/home/pei/Project/duckdb-polr/third_party/concurrentqueue -I/home/pei/Project/duckdb-polr/third_party/pcg -I/home/pei/Project/duckdb-polr/third_party/tdigest -I/home/pei/Project/duckdb-polr/third_party/mbedtls/include -I/home/pei/Project/duckdb-polr/third_party/jaro_winkler -I/home/pei/Project/duckdb-polr/test/../third_party/catch -I/home/pei/Project/duckdb-polr/test/../third_party/tpce-tool/include -I/home/pei/Project/duckdb-polr/test/../third_party/sqlite/include -I/home/pei/Project/duckdb-polr/test/include -I/home/pei/Project/duckdb-polr/third_party/libpg_query/include -O3 -DNDEBUG -O3 -DNDEBUG   -fPIC -fdiagnostics-color=always -std=c++11 -MD -MT test/helpers/CMakeFiles/test_helpers.dir/capi_tester.cpp.o -MF test/helpers/CMakeFiles/test_helpers.dir/capi_tester.cpp.o.d -o test/helpers/CMakeFiles/test_helpers.dir/capi_tester.cpp.o -c /home/pei/Project/duckdb-polr/test/helpers/capi_tester.cpp
[287/376] /usr/bin/ccache /usr/lib/ccache/c++ -DDUCKDB_BUILD_LIBRARY -DENABLE_CROSS_PRODUCT_REWRITE=0 -DENABLE_DEBUG_PRINT=0 -DENABLE_MEASURE_EXE_TIME=0 -DENABLE_MERGE_BACK_PLAN=0 -DENABLE_PARALLEL_EXECUTION=0 -DENABLE_QUERY_SPLIT=1 -DENABLE_SPECIFY_EST_STAT=0 -I/home/pei/Project/duckdb-polr/src/include -I/home/pei/Project/duckdb-polr/third_party/fsst -I/home/pei/Project/duckdb-polr/third_party/fmt/include -I/home/pei/Project/duckdb-polr/third_party/hyperloglog -I/home/pei/Project/duckdb-polr/third_party/fastpforlib -I/home/pei/Project/duckdb-polr/third_party/fast_float -I/home/pei/Project/duckdb-polr/third_party/re2 -I/home/pei/Project/duckdb-polr/third_party/miniz -I/home/pei/Project/duckdb-polr/third_party/utf8proc/include -I/home/pei/Project/duckdb-polr/third_party/miniparquet -I/home/pei/Project/duckdb-polr/third_party/concurrentqueue -I/home/pei/Project/duckdb-polr/third_party/pcg -I/home/pei/Project/duckdb-polr/third_party/tdigest -I/home/pei/Project/duckdb-polr/third_party/mbedtls/include -I/home/pei/Project/duckdb-polr/third_party/jaro_winkler -I/home/pei/Project/duckdb-polr/test/../third_party/catch -I/home/pei/Project/duckdb-polr/test/../third_party/tpce-tool/include -I/home/pei/Project/duckdb-polr/test/../third_party/sqlite/include -I/home/pei/Project/duckdb-polr/test/include -O3 -DNDEBUG -O3 -DNDEBUG   -fPIC -fdiagnostics-color=always -std=c++11 -MD -MT test/sql/function/table/CMakeFiles/test_table_function.dir/ub_test_table_function.cpp.o -MF test/sql/function/table/CMakeFiles/test_table_function.dir/ub_test_table_function.cpp.o.d -o test/sql/function/table/CMakeFiles/test_table_function.dir/ub_test_table_function.cpp.o -c /home/pei/Project/duckdb-polr/build/release/test/sql/function/table/ub_test_table_function.cpp
[288/376] /usr/bin/ccache /usr/lib/ccache/c++ -DDUCKDB_BUILD_LIBRARY -DENABLE_CROSS_PRODUCT_REWRITE=0 -DENABLE_DEBUG_PRINT=0 -DENABLE_MEASURE_EXE_TIME=0 -DENABLE_MERGE_BACK_PLAN=0 -DENABLE_PARALLEL_EXECUTION=0 -DENABLE_QUERY_SPLIT=1 -DENABLE_SPECIFY_EST_STAT=0 -I/home/pei/Project/duckdb-polr/src/include -I/home/pei/Project/duckdb-polr/third_party/fsst -I/home/pei/Project/duckdb-polr/third_party/fmt/include -I/home/pei/Project/duckdb-polr/third_party/hyperloglog -I/home/pei/Project/duckdb-polr/third_party/fastpforlib -I/home/pei/Project/duckdb-polr/third_party/fast_float -I/home/pei/Project/duckdb-polr/third_party/re2 -I/home/pei/Project/duckdb-polr/third_party/miniz -I/home/pei/Project/duckdb-polr/third_party/utf8proc/include -I/home/pei/Project/duckdb-polr/third_party/miniparquet -I/home/pei/Project/duckdb-polr/third_party/concurrentqueue -I/home/pei/Project/duckdb-polr/third_party/pcg -I/home/pei/Project/duckdb-polr/third_party/tdigest -I/home/pei/Project/duckdb-polr/third_party/mbedtls/include -I/home/pei/Project/duckdb-polr/third_party/jaro_winkler -I/home/pei/Project/duckdb-polr/test/../third_party/catch -I/home/pei/Project/duckdb-polr/test/../third_party/tpce-tool/include -I/home/pei/Project/duckdb-polr/test/../third_party/sqlite/include -I/home/pei/Project/duckdb-polr/test/include -O3 -DNDEBUG -O3 -DNDEBUG   -fPIC -fdiagnostics-color=always -std=c++11 -MD -MT test/memoryleak/CMakeFiles/test_memory_leak.dir/ub_test_memory_leak.cpp.o -MF test/memoryleak/CMakeFiles/test_memory_leak.dir/ub_test_memory_leak.cpp.o.d -o test/memoryleak/CMakeFiles/test_memory_leak.dir/ub_test_memory_leak.cpp.o -c /home/pei/Project/duckdb-polr/build/release/test/memoryleak/ub_test_memory_leak.cpp
[289/376] /usr/bin/ccache /usr/lib/ccache/c++ -DDUCKDB_BUILD_LIBRARY -DENABLE_CROSS_PRODUCT_REWRITE=0 -DENABLE_DEBUG_PRINT=0 -DENABLE_MEASURE_EXE_TIME=0 -DENABLE_MERGE_BACK_PLAN=0 -DENABLE_PARALLEL_EXECUTION=0 -DENABLE_QUERY_SPLIT=1 -DENABLE_SPECIFY_EST_STAT=0 -I/home/pei/Project/duckdb-polr/src/include -I/home/pei/Project/duckdb-polr/third_party/fsst -I/home/pei/Project/duckdb-polr/third_party/fmt/include -I/home/pei/Project/duckdb-polr/third_party/hyperloglog -I/home/pei/Project/duckdb-polr/third_party/fastpforlib -I/home/pei/Project/duckdb-polr/third_party/fast_float -I/home/pei/Project/duckdb-polr/third_party/re2 -I/home/pei/Project/duckdb-polr/third_party/miniz -I/home/pei/Project/duckdb-polr/third_party/utf8proc/include -I/home/pei/Project/duckdb-polr/third_party/miniparquet -I/home/pei/Project/duckdb-polr/third_party/concurrentqueue -I/home/pei/Project/duckdb-polr/third_party/pcg -I/home/pei/Project/duckdb-polr/third_party/tdigest -I/home/pei/Project/duckdb-polr/third_party/mbedtls/include -I/home/pei/Project/duckdb-polr/third_party/jaro_winkler -I/home/pei/Project/duckdb-polr/test/../third_party/catch -I/home/pei/Project/duckdb-polr/test/../third_party/tpce-tool/include -I/home/pei/Project/duckdb-polr/test/../third_party/sqlite/include -I/home/pei/Project/duckdb-polr/test/include -O3 -DNDEBUG -O3 -DNDEBUG   -fPIC -fdiagnostics-color=always -std=c++11 -MD -MT test/sql/filter/CMakeFiles/test_filter.dir/ub_test_filter.cpp.o -MF test/sql/filter/CMakeFiles/test_filter.dir/ub_test_filter.cpp.o.d -o test/sql/filter/CMakeFiles/test_filter.dir/ub_test_filter.cpp.o -c /home/pei/Project/duckdb-polr/build/release/test/sql/filter/ub_test_filter.cpp
[290/376] /usr/bin/ccache /usr/lib/ccache/c++ -DDUCKDB_BUILD_LIBRARY -DENABLE_CROSS_PRODUCT_REWRITE=0 -DENABLE_DEBUG_PRINT=0 -DENABLE_MEASURE_EXE_TIME=0 -DENABLE_MERGE_BACK_PLAN=0 -DENABLE_PARALLEL_EXECUTION=0 -DENABLE_QUERY_SPLIT=1 -DENABLE_SPECIFY_EST_STAT=0 -I/home/pei/Project/duckdb-polr/src/include -I/home/pei/Project/duckdb-polr/third_party/fsst -I/home/pei/Project/duckdb-polr/third_party/fmt/include -I/home/pei/Project/duckdb-polr/third_party/hyperloglog -I/home/pei/Project/duckdb-polr/third_party/fastpforlib -I/home/pei/Project/duckdb-polr/third_party/fast_float -I/home/pei/Project/duckdb-polr/third_party/re2 -I/home/pei/Project/duckdb-polr/third_party/miniz -I/home/pei/Project/duckdb-polr/third_party/utf8proc/include -I/home/pei/Project/duckdb-polr/third_party/miniparquet -I/home/pei/Project/duckdb-polr/third_party/concurrentqueue -I/home/pei/Project/duckdb-polr/third_party/pcg -I/home/pei/Project/duckdb-polr/third_party/tdigest -I/home/pei/Project/duckdb-polr/third_party/mbedtls/include -I/home/pei/Project/duckdb-polr/third_party/jaro_winkler -I/home/pei/Project/duckdb-polr/test/../third_party/catch -I/home/pei/Project/duckdb-polr/test/../third_party/tpce-tool/include -I/home/pei/Project/duckdb-polr/test/../third_party/sqlite/include -I/home/pei/Project/duckdb-polr/test/include -O3 -DNDEBUG -O3 -DNDEBUG   -fPIC -fdiagnostics-color=always -std=c++11 -MD -MT test/sql/index/CMakeFiles/test_index.dir/ub_test_index.cpp.o -MF test/sql/index/CMakeFiles/test_index.dir/ub_test_index.cpp.o.d -o test/sql/index/CMakeFiles/test_index.dir/ub_test_index.cpp.o -c /home/pei/Project/duckdb-polr/build/release/test/sql/index/ub_test_index.cpp
[291/376] /usr/bin/ccache /usr/lib/ccache/c++ -DDUCKDB_BUILD_LIBRARY -DENABLE_CROSS_PRODUCT_REWRITE=0 -DENABLE_DEBUG_PRINT=0 -DENABLE_MEASURE_EXE_TIME=0 -DENABLE_MERGE_BACK_PLAN=0 -DENABLE_PARALLEL_EXECUTION=0 -DENABLE_QUERY_SPLIT=1 -DENABLE_SPECIFY_EST_STAT=0 -I/home/pei/Project/duckdb-polr/src/include -I/home/pei/Project/duckdb-polr/third_party/fsst -I/home/pei/Project/duckdb-polr/third_party/fmt/include -I/home/pei/Project/duckdb-polr/third_party/hyperloglog -I/home/pei/Project/duckdb-polr/third_party/fastpforlib -I/home/pei/Project/duckdb-polr/third_party/fast_float -I/home/pei/Project/duckdb-polr/third_party/re2 -I/home/pei/Project/duckdb-polr/third_party/miniz -I/home/pei/Project/duckdb-polr/third_party/utf8proc/include -I/home/pei/Project/duckdb-polr/third_party/miniparquet -I/home/pei/Project/duckdb-polr/third_party/concurrentqueue -I/home/pei/Project/duckdb-polr/third_party/pcg -I/home/pei/Project/duckdb-polr/third_party/tdigest -I/home/pei/Project/duckdb-polr/third_party/mbedtls/include -I/home/pei/Project/duckdb-polr/third_party/jaro_winkler -I/home/pei/Project/duckdb-polr/test/../third_party/catch -I/home/pei/Project/duckdb-polr/test/../third_party/tpce-tool/include -I/home/pei/Project/duckdb-polr/test/../third_party/sqlite/include -I/home/pei/Project/duckdb-polr/test/include -O3 -DNDEBUG -O3 -DNDEBUG   -fPIC -fdiagnostics-color=always -std=c++11 -MD -MT test/sql/parallelism/interquery/CMakeFiles/test_sql_interquery_parallelism.dir/ub_test_sql_interquery_parallelism.cpp.o -MF test/sql/parallelism/interquery/CMakeFiles/test_sql_interquery_parallelism.dir/ub_test_sql_interquery_parallelism.cpp.o.d -o test/sql/parallelism/interquery/CMakeFiles/test_sql_interquery_parallelism.dir/ub_test_sql_interquery_parallelism.cpp.o -c /home/pei/Project/duckdb-polr/build/release/test/sql/parallelism/interquery/ub_test_sql_interquery_parallelism.cpp
[292/376] /usr/bin/ccache /usr/lib/ccache/c++ -DDUCKDB_BUILD_LIBRARY -DENABLE_CROSS_PRODUCT_REWRITE=0 -DENABLE_DEBUG_PRINT=0 -DENABLE_MEASURE_EXE_TIME=0 -DENABLE_MERGE_BACK_PLAN=0 -DENABLE_PARALLEL_EXECUTION=0 -DENABLE_QUERY_SPLIT=1 -DENABLE_SPECIFY_EST_STAT=0 -I/home/pei/Project/duckdb-polr/src/include -I/home/pei/Project/duckdb-polr/third_party/fsst -I/home/pei/Project/duckdb-polr/third_party/fmt/include -I/home/pei/Project/duckdb-polr/third_party/hyperloglog -I/home/pei/Project/duckdb-polr/third_party/fastpforlib -I/home/pei/Project/duckdb-polr/third_party/fast_float -I/home/pei/Project/duckdb-polr/third_party/re2 -I/home/pei/Project/duckdb-polr/third_party/miniz -I/home/pei/Project/duckdb-polr/third_party/utf8proc/include -I/home/pei/Project/duckdb-polr/third_party/miniparquet -I/home/pei/Project/duckdb-polr/third_party/concurrentqueue -I/home/pei/Project/duckdb-polr/third_party/pcg -I/home/pei/Project/duckdb-polr/third_party/tdigest -I/home/pei/Project/duckdb-polr/third_party/mbedtls/include -I/home/pei/Project/duckdb-polr/third_party/jaro_winkler -I/home/pei/Project/duckdb-polr/test/../third_party/catch -I/home/pei/Project/duckdb-polr/test/../third_party/tpce-tool/include -I/home/pei/Project/duckdb-polr/test/../third_party/sqlite/include -I/home/pei/Project/duckdb-polr/test/include -O3 -DNDEBUG -O3 -DNDEBUG   -fPIC -fdiagnostics-color=always -std=c++11 -MD -MT test/mbedtls/CMakeFiles/test_mbedtls.dir/ub_test_mbedtls.cpp.o -MF test/mbedtls/CMakeFiles/test_mbedtls.dir/ub_test_mbedtls.cpp.o.d -o test/mbedtls/CMakeFiles/test_mbedtls.dir/ub_test_mbedtls.cpp.o -c /home/pei/Project/duckdb-polr/build/release/test/mbedtls/ub_test_mbedtls.cpp
[293/376] /usr/bin/ccache /usr/lib/ccache/c++ -DDUCKDB_BUILD_LIBRARY -DENABLE_CROSS_PRODUCT_REWRITE=0 -DENABLE_DEBUG_PRINT=0 -DENABLE_MEASURE_EXE_TIME=0 -DENABLE_MERGE_BACK_PLAN=0 -DENABLE_PARALLEL_EXECUTION=0 -DENABLE_QUERY_SPLIT=1 -DENABLE_SPECIFY_EST_STAT=0 -I/home/pei/Project/duckdb-polr/src/include -I/home/pei/Project/duckdb-polr/third_party/fsst -I/home/pei/Project/duckdb-polr/third_party/fmt/include -I/home/pei/Project/duckdb-polr/third_party/hyperloglog -I/home/pei/Project/duckdb-polr/third_party/fastpforlib -I/home/pei/Project/duckdb-polr/third_party/fast_float -I/home/pei/Project/duckdb-polr/third_party/re2 -I/home/pei/Project/duckdb-polr/third_party/miniz -I/home/pei/Project/duckdb-polr/third_party/utf8proc/include -I/home/pei/Project/duckdb-polr/third_party/miniparquet -I/home/pei/Project/duckdb-polr/third_party/concurrentqueue -I/home/pei/Project/duckdb-polr/third_party/pcg -I/home/pei/Project/duckdb-polr/third_party/tdigest -I/home/pei/Project/duckdb-polr/third_party/mbedtls/include -I/home/pei/Project/duckdb-polr/third_party/jaro_winkler -I/home/pei/Project/duckdb-polr/test/../third_party/catch -I/home/pei/Project/duckdb-polr/test/../third_party/tpce-tool/include -I/home/pei/Project/duckdb-polr/test/../third_party/sqlite/include -I/home/pei/Project/duckdb-polr/test/include -O3 -DNDEBUG -O3 -DNDEBUG   -fPIC -fdiagnostics-color=always -std=c++11 -MD -MT test/ossfuzz/CMakeFiles/test_ossfuzz.dir/ub_test_ossfuzz.cpp.o -MF test/ossfuzz/CMakeFiles/test_ossfuzz.dir/ub_test_ossfuzz.cpp.o.d -o test/ossfuzz/CMakeFiles/test_ossfuzz.dir/ub_test_ossfuzz.cpp.o -c /home/pei/Project/duckdb-polr/build/release/test/ossfuzz/ub_test_ossfuzz.cpp
[294/376] /usr/bin/ccache /usr/lib/ccache/c++ -DDUCKDB_BUILD_LIBRARY -DENABLE_CROSS_PRODUCT_REWRITE=0 -DENABLE_DEBUG_PRINT=0 -DENABLE_MEASURE_EXE_TIME=0 -DENABLE_MERGE_BACK_PLAN=0 -DENABLE_PARALLEL_EXECUTION=0 -DENABLE_QUERY_SPLIT=1 -DENABLE_SPECIFY_EST_STAT=0 -I/home/pei/Project/duckdb-polr/src/include -I/home/pei/Project/duckdb-polr/third_party/fsst -I/home/pei/Project/duckdb-polr/third_party/fmt/include -I/home/pei/Project/duckdb-polr/third_party/hyperloglog -I/home/pei/Project/duckdb-polr/third_party/fastpforlib -I/home/pei/Project/duckdb-polr/third_party/fast_float -I/home/pei/Project/duckdb-polr/third_party/re2 -I/home/pei/Project/duckdb-polr/third_party/miniz -I/home/pei/Project/duckdb-polr/third_party/utf8proc/include -I/home/pei/Project/duckdb-polr/third_party/miniparquet -I/home/pei/Project/duckdb-polr/third_party/concurrentqueue -I/home/pei/Project/duckdb-polr/third_party/pcg -I/home/pei/Project/duckdb-polr/third_party/tdigest -I/home/pei/Project/duckdb-polr/third_party/mbedtls/include -I/home/pei/Project/duckdb-polr/third_party/jaro_winkler -I/home/pei/Project/duckdb-polr/third_party/libpg_query/include -O3 -DNDEBUG -O3 -DNDEBUG   -fPIC -fvisibility=hidden -fdiagnostics-color=always -w -std=c++11 -MD -MT third_party/libpg_query/CMakeFiles/duckdb_pg_query.dir/pg_functions.cpp.o -MF third_party/libpg_query/CMakeFiles/duckdb_pg_query.dir/pg_functions.cpp.o.d -o third_party/libpg_query/CMakeFiles/duckdb_pg_query.dir/pg_functions.cpp.o -c /home/pei/Project/duckdb-polr/third_party/libpg_query/pg_functions.cpp
[295/376] /usr/bin/ccache /usr/lib/ccache/c++ -DDUCKDB_BUILD_LIBRARY -DENABLE_CROSS_PRODUCT_REWRITE=0 -DENABLE_DEBUG_PRINT=0 -DENABLE_MEASURE_EXE_TIME=0 -DENABLE_MERGE_BACK_PLAN=0 -DENABLE_PARALLEL_EXECUTION=0 -DENABLE_QUERY_SPLIT=1 -DENABLE_SPECIFY_EST_STAT=0 -I/home/pei/Project/duckdb-polr/src/include -I/home/pei/Project/duckdb-polr/third_party/fsst -I/home/pei/Project/duckdb-polr/third_party/fmt/include -I/home/pei/Project/duckdb-polr/third_party/hyperloglog -I/home/pei/Project/duckdb-polr/third_party/fastpforlib -I/home/pei/Project/duckdb-polr/third_party/fast_float -I/home/pei/Project/duckdb-polr/third_party/re2 -I/home/pei/Project/duckdb-polr/third_party/miniz -I/home/pei/Project/duckdb-polr/third_party/utf8proc/include -I/home/pei/Project/duckdb-polr/third_party/miniparquet -I/home/pei/Project/duckdb-polr/third_party/concurrentqueue -I/home/pei/Project/duckdb-polr/third_party/pcg -I/home/pei/Project/duckdb-polr/third_party/tdigest -I/home/pei/Project/duckdb-polr/third_party/mbedtls/include -I/home/pei/Project/duckdb-polr/third_party/jaro_winkler -I/home/pei/Project/duckdb-polr/test/../third_party/catch -I/home/pei/Project/duckdb-polr/test/../third_party/tpce-tool/include -I/home/pei/Project/duckdb-polr/test/../third_party/sqlite/include -I/home/pei/Project/duckdb-polr/test/include -O3 -DNDEBUG -O3 -DNDEBUG   -fPIC -fdiagnostics-color=always -std=c++11 -MD -MT test/sql/storage/CMakeFiles/test_sql_storage.dir/ub_test_sql_storage.cpp.o -MF test/sql/storage/CMakeFiles/test_sql_storage.dir/ub_test_sql_storage.cpp.o.d -o test/sql/storage/CMakeFiles/test_sql_storage.dir/ub_test_sql_storage.cpp.o -c /home/pei/Project/duckdb-polr/build/release/test/sql/storage/ub_test_sql_storage.cpp
[296/376] /usr/bin/ccache /usr/lib/ccache/c++ -DDUCKDB_BUILD_LIBRARY -DENABLE_CROSS_PRODUCT_REWRITE=0 -DENABLE_DEBUG_PRINT=0 -DENABLE_MEASURE_EXE_TIME=0 -DENABLE_MERGE_BACK_PLAN=0 -DENABLE_PARALLEL_EXECUTION=0 -DENABLE_QUERY_SPLIT=1 -DENABLE_SPECIFY_EST_STAT=0 -I/home/pei/Project/duckdb-polr/src/include -I/home/pei/Project/duckdb-polr/third_party/fsst -I/home/pei/Project/duckdb-polr/third_party/fmt/include -I/home/pei/Project/duckdb-polr/third_party/hyperloglog -I/home/pei/Project/duckdb-polr/third_party/fastpforlib -I/home/pei/Project/duckdb-polr/third_party/fast_float -I/home/pei/Project/duckdb-polr/third_party/re2 -I/home/pei/Project/duckdb-polr/third_party/miniz -I/home/pei/Project/duckdb-polr/third_party/utf8proc/include -I/home/pei/Project/duckdb-polr/third_party/miniparquet -I/home/pei/Project/duckdb-polr/third_party/concurrentqueue -I/home/pei/Project/duckdb-polr/third_party/pcg -I/home/pei/Project/duckdb-polr/third_party/tdigest -I/home/pei/Project/duckdb-polr/third_party/mbedtls/include -I/home/pei/Project/duckdb-polr/third_party/jaro_winkler -I/home/pei/Project/duckdb-polr/test/../third_party/catch -I/home/pei/Project/duckdb-polr/test/../third_party/tpce-tool/include -I/home/pei/Project/duckdb-polr/test/../third_party/sqlite/include -I/home/pei/Project/duckdb-polr/test/include -O3 -DNDEBUG -O3 -DNDEBUG   -fPIC -fdiagnostics-color=always -std=c++11 -MD -MT test/sql/storage/catalog/CMakeFiles/test_sql_storage_catalog.dir/ub_test_sql_storage_catalog.cpp.o -MF test/sql/storage/catalog/CMakeFiles/test_sql_storage_catalog.dir/ub_test_sql_storage_catalog.cpp.o.d -o test/sql/storage/catalog/CMakeFiles/test_sql_storage_catalog.dir/ub_test_sql_storage_catalog.cpp.o -c /home/pei/Project/duckdb-polr/build/release/test/sql/storage/catalog/ub_test_sql_storage_catalog.cpp
[297/376] /usr/bin/ccache /usr/lib/ccache/c++ -DDUCKDB_BUILD_LIBRARY -DENABLE_CROSS_PRODUCT_REWRITE=0 -DENABLE_DEBUG_PRINT=0 -DENABLE_MEASURE_EXE_TIME=0 -DENABLE_MERGE_BACK_PLAN=0 -DENABLE_PARALLEL_EXECUTION=0 -DENABLE_QUERY_SPLIT=1 -DENABLE_SPECIFY_EST_STAT=0 -I/home/pei/Project/duckdb-polr/src/include -I/home/pei/Project/duckdb-polr/third_party/fsst -I/home/pei/Project/duckdb-polr/third_party/fmt/include -I/home/pei/Project/duckdb-polr/third_party/hyperloglog -I/home/pei/Project/duckdb-polr/third_party/fastpforlib -I/home/pei/Project/duckdb-polr/third_party/fast_float -I/home/pei/Project/duckdb-polr/third_party/re2 -I/home/pei/Project/duckdb-polr/third_party/miniz -I/home/pei/Project/duckdb-polr/third_party/utf8proc/include -I/home/pei/Project/duckdb-polr/third_party/miniparquet -I/home/pei/Project/duckdb-polr/third_party/concurrentqueue -I/home/pei/Project/duckdb-polr/third_party/pcg -I/home/pei/Project/duckdb-polr/third_party/tdigest -I/home/pei/Project/duckdb-polr/third_party/mbedtls/include -I/home/pei/Project/duckdb-polr/third_party/jaro_winkler -O3 -DNDEBUG -O3 -DNDEBUG   -fPIC -fdiagnostics-color=always -w -std=c++11 -MD -MT third_party/fmt/CMakeFiles/duckdb_fmt.dir/format.cc.o -MF third_party/fmt/CMakeFiles/duckdb_fmt.dir/format.cc.o.d -o third_party/fmt/CMakeFiles/duckdb_fmt.dir/format.cc.o -c /home/pei/Project/duckdb-polr/third_party/fmt/format.cc
[298/376] /usr/bin/ccache /usr/lib/ccache/c++ -DDUCKDB_BUILD_LIBRARY -DENABLE_CROSS_PRODUCT_REWRITE=0 -DENABLE_DEBUG_PRINT=0 -DENABLE_MEASURE_EXE_TIME=0 -DENABLE_MERGE_BACK_PLAN=0 -DENABLE_PARALLEL_EXECUTION=0 -DENABLE_QUERY_SPLIT=1 -DENABLE_SPECIFY_EST_STAT=0 -I/home/pei/Project/duckdb-polr/src/include -I/home/pei/Project/duckdb-polr/third_party/fsst -I/home/pei/Project/duckdb-polr/third_party/fmt/include -I/home/pei/Project/duckdb-polr/third_party/hyperloglog -I/home/pei/Project/duckdb-polr/third_party/fastpforlib -I/home/pei/Project/duckdb-polr/third_party/fast_float -I/home/pei/Project/duckdb-polr/third_party/re2 -I/home/pei/Project/duckdb-polr/third_party/miniz -I/home/pei/Project/duckdb-polr/third_party/utf8proc/include -I/home/pei/Project/duckdb-polr/third_party/miniparquet -I/home/pei/Project/duckdb-polr/third_party/concurrentqueue -I/home/pei/Project/duckdb-polr/third_party/pcg -I/home/pei/Project/duckdb-polr/third_party/tdigest -I/home/pei/Project/duckdb-polr/third_party/mbedtls/include -I/home/pei/Project/duckdb-polr/third_party/jaro_winkler -I/home/pei/Project/duckdb-polr/third_party/libpg_query/include -O3 -DNDEBUG -O3 -DNDEBUG   -fPIC -fvisibility=hidden -fdiagnostics-color=always -w -std=c++11 -MD -MT third_party/libpg_query/CMakeFiles/duckdb_pg_query.dir/src_backend_nodes_list.cpp.o -MF third_party/libpg_query/CMakeFiles/duckdb_pg_query.dir/src_backend_nodes_list.cpp.o.d -o third_party/libpg_query/CMakeFiles/duckdb_pg_query.dir/src_backend_nodes_list.cpp.o -c /home/pei/Project/duckdb-polr/third_party/libpg_query/src_backend_nodes_list.cpp
[299/376] /usr/bin/ccache /usr/lib/ccache/c++ -DDUCKDB_BUILD_LIBRARY -DENABLE_CROSS_PRODUCT_REWRITE=0 -DENABLE_DEBUG_PRINT=0 -DENABLE_MEASURE_EXE_TIME=0 -DENABLE_MERGE_BACK_PLAN=0 -DENABLE_PARALLEL_EXECUTION=0 -DENABLE_QUERY_SPLIT=1 -DENABLE_SPECIFY_EST_STAT=0 -I/home/pei/Project/duckdb-polr/src/include -I/home/pei/Project/duckdb-polr/third_party/fsst -I/home/pei/Project/duckdb-polr/third_party/fmt/include -I/home/pei/Project/duckdb-polr/third_party/hyperloglog -I/home/pei/Project/duckdb-polr/third_party/fastpforlib -I/home/pei/Project/duckdb-polr/third_party/fast_float -I/home/pei/Project/duckdb-polr/third_party/re2 -I/home/pei/Project/duckdb-polr/third_party/miniz -I/home/pei/Project/duckdb-polr/third_party/utf8proc/include -I/home/pei/Project/duckdb-polr/third_party/miniparquet -I/home/pei/Project/duckdb-polr/third_party/concurrentqueue -I/home/pei/Project/duckdb-polr/third_party/pcg -I/home/pei/Project/duckdb-polr/third_party/tdigest -I/home/pei/Project/duckdb-polr/third_party/mbedtls/include -I/home/pei/Project/duckdb-polr/third_party/jaro_winkler -I/home/pei/Project/duckdb-polr/third_party/libpg_query/include -O3 -DNDEBUG -O3 -DNDEBUG   -fPIC -fvisibility=hidden -fdiagnostics-color=always -w -std=c++11 -MD -MT third_party/libpg_query/CMakeFiles/duckdb_pg_query.dir/src_backend_parser_scansup.cpp.o -MF third_party/libpg_query/CMakeFiles/duckdb_pg_query.dir/src_backend_parser_scansup.cpp.o.d -o third_party/libpg_query/CMakeFiles/duckdb_pg_query.dir/src_backend_parser_scansup.cpp.o -c /home/pei/Project/duckdb-polr/third_party/libpg_query/src_backend_parser_scansup.cpp
[300/376] /usr/bin/ccache /usr/lib/ccache/c++ -DDUCKDB_BUILD_LIBRARY -DENABLE_CROSS_PRODUCT_REWRITE=0 -DENABLE_DEBUG_PRINT=0 -DENABLE_MEASURE_EXE_TIME=0 -DENABLE_MERGE_BACK_PLAN=0 -DENABLE_PARALLEL_EXECUTION=0 -DENABLE_QUERY_SPLIT=1 -DENABLE_SPECIFY_EST_STAT=0 -I/home/pei/Project/duckdb-polr/src/include -I/home/pei/Project/duckdb-polr/third_party/fsst -I/home/pei/Project/duckdb-polr/third_party/fmt/include -I/home/pei/Project/duckdb-polr/third_party/hyperloglog -I/home/pei/Project/duckdb-polr/third_party/fastpforlib -I/home/pei/Project/duckdb-polr/third_party/fast_float -I/home/pei/Project/duckdb-polr/third_party/re2 -I/home/pei/Project/duckdb-polr/third_party/miniz -I/home/pei/Project/duckdb-polr/third_party/utf8proc/include -I/home/pei/Project/duckdb-polr/third_party/miniparquet -I/home/pei/Project/duckdb-polr/third_party/concurrentqueue -I/home/pei/Project/duckdb-polr/third_party/pcg -I/home/pei/Project/duckdb-polr/third_party/tdigest -I/home/pei/Project/duckdb-polr/third_party/mbedtls/include -I/home/pei/Project/duckdb-polr/third_party/jaro_winkler -I/home/pei/Project/duckdb-polr/third_party/libpg_query/include -O3 -DNDEBUG -O3 -DNDEBUG   -fPIC -fvisibility=hidden -fdiagnostics-color=always -w -std=c++11 -MD -MT third_party/libpg_query/CMakeFiles/duckdb_pg_query.dir/src_backend_parser_parser.cpp.o -MF third_party/libpg_query/CMakeFiles/duckdb_pg_query.dir/src_backend_parser_parser.cpp.o.d -o third_party/libpg_query/CMakeFiles/duckdb_pg_query.dir/src_backend_parser_parser.cpp.o -c /home/pei/Project/duckdb-polr/third_party/libpg_query/src_backend_parser_parser.cpp
[301/376] /usr/bin/ccache /usr/lib/ccache/c++ -DDUCKDB_BUILD_LIBRARY -DENABLE_CROSS_PRODUCT_REWRITE=0 -DENABLE_DEBUG_PRINT=0 -DENABLE_MEASURE_EXE_TIME=0 -DENABLE_MERGE_BACK_PLAN=0 -DENABLE_PARALLEL_EXECUTION=0 -DENABLE_QUERY_SPLIT=1 -DENABLE_SPECIFY_EST_STAT=0 -I/home/pei/Project/duckdb-polr/src/include -I/home/pei/Project/duckdb-polr/third_party/fsst -I/home/pei/Project/duckdb-polr/third_party/fmt/include -I/home/pei/Project/duckdb-polr/third_party/hyperloglog -I/home/pei/Project/duckdb-polr/third_party/fastpforlib -I/home/pei/Project/duckdb-polr/third_party/fast_float -I/home/pei/Project/duckdb-polr/third_party/re2 -I/home/pei/Project/duckdb-polr/third_party/miniz -I/home/pei/Project/duckdb-polr/third_party/utf8proc/include -I/home/pei/Project/duckdb-polr/third_party/miniparquet -I/home/pei/Project/duckdb-polr/third_party/concurrentqueue -I/home/pei/Project/duckdb-polr/third_party/pcg -I/home/pei/Project/duckdb-polr/third_party/tdigest -I/home/pei/Project/duckdb-polr/third_party/mbedtls/include -I/home/pei/Project/duckdb-polr/third_party/jaro_winkler -I/home/pei/Project/duckdb-polr/third_party/libpg_query/include -O3 -DNDEBUG -O3 -DNDEBUG   -fPIC -fvisibility=hidden -fdiagnostics-color=always -w -std=c++11 -MD -MT third_party/libpg_query/CMakeFiles/duckdb_pg_query.dir/postgres_parser.cpp.o -MF third_party/libpg_query/CMakeFiles/duckdb_pg_query.dir/postgres_parser.cpp.o.d -o third_party/libpg_query/CMakeFiles/duckdb_pg_query.dir/postgres_parser.cpp.o -c /home/pei/Project/duckdb-polr/third_party/libpg_query/postgres_parser.cpp
[302/376] : && /usr/bin/cmake -E rm -f third_party/fmt/libduckdb_fmt.a && /usr/bin/ar qc third_party/fmt/libduckdb_fmt.a  third_party/fmt/CMakeFiles/duckdb_fmt.dir/format.cc.o && /usr/bin/ranlib third_party/fmt/libduckdb_fmt.a && :
[303/376] /usr/bin/ccache /usr/lib/ccache/c++ -DBUILD_JEMALLOC_EXTENSION=ON -DBUILD_PARQUET_EXTENSION=TRUE -DDUCKDB_BUILD_DIRECTORY=\"/home/pei/Project/duckdb-polr/build/release\" -DDUCKDB_BUILD_LIBRARY -DDUCKDB_ROOT_DIRECTORY=\"/home/pei/Project/duckdb-polr\" -DENABLE_CROSS_PRODUCT_REWRITE=0 -DENABLE_DEBUG_PRINT=0 -DENABLE_MEASURE_EXE_TIME=0 -DENABLE_MERGE_BACK_PLAN=0 -DENABLE_PARALLEL_EXECUTION=0 -DENABLE_QUERY_SPLIT=1 -DENABLE_SPECIFY_EST_STAT=0 -I/home/pei/Project/duckdb-polr/src/include -I/home/pei/Project/duckdb-polr/third_party/fsst -I/home/pei/Project/duckdb-polr/third_party/fmt/include -I/home/pei/Project/duckdb-polr/third_party/hyperloglog -I/home/pei/Project/duckdb-polr/third_party/fastpforlib -I/home/pei/Project/duckdb-polr/third_party/fast_float -I/home/pei/Project/duckdb-polr/third_party/re2 -I/home/pei/Project/duckdb-polr/third_party/miniz -I/home/pei/Project/duckdb-polr/third_party/utf8proc/include -I/home/pei/Project/duckdb-polr/third_party/miniparquet -I/home/pei/Project/duckdb-polr/third_party/concurrentqueue -I/home/pei/Project/duckdb-polr/third_party/pcg -I/home/pei/Project/duckdb-polr/third_party/tdigest -I/home/pei/Project/duckdb-polr/third_party/mbedtls/include -I/home/pei/Project/duckdb-polr/third_party/jaro_winkler -I/home/pei/Project/duckdb-polr/test/../third_party/catch -I/home/pei/Project/duckdb-polr/test/../third_party/tpce-tool/include -I/home/pei/Project/duckdb-polr/test/../third_party/sqlite/include -I/home/pei/Project/duckdb-polr/test/include -I/home/pei/Project/duckdb-polr/extension -I/home/pei/Project/duckdb-polr/extension/parquet/include -I/home/pei/Project/duckdb-polr/extension/jemalloc/include -O3 -DNDEBUG -O3 -DNDEBUG   -fPIC -fdiagnostics-color=always -std=c++11 -MD -MT test/sqlite/CMakeFiles/test_sqlite.dir/ub_test_sqlite.cpp.o -MF test/sqlite/CMakeFiles/test_sqlite.dir/ub_test_sqlite.cpp.o.d -o test/sqlite/CMakeFiles/test_sqlite.dir/ub_test_sqlite.cpp.o -c /home/pei/Project/duckdb-polr/build/release/test/sqlite/ub_test_sqlite.cpp
[304/376] /usr/bin/ccache /usr/lib/ccache/c++ -DDUCKDB_BUILD_LIBRARY -DENABLE_CROSS_PRODUCT_REWRITE=0 -DENABLE_DEBUG_PRINT=0 -DENABLE_MEASURE_EXE_TIME=0 -DENABLE_MERGE_BACK_PLAN=0 -DENABLE_PARALLEL_EXECUTION=0 -DENABLE_QUERY_SPLIT=1 -DENABLE_SPECIFY_EST_STAT=0 -I/home/pei/Project/duckdb-polr/src/include -I/home/pei/Project/duckdb-polr/third_party/fsst -I/home/pei/Project/duckdb-polr/third_party/fmt/include -I/home/pei/Project/duckdb-polr/third_party/hyperloglog -I/home/pei/Project/duckdb-polr/third_party/fastpforlib -I/home/pei/Project/duckdb-polr/third_party/fast_float -I/home/pei/Project/duckdb-polr/third_party/re2 -I/home/pei/Project/duckdb-polr/third_party/miniz -I/home/pei/Project/duckdb-polr/third_party/utf8proc/include -I/home/pei/Project/duckdb-polr/third_party/miniparquet -I/home/pei/Project/duckdb-polr/third_party/concurrentqueue -I/home/pei/Project/duckdb-polr/third_party/pcg -I/home/pei/Project/duckdb-polr/third_party/tdigest -I/home/pei/Project/duckdb-polr/third_party/mbedtls/include -I/home/pei/Project/duckdb-polr/third_party/jaro_winkler -I/home/pei/Project/duckdb-polr/third_party/libpg_query/include -O3 -DNDEBUG -O3 -DNDEBUG   -fPIC -fvisibility=hidden -fdiagnostics-color=always -w -std=c++11 -MD -MT third_party/libpg_query/CMakeFiles/duckdb_pg_query.dir/src_backend_nodes_makefuncs.cpp.o -MF third_party/libpg_query/CMakeFiles/duckdb_pg_query.dir/src_backend_nodes_makefuncs.cpp.o.d -o third_party/libpg_query/CMakeFiles/duckdb_pg_query.dir/src_backend_nodes_makefuncs.cpp.o -c /home/pei/Project/duckdb-polr/third_party/libpg_query/src_backend_nodes_makefuncs.cpp
[305/376] /usr/bin/ccache /usr/lib/ccache/c++ -DDUCKDB_BUILD_LIBRARY -DENABLE_CROSS_PRODUCT_REWRITE=0 -DENABLE_DEBUG_PRINT=0 -DENABLE_MEASURE_EXE_TIME=0 -DENABLE_MERGE_BACK_PLAN=0 -DENABLE_PARALLEL_EXECUTION=0 -DENABLE_QUERY_SPLIT=1 -DENABLE_SPECIFY_EST_STAT=0 -I/home/pei/Project/duckdb-polr/src/include -I/home/pei/Project/duckdb-polr/third_party/fsst -I/home/pei/Project/duckdb-polr/third_party/fmt/include -I/home/pei/Project/duckdb-polr/third_party/hyperloglog -I/home/pei/Project/duckdb-polr/third_party/fastpforlib -I/home/pei/Project/duckdb-polr/third_party/fast_float -I/home/pei/Project/duckdb-polr/third_party/re2 -I/home/pei/Project/duckdb-polr/third_party/miniz -I/home/pei/Project/duckdb-polr/third_party/utf8proc/include -I/home/pei/Project/duckdb-polr/third_party/miniparquet -I/home/pei/Project/duckdb-polr/third_party/concurrentqueue -I/home/pei/Project/duckdb-polr/third_party/pcg -I/home/pei/Project/duckdb-polr/third_party/tdigest -I/home/pei/Project/duckdb-polr/third_party/mbedtls/include -I/home/pei/Project/duckdb-polr/third_party/jaro_winkler -I/home/pei/Project/duckdb-polr/test/../third_party/catch -I/home/pei/Project/duckdb-polr/test/../third_party/tpce-tool/include -I/home/pei/Project/duckdb-polr/test/../third_party/sqlite/include -I/home/pei/Project/duckdb-polr/test/include -O3 -DNDEBUG -O3 -DNDEBUG   -fPIC -fdiagnostics-color=always -std=c++11 -MD -MT test/persistence/CMakeFiles/test_persistence.dir/ub_test_persistence.cpp.o -MF test/persistence/CMakeFiles/test_persistence.dir/ub_test_persistence.cpp.o.d -o test/persistence/CMakeFiles/test_persistence.dir/ub_test_persistence.cpp.o -c /home/pei/Project/duckdb-polr/build/release/test/persistence/ub_test_persistence.cpp
[306/376] /usr/bin/ccache /usr/lib/ccache/c++ -DDUCKDB_BUILD_LIBRARY -DENABLE_CROSS_PRODUCT_REWRITE=0 -DENABLE_DEBUG_PRINT=0 -DENABLE_MEASURE_EXE_TIME=0 -DENABLE_MERGE_BACK_PLAN=0 -DENABLE_PARALLEL_EXECUTION=0 -DENABLE_QUERY_SPLIT=1 -DENABLE_SPECIFY_EST_STAT=0 -I/home/pei/Project/duckdb-polr/src/include -I/home/pei/Project/duckdb-polr/third_party/fsst -I/home/pei/Project/duckdb-polr/third_party/fmt/include -I/home/pei/Project/duckdb-polr/third_party/hyperloglog -I/home/pei/Project/duckdb-polr/third_party/fastpforlib -I/home/pei/Project/duckdb-polr/third_party/fast_float -I/home/pei/Project/duckdb-polr/third_party/re2 -I/home/pei/Project/duckdb-polr/third_party/miniz -I/home/pei/Project/duckdb-polr/third_party/utf8proc/include -I/home/pei/Project/duckdb-polr/third_party/miniparquet -I/home/pei/Project/duckdb-polr/third_party/concurrentqueue -I/home/pei/Project/duckdb-polr/third_party/pcg -I/home/pei/Project/duckdb-polr/third_party/tdigest -I/home/pei/Project/duckdb-polr/third_party/mbedtls/include -I/home/pei/Project/duckdb-polr/third_party/jaro_winkler -I/home/pei/Project/duckdb-polr/third_party/libpg_query/include -O3 -DNDEBUG -O3 -DNDEBUG   -fPIC -fvisibility=hidden -fdiagnostics-color=always -w -std=c++11 -MD -MT third_party/libpg_query/CMakeFiles/duckdb_pg_query.dir/src_backend_nodes_value.cpp.o -MF third_party/libpg_query/CMakeFiles/duckdb_pg_query.dir/src_backend_nodes_value.cpp.o.d -o third_party/libpg_query/CMakeFiles/duckdb_pg_query.dir/src_backend_nodes_value.cpp.o -c /home/pei/Project/duckdb-polr/third_party/libpg_query/src_backend_nodes_value.cpp
[307/376] /usr/bin/ccache /usr/lib/ccache/c++ -DDUCKDB_BUILD_LIBRARY -DENABLE_CROSS_PRODUCT_REWRITE=0 -DENABLE_DEBUG_PRINT=0 -DENABLE_MEASURE_EXE_TIME=0 -DENABLE_MERGE_BACK_PLAN=0 -DENABLE_PARALLEL_EXECUTION=0 -DENABLE_QUERY_SPLIT=1 -DENABLE_SPECIFY_EST_STAT=0 -I/home/pei/Project/duckdb-polr/src/include -I/home/pei/Project/duckdb-polr/third_party/fsst -I/home/pei/Project/duckdb-polr/third_party/fmt/include -I/home/pei/Project/duckdb-polr/third_party/hyperloglog -I/home/pei/Project/duckdb-polr/third_party/fastpforlib -I/home/pei/Project/duckdb-polr/third_party/fast_float -I/home/pei/Project/duckdb-polr/third_party/re2 -I/home/pei/Project/duckdb-polr/third_party/miniz -I/home/pei/Project/duckdb-polr/third_party/utf8proc/include -I/home/pei/Project/duckdb-polr/third_party/miniparquet -I/home/pei/Project/duckdb-polr/third_party/concurrentqueue -I/home/pei/Project/duckdb-polr/third_party/pcg -I/home/pei/Project/duckdb-polr/third_party/tdigest -I/home/pei/Project/duckdb-polr/third_party/mbedtls/include -I/home/pei/Project/duckdb-polr/third_party/jaro_winkler -I/home/pei/Project/duckdb-polr/third_party/libpg_query/include -O3 -DNDEBUG -O3 -DNDEBUG   -fPIC -fvisibility=hidden -fdiagnostics-color=always -w -std=c++11 -MD -MT third_party/libpg_query/CMakeFiles/duckdb_pg_query.dir/src_backend_parser_scan.cpp.o -MF third_party/libpg_query/CMakeFiles/duckdb_pg_query.dir/src_backend_parser_scan.cpp.o.d -o third_party/libpg_query/CMakeFiles/duckdb_pg_query.dir/src_backend_parser_scan.cpp.o -c /home/pei/Project/duckdb-polr/third_party/libpg_query/src_backend_parser_scan.cpp
[308/376] /usr/bin/ccache /usr/lib/ccache/c++ -DDUCKDB_BUILD_LIBRARY -DENABLE_CROSS_PRODUCT_REWRITE=0 -DENABLE_DEBUG_PRINT=0 -DENABLE_MEASURE_EXE_TIME=0 -DENABLE_MERGE_BACK_PLAN=0 -DENABLE_PARALLEL_EXECUTION=0 -DENABLE_QUERY_SPLIT=1 -DENABLE_SPECIFY_EST_STAT=0 -I/home/pei/Project/duckdb-polr/src/include -I/home/pei/Project/duckdb-polr/third_party/fsst -I/home/pei/Project/duckdb-polr/third_party/fmt/include -I/home/pei/Project/duckdb-polr/third_party/hyperloglog -I/home/pei/Project/duckdb-polr/third_party/fastpforlib -I/home/pei/Project/duckdb-polr/third_party/fast_float -I/home/pei/Project/duckdb-polr/third_party/re2 -I/home/pei/Project/duckdb-polr/third_party/miniz -I/home/pei/Project/duckdb-polr/third_party/utf8proc/include -I/home/pei/Project/duckdb-polr/third_party/miniparquet -I/home/pei/Project/duckdb-polr/third_party/concurrentqueue -I/home/pei/Project/duckdb-polr/third_party/pcg -I/home/pei/Project/duckdb-polr/third_party/tdigest -I/home/pei/Project/duckdb-polr/third_party/mbedtls/include -I/home/pei/Project/duckdb-polr/third_party/jaro_winkler -I/home/pei/Project/duckdb-polr/third_party/libpg_query/include -O3 -DNDEBUG -O3 -DNDEBUG   -fPIC -fvisibility=hidden -fdiagnostics-color=always -w -std=c++11 -MD -MT third_party/libpg_query/CMakeFiles/duckdb_pg_query.dir/src_backend_parser_gram.cpp.o -MF third_party/libpg_query/CMakeFiles/duckdb_pg_query.dir/src_backend_parser_gram.cpp.o.d -o third_party/libpg_query/CMakeFiles/duckdb_pg_query.dir/src_backend_parser_gram.cpp.o -c /home/pei/Project/duckdb-polr/third_party/libpg_query/src_backend_parser_gram.cpp
[309/376] /usr/bin/ccache /usr/lib/ccache/c++ -DDUCKDB_BUILD_LIBRARY -DENABLE_CROSS_PRODUCT_REWRITE=0 -DENABLE_DEBUG_PRINT=0 -DENABLE_MEASURE_EXE_TIME=0 -DENABLE_MERGE_BACK_PLAN=0 -DENABLE_PARALLEL_EXECUTION=0 -DENABLE_QUERY_SPLIT=1 -DENABLE_SPECIFY_EST_STAT=0 -I/home/pei/Project/duckdb-polr/src/include -I/home/pei/Project/duckdb-polr/third_party/fsst -I/home/pei/Project/duckdb-polr/third_party/fmt/include -I/home/pei/Project/duckdb-polr/third_party/hyperloglog -I/home/pei/Project/duckdb-polr/third_party/fastpforlib -I/home/pei/Project/duckdb-polr/third_party/fast_float -I/home/pei/Project/duckdb-polr/third_party/re2 -I/home/pei/Project/duckdb-polr/third_party/miniz -I/home/pei/Project/duckdb-polr/third_party/utf8proc/include -I/home/pei/Project/duckdb-polr/third_party/miniparquet -I/home/pei/Project/duckdb-polr/third_party/concurrentqueue -I/home/pei/Project/duckdb-polr/third_party/pcg -I/home/pei/Project/duckdb-polr/third_party/tdigest -I/home/pei/Project/duckdb-polr/third_party/mbedtls/include -I/home/pei/Project/duckdb-polr/third_party/jaro_winkler -I/home/pei/Project/duckdb-polr/third_party/libpg_query/include -O3 -DNDEBUG -O3 -DNDEBUG   -fPIC -fvisibility=hidden -fdiagnostics-color=always -w -std=c++11 -MD -MT third_party/libpg_query/CMakeFiles/duckdb_pg_query.dir/src_common_keywords.cpp.o -MF third_party/libpg_query/CMakeFiles/duckdb_pg_query.dir/src_common_keywords.cpp.o.d -o third_party/libpg_query/CMakeFiles/duckdb_pg_query.dir/src_common_keywords.cpp.o -c /home/pei/Project/duckdb-polr/third_party/libpg_query/src_common_keywords.cpp
[310/376] /usr/bin/ccache /usr/lib/ccache/c++ -DDUCKDB_BUILD_LIBRARY -DENABLE_CROSS_PRODUCT_REWRITE=0 -DENABLE_DEBUG_PRINT=0 -DENABLE_MEASURE_EXE_TIME=0 -DENABLE_MERGE_BACK_PLAN=0 -DENABLE_PARALLEL_EXECUTION=0 -DENABLE_QUERY_SPLIT=1 -DENABLE_SPECIFY_EST_STAT=0 -I/home/pei/Project/duckdb-polr/src/include -I/home/pei/Project/duckdb-polr/third_party/fsst -I/home/pei/Project/duckdb-polr/third_party/fmt/include -I/home/pei/Project/duckdb-polr/third_party/hyperloglog -I/home/pei/Project/duckdb-polr/third_party/fastpforlib -I/home/pei/Project/duckdb-polr/third_party/fast_float -I/home/pei/Project/duckdb-polr/third_party/re2 -I/home/pei/Project/duckdb-polr/third_party/miniz -I/home/pei/Project/duckdb-polr/third_party/utf8proc/include -I/home/pei/Project/duckdb-polr/third_party/miniparquet -I/home/pei/Project/duckdb-polr/third_party/concurrentqueue -I/home/pei/Project/duckdb-polr/third_party/pcg -I/home/pei/Project/duckdb-polr/third_party/tdigest -I/home/pei/Project/duckdb-polr/third_party/mbedtls/include -I/home/pei/Project/duckdb-polr/third_party/jaro_winkler -O3 -DNDEBUG -O3 -DNDEBUG   -fPIC -fvisibility=hidden -fdiagnostics-color=always -std=c++11 -w -std=c++11 -MD -MT third_party/re2/CMakeFiles/duckdb_re2.dir/re2/perl_groups.cc.o -MF third_party/re2/CMakeFiles/duckdb_re2.dir/re2/perl_groups.cc.o.d -o third_party/re2/CMakeFiles/duckdb_re2.dir/re2/perl_groups.cc.o -c /home/pei/Project/duckdb-polr/third_party/re2/re2/perl_groups.cc
[311/376] : && /usr/bin/cmake -E rm -f third_party/libpg_query/libduckdb_pg_query.a && /usr/bin/ar qc third_party/libpg_query/libduckdb_pg_query.a  third_party/libpg_query/CMakeFiles/duckdb_pg_query.dir/postgres_parser.cpp.o third_party/libpg_query/CMakeFiles/duckdb_pg_query.dir/pg_functions.cpp.o third_party/libpg_query/CMakeFiles/duckdb_pg_query.dir/src_backend_parser_parser.cpp.o third_party/libpg_query/CMakeFiles/duckdb_pg_query.dir/src_backend_parser_gram.cpp.o third_party/libpg_query/CMakeFiles/duckdb_pg_query.dir/src_backend_nodes_list.cpp.o third_party/libpg_query/CMakeFiles/duckdb_pg_query.dir/src_backend_parser_scansup.cpp.o third_party/libpg_query/CMakeFiles/duckdb_pg_query.dir/src_backend_nodes_makefuncs.cpp.o third_party/libpg_query/CMakeFiles/duckdb_pg_query.dir/src_backend_nodes_value.cpp.o third_party/libpg_query/CMakeFiles/duckdb_pg_query.dir/src_backend_parser_scan.cpp.o third_party/libpg_query/CMakeFiles/duckdb_pg_query.dir/src_common_keywords.cpp.o && /usr/bin/ranlib third_party/libpg_query/libduckdb_pg_query.a && :
[312/376] /usr/bin/ccache /usr/lib/ccache/c++ -DDUCKDB_BUILD_LIBRARY -DENABLE_CROSS_PRODUCT_REWRITE=0 -DENABLE_DEBUG_PRINT=0 -DENABLE_MEASURE_EXE_TIME=0 -DENABLE_MERGE_BACK_PLAN=0 -DENABLE_PARALLEL_EXECUTION=0 -DENABLE_QUERY_SPLIT=1 -DENABLE_SPECIFY_EST_STAT=0 -I/home/pei/Project/duckdb-polr/src/include -I/home/pei/Project/duckdb-polr/third_party/fsst -I/home/pei/Project/duckdb-polr/third_party/fmt/include -I/home/pei/Project/duckdb-polr/third_party/hyperloglog -I/home/pei/Project/duckdb-polr/third_party/fastpforlib -I/home/pei/Project/duckdb-polr/third_party/fast_float -I/home/pei/Project/duckdb-polr/third_party/re2 -I/home/pei/Project/duckdb-polr/third_party/miniz -I/home/pei/Project/duckdb-polr/third_party/utf8proc/include -I/home/pei/Project/duckdb-polr/third_party/miniparquet -I/home/pei/Project/duckdb-polr/third_party/concurrentqueue -I/home/pei/Project/duckdb-polr/third_party/pcg -I/home/pei/Project/duckdb-polr/third_party/tdigest -I/home/pei/Project/duckdb-polr/third_party/mbedtls/include -I/home/pei/Project/duckdb-polr/third_party/jaro_winkler -O3 -DNDEBUG -O3 -DNDEBUG   -fPIC -fvisibility=hidden -fdiagnostics-color=always -std=c++11 -w -std=c++11 -MD -MT third_party/re2/CMakeFiles/duckdb_re2.dir/re2/bitstate.cc.o -MF third_party/re2/CMakeFiles/duckdb_re2.dir/re2/bitstate.cc.o.d -o third_party/re2/CMakeFiles/duckdb_re2.dir/re2/bitstate.cc.o -c /home/pei/Project/duckdb-polr/third_party/re2/re2/bitstate.cc
[313/376] /usr/bin/ccache /usr/lib/ccache/c++ -DDUCKDB_BUILD_LIBRARY -DENABLE_CROSS_PRODUCT_REWRITE=0 -DENABLE_DEBUG_PRINT=0 -DENABLE_MEASURE_EXE_TIME=0 -DENABLE_MERGE_BACK_PLAN=0 -DENABLE_PARALLEL_EXECUTION=0 -DENABLE_QUERY_SPLIT=1 -DENABLE_SPECIFY_EST_STAT=0 -I/home/pei/Project/duckdb-polr/src/include -I/home/pei/Project/duckdb-polr/third_party/fsst -I/home/pei/Project/duckdb-polr/third_party/fmt/include -I/home/pei/Project/duckdb-polr/third_party/hyperloglog -I/home/pei/Project/duckdb-polr/third_party/fastpforlib -I/home/pei/Project/duckdb-polr/third_party/fast_float -I/home/pei/Project/duckdb-polr/third_party/re2 -I/home/pei/Project/duckdb-polr/third_party/miniz -I/home/pei/Project/duckdb-polr/third_party/utf8proc/include -I/home/pei/Project/duckdb-polr/third_party/miniparquet -I/home/pei/Project/duckdb-polr/third_party/concurrentqueue -I/home/pei/Project/duckdb-polr/third_party/pcg -I/home/pei/Project/duckdb-polr/third_party/tdigest -I/home/pei/Project/duckdb-polr/third_party/mbedtls/include -I/home/pei/Project/duckdb-polr/third_party/jaro_winkler -O3 -DNDEBUG -O3 -DNDEBUG   -fPIC -fvisibility=hidden -fdiagnostics-color=always -std=c++11 -w -std=c++11 -MD -MT third_party/re2/CMakeFiles/duckdb_re2.dir/re2/mimics_pcre.cc.o -MF third_party/re2/CMakeFiles/duckdb_re2.dir/re2/mimics_pcre.cc.o.d -o third_party/re2/CMakeFiles/duckdb_re2.dir/re2/mimics_pcre.cc.o -c /home/pei/Project/duckdb-polr/third_party/re2/re2/mimics_pcre.cc
[314/376] /usr/bin/ccache /usr/lib/ccache/c++ -DDUCKDB_BUILD_LIBRARY -DENABLE_CROSS_PRODUCT_REWRITE=0 -DENABLE_DEBUG_PRINT=0 -DENABLE_MEASURE_EXE_TIME=0 -DENABLE_MERGE_BACK_PLAN=0 -DENABLE_PARALLEL_EXECUTION=0 -DENABLE_QUERY_SPLIT=1 -DENABLE_SPECIFY_EST_STAT=0 -I/home/pei/Project/duckdb-polr/src/include -I/home/pei/Project/duckdb-polr/third_party/fsst -I/home/pei/Project/duckdb-polr/third_party/fmt/include -I/home/pei/Project/duckdb-polr/third_party/hyperloglog -I/home/pei/Project/duckdb-polr/third_party/fastpforlib -I/home/pei/Project/duckdb-polr/third_party/fast_float -I/home/pei/Project/duckdb-polr/third_party/re2 -I/home/pei/Project/duckdb-polr/third_party/miniz -I/home/pei/Project/duckdb-polr/third_party/utf8proc/include -I/home/pei/Project/duckdb-polr/third_party/miniparquet -I/home/pei/Project/duckdb-polr/third_party/concurrentqueue -I/home/pei/Project/duckdb-polr/third_party/pcg -I/home/pei/Project/duckdb-polr/third_party/tdigest -I/home/pei/Project/duckdb-polr/third_party/mbedtls/include -I/home/pei/Project/duckdb-polr/third_party/jaro_winkler -O3 -DNDEBUG -O3 -DNDEBUG   -fPIC -fvisibility=hidden -fdiagnostics-color=always -std=c++11 -w -std=c++11 -MD -MT third_party/re2/CMakeFiles/duckdb_re2.dir/re2/filtered_re2.cc.o -MF third_party/re2/CMakeFiles/duckdb_re2.dir/re2/filtered_re2.cc.o.d -o third_party/re2/CMakeFiles/duckdb_re2.dir/re2/filtered_re2.cc.o -c /home/pei/Project/duckdb-polr/third_party/re2/re2/filtered_re2.cc
[315/376] /usr/bin/ccache /usr/lib/ccache/c++ -DDUCKDB_BUILD_LIBRARY -DENABLE_CROSS_PRODUCT_REWRITE=0 -DENABLE_DEBUG_PRINT=0 -DENABLE_MEASURE_EXE_TIME=0 -DENABLE_MERGE_BACK_PLAN=0 -DENABLE_PARALLEL_EXECUTION=0 -DENABLE_QUERY_SPLIT=1 -DENABLE_SPECIFY_EST_STAT=0 -I/home/pei/Project/duckdb-polr/src/include -I/home/pei/Project/duckdb-polr/third_party/fsst -I/home/pei/Project/duckdb-polr/third_party/fmt/include -I/home/pei/Project/duckdb-polr/third_party/hyperloglog -I/home/pei/Project/duckdb-polr/third_party/fastpforlib -I/home/pei/Project/duckdb-polr/third_party/fast_float -I/home/pei/Project/duckdb-polr/third_party/re2 -I/home/pei/Project/duckdb-polr/third_party/miniz -I/home/pei/Project/duckdb-polr/third_party/utf8proc/include -I/home/pei/Project/duckdb-polr/third_party/miniparquet -I/home/pei/Project/duckdb-polr/third_party/concurrentqueue -I/home/pei/Project/duckdb-polr/third_party/pcg -I/home/pei/Project/duckdb-polr/third_party/tdigest -I/home/pei/Project/duckdb-polr/third_party/mbedtls/include -I/home/pei/Project/duckdb-polr/third_party/jaro_winkler -O3 -DNDEBUG -O3 -DNDEBUG   -fPIC -fvisibility=hidden -fdiagnostics-color=always -std=c++11 -w -std=c++11 -MD -MT third_party/re2/CMakeFiles/duckdb_re2.dir/re2/dfa.cc.o -MF third_party/re2/CMakeFiles/duckdb_re2.dir/re2/dfa.cc.o.d -o third_party/re2/CMakeFiles/duckdb_re2.dir/re2/dfa.cc.o -c /home/pei/Project/duckdb-polr/third_party/re2/re2/dfa.cc
[316/376] /usr/bin/ccache /usr/lib/ccache/c++ -DDUCKDB_BUILD_LIBRARY -DENABLE_CROSS_PRODUCT_REWRITE=0 -DENABLE_DEBUG_PRINT=0 -DENABLE_MEASURE_EXE_TIME=0 -DENABLE_MERGE_BACK_PLAN=0 -DENABLE_PARALLEL_EXECUTION=0 -DENABLE_QUERY_SPLIT=1 -DENABLE_SPECIFY_EST_STAT=0 -I/home/pei/Project/duckdb-polr/src/include -I/home/pei/Project/duckdb-polr/third_party/fsst -I/home/pei/Project/duckdb-polr/third_party/fmt/include -I/home/pei/Project/duckdb-polr/third_party/hyperloglog -I/home/pei/Project/duckdb-polr/third_party/fastpforlib -I/home/pei/Project/duckdb-polr/third_party/fast_float -I/home/pei/Project/duckdb-polr/third_party/re2 -I/home/pei/Project/duckdb-polr/third_party/miniz -I/home/pei/Project/duckdb-polr/third_party/utf8proc/include -I/home/pei/Project/duckdb-polr/third_party/miniparquet -I/home/pei/Project/duckdb-polr/third_party/concurrentqueue -I/home/pei/Project/duckdb-polr/third_party/pcg -I/home/pei/Project/duckdb-polr/third_party/tdigest -I/home/pei/Project/duckdb-polr/third_party/mbedtls/include -I/home/pei/Project/duckdb-polr/third_party/jaro_winkler -O3 -DNDEBUG -O3 -DNDEBUG   -fPIC -fvisibility=hidden -fdiagnostics-color=always -std=c++11 -w -std=c++11 -MD -MT third_party/re2/CMakeFiles/duckdb_re2.dir/re2/compile.cc.o -MF third_party/re2/CMakeFiles/duckdb_re2.dir/re2/compile.cc.o.d -o third_party/re2/CMakeFiles/duckdb_re2.dir/re2/compile.cc.o -c /home/pei/Project/duckdb-polr/third_party/re2/re2/compile.cc
[317/376] /usr/bin/ccache /usr/lib/ccache/c++ -DDUCKDB_BUILD_LIBRARY -DENABLE_CROSS_PRODUCT_REWRITE=0 -DENABLE_DEBUG_PRINT=0 -DENABLE_MEASURE_EXE_TIME=0 -DENABLE_MERGE_BACK_PLAN=0 -DENABLE_PARALLEL_EXECUTION=0 -DENABLE_QUERY_SPLIT=1 -DENABLE_SPECIFY_EST_STAT=0 -I/home/pei/Project/duckdb-polr/src/include -I/home/pei/Project/duckdb-polr/third_party/fsst -I/home/pei/Project/duckdb-polr/third_party/fmt/include -I/home/pei/Project/duckdb-polr/third_party/hyperloglog -I/home/pei/Project/duckdb-polr/third_party/fastpforlib -I/home/pei/Project/duckdb-polr/third_party/fast_float -I/home/pei/Project/duckdb-polr/third_party/re2 -I/home/pei/Project/duckdb-polr/third_party/miniz -I/home/pei/Project/duckdb-polr/third_party/utf8proc/include -I/home/pei/Project/duckdb-polr/third_party/miniparquet -I/home/pei/Project/duckdb-polr/third_party/concurrentqueue -I/home/pei/Project/duckdb-polr/third_party/pcg -I/home/pei/Project/duckdb-polr/third_party/tdigest -I/home/pei/Project/duckdb-polr/third_party/mbedtls/include -I/home/pei/Project/duckdb-polr/third_party/jaro_winkler -O3 -DNDEBUG -O3 -DNDEBUG   -fPIC -fvisibility=hidden -fdiagnostics-color=always -std=c++11 -w -std=c++11 -MD -MT third_party/re2/CMakeFiles/duckdb_re2.dir/re2/nfa.cc.o -MF third_party/re2/CMakeFiles/duckdb_re2.dir/re2/nfa.cc.o.d -o third_party/re2/CMakeFiles/duckdb_re2.dir/re2/nfa.cc.o -c /home/pei/Project/duckdb-polr/third_party/re2/re2/nfa.cc
[318/376] /usr/bin/ccache /usr/lib/ccache/c++ -DDUCKDB_BUILD_LIBRARY -DENABLE_CROSS_PRODUCT_REWRITE=0 -DENABLE_DEBUG_PRINT=0 -DENABLE_MEASURE_EXE_TIME=0 -DENABLE_MERGE_BACK_PLAN=0 -DENABLE_PARALLEL_EXECUTION=0 -DENABLE_QUERY_SPLIT=1 -DENABLE_SPECIFY_EST_STAT=0 -I/home/pei/Project/duckdb-polr/src/include -I/home/pei/Project/duckdb-polr/third_party/fsst -I/home/pei/Project/duckdb-polr/third_party/fmt/include -I/home/pei/Project/duckdb-polr/third_party/hyperloglog -I/home/pei/Project/duckdb-polr/third_party/fastpforlib -I/home/pei/Project/duckdb-polr/third_party/fast_float -I/home/pei/Project/duckdb-polr/third_party/re2 -I/home/pei/Project/duckdb-polr/third_party/miniz -I/home/pei/Project/duckdb-polr/third_party/utf8proc/include -I/home/pei/Project/duckdb-polr/third_party/miniparquet -I/home/pei/Project/duckdb-polr/third_party/concurrentqueue -I/home/pei/Project/duckdb-polr/third_party/pcg -I/home/pei/Project/duckdb-polr/third_party/tdigest -I/home/pei/Project/duckdb-polr/third_party/mbedtls/include -I/home/pei/Project/duckdb-polr/third_party/jaro_winkler -O3 -DNDEBUG -O3 -DNDEBUG   -fPIC -fvisibility=hidden -fdiagnostics-color=always -std=c++11 -w -std=c++11 -MD -MT third_party/re2/CMakeFiles/duckdb_re2.dir/re2/onepass.cc.o -MF third_party/re2/CMakeFiles/duckdb_re2.dir/re2/onepass.cc.o.d -o third_party/re2/CMakeFiles/duckdb_re2.dir/re2/onepass.cc.o -c /home/pei/Project/duckdb-polr/third_party/re2/re2/onepass.cc
[319/376] /usr/bin/ccache /usr/lib/ccache/c++ -DDUCKDB_BUILD_LIBRARY -DENABLE_CROSS_PRODUCT_REWRITE=0 -DENABLE_DEBUG_PRINT=0 -DENABLE_MEASURE_EXE_TIME=0 -DENABLE_MERGE_BACK_PLAN=0 -DENABLE_PARALLEL_EXECUTION=0 -DENABLE_QUERY_SPLIT=1 -DENABLE_SPECIFY_EST_STAT=0 -I/home/pei/Project/duckdb-polr/src/include -I/home/pei/Project/duckdb-polr/third_party/fsst -I/home/pei/Project/duckdb-polr/third_party/fmt/include -I/home/pei/Project/duckdb-polr/third_party/hyperloglog -I/home/pei/Project/duckdb-polr/third_party/fastpforlib -I/home/pei/Project/duckdb-polr/third_party/fast_float -I/home/pei/Project/duckdb-polr/third_party/re2 -I/home/pei/Project/duckdb-polr/third_party/miniz -I/home/pei/Project/duckdb-polr/third_party/utf8proc/include -I/home/pei/Project/duckdb-polr/third_party/miniparquet -I/home/pei/Project/duckdb-polr/third_party/concurrentqueue -I/home/pei/Project/duckdb-polr/third_party/pcg -I/home/pei/Project/duckdb-polr/third_party/tdigest -I/home/pei/Project/duckdb-polr/third_party/mbedtls/include -I/home/pei/Project/duckdb-polr/third_party/jaro_winkler -O3 -DNDEBUG -O3 -DNDEBUG   -fPIC -fvisibility=hidden -fdiagnostics-color=always -std=c++11 -w -std=c++11 -MD -MT third_party/re2/CMakeFiles/duckdb_re2.dir/re2/parse.cc.o -MF third_party/re2/CMakeFiles/duckdb_re2.dir/re2/parse.cc.o.d -o third_party/re2/CMakeFiles/duckdb_re2.dir/re2/parse.cc.o -c /home/pei/Project/duckdb-polr/third_party/re2/re2/parse.cc
[320/376] /usr/bin/ccache /usr/lib/ccache/c++ -DDUCKDB_BUILD_LIBRARY -DENABLE_CROSS_PRODUCT_REWRITE=0 -DENABLE_DEBUG_PRINT=0 -DENABLE_MEASURE_EXE_TIME=0 -DENABLE_MERGE_BACK_PLAN=0 -DENABLE_PARALLEL_EXECUTION=0 -DENABLE_QUERY_SPLIT=1 -DENABLE_SPECIFY_EST_STAT=0 -I/home/pei/Project/duckdb-polr/src/include -I/home/pei/Project/duckdb-polr/third_party/fsst -I/home/pei/Project/duckdb-polr/third_party/fmt/include -I/home/pei/Project/duckdb-polr/third_party/hyperloglog -I/home/pei/Project/duckdb-polr/third_party/fastpforlib -I/home/pei/Project/duckdb-polr/third_party/fast_float -I/home/pei/Project/duckdb-polr/third_party/re2 -I/home/pei/Project/duckdb-polr/third_party/miniz -I/home/pei/Project/duckdb-polr/third_party/utf8proc/include -I/home/pei/Project/duckdb-polr/third_party/miniparquet -I/home/pei/Project/duckdb-polr/third_party/concurrentqueue -I/home/pei/Project/duckdb-polr/third_party/pcg -I/home/pei/Project/duckdb-polr/third_party/tdigest -I/home/pei/Project/duckdb-polr/third_party/mbedtls/include -I/home/pei/Project/duckdb-polr/third_party/jaro_winkler -O3 -DNDEBUG -O3 -DNDEBUG   -fPIC -fvisibility=hidden -fdiagnostics-color=always -std=c++11 -w -std=c++11 -MD -MT third_party/re2/CMakeFiles/duckdb_re2.dir/re2/unicode_groups.cc.o -MF third_party/re2/CMakeFiles/duckdb_re2.dir/re2/unicode_groups.cc.o.d -o third_party/re2/CMakeFiles/duckdb_re2.dir/re2/unicode_groups.cc.o -c /home/pei/Project/duckdb-polr/third_party/re2/re2/unicode_groups.cc
[321/376] /usr/bin/ccache /usr/lib/ccache/c++ -DDUCKDB_BUILD_LIBRARY -DENABLE_CROSS_PRODUCT_REWRITE=0 -DENABLE_DEBUG_PRINT=0 -DENABLE_MEASURE_EXE_TIME=0 -DENABLE_MERGE_BACK_PLAN=0 -DENABLE_PARALLEL_EXECUTION=0 -DENABLE_QUERY_SPLIT=1 -DENABLE_SPECIFY_EST_STAT=0 -I/home/pei/Project/duckdb-polr/src/include -I/home/pei/Project/duckdb-polr/third_party/fsst -I/home/pei/Project/duckdb-polr/third_party/fmt/include -I/home/pei/Project/duckdb-polr/third_party/hyperloglog -I/home/pei/Project/duckdb-polr/third_party/fastpforlib -I/home/pei/Project/duckdb-polr/third_party/fast_float -I/home/pei/Project/duckdb-polr/third_party/re2 -I/home/pei/Project/duckdb-polr/third_party/miniz -I/home/pei/Project/duckdb-polr/third_party/utf8proc/include -I/home/pei/Project/duckdb-polr/third_party/miniparquet -I/home/pei/Project/duckdb-polr/third_party/concurrentqueue -I/home/pei/Project/duckdb-polr/third_party/pcg -I/home/pei/Project/duckdb-polr/third_party/tdigest -I/home/pei/Project/duckdb-polr/third_party/mbedtls/include -I/home/pei/Project/duckdb-polr/third_party/jaro_winkler -O3 -DNDEBUG -O3 -DNDEBUG   -fPIC -fvisibility=hidden -fdiagnostics-color=always -std=c++11 -w -std=c++11 -MD -MT third_party/re2/CMakeFiles/duckdb_re2.dir/re2/prefilter_tree.cc.o -MF third_party/re2/CMakeFiles/duckdb_re2.dir/re2/prefilter_tree.cc.o.d -o third_party/re2/CMakeFiles/duckdb_re2.dir/re2/prefilter_tree.cc.o -c /home/pei/Project/duckdb-polr/third_party/re2/re2/prefilter_tree.cc
[322/376] /usr/bin/ccache /usr/lib/ccache/c++ -DDUCKDB_BUILD_LIBRARY -DENABLE_CROSS_PRODUCT_REWRITE=0 -DENABLE_DEBUG_PRINT=0 -DENABLE_MEASURE_EXE_TIME=0 -DENABLE_MERGE_BACK_PLAN=0 -DENABLE_PARALLEL_EXECUTION=0 -DENABLE_QUERY_SPLIT=1 -DENABLE_SPECIFY_EST_STAT=0 -I/home/pei/Project/duckdb-polr/src/include -I/home/pei/Project/duckdb-polr/third_party/fsst -I/home/pei/Project/duckdb-polr/third_party/fmt/include -I/home/pei/Project/duckdb-polr/third_party/hyperloglog -I/home/pei/Project/duckdb-polr/third_party/fastpforlib -I/home/pei/Project/duckdb-polr/third_party/fast_float -I/home/pei/Project/duckdb-polr/third_party/re2 -I/home/pei/Project/duckdb-polr/third_party/miniz -I/home/pei/Project/duckdb-polr/third_party/utf8proc/include -I/home/pei/Project/duckdb-polr/third_party/miniparquet -I/home/pei/Project/duckdb-polr/third_party/concurrentqueue -I/home/pei/Project/duckdb-polr/third_party/pcg -I/home/pei/Project/duckdb-polr/third_party/tdigest -I/home/pei/Project/duckdb-polr/third_party/mbedtls/include -I/home/pei/Project/duckdb-polr/third_party/jaro_winkler -O3 -DNDEBUG -O3 -DNDEBUG   -fPIC -fvisibility=hidden -fdiagnostics-color=always -std=c++11 -w -std=c++11 -MD -MT third_party/re2/CMakeFiles/duckdb_re2.dir/re2/unicode_casefold.cc.o -MF third_party/re2/CMakeFiles/duckdb_re2.dir/re2/unicode_casefold.cc.o.d -o third_party/re2/CMakeFiles/duckdb_re2.dir/re2/unicode_casefold.cc.o -c /home/pei/Project/duckdb-polr/third_party/re2/re2/unicode_casefold.cc
[323/376] /usr/bin/ccache /usr/lib/ccache/c++ -DDUCKDB_BUILD_LIBRARY -DENABLE_CROSS_PRODUCT_REWRITE=0 -DENABLE_DEBUG_PRINT=0 -DENABLE_MEASURE_EXE_TIME=0 -DENABLE_MERGE_BACK_PLAN=0 -DENABLE_PARALLEL_EXECUTION=0 -DENABLE_QUERY_SPLIT=1 -DENABLE_SPECIFY_EST_STAT=0 -I/home/pei/Project/duckdb-polr/src/include -I/home/pei/Project/duckdb-polr/third_party/fsst -I/home/pei/Project/duckdb-polr/third_party/fmt/include -I/home/pei/Project/duckdb-polr/third_party/hyperloglog -I/home/pei/Project/duckdb-polr/third_party/fastpforlib -I/home/pei/Project/duckdb-polr/third_party/fast_float -I/home/pei/Project/duckdb-polr/third_party/re2 -I/home/pei/Project/duckdb-polr/third_party/miniz -I/home/pei/Project/duckdb-polr/third_party/utf8proc/include -I/home/pei/Project/duckdb-polr/third_party/miniparquet -I/home/pei/Project/duckdb-polr/third_party/concurrentqueue -I/home/pei/Project/duckdb-polr/third_party/pcg -I/home/pei/Project/duckdb-polr/third_party/tdigest -I/home/pei/Project/duckdb-polr/third_party/mbedtls/include -I/home/pei/Project/duckdb-polr/third_party/jaro_winkler -O3 -DNDEBUG -O3 -DNDEBUG   -fPIC -fvisibility=hidden -fdiagnostics-color=always -std=c++11 -w -std=c++11 -MD -MT third_party/re2/CMakeFiles/duckdb_re2.dir/util/rune.cc.o -MF third_party/re2/CMakeFiles/duckdb_re2.dir/util/rune.cc.o.d -o third_party/re2/CMakeFiles/duckdb_re2.dir/util/rune.cc.o -c /home/pei/Project/duckdb-polr/third_party/re2/util/rune.cc
[324/376] /usr/bin/ccache /usr/lib/ccache/c++ -DDUCKDB_BUILD_LIBRARY -DENABLE_CROSS_PRODUCT_REWRITE=0 -DENABLE_DEBUG_PRINT=0 -DENABLE_MEASURE_EXE_TIME=0 -DENABLE_MERGE_BACK_PLAN=0 -DENABLE_PARALLEL_EXECUTION=0 -DENABLE_QUERY_SPLIT=1 -DENABLE_SPECIFY_EST_STAT=0 -I/home/pei/Project/duckdb-polr/src/include -I/home/pei/Project/duckdb-polr/third_party/fsst -I/home/pei/Project/duckdb-polr/third_party/fmt/include -I/home/pei/Project/duckdb-polr/third_party/hyperloglog -I/home/pei/Project/duckdb-polr/third_party/fastpforlib -I/home/pei/Project/duckdb-polr/third_party/fast_float -I/home/pei/Project/duckdb-polr/third_party/re2 -I/home/pei/Project/duckdb-polr/third_party/miniz -I/home/pei/Project/duckdb-polr/third_party/utf8proc/include -I/home/pei/Project/duckdb-polr/third_party/miniparquet -I/home/pei/Project/duckdb-polr/third_party/concurrentqueue -I/home/pei/Project/duckdb-polr/third_party/pcg -I/home/pei/Project/duckdb-polr/third_party/tdigest -I/home/pei/Project/duckdb-polr/third_party/mbedtls/include -I/home/pei/Project/duckdb-polr/third_party/jaro_winkler -O3 -DNDEBUG -O3 -DNDEBUG   -fPIC -fvisibility=hidden -fdiagnostics-color=always -std=c++11 -w -std=c++11 -MD -MT third_party/re2/CMakeFiles/duckdb_re2.dir/re2/prefilter.cc.o -MF third_party/re2/CMakeFiles/duckdb_re2.dir/re2/prefilter.cc.o.d -o third_party/re2/CMakeFiles/duckdb_re2.dir/re2/prefilter.cc.o -c /home/pei/Project/duckdb-polr/third_party/re2/re2/prefilter.cc
[325/376] /usr/bin/ccache /usr/lib/ccache/c++ -DDUCKDB_BUILD_LIBRARY -DENABLE_CROSS_PRODUCT_REWRITE=0 -DENABLE_DEBUG_PRINT=0 -DENABLE_MEASURE_EXE_TIME=0 -DENABLE_MERGE_BACK_PLAN=0 -DENABLE_PARALLEL_EXECUTION=0 -DENABLE_QUERY_SPLIT=1 -DENABLE_SPECIFY_EST_STAT=0 -I/home/pei/Project/duckdb-polr/src/include -I/home/pei/Project/duckdb-polr/third_party/fsst -I/home/pei/Project/duckdb-polr/third_party/fmt/include -I/home/pei/Project/duckdb-polr/third_party/hyperloglog -I/home/pei/Project/duckdb-polr/third_party/fastpforlib -I/home/pei/Project/duckdb-polr/third_party/fast_float -I/home/pei/Project/duckdb-polr/third_party/re2 -I/home/pei/Project/duckdb-polr/third_party/miniz -I/home/pei/Project/duckdb-polr/third_party/utf8proc/include -I/home/pei/Project/duckdb-polr/third_party/miniparquet -I/home/pei/Project/duckdb-polr/third_party/concurrentqueue -I/home/pei/Project/duckdb-polr/third_party/pcg -I/home/pei/Project/duckdb-polr/third_party/tdigest -I/home/pei/Project/duckdb-polr/third_party/mbedtls/include -I/home/pei/Project/duckdb-polr/third_party/jaro_winkler -O3 -DNDEBUG -O3 -DNDEBUG   -fPIC -fvisibility=hidden -fdiagnostics-color=always -std=c++11 -w -std=c++11 -MD -MT third_party/re2/CMakeFiles/duckdb_re2.dir/re2/stringpiece.cc.o -MF third_party/re2/CMakeFiles/duckdb_re2.dir/re2/stringpiece.cc.o.d -o third_party/re2/CMakeFiles/duckdb_re2.dir/re2/stringpiece.cc.o -c /home/pei/Project/duckdb-polr/third_party/re2/re2/stringpiece.cc
[326/376] /usr/bin/ccache /usr/lib/ccache/c++ -DDUCKDB_BUILD_LIBRARY -DENABLE_CROSS_PRODUCT_REWRITE=0 -DENABLE_DEBUG_PRINT=0 -DENABLE_MEASURE_EXE_TIME=0 -DENABLE_MERGE_BACK_PLAN=0 -DENABLE_PARALLEL_EXECUTION=0 -DENABLE_QUERY_SPLIT=1 -DENABLE_SPECIFY_EST_STAT=0 -I/home/pei/Project/duckdb-polr/src/include -I/home/pei/Project/duckdb-polr/third_party/fsst -I/home/pei/Project/duckdb-polr/third_party/fmt/include -I/home/pei/Project/duckdb-polr/third_party/hyperloglog -I/home/pei/Project/duckdb-polr/third_party/fastpforlib -I/home/pei/Project/duckdb-polr/third_party/fast_float -I/home/pei/Project/duckdb-polr/third_party/re2 -I/home/pei/Project/duckdb-polr/third_party/miniz -I/home/pei/Project/duckdb-polr/third_party/utf8proc/include -I/home/pei/Project/duckdb-polr/third_party/miniparquet -I/home/pei/Project/duckdb-polr/third_party/concurrentqueue -I/home/pei/Project/duckdb-polr/third_party/pcg -I/home/pei/Project/duckdb-polr/third_party/tdigest -I/home/pei/Project/duckdb-polr/third_party/mbedtls/include -I/home/pei/Project/duckdb-polr/third_party/jaro_winkler -O3 -DNDEBUG -O3 -DNDEBUG   -fPIC -fdiagnostics-color=always -w -std=c++11 -MD -MT third_party/miniz/CMakeFiles/duckdb_miniz.dir/miniz.cpp.o -MF third_party/miniz/CMakeFiles/duckdb_miniz.dir/miniz.cpp.o.d -o third_party/miniz/CMakeFiles/duckdb_miniz.dir/miniz.cpp.o -c /home/pei/Project/duckdb-polr/third_party/miniz/miniz.cpp
[327/376] /usr/bin/ccache /usr/lib/ccache/c++ -DDUCKDB_BUILD_LIBRARY -DENABLE_CROSS_PRODUCT_REWRITE=0 -DENABLE_DEBUG_PRINT=0 -DENABLE_MEASURE_EXE_TIME=0 -DENABLE_MERGE_BACK_PLAN=0 -DENABLE_PARALLEL_EXECUTION=0 -DENABLE_QUERY_SPLIT=1 -DENABLE_SPECIFY_EST_STAT=0 -I/home/pei/Project/duckdb-polr/src/include -I/home/pei/Project/duckdb-polr/third_party/fsst -I/home/pei/Project/duckdb-polr/third_party/fmt/include -I/home/pei/Project/duckdb-polr/third_party/hyperloglog -I/home/pei/Project/duckdb-polr/third_party/fastpforlib -I/home/pei/Project/duckdb-polr/third_party/fast_float -I/home/pei/Project/duckdb-polr/third_party/re2 -I/home/pei/Project/duckdb-polr/third_party/miniz -I/home/pei/Project/duckdb-polr/third_party/utf8proc/include -I/home/pei/Project/duckdb-polr/third_party/miniparquet -I/home/pei/Project/duckdb-polr/third_party/concurrentqueue -I/home/pei/Project/duckdb-polr/third_party/pcg -I/home/pei/Project/duckdb-polr/third_party/tdigest -I/home/pei/Project/duckdb-polr/third_party/mbedtls/include -I/home/pei/Project/duckdb-polr/third_party/jaro_winkler -O3 -DNDEBUG -O3 -DNDEBUG   -fPIC -fvisibility=hidden -fdiagnostics-color=always -std=c++11 -w -std=c++11 -MD -MT third_party/re2/CMakeFiles/duckdb_re2.dir/re2/re2.cc.o -MF third_party/re2/CMakeFiles/duckdb_re2.dir/re2/re2.cc.o.d -o third_party/re2/CMakeFiles/duckdb_re2.dir/re2/re2.cc.o -c /home/pei/Project/duckdb-polr/third_party/re2/re2/re2.cc
[328/376] /usr/bin/ccache /usr/lib/ccache/c++ -DDUCKDB_BUILD_LIBRARY -DENABLE_CROSS_PRODUCT_REWRITE=0 -DENABLE_DEBUG_PRINT=0 -DENABLE_MEASURE_EXE_TIME=0 -DENABLE_MERGE_BACK_PLAN=0 -DENABLE_PARALLEL_EXECUTION=0 -DENABLE_QUERY_SPLIT=1 -DENABLE_SPECIFY_EST_STAT=0 -I/home/pei/Project/duckdb-polr/src/include -I/home/pei/Project/duckdb-polr/third_party/fsst -I/home/pei/Project/duckdb-polr/third_party/fmt/include -I/home/pei/Project/duckdb-polr/third_party/hyperloglog -I/home/pei/Project/duckdb-polr/third_party/fastpforlib -I/home/pei/Project/duckdb-polr/third_party/fast_float -I/home/pei/Project/duckdb-polr/third_party/re2 -I/home/pei/Project/duckdb-polr/third_party/miniz -I/home/pei/Project/duckdb-polr/third_party/utf8proc/include -I/home/pei/Project/duckdb-polr/third_party/miniparquet -I/home/pei/Project/duckdb-polr/third_party/concurrentqueue -I/home/pei/Project/duckdb-polr/third_party/pcg -I/home/pei/Project/duckdb-polr/third_party/tdigest -I/home/pei/Project/duckdb-polr/third_party/mbedtls/include -I/home/pei/Project/duckdb-polr/third_party/jaro_winkler -O3 -DNDEBUG -O3 -DNDEBUG   -fPIC -fvisibility=hidden -fdiagnostics-color=always -std=c++11 -w -std=c++11 -MD -MT third_party/re2/CMakeFiles/duckdb_re2.dir/re2/prog.cc.o -MF third_party/re2/CMakeFiles/duckdb_re2.dir/re2/prog.cc.o.d -o third_party/re2/CMakeFiles/duckdb_re2.dir/re2/prog.cc.o -c /home/pei/Project/duckdb-polr/third_party/re2/re2/prog.cc
[329/376] /usr/bin/ccache /usr/lib/ccache/c++ -DDUCKDB_BUILD_LIBRARY -DENABLE_CROSS_PRODUCT_REWRITE=0 -DENABLE_DEBUG_PRINT=0 -DENABLE_MEASURE_EXE_TIME=0 -DENABLE_MERGE_BACK_PLAN=0 -DENABLE_PARALLEL_EXECUTION=0 -DENABLE_QUERY_SPLIT=1 -DENABLE_SPECIFY_EST_STAT=0 -I/home/pei/Project/duckdb-polr/src/include -I/home/pei/Project/duckdb-polr/third_party/fsst -I/home/pei/Project/duckdb-polr/third_party/fmt/include -I/home/pei/Project/duckdb-polr/third_party/hyperloglog -I/home/pei/Project/duckdb-polr/third_party/fastpforlib -I/home/pei/Project/duckdb-polr/third_party/fast_float -I/home/pei/Project/duckdb-polr/third_party/re2 -I/home/pei/Project/duckdb-polr/third_party/miniz -I/home/pei/Project/duckdb-polr/third_party/utf8proc/include -I/home/pei/Project/duckdb-polr/third_party/miniparquet -I/home/pei/Project/duckdb-polr/third_party/concurrentqueue -I/home/pei/Project/duckdb-polr/third_party/pcg -I/home/pei/Project/duckdb-polr/third_party/tdigest -I/home/pei/Project/duckdb-polr/third_party/mbedtls/include -I/home/pei/Project/duckdb-polr/third_party/jaro_winkler -O3 -DNDEBUG -O3 -DNDEBUG   -fPIC -fvisibility=hidden -fdiagnostics-color=always -std=c++11 -w -std=c++11 -MD -MT third_party/re2/CMakeFiles/duckdb_re2.dir/re2/regexp.cc.o -MF third_party/re2/CMakeFiles/duckdb_re2.dir/re2/regexp.cc.o.d -o third_party/re2/CMakeFiles/duckdb_re2.dir/re2/regexp.cc.o -c /home/pei/Project/duckdb-polr/third_party/re2/re2/regexp.cc
[330/376] /usr/bin/ccache /usr/lib/ccache/c++ -DDUCKDB_BUILD_LIBRARY -DENABLE_CROSS_PRODUCT_REWRITE=0 -DENABLE_DEBUG_PRINT=0 -DENABLE_MEASURE_EXE_TIME=0 -DENABLE_MERGE_BACK_PLAN=0 -DENABLE_PARALLEL_EXECUTION=0 -DENABLE_QUERY_SPLIT=1 -DENABLE_SPECIFY_EST_STAT=0 -I/home/pei/Project/duckdb-polr/src/include -I/home/pei/Project/duckdb-polr/third_party/fsst -I/home/pei/Project/duckdb-polr/third_party/fmt/include -I/home/pei/Project/duckdb-polr/third_party/hyperloglog -I/home/pei/Project/duckdb-polr/third_party/fastpforlib -I/home/pei/Project/duckdb-polr/third_party/fast_float -I/home/pei/Project/duckdb-polr/third_party/re2 -I/home/pei/Project/duckdb-polr/third_party/miniz -I/home/pei/Project/duckdb-polr/third_party/utf8proc/include -I/home/pei/Project/duckdb-polr/third_party/miniparquet -I/home/pei/Project/duckdb-polr/third_party/concurrentqueue -I/home/pei/Project/duckdb-polr/third_party/pcg -I/home/pei/Project/duckdb-polr/third_party/tdigest -I/home/pei/Project/duckdb-polr/third_party/mbedtls/include -I/home/pei/Project/duckdb-polr/third_party/jaro_winkler -O3 -DNDEBUG -O3 -DNDEBUG   -fPIC -fvisibility=hidden -fdiagnostics-color=always -std=c++11 -w -std=c++11 -MD -MT third_party/re2/CMakeFiles/duckdb_re2.dir/re2/simplify.cc.o -MF third_party/re2/CMakeFiles/duckdb_re2.dir/re2/simplify.cc.o.d -o third_party/re2/CMakeFiles/duckdb_re2.dir/re2/simplify.cc.o -c /home/pei/Project/duckdb-polr/third_party/re2/re2/simplify.cc
[331/376] /usr/bin/ccache /usr/lib/ccache/c++ -DDUCKDB_BUILD_LIBRARY -DENABLE_CROSS_PRODUCT_REWRITE=0 -DENABLE_DEBUG_PRINT=0 -DENABLE_MEASURE_EXE_TIME=0 -DENABLE_MERGE_BACK_PLAN=0 -DENABLE_PARALLEL_EXECUTION=0 -DENABLE_QUERY_SPLIT=1 -DENABLE_SPECIFY_EST_STAT=0 -I/home/pei/Project/duckdb-polr/src/include -I/home/pei/Project/duckdb-polr/third_party/fsst -I/home/pei/Project/duckdb-polr/third_party/fmt/include -I/home/pei/Project/duckdb-polr/third_party/hyperloglog -I/home/pei/Project/duckdb-polr/third_party/fastpforlib -I/home/pei/Project/duckdb-polr/third_party/fast_float -I/home/pei/Project/duckdb-polr/third_party/re2 -I/home/pei/Project/duckdb-polr/third_party/miniz -I/home/pei/Project/duckdb-polr/third_party/utf8proc/include -I/home/pei/Project/duckdb-polr/third_party/miniparquet -I/home/pei/Project/duckdb-polr/third_party/concurrentqueue -I/home/pei/Project/duckdb-polr/third_party/pcg -I/home/pei/Project/duckdb-polr/third_party/tdigest -I/home/pei/Project/duckdb-polr/third_party/mbedtls/include -I/home/pei/Project/duckdb-polr/third_party/jaro_winkler -O3 -DNDEBUG -O3 -DNDEBUG   -fPIC -fvisibility=hidden -fdiagnostics-color=always -std=c++11 -w -std=c++11 -MD -MT third_party/re2/CMakeFiles/duckdb_re2.dir/re2/tostring.cc.o -MF third_party/re2/CMakeFiles/duckdb_re2.dir/re2/tostring.cc.o.d -o third_party/re2/CMakeFiles/duckdb_re2.dir/re2/tostring.cc.o -c /home/pei/Project/duckdb-polr/third_party/re2/re2/tostring.cc
[332/376] /usr/bin/ccache /usr/lib/ccache/c++ -DDUCKDB_BUILD_LIBRARY -DENABLE_CROSS_PRODUCT_REWRITE=0 -DENABLE_DEBUG_PRINT=0 -DENABLE_MEASURE_EXE_TIME=0 -DENABLE_MERGE_BACK_PLAN=0 -DENABLE_PARALLEL_EXECUTION=0 -DENABLE_QUERY_SPLIT=1 -DENABLE_SPECIFY_EST_STAT=0 -I/home/pei/Project/duckdb-polr/src/include -I/home/pei/Project/duckdb-polr/third_party/fsst -I/home/pei/Project/duckdb-polr/third_party/fmt/include -I/home/pei/Project/duckdb-polr/third_party/hyperloglog -I/home/pei/Project/duckdb-polr/third_party/fastpforlib -I/home/pei/Project/duckdb-polr/third_party/fast_float -I/home/pei/Project/duckdb-polr/third_party/re2 -I/home/pei/Project/duckdb-polr/third_party/miniz -I/home/pei/Project/duckdb-polr/third_party/utf8proc/include -I/home/pei/Project/duckdb-polr/third_party/miniparquet -I/home/pei/Project/duckdb-polr/third_party/concurrentqueue -I/home/pei/Project/duckdb-polr/third_party/pcg -I/home/pei/Project/duckdb-polr/third_party/tdigest -I/home/pei/Project/duckdb-polr/third_party/mbedtls/include -I/home/pei/Project/duckdb-polr/third_party/jaro_winkler -O3 -DNDEBUG -O3 -DNDEBUG   -fPIC -fvisibility=hidden -fdiagnostics-color=always -std=c++11 -w -std=c++11 -MD -MT third_party/re2/CMakeFiles/duckdb_re2.dir/util/strutil.cc.o -MF third_party/re2/CMakeFiles/duckdb_re2.dir/util/strutil.cc.o.d -o third_party/re2/CMakeFiles/duckdb_re2.dir/util/strutil.cc.o -c /home/pei/Project/duckdb-polr/third_party/re2/util/strutil.cc
[333/376] /usr/bin/ccache /usr/lib/ccache/c++ -DDUCKDB_BUILD_LIBRARY -DENABLE_CROSS_PRODUCT_REWRITE=0 -DENABLE_DEBUG_PRINT=0 -DENABLE_MEASURE_EXE_TIME=0 -DENABLE_MERGE_BACK_PLAN=0 -DENABLE_PARALLEL_EXECUTION=0 -DENABLE_QUERY_SPLIT=1 -DENABLE_SPECIFY_EST_STAT=0 -I/home/pei/Project/duckdb-polr/src/include -I/home/pei/Project/duckdb-polr/third_party/fsst -I/home/pei/Project/duckdb-polr/third_party/fmt/include -I/home/pei/Project/duckdb-polr/third_party/hyperloglog -I/home/pei/Project/duckdb-polr/third_party/fastpforlib -I/home/pei/Project/duckdb-polr/third_party/fast_float -I/home/pei/Project/duckdb-polr/third_party/re2 -I/home/pei/Project/duckdb-polr/third_party/miniz -I/home/pei/Project/duckdb-polr/third_party/utf8proc/include -I/home/pei/Project/duckdb-polr/third_party/miniparquet -I/home/pei/Project/duckdb-polr/third_party/concurrentqueue -I/home/pei/Project/duckdb-polr/third_party/pcg -I/home/pei/Project/duckdb-polr/third_party/tdigest -I/home/pei/Project/duckdb-polr/third_party/mbedtls/include -I/home/pei/Project/duckdb-polr/third_party/jaro_winkler -O3 -DNDEBUG -O3 -DNDEBUG   -fPIC -fdiagnostics-color=always -std=c++11 -MD -MT third_party/utf8proc/CMakeFiles/duckdb_utf8proc.dir/utf8proc_wrapper.cpp.o -MF third_party/utf8proc/CMakeFiles/duckdb_utf8proc.dir/utf8proc_wrapper.cpp.o.d -o third_party/utf8proc/CMakeFiles/duckdb_utf8proc.dir/utf8proc_wrapper.cpp.o -c /home/pei/Project/duckdb-polr/third_party/utf8proc/utf8proc_wrapper.cpp
[334/376] : && /usr/bin/cmake -E rm -f third_party/miniz/libduckdb_miniz.a && /usr/bin/ar qc third_party/miniz/libduckdb_miniz.a  third_party/miniz/CMakeFiles/duckdb_miniz.dir/miniz.cpp.o && /usr/bin/ranlib third_party/miniz/libduckdb_miniz.a && :
[335/376] /usr/bin/ccache /usr/lib/ccache/c++ -DDUCKDB_BUILD_LIBRARY -DENABLE_CROSS_PRODUCT_REWRITE=0 -DENABLE_DEBUG_PRINT=0 -DENABLE_MEASURE_EXE_TIME=0 -DENABLE_MERGE_BACK_PLAN=0 -DENABLE_PARALLEL_EXECUTION=0 -DENABLE_QUERY_SPLIT=1 -DENABLE_SPECIFY_EST_STAT=0 -I/home/pei/Project/duckdb-polr/src/include -I/home/pei/Project/duckdb-polr/third_party/fsst -I/home/pei/Project/duckdb-polr/third_party/fmt/include -I/home/pei/Project/duckdb-polr/third_party/hyperloglog -I/home/pei/Project/duckdb-polr/third_party/fastpforlib -I/home/pei/Project/duckdb-polr/third_party/fast_float -I/home/pei/Project/duckdb-polr/third_party/re2 -I/home/pei/Project/duckdb-polr/third_party/miniz -I/home/pei/Project/duckdb-polr/third_party/utf8proc/include -I/home/pei/Project/duckdb-polr/third_party/miniparquet -I/home/pei/Project/duckdb-polr/third_party/concurrentqueue -I/home/pei/Project/duckdb-polr/third_party/pcg -I/home/pei/Project/duckdb-polr/third_party/tdigest -I/home/pei/Project/duckdb-polr/third_party/mbedtls/include -I/home/pei/Project/duckdb-polr/third_party/jaro_winkler -O3 -DNDEBUG -O3 -DNDEBUG   -fPIC -fdiagnostics-color=always -w -std=c++11 -MD -MT third_party/hyperloglog/CMakeFiles/duckdb_hyperloglog.dir/sds.cpp.o -MF third_party/hyperloglog/CMakeFiles/duckdb_hyperloglog.dir/sds.cpp.o.d -o third_party/hyperloglog/CMakeFiles/duckdb_hyperloglog.dir/sds.cpp.o -c /home/pei/Project/duckdb-polr/third_party/hyperloglog/sds.cpp
[336/376] /usr/bin/ccache /usr/lib/ccache/c++ -DDUCKDB_BUILD_LIBRARY -DENABLE_CROSS_PRODUCT_REWRITE=0 -DENABLE_DEBUG_PRINT=0 -DENABLE_MEASURE_EXE_TIME=0 -DENABLE_MERGE_BACK_PLAN=0 -DENABLE_PARALLEL_EXECUTION=0 -DENABLE_QUERY_SPLIT=1 -DENABLE_SPECIFY_EST_STAT=0 -I/home/pei/Project/duckdb-polr/src/include -I/home/pei/Project/duckdb-polr/third_party/fsst -I/home/pei/Project/duckdb-polr/third_party/fmt/include -I/home/pei/Project/duckdb-polr/third_party/hyperloglog -I/home/pei/Project/duckdb-polr/third_party/fastpforlib -I/home/pei/Project/duckdb-polr/third_party/fast_float -I/home/pei/Project/duckdb-polr/third_party/re2 -I/home/pei/Project/duckdb-polr/third_party/miniz -I/home/pei/Project/duckdb-polr/third_party/utf8proc/include -I/home/pei/Project/duckdb-polr/third_party/miniparquet -I/home/pei/Project/duckdb-polr/third_party/concurrentqueue -I/home/pei/Project/duckdb-polr/third_party/pcg -I/home/pei/Project/duckdb-polr/third_party/tdigest -I/home/pei/Project/duckdb-polr/third_party/mbedtls/include -I/home/pei/Project/duckdb-polr/third_party/jaro_winkler -O3 -DNDEBUG -O3 -DNDEBUG   -fPIC -fvisibility=hidden -fdiagnostics-color=always -std=c++11 -w -std=c++11 -MD -MT third_party/re2/CMakeFiles/duckdb_re2.dir/re2/set.cc.o -MF third_party/re2/CMakeFiles/duckdb_re2.dir/re2/set.cc.o.d -o third_party/re2/CMakeFiles/duckdb_re2.dir/re2/set.cc.o -c /home/pei/Project/duckdb-polr/third_party/re2/re2/set.cc
[337/376] /usr/bin/ccache /usr/lib/ccache/c++ -DDUCKDB_BUILD_LIBRARY -DENABLE_CROSS_PRODUCT_REWRITE=0 -DENABLE_DEBUG_PRINT=0 -DENABLE_MEASURE_EXE_TIME=0 -DENABLE_MERGE_BACK_PLAN=0 -DENABLE_PARALLEL_EXECUTION=0 -DENABLE_QUERY_SPLIT=1 -DENABLE_SPECIFY_EST_STAT=0 -I/home/pei/Project/duckdb-polr/src/include -I/home/pei/Project/duckdb-polr/third_party/fsst -I/home/pei/Project/duckdb-polr/third_party/fmt/include -I/home/pei/Project/duckdb-polr/third_party/hyperloglog -I/home/pei/Project/duckdb-polr/third_party/fastpforlib -I/home/pei/Project/duckdb-polr/third_party/fast_float -I/home/pei/Project/duckdb-polr/third_party/re2 -I/home/pei/Project/duckdb-polr/third_party/miniz -I/home/pei/Project/duckdb-polr/third_party/utf8proc/include -I/home/pei/Project/duckdb-polr/third_party/miniparquet -I/home/pei/Project/duckdb-polr/third_party/concurrentqueue -I/home/pei/Project/duckdb-polr/third_party/pcg -I/home/pei/Project/duckdb-polr/third_party/tdigest -I/home/pei/Project/duckdb-polr/third_party/mbedtls/include -I/home/pei/Project/duckdb-polr/third_party/jaro_winkler -O3 -DNDEBUG -O3 -DNDEBUG   -fPIC -fvisibility=hidden -fdiagnostics-color=always -std=c++11 -MD -MT third_party/mbedtls/CMakeFiles/duckdb_mbedtls.dir/library/rsa_alt_helpers.cpp.o -MF third_party/mbedtls/CMakeFiles/duckdb_mbedtls.dir/library/rsa_alt_helpers.cpp.o.d -o third_party/mbedtls/CMakeFiles/duckdb_mbedtls.dir/library/rsa_alt_helpers.cpp.o -c /home/pei/Project/duckdb-polr/third_party/mbedtls/library/rsa_alt_helpers.cpp
[338/376] /usr/bin/ccache /usr/lib/ccache/c++ -DDUCKDB_BUILD_LIBRARY -DENABLE_CROSS_PRODUCT_REWRITE=0 -DENABLE_DEBUG_PRINT=0 -DENABLE_MEASURE_EXE_TIME=0 -DENABLE_MERGE_BACK_PLAN=0 -DENABLE_PARALLEL_EXECUTION=0 -DENABLE_QUERY_SPLIT=1 -DENABLE_SPECIFY_EST_STAT=0 -I/home/pei/Project/duckdb-polr/src/include -I/home/pei/Project/duckdb-polr/third_party/fsst -I/home/pei/Project/duckdb-polr/third_party/fmt/include -I/home/pei/Project/duckdb-polr/third_party/hyperloglog -I/home/pei/Project/duckdb-polr/third_party/fastpforlib -I/home/pei/Project/duckdb-polr/third_party/fast_float -I/home/pei/Project/duckdb-polr/third_party/re2 -I/home/pei/Project/duckdb-polr/third_party/miniz -I/home/pei/Project/duckdb-polr/third_party/utf8proc/include -I/home/pei/Project/duckdb-polr/third_party/miniparquet -I/home/pei/Project/duckdb-polr/third_party/concurrentqueue -I/home/pei/Project/duckdb-polr/third_party/pcg -I/home/pei/Project/duckdb-polr/third_party/tdigest -I/home/pei/Project/duckdb-polr/third_party/mbedtls/include -I/home/pei/Project/duckdb-polr/third_party/jaro_winkler -O3 -DNDEBUG -O3 -DNDEBUG   -fPIC -fvisibility=hidden -fdiagnostics-color=always -std=c++11 -MD -MT third_party/mbedtls/CMakeFiles/duckdb_mbedtls.dir/library/sha256.cpp.o -MF third_party/mbedtls/CMakeFiles/duckdb_mbedtls.dir/library/sha256.cpp.o.d -o third_party/mbedtls/CMakeFiles/duckdb_mbedtls.dir/library/sha256.cpp.o -c /home/pei/Project/duckdb-polr/third_party/mbedtls/library/sha256.cpp
[339/376] /usr/bin/ccache /usr/lib/ccache/c++ -DDUCKDB_BUILD_LIBRARY -DENABLE_CROSS_PRODUCT_REWRITE=0 -DENABLE_DEBUG_PRINT=0 -DENABLE_MEASURE_EXE_TIME=0 -DENABLE_MERGE_BACK_PLAN=0 -DENABLE_PARALLEL_EXECUTION=0 -DENABLE_QUERY_SPLIT=1 -DENABLE_SPECIFY_EST_STAT=0 -I/home/pei/Project/duckdb-polr/src/include -I/home/pei/Project/duckdb-polr/third_party/fsst -I/home/pei/Project/duckdb-polr/third_party/fmt/include -I/home/pei/Project/duckdb-polr/third_party/hyperloglog -I/home/pei/Project/duckdb-polr/third_party/fastpforlib -I/home/pei/Project/duckdb-polr/third_party/fast_float -I/home/pei/Project/duckdb-polr/third_party/re2 -I/home/pei/Project/duckdb-polr/third_party/miniz -I/home/pei/Project/duckdb-polr/third_party/utf8proc/include -I/home/pei/Project/duckdb-polr/third_party/miniparquet -I/home/pei/Project/duckdb-polr/third_party/concurrentqueue -I/home/pei/Project/duckdb-polr/third_party/pcg -I/home/pei/Project/duckdb-polr/third_party/tdigest -I/home/pei/Project/duckdb-polr/third_party/mbedtls/include -I/home/pei/Project/duckdb-polr/third_party/jaro_winkler -O3 -DNDEBUG -O3 -DNDEBUG   -fPIC -fvisibility=hidden -fdiagnostics-color=always -std=c++11 -MD -MT third_party/mbedtls/CMakeFiles/duckdb_mbedtls.dir/library/constant_time.cpp.o -MF third_party/mbedtls/CMakeFiles/duckdb_mbedtls.dir/library/constant_time.cpp.o.d -o third_party/mbedtls/CMakeFiles/duckdb_mbedtls.dir/library/constant_time.cpp.o -c /home/pei/Project/duckdb-polr/third_party/mbedtls/library/constant_time.cpp
[340/376] /usr/bin/ccache /usr/lib/ccache/c++ -DDUCKDB_BUILD_LIBRARY -DENABLE_CROSS_PRODUCT_REWRITE=0 -DENABLE_DEBUG_PRINT=0 -DENABLE_MEASURE_EXE_TIME=0 -DENABLE_MERGE_BACK_PLAN=0 -DENABLE_PARALLEL_EXECUTION=0 -DENABLE_QUERY_SPLIT=1 -DENABLE_SPECIFY_EST_STAT=0 -I/home/pei/Project/duckdb-polr/src/include -I/home/pei/Project/duckdb-polr/third_party/fsst -I/home/pei/Project/duckdb-polr/third_party/fmt/include -I/home/pei/Project/duckdb-polr/third_party/hyperloglog -I/home/pei/Project/duckdb-polr/third_party/fastpforlib -I/home/pei/Project/duckdb-polr/third_party/fast_float -I/home/pei/Project/duckdb-polr/third_party/re2 -I/home/pei/Project/duckdb-polr/third_party/miniz -I/home/pei/Project/duckdb-polr/third_party/utf8proc/include -I/home/pei/Project/duckdb-polr/third_party/miniparquet -I/home/pei/Project/duckdb-polr/third_party/concurrentqueue -I/home/pei/Project/duckdb-polr/third_party/pcg -I/home/pei/Project/duckdb-polr/third_party/tdigest -I/home/pei/Project/duckdb-polr/third_party/mbedtls/include -I/home/pei/Project/duckdb-polr/third_party/jaro_winkler -O3 -DNDEBUG -O3 -DNDEBUG   -fPIC -fvisibility=hidden -fdiagnostics-color=always -std=c++11 -MD -MT third_party/mbedtls/CMakeFiles/duckdb_mbedtls.dir/library/md.cpp.o -MF third_party/mbedtls/CMakeFiles/duckdb_mbedtls.dir/library/md.cpp.o.d -o third_party/mbedtls/CMakeFiles/duckdb_mbedtls.dir/library/md.cpp.o -c /home/pei/Project/duckdb-polr/third_party/mbedtls/library/md.cpp
[341/376] /usr/bin/ccache /usr/lib/ccache/c++ -DDUCKDB_BUILD_LIBRARY -DENABLE_CROSS_PRODUCT_REWRITE=0 -DENABLE_DEBUG_PRINT=0 -DENABLE_MEASURE_EXE_TIME=0 -DENABLE_MERGE_BACK_PLAN=0 -DENABLE_PARALLEL_EXECUTION=0 -DENABLE_QUERY_SPLIT=1 -DENABLE_SPECIFY_EST_STAT=0 -I/home/pei/Project/duckdb-polr/src/include -I/home/pei/Project/duckdb-polr/third_party/fsst -I/home/pei/Project/duckdb-polr/third_party/fmt/include -I/home/pei/Project/duckdb-polr/third_party/hyperloglog -I/home/pei/Project/duckdb-polr/third_party/fastpforlib -I/home/pei/Project/duckdb-polr/third_party/fast_float -I/home/pei/Project/duckdb-polr/third_party/re2 -I/home/pei/Project/duckdb-polr/third_party/miniz -I/home/pei/Project/duckdb-polr/third_party/utf8proc/include -I/home/pei/Project/duckdb-polr/third_party/miniparquet -I/home/pei/Project/duckdb-polr/third_party/concurrentqueue -I/home/pei/Project/duckdb-polr/third_party/pcg -I/home/pei/Project/duckdb-polr/third_party/tdigest -I/home/pei/Project/duckdb-polr/third_party/mbedtls/include -I/home/pei/Project/duckdb-polr/third_party/jaro_winkler -O3 -DNDEBUG -O3 -DNDEBUG   -fPIC -fvisibility=hidden -fdiagnostics-color=always -std=c++11 -MD -MT third_party/mbedtls/CMakeFiles/duckdb_mbedtls.dir/library/oid.cpp.o -MF third_party/mbedtls/CMakeFiles/duckdb_mbedtls.dir/library/oid.cpp.o.d -o third_party/mbedtls/CMakeFiles/duckdb_mbedtls.dir/library/oid.cpp.o -c /home/pei/Project/duckdb-polr/third_party/mbedtls/library/oid.cpp
[342/376] /usr/bin/ccache /usr/lib/ccache/c++ -DDUCKDB_BUILD_LIBRARY -DENABLE_CROSS_PRODUCT_REWRITE=0 -DENABLE_DEBUG_PRINT=0 -DENABLE_MEASURE_EXE_TIME=0 -DENABLE_MERGE_BACK_PLAN=0 -DENABLE_PARALLEL_EXECUTION=0 -DENABLE_QUERY_SPLIT=1 -DENABLE_SPECIFY_EST_STAT=0 -I/home/pei/Project/duckdb-polr/src/include -I/home/pei/Project/duckdb-polr/third_party/fsst -I/home/pei/Project/duckdb-polr/third_party/fmt/include -I/home/pei/Project/duckdb-polr/third_party/hyperloglog -I/home/pei/Project/duckdb-polr/third_party/fastpforlib -I/home/pei/Project/duckdb-polr/third_party/fast_float -I/home/pei/Project/duckdb-polr/third_party/re2 -I/home/pei/Project/duckdb-polr/third_party/miniz -I/home/pei/Project/duckdb-polr/third_party/utf8proc/include -I/home/pei/Project/duckdb-polr/third_party/miniparquet -I/home/pei/Project/duckdb-polr/third_party/concurrentqueue -I/home/pei/Project/duckdb-polr/third_party/pcg -I/home/pei/Project/duckdb-polr/third_party/tdigest -I/home/pei/Project/duckdb-polr/third_party/mbedtls/include -I/home/pei/Project/duckdb-polr/third_party/jaro_winkler -O3 -DNDEBUG -O3 -DNDEBUG   -fPIC -fvisibility=hidden -fdiagnostics-color=always -std=c++11 -MD -MT third_party/mbedtls/CMakeFiles/duckdb_mbedtls.dir/library/bignum.cpp.o -MF third_party/mbedtls/CMakeFiles/duckdb_mbedtls.dir/library/bignum.cpp.o.d -o third_party/mbedtls/CMakeFiles/duckdb_mbedtls.dir/library/bignum.cpp.o -c /home/pei/Project/duckdb-polr/third_party/mbedtls/library/bignum.cpp
[343/376] /usr/bin/ccache /usr/lib/ccache/c++ -DDUCKDB_BUILD_LIBRARY -DENABLE_CROSS_PRODUCT_REWRITE=0 -DENABLE_DEBUG_PRINT=0 -DENABLE_MEASURE_EXE_TIME=0 -DENABLE_MERGE_BACK_PLAN=0 -DENABLE_PARALLEL_EXECUTION=0 -DENABLE_QUERY_SPLIT=1 -DENABLE_SPECIFY_EST_STAT=0 -I/home/pei/Project/duckdb-polr/src/include -I/home/pei/Project/duckdb-polr/third_party/fsst -I/home/pei/Project/duckdb-polr/third_party/fmt/include -I/home/pei/Project/duckdb-polr/third_party/hyperloglog -I/home/pei/Project/duckdb-polr/third_party/fastpforlib -I/home/pei/Project/duckdb-polr/third_party/fast_float -I/home/pei/Project/duckdb-polr/third_party/re2 -I/home/pei/Project/duckdb-polr/third_party/miniz -I/home/pei/Project/duckdb-polr/third_party/utf8proc/include -I/home/pei/Project/duckdb-polr/third_party/miniparquet -I/home/pei/Project/duckdb-polr/third_party/concurrentqueue -I/home/pei/Project/duckdb-polr/third_party/pcg -I/home/pei/Project/duckdb-polr/third_party/tdigest -I/home/pei/Project/duckdb-polr/third_party/mbedtls/include -I/home/pei/Project/duckdb-polr/third_party/jaro_winkler -O3 -DNDEBUG -O3 -DNDEBUG   -fPIC -fdiagnostics-color=always -w -std=c++11 -MD -MT third_party/fastpforlib/CMakeFiles/duckdb_fastpforlib.dir/bitpacking.cpp.o -MF third_party/fastpforlib/CMakeFiles/duckdb_fastpforlib.dir/bitpacking.cpp.o.d -o third_party/fastpforlib/CMakeFiles/duckdb_fastpforlib.dir/bitpacking.cpp.o -c /home/pei/Project/duckdb-polr/third_party/fastpforlib/bitpacking.cpp
[344/376] /usr/bin/ccache /usr/lib/ccache/c++ -DDUCKDB_BUILD_LIBRARY -DENABLE_CROSS_PRODUCT_REWRITE=0 -DENABLE_DEBUG_PRINT=0 -DENABLE_MEASURE_EXE_TIME=0 -DENABLE_MERGE_BACK_PLAN=0 -DENABLE_PARALLEL_EXECUTION=0 -DENABLE_QUERY_SPLIT=1 -DENABLE_SPECIFY_EST_STAT=0 -I/home/pei/Project/duckdb-polr/src/include -I/home/pei/Project/duckdb-polr/third_party/fsst -I/home/pei/Project/duckdb-polr/third_party/fmt/include -I/home/pei/Project/duckdb-polr/third_party/hyperloglog -I/home/pei/Project/duckdb-polr/third_party/fastpforlib -I/home/pei/Project/duckdb-polr/third_party/fast_float -I/home/pei/Project/duckdb-polr/third_party/re2 -I/home/pei/Project/duckdb-polr/third_party/miniz -I/home/pei/Project/duckdb-polr/third_party/utf8proc/include -I/home/pei/Project/duckdb-polr/third_party/miniparquet -I/home/pei/Project/duckdb-polr/third_party/concurrentqueue -I/home/pei/Project/duckdb-polr/third_party/pcg -I/home/pei/Project/duckdb-polr/third_party/tdigest -I/home/pei/Project/duckdb-polr/third_party/mbedtls/include -I/home/pei/Project/duckdb-polr/third_party/jaro_winkler -O3 -DNDEBUG -O3 -DNDEBUG   -fPIC -fvisibility=hidden -fdiagnostics-color=always -std=c++11 -MD -MT third_party/mbedtls/CMakeFiles/duckdb_mbedtls.dir/mbedtls_wrapper.cpp.o -MF third_party/mbedtls/CMakeFiles/duckdb_mbedtls.dir/mbedtls_wrapper.cpp.o.d -o third_party/mbedtls/CMakeFiles/duckdb_mbedtls.dir/mbedtls_wrapper.cpp.o -c /home/pei/Project/duckdb-polr/third_party/mbedtls/mbedtls_wrapper.cpp
[345/376] /usr/bin/ccache /usr/lib/ccache/c++ -DDUCKDB_BUILD_LIBRARY -DENABLE_CROSS_PRODUCT_REWRITE=0 -DENABLE_DEBUG_PRINT=0 -DENABLE_MEASURE_EXE_TIME=0 -DENABLE_MERGE_BACK_PLAN=0 -DENABLE_PARALLEL_EXECUTION=0 -DENABLE_QUERY_SPLIT=1 -DENABLE_SPECIFY_EST_STAT=0 -I/home/pei/Project/duckdb-polr/src/include -I/home/pei/Project/duckdb-polr/third_party/fsst -I/home/pei/Project/duckdb-polr/third_party/fmt/include -I/home/pei/Project/duckdb-polr/third_party/hyperloglog -I/home/pei/Project/duckdb-polr/third_party/fastpforlib -I/home/pei/Project/duckdb-polr/third_party/fast_float -I/home/pei/Project/duckdb-polr/third_party/re2 -I/home/pei/Project/duckdb-polr/third_party/miniz -I/home/pei/Project/duckdb-polr/third_party/utf8proc/include -I/home/pei/Project/duckdb-polr/third_party/miniparquet -I/home/pei/Project/duckdb-polr/third_party/concurrentqueue -I/home/pei/Project/duckdb-polr/third_party/pcg -I/home/pei/Project/duckdb-polr/third_party/tdigest -I/home/pei/Project/duckdb-polr/third_party/mbedtls/include -I/home/pei/Project/duckdb-polr/third_party/jaro_winkler -O3 -DNDEBUG -O3 -DNDEBUG   -fPIC -fvisibility=hidden -fdiagnostics-color=always -std=c++11 -MD -MT third_party/mbedtls/CMakeFiles/duckdb_mbedtls.dir/library/rsa.cpp.o -MF third_party/mbedtls/CMakeFiles/duckdb_mbedtls.dir/library/rsa.cpp.o.d -o third_party/mbedtls/CMakeFiles/duckdb_mbedtls.dir/library/rsa.cpp.o -c /home/pei/Project/duckdb-polr/third_party/mbedtls/library/rsa.cpp
[346/376] /usr/bin/ccache /usr/lib/ccache/c++ -DDUCKDB_BUILD_LIBRARY -DENABLE_CROSS_PRODUCT_REWRITE=0 -DENABLE_DEBUG_PRINT=0 -DENABLE_MEASURE_EXE_TIME=0 -DENABLE_MERGE_BACK_PLAN=0 -DENABLE_PARALLEL_EXECUTION=0 -DENABLE_QUERY_SPLIT=1 -DENABLE_SPECIFY_EST_STAT=0 -I/home/pei/Project/duckdb-polr/src/include -I/home/pei/Project/duckdb-polr/third_party/fsst -I/home/pei/Project/duckdb-polr/third_party/fmt/include -I/home/pei/Project/duckdb-polr/third_party/hyperloglog -I/home/pei/Project/duckdb-polr/third_party/fastpforlib -I/home/pei/Project/duckdb-polr/third_party/fast_float -I/home/pei/Project/duckdb-polr/third_party/re2 -I/home/pei/Project/duckdb-polr/third_party/miniz -I/home/pei/Project/duckdb-polr/third_party/utf8proc/include -I/home/pei/Project/duckdb-polr/third_party/miniparquet -I/home/pei/Project/duckdb-polr/third_party/concurrentqueue -I/home/pei/Project/duckdb-polr/third_party/pcg -I/home/pei/Project/duckdb-polr/third_party/tdigest -I/home/pei/Project/duckdb-polr/third_party/mbedtls/include -I/home/pei/Project/duckdb-polr/third_party/jaro_winkler -O3 -DNDEBUG -O3 -DNDEBUG   -fPIC -fvisibility=hidden -fdiagnostics-color=always -std=c++11 -MD -MT third_party/mbedtls/CMakeFiles/duckdb_mbedtls.dir/library/base64.cpp.o -MF third_party/mbedtls/CMakeFiles/duckdb_mbedtls.dir/library/base64.cpp.o.d -o third_party/mbedtls/CMakeFiles/duckdb_mbedtls.dir/library/base64.cpp.o -c /home/pei/Project/duckdb-polr/third_party/mbedtls/library/base64.cpp
[347/376] /usr/bin/ccache /usr/lib/ccache/c++ -DDUCKDB_BUILD_LIBRARY -DENABLE_CROSS_PRODUCT_REWRITE=0 -DENABLE_DEBUG_PRINT=0 -DENABLE_MEASURE_EXE_TIME=0 -DENABLE_MERGE_BACK_PLAN=0 -DENABLE_PARALLEL_EXECUTION=0 -DENABLE_QUERY_SPLIT=1 -DENABLE_SPECIFY_EST_STAT=0 -I/home/pei/Project/duckdb-polr/src/include -I/home/pei/Project/duckdb-polr/third_party/fsst -I/home/pei/Project/duckdb-polr/third_party/fmt/include -I/home/pei/Project/duckdb-polr/third_party/hyperloglog -I/home/pei/Project/duckdb-polr/third_party/fastpforlib -I/home/pei/Project/duckdb-polr/third_party/fast_float -I/home/pei/Project/duckdb-polr/third_party/re2 -I/home/pei/Project/duckdb-polr/third_party/miniz -I/home/pei/Project/duckdb-polr/third_party/utf8proc/include -I/home/pei/Project/duckdb-polr/third_party/miniparquet -I/home/pei/Project/duckdb-polr/third_party/concurrentqueue -I/home/pei/Project/duckdb-polr/third_party/pcg -I/home/pei/Project/duckdb-polr/third_party/tdigest -I/home/pei/Project/duckdb-polr/third_party/mbedtls/include -I/home/pei/Project/duckdb-polr/third_party/jaro_winkler -O3 -DNDEBUG -O3 -DNDEBUG   -fPIC -fvisibility=hidden -fdiagnostics-color=always -std=c++11 -MD -MT third_party/mbedtls/CMakeFiles/duckdb_mbedtls.dir/library/pk.cpp.o -MF third_party/mbedtls/CMakeFiles/duckdb_mbedtls.dir/library/pk.cpp.o.d -o third_party/mbedtls/CMakeFiles/duckdb_mbedtls.dir/library/pk.cpp.o -c /home/pei/Project/duckdb-polr/third_party/mbedtls/library/pk.cpp
[348/376] : && /usr/bin/cmake -E rm -f third_party/re2/libduckdb_re2.a && /usr/bin/ar qc third_party/re2/libduckdb_re2.a  third_party/re2/CMakeFiles/duckdb_re2.dir/re2/bitstate.cc.o third_party/re2/CMakeFiles/duckdb_re2.dir/re2/compile.cc.o third_party/re2/CMakeFiles/duckdb_re2.dir/re2/dfa.cc.o third_party/re2/CMakeFiles/duckdb_re2.dir/re2/filtered_re2.cc.o third_party/re2/CMakeFiles/duckdb_re2.dir/re2/mimics_pcre.cc.o third_party/re2/CMakeFiles/duckdb_re2.dir/re2/nfa.cc.o third_party/re2/CMakeFiles/duckdb_re2.dir/re2/onepass.cc.o third_party/re2/CMakeFiles/duckdb_re2.dir/re2/parse.cc.o third_party/re2/CMakeFiles/duckdb_re2.dir/re2/perl_groups.cc.o third_party/re2/CMakeFiles/duckdb_re2.dir/re2/prefilter.cc.o third_party/re2/CMakeFiles/duckdb_re2.dir/re2/prefilter_tree.cc.o third_party/re2/CMakeFiles/duckdb_re2.dir/re2/prog.cc.o third_party/re2/CMakeFiles/duckdb_re2.dir/re2/re2.cc.o third_party/re2/CMakeFiles/duckdb_re2.dir/re2/regexp.cc.o third_party/re2/CMakeFiles/duckdb_re2.dir/re2/set.cc.o third_party/re2/CMakeFiles/duckdb_re2.dir/re2/simplify.cc.o third_party/re2/CMakeFiles/duckdb_re2.dir/re2/stringpiece.cc.o third_party/re2/CMakeFiles/duckdb_re2.dir/re2/tostring.cc.o third_party/re2/CMakeFiles/duckdb_re2.dir/re2/unicode_casefold.cc.o third_party/re2/CMakeFiles/duckdb_re2.dir/re2/unicode_groups.cc.o third_party/re2/CMakeFiles/duckdb_re2.dir/util/rune.cc.o third_party/re2/CMakeFiles/duckdb_re2.dir/util/strutil.cc.o && /usr/bin/ranlib third_party/re2/libduckdb_re2.a && :
[349/376] /usr/bin/ccache /usr/lib/ccache/c++ -DDUCKDB_BUILD_LIBRARY -DENABLE_CROSS_PRODUCT_REWRITE=0 -DENABLE_DEBUG_PRINT=0 -DENABLE_MEASURE_EXE_TIME=0 -DENABLE_MERGE_BACK_PLAN=0 -DENABLE_PARALLEL_EXECUTION=0 -DENABLE_QUERY_SPLIT=1 -DENABLE_SPECIFY_EST_STAT=0 -I/home/pei/Project/duckdb-polr/src/include -I/home/pei/Project/duckdb-polr/third_party/fsst -I/home/pei/Project/duckdb-polr/third_party/fmt/include -I/home/pei/Project/duckdb-polr/third_party/hyperloglog -I/home/pei/Project/duckdb-polr/third_party/fastpforlib -I/home/pei/Project/duckdb-polr/third_party/fast_float -I/home/pei/Project/duckdb-polr/third_party/re2 -I/home/pei/Project/duckdb-polr/third_party/miniz -I/home/pei/Project/duckdb-polr/third_party/utf8proc/include -I/home/pei/Project/duckdb-polr/third_party/miniparquet -I/home/pei/Project/duckdb-polr/third_party/concurrentqueue -I/home/pei/Project/duckdb-polr/third_party/pcg -I/home/pei/Project/duckdb-polr/third_party/tdigest -I/home/pei/Project/duckdb-polr/third_party/mbedtls/include -I/home/pei/Project/duckdb-polr/third_party/jaro_winkler -O3 -DNDEBUG -O3 -DNDEBUG   -fPIC -fvisibility=hidden -fdiagnostics-color=always -std=c++11 -MD -MT third_party/mbedtls/CMakeFiles/duckdb_mbedtls.dir/library/platform_util.cpp.o -MF third_party/mbedtls/CMakeFiles/duckdb_mbedtls.dir/library/platform_util.cpp.o.d -o third_party/mbedtls/CMakeFiles/duckdb_mbedtls.dir/library/platform_util.cpp.o -c /home/pei/Project/duckdb-polr/third_party/mbedtls/library/platform_util.cpp
[350/376] : && /usr/bin/cmake -E rm -f third_party/fastpforlib/libduckdb_fastpforlib.a && /usr/bin/ar qc third_party/fastpforlib/libduckdb_fastpforlib.a  third_party/fastpforlib/CMakeFiles/duckdb_fastpforlib.dir/bitpacking.cpp.o && /usr/bin/ranlib third_party/fastpforlib/libduckdb_fastpforlib.a && :
[351/376] /usr/bin/ccache /usr/lib/ccache/c++ -DDUCKDB_BUILD_LIBRARY -DENABLE_CROSS_PRODUCT_REWRITE=0 -DENABLE_DEBUG_PRINT=0 -DENABLE_MEASURE_EXE_TIME=0 -DENABLE_MERGE_BACK_PLAN=0 -DENABLE_PARALLEL_EXECUTION=0 -DENABLE_QUERY_SPLIT=1 -DENABLE_SPECIFY_EST_STAT=0 -I/home/pei/Project/duckdb-polr/src/include -I/home/pei/Project/duckdb-polr/third_party/fsst -I/home/pei/Project/duckdb-polr/third_party/fmt/include -I/home/pei/Project/duckdb-polr/third_party/hyperloglog -I/home/pei/Project/duckdb-polr/third_party/fastpforlib -I/home/pei/Project/duckdb-polr/third_party/fast_float -I/home/pei/Project/duckdb-polr/third_party/re2 -I/home/pei/Project/duckdb-polr/third_party/miniz -I/home/pei/Project/duckdb-polr/third_party/utf8proc/include -I/home/pei/Project/duckdb-polr/third_party/miniparquet -I/home/pei/Project/duckdb-polr/third_party/concurrentqueue -I/home/pei/Project/duckdb-polr/third_party/pcg -I/home/pei/Project/duckdb-polr/third_party/tdigest -I/home/pei/Project/duckdb-polr/third_party/mbedtls/include -I/home/pei/Project/duckdb-polr/third_party/jaro_winkler -O3 -DNDEBUG -O3 -DNDEBUG   -fPIC -fvisibility=hidden -fdiagnostics-color=always -std=c++11 -MD -MT third_party/mbedtls/CMakeFiles/duckdb_mbedtls.dir/library/pk_wrap.cpp.o -MF third_party/mbedtls/CMakeFiles/duckdb_mbedtls.dir/library/pk_wrap.cpp.o.d -o third_party/mbedtls/CMakeFiles/duckdb_mbedtls.dir/library/pk_wrap.cpp.o -c /home/pei/Project/duckdb-polr/third_party/mbedtls/library/pk_wrap.cpp
[352/376] /usr/bin/ccache /usr/lib/ccache/c++ -DDUCKDB_BUILD_LIBRARY -DENABLE_CROSS_PRODUCT_REWRITE=0 -DENABLE_DEBUG_PRINT=0 -DENABLE_MEASURE_EXE_TIME=0 -DENABLE_MERGE_BACK_PLAN=0 -DENABLE_PARALLEL_EXECUTION=0 -DENABLE_QUERY_SPLIT=1 -DENABLE_SPECIFY_EST_STAT=0 -I/home/pei/Project/duckdb-polr/src/include -I/home/pei/Project/duckdb-polr/third_party/fsst -I/home/pei/Project/duckdb-polr/third_party/fmt/include -I/home/pei/Project/duckdb-polr/third_party/hyperloglog -I/home/pei/Project/duckdb-polr/third_party/fastpforlib -I/home/pei/Project/duckdb-polr/third_party/fast_float -I/home/pei/Project/duckdb-polr/third_party/re2 -I/home/pei/Project/duckdb-polr/third_party/miniz -I/home/pei/Project/duckdb-polr/third_party/utf8proc/include -I/home/pei/Project/duckdb-polr/third_party/miniparquet -I/home/pei/Project/duckdb-polr/third_party/concurrentqueue -I/home/pei/Project/duckdb-polr/third_party/pcg -I/home/pei/Project/duckdb-polr/third_party/tdigest -I/home/pei/Project/duckdb-polr/third_party/mbedtls/include -I/home/pei/Project/duckdb-polr/third_party/jaro_winkler -O3 -DNDEBUG -O3 -DNDEBUG   -fPIC -fvisibility=hidden -fdiagnostics-color=always -std=c++11 -MD -MT third_party/mbedtls/CMakeFiles/duckdb_mbedtls.dir/library/pkparse.cpp.o -MF third_party/mbedtls/CMakeFiles/duckdb_mbedtls.dir/library/pkparse.cpp.o.d -o third_party/mbedtls/CMakeFiles/duckdb_mbedtls.dir/library/pkparse.cpp.o -c /home/pei/Project/duckdb-polr/third_party/mbedtls/library/pkparse.cpp
[353/376] /usr/bin/ccache /usr/lib/ccache/c++ -DDUCKDB_BUILD_LIBRARY -DENABLE_CROSS_PRODUCT_REWRITE=0 -DENABLE_DEBUG_PRINT=0 -DENABLE_MEASURE_EXE_TIME=0 -DENABLE_MERGE_BACK_PLAN=0 -DENABLE_PARALLEL_EXECUTION=0 -DENABLE_QUERY_SPLIT=1 -DENABLE_SPECIFY_EST_STAT=0 -I/home/pei/Project/duckdb-polr/src/include -I/home/pei/Project/duckdb-polr/third_party/fsst -I/home/pei/Project/duckdb-polr/third_party/fmt/include -I/home/pei/Project/duckdb-polr/third_party/hyperloglog -I/home/pei/Project/duckdb-polr/third_party/fastpforlib -I/home/pei/Project/duckdb-polr/third_party/fast_float -I/home/pei/Project/duckdb-polr/third_party/re2 -I/home/pei/Project/duckdb-polr/third_party/miniz -I/home/pei/Project/duckdb-polr/third_party/utf8proc/include -I/home/pei/Project/duckdb-polr/third_party/miniparquet -I/home/pei/Project/duckdb-polr/third_party/concurrentqueue -I/home/pei/Project/duckdb-polr/third_party/pcg -I/home/pei/Project/duckdb-polr/third_party/tdigest -I/home/pei/Project/duckdb-polr/third_party/mbedtls/include -I/home/pei/Project/duckdb-polr/third_party/jaro_winkler -O3 -DNDEBUG -O3 -DNDEBUG   -fPIC -fvisibility=hidden -fdiagnostics-color=always -std=c++11 -MD -MT third_party/mbedtls/CMakeFiles/duckdb_mbedtls.dir/library/asn1parse.cpp.o -MF third_party/mbedtls/CMakeFiles/duckdb_mbedtls.dir/library/asn1parse.cpp.o.d -o third_party/mbedtls/CMakeFiles/duckdb_mbedtls.dir/library/asn1parse.cpp.o -c /home/pei/Project/duckdb-polr/third_party/mbedtls/library/asn1parse.cpp
[354/376] /usr/bin/ccache /usr/lib/ccache/c++ -DDUCKDB_BUILD_LIBRARY -DENABLE_CROSS_PRODUCT_REWRITE=0 -DENABLE_DEBUG_PRINT=0 -DENABLE_MEASURE_EXE_TIME=0 -DENABLE_MERGE_BACK_PLAN=0 -DENABLE_PARALLEL_EXECUTION=0 -DENABLE_QUERY_SPLIT=1 -DENABLE_SPECIFY_EST_STAT=0 -I/home/pei/Project/duckdb-polr/src/include -I/home/pei/Project/duckdb-polr/third_party/fsst -I/home/pei/Project/duckdb-polr/third_party/fmt/include -I/home/pei/Project/duckdb-polr/third_party/hyperloglog -I/home/pei/Project/duckdb-polr/third_party/fastpforlib -I/home/pei/Project/duckdb-polr/third_party/fast_float -I/home/pei/Project/duckdb-polr/third_party/re2 -I/home/pei/Project/duckdb-polr/third_party/miniz -I/home/pei/Project/duckdb-polr/third_party/utf8proc/include -I/home/pei/Project/duckdb-polr/third_party/miniparquet -I/home/pei/Project/duckdb-polr/third_party/concurrentqueue -I/home/pei/Project/duckdb-polr/third_party/pcg -I/home/pei/Project/duckdb-polr/third_party/tdigest -I/home/pei/Project/duckdb-polr/third_party/mbedtls/include -I/home/pei/Project/duckdb-polr/third_party/jaro_winkler -O3 -DNDEBUG -O3 -DNDEBUG   -fPIC -fvisibility=hidden -fdiagnostics-color=always -std=c++11 -MD -MT third_party/mbedtls/CMakeFiles/duckdb_mbedtls.dir/library/pem.cpp.o -MF third_party/mbedtls/CMakeFiles/duckdb_mbedtls.dir/library/pem.cpp.o.d -o third_party/mbedtls/CMakeFiles/duckdb_mbedtls.dir/library/pem.cpp.o -c /home/pei/Project/duckdb-polr/third_party/mbedtls/library/pem.cpp
[355/376] /usr/bin/ccache /usr/lib/ccache/c++ -DDUCKDB_BUILD_LIBRARY -DENABLE_CROSS_PRODUCT_REWRITE=0 -DENABLE_DEBUG_PRINT=0 -DENABLE_MEASURE_EXE_TIME=0 -DENABLE_MERGE_BACK_PLAN=0 -DENABLE_PARALLEL_EXECUTION=0 -DENABLE_QUERY_SPLIT=1 -DENABLE_SPECIFY_EST_STAT=0 -I/home/pei/Project/duckdb-polr/src/include -I/home/pei/Project/duckdb-polr/third_party/fsst -I/home/pei/Project/duckdb-polr/third_party/fmt/include -I/home/pei/Project/duckdb-polr/third_party/hyperloglog -I/home/pei/Project/duckdb-polr/third_party/fastpforlib -I/home/pei/Project/duckdb-polr/third_party/fast_float -I/home/pei/Project/duckdb-polr/third_party/re2 -I/home/pei/Project/duckdb-polr/third_party/miniz -I/home/pei/Project/duckdb-polr/third_party/utf8proc/include -I/home/pei/Project/duckdb-polr/third_party/miniparquet -I/home/pei/Project/duckdb-polr/third_party/concurrentqueue -I/home/pei/Project/duckdb-polr/third_party/pcg -I/home/pei/Project/duckdb-polr/third_party/tdigest -I/home/pei/Project/duckdb-polr/third_party/mbedtls/include -I/home/pei/Project/duckdb-polr/third_party/jaro_winkler -O3 -DNDEBUG -O3 -DNDEBUG   -fPIC -fdiagnostics-color=always -w -std=c++11 -MD -MT third_party/hyperloglog/CMakeFiles/duckdb_hyperloglog.dir/hyperloglog.cpp.o -MF third_party/hyperloglog/CMakeFiles/duckdb_hyperloglog.dir/hyperloglog.cpp.o.d -o third_party/hyperloglog/CMakeFiles/duckdb_hyperloglog.dir/hyperloglog.cpp.o -c /home/pei/Project/duckdb-polr/third_party/hyperloglog/hyperloglog.cpp
[356/376] : && /usr/bin/cmake -E rm -f third_party/mbedtls/libduckdb_mbedtls.a && /usr/bin/ar qc third_party/mbedtls/libduckdb_mbedtls.a  third_party/mbedtls/CMakeFiles/duckdb_mbedtls.dir/mbedtls_wrapper.cpp.o third_party/mbedtls/CMakeFiles/duckdb_mbedtls.dir/library/sha256.cpp.o third_party/mbedtls/CMakeFiles/duckdb_mbedtls.dir/library/rsa.cpp.o third_party/mbedtls/CMakeFiles/duckdb_mbedtls.dir/library/rsa_alt_helpers.cpp.o third_party/mbedtls/CMakeFiles/duckdb_mbedtls.dir/library/md.cpp.o third_party/mbedtls/CMakeFiles/duckdb_mbedtls.dir/library/bignum.cpp.o third_party/mbedtls/CMakeFiles/duckdb_mbedtls.dir/library/oid.cpp.o third_party/mbedtls/CMakeFiles/duckdb_mbedtls.dir/library/constant_time.cpp.o third_party/mbedtls/CMakeFiles/duckdb_mbedtls.dir/library/platform_util.cpp.o third_party/mbedtls/CMakeFiles/duckdb_mbedtls.dir/library/base64.cpp.o third_party/mbedtls/CMakeFiles/duckdb_mbedtls.dir/library/pkparse.cpp.o third_party/mbedtls/CMakeFiles/duckdb_mbedtls.dir/library/pk.cpp.o third_party/mbedtls/CMakeFiles/duckdb_mbedtls.dir/library/pk_wrap.cpp.o third_party/mbedtls/CMakeFiles/duckdb_mbedtls.dir/library/asn1parse.cpp.o third_party/mbedtls/CMakeFiles/duckdb_mbedtls.dir/library/pem.cpp.o && /usr/bin/ranlib third_party/mbedtls/libduckdb_mbedtls.a && :
[357/376] : && /usr/bin/cmake -E rm -f third_party/hyperloglog/libduckdb_hyperloglog.a && /usr/bin/ar qc third_party/hyperloglog/libduckdb_hyperloglog.a  third_party/hyperloglog/CMakeFiles/duckdb_hyperloglog.dir/hyperloglog.cpp.o third_party/hyperloglog/CMakeFiles/duckdb_hyperloglog.dir/sds.cpp.o && /usr/bin/ranlib third_party/hyperloglog/libduckdb_hyperloglog.a && :
[358/376] /usr/bin/ccache /usr/lib/ccache/c++ -DDUCKDB_BUILD_LIBRARY -DENABLE_CROSS_PRODUCT_REWRITE=0 -DENABLE_DEBUG_PRINT=0 -DENABLE_MEASURE_EXE_TIME=0 -DENABLE_MERGE_BACK_PLAN=0 -DENABLE_PARALLEL_EXECUTION=0 -DENABLE_QUERY_SPLIT=1 -DENABLE_SPECIFY_EST_STAT=0 -I/home/pei/Project/duckdb-polr/src/include -I/home/pei/Project/duckdb-polr/third_party/fsst -I/home/pei/Project/duckdb-polr/third_party/fmt/include -I/home/pei/Project/duckdb-polr/third_party/hyperloglog -I/home/pei/Project/duckdb-polr/third_party/fastpforlib -I/home/pei/Project/duckdb-polr/third_party/fast_float -I/home/pei/Project/duckdb-polr/third_party/re2 -I/home/pei/Project/duckdb-polr/third_party/miniz -I/home/pei/Project/duckdb-polr/third_party/utf8proc/include -I/home/pei/Project/duckdb-polr/third_party/miniparquet -I/home/pei/Project/duckdb-polr/third_party/concurrentqueue -I/home/pei/Project/duckdb-polr/third_party/pcg -I/home/pei/Project/duckdb-polr/third_party/tdigest -I/home/pei/Project/duckdb-polr/third_party/mbedtls/include -I/home/pei/Project/duckdb-polr/third_party/jaro_winkler -I/home/pei/Project/duckdb-polr/third_party/imdb/include -O3 -DNDEBUG -O3 -DNDEBUG   -fPIC -fdiagnostics-color=always -w -std=c++11 -MD -MT third_party/imdb/CMakeFiles/imdb.dir/imdb.cpp.o -MF third_party/imdb/CMakeFiles/imdb.dir/imdb.cpp.o.d -o third_party/imdb/CMakeFiles/imdb.dir/imdb.cpp.o -c /home/pei/Project/duckdb-polr/third_party/imdb/imdb.cpp
[359/376] /usr/bin/ccache /usr/lib/ccache/c++ -DDUCKDB_BUILD_LIBRARY -DENABLE_CROSS_PRODUCT_REWRITE=0 -DENABLE_DEBUG_PRINT=0 -DENABLE_MEASURE_EXE_TIME=0 -DENABLE_MERGE_BACK_PLAN=0 -DENABLE_PARALLEL_EXECUTION=0 -DENABLE_QUERY_SPLIT=1 -DENABLE_SPECIFY_EST_STAT=0 -I/home/pei/Project/duckdb-polr/src/include -I/home/pei/Project/duckdb-polr/third_party/fsst -I/home/pei/Project/duckdb-polr/third_party/fmt/include -I/home/pei/Project/duckdb-polr/third_party/hyperloglog -I/home/pei/Project/duckdb-polr/third_party/fastpforlib -I/home/pei/Project/duckdb-polr/third_party/fast_float -I/home/pei/Project/duckdb-polr/third_party/re2 -I/home/pei/Project/duckdb-polr/third_party/miniz -I/home/pei/Project/duckdb-polr/third_party/utf8proc/include -I/home/pei/Project/duckdb-polr/third_party/miniparquet -I/home/pei/Project/duckdb-polr/third_party/concurrentqueue -I/home/pei/Project/duckdb-polr/third_party/pcg -I/home/pei/Project/duckdb-polr/third_party/tdigest -I/home/pei/Project/duckdb-polr/third_party/mbedtls/include -I/home/pei/Project/duckdb-polr/third_party/jaro_winkler -O3 -DNDEBUG -O3 -DNDEBUG   -fPIC -fvisibility=hidden -fdiagnostics-color=always -w -std=c++11 -MD -MT third_party/fsst/CMakeFiles/duckdb_fsst.dir/libfsst.cpp.o -MF third_party/fsst/CMakeFiles/duckdb_fsst.dir/libfsst.cpp.o.d -o third_party/fsst/CMakeFiles/duckdb_fsst.dir/libfsst.cpp.o -c /home/pei/Project/duckdb-polr/third_party/fsst/libfsst.cpp
[360/376] : && /usr/bin/cmake -E rm -f third_party/imdb/libimdb.a && /usr/bin/ar qc third_party/imdb/libimdb.a  third_party/imdb/CMakeFiles/imdb.dir/imdb.cpp.o && /usr/bin/ranlib third_party/imdb/libimdb.a && :
[361/376] /usr/bin/ccache /usr/lib/ccache/c++ -DDUCKDB_BUILD_LIBRARY -DENABLE_CROSS_PRODUCT_REWRITE=0 -DENABLE_DEBUG_PRINT=0 -DENABLE_MEASURE_EXE_TIME=0 -DENABLE_MERGE_BACK_PLAN=0 -DENABLE_PARALLEL_EXECUTION=0 -DENABLE_QUERY_SPLIT=1 -DENABLE_SPECIFY_EST_STAT=0 -I/home/pei/Project/duckdb-polr/src/include -I/home/pei/Project/duckdb-polr/third_party/fsst -I/home/pei/Project/duckdb-polr/third_party/fmt/include -I/home/pei/Project/duckdb-polr/third_party/hyperloglog -I/home/pei/Project/duckdb-polr/third_party/fastpforlib -I/home/pei/Project/duckdb-polr/third_party/fast_float -I/home/pei/Project/duckdb-polr/third_party/re2 -I/home/pei/Project/duckdb-polr/third_party/miniz -I/home/pei/Project/duckdb-polr/third_party/utf8proc/include -I/home/pei/Project/duckdb-polr/third_party/miniparquet -I/home/pei/Project/duckdb-polr/third_party/concurrentqueue -I/home/pei/Project/duckdb-polr/third_party/pcg -I/home/pei/Project/duckdb-polr/third_party/tdigest -I/home/pei/Project/duckdb-polr/third_party/mbedtls/include -I/home/pei/Project/duckdb-polr/third_party/jaro_winkler -O3 -DNDEBUG -O3 -DNDEBUG   -fPIC -fvisibility=hidden -fdiagnostics-color=always -w -std=c++11 -O1 -MD -MT third_party/fsst/CMakeFiles/duckdb_fsst.dir/fsst_avx512.cpp.o -MF third_party/fsst/CMakeFiles/duckdb_fsst.dir/fsst_avx512.cpp.o.d -o third_party/fsst/CMakeFiles/duckdb_fsst.dir/fsst_avx512.cpp.o -c /home/pei/Project/duckdb-polr/third_party/fsst/fsst_avx512.cpp
[362/376] : && /usr/bin/cmake -E rm -f third_party/fsst/libduckdb_fsst.a && /usr/bin/ar qc third_party/fsst/libduckdb_fsst.a  third_party/fsst/CMakeFiles/duckdb_fsst.dir/libfsst.cpp.o third_party/fsst/CMakeFiles/duckdb_fsst.dir/fsst_avx512.cpp.o && /usr/bin/ranlib third_party/fsst/libduckdb_fsst.a && :
[363/376] /usr/bin/ccache /usr/lib/ccache/cc -DDUCKDB_BUILD_LIBRARY -DENABLE_CROSS_PRODUCT_REWRITE=0 -DENABLE_DEBUG_PRINT=0 -DENABLE_MEASURE_EXE_TIME=0 -DENABLE_MERGE_BACK_PLAN=0 -DENABLE_PARALLEL_EXECUTION=0 -DENABLE_QUERY_SPLIT=1 -DENABLE_SPECIFY_EST_STAT=0 -I/home/pei/Project/duckdb-polr/src/include -I/home/pei/Project/duckdb-polr/third_party/fsst -I/home/pei/Project/duckdb-polr/third_party/fmt/include -I/home/pei/Project/duckdb-polr/third_party/hyperloglog -I/home/pei/Project/duckdb-polr/third_party/fastpforlib -I/home/pei/Project/duckdb-polr/third_party/fast_float -I/home/pei/Project/duckdb-polr/third_party/re2 -I/home/pei/Project/duckdb-polr/third_party/miniz -I/home/pei/Project/duckdb-polr/third_party/utf8proc/include -I/home/pei/Project/duckdb-polr/third_party/miniparquet -I/home/pei/Project/duckdb-polr/third_party/concurrentqueue -I/home/pei/Project/duckdb-polr/third_party/pcg -I/home/pei/Project/duckdb-polr/third_party/tdigest -I/home/pei/Project/duckdb-polr/third_party/mbedtls/include -I/home/pei/Project/duckdb-polr/third_party/jaro_winkler -I/home/pei/Project/duckdb-polr/third_party/sqlite/include -O3 -DNDEBUG -O3 -DNDEBUG   -fPIC -fvisibility=hidden -fdiagnostics-color=always -MD -MT third_party/sqlite/CMakeFiles/duckdb_sqlite3.dir/sqlite3.c.o -MF third_party/sqlite/CMakeFiles/duckdb_sqlite3.dir/sqlite3.c.o.d -o third_party/sqlite/CMakeFiles/duckdb_sqlite3.dir/sqlite3.c.o -c /home/pei/Project/duckdb-polr/third_party/sqlite/sqlite3.c
[364/376] : && /usr/bin/cmake -E rm -f third_party/sqlite/libduckdb_sqlite3.a && /usr/bin/ar qc third_party/sqlite/libduckdb_sqlite3.a  third_party/sqlite/CMakeFiles/duckdb_sqlite3.dir/sqlite3.c.o && /usr/bin/ranlib third_party/sqlite/libduckdb_sqlite3.a && :
[365/376] /usr/bin/ccache /usr/lib/ccache/c++ -DDUCKDB_BUILD_LIBRARY -DENABLE_CROSS_PRODUCT_REWRITE=0 -DENABLE_DEBUG_PRINT=0 -DENABLE_MEASURE_EXE_TIME=0 -DENABLE_MERGE_BACK_PLAN=0 -DENABLE_PARALLEL_EXECUTION=0 -DENABLE_QUERY_SPLIT=1 -DENABLE_SPECIFY_EST_STAT=0 -I/home/pei/Project/duckdb-polr/src/include -I/home/pei/Project/duckdb-polr/third_party/fsst -I/home/pei/Project/duckdb-polr/third_party/fmt/include -I/home/pei/Project/duckdb-polr/third_party/hyperloglog -I/home/pei/Project/duckdb-polr/third_party/fastpforlib -I/home/pei/Project/duckdb-polr/third_party/fast_float -I/home/pei/Project/duckdb-polr/third_party/re2 -I/home/pei/Project/duckdb-polr/third_party/miniz -I/home/pei/Project/duckdb-polr/third_party/utf8proc/include -I/home/pei/Project/duckdb-polr/third_party/miniparquet -I/home/pei/Project/duckdb-polr/third_party/concurrentqueue -I/home/pei/Project/duckdb-polr/third_party/pcg -I/home/pei/Project/duckdb-polr/third_party/tdigest -I/home/pei/Project/duckdb-polr/third_party/mbedtls/include -I/home/pei/Project/duckdb-polr/third_party/jaro_winkler -O3 -DNDEBUG -O3 -DNDEBUG   -fPIC -fdiagnostics-color=always -std=c++11 -MD -MT third_party/utf8proc/CMakeFiles/duckdb_utf8proc.dir/utf8proc.cpp.o -MF third_party/utf8proc/CMakeFiles/duckdb_utf8proc.dir/utf8proc.cpp.o.d -o third_party/utf8proc/CMakeFiles/duckdb_utf8proc.dir/utf8proc.cpp.o -c /home/pei/Project/duckdb-polr/third_party/utf8proc/utf8proc.cpp
[366/376] : && /usr/bin/cmake -E rm -f third_party/utf8proc/libduckdb_utf8proc.a && /usr/bin/ar qc third_party/utf8proc/libduckdb_utf8proc.a  third_party/utf8proc/CMakeFiles/duckdb_utf8proc.dir/utf8proc.cpp.o third_party/utf8proc/CMakeFiles/duckdb_utf8proc.dir/utf8proc_wrapper.cpp.o && /usr/bin/ranlib third_party/utf8proc/libduckdb_utf8proc.a && :
[367/376] /usr/bin/ccache /usr/lib/ccache/c++ -DBUILD_JEMALLOC_EXTENSION=ON -DDUCKDB -DDUCKDB_BUILD_LIBRARY -DDUCKDB_MAIN_LIBRARY -DENABLE_CROSS_PRODUCT_REWRITE=0 -DENABLE_DEBUG_PRINT=0 -DENABLE_MEASURE_EXE_TIME=0 -DENABLE_MERGE_BACK_PLAN=0 -DENABLE_PARALLEL_EXECUTION=0 -DENABLE_QUERY_SPLIT=1 -DENABLE_SPECIFY_EST_STAT=0 -I/home/pei/Project/duckdb-polr/src/include -I/home/pei/Project/duckdb-polr/third_party/fsst -I/home/pei/Project/duckdb-polr/third_party/fmt/include -I/home/pei/Project/duckdb-polr/third_party/hyperloglog -I/home/pei/Project/duckdb-polr/third_party/fastpforlib -I/home/pei/Project/duckdb-polr/third_party/fast_float -I/home/pei/Project/duckdb-polr/third_party/re2 -I/home/pei/Project/duckdb-polr/third_party/miniz -I/home/pei/Project/duckdb-polr/third_party/utf8proc/include -I/home/pei/Project/duckdb-polr/third_party/miniparquet -I/home/pei/Project/duckdb-polr/third_party/concurrentqueue -I/home/pei/Project/duckdb-polr/third_party/pcg -I/home/pei/Project/duckdb-polr/third_party/tdigest -I/home/pei/Project/duckdb-polr/third_party/mbedtls/include -I/home/pei/Project/duckdb-polr/third_party/jaro_winkler -I/home/pei/Project/duckdb-polr/extension/jemalloc/include -O3 -DNDEBUG -O3 -DNDEBUG   -fPIC -fdiagnostics-color=always -std=c++11 -MD -MT src/common/CMakeFiles/duckdb_common.dir/ub_duckdb_common.cpp.o -MF src/common/CMakeFiles/duckdb_common.dir/ub_duckdb_common.cpp.o.d -o src/common/CMakeFiles/duckdb_common.dir/ub_duckdb_common.cpp.o -c /home/pei/Project/duckdb-polr/build/release/src/common/ub_duckdb_common.cpp
[368/376] : && /usr/bin/cmake -E rm -f src/libduckdb_static.a && /usr/bin/ar qc src/libduckdb_static.a  src/optimizer/matcher/CMakeFiles/duckdb_optimizer_matcher.dir/ub_duckdb_optimizer_matcher.cpp.o src/optimizer/join_order/CMakeFiles/duckdb_optimizer_join_order.dir/ub_duckdb_optimizer_join_order.cpp.o src/optimizer/pushdown/CMakeFiles/duckdb_optimizer_pushdown.dir/ub_duckdb_optimizer_pushdown.cpp.o src/optimizer/pullup/CMakeFiles/duckdb_optimizer_pullup.dir/ub_duckdb_optimizer_pullup.cpp.o src/optimizer/rule/CMakeFiles/duckdb_optimizer_rules.dir/ub_duckdb_optimizer_rules.cpp.o src/optimizer/statistics/expression/CMakeFiles/duckdb_optimizer_statistics_expr.dir/ub_duckdb_optimizer_statistics_expr.cpp.o src/optimizer/statistics/operator/CMakeFiles/duckdb_optimizer_statistics_op.dir/ub_duckdb_optimizer_statistics_op.cpp.o src/optimizer/query_split/CMakeFiles/duckdb_optimizer_query_split.dir/ub_duckdb_optimizer_query_split.cpp.o src/optimizer/CMakeFiles/duckdb_optimizer.dir/ub_duckdb_optimizer.cpp.o src/planner/expression/CMakeFiles/duckdb_planner_expression.dir/ub_duckdb_planner_expression.cpp.o src/planner/binder/expression/CMakeFiles/duckdb_bind_expression.dir/ub_duckdb_bind_expression.cpp.o src/planner/binder/query_node/CMakeFiles/duckdb_bind_query_node.dir/ub_duckdb_bind_query_node.cpp.o src/planner/binder/statement/CMakeFiles/duckdb_bind_statement.dir/ub_duckdb_bind_statement.cpp.o src/planner/binder/tableref/CMakeFiles/duckdb_bind_tableref.dir/ub_duckdb_bind_tableref.cpp.o src/planner/expression_binder/CMakeFiles/duckdb_expression_binders.dir/ub_duckdb_expression_binders.cpp.o src/planner/filter/CMakeFiles/duckdb_planner_filter.dir/ub_duckdb_planner_filter.cpp.o src/planner/parsed_data/CMakeFiles/duckdb_planner_parsed_data.dir/ub_duckdb_planner_parsed_data.cpp.o src/planner/operator/CMakeFiles/duckdb_planner_operator.dir/ub_duckdb_planner_operator.cpp.o src/planner/subquery/CMakeFiles/duckdb_planner_subquery.dir/ub_duckdb_planner_subquery.cpp.o src/planner/CMakeFiles/duckdb_planner.dir/ub_duckdb_planner.cpp.o src/parser/constraints/CMakeFiles/duckdb_constraints.dir/ub_duckdb_constraints.cpp.o src/parser/expression/CMakeFiles/duckdb_expression.dir/ub_duckdb_expression.cpp.o src/parser/parsed_data/CMakeFiles/duckdb_parsed_data.dir/ub_duckdb_parsed_data.cpp.o src/parser/query_node/CMakeFiles/duckdb_query_node.dir/ub_duckdb_query_node.cpp.o src/parser/statement/CMakeFiles/duckdb_statement.dir/ub_duckdb_statement.cpp.o src/parser/tableref/CMakeFiles/duckdb_parser_tableref.dir/ub_duckdb_parser_tableref.cpp.o src/parser/transform/constraint/CMakeFiles/duckdb_transformer_constraint.dir/ub_duckdb_transformer_constraint.cpp.o src/parser/transform/expression/CMakeFiles/duckdb_transformer_expression.dir/ub_duckdb_transformer_expression.cpp.o src/parser/transform/helpers/CMakeFiles/duckdb_transformer_helpers.dir/ub_duckdb_transformer_helpers.cpp.o src/parser/transform/statement/CMakeFiles/duckdb_transformer_statement.dir/ub_duckdb_transformer_statement.cpp.o src/parser/transform/tableref/CMakeFiles/duckdb_transformer_tableref.dir/ub_duckdb_transformer_tableref.cpp.o src/parser/CMakeFiles/duckdb_parser.dir/ub_duckdb_parser.cpp.o src/function/aggregate/algebraic/CMakeFiles/duckdb_aggr_algebraic.dir/ub_duckdb_aggr_algebraic.cpp.o src/function/aggregate/distributive/CMakeFiles/duckdb_aggr_distr.dir/ub_duckdb_aggr_distr.cpp.o src/function/aggregate/holistic/CMakeFiles/duckdb_aggr_holistic.dir/ub_duckdb_aggr_holistic.cpp.o src/function/aggregate/nested/CMakeFiles/duckdb_aggr_nested.dir/ub_duckdb_aggr_nested.cpp.o src/function/aggregate/regression/CMakeFiles/duckdb_aggr_regr.dir/ub_duckdb_aggr_regr.cpp.o src/function/aggregate/CMakeFiles/duckdb_func_aggr.dir/ub_duckdb_func_aggr.cpp.o src/function/cast/CMakeFiles/duckdb_func_cast.dir/ub_duckdb_func_cast.cpp.o src/function/pragma/CMakeFiles/duckdb_func_pragma.dir/ub_duckdb_func_pragma.cpp.o src/function/scalar/blob/CMakeFiles/duckdb_func_blob.dir/ub_duckdb_func_blob.cpp.o src/function/scalar/date/CMakeFiles/duckdb_func_date.dir/ub_duckdb_func_date.cpp.o src/function/scalar/generic/CMakeFiles/duckdb_func_generic.dir/ub_duckdb_func_generic.cpp.o src/function/scalar/list/CMakeFiles/duckdb_func_list.dir/ub_duckdb_func_list.cpp.o src/function/scalar/map/CMakeFiles/duckdb_func_map_nested.dir/ub_duckdb_func_map_nested.cpp.o src/function/scalar/math/CMakeFiles/duckdb_func_math.dir/ub_duckdb_func_math.cpp.o src/function/scalar/operators/CMakeFiles/duckdb_func_ops.dir/ub_duckdb_func_ops.cpp.o src/function/scalar/sequence/CMakeFiles/duckdb_func_seq.dir/ub_duckdb_func_seq.cpp.o src/function/scalar/string/CMakeFiles/duckdb_func_string.dir/ub_duckdb_func_string.cpp.o src/function/scalar/struct/CMakeFiles/duckdb_func_struct.dir/ub_duckdb_func_struct.cpp.o src/function/scalar/system/CMakeFiles/duckdb_func_system.dir/ub_duckdb_func_system.cpp.o src/function/scalar/union/CMakeFiles/duckdb_func_union.dir/ub_duckdb_func_union.cpp.o src/function/scalar/enum/CMakeFiles/duckdb_func_enum.dir/ub_duckdb_func_enum.cpp.o src/function/scalar/CMakeFiles/duckdb_func_scalar.dir/ub_duckdb_func_scalar.cpp.o src/function/table/system/CMakeFiles/duckdb_table_func_system.dir/ub_duckdb_table_func_system.cpp.o src/function/table/version/CMakeFiles/duckdb_func_table_version.dir/ub_duckdb_func_table_version.cpp.o src/function/table/CMakeFiles/duckdb_func_table.dir/ub_duckdb_func_table.cpp.o src/function/CMakeFiles/duckdb_function.dir/ub_duckdb_function.cpp.o src/catalog/catalog_entry/CMakeFiles/duckdb_catalog_entries.dir/ub_duckdb_catalog_entries.cpp.o src/catalog/default/CMakeFiles/duckdb_catalog_default_entries.dir/ub_duckdb_catalog_default_entries.cpp.o src/catalog/CMakeFiles/duckdb_catalog.dir/ub_duckdb_catalog.cpp.o src/common/arrow/CMakeFiles/duckdb_common_arrow.dir/ub_duckdb_common_arrow.cpp.o src/common/crypto/CMakeFiles/duckdb_common_crypto.dir/ub_duckdb_common_crypto.cpp.o src/common/enums/CMakeFiles/duckdb_common_enums.dir/ub_duckdb_common_enums.cpp.o src/common/operator/CMakeFiles/duckdb_common_operators.dir/ub_duckdb_common_operators.cpp.o src/common/progress_bar/CMakeFiles/duckdb_progress_bar.dir/ub_duckdb_progress_bar.cpp.o src/common/row_operations/CMakeFiles/duckdb_row_operations.dir/ub_duckdb_row_operations.cpp.o src/common/serializer/CMakeFiles/duckdb_common_serializer.dir/ub_duckdb_common_serializer.cpp.o src/common/sort/CMakeFiles/duckdb_sort.dir/ub_duckdb_sort.cpp.o src/common/types/CMakeFiles/duckdb_common_types.dir/ub_duckdb_common_types.cpp.o src/common/value_operations/CMakeFiles/duckdb_value_operations.dir/ub_duckdb_value_operations.cpp.o src/common/vector_operations/CMakeFiles/duckdb_vector_operations.dir/boolean_operators.cpp.o src/common/vector_operations/CMakeFiles/duckdb_vector_operations.dir/vector_cast.cpp.o src/common/vector_operations/CMakeFiles/duckdb_vector_operations.dir/comparison_operators.cpp.o src/common/vector_operations/CMakeFiles/duckdb_vector_operations.dir/vector_copy.cpp.o src/common/vector_operations/CMakeFiles/duckdb_vector_operations.dir/generators.cpp.o src/common/vector_operations/CMakeFiles/duckdb_vector_operations.dir/vector_hash.cpp.o src/common/vector_operations/CMakeFiles/duckdb_vector_operations.dir/vector_storage.cpp.o src/common/vector_operations/CMakeFiles/duckdb_vector_operations.dir/null_operations.cpp.o src/common/vector_operations/CMakeFiles/duckdb_vector_operations.dir/numeric_inplace_operators.cpp.o src/common/vector_operations/CMakeFiles/duckdb_vector_operations.dir/is_distinct_from.cpp.o src/common/CMakeFiles/duckdb_common.dir/ub_duckdb_common.cpp.o src/execution/expression_executor/CMakeFiles/duckdb_expression_executor.dir/ub_duckdb_expression_executor.cpp.o src/execution/nested_loop_join/CMakeFiles/duckdb_nested_loop_join.dir/ub_duckdb_nested_loop_join.cpp.o src/execution/operator/aggregate/CMakeFiles/duckdb_operator_aggregate.dir/ub_duckdb_operator_aggregate.cpp.o src/execution/operator/filter/CMakeFiles/duckdb_operator_filter.dir/ub_duckdb_operator_filter.cpp.o src/execution/operator/helper/CMakeFiles/duckdb_operator_helper.dir/ub_duckdb_operator_helper.cpp.o src/execution/operator/join/CMakeFiles/duckdb_operator_join.dir/ub_duckdb_operator_join.cpp.o src/execution/operator/order/CMakeFiles/duckdb_operator_order.dir/ub_duckdb_operator_order.cpp.o src/execution/operator/persistent/CMakeFiles/duckdb_operator_persistent.dir/ub_duckdb_operator_persistent.cpp.o src/execution/operator/projection/CMakeFiles/duckdb_operator_projection.dir/ub_duckdb_operator_projection.cpp.o src/execution/operator/scan/CMakeFiles/duckdb_operator_scan.dir/ub_duckdb_operator_scan.cpp.o src/execution/operator/schema/CMakeFiles/duckdb_operator_schema.dir/ub_duckdb_operator_schema.cpp.o src/execution/operator/set/CMakeFiles/duckdb_operator_set.dir/ub_duckdb_operator_set.cpp.o src/execution/physical_plan/CMakeFiles/duckdb_physical_plan.dir/ub_duckdb_physical_plan.cpp.o src/execution/index/art/CMakeFiles/duckdb_art_index_execution.dir/ub_duckdb_art_index_execution.cpp.o src/execution/CMakeFiles/duckdb_execution.dir/ub_duckdb_execution.cpp.o src/main/capi/cast/CMakeFiles/duckdb_main_capi_cast.dir/ub_duckdb_main_capi_cast.cpp.o src/main/capi/CMakeFiles/duckdb_main_capi.dir/ub_duckdb_main_capi.cpp.o src/main/extension/CMakeFiles/duckdb_main_extension.dir/ub_duckdb_main_extension.cpp.o src/main/relation/CMakeFiles/duckdb_main_relation.dir/ub_duckdb_main_relation.cpp.o src/main/settings/CMakeFiles/duckdb_main_settings.dir/ub_duckdb_main_settings.cpp.o src/main/CMakeFiles/duckdb_main.dir/ub_duckdb_main.cpp.o src/parallel/CMakeFiles/duckdb_parallel.dir/ub_duckdb_parallel.cpp.o src/storage/buffer/CMakeFiles/duckdb_storage_buffer.dir/ub_duckdb_storage_buffer.cpp.o src/storage/checkpoint/CMakeFiles/duckdb_storage_checkpoint.dir/ub_duckdb_storage_checkpoint.cpp.o src/storage/compression/chimp/CMakeFiles/duckdb_storage_compression_chimp.dir/ub_duckdb_storage_compression_chimp.cpp.o src/storage/compression/CMakeFiles/duckdb_storage_compression.dir/ub_duckdb_storage_compression.cpp.o src/storage/statistics/CMakeFiles/duckdb_storage_statistics.dir/ub_duckdb_storage_statistics.cpp.o src/storage/table/CMakeFiles/duckdb_storage_table.dir/ub_duckdb_storage_table.cpp.o src/storage/CMakeFiles/duckdb_storage.dir/ub_duckdb_storage.cpp.o src/transaction/CMakeFiles/duckdb_transaction.dir/ub_duckdb_transaction.cpp.o src/verification/CMakeFiles/duckdb_verification.dir/copied_statement_verifier.cpp.o src/verification/CMakeFiles/duckdb_verification.dir/external_statement_verifier.cpp.o src/verification/CMakeFiles/duckdb_verification.dir/prepared_statement_verifier.cpp.o src/verification/CMakeFiles/duckdb_verification.dir/deserialized_statement_verifier.cpp.o src/verification/CMakeFiles/duckdb_verification.dir/statement_verifier.cpp.o src/verification/CMakeFiles/duckdb_verification.dir/parsed_statement_verifier.cpp.o src/verification/CMakeFiles/duckdb_verification.dir/unoptimized_statement_verifier.cpp.o && /usr/bin/ranlib src/libduckdb_static.a && :
[369/376] : && /usr/lib/ccache/c++ -fPIC -O3 -DNDEBUG -O3 -DNDEBUG   -shared -Wl,-soname,libduckdb.so -o src/libduckdb.so src/optimizer/matcher/CMakeFiles/duckdb_optimizer_matcher.dir/ub_duckdb_optimizer_matcher.cpp.o src/optimizer/join_order/CMakeFiles/duckdb_optimizer_join_order.dir/ub_duckdb_optimizer_join_order.cpp.o src/optimizer/pushdown/CMakeFiles/duckdb_optimizer_pushdown.dir/ub_duckdb_optimizer_pushdown.cpp.o src/optimizer/pullup/CMakeFiles/duckdb_optimizer_pullup.dir/ub_duckdb_optimizer_pullup.cpp.o src/optimizer/rule/CMakeFiles/duckdb_optimizer_rules.dir/ub_duckdb_optimizer_rules.cpp.o src/optimizer/statistics/expression/CMakeFiles/duckdb_optimizer_statistics_expr.dir/ub_duckdb_optimizer_statistics_expr.cpp.o src/optimizer/statistics/operator/CMakeFiles/duckdb_optimizer_statistics_op.dir/ub_duckdb_optimizer_statistics_op.cpp.o src/optimizer/query_split/CMakeFiles/duckdb_optimizer_query_split.dir/ub_duckdb_optimizer_query_split.cpp.o src/optimizer/CMakeFiles/duckdb_optimizer.dir/ub_duckdb_optimizer.cpp.o src/planner/expression/CMakeFiles/duckdb_planner_expression.dir/ub_duckdb_planner_expression.cpp.o src/planner/binder/expression/CMakeFiles/duckdb_bind_expression.dir/ub_duckdb_bind_expression.cpp.o src/planner/binder/query_node/CMakeFiles/duckdb_bind_query_node.dir/ub_duckdb_bind_query_node.cpp.o src/planner/binder/statement/CMakeFiles/duckdb_bind_statement.dir/ub_duckdb_bind_statement.cpp.o src/planner/binder/tableref/CMakeFiles/duckdb_bind_tableref.dir/ub_duckdb_bind_tableref.cpp.o src/planner/expression_binder/CMakeFiles/duckdb_expression_binders.dir/ub_duckdb_expression_binders.cpp.o src/planner/filter/CMakeFiles/duckdb_planner_filter.dir/ub_duckdb_planner_filter.cpp.o src/planner/parsed_data/CMakeFiles/duckdb_planner_parsed_data.dir/ub_duckdb_planner_parsed_data.cpp.o src/planner/operator/CMakeFiles/duckdb_planner_operator.dir/ub_duckdb_planner_operator.cpp.o src/planner/subquery/CMakeFiles/duckdb_planner_subquery.dir/ub_duckdb_planner_subquery.cpp.o src/planner/CMakeFiles/duckdb_planner.dir/ub_duckdb_planner.cpp.o src/parser/constraints/CMakeFiles/duckdb_constraints.dir/ub_duckdb_constraints.cpp.o src/parser/expression/CMakeFiles/duckdb_expression.dir/ub_duckdb_expression.cpp.o src/parser/parsed_data/CMakeFiles/duckdb_parsed_data.dir/ub_duckdb_parsed_data.cpp.o src/parser/query_node/CMakeFiles/duckdb_query_node.dir/ub_duckdb_query_node.cpp.o src/parser/statement/CMakeFiles/duckdb_statement.dir/ub_duckdb_statement.cpp.o src/parser/tableref/CMakeFiles/duckdb_parser_tableref.dir/ub_duckdb_parser_tableref.cpp.o src/parser/transform/constraint/CMakeFiles/duckdb_transformer_constraint.dir/ub_duckdb_transformer_constraint.cpp.o src/parser/transform/expression/CMakeFiles/duckdb_transformer_expression.dir/ub_duckdb_transformer_expression.cpp.o src/parser/transform/helpers/CMakeFiles/duckdb_transformer_helpers.dir/ub_duckdb_transformer_helpers.cpp.o src/parser/transform/statement/CMakeFiles/duckdb_transformer_statement.dir/ub_duckdb_transformer_statement.cpp.o src/parser/transform/tableref/CMakeFiles/duckdb_transformer_tableref.dir/ub_duckdb_transformer_tableref.cpp.o src/parser/CMakeFiles/duckdb_parser.dir/ub_duckdb_parser.cpp.o src/function/aggregate/algebraic/CMakeFiles/duckdb_aggr_algebraic.dir/ub_duckdb_aggr_algebraic.cpp.o src/function/aggregate/distributive/CMakeFiles/duckdb_aggr_distr.dir/ub_duckdb_aggr_distr.cpp.o src/function/aggregate/holistic/CMakeFiles/duckdb_aggr_holistic.dir/ub_duckdb_aggr_holistic.cpp.o src/function/aggregate/nested/CMakeFiles/duckdb_aggr_nested.dir/ub_duckdb_aggr_nested.cpp.o src/function/aggregate/regression/CMakeFiles/duckdb_aggr_regr.dir/ub_duckdb_aggr_regr.cpp.o src/function/aggregate/CMakeFiles/duckdb_func_aggr.dir/ub_duckdb_func_aggr.cpp.o src/function/cast/CMakeFiles/duckdb_func_cast.dir/ub_duckdb_func_cast.cpp.o src/function/pragma/CMakeFiles/duckdb_func_pragma.dir/ub_duckdb_func_pragma.cpp.o src/function/scalar/blob/CMakeFiles/duckdb_func_blob.dir/ub_duckdb_func_blob.cpp.o src/function/scalar/date/CMakeFiles/duckdb_func_date.dir/ub_duckdb_func_date.cpp.o src/function/scalar/generic/CMakeFiles/duckdb_func_generic.dir/ub_duckdb_func_generic.cpp.o src/function/scalar/list/CMakeFiles/duckdb_func_list.dir/ub_duckdb_func_list.cpp.o src/function/scalar/map/CMakeFiles/duckdb_func_map_nested.dir/ub_duckdb_func_map_nested.cpp.o src/function/scalar/math/CMakeFiles/duckdb_func_math.dir/ub_duckdb_func_math.cpp.o src/function/scalar/operators/CMakeFiles/duckdb_func_ops.dir/ub_duckdb_func_ops.cpp.o src/function/scalar/sequence/CMakeFiles/duckdb_func_seq.dir/ub_duckdb_func_seq.cpp.o src/function/scalar/string/CMakeFiles/duckdb_func_string.dir/ub_duckdb_func_string.cpp.o src/function/scalar/struct/CMakeFiles/duckdb_func_struct.dir/ub_duckdb_func_struct.cpp.o src/function/scalar/system/CMakeFiles/duckdb_func_system.dir/ub_duckdb_func_system.cpp.o src/function/scalar/union/CMakeFiles/duckdb_func_union.dir/ub_duckdb_func_union.cpp.o src/function/scalar/enum/CMakeFiles/duckdb_func_enum.dir/ub_duckdb_func_enum.cpp.o src/function/scalar/CMakeFiles/duckdb_func_scalar.dir/ub_duckdb_func_scalar.cpp.o src/function/table/system/CMakeFiles/duckdb_table_func_system.dir/ub_duckdb_table_func_system.cpp.o src/function/table/version/CMakeFiles/duckdb_func_table_version.dir/ub_duckdb_func_table_version.cpp.o src/function/table/CMakeFiles/duckdb_func_table.dir/ub_duckdb_func_table.cpp.o src/function/CMakeFiles/duckdb_function.dir/ub_duckdb_function.cpp.o src/catalog/catalog_entry/CMakeFiles/duckdb_catalog_entries.dir/ub_duckdb_catalog_entries.cpp.o src/catalog/default/CMakeFiles/duckdb_catalog_default_entries.dir/ub_duckdb_catalog_default_entries.cpp.o src/catalog/CMakeFiles/duckdb_catalog.dir/ub_duckdb_catalog.cpp.o src/common/arrow/CMakeFiles/duckdb_common_arrow.dir/ub_duckdb_common_arrow.cpp.o src/common/crypto/CMakeFiles/duckdb_common_crypto.dir/ub_duckdb_common_crypto.cpp.o src/common/enums/CMakeFiles/duckdb_common_enums.dir/ub_duckdb_common_enums.cpp.o src/common/operator/CMakeFiles/duckdb_common_operators.dir/ub_duckdb_common_operators.cpp.o src/common/progress_bar/CMakeFiles/duckdb_progress_bar.dir/ub_duckdb_progress_bar.cpp.o src/common/row_operations/CMakeFiles/duckdb_row_operations.dir/ub_duckdb_row_operations.cpp.o src/common/serializer/CMakeFiles/duckdb_common_serializer.dir/ub_duckdb_common_serializer.cpp.o src/common/sort/CMakeFiles/duckdb_sort.dir/ub_duckdb_sort.cpp.o src/common/types/CMakeFiles/duckdb_common_types.dir/ub_duckdb_common_types.cpp.o src/common/value_operations/CMakeFiles/duckdb_value_operations.dir/ub_duckdb_value_operations.cpp.o src/common/vector_operations/CMakeFiles/duckdb_vector_operations.dir/boolean_operators.cpp.o src/common/vector_operations/CMakeFiles/duckdb_vector_operations.dir/vector_cast.cpp.o src/common/vector_operations/CMakeFiles/duckdb_vector_operations.dir/comparison_operators.cpp.o src/common/vector_operations/CMakeFiles/duckdb_vector_operations.dir/vector_copy.cpp.o src/common/vector_operations/CMakeFiles/duckdb_vector_operations.dir/generators.cpp.o src/common/vector_operations/CMakeFiles/duckdb_vector_operations.dir/vector_hash.cpp.o src/common/vector_operations/CMakeFiles/duckdb_vector_operations.dir/vector_storage.cpp.o src/common/vector_operations/CMakeFiles/duckdb_vector_operations.dir/null_operations.cpp.o src/common/vector_operations/CMakeFiles/duckdb_vector_operations.dir/numeric_inplace_operators.cpp.o src/common/vector_operations/CMakeFiles/duckdb_vector_operations.dir/is_distinct_from.cpp.o src/common/CMakeFiles/duckdb_common.dir/ub_duckdb_common.cpp.o src/execution/expression_executor/CMakeFiles/duckdb_expression_executor.dir/ub_duckdb_expression_executor.cpp.o src/execution/nested_loop_join/CMakeFiles/duckdb_nested_loop_join.dir/ub_duckdb_nested_loop_join.cpp.o src/execution/operator/aggregate/CMakeFiles/duckdb_operator_aggregate.dir/ub_duckdb_operator_aggregate.cpp.o src/execution/operator/filter/CMakeFiles/duckdb_operator_filter.dir/ub_duckdb_operator_filter.cpp.o src/execution/operator/helper/CMakeFiles/duckdb_operator_helper.dir/ub_duckdb_operator_helper.cpp.o src/execution/operator/join/CMakeFiles/duckdb_operator_join.dir/ub_duckdb_operator_join.cpp.o src/execution/operator/order/CMakeFiles/duckdb_operator_order.dir/ub_duckdb_operator_order.cpp.o src/execution/operator/persistent/CMakeFiles/duckdb_operator_persistent.dir/ub_duckdb_operator_persistent.cpp.o src/execution/operator/projection/CMakeFiles/duckdb_operator_projection.dir/ub_duckdb_operator_projection.cpp.o src/execution/operator/scan/CMakeFiles/duckdb_operator_scan.dir/ub_duckdb_operator_scan.cpp.o src/execution/operator/schema/CMakeFiles/duckdb_operator_schema.dir/ub_duckdb_operator_schema.cpp.o src/execution/operator/set/CMakeFiles/duckdb_operator_set.dir/ub_duckdb_operator_set.cpp.o src/execution/physical_plan/CMakeFiles/duckdb_physical_plan.dir/ub_duckdb_physical_plan.cpp.o src/execution/index/art/CMakeFiles/duckdb_art_index_execution.dir/ub_duckdb_art_index_execution.cpp.o src/execution/CMakeFiles/duckdb_execution.dir/ub_duckdb_execution.cpp.o src/main/capi/cast/CMakeFiles/duckdb_main_capi_cast.dir/ub_duckdb_main_capi_cast.cpp.o src/main/capi/CMakeFiles/duckdb_main_capi.dir/ub_duckdb_main_capi.cpp.o src/main/extension/CMakeFiles/duckdb_main_extension.dir/ub_duckdb_main_extension.cpp.o src/main/relation/CMakeFiles/duckdb_main_relation.dir/ub_duckdb_main_relation.cpp.o src/main/settings/CMakeFiles/duckdb_main_settings.dir/ub_duckdb_main_settings.cpp.o src/main/CMakeFiles/duckdb_main.dir/ub_duckdb_main.cpp.o src/parallel/CMakeFiles/duckdb_parallel.dir/ub_duckdb_parallel.cpp.o src/storage/buffer/CMakeFiles/duckdb_storage_buffer.dir/ub_duckdb_storage_buffer.cpp.o src/storage/checkpoint/CMakeFiles/duckdb_storage_checkpoint.dir/ub_duckdb_storage_checkpoint.cpp.o src/storage/compression/chimp/CMakeFiles/duckdb_storage_compression_chimp.dir/ub_duckdb_storage_compression_chimp.cpp.o src/storage/compression/CMakeFiles/duckdb_storage_compression.dir/ub_duckdb_storage_compression.cpp.o src/storage/statistics/CMakeFiles/duckdb_storage_statistics.dir/ub_duckdb_storage_statistics.cpp.o src/storage/table/CMakeFiles/duckdb_storage_table.dir/ub_duckdb_storage_table.cpp.o src/storage/CMakeFiles/duckdb_storage.dir/ub_duckdb_storage.cpp.o src/transaction/CMakeFiles/duckdb_transaction.dir/ub_duckdb_transaction.cpp.o src/verification/CMakeFiles/duckdb_verification.dir/copied_statement_verifier.cpp.o src/verification/CMakeFiles/duckdb_verification.dir/external_statement_verifier.cpp.o src/verification/CMakeFiles/duckdb_verification.dir/prepared_statement_verifier.cpp.o src/verification/CMakeFiles/duckdb_verification.dir/deserialized_statement_verifier.cpp.o src/verification/CMakeFiles/duckdb_verification.dir/statement_verifier.cpp.o src/verification/CMakeFiles/duckdb_verification.dir/parsed_statement_verifier.cpp.o src/verification/CMakeFiles/duckdb_verification.dir/unoptimized_statement_verifier.cpp.o  -ldl  third_party/fsst/libduckdb_fsst.a  third_party/fmt/libduckdb_fmt.a  third_party/libpg_query/libduckdb_pg_query.a  third_party/re2/libduckdb_re2.a  third_party/miniz/libduckdb_miniz.a  third_party/utf8proc/libduckdb_utf8proc.a  third_party/hyperloglog/libduckdb_hyperloglog.a  third_party/fastpforlib/libduckdb_fastpforlib.a  third_party/mbedtls/libduckdb_mbedtls.a  extension/jemalloc/libjemalloc_extension.a  extension/parquet/libparquet_extension.a && :
[370/376] : && /usr/lib/ccache/c++ -fPIC -O3 -DNDEBUG -O3 -DNDEBUG   -shared -Wl,-soname,libsqlite3_api_wrapper.so -o tools/sqlite3_api_wrapper/libsqlite3_api_wrapper.so tools/sqlite3_api_wrapper/sqlite3/CMakeFiles/sqlite3_api_wrapper_sqlite3.dir/printf.c.o tools/sqlite3_api_wrapper/sqlite3/CMakeFiles/sqlite3_api_wrapper_sqlite3.dir/strglob.c.o tools/sqlite3_api_wrapper/sqlite3_udf_api/CMakeFiles/sqlite3_udf_api.dir/sqlite3_udf_wrapper.cpp.o tools/sqlite3_api_wrapper/sqlite3_udf_api/CMakeFiles/sqlite3_udf_api.dir/cast_sqlite.cpp.o tools/sqlite3_api_wrapper/CMakeFiles/sqlite3_api_wrapper.dir/sqlite3_api_wrapper.cpp.o tools/sqlite3_api_wrapper/CMakeFiles/sqlite3_api_wrapper.dir/sql_auto_complete_extension.cpp.o  -Wl,-rpath,/home/pei/Project/duckdb-polr/build/release/src  src/libduckdb.so  -ldl  third_party/fsst/libduckdb_fsst.a  third_party/fmt/libduckdb_fmt.a  third_party/libpg_query/libduckdb_pg_query.a  third_party/re2/libduckdb_re2.a  third_party/miniz/libduckdb_miniz.a  third_party/utf8proc/libduckdb_utf8proc.a  third_party/hyperloglog/libduckdb_hyperloglog.a  third_party/fastpforlib/libduckdb_fastpforlib.a  third_party/mbedtls/libduckdb_mbedtls.a  extension/jemalloc/libjemalloc_extension.a  extension/parquet/libparquet_extension.a && :
[371/376] : && /usr/bin/cmake -E rm -f tools/sqlite3_api_wrapper/libsqlite3_api_wrapper_static.a && /usr/bin/ar qc tools/sqlite3_api_wrapper/libsqlite3_api_wrapper_static.a  tools/sqlite3_api_wrapper/sqlite3/CMakeFiles/sqlite3_api_wrapper_sqlite3.dir/printf.c.o tools/sqlite3_api_wrapper/sqlite3/CMakeFiles/sqlite3_api_wrapper_sqlite3.dir/strglob.c.o tools/sqlite3_api_wrapper/sqlite3_udf_api/CMakeFiles/sqlite3_udf_api.dir/sqlite3_udf_wrapper.cpp.o tools/sqlite3_api_wrapper/sqlite3_udf_api/CMakeFiles/sqlite3_udf_api.dir/cast_sqlite.cpp.o tools/sqlite3_api_wrapper/CMakeFiles/sqlite3_api_wrapper_static.dir/sqlite3_api_wrapper.cpp.o tools/sqlite3_api_wrapper/CMakeFiles/sqlite3_api_wrapper_static.dir/sql_auto_complete_extension.cpp.o && /usr/bin/ranlib tools/sqlite3_api_wrapper/libsqlite3_api_wrapper_static.a && :
[372/376] : && /usr/bin/cmake -E rm -f test/helpers/libtest_helpers.a && /usr/bin/ar qc test/helpers/libtest_helpers.a  test/helpers/CMakeFiles/test_helpers.dir/test_helpers.cpp.o test/helpers/CMakeFiles/test_helpers.dir/capi_tester.cpp.o test/helpers/CMakeFiles/test_helpers.dir/pid.cpp.o && /usr/bin/ranlib test/helpers/libtest_helpers.a && :
[373/376] : && /usr/lib/ccache/c++ -O3 -DNDEBUG -O3 -DNDEBUG -rdynamic tools/sqlite3_api_wrapper/CMakeFiles/test_sqlite3_api_wrapper.dir/test/test_sqlite3_api_wrapper.cpp.o tools/sqlite3_api_wrapper/CMakeFiles/test_sqlite3_api_wrapper.dir/test/test_sqlite3_udf_api_wrapper.cpp.o -o tools/sqlite3_api_wrapper/test_sqlite3_api_wrapper  -Wl,-rpath,/home/pei/Project/duckdb-polr/build/release/tools/sqlite3_api_wrapper:/home/pei/Project/duckdb-polr/build/release/src  tools/sqlite3_api_wrapper/libsqlite3_api_wrapper.so  src/libduckdb.so  -ldl  third_party/fsst/libduckdb_fsst.a  third_party/fmt/libduckdb_fmt.a  third_party/libpg_query/libduckdb_pg_query.a  third_party/re2/libduckdb_re2.a  third_party/miniz/libduckdb_miniz.a  third_party/utf8proc/libduckdb_utf8proc.a  third_party/hyperloglog/libduckdb_hyperloglog.a  third_party/fastpforlib/libduckdb_fastpforlib.a  third_party/mbedtls/libduckdb_mbedtls.a  extension/jemalloc/libjemalloc_extension.a  extension/parquet/libparquet_extension.a && :
[374/376] : && /usr/lib/ccache/c++ -O3 -DNDEBUG -O3 -DNDEBUG -rdynamic test/api/capi/CMakeFiles/test_sql_capi.dir/ub_test_sql_capi.cpp.o test/api/udf_function/CMakeFiles/test_api_udf_function.dir/ub_test_api_udf_function.cpp.o test/api/CMakeFiles/test_api.dir/ub_test_api.cpp.o test/appender/CMakeFiles/test_appender.dir/ub_test_appender.cpp.o test/arrow_roundtrip/CMakeFiles/test_arrow_roundtrip.dir/ub_test_arrow_roundtrip.cpp.o test/common/CMakeFiles/test_common.dir/ub_test_common.cpp.o test/extension/CMakeFiles/test_extensions.dir/ub_test_extensions.cpp.o test/memoryleak/CMakeFiles/test_memory_leak.dir/ub_test_memory_leak.cpp.o test/sql/filter/CMakeFiles/test_filter.dir/ub_test_filter.cpp.o test/sql/function/table/CMakeFiles/test_table_function.dir/ub_test_table_function.cpp.o test/sql/index/CMakeFiles/test_index.dir/ub_test_index.cpp.o test/sql/parallelism/interquery/CMakeFiles/test_sql_interquery_parallelism.dir/ub_test_sql_interquery_parallelism.cpp.o test/sql/storage/catalog/CMakeFiles/test_sql_storage_catalog.dir/ub_test_sql_storage_catalog.cpp.o test/sql/storage/CMakeFiles/test_sql_storage.dir/ub_test_sql_storage.cpp.o test/sqlite/CMakeFiles/test_sqlite.dir/ub_test_sqlite.cpp.o test/ossfuzz/CMakeFiles/test_ossfuzz.dir/ub_test_ossfuzz.cpp.o test/mbedtls/CMakeFiles/test_mbedtls.dir/ub_test_mbedtls.cpp.o test/persistence/CMakeFiles/test_persistence.dir/ub_test_persistence.cpp.o test/CMakeFiles/unittest.dir/unittest.cpp.o -o test/unittest  -Wl,-rpath,/home/pei/Project/duckdb-polr/build/release/src  test/helpers/libtest_helpers.a  src/libduckdb.so  -ldl  third_party/fsst/libduckdb_fsst.a  third_party/fmt/libduckdb_fmt.a  third_party/libpg_query/libduckdb_pg_query.a  third_party/re2/libduckdb_re2.a  third_party/miniz/libduckdb_miniz.a  third_party/utf8proc/libduckdb_utf8proc.a  third_party/hyperloglog/libduckdb_hyperloglog.a  third_party/fastpforlib/libduckdb_fastpforlib.a  third_party/mbedtls/libduckdb_mbedtls.a  extension/jemalloc/libjemalloc_extension.a  extension/parquet/libparquet_extension.a && :
[375/376] : && /usr/lib/ccache/c++ -O3 -DNDEBUG -O3 -DNDEBUG -rdynamic extension/parquet/CMakeFiles/parquetcli.dir/parquetcli.cpp.o -o extension/parquet/parquetcli  extension/parquet/libparquet_extension.a  src/libduckdb_static.a  extension/parquet/libparquet_extension.a  -ldl  third_party/fsst/libduckdb_fsst.a  third_party/fmt/libduckdb_fmt.a  third_party/libpg_query/libduckdb_pg_query.a  third_party/re2/libduckdb_re2.a  third_party/miniz/libduckdb_miniz.a  third_party/utf8proc/libduckdb_utf8proc.a  third_party/hyperloglog/libduckdb_hyperloglog.a  third_party/fastpforlib/libduckdb_fastpforlib.a  third_party/mbedtls/libduckdb_mbedtls.a  extension/jemalloc/libjemalloc_extension.a && :
[376/376] : && /usr/lib/ccache/c++ -O3 -DNDEBUG -O3 -DNDEBUG -rdynamic tools/shell/CMakeFiles/shell.dir/shell.c.o tools/shell/CMakeFiles/shell.dir/linenoise.cpp.o -o duckdb  tools/sqlite3_api_wrapper/libsqlite3_api_wrapper_static.a  third_party/utf8proc/libduckdb_utf8proc.a  src/libduckdb_static.a  third_party/utf8proc/libduckdb_utf8proc.a  -ldl  third_party/fsst/libduckdb_fsst.a  third_party/fmt/libduckdb_fmt.a  third_party/libpg_query/libduckdb_pg_query.a  third_party/re2/libduckdb_re2.a  third_party/miniz/libduckdb_miniz.a  third_party/hyperloglog/libduckdb_hyperloglog.a  third_party/fastpforlib/libduckdb_fastpforlib.a  third_party/mbedtls/libduckdb_mbedtls.a  extension/jemalloc/libjemalloc_extension.a  extension/parquet/libparquet_extension.a && :
mkdir -p build/release && \
cd build/release && \
cmake -G "Ninja" -DFORCE_COLORED_OUTPUT=1        -DBUILD_PARQUET_EXTENSION=TRUE -DDEFINE_QUERY_SPLIT=1 -DDEFINE_PARALLEL_EXECUTION=0 -DDEFINE_DEBUG_PRINT=0 -DDEFINE_CROSS_PRODUCT_REWRITE=0 -DDEFINE_MERGE_BACK_PLAN=0 -DDEFINE_SPECIFY_EST_STAT=0 -DDEFINE_MEASURE_EXE_TIME=0 -DCMAKE_BUILD_TYPE=Release ../.. && \
cmake --build . --config Release
Re-run cmake no build system arguments
-- The C compiler identification is GNU 12.2.0
-- The CXX compiler identification is GNU 12.2.0
-- Detecting C compiler ABI info
-- Detecting C compiler ABI info - done
-- Check for working C compiler: /usr/lib/ccache/cc - skipped
-- Detecting C compile features
-- Detecting C compile features - done
-- Detecting CXX compiler ABI info
-- Detecting CXX compiler ABI info - done
-- Check for working CXX compiler: /usr/lib/ccache/c++ - skipped
-- Detecting CXX compile features
-- Detecting CXX compile features - done
-- Performing Test CMAKE_HAVE_LIBC_PTHREAD
-- Performing Test CMAKE_HAVE_LIBC_PTHREAD - Success
-- Found Threads: TRUE  
-- Found Git: /usr/bin/git (found version "2.39.5") 
fatal: No names found, cannot describe anything.
fatal: No names found, cannot describe anything.
-- git hash cd7a58694b, version v..1-dev
-- Configuring done
-- Generating done
-- Build files have been written to: /home/pei/Project/duckdb-polr/build/release
[1/376] /usr/bin/ccache /usr/lib/ccache/c++ -DDUCKDB -DDUCKDB_BUILD_LIBRARY -DDUCKDB_MAIN_LIBRARY -DENABLE_CROSS_PRODUCT_REWRITE=0 -DENABLE_DEBUG_PRINT=0 -DENABLE_MEASURE_EXE_TIME=0 -DENABLE_MERGE_BACK_PLAN=0 -DENABLE_PARALLEL_EXECUTION=0 -DENABLE_QUERY_SPLIT=1 -DENABLE_SPECIFY_EST_STAT=0 -I/home/pei/Project/duckdb-polr/src/include -I/home/pei/Project/duckdb-polr/third_party/fsst -I/home/pei/Project/duckdb-polr/third_party/fmt/include -I/home/pei/Project/duckdb-polr/third_party/hyperloglog -I/home/pei/Project/duckdb-polr/third_party/fastpforlib -I/home/pei/Project/duckdb-polr/third_party/fast_float -I/home/pei/Project/duckdb-polr/third_party/re2 -I/home/pei/Project/duckdb-polr/third_party/miniz -I/home/pei/Project/duckdb-polr/third_party/utf8proc/include -I/home/pei/Project/duckdb-polr/third_party/miniparquet -I/home/pei/Project/duckdb-polr/third_party/concurrentqueue -I/home/pei/Project/duckdb-polr/third_party/pcg -I/home/pei/Project/duckdb-polr/third_party/tdigest -I/home/pei/Project/duckdb-polr/third_party/mbedtls/include -I/home/pei/Project/duckdb-polr/third_party/jaro_winkler -O3 -DNDEBUG -O3 -DNDEBUG   -fPIC -fdiagnostics-color=always -std=c++11 -MD -MT src/optimizer/pullup/CMakeFiles/duckdb_optimizer_pullup.dir/ub_duckdb_optimizer_pullup.cpp.o -MF src/optimizer/pullup/CMakeFiles/duckdb_optimizer_pullup.dir/ub_duckdb_optimizer_pullup.cpp.o.d -o src/optimizer/pullup/CMakeFiles/duckdb_optimizer_pullup.dir/ub_duckdb_optimizer_pullup.cpp.o -c /home/pei/Project/duckdb-polr/build/release/src/optimizer/pullup/ub_duckdb_optimizer_pullup.cpp
[2/376] /usr/bin/ccache /usr/lib/ccache/c++ -DDUCKDB -DDUCKDB_BUILD_LIBRARY -DDUCKDB_MAIN_LIBRARY -DENABLE_CROSS_PRODUCT_REWRITE=0 -DENABLE_DEBUG_PRINT=0 -DENABLE_MEASURE_EXE_TIME=0 -DENABLE_MERGE_BACK_PLAN=0 -DENABLE_PARALLEL_EXECUTION=0 -DENABLE_QUERY_SPLIT=1 -DENABLE_SPECIFY_EST_STAT=0 -I/home/pei/Project/duckdb-polr/src/include -I/home/pei/Project/duckdb-polr/third_party/fsst -I/home/pei/Project/duckdb-polr/third_party/fmt/include -I/home/pei/Project/duckdb-polr/third_party/hyperloglog -I/home/pei/Project/duckdb-polr/third_party/fastpforlib -I/home/pei/Project/duckdb-polr/third_party/fast_float -I/home/pei/Project/duckdb-polr/third_party/re2 -I/home/pei/Project/duckdb-polr/third_party/miniz -I/home/pei/Project/duckdb-polr/third_party/utf8proc/include -I/home/pei/Project/duckdb-polr/third_party/miniparquet -I/home/pei/Project/duckdb-polr/third_party/concurrentqueue -I/home/pei/Project/duckdb-polr/third_party/pcg -I/home/pei/Project/duckdb-polr/third_party/tdigest -I/home/pei/Project/duckdb-polr/third_party/mbedtls/include -I/home/pei/Project/duckdb-polr/third_party/jaro_winkler -O3 -DNDEBUG -O3 -DNDEBUG   -fPIC -fdiagnostics-color=always -std=c++11 -MD -MT src/optimizer/matcher/CMakeFiles/duckdb_optimizer_matcher.dir/ub_duckdb_optimizer_matcher.cpp.o -MF src/optimizer/matcher/CMakeFiles/duckdb_optimizer_matcher.dir/ub_duckdb_optimizer_matcher.cpp.o.d -o src/optimizer/matcher/CMakeFiles/duckdb_optimizer_matcher.dir/ub_duckdb_optimizer_matcher.cpp.o -c /home/pei/Project/duckdb-polr/build/release/src/optimizer/matcher/ub_duckdb_optimizer_matcher.cpp
[3/376] /usr/bin/ccache /usr/lib/ccache/c++ -DDUCKDB -DDUCKDB_BUILD_LIBRARY -DDUCKDB_MAIN_LIBRARY -DENABLE_CROSS_PRODUCT_REWRITE=0 -DENABLE_DEBUG_PRINT=0 -DENABLE_MEASURE_EXE_TIME=0 -DENABLE_MERGE_BACK_PLAN=0 -DENABLE_PARALLEL_EXECUTION=0 -DENABLE_QUERY_SPLIT=1 -DENABLE_SPECIFY_EST_STAT=0 -I/home/pei/Project/duckdb-polr/src/include -I/home/pei/Project/duckdb-polr/third_party/fsst -I/home/pei/Project/duckdb-polr/third_party/fmt/include -I/home/pei/Project/duckdb-polr/third_party/hyperloglog -I/home/pei/Project/duckdb-polr/third_party/fastpforlib -I/home/pei/Project/duckdb-polr/third_party/fast_float -I/home/pei/Project/duckdb-polr/third_party/re2 -I/home/pei/Project/duckdb-polr/third_party/miniz -I/home/pei/Project/duckdb-polr/third_party/utf8proc/include -I/home/pei/Project/duckdb-polr/third_party/miniparquet -I/home/pei/Project/duckdb-polr/third_party/concurrentqueue -I/home/pei/Project/duckdb-polr/third_party/pcg -I/home/pei/Project/duckdb-polr/third_party/tdigest -I/home/pei/Project/duckdb-polr/third_party/mbedtls/include -I/home/pei/Project/duckdb-polr/third_party/jaro_winkler -O3 -DNDEBUG -O3 -DNDEBUG   -fPIC -fdiagnostics-color=always -std=c++11 -MD -MT src/optimizer/statistics/operator/CMakeFiles/duckdb_optimizer_statistics_op.dir/ub_duckdb_optimizer_statistics_op.cpp.o -MF src/optimizer/statistics/operator/CMakeFiles/duckdb_optimizer_statistics_op.dir/ub_duckdb_optimizer_statistics_op.cpp.o.d -o src/optimizer/statistics/operator/CMakeFiles/duckdb_optimizer_statistics_op.dir/ub_duckdb_optimizer_statistics_op.cpp.o -c /home/pei/Project/duckdb-polr/build/release/src/optimizer/statistics/operator/ub_duckdb_optimizer_statistics_op.cpp
[4/376] /usr/bin/ccache /usr/lib/ccache/c++ -DDUCKDB -DDUCKDB_BUILD_LIBRARY -DDUCKDB_MAIN_LIBRARY -DENABLE_CROSS_PRODUCT_REWRITE=0 -DENABLE_DEBUG_PRINT=0 -DENABLE_MEASURE_EXE_TIME=0 -DENABLE_MERGE_BACK_PLAN=0 -DENABLE_PARALLEL_EXECUTION=0 -DENABLE_QUERY_SPLIT=1 -DENABLE_SPECIFY_EST_STAT=0 -I/home/pei/Project/duckdb-polr/src/include -I/home/pei/Project/duckdb-polr/third_party/fsst -I/home/pei/Project/duckdb-polr/third_party/fmt/include -I/home/pei/Project/duckdb-polr/third_party/hyperloglog -I/home/pei/Project/duckdb-polr/third_party/fastpforlib -I/home/pei/Project/duckdb-polr/third_party/fast_float -I/home/pei/Project/duckdb-polr/third_party/re2 -I/home/pei/Project/duckdb-polr/third_party/miniz -I/home/pei/Project/duckdb-polr/third_party/utf8proc/include -I/home/pei/Project/duckdb-polr/third_party/miniparquet -I/home/pei/Project/duckdb-polr/third_party/concurrentqueue -I/home/pei/Project/duckdb-polr/third_party/pcg -I/home/pei/Project/duckdb-polr/third_party/tdigest -I/home/pei/Project/duckdb-polr/third_party/mbedtls/include -I/home/pei/Project/duckdb-polr/third_party/jaro_winkler -O3 -DNDEBUG -O3 -DNDEBUG   -fPIC -fdiagnostics-color=always -std=c++11 -MD -MT src/optimizer/statistics/expression/CMakeFiles/duckdb_optimizer_statistics_expr.dir/ub_duckdb_optimizer_statistics_expr.cpp.o -MF src/optimizer/statistics/expression/CMakeFiles/duckdb_optimizer_statistics_expr.dir/ub_duckdb_optimizer_statistics_expr.cpp.o.d -o src/optimizer/statistics/expression/CMakeFiles/duckdb_optimizer_statistics_expr.dir/ub_duckdb_optimizer_statistics_expr.cpp.o -c /home/pei/Project/duckdb-polr/build/release/src/optimizer/statistics/expression/ub_duckdb_optimizer_statistics_expr.cpp
[5/376] /usr/bin/ccache /usr/lib/ccache/c++ -DDUCKDB -DDUCKDB_BUILD_LIBRARY -DDUCKDB_MAIN_LIBRARY -DENABLE_CROSS_PRODUCT_REWRITE=0 -DENABLE_DEBUG_PRINT=0 -DENABLE_MEASURE_EXE_TIME=0 -DENABLE_MERGE_BACK_PLAN=0 -DENABLE_PARALLEL_EXECUTION=0 -DENABLE_QUERY_SPLIT=1 -DENABLE_SPECIFY_EST_STAT=0 -I/home/pei/Project/duckdb-polr/src/include -I/home/pei/Project/duckdb-polr/third_party/fsst -I/home/pei/Project/duckdb-polr/third_party/fmt/include -I/home/pei/Project/duckdb-polr/third_party/hyperloglog -I/home/pei/Project/duckdb-polr/third_party/fastpforlib -I/home/pei/Project/duckdb-polr/third_party/fast_float -I/home/pei/Project/duckdb-polr/third_party/re2 -I/home/pei/Project/duckdb-polr/third_party/miniz -I/home/pei/Project/duckdb-polr/third_party/utf8proc/include -I/home/pei/Project/duckdb-polr/third_party/miniparquet -I/home/pei/Project/duckdb-polr/third_party/concurrentqueue -I/home/pei/Project/duckdb-polr/third_party/pcg -I/home/pei/Project/duckdb-polr/third_party/tdigest -I/home/pei/Project/duckdb-polr/third_party/mbedtls/include -I/home/pei/Project/duckdb-polr/third_party/jaro_winkler -O3 -DNDEBUG -O3 -DNDEBUG   -fPIC -fdiagnostics-color=always -std=c++11 -MD -MT src/optimizer/pushdown/CMakeFiles/duckdb_optimizer_pushdown.dir/ub_duckdb_optimizer_pushdown.cpp.o -MF src/optimizer/pushdown/CMakeFiles/duckdb_optimizer_pushdown.dir/ub_duckdb_optimizer_pushdown.cpp.o.d -o src/optimizer/pushdown/CMakeFiles/duckdb_optimizer_pushdown.dir/ub_duckdb_optimizer_pushdown.cpp.o -c /home/pei/Project/duckdb-polr/build/release/src/optimizer/pushdown/ub_duckdb_optimizer_pushdown.cpp
In file included from /home/pei/Project/duckdb-polr/src/include/duckdb/optimizer/optimizer.hpp:15,
                 from /home/pei/Project/duckdb-polr/src/optimizer/pushdown/pushdown_get.cpp:2,
                 from /home/pei/Project/duckdb-polr/build/release/src/optimizer/pushdown/ub_duckdb_optimizer_pushdown.cpp:5:
/home/pei/Project/duckdb-polr/src/include/duckdb/optimizer/query_split/query_split.hpp:23:1: warning: inline variables are only available with ‘-std=c++17’ or ‘-std=gnu++17’ [-Wc++17-extensions]
   23 | inline bool execute_plan = false;
      | ^~~~~~
[6/376] /usr/bin/ccache /usr/lib/ccache/c++ -DDUCKDB -DDUCKDB_BUILD_LIBRARY -DDUCKDB_MAIN_LIBRARY -DENABLE_CROSS_PRODUCT_REWRITE=0 -DENABLE_DEBUG_PRINT=0 -DENABLE_MEASURE_EXE_TIME=0 -DENABLE_MERGE_BACK_PLAN=0 -DENABLE_PARALLEL_EXECUTION=0 -DENABLE_QUERY_SPLIT=1 -DENABLE_SPECIFY_EST_STAT=0 -I/home/pei/Project/duckdb-polr/src/include -I/home/pei/Project/duckdb-polr/third_party/fsst -I/home/pei/Project/duckdb-polr/third_party/fmt/include -I/home/pei/Project/duckdb-polr/third_party/hyperloglog -I/home/pei/Project/duckdb-polr/third_party/fastpforlib -I/home/pei/Project/duckdb-polr/third_party/fast_float -I/home/pei/Project/duckdb-polr/third_party/re2 -I/home/pei/Project/duckdb-polr/third_party/miniz -I/home/pei/Project/duckdb-polr/third_party/utf8proc/include -I/home/pei/Project/duckdb-polr/third_party/miniparquet -I/home/pei/Project/duckdb-polr/third_party/concurrentqueue -I/home/pei/Project/duckdb-polr/third_party/pcg -I/home/pei/Project/duckdb-polr/third_party/tdigest -I/home/pei/Project/duckdb-polr/third_party/mbedtls/include -I/home/pei/Project/duckdb-polr/third_party/jaro_winkler -O3 -DNDEBUG -O3 -DNDEBUG   -fPIC -fdiagnostics-color=always -std=c++11 -MD -MT src/optimizer/rule/CMakeFiles/duckdb_optimizer_rules.dir/ub_duckdb_optimizer_rules.cpp.o -MF src/optimizer/rule/CMakeFiles/duckdb_optimizer_rules.dir/ub_duckdb_optimizer_rules.cpp.o.d -o src/optimizer/rule/CMakeFiles/duckdb_optimizer_rules.dir/ub_duckdb_optimizer_rules.cpp.o -c /home/pei/Project/duckdb-polr/build/release/src/optimizer/rule/ub_duckdb_optimizer_rules.cpp
[7/376] /usr/bin/ccache /usr/lib/ccache/c++ -DDUCKDB -DDUCKDB_BUILD_LIBRARY -DDUCKDB_MAIN_LIBRARY -DENABLE_CROSS_PRODUCT_REWRITE=0 -DENABLE_DEBUG_PRINT=0 -DENABLE_MEASURE_EXE_TIME=0 -DENABLE_MERGE_BACK_PLAN=0 -DENABLE_PARALLEL_EXECUTION=0 -DENABLE_QUERY_SPLIT=1 -DENABLE_SPECIFY_EST_STAT=0 -I/home/pei/Project/duckdb-polr/src/include -I/home/pei/Project/duckdb-polr/third_party/fsst -I/home/pei/Project/duckdb-polr/third_party/fmt/include -I/home/pei/Project/duckdb-polr/third_party/hyperloglog -I/home/pei/Project/duckdb-polr/third_party/fastpforlib -I/home/pei/Project/duckdb-polr/third_party/fast_float -I/home/pei/Project/duckdb-polr/third_party/re2 -I/home/pei/Project/duckdb-polr/third_party/miniz -I/home/pei/Project/duckdb-polr/third_party/utf8proc/include -I/home/pei/Project/duckdb-polr/third_party/miniparquet -I/home/pei/Project/duckdb-polr/third_party/concurrentqueue -I/home/pei/Project/duckdb-polr/third_party/pcg -I/home/pei/Project/duckdb-polr/third_party/tdigest -I/home/pei/Project/duckdb-polr/third_party/mbedtls/include -I/home/pei/Project/duckdb-polr/third_party/jaro_winkler -O3 -DNDEBUG -O3 -DNDEBUG   -fPIC -fdiagnostics-color=always -std=c++11 -MD -MT src/optimizer/query_split/CMakeFiles/duckdb_optimizer_query_split.dir/ub_duckdb_optimizer_query_split.cpp.o -MF src/optimizer/query_split/CMakeFiles/duckdb_optimizer_query_split.dir/ub_duckdb_optimizer_query_split.cpp.o.d -o src/optimizer/query_split/CMakeFiles/duckdb_optimizer_query_split.dir/ub_duckdb_optimizer_query_split.cpp.o -c /home/pei/Project/duckdb-polr/build/release/src/optimizer/query_split/ub_duckdb_optimizer_query_split.cpp
In file included from /home/pei/Project/duckdb-polr/src/optimizer/query_split/query_split.cpp:1,
                 from /home/pei/Project/duckdb-polr/build/release/src/optimizer/query_split/ub_duckdb_optimizer_query_split.cpp:2:
/home/pei/Project/duckdb-polr/src/include/duckdb/optimizer/query_split/query_split.hpp:23:1: warning: inline variables are only available with ‘-std=c++17’ or ‘-std=gnu++17’ [-Wc++17-extensions]
   23 | inline bool execute_plan = false;
      | ^~~~~~
In file included from /home/pei/Project/duckdb-polr/build/release/src/optimizer/query_split/ub_duckdb_optimizer_query_split.cpp:4:
/home/pei/Project/duckdb-polr/src/optimizer/query_split/foreign_key_center.cpp: In lambda function:
/home/pei/Project/duckdb-polr/src/optimizer/query_split/foreign_key_center.cpp:205:61: warning: init-statement in selection statements only available with ‘-std=c++17’ or ‘-std=gnu++17’ [-Wc++17-extensions]
  205 |                                                         if (auto find_left = std::find_if(
      |                                                             ^~~~
In file included from /home/pei/Project/duckdb-polr/build/release/src/optimizer/query_split/ub_duckdb_optimizer_query_split.cpp:3:
/home/pei/Project/duckdb-polr/src/optimizer/query_split/query_split_util.cpp: In function ‘duckdb::ColumnBinding& duckdb::GetRefColumnBinding(std::unique_ptr<Expression>&)’:
/home/pei/Project/duckdb-polr/src/optimizer/query_split/query_split_util.cpp:152:88: warning: control reaches end of non-void function [-Wreturn-type]
  152 |                 Printer::Print("Doesn't support " + ExpressionTypeToString(expr->type) + " in GetColumnBinding yet!");
      |                                ~~~~~~~~~~~~~~~~~~~~~~~~~~~~~~~~~~~~~~~~~~~~~~~~~~~~~~~~^~~~~~~~~~~~~~~~~~~~~~~~~~~~~
[8/376] /usr/bin/ccache /usr/lib/ccache/c++ -DDUCKDB -DDUCKDB_BUILD_LIBRARY -DDUCKDB_MAIN_LIBRARY -DENABLE_CROSS_PRODUCT_REWRITE=0 -DENABLE_DEBUG_PRINT=0 -DENABLE_MEASURE_EXE_TIME=0 -DENABLE_MERGE_BACK_PLAN=0 -DENABLE_PARALLEL_EXECUTION=0 -DENABLE_QUERY_SPLIT=1 -DENABLE_SPECIFY_EST_STAT=0 -I/home/pei/Project/duckdb-polr/src/include -I/home/pei/Project/duckdb-polr/third_party/fsst -I/home/pei/Project/duckdb-polr/third_party/fmt/include -I/home/pei/Project/duckdb-polr/third_party/hyperloglog -I/home/pei/Project/duckdb-polr/third_party/fastpforlib -I/home/pei/Project/duckdb-polr/third_party/fast_float -I/home/pei/Project/duckdb-polr/third_party/re2 -I/home/pei/Project/duckdb-polr/third_party/miniz -I/home/pei/Project/duckdb-polr/third_party/utf8proc/include -I/home/pei/Project/duckdb-polr/third_party/miniparquet -I/home/pei/Project/duckdb-polr/third_party/concurrentqueue -I/home/pei/Project/duckdb-polr/third_party/pcg -I/home/pei/Project/duckdb-polr/third_party/tdigest -I/home/pei/Project/duckdb-polr/third_party/mbedtls/include -I/home/pei/Project/duckdb-polr/third_party/jaro_winkler -O3 -DNDEBUG -O3 -DNDEBUG   -fPIC -fdiagnostics-color=always -std=c++11 -MD -MT src/planner/expression/CMakeFiles/duckdb_planner_expression.dir/ub_duckdb_planner_expression.cpp.o -MF src/planner/expression/CMakeFiles/duckdb_planner_expression.dir/ub_duckdb_planner_expression.cpp.o.d -o src/planner/expression/CMakeFiles/duckdb_planner_expression.dir/ub_duckdb_planner_expression.cpp.o -c /home/pei/Project/duckdb-polr/build/release/src/planner/expression/ub_duckdb_planner_expression.cpp
[9/376] /usr/bin/ccache /usr/lib/ccache/c++ -DDUCKDB -DDUCKDB_BUILD_LIBRARY -DDUCKDB_MAIN_LIBRARY -DENABLE_CROSS_PRODUCT_REWRITE=0 -DENABLE_DEBUG_PRINT=0 -DENABLE_MEASURE_EXE_TIME=0 -DENABLE_MERGE_BACK_PLAN=0 -DENABLE_PARALLEL_EXECUTION=0 -DENABLE_QUERY_SPLIT=1 -DENABLE_SPECIFY_EST_STAT=0 -I/home/pei/Project/duckdb-polr/src/include -I/home/pei/Project/duckdb-polr/third_party/fsst -I/home/pei/Project/duckdb-polr/third_party/fmt/include -I/home/pei/Project/duckdb-polr/third_party/hyperloglog -I/home/pei/Project/duckdb-polr/third_party/fastpforlib -I/home/pei/Project/duckdb-polr/third_party/fast_float -I/home/pei/Project/duckdb-polr/third_party/re2 -I/home/pei/Project/duckdb-polr/third_party/miniz -I/home/pei/Project/duckdb-polr/third_party/utf8proc/include -I/home/pei/Project/duckdb-polr/third_party/miniparquet -I/home/pei/Project/duckdb-polr/third_party/concurrentqueue -I/home/pei/Project/duckdb-polr/third_party/pcg -I/home/pei/Project/duckdb-polr/third_party/tdigest -I/home/pei/Project/duckdb-polr/third_party/mbedtls/include -I/home/pei/Project/duckdb-polr/third_party/jaro_winkler -O3 -DNDEBUG -O3 -DNDEBUG   -fPIC -fdiagnostics-color=always -std=c++11 -MD -MT src/planner/binder/query_node/CMakeFiles/duckdb_bind_query_node.dir/ub_duckdb_bind_query_node.cpp.o -MF src/planner/binder/query_node/CMakeFiles/duckdb_bind_query_node.dir/ub_duckdb_bind_query_node.cpp.o.d -o src/planner/binder/query_node/CMakeFiles/duckdb_bind_query_node.dir/ub_duckdb_bind_query_node.cpp.o -c /home/pei/Project/duckdb-polr/build/release/src/planner/binder/query_node/ub_duckdb_bind_query_node.cpp
[10/376] /usr/bin/ccache /usr/lib/ccache/c++ -DDUCKDB -DDUCKDB_BUILD_LIBRARY -DDUCKDB_MAIN_LIBRARY -DENABLE_CROSS_PRODUCT_REWRITE=0 -DENABLE_DEBUG_PRINT=0 -DENABLE_MEASURE_EXE_TIME=0 -DENABLE_MERGE_BACK_PLAN=0 -DENABLE_PARALLEL_EXECUTION=0 -DENABLE_QUERY_SPLIT=1 -DENABLE_SPECIFY_EST_STAT=0 -I/home/pei/Project/duckdb-polr/src/include -I/home/pei/Project/duckdb-polr/third_party/fsst -I/home/pei/Project/duckdb-polr/third_party/fmt/include -I/home/pei/Project/duckdb-polr/third_party/hyperloglog -I/home/pei/Project/duckdb-polr/third_party/fastpforlib -I/home/pei/Project/duckdb-polr/third_party/fast_float -I/home/pei/Project/duckdb-polr/third_party/re2 -I/home/pei/Project/duckdb-polr/third_party/miniz -I/home/pei/Project/duckdb-polr/third_party/utf8proc/include -I/home/pei/Project/duckdb-polr/third_party/miniparquet -I/home/pei/Project/duckdb-polr/third_party/concurrentqueue -I/home/pei/Project/duckdb-polr/third_party/pcg -I/home/pei/Project/duckdb-polr/third_party/tdigest -I/home/pei/Project/duckdb-polr/third_party/mbedtls/include -I/home/pei/Project/duckdb-polr/third_party/jaro_winkler -O3 -DNDEBUG -O3 -DNDEBUG   -fPIC -fdiagnostics-color=always -std=c++11 -MD -MT src/planner/binder/expression/CMakeFiles/duckdb_bind_expression.dir/ub_duckdb_bind_expression.cpp.o -MF src/planner/binder/expression/CMakeFiles/duckdb_bind_expression.dir/ub_duckdb_bind_expression.cpp.o.d -o src/planner/binder/expression/CMakeFiles/duckdb_bind_expression.dir/ub_duckdb_bind_expression.cpp.o -c /home/pei/Project/duckdb-polr/build/release/src/planner/binder/expression/ub_duckdb_bind_expression.cpp
[11/376] /usr/bin/ccache /usr/lib/ccache/c++ -DDUCKDB -DDUCKDB_BUILD_LIBRARY -DDUCKDB_MAIN_LIBRARY -DENABLE_CROSS_PRODUCT_REWRITE=0 -DENABLE_DEBUG_PRINT=0 -DENABLE_MEASURE_EXE_TIME=0 -DENABLE_MERGE_BACK_PLAN=0 -DENABLE_PARALLEL_EXECUTION=0 -DENABLE_QUERY_SPLIT=1 -DENABLE_SPECIFY_EST_STAT=0 -I/home/pei/Project/duckdb-polr/src/include -I/home/pei/Project/duckdb-polr/third_party/fsst -I/home/pei/Project/duckdb-polr/third_party/fmt/include -I/home/pei/Project/duckdb-polr/third_party/hyperloglog -I/home/pei/Project/duckdb-polr/third_party/fastpforlib -I/home/pei/Project/duckdb-polr/third_party/fast_float -I/home/pei/Project/duckdb-polr/third_party/re2 -I/home/pei/Project/duckdb-polr/third_party/miniz -I/home/pei/Project/duckdb-polr/third_party/utf8proc/include -I/home/pei/Project/duckdb-polr/third_party/miniparquet -I/home/pei/Project/duckdb-polr/third_party/concurrentqueue -I/home/pei/Project/duckdb-polr/third_party/pcg -I/home/pei/Project/duckdb-polr/third_party/tdigest -I/home/pei/Project/duckdb-polr/third_party/mbedtls/include -I/home/pei/Project/duckdb-polr/third_party/jaro_winkler -O3 -DNDEBUG -O3 -DNDEBUG   -fPIC -fdiagnostics-color=always -std=c++11 -MD -MT src/planner/binder/statement/CMakeFiles/duckdb_bind_statement.dir/ub_duckdb_bind_statement.cpp.o -MF src/planner/binder/statement/CMakeFiles/duckdb_bind_statement.dir/ub_duckdb_bind_statement.cpp.o.d -o src/planner/binder/statement/CMakeFiles/duckdb_bind_statement.dir/ub_duckdb_bind_statement.cpp.o -c /home/pei/Project/duckdb-polr/build/release/src/planner/binder/statement/ub_duckdb_bind_statement.cpp
[12/376] /usr/bin/ccache /usr/lib/ccache/c++ -DDUCKDB -DDUCKDB_BUILD_LIBRARY -DDUCKDB_MAIN_LIBRARY -DENABLE_CROSS_PRODUCT_REWRITE=0 -DENABLE_DEBUG_PRINT=0 -DENABLE_MEASURE_EXE_TIME=0 -DENABLE_MERGE_BACK_PLAN=0 -DENABLE_PARALLEL_EXECUTION=0 -DENABLE_QUERY_SPLIT=1 -DENABLE_SPECIFY_EST_STAT=0 -I/home/pei/Project/duckdb-polr/src/include -I/home/pei/Project/duckdb-polr/third_party/fsst -I/home/pei/Project/duckdb-polr/third_party/fmt/include -I/home/pei/Project/duckdb-polr/third_party/hyperloglog -I/home/pei/Project/duckdb-polr/third_party/fastpforlib -I/home/pei/Project/duckdb-polr/third_party/fast_float -I/home/pei/Project/duckdb-polr/third_party/re2 -I/home/pei/Project/duckdb-polr/third_party/miniz -I/home/pei/Project/duckdb-polr/third_party/utf8proc/include -I/home/pei/Project/duckdb-polr/third_party/miniparquet -I/home/pei/Project/duckdb-polr/third_party/concurrentqueue -I/home/pei/Project/duckdb-polr/third_party/pcg -I/home/pei/Project/duckdb-polr/third_party/tdigest -I/home/pei/Project/duckdb-polr/third_party/mbedtls/include -I/home/pei/Project/duckdb-polr/third_party/jaro_winkler -O3 -DNDEBUG -O3 -DNDEBUG   -fPIC -fdiagnostics-color=always -std=c++11 -MD -MT src/planner/CMakeFiles/duckdb_planner.dir/ub_duckdb_planner.cpp.o -MF src/planner/CMakeFiles/duckdb_planner.dir/ub_duckdb_planner.cpp.o.d -o src/planner/CMakeFiles/duckdb_planner.dir/ub_duckdb_planner.cpp.o -c /home/pei/Project/duckdb-polr/build/release/src/planner/ub_duckdb_planner.cpp
[13/376] /usr/bin/ccache /usr/lib/ccache/c++ -DDUCKDB -DDUCKDB_BUILD_LIBRARY -DDUCKDB_MAIN_LIBRARY -DENABLE_CROSS_PRODUCT_REWRITE=0 -DENABLE_DEBUG_PRINT=0 -DENABLE_MEASURE_EXE_TIME=0 -DENABLE_MERGE_BACK_PLAN=0 -DENABLE_PARALLEL_EXECUTION=0 -DENABLE_QUERY_SPLIT=1 -DENABLE_SPECIFY_EST_STAT=0 -I/home/pei/Project/duckdb-polr/src/include -I/home/pei/Project/duckdb-polr/third_party/fsst -I/home/pei/Project/duckdb-polr/third_party/fmt/include -I/home/pei/Project/duckdb-polr/third_party/hyperloglog -I/home/pei/Project/duckdb-polr/third_party/fastpforlib -I/home/pei/Project/duckdb-polr/third_party/fast_float -I/home/pei/Project/duckdb-polr/third_party/re2 -I/home/pei/Project/duckdb-polr/third_party/miniz -I/home/pei/Project/duckdb-polr/third_party/utf8proc/include -I/home/pei/Project/duckdb-polr/third_party/miniparquet -I/home/pei/Project/duckdb-polr/third_party/concurrentqueue -I/home/pei/Project/duckdb-polr/third_party/pcg -I/home/pei/Project/duckdb-polr/third_party/tdigest -I/home/pei/Project/duckdb-polr/third_party/mbedtls/include -I/home/pei/Project/duckdb-polr/third_party/jaro_winkler -O3 -DNDEBUG -O3 -DNDEBUG   -fPIC -fdiagnostics-color=always -std=c++11 -MD -MT src/planner/filter/CMakeFiles/duckdb_planner_filter.dir/ub_duckdb_planner_filter.cpp.o -MF src/planner/filter/CMakeFiles/duckdb_planner_filter.dir/ub_duckdb_planner_filter.cpp.o.d -o src/planner/filter/CMakeFiles/duckdb_planner_filter.dir/ub_duckdb_planner_filter.cpp.o -c /home/pei/Project/duckdb-polr/build/release/src/planner/filter/ub_duckdb_planner_filter.cpp
[14/376] /usr/bin/ccache /usr/lib/ccache/c++ -DDUCKDB -DDUCKDB_BUILD_LIBRARY -DDUCKDB_MAIN_LIBRARY -DENABLE_CROSS_PRODUCT_REWRITE=0 -DENABLE_DEBUG_PRINT=0 -DENABLE_MEASURE_EXE_TIME=0 -DENABLE_MERGE_BACK_PLAN=0 -DENABLE_PARALLEL_EXECUTION=0 -DENABLE_QUERY_SPLIT=1 -DENABLE_SPECIFY_EST_STAT=0 -I/home/pei/Project/duckdb-polr/src/include -I/home/pei/Project/duckdb-polr/third_party/fsst -I/home/pei/Project/duckdb-polr/third_party/fmt/include -I/home/pei/Project/duckdb-polr/third_party/hyperloglog -I/home/pei/Project/duckdb-polr/third_party/fastpforlib -I/home/pei/Project/duckdb-polr/third_party/fast_float -I/home/pei/Project/duckdb-polr/third_party/re2 -I/home/pei/Project/duckdb-polr/third_party/miniz -I/home/pei/Project/duckdb-polr/third_party/utf8proc/include -I/home/pei/Project/duckdb-polr/third_party/miniparquet -I/home/pei/Project/duckdb-polr/third_party/concurrentqueue -I/home/pei/Project/duckdb-polr/third_party/pcg -I/home/pei/Project/duckdb-polr/third_party/tdigest -I/home/pei/Project/duckdb-polr/third_party/mbedtls/include -I/home/pei/Project/duckdb-polr/third_party/jaro_winkler -O3 -DNDEBUG -O3 -DNDEBUG   -fPIC -fdiagnostics-color=always -std=c++11 -MD -MT src/planner/expression_binder/CMakeFiles/duckdb_expression_binders.dir/ub_duckdb_expression_binders.cpp.o -MF src/planner/expression_binder/CMakeFiles/duckdb_expression_binders.dir/ub_duckdb_expression_binders.cpp.o.d -o src/planner/expression_binder/CMakeFiles/duckdb_expression_binders.dir/ub_duckdb_expression_binders.cpp.o -c /home/pei/Project/duckdb-polr/build/release/src/planner/expression_binder/ub_duckdb_expression_binders.cpp
[15/376] /usr/bin/ccache /usr/lib/ccache/c++ -DDUCKDB -DDUCKDB_BUILD_LIBRARY -DDUCKDB_MAIN_LIBRARY -DENABLE_CROSS_PRODUCT_REWRITE=0 -DENABLE_DEBUG_PRINT=0 -DENABLE_MEASURE_EXE_TIME=0 -DENABLE_MERGE_BACK_PLAN=0 -DENABLE_PARALLEL_EXECUTION=0 -DENABLE_QUERY_SPLIT=1 -DENABLE_SPECIFY_EST_STAT=0 -I/home/pei/Project/duckdb-polr/src/include -I/home/pei/Project/duckdb-polr/third_party/fsst -I/home/pei/Project/duckdb-polr/third_party/fmt/include -I/home/pei/Project/duckdb-polr/third_party/hyperloglog -I/home/pei/Project/duckdb-polr/third_party/fastpforlib -I/home/pei/Project/duckdb-polr/third_party/fast_float -I/home/pei/Project/duckdb-polr/third_party/re2 -I/home/pei/Project/duckdb-polr/third_party/miniz -I/home/pei/Project/duckdb-polr/third_party/utf8proc/include -I/home/pei/Project/duckdb-polr/third_party/miniparquet -I/home/pei/Project/duckdb-polr/third_party/concurrentqueue -I/home/pei/Project/duckdb-polr/third_party/pcg -I/home/pei/Project/duckdb-polr/third_party/tdigest -I/home/pei/Project/duckdb-polr/third_party/mbedtls/include -I/home/pei/Project/duckdb-polr/third_party/jaro_winkler -I/home/pei/Project/duckdb-polr/src/parser/../../third_party/libpg_query/include -I/home/pei/Project/duckdb-polr/src/parser/../../third_party/libpg_query -O3 -DNDEBUG -O3 -DNDEBUG   -fPIC -fdiagnostics-color=always -std=c++11 -MD -MT src/parser/constraints/CMakeFiles/duckdb_constraints.dir/ub_duckdb_constraints.cpp.o -MF src/parser/constraints/CMakeFiles/duckdb_constraints.dir/ub_duckdb_constraints.cpp.o.d -o src/parser/constraints/CMakeFiles/duckdb_constraints.dir/ub_duckdb_constraints.cpp.o -c /home/pei/Project/duckdb-polr/build/release/src/parser/constraints/ub_duckdb_constraints.cpp
[16/376] /usr/bin/ccache /usr/lib/ccache/c++ -DDUCKDB -DDUCKDB_BUILD_LIBRARY -DDUCKDB_MAIN_LIBRARY -DENABLE_CROSS_PRODUCT_REWRITE=0 -DENABLE_DEBUG_PRINT=0 -DENABLE_MEASURE_EXE_TIME=0 -DENABLE_MERGE_BACK_PLAN=0 -DENABLE_PARALLEL_EXECUTION=0 -DENABLE_QUERY_SPLIT=1 -DENABLE_SPECIFY_EST_STAT=0 -I/home/pei/Project/duckdb-polr/src/include -I/home/pei/Project/duckdb-polr/third_party/fsst -I/home/pei/Project/duckdb-polr/third_party/fmt/include -I/home/pei/Project/duckdb-polr/third_party/hyperloglog -I/home/pei/Project/duckdb-polr/third_party/fastpforlib -I/home/pei/Project/duckdb-polr/third_party/fast_float -I/home/pei/Project/duckdb-polr/third_party/re2 -I/home/pei/Project/duckdb-polr/third_party/miniz -I/home/pei/Project/duckdb-polr/third_party/utf8proc/include -I/home/pei/Project/duckdb-polr/third_party/miniparquet -I/home/pei/Project/duckdb-polr/third_party/concurrentqueue -I/home/pei/Project/duckdb-polr/third_party/pcg -I/home/pei/Project/duckdb-polr/third_party/tdigest -I/home/pei/Project/duckdb-polr/third_party/mbedtls/include -I/home/pei/Project/duckdb-polr/third_party/jaro_winkler -O3 -DNDEBUG -O3 -DNDEBUG   -fPIC -fdiagnostics-color=always -std=c++11 -MD -MT src/planner/binder/tableref/CMakeFiles/duckdb_bind_tableref.dir/ub_duckdb_bind_tableref.cpp.o -MF src/planner/binder/tableref/CMakeFiles/duckdb_bind_tableref.dir/ub_duckdb_bind_tableref.cpp.o.d -o src/planner/binder/tableref/CMakeFiles/duckdb_bind_tableref.dir/ub_duckdb_bind_tableref.cpp.o -c /home/pei/Project/duckdb-polr/build/release/src/planner/binder/tableref/ub_duckdb_bind_tableref.cpp
[17/376] /usr/bin/ccache /usr/lib/ccache/c++ -DDUCKDB -DDUCKDB_BUILD_LIBRARY -DDUCKDB_MAIN_LIBRARY -DENABLE_CROSS_PRODUCT_REWRITE=0 -DENABLE_DEBUG_PRINT=0 -DENABLE_MEASURE_EXE_TIME=0 -DENABLE_MERGE_BACK_PLAN=0 -DENABLE_PARALLEL_EXECUTION=0 -DENABLE_QUERY_SPLIT=1 -DENABLE_SPECIFY_EST_STAT=0 -I/home/pei/Project/duckdb-polr/src/include -I/home/pei/Project/duckdb-polr/third_party/fsst -I/home/pei/Project/duckdb-polr/third_party/fmt/include -I/home/pei/Project/duckdb-polr/third_party/hyperloglog -I/home/pei/Project/duckdb-polr/third_party/fastpforlib -I/home/pei/Project/duckdb-polr/third_party/fast_float -I/home/pei/Project/duckdb-polr/third_party/re2 -I/home/pei/Project/duckdb-polr/third_party/miniz -I/home/pei/Project/duckdb-polr/third_party/utf8proc/include -I/home/pei/Project/duckdb-polr/third_party/miniparquet -I/home/pei/Project/duckdb-polr/third_party/concurrentqueue -I/home/pei/Project/duckdb-polr/third_party/pcg -I/home/pei/Project/duckdb-polr/third_party/tdigest -I/home/pei/Project/duckdb-polr/third_party/mbedtls/include -I/home/pei/Project/duckdb-polr/third_party/jaro_winkler -O3 -DNDEBUG -O3 -DNDEBUG   -fPIC -fdiagnostics-color=always -std=c++11 -MD -MT src/planner/parsed_data/CMakeFiles/duckdb_planner_parsed_data.dir/ub_duckdb_planner_parsed_data.cpp.o -MF src/planner/parsed_data/CMakeFiles/duckdb_planner_parsed_data.dir/ub_duckdb_planner_parsed_data.cpp.o.d -o src/planner/parsed_data/CMakeFiles/duckdb_planner_parsed_data.dir/ub_duckdb_planner_parsed_data.cpp.o -c /home/pei/Project/duckdb-polr/build/release/src/planner/parsed_data/ub_duckdb_planner_parsed_data.cpp
[18/376] /usr/bin/ccache /usr/lib/ccache/c++ -DDUCKDB -DDUCKDB_BUILD_LIBRARY -DDUCKDB_MAIN_LIBRARY -DENABLE_CROSS_PRODUCT_REWRITE=0 -DENABLE_DEBUG_PRINT=0 -DENABLE_MEASURE_EXE_TIME=0 -DENABLE_MERGE_BACK_PLAN=0 -DENABLE_PARALLEL_EXECUTION=0 -DENABLE_QUERY_SPLIT=1 -DENABLE_SPECIFY_EST_STAT=0 -I/home/pei/Project/duckdb-polr/src/include -I/home/pei/Project/duckdb-polr/third_party/fsst -I/home/pei/Project/duckdb-polr/third_party/fmt/include -I/home/pei/Project/duckdb-polr/third_party/hyperloglog -I/home/pei/Project/duckdb-polr/third_party/fastpforlib -I/home/pei/Project/duckdb-polr/third_party/fast_float -I/home/pei/Project/duckdb-polr/third_party/re2 -I/home/pei/Project/duckdb-polr/third_party/miniz -I/home/pei/Project/duckdb-polr/third_party/utf8proc/include -I/home/pei/Project/duckdb-polr/third_party/miniparquet -I/home/pei/Project/duckdb-polr/third_party/concurrentqueue -I/home/pei/Project/duckdb-polr/third_party/pcg -I/home/pei/Project/duckdb-polr/third_party/tdigest -I/home/pei/Project/duckdb-polr/third_party/mbedtls/include -I/home/pei/Project/duckdb-polr/third_party/jaro_winkler -O3 -DNDEBUG -O3 -DNDEBUG   -fPIC -fdiagnostics-color=always -std=c++11 -MD -MT src/planner/subquery/CMakeFiles/duckdb_planner_subquery.dir/ub_duckdb_planner_subquery.cpp.o -MF src/planner/subquery/CMakeFiles/duckdb_planner_subquery.dir/ub_duckdb_planner_subquery.cpp.o.d -o src/planner/subquery/CMakeFiles/duckdb_planner_subquery.dir/ub_duckdb_planner_subquery.cpp.o -c /home/pei/Project/duckdb-polr/build/release/src/planner/subquery/ub_duckdb_planner_subquery.cpp
[19/376] /usr/bin/ccache /usr/lib/ccache/c++ -DDUCKDB -DDUCKDB_BUILD_LIBRARY -DDUCKDB_MAIN_LIBRARY -DENABLE_CROSS_PRODUCT_REWRITE=0 -DENABLE_DEBUG_PRINT=0 -DENABLE_MEASURE_EXE_TIME=0 -DENABLE_MERGE_BACK_PLAN=0 -DENABLE_PARALLEL_EXECUTION=0 -DENABLE_QUERY_SPLIT=1 -DENABLE_SPECIFY_EST_STAT=0 -I/home/pei/Project/duckdb-polr/src/include -I/home/pei/Project/duckdb-polr/third_party/fsst -I/home/pei/Project/duckdb-polr/third_party/fmt/include -I/home/pei/Project/duckdb-polr/third_party/hyperloglog -I/home/pei/Project/duckdb-polr/third_party/fastpforlib -I/home/pei/Project/duckdb-polr/third_party/fast_float -I/home/pei/Project/duckdb-polr/third_party/re2 -I/home/pei/Project/duckdb-polr/third_party/miniz -I/home/pei/Project/duckdb-polr/third_party/utf8proc/include -I/home/pei/Project/duckdb-polr/third_party/miniparquet -I/home/pei/Project/duckdb-polr/third_party/concurrentqueue -I/home/pei/Project/duckdb-polr/third_party/pcg -I/home/pei/Project/duckdb-polr/third_party/tdigest -I/home/pei/Project/duckdb-polr/third_party/mbedtls/include -I/home/pei/Project/duckdb-polr/third_party/jaro_winkler -O3 -DNDEBUG -O3 -DNDEBUG   -fPIC -fdiagnostics-color=always -std=c++11 -MD -MT src/planner/operator/CMakeFiles/duckdb_planner_operator.dir/ub_duckdb_planner_operator.cpp.o -MF src/planner/operator/CMakeFiles/duckdb_planner_operator.dir/ub_duckdb_planner_operator.cpp.o.d -o src/planner/operator/CMakeFiles/duckdb_planner_operator.dir/ub_duckdb_planner_operator.cpp.o -c /home/pei/Project/duckdb-polr/build/release/src/planner/operator/ub_duckdb_planner_operator.cpp
[20/376] /usr/bin/ccache /usr/lib/ccache/c++ -DDUCKDB -DDUCKDB_BUILD_LIBRARY -DDUCKDB_MAIN_LIBRARY -DENABLE_CROSS_PRODUCT_REWRITE=0 -DENABLE_DEBUG_PRINT=0 -DENABLE_MEASURE_EXE_TIME=0 -DENABLE_MERGE_BACK_PLAN=0 -DENABLE_PARALLEL_EXECUTION=0 -DENABLE_QUERY_SPLIT=1 -DENABLE_SPECIFY_EST_STAT=0 -I/home/pei/Project/duckdb-polr/src/include -I/home/pei/Project/duckdb-polr/third_party/fsst -I/home/pei/Project/duckdb-polr/third_party/fmt/include -I/home/pei/Project/duckdb-polr/third_party/hyperloglog -I/home/pei/Project/duckdb-polr/third_party/fastpforlib -I/home/pei/Project/duckdb-polr/third_party/fast_float -I/home/pei/Project/duckdb-polr/third_party/re2 -I/home/pei/Project/duckdb-polr/third_party/miniz -I/home/pei/Project/duckdb-polr/third_party/utf8proc/include -I/home/pei/Project/duckdb-polr/third_party/miniparquet -I/home/pei/Project/duckdb-polr/third_party/concurrentqueue -I/home/pei/Project/duckdb-polr/third_party/pcg -I/home/pei/Project/duckdb-polr/third_party/tdigest -I/home/pei/Project/duckdb-polr/third_party/mbedtls/include -I/home/pei/Project/duckdb-polr/third_party/jaro_winkler -I/home/pei/Project/duckdb-polr/src/parser/../../third_party/libpg_query/include -I/home/pei/Project/duckdb-polr/src/parser/../../third_party/libpg_query -O3 -DNDEBUG -O3 -DNDEBUG   -fPIC -fdiagnostics-color=always -std=c++11 -MD -MT src/parser/CMakeFiles/duckdb_parser.dir/ub_duckdb_parser.cpp.o -MF src/parser/CMakeFiles/duckdb_parser.dir/ub_duckdb_parser.cpp.o.d -o src/parser/CMakeFiles/duckdb_parser.dir/ub_duckdb_parser.cpp.o -c /home/pei/Project/duckdb-polr/build/release/src/parser/ub_duckdb_parser.cpp
[21/376] /usr/bin/ccache /usr/lib/ccache/c++ -DDUCKDB -DDUCKDB_BUILD_LIBRARY -DDUCKDB_MAIN_LIBRARY -DENABLE_CROSS_PRODUCT_REWRITE=0 -DENABLE_DEBUG_PRINT=0 -DENABLE_MEASURE_EXE_TIME=0 -DENABLE_MERGE_BACK_PLAN=0 -DENABLE_PARALLEL_EXECUTION=0 -DENABLE_QUERY_SPLIT=1 -DENABLE_SPECIFY_EST_STAT=0 -I/home/pei/Project/duckdb-polr/src/include -I/home/pei/Project/duckdb-polr/third_party/fsst -I/home/pei/Project/duckdb-polr/third_party/fmt/include -I/home/pei/Project/duckdb-polr/third_party/hyperloglog -I/home/pei/Project/duckdb-polr/third_party/fastpforlib -I/home/pei/Project/duckdb-polr/third_party/fast_float -I/home/pei/Project/duckdb-polr/third_party/re2 -I/home/pei/Project/duckdb-polr/third_party/miniz -I/home/pei/Project/duckdb-polr/third_party/utf8proc/include -I/home/pei/Project/duckdb-polr/third_party/miniparquet -I/home/pei/Project/duckdb-polr/third_party/concurrentqueue -I/home/pei/Project/duckdb-polr/third_party/pcg -I/home/pei/Project/duckdb-polr/third_party/tdigest -I/home/pei/Project/duckdb-polr/third_party/mbedtls/include -I/home/pei/Project/duckdb-polr/third_party/jaro_winkler -I/home/pei/Project/duckdb-polr/src/parser/../../third_party/libpg_query/include -I/home/pei/Project/duckdb-polr/src/parser/../../third_party/libpg_query -O3 -DNDEBUG -O3 -DNDEBUG   -fPIC -fdiagnostics-color=always -std=c++11 -MD -MT src/parser/expression/CMakeFiles/duckdb_expression.dir/ub_duckdb_expression.cpp.o -MF src/parser/expression/CMakeFiles/duckdb_expression.dir/ub_duckdb_expression.cpp.o.d -o src/parser/expression/CMakeFiles/duckdb_expression.dir/ub_duckdb_expression.cpp.o -c /home/pei/Project/duckdb-polr/build/release/src/parser/expression/ub_duckdb_expression.cpp
[22/376] /usr/bin/ccache /usr/lib/ccache/c++ -DDUCKDB -DDUCKDB_BUILD_LIBRARY -DDUCKDB_MAIN_LIBRARY -DENABLE_CROSS_PRODUCT_REWRITE=0 -DENABLE_DEBUG_PRINT=0 -DENABLE_MEASURE_EXE_TIME=0 -DENABLE_MERGE_BACK_PLAN=0 -DENABLE_PARALLEL_EXECUTION=0 -DENABLE_QUERY_SPLIT=1 -DENABLE_SPECIFY_EST_STAT=0 -I/home/pei/Project/duckdb-polr/src/include -I/home/pei/Project/duckdb-polr/third_party/fsst -I/home/pei/Project/duckdb-polr/third_party/fmt/include -I/home/pei/Project/duckdb-polr/third_party/hyperloglog -I/home/pei/Project/duckdb-polr/third_party/fastpforlib -I/home/pei/Project/duckdb-polr/third_party/fast_float -I/home/pei/Project/duckdb-polr/third_party/re2 -I/home/pei/Project/duckdb-polr/third_party/miniz -I/home/pei/Project/duckdb-polr/third_party/utf8proc/include -I/home/pei/Project/duckdb-polr/third_party/miniparquet -I/home/pei/Project/duckdb-polr/third_party/concurrentqueue -I/home/pei/Project/duckdb-polr/third_party/pcg -I/home/pei/Project/duckdb-polr/third_party/tdigest -I/home/pei/Project/duckdb-polr/third_party/mbedtls/include -I/home/pei/Project/duckdb-polr/third_party/jaro_winkler -I/home/pei/Project/duckdb-polr/src/parser/../../third_party/libpg_query/include -I/home/pei/Project/duckdb-polr/src/parser/../../third_party/libpg_query -O3 -DNDEBUG -O3 -DNDEBUG   -fPIC -fdiagnostics-color=always -std=c++11 -MD -MT src/parser/query_node/CMakeFiles/duckdb_query_node.dir/ub_duckdb_query_node.cpp.o -MF src/parser/query_node/CMakeFiles/duckdb_query_node.dir/ub_duckdb_query_node.cpp.o.d -o src/parser/query_node/CMakeFiles/duckdb_query_node.dir/ub_duckdb_query_node.cpp.o -c /home/pei/Project/duckdb-polr/build/release/src/parser/query_node/ub_duckdb_query_node.cpp
[23/376] /usr/bin/ccache /usr/lib/ccache/c++ -DDUCKDB -DDUCKDB_BUILD_LIBRARY -DDUCKDB_MAIN_LIBRARY -DENABLE_CROSS_PRODUCT_REWRITE=0 -DENABLE_DEBUG_PRINT=0 -DENABLE_MEASURE_EXE_TIME=0 -DENABLE_MERGE_BACK_PLAN=0 -DENABLE_PARALLEL_EXECUTION=0 -DENABLE_QUERY_SPLIT=1 -DENABLE_SPECIFY_EST_STAT=0 -I/home/pei/Project/duckdb-polr/src/include -I/home/pei/Project/duckdb-polr/third_party/fsst -I/home/pei/Project/duckdb-polr/third_party/fmt/include -I/home/pei/Project/duckdb-polr/third_party/hyperloglog -I/home/pei/Project/duckdb-polr/third_party/fastpforlib -I/home/pei/Project/duckdb-polr/third_party/fast_float -I/home/pei/Project/duckdb-polr/third_party/re2 -I/home/pei/Project/duckdb-polr/third_party/miniz -I/home/pei/Project/duckdb-polr/third_party/utf8proc/include -I/home/pei/Project/duckdb-polr/third_party/miniparquet -I/home/pei/Project/duckdb-polr/third_party/concurrentqueue -I/home/pei/Project/duckdb-polr/third_party/pcg -I/home/pei/Project/duckdb-polr/third_party/tdigest -I/home/pei/Project/duckdb-polr/third_party/mbedtls/include -I/home/pei/Project/duckdb-polr/third_party/jaro_winkler -I/home/pei/Project/duckdb-polr/src/parser/../../third_party/libpg_query/include -I/home/pei/Project/duckdb-polr/src/parser/../../third_party/libpg_query -O3 -DNDEBUG -O3 -DNDEBUG   -fPIC -fdiagnostics-color=always -std=c++11 -MD -MT src/parser/tableref/CMakeFiles/duckdb_parser_tableref.dir/ub_duckdb_parser_tableref.cpp.o -MF src/parser/tableref/CMakeFiles/duckdb_parser_tableref.dir/ub_duckdb_parser_tableref.cpp.o.d -o src/parser/tableref/CMakeFiles/duckdb_parser_tableref.dir/ub_duckdb_parser_tableref.cpp.o -c /home/pei/Project/duckdb-polr/build/release/src/parser/tableref/ub_duckdb_parser_tableref.cpp
[24/376] /usr/bin/ccache /usr/lib/ccache/c++ -DDUCKDB -DDUCKDB_BUILD_LIBRARY -DDUCKDB_MAIN_LIBRARY -DENABLE_CROSS_PRODUCT_REWRITE=0 -DENABLE_DEBUG_PRINT=0 -DENABLE_MEASURE_EXE_TIME=0 -DENABLE_MERGE_BACK_PLAN=0 -DENABLE_PARALLEL_EXECUTION=0 -DENABLE_QUERY_SPLIT=1 -DENABLE_SPECIFY_EST_STAT=0 -I/home/pei/Project/duckdb-polr/src/include -I/home/pei/Project/duckdb-polr/third_party/fsst -I/home/pei/Project/duckdb-polr/third_party/fmt/include -I/home/pei/Project/duckdb-polr/third_party/hyperloglog -I/home/pei/Project/duckdb-polr/third_party/fastpforlib -I/home/pei/Project/duckdb-polr/third_party/fast_float -I/home/pei/Project/duckdb-polr/third_party/re2 -I/home/pei/Project/duckdb-polr/third_party/miniz -I/home/pei/Project/duckdb-polr/third_party/utf8proc/include -I/home/pei/Project/duckdb-polr/third_party/miniparquet -I/home/pei/Project/duckdb-polr/third_party/concurrentqueue -I/home/pei/Project/duckdb-polr/third_party/pcg -I/home/pei/Project/duckdb-polr/third_party/tdigest -I/home/pei/Project/duckdb-polr/third_party/mbedtls/include -I/home/pei/Project/duckdb-polr/third_party/jaro_winkler -I/home/pei/Project/duckdb-polr/src/parser/../../third_party/libpg_query/include -I/home/pei/Project/duckdb-polr/src/parser/../../third_party/libpg_query -O3 -DNDEBUG -O3 -DNDEBUG   -fPIC -fdiagnostics-color=always -std=c++11 -MD -MT src/parser/transform/constraint/CMakeFiles/duckdb_transformer_constraint.dir/ub_duckdb_transformer_constraint.cpp.o -MF src/parser/transform/constraint/CMakeFiles/duckdb_transformer_constraint.dir/ub_duckdb_transformer_constraint.cpp.o.d -o src/parser/transform/constraint/CMakeFiles/duckdb_transformer_constraint.dir/ub_duckdb_transformer_constraint.cpp.o -c /home/pei/Project/duckdb-polr/build/release/src/parser/transform/constraint/ub_duckdb_transformer_constraint.cpp
[25/376] /usr/bin/ccache /usr/lib/ccache/c++ -DDUCKDB -DDUCKDB_BUILD_LIBRARY -DDUCKDB_MAIN_LIBRARY -DENABLE_CROSS_PRODUCT_REWRITE=0 -DENABLE_DEBUG_PRINT=0 -DENABLE_MEASURE_EXE_TIME=0 -DENABLE_MERGE_BACK_PLAN=0 -DENABLE_PARALLEL_EXECUTION=0 -DENABLE_QUERY_SPLIT=1 -DENABLE_SPECIFY_EST_STAT=0 -I/home/pei/Project/duckdb-polr/src/include -I/home/pei/Project/duckdb-polr/third_party/fsst -I/home/pei/Project/duckdb-polr/third_party/fmt/include -I/home/pei/Project/duckdb-polr/third_party/hyperloglog -I/home/pei/Project/duckdb-polr/third_party/fastpforlib -I/home/pei/Project/duckdb-polr/third_party/fast_float -I/home/pei/Project/duckdb-polr/third_party/re2 -I/home/pei/Project/duckdb-polr/third_party/miniz -I/home/pei/Project/duckdb-polr/third_party/utf8proc/include -I/home/pei/Project/duckdb-polr/third_party/miniparquet -I/home/pei/Project/duckdb-polr/third_party/concurrentqueue -I/home/pei/Project/duckdb-polr/third_party/pcg -I/home/pei/Project/duckdb-polr/third_party/tdigest -I/home/pei/Project/duckdb-polr/third_party/mbedtls/include -I/home/pei/Project/duckdb-polr/third_party/jaro_winkler -I/home/pei/Project/duckdb-polr/src/parser/../../third_party/libpg_query/include -I/home/pei/Project/duckdb-polr/src/parser/../../third_party/libpg_query -O3 -DNDEBUG -O3 -DNDEBUG   -fPIC -fdiagnostics-color=always -std=c++11 -MD -MT src/parser/parsed_data/CMakeFiles/duckdb_parsed_data.dir/ub_duckdb_parsed_data.cpp.o -MF src/parser/parsed_data/CMakeFiles/duckdb_parsed_data.dir/ub_duckdb_parsed_data.cpp.o.d -o src/parser/parsed_data/CMakeFiles/duckdb_parsed_data.dir/ub_duckdb_parsed_data.cpp.o -c /home/pei/Project/duckdb-polr/build/release/src/parser/parsed_data/ub_duckdb_parsed_data.cpp
[26/376] /usr/bin/ccache /usr/lib/ccache/c++ -DDUCKDB -DDUCKDB_BUILD_LIBRARY -DDUCKDB_MAIN_LIBRARY -DENABLE_CROSS_PRODUCT_REWRITE=0 -DENABLE_DEBUG_PRINT=0 -DENABLE_MEASURE_EXE_TIME=0 -DENABLE_MERGE_BACK_PLAN=0 -DENABLE_PARALLEL_EXECUTION=0 -DENABLE_QUERY_SPLIT=1 -DENABLE_SPECIFY_EST_STAT=0 -I/home/pei/Project/duckdb-polr/src/include -I/home/pei/Project/duckdb-polr/third_party/fsst -I/home/pei/Project/duckdb-polr/third_party/fmt/include -I/home/pei/Project/duckdb-polr/third_party/hyperloglog -I/home/pei/Project/duckdb-polr/third_party/fastpforlib -I/home/pei/Project/duckdb-polr/third_party/fast_float -I/home/pei/Project/duckdb-polr/third_party/re2 -I/home/pei/Project/duckdb-polr/third_party/miniz -I/home/pei/Project/duckdb-polr/third_party/utf8proc/include -I/home/pei/Project/duckdb-polr/third_party/miniparquet -I/home/pei/Project/duckdb-polr/third_party/concurrentqueue -I/home/pei/Project/duckdb-polr/third_party/pcg -I/home/pei/Project/duckdb-polr/third_party/tdigest -I/home/pei/Project/duckdb-polr/third_party/mbedtls/include -I/home/pei/Project/duckdb-polr/third_party/jaro_winkler -I/home/pei/Project/duckdb-polr/src/parser/../../third_party/libpg_query/include -I/home/pei/Project/duckdb-polr/src/parser/../../third_party/libpg_query -O3 -DNDEBUG -O3 -DNDEBUG   -fPIC -fdiagnostics-color=always -std=c++11 -MD -MT src/parser/statement/CMakeFiles/duckdb_statement.dir/ub_duckdb_statement.cpp.o -MF src/parser/statement/CMakeFiles/duckdb_statement.dir/ub_duckdb_statement.cpp.o.d -o src/parser/statement/CMakeFiles/duckdb_statement.dir/ub_duckdb_statement.cpp.o -c /home/pei/Project/duckdb-polr/build/release/src/parser/statement/ub_duckdb_statement.cpp
[27/376] /usr/bin/ccache /usr/lib/ccache/c++ -DDUCKDB -DDUCKDB_BUILD_LIBRARY -DDUCKDB_MAIN_LIBRARY -DENABLE_CROSS_PRODUCT_REWRITE=0 -DENABLE_DEBUG_PRINT=0 -DENABLE_MEASURE_EXE_TIME=0 -DENABLE_MERGE_BACK_PLAN=0 -DENABLE_PARALLEL_EXECUTION=0 -DENABLE_QUERY_SPLIT=1 -DENABLE_SPECIFY_EST_STAT=0 -I/home/pei/Project/duckdb-polr/src/include -I/home/pei/Project/duckdb-polr/third_party/fsst -I/home/pei/Project/duckdb-polr/third_party/fmt/include -I/home/pei/Project/duckdb-polr/third_party/hyperloglog -I/home/pei/Project/duckdb-polr/third_party/fastpforlib -I/home/pei/Project/duckdb-polr/third_party/fast_float -I/home/pei/Project/duckdb-polr/third_party/re2 -I/home/pei/Project/duckdb-polr/third_party/miniz -I/home/pei/Project/duckdb-polr/third_party/utf8proc/include -I/home/pei/Project/duckdb-polr/third_party/miniparquet -I/home/pei/Project/duckdb-polr/third_party/concurrentqueue -I/home/pei/Project/duckdb-polr/third_party/pcg -I/home/pei/Project/duckdb-polr/third_party/tdigest -I/home/pei/Project/duckdb-polr/third_party/mbedtls/include -I/home/pei/Project/duckdb-polr/third_party/jaro_winkler -I/home/pei/Project/duckdb-polr/src/parser/../../third_party/libpg_query/include -I/home/pei/Project/duckdb-polr/src/parser/../../third_party/libpg_query -O3 -DNDEBUG -O3 -DNDEBUG   -fPIC -fdiagnostics-color=always -std=c++11 -MD -MT src/parser/transform/helpers/CMakeFiles/duckdb_transformer_helpers.dir/ub_duckdb_transformer_helpers.cpp.o -MF src/parser/transform/helpers/CMakeFiles/duckdb_transformer_helpers.dir/ub_duckdb_transformer_helpers.cpp.o.d -o src/parser/transform/helpers/CMakeFiles/duckdb_transformer_helpers.dir/ub_duckdb_transformer_helpers.cpp.o -c /home/pei/Project/duckdb-polr/build/release/src/parser/transform/helpers/ub_duckdb_transformer_helpers.cpp
[28/376] /usr/bin/ccache /usr/lib/ccache/c++ -DDUCKDB -DDUCKDB_BUILD_LIBRARY -DDUCKDB_MAIN_LIBRARY -DENABLE_CROSS_PRODUCT_REWRITE=0 -DENABLE_DEBUG_PRINT=0 -DENABLE_MEASURE_EXE_TIME=0 -DENABLE_MERGE_BACK_PLAN=0 -DENABLE_PARALLEL_EXECUTION=0 -DENABLE_QUERY_SPLIT=1 -DENABLE_SPECIFY_EST_STAT=0 -I/home/pei/Project/duckdb-polr/src/include -I/home/pei/Project/duckdb-polr/third_party/fsst -I/home/pei/Project/duckdb-polr/third_party/fmt/include -I/home/pei/Project/duckdb-polr/third_party/hyperloglog -I/home/pei/Project/duckdb-polr/third_party/fastpforlib -I/home/pei/Project/duckdb-polr/third_party/fast_float -I/home/pei/Project/duckdb-polr/third_party/re2 -I/home/pei/Project/duckdb-polr/third_party/miniz -I/home/pei/Project/duckdb-polr/third_party/utf8proc/include -I/home/pei/Project/duckdb-polr/third_party/miniparquet -I/home/pei/Project/duckdb-polr/third_party/concurrentqueue -I/home/pei/Project/duckdb-polr/third_party/pcg -I/home/pei/Project/duckdb-polr/third_party/tdigest -I/home/pei/Project/duckdb-polr/third_party/mbedtls/include -I/home/pei/Project/duckdb-polr/third_party/jaro_winkler -I/home/pei/Project/duckdb-polr/src/parser/../../third_party/libpg_query/include -I/home/pei/Project/duckdb-polr/src/parser/../../third_party/libpg_query -O3 -DNDEBUG -O3 -DNDEBUG   -fPIC -fdiagnostics-color=always -std=c++11 -MD -MT src/parser/transform/expression/CMakeFiles/duckdb_transformer_expression.dir/ub_duckdb_transformer_expression.cpp.o -MF src/parser/transform/expression/CMakeFiles/duckdb_transformer_expression.dir/ub_duckdb_transformer_expression.cpp.o.d -o src/parser/transform/expression/CMakeFiles/duckdb_transformer_expression.dir/ub_duckdb_transformer_expression.cpp.o -c /home/pei/Project/duckdb-polr/build/release/src/parser/transform/expression/ub_duckdb_transformer_expression.cpp
[29/376] /usr/bin/ccache /usr/lib/ccache/c++ -DDUCKDB -DDUCKDB_BUILD_LIBRARY -DDUCKDB_MAIN_LIBRARY -DENABLE_CROSS_PRODUCT_REWRITE=0 -DENABLE_DEBUG_PRINT=0 -DENABLE_MEASURE_EXE_TIME=0 -DENABLE_MERGE_BACK_PLAN=0 -DENABLE_PARALLEL_EXECUTION=0 -DENABLE_QUERY_SPLIT=1 -DENABLE_SPECIFY_EST_STAT=0 -I/home/pei/Project/duckdb-polr/src/include -I/home/pei/Project/duckdb-polr/third_party/fsst -I/home/pei/Project/duckdb-polr/third_party/fmt/include -I/home/pei/Project/duckdb-polr/third_party/hyperloglog -I/home/pei/Project/duckdb-polr/third_party/fastpforlib -I/home/pei/Project/duckdb-polr/third_party/fast_float -I/home/pei/Project/duckdb-polr/third_party/re2 -I/home/pei/Project/duckdb-polr/third_party/miniz -I/home/pei/Project/duckdb-polr/third_party/utf8proc/include -I/home/pei/Project/duckdb-polr/third_party/miniparquet -I/home/pei/Project/duckdb-polr/third_party/concurrentqueue -I/home/pei/Project/duckdb-polr/third_party/pcg -I/home/pei/Project/duckdb-polr/third_party/tdigest -I/home/pei/Project/duckdb-polr/third_party/mbedtls/include -I/home/pei/Project/duckdb-polr/third_party/jaro_winkler -I/home/pei/Project/duckdb-polr/src/parser/../../third_party/libpg_query/include -I/home/pei/Project/duckdb-polr/src/parser/../../third_party/libpg_query -O3 -DNDEBUG -O3 -DNDEBUG   -fPIC -fdiagnostics-color=always -std=c++11 -MD -MT src/parser/transform/tableref/CMakeFiles/duckdb_transformer_tableref.dir/ub_duckdb_transformer_tableref.cpp.o -MF src/parser/transform/tableref/CMakeFiles/duckdb_transformer_tableref.dir/ub_duckdb_transformer_tableref.cpp.o.d -o src/parser/transform/tableref/CMakeFiles/duckdb_transformer_tableref.dir/ub_duckdb_transformer_tableref.cpp.o -c /home/pei/Project/duckdb-polr/build/release/src/parser/transform/tableref/ub_duckdb_transformer_tableref.cpp
[30/376] /usr/bin/ccache /usr/lib/ccache/c++ -DDUCKDB -DDUCKDB_BUILD_LIBRARY -DDUCKDB_MAIN_LIBRARY -DENABLE_CROSS_PRODUCT_REWRITE=0 -DENABLE_DEBUG_PRINT=0 -DENABLE_MEASURE_EXE_TIME=0 -DENABLE_MERGE_BACK_PLAN=0 -DENABLE_PARALLEL_EXECUTION=0 -DENABLE_QUERY_SPLIT=1 -DENABLE_SPECIFY_EST_STAT=0 -I/home/pei/Project/duckdb-polr/src/include -I/home/pei/Project/duckdb-polr/third_party/fsst -I/home/pei/Project/duckdb-polr/third_party/fmt/include -I/home/pei/Project/duckdb-polr/third_party/hyperloglog -I/home/pei/Project/duckdb-polr/third_party/fastpforlib -I/home/pei/Project/duckdb-polr/third_party/fast_float -I/home/pei/Project/duckdb-polr/third_party/re2 -I/home/pei/Project/duckdb-polr/third_party/miniz -I/home/pei/Project/duckdb-polr/third_party/utf8proc/include -I/home/pei/Project/duckdb-polr/third_party/miniparquet -I/home/pei/Project/duckdb-polr/third_party/concurrentqueue -I/home/pei/Project/duckdb-polr/third_party/pcg -I/home/pei/Project/duckdb-polr/third_party/tdigest -I/home/pei/Project/duckdb-polr/third_party/mbedtls/include -I/home/pei/Project/duckdb-polr/third_party/jaro_winkler -I/home/pei/Project/duckdb-polr/src/parser/../../third_party/libpg_query/include -I/home/pei/Project/duckdb-polr/src/parser/../../third_party/libpg_query -O3 -DNDEBUG -O3 -DNDEBUG   -fPIC -fdiagnostics-color=always -std=c++11 -MD -MT src/parser/transform/statement/CMakeFiles/duckdb_transformer_statement.dir/ub_duckdb_transformer_statement.cpp.o -MF src/parser/transform/statement/CMakeFiles/duckdb_transformer_statement.dir/ub_duckdb_transformer_statement.cpp.o.d -o src/parser/transform/statement/CMakeFiles/duckdb_transformer_statement.dir/ub_duckdb_transformer_statement.cpp.o -c /home/pei/Project/duckdb-polr/build/release/src/parser/transform/statement/ub_duckdb_transformer_statement.cpp
[31/376] /usr/bin/ccache /usr/lib/ccache/c++ -DDUCKDB -DDUCKDB_BUILD_LIBRARY -DDUCKDB_MAIN_LIBRARY -DENABLE_CROSS_PRODUCT_REWRITE=0 -DENABLE_DEBUG_PRINT=0 -DENABLE_MEASURE_EXE_TIME=0 -DENABLE_MERGE_BACK_PLAN=0 -DENABLE_PARALLEL_EXECUTION=0 -DENABLE_QUERY_SPLIT=1 -DENABLE_SPECIFY_EST_STAT=0 -I/home/pei/Project/duckdb-polr/src/include -I/home/pei/Project/duckdb-polr/third_party/fsst -I/home/pei/Project/duckdb-polr/third_party/fmt/include -I/home/pei/Project/duckdb-polr/third_party/hyperloglog -I/home/pei/Project/duckdb-polr/third_party/fastpforlib -I/home/pei/Project/duckdb-polr/third_party/fast_float -I/home/pei/Project/duckdb-polr/third_party/re2 -I/home/pei/Project/duckdb-polr/third_party/miniz -I/home/pei/Project/duckdb-polr/third_party/utf8proc/include -I/home/pei/Project/duckdb-polr/third_party/miniparquet -I/home/pei/Project/duckdb-polr/third_party/concurrentqueue -I/home/pei/Project/duckdb-polr/third_party/pcg -I/home/pei/Project/duckdb-polr/third_party/tdigest -I/home/pei/Project/duckdb-polr/third_party/mbedtls/include -I/home/pei/Project/duckdb-polr/third_party/jaro_winkler -O3 -DNDEBUG -O3 -DNDEBUG   -fPIC -fdiagnostics-color=always -std=c++11 -MD -MT src/function/CMakeFiles/duckdb_function.dir/ub_duckdb_function.cpp.o -MF src/function/CMakeFiles/duckdb_function.dir/ub_duckdb_function.cpp.o.d -o src/function/CMakeFiles/duckdb_function.dir/ub_duckdb_function.cpp.o -c /home/pei/Project/duckdb-polr/build/release/src/function/ub_duckdb_function.cpp
[32/376] /usr/bin/ccache /usr/lib/ccache/c++ -DDUCKDB -DDUCKDB_BUILD_LIBRARY -DDUCKDB_MAIN_LIBRARY -DENABLE_CROSS_PRODUCT_REWRITE=0 -DENABLE_DEBUG_PRINT=0 -DENABLE_MEASURE_EXE_TIME=0 -DENABLE_MERGE_BACK_PLAN=0 -DENABLE_PARALLEL_EXECUTION=0 -DENABLE_QUERY_SPLIT=1 -DENABLE_SPECIFY_EST_STAT=0 -I/home/pei/Project/duckdb-polr/src/include -I/home/pei/Project/duckdb-polr/third_party/fsst -I/home/pei/Project/duckdb-polr/third_party/fmt/include -I/home/pei/Project/duckdb-polr/third_party/hyperloglog -I/home/pei/Project/duckdb-polr/third_party/fastpforlib -I/home/pei/Project/duckdb-polr/third_party/fast_float -I/home/pei/Project/duckdb-polr/third_party/re2 -I/home/pei/Project/duckdb-polr/third_party/miniz -I/home/pei/Project/duckdb-polr/third_party/utf8proc/include -I/home/pei/Project/duckdb-polr/third_party/miniparquet -I/home/pei/Project/duckdb-polr/third_party/concurrentqueue -I/home/pei/Project/duckdb-polr/third_party/pcg -I/home/pei/Project/duckdb-polr/third_party/tdigest -I/home/pei/Project/duckdb-polr/third_party/mbedtls/include -I/home/pei/Project/duckdb-polr/third_party/jaro_winkler -O3 -DNDEBUG -O3 -DNDEBUG   -fPIC -fdiagnostics-color=always -std=c++11 -MD -MT src/function/aggregate/CMakeFiles/duckdb_func_aggr.dir/ub_duckdb_func_aggr.cpp.o -MF src/function/aggregate/CMakeFiles/duckdb_func_aggr.dir/ub_duckdb_func_aggr.cpp.o.d -o src/function/aggregate/CMakeFiles/duckdb_func_aggr.dir/ub_duckdb_func_aggr.cpp.o -c /home/pei/Project/duckdb-polr/build/release/src/function/aggregate/ub_duckdb_func_aggr.cpp
[33/376] /usr/bin/ccache /usr/lib/ccache/c++ -DDUCKDB -DDUCKDB_BUILD_LIBRARY -DDUCKDB_MAIN_LIBRARY -DENABLE_CROSS_PRODUCT_REWRITE=0 -DENABLE_DEBUG_PRINT=0 -DENABLE_MEASURE_EXE_TIME=0 -DENABLE_MERGE_BACK_PLAN=0 -DENABLE_PARALLEL_EXECUTION=0 -DENABLE_QUERY_SPLIT=1 -DENABLE_SPECIFY_EST_STAT=0 -I/home/pei/Project/duckdb-polr/src/include -I/home/pei/Project/duckdb-polr/third_party/fsst -I/home/pei/Project/duckdb-polr/third_party/fmt/include -I/home/pei/Project/duckdb-polr/third_party/hyperloglog -I/home/pei/Project/duckdb-polr/third_party/fastpforlib -I/home/pei/Project/duckdb-polr/third_party/fast_float -I/home/pei/Project/duckdb-polr/third_party/re2 -I/home/pei/Project/duckdb-polr/third_party/miniz -I/home/pei/Project/duckdb-polr/third_party/utf8proc/include -I/home/pei/Project/duckdb-polr/third_party/miniparquet -I/home/pei/Project/duckdb-polr/third_party/concurrentqueue -I/home/pei/Project/duckdb-polr/third_party/pcg -I/home/pei/Project/duckdb-polr/third_party/tdigest -I/home/pei/Project/duckdb-polr/third_party/mbedtls/include -I/home/pei/Project/duckdb-polr/third_party/jaro_winkler -O3 -DNDEBUG -O3 -DNDEBUG   -fPIC -fdiagnostics-color=always -std=c++11 -MD -MT src/function/aggregate/algebraic/CMakeFiles/duckdb_aggr_algebraic.dir/ub_duckdb_aggr_algebraic.cpp.o -MF src/function/aggregate/algebraic/CMakeFiles/duckdb_aggr_algebraic.dir/ub_duckdb_aggr_algebraic.cpp.o.d -o src/function/aggregate/algebraic/CMakeFiles/duckdb_aggr_algebraic.dir/ub_duckdb_aggr_algebraic.cpp.o -c /home/pei/Project/duckdb-polr/build/release/src/function/aggregate/algebraic/ub_duckdb_aggr_algebraic.cpp
[34/376] /usr/bin/ccache /usr/lib/ccache/c++ -DDUCKDB -DDUCKDB_BUILD_LIBRARY -DDUCKDB_MAIN_LIBRARY -DENABLE_CROSS_PRODUCT_REWRITE=0 -DENABLE_DEBUG_PRINT=0 -DENABLE_MEASURE_EXE_TIME=0 -DENABLE_MERGE_BACK_PLAN=0 -DENABLE_PARALLEL_EXECUTION=0 -DENABLE_QUERY_SPLIT=1 -DENABLE_SPECIFY_EST_STAT=0 -I/home/pei/Project/duckdb-polr/src/include -I/home/pei/Project/duckdb-polr/third_party/fsst -I/home/pei/Project/duckdb-polr/third_party/fmt/include -I/home/pei/Project/duckdb-polr/third_party/hyperloglog -I/home/pei/Project/duckdb-polr/third_party/fastpforlib -I/home/pei/Project/duckdb-polr/third_party/fast_float -I/home/pei/Project/duckdb-polr/third_party/re2 -I/home/pei/Project/duckdb-polr/third_party/miniz -I/home/pei/Project/duckdb-polr/third_party/utf8proc/include -I/home/pei/Project/duckdb-polr/third_party/miniparquet -I/home/pei/Project/duckdb-polr/third_party/concurrentqueue -I/home/pei/Project/duckdb-polr/third_party/pcg -I/home/pei/Project/duckdb-polr/third_party/tdigest -I/home/pei/Project/duckdb-polr/third_party/mbedtls/include -I/home/pei/Project/duckdb-polr/third_party/jaro_winkler -O3 -DNDEBUG -O3 -DNDEBUG   -fPIC -fdiagnostics-color=always -std=c++11 -MD -MT src/function/aggregate/nested/CMakeFiles/duckdb_aggr_nested.dir/ub_duckdb_aggr_nested.cpp.o -MF src/function/aggregate/nested/CMakeFiles/duckdb_aggr_nested.dir/ub_duckdb_aggr_nested.cpp.o.d -o src/function/aggregate/nested/CMakeFiles/duckdb_aggr_nested.dir/ub_duckdb_aggr_nested.cpp.o -c /home/pei/Project/duckdb-polr/build/release/src/function/aggregate/nested/ub_duckdb_aggr_nested.cpp
[35/376] /usr/bin/ccache /usr/lib/ccache/c++ -DDUCKDB -DDUCKDB_BUILD_LIBRARY -DDUCKDB_MAIN_LIBRARY -DENABLE_CROSS_PRODUCT_REWRITE=0 -DENABLE_DEBUG_PRINT=0 -DENABLE_MEASURE_EXE_TIME=0 -DENABLE_MERGE_BACK_PLAN=0 -DENABLE_PARALLEL_EXECUTION=0 -DENABLE_QUERY_SPLIT=1 -DENABLE_SPECIFY_EST_STAT=0 -I/home/pei/Project/duckdb-polr/src/include -I/home/pei/Project/duckdb-polr/third_party/fsst -I/home/pei/Project/duckdb-polr/third_party/fmt/include -I/home/pei/Project/duckdb-polr/third_party/hyperloglog -I/home/pei/Project/duckdb-polr/third_party/fastpforlib -I/home/pei/Project/duckdb-polr/third_party/fast_float -I/home/pei/Project/duckdb-polr/third_party/re2 -I/home/pei/Project/duckdb-polr/third_party/miniz -I/home/pei/Project/duckdb-polr/third_party/utf8proc/include -I/home/pei/Project/duckdb-polr/third_party/miniparquet -I/home/pei/Project/duckdb-polr/third_party/concurrentqueue -I/home/pei/Project/duckdb-polr/third_party/pcg -I/home/pei/Project/duckdb-polr/third_party/tdigest -I/home/pei/Project/duckdb-polr/third_party/mbedtls/include -I/home/pei/Project/duckdb-polr/third_party/jaro_winkler -O3 -DNDEBUG -O3 -DNDEBUG   -fPIC -fdiagnostics-color=always -std=c++11 -MD -MT src/function/scalar/CMakeFiles/duckdb_func_scalar.dir/ub_duckdb_func_scalar.cpp.o -MF src/function/scalar/CMakeFiles/duckdb_func_scalar.dir/ub_duckdb_func_scalar.cpp.o.d -o src/function/scalar/CMakeFiles/duckdb_func_scalar.dir/ub_duckdb_func_scalar.cpp.o -c /home/pei/Project/duckdb-polr/build/release/src/function/scalar/ub_duckdb_func_scalar.cpp
[36/376] /usr/bin/ccache /usr/lib/ccache/c++ -DDUCKDB -DDUCKDB_BUILD_LIBRARY -DDUCKDB_MAIN_LIBRARY -DENABLE_CROSS_PRODUCT_REWRITE=0 -DENABLE_DEBUG_PRINT=0 -DENABLE_MEASURE_EXE_TIME=0 -DENABLE_MERGE_BACK_PLAN=0 -DENABLE_PARALLEL_EXECUTION=0 -DENABLE_QUERY_SPLIT=1 -DENABLE_SPECIFY_EST_STAT=0 -I/home/pei/Project/duckdb-polr/src/include -I/home/pei/Project/duckdb-polr/third_party/fsst -I/home/pei/Project/duckdb-polr/third_party/fmt/include -I/home/pei/Project/duckdb-polr/third_party/hyperloglog -I/home/pei/Project/duckdb-polr/third_party/fastpforlib -I/home/pei/Project/duckdb-polr/third_party/fast_float -I/home/pei/Project/duckdb-polr/third_party/re2 -I/home/pei/Project/duckdb-polr/third_party/miniz -I/home/pei/Project/duckdb-polr/third_party/utf8proc/include -I/home/pei/Project/duckdb-polr/third_party/miniparquet -I/home/pei/Project/duckdb-polr/third_party/concurrentqueue -I/home/pei/Project/duckdb-polr/third_party/pcg -I/home/pei/Project/duckdb-polr/third_party/tdigest -I/home/pei/Project/duckdb-polr/third_party/mbedtls/include -I/home/pei/Project/duckdb-polr/third_party/jaro_winkler -O3 -DNDEBUG -O3 -DNDEBUG   -fPIC -fdiagnostics-color=always -std=c++11 -MD -MT src/function/aggregate/distributive/CMakeFiles/duckdb_aggr_distr.dir/ub_duckdb_aggr_distr.cpp.o -MF src/function/aggregate/distributive/CMakeFiles/duckdb_aggr_distr.dir/ub_duckdb_aggr_distr.cpp.o.d -o src/function/aggregate/distributive/CMakeFiles/duckdb_aggr_distr.dir/ub_duckdb_aggr_distr.cpp.o -c /home/pei/Project/duckdb-polr/build/release/src/function/aggregate/distributive/ub_duckdb_aggr_distr.cpp
[37/376] /usr/bin/ccache /usr/lib/ccache/c++ -DDUCKDB -DDUCKDB_BUILD_LIBRARY -DDUCKDB_MAIN_LIBRARY -DENABLE_CROSS_PRODUCT_REWRITE=0 -DENABLE_DEBUG_PRINT=0 -DENABLE_MEASURE_EXE_TIME=0 -DENABLE_MERGE_BACK_PLAN=0 -DENABLE_PARALLEL_EXECUTION=0 -DENABLE_QUERY_SPLIT=1 -DENABLE_SPECIFY_EST_STAT=0 -I/home/pei/Project/duckdb-polr/src/include -I/home/pei/Project/duckdb-polr/third_party/fsst -I/home/pei/Project/duckdb-polr/third_party/fmt/include -I/home/pei/Project/duckdb-polr/third_party/hyperloglog -I/home/pei/Project/duckdb-polr/third_party/fastpforlib -I/home/pei/Project/duckdb-polr/third_party/fast_float -I/home/pei/Project/duckdb-polr/third_party/re2 -I/home/pei/Project/duckdb-polr/third_party/miniz -I/home/pei/Project/duckdb-polr/third_party/utf8proc/include -I/home/pei/Project/duckdb-polr/third_party/miniparquet -I/home/pei/Project/duckdb-polr/third_party/concurrentqueue -I/home/pei/Project/duckdb-polr/third_party/pcg -I/home/pei/Project/duckdb-polr/third_party/tdigest -I/home/pei/Project/duckdb-polr/third_party/mbedtls/include -I/home/pei/Project/duckdb-polr/third_party/jaro_winkler -O3 -DNDEBUG -O3 -DNDEBUG   -fPIC -fdiagnostics-color=always -std=c++11 -MD -MT src/function/aggregate/holistic/CMakeFiles/duckdb_aggr_holistic.dir/ub_duckdb_aggr_holistic.cpp.o -MF src/function/aggregate/holistic/CMakeFiles/duckdb_aggr_holistic.dir/ub_duckdb_aggr_holistic.cpp.o.d -o src/function/aggregate/holistic/CMakeFiles/duckdb_aggr_holistic.dir/ub_duckdb_aggr_holistic.cpp.o -c /home/pei/Project/duckdb-polr/build/release/src/function/aggregate/holistic/ub_duckdb_aggr_holistic.cpp
[38/376] /usr/bin/ccache /usr/lib/ccache/c++ -DDUCKDB -DDUCKDB_BUILD_LIBRARY -DDUCKDB_MAIN_LIBRARY -DENABLE_CROSS_PRODUCT_REWRITE=0 -DENABLE_DEBUG_PRINT=0 -DENABLE_MEASURE_EXE_TIME=0 -DENABLE_MERGE_BACK_PLAN=0 -DENABLE_PARALLEL_EXECUTION=0 -DENABLE_QUERY_SPLIT=1 -DENABLE_SPECIFY_EST_STAT=0 -I/home/pei/Project/duckdb-polr/src/include -I/home/pei/Project/duckdb-polr/third_party/fsst -I/home/pei/Project/duckdb-polr/third_party/fmt/include -I/home/pei/Project/duckdb-polr/third_party/hyperloglog -I/home/pei/Project/duckdb-polr/third_party/fastpforlib -I/home/pei/Project/duckdb-polr/third_party/fast_float -I/home/pei/Project/duckdb-polr/third_party/re2 -I/home/pei/Project/duckdb-polr/third_party/miniz -I/home/pei/Project/duckdb-polr/third_party/utf8proc/include -I/home/pei/Project/duckdb-polr/third_party/miniparquet -I/home/pei/Project/duckdb-polr/third_party/concurrentqueue -I/home/pei/Project/duckdb-polr/third_party/pcg -I/home/pei/Project/duckdb-polr/third_party/tdigest -I/home/pei/Project/duckdb-polr/third_party/mbedtls/include -I/home/pei/Project/duckdb-polr/third_party/jaro_winkler -O3 -DNDEBUG -O3 -DNDEBUG   -fPIC -fdiagnostics-color=always -std=c++11 -MD -MT src/function/aggregate/regression/CMakeFiles/duckdb_aggr_regr.dir/ub_duckdb_aggr_regr.cpp.o -MF src/function/aggregate/regression/CMakeFiles/duckdb_aggr_regr.dir/ub_duckdb_aggr_regr.cpp.o.d -o src/function/aggregate/regression/CMakeFiles/duckdb_aggr_regr.dir/ub_duckdb_aggr_regr.cpp.o -c /home/pei/Project/duckdb-polr/build/release/src/function/aggregate/regression/ub_duckdb_aggr_regr.cpp
[39/376] /usr/bin/ccache /usr/lib/ccache/c++ -DDUCKDB -DDUCKDB_BUILD_LIBRARY -DDUCKDB_MAIN_LIBRARY -DENABLE_CROSS_PRODUCT_REWRITE=0 -DENABLE_DEBUG_PRINT=0 -DENABLE_MEASURE_EXE_TIME=0 -DENABLE_MERGE_BACK_PLAN=0 -DENABLE_PARALLEL_EXECUTION=0 -DENABLE_QUERY_SPLIT=1 -DENABLE_SPECIFY_EST_STAT=0 -I/home/pei/Project/duckdb-polr/src/include -I/home/pei/Project/duckdb-polr/third_party/fsst -I/home/pei/Project/duckdb-polr/third_party/fmt/include -I/home/pei/Project/duckdb-polr/third_party/hyperloglog -I/home/pei/Project/duckdb-polr/third_party/fastpforlib -I/home/pei/Project/duckdb-polr/third_party/fast_float -I/home/pei/Project/duckdb-polr/third_party/re2 -I/home/pei/Project/duckdb-polr/third_party/miniz -I/home/pei/Project/duckdb-polr/third_party/utf8proc/include -I/home/pei/Project/duckdb-polr/third_party/miniparquet -I/home/pei/Project/duckdb-polr/third_party/concurrentqueue -I/home/pei/Project/duckdb-polr/third_party/pcg -I/home/pei/Project/duckdb-polr/third_party/tdigest -I/home/pei/Project/duckdb-polr/third_party/mbedtls/include -I/home/pei/Project/duckdb-polr/third_party/jaro_winkler -O3 -DNDEBUG -O3 -DNDEBUG   -fPIC -fdiagnostics-color=always -std=c++11 -MD -MT src/function/pragma/CMakeFiles/duckdb_func_pragma.dir/ub_duckdb_func_pragma.cpp.o -MF src/function/pragma/CMakeFiles/duckdb_func_pragma.dir/ub_duckdb_func_pragma.cpp.o.d -o src/function/pragma/CMakeFiles/duckdb_func_pragma.dir/ub_duckdb_func_pragma.cpp.o -c /home/pei/Project/duckdb-polr/build/release/src/function/pragma/ub_duckdb_func_pragma.cpp
[40/376] /usr/bin/ccache /usr/lib/ccache/c++ -DDUCKDB -DDUCKDB_BUILD_LIBRARY -DDUCKDB_MAIN_LIBRARY -DENABLE_CROSS_PRODUCT_REWRITE=0 -DENABLE_DEBUG_PRINT=0 -DENABLE_MEASURE_EXE_TIME=0 -DENABLE_MERGE_BACK_PLAN=0 -DENABLE_PARALLEL_EXECUTION=0 -DENABLE_QUERY_SPLIT=1 -DENABLE_SPECIFY_EST_STAT=0 -I/home/pei/Project/duckdb-polr/src/include -I/home/pei/Project/duckdb-polr/third_party/fsst -I/home/pei/Project/duckdb-polr/third_party/fmt/include -I/home/pei/Project/duckdb-polr/third_party/hyperloglog -I/home/pei/Project/duckdb-polr/third_party/fastpforlib -I/home/pei/Project/duckdb-polr/third_party/fast_float -I/home/pei/Project/duckdb-polr/third_party/re2 -I/home/pei/Project/duckdb-polr/third_party/miniz -I/home/pei/Project/duckdb-polr/third_party/utf8proc/include -I/home/pei/Project/duckdb-polr/third_party/miniparquet -I/home/pei/Project/duckdb-polr/third_party/concurrentqueue -I/home/pei/Project/duckdb-polr/third_party/pcg -I/home/pei/Project/duckdb-polr/third_party/tdigest -I/home/pei/Project/duckdb-polr/third_party/mbedtls/include -I/home/pei/Project/duckdb-polr/third_party/jaro_winkler -O3 -DNDEBUG -O3 -DNDEBUG   -fPIC -fdiagnostics-color=always -std=c++11 -MD -MT src/function/cast/CMakeFiles/duckdb_func_cast.dir/ub_duckdb_func_cast.cpp.o -MF src/function/cast/CMakeFiles/duckdb_func_cast.dir/ub_duckdb_func_cast.cpp.o.d -o src/function/cast/CMakeFiles/duckdb_func_cast.dir/ub_duckdb_func_cast.cpp.o -c /home/pei/Project/duckdb-polr/build/release/src/function/cast/ub_duckdb_func_cast.cpp
[41/376] /usr/bin/ccache /usr/lib/ccache/c++ -DDUCKDB -DDUCKDB_BUILD_LIBRARY -DDUCKDB_MAIN_LIBRARY -DENABLE_CROSS_PRODUCT_REWRITE=0 -DENABLE_DEBUG_PRINT=0 -DENABLE_MEASURE_EXE_TIME=0 -DENABLE_MERGE_BACK_PLAN=0 -DENABLE_PARALLEL_EXECUTION=0 -DENABLE_QUERY_SPLIT=1 -DENABLE_SPECIFY_EST_STAT=0 -I/home/pei/Project/duckdb-polr/src/include -I/home/pei/Project/duckdb-polr/third_party/fsst -I/home/pei/Project/duckdb-polr/third_party/fmt/include -I/home/pei/Project/duckdb-polr/third_party/hyperloglog -I/home/pei/Project/duckdb-polr/third_party/fastpforlib -I/home/pei/Project/duckdb-polr/third_party/fast_float -I/home/pei/Project/duckdb-polr/third_party/re2 -I/home/pei/Project/duckdb-polr/third_party/miniz -I/home/pei/Project/duckdb-polr/third_party/utf8proc/include -I/home/pei/Project/duckdb-polr/third_party/miniparquet -I/home/pei/Project/duckdb-polr/third_party/concurrentqueue -I/home/pei/Project/duckdb-polr/third_party/pcg -I/home/pei/Project/duckdb-polr/third_party/tdigest -I/home/pei/Project/duckdb-polr/third_party/mbedtls/include -I/home/pei/Project/duckdb-polr/third_party/jaro_winkler -O3 -DNDEBUG -O3 -DNDEBUG   -fPIC -fdiagnostics-color=always -std=c++11 -MD -MT src/function/scalar/map/CMakeFiles/duckdb_func_map_nested.dir/ub_duckdb_func_map_nested.cpp.o -MF src/function/scalar/map/CMakeFiles/duckdb_func_map_nested.dir/ub_duckdb_func_map_nested.cpp.o.d -o src/function/scalar/map/CMakeFiles/duckdb_func_map_nested.dir/ub_duckdb_func_map_nested.cpp.o -c /home/pei/Project/duckdb-polr/build/release/src/function/scalar/map/ub_duckdb_func_map_nested.cpp
[42/376] /usr/bin/ccache /usr/lib/ccache/c++ -DDUCKDB -DDUCKDB_BUILD_LIBRARY -DDUCKDB_MAIN_LIBRARY -DENABLE_CROSS_PRODUCT_REWRITE=0 -DENABLE_DEBUG_PRINT=0 -DENABLE_MEASURE_EXE_TIME=0 -DENABLE_MERGE_BACK_PLAN=0 -DENABLE_PARALLEL_EXECUTION=0 -DENABLE_QUERY_SPLIT=1 -DENABLE_SPECIFY_EST_STAT=0 -I/home/pei/Project/duckdb-polr/src/include -I/home/pei/Project/duckdb-polr/third_party/fsst -I/home/pei/Project/duckdb-polr/third_party/fmt/include -I/home/pei/Project/duckdb-polr/third_party/hyperloglog -I/home/pei/Project/duckdb-polr/third_party/fastpforlib -I/home/pei/Project/duckdb-polr/third_party/fast_float -I/home/pei/Project/duckdb-polr/third_party/re2 -I/home/pei/Project/duckdb-polr/third_party/miniz -I/home/pei/Project/duckdb-polr/third_party/utf8proc/include -I/home/pei/Project/duckdb-polr/third_party/miniparquet -I/home/pei/Project/duckdb-polr/third_party/concurrentqueue -I/home/pei/Project/duckdb-polr/third_party/pcg -I/home/pei/Project/duckdb-polr/third_party/tdigest -I/home/pei/Project/duckdb-polr/third_party/mbedtls/include -I/home/pei/Project/duckdb-polr/third_party/jaro_winkler -O3 -DNDEBUG -O3 -DNDEBUG   -fPIC -fdiagnostics-color=always -std=c++11 -MD -MT src/function/scalar/blob/CMakeFiles/duckdb_func_blob.dir/ub_duckdb_func_blob.cpp.o -MF src/function/scalar/blob/CMakeFiles/duckdb_func_blob.dir/ub_duckdb_func_blob.cpp.o.d -o src/function/scalar/blob/CMakeFiles/duckdb_func_blob.dir/ub_duckdb_func_blob.cpp.o -c /home/pei/Project/duckdb-polr/build/release/src/function/scalar/blob/ub_duckdb_func_blob.cpp
[43/376] /usr/bin/ccache /usr/lib/ccache/c++ -DDUCKDB -DDUCKDB_BUILD_LIBRARY -DDUCKDB_MAIN_LIBRARY -DENABLE_CROSS_PRODUCT_REWRITE=0 -DENABLE_DEBUG_PRINT=0 -DENABLE_MEASURE_EXE_TIME=0 -DENABLE_MERGE_BACK_PLAN=0 -DENABLE_PARALLEL_EXECUTION=0 -DENABLE_QUERY_SPLIT=1 -DENABLE_SPECIFY_EST_STAT=0 -I/home/pei/Project/duckdb-polr/src/include -I/home/pei/Project/duckdb-polr/third_party/fsst -I/home/pei/Project/duckdb-polr/third_party/fmt/include -I/home/pei/Project/duckdb-polr/third_party/hyperloglog -I/home/pei/Project/duckdb-polr/third_party/fastpforlib -I/home/pei/Project/duckdb-polr/third_party/fast_float -I/home/pei/Project/duckdb-polr/third_party/re2 -I/home/pei/Project/duckdb-polr/third_party/miniz -I/home/pei/Project/duckdb-polr/third_party/utf8proc/include -I/home/pei/Project/duckdb-polr/third_party/miniparquet -I/home/pei/Project/duckdb-polr/third_party/concurrentqueue -I/home/pei/Project/duckdb-polr/third_party/pcg -I/home/pei/Project/duckdb-polr/third_party/tdigest -I/home/pei/Project/duckdb-polr/third_party/mbedtls/include -I/home/pei/Project/duckdb-polr/third_party/jaro_winkler -O3 -DNDEBUG -O3 -DNDEBUG   -fPIC -fdiagnostics-color=always -std=c++11 -MD -MT src/function/scalar/generic/CMakeFiles/duckdb_func_generic.dir/ub_duckdb_func_generic.cpp.o -MF src/function/scalar/generic/CMakeFiles/duckdb_func_generic.dir/ub_duckdb_func_generic.cpp.o.d -o src/function/scalar/generic/CMakeFiles/duckdb_func_generic.dir/ub_duckdb_func_generic.cpp.o -c /home/pei/Project/duckdb-polr/build/release/src/function/scalar/generic/ub_duckdb_func_generic.cpp
[44/376] /usr/bin/ccache /usr/lib/ccache/c++ -DDUCKDB -DDUCKDB_BUILD_LIBRARY -DDUCKDB_MAIN_LIBRARY -DENABLE_CROSS_PRODUCT_REWRITE=0 -DENABLE_DEBUG_PRINT=0 -DENABLE_MEASURE_EXE_TIME=0 -DENABLE_MERGE_BACK_PLAN=0 -DENABLE_PARALLEL_EXECUTION=0 -DENABLE_QUERY_SPLIT=1 -DENABLE_SPECIFY_EST_STAT=0 -I/home/pei/Project/duckdb-polr/src/include -I/home/pei/Project/duckdb-polr/third_party/fsst -I/home/pei/Project/duckdb-polr/third_party/fmt/include -I/home/pei/Project/duckdb-polr/third_party/hyperloglog -I/home/pei/Project/duckdb-polr/third_party/fastpforlib -I/home/pei/Project/duckdb-polr/third_party/fast_float -I/home/pei/Project/duckdb-polr/third_party/re2 -I/home/pei/Project/duckdb-polr/third_party/miniz -I/home/pei/Project/duckdb-polr/third_party/utf8proc/include -I/home/pei/Project/duckdb-polr/third_party/miniparquet -I/home/pei/Project/duckdb-polr/third_party/concurrentqueue -I/home/pei/Project/duckdb-polr/third_party/pcg -I/home/pei/Project/duckdb-polr/third_party/tdigest -I/home/pei/Project/duckdb-polr/third_party/mbedtls/include -I/home/pei/Project/duckdb-polr/third_party/jaro_winkler -O3 -DNDEBUG -O3 -DNDEBUG   -fPIC -fdiagnostics-color=always -std=c++11 -MD -MT src/function/scalar/date/CMakeFiles/duckdb_func_date.dir/ub_duckdb_func_date.cpp.o -MF src/function/scalar/date/CMakeFiles/duckdb_func_date.dir/ub_duckdb_func_date.cpp.o.d -o src/function/scalar/date/CMakeFiles/duckdb_func_date.dir/ub_duckdb_func_date.cpp.o -c /home/pei/Project/duckdb-polr/build/release/src/function/scalar/date/ub_duckdb_func_date.cpp
[45/376] /usr/bin/ccache /usr/lib/ccache/c++ -DDUCKDB -DDUCKDB_BUILD_LIBRARY -DDUCKDB_MAIN_LIBRARY -DENABLE_CROSS_PRODUCT_REWRITE=0 -DENABLE_DEBUG_PRINT=0 -DENABLE_MEASURE_EXE_TIME=0 -DENABLE_MERGE_BACK_PLAN=0 -DENABLE_PARALLEL_EXECUTION=0 -DENABLE_QUERY_SPLIT=1 -DENABLE_SPECIFY_EST_STAT=0 -I/home/pei/Project/duckdb-polr/src/include -I/home/pei/Project/duckdb-polr/third_party/fsst -I/home/pei/Project/duckdb-polr/third_party/fmt/include -I/home/pei/Project/duckdb-polr/third_party/hyperloglog -I/home/pei/Project/duckdb-polr/third_party/fastpforlib -I/home/pei/Project/duckdb-polr/third_party/fast_float -I/home/pei/Project/duckdb-polr/third_party/re2 -I/home/pei/Project/duckdb-polr/third_party/miniz -I/home/pei/Project/duckdb-polr/third_party/utf8proc/include -I/home/pei/Project/duckdb-polr/third_party/miniparquet -I/home/pei/Project/duckdb-polr/third_party/concurrentqueue -I/home/pei/Project/duckdb-polr/third_party/pcg -I/home/pei/Project/duckdb-polr/third_party/tdigest -I/home/pei/Project/duckdb-polr/third_party/mbedtls/include -I/home/pei/Project/duckdb-polr/third_party/jaro_winkler -O3 -DNDEBUG -O3 -DNDEBUG   -fPIC -fdiagnostics-color=always -std=c++11 -MD -MT src/function/scalar/list/CMakeFiles/duckdb_func_list.dir/ub_duckdb_func_list.cpp.o -MF src/function/scalar/list/CMakeFiles/duckdb_func_list.dir/ub_duckdb_func_list.cpp.o.d -o src/function/scalar/list/CMakeFiles/duckdb_func_list.dir/ub_duckdb_func_list.cpp.o -c /home/pei/Project/duckdb-polr/build/release/src/function/scalar/list/ub_duckdb_func_list.cpp
[46/376] /usr/bin/ccache /usr/lib/ccache/c++ -DDUCKDB -DDUCKDB_BUILD_LIBRARY -DDUCKDB_MAIN_LIBRARY -DENABLE_CROSS_PRODUCT_REWRITE=0 -DENABLE_DEBUG_PRINT=0 -DENABLE_MEASURE_EXE_TIME=0 -DENABLE_MERGE_BACK_PLAN=0 -DENABLE_PARALLEL_EXECUTION=0 -DENABLE_QUERY_SPLIT=1 -DENABLE_SPECIFY_EST_STAT=0 -I/home/pei/Project/duckdb-polr/src/include -I/home/pei/Project/duckdb-polr/third_party/fsst -I/home/pei/Project/duckdb-polr/third_party/fmt/include -I/home/pei/Project/duckdb-polr/third_party/hyperloglog -I/home/pei/Project/duckdb-polr/third_party/fastpforlib -I/home/pei/Project/duckdb-polr/third_party/fast_float -I/home/pei/Project/duckdb-polr/third_party/re2 -I/home/pei/Project/duckdb-polr/third_party/miniz -I/home/pei/Project/duckdb-polr/third_party/utf8proc/include -I/home/pei/Project/duckdb-polr/third_party/miniparquet -I/home/pei/Project/duckdb-polr/third_party/concurrentqueue -I/home/pei/Project/duckdb-polr/third_party/pcg -I/home/pei/Project/duckdb-polr/third_party/tdigest -I/home/pei/Project/duckdb-polr/third_party/mbedtls/include -I/home/pei/Project/duckdb-polr/third_party/jaro_winkler -O3 -DNDEBUG -O3 -DNDEBUG   -fPIC -fdiagnostics-color=always -std=c++11 -MD -MT src/function/scalar/math/CMakeFiles/duckdb_func_math.dir/ub_duckdb_func_math.cpp.o -MF src/function/scalar/math/CMakeFiles/duckdb_func_math.dir/ub_duckdb_func_math.cpp.o.d -o src/function/scalar/math/CMakeFiles/duckdb_func_math.dir/ub_duckdb_func_math.cpp.o -c /home/pei/Project/duckdb-polr/build/release/src/function/scalar/math/ub_duckdb_func_math.cpp
[47/376] /usr/bin/ccache /usr/lib/ccache/c++ -DDUCKDB -DDUCKDB_BUILD_LIBRARY -DDUCKDB_MAIN_LIBRARY -DENABLE_CROSS_PRODUCT_REWRITE=0 -DENABLE_DEBUG_PRINT=0 -DENABLE_MEASURE_EXE_TIME=0 -DENABLE_MERGE_BACK_PLAN=0 -DENABLE_PARALLEL_EXECUTION=0 -DENABLE_QUERY_SPLIT=1 -DENABLE_SPECIFY_EST_STAT=0 -I/home/pei/Project/duckdb-polr/src/include -I/home/pei/Project/duckdb-polr/third_party/fsst -I/home/pei/Project/duckdb-polr/third_party/fmt/include -I/home/pei/Project/duckdb-polr/third_party/hyperloglog -I/home/pei/Project/duckdb-polr/third_party/fastpforlib -I/home/pei/Project/duckdb-polr/third_party/fast_float -I/home/pei/Project/duckdb-polr/third_party/re2 -I/home/pei/Project/duckdb-polr/third_party/miniz -I/home/pei/Project/duckdb-polr/third_party/utf8proc/include -I/home/pei/Project/duckdb-polr/third_party/miniparquet -I/home/pei/Project/duckdb-polr/third_party/concurrentqueue -I/home/pei/Project/duckdb-polr/third_party/pcg -I/home/pei/Project/duckdb-polr/third_party/tdigest -I/home/pei/Project/duckdb-polr/third_party/mbedtls/include -I/home/pei/Project/duckdb-polr/third_party/jaro_winkler -O3 -DNDEBUG -O3 -DNDEBUG   -fPIC -fdiagnostics-color=always -std=c++11 -MD -MT src/function/scalar/operators/CMakeFiles/duckdb_func_ops.dir/ub_duckdb_func_ops.cpp.o -MF src/function/scalar/operators/CMakeFiles/duckdb_func_ops.dir/ub_duckdb_func_ops.cpp.o.d -o src/function/scalar/operators/CMakeFiles/duckdb_func_ops.dir/ub_duckdb_func_ops.cpp.o -c /home/pei/Project/duckdb-polr/build/release/src/function/scalar/operators/ub_duckdb_func_ops.cpp
[48/376] /usr/bin/ccache /usr/lib/ccache/c++ -DDUCKDB -DDUCKDB_BUILD_LIBRARY -DDUCKDB_MAIN_LIBRARY -DENABLE_CROSS_PRODUCT_REWRITE=0 -DENABLE_DEBUG_PRINT=0 -DENABLE_MEASURE_EXE_TIME=0 -DENABLE_MERGE_BACK_PLAN=0 -DENABLE_PARALLEL_EXECUTION=0 -DENABLE_QUERY_SPLIT=1 -DENABLE_SPECIFY_EST_STAT=0 -I/home/pei/Project/duckdb-polr/src/include -I/home/pei/Project/duckdb-polr/third_party/fsst -I/home/pei/Project/duckdb-polr/third_party/fmt/include -I/home/pei/Project/duckdb-polr/third_party/hyperloglog -I/home/pei/Project/duckdb-polr/third_party/fastpforlib -I/home/pei/Project/duckdb-polr/third_party/fast_float -I/home/pei/Project/duckdb-polr/third_party/re2 -I/home/pei/Project/duckdb-polr/third_party/miniz -I/home/pei/Project/duckdb-polr/third_party/utf8proc/include -I/home/pei/Project/duckdb-polr/third_party/miniparquet -I/home/pei/Project/duckdb-polr/third_party/concurrentqueue -I/home/pei/Project/duckdb-polr/third_party/pcg -I/home/pei/Project/duckdb-polr/third_party/tdigest -I/home/pei/Project/duckdb-polr/third_party/mbedtls/include -I/home/pei/Project/duckdb-polr/third_party/jaro_winkler -O3 -DNDEBUG -O3 -DNDEBUG   -fPIC -fdiagnostics-color=always -std=c++11 -MD -MT src/function/scalar/sequence/CMakeFiles/duckdb_func_seq.dir/ub_duckdb_func_seq.cpp.o -MF src/function/scalar/sequence/CMakeFiles/duckdb_func_seq.dir/ub_duckdb_func_seq.cpp.o.d -o src/function/scalar/sequence/CMakeFiles/duckdb_func_seq.dir/ub_duckdb_func_seq.cpp.o -c /home/pei/Project/duckdb-polr/build/release/src/function/scalar/sequence/ub_duckdb_func_seq.cpp
[49/376] /usr/bin/ccache /usr/lib/ccache/c++ -DDUCKDB -DDUCKDB_BUILD_LIBRARY -DDUCKDB_MAIN_LIBRARY -DENABLE_CROSS_PRODUCT_REWRITE=0 -DENABLE_DEBUG_PRINT=0 -DENABLE_MEASURE_EXE_TIME=0 -DENABLE_MERGE_BACK_PLAN=0 -DENABLE_PARALLEL_EXECUTION=0 -DENABLE_QUERY_SPLIT=1 -DENABLE_SPECIFY_EST_STAT=0 -I/home/pei/Project/duckdb-polr/src/include -I/home/pei/Project/duckdb-polr/third_party/fsst -I/home/pei/Project/duckdb-polr/third_party/fmt/include -I/home/pei/Project/duckdb-polr/third_party/hyperloglog -I/home/pei/Project/duckdb-polr/third_party/fastpforlib -I/home/pei/Project/duckdb-polr/third_party/fast_float -I/home/pei/Project/duckdb-polr/third_party/re2 -I/home/pei/Project/duckdb-polr/third_party/miniz -I/home/pei/Project/duckdb-polr/third_party/utf8proc/include -I/home/pei/Project/duckdb-polr/third_party/miniparquet -I/home/pei/Project/duckdb-polr/third_party/concurrentqueue -I/home/pei/Project/duckdb-polr/third_party/pcg -I/home/pei/Project/duckdb-polr/third_party/tdigest -I/home/pei/Project/duckdb-polr/third_party/mbedtls/include -I/home/pei/Project/duckdb-polr/third_party/jaro_winkler -O3 -DNDEBUG -O3 -DNDEBUG   -fPIC -fdiagnostics-color=always -std=c++11 -MD -MT src/function/scalar/string/CMakeFiles/duckdb_func_string.dir/ub_duckdb_func_string.cpp.o -MF src/function/scalar/string/CMakeFiles/duckdb_func_string.dir/ub_duckdb_func_string.cpp.o.d -o src/function/scalar/string/CMakeFiles/duckdb_func_string.dir/ub_duckdb_func_string.cpp.o -c /home/pei/Project/duckdb-polr/build/release/src/function/scalar/string/ub_duckdb_func_string.cpp
[50/376] /usr/bin/ccache /usr/lib/ccache/c++ -DDUCKDB -DDUCKDB_BUILD_LIBRARY -DDUCKDB_MAIN_LIBRARY -DENABLE_CROSS_PRODUCT_REWRITE=0 -DENABLE_DEBUG_PRINT=0 -DENABLE_MEASURE_EXE_TIME=0 -DENABLE_MERGE_BACK_PLAN=0 -DENABLE_PARALLEL_EXECUTION=0 -DENABLE_QUERY_SPLIT=1 -DENABLE_SPECIFY_EST_STAT=0 -I/home/pei/Project/duckdb-polr/src/include -I/home/pei/Project/duckdb-polr/third_party/fsst -I/home/pei/Project/duckdb-polr/third_party/fmt/include -I/home/pei/Project/duckdb-polr/third_party/hyperloglog -I/home/pei/Project/duckdb-polr/third_party/fastpforlib -I/home/pei/Project/duckdb-polr/third_party/fast_float -I/home/pei/Project/duckdb-polr/third_party/re2 -I/home/pei/Project/duckdb-polr/third_party/miniz -I/home/pei/Project/duckdb-polr/third_party/utf8proc/include -I/home/pei/Project/duckdb-polr/third_party/miniparquet -I/home/pei/Project/duckdb-polr/third_party/concurrentqueue -I/home/pei/Project/duckdb-polr/third_party/pcg -I/home/pei/Project/duckdb-polr/third_party/tdigest -I/home/pei/Project/duckdb-polr/third_party/mbedtls/include -I/home/pei/Project/duckdb-polr/third_party/jaro_winkler -O3 -DNDEBUG -O3 -DNDEBUG   -fPIC -fdiagnostics-color=always -std=c++11 -MD -MT src/function/scalar/struct/CMakeFiles/duckdb_func_struct.dir/ub_duckdb_func_struct.cpp.o -MF src/function/scalar/struct/CMakeFiles/duckdb_func_struct.dir/ub_duckdb_func_struct.cpp.o.d -o src/function/scalar/struct/CMakeFiles/duckdb_func_struct.dir/ub_duckdb_func_struct.cpp.o -c /home/pei/Project/duckdb-polr/build/release/src/function/scalar/struct/ub_duckdb_func_struct.cpp
[51/376] /usr/bin/ccache /usr/lib/ccache/c++ -DDUCKDB -DDUCKDB_BUILD_LIBRARY -DDUCKDB_MAIN_LIBRARY -DENABLE_CROSS_PRODUCT_REWRITE=0 -DENABLE_DEBUG_PRINT=0 -DENABLE_MEASURE_EXE_TIME=0 -DENABLE_MERGE_BACK_PLAN=0 -DENABLE_PARALLEL_EXECUTION=0 -DENABLE_QUERY_SPLIT=1 -DENABLE_SPECIFY_EST_STAT=0 -I/home/pei/Project/duckdb-polr/src/include -I/home/pei/Project/duckdb-polr/third_party/fsst -I/home/pei/Project/duckdb-polr/third_party/fmt/include -I/home/pei/Project/duckdb-polr/third_party/hyperloglog -I/home/pei/Project/duckdb-polr/third_party/fastpforlib -I/home/pei/Project/duckdb-polr/third_party/fast_float -I/home/pei/Project/duckdb-polr/third_party/re2 -I/home/pei/Project/duckdb-polr/third_party/miniz -I/home/pei/Project/duckdb-polr/third_party/utf8proc/include -I/home/pei/Project/duckdb-polr/third_party/miniparquet -I/home/pei/Project/duckdb-polr/third_party/concurrentqueue -I/home/pei/Project/duckdb-polr/third_party/pcg -I/home/pei/Project/duckdb-polr/third_party/tdigest -I/home/pei/Project/duckdb-polr/third_party/mbedtls/include -I/home/pei/Project/duckdb-polr/third_party/jaro_winkler -O3 -DNDEBUG -O3 -DNDEBUG   -fPIC -fdiagnostics-color=always -std=c++11 -MD -MT src/function/scalar/system/CMakeFiles/duckdb_func_system.dir/ub_duckdb_func_system.cpp.o -MF src/function/scalar/system/CMakeFiles/duckdb_func_system.dir/ub_duckdb_func_system.cpp.o.d -o src/function/scalar/system/CMakeFiles/duckdb_func_system.dir/ub_duckdb_func_system.cpp.o -c /home/pei/Project/duckdb-polr/build/release/src/function/scalar/system/ub_duckdb_func_system.cpp
[52/376] /usr/bin/ccache /usr/lib/ccache/c++ -DDUCKDB -DDUCKDB_BUILD_LIBRARY -DDUCKDB_MAIN_LIBRARY -DENABLE_CROSS_PRODUCT_REWRITE=0 -DENABLE_DEBUG_PRINT=0 -DENABLE_MEASURE_EXE_TIME=0 -DENABLE_MERGE_BACK_PLAN=0 -DENABLE_PARALLEL_EXECUTION=0 -DENABLE_QUERY_SPLIT=1 -DENABLE_SPECIFY_EST_STAT=0 -I/home/pei/Project/duckdb-polr/src/include -I/home/pei/Project/duckdb-polr/third_party/fsst -I/home/pei/Project/duckdb-polr/third_party/fmt/include -I/home/pei/Project/duckdb-polr/third_party/hyperloglog -I/home/pei/Project/duckdb-polr/third_party/fastpforlib -I/home/pei/Project/duckdb-polr/third_party/fast_float -I/home/pei/Project/duckdb-polr/third_party/re2 -I/home/pei/Project/duckdb-polr/third_party/miniz -I/home/pei/Project/duckdb-polr/third_party/utf8proc/include -I/home/pei/Project/duckdb-polr/third_party/miniparquet -I/home/pei/Project/duckdb-polr/third_party/concurrentqueue -I/home/pei/Project/duckdb-polr/third_party/pcg -I/home/pei/Project/duckdb-polr/third_party/tdigest -I/home/pei/Project/duckdb-polr/third_party/mbedtls/include -I/home/pei/Project/duckdb-polr/third_party/jaro_winkler -O3 -DNDEBUG -O3 -DNDEBUG   -fPIC -fdiagnostics-color=always -std=c++11 -MD -MT src/function/scalar/enum/CMakeFiles/duckdb_func_enum.dir/ub_duckdb_func_enum.cpp.o -MF src/function/scalar/enum/CMakeFiles/duckdb_func_enum.dir/ub_duckdb_func_enum.cpp.o.d -o src/function/scalar/enum/CMakeFiles/duckdb_func_enum.dir/ub_duckdb_func_enum.cpp.o -c /home/pei/Project/duckdb-polr/build/release/src/function/scalar/enum/ub_duckdb_func_enum.cpp
[53/376] /usr/bin/ccache /usr/lib/ccache/c++ -DDUCKDB -DDUCKDB_BUILD_LIBRARY -DDUCKDB_MAIN_LIBRARY -DENABLE_CROSS_PRODUCT_REWRITE=0 -DENABLE_DEBUG_PRINT=0 -DENABLE_MEASURE_EXE_TIME=0 -DENABLE_MERGE_BACK_PLAN=0 -DENABLE_PARALLEL_EXECUTION=0 -DENABLE_QUERY_SPLIT=1 -DENABLE_SPECIFY_EST_STAT=0 -I/home/pei/Project/duckdb-polr/src/include -I/home/pei/Project/duckdb-polr/third_party/fsst -I/home/pei/Project/duckdb-polr/third_party/fmt/include -I/home/pei/Project/duckdb-polr/third_party/hyperloglog -I/home/pei/Project/duckdb-polr/third_party/fastpforlib -I/home/pei/Project/duckdb-polr/third_party/fast_float -I/home/pei/Project/duckdb-polr/third_party/re2 -I/home/pei/Project/duckdb-polr/third_party/miniz -I/home/pei/Project/duckdb-polr/third_party/utf8proc/include -I/home/pei/Project/duckdb-polr/third_party/miniparquet -I/home/pei/Project/duckdb-polr/third_party/concurrentqueue -I/home/pei/Project/duckdb-polr/third_party/pcg -I/home/pei/Project/duckdb-polr/third_party/tdigest -I/home/pei/Project/duckdb-polr/third_party/mbedtls/include -I/home/pei/Project/duckdb-polr/third_party/jaro_winkler -O3 -DNDEBUG -O3 -DNDEBUG   -fPIC -fdiagnostics-color=always -std=c++11 -MD -MT src/function/scalar/union/CMakeFiles/duckdb_func_union.dir/ub_duckdb_func_union.cpp.o -MF src/function/scalar/union/CMakeFiles/duckdb_func_union.dir/ub_duckdb_func_union.cpp.o.d -o src/function/scalar/union/CMakeFiles/duckdb_func_union.dir/ub_duckdb_func_union.cpp.o -c /home/pei/Project/duckdb-polr/build/release/src/function/scalar/union/ub_duckdb_func_union.cpp
[54/376] /usr/bin/ccache /usr/lib/ccache/c++ -DDUCKDB -DDUCKDB_BUILD_LIBRARY -DDUCKDB_MAIN_LIBRARY -DDUCKDB_SOURCE_ID=\"\"\"cd7a58694b\"\"\" -DDUCKDB_VERSION=\"\"\"v..1-dev\"\"\" -DENABLE_CROSS_PRODUCT_REWRITE=0 -DENABLE_DEBUG_PRINT=0 -DENABLE_MEASURE_EXE_TIME=0 -DENABLE_MERGE_BACK_PLAN=0 -DENABLE_PARALLEL_EXECUTION=0 -DENABLE_QUERY_SPLIT=1 -DENABLE_SPECIFY_EST_STAT=0 -I/home/pei/Project/duckdb-polr/src/include -I/home/pei/Project/duckdb-polr/third_party/fsst -I/home/pei/Project/duckdb-polr/third_party/fmt/include -I/home/pei/Project/duckdb-polr/third_party/hyperloglog -I/home/pei/Project/duckdb-polr/third_party/fastpforlib -I/home/pei/Project/duckdb-polr/third_party/fast_float -I/home/pei/Project/duckdb-polr/third_party/re2 -I/home/pei/Project/duckdb-polr/third_party/miniz -I/home/pei/Project/duckdb-polr/third_party/utf8proc/include -I/home/pei/Project/duckdb-polr/third_party/miniparquet -I/home/pei/Project/duckdb-polr/third_party/concurrentqueue -I/home/pei/Project/duckdb-polr/third_party/pcg -I/home/pei/Project/duckdb-polr/third_party/tdigest -I/home/pei/Project/duckdb-polr/third_party/mbedtls/include -I/home/pei/Project/duckdb-polr/third_party/jaro_winkler -O3 -DNDEBUG -O3 -DNDEBUG   -fPIC -fdiagnostics-color=always -std=c++11 -MD -MT src/function/table/version/CMakeFiles/duckdb_func_table_version.dir/ub_duckdb_func_table_version.cpp.o -MF src/function/table/version/CMakeFiles/duckdb_func_table_version.dir/ub_duckdb_func_table_version.cpp.o.d -o src/function/table/version/CMakeFiles/duckdb_func_table_version.dir/ub_duckdb_func_table_version.cpp.o -c /home/pei/Project/duckdb-polr/build/release/src/function/table/version/ub_duckdb_func_table_version.cpp
[55/376] /usr/bin/ccache /usr/lib/ccache/c++ -DDUCKDB -DDUCKDB_BUILD_LIBRARY -DDUCKDB_MAIN_LIBRARY -DENABLE_CROSS_PRODUCT_REWRITE=0 -DENABLE_DEBUG_PRINT=0 -DENABLE_MEASURE_EXE_TIME=0 -DENABLE_MERGE_BACK_PLAN=0 -DENABLE_PARALLEL_EXECUTION=0 -DENABLE_QUERY_SPLIT=1 -DENABLE_SPECIFY_EST_STAT=0 -I/home/pei/Project/duckdb-polr/src/include -I/home/pei/Project/duckdb-polr/third_party/fsst -I/home/pei/Project/duckdb-polr/third_party/fmt/include -I/home/pei/Project/duckdb-polr/third_party/hyperloglog -I/home/pei/Project/duckdb-polr/third_party/fastpforlib -I/home/pei/Project/duckdb-polr/third_party/fast_float -I/home/pei/Project/duckdb-polr/third_party/re2 -I/home/pei/Project/duckdb-polr/third_party/miniz -I/home/pei/Project/duckdb-polr/third_party/utf8proc/include -I/home/pei/Project/duckdb-polr/third_party/miniparquet -I/home/pei/Project/duckdb-polr/third_party/concurrentqueue -I/home/pei/Project/duckdb-polr/third_party/pcg -I/home/pei/Project/duckdb-polr/third_party/tdigest -I/home/pei/Project/duckdb-polr/third_party/mbedtls/include -I/home/pei/Project/duckdb-polr/third_party/jaro_winkler -O3 -DNDEBUG -O3 -DNDEBUG   -fPIC -fdiagnostics-color=always -std=c++11 -MD -MT src/common/crypto/CMakeFiles/duckdb_common_crypto.dir/ub_duckdb_common_crypto.cpp.o -MF src/common/crypto/CMakeFiles/duckdb_common_crypto.dir/ub_duckdb_common_crypto.cpp.o.d -o src/common/crypto/CMakeFiles/duckdb_common_crypto.dir/ub_duckdb_common_crypto.cpp.o -c /home/pei/Project/duckdb-polr/build/release/src/common/crypto/ub_duckdb_common_crypto.cpp
[56/376] /usr/bin/ccache /usr/lib/ccache/c++ -DDUCKDB -DDUCKDB_BUILD_LIBRARY -DDUCKDB_MAIN_LIBRARY -DENABLE_CROSS_PRODUCT_REWRITE=0 -DENABLE_DEBUG_PRINT=0 -DENABLE_MEASURE_EXE_TIME=0 -DENABLE_MERGE_BACK_PLAN=0 -DENABLE_PARALLEL_EXECUTION=0 -DENABLE_QUERY_SPLIT=1 -DENABLE_SPECIFY_EST_STAT=0 -I/home/pei/Project/duckdb-polr/src/include -I/home/pei/Project/duckdb-polr/third_party/fsst -I/home/pei/Project/duckdb-polr/third_party/fmt/include -I/home/pei/Project/duckdb-polr/third_party/hyperloglog -I/home/pei/Project/duckdb-polr/third_party/fastpforlib -I/home/pei/Project/duckdb-polr/third_party/fast_float -I/home/pei/Project/duckdb-polr/third_party/re2 -I/home/pei/Project/duckdb-polr/third_party/miniz -I/home/pei/Project/duckdb-polr/third_party/utf8proc/include -I/home/pei/Project/duckdb-polr/third_party/miniparquet -I/home/pei/Project/duckdb-polr/third_party/concurrentqueue -I/home/pei/Project/duckdb-polr/third_party/pcg -I/home/pei/Project/duckdb-polr/third_party/tdigest -I/home/pei/Project/duckdb-polr/third_party/mbedtls/include -I/home/pei/Project/duckdb-polr/third_party/jaro_winkler -O3 -DNDEBUG -O3 -DNDEBUG   -fPIC -fdiagnostics-color=always -std=c++11 -MD -MT src/catalog/default/CMakeFiles/duckdb_catalog_default_entries.dir/ub_duckdb_catalog_default_entries.cpp.o -MF src/catalog/default/CMakeFiles/duckdb_catalog_default_entries.dir/ub_duckdb_catalog_default_entries.cpp.o.d -o src/catalog/default/CMakeFiles/duckdb_catalog_default_entries.dir/ub_duckdb_catalog_default_entries.cpp.o -c /home/pei/Project/duckdb-polr/build/release/src/catalog/default/ub_duckdb_catalog_default_entries.cpp
[57/376] /usr/bin/ccache /usr/lib/ccache/c++ -DDUCKDB -DDUCKDB_BUILD_LIBRARY -DDUCKDB_MAIN_LIBRARY -DENABLE_CROSS_PRODUCT_REWRITE=0 -DENABLE_DEBUG_PRINT=0 -DENABLE_MEASURE_EXE_TIME=0 -DENABLE_MERGE_BACK_PLAN=0 -DENABLE_PARALLEL_EXECUTION=0 -DENABLE_QUERY_SPLIT=1 -DENABLE_SPECIFY_EST_STAT=0 -I/home/pei/Project/duckdb-polr/src/include -I/home/pei/Project/duckdb-polr/third_party/fsst -I/home/pei/Project/duckdb-polr/third_party/fmt/include -I/home/pei/Project/duckdb-polr/third_party/hyperloglog -I/home/pei/Project/duckdb-polr/third_party/fastpforlib -I/home/pei/Project/duckdb-polr/third_party/fast_float -I/home/pei/Project/duckdb-polr/third_party/re2 -I/home/pei/Project/duckdb-polr/third_party/miniz -I/home/pei/Project/duckdb-polr/third_party/utf8proc/include -I/home/pei/Project/duckdb-polr/third_party/miniparquet -I/home/pei/Project/duckdb-polr/third_party/concurrentqueue -I/home/pei/Project/duckdb-polr/third_party/pcg -I/home/pei/Project/duckdb-polr/third_party/tdigest -I/home/pei/Project/duckdb-polr/third_party/mbedtls/include -I/home/pei/Project/duckdb-polr/third_party/jaro_winkler -O3 -DNDEBUG -O3 -DNDEBUG   -fPIC -fdiagnostics-color=always -std=c++11 -MD -MT src/common/arrow/CMakeFiles/duckdb_common_arrow.dir/ub_duckdb_common_arrow.cpp.o -MF src/common/arrow/CMakeFiles/duckdb_common_arrow.dir/ub_duckdb_common_arrow.cpp.o.d -o src/common/arrow/CMakeFiles/duckdb_common_arrow.dir/ub_duckdb_common_arrow.cpp.o -c /home/pei/Project/duckdb-polr/build/release/src/common/arrow/ub_duckdb_common_arrow.cpp
[58/376] /usr/bin/ccache /usr/lib/ccache/c++ -DDUCKDB -DDUCKDB_BUILD_LIBRARY -DDUCKDB_MAIN_LIBRARY -DENABLE_CROSS_PRODUCT_REWRITE=0 -DENABLE_DEBUG_PRINT=0 -DENABLE_MEASURE_EXE_TIME=0 -DENABLE_MERGE_BACK_PLAN=0 -DENABLE_PARALLEL_EXECUTION=0 -DENABLE_QUERY_SPLIT=1 -DENABLE_SPECIFY_EST_STAT=0 -I/home/pei/Project/duckdb-polr/src/include -I/home/pei/Project/duckdb-polr/third_party/fsst -I/home/pei/Project/duckdb-polr/third_party/fmt/include -I/home/pei/Project/duckdb-polr/third_party/hyperloglog -I/home/pei/Project/duckdb-polr/third_party/fastpforlib -I/home/pei/Project/duckdb-polr/third_party/fast_float -I/home/pei/Project/duckdb-polr/third_party/re2 -I/home/pei/Project/duckdb-polr/third_party/miniz -I/home/pei/Project/duckdb-polr/third_party/utf8proc/include -I/home/pei/Project/duckdb-polr/third_party/miniparquet -I/home/pei/Project/duckdb-polr/third_party/concurrentqueue -I/home/pei/Project/duckdb-polr/third_party/pcg -I/home/pei/Project/duckdb-polr/third_party/tdigest -I/home/pei/Project/duckdb-polr/third_party/mbedtls/include -I/home/pei/Project/duckdb-polr/third_party/jaro_winkler -O3 -DNDEBUG -O3 -DNDEBUG   -fPIC -fdiagnostics-color=always -std=c++11 -MD -MT src/function/table/CMakeFiles/duckdb_func_table.dir/ub_duckdb_func_table.cpp.o -MF src/function/table/CMakeFiles/duckdb_func_table.dir/ub_duckdb_func_table.cpp.o.d -o src/function/table/CMakeFiles/duckdb_func_table.dir/ub_duckdb_func_table.cpp.o -c /home/pei/Project/duckdb-polr/build/release/src/function/table/ub_duckdb_func_table.cpp
[59/376] /usr/bin/ccache /usr/lib/ccache/c++ -DDUCKDB -DDUCKDB_BUILD_LIBRARY -DDUCKDB_MAIN_LIBRARY -DENABLE_CROSS_PRODUCT_REWRITE=0 -DENABLE_DEBUG_PRINT=0 -DENABLE_MEASURE_EXE_TIME=0 -DENABLE_MERGE_BACK_PLAN=0 -DENABLE_PARALLEL_EXECUTION=0 -DENABLE_QUERY_SPLIT=1 -DENABLE_SPECIFY_EST_STAT=0 -I/home/pei/Project/duckdb-polr/src/include -I/home/pei/Project/duckdb-polr/third_party/fsst -I/home/pei/Project/duckdb-polr/third_party/fmt/include -I/home/pei/Project/duckdb-polr/third_party/hyperloglog -I/home/pei/Project/duckdb-polr/third_party/fastpforlib -I/home/pei/Project/duckdb-polr/third_party/fast_float -I/home/pei/Project/duckdb-polr/third_party/re2 -I/home/pei/Project/duckdb-polr/third_party/miniz -I/home/pei/Project/duckdb-polr/third_party/utf8proc/include -I/home/pei/Project/duckdb-polr/third_party/miniparquet -I/home/pei/Project/duckdb-polr/third_party/concurrentqueue -I/home/pei/Project/duckdb-polr/third_party/pcg -I/home/pei/Project/duckdb-polr/third_party/tdigest -I/home/pei/Project/duckdb-polr/third_party/mbedtls/include -I/home/pei/Project/duckdb-polr/third_party/jaro_winkler -O3 -DNDEBUG -O3 -DNDEBUG   -fPIC -fdiagnostics-color=always -std=c++11 -MD -MT src/function/table/system/CMakeFiles/duckdb_table_func_system.dir/ub_duckdb_table_func_system.cpp.o -MF src/function/table/system/CMakeFiles/duckdb_table_func_system.dir/ub_duckdb_table_func_system.cpp.o.d -o src/function/table/system/CMakeFiles/duckdb_table_func_system.dir/ub_duckdb_table_func_system.cpp.o -c /home/pei/Project/duckdb-polr/build/release/src/function/table/system/ub_duckdb_table_func_system.cpp
[60/376] /usr/bin/ccache /usr/lib/ccache/c++ -DDUCKDB -DDUCKDB_BUILD_LIBRARY -DDUCKDB_MAIN_LIBRARY -DENABLE_CROSS_PRODUCT_REWRITE=0 -DENABLE_DEBUG_PRINT=0 -DENABLE_MEASURE_EXE_TIME=0 -DENABLE_MERGE_BACK_PLAN=0 -DENABLE_PARALLEL_EXECUTION=0 -DENABLE_QUERY_SPLIT=1 -DENABLE_SPECIFY_EST_STAT=0 -I/home/pei/Project/duckdb-polr/src/include -I/home/pei/Project/duckdb-polr/third_party/fsst -I/home/pei/Project/duckdb-polr/third_party/fmt/include -I/home/pei/Project/duckdb-polr/third_party/hyperloglog -I/home/pei/Project/duckdb-polr/third_party/fastpforlib -I/home/pei/Project/duckdb-polr/third_party/fast_float -I/home/pei/Project/duckdb-polr/third_party/re2 -I/home/pei/Project/duckdb-polr/third_party/miniz -I/home/pei/Project/duckdb-polr/third_party/utf8proc/include -I/home/pei/Project/duckdb-polr/third_party/miniparquet -I/home/pei/Project/duckdb-polr/third_party/concurrentqueue -I/home/pei/Project/duckdb-polr/third_party/pcg -I/home/pei/Project/duckdb-polr/third_party/tdigest -I/home/pei/Project/duckdb-polr/third_party/mbedtls/include -I/home/pei/Project/duckdb-polr/third_party/jaro_winkler -O3 -DNDEBUG -O3 -DNDEBUG   -fPIC -fdiagnostics-color=always -std=c++11 -MD -MT src/catalog/CMakeFiles/duckdb_catalog.dir/ub_duckdb_catalog.cpp.o -MF src/catalog/CMakeFiles/duckdb_catalog.dir/ub_duckdb_catalog.cpp.o.d -o src/catalog/CMakeFiles/duckdb_catalog.dir/ub_duckdb_catalog.cpp.o -c /home/pei/Project/duckdb-polr/build/release/src/catalog/ub_duckdb_catalog.cpp
[61/376] /usr/bin/ccache /usr/lib/ccache/c++ -DDUCKDB -DDUCKDB_BUILD_LIBRARY -DDUCKDB_MAIN_LIBRARY -DENABLE_CROSS_PRODUCT_REWRITE=0 -DENABLE_DEBUG_PRINT=0 -DENABLE_MEASURE_EXE_TIME=0 -DENABLE_MERGE_BACK_PLAN=0 -DENABLE_PARALLEL_EXECUTION=0 -DENABLE_QUERY_SPLIT=1 -DENABLE_SPECIFY_EST_STAT=0 -I/home/pei/Project/duckdb-polr/src/include -I/home/pei/Project/duckdb-polr/third_party/fsst -I/home/pei/Project/duckdb-polr/third_party/fmt/include -I/home/pei/Project/duckdb-polr/third_party/hyperloglog -I/home/pei/Project/duckdb-polr/third_party/fastpforlib -I/home/pei/Project/duckdb-polr/third_party/fast_float -I/home/pei/Project/duckdb-polr/third_party/re2 -I/home/pei/Project/duckdb-polr/third_party/miniz -I/home/pei/Project/duckdb-polr/third_party/utf8proc/include -I/home/pei/Project/duckdb-polr/third_party/miniparquet -I/home/pei/Project/duckdb-polr/third_party/concurrentqueue -I/home/pei/Project/duckdb-polr/third_party/pcg -I/home/pei/Project/duckdb-polr/third_party/tdigest -I/home/pei/Project/duckdb-polr/third_party/mbedtls/include -I/home/pei/Project/duckdb-polr/third_party/jaro_winkler -O3 -DNDEBUG -O3 -DNDEBUG   -fPIC -fdiagnostics-color=always -std=c++11 -MD -MT src/catalog/catalog_entry/CMakeFiles/duckdb_catalog_entries.dir/ub_duckdb_catalog_entries.cpp.o -MF src/catalog/catalog_entry/CMakeFiles/duckdb_catalog_entries.dir/ub_duckdb_catalog_entries.cpp.o.d -o src/catalog/catalog_entry/CMakeFiles/duckdb_catalog_entries.dir/ub_duckdb_catalog_entries.cpp.o -c /home/pei/Project/duckdb-polr/build/release/src/catalog/catalog_entry/ub_duckdb_catalog_entries.cpp
[62/376] /usr/bin/ccache /usr/lib/ccache/c++ -DDUCKDB -DDUCKDB_BUILD_LIBRARY -DDUCKDB_MAIN_LIBRARY -DENABLE_CROSS_PRODUCT_REWRITE=0 -DENABLE_DEBUG_PRINT=0 -DENABLE_MEASURE_EXE_TIME=0 -DENABLE_MERGE_BACK_PLAN=0 -DENABLE_PARALLEL_EXECUTION=0 -DENABLE_QUERY_SPLIT=1 -DENABLE_SPECIFY_EST_STAT=0 -I/home/pei/Project/duckdb-polr/src/include -I/home/pei/Project/duckdb-polr/third_party/fsst -I/home/pei/Project/duckdb-polr/third_party/fmt/include -I/home/pei/Project/duckdb-polr/third_party/hyperloglog -I/home/pei/Project/duckdb-polr/third_party/fastpforlib -I/home/pei/Project/duckdb-polr/third_party/fast_float -I/home/pei/Project/duckdb-polr/third_party/re2 -I/home/pei/Project/duckdb-polr/third_party/miniz -I/home/pei/Project/duckdb-polr/third_party/utf8proc/include -I/home/pei/Project/duckdb-polr/third_party/miniparquet -I/home/pei/Project/duckdb-polr/third_party/concurrentqueue -I/home/pei/Project/duckdb-polr/third_party/pcg -I/home/pei/Project/duckdb-polr/third_party/tdigest -I/home/pei/Project/duckdb-polr/third_party/mbedtls/include -I/home/pei/Project/duckdb-polr/third_party/jaro_winkler -O3 -DNDEBUG -O3 -DNDEBUG   -fPIC -fdiagnostics-color=always -std=c++11 -MD -MT src/common/enums/CMakeFiles/duckdb_common_enums.dir/ub_duckdb_common_enums.cpp.o -MF src/common/enums/CMakeFiles/duckdb_common_enums.dir/ub_duckdb_common_enums.cpp.o.d -o src/common/enums/CMakeFiles/duckdb_common_enums.dir/ub_duckdb_common_enums.cpp.o -c /home/pei/Project/duckdb-polr/build/release/src/common/enums/ub_duckdb_common_enums.cpp
[63/376] /usr/bin/ccache /usr/lib/ccache/c++ -DDUCKDB -DDUCKDB_BUILD_LIBRARY -DDUCKDB_MAIN_LIBRARY -DENABLE_CROSS_PRODUCT_REWRITE=0 -DENABLE_DEBUG_PRINT=0 -DENABLE_MEASURE_EXE_TIME=0 -DENABLE_MERGE_BACK_PLAN=0 -DENABLE_PARALLEL_EXECUTION=0 -DENABLE_QUERY_SPLIT=1 -DENABLE_SPECIFY_EST_STAT=0 -I/home/pei/Project/duckdb-polr/src/include -I/home/pei/Project/duckdb-polr/third_party/fsst -I/home/pei/Project/duckdb-polr/third_party/fmt/include -I/home/pei/Project/duckdb-polr/third_party/hyperloglog -I/home/pei/Project/duckdb-polr/third_party/fastpforlib -I/home/pei/Project/duckdb-polr/third_party/fast_float -I/home/pei/Project/duckdb-polr/third_party/re2 -I/home/pei/Project/duckdb-polr/third_party/miniz -I/home/pei/Project/duckdb-polr/third_party/utf8proc/include -I/home/pei/Project/duckdb-polr/third_party/miniparquet -I/home/pei/Project/duckdb-polr/third_party/concurrentqueue -I/home/pei/Project/duckdb-polr/third_party/pcg -I/home/pei/Project/duckdb-polr/third_party/tdigest -I/home/pei/Project/duckdb-polr/third_party/mbedtls/include -I/home/pei/Project/duckdb-polr/third_party/jaro_winkler -O3 -DNDEBUG -O3 -DNDEBUG   -fPIC -fdiagnostics-color=always -std=c++11 -MD -MT src/common/operator/CMakeFiles/duckdb_common_operators.dir/ub_duckdb_common_operators.cpp.o -MF src/common/operator/CMakeFiles/duckdb_common_operators.dir/ub_duckdb_common_operators.cpp.o.d -o src/common/operator/CMakeFiles/duckdb_common_operators.dir/ub_duckdb_common_operators.cpp.o -c /home/pei/Project/duckdb-polr/build/release/src/common/operator/ub_duckdb_common_operators.cpp
[64/376] /usr/bin/ccache /usr/lib/ccache/c++ -DDUCKDB -DDUCKDB_BUILD_LIBRARY -DDUCKDB_MAIN_LIBRARY -DENABLE_CROSS_PRODUCT_REWRITE=0 -DENABLE_DEBUG_PRINT=0 -DENABLE_MEASURE_EXE_TIME=0 -DENABLE_MERGE_BACK_PLAN=0 -DENABLE_PARALLEL_EXECUTION=0 -DENABLE_QUERY_SPLIT=1 -DENABLE_SPECIFY_EST_STAT=0 -I/home/pei/Project/duckdb-polr/src/include -I/home/pei/Project/duckdb-polr/third_party/fsst -I/home/pei/Project/duckdb-polr/third_party/fmt/include -I/home/pei/Project/duckdb-polr/third_party/hyperloglog -I/home/pei/Project/duckdb-polr/third_party/fastpforlib -I/home/pei/Project/duckdb-polr/third_party/fast_float -I/home/pei/Project/duckdb-polr/third_party/re2 -I/home/pei/Project/duckdb-polr/third_party/miniz -I/home/pei/Project/duckdb-polr/third_party/utf8proc/include -I/home/pei/Project/duckdb-polr/third_party/miniparquet -I/home/pei/Project/duckdb-polr/third_party/concurrentqueue -I/home/pei/Project/duckdb-polr/third_party/pcg -I/home/pei/Project/duckdb-polr/third_party/tdigest -I/home/pei/Project/duckdb-polr/third_party/mbedtls/include -I/home/pei/Project/duckdb-polr/third_party/jaro_winkler -O3 -DNDEBUG -O3 -DNDEBUG   -fPIC -fdiagnostics-color=always -std=c++11 -MD -MT src/common/progress_bar/CMakeFiles/duckdb_progress_bar.dir/ub_duckdb_progress_bar.cpp.o -MF src/common/progress_bar/CMakeFiles/duckdb_progress_bar.dir/ub_duckdb_progress_bar.cpp.o.d -o src/common/progress_bar/CMakeFiles/duckdb_progress_bar.dir/ub_duckdb_progress_bar.cpp.o -c /home/pei/Project/duckdb-polr/build/release/src/common/progress_bar/ub_duckdb_progress_bar.cpp
[65/376] /usr/bin/ccache /usr/lib/ccache/c++ -DDUCKDB -DDUCKDB_BUILD_LIBRARY -DDUCKDB_MAIN_LIBRARY -DENABLE_CROSS_PRODUCT_REWRITE=0 -DENABLE_DEBUG_PRINT=0 -DENABLE_MEASURE_EXE_TIME=0 -DENABLE_MERGE_BACK_PLAN=0 -DENABLE_PARALLEL_EXECUTION=0 -DENABLE_QUERY_SPLIT=1 -DENABLE_SPECIFY_EST_STAT=0 -I/home/pei/Project/duckdb-polr/src/include -I/home/pei/Project/duckdb-polr/third_party/fsst -I/home/pei/Project/duckdb-polr/third_party/fmt/include -I/home/pei/Project/duckdb-polr/third_party/hyperloglog -I/home/pei/Project/duckdb-polr/third_party/fastpforlib -I/home/pei/Project/duckdb-polr/third_party/fast_float -I/home/pei/Project/duckdb-polr/third_party/re2 -I/home/pei/Project/duckdb-polr/third_party/miniz -I/home/pei/Project/duckdb-polr/third_party/utf8proc/include -I/home/pei/Project/duckdb-polr/third_party/miniparquet -I/home/pei/Project/duckdb-polr/third_party/concurrentqueue -I/home/pei/Project/duckdb-polr/third_party/pcg -I/home/pei/Project/duckdb-polr/third_party/tdigest -I/home/pei/Project/duckdb-polr/third_party/mbedtls/include -I/home/pei/Project/duckdb-polr/third_party/jaro_winkler -O3 -DNDEBUG -O3 -DNDEBUG   -fPIC -fdiagnostics-color=always -std=c++11 -MD -MT src/common/serializer/CMakeFiles/duckdb_common_serializer.dir/ub_duckdb_common_serializer.cpp.o -MF src/common/serializer/CMakeFiles/duckdb_common_serializer.dir/ub_duckdb_common_serializer.cpp.o.d -o src/common/serializer/CMakeFiles/duckdb_common_serializer.dir/ub_duckdb_common_serializer.cpp.o -c /home/pei/Project/duckdb-polr/build/release/src/common/serializer/ub_duckdb_common_serializer.cpp
[66/376] /usr/bin/ccache /usr/lib/ccache/c++ -DDUCKDB -DDUCKDB_BUILD_LIBRARY -DDUCKDB_MAIN_LIBRARY -DENABLE_CROSS_PRODUCT_REWRITE=0 -DENABLE_DEBUG_PRINT=0 -DENABLE_MEASURE_EXE_TIME=0 -DENABLE_MERGE_BACK_PLAN=0 -DENABLE_PARALLEL_EXECUTION=0 -DENABLE_QUERY_SPLIT=1 -DENABLE_SPECIFY_EST_STAT=0 -I/home/pei/Project/duckdb-polr/src/include -I/home/pei/Project/duckdb-polr/third_party/fsst -I/home/pei/Project/duckdb-polr/third_party/fmt/include -I/home/pei/Project/duckdb-polr/third_party/hyperloglog -I/home/pei/Project/duckdb-polr/third_party/fastpforlib -I/home/pei/Project/duckdb-polr/third_party/fast_float -I/home/pei/Project/duckdb-polr/third_party/re2 -I/home/pei/Project/duckdb-polr/third_party/miniz -I/home/pei/Project/duckdb-polr/third_party/utf8proc/include -I/home/pei/Project/duckdb-polr/third_party/miniparquet -I/home/pei/Project/duckdb-polr/third_party/concurrentqueue -I/home/pei/Project/duckdb-polr/third_party/pcg -I/home/pei/Project/duckdb-polr/third_party/tdigest -I/home/pei/Project/duckdb-polr/third_party/mbedtls/include -I/home/pei/Project/duckdb-polr/third_party/jaro_winkler -O3 -DNDEBUG -O3 -DNDEBUG   -fPIC -fdiagnostics-color=always -std=c++11 -MD -MT src/common/row_operations/CMakeFiles/duckdb_row_operations.dir/ub_duckdb_row_operations.cpp.o -MF src/common/row_operations/CMakeFiles/duckdb_row_operations.dir/ub_duckdb_row_operations.cpp.o.d -o src/common/row_operations/CMakeFiles/duckdb_row_operations.dir/ub_duckdb_row_operations.cpp.o -c /home/pei/Project/duckdb-polr/build/release/src/common/row_operations/ub_duckdb_row_operations.cpp
[67/376] /usr/bin/ccache /usr/lib/ccache/c++ -DDUCKDB -DDUCKDB_BUILD_LIBRARY -DDUCKDB_MAIN_LIBRARY -DENABLE_CROSS_PRODUCT_REWRITE=0 -DENABLE_DEBUG_PRINT=0 -DENABLE_MEASURE_EXE_TIME=0 -DENABLE_MERGE_BACK_PLAN=0 -DENABLE_PARALLEL_EXECUTION=0 -DENABLE_QUERY_SPLIT=1 -DENABLE_SPECIFY_EST_STAT=0 -I/home/pei/Project/duckdb-polr/src/include -I/home/pei/Project/duckdb-polr/third_party/fsst -I/home/pei/Project/duckdb-polr/third_party/fmt/include -I/home/pei/Project/duckdb-polr/third_party/hyperloglog -I/home/pei/Project/duckdb-polr/third_party/fastpforlib -I/home/pei/Project/duckdb-polr/third_party/fast_float -I/home/pei/Project/duckdb-polr/third_party/re2 -I/home/pei/Project/duckdb-polr/third_party/miniz -I/home/pei/Project/duckdb-polr/third_party/utf8proc/include -I/home/pei/Project/duckdb-polr/third_party/miniparquet -I/home/pei/Project/duckdb-polr/third_party/concurrentqueue -I/home/pei/Project/duckdb-polr/third_party/pcg -I/home/pei/Project/duckdb-polr/third_party/tdigest -I/home/pei/Project/duckdb-polr/third_party/mbedtls/include -I/home/pei/Project/duckdb-polr/third_party/jaro_winkler -O3 -DNDEBUG -O3 -DNDEBUG   -fPIC -fdiagnostics-color=always -std=c++11 -MD -MT src/common/value_operations/CMakeFiles/duckdb_value_operations.dir/ub_duckdb_value_operations.cpp.o -MF src/common/value_operations/CMakeFiles/duckdb_value_operations.dir/ub_duckdb_value_operations.cpp.o.d -o src/common/value_operations/CMakeFiles/duckdb_value_operations.dir/ub_duckdb_value_operations.cpp.o -c /home/pei/Project/duckdb-polr/build/release/src/common/value_operations/ub_duckdb_value_operations.cpp
[68/376] /usr/bin/ccache /usr/lib/ccache/c++ -DDUCKDB -DDUCKDB_BUILD_LIBRARY -DDUCKDB_MAIN_LIBRARY -DENABLE_CROSS_PRODUCT_REWRITE=0 -DENABLE_DEBUG_PRINT=0 -DENABLE_MEASURE_EXE_TIME=0 -DENABLE_MERGE_BACK_PLAN=0 -DENABLE_PARALLEL_EXECUTION=0 -DENABLE_QUERY_SPLIT=1 -DENABLE_SPECIFY_EST_STAT=0 -I/home/pei/Project/duckdb-polr/src/include -I/home/pei/Project/duckdb-polr/third_party/fsst -I/home/pei/Project/duckdb-polr/third_party/fmt/include -I/home/pei/Project/duckdb-polr/third_party/hyperloglog -I/home/pei/Project/duckdb-polr/third_party/fastpforlib -I/home/pei/Project/duckdb-polr/third_party/fast_float -I/home/pei/Project/duckdb-polr/third_party/re2 -I/home/pei/Project/duckdb-polr/third_party/miniz -I/home/pei/Project/duckdb-polr/third_party/utf8proc/include -I/home/pei/Project/duckdb-polr/third_party/miniparquet -I/home/pei/Project/duckdb-polr/third_party/concurrentqueue -I/home/pei/Project/duckdb-polr/third_party/pcg -I/home/pei/Project/duckdb-polr/third_party/tdigest -I/home/pei/Project/duckdb-polr/third_party/mbedtls/include -I/home/pei/Project/duckdb-polr/third_party/jaro_winkler -O3 -DNDEBUG -O3 -DNDEBUG   -fPIC -fdiagnostics-color=always -std=c++11 -MD -MT src/common/sort/CMakeFiles/duckdb_sort.dir/ub_duckdb_sort.cpp.o -MF src/common/sort/CMakeFiles/duckdb_sort.dir/ub_duckdb_sort.cpp.o.d -o src/common/sort/CMakeFiles/duckdb_sort.dir/ub_duckdb_sort.cpp.o -c /home/pei/Project/duckdb-polr/build/release/src/common/sort/ub_duckdb_sort.cpp
[69/376] /usr/bin/ccache /usr/lib/ccache/c++ -DDUCKDB -DDUCKDB_BUILD_LIBRARY -DDUCKDB_MAIN_LIBRARY -DENABLE_CROSS_PRODUCT_REWRITE=0 -DENABLE_DEBUG_PRINT=0 -DENABLE_MEASURE_EXE_TIME=0 -DENABLE_MERGE_BACK_PLAN=0 -DENABLE_PARALLEL_EXECUTION=0 -DENABLE_QUERY_SPLIT=1 -DENABLE_SPECIFY_EST_STAT=0 -I/home/pei/Project/duckdb-polr/src/include -I/home/pei/Project/duckdb-polr/third_party/fsst -I/home/pei/Project/duckdb-polr/third_party/fmt/include -I/home/pei/Project/duckdb-polr/third_party/hyperloglog -I/home/pei/Project/duckdb-polr/third_party/fastpforlib -I/home/pei/Project/duckdb-polr/third_party/fast_float -I/home/pei/Project/duckdb-polr/third_party/re2 -I/home/pei/Project/duckdb-polr/third_party/miniz -I/home/pei/Project/duckdb-polr/third_party/utf8proc/include -I/home/pei/Project/duckdb-polr/third_party/miniparquet -I/home/pei/Project/duckdb-polr/third_party/concurrentqueue -I/home/pei/Project/duckdb-polr/third_party/pcg -I/home/pei/Project/duckdb-polr/third_party/tdigest -I/home/pei/Project/duckdb-polr/third_party/mbedtls/include -I/home/pei/Project/duckdb-polr/third_party/jaro_winkler -O3 -DNDEBUG -O3 -DNDEBUG   -fPIC -fdiagnostics-color=always -std=c++11 -MD -MT src/common/vector_operations/CMakeFiles/duckdb_vector_operations.dir/boolean_operators.cpp.o -MF src/common/vector_operations/CMakeFiles/duckdb_vector_operations.dir/boolean_operators.cpp.o.d -o src/common/vector_operations/CMakeFiles/duckdb_vector_operations.dir/boolean_operators.cpp.o -c /home/pei/Project/duckdb-polr/src/common/vector_operations/boolean_operators.cpp
[70/376] /usr/bin/ccache /usr/lib/ccache/c++ -DDUCKDB -DDUCKDB_BUILD_LIBRARY -DDUCKDB_MAIN_LIBRARY -DENABLE_CROSS_PRODUCT_REWRITE=0 -DENABLE_DEBUG_PRINT=0 -DENABLE_MEASURE_EXE_TIME=0 -DENABLE_MERGE_BACK_PLAN=0 -DENABLE_PARALLEL_EXECUTION=0 -DENABLE_QUERY_SPLIT=1 -DENABLE_SPECIFY_EST_STAT=0 -I/home/pei/Project/duckdb-polr/src/include -I/home/pei/Project/duckdb-polr/third_party/fsst -I/home/pei/Project/duckdb-polr/third_party/fmt/include -I/home/pei/Project/duckdb-polr/third_party/hyperloglog -I/home/pei/Project/duckdb-polr/third_party/fastpforlib -I/home/pei/Project/duckdb-polr/third_party/fast_float -I/home/pei/Project/duckdb-polr/third_party/re2 -I/home/pei/Project/duckdb-polr/third_party/miniz -I/home/pei/Project/duckdb-polr/third_party/utf8proc/include -I/home/pei/Project/duckdb-polr/third_party/miniparquet -I/home/pei/Project/duckdb-polr/third_party/concurrentqueue -I/home/pei/Project/duckdb-polr/third_party/pcg -I/home/pei/Project/duckdb-polr/third_party/tdigest -I/home/pei/Project/duckdb-polr/third_party/mbedtls/include -I/home/pei/Project/duckdb-polr/third_party/jaro_winkler -O3 -DNDEBUG -O3 -DNDEBUG   -fPIC -fdiagnostics-color=always -std=c++11 -MD -MT src/common/vector_operations/CMakeFiles/duckdb_vector_operations.dir/generators.cpp.o -MF src/common/vector_operations/CMakeFiles/duckdb_vector_operations.dir/generators.cpp.o.d -o src/common/vector_operations/CMakeFiles/duckdb_vector_operations.dir/generators.cpp.o -c /home/pei/Project/duckdb-polr/src/common/vector_operations/generators.cpp
[71/376] /usr/bin/ccache /usr/lib/ccache/c++ -DDUCKDB -DDUCKDB_BUILD_LIBRARY -DDUCKDB_MAIN_LIBRARY -DENABLE_CROSS_PRODUCT_REWRITE=0 -DENABLE_DEBUG_PRINT=0 -DENABLE_MEASURE_EXE_TIME=0 -DENABLE_MERGE_BACK_PLAN=0 -DENABLE_PARALLEL_EXECUTION=0 -DENABLE_QUERY_SPLIT=1 -DENABLE_SPECIFY_EST_STAT=0 -I/home/pei/Project/duckdb-polr/src/include -I/home/pei/Project/duckdb-polr/third_party/fsst -I/home/pei/Project/duckdb-polr/third_party/fmt/include -I/home/pei/Project/duckdb-polr/third_party/hyperloglog -I/home/pei/Project/duckdb-polr/third_party/fastpforlib -I/home/pei/Project/duckdb-polr/third_party/fast_float -I/home/pei/Project/duckdb-polr/third_party/re2 -I/home/pei/Project/duckdb-polr/third_party/miniz -I/home/pei/Project/duckdb-polr/third_party/utf8proc/include -I/home/pei/Project/duckdb-polr/third_party/miniparquet -I/home/pei/Project/duckdb-polr/third_party/concurrentqueue -I/home/pei/Project/duckdb-polr/third_party/pcg -I/home/pei/Project/duckdb-polr/third_party/tdigest -I/home/pei/Project/duckdb-polr/third_party/mbedtls/include -I/home/pei/Project/duckdb-polr/third_party/jaro_winkler -O3 -DNDEBUG -O3 -DNDEBUG   -fPIC -fdiagnostics-color=always -std=c++11 -MD -MT src/common/vector_operations/CMakeFiles/duckdb_vector_operations.dir/comparison_operators.cpp.o -MF src/common/vector_operations/CMakeFiles/duckdb_vector_operations.dir/comparison_operators.cpp.o.d -o src/common/vector_operations/CMakeFiles/duckdb_vector_operations.dir/comparison_operators.cpp.o -c /home/pei/Project/duckdb-polr/src/common/vector_operations/comparison_operators.cpp
[72/376] /usr/bin/ccache /usr/lib/ccache/c++ -DDUCKDB -DDUCKDB_BUILD_LIBRARY -DDUCKDB_MAIN_LIBRARY -DENABLE_CROSS_PRODUCT_REWRITE=0 -DENABLE_DEBUG_PRINT=0 -DENABLE_MEASURE_EXE_TIME=0 -DENABLE_MERGE_BACK_PLAN=0 -DENABLE_PARALLEL_EXECUTION=0 -DENABLE_QUERY_SPLIT=1 -DENABLE_SPECIFY_EST_STAT=0 -I/home/pei/Project/duckdb-polr/src/include -I/home/pei/Project/duckdb-polr/third_party/fsst -I/home/pei/Project/duckdb-polr/third_party/fmt/include -I/home/pei/Project/duckdb-polr/third_party/hyperloglog -I/home/pei/Project/duckdb-polr/third_party/fastpforlib -I/home/pei/Project/duckdb-polr/third_party/fast_float -I/home/pei/Project/duckdb-polr/third_party/re2 -I/home/pei/Project/duckdb-polr/third_party/miniz -I/home/pei/Project/duckdb-polr/third_party/utf8proc/include -I/home/pei/Project/duckdb-polr/third_party/miniparquet -I/home/pei/Project/duckdb-polr/third_party/concurrentqueue -I/home/pei/Project/duckdb-polr/third_party/pcg -I/home/pei/Project/duckdb-polr/third_party/tdigest -I/home/pei/Project/duckdb-polr/third_party/mbedtls/include -I/home/pei/Project/duckdb-polr/third_party/jaro_winkler -O3 -DNDEBUG -O3 -DNDEBUG   -fPIC -fdiagnostics-color=always -std=c++11 -MD -MT src/common/vector_operations/CMakeFiles/duckdb_vector_operations.dir/vector_cast.cpp.o -MF src/common/vector_operations/CMakeFiles/duckdb_vector_operations.dir/vector_cast.cpp.o.d -o src/common/vector_operations/CMakeFiles/duckdb_vector_operations.dir/vector_cast.cpp.o -c /home/pei/Project/duckdb-polr/src/common/vector_operations/vector_cast.cpp
[73/376] /usr/bin/ccache /usr/lib/ccache/c++ -DDUCKDB -DDUCKDB_BUILD_LIBRARY -DDUCKDB_MAIN_LIBRARY -DENABLE_CROSS_PRODUCT_REWRITE=0 -DENABLE_DEBUG_PRINT=0 -DENABLE_MEASURE_EXE_TIME=0 -DENABLE_MERGE_BACK_PLAN=0 -DENABLE_PARALLEL_EXECUTION=0 -DENABLE_QUERY_SPLIT=1 -DENABLE_SPECIFY_EST_STAT=0 -I/home/pei/Project/duckdb-polr/src/include -I/home/pei/Project/duckdb-polr/third_party/fsst -I/home/pei/Project/duckdb-polr/third_party/fmt/include -I/home/pei/Project/duckdb-polr/third_party/hyperloglog -I/home/pei/Project/duckdb-polr/third_party/fastpforlib -I/home/pei/Project/duckdb-polr/third_party/fast_float -I/home/pei/Project/duckdb-polr/third_party/re2 -I/home/pei/Project/duckdb-polr/third_party/miniz -I/home/pei/Project/duckdb-polr/third_party/utf8proc/include -I/home/pei/Project/duckdb-polr/third_party/miniparquet -I/home/pei/Project/duckdb-polr/third_party/concurrentqueue -I/home/pei/Project/duckdb-polr/third_party/pcg -I/home/pei/Project/duckdb-polr/third_party/tdigest -I/home/pei/Project/duckdb-polr/third_party/mbedtls/include -I/home/pei/Project/duckdb-polr/third_party/jaro_winkler -O3 -DNDEBUG -O3 -DNDEBUG   -fPIC -fdiagnostics-color=always -std=c++11 -MD -MT src/common/types/CMakeFiles/duckdb_common_types.dir/ub_duckdb_common_types.cpp.o -MF src/common/types/CMakeFiles/duckdb_common_types.dir/ub_duckdb_common_types.cpp.o.d -o src/common/types/CMakeFiles/duckdb_common_types.dir/ub_duckdb_common_types.cpp.o -c /home/pei/Project/duckdb-polr/build/release/src/common/types/ub_duckdb_common_types.cpp
[74/376] /usr/bin/ccache /usr/lib/ccache/c++ -DDUCKDB -DDUCKDB_BUILD_LIBRARY -DDUCKDB_MAIN_LIBRARY -DENABLE_CROSS_PRODUCT_REWRITE=0 -DENABLE_DEBUG_PRINT=0 -DENABLE_MEASURE_EXE_TIME=0 -DENABLE_MERGE_BACK_PLAN=0 -DENABLE_PARALLEL_EXECUTION=0 -DENABLE_QUERY_SPLIT=1 -DENABLE_SPECIFY_EST_STAT=0 -I/home/pei/Project/duckdb-polr/src/include -I/home/pei/Project/duckdb-polr/third_party/fsst -I/home/pei/Project/duckdb-polr/third_party/fmt/include -I/home/pei/Project/duckdb-polr/third_party/hyperloglog -I/home/pei/Project/duckdb-polr/third_party/fastpforlib -I/home/pei/Project/duckdb-polr/third_party/fast_float -I/home/pei/Project/duckdb-polr/third_party/re2 -I/home/pei/Project/duckdb-polr/third_party/miniz -I/home/pei/Project/duckdb-polr/third_party/utf8proc/include -I/home/pei/Project/duckdb-polr/third_party/miniparquet -I/home/pei/Project/duckdb-polr/third_party/concurrentqueue -I/home/pei/Project/duckdb-polr/third_party/pcg -I/home/pei/Project/duckdb-polr/third_party/tdigest -I/home/pei/Project/duckdb-polr/third_party/mbedtls/include -I/home/pei/Project/duckdb-polr/third_party/jaro_winkler -O3 -DNDEBUG -O3 -DNDEBUG   -fPIC -fdiagnostics-color=always -std=c++11 -MD -MT src/common/vector_operations/CMakeFiles/duckdb_vector_operations.dir/vector_hash.cpp.o -MF src/common/vector_operations/CMakeFiles/duckdb_vector_operations.dir/vector_hash.cpp.o.d -o src/common/vector_operations/CMakeFiles/duckdb_vector_operations.dir/vector_hash.cpp.o -c /home/pei/Project/duckdb-polr/src/common/vector_operations/vector_hash.cpp
[75/376] /usr/bin/ccache /usr/lib/ccache/c++ -DDUCKDB -DDUCKDB_BUILD_LIBRARY -DDUCKDB_MAIN_LIBRARY -DENABLE_CROSS_PRODUCT_REWRITE=0 -DENABLE_DEBUG_PRINT=0 -DENABLE_MEASURE_EXE_TIME=0 -DENABLE_MERGE_BACK_PLAN=0 -DENABLE_PARALLEL_EXECUTION=0 -DENABLE_QUERY_SPLIT=1 -DENABLE_SPECIFY_EST_STAT=0 -I/home/pei/Project/duckdb-polr/src/include -I/home/pei/Project/duckdb-polr/third_party/fsst -I/home/pei/Project/duckdb-polr/third_party/fmt/include -I/home/pei/Project/duckdb-polr/third_party/hyperloglog -I/home/pei/Project/duckdb-polr/third_party/fastpforlib -I/home/pei/Project/duckdb-polr/third_party/fast_float -I/home/pei/Project/duckdb-polr/third_party/re2 -I/home/pei/Project/duckdb-polr/third_party/miniz -I/home/pei/Project/duckdb-polr/third_party/utf8proc/include -I/home/pei/Project/duckdb-polr/third_party/miniparquet -I/home/pei/Project/duckdb-polr/third_party/concurrentqueue -I/home/pei/Project/duckdb-polr/third_party/pcg -I/home/pei/Project/duckdb-polr/third_party/tdigest -I/home/pei/Project/duckdb-polr/third_party/mbedtls/include -I/home/pei/Project/duckdb-polr/third_party/jaro_winkler -O3 -DNDEBUG -O3 -DNDEBUG   -fPIC -fdiagnostics-color=always -std=c++11 -MD -MT src/common/vector_operations/CMakeFiles/duckdb_vector_operations.dir/vector_copy.cpp.o -MF src/common/vector_operations/CMakeFiles/duckdb_vector_operations.dir/vector_copy.cpp.o.d -o src/common/vector_operations/CMakeFiles/duckdb_vector_operations.dir/vector_copy.cpp.o -c /home/pei/Project/duckdb-polr/src/common/vector_operations/vector_copy.cpp
[76/376] /usr/bin/ccache /usr/lib/ccache/c++ -DDUCKDB -DDUCKDB_BUILD_LIBRARY -DDUCKDB_MAIN_LIBRARY -DENABLE_CROSS_PRODUCT_REWRITE=0 -DENABLE_DEBUG_PRINT=0 -DENABLE_MEASURE_EXE_TIME=0 -DENABLE_MERGE_BACK_PLAN=0 -DENABLE_PARALLEL_EXECUTION=0 -DENABLE_QUERY_SPLIT=1 -DENABLE_SPECIFY_EST_STAT=0 -I/home/pei/Project/duckdb-polr/src/include -I/home/pei/Project/duckdb-polr/third_party/fsst -I/home/pei/Project/duckdb-polr/third_party/fmt/include -I/home/pei/Project/duckdb-polr/third_party/hyperloglog -I/home/pei/Project/duckdb-polr/third_party/fastpforlib -I/home/pei/Project/duckdb-polr/third_party/fast_float -I/home/pei/Project/duckdb-polr/third_party/re2 -I/home/pei/Project/duckdb-polr/third_party/miniz -I/home/pei/Project/duckdb-polr/third_party/utf8proc/include -I/home/pei/Project/duckdb-polr/third_party/miniparquet -I/home/pei/Project/duckdb-polr/third_party/concurrentqueue -I/home/pei/Project/duckdb-polr/third_party/pcg -I/home/pei/Project/duckdb-polr/third_party/tdigest -I/home/pei/Project/duckdb-polr/third_party/mbedtls/include -I/home/pei/Project/duckdb-polr/third_party/jaro_winkler -O3 -DNDEBUG -O3 -DNDEBUG   -fPIC -fdiagnostics-color=always -std=c++11 -MD -MT src/common/vector_operations/CMakeFiles/duckdb_vector_operations.dir/null_operations.cpp.o -MF src/common/vector_operations/CMakeFiles/duckdb_vector_operations.dir/null_operations.cpp.o.d -o src/common/vector_operations/CMakeFiles/duckdb_vector_operations.dir/null_operations.cpp.o -c /home/pei/Project/duckdb-polr/src/common/vector_operations/null_operations.cpp
[77/376] /usr/bin/ccache /usr/lib/ccache/c++ -DDUCKDB -DDUCKDB_BUILD_LIBRARY -DDUCKDB_MAIN_LIBRARY -DENABLE_CROSS_PRODUCT_REWRITE=0 -DENABLE_DEBUG_PRINT=0 -DENABLE_MEASURE_EXE_TIME=0 -DENABLE_MERGE_BACK_PLAN=0 -DENABLE_PARALLEL_EXECUTION=0 -DENABLE_QUERY_SPLIT=1 -DENABLE_SPECIFY_EST_STAT=0 -I/home/pei/Project/duckdb-polr/src/include -I/home/pei/Project/duckdb-polr/third_party/fsst -I/home/pei/Project/duckdb-polr/third_party/fmt/include -I/home/pei/Project/duckdb-polr/third_party/hyperloglog -I/home/pei/Project/duckdb-polr/third_party/fastpforlib -I/home/pei/Project/duckdb-polr/third_party/fast_float -I/home/pei/Project/duckdb-polr/third_party/re2 -I/home/pei/Project/duckdb-polr/third_party/miniz -I/home/pei/Project/duckdb-polr/third_party/utf8proc/include -I/home/pei/Project/duckdb-polr/third_party/miniparquet -I/home/pei/Project/duckdb-polr/third_party/concurrentqueue -I/home/pei/Project/duckdb-polr/third_party/pcg -I/home/pei/Project/duckdb-polr/third_party/tdigest -I/home/pei/Project/duckdb-polr/third_party/mbedtls/include -I/home/pei/Project/duckdb-polr/third_party/jaro_winkler -O3 -DNDEBUG -O3 -DNDEBUG   -fPIC -fdiagnostics-color=always -std=c++11 -MD -MT src/common/vector_operations/CMakeFiles/duckdb_vector_operations.dir/vector_storage.cpp.o -MF src/common/vector_operations/CMakeFiles/duckdb_vector_operations.dir/vector_storage.cpp.o.d -o src/common/vector_operations/CMakeFiles/duckdb_vector_operations.dir/vector_storage.cpp.o -c /home/pei/Project/duckdb-polr/src/common/vector_operations/vector_storage.cpp
[78/376] /usr/bin/ccache /usr/lib/ccache/c++ -DDUCKDB -DDUCKDB_BUILD_LIBRARY -DDUCKDB_MAIN_LIBRARY -DENABLE_CROSS_PRODUCT_REWRITE=0 -DENABLE_DEBUG_PRINT=0 -DENABLE_MEASURE_EXE_TIME=0 -DENABLE_MERGE_BACK_PLAN=0 -DENABLE_PARALLEL_EXECUTION=0 -DENABLE_QUERY_SPLIT=1 -DENABLE_SPECIFY_EST_STAT=0 -I/home/pei/Project/duckdb-polr/src/include -I/home/pei/Project/duckdb-polr/third_party/fsst -I/home/pei/Project/duckdb-polr/third_party/fmt/include -I/home/pei/Project/duckdb-polr/third_party/hyperloglog -I/home/pei/Project/duckdb-polr/third_party/fastpforlib -I/home/pei/Project/duckdb-polr/third_party/fast_float -I/home/pei/Project/duckdb-polr/third_party/re2 -I/home/pei/Project/duckdb-polr/third_party/miniz -I/home/pei/Project/duckdb-polr/third_party/utf8proc/include -I/home/pei/Project/duckdb-polr/third_party/miniparquet -I/home/pei/Project/duckdb-polr/third_party/concurrentqueue -I/home/pei/Project/duckdb-polr/third_party/pcg -I/home/pei/Project/duckdb-polr/third_party/tdigest -I/home/pei/Project/duckdb-polr/third_party/mbedtls/include -I/home/pei/Project/duckdb-polr/third_party/jaro_winkler -O3 -DNDEBUG -O3 -DNDEBUG   -fPIC -fdiagnostics-color=always -std=c++11 -MD -MT src/common/vector_operations/CMakeFiles/duckdb_vector_operations.dir/numeric_inplace_operators.cpp.o -MF src/common/vector_operations/CMakeFiles/duckdb_vector_operations.dir/numeric_inplace_operators.cpp.o.d -o src/common/vector_operations/CMakeFiles/duckdb_vector_operations.dir/numeric_inplace_operators.cpp.o -c /home/pei/Project/duckdb-polr/src/common/vector_operations/numeric_inplace_operators.cpp
[79/376] /usr/bin/ccache /usr/lib/ccache/c++ -DDUCKDB -DDUCKDB_BUILD_LIBRARY -DDUCKDB_MAIN_LIBRARY -DENABLE_CROSS_PRODUCT_REWRITE=0 -DENABLE_DEBUG_PRINT=0 -DENABLE_MEASURE_EXE_TIME=0 -DENABLE_MERGE_BACK_PLAN=0 -DENABLE_PARALLEL_EXECUTION=0 -DENABLE_QUERY_SPLIT=1 -DENABLE_SPECIFY_EST_STAT=0 -I/home/pei/Project/duckdb-polr/src/include -I/home/pei/Project/duckdb-polr/third_party/fsst -I/home/pei/Project/duckdb-polr/third_party/fmt/include -I/home/pei/Project/duckdb-polr/third_party/hyperloglog -I/home/pei/Project/duckdb-polr/third_party/fastpforlib -I/home/pei/Project/duckdb-polr/third_party/fast_float -I/home/pei/Project/duckdb-polr/third_party/re2 -I/home/pei/Project/duckdb-polr/third_party/miniz -I/home/pei/Project/duckdb-polr/third_party/utf8proc/include -I/home/pei/Project/duckdb-polr/third_party/miniparquet -I/home/pei/Project/duckdb-polr/third_party/concurrentqueue -I/home/pei/Project/duckdb-polr/third_party/pcg -I/home/pei/Project/duckdb-polr/third_party/tdigest -I/home/pei/Project/duckdb-polr/third_party/mbedtls/include -I/home/pei/Project/duckdb-polr/third_party/jaro_winkler -O3 -DNDEBUG -O3 -DNDEBUG   -fPIC -fdiagnostics-color=always -std=c++11 -MD -MT src/common/vector_operations/CMakeFiles/duckdb_vector_operations.dir/is_distinct_from.cpp.o -MF src/common/vector_operations/CMakeFiles/duckdb_vector_operations.dir/is_distinct_from.cpp.o.d -o src/common/vector_operations/CMakeFiles/duckdb_vector_operations.dir/is_distinct_from.cpp.o -c /home/pei/Project/duckdb-polr/src/common/vector_operations/is_distinct_from.cpp
[80/376] /usr/bin/ccache /usr/lib/ccache/c++ -DDUCKDB -DDUCKDB_BUILD_LIBRARY -DDUCKDB_MAIN_LIBRARY -DENABLE_CROSS_PRODUCT_REWRITE=0 -DENABLE_DEBUG_PRINT=0 -DENABLE_MEASURE_EXE_TIME=0 -DENABLE_MERGE_BACK_PLAN=0 -DENABLE_PARALLEL_EXECUTION=0 -DENABLE_QUERY_SPLIT=1 -DENABLE_SPECIFY_EST_STAT=0 -I/home/pei/Project/duckdb-polr/src/include -I/home/pei/Project/duckdb-polr/third_party/fsst -I/home/pei/Project/duckdb-polr/third_party/fmt/include -I/home/pei/Project/duckdb-polr/third_party/hyperloglog -I/home/pei/Project/duckdb-polr/third_party/fastpforlib -I/home/pei/Project/duckdb-polr/third_party/fast_float -I/home/pei/Project/duckdb-polr/third_party/re2 -I/home/pei/Project/duckdb-polr/third_party/miniz -I/home/pei/Project/duckdb-polr/third_party/utf8proc/include -I/home/pei/Project/duckdb-polr/third_party/miniparquet -I/home/pei/Project/duckdb-polr/third_party/concurrentqueue -I/home/pei/Project/duckdb-polr/third_party/pcg -I/home/pei/Project/duckdb-polr/third_party/tdigest -I/home/pei/Project/duckdb-polr/third_party/mbedtls/include -I/home/pei/Project/duckdb-polr/third_party/jaro_winkler -O3 -DNDEBUG -O3 -DNDEBUG   -fPIC -fdiagnostics-color=always -std=c++11 -MD -MT src/execution/expression_executor/CMakeFiles/duckdb_expression_executor.dir/ub_duckdb_expression_executor.cpp.o -MF src/execution/expression_executor/CMakeFiles/duckdb_expression_executor.dir/ub_duckdb_expression_executor.cpp.o.d -o src/execution/expression_executor/CMakeFiles/duckdb_expression_executor.dir/ub_duckdb_expression_executor.cpp.o -c /home/pei/Project/duckdb-polr/build/release/src/execution/expression_executor/ub_duckdb_expression_executor.cpp
[81/376] /usr/bin/ccache /usr/lib/ccache/c++ -DDUCKDB -DDUCKDB_BUILD_LIBRARY -DDUCKDB_MAIN_LIBRARY -DENABLE_CROSS_PRODUCT_REWRITE=0 -DENABLE_DEBUG_PRINT=0 -DENABLE_MEASURE_EXE_TIME=0 -DENABLE_MERGE_BACK_PLAN=0 -DENABLE_PARALLEL_EXECUTION=0 -DENABLE_QUERY_SPLIT=1 -DENABLE_SPECIFY_EST_STAT=0 -I/home/pei/Project/duckdb-polr/src/include -I/home/pei/Project/duckdb-polr/third_party/fsst -I/home/pei/Project/duckdb-polr/third_party/fmt/include -I/home/pei/Project/duckdb-polr/third_party/hyperloglog -I/home/pei/Project/duckdb-polr/third_party/fastpforlib -I/home/pei/Project/duckdb-polr/third_party/fast_float -I/home/pei/Project/duckdb-polr/third_party/re2 -I/home/pei/Project/duckdb-polr/third_party/miniz -I/home/pei/Project/duckdb-polr/third_party/utf8proc/include -I/home/pei/Project/duckdb-polr/third_party/miniparquet -I/home/pei/Project/duckdb-polr/third_party/concurrentqueue -I/home/pei/Project/duckdb-polr/third_party/pcg -I/home/pei/Project/duckdb-polr/third_party/tdigest -I/home/pei/Project/duckdb-polr/third_party/mbedtls/include -I/home/pei/Project/duckdb-polr/third_party/jaro_winkler -O3 -DNDEBUG -O3 -DNDEBUG   -fPIC -fdiagnostics-color=always -std=c++11 -MD -MT src/execution/nested_loop_join/CMakeFiles/duckdb_nested_loop_join.dir/ub_duckdb_nested_loop_join.cpp.o -MF src/execution/nested_loop_join/CMakeFiles/duckdb_nested_loop_join.dir/ub_duckdb_nested_loop_join.cpp.o.d -o src/execution/nested_loop_join/CMakeFiles/duckdb_nested_loop_join.dir/ub_duckdb_nested_loop_join.cpp.o -c /home/pei/Project/duckdb-polr/build/release/src/execution/nested_loop_join/ub_duckdb_nested_loop_join.cpp
[82/376] /usr/bin/ccache /usr/lib/ccache/c++ -DDUCKDB -DDUCKDB_BUILD_LIBRARY -DDUCKDB_MAIN_LIBRARY -DENABLE_CROSS_PRODUCT_REWRITE=0 -DENABLE_DEBUG_PRINT=0 -DENABLE_MEASURE_EXE_TIME=0 -DENABLE_MERGE_BACK_PLAN=0 -DENABLE_PARALLEL_EXECUTION=0 -DENABLE_QUERY_SPLIT=1 -DENABLE_SPECIFY_EST_STAT=0 -I/home/pei/Project/duckdb-polr/src/include -I/home/pei/Project/duckdb-polr/third_party/fsst -I/home/pei/Project/duckdb-polr/third_party/fmt/include -I/home/pei/Project/duckdb-polr/third_party/hyperloglog -I/home/pei/Project/duckdb-polr/third_party/fastpforlib -I/home/pei/Project/duckdb-polr/third_party/fast_float -I/home/pei/Project/duckdb-polr/third_party/re2 -I/home/pei/Project/duckdb-polr/third_party/miniz -I/home/pei/Project/duckdb-polr/third_party/utf8proc/include -I/home/pei/Project/duckdb-polr/third_party/miniparquet -I/home/pei/Project/duckdb-polr/third_party/concurrentqueue -I/home/pei/Project/duckdb-polr/third_party/pcg -I/home/pei/Project/duckdb-polr/third_party/tdigest -I/home/pei/Project/duckdb-polr/third_party/mbedtls/include -I/home/pei/Project/duckdb-polr/third_party/jaro_winkler -O3 -DNDEBUG -O3 -DNDEBUG   -fPIC -fdiagnostics-color=always -std=c++11 -MD -MT src/execution/CMakeFiles/duckdb_execution.dir/ub_duckdb_execution.cpp.o -MF src/execution/CMakeFiles/duckdb_execution.dir/ub_duckdb_execution.cpp.o.d -o src/execution/CMakeFiles/duckdb_execution.dir/ub_duckdb_execution.cpp.o -c /home/pei/Project/duckdb-polr/build/release/src/execution/ub_duckdb_execution.cpp
[83/376] /usr/bin/ccache /usr/lib/ccache/c++ -DDUCKDB -DDUCKDB_BUILD_LIBRARY -DDUCKDB_MAIN_LIBRARY -DENABLE_CROSS_PRODUCT_REWRITE=0 -DENABLE_DEBUG_PRINT=0 -DENABLE_MEASURE_EXE_TIME=0 -DENABLE_MERGE_BACK_PLAN=0 -DENABLE_PARALLEL_EXECUTION=0 -DENABLE_QUERY_SPLIT=1 -DENABLE_SPECIFY_EST_STAT=0 -I/home/pei/Project/duckdb-polr/src/include -I/home/pei/Project/duckdb-polr/third_party/fsst -I/home/pei/Project/duckdb-polr/third_party/fmt/include -I/home/pei/Project/duckdb-polr/third_party/hyperloglog -I/home/pei/Project/duckdb-polr/third_party/fastpforlib -I/home/pei/Project/duckdb-polr/third_party/fast_float -I/home/pei/Project/duckdb-polr/third_party/re2 -I/home/pei/Project/duckdb-polr/third_party/miniz -I/home/pei/Project/duckdb-polr/third_party/utf8proc/include -I/home/pei/Project/duckdb-polr/third_party/miniparquet -I/home/pei/Project/duckdb-polr/third_party/concurrentqueue -I/home/pei/Project/duckdb-polr/third_party/pcg -I/home/pei/Project/duckdb-polr/third_party/tdigest -I/home/pei/Project/duckdb-polr/third_party/mbedtls/include -I/home/pei/Project/duckdb-polr/third_party/jaro_winkler -O3 -DNDEBUG -O3 -DNDEBUG   -fPIC -fdiagnostics-color=always -std=c++11 -MD -MT src/execution/operator/aggregate/CMakeFiles/duckdb_operator_aggregate.dir/ub_duckdb_operator_aggregate.cpp.o -MF src/execution/operator/aggregate/CMakeFiles/duckdb_operator_aggregate.dir/ub_duckdb_operator_aggregate.cpp.o.d -o src/execution/operator/aggregate/CMakeFiles/duckdb_operator_aggregate.dir/ub_duckdb_operator_aggregate.cpp.o -c /home/pei/Project/duckdb-polr/build/release/src/execution/operator/aggregate/ub_duckdb_operator_aggregate.cpp
[84/376] /usr/bin/ccache /usr/lib/ccache/c++ -DDUCKDB -DDUCKDB_BUILD_LIBRARY -DDUCKDB_MAIN_LIBRARY -DENABLE_CROSS_PRODUCT_REWRITE=0 -DENABLE_DEBUG_PRINT=0 -DENABLE_MEASURE_EXE_TIME=0 -DENABLE_MERGE_BACK_PLAN=0 -DENABLE_PARALLEL_EXECUTION=0 -DENABLE_QUERY_SPLIT=1 -DENABLE_SPECIFY_EST_STAT=0 -I/home/pei/Project/duckdb-polr/src/include -I/home/pei/Project/duckdb-polr/third_party/fsst -I/home/pei/Project/duckdb-polr/third_party/fmt/include -I/home/pei/Project/duckdb-polr/third_party/hyperloglog -I/home/pei/Project/duckdb-polr/third_party/fastpforlib -I/home/pei/Project/duckdb-polr/third_party/fast_float -I/home/pei/Project/duckdb-polr/third_party/re2 -I/home/pei/Project/duckdb-polr/third_party/miniz -I/home/pei/Project/duckdb-polr/third_party/utf8proc/include -I/home/pei/Project/duckdb-polr/third_party/miniparquet -I/home/pei/Project/duckdb-polr/third_party/concurrentqueue -I/home/pei/Project/duckdb-polr/third_party/pcg -I/home/pei/Project/duckdb-polr/third_party/tdigest -I/home/pei/Project/duckdb-polr/third_party/mbedtls/include -I/home/pei/Project/duckdb-polr/third_party/jaro_winkler -O3 -DNDEBUG -O3 -DNDEBUG   -fPIC -fdiagnostics-color=always -std=c++11 -MD -MT src/execution/operator/filter/CMakeFiles/duckdb_operator_filter.dir/ub_duckdb_operator_filter.cpp.o -MF src/execution/operator/filter/CMakeFiles/duckdb_operator_filter.dir/ub_duckdb_operator_filter.cpp.o.d -o src/execution/operator/filter/CMakeFiles/duckdb_operator_filter.dir/ub_duckdb_operator_filter.cpp.o -c /home/pei/Project/duckdb-polr/build/release/src/execution/operator/filter/ub_duckdb_operator_filter.cpp
[85/376] /usr/bin/ccache /usr/lib/ccache/c++ -DDUCKDB -DDUCKDB_BUILD_LIBRARY -DDUCKDB_MAIN_LIBRARY -DENABLE_CROSS_PRODUCT_REWRITE=0 -DENABLE_DEBUG_PRINT=0 -DENABLE_MEASURE_EXE_TIME=0 -DENABLE_MERGE_BACK_PLAN=0 -DENABLE_PARALLEL_EXECUTION=0 -DENABLE_QUERY_SPLIT=1 -DENABLE_SPECIFY_EST_STAT=0 -I/home/pei/Project/duckdb-polr/src/include -I/home/pei/Project/duckdb-polr/third_party/fsst -I/home/pei/Project/duckdb-polr/third_party/fmt/include -I/home/pei/Project/duckdb-polr/third_party/hyperloglog -I/home/pei/Project/duckdb-polr/third_party/fastpforlib -I/home/pei/Project/duckdb-polr/third_party/fast_float -I/home/pei/Project/duckdb-polr/third_party/re2 -I/home/pei/Project/duckdb-polr/third_party/miniz -I/home/pei/Project/duckdb-polr/third_party/utf8proc/include -I/home/pei/Project/duckdb-polr/third_party/miniparquet -I/home/pei/Project/duckdb-polr/third_party/concurrentqueue -I/home/pei/Project/duckdb-polr/third_party/pcg -I/home/pei/Project/duckdb-polr/third_party/tdigest -I/home/pei/Project/duckdb-polr/third_party/mbedtls/include -I/home/pei/Project/duckdb-polr/third_party/jaro_winkler -O3 -DNDEBUG -O3 -DNDEBUG   -fPIC -fdiagnostics-color=always -std=c++11 -MD -MT src/execution/operator/helper/CMakeFiles/duckdb_operator_helper.dir/ub_duckdb_operator_helper.cpp.o -MF src/execution/operator/helper/CMakeFiles/duckdb_operator_helper.dir/ub_duckdb_operator_helper.cpp.o.d -o src/execution/operator/helper/CMakeFiles/duckdb_operator_helper.dir/ub_duckdb_operator_helper.cpp.o -c /home/pei/Project/duckdb-polr/build/release/src/execution/operator/helper/ub_duckdb_operator_helper.cpp
[86/376] /usr/bin/ccache /usr/lib/ccache/c++ -DDUCKDB -DDUCKDB_BUILD_LIBRARY -DDUCKDB_MAIN_LIBRARY -DENABLE_CROSS_PRODUCT_REWRITE=0 -DENABLE_DEBUG_PRINT=0 -DENABLE_MEASURE_EXE_TIME=0 -DENABLE_MERGE_BACK_PLAN=0 -DENABLE_PARALLEL_EXECUTION=0 -DENABLE_QUERY_SPLIT=1 -DENABLE_SPECIFY_EST_STAT=0 -I/home/pei/Project/duckdb-polr/src/include -I/home/pei/Project/duckdb-polr/third_party/fsst -I/home/pei/Project/duckdb-polr/third_party/fmt/include -I/home/pei/Project/duckdb-polr/third_party/hyperloglog -I/home/pei/Project/duckdb-polr/third_party/fastpforlib -I/home/pei/Project/duckdb-polr/third_party/fast_float -I/home/pei/Project/duckdb-polr/third_party/re2 -I/home/pei/Project/duckdb-polr/third_party/miniz -I/home/pei/Project/duckdb-polr/third_party/utf8proc/include -I/home/pei/Project/duckdb-polr/third_party/miniparquet -I/home/pei/Project/duckdb-polr/third_party/concurrentqueue -I/home/pei/Project/duckdb-polr/third_party/pcg -I/home/pei/Project/duckdb-polr/third_party/tdigest -I/home/pei/Project/duckdb-polr/third_party/mbedtls/include -I/home/pei/Project/duckdb-polr/third_party/jaro_winkler -O3 -DNDEBUG -O3 -DNDEBUG   -fPIC -fdiagnostics-color=always -std=c++11 -MD -MT src/execution/operator/join/CMakeFiles/duckdb_operator_join.dir/ub_duckdb_operator_join.cpp.o -MF src/execution/operator/join/CMakeFiles/duckdb_operator_join.dir/ub_duckdb_operator_join.cpp.o.d -o src/execution/operator/join/CMakeFiles/duckdb_operator_join.dir/ub_duckdb_operator_join.cpp.o -c /home/pei/Project/duckdb-polr/build/release/src/execution/operator/join/ub_duckdb_operator_join.cpp
[87/376] /usr/bin/ccache /usr/lib/ccache/c++ -DDUCKDB -DDUCKDB_BUILD_LIBRARY -DDUCKDB_MAIN_LIBRARY -DENABLE_CROSS_PRODUCT_REWRITE=0 -DENABLE_DEBUG_PRINT=0 -DENABLE_MEASURE_EXE_TIME=0 -DENABLE_MERGE_BACK_PLAN=0 -DENABLE_PARALLEL_EXECUTION=0 -DENABLE_QUERY_SPLIT=1 -DENABLE_SPECIFY_EST_STAT=0 -I/home/pei/Project/duckdb-polr/src/include -I/home/pei/Project/duckdb-polr/third_party/fsst -I/home/pei/Project/duckdb-polr/third_party/fmt/include -I/home/pei/Project/duckdb-polr/third_party/hyperloglog -I/home/pei/Project/duckdb-polr/third_party/fastpforlib -I/home/pei/Project/duckdb-polr/third_party/fast_float -I/home/pei/Project/duckdb-polr/third_party/re2 -I/home/pei/Project/duckdb-polr/third_party/miniz -I/home/pei/Project/duckdb-polr/third_party/utf8proc/include -I/home/pei/Project/duckdb-polr/third_party/miniparquet -I/home/pei/Project/duckdb-polr/third_party/concurrentqueue -I/home/pei/Project/duckdb-polr/third_party/pcg -I/home/pei/Project/duckdb-polr/third_party/tdigest -I/home/pei/Project/duckdb-polr/third_party/mbedtls/include -I/home/pei/Project/duckdb-polr/third_party/jaro_winkler -O3 -DNDEBUG -O3 -DNDEBUG   -fPIC -fdiagnostics-color=always -std=c++11 -MD -MT src/execution/operator/order/CMakeFiles/duckdb_operator_order.dir/ub_duckdb_operator_order.cpp.o -MF src/execution/operator/order/CMakeFiles/duckdb_operator_order.dir/ub_duckdb_operator_order.cpp.o.d -o src/execution/operator/order/CMakeFiles/duckdb_operator_order.dir/ub_duckdb_operator_order.cpp.o -c /home/pei/Project/duckdb-polr/build/release/src/execution/operator/order/ub_duckdb_operator_order.cpp
[88/376] /usr/bin/ccache /usr/lib/ccache/c++ -DDUCKDB -DDUCKDB_BUILD_LIBRARY -DDUCKDB_MAIN_LIBRARY -DENABLE_CROSS_PRODUCT_REWRITE=0 -DENABLE_DEBUG_PRINT=0 -DENABLE_MEASURE_EXE_TIME=0 -DENABLE_MERGE_BACK_PLAN=0 -DENABLE_PARALLEL_EXECUTION=0 -DENABLE_QUERY_SPLIT=1 -DENABLE_SPECIFY_EST_STAT=0 -I/home/pei/Project/duckdb-polr/src/include -I/home/pei/Project/duckdb-polr/third_party/fsst -I/home/pei/Project/duckdb-polr/third_party/fmt/include -I/home/pei/Project/duckdb-polr/third_party/hyperloglog -I/home/pei/Project/duckdb-polr/third_party/fastpforlib -I/home/pei/Project/duckdb-polr/third_party/fast_float -I/home/pei/Project/duckdb-polr/third_party/re2 -I/home/pei/Project/duckdb-polr/third_party/miniz -I/home/pei/Project/duckdb-polr/third_party/utf8proc/include -I/home/pei/Project/duckdb-polr/third_party/miniparquet -I/home/pei/Project/duckdb-polr/third_party/concurrentqueue -I/home/pei/Project/duckdb-polr/third_party/pcg -I/home/pei/Project/duckdb-polr/third_party/tdigest -I/home/pei/Project/duckdb-polr/third_party/mbedtls/include -I/home/pei/Project/duckdb-polr/third_party/jaro_winkler -O3 -DNDEBUG -O3 -DNDEBUG   -fPIC -fdiagnostics-color=always -std=c++11 -MD -MT src/execution/operator/persistent/CMakeFiles/duckdb_operator_persistent.dir/ub_duckdb_operator_persistent.cpp.o -MF src/execution/operator/persistent/CMakeFiles/duckdb_operator_persistent.dir/ub_duckdb_operator_persistent.cpp.o.d -o src/execution/operator/persistent/CMakeFiles/duckdb_operator_persistent.dir/ub_duckdb_operator_persistent.cpp.o -c /home/pei/Project/duckdb-polr/build/release/src/execution/operator/persistent/ub_duckdb_operator_persistent.cpp
[89/376] /usr/bin/ccache /usr/lib/ccache/c++ -DDUCKDB -DDUCKDB_BUILD_LIBRARY -DDUCKDB_MAIN_LIBRARY -DENABLE_CROSS_PRODUCT_REWRITE=0 -DENABLE_DEBUG_PRINT=0 -DENABLE_MEASURE_EXE_TIME=0 -DENABLE_MERGE_BACK_PLAN=0 -DENABLE_PARALLEL_EXECUTION=0 -DENABLE_QUERY_SPLIT=1 -DENABLE_SPECIFY_EST_STAT=0 -I/home/pei/Project/duckdb-polr/src/include -I/home/pei/Project/duckdb-polr/third_party/fsst -I/home/pei/Project/duckdb-polr/third_party/fmt/include -I/home/pei/Project/duckdb-polr/third_party/hyperloglog -I/home/pei/Project/duckdb-polr/third_party/fastpforlib -I/home/pei/Project/duckdb-polr/third_party/fast_float -I/home/pei/Project/duckdb-polr/third_party/re2 -I/home/pei/Project/duckdb-polr/third_party/miniz -I/home/pei/Project/duckdb-polr/third_party/utf8proc/include -I/home/pei/Project/duckdb-polr/third_party/miniparquet -I/home/pei/Project/duckdb-polr/third_party/concurrentqueue -I/home/pei/Project/duckdb-polr/third_party/pcg -I/home/pei/Project/duckdb-polr/third_party/tdigest -I/home/pei/Project/duckdb-polr/third_party/mbedtls/include -I/home/pei/Project/duckdb-polr/third_party/jaro_winkler -O3 -DNDEBUG -O3 -DNDEBUG   -fPIC -fdiagnostics-color=always -std=c++11 -MD -MT src/execution/operator/projection/CMakeFiles/duckdb_operator_projection.dir/ub_duckdb_operator_projection.cpp.o -MF src/execution/operator/projection/CMakeFiles/duckdb_operator_projection.dir/ub_duckdb_operator_projection.cpp.o.d -o src/execution/operator/projection/CMakeFiles/duckdb_operator_projection.dir/ub_duckdb_operator_projection.cpp.o -c /home/pei/Project/duckdb-polr/build/release/src/execution/operator/projection/ub_duckdb_operator_projection.cpp
[90/376] /usr/bin/ccache /usr/lib/ccache/c++ -DDUCKDB -DDUCKDB_BUILD_LIBRARY -DDUCKDB_MAIN_LIBRARY -DENABLE_CROSS_PRODUCT_REWRITE=0 -DENABLE_DEBUG_PRINT=0 -DENABLE_MEASURE_EXE_TIME=0 -DENABLE_MERGE_BACK_PLAN=0 -DENABLE_PARALLEL_EXECUTION=0 -DENABLE_QUERY_SPLIT=1 -DENABLE_SPECIFY_EST_STAT=0 -I/home/pei/Project/duckdb-polr/src/include -I/home/pei/Project/duckdb-polr/third_party/fsst -I/home/pei/Project/duckdb-polr/third_party/fmt/include -I/home/pei/Project/duckdb-polr/third_party/hyperloglog -I/home/pei/Project/duckdb-polr/third_party/fastpforlib -I/home/pei/Project/duckdb-polr/third_party/fast_float -I/home/pei/Project/duckdb-polr/third_party/re2 -I/home/pei/Project/duckdb-polr/third_party/miniz -I/home/pei/Project/duckdb-polr/third_party/utf8proc/include -I/home/pei/Project/duckdb-polr/third_party/miniparquet -I/home/pei/Project/duckdb-polr/third_party/concurrentqueue -I/home/pei/Project/duckdb-polr/third_party/pcg -I/home/pei/Project/duckdb-polr/third_party/tdigest -I/home/pei/Project/duckdb-polr/third_party/mbedtls/include -I/home/pei/Project/duckdb-polr/third_party/jaro_winkler -O3 -DNDEBUG -O3 -DNDEBUG   -fPIC -fdiagnostics-color=always -std=c++11 -MD -MT src/execution/operator/scan/CMakeFiles/duckdb_operator_scan.dir/ub_duckdb_operator_scan.cpp.o -MF src/execution/operator/scan/CMakeFiles/duckdb_operator_scan.dir/ub_duckdb_operator_scan.cpp.o.d -o src/execution/operator/scan/CMakeFiles/duckdb_operator_scan.dir/ub_duckdb_operator_scan.cpp.o -c /home/pei/Project/duckdb-polr/build/release/src/execution/operator/scan/ub_duckdb_operator_scan.cpp
[91/376] /usr/bin/ccache /usr/lib/ccache/c++ -DDUCKDB -DDUCKDB_BUILD_LIBRARY -DDUCKDB_MAIN_LIBRARY -DENABLE_CROSS_PRODUCT_REWRITE=0 -DENABLE_DEBUG_PRINT=0 -DENABLE_MEASURE_EXE_TIME=0 -DENABLE_MERGE_BACK_PLAN=0 -DENABLE_PARALLEL_EXECUTION=0 -DENABLE_QUERY_SPLIT=1 -DENABLE_SPECIFY_EST_STAT=0 -I/home/pei/Project/duckdb-polr/src/include -I/home/pei/Project/duckdb-polr/third_party/fsst -I/home/pei/Project/duckdb-polr/third_party/fmt/include -I/home/pei/Project/duckdb-polr/third_party/hyperloglog -I/home/pei/Project/duckdb-polr/third_party/fastpforlib -I/home/pei/Project/duckdb-polr/third_party/fast_float -I/home/pei/Project/duckdb-polr/third_party/re2 -I/home/pei/Project/duckdb-polr/third_party/miniz -I/home/pei/Project/duckdb-polr/third_party/utf8proc/include -I/home/pei/Project/duckdb-polr/third_party/miniparquet -I/home/pei/Project/duckdb-polr/third_party/concurrentqueue -I/home/pei/Project/duckdb-polr/third_party/pcg -I/home/pei/Project/duckdb-polr/third_party/tdigest -I/home/pei/Project/duckdb-polr/third_party/mbedtls/include -I/home/pei/Project/duckdb-polr/third_party/jaro_winkler -O3 -DNDEBUG -O3 -DNDEBUG   -fPIC -fdiagnostics-color=always -std=c++11 -MD -MT src/execution/operator/set/CMakeFiles/duckdb_operator_set.dir/ub_duckdb_operator_set.cpp.o -MF src/execution/operator/set/CMakeFiles/duckdb_operator_set.dir/ub_duckdb_operator_set.cpp.o.d -o src/execution/operator/set/CMakeFiles/duckdb_operator_set.dir/ub_duckdb_operator_set.cpp.o -c /home/pei/Project/duckdb-polr/build/release/src/execution/operator/set/ub_duckdb_operator_set.cpp
[92/376] /usr/bin/ccache /usr/lib/ccache/c++ -DDUCKDB -DDUCKDB_BUILD_LIBRARY -DDUCKDB_MAIN_LIBRARY -DENABLE_CROSS_PRODUCT_REWRITE=0 -DENABLE_DEBUG_PRINT=0 -DENABLE_MEASURE_EXE_TIME=0 -DENABLE_MERGE_BACK_PLAN=0 -DENABLE_PARALLEL_EXECUTION=0 -DENABLE_QUERY_SPLIT=1 -DENABLE_SPECIFY_EST_STAT=0 -I/home/pei/Project/duckdb-polr/src/include -I/home/pei/Project/duckdb-polr/third_party/fsst -I/home/pei/Project/duckdb-polr/third_party/fmt/include -I/home/pei/Project/duckdb-polr/third_party/hyperloglog -I/home/pei/Project/duckdb-polr/third_party/fastpforlib -I/home/pei/Project/duckdb-polr/third_party/fast_float -I/home/pei/Project/duckdb-polr/third_party/re2 -I/home/pei/Project/duckdb-polr/third_party/miniz -I/home/pei/Project/duckdb-polr/third_party/utf8proc/include -I/home/pei/Project/duckdb-polr/third_party/miniparquet -I/home/pei/Project/duckdb-polr/third_party/concurrentqueue -I/home/pei/Project/duckdb-polr/third_party/pcg -I/home/pei/Project/duckdb-polr/third_party/tdigest -I/home/pei/Project/duckdb-polr/third_party/mbedtls/include -I/home/pei/Project/duckdb-polr/third_party/jaro_winkler -O3 -DNDEBUG -O3 -DNDEBUG   -fPIC -fdiagnostics-color=always -std=c++11 -MD -MT src/execution/operator/schema/CMakeFiles/duckdb_operator_schema.dir/ub_duckdb_operator_schema.cpp.o -MF src/execution/operator/schema/CMakeFiles/duckdb_operator_schema.dir/ub_duckdb_operator_schema.cpp.o.d -o src/execution/operator/schema/CMakeFiles/duckdb_operator_schema.dir/ub_duckdb_operator_schema.cpp.o -c /home/pei/Project/duckdb-polr/build/release/src/execution/operator/schema/ub_duckdb_operator_schema.cpp
[93/376] /usr/bin/ccache /usr/lib/ccache/c++ -DDUCKDB -DDUCKDB_BUILD_LIBRARY -DDUCKDB_MAIN_LIBRARY -DENABLE_CROSS_PRODUCT_REWRITE=0 -DENABLE_DEBUG_PRINT=0 -DENABLE_MEASURE_EXE_TIME=0 -DENABLE_MERGE_BACK_PLAN=0 -DENABLE_PARALLEL_EXECUTION=0 -DENABLE_QUERY_SPLIT=1 -DENABLE_SPECIFY_EST_STAT=0 -I/home/pei/Project/duckdb-polr/src/include -I/home/pei/Project/duckdb-polr/third_party/fsst -I/home/pei/Project/duckdb-polr/third_party/fmt/include -I/home/pei/Project/duckdb-polr/third_party/hyperloglog -I/home/pei/Project/duckdb-polr/third_party/fastpforlib -I/home/pei/Project/duckdb-polr/third_party/fast_float -I/home/pei/Project/duckdb-polr/third_party/re2 -I/home/pei/Project/duckdb-polr/third_party/miniz -I/home/pei/Project/duckdb-polr/third_party/utf8proc/include -I/home/pei/Project/duckdb-polr/third_party/miniparquet -I/home/pei/Project/duckdb-polr/third_party/concurrentqueue -I/home/pei/Project/duckdb-polr/third_party/pcg -I/home/pei/Project/duckdb-polr/third_party/tdigest -I/home/pei/Project/duckdb-polr/third_party/mbedtls/include -I/home/pei/Project/duckdb-polr/third_party/jaro_winkler -O3 -DNDEBUG -O3 -DNDEBUG   -fPIC -fdiagnostics-color=always -std=c++11 -MD -MT src/execution/index/art/CMakeFiles/duckdb_art_index_execution.dir/ub_duckdb_art_index_execution.cpp.o -MF src/execution/index/art/CMakeFiles/duckdb_art_index_execution.dir/ub_duckdb_art_index_execution.cpp.o.d -o src/execution/index/art/CMakeFiles/duckdb_art_index_execution.dir/ub_duckdb_art_index_execution.cpp.o -c /home/pei/Project/duckdb-polr/build/release/src/execution/index/art/ub_duckdb_art_index_execution.cpp
[94/376] /usr/bin/ccache /usr/lib/ccache/c++ -DDUCKDB -DDUCKDB_BUILD_LIBRARY -DDUCKDB_MAIN_LIBRARY -DENABLE_CROSS_PRODUCT_REWRITE=0 -DENABLE_DEBUG_PRINT=0 -DENABLE_MEASURE_EXE_TIME=0 -DENABLE_MERGE_BACK_PLAN=0 -DENABLE_PARALLEL_EXECUTION=0 -DENABLE_QUERY_SPLIT=1 -DENABLE_SPECIFY_EST_STAT=0 -I/home/pei/Project/duckdb-polr/src/include -I/home/pei/Project/duckdb-polr/third_party/fsst -I/home/pei/Project/duckdb-polr/third_party/fmt/include -I/home/pei/Project/duckdb-polr/third_party/hyperloglog -I/home/pei/Project/duckdb-polr/third_party/fastpforlib -I/home/pei/Project/duckdb-polr/third_party/fast_float -I/home/pei/Project/duckdb-polr/third_party/re2 -I/home/pei/Project/duckdb-polr/third_party/miniz -I/home/pei/Project/duckdb-polr/third_party/utf8proc/include -I/home/pei/Project/duckdb-polr/third_party/miniparquet -I/home/pei/Project/duckdb-polr/third_party/concurrentqueue -I/home/pei/Project/duckdb-polr/third_party/pcg -I/home/pei/Project/duckdb-polr/third_party/tdigest -I/home/pei/Project/duckdb-polr/third_party/mbedtls/include -I/home/pei/Project/duckdb-polr/third_party/jaro_winkler -O3 -DNDEBUG -O3 -DNDEBUG   -fPIC -fdiagnostics-color=always -std=c++11 -MD -MT src/execution/physical_plan/CMakeFiles/duckdb_physical_plan.dir/ub_duckdb_physical_plan.cpp.o -MF src/execution/physical_plan/CMakeFiles/duckdb_physical_plan.dir/ub_duckdb_physical_plan.cpp.o.d -o src/execution/physical_plan/CMakeFiles/duckdb_physical_plan.dir/ub_duckdb_physical_plan.cpp.o -c /home/pei/Project/duckdb-polr/build/release/src/execution/physical_plan/ub_duckdb_physical_plan.cpp
[95/376] /usr/bin/ccache /usr/lib/ccache/c++ -DDUCKDB -DDUCKDB_BUILD_LIBRARY -DDUCKDB_MAIN_LIBRARY -DENABLE_CROSS_PRODUCT_REWRITE=0 -DENABLE_DEBUG_PRINT=0 -DENABLE_MEASURE_EXE_TIME=0 -DENABLE_MERGE_BACK_PLAN=0 -DENABLE_PARALLEL_EXECUTION=0 -DENABLE_QUERY_SPLIT=1 -DENABLE_SPECIFY_EST_STAT=0 -I/home/pei/Project/duckdb-polr/src/include -I/home/pei/Project/duckdb-polr/third_party/fsst -I/home/pei/Project/duckdb-polr/third_party/fmt/include -I/home/pei/Project/duckdb-polr/third_party/hyperloglog -I/home/pei/Project/duckdb-polr/third_party/fastpforlib -I/home/pei/Project/duckdb-polr/third_party/fast_float -I/home/pei/Project/duckdb-polr/third_party/re2 -I/home/pei/Project/duckdb-polr/third_party/miniz -I/home/pei/Project/duckdb-polr/third_party/utf8proc/include -I/home/pei/Project/duckdb-polr/third_party/miniparquet -I/home/pei/Project/duckdb-polr/third_party/concurrentqueue -I/home/pei/Project/duckdb-polr/third_party/pcg -I/home/pei/Project/duckdb-polr/third_party/tdigest -I/home/pei/Project/duckdb-polr/third_party/mbedtls/include -I/home/pei/Project/duckdb-polr/third_party/jaro_winkler -O3 -DNDEBUG -O3 -DNDEBUG   -fPIC -fdiagnostics-color=always -std=c++11 -MD -MT src/main/capi/CMakeFiles/duckdb_main_capi.dir/ub_duckdb_main_capi.cpp.o -MF src/main/capi/CMakeFiles/duckdb_main_capi.dir/ub_duckdb_main_capi.cpp.o.d -o src/main/capi/CMakeFiles/duckdb_main_capi.dir/ub_duckdb_main_capi.cpp.o -c /home/pei/Project/duckdb-polr/build/release/src/main/capi/ub_duckdb_main_capi.cpp
[96/376] /usr/bin/ccache /usr/lib/ccache/c++ -DDUCKDB -DDUCKDB_BUILD_LIBRARY -DDUCKDB_MAIN_LIBRARY -DENABLE_CROSS_PRODUCT_REWRITE=0 -DENABLE_DEBUG_PRINT=0 -DENABLE_MEASURE_EXE_TIME=0 -DENABLE_MERGE_BACK_PLAN=0 -DENABLE_PARALLEL_EXECUTION=0 -DENABLE_QUERY_SPLIT=1 -DENABLE_SPECIFY_EST_STAT=0 -I/home/pei/Project/duckdb-polr/src/include -I/home/pei/Project/duckdb-polr/third_party/fsst -I/home/pei/Project/duckdb-polr/third_party/fmt/include -I/home/pei/Project/duckdb-polr/third_party/hyperloglog -I/home/pei/Project/duckdb-polr/third_party/fastpforlib -I/home/pei/Project/duckdb-polr/third_party/fast_float -I/home/pei/Project/duckdb-polr/third_party/re2 -I/home/pei/Project/duckdb-polr/third_party/miniz -I/home/pei/Project/duckdb-polr/third_party/utf8proc/include -I/home/pei/Project/duckdb-polr/third_party/miniparquet -I/home/pei/Project/duckdb-polr/third_party/concurrentqueue -I/home/pei/Project/duckdb-polr/third_party/pcg -I/home/pei/Project/duckdb-polr/third_party/tdigest -I/home/pei/Project/duckdb-polr/third_party/mbedtls/include -I/home/pei/Project/duckdb-polr/third_party/jaro_winkler -O3 -DNDEBUG -O3 -DNDEBUG   -fPIC -fdiagnostics-color=always -std=c++11 -MD -MT src/main/capi/cast/CMakeFiles/duckdb_main_capi_cast.dir/ub_duckdb_main_capi_cast.cpp.o -MF src/main/capi/cast/CMakeFiles/duckdb_main_capi_cast.dir/ub_duckdb_main_capi_cast.cpp.o.d -o src/main/capi/cast/CMakeFiles/duckdb_main_capi_cast.dir/ub_duckdb_main_capi_cast.cpp.o -c /home/pei/Project/duckdb-polr/build/release/src/main/capi/cast/ub_duckdb_main_capi_cast.cpp
[97/376] /usr/bin/ccache /usr/lib/ccache/c++ -DBUILD_JEMALLOC_EXTENSION=ON -DBUILD_PARQUET_EXTENSION=TRUE -DDUCKDB -DDUCKDB_BUILD_LIBRARY -DDUCKDB_MAIN_LIBRARY -DENABLE_CROSS_PRODUCT_REWRITE=0 -DENABLE_DEBUG_PRINT=0 -DENABLE_MEASURE_EXE_TIME=0 -DENABLE_MERGE_BACK_PLAN=0 -DENABLE_PARALLEL_EXECUTION=0 -DENABLE_QUERY_SPLIT=1 -DENABLE_SPECIFY_EST_STAT=0 -I/home/pei/Project/duckdb-polr/src/include -I/home/pei/Project/duckdb-polr/third_party/fsst -I/home/pei/Project/duckdb-polr/third_party/fmt/include -I/home/pei/Project/duckdb-polr/third_party/hyperloglog -I/home/pei/Project/duckdb-polr/third_party/fastpforlib -I/home/pei/Project/duckdb-polr/third_party/fast_float -I/home/pei/Project/duckdb-polr/third_party/re2 -I/home/pei/Project/duckdb-polr/third_party/miniz -I/home/pei/Project/duckdb-polr/third_party/utf8proc/include -I/home/pei/Project/duckdb-polr/third_party/miniparquet -I/home/pei/Project/duckdb-polr/third_party/concurrentqueue -I/home/pei/Project/duckdb-polr/third_party/pcg -I/home/pei/Project/duckdb-polr/third_party/tdigest -I/home/pei/Project/duckdb-polr/third_party/mbedtls/include -I/home/pei/Project/duckdb-polr/third_party/jaro_winkler -I/home/pei/Project/duckdb-polr/src/main/extension/../../../third_party/httplib -I/home/pei/Project/duckdb-polr/extension -I/home/pei/Project/duckdb-polr/extension/parquet/include -I/home/pei/Project/duckdb-polr/extension/jemalloc/include -O3 -DNDEBUG -O3 -DNDEBUG   -fPIC -fdiagnostics-color=always -std=c++11 -MD -MT src/main/extension/CMakeFiles/duckdb_main_extension.dir/ub_duckdb_main_extension.cpp.o -MF src/main/extension/CMakeFiles/duckdb_main_extension.dir/ub_duckdb_main_extension.cpp.o.d -o src/main/extension/CMakeFiles/duckdb_main_extension.dir/ub_duckdb_main_extension.cpp.o -c /home/pei/Project/duckdb-polr/build/release/src/main/extension/ub_duckdb_main_extension.cpp
[98/376] /usr/bin/ccache /usr/lib/ccache/c++ -DDUCKDB -DDUCKDB_BUILD_LIBRARY -DDUCKDB_MAIN_LIBRARY -DENABLE_CROSS_PRODUCT_REWRITE=0 -DENABLE_DEBUG_PRINT=0 -DENABLE_MEASURE_EXE_TIME=0 -DENABLE_MERGE_BACK_PLAN=0 -DENABLE_PARALLEL_EXECUTION=0 -DENABLE_QUERY_SPLIT=1 -DENABLE_SPECIFY_EST_STAT=0 -I/home/pei/Project/duckdb-polr/src/include -I/home/pei/Project/duckdb-polr/third_party/fsst -I/home/pei/Project/duckdb-polr/third_party/fmt/include -I/home/pei/Project/duckdb-polr/third_party/hyperloglog -I/home/pei/Project/duckdb-polr/third_party/fastpforlib -I/home/pei/Project/duckdb-polr/third_party/fast_float -I/home/pei/Project/duckdb-polr/third_party/re2 -I/home/pei/Project/duckdb-polr/third_party/miniz -I/home/pei/Project/duckdb-polr/third_party/utf8proc/include -I/home/pei/Project/duckdb-polr/third_party/miniparquet -I/home/pei/Project/duckdb-polr/third_party/concurrentqueue -I/home/pei/Project/duckdb-polr/third_party/pcg -I/home/pei/Project/duckdb-polr/third_party/tdigest -I/home/pei/Project/duckdb-polr/third_party/mbedtls/include -I/home/pei/Project/duckdb-polr/third_party/jaro_winkler -O3 -DNDEBUG -O3 -DNDEBUG   -fPIC -fdiagnostics-color=always -std=c++11 -MD -MT src/main/relation/CMakeFiles/duckdb_main_relation.dir/ub_duckdb_main_relation.cpp.o -MF src/main/relation/CMakeFiles/duckdb_main_relation.dir/ub_duckdb_main_relation.cpp.o.d -o src/main/relation/CMakeFiles/duckdb_main_relation.dir/ub_duckdb_main_relation.cpp.o -c /home/pei/Project/duckdb-polr/build/release/src/main/relation/ub_duckdb_main_relation.cpp
[99/376] /usr/bin/ccache /usr/lib/ccache/c++ -DDUCKDB -DDUCKDB_BUILD_LIBRARY -DDUCKDB_MAIN_LIBRARY -DENABLE_CROSS_PRODUCT_REWRITE=0 -DENABLE_DEBUG_PRINT=0 -DENABLE_MEASURE_EXE_TIME=0 -DENABLE_MERGE_BACK_PLAN=0 -DENABLE_PARALLEL_EXECUTION=0 -DENABLE_QUERY_SPLIT=1 -DENABLE_SPECIFY_EST_STAT=0 -I/home/pei/Project/duckdb-polr/src/include -I/home/pei/Project/duckdb-polr/third_party/fsst -I/home/pei/Project/duckdb-polr/third_party/fmt/include -I/home/pei/Project/duckdb-polr/third_party/hyperloglog -I/home/pei/Project/duckdb-polr/third_party/fastpforlib -I/home/pei/Project/duckdb-polr/third_party/fast_float -I/home/pei/Project/duckdb-polr/third_party/re2 -I/home/pei/Project/duckdb-polr/third_party/miniz -I/home/pei/Project/duckdb-polr/third_party/utf8proc/include -I/home/pei/Project/duckdb-polr/third_party/miniparquet -I/home/pei/Project/duckdb-polr/third_party/concurrentqueue -I/home/pei/Project/duckdb-polr/third_party/pcg -I/home/pei/Project/duckdb-polr/third_party/tdigest -I/home/pei/Project/duckdb-polr/third_party/mbedtls/include -I/home/pei/Project/duckdb-polr/third_party/jaro_winkler -O3 -DNDEBUG -O3 -DNDEBUG   -fPIC -fdiagnostics-color=always -std=c++11 -MD -MT src/main/settings/CMakeFiles/duckdb_main_settings.dir/ub_duckdb_main_settings.cpp.o -MF src/main/settings/CMakeFiles/duckdb_main_settings.dir/ub_duckdb_main_settings.cpp.o.d -o src/main/settings/CMakeFiles/duckdb_main_settings.dir/ub_duckdb_main_settings.cpp.o -c /home/pei/Project/duckdb-polr/build/release/src/main/settings/ub_duckdb_main_settings.cpp
[100/376] /usr/bin/ccache /usr/lib/ccache/c++ -DDUCKDB -DDUCKDB_BUILD_LIBRARY -DDUCKDB_MAIN_LIBRARY -DENABLE_CROSS_PRODUCT_REWRITE=0 -DENABLE_DEBUG_PRINT=0 -DENABLE_MEASURE_EXE_TIME=0 -DENABLE_MERGE_BACK_PLAN=0 -DENABLE_PARALLEL_EXECUTION=0 -DENABLE_QUERY_SPLIT=1 -DENABLE_SPECIFY_EST_STAT=0 -I/home/pei/Project/duckdb-polr/src/include -I/home/pei/Project/duckdb-polr/third_party/fsst -I/home/pei/Project/duckdb-polr/third_party/fmt/include -I/home/pei/Project/duckdb-polr/third_party/hyperloglog -I/home/pei/Project/duckdb-polr/third_party/fastpforlib -I/home/pei/Project/duckdb-polr/third_party/fast_float -I/home/pei/Project/duckdb-polr/third_party/re2 -I/home/pei/Project/duckdb-polr/third_party/miniz -I/home/pei/Project/duckdb-polr/third_party/utf8proc/include -I/home/pei/Project/duckdb-polr/third_party/miniparquet -I/home/pei/Project/duckdb-polr/third_party/concurrentqueue -I/home/pei/Project/duckdb-polr/third_party/pcg -I/home/pei/Project/duckdb-polr/third_party/tdigest -I/home/pei/Project/duckdb-polr/third_party/mbedtls/include -I/home/pei/Project/duckdb-polr/third_party/jaro_winkler -O3 -DNDEBUG -O3 -DNDEBUG   -fPIC -fdiagnostics-color=always -std=c++11 -MD -MT src/main/CMakeFiles/duckdb_main.dir/ub_duckdb_main.cpp.o -MF src/main/CMakeFiles/duckdb_main.dir/ub_duckdb_main.cpp.o.d -o src/main/CMakeFiles/duckdb_main.dir/ub_duckdb_main.cpp.o -c /home/pei/Project/duckdb-polr/build/release/src/main/ub_duckdb_main.cpp
In file included from /home/pei/Project/duckdb-polr/src/include/duckdb/optimizer/optimizer.hpp:15,
                 from /home/pei/Project/duckdb-polr/src/main/client_context.cpp:31,
                 from /home/pei/Project/duckdb-polr/build/release/src/main/ub_duckdb_main.cpp:5:
/home/pei/Project/duckdb-polr/src/include/duckdb/optimizer/query_split/query_split.hpp:23:1: warning: inline variables are only available with ‘-std=c++17’ or ‘-std=gnu++17’ [-Wc++17-extensions]
   23 | inline bool execute_plan = false;
      | ^~~~~~
[101/376] /usr/bin/ccache /usr/lib/ccache/c++ -DDUCKDB -DDUCKDB_BUILD_LIBRARY -DDUCKDB_MAIN_LIBRARY -DENABLE_CROSS_PRODUCT_REWRITE=0 -DENABLE_DEBUG_PRINT=0 -DENABLE_MEASURE_EXE_TIME=0 -DENABLE_MERGE_BACK_PLAN=0 -DENABLE_PARALLEL_EXECUTION=0 -DENABLE_QUERY_SPLIT=1 -DENABLE_SPECIFY_EST_STAT=0 -I/home/pei/Project/duckdb-polr/src/include -I/home/pei/Project/duckdb-polr/third_party/fsst -I/home/pei/Project/duckdb-polr/third_party/fmt/include -I/home/pei/Project/duckdb-polr/third_party/hyperloglog -I/home/pei/Project/duckdb-polr/third_party/fastpforlib -I/home/pei/Project/duckdb-polr/third_party/fast_float -I/home/pei/Project/duckdb-polr/third_party/re2 -I/home/pei/Project/duckdb-polr/third_party/miniz -I/home/pei/Project/duckdb-polr/third_party/utf8proc/include -I/home/pei/Project/duckdb-polr/third_party/miniparquet -I/home/pei/Project/duckdb-polr/third_party/concurrentqueue -I/home/pei/Project/duckdb-polr/third_party/pcg -I/home/pei/Project/duckdb-polr/third_party/tdigest -I/home/pei/Project/duckdb-polr/third_party/mbedtls/include -I/home/pei/Project/duckdb-polr/third_party/jaro_winkler -O3 -DNDEBUG -O3 -DNDEBUG   -fPIC -fdiagnostics-color=always -std=c++11 -MD -MT src/parallel/CMakeFiles/duckdb_parallel.dir/ub_duckdb_parallel.cpp.o -MF src/parallel/CMakeFiles/duckdb_parallel.dir/ub_duckdb_parallel.cpp.o.d -o src/parallel/CMakeFiles/duckdb_parallel.dir/ub_duckdb_parallel.cpp.o -c /home/pei/Project/duckdb-polr/build/release/src/parallel/ub_duckdb_parallel.cpp
[102/376] /usr/bin/ccache /usr/lib/ccache/c++ -DDUCKDB -DDUCKDB_BUILD_LIBRARY -DDUCKDB_MAIN_LIBRARY -DENABLE_CROSS_PRODUCT_REWRITE=0 -DENABLE_DEBUG_PRINT=0 -DENABLE_MEASURE_EXE_TIME=0 -DENABLE_MERGE_BACK_PLAN=0 -DENABLE_PARALLEL_EXECUTION=0 -DENABLE_QUERY_SPLIT=1 -DENABLE_SPECIFY_EST_STAT=0 -I/home/pei/Project/duckdb-polr/src/include -I/home/pei/Project/duckdb-polr/third_party/fsst -I/home/pei/Project/duckdb-polr/third_party/fmt/include -I/home/pei/Project/duckdb-polr/third_party/hyperloglog -I/home/pei/Project/duckdb-polr/third_party/fastpforlib -I/home/pei/Project/duckdb-polr/third_party/fast_float -I/home/pei/Project/duckdb-polr/third_party/re2 -I/home/pei/Project/duckdb-polr/third_party/miniz -I/home/pei/Project/duckdb-polr/third_party/utf8proc/include -I/home/pei/Project/duckdb-polr/third_party/miniparquet -I/home/pei/Project/duckdb-polr/third_party/concurrentqueue -I/home/pei/Project/duckdb-polr/third_party/pcg -I/home/pei/Project/duckdb-polr/third_party/tdigest -I/home/pei/Project/duckdb-polr/third_party/mbedtls/include -I/home/pei/Project/duckdb-polr/third_party/jaro_winkler -O3 -DNDEBUG -O3 -DNDEBUG   -fPIC -fdiagnostics-color=always -std=c++11 -MD -MT src/storage/CMakeFiles/duckdb_storage.dir/ub_duckdb_storage.cpp.o -MF src/storage/CMakeFiles/duckdb_storage.dir/ub_duckdb_storage.cpp.o.d -o src/storage/CMakeFiles/duckdb_storage.dir/ub_duckdb_storage.cpp.o -c /home/pei/Project/duckdb-polr/build/release/src/storage/ub_duckdb_storage.cpp
[103/376] /usr/bin/ccache /usr/lib/ccache/c++ -DDUCKDB -DDUCKDB_BUILD_LIBRARY -DDUCKDB_MAIN_LIBRARY -DENABLE_CROSS_PRODUCT_REWRITE=0 -DENABLE_DEBUG_PRINT=0 -DENABLE_MEASURE_EXE_TIME=0 -DENABLE_MERGE_BACK_PLAN=0 -DENABLE_PARALLEL_EXECUTION=0 -DENABLE_QUERY_SPLIT=1 -DENABLE_SPECIFY_EST_STAT=0 -I/home/pei/Project/duckdb-polr/src/include -I/home/pei/Project/duckdb-polr/third_party/fsst -I/home/pei/Project/duckdb-polr/third_party/fmt/include -I/home/pei/Project/duckdb-polr/third_party/hyperloglog -I/home/pei/Project/duckdb-polr/third_party/fastpforlib -I/home/pei/Project/duckdb-polr/third_party/fast_float -I/home/pei/Project/duckdb-polr/third_party/re2 -I/home/pei/Project/duckdb-polr/third_party/miniz -I/home/pei/Project/duckdb-polr/third_party/utf8proc/include -I/home/pei/Project/duckdb-polr/third_party/miniparquet -I/home/pei/Project/duckdb-polr/third_party/concurrentqueue -I/home/pei/Project/duckdb-polr/third_party/pcg -I/home/pei/Project/duckdb-polr/third_party/tdigest -I/home/pei/Project/duckdb-polr/third_party/mbedtls/include -I/home/pei/Project/duckdb-polr/third_party/jaro_winkler -O3 -DNDEBUG -O3 -DNDEBUG   -fPIC -fdiagnostics-color=always -std=c++11 -MD -MT src/storage/buffer/CMakeFiles/duckdb_storage_buffer.dir/ub_duckdb_storage_buffer.cpp.o -MF src/storage/buffer/CMakeFiles/duckdb_storage_buffer.dir/ub_duckdb_storage_buffer.cpp.o.d -o src/storage/buffer/CMakeFiles/duckdb_storage_buffer.dir/ub_duckdb_storage_buffer.cpp.o -c /home/pei/Project/duckdb-polr/build/release/src/storage/buffer/ub_duckdb_storage_buffer.cpp
[104/376] /usr/bin/ccache /usr/lib/ccache/c++ -DDUCKDB -DDUCKDB_BUILD_LIBRARY -DDUCKDB_MAIN_LIBRARY -DENABLE_CROSS_PRODUCT_REWRITE=0 -DENABLE_DEBUG_PRINT=0 -DENABLE_MEASURE_EXE_TIME=0 -DENABLE_MERGE_BACK_PLAN=0 -DENABLE_PARALLEL_EXECUTION=0 -DENABLE_QUERY_SPLIT=1 -DENABLE_SPECIFY_EST_STAT=0 -I/home/pei/Project/duckdb-polr/src/include -I/home/pei/Project/duckdb-polr/third_party/fsst -I/home/pei/Project/duckdb-polr/third_party/fmt/include -I/home/pei/Project/duckdb-polr/third_party/hyperloglog -I/home/pei/Project/duckdb-polr/third_party/fastpforlib -I/home/pei/Project/duckdb-polr/third_party/fast_float -I/home/pei/Project/duckdb-polr/third_party/re2 -I/home/pei/Project/duckdb-polr/third_party/miniz -I/home/pei/Project/duckdb-polr/third_party/utf8proc/include -I/home/pei/Project/duckdb-polr/third_party/miniparquet -I/home/pei/Project/duckdb-polr/third_party/concurrentqueue -I/home/pei/Project/duckdb-polr/third_party/pcg -I/home/pei/Project/duckdb-polr/third_party/tdigest -I/home/pei/Project/duckdb-polr/third_party/mbedtls/include -I/home/pei/Project/duckdb-polr/third_party/jaro_winkler -O3 -DNDEBUG -O3 -DNDEBUG   -fPIC -fdiagnostics-color=always -std=c++11 -MD -MT src/storage/checkpoint/CMakeFiles/duckdb_storage_checkpoint.dir/ub_duckdb_storage_checkpoint.cpp.o -MF src/storage/checkpoint/CMakeFiles/duckdb_storage_checkpoint.dir/ub_duckdb_storage_checkpoint.cpp.o.d -o src/storage/checkpoint/CMakeFiles/duckdb_storage_checkpoint.dir/ub_duckdb_storage_checkpoint.cpp.o -c /home/pei/Project/duckdb-polr/build/release/src/storage/checkpoint/ub_duckdb_storage_checkpoint.cpp
[105/376] /usr/bin/ccache /usr/lib/ccache/c++ -DDUCKDB -DDUCKDB_BUILD_LIBRARY -DDUCKDB_MAIN_LIBRARY -DENABLE_CROSS_PRODUCT_REWRITE=0 -DENABLE_DEBUG_PRINT=0 -DENABLE_MEASURE_EXE_TIME=0 -DENABLE_MERGE_BACK_PLAN=0 -DENABLE_PARALLEL_EXECUTION=0 -DENABLE_QUERY_SPLIT=1 -DENABLE_SPECIFY_EST_STAT=0 -I/home/pei/Project/duckdb-polr/src/include -I/home/pei/Project/duckdb-polr/third_party/fsst -I/home/pei/Project/duckdb-polr/third_party/fmt/include -I/home/pei/Project/duckdb-polr/third_party/hyperloglog -I/home/pei/Project/duckdb-polr/third_party/fastpforlib -I/home/pei/Project/duckdb-polr/third_party/fast_float -I/home/pei/Project/duckdb-polr/third_party/re2 -I/home/pei/Project/duckdb-polr/third_party/miniz -I/home/pei/Project/duckdb-polr/third_party/utf8proc/include -I/home/pei/Project/duckdb-polr/third_party/miniparquet -I/home/pei/Project/duckdb-polr/third_party/concurrentqueue -I/home/pei/Project/duckdb-polr/third_party/pcg -I/home/pei/Project/duckdb-polr/third_party/tdigest -I/home/pei/Project/duckdb-polr/third_party/mbedtls/include -I/home/pei/Project/duckdb-polr/third_party/jaro_winkler -O3 -DNDEBUG -O3 -DNDEBUG   -fPIC -fdiagnostics-color=always -std=c++11 -MD -MT src/storage/compression/chimp/CMakeFiles/duckdb_storage_compression_chimp.dir/ub_duckdb_storage_compression_chimp.cpp.o -MF src/storage/compression/chimp/CMakeFiles/duckdb_storage_compression_chimp.dir/ub_duckdb_storage_compression_chimp.cpp.o.d -o src/storage/compression/chimp/CMakeFiles/duckdb_storage_compression_chimp.dir/ub_duckdb_storage_compression_chimp.cpp.o -c /home/pei/Project/duckdb-polr/build/release/src/storage/compression/chimp/ub_duckdb_storage_compression_chimp.cpp
[106/376] /usr/bin/ccache /usr/lib/ccache/c++ -DDUCKDB -DDUCKDB_BUILD_LIBRARY -DDUCKDB_MAIN_LIBRARY -DENABLE_CROSS_PRODUCT_REWRITE=0 -DENABLE_DEBUG_PRINT=0 -DENABLE_MEASURE_EXE_TIME=0 -DENABLE_MERGE_BACK_PLAN=0 -DENABLE_PARALLEL_EXECUTION=0 -DENABLE_QUERY_SPLIT=1 -DENABLE_SPECIFY_EST_STAT=0 -I/home/pei/Project/duckdb-polr/src/include -I/home/pei/Project/duckdb-polr/third_party/fsst -I/home/pei/Project/duckdb-polr/third_party/fmt/include -I/home/pei/Project/duckdb-polr/third_party/hyperloglog -I/home/pei/Project/duckdb-polr/third_party/fastpforlib -I/home/pei/Project/duckdb-polr/third_party/fast_float -I/home/pei/Project/duckdb-polr/third_party/re2 -I/home/pei/Project/duckdb-polr/third_party/miniz -I/home/pei/Project/duckdb-polr/third_party/utf8proc/include -I/home/pei/Project/duckdb-polr/third_party/miniparquet -I/home/pei/Project/duckdb-polr/third_party/concurrentqueue -I/home/pei/Project/duckdb-polr/third_party/pcg -I/home/pei/Project/duckdb-polr/third_party/tdigest -I/home/pei/Project/duckdb-polr/third_party/mbedtls/include -I/home/pei/Project/duckdb-polr/third_party/jaro_winkler -O3 -DNDEBUG -O3 -DNDEBUG   -fPIC -fdiagnostics-color=always -std=c++11 -MD -MT src/storage/statistics/CMakeFiles/duckdb_storage_statistics.dir/ub_duckdb_storage_statistics.cpp.o -MF src/storage/statistics/CMakeFiles/duckdb_storage_statistics.dir/ub_duckdb_storage_statistics.cpp.o.d -o src/storage/statistics/CMakeFiles/duckdb_storage_statistics.dir/ub_duckdb_storage_statistics.cpp.o -c /home/pei/Project/duckdb-polr/build/release/src/storage/statistics/ub_duckdb_storage_statistics.cpp
[107/376] /usr/bin/ccache /usr/lib/ccache/c++ -DDUCKDB -DDUCKDB_BUILD_LIBRARY -DDUCKDB_MAIN_LIBRARY -DENABLE_CROSS_PRODUCT_REWRITE=0 -DENABLE_DEBUG_PRINT=0 -DENABLE_MEASURE_EXE_TIME=0 -DENABLE_MERGE_BACK_PLAN=0 -DENABLE_PARALLEL_EXECUTION=0 -DENABLE_QUERY_SPLIT=1 -DENABLE_SPECIFY_EST_STAT=0 -I/home/pei/Project/duckdb-polr/src/include -I/home/pei/Project/duckdb-polr/third_party/fsst -I/home/pei/Project/duckdb-polr/third_party/fmt/include -I/home/pei/Project/duckdb-polr/third_party/hyperloglog -I/home/pei/Project/duckdb-polr/third_party/fastpforlib -I/home/pei/Project/duckdb-polr/third_party/fast_float -I/home/pei/Project/duckdb-polr/third_party/re2 -I/home/pei/Project/duckdb-polr/third_party/miniz -I/home/pei/Project/duckdb-polr/third_party/utf8proc/include -I/home/pei/Project/duckdb-polr/third_party/miniparquet -I/home/pei/Project/duckdb-polr/third_party/concurrentqueue -I/home/pei/Project/duckdb-polr/third_party/pcg -I/home/pei/Project/duckdb-polr/third_party/tdigest -I/home/pei/Project/duckdb-polr/third_party/mbedtls/include -I/home/pei/Project/duckdb-polr/third_party/jaro_winkler -O3 -DNDEBUG -O3 -DNDEBUG   -fPIC -fdiagnostics-color=always -std=c++11 -MD -MT src/verification/CMakeFiles/duckdb_verification.dir/copied_statement_verifier.cpp.o -MF src/verification/CMakeFiles/duckdb_verification.dir/copied_statement_verifier.cpp.o.d -o src/verification/CMakeFiles/duckdb_verification.dir/copied_statement_verifier.cpp.o -c /home/pei/Project/duckdb-polr/src/verification/copied_statement_verifier.cpp
[108/376] /usr/bin/ccache /usr/lib/ccache/c++ -DDUCKDB -DDUCKDB_BUILD_LIBRARY -DDUCKDB_MAIN_LIBRARY -DENABLE_CROSS_PRODUCT_REWRITE=0 -DENABLE_DEBUG_PRINT=0 -DENABLE_MEASURE_EXE_TIME=0 -DENABLE_MERGE_BACK_PLAN=0 -DENABLE_PARALLEL_EXECUTION=0 -DENABLE_QUERY_SPLIT=1 -DENABLE_SPECIFY_EST_STAT=0 -I/home/pei/Project/duckdb-polr/src/include -I/home/pei/Project/duckdb-polr/third_party/fsst -I/home/pei/Project/duckdb-polr/third_party/fmt/include -I/home/pei/Project/duckdb-polr/third_party/hyperloglog -I/home/pei/Project/duckdb-polr/third_party/fastpforlib -I/home/pei/Project/duckdb-polr/third_party/fast_float -I/home/pei/Project/duckdb-polr/third_party/re2 -I/home/pei/Project/duckdb-polr/third_party/miniz -I/home/pei/Project/duckdb-polr/third_party/utf8proc/include -I/home/pei/Project/duckdb-polr/third_party/miniparquet -I/home/pei/Project/duckdb-polr/third_party/concurrentqueue -I/home/pei/Project/duckdb-polr/third_party/pcg -I/home/pei/Project/duckdb-polr/third_party/tdigest -I/home/pei/Project/duckdb-polr/third_party/mbedtls/include -I/home/pei/Project/duckdb-polr/third_party/jaro_winkler -O3 -DNDEBUG -O3 -DNDEBUG   -fPIC -fdiagnostics-color=always -std=c++11 -MD -MT src/storage/compression/CMakeFiles/duckdb_storage_compression.dir/ub_duckdb_storage_compression.cpp.o -MF src/storage/compression/CMakeFiles/duckdb_storage_compression.dir/ub_duckdb_storage_compression.cpp.o.d -o src/storage/compression/CMakeFiles/duckdb_storage_compression.dir/ub_duckdb_storage_compression.cpp.o -c /home/pei/Project/duckdb-polr/build/release/src/storage/compression/ub_duckdb_storage_compression.cpp
[109/376] /usr/bin/ccache /usr/lib/ccache/c++ -DDUCKDB -DDUCKDB_BUILD_LIBRARY -DDUCKDB_MAIN_LIBRARY -DENABLE_CROSS_PRODUCT_REWRITE=0 -DENABLE_DEBUG_PRINT=0 -DENABLE_MEASURE_EXE_TIME=0 -DENABLE_MERGE_BACK_PLAN=0 -DENABLE_PARALLEL_EXECUTION=0 -DENABLE_QUERY_SPLIT=1 -DENABLE_SPECIFY_EST_STAT=0 -I/home/pei/Project/duckdb-polr/src/include -I/home/pei/Project/duckdb-polr/third_party/fsst -I/home/pei/Project/duckdb-polr/third_party/fmt/include -I/home/pei/Project/duckdb-polr/third_party/hyperloglog -I/home/pei/Project/duckdb-polr/third_party/fastpforlib -I/home/pei/Project/duckdb-polr/third_party/fast_float -I/home/pei/Project/duckdb-polr/third_party/re2 -I/home/pei/Project/duckdb-polr/third_party/miniz -I/home/pei/Project/duckdb-polr/third_party/utf8proc/include -I/home/pei/Project/duckdb-polr/third_party/miniparquet -I/home/pei/Project/duckdb-polr/third_party/concurrentqueue -I/home/pei/Project/duckdb-polr/third_party/pcg -I/home/pei/Project/duckdb-polr/third_party/tdigest -I/home/pei/Project/duckdb-polr/third_party/mbedtls/include -I/home/pei/Project/duckdb-polr/third_party/jaro_winkler -O3 -DNDEBUG -O3 -DNDEBUG   -fPIC -fdiagnostics-color=always -std=c++11 -MD -MT src/verification/CMakeFiles/duckdb_verification.dir/external_statement_verifier.cpp.o -MF src/verification/CMakeFiles/duckdb_verification.dir/external_statement_verifier.cpp.o.d -o src/verification/CMakeFiles/duckdb_verification.dir/external_statement_verifier.cpp.o -c /home/pei/Project/duckdb-polr/src/verification/external_statement_verifier.cpp
[110/376] /usr/bin/ccache /usr/lib/ccache/c++ -DDUCKDB -DDUCKDB_BUILD_LIBRARY -DDUCKDB_MAIN_LIBRARY -DENABLE_CROSS_PRODUCT_REWRITE=0 -DENABLE_DEBUG_PRINT=0 -DENABLE_MEASURE_EXE_TIME=0 -DENABLE_MERGE_BACK_PLAN=0 -DENABLE_PARALLEL_EXECUTION=0 -DENABLE_QUERY_SPLIT=1 -DENABLE_SPECIFY_EST_STAT=0 -I/home/pei/Project/duckdb-polr/src/include -I/home/pei/Project/duckdb-polr/third_party/fsst -I/home/pei/Project/duckdb-polr/third_party/fmt/include -I/home/pei/Project/duckdb-polr/third_party/hyperloglog -I/home/pei/Project/duckdb-polr/third_party/fastpforlib -I/home/pei/Project/duckdb-polr/third_party/fast_float -I/home/pei/Project/duckdb-polr/third_party/re2 -I/home/pei/Project/duckdb-polr/third_party/miniz -I/home/pei/Project/duckdb-polr/third_party/utf8proc/include -I/home/pei/Project/duckdb-polr/third_party/miniparquet -I/home/pei/Project/duckdb-polr/third_party/concurrentqueue -I/home/pei/Project/duckdb-polr/third_party/pcg -I/home/pei/Project/duckdb-polr/third_party/tdigest -I/home/pei/Project/duckdb-polr/third_party/mbedtls/include -I/home/pei/Project/duckdb-polr/third_party/jaro_winkler -O3 -DNDEBUG -O3 -DNDEBUG   -fPIC -fdiagnostics-color=always -std=c++11 -MD -MT src/storage/table/CMakeFiles/duckdb_storage_table.dir/ub_duckdb_storage_table.cpp.o -MF src/storage/table/CMakeFiles/duckdb_storage_table.dir/ub_duckdb_storage_table.cpp.o.d -o src/storage/table/CMakeFiles/duckdb_storage_table.dir/ub_duckdb_storage_table.cpp.o -c /home/pei/Project/duckdb-polr/build/release/src/storage/table/ub_duckdb_storage_table.cpp
[111/376] /usr/bin/ccache /usr/lib/ccache/c++ -DDUCKDB -DDUCKDB_BUILD_LIBRARY -DDUCKDB_MAIN_LIBRARY -DENABLE_CROSS_PRODUCT_REWRITE=0 -DENABLE_DEBUG_PRINT=0 -DENABLE_MEASURE_EXE_TIME=0 -DENABLE_MERGE_BACK_PLAN=0 -DENABLE_PARALLEL_EXECUTION=0 -DENABLE_QUERY_SPLIT=1 -DENABLE_SPECIFY_EST_STAT=0 -I/home/pei/Project/duckdb-polr/src/include -I/home/pei/Project/duckdb-polr/third_party/fsst -I/home/pei/Project/duckdb-polr/third_party/fmt/include -I/home/pei/Project/duckdb-polr/third_party/hyperloglog -I/home/pei/Project/duckdb-polr/third_party/fastpforlib -I/home/pei/Project/duckdb-polr/third_party/fast_float -I/home/pei/Project/duckdb-polr/third_party/re2 -I/home/pei/Project/duckdb-polr/third_party/miniz -I/home/pei/Project/duckdb-polr/third_party/utf8proc/include -I/home/pei/Project/duckdb-polr/third_party/miniparquet -I/home/pei/Project/duckdb-polr/third_party/concurrentqueue -I/home/pei/Project/duckdb-polr/third_party/pcg -I/home/pei/Project/duckdb-polr/third_party/tdigest -I/home/pei/Project/duckdb-polr/third_party/mbedtls/include -I/home/pei/Project/duckdb-polr/third_party/jaro_winkler -O3 -DNDEBUG -O3 -DNDEBUG   -fPIC -fdiagnostics-color=always -std=c++11 -MD -MT src/transaction/CMakeFiles/duckdb_transaction.dir/ub_duckdb_transaction.cpp.o -MF src/transaction/CMakeFiles/duckdb_transaction.dir/ub_duckdb_transaction.cpp.o.d -o src/transaction/CMakeFiles/duckdb_transaction.dir/ub_duckdb_transaction.cpp.o -c /home/pei/Project/duckdb-polr/build/release/src/transaction/ub_duckdb_transaction.cpp
[112/376] /usr/bin/ccache /usr/lib/ccache/c++ -DDUCKDB -DDUCKDB_BUILD_LIBRARY -DDUCKDB_MAIN_LIBRARY -DENABLE_CROSS_PRODUCT_REWRITE=0 -DENABLE_DEBUG_PRINT=0 -DENABLE_MEASURE_EXE_TIME=0 -DENABLE_MERGE_BACK_PLAN=0 -DENABLE_PARALLEL_EXECUTION=0 -DENABLE_QUERY_SPLIT=1 -DENABLE_SPECIFY_EST_STAT=0 -I/home/pei/Project/duckdb-polr/src/include -I/home/pei/Project/duckdb-polr/third_party/fsst -I/home/pei/Project/duckdb-polr/third_party/fmt/include -I/home/pei/Project/duckdb-polr/third_party/hyperloglog -I/home/pei/Project/duckdb-polr/third_party/fastpforlib -I/home/pei/Project/duckdb-polr/third_party/fast_float -I/home/pei/Project/duckdb-polr/third_party/re2 -I/home/pei/Project/duckdb-polr/third_party/miniz -I/home/pei/Project/duckdb-polr/third_party/utf8proc/include -I/home/pei/Project/duckdb-polr/third_party/miniparquet -I/home/pei/Project/duckdb-polr/third_party/concurrentqueue -I/home/pei/Project/duckdb-polr/third_party/pcg -I/home/pei/Project/duckdb-polr/third_party/tdigest -I/home/pei/Project/duckdb-polr/third_party/mbedtls/include -I/home/pei/Project/duckdb-polr/third_party/jaro_winkler -O3 -DNDEBUG -O3 -DNDEBUG   -fPIC -fdiagnostics-color=always -std=c++11 -MD -MT src/verification/CMakeFiles/duckdb_verification.dir/prepared_statement_verifier.cpp.o -MF src/verification/CMakeFiles/duckdb_verification.dir/prepared_statement_verifier.cpp.o.d -o src/verification/CMakeFiles/duckdb_verification.dir/prepared_statement_verifier.cpp.o -c /home/pei/Project/duckdb-polr/src/verification/prepared_statement_verifier.cpp
[113/376] /usr/bin/ccache /usr/lib/ccache/c++ -DDUCKDB -DDUCKDB_BUILD_LIBRARY -DDUCKDB_MAIN_LIBRARY -DENABLE_CROSS_PRODUCT_REWRITE=0 -DENABLE_DEBUG_PRINT=0 -DENABLE_MEASURE_EXE_TIME=0 -DENABLE_MERGE_BACK_PLAN=0 -DENABLE_PARALLEL_EXECUTION=0 -DENABLE_QUERY_SPLIT=1 -DENABLE_SPECIFY_EST_STAT=0 -I/home/pei/Project/duckdb-polr/src/include -I/home/pei/Project/duckdb-polr/third_party/fsst -I/home/pei/Project/duckdb-polr/third_party/fmt/include -I/home/pei/Project/duckdb-polr/third_party/hyperloglog -I/home/pei/Project/duckdb-polr/third_party/fastpforlib -I/home/pei/Project/duckdb-polr/third_party/fast_float -I/home/pei/Project/duckdb-polr/third_party/re2 -I/home/pei/Project/duckdb-polr/third_party/miniz -I/home/pei/Project/duckdb-polr/third_party/utf8proc/include -I/home/pei/Project/duckdb-polr/third_party/miniparquet -I/home/pei/Project/duckdb-polr/third_party/concurrentqueue -I/home/pei/Project/duckdb-polr/third_party/pcg -I/home/pei/Project/duckdb-polr/third_party/tdigest -I/home/pei/Project/duckdb-polr/third_party/mbedtls/include -I/home/pei/Project/duckdb-polr/third_party/jaro_winkler -O3 -DNDEBUG -O3 -DNDEBUG   -fPIC -fdiagnostics-color=always -std=c++11 -MD -MT src/verification/CMakeFiles/duckdb_verification.dir/deserialized_statement_verifier.cpp.o -MF src/verification/CMakeFiles/duckdb_verification.dir/deserialized_statement_verifier.cpp.o.d -o src/verification/CMakeFiles/duckdb_verification.dir/deserialized_statement_verifier.cpp.o -c /home/pei/Project/duckdb-polr/src/verification/deserialized_statement_verifier.cpp
[114/376] /usr/bin/ccache /usr/lib/ccache/c++ -DDUCKDB -DDUCKDB_BUILD_LIBRARY -DDUCKDB_MAIN_LIBRARY -DENABLE_CROSS_PRODUCT_REWRITE=0 -DENABLE_DEBUG_PRINT=0 -DENABLE_MEASURE_EXE_TIME=0 -DENABLE_MERGE_BACK_PLAN=0 -DENABLE_PARALLEL_EXECUTION=0 -DENABLE_QUERY_SPLIT=1 -DENABLE_SPECIFY_EST_STAT=0 -I/home/pei/Project/duckdb-polr/src/include -I/home/pei/Project/duckdb-polr/third_party/fsst -I/home/pei/Project/duckdb-polr/third_party/fmt/include -I/home/pei/Project/duckdb-polr/third_party/hyperloglog -I/home/pei/Project/duckdb-polr/third_party/fastpforlib -I/home/pei/Project/duckdb-polr/third_party/fast_float -I/home/pei/Project/duckdb-polr/third_party/re2 -I/home/pei/Project/duckdb-polr/third_party/miniz -I/home/pei/Project/duckdb-polr/third_party/utf8proc/include -I/home/pei/Project/duckdb-polr/third_party/miniparquet -I/home/pei/Project/duckdb-polr/third_party/concurrentqueue -I/home/pei/Project/duckdb-polr/third_party/pcg -I/home/pei/Project/duckdb-polr/third_party/tdigest -I/home/pei/Project/duckdb-polr/third_party/mbedtls/include -I/home/pei/Project/duckdb-polr/third_party/jaro_winkler -O3 -DNDEBUG -O3 -DNDEBUG   -fPIC -fdiagnostics-color=always -std=c++11 -MD -MT src/verification/CMakeFiles/duckdb_verification.dir/statement_verifier.cpp.o -MF src/verification/CMakeFiles/duckdb_verification.dir/statement_verifier.cpp.o.d -o src/verification/CMakeFiles/duckdb_verification.dir/statement_verifier.cpp.o -c /home/pei/Project/duckdb-polr/src/verification/statement_verifier.cpp
[115/376] /usr/bin/ccache /usr/lib/ccache/c++ -DDUCKDB -DDUCKDB_BUILD_LIBRARY -DDUCKDB_MAIN_LIBRARY -DENABLE_CROSS_PRODUCT_REWRITE=0 -DENABLE_DEBUG_PRINT=0 -DENABLE_MEASURE_EXE_TIME=0 -DENABLE_MERGE_BACK_PLAN=0 -DENABLE_PARALLEL_EXECUTION=0 -DENABLE_QUERY_SPLIT=1 -DENABLE_SPECIFY_EST_STAT=0 -I/home/pei/Project/duckdb-polr/src/include -I/home/pei/Project/duckdb-polr/third_party/fsst -I/home/pei/Project/duckdb-polr/third_party/fmt/include -I/home/pei/Project/duckdb-polr/third_party/hyperloglog -I/home/pei/Project/duckdb-polr/third_party/fastpforlib -I/home/pei/Project/duckdb-polr/third_party/fast_float -I/home/pei/Project/duckdb-polr/third_party/re2 -I/home/pei/Project/duckdb-polr/third_party/miniz -I/home/pei/Project/duckdb-polr/third_party/utf8proc/include -I/home/pei/Project/duckdb-polr/third_party/miniparquet -I/home/pei/Project/duckdb-polr/third_party/concurrentqueue -I/home/pei/Project/duckdb-polr/third_party/pcg -I/home/pei/Project/duckdb-polr/third_party/tdigest -I/home/pei/Project/duckdb-polr/third_party/mbedtls/include -I/home/pei/Project/duckdb-polr/third_party/jaro_winkler -O3 -DNDEBUG -O3 -DNDEBUG   -fPIC -fdiagnostics-color=always -std=c++11 -MD -MT src/verification/CMakeFiles/duckdb_verification.dir/parsed_statement_verifier.cpp.o -MF src/verification/CMakeFiles/duckdb_verification.dir/parsed_statement_verifier.cpp.o.d -o src/verification/CMakeFiles/duckdb_verification.dir/parsed_statement_verifier.cpp.o -c /home/pei/Project/duckdb-polr/src/verification/parsed_statement_verifier.cpp
[116/376] /usr/bin/ccache /usr/lib/ccache/c++ -DDUCKDB -DDUCKDB_BUILD_LIBRARY -DDUCKDB_MAIN_LIBRARY -DENABLE_CROSS_PRODUCT_REWRITE=0 -DENABLE_DEBUG_PRINT=0 -DENABLE_MEASURE_EXE_TIME=0 -DENABLE_MERGE_BACK_PLAN=0 -DENABLE_PARALLEL_EXECUTION=0 -DENABLE_QUERY_SPLIT=1 -DENABLE_SPECIFY_EST_STAT=0 -I/home/pei/Project/duckdb-polr/src/include -I/home/pei/Project/duckdb-polr/third_party/fsst -I/home/pei/Project/duckdb-polr/third_party/fmt/include -I/home/pei/Project/duckdb-polr/third_party/hyperloglog -I/home/pei/Project/duckdb-polr/third_party/fastpforlib -I/home/pei/Project/duckdb-polr/third_party/fast_float -I/home/pei/Project/duckdb-polr/third_party/re2 -I/home/pei/Project/duckdb-polr/third_party/miniz -I/home/pei/Project/duckdb-polr/third_party/utf8proc/include -I/home/pei/Project/duckdb-polr/third_party/miniparquet -I/home/pei/Project/duckdb-polr/third_party/concurrentqueue -I/home/pei/Project/duckdb-polr/third_party/pcg -I/home/pei/Project/duckdb-polr/third_party/tdigest -I/home/pei/Project/duckdb-polr/third_party/mbedtls/include -I/home/pei/Project/duckdb-polr/third_party/jaro_winkler -O3 -DNDEBUG -O3 -DNDEBUG   -fPIC -fdiagnostics-color=always -std=c++11 -MD -MT src/verification/CMakeFiles/duckdb_verification.dir/unoptimized_statement_verifier.cpp.o -MF src/verification/CMakeFiles/duckdb_verification.dir/unoptimized_statement_verifier.cpp.o.d -o src/verification/CMakeFiles/duckdb_verification.dir/unoptimized_statement_verifier.cpp.o -c /home/pei/Project/duckdb-polr/src/verification/unoptimized_statement_verifier.cpp
[117/376] /usr/bin/ccache /usr/lib/ccache/cc -DDUCKDB_BUILD_LIBRARY -DENABLE_CROSS_PRODUCT_REWRITE=0 -DENABLE_DEBUG_PRINT=0 -DENABLE_MEASURE_EXE_TIME=0 -DENABLE_MERGE_BACK_PLAN=0 -DENABLE_PARALLEL_EXECUTION=0 -DENABLE_QUERY_SPLIT=1 -DENABLE_SPECIFY_EST_STAT=0 -DUSE_DUCKDB_SHELL_WRAPPER -I/home/pei/Project/duckdb-polr/src/include -I/home/pei/Project/duckdb-polr/third_party/fsst -I/home/pei/Project/duckdb-polr/third_party/fmt/include -I/home/pei/Project/duckdb-polr/third_party/hyperloglog -I/home/pei/Project/duckdb-polr/third_party/fastpforlib -I/home/pei/Project/duckdb-polr/third_party/fast_float -I/home/pei/Project/duckdb-polr/third_party/re2 -I/home/pei/Project/duckdb-polr/third_party/miniz -I/home/pei/Project/duckdb-polr/third_party/utf8proc/include -I/home/pei/Project/duckdb-polr/third_party/miniparquet -I/home/pei/Project/duckdb-polr/third_party/concurrentqueue -I/home/pei/Project/duckdb-polr/third_party/pcg -I/home/pei/Project/duckdb-polr/third_party/tdigest -I/home/pei/Project/duckdb-polr/third_party/mbedtls/include -I/home/pei/Project/duckdb-polr/third_party/jaro_winkler -I/home/pei/Project/duckdb-polr/tools/sqlite3_api_wrapper/include -O3 -DNDEBUG -O3 -DNDEBUG   -fPIC -fdiagnostics-color=always -MD -MT tools/sqlite3_api_wrapper/sqlite3/CMakeFiles/sqlite3_api_wrapper_sqlite3.dir/printf.c.o -MF tools/sqlite3_api_wrapper/sqlite3/CMakeFiles/sqlite3_api_wrapper_sqlite3.dir/printf.c.o.d -o tools/sqlite3_api_wrapper/sqlite3/CMakeFiles/sqlite3_api_wrapper_sqlite3.dir/printf.c.o -c /home/pei/Project/duckdb-polr/tools/sqlite3_api_wrapper/sqlite3/printf.c
[118/376] /usr/bin/ccache /usr/lib/ccache/c++ -DBUILD_JEMALLOC_EXTENSION=ON -DBUILD_PARQUET_EXTENSION=TRUE -DDUCKDB_BUILD_LIBRARY -DENABLE_CROSS_PRODUCT_REWRITE=0 -DENABLE_DEBUG_PRINT=0 -DENABLE_MEASURE_EXE_TIME=0 -DENABLE_MERGE_BACK_PLAN=0 -DENABLE_PARALLEL_EXECUTION=0 -DENABLE_QUERY_SPLIT=1 -DENABLE_SPECIFY_EST_STAT=0 -DSQLITE_SHELL_IS_UTF8 -DUSE_DUCKDB_SHELL_WRAPPER -I/home/pei/Project/duckdb-polr/src/include -I/home/pei/Project/duckdb-polr/third_party/fsst -I/home/pei/Project/duckdb-polr/third_party/fmt/include -I/home/pei/Project/duckdb-polr/third_party/hyperloglog -I/home/pei/Project/duckdb-polr/third_party/fastpforlib -I/home/pei/Project/duckdb-polr/third_party/fast_float -I/home/pei/Project/duckdb-polr/third_party/re2 -I/home/pei/Project/duckdb-polr/third_party/miniz -I/home/pei/Project/duckdb-polr/third_party/utf8proc/include -I/home/pei/Project/duckdb-polr/third_party/miniparquet -I/home/pei/Project/duckdb-polr/third_party/concurrentqueue -I/home/pei/Project/duckdb-polr/third_party/pcg -I/home/pei/Project/duckdb-polr/third_party/tdigest -I/home/pei/Project/duckdb-polr/third_party/mbedtls/include -I/home/pei/Project/duckdb-polr/third_party/jaro_winkler -I/home/pei/Project/duckdb-polr/tools/sqlite3_api_wrapper/include -I/home/pei/Project/duckdb-polr/tools/sqlite3_api_wrapper/sqlite3_udf_api/include -I/home/pei/Project/duckdb-polr/extension -I/home/pei/Project/duckdb-polr/extension/parquet/include -I/home/pei/Project/duckdb-polr/extension/jemalloc/include -I/home/pei/Project/duckdb-polr/tools/sqlite3_api_wrapper/../../third_party/utf8proc/include -I/home/pei/Project/duckdb-polr/tools/sqlite3_api_wrapper/../../third_party/catch -I/home/pei/Project/duckdb-polr/tools/sqlite3_api_wrapper/test/include -I/home/pei/Project/duckdb-polr/third_party/libpg_query/include -O3 -DNDEBUG -O3 -DNDEBUG   -fPIC -fdiagnostics-color=always -std=c++11 -MD -MT tools/sqlite3_api_wrapper/CMakeFiles/sqlite3_api_wrapper_static.dir/sqlite3_api_wrapper.cpp.o -MF tools/sqlite3_api_wrapper/CMakeFiles/sqlite3_api_wrapper_static.dir/sqlite3_api_wrapper.cpp.o.d -o tools/sqlite3_api_wrapper/CMakeFiles/sqlite3_api_wrapper_static.dir/sqlite3_api_wrapper.cpp.o -c /home/pei/Project/duckdb-polr/tools/sqlite3_api_wrapper/sqlite3_api_wrapper.cpp
[119/376] /usr/bin/ccache /usr/lib/ccache/c++ -DBUILD_JEMALLOC_EXTENSION=ON -DBUILD_PARQUET_EXTENSION=TRUE -DDUCKDB_BUILD_LIBRARY -DENABLE_CROSS_PRODUCT_REWRITE=0 -DENABLE_DEBUG_PRINT=0 -DENABLE_MEASURE_EXE_TIME=0 -DENABLE_MERGE_BACK_PLAN=0 -DENABLE_PARALLEL_EXECUTION=0 -DENABLE_QUERY_SPLIT=1 -DENABLE_SPECIFY_EST_STAT=0 -DSQLITE_SHELL_IS_UTF8 -DUSE_DUCKDB_SHELL_WRAPPER -I/home/pei/Project/duckdb-polr/src/include -I/home/pei/Project/duckdb-polr/third_party/fsst -I/home/pei/Project/duckdb-polr/third_party/fmt/include -I/home/pei/Project/duckdb-polr/third_party/hyperloglog -I/home/pei/Project/duckdb-polr/third_party/fastpforlib -I/home/pei/Project/duckdb-polr/third_party/fast_float -I/home/pei/Project/duckdb-polr/third_party/re2 -I/home/pei/Project/duckdb-polr/third_party/miniz -I/home/pei/Project/duckdb-polr/third_party/utf8proc/include -I/home/pei/Project/duckdb-polr/third_party/miniparquet -I/home/pei/Project/duckdb-polr/third_party/concurrentqueue -I/home/pei/Project/duckdb-polr/third_party/pcg -I/home/pei/Project/duckdb-polr/third_party/tdigest -I/home/pei/Project/duckdb-polr/third_party/mbedtls/include -I/home/pei/Project/duckdb-polr/third_party/jaro_winkler -I/home/pei/Project/duckdb-polr/tools/sqlite3_api_wrapper/include -I/home/pei/Project/duckdb-polr/tools/sqlite3_api_wrapper/sqlite3_udf_api/include -I/home/pei/Project/duckdb-polr/extension -I/home/pei/Project/duckdb-polr/extension/parquet/include -I/home/pei/Project/duckdb-polr/extension/jemalloc/include -I/home/pei/Project/duckdb-polr/tools/sqlite3_api_wrapper/../../third_party/utf8proc/include -I/home/pei/Project/duckdb-polr/tools/sqlite3_api_wrapper/../../third_party/catch -I/home/pei/Project/duckdb-polr/tools/sqlite3_api_wrapper/test/include -I/home/pei/Project/duckdb-polr/third_party/libpg_query/include -O3 -DNDEBUG -O3 -DNDEBUG   -fPIC -fdiagnostics-color=always -std=c++11 -MD -MT tools/sqlite3_api_wrapper/CMakeFiles/sqlite3_api_wrapper_static.dir/sql_auto_complete_extension.cpp.o -MF tools/sqlite3_api_wrapper/CMakeFiles/sqlite3_api_wrapper_static.dir/sql_auto_complete_extension.cpp.o.d -o tools/sqlite3_api_wrapper/CMakeFiles/sqlite3_api_wrapper_static.dir/sql_auto_complete_extension.cpp.o -c /home/pei/Project/duckdb-polr/tools/sqlite3_api_wrapper/sql_auto_complete_extension.cpp
[120/376] /usr/bin/ccache /usr/lib/ccache/c++ -DBUILD_JEMALLOC_EXTENSION=ON -DBUILD_PARQUET_EXTENSION=TRUE -DDUCKDB_BUILD_LIBRARY -DENABLE_CROSS_PRODUCT_REWRITE=0 -DENABLE_DEBUG_PRINT=0 -DENABLE_MEASURE_EXE_TIME=0 -DENABLE_MERGE_BACK_PLAN=0 -DENABLE_PARALLEL_EXECUTION=0 -DENABLE_QUERY_SPLIT=1 -DENABLE_SPECIFY_EST_STAT=0 -DSQLITE_SHELL_IS_UTF8 -DUSE_DUCKDB_SHELL_WRAPPER -Dsqlite3_api_wrapper_EXPORTS -I/home/pei/Project/duckdb-polr/src/include -I/home/pei/Project/duckdb-polr/third_party/fsst -I/home/pei/Project/duckdb-polr/third_party/fmt/include -I/home/pei/Project/duckdb-polr/third_party/hyperloglog -I/home/pei/Project/duckdb-polr/third_party/fastpforlib -I/home/pei/Project/duckdb-polr/third_party/fast_float -I/home/pei/Project/duckdb-polr/third_party/re2 -I/home/pei/Project/duckdb-polr/third_party/miniz -I/home/pei/Project/duckdb-polr/third_party/utf8proc/include -I/home/pei/Project/duckdb-polr/third_party/miniparquet -I/home/pei/Project/duckdb-polr/third_party/concurrentqueue -I/home/pei/Project/duckdb-polr/third_party/pcg -I/home/pei/Project/duckdb-polr/third_party/tdigest -I/home/pei/Project/duckdb-polr/third_party/mbedtls/include -I/home/pei/Project/duckdb-polr/third_party/jaro_winkler -I/home/pei/Project/duckdb-polr/tools/sqlite3_api_wrapper/include -I/home/pei/Project/duckdb-polr/tools/sqlite3_api_wrapper/sqlite3_udf_api/include -I/home/pei/Project/duckdb-polr/extension -I/home/pei/Project/duckdb-polr/extension/parquet/include -I/home/pei/Project/duckdb-polr/extension/jemalloc/include -I/home/pei/Project/duckdb-polr/tools/sqlite3_api_wrapper/../../third_party/utf8proc/include -I/home/pei/Project/duckdb-polr/tools/sqlite3_api_wrapper/../../third_party/catch -I/home/pei/Project/duckdb-polr/tools/sqlite3_api_wrapper/test/include -I/home/pei/Project/duckdb-polr/third_party/libpg_query/include -O3 -DNDEBUG -O3 -DNDEBUG   -fPIC -fdiagnostics-color=always -std=c++11 -MD -MT tools/sqlite3_api_wrapper/CMakeFiles/sqlite3_api_wrapper.dir/sql_auto_complete_extension.cpp.o -MF tools/sqlite3_api_wrapper/CMakeFiles/sqlite3_api_wrapper.dir/sql_auto_complete_extension.cpp.o.d -o tools/sqlite3_api_wrapper/CMakeFiles/sqlite3_api_wrapper.dir/sql_auto_complete_extension.cpp.o -c /home/pei/Project/duckdb-polr/tools/sqlite3_api_wrapper/sql_auto_complete_extension.cpp
[121/376] /usr/bin/ccache /usr/lib/ccache/cc -DDUCKDB_BUILD_LIBRARY -DENABLE_CROSS_PRODUCT_REWRITE=0 -DENABLE_DEBUG_PRINT=0 -DENABLE_MEASURE_EXE_TIME=0 -DENABLE_MERGE_BACK_PLAN=0 -DENABLE_PARALLEL_EXECUTION=0 -DENABLE_QUERY_SPLIT=1 -DENABLE_SPECIFY_EST_STAT=0 -DUSE_DUCKDB_SHELL_WRAPPER -I/home/pei/Project/duckdb-polr/src/include -I/home/pei/Project/duckdb-polr/third_party/fsst -I/home/pei/Project/duckdb-polr/third_party/fmt/include -I/home/pei/Project/duckdb-polr/third_party/hyperloglog -I/home/pei/Project/duckdb-polr/third_party/fastpforlib -I/home/pei/Project/duckdb-polr/third_party/fast_float -I/home/pei/Project/duckdb-polr/third_party/re2 -I/home/pei/Project/duckdb-polr/third_party/miniz -I/home/pei/Project/duckdb-polr/third_party/utf8proc/include -I/home/pei/Project/duckdb-polr/third_party/miniparquet -I/home/pei/Project/duckdb-polr/third_party/concurrentqueue -I/home/pei/Project/duckdb-polr/third_party/pcg -I/home/pei/Project/duckdb-polr/third_party/tdigest -I/home/pei/Project/duckdb-polr/third_party/mbedtls/include -I/home/pei/Project/duckdb-polr/third_party/jaro_winkler -I/home/pei/Project/duckdb-polr/tools/sqlite3_api_wrapper/include -O3 -DNDEBUG -O3 -DNDEBUG   -fPIC -fdiagnostics-color=always -MD -MT tools/sqlite3_api_wrapper/sqlite3/CMakeFiles/sqlite3_api_wrapper_sqlite3.dir/strglob.c.o -MF tools/sqlite3_api_wrapper/sqlite3/CMakeFiles/sqlite3_api_wrapper_sqlite3.dir/strglob.c.o.d -o tools/sqlite3_api_wrapper/sqlite3/CMakeFiles/sqlite3_api_wrapper_sqlite3.dir/strglob.c.o -c /home/pei/Project/duckdb-polr/tools/sqlite3_api_wrapper/sqlite3/strglob.c
[122/376] /usr/bin/ccache /usr/lib/ccache/c++ -DBUILD_JEMALLOC_EXTENSION=ON -DBUILD_PARQUET_EXTENSION=TRUE -DDUCKDB_BUILD_LIBRARY -DENABLE_CROSS_PRODUCT_REWRITE=0 -DENABLE_DEBUG_PRINT=0 -DENABLE_MEASURE_EXE_TIME=0 -DENABLE_MERGE_BACK_PLAN=0 -DENABLE_PARALLEL_EXECUTION=0 -DENABLE_QUERY_SPLIT=1 -DENABLE_SPECIFY_EST_STAT=0 -DSQLITE_SHELL_IS_UTF8 -DUSE_DUCKDB_SHELL_WRAPPER -Dsqlite3_api_wrapper_EXPORTS -I/home/pei/Project/duckdb-polr/src/include -I/home/pei/Project/duckdb-polr/third_party/fsst -I/home/pei/Project/duckdb-polr/third_party/fmt/include -I/home/pei/Project/duckdb-polr/third_party/hyperloglog -I/home/pei/Project/duckdb-polr/third_party/fastpforlib -I/home/pei/Project/duckdb-polr/third_party/fast_float -I/home/pei/Project/duckdb-polr/third_party/re2 -I/home/pei/Project/duckdb-polr/third_party/miniz -I/home/pei/Project/duckdb-polr/third_party/utf8proc/include -I/home/pei/Project/duckdb-polr/third_party/miniparquet -I/home/pei/Project/duckdb-polr/third_party/concurrentqueue -I/home/pei/Project/duckdb-polr/third_party/pcg -I/home/pei/Project/duckdb-polr/third_party/tdigest -I/home/pei/Project/duckdb-polr/third_party/mbedtls/include -I/home/pei/Project/duckdb-polr/third_party/jaro_winkler -I/home/pei/Project/duckdb-polr/tools/sqlite3_api_wrapper/include -I/home/pei/Project/duckdb-polr/tools/sqlite3_api_wrapper/sqlite3_udf_api/include -I/home/pei/Project/duckdb-polr/extension -I/home/pei/Project/duckdb-polr/extension/parquet/include -I/home/pei/Project/duckdb-polr/extension/jemalloc/include -I/home/pei/Project/duckdb-polr/tools/sqlite3_api_wrapper/../../third_party/utf8proc/include -I/home/pei/Project/duckdb-polr/tools/sqlite3_api_wrapper/../../third_party/catch -I/home/pei/Project/duckdb-polr/tools/sqlite3_api_wrapper/test/include -I/home/pei/Project/duckdb-polr/third_party/libpg_query/include -O3 -DNDEBUG -O3 -DNDEBUG   -fPIC -fdiagnostics-color=always -std=c++11 -MD -MT tools/sqlite3_api_wrapper/CMakeFiles/sqlite3_api_wrapper.dir/sqlite3_api_wrapper.cpp.o -MF tools/sqlite3_api_wrapper/CMakeFiles/sqlite3_api_wrapper.dir/sqlite3_api_wrapper.cpp.o.d -o tools/sqlite3_api_wrapper/CMakeFiles/sqlite3_api_wrapper.dir/sqlite3_api_wrapper.cpp.o -c /home/pei/Project/duckdb-polr/tools/sqlite3_api_wrapper/sqlite3_api_wrapper.cpp
[123/376] /usr/bin/ccache /usr/lib/ccache/cc -DDUCKDB_BUILD_LIBRARY -DENABLE_CROSS_PRODUCT_REWRITE=0 -DENABLE_DEBUG_PRINT=0 -DENABLE_MEASURE_EXE_TIME=0 -DENABLE_MERGE_BACK_PLAN=0 -DENABLE_PARALLEL_EXECUTION=0 -DENABLE_QUERY_SPLIT=1 -DENABLE_SPECIFY_EST_STAT=0 -DHAVE_LINENOISE=1 -DSQLITE_OMIT_LOAD_EXTENSION=1 -I/home/pei/Project/duckdb-polr/src/include -I/home/pei/Project/duckdb-polr/third_party/fsst -I/home/pei/Project/duckdb-polr/third_party/fmt/include -I/home/pei/Project/duckdb-polr/third_party/hyperloglog -I/home/pei/Project/duckdb-polr/third_party/fastpforlib -I/home/pei/Project/duckdb-polr/third_party/fast_float -I/home/pei/Project/duckdb-polr/third_party/re2 -I/home/pei/Project/duckdb-polr/third_party/miniz -I/home/pei/Project/duckdb-polr/third_party/utf8proc/include -I/home/pei/Project/duckdb-polr/third_party/miniparquet -I/home/pei/Project/duckdb-polr/third_party/concurrentqueue -I/home/pei/Project/duckdb-polr/third_party/pcg -I/home/pei/Project/duckdb-polr/third_party/tdigest -I/home/pei/Project/duckdb-polr/third_party/mbedtls/include -I/home/pei/Project/duckdb-polr/third_party/jaro_winkler -I/home/pei/Project/duckdb-polr/tools/shell/../../third_party/utf8proc/include -I/home/pei/Project/duckdb-polr/tools/shell/include -I/home/pei/Project/duckdb-polr/tools/shell/../sqlite3_api_wrapper/include -I/home/pei/Project/duckdb-polr/third_party/libpg_query/include -O3 -DNDEBUG -O3 -DNDEBUG   -fPIE -fdiagnostics-color=always -MD -MT tools/shell/CMakeFiles/shell.dir/shell.c.o -MF tools/shell/CMakeFiles/shell.dir/shell.c.o.d -o tools/shell/CMakeFiles/shell.dir/shell.c.o -c /home/pei/Project/duckdb-polr/tools/shell/shell.c
[124/376] /usr/bin/ccache /usr/lib/ccache/c++ -DBUILD_JEMALLOC_EXTENSION=ON -DBUILD_PARQUET_EXTENSION=TRUE -DDUCKDB_BUILD_LIBRARY -DENABLE_CROSS_PRODUCT_REWRITE=0 -DENABLE_DEBUG_PRINT=0 -DENABLE_MEASURE_EXE_TIME=0 -DENABLE_MERGE_BACK_PLAN=0 -DENABLE_PARALLEL_EXECUTION=0 -DENABLE_QUERY_SPLIT=1 -DENABLE_SPECIFY_EST_STAT=0 -DSQLITE_SHELL_IS_UTF8 -DUSE_DUCKDB_SHELL_WRAPPER -I/home/pei/Project/duckdb-polr/src/include -I/home/pei/Project/duckdb-polr/third_party/fsst -I/home/pei/Project/duckdb-polr/third_party/fmt/include -I/home/pei/Project/duckdb-polr/third_party/hyperloglog -I/home/pei/Project/duckdb-polr/third_party/fastpforlib -I/home/pei/Project/duckdb-polr/third_party/fast_float -I/home/pei/Project/duckdb-polr/third_party/re2 -I/home/pei/Project/duckdb-polr/third_party/miniz -I/home/pei/Project/duckdb-polr/third_party/utf8proc/include -I/home/pei/Project/duckdb-polr/third_party/miniparquet -I/home/pei/Project/duckdb-polr/third_party/concurrentqueue -I/home/pei/Project/duckdb-polr/third_party/pcg -I/home/pei/Project/duckdb-polr/third_party/tdigest -I/home/pei/Project/duckdb-polr/third_party/mbedtls/include -I/home/pei/Project/duckdb-polr/third_party/jaro_winkler -I/home/pei/Project/duckdb-polr/tools/sqlite3_api_wrapper/include -I/home/pei/Project/duckdb-polr/tools/sqlite3_api_wrapper/sqlite3_udf_api/include -I/home/pei/Project/duckdb-polr/extension -I/home/pei/Project/duckdb-polr/extension/parquet/include -I/home/pei/Project/duckdb-polr/extension/jemalloc/include -I/home/pei/Project/duckdb-polr/tools/sqlite3_api_wrapper/../../third_party/utf8proc/include -I/home/pei/Project/duckdb-polr/tools/sqlite3_api_wrapper/../../third_party/catch -I/home/pei/Project/duckdb-polr/tools/sqlite3_api_wrapper/test/include -I/home/pei/Project/duckdb-polr/third_party/libpg_query/include -O3 -DNDEBUG -O3 -DNDEBUG   -fPIE -fdiagnostics-color=always -std=c++11 -MD -MT tools/sqlite3_api_wrapper/CMakeFiles/test_sqlite3_api_wrapper.dir/test/test_sqlite3_api_wrapper.cpp.o -MF tools/sqlite3_api_wrapper/CMakeFiles/test_sqlite3_api_wrapper.dir/test/test_sqlite3_api_wrapper.cpp.o.d -o tools/sqlite3_api_wrapper/CMakeFiles/test_sqlite3_api_wrapper.dir/test/test_sqlite3_api_wrapper.cpp.o -c /home/pei/Project/duckdb-polr/tools/sqlite3_api_wrapper/test/test_sqlite3_api_wrapper.cpp
[125/376] /usr/bin/ccache /usr/lib/ccache/c++ -DDUCKDB_BUILD_LIBRARY -DENABLE_CROSS_PRODUCT_REWRITE=0 -DENABLE_DEBUG_PRINT=0 -DENABLE_MEASURE_EXE_TIME=0 -DENABLE_MERGE_BACK_PLAN=0 -DENABLE_PARALLEL_EXECUTION=0 -DENABLE_QUERY_SPLIT=1 -DENABLE_SPECIFY_EST_STAT=0 -DHAVE_LINENOISE=1 -DSQLITE_OMIT_LOAD_EXTENSION=1 -I/home/pei/Project/duckdb-polr/src/include -I/home/pei/Project/duckdb-polr/third_party/fsst -I/home/pei/Project/duckdb-polr/third_party/fmt/include -I/home/pei/Project/duckdb-polr/third_party/hyperloglog -I/home/pei/Project/duckdb-polr/third_party/fastpforlib -I/home/pei/Project/duckdb-polr/third_party/fast_float -I/home/pei/Project/duckdb-polr/third_party/re2 -I/home/pei/Project/duckdb-polr/third_party/miniz -I/home/pei/Project/duckdb-polr/third_party/utf8proc/include -I/home/pei/Project/duckdb-polr/third_party/miniparquet -I/home/pei/Project/duckdb-polr/third_party/concurrentqueue -I/home/pei/Project/duckdb-polr/third_party/pcg -I/home/pei/Project/duckdb-polr/third_party/tdigest -I/home/pei/Project/duckdb-polr/third_party/mbedtls/include -I/home/pei/Project/duckdb-polr/third_party/jaro_winkler -I/home/pei/Project/duckdb-polr/tools/shell/../../third_party/utf8proc/include -I/home/pei/Project/duckdb-polr/tools/shell/include -I/home/pei/Project/duckdb-polr/tools/shell/../sqlite3_api_wrapper/include -I/home/pei/Project/duckdb-polr/third_party/libpg_query/include -O3 -DNDEBUG -O3 -DNDEBUG   -fPIE -fdiagnostics-color=always -std=c++11 -MD -MT tools/shell/CMakeFiles/shell.dir/linenoise.cpp.o -MF tools/shell/CMakeFiles/shell.dir/linenoise.cpp.o.d -o tools/shell/CMakeFiles/shell.dir/linenoise.cpp.o -c /home/pei/Project/duckdb-polr/tools/shell/linenoise.cpp
[126/376] /usr/bin/ccache /usr/lib/ccache/c++ -DDUCKDB_BUILD_LIBRARY -DENABLE_CROSS_PRODUCT_REWRITE=0 -DENABLE_DEBUG_PRINT=0 -DENABLE_MEASURE_EXE_TIME=0 -DENABLE_MERGE_BACK_PLAN=0 -DENABLE_PARALLEL_EXECUTION=0 -DENABLE_QUERY_SPLIT=1 -DENABLE_SPECIFY_EST_STAT=0 -I/home/pei/Project/duckdb-polr/src/include -I/home/pei/Project/duckdb-polr/third_party/fsst -I/home/pei/Project/duckdb-polr/third_party/fmt/include -I/home/pei/Project/duckdb-polr/third_party/hyperloglog -I/home/pei/Project/duckdb-polr/third_party/fastpforlib -I/home/pei/Project/duckdb-polr/third_party/fast_float -I/home/pei/Project/duckdb-polr/third_party/re2 -I/home/pei/Project/duckdb-polr/third_party/miniz -I/home/pei/Project/duckdb-polr/third_party/utf8proc/include -I/home/pei/Project/duckdb-polr/third_party/miniparquet -I/home/pei/Project/duckdb-polr/third_party/concurrentqueue -I/home/pei/Project/duckdb-polr/third_party/pcg -I/home/pei/Project/duckdb-polr/third_party/tdigest -I/home/pei/Project/duckdb-polr/third_party/mbedtls/include -I/home/pei/Project/duckdb-polr/third_party/jaro_winkler -I/home/pei/Project/duckdb-polr/tools/sqlite3_api_wrapper/include -I/home/pei/Project/duckdb-polr/tools/sqlite3_api_wrapper/sqlite3_udf_api/include -O3 -DNDEBUG -O3 -DNDEBUG   -fPIC -fdiagnostics-color=always -std=c++11 -MD -MT tools/sqlite3_api_wrapper/sqlite3_udf_api/CMakeFiles/sqlite3_udf_api.dir/sqlite3_udf_wrapper.cpp.o -MF tools/sqlite3_api_wrapper/sqlite3_udf_api/CMakeFiles/sqlite3_udf_api.dir/sqlite3_udf_wrapper.cpp.o.d -o tools/sqlite3_api_wrapper/sqlite3_udf_api/CMakeFiles/sqlite3_udf_api.dir/sqlite3_udf_wrapper.cpp.o -c /home/pei/Project/duckdb-polr/tools/sqlite3_api_wrapper/sqlite3_udf_api/sqlite3_udf_wrapper.cpp
[127/376] /usr/bin/ccache /usr/lib/ccache/c++ -DDUCKDB_BUILD_LIBRARY -DENABLE_CROSS_PRODUCT_REWRITE=0 -DENABLE_DEBUG_PRINT=0 -DENABLE_MEASURE_EXE_TIME=0 -DENABLE_MERGE_BACK_PLAN=0 -DENABLE_PARALLEL_EXECUTION=0 -DENABLE_QUERY_SPLIT=1 -DENABLE_SPECIFY_EST_STAT=0 -I/home/pei/Project/duckdb-polr/src/include -I/home/pei/Project/duckdb-polr/third_party/fsst -I/home/pei/Project/duckdb-polr/third_party/fmt/include -I/home/pei/Project/duckdb-polr/third_party/hyperloglog -I/home/pei/Project/duckdb-polr/third_party/fastpforlib -I/home/pei/Project/duckdb-polr/third_party/fast_float -I/home/pei/Project/duckdb-polr/third_party/re2 -I/home/pei/Project/duckdb-polr/third_party/miniz -I/home/pei/Project/duckdb-polr/third_party/utf8proc/include -I/home/pei/Project/duckdb-polr/third_party/miniparquet -I/home/pei/Project/duckdb-polr/third_party/concurrentqueue -I/home/pei/Project/duckdb-polr/third_party/pcg -I/home/pei/Project/duckdb-polr/third_party/tdigest -I/home/pei/Project/duckdb-polr/third_party/mbedtls/include -I/home/pei/Project/duckdb-polr/third_party/jaro_winkler -I/home/pei/Project/duckdb-polr/tools/sqlite3_api_wrapper/include -I/home/pei/Project/duckdb-polr/tools/sqlite3_api_wrapper/sqlite3_udf_api/include -O3 -DNDEBUG -O3 -DNDEBUG   -fPIC -fdiagnostics-color=always -std=c++11 -MD -MT tools/sqlite3_api_wrapper/sqlite3_udf_api/CMakeFiles/sqlite3_udf_api.dir/cast_sqlite.cpp.o -MF tools/sqlite3_api_wrapper/sqlite3_udf_api/CMakeFiles/sqlite3_udf_api.dir/cast_sqlite.cpp.o.d -o tools/sqlite3_api_wrapper/sqlite3_udf_api/CMakeFiles/sqlite3_udf_api.dir/cast_sqlite.cpp.o -c /home/pei/Project/duckdb-polr/tools/sqlite3_api_wrapper/sqlite3_udf_api/cast_sqlite.cpp
[128/376] /usr/bin/ccache /usr/lib/ccache/c++ -DDUCKDB_BUILD_LIBRARY -DENABLE_CROSS_PRODUCT_REWRITE=0 -DENABLE_DEBUG_PRINT=0 -DENABLE_MEASURE_EXE_TIME=0 -DENABLE_MERGE_BACK_PLAN=0 -DENABLE_PARALLEL_EXECUTION=0 -DENABLE_QUERY_SPLIT=1 -DENABLE_SPECIFY_EST_STAT=0 -I/home/pei/Project/duckdb-polr/src/include -I/home/pei/Project/duckdb-polr/third_party/fsst -I/home/pei/Project/duckdb-polr/third_party/fmt/include -I/home/pei/Project/duckdb-polr/third_party/hyperloglog -I/home/pei/Project/duckdb-polr/third_party/fastpforlib -I/home/pei/Project/duckdb-polr/third_party/fast_float -I/home/pei/Project/duckdb-polr/third_party/re2 -I/home/pei/Project/duckdb-polr/third_party/miniz -I/home/pei/Project/duckdb-polr/third_party/utf8proc/include -I/home/pei/Project/duckdb-polr/third_party/miniparquet -I/home/pei/Project/duckdb-polr/third_party/concurrentqueue -I/home/pei/Project/duckdb-polr/third_party/pcg -I/home/pei/Project/duckdb-polr/third_party/tdigest -I/home/pei/Project/duckdb-polr/third_party/mbedtls/include -I/home/pei/Project/duckdb-polr/third_party/jaro_winkler -I/home/pei/Project/duckdb-polr/extension/parquet/include -I/home/pei/Project/duckdb-polr/extension/parquet/../../third_party/parquet -I/home/pei/Project/duckdb-polr/extension/parquet/../../third_party/snappy -I/home/pei/Project/duckdb-polr/extension/parquet/../../third_party/miniz -I/home/pei/Project/duckdb-polr/extension/parquet/../../third_party/thrift -I/home/pei/Project/duckdb-polr/extension/parquet/../../third_party/zstd/include -O3 -DNDEBUG -O3 -DNDEBUG   -fPIC -fdiagnostics-color=always -std=c++11 -MD -MT extension/parquet/CMakeFiles/parquet_extension.dir/column_writer.cpp.o -MF extension/parquet/CMakeFiles/parquet_extension.dir/column_writer.cpp.o.d -o extension/parquet/CMakeFiles/parquet_extension.dir/column_writer.cpp.o -c /home/pei/Project/duckdb-polr/extension/parquet/column_writer.cpp
[129/376] /usr/bin/ccache /usr/lib/ccache/c++ -DDUCKDB_BUILD_LIBRARY -DENABLE_CROSS_PRODUCT_REWRITE=0 -DENABLE_DEBUG_PRINT=0 -DENABLE_MEASURE_EXE_TIME=0 -DENABLE_MERGE_BACK_PLAN=0 -DENABLE_PARALLEL_EXECUTION=0 -DENABLE_QUERY_SPLIT=1 -DENABLE_SPECIFY_EST_STAT=0 -I/home/pei/Project/duckdb-polr/src/include -I/home/pei/Project/duckdb-polr/third_party/fsst -I/home/pei/Project/duckdb-polr/third_party/fmt/include -I/home/pei/Project/duckdb-polr/third_party/hyperloglog -I/home/pei/Project/duckdb-polr/third_party/fastpforlib -I/home/pei/Project/duckdb-polr/third_party/fast_float -I/home/pei/Project/duckdb-polr/third_party/re2 -I/home/pei/Project/duckdb-polr/third_party/miniz -I/home/pei/Project/duckdb-polr/third_party/utf8proc/include -I/home/pei/Project/duckdb-polr/third_party/miniparquet -I/home/pei/Project/duckdb-polr/third_party/concurrentqueue -I/home/pei/Project/duckdb-polr/third_party/pcg -I/home/pei/Project/duckdb-polr/third_party/tdigest -I/home/pei/Project/duckdb-polr/third_party/mbedtls/include -I/home/pei/Project/duckdb-polr/third_party/jaro_winkler -I/home/pei/Project/duckdb-polr/extension/parquet/include -I/home/pei/Project/duckdb-polr/extension/parquet/../../third_party/parquet -I/home/pei/Project/duckdb-polr/extension/parquet/../../third_party/snappy -I/home/pei/Project/duckdb-polr/extension/parquet/../../third_party/miniz -I/home/pei/Project/duckdb-polr/extension/parquet/../../third_party/thrift -I/home/pei/Project/duckdb-polr/extension/parquet/../../third_party/zstd/include -O3 -DNDEBUG -O3 -DNDEBUG   -fPIC -fdiagnostics-color=always -std=c++11 -MD -MT extension/parquet/CMakeFiles/parquet_extension.dir/parquet_timestamp.cpp.o -MF extension/parquet/CMakeFiles/parquet_extension.dir/parquet_timestamp.cpp.o.d -o extension/parquet/CMakeFiles/parquet_extension.dir/parquet_timestamp.cpp.o -c /home/pei/Project/duckdb-polr/extension/parquet/parquet_timestamp.cpp
[130/376] /usr/bin/ccache /usr/lib/ccache/c++ -DBUILD_JEMALLOC_EXTENSION=ON -DBUILD_PARQUET_EXTENSION=TRUE -DDUCKDB_BUILD_LIBRARY -DENABLE_CROSS_PRODUCT_REWRITE=0 -DENABLE_DEBUG_PRINT=0 -DENABLE_MEASURE_EXE_TIME=0 -DENABLE_MERGE_BACK_PLAN=0 -DENABLE_PARALLEL_EXECUTION=0 -DENABLE_QUERY_SPLIT=1 -DENABLE_SPECIFY_EST_STAT=0 -DSQLITE_SHELL_IS_UTF8 -DUSE_DUCKDB_SHELL_WRAPPER -I/home/pei/Project/duckdb-polr/src/include -I/home/pei/Project/duckdb-polr/third_party/fsst -I/home/pei/Project/duckdb-polr/third_party/fmt/include -I/home/pei/Project/duckdb-polr/third_party/hyperloglog -I/home/pei/Project/duckdb-polr/third_party/fastpforlib -I/home/pei/Project/duckdb-polr/third_party/fast_float -I/home/pei/Project/duckdb-polr/third_party/re2 -I/home/pei/Project/duckdb-polr/third_party/miniz -I/home/pei/Project/duckdb-polr/third_party/utf8proc/include -I/home/pei/Project/duckdb-polr/third_party/miniparquet -I/home/pei/Project/duckdb-polr/third_party/concurrentqueue -I/home/pei/Project/duckdb-polr/third_party/pcg -I/home/pei/Project/duckdb-polr/third_party/tdigest -I/home/pei/Project/duckdb-polr/third_party/mbedtls/include -I/home/pei/Project/duckdb-polr/third_party/jaro_winkler -I/home/pei/Project/duckdb-polr/tools/sqlite3_api_wrapper/include -I/home/pei/Project/duckdb-polr/tools/sqlite3_api_wrapper/sqlite3_udf_api/include -I/home/pei/Project/duckdb-polr/extension -I/home/pei/Project/duckdb-polr/extension/parquet/include -I/home/pei/Project/duckdb-polr/extension/jemalloc/include -I/home/pei/Project/duckdb-polr/tools/sqlite3_api_wrapper/../../third_party/utf8proc/include -I/home/pei/Project/duckdb-polr/tools/sqlite3_api_wrapper/../../third_party/catch -I/home/pei/Project/duckdb-polr/tools/sqlite3_api_wrapper/test/include -I/home/pei/Project/duckdb-polr/third_party/libpg_query/include -O3 -DNDEBUG -O3 -DNDEBUG   -fPIE -fdiagnostics-color=always -std=c++11 -MD -MT tools/sqlite3_api_wrapper/CMakeFiles/test_sqlite3_api_wrapper.dir/test/test_sqlite3_udf_api_wrapper.cpp.o -MF tools/sqlite3_api_wrapper/CMakeFiles/test_sqlite3_api_wrapper.dir/test/test_sqlite3_udf_api_wrapper.cpp.o.d -o tools/sqlite3_api_wrapper/CMakeFiles/test_sqlite3_api_wrapper.dir/test/test_sqlite3_udf_api_wrapper.cpp.o -c /home/pei/Project/duckdb-polr/tools/sqlite3_api_wrapper/test/test_sqlite3_udf_api_wrapper.cpp
[131/376] /usr/bin/ccache /usr/lib/ccache/c++ -DDUCKDB_BUILD_LIBRARY -DENABLE_CROSS_PRODUCT_REWRITE=0 -DENABLE_DEBUG_PRINT=0 -DENABLE_MEASURE_EXE_TIME=0 -DENABLE_MERGE_BACK_PLAN=0 -DENABLE_PARALLEL_EXECUTION=0 -DENABLE_QUERY_SPLIT=1 -DENABLE_SPECIFY_EST_STAT=0 -I/home/pei/Project/duckdb-polr/src/include -I/home/pei/Project/duckdb-polr/third_party/fsst -I/home/pei/Project/duckdb-polr/third_party/fmt/include -I/home/pei/Project/duckdb-polr/third_party/hyperloglog -I/home/pei/Project/duckdb-polr/third_party/fastpforlib -I/home/pei/Project/duckdb-polr/third_party/fast_float -I/home/pei/Project/duckdb-polr/third_party/re2 -I/home/pei/Project/duckdb-polr/third_party/miniz -I/home/pei/Project/duckdb-polr/third_party/utf8proc/include -I/home/pei/Project/duckdb-polr/third_party/miniparquet -I/home/pei/Project/duckdb-polr/third_party/concurrentqueue -I/home/pei/Project/duckdb-polr/third_party/pcg -I/home/pei/Project/duckdb-polr/third_party/tdigest -I/home/pei/Project/duckdb-polr/third_party/mbedtls/include -I/home/pei/Project/duckdb-polr/third_party/jaro_winkler -I/home/pei/Project/duckdb-polr/extension/parquet/include -I/home/pei/Project/duckdb-polr/extension/parquet/../../third_party/parquet -I/home/pei/Project/duckdb-polr/extension/parquet/../../third_party/snappy -I/home/pei/Project/duckdb-polr/extension/parquet/../../third_party/miniz -I/home/pei/Project/duckdb-polr/extension/parquet/../../third_party/thrift -I/home/pei/Project/duckdb-polr/extension/parquet/../../third_party/zstd/include -O3 -DNDEBUG -O3 -DNDEBUG   -fPIC -fdiagnostics-color=always -std=c++11 -MD -MT extension/parquet/CMakeFiles/parquet_extension.dir/parquet_metadata.cpp.o -MF extension/parquet/CMakeFiles/parquet_extension.dir/parquet_metadata.cpp.o.d -o extension/parquet/CMakeFiles/parquet_extension.dir/parquet_metadata.cpp.o -c /home/pei/Project/duckdb-polr/extension/parquet/parquet_metadata.cpp
[132/376] /usr/bin/ccache /usr/lib/ccache/c++ -DDUCKDB_BUILD_LIBRARY -DENABLE_CROSS_PRODUCT_REWRITE=0 -DENABLE_DEBUG_PRINT=0 -DENABLE_MEASURE_EXE_TIME=0 -DENABLE_MERGE_BACK_PLAN=0 -DENABLE_PARALLEL_EXECUTION=0 -DENABLE_QUERY_SPLIT=1 -DENABLE_SPECIFY_EST_STAT=0 -I/home/pei/Project/duckdb-polr/src/include -I/home/pei/Project/duckdb-polr/third_party/fsst -I/home/pei/Project/duckdb-polr/third_party/fmt/include -I/home/pei/Project/duckdb-polr/third_party/hyperloglog -I/home/pei/Project/duckdb-polr/third_party/fastpforlib -I/home/pei/Project/duckdb-polr/third_party/fast_float -I/home/pei/Project/duckdb-polr/third_party/re2 -I/home/pei/Project/duckdb-polr/third_party/miniz -I/home/pei/Project/duckdb-polr/third_party/utf8proc/include -I/home/pei/Project/duckdb-polr/third_party/miniparquet -I/home/pei/Project/duckdb-polr/third_party/concurrentqueue -I/home/pei/Project/duckdb-polr/third_party/pcg -I/home/pei/Project/duckdb-polr/third_party/tdigest -I/home/pei/Project/duckdb-polr/third_party/mbedtls/include -I/home/pei/Project/duckdb-polr/third_party/jaro_winkler -I/home/pei/Project/duckdb-polr/extension/parquet/include -I/home/pei/Project/duckdb-polr/extension/parquet/../../third_party/parquet -I/home/pei/Project/duckdb-polr/extension/parquet/../../third_party/snappy -I/home/pei/Project/duckdb-polr/extension/parquet/../../third_party/miniz -I/home/pei/Project/duckdb-polr/extension/parquet/../../third_party/thrift -I/home/pei/Project/duckdb-polr/extension/parquet/../../third_party/zstd/include -O3 -DNDEBUG -O3 -DNDEBUG   -fPIC -fdiagnostics-color=always -std=c++11 -MD -MT extension/parquet/CMakeFiles/parquet_extension.dir/parquet_writer.cpp.o -MF extension/parquet/CMakeFiles/parquet_extension.dir/parquet_writer.cpp.o.d -o extension/parquet/CMakeFiles/parquet_extension.dir/parquet_writer.cpp.o -c /home/pei/Project/duckdb-polr/extension/parquet/parquet_writer.cpp
[133/376] /usr/bin/ccache /usr/lib/ccache/c++ -DDUCKDB_BUILD_LIBRARY -DENABLE_CROSS_PRODUCT_REWRITE=0 -DENABLE_DEBUG_PRINT=0 -DENABLE_MEASURE_EXE_TIME=0 -DENABLE_MERGE_BACK_PLAN=0 -DENABLE_PARALLEL_EXECUTION=0 -DENABLE_QUERY_SPLIT=1 -DENABLE_SPECIFY_EST_STAT=0 -I/home/pei/Project/duckdb-polr/src/include -I/home/pei/Project/duckdb-polr/third_party/fsst -I/home/pei/Project/duckdb-polr/third_party/fmt/include -I/home/pei/Project/duckdb-polr/third_party/hyperloglog -I/home/pei/Project/duckdb-polr/third_party/fastpforlib -I/home/pei/Project/duckdb-polr/third_party/fast_float -I/home/pei/Project/duckdb-polr/third_party/re2 -I/home/pei/Project/duckdb-polr/third_party/miniz -I/home/pei/Project/duckdb-polr/third_party/utf8proc/include -I/home/pei/Project/duckdb-polr/third_party/miniparquet -I/home/pei/Project/duckdb-polr/third_party/concurrentqueue -I/home/pei/Project/duckdb-polr/third_party/pcg -I/home/pei/Project/duckdb-polr/third_party/tdigest -I/home/pei/Project/duckdb-polr/third_party/mbedtls/include -I/home/pei/Project/duckdb-polr/third_party/jaro_winkler -I/home/pei/Project/duckdb-polr/extension/parquet/include -I/home/pei/Project/duckdb-polr/extension/parquet/../../third_party/parquet -I/home/pei/Project/duckdb-polr/extension/parquet/../../third_party/snappy -I/home/pei/Project/duckdb-polr/extension/parquet/../../third_party/miniz -I/home/pei/Project/duckdb-polr/extension/parquet/../../third_party/thrift -I/home/pei/Project/duckdb-polr/extension/parquet/../../third_party/zstd/include -O3 -DNDEBUG -O3 -DNDEBUG   -fPIC -fdiagnostics-color=always -std=c++11 -MD -MT extension/parquet/CMakeFiles/parquet_extension.dir/parquet-extension.cpp.o -MF extension/parquet/CMakeFiles/parquet_extension.dir/parquet-extension.cpp.o.d -o extension/parquet/CMakeFiles/parquet_extension.dir/parquet-extension.cpp.o -c /home/pei/Project/duckdb-polr/extension/parquet/parquet-extension.cpp
[134/376] /usr/bin/ccache /usr/lib/ccache/c++ -DDUCKDB_BUILD_LIBRARY -DENABLE_CROSS_PRODUCT_REWRITE=0 -DENABLE_DEBUG_PRINT=0 -DENABLE_MEASURE_EXE_TIME=0 -DENABLE_MERGE_BACK_PLAN=0 -DENABLE_PARALLEL_EXECUTION=0 -DENABLE_QUERY_SPLIT=1 -DENABLE_SPECIFY_EST_STAT=0 -I/home/pei/Project/duckdb-polr/src/include -I/home/pei/Project/duckdb-polr/third_party/fsst -I/home/pei/Project/duckdb-polr/third_party/fmt/include -I/home/pei/Project/duckdb-polr/third_party/hyperloglog -I/home/pei/Project/duckdb-polr/third_party/fastpforlib -I/home/pei/Project/duckdb-polr/third_party/fast_float -I/home/pei/Project/duckdb-polr/third_party/re2 -I/home/pei/Project/duckdb-polr/third_party/miniz -I/home/pei/Project/duckdb-polr/third_party/utf8proc/include -I/home/pei/Project/duckdb-polr/third_party/miniparquet -I/home/pei/Project/duckdb-polr/third_party/concurrentqueue -I/home/pei/Project/duckdb-polr/third_party/pcg -I/home/pei/Project/duckdb-polr/third_party/tdigest -I/home/pei/Project/duckdb-polr/third_party/mbedtls/include -I/home/pei/Project/duckdb-polr/third_party/jaro_winkler -I/home/pei/Project/duckdb-polr/extension/parquet/include -I/home/pei/Project/duckdb-polr/extension/parquet/../../third_party/parquet -I/home/pei/Project/duckdb-polr/extension/parquet/../../third_party/snappy -I/home/pei/Project/duckdb-polr/extension/parquet/../../third_party/miniz -I/home/pei/Project/duckdb-polr/extension/parquet/../../third_party/thrift -I/home/pei/Project/duckdb-polr/extension/parquet/../../third_party/zstd/include -O3 -DNDEBUG -O3 -DNDEBUG   -fPIC -fdiagnostics-color=always -std=c++11 -MD -MT extension/parquet/CMakeFiles/parquet_extension.dir/parquet_reader.cpp.o -MF extension/parquet/CMakeFiles/parquet_extension.dir/parquet_reader.cpp.o.d -o extension/parquet/CMakeFiles/parquet_extension.dir/parquet_reader.cpp.o -c /home/pei/Project/duckdb-polr/extension/parquet/parquet_reader.cpp
[135/376] /usr/bin/ccache /usr/lib/ccache/c++ -DDUCKDB_BUILD_LIBRARY -DENABLE_CROSS_PRODUCT_REWRITE=0 -DENABLE_DEBUG_PRINT=0 -DENABLE_MEASURE_EXE_TIME=0 -DENABLE_MERGE_BACK_PLAN=0 -DENABLE_PARALLEL_EXECUTION=0 -DENABLE_QUERY_SPLIT=1 -DENABLE_SPECIFY_EST_STAT=0 -I/home/pei/Project/duckdb-polr/src/include -I/home/pei/Project/duckdb-polr/third_party/fsst -I/home/pei/Project/duckdb-polr/third_party/fmt/include -I/home/pei/Project/duckdb-polr/third_party/hyperloglog -I/home/pei/Project/duckdb-polr/third_party/fastpforlib -I/home/pei/Project/duckdb-polr/third_party/fast_float -I/home/pei/Project/duckdb-polr/third_party/re2 -I/home/pei/Project/duckdb-polr/third_party/miniz -I/home/pei/Project/duckdb-polr/third_party/utf8proc/include -I/home/pei/Project/duckdb-polr/third_party/miniparquet -I/home/pei/Project/duckdb-polr/third_party/concurrentqueue -I/home/pei/Project/duckdb-polr/third_party/pcg -I/home/pei/Project/duckdb-polr/third_party/tdigest -I/home/pei/Project/duckdb-polr/third_party/mbedtls/include -I/home/pei/Project/duckdb-polr/third_party/jaro_winkler -I/home/pei/Project/duckdb-polr/extension/parquet/include -I/home/pei/Project/duckdb-polr/extension/parquet/../../third_party/parquet -I/home/pei/Project/duckdb-polr/extension/parquet/../../third_party/snappy -I/home/pei/Project/duckdb-polr/extension/parquet/../../third_party/miniz -I/home/pei/Project/duckdb-polr/extension/parquet/../../third_party/thrift -I/home/pei/Project/duckdb-polr/extension/parquet/../../third_party/zstd/include -O3 -DNDEBUG -O3 -DNDEBUG   -fPIC -fdiagnostics-color=always -std=c++11 -MD -MT extension/parquet/CMakeFiles/parquet_extension.dir/parquet_statistics.cpp.o -MF extension/parquet/CMakeFiles/parquet_extension.dir/parquet_statistics.cpp.o.d -o extension/parquet/CMakeFiles/parquet_extension.dir/parquet_statistics.cpp.o -c /home/pei/Project/duckdb-polr/extension/parquet/parquet_statistics.cpp
[136/376] /usr/bin/ccache /usr/lib/ccache/c++ -DDUCKDB_BUILD_LIBRARY -DENABLE_CROSS_PRODUCT_REWRITE=0 -DENABLE_DEBUG_PRINT=0 -DENABLE_MEASURE_EXE_TIME=0 -DENABLE_MERGE_BACK_PLAN=0 -DENABLE_PARALLEL_EXECUTION=0 -DENABLE_QUERY_SPLIT=1 -DENABLE_SPECIFY_EST_STAT=0 -I/home/pei/Project/duckdb-polr/src/include -I/home/pei/Project/duckdb-polr/third_party/fsst -I/home/pei/Project/duckdb-polr/third_party/fmt/include -I/home/pei/Project/duckdb-polr/third_party/hyperloglog -I/home/pei/Project/duckdb-polr/third_party/fastpforlib -I/home/pei/Project/duckdb-polr/third_party/fast_float -I/home/pei/Project/duckdb-polr/third_party/re2 -I/home/pei/Project/duckdb-polr/third_party/miniz -I/home/pei/Project/duckdb-polr/third_party/utf8proc/include -I/home/pei/Project/duckdb-polr/third_party/miniparquet -I/home/pei/Project/duckdb-polr/third_party/concurrentqueue -I/home/pei/Project/duckdb-polr/third_party/pcg -I/home/pei/Project/duckdb-polr/third_party/tdigest -I/home/pei/Project/duckdb-polr/third_party/mbedtls/include -I/home/pei/Project/duckdb-polr/third_party/jaro_winkler -I/home/pei/Project/duckdb-polr/extension/parquet/include -I/home/pei/Project/duckdb-polr/extension/parquet/../../third_party/parquet -I/home/pei/Project/duckdb-polr/extension/parquet/../../third_party/snappy -I/home/pei/Project/duckdb-polr/extension/parquet/../../third_party/miniz -I/home/pei/Project/duckdb-polr/extension/parquet/../../third_party/thrift -I/home/pei/Project/duckdb-polr/extension/parquet/../../third_party/zstd/include -O3 -DNDEBUG -O3 -DNDEBUG   -fPIC -fdiagnostics-color=always -std=c++11 -MD -MT extension/parquet/CMakeFiles/parquet_extension.dir/__/__/third_party/parquet/parquet_constants.cpp.o -MF extension/parquet/CMakeFiles/parquet_extension.dir/__/__/third_party/parquet/parquet_constants.cpp.o.d -o extension/parquet/CMakeFiles/parquet_extension.dir/__/__/third_party/parquet/parquet_constants.cpp.o -c /home/pei/Project/duckdb-polr/third_party/parquet/parquet_constants.cpp
[137/376] /usr/bin/ccache /usr/lib/ccache/c++ -DDUCKDB_BUILD_LIBRARY -DENABLE_CROSS_PRODUCT_REWRITE=0 -DENABLE_DEBUG_PRINT=0 -DENABLE_MEASURE_EXE_TIME=0 -DENABLE_MERGE_BACK_PLAN=0 -DENABLE_PARALLEL_EXECUTION=0 -DENABLE_QUERY_SPLIT=1 -DENABLE_SPECIFY_EST_STAT=0 -I/home/pei/Project/duckdb-polr/src/include -I/home/pei/Project/duckdb-polr/third_party/fsst -I/home/pei/Project/duckdb-polr/third_party/fmt/include -I/home/pei/Project/duckdb-polr/third_party/hyperloglog -I/home/pei/Project/duckdb-polr/third_party/fastpforlib -I/home/pei/Project/duckdb-polr/third_party/fast_float -I/home/pei/Project/duckdb-polr/third_party/re2 -I/home/pei/Project/duckdb-polr/third_party/miniz -I/home/pei/Project/duckdb-polr/third_party/utf8proc/include -I/home/pei/Project/duckdb-polr/third_party/miniparquet -I/home/pei/Project/duckdb-polr/third_party/concurrentqueue -I/home/pei/Project/duckdb-polr/third_party/pcg -I/home/pei/Project/duckdb-polr/third_party/tdigest -I/home/pei/Project/duckdb-polr/third_party/mbedtls/include -I/home/pei/Project/duckdb-polr/third_party/jaro_winkler -I/home/pei/Project/duckdb-polr/extension/parquet/include -I/home/pei/Project/duckdb-polr/extension/parquet/../../third_party/parquet -I/home/pei/Project/duckdb-polr/extension/parquet/../../third_party/snappy -I/home/pei/Project/duckdb-polr/extension/parquet/../../third_party/miniz -I/home/pei/Project/duckdb-polr/extension/parquet/../../third_party/thrift -I/home/pei/Project/duckdb-polr/extension/parquet/../../third_party/zstd/include -O3 -DNDEBUG -O3 -DNDEBUG   -fPIC -fdiagnostics-color=always -std=c++11 -MD -MT extension/parquet/CMakeFiles/parquet_extension.dir/__/__/third_party/parquet/parquet_types.cpp.o -MF extension/parquet/CMakeFiles/parquet_extension.dir/__/__/third_party/parquet/parquet_types.cpp.o.d -o extension/parquet/CMakeFiles/parquet_extension.dir/__/__/third_party/parquet/parquet_types.cpp.o -c /home/pei/Project/duckdb-polr/third_party/parquet/parquet_types.cpp
[138/376] /usr/bin/ccache /usr/lib/ccache/c++ -DDUCKDB_BUILD_LIBRARY -DENABLE_CROSS_PRODUCT_REWRITE=0 -DENABLE_DEBUG_PRINT=0 -DENABLE_MEASURE_EXE_TIME=0 -DENABLE_MERGE_BACK_PLAN=0 -DENABLE_PARALLEL_EXECUTION=0 -DENABLE_QUERY_SPLIT=1 -DENABLE_SPECIFY_EST_STAT=0 -I/home/pei/Project/duckdb-polr/src/include -I/home/pei/Project/duckdb-polr/third_party/fsst -I/home/pei/Project/duckdb-polr/third_party/fmt/include -I/home/pei/Project/duckdb-polr/third_party/hyperloglog -I/home/pei/Project/duckdb-polr/third_party/fastpforlib -I/home/pei/Project/duckdb-polr/third_party/fast_float -I/home/pei/Project/duckdb-polr/third_party/re2 -I/home/pei/Project/duckdb-polr/third_party/miniz -I/home/pei/Project/duckdb-polr/third_party/utf8proc/include -I/home/pei/Project/duckdb-polr/third_party/miniparquet -I/home/pei/Project/duckdb-polr/third_party/concurrentqueue -I/home/pei/Project/duckdb-polr/third_party/pcg -I/home/pei/Project/duckdb-polr/third_party/tdigest -I/home/pei/Project/duckdb-polr/third_party/mbedtls/include -I/home/pei/Project/duckdb-polr/third_party/jaro_winkler -I/home/pei/Project/duckdb-polr/extension/parquet/include -I/home/pei/Project/duckdb-polr/extension/parquet/../../third_party/parquet -I/home/pei/Project/duckdb-polr/extension/parquet/../../third_party/snappy -I/home/pei/Project/duckdb-polr/extension/parquet/../../third_party/miniz -I/home/pei/Project/duckdb-polr/extension/parquet/../../third_party/thrift -I/home/pei/Project/duckdb-polr/extension/parquet/../../third_party/zstd/include -O3 -DNDEBUG -O3 -DNDEBUG   -fPIC -fdiagnostics-color=always -std=c++11 -MD -MT extension/parquet/CMakeFiles/parquet_extension.dir/__/__/third_party/thrift/thrift/protocol/TProtocol.cpp.o -MF extension/parquet/CMakeFiles/parquet_extension.dir/__/__/third_party/thrift/thrift/protocol/TProtocol.cpp.o.d -o extension/parquet/CMakeFiles/parquet_extension.dir/__/__/third_party/thrift/thrift/protocol/TProtocol.cpp.o -c /home/pei/Project/duckdb-polr/third_party/thrift/thrift/protocol/TProtocol.cpp
[139/376] /usr/bin/ccache /usr/lib/ccache/c++ -DDUCKDB_BUILD_LIBRARY -DENABLE_CROSS_PRODUCT_REWRITE=0 -DENABLE_DEBUG_PRINT=0 -DENABLE_MEASURE_EXE_TIME=0 -DENABLE_MERGE_BACK_PLAN=0 -DENABLE_PARALLEL_EXECUTION=0 -DENABLE_QUERY_SPLIT=1 -DENABLE_SPECIFY_EST_STAT=0 -I/home/pei/Project/duckdb-polr/src/include -I/home/pei/Project/duckdb-polr/third_party/fsst -I/home/pei/Project/duckdb-polr/third_party/fmt/include -I/home/pei/Project/duckdb-polr/third_party/hyperloglog -I/home/pei/Project/duckdb-polr/third_party/fastpforlib -I/home/pei/Project/duckdb-polr/third_party/fast_float -I/home/pei/Project/duckdb-polr/third_party/re2 -I/home/pei/Project/duckdb-polr/third_party/miniz -I/home/pei/Project/duckdb-polr/third_party/utf8proc/include -I/home/pei/Project/duckdb-polr/third_party/miniparquet -I/home/pei/Project/duckdb-polr/third_party/concurrentqueue -I/home/pei/Project/duckdb-polr/third_party/pcg -I/home/pei/Project/duckdb-polr/third_party/tdigest -I/home/pei/Project/duckdb-polr/third_party/mbedtls/include -I/home/pei/Project/duckdb-polr/third_party/jaro_winkler -I/home/pei/Project/duckdb-polr/extension/parquet/include -I/home/pei/Project/duckdb-polr/extension/parquet/../../third_party/parquet -I/home/pei/Project/duckdb-polr/extension/parquet/../../third_party/snappy -I/home/pei/Project/duckdb-polr/extension/parquet/../../third_party/miniz -I/home/pei/Project/duckdb-polr/extension/parquet/../../third_party/thrift -I/home/pei/Project/duckdb-polr/extension/parquet/../../third_party/zstd/include -O3 -DNDEBUG -O3 -DNDEBUG   -fPIC -fdiagnostics-color=always -std=c++11 -MD -MT extension/parquet/CMakeFiles/parquet_extension.dir/__/__/third_party/thrift/thrift/transport/TTransportException.cpp.o -MF extension/parquet/CMakeFiles/parquet_extension.dir/__/__/third_party/thrift/thrift/transport/TTransportException.cpp.o.d -o extension/parquet/CMakeFiles/parquet_extension.dir/__/__/third_party/thrift/thrift/transport/TTransportException.cpp.o -c /home/pei/Project/duckdb-polr/third_party/thrift/thrift/transport/TTransportException.cpp
[140/376] /usr/bin/ccache /usr/lib/ccache/c++ -DDUCKDB_BUILD_LIBRARY -DENABLE_CROSS_PRODUCT_REWRITE=0 -DENABLE_DEBUG_PRINT=0 -DENABLE_MEASURE_EXE_TIME=0 -DENABLE_MERGE_BACK_PLAN=0 -DENABLE_PARALLEL_EXECUTION=0 -DENABLE_QUERY_SPLIT=1 -DENABLE_SPECIFY_EST_STAT=0 -I/home/pei/Project/duckdb-polr/src/include -I/home/pei/Project/duckdb-polr/third_party/fsst -I/home/pei/Project/duckdb-polr/third_party/fmt/include -I/home/pei/Project/duckdb-polr/third_party/hyperloglog -I/home/pei/Project/duckdb-polr/third_party/fastpforlib -I/home/pei/Project/duckdb-polr/third_party/fast_float -I/home/pei/Project/duckdb-polr/third_party/re2 -I/home/pei/Project/duckdb-polr/third_party/miniz -I/home/pei/Project/duckdb-polr/third_party/utf8proc/include -I/home/pei/Project/duckdb-polr/third_party/miniparquet -I/home/pei/Project/duckdb-polr/third_party/concurrentqueue -I/home/pei/Project/duckdb-polr/third_party/pcg -I/home/pei/Project/duckdb-polr/third_party/tdigest -I/home/pei/Project/duckdb-polr/third_party/mbedtls/include -I/home/pei/Project/duckdb-polr/third_party/jaro_winkler -I/home/pei/Project/duckdb-polr/extension/parquet/include -I/home/pei/Project/duckdb-polr/extension/parquet/../../third_party/parquet -I/home/pei/Project/duckdb-polr/extension/parquet/../../third_party/snappy -I/home/pei/Project/duckdb-polr/extension/parquet/../../third_party/miniz -I/home/pei/Project/duckdb-polr/extension/parquet/../../third_party/thrift -I/home/pei/Project/duckdb-polr/extension/parquet/../../third_party/zstd/include -O3 -DNDEBUG -O3 -DNDEBUG   -fPIC -fdiagnostics-color=always -std=c++11 -MD -MT extension/parquet/CMakeFiles/parquet_extension.dir/__/__/third_party/snappy/snappy-sinksource.cc.o -MF extension/parquet/CMakeFiles/parquet_extension.dir/__/__/third_party/snappy/snappy-sinksource.cc.o.d -o extension/parquet/CMakeFiles/parquet_extension.dir/__/__/third_party/snappy/snappy-sinksource.cc.o -c /home/pei/Project/duckdb-polr/third_party/snappy/snappy-sinksource.cc
[141/376] /usr/bin/ccache /usr/lib/ccache/c++ -DDUCKDB_BUILD_LIBRARY -DENABLE_CROSS_PRODUCT_REWRITE=0 -DENABLE_DEBUG_PRINT=0 -DENABLE_MEASURE_EXE_TIME=0 -DENABLE_MERGE_BACK_PLAN=0 -DENABLE_PARALLEL_EXECUTION=0 -DENABLE_QUERY_SPLIT=1 -DENABLE_SPECIFY_EST_STAT=0 -I/home/pei/Project/duckdb-polr/src/include -I/home/pei/Project/duckdb-polr/third_party/fsst -I/home/pei/Project/duckdb-polr/third_party/fmt/include -I/home/pei/Project/duckdb-polr/third_party/hyperloglog -I/home/pei/Project/duckdb-polr/third_party/fastpforlib -I/home/pei/Project/duckdb-polr/third_party/fast_float -I/home/pei/Project/duckdb-polr/third_party/re2 -I/home/pei/Project/duckdb-polr/third_party/miniz -I/home/pei/Project/duckdb-polr/third_party/utf8proc/include -I/home/pei/Project/duckdb-polr/third_party/miniparquet -I/home/pei/Project/duckdb-polr/third_party/concurrentqueue -I/home/pei/Project/duckdb-polr/third_party/pcg -I/home/pei/Project/duckdb-polr/third_party/tdigest -I/home/pei/Project/duckdb-polr/third_party/mbedtls/include -I/home/pei/Project/duckdb-polr/third_party/jaro_winkler -I/home/pei/Project/duckdb-polr/extension/parquet/include -I/home/pei/Project/duckdb-polr/extension/parquet/../../third_party/parquet -I/home/pei/Project/duckdb-polr/extension/parquet/../../third_party/snappy -I/home/pei/Project/duckdb-polr/extension/parquet/../../third_party/miniz -I/home/pei/Project/duckdb-polr/extension/parquet/../../third_party/thrift -I/home/pei/Project/duckdb-polr/extension/parquet/../../third_party/zstd/include -O3 -DNDEBUG -O3 -DNDEBUG   -fPIC -fdiagnostics-color=always -std=c++11 -MD -MT extension/parquet/CMakeFiles/parquet_extension.dir/column_reader.cpp.o -MF extension/parquet/CMakeFiles/parquet_extension.dir/column_reader.cpp.o.d -o extension/parquet/CMakeFiles/parquet_extension.dir/column_reader.cpp.o -c /home/pei/Project/duckdb-polr/extension/parquet/column_reader.cpp
[142/376] /usr/bin/ccache /usr/lib/ccache/c++ -DDUCKDB_BUILD_LIBRARY -DENABLE_CROSS_PRODUCT_REWRITE=0 -DENABLE_DEBUG_PRINT=0 -DENABLE_MEASURE_EXE_TIME=0 -DENABLE_MERGE_BACK_PLAN=0 -DENABLE_PARALLEL_EXECUTION=0 -DENABLE_QUERY_SPLIT=1 -DENABLE_SPECIFY_EST_STAT=0 -I/home/pei/Project/duckdb-polr/src/include -I/home/pei/Project/duckdb-polr/third_party/fsst -I/home/pei/Project/duckdb-polr/third_party/fmt/include -I/home/pei/Project/duckdb-polr/third_party/hyperloglog -I/home/pei/Project/duckdb-polr/third_party/fastpforlib -I/home/pei/Project/duckdb-polr/third_party/fast_float -I/home/pei/Project/duckdb-polr/third_party/re2 -I/home/pei/Project/duckdb-polr/third_party/miniz -I/home/pei/Project/duckdb-polr/third_party/utf8proc/include -I/home/pei/Project/duckdb-polr/third_party/miniparquet -I/home/pei/Project/duckdb-polr/third_party/concurrentqueue -I/home/pei/Project/duckdb-polr/third_party/pcg -I/home/pei/Project/duckdb-polr/third_party/tdigest -I/home/pei/Project/duckdb-polr/third_party/mbedtls/include -I/home/pei/Project/duckdb-polr/third_party/jaro_winkler -I/home/pei/Project/duckdb-polr/extension/parquet/include -I/home/pei/Project/duckdb-polr/extension/parquet/../../third_party/parquet -I/home/pei/Project/duckdb-polr/extension/parquet/../../third_party/snappy -I/home/pei/Project/duckdb-polr/extension/parquet/../../third_party/miniz -I/home/pei/Project/duckdb-polr/extension/parquet/../../third_party/thrift -I/home/pei/Project/duckdb-polr/extension/parquet/../../third_party/zstd/include -O3 -DNDEBUG -O3 -DNDEBUG   -fPIC -fdiagnostics-color=always -std=c++11 -MD -MT extension/parquet/CMakeFiles/parquet_extension.dir/__/__/third_party/zstd/decompress/zstd_ddict.cpp.o -MF extension/parquet/CMakeFiles/parquet_extension.dir/__/__/third_party/zstd/decompress/zstd_ddict.cpp.o.d -o extension/parquet/CMakeFiles/parquet_extension.dir/__/__/third_party/zstd/decompress/zstd_ddict.cpp.o -c /home/pei/Project/duckdb-polr/third_party/zstd/decompress/zstd_ddict.cpp
[143/376] /usr/bin/ccache /usr/lib/ccache/c++ -DDUCKDB_BUILD_LIBRARY -DENABLE_CROSS_PRODUCT_REWRITE=0 -DENABLE_DEBUG_PRINT=0 -DENABLE_MEASURE_EXE_TIME=0 -DENABLE_MERGE_BACK_PLAN=0 -DENABLE_PARALLEL_EXECUTION=0 -DENABLE_QUERY_SPLIT=1 -DENABLE_SPECIFY_EST_STAT=0 -I/home/pei/Project/duckdb-polr/src/include -I/home/pei/Project/duckdb-polr/third_party/fsst -I/home/pei/Project/duckdb-polr/third_party/fmt/include -I/home/pei/Project/duckdb-polr/third_party/hyperloglog -I/home/pei/Project/duckdb-polr/third_party/fastpforlib -I/home/pei/Project/duckdb-polr/third_party/fast_float -I/home/pei/Project/duckdb-polr/third_party/re2 -I/home/pei/Project/duckdb-polr/third_party/miniz -I/home/pei/Project/duckdb-polr/third_party/utf8proc/include -I/home/pei/Project/duckdb-polr/third_party/miniparquet -I/home/pei/Project/duckdb-polr/third_party/concurrentqueue -I/home/pei/Project/duckdb-polr/third_party/pcg -I/home/pei/Project/duckdb-polr/third_party/tdigest -I/home/pei/Project/duckdb-polr/third_party/mbedtls/include -I/home/pei/Project/duckdb-polr/third_party/jaro_winkler -I/home/pei/Project/duckdb-polr/extension/parquet/include -I/home/pei/Project/duckdb-polr/extension/parquet/../../third_party/parquet -I/home/pei/Project/duckdb-polr/extension/parquet/../../third_party/snappy -I/home/pei/Project/duckdb-polr/extension/parquet/../../third_party/miniz -I/home/pei/Project/duckdb-polr/extension/parquet/../../third_party/thrift -I/home/pei/Project/duckdb-polr/extension/parquet/../../third_party/zstd/include -O3 -DNDEBUG -O3 -DNDEBUG   -fPIC -fdiagnostics-color=always -std=c++11 -MD -MT extension/parquet/CMakeFiles/parquet_extension.dir/__/__/third_party/zstd/decompress/huf_decompress.cpp.o -MF extension/parquet/CMakeFiles/parquet_extension.dir/__/__/third_party/zstd/decompress/huf_decompress.cpp.o.d -o extension/parquet/CMakeFiles/parquet_extension.dir/__/__/third_party/zstd/decompress/huf_decompress.cpp.o -c /home/pei/Project/duckdb-polr/third_party/zstd/decompress/huf_decompress.cpp
[144/376] /usr/bin/ccache /usr/lib/ccache/c++ -DDUCKDB_BUILD_LIBRARY -DENABLE_CROSS_PRODUCT_REWRITE=0 -DENABLE_DEBUG_PRINT=0 -DENABLE_MEASURE_EXE_TIME=0 -DENABLE_MERGE_BACK_PLAN=0 -DENABLE_PARALLEL_EXECUTION=0 -DENABLE_QUERY_SPLIT=1 -DENABLE_SPECIFY_EST_STAT=0 -I/home/pei/Project/duckdb-polr/src/include -I/home/pei/Project/duckdb-polr/third_party/fsst -I/home/pei/Project/duckdb-polr/third_party/fmt/include -I/home/pei/Project/duckdb-polr/third_party/hyperloglog -I/home/pei/Project/duckdb-polr/third_party/fastpforlib -I/home/pei/Project/duckdb-polr/third_party/fast_float -I/home/pei/Project/duckdb-polr/third_party/re2 -I/home/pei/Project/duckdb-polr/third_party/miniz -I/home/pei/Project/duckdb-polr/third_party/utf8proc/include -I/home/pei/Project/duckdb-polr/third_party/miniparquet -I/home/pei/Project/duckdb-polr/third_party/concurrentqueue -I/home/pei/Project/duckdb-polr/third_party/pcg -I/home/pei/Project/duckdb-polr/third_party/tdigest -I/home/pei/Project/duckdb-polr/third_party/mbedtls/include -I/home/pei/Project/duckdb-polr/third_party/jaro_winkler -I/home/pei/Project/duckdb-polr/extension/parquet/include -I/home/pei/Project/duckdb-polr/extension/parquet/../../third_party/parquet -I/home/pei/Project/duckdb-polr/extension/parquet/../../third_party/snappy -I/home/pei/Project/duckdb-polr/extension/parquet/../../third_party/miniz -I/home/pei/Project/duckdb-polr/extension/parquet/../../third_party/thrift -I/home/pei/Project/duckdb-polr/extension/parquet/../../third_party/zstd/include -O3 -DNDEBUG -O3 -DNDEBUG   -fPIC -fdiagnostics-color=always -std=c++11 -MD -MT extension/parquet/CMakeFiles/parquet_extension.dir/__/__/third_party/thrift/thrift/transport/TBufferTransports.cpp.o -MF extension/parquet/CMakeFiles/parquet_extension.dir/__/__/third_party/thrift/thrift/transport/TBufferTransports.cpp.o.d -o extension/parquet/CMakeFiles/parquet_extension.dir/__/__/third_party/thrift/thrift/transport/TBufferTransports.cpp.o -c /home/pei/Project/duckdb-polr/third_party/thrift/thrift/transport/TBufferTransports.cpp
[145/376] /usr/bin/ccache /usr/lib/ccache/c++ -DDUCKDB_BUILD_LIBRARY -DENABLE_CROSS_PRODUCT_REWRITE=0 -DENABLE_DEBUG_PRINT=0 -DENABLE_MEASURE_EXE_TIME=0 -DENABLE_MERGE_BACK_PLAN=0 -DENABLE_PARALLEL_EXECUTION=0 -DENABLE_QUERY_SPLIT=1 -DENABLE_SPECIFY_EST_STAT=0 -I/home/pei/Project/duckdb-polr/src/include -I/home/pei/Project/duckdb-polr/third_party/fsst -I/home/pei/Project/duckdb-polr/third_party/fmt/include -I/home/pei/Project/duckdb-polr/third_party/hyperloglog -I/home/pei/Project/duckdb-polr/third_party/fastpforlib -I/home/pei/Project/duckdb-polr/third_party/fast_float -I/home/pei/Project/duckdb-polr/third_party/re2 -I/home/pei/Project/duckdb-polr/third_party/miniz -I/home/pei/Project/duckdb-polr/third_party/utf8proc/include -I/home/pei/Project/duckdb-polr/third_party/miniparquet -I/home/pei/Project/duckdb-polr/third_party/concurrentqueue -I/home/pei/Project/duckdb-polr/third_party/pcg -I/home/pei/Project/duckdb-polr/third_party/tdigest -I/home/pei/Project/duckdb-polr/third_party/mbedtls/include -I/home/pei/Project/duckdb-polr/third_party/jaro_winkler -I/home/pei/Project/duckdb-polr/extension/parquet/include -I/home/pei/Project/duckdb-polr/extension/parquet/../../third_party/parquet -I/home/pei/Project/duckdb-polr/extension/parquet/../../third_party/snappy -I/home/pei/Project/duckdb-polr/extension/parquet/../../third_party/miniz -I/home/pei/Project/duckdb-polr/extension/parquet/../../third_party/thrift -I/home/pei/Project/duckdb-polr/extension/parquet/../../third_party/zstd/include -O3 -DNDEBUG -O3 -DNDEBUG   -fPIC -fdiagnostics-color=always -std=c++11 -MD -MT extension/parquet/CMakeFiles/parquet_extension.dir/__/__/third_party/snappy/snappy.cc.o -MF extension/parquet/CMakeFiles/parquet_extension.dir/__/__/third_party/snappy/snappy.cc.o.d -o extension/parquet/CMakeFiles/parquet_extension.dir/__/__/third_party/snappy/snappy.cc.o -c /home/pei/Project/duckdb-polr/third_party/snappy/snappy.cc
[146/376] /usr/bin/ccache /usr/lib/ccache/c++ -DDUCKDB_BUILD_LIBRARY -DENABLE_CROSS_PRODUCT_REWRITE=0 -DENABLE_DEBUG_PRINT=0 -DENABLE_MEASURE_EXE_TIME=0 -DENABLE_MERGE_BACK_PLAN=0 -DENABLE_PARALLEL_EXECUTION=0 -DENABLE_QUERY_SPLIT=1 -DENABLE_SPECIFY_EST_STAT=0 -I/home/pei/Project/duckdb-polr/src/include -I/home/pei/Project/duckdb-polr/third_party/fsst -I/home/pei/Project/duckdb-polr/third_party/fmt/include -I/home/pei/Project/duckdb-polr/third_party/hyperloglog -I/home/pei/Project/duckdb-polr/third_party/fastpforlib -I/home/pei/Project/duckdb-polr/third_party/fast_float -I/home/pei/Project/duckdb-polr/third_party/re2 -I/home/pei/Project/duckdb-polr/third_party/miniz -I/home/pei/Project/duckdb-polr/third_party/utf8proc/include -I/home/pei/Project/duckdb-polr/third_party/miniparquet -I/home/pei/Project/duckdb-polr/third_party/concurrentqueue -I/home/pei/Project/duckdb-polr/third_party/pcg -I/home/pei/Project/duckdb-polr/third_party/tdigest -I/home/pei/Project/duckdb-polr/third_party/mbedtls/include -I/home/pei/Project/duckdb-polr/third_party/jaro_winkler -I/home/pei/Project/duckdb-polr/extension/parquet/include -I/home/pei/Project/duckdb-polr/extension/parquet/../../third_party/parquet -I/home/pei/Project/duckdb-polr/extension/parquet/../../third_party/snappy -I/home/pei/Project/duckdb-polr/extension/parquet/../../third_party/miniz -I/home/pei/Project/duckdb-polr/extension/parquet/../../third_party/thrift -I/home/pei/Project/duckdb-polr/extension/parquet/../../third_party/zstd/include -O3 -DNDEBUG -O3 -DNDEBUG   -fPIC -fdiagnostics-color=always -std=c++11 -MD -MT extension/parquet/CMakeFiles/parquet_extension.dir/zstd_file_system.cpp.o -MF extension/parquet/CMakeFiles/parquet_extension.dir/zstd_file_system.cpp.o.d -o extension/parquet/CMakeFiles/parquet_extension.dir/zstd_file_system.cpp.o -c /home/pei/Project/duckdb-polr/extension/parquet/zstd_file_system.cpp
[147/376] /usr/bin/ccache /usr/lib/ccache/c++ -DDUCKDB_BUILD_LIBRARY -DENABLE_CROSS_PRODUCT_REWRITE=0 -DENABLE_DEBUG_PRINT=0 -DENABLE_MEASURE_EXE_TIME=0 -DENABLE_MERGE_BACK_PLAN=0 -DENABLE_PARALLEL_EXECUTION=0 -DENABLE_QUERY_SPLIT=1 -DENABLE_SPECIFY_EST_STAT=0 -I/home/pei/Project/duckdb-polr/src/include -I/home/pei/Project/duckdb-polr/third_party/fsst -I/home/pei/Project/duckdb-polr/third_party/fmt/include -I/home/pei/Project/duckdb-polr/third_party/hyperloglog -I/home/pei/Project/duckdb-polr/third_party/fastpforlib -I/home/pei/Project/duckdb-polr/third_party/fast_float -I/home/pei/Project/duckdb-polr/third_party/re2 -I/home/pei/Project/duckdb-polr/third_party/miniz -I/home/pei/Project/duckdb-polr/third_party/utf8proc/include -I/home/pei/Project/duckdb-polr/third_party/miniparquet -I/home/pei/Project/duckdb-polr/third_party/concurrentqueue -I/home/pei/Project/duckdb-polr/third_party/pcg -I/home/pei/Project/duckdb-polr/third_party/tdigest -I/home/pei/Project/duckdb-polr/third_party/mbedtls/include -I/home/pei/Project/duckdb-polr/third_party/jaro_winkler -I/home/pei/Project/duckdb-polr/extension/parquet/include -I/home/pei/Project/duckdb-polr/extension/parquet/../../third_party/parquet -I/home/pei/Project/duckdb-polr/extension/parquet/../../third_party/snappy -I/home/pei/Project/duckdb-polr/extension/parquet/../../third_party/miniz -I/home/pei/Project/duckdb-polr/extension/parquet/../../third_party/thrift -I/home/pei/Project/duckdb-polr/extension/parquet/../../third_party/zstd/include -O3 -DNDEBUG -O3 -DNDEBUG   -fPIC -fdiagnostics-color=always -std=c++11 -MD -MT extension/parquet/CMakeFiles/parquet_extension.dir/__/__/third_party/zstd/decompress/zstd_decompress.cpp.o -MF extension/parquet/CMakeFiles/parquet_extension.dir/__/__/third_party/zstd/decompress/zstd_decompress.cpp.o.d -o extension/parquet/CMakeFiles/parquet_extension.dir/__/__/third_party/zstd/decompress/zstd_decompress.cpp.o -c /home/pei/Project/duckdb-polr/third_party/zstd/decompress/zstd_decompress.cpp
[148/376] /usr/bin/ccache /usr/lib/ccache/c++ -DDUCKDB_BUILD_LIBRARY -DENABLE_CROSS_PRODUCT_REWRITE=0 -DENABLE_DEBUG_PRINT=0 -DENABLE_MEASURE_EXE_TIME=0 -DENABLE_MERGE_BACK_PLAN=0 -DENABLE_PARALLEL_EXECUTION=0 -DENABLE_QUERY_SPLIT=1 -DENABLE_SPECIFY_EST_STAT=0 -I/home/pei/Project/duckdb-polr/src/include -I/home/pei/Project/duckdb-polr/third_party/fsst -I/home/pei/Project/duckdb-polr/third_party/fmt/include -I/home/pei/Project/duckdb-polr/third_party/hyperloglog -I/home/pei/Project/duckdb-polr/third_party/fastpforlib -I/home/pei/Project/duckdb-polr/third_party/fast_float -I/home/pei/Project/duckdb-polr/third_party/re2 -I/home/pei/Project/duckdb-polr/third_party/miniz -I/home/pei/Project/duckdb-polr/third_party/utf8proc/include -I/home/pei/Project/duckdb-polr/third_party/miniparquet -I/home/pei/Project/duckdb-polr/third_party/concurrentqueue -I/home/pei/Project/duckdb-polr/third_party/pcg -I/home/pei/Project/duckdb-polr/third_party/tdigest -I/home/pei/Project/duckdb-polr/third_party/mbedtls/include -I/home/pei/Project/duckdb-polr/third_party/jaro_winkler -I/home/pei/Project/duckdb-polr/extension/parquet/include -I/home/pei/Project/duckdb-polr/extension/parquet/../../third_party/parquet -I/home/pei/Project/duckdb-polr/extension/parquet/../../third_party/snappy -I/home/pei/Project/duckdb-polr/extension/parquet/../../third_party/miniz -I/home/pei/Project/duckdb-polr/extension/parquet/../../third_party/thrift -I/home/pei/Project/duckdb-polr/extension/parquet/../../third_party/zstd/include -O3 -DNDEBUG -O3 -DNDEBUG   -fPIC -fdiagnostics-color=always -std=c++11 -MD -MT extension/parquet/CMakeFiles/parquet_extension.dir/__/__/third_party/zstd/decompress/zstd_decompress_block.cpp.o -MF extension/parquet/CMakeFiles/parquet_extension.dir/__/__/third_party/zstd/decompress/zstd_decompress_block.cpp.o.d -o extension/parquet/CMakeFiles/parquet_extension.dir/__/__/third_party/zstd/decompress/zstd_decompress_block.cpp.o -c /home/pei/Project/duckdb-polr/third_party/zstd/decompress/zstd_decompress_block.cpp
[149/376] /usr/bin/ccache /usr/lib/ccache/c++ -DDUCKDB_BUILD_LIBRARY -DENABLE_CROSS_PRODUCT_REWRITE=0 -DENABLE_DEBUG_PRINT=0 -DENABLE_MEASURE_EXE_TIME=0 -DENABLE_MERGE_BACK_PLAN=0 -DENABLE_PARALLEL_EXECUTION=0 -DENABLE_QUERY_SPLIT=1 -DENABLE_SPECIFY_EST_STAT=0 -I/home/pei/Project/duckdb-polr/src/include -I/home/pei/Project/duckdb-polr/third_party/fsst -I/home/pei/Project/duckdb-polr/third_party/fmt/include -I/home/pei/Project/duckdb-polr/third_party/hyperloglog -I/home/pei/Project/duckdb-polr/third_party/fastpforlib -I/home/pei/Project/duckdb-polr/third_party/fast_float -I/home/pei/Project/duckdb-polr/third_party/re2 -I/home/pei/Project/duckdb-polr/third_party/miniz -I/home/pei/Project/duckdb-polr/third_party/utf8proc/include -I/home/pei/Project/duckdb-polr/third_party/miniparquet -I/home/pei/Project/duckdb-polr/third_party/concurrentqueue -I/home/pei/Project/duckdb-polr/third_party/pcg -I/home/pei/Project/duckdb-polr/third_party/tdigest -I/home/pei/Project/duckdb-polr/third_party/mbedtls/include -I/home/pei/Project/duckdb-polr/third_party/jaro_winkler -I/home/pei/Project/duckdb-polr/extension/parquet/include -I/home/pei/Project/duckdb-polr/extension/parquet/../../third_party/parquet -I/home/pei/Project/duckdb-polr/extension/parquet/../../third_party/snappy -I/home/pei/Project/duckdb-polr/extension/parquet/../../third_party/miniz -I/home/pei/Project/duckdb-polr/extension/parquet/../../third_party/thrift -I/home/pei/Project/duckdb-polr/extension/parquet/../../third_party/zstd/include -O3 -DNDEBUG -O3 -DNDEBUG   -fPIC -fdiagnostics-color=always -std=c++11 -MD -MT extension/parquet/CMakeFiles/parquet_extension.dir/__/__/third_party/zstd/common/entropy_common.cpp.o -MF extension/parquet/CMakeFiles/parquet_extension.dir/__/__/third_party/zstd/common/entropy_common.cpp.o.d -o extension/parquet/CMakeFiles/parquet_extension.dir/__/__/third_party/zstd/common/entropy_common.cpp.o -c /home/pei/Project/duckdb-polr/third_party/zstd/common/entropy_common.cpp
[150/376] /usr/bin/ccache /usr/lib/ccache/c++ -DDUCKDB_BUILD_LIBRARY -DENABLE_CROSS_PRODUCT_REWRITE=0 -DENABLE_DEBUG_PRINT=0 -DENABLE_MEASURE_EXE_TIME=0 -DENABLE_MERGE_BACK_PLAN=0 -DENABLE_PARALLEL_EXECUTION=0 -DENABLE_QUERY_SPLIT=1 -DENABLE_SPECIFY_EST_STAT=0 -I/home/pei/Project/duckdb-polr/src/include -I/home/pei/Project/duckdb-polr/third_party/fsst -I/home/pei/Project/duckdb-polr/third_party/fmt/include -I/home/pei/Project/duckdb-polr/third_party/hyperloglog -I/home/pei/Project/duckdb-polr/third_party/fastpforlib -I/home/pei/Project/duckdb-polr/third_party/fast_float -I/home/pei/Project/duckdb-polr/third_party/re2 -I/home/pei/Project/duckdb-polr/third_party/miniz -I/home/pei/Project/duckdb-polr/third_party/utf8proc/include -I/home/pei/Project/duckdb-polr/third_party/miniparquet -I/home/pei/Project/duckdb-polr/third_party/concurrentqueue -I/home/pei/Project/duckdb-polr/third_party/pcg -I/home/pei/Project/duckdb-polr/third_party/tdigest -I/home/pei/Project/duckdb-polr/third_party/mbedtls/include -I/home/pei/Project/duckdb-polr/third_party/jaro_winkler -I/home/pei/Project/duckdb-polr/extension/parquet/include -I/home/pei/Project/duckdb-polr/extension/parquet/../../third_party/parquet -I/home/pei/Project/duckdb-polr/extension/parquet/../../third_party/snappy -I/home/pei/Project/duckdb-polr/extension/parquet/../../third_party/miniz -I/home/pei/Project/duckdb-polr/extension/parquet/../../third_party/thrift -I/home/pei/Project/duckdb-polr/extension/parquet/../../third_party/zstd/include -O3 -DNDEBUG -O3 -DNDEBUG   -fPIC -fdiagnostics-color=always -std=c++11 -MD -MT extension/parquet/CMakeFiles/parquet_extension.dir/__/__/third_party/zstd/common/fse_decompress.cpp.o -MF extension/parquet/CMakeFiles/parquet_extension.dir/__/__/third_party/zstd/common/fse_decompress.cpp.o.d -o extension/parquet/CMakeFiles/parquet_extension.dir/__/__/third_party/zstd/common/fse_decompress.cpp.o -c /home/pei/Project/duckdb-polr/third_party/zstd/common/fse_decompress.cpp
[151/376] /usr/bin/ccache /usr/lib/ccache/c++ -DDUCKDB_BUILD_LIBRARY -DENABLE_CROSS_PRODUCT_REWRITE=0 -DENABLE_DEBUG_PRINT=0 -DENABLE_MEASURE_EXE_TIME=0 -DENABLE_MERGE_BACK_PLAN=0 -DENABLE_PARALLEL_EXECUTION=0 -DENABLE_QUERY_SPLIT=1 -DENABLE_SPECIFY_EST_STAT=0 -I/home/pei/Project/duckdb-polr/src/include -I/home/pei/Project/duckdb-polr/third_party/fsst -I/home/pei/Project/duckdb-polr/third_party/fmt/include -I/home/pei/Project/duckdb-polr/third_party/hyperloglog -I/home/pei/Project/duckdb-polr/third_party/fastpforlib -I/home/pei/Project/duckdb-polr/third_party/fast_float -I/home/pei/Project/duckdb-polr/third_party/re2 -I/home/pei/Project/duckdb-polr/third_party/miniz -I/home/pei/Project/duckdb-polr/third_party/utf8proc/include -I/home/pei/Project/duckdb-polr/third_party/miniparquet -I/home/pei/Project/duckdb-polr/third_party/concurrentqueue -I/home/pei/Project/duckdb-polr/third_party/pcg -I/home/pei/Project/duckdb-polr/third_party/tdigest -I/home/pei/Project/duckdb-polr/third_party/mbedtls/include -I/home/pei/Project/duckdb-polr/third_party/jaro_winkler -I/home/pei/Project/duckdb-polr/extension/parquet/include -I/home/pei/Project/duckdb-polr/extension/parquet/../../third_party/parquet -I/home/pei/Project/duckdb-polr/extension/parquet/../../third_party/snappy -I/home/pei/Project/duckdb-polr/extension/parquet/../../third_party/miniz -I/home/pei/Project/duckdb-polr/extension/parquet/../../third_party/thrift -I/home/pei/Project/duckdb-polr/extension/parquet/../../third_party/zstd/include -O3 -DNDEBUG -O3 -DNDEBUG   -fPIC -fdiagnostics-color=always -std=c++11 -MD -MT extension/parquet/CMakeFiles/parquet_extension.dir/__/__/third_party/zstd/common/zstd_common.cpp.o -MF extension/parquet/CMakeFiles/parquet_extension.dir/__/__/third_party/zstd/common/zstd_common.cpp.o.d -o extension/parquet/CMakeFiles/parquet_extension.dir/__/__/third_party/zstd/common/zstd_common.cpp.o -c /home/pei/Project/duckdb-polr/third_party/zstd/common/zstd_common.cpp
[152/376] /usr/bin/ccache /usr/lib/ccache/c++ -DDUCKDB_BUILD_LIBRARY -DENABLE_CROSS_PRODUCT_REWRITE=0 -DENABLE_DEBUG_PRINT=0 -DENABLE_MEASURE_EXE_TIME=0 -DENABLE_MERGE_BACK_PLAN=0 -DENABLE_PARALLEL_EXECUTION=0 -DENABLE_QUERY_SPLIT=1 -DENABLE_SPECIFY_EST_STAT=0 -I/home/pei/Project/duckdb-polr/src/include -I/home/pei/Project/duckdb-polr/third_party/fsst -I/home/pei/Project/duckdb-polr/third_party/fmt/include -I/home/pei/Project/duckdb-polr/third_party/hyperloglog -I/home/pei/Project/duckdb-polr/third_party/fastpforlib -I/home/pei/Project/duckdb-polr/third_party/fast_float -I/home/pei/Project/duckdb-polr/third_party/re2 -I/home/pei/Project/duckdb-polr/third_party/miniz -I/home/pei/Project/duckdb-polr/third_party/utf8proc/include -I/home/pei/Project/duckdb-polr/third_party/miniparquet -I/home/pei/Project/duckdb-polr/third_party/concurrentqueue -I/home/pei/Project/duckdb-polr/third_party/pcg -I/home/pei/Project/duckdb-polr/third_party/tdigest -I/home/pei/Project/duckdb-polr/third_party/mbedtls/include -I/home/pei/Project/duckdb-polr/third_party/jaro_winkler -I/home/pei/Project/duckdb-polr/extension/parquet/include -I/home/pei/Project/duckdb-polr/extension/parquet/../../third_party/parquet -I/home/pei/Project/duckdb-polr/extension/parquet/../../third_party/snappy -I/home/pei/Project/duckdb-polr/extension/parquet/../../third_party/miniz -I/home/pei/Project/duckdb-polr/extension/parquet/../../third_party/thrift -I/home/pei/Project/duckdb-polr/extension/parquet/../../third_party/zstd/include -O3 -DNDEBUG -O3 -DNDEBUG   -fPIC -fdiagnostics-color=always -std=c++11 -MD -MT extension/parquet/CMakeFiles/parquet_extension.dir/__/__/third_party/zstd/common/error_private.cpp.o -MF extension/parquet/CMakeFiles/parquet_extension.dir/__/__/third_party/zstd/common/error_private.cpp.o.d -o extension/parquet/CMakeFiles/parquet_extension.dir/__/__/third_party/zstd/common/error_private.cpp.o -c /home/pei/Project/duckdb-polr/third_party/zstd/common/error_private.cpp
[153/376] /usr/bin/ccache /usr/lib/ccache/c++ -DDUCKDB_BUILD_LIBRARY -DENABLE_CROSS_PRODUCT_REWRITE=0 -DENABLE_DEBUG_PRINT=0 -DENABLE_MEASURE_EXE_TIME=0 -DENABLE_MERGE_BACK_PLAN=0 -DENABLE_PARALLEL_EXECUTION=0 -DENABLE_QUERY_SPLIT=1 -DENABLE_SPECIFY_EST_STAT=0 -I/home/pei/Project/duckdb-polr/src/include -I/home/pei/Project/duckdb-polr/third_party/fsst -I/home/pei/Project/duckdb-polr/third_party/fmt/include -I/home/pei/Project/duckdb-polr/third_party/hyperloglog -I/home/pei/Project/duckdb-polr/third_party/fastpforlib -I/home/pei/Project/duckdb-polr/third_party/fast_float -I/home/pei/Project/duckdb-polr/third_party/re2 -I/home/pei/Project/duckdb-polr/third_party/miniz -I/home/pei/Project/duckdb-polr/third_party/utf8proc/include -I/home/pei/Project/duckdb-polr/third_party/miniparquet -I/home/pei/Project/duckdb-polr/third_party/concurrentqueue -I/home/pei/Project/duckdb-polr/third_party/pcg -I/home/pei/Project/duckdb-polr/third_party/tdigest -I/home/pei/Project/duckdb-polr/third_party/mbedtls/include -I/home/pei/Project/duckdb-polr/third_party/jaro_winkler -I/home/pei/Project/duckdb-polr/extension/parquet/include -I/home/pei/Project/duckdb-polr/extension/parquet/../../third_party/parquet -I/home/pei/Project/duckdb-polr/extension/parquet/../../third_party/snappy -I/home/pei/Project/duckdb-polr/extension/parquet/../../third_party/miniz -I/home/pei/Project/duckdb-polr/extension/parquet/../../third_party/thrift -I/home/pei/Project/duckdb-polr/extension/parquet/../../third_party/zstd/include -O3 -DNDEBUG -O3 -DNDEBUG   -fPIC -fdiagnostics-color=always -std=c++11 -MD -MT extension/parquet/CMakeFiles/parquet_extension.dir/__/__/third_party/zstd/common/xxhash.cpp.o -MF extension/parquet/CMakeFiles/parquet_extension.dir/__/__/third_party/zstd/common/xxhash.cpp.o.d -o extension/parquet/CMakeFiles/parquet_extension.dir/__/__/third_party/zstd/common/xxhash.cpp.o -c /home/pei/Project/duckdb-polr/third_party/zstd/common/xxhash.cpp
[154/376] /usr/bin/ccache /usr/lib/ccache/c++ -DDUCKDB_BUILD_LIBRARY -DENABLE_CROSS_PRODUCT_REWRITE=0 -DENABLE_DEBUG_PRINT=0 -DENABLE_MEASURE_EXE_TIME=0 -DENABLE_MERGE_BACK_PLAN=0 -DENABLE_PARALLEL_EXECUTION=0 -DENABLE_QUERY_SPLIT=1 -DENABLE_SPECIFY_EST_STAT=0 -I/home/pei/Project/duckdb-polr/src/include -I/home/pei/Project/duckdb-polr/third_party/fsst -I/home/pei/Project/duckdb-polr/third_party/fmt/include -I/home/pei/Project/duckdb-polr/third_party/hyperloglog -I/home/pei/Project/duckdb-polr/third_party/fastpforlib -I/home/pei/Project/duckdb-polr/third_party/fast_float -I/home/pei/Project/duckdb-polr/third_party/re2 -I/home/pei/Project/duckdb-polr/third_party/miniz -I/home/pei/Project/duckdb-polr/third_party/utf8proc/include -I/home/pei/Project/duckdb-polr/third_party/miniparquet -I/home/pei/Project/duckdb-polr/third_party/concurrentqueue -I/home/pei/Project/duckdb-polr/third_party/pcg -I/home/pei/Project/duckdb-polr/third_party/tdigest -I/home/pei/Project/duckdb-polr/third_party/mbedtls/include -I/home/pei/Project/duckdb-polr/third_party/jaro_winkler -I/home/pei/Project/duckdb-polr/extension/parquet/include -I/home/pei/Project/duckdb-polr/extension/parquet/../../third_party/parquet -I/home/pei/Project/duckdb-polr/extension/parquet/../../third_party/snappy -I/home/pei/Project/duckdb-polr/extension/parquet/../../third_party/miniz -I/home/pei/Project/duckdb-polr/extension/parquet/../../third_party/thrift -I/home/pei/Project/duckdb-polr/extension/parquet/../../third_party/zstd/include -O3 -DNDEBUG -O3 -DNDEBUG   -fPIC -fdiagnostics-color=always -std=c++11 -MD -MT extension/parquet/CMakeFiles/parquet_extension.dir/__/__/third_party/zstd/compress/fse_compress.cpp.o -MF extension/parquet/CMakeFiles/parquet_extension.dir/__/__/third_party/zstd/compress/fse_compress.cpp.o.d -o extension/parquet/CMakeFiles/parquet_extension.dir/__/__/third_party/zstd/compress/fse_compress.cpp.o -c /home/pei/Project/duckdb-polr/third_party/zstd/compress/fse_compress.cpp
[155/376] /usr/bin/ccache /usr/lib/ccache/c++ -DDUCKDB_BUILD_LIBRARY -DENABLE_CROSS_PRODUCT_REWRITE=0 -DENABLE_DEBUG_PRINT=0 -DENABLE_MEASURE_EXE_TIME=0 -DENABLE_MERGE_BACK_PLAN=0 -DENABLE_PARALLEL_EXECUTION=0 -DENABLE_QUERY_SPLIT=1 -DENABLE_SPECIFY_EST_STAT=0 -I/home/pei/Project/duckdb-polr/src/include -I/home/pei/Project/duckdb-polr/third_party/fsst -I/home/pei/Project/duckdb-polr/third_party/fmt/include -I/home/pei/Project/duckdb-polr/third_party/hyperloglog -I/home/pei/Project/duckdb-polr/third_party/fastpforlib -I/home/pei/Project/duckdb-polr/third_party/fast_float -I/home/pei/Project/duckdb-polr/third_party/re2 -I/home/pei/Project/duckdb-polr/third_party/miniz -I/home/pei/Project/duckdb-polr/third_party/utf8proc/include -I/home/pei/Project/duckdb-polr/third_party/miniparquet -I/home/pei/Project/duckdb-polr/third_party/concurrentqueue -I/home/pei/Project/duckdb-polr/third_party/pcg -I/home/pei/Project/duckdb-polr/third_party/tdigest -I/home/pei/Project/duckdb-polr/third_party/mbedtls/include -I/home/pei/Project/duckdb-polr/third_party/jaro_winkler -I/home/pei/Project/duckdb-polr/extension/parquet/include -I/home/pei/Project/duckdb-polr/extension/parquet/../../third_party/parquet -I/home/pei/Project/duckdb-polr/extension/parquet/../../third_party/snappy -I/home/pei/Project/duckdb-polr/extension/parquet/../../third_party/miniz -I/home/pei/Project/duckdb-polr/extension/parquet/../../third_party/thrift -I/home/pei/Project/duckdb-polr/extension/parquet/../../third_party/zstd/include -O3 -DNDEBUG -O3 -DNDEBUG   -fPIC -fdiagnostics-color=always -std=c++11 -MD -MT extension/parquet/CMakeFiles/parquet_extension.dir/__/__/third_party/zstd/compress/hist.cpp.o -MF extension/parquet/CMakeFiles/parquet_extension.dir/__/__/third_party/zstd/compress/hist.cpp.o.d -o extension/parquet/CMakeFiles/parquet_extension.dir/__/__/third_party/zstd/compress/hist.cpp.o -c /home/pei/Project/duckdb-polr/third_party/zstd/compress/hist.cpp
[156/376] /usr/bin/ccache /usr/lib/ccache/c++ -DDUCKDB_BUILD_LIBRARY -DENABLE_CROSS_PRODUCT_REWRITE=0 -DENABLE_DEBUG_PRINT=0 -DENABLE_MEASURE_EXE_TIME=0 -DENABLE_MERGE_BACK_PLAN=0 -DENABLE_PARALLEL_EXECUTION=0 -DENABLE_QUERY_SPLIT=1 -DENABLE_SPECIFY_EST_STAT=0 -I/home/pei/Project/duckdb-polr/src/include -I/home/pei/Project/duckdb-polr/third_party/fsst -I/home/pei/Project/duckdb-polr/third_party/fmt/include -I/home/pei/Project/duckdb-polr/third_party/hyperloglog -I/home/pei/Project/duckdb-polr/third_party/fastpforlib -I/home/pei/Project/duckdb-polr/third_party/fast_float -I/home/pei/Project/duckdb-polr/third_party/re2 -I/home/pei/Project/duckdb-polr/third_party/miniz -I/home/pei/Project/duckdb-polr/third_party/utf8proc/include -I/home/pei/Project/duckdb-polr/third_party/miniparquet -I/home/pei/Project/duckdb-polr/third_party/concurrentqueue -I/home/pei/Project/duckdb-polr/third_party/pcg -I/home/pei/Project/duckdb-polr/third_party/tdigest -I/home/pei/Project/duckdb-polr/third_party/mbedtls/include -I/home/pei/Project/duckdb-polr/third_party/jaro_winkler -I/home/pei/Project/duckdb-polr/extension/parquet/include -I/home/pei/Project/duckdb-polr/extension/parquet/../../third_party/parquet -I/home/pei/Project/duckdb-polr/extension/parquet/../../third_party/snappy -I/home/pei/Project/duckdb-polr/extension/parquet/../../third_party/miniz -I/home/pei/Project/duckdb-polr/extension/parquet/../../third_party/thrift -I/home/pei/Project/duckdb-polr/extension/parquet/../../third_party/zstd/include -O3 -DNDEBUG -O3 -DNDEBUG   -fPIC -fdiagnostics-color=always -std=c++11 -MD -MT extension/parquet/CMakeFiles/parquet_extension.dir/__/__/third_party/zstd/compress/huf_compress.cpp.o -MF extension/parquet/CMakeFiles/parquet_extension.dir/__/__/third_party/zstd/compress/huf_compress.cpp.o.d -o extension/parquet/CMakeFiles/parquet_extension.dir/__/__/third_party/zstd/compress/huf_compress.cpp.o -c /home/pei/Project/duckdb-polr/third_party/zstd/compress/huf_compress.cpp
[157/376] /usr/bin/ccache /usr/lib/ccache/c++ -DDUCKDB_BUILD_LIBRARY -DENABLE_CROSS_PRODUCT_REWRITE=0 -DENABLE_DEBUG_PRINT=0 -DENABLE_MEASURE_EXE_TIME=0 -DENABLE_MERGE_BACK_PLAN=0 -DENABLE_PARALLEL_EXECUTION=0 -DENABLE_QUERY_SPLIT=1 -DENABLE_SPECIFY_EST_STAT=0 -I/home/pei/Project/duckdb-polr/src/include -I/home/pei/Project/duckdb-polr/third_party/fsst -I/home/pei/Project/duckdb-polr/third_party/fmt/include -I/home/pei/Project/duckdb-polr/third_party/hyperloglog -I/home/pei/Project/duckdb-polr/third_party/fastpforlib -I/home/pei/Project/duckdb-polr/third_party/fast_float -I/home/pei/Project/duckdb-polr/third_party/re2 -I/home/pei/Project/duckdb-polr/third_party/miniz -I/home/pei/Project/duckdb-polr/third_party/utf8proc/include -I/home/pei/Project/duckdb-polr/third_party/miniparquet -I/home/pei/Project/duckdb-polr/third_party/concurrentqueue -I/home/pei/Project/duckdb-polr/third_party/pcg -I/home/pei/Project/duckdb-polr/third_party/tdigest -I/home/pei/Project/duckdb-polr/third_party/mbedtls/include -I/home/pei/Project/duckdb-polr/third_party/jaro_winkler -I/home/pei/Project/duckdb-polr/extension/parquet/include -I/home/pei/Project/duckdb-polr/extension/parquet/../../third_party/parquet -I/home/pei/Project/duckdb-polr/extension/parquet/../../third_party/snappy -I/home/pei/Project/duckdb-polr/extension/parquet/../../third_party/miniz -I/home/pei/Project/duckdb-polr/extension/parquet/../../third_party/thrift -I/home/pei/Project/duckdb-polr/extension/parquet/../../third_party/zstd/include -O3 -DNDEBUG -O3 -DNDEBUG   -fPIC -fdiagnostics-color=always -std=c++11 -MD -MT extension/parquet/CMakeFiles/parquet_extension.dir/__/__/third_party/zstd/compress/zstd_compress.cpp.o -MF extension/parquet/CMakeFiles/parquet_extension.dir/__/__/third_party/zstd/compress/zstd_compress.cpp.o.d -o extension/parquet/CMakeFiles/parquet_extension.dir/__/__/third_party/zstd/compress/zstd_compress.cpp.o -c /home/pei/Project/duckdb-polr/third_party/zstd/compress/zstd_compress.cpp
[158/376] /usr/bin/ccache /usr/lib/ccache/c++ -DDUCKDB_BUILD_LIBRARY -DENABLE_CROSS_PRODUCT_REWRITE=0 -DENABLE_DEBUG_PRINT=0 -DENABLE_MEASURE_EXE_TIME=0 -DENABLE_MERGE_BACK_PLAN=0 -DENABLE_PARALLEL_EXECUTION=0 -DENABLE_QUERY_SPLIT=1 -DENABLE_SPECIFY_EST_STAT=0 -I/home/pei/Project/duckdb-polr/src/include -I/home/pei/Project/duckdb-polr/third_party/fsst -I/home/pei/Project/duckdb-polr/third_party/fmt/include -I/home/pei/Project/duckdb-polr/third_party/hyperloglog -I/home/pei/Project/duckdb-polr/third_party/fastpforlib -I/home/pei/Project/duckdb-polr/third_party/fast_float -I/home/pei/Project/duckdb-polr/third_party/re2 -I/home/pei/Project/duckdb-polr/third_party/miniz -I/home/pei/Project/duckdb-polr/third_party/utf8proc/include -I/home/pei/Project/duckdb-polr/third_party/miniparquet -I/home/pei/Project/duckdb-polr/third_party/concurrentqueue -I/home/pei/Project/duckdb-polr/third_party/pcg -I/home/pei/Project/duckdb-polr/third_party/tdigest -I/home/pei/Project/duckdb-polr/third_party/mbedtls/include -I/home/pei/Project/duckdb-polr/third_party/jaro_winkler -I/home/pei/Project/duckdb-polr/extension/parquet/include -I/home/pei/Project/duckdb-polr/extension/parquet/../../third_party/parquet -I/home/pei/Project/duckdb-polr/extension/parquet/../../third_party/snappy -I/home/pei/Project/duckdb-polr/extension/parquet/../../third_party/miniz -I/home/pei/Project/duckdb-polr/extension/parquet/../../third_party/thrift -I/home/pei/Project/duckdb-polr/extension/parquet/../../third_party/zstd/include -O3 -DNDEBUG -O3 -DNDEBUG   -fPIC -fdiagnostics-color=always -std=c++11 -MD -MT extension/parquet/CMakeFiles/parquet_extension.dir/__/__/third_party/zstd/compress/zstd_compress_literals.cpp.o -MF extension/parquet/CMakeFiles/parquet_extension.dir/__/__/third_party/zstd/compress/zstd_compress_literals.cpp.o.d -o extension/parquet/CMakeFiles/parquet_extension.dir/__/__/third_party/zstd/compress/zstd_compress_literals.cpp.o -c /home/pei/Project/duckdb-polr/third_party/zstd/compress/zstd_compress_literals.cpp
[159/376] /usr/bin/ccache /usr/lib/ccache/c++ -DDUCKDB_BUILD_LIBRARY -DENABLE_CROSS_PRODUCT_REWRITE=0 -DENABLE_DEBUG_PRINT=0 -DENABLE_MEASURE_EXE_TIME=0 -DENABLE_MERGE_BACK_PLAN=0 -DENABLE_PARALLEL_EXECUTION=0 -DENABLE_QUERY_SPLIT=1 -DENABLE_SPECIFY_EST_STAT=0 -I/home/pei/Project/duckdb-polr/src/include -I/home/pei/Project/duckdb-polr/third_party/fsst -I/home/pei/Project/duckdb-polr/third_party/fmt/include -I/home/pei/Project/duckdb-polr/third_party/hyperloglog -I/home/pei/Project/duckdb-polr/third_party/fastpforlib -I/home/pei/Project/duckdb-polr/third_party/fast_float -I/home/pei/Project/duckdb-polr/third_party/re2 -I/home/pei/Project/duckdb-polr/third_party/miniz -I/home/pei/Project/duckdb-polr/third_party/utf8proc/include -I/home/pei/Project/duckdb-polr/third_party/miniparquet -I/home/pei/Project/duckdb-polr/third_party/concurrentqueue -I/home/pei/Project/duckdb-polr/third_party/pcg -I/home/pei/Project/duckdb-polr/third_party/tdigest -I/home/pei/Project/duckdb-polr/third_party/mbedtls/include -I/home/pei/Project/duckdb-polr/third_party/jaro_winkler -I/home/pei/Project/duckdb-polr/extension/parquet/include -I/home/pei/Project/duckdb-polr/extension/parquet/../../third_party/parquet -I/home/pei/Project/duckdb-polr/extension/parquet/../../third_party/snappy -I/home/pei/Project/duckdb-polr/extension/parquet/../../third_party/miniz -I/home/pei/Project/duckdb-polr/extension/parquet/../../third_party/thrift -I/home/pei/Project/duckdb-polr/extension/parquet/../../third_party/zstd/include -O3 -DNDEBUG -O3 -DNDEBUG   -fPIC -fdiagnostics-color=always -std=c++11 -MD -MT extension/parquet/CMakeFiles/parquet_extension.dir/__/__/third_party/zstd/compress/zstd_compress_sequences.cpp.o -MF extension/parquet/CMakeFiles/parquet_extension.dir/__/__/third_party/zstd/compress/zstd_compress_sequences.cpp.o.d -o extension/parquet/CMakeFiles/parquet_extension.dir/__/__/third_party/zstd/compress/zstd_compress_sequences.cpp.o -c /home/pei/Project/duckdb-polr/third_party/zstd/compress/zstd_compress_sequences.cpp
[160/376] /usr/bin/ccache /usr/lib/ccache/c++ -DDUCKDB_BUILD_LIBRARY -DENABLE_CROSS_PRODUCT_REWRITE=0 -DENABLE_DEBUG_PRINT=0 -DENABLE_MEASURE_EXE_TIME=0 -DENABLE_MERGE_BACK_PLAN=0 -DENABLE_PARALLEL_EXECUTION=0 -DENABLE_QUERY_SPLIT=1 -DENABLE_SPECIFY_EST_STAT=0 -I/home/pei/Project/duckdb-polr/src/include -I/home/pei/Project/duckdb-polr/third_party/fsst -I/home/pei/Project/duckdb-polr/third_party/fmt/include -I/home/pei/Project/duckdb-polr/third_party/hyperloglog -I/home/pei/Project/duckdb-polr/third_party/fastpforlib -I/home/pei/Project/duckdb-polr/third_party/fast_float -I/home/pei/Project/duckdb-polr/third_party/re2 -I/home/pei/Project/duckdb-polr/third_party/miniz -I/home/pei/Project/duckdb-polr/third_party/utf8proc/include -I/home/pei/Project/duckdb-polr/third_party/miniparquet -I/home/pei/Project/duckdb-polr/third_party/concurrentqueue -I/home/pei/Project/duckdb-polr/third_party/pcg -I/home/pei/Project/duckdb-polr/third_party/tdigest -I/home/pei/Project/duckdb-polr/third_party/mbedtls/include -I/home/pei/Project/duckdb-polr/third_party/jaro_winkler -I/home/pei/Project/duckdb-polr/extension/parquet/include -I/home/pei/Project/duckdb-polr/extension/parquet/../../third_party/parquet -I/home/pei/Project/duckdb-polr/extension/parquet/../../third_party/snappy -I/home/pei/Project/duckdb-polr/extension/parquet/../../third_party/miniz -I/home/pei/Project/duckdb-polr/extension/parquet/../../third_party/thrift -I/home/pei/Project/duckdb-polr/extension/parquet/../../third_party/zstd/include -O3 -DNDEBUG -O3 -DNDEBUG   -fPIC -fdiagnostics-color=always -std=c++11 -MD -MT extension/parquet/CMakeFiles/parquet_extension.dir/__/__/third_party/zstd/compress/zstd_compress_superblock.cpp.o -MF extension/parquet/CMakeFiles/parquet_extension.dir/__/__/third_party/zstd/compress/zstd_compress_superblock.cpp.o.d -o extension/parquet/CMakeFiles/parquet_extension.dir/__/__/third_party/zstd/compress/zstd_compress_superblock.cpp.o -c /home/pei/Project/duckdb-polr/third_party/zstd/compress/zstd_compress_superblock.cpp
[161/376] /usr/bin/ccache /usr/lib/ccache/c++ -DDUCKDB_BUILD_LIBRARY -DENABLE_CROSS_PRODUCT_REWRITE=0 -DENABLE_DEBUG_PRINT=0 -DENABLE_MEASURE_EXE_TIME=0 -DENABLE_MERGE_BACK_PLAN=0 -DENABLE_PARALLEL_EXECUTION=0 -DENABLE_QUERY_SPLIT=1 -DENABLE_SPECIFY_EST_STAT=0 -I/home/pei/Project/duckdb-polr/src/include -I/home/pei/Project/duckdb-polr/third_party/fsst -I/home/pei/Project/duckdb-polr/third_party/fmt/include -I/home/pei/Project/duckdb-polr/third_party/hyperloglog -I/home/pei/Project/duckdb-polr/third_party/fastpforlib -I/home/pei/Project/duckdb-polr/third_party/fast_float -I/home/pei/Project/duckdb-polr/third_party/re2 -I/home/pei/Project/duckdb-polr/third_party/miniz -I/home/pei/Project/duckdb-polr/third_party/utf8proc/include -I/home/pei/Project/duckdb-polr/third_party/miniparquet -I/home/pei/Project/duckdb-polr/third_party/concurrentqueue -I/home/pei/Project/duckdb-polr/third_party/pcg -I/home/pei/Project/duckdb-polr/third_party/tdigest -I/home/pei/Project/duckdb-polr/third_party/mbedtls/include -I/home/pei/Project/duckdb-polr/third_party/jaro_winkler -I/home/pei/Project/duckdb-polr/extension/parquet/include -I/home/pei/Project/duckdb-polr/extension/parquet/../../third_party/parquet -I/home/pei/Project/duckdb-polr/extension/parquet/../../third_party/snappy -I/home/pei/Project/duckdb-polr/extension/parquet/../../third_party/miniz -I/home/pei/Project/duckdb-polr/extension/parquet/../../third_party/thrift -I/home/pei/Project/duckdb-polr/extension/parquet/../../third_party/zstd/include -O3 -DNDEBUG -O3 -DNDEBUG   -fPIC -fdiagnostics-color=always -std=c++11 -MD -MT extension/parquet/CMakeFiles/parquet_extension.dir/__/__/third_party/zstd/compress/zstd_double_fast.cpp.o -MF extension/parquet/CMakeFiles/parquet_extension.dir/__/__/third_party/zstd/compress/zstd_double_fast.cpp.o.d -o extension/parquet/CMakeFiles/parquet_extension.dir/__/__/third_party/zstd/compress/zstd_double_fast.cpp.o -c /home/pei/Project/duckdb-polr/third_party/zstd/compress/zstd_double_fast.cpp
[162/376] /usr/bin/ccache /usr/lib/ccache/c++ -DDUCKDB_BUILD_LIBRARY -DENABLE_CROSS_PRODUCT_REWRITE=0 -DENABLE_DEBUG_PRINT=0 -DENABLE_MEASURE_EXE_TIME=0 -DENABLE_MERGE_BACK_PLAN=0 -DENABLE_PARALLEL_EXECUTION=0 -DENABLE_QUERY_SPLIT=1 -DENABLE_SPECIFY_EST_STAT=0 -I/home/pei/Project/duckdb-polr/src/include -I/home/pei/Project/duckdb-polr/third_party/fsst -I/home/pei/Project/duckdb-polr/third_party/fmt/include -I/home/pei/Project/duckdb-polr/third_party/hyperloglog -I/home/pei/Project/duckdb-polr/third_party/fastpforlib -I/home/pei/Project/duckdb-polr/third_party/fast_float -I/home/pei/Project/duckdb-polr/third_party/re2 -I/home/pei/Project/duckdb-polr/third_party/miniz -I/home/pei/Project/duckdb-polr/third_party/utf8proc/include -I/home/pei/Project/duckdb-polr/third_party/miniparquet -I/home/pei/Project/duckdb-polr/third_party/concurrentqueue -I/home/pei/Project/duckdb-polr/third_party/pcg -I/home/pei/Project/duckdb-polr/third_party/tdigest -I/home/pei/Project/duckdb-polr/third_party/mbedtls/include -I/home/pei/Project/duckdb-polr/third_party/jaro_winkler -I/home/pei/Project/duckdb-polr/extension/parquet/include -I/home/pei/Project/duckdb-polr/extension/parquet/../../third_party/parquet -I/home/pei/Project/duckdb-polr/extension/parquet/../../third_party/snappy -I/home/pei/Project/duckdb-polr/extension/parquet/../../third_party/miniz -I/home/pei/Project/duckdb-polr/extension/parquet/../../third_party/thrift -I/home/pei/Project/duckdb-polr/extension/parquet/../../third_party/zstd/include -O3 -DNDEBUG -O3 -DNDEBUG   -fPIC -fdiagnostics-color=always -std=c++11 -MD -MT extension/parquet/CMakeFiles/parquet_extension.dir/__/__/third_party/zstd/compress/zstd_fast.cpp.o -MF extension/parquet/CMakeFiles/parquet_extension.dir/__/__/third_party/zstd/compress/zstd_fast.cpp.o.d -o extension/parquet/CMakeFiles/parquet_extension.dir/__/__/third_party/zstd/compress/zstd_fast.cpp.o -c /home/pei/Project/duckdb-polr/third_party/zstd/compress/zstd_fast.cpp
[163/376] /usr/bin/ccache /usr/lib/ccache/c++ -DDUCKDB_BUILD_LIBRARY -DENABLE_CROSS_PRODUCT_REWRITE=0 -DENABLE_DEBUG_PRINT=0 -DENABLE_MEASURE_EXE_TIME=0 -DENABLE_MERGE_BACK_PLAN=0 -DENABLE_PARALLEL_EXECUTION=0 -DENABLE_QUERY_SPLIT=1 -DENABLE_SPECIFY_EST_STAT=0 -I/home/pei/Project/duckdb-polr/src/include -I/home/pei/Project/duckdb-polr/third_party/fsst -I/home/pei/Project/duckdb-polr/third_party/fmt/include -I/home/pei/Project/duckdb-polr/third_party/hyperloglog -I/home/pei/Project/duckdb-polr/third_party/fastpforlib -I/home/pei/Project/duckdb-polr/third_party/fast_float -I/home/pei/Project/duckdb-polr/third_party/re2 -I/home/pei/Project/duckdb-polr/third_party/miniz -I/home/pei/Project/duckdb-polr/third_party/utf8proc/include -I/home/pei/Project/duckdb-polr/third_party/miniparquet -I/home/pei/Project/duckdb-polr/third_party/concurrentqueue -I/home/pei/Project/duckdb-polr/third_party/pcg -I/home/pei/Project/duckdb-polr/third_party/tdigest -I/home/pei/Project/duckdb-polr/third_party/mbedtls/include -I/home/pei/Project/duckdb-polr/third_party/jaro_winkler -I/home/pei/Project/duckdb-polr/extension/parquet/include -I/home/pei/Project/duckdb-polr/extension/parquet/../../third_party/parquet -I/home/pei/Project/duckdb-polr/extension/parquet/../../third_party/snappy -I/home/pei/Project/duckdb-polr/extension/parquet/../../third_party/miniz -I/home/pei/Project/duckdb-polr/extension/parquet/../../third_party/thrift -I/home/pei/Project/duckdb-polr/extension/parquet/../../third_party/zstd/include -O3 -DNDEBUG -O3 -DNDEBUG   -fPIC -fdiagnostics-color=always -std=c++11 -MD -MT extension/parquet/CMakeFiles/parquet_extension.dir/__/__/third_party/zstd/compress/zstd_lazy.cpp.o -MF extension/parquet/CMakeFiles/parquet_extension.dir/__/__/third_party/zstd/compress/zstd_lazy.cpp.o.d -o extension/parquet/CMakeFiles/parquet_extension.dir/__/__/third_party/zstd/compress/zstd_lazy.cpp.o -c /home/pei/Project/duckdb-polr/third_party/zstd/compress/zstd_lazy.cpp
[164/376] /usr/bin/ccache /usr/lib/ccache/c++ -DDUCKDB_BUILD_LIBRARY -DENABLE_CROSS_PRODUCT_REWRITE=0 -DENABLE_DEBUG_PRINT=0 -DENABLE_MEASURE_EXE_TIME=0 -DENABLE_MERGE_BACK_PLAN=0 -DENABLE_PARALLEL_EXECUTION=0 -DENABLE_QUERY_SPLIT=1 -DENABLE_SPECIFY_EST_STAT=0 -I/home/pei/Project/duckdb-polr/src/include -I/home/pei/Project/duckdb-polr/third_party/fsst -I/home/pei/Project/duckdb-polr/third_party/fmt/include -I/home/pei/Project/duckdb-polr/third_party/hyperloglog -I/home/pei/Project/duckdb-polr/third_party/fastpforlib -I/home/pei/Project/duckdb-polr/third_party/fast_float -I/home/pei/Project/duckdb-polr/third_party/re2 -I/home/pei/Project/duckdb-polr/third_party/miniz -I/home/pei/Project/duckdb-polr/third_party/utf8proc/include -I/home/pei/Project/duckdb-polr/third_party/miniparquet -I/home/pei/Project/duckdb-polr/third_party/concurrentqueue -I/home/pei/Project/duckdb-polr/third_party/pcg -I/home/pei/Project/duckdb-polr/third_party/tdigest -I/home/pei/Project/duckdb-polr/third_party/mbedtls/include -I/home/pei/Project/duckdb-polr/third_party/jaro_winkler -I/home/pei/Project/duckdb-polr/extension/parquet/include -I/home/pei/Project/duckdb-polr/extension/parquet/../../third_party/parquet -I/home/pei/Project/duckdb-polr/extension/parquet/../../third_party/snappy -I/home/pei/Project/duckdb-polr/extension/parquet/../../third_party/miniz -I/home/pei/Project/duckdb-polr/extension/parquet/../../third_party/thrift -I/home/pei/Project/duckdb-polr/extension/parquet/../../third_party/zstd/include -O3 -DNDEBUG -O3 -DNDEBUG   -fPIC -fdiagnostics-color=always -std=c++11 -MD -MT extension/parquet/CMakeFiles/parquet_extension.dir/__/__/third_party/zstd/compress/zstd_ldm.cpp.o -MF extension/parquet/CMakeFiles/parquet_extension.dir/__/__/third_party/zstd/compress/zstd_ldm.cpp.o.d -o extension/parquet/CMakeFiles/parquet_extension.dir/__/__/third_party/zstd/compress/zstd_ldm.cpp.o -c /home/pei/Project/duckdb-polr/third_party/zstd/compress/zstd_ldm.cpp
[165/376] /usr/bin/ccache /usr/lib/ccache/c++ -DDUCKDB_BUILD_LIBRARY -DENABLE_CROSS_PRODUCT_REWRITE=0 -DENABLE_DEBUG_PRINT=0 -DENABLE_MEASURE_EXE_TIME=0 -DENABLE_MERGE_BACK_PLAN=0 -DENABLE_PARALLEL_EXECUTION=0 -DENABLE_QUERY_SPLIT=1 -DENABLE_SPECIFY_EST_STAT=0 -I/home/pei/Project/duckdb-polr/src/include -I/home/pei/Project/duckdb-polr/third_party/fsst -I/home/pei/Project/duckdb-polr/third_party/fmt/include -I/home/pei/Project/duckdb-polr/third_party/hyperloglog -I/home/pei/Project/duckdb-polr/third_party/fastpforlib -I/home/pei/Project/duckdb-polr/third_party/fast_float -I/home/pei/Project/duckdb-polr/third_party/re2 -I/home/pei/Project/duckdb-polr/third_party/miniz -I/home/pei/Project/duckdb-polr/third_party/utf8proc/include -I/home/pei/Project/duckdb-polr/third_party/miniparquet -I/home/pei/Project/duckdb-polr/third_party/concurrentqueue -I/home/pei/Project/duckdb-polr/third_party/pcg -I/home/pei/Project/duckdb-polr/third_party/tdigest -I/home/pei/Project/duckdb-polr/third_party/mbedtls/include -I/home/pei/Project/duckdb-polr/third_party/jaro_winkler -I/home/pei/Project/duckdb-polr/extension/parquet/include -I/home/pei/Project/duckdb-polr/extension/parquet/../../third_party/parquet -I/home/pei/Project/duckdb-polr/extension/parquet/../../third_party/snappy -I/home/pei/Project/duckdb-polr/extension/parquet/../../third_party/miniz -I/home/pei/Project/duckdb-polr/extension/parquet/../../third_party/thrift -I/home/pei/Project/duckdb-polr/extension/parquet/../../third_party/zstd/include -O3 -DNDEBUG -O3 -DNDEBUG   -fPIC -fdiagnostics-color=always -std=c++11 -MD -MT extension/parquet/CMakeFiles/parquet_extension.dir/__/__/third_party/zstd/compress/zstd_opt.cpp.o -MF extension/parquet/CMakeFiles/parquet_extension.dir/__/__/third_party/zstd/compress/zstd_opt.cpp.o.d -o extension/parquet/CMakeFiles/parquet_extension.dir/__/__/third_party/zstd/compress/zstd_opt.cpp.o -c /home/pei/Project/duckdb-polr/third_party/zstd/compress/zstd_opt.cpp
[166/376] /usr/bin/ccache /usr/lib/ccache/c++ -DDUCKDB_BUILD_LIBRARY -DDUCKDB_BUILD_LOADABLE_EXTENSION -DENABLE_CROSS_PRODUCT_REWRITE=0 -DENABLE_DEBUG_PRINT=0 -DENABLE_MEASURE_EXE_TIME=0 -DENABLE_MERGE_BACK_PLAN=0 -DENABLE_PARALLEL_EXECUTION=0 -DENABLE_QUERY_SPLIT=1 -DENABLE_SPECIFY_EST_STAT=0 -I/home/pei/Project/duckdb-polr/src/include -I/home/pei/Project/duckdb-polr/third_party/fsst -I/home/pei/Project/duckdb-polr/third_party/fmt/include -I/home/pei/Project/duckdb-polr/third_party/hyperloglog -I/home/pei/Project/duckdb-polr/third_party/fastpforlib -I/home/pei/Project/duckdb-polr/third_party/fast_float -I/home/pei/Project/duckdb-polr/third_party/re2 -I/home/pei/Project/duckdb-polr/third_party/miniz -I/home/pei/Project/duckdb-polr/third_party/utf8proc/include -I/home/pei/Project/duckdb-polr/third_party/miniparquet -I/home/pei/Project/duckdb-polr/third_party/concurrentqueue -I/home/pei/Project/duckdb-polr/third_party/pcg -I/home/pei/Project/duckdb-polr/third_party/tdigest -I/home/pei/Project/duckdb-polr/third_party/mbedtls/include -I/home/pei/Project/duckdb-polr/third_party/jaro_winkler -I/home/pei/Project/duckdb-polr/extension/parquet/include -I/home/pei/Project/duckdb-polr/extension/parquet/../../third_party/parquet -I/home/pei/Project/duckdb-polr/extension/parquet/../../third_party/snappy -I/home/pei/Project/duckdb-polr/extension/parquet/../../third_party/miniz -I/home/pei/Project/duckdb-polr/extension/parquet/../../third_party/thrift -I/home/pei/Project/duckdb-polr/extension/parquet/../../third_party/zstd/include -O3 -DNDEBUG -O3 -DNDEBUG   -fPIC -fdiagnostics-color=always -std=c++11 -MD -MT extension/parquet/CMakeFiles/parquet_loadable_extension.dir/column_writer.cpp.o -MF extension/parquet/CMakeFiles/parquet_loadable_extension.dir/column_writer.cpp.o.d -o extension/parquet/CMakeFiles/parquet_loadable_extension.dir/column_writer.cpp.o -c /home/pei/Project/duckdb-polr/extension/parquet/column_writer.cpp
[167/376] /usr/bin/ccache /usr/lib/ccache/c++ -DDUCKDB_BUILD_LIBRARY -DDUCKDB_BUILD_LOADABLE_EXTENSION -DENABLE_CROSS_PRODUCT_REWRITE=0 -DENABLE_DEBUG_PRINT=0 -DENABLE_MEASURE_EXE_TIME=0 -DENABLE_MERGE_BACK_PLAN=0 -DENABLE_PARALLEL_EXECUTION=0 -DENABLE_QUERY_SPLIT=1 -DENABLE_SPECIFY_EST_STAT=0 -I/home/pei/Project/duckdb-polr/src/include -I/home/pei/Project/duckdb-polr/third_party/fsst -I/home/pei/Project/duckdb-polr/third_party/fmt/include -I/home/pei/Project/duckdb-polr/third_party/hyperloglog -I/home/pei/Project/duckdb-polr/third_party/fastpforlib -I/home/pei/Project/duckdb-polr/third_party/fast_float -I/home/pei/Project/duckdb-polr/third_party/re2 -I/home/pei/Project/duckdb-polr/third_party/miniz -I/home/pei/Project/duckdb-polr/third_party/utf8proc/include -I/home/pei/Project/duckdb-polr/third_party/miniparquet -I/home/pei/Project/duckdb-polr/third_party/concurrentqueue -I/home/pei/Project/duckdb-polr/third_party/pcg -I/home/pei/Project/duckdb-polr/third_party/tdigest -I/home/pei/Project/duckdb-polr/third_party/mbedtls/include -I/home/pei/Project/duckdb-polr/third_party/jaro_winkler -I/home/pei/Project/duckdb-polr/extension/parquet/include -I/home/pei/Project/duckdb-polr/extension/parquet/../../third_party/parquet -I/home/pei/Project/duckdb-polr/extension/parquet/../../third_party/snappy -I/home/pei/Project/duckdb-polr/extension/parquet/../../third_party/miniz -I/home/pei/Project/duckdb-polr/extension/parquet/../../third_party/thrift -I/home/pei/Project/duckdb-polr/extension/parquet/../../third_party/zstd/include -O3 -DNDEBUG -O3 -DNDEBUG   -fPIC -fdiagnostics-color=always -std=c++11 -MD -MT extension/parquet/CMakeFiles/parquet_loadable_extension.dir/parquet_timestamp.cpp.o -MF extension/parquet/CMakeFiles/parquet_loadable_extension.dir/parquet_timestamp.cpp.o.d -o extension/parquet/CMakeFiles/parquet_loadable_extension.dir/parquet_timestamp.cpp.o -c /home/pei/Project/duckdb-polr/extension/parquet/parquet_timestamp.cpp
[168/376] /usr/bin/ccache /usr/lib/ccache/c++ -DDUCKDB_BUILD_LIBRARY -DDUCKDB_BUILD_LOADABLE_EXTENSION -DENABLE_CROSS_PRODUCT_REWRITE=0 -DENABLE_DEBUG_PRINT=0 -DENABLE_MEASURE_EXE_TIME=0 -DENABLE_MERGE_BACK_PLAN=0 -DENABLE_PARALLEL_EXECUTION=0 -DENABLE_QUERY_SPLIT=1 -DENABLE_SPECIFY_EST_STAT=0 -I/home/pei/Project/duckdb-polr/src/include -I/home/pei/Project/duckdb-polr/third_party/fsst -I/home/pei/Project/duckdb-polr/third_party/fmt/include -I/home/pei/Project/duckdb-polr/third_party/hyperloglog -I/home/pei/Project/duckdb-polr/third_party/fastpforlib -I/home/pei/Project/duckdb-polr/third_party/fast_float -I/home/pei/Project/duckdb-polr/third_party/re2 -I/home/pei/Project/duckdb-polr/third_party/miniz -I/home/pei/Project/duckdb-polr/third_party/utf8proc/include -I/home/pei/Project/duckdb-polr/third_party/miniparquet -I/home/pei/Project/duckdb-polr/third_party/concurrentqueue -I/home/pei/Project/duckdb-polr/third_party/pcg -I/home/pei/Project/duckdb-polr/third_party/tdigest -I/home/pei/Project/duckdb-polr/third_party/mbedtls/include -I/home/pei/Project/duckdb-polr/third_party/jaro_winkler -I/home/pei/Project/duckdb-polr/extension/parquet/include -I/home/pei/Project/duckdb-polr/extension/parquet/../../third_party/parquet -I/home/pei/Project/duckdb-polr/extension/parquet/../../third_party/snappy -I/home/pei/Project/duckdb-polr/extension/parquet/../../third_party/miniz -I/home/pei/Project/duckdb-polr/extension/parquet/../../third_party/thrift -I/home/pei/Project/duckdb-polr/extension/parquet/../../third_party/zstd/include -O3 -DNDEBUG -O3 -DNDEBUG   -fPIC -fdiagnostics-color=always -std=c++11 -MD -MT extension/parquet/CMakeFiles/parquet_loadable_extension.dir/parquet_metadata.cpp.o -MF extension/parquet/CMakeFiles/parquet_loadable_extension.dir/parquet_metadata.cpp.o.d -o extension/parquet/CMakeFiles/parquet_loadable_extension.dir/parquet_metadata.cpp.o -c /home/pei/Project/duckdb-polr/extension/parquet/parquet_metadata.cpp
[169/376] /usr/bin/ccache /usr/lib/ccache/c++ -DDUCKDB_BUILD_LIBRARY -DDUCKDB_BUILD_LOADABLE_EXTENSION -DENABLE_CROSS_PRODUCT_REWRITE=0 -DENABLE_DEBUG_PRINT=0 -DENABLE_MEASURE_EXE_TIME=0 -DENABLE_MERGE_BACK_PLAN=0 -DENABLE_PARALLEL_EXECUTION=0 -DENABLE_QUERY_SPLIT=1 -DENABLE_SPECIFY_EST_STAT=0 -I/home/pei/Project/duckdb-polr/src/include -I/home/pei/Project/duckdb-polr/third_party/fsst -I/home/pei/Project/duckdb-polr/third_party/fmt/include -I/home/pei/Project/duckdb-polr/third_party/hyperloglog -I/home/pei/Project/duckdb-polr/third_party/fastpforlib -I/home/pei/Project/duckdb-polr/third_party/fast_float -I/home/pei/Project/duckdb-polr/third_party/re2 -I/home/pei/Project/duckdb-polr/third_party/miniz -I/home/pei/Project/duckdb-polr/third_party/utf8proc/include -I/home/pei/Project/duckdb-polr/third_party/miniparquet -I/home/pei/Project/duckdb-polr/third_party/concurrentqueue -I/home/pei/Project/duckdb-polr/third_party/pcg -I/home/pei/Project/duckdb-polr/third_party/tdigest -I/home/pei/Project/duckdb-polr/third_party/mbedtls/include -I/home/pei/Project/duckdb-polr/third_party/jaro_winkler -I/home/pei/Project/duckdb-polr/extension/parquet/include -I/home/pei/Project/duckdb-polr/extension/parquet/../../third_party/parquet -I/home/pei/Project/duckdb-polr/extension/parquet/../../third_party/snappy -I/home/pei/Project/duckdb-polr/extension/parquet/../../third_party/miniz -I/home/pei/Project/duckdb-polr/extension/parquet/../../third_party/thrift -I/home/pei/Project/duckdb-polr/extension/parquet/../../third_party/zstd/include -O3 -DNDEBUG -O3 -DNDEBUG   -fPIC -fdiagnostics-color=always -std=c++11 -MD -MT extension/parquet/CMakeFiles/parquet_loadable_extension.dir/zstd_file_system.cpp.o -MF extension/parquet/CMakeFiles/parquet_loadable_extension.dir/zstd_file_system.cpp.o.d -o extension/parquet/CMakeFiles/parquet_loadable_extension.dir/zstd_file_system.cpp.o -c /home/pei/Project/duckdb-polr/extension/parquet/zstd_file_system.cpp
[170/376] /usr/bin/ccache /usr/lib/ccache/c++ -DDUCKDB_BUILD_LIBRARY -DDUCKDB_BUILD_LOADABLE_EXTENSION -DENABLE_CROSS_PRODUCT_REWRITE=0 -DENABLE_DEBUG_PRINT=0 -DENABLE_MEASURE_EXE_TIME=0 -DENABLE_MERGE_BACK_PLAN=0 -DENABLE_PARALLEL_EXECUTION=0 -DENABLE_QUERY_SPLIT=1 -DENABLE_SPECIFY_EST_STAT=0 -I/home/pei/Project/duckdb-polr/src/include -I/home/pei/Project/duckdb-polr/third_party/fsst -I/home/pei/Project/duckdb-polr/third_party/fmt/include -I/home/pei/Project/duckdb-polr/third_party/hyperloglog -I/home/pei/Project/duckdb-polr/third_party/fastpforlib -I/home/pei/Project/duckdb-polr/third_party/fast_float -I/home/pei/Project/duckdb-polr/third_party/re2 -I/home/pei/Project/duckdb-polr/third_party/miniz -I/home/pei/Project/duckdb-polr/third_party/utf8proc/include -I/home/pei/Project/duckdb-polr/third_party/miniparquet -I/home/pei/Project/duckdb-polr/third_party/concurrentqueue -I/home/pei/Project/duckdb-polr/third_party/pcg -I/home/pei/Project/duckdb-polr/third_party/tdigest -I/home/pei/Project/duckdb-polr/third_party/mbedtls/include -I/home/pei/Project/duckdb-polr/third_party/jaro_winkler -I/home/pei/Project/duckdb-polr/extension/parquet/include -I/home/pei/Project/duckdb-polr/extension/parquet/../../third_party/parquet -I/home/pei/Project/duckdb-polr/extension/parquet/../../third_party/snappy -I/home/pei/Project/duckdb-polr/extension/parquet/../../third_party/miniz -I/home/pei/Project/duckdb-polr/extension/parquet/../../third_party/thrift -I/home/pei/Project/duckdb-polr/extension/parquet/../../third_party/zstd/include -O3 -DNDEBUG -O3 -DNDEBUG   -fPIC -fdiagnostics-color=always -std=c++11 -MD -MT extension/parquet/CMakeFiles/parquet_loadable_extension.dir/parquet_writer.cpp.o -MF extension/parquet/CMakeFiles/parquet_loadable_extension.dir/parquet_writer.cpp.o.d -o extension/parquet/CMakeFiles/parquet_loadable_extension.dir/parquet_writer.cpp.o -c /home/pei/Project/duckdb-polr/extension/parquet/parquet_writer.cpp
[171/376] /usr/bin/ccache /usr/lib/ccache/c++ -DDUCKDB_BUILD_LIBRARY -DDUCKDB_BUILD_LOADABLE_EXTENSION -DENABLE_CROSS_PRODUCT_REWRITE=0 -DENABLE_DEBUG_PRINT=0 -DENABLE_MEASURE_EXE_TIME=0 -DENABLE_MERGE_BACK_PLAN=0 -DENABLE_PARALLEL_EXECUTION=0 -DENABLE_QUERY_SPLIT=1 -DENABLE_SPECIFY_EST_STAT=0 -I/home/pei/Project/duckdb-polr/src/include -I/home/pei/Project/duckdb-polr/third_party/fsst -I/home/pei/Project/duckdb-polr/third_party/fmt/include -I/home/pei/Project/duckdb-polr/third_party/hyperloglog -I/home/pei/Project/duckdb-polr/third_party/fastpforlib -I/home/pei/Project/duckdb-polr/third_party/fast_float -I/home/pei/Project/duckdb-polr/third_party/re2 -I/home/pei/Project/duckdb-polr/third_party/miniz -I/home/pei/Project/duckdb-polr/third_party/utf8proc/include -I/home/pei/Project/duckdb-polr/third_party/miniparquet -I/home/pei/Project/duckdb-polr/third_party/concurrentqueue -I/home/pei/Project/duckdb-polr/third_party/pcg -I/home/pei/Project/duckdb-polr/third_party/tdigest -I/home/pei/Project/duckdb-polr/third_party/mbedtls/include -I/home/pei/Project/duckdb-polr/third_party/jaro_winkler -I/home/pei/Project/duckdb-polr/extension/parquet/include -I/home/pei/Project/duckdb-polr/extension/parquet/../../third_party/parquet -I/home/pei/Project/duckdb-polr/extension/parquet/../../third_party/snappy -I/home/pei/Project/duckdb-polr/extension/parquet/../../third_party/miniz -I/home/pei/Project/duckdb-polr/extension/parquet/../../third_party/thrift -I/home/pei/Project/duckdb-polr/extension/parquet/../../third_party/zstd/include -O3 -DNDEBUG -O3 -DNDEBUG   -fPIC -fdiagnostics-color=always -std=c++11 -MD -MT extension/parquet/CMakeFiles/parquet_loadable_extension.dir/parquet_statistics.cpp.o -MF extension/parquet/CMakeFiles/parquet_loadable_extension.dir/parquet_statistics.cpp.o.d -o extension/parquet/CMakeFiles/parquet_loadable_extension.dir/parquet_statistics.cpp.o -c /home/pei/Project/duckdb-polr/extension/parquet/parquet_statistics.cpp
[172/376] /usr/bin/ccache /usr/lib/ccache/c++ -DDUCKDB_BUILD_LIBRARY -DDUCKDB_BUILD_LOADABLE_EXTENSION -DENABLE_CROSS_PRODUCT_REWRITE=0 -DENABLE_DEBUG_PRINT=0 -DENABLE_MEASURE_EXE_TIME=0 -DENABLE_MERGE_BACK_PLAN=0 -DENABLE_PARALLEL_EXECUTION=0 -DENABLE_QUERY_SPLIT=1 -DENABLE_SPECIFY_EST_STAT=0 -I/home/pei/Project/duckdb-polr/src/include -I/home/pei/Project/duckdb-polr/third_party/fsst -I/home/pei/Project/duckdb-polr/third_party/fmt/include -I/home/pei/Project/duckdb-polr/third_party/hyperloglog -I/home/pei/Project/duckdb-polr/third_party/fastpforlib -I/home/pei/Project/duckdb-polr/third_party/fast_float -I/home/pei/Project/duckdb-polr/third_party/re2 -I/home/pei/Project/duckdb-polr/third_party/miniz -I/home/pei/Project/duckdb-polr/third_party/utf8proc/include -I/home/pei/Project/duckdb-polr/third_party/miniparquet -I/home/pei/Project/duckdb-polr/third_party/concurrentqueue -I/home/pei/Project/duckdb-polr/third_party/pcg -I/home/pei/Project/duckdb-polr/third_party/tdigest -I/home/pei/Project/duckdb-polr/third_party/mbedtls/include -I/home/pei/Project/duckdb-polr/third_party/jaro_winkler -I/home/pei/Project/duckdb-polr/extension/parquet/include -I/home/pei/Project/duckdb-polr/extension/parquet/../../third_party/parquet -I/home/pei/Project/duckdb-polr/extension/parquet/../../third_party/snappy -I/home/pei/Project/duckdb-polr/extension/parquet/../../third_party/miniz -I/home/pei/Project/duckdb-polr/extension/parquet/../../third_party/thrift -I/home/pei/Project/duckdb-polr/extension/parquet/../../third_party/zstd/include -O3 -DNDEBUG -O3 -DNDEBUG   -fPIC -fdiagnostics-color=always -std=c++11 -MD -MT extension/parquet/CMakeFiles/parquet_loadable_extension.dir/parquet-extension.cpp.o -MF extension/parquet/CMakeFiles/parquet_loadable_extension.dir/parquet-extension.cpp.o.d -o extension/parquet/CMakeFiles/parquet_loadable_extension.dir/parquet-extension.cpp.o -c /home/pei/Project/duckdb-polr/extension/parquet/parquet-extension.cpp
[173/376] /usr/bin/ccache /usr/lib/ccache/c++ -DDUCKDB_BUILD_LIBRARY -DDUCKDB_BUILD_LOADABLE_EXTENSION -DENABLE_CROSS_PRODUCT_REWRITE=0 -DENABLE_DEBUG_PRINT=0 -DENABLE_MEASURE_EXE_TIME=0 -DENABLE_MERGE_BACK_PLAN=0 -DENABLE_PARALLEL_EXECUTION=0 -DENABLE_QUERY_SPLIT=1 -DENABLE_SPECIFY_EST_STAT=0 -I/home/pei/Project/duckdb-polr/src/include -I/home/pei/Project/duckdb-polr/third_party/fsst -I/home/pei/Project/duckdb-polr/third_party/fmt/include -I/home/pei/Project/duckdb-polr/third_party/hyperloglog -I/home/pei/Project/duckdb-polr/third_party/fastpforlib -I/home/pei/Project/duckdb-polr/third_party/fast_float -I/home/pei/Project/duckdb-polr/third_party/re2 -I/home/pei/Project/duckdb-polr/third_party/miniz -I/home/pei/Project/duckdb-polr/third_party/utf8proc/include -I/home/pei/Project/duckdb-polr/third_party/miniparquet -I/home/pei/Project/duckdb-polr/third_party/concurrentqueue -I/home/pei/Project/duckdb-polr/third_party/pcg -I/home/pei/Project/duckdb-polr/third_party/tdigest -I/home/pei/Project/duckdb-polr/third_party/mbedtls/include -I/home/pei/Project/duckdb-polr/third_party/jaro_winkler -I/home/pei/Project/duckdb-polr/extension/parquet/include -I/home/pei/Project/duckdb-polr/extension/parquet/../../third_party/parquet -I/home/pei/Project/duckdb-polr/extension/parquet/../../third_party/snappy -I/home/pei/Project/duckdb-polr/extension/parquet/../../third_party/miniz -I/home/pei/Project/duckdb-polr/extension/parquet/../../third_party/thrift -I/home/pei/Project/duckdb-polr/extension/parquet/../../third_party/zstd/include -O3 -DNDEBUG -O3 -DNDEBUG   -fPIC -fdiagnostics-color=always -std=c++11 -MD -MT extension/parquet/CMakeFiles/parquet_loadable_extension.dir/parquet_reader.cpp.o -MF extension/parquet/CMakeFiles/parquet_loadable_extension.dir/parquet_reader.cpp.o.d -o extension/parquet/CMakeFiles/parquet_loadable_extension.dir/parquet_reader.cpp.o -c /home/pei/Project/duckdb-polr/extension/parquet/parquet_reader.cpp
[174/376] /usr/bin/ccache /usr/lib/ccache/c++ -DDUCKDB_BUILD_LIBRARY -DDUCKDB_BUILD_LOADABLE_EXTENSION -DENABLE_CROSS_PRODUCT_REWRITE=0 -DENABLE_DEBUG_PRINT=0 -DENABLE_MEASURE_EXE_TIME=0 -DENABLE_MERGE_BACK_PLAN=0 -DENABLE_PARALLEL_EXECUTION=0 -DENABLE_QUERY_SPLIT=1 -DENABLE_SPECIFY_EST_STAT=0 -I/home/pei/Project/duckdb-polr/src/include -I/home/pei/Project/duckdb-polr/third_party/fsst -I/home/pei/Project/duckdb-polr/third_party/fmt/include -I/home/pei/Project/duckdb-polr/third_party/hyperloglog -I/home/pei/Project/duckdb-polr/third_party/fastpforlib -I/home/pei/Project/duckdb-polr/third_party/fast_float -I/home/pei/Project/duckdb-polr/third_party/re2 -I/home/pei/Project/duckdb-polr/third_party/miniz -I/home/pei/Project/duckdb-polr/third_party/utf8proc/include -I/home/pei/Project/duckdb-polr/third_party/miniparquet -I/home/pei/Project/duckdb-polr/third_party/concurrentqueue -I/home/pei/Project/duckdb-polr/third_party/pcg -I/home/pei/Project/duckdb-polr/third_party/tdigest -I/home/pei/Project/duckdb-polr/third_party/mbedtls/include -I/home/pei/Project/duckdb-polr/third_party/jaro_winkler -I/home/pei/Project/duckdb-polr/extension/parquet/include -I/home/pei/Project/duckdb-polr/extension/parquet/../../third_party/parquet -I/home/pei/Project/duckdb-polr/extension/parquet/../../third_party/snappy -I/home/pei/Project/duckdb-polr/extension/parquet/../../third_party/miniz -I/home/pei/Project/duckdb-polr/extension/parquet/../../third_party/thrift -I/home/pei/Project/duckdb-polr/extension/parquet/../../third_party/zstd/include -O3 -DNDEBUG -O3 -DNDEBUG   -fPIC -fdiagnostics-color=always -std=c++11 -MD -MT extension/parquet/CMakeFiles/parquet_loadable_extension.dir/column_reader.cpp.o -MF extension/parquet/CMakeFiles/parquet_loadable_extension.dir/column_reader.cpp.o.d -o extension/parquet/CMakeFiles/parquet_loadable_extension.dir/column_reader.cpp.o -c /home/pei/Project/duckdb-polr/extension/parquet/column_reader.cpp
[175/376] /usr/bin/ccache /usr/lib/ccache/c++ -DDUCKDB_BUILD_LIBRARY -DDUCKDB_BUILD_LOADABLE_EXTENSION -DENABLE_CROSS_PRODUCT_REWRITE=0 -DENABLE_DEBUG_PRINT=0 -DENABLE_MEASURE_EXE_TIME=0 -DENABLE_MERGE_BACK_PLAN=0 -DENABLE_PARALLEL_EXECUTION=0 -DENABLE_QUERY_SPLIT=1 -DENABLE_SPECIFY_EST_STAT=0 -I/home/pei/Project/duckdb-polr/src/include -I/home/pei/Project/duckdb-polr/third_party/fsst -I/home/pei/Project/duckdb-polr/third_party/fmt/include -I/home/pei/Project/duckdb-polr/third_party/hyperloglog -I/home/pei/Project/duckdb-polr/third_party/fastpforlib -I/home/pei/Project/duckdb-polr/third_party/fast_float -I/home/pei/Project/duckdb-polr/third_party/re2 -I/home/pei/Project/duckdb-polr/third_party/miniz -I/home/pei/Project/duckdb-polr/third_party/utf8proc/include -I/home/pei/Project/duckdb-polr/third_party/miniparquet -I/home/pei/Project/duckdb-polr/third_party/concurrentqueue -I/home/pei/Project/duckdb-polr/third_party/pcg -I/home/pei/Project/duckdb-polr/third_party/tdigest -I/home/pei/Project/duckdb-polr/third_party/mbedtls/include -I/home/pei/Project/duckdb-polr/third_party/jaro_winkler -I/home/pei/Project/duckdb-polr/extension/parquet/include -I/home/pei/Project/duckdb-polr/extension/parquet/../../third_party/parquet -I/home/pei/Project/duckdb-polr/extension/parquet/../../third_party/snappy -I/home/pei/Project/duckdb-polr/extension/parquet/../../third_party/miniz -I/home/pei/Project/duckdb-polr/extension/parquet/../../third_party/thrift -I/home/pei/Project/duckdb-polr/extension/parquet/../../third_party/zstd/include -O3 -DNDEBUG -O3 -DNDEBUG   -fPIC -fdiagnostics-color=always -std=c++11 -MD -MT extension/parquet/CMakeFiles/parquet_loadable_extension.dir/__/__/third_party/parquet/parquet_constants.cpp.o -MF extension/parquet/CMakeFiles/parquet_loadable_extension.dir/__/__/third_party/parquet/parquet_constants.cpp.o.d -o extension/parquet/CMakeFiles/parquet_loadable_extension.dir/__/__/third_party/parquet/parquet_constants.cpp.o -c /home/pei/Project/duckdb-polr/third_party/parquet/parquet_constants.cpp
[176/376] /usr/bin/ccache /usr/lib/ccache/c++ -DDUCKDB_BUILD_LIBRARY -DDUCKDB_BUILD_LOADABLE_EXTENSION -DENABLE_CROSS_PRODUCT_REWRITE=0 -DENABLE_DEBUG_PRINT=0 -DENABLE_MEASURE_EXE_TIME=0 -DENABLE_MERGE_BACK_PLAN=0 -DENABLE_PARALLEL_EXECUTION=0 -DENABLE_QUERY_SPLIT=1 -DENABLE_SPECIFY_EST_STAT=0 -I/home/pei/Project/duckdb-polr/src/include -I/home/pei/Project/duckdb-polr/third_party/fsst -I/home/pei/Project/duckdb-polr/third_party/fmt/include -I/home/pei/Project/duckdb-polr/third_party/hyperloglog -I/home/pei/Project/duckdb-polr/third_party/fastpforlib -I/home/pei/Project/duckdb-polr/third_party/fast_float -I/home/pei/Project/duckdb-polr/third_party/re2 -I/home/pei/Project/duckdb-polr/third_party/miniz -I/home/pei/Project/duckdb-polr/third_party/utf8proc/include -I/home/pei/Project/duckdb-polr/third_party/miniparquet -I/home/pei/Project/duckdb-polr/third_party/concurrentqueue -I/home/pei/Project/duckdb-polr/third_party/pcg -I/home/pei/Project/duckdb-polr/third_party/tdigest -I/home/pei/Project/duckdb-polr/third_party/mbedtls/include -I/home/pei/Project/duckdb-polr/third_party/jaro_winkler -I/home/pei/Project/duckdb-polr/extension/parquet/include -I/home/pei/Project/duckdb-polr/extension/parquet/../../third_party/parquet -I/home/pei/Project/duckdb-polr/extension/parquet/../../third_party/snappy -I/home/pei/Project/duckdb-polr/extension/parquet/../../third_party/miniz -I/home/pei/Project/duckdb-polr/extension/parquet/../../third_party/thrift -I/home/pei/Project/duckdb-polr/extension/parquet/../../third_party/zstd/include -O3 -DNDEBUG -O3 -DNDEBUG   -fPIC -fdiagnostics-color=always -std=c++11 -MD -MT extension/parquet/CMakeFiles/parquet_loadable_extension.dir/__/__/third_party/thrift/thrift/protocol/TProtocol.cpp.o -MF extension/parquet/CMakeFiles/parquet_loadable_extension.dir/__/__/third_party/thrift/thrift/protocol/TProtocol.cpp.o.d -o extension/parquet/CMakeFiles/parquet_loadable_extension.dir/__/__/third_party/thrift/thrift/protocol/TProtocol.cpp.o -c /home/pei/Project/duckdb-polr/third_party/thrift/thrift/protocol/TProtocol.cpp
[177/376] /usr/bin/ccache /usr/lib/ccache/c++ -DDUCKDB_BUILD_LIBRARY -DDUCKDB_BUILD_LOADABLE_EXTENSION -DENABLE_CROSS_PRODUCT_REWRITE=0 -DENABLE_DEBUG_PRINT=0 -DENABLE_MEASURE_EXE_TIME=0 -DENABLE_MERGE_BACK_PLAN=0 -DENABLE_PARALLEL_EXECUTION=0 -DENABLE_QUERY_SPLIT=1 -DENABLE_SPECIFY_EST_STAT=0 -I/home/pei/Project/duckdb-polr/src/include -I/home/pei/Project/duckdb-polr/third_party/fsst -I/home/pei/Project/duckdb-polr/third_party/fmt/include -I/home/pei/Project/duckdb-polr/third_party/hyperloglog -I/home/pei/Project/duckdb-polr/third_party/fastpforlib -I/home/pei/Project/duckdb-polr/third_party/fast_float -I/home/pei/Project/duckdb-polr/third_party/re2 -I/home/pei/Project/duckdb-polr/third_party/miniz -I/home/pei/Project/duckdb-polr/third_party/utf8proc/include -I/home/pei/Project/duckdb-polr/third_party/miniparquet -I/home/pei/Project/duckdb-polr/third_party/concurrentqueue -I/home/pei/Project/duckdb-polr/third_party/pcg -I/home/pei/Project/duckdb-polr/third_party/tdigest -I/home/pei/Project/duckdb-polr/third_party/mbedtls/include -I/home/pei/Project/duckdb-polr/third_party/jaro_winkler -I/home/pei/Project/duckdb-polr/extension/parquet/include -I/home/pei/Project/duckdb-polr/extension/parquet/../../third_party/parquet -I/home/pei/Project/duckdb-polr/extension/parquet/../../third_party/snappy -I/home/pei/Project/duckdb-polr/extension/parquet/../../third_party/miniz -I/home/pei/Project/duckdb-polr/extension/parquet/../../third_party/thrift -I/home/pei/Project/duckdb-polr/extension/parquet/../../third_party/zstd/include -O3 -DNDEBUG -O3 -DNDEBUG   -fPIC -fdiagnostics-color=always -std=c++11 -MD -MT extension/parquet/CMakeFiles/parquet_loadable_extension.dir/__/__/third_party/thrift/thrift/transport/TTransportException.cpp.o -MF extension/parquet/CMakeFiles/parquet_loadable_extension.dir/__/__/third_party/thrift/thrift/transport/TTransportException.cpp.o.d -o extension/parquet/CMakeFiles/parquet_loadable_extension.dir/__/__/third_party/thrift/thrift/transport/TTransportException.cpp.o -c /home/pei/Project/duckdb-polr/third_party/thrift/thrift/transport/TTransportException.cpp
[178/376] /usr/bin/ccache /usr/lib/ccache/c++ -DDUCKDB_BUILD_LIBRARY -DDUCKDB_BUILD_LOADABLE_EXTENSION -DENABLE_CROSS_PRODUCT_REWRITE=0 -DENABLE_DEBUG_PRINT=0 -DENABLE_MEASURE_EXE_TIME=0 -DENABLE_MERGE_BACK_PLAN=0 -DENABLE_PARALLEL_EXECUTION=0 -DENABLE_QUERY_SPLIT=1 -DENABLE_SPECIFY_EST_STAT=0 -I/home/pei/Project/duckdb-polr/src/include -I/home/pei/Project/duckdb-polr/third_party/fsst -I/home/pei/Project/duckdb-polr/third_party/fmt/include -I/home/pei/Project/duckdb-polr/third_party/hyperloglog -I/home/pei/Project/duckdb-polr/third_party/fastpforlib -I/home/pei/Project/duckdb-polr/third_party/fast_float -I/home/pei/Project/duckdb-polr/third_party/re2 -I/home/pei/Project/duckdb-polr/third_party/miniz -I/home/pei/Project/duckdb-polr/third_party/utf8proc/include -I/home/pei/Project/duckdb-polr/third_party/miniparquet -I/home/pei/Project/duckdb-polr/third_party/concurrentqueue -I/home/pei/Project/duckdb-polr/third_party/pcg -I/home/pei/Project/duckdb-polr/third_party/tdigest -I/home/pei/Project/duckdb-polr/third_party/mbedtls/include -I/home/pei/Project/duckdb-polr/third_party/jaro_winkler -I/home/pei/Project/duckdb-polr/extension/parquet/include -I/home/pei/Project/duckdb-polr/extension/parquet/../../third_party/parquet -I/home/pei/Project/duckdb-polr/extension/parquet/../../third_party/snappy -I/home/pei/Project/duckdb-polr/extension/parquet/../../third_party/miniz -I/home/pei/Project/duckdb-polr/extension/parquet/../../third_party/thrift -I/home/pei/Project/duckdb-polr/extension/parquet/../../third_party/zstd/include -O3 -DNDEBUG -O3 -DNDEBUG   -fPIC -fdiagnostics-color=always -std=c++11 -MD -MT extension/parquet/CMakeFiles/parquet_loadable_extension.dir/__/__/third_party/snappy/snappy-sinksource.cc.o -MF extension/parquet/CMakeFiles/parquet_loadable_extension.dir/__/__/third_party/snappy/snappy-sinksource.cc.o.d -o extension/parquet/CMakeFiles/parquet_loadable_extension.dir/__/__/third_party/snappy/snappy-sinksource.cc.o -c /home/pei/Project/duckdb-polr/third_party/snappy/snappy-sinksource.cc
[179/376] /usr/bin/ccache /usr/lib/ccache/c++ -DDUCKDB_BUILD_LIBRARY -DDUCKDB_BUILD_LOADABLE_EXTENSION -DENABLE_CROSS_PRODUCT_REWRITE=0 -DENABLE_DEBUG_PRINT=0 -DENABLE_MEASURE_EXE_TIME=0 -DENABLE_MERGE_BACK_PLAN=0 -DENABLE_PARALLEL_EXECUTION=0 -DENABLE_QUERY_SPLIT=1 -DENABLE_SPECIFY_EST_STAT=0 -I/home/pei/Project/duckdb-polr/src/include -I/home/pei/Project/duckdb-polr/third_party/fsst -I/home/pei/Project/duckdb-polr/third_party/fmt/include -I/home/pei/Project/duckdb-polr/third_party/hyperloglog -I/home/pei/Project/duckdb-polr/third_party/fastpforlib -I/home/pei/Project/duckdb-polr/third_party/fast_float -I/home/pei/Project/duckdb-polr/third_party/re2 -I/home/pei/Project/duckdb-polr/third_party/miniz -I/home/pei/Project/duckdb-polr/third_party/utf8proc/include -I/home/pei/Project/duckdb-polr/third_party/miniparquet -I/home/pei/Project/duckdb-polr/third_party/concurrentqueue -I/home/pei/Project/duckdb-polr/third_party/pcg -I/home/pei/Project/duckdb-polr/third_party/tdigest -I/home/pei/Project/duckdb-polr/third_party/mbedtls/include -I/home/pei/Project/duckdb-polr/third_party/jaro_winkler -I/home/pei/Project/duckdb-polr/extension/parquet/include -I/home/pei/Project/duckdb-polr/extension/parquet/../../third_party/parquet -I/home/pei/Project/duckdb-polr/extension/parquet/../../third_party/snappy -I/home/pei/Project/duckdb-polr/extension/parquet/../../third_party/miniz -I/home/pei/Project/duckdb-polr/extension/parquet/../../third_party/thrift -I/home/pei/Project/duckdb-polr/extension/parquet/../../third_party/zstd/include -O3 -DNDEBUG -O3 -DNDEBUG   -fPIC -fdiagnostics-color=always -std=c++11 -MD -MT extension/parquet/CMakeFiles/parquet_loadable_extension.dir/__/__/third_party/parquet/parquet_types.cpp.o -MF extension/parquet/CMakeFiles/parquet_loadable_extension.dir/__/__/third_party/parquet/parquet_types.cpp.o.d -o extension/parquet/CMakeFiles/parquet_loadable_extension.dir/__/__/third_party/parquet/parquet_types.cpp.o -c /home/pei/Project/duckdb-polr/third_party/parquet/parquet_types.cpp
[180/376] /usr/bin/ccache /usr/lib/ccache/c++ -DDUCKDB_BUILD_LIBRARY -DDUCKDB_BUILD_LOADABLE_EXTENSION -DENABLE_CROSS_PRODUCT_REWRITE=0 -DENABLE_DEBUG_PRINT=0 -DENABLE_MEASURE_EXE_TIME=0 -DENABLE_MERGE_BACK_PLAN=0 -DENABLE_PARALLEL_EXECUTION=0 -DENABLE_QUERY_SPLIT=1 -DENABLE_SPECIFY_EST_STAT=0 -I/home/pei/Project/duckdb-polr/src/include -I/home/pei/Project/duckdb-polr/third_party/fsst -I/home/pei/Project/duckdb-polr/third_party/fmt/include -I/home/pei/Project/duckdb-polr/third_party/hyperloglog -I/home/pei/Project/duckdb-polr/third_party/fastpforlib -I/home/pei/Project/duckdb-polr/third_party/fast_float -I/home/pei/Project/duckdb-polr/third_party/re2 -I/home/pei/Project/duckdb-polr/third_party/miniz -I/home/pei/Project/duckdb-polr/third_party/utf8proc/include -I/home/pei/Project/duckdb-polr/third_party/miniparquet -I/home/pei/Project/duckdb-polr/third_party/concurrentqueue -I/home/pei/Project/duckdb-polr/third_party/pcg -I/home/pei/Project/duckdb-polr/third_party/tdigest -I/home/pei/Project/duckdb-polr/third_party/mbedtls/include -I/home/pei/Project/duckdb-polr/third_party/jaro_winkler -I/home/pei/Project/duckdb-polr/extension/parquet/include -I/home/pei/Project/duckdb-polr/extension/parquet/../../third_party/parquet -I/home/pei/Project/duckdb-polr/extension/parquet/../../third_party/snappy -I/home/pei/Project/duckdb-polr/extension/parquet/../../third_party/miniz -I/home/pei/Project/duckdb-polr/extension/parquet/../../third_party/thrift -I/home/pei/Project/duckdb-polr/extension/parquet/../../third_party/zstd/include -O3 -DNDEBUG -O3 -DNDEBUG   -fPIC -fdiagnostics-color=always -std=c++11 -MD -MT extension/parquet/CMakeFiles/parquet_loadable_extension.dir/__/__/third_party/thrift/thrift/transport/TBufferTransports.cpp.o -MF extension/parquet/CMakeFiles/parquet_loadable_extension.dir/__/__/third_party/thrift/thrift/transport/TBufferTransports.cpp.o.d -o extension/parquet/CMakeFiles/parquet_loadable_extension.dir/__/__/third_party/thrift/thrift/transport/TBufferTransports.cpp.o -c /home/pei/Project/duckdb-polr/third_party/thrift/thrift/transport/TBufferTransports.cpp
[181/376] /usr/bin/ccache /usr/lib/ccache/c++ -DDUCKDB_BUILD_LIBRARY -DDUCKDB_BUILD_LOADABLE_EXTENSION -DENABLE_CROSS_PRODUCT_REWRITE=0 -DENABLE_DEBUG_PRINT=0 -DENABLE_MEASURE_EXE_TIME=0 -DENABLE_MERGE_BACK_PLAN=0 -DENABLE_PARALLEL_EXECUTION=0 -DENABLE_QUERY_SPLIT=1 -DENABLE_SPECIFY_EST_STAT=0 -I/home/pei/Project/duckdb-polr/src/include -I/home/pei/Project/duckdb-polr/third_party/fsst -I/home/pei/Project/duckdb-polr/third_party/fmt/include -I/home/pei/Project/duckdb-polr/third_party/hyperloglog -I/home/pei/Project/duckdb-polr/third_party/fastpforlib -I/home/pei/Project/duckdb-polr/third_party/fast_float -I/home/pei/Project/duckdb-polr/third_party/re2 -I/home/pei/Project/duckdb-polr/third_party/miniz -I/home/pei/Project/duckdb-polr/third_party/utf8proc/include -I/home/pei/Project/duckdb-polr/third_party/miniparquet -I/home/pei/Project/duckdb-polr/third_party/concurrentqueue -I/home/pei/Project/duckdb-polr/third_party/pcg -I/home/pei/Project/duckdb-polr/third_party/tdigest -I/home/pei/Project/duckdb-polr/third_party/mbedtls/include -I/home/pei/Project/duckdb-polr/third_party/jaro_winkler -I/home/pei/Project/duckdb-polr/extension/parquet/include -I/home/pei/Project/duckdb-polr/extension/parquet/../../third_party/parquet -I/home/pei/Project/duckdb-polr/extension/parquet/../../third_party/snappy -I/home/pei/Project/duckdb-polr/extension/parquet/../../third_party/miniz -I/home/pei/Project/duckdb-polr/extension/parquet/../../third_party/thrift -I/home/pei/Project/duckdb-polr/extension/parquet/../../third_party/zstd/include -O3 -DNDEBUG -O3 -DNDEBUG   -fPIC -fdiagnostics-color=always -std=c++11 -MD -MT extension/parquet/CMakeFiles/parquet_loadable_extension.dir/__/__/third_party/snappy/snappy.cc.o -MF extension/parquet/CMakeFiles/parquet_loadable_extension.dir/__/__/third_party/snappy/snappy.cc.o.d -o extension/parquet/CMakeFiles/parquet_loadable_extension.dir/__/__/third_party/snappy/snappy.cc.o -c /home/pei/Project/duckdb-polr/third_party/snappy/snappy.cc
[182/376] /usr/bin/ccache /usr/lib/ccache/c++ -DDUCKDB_BUILD_LIBRARY -DDUCKDB_BUILD_LOADABLE_EXTENSION -DENABLE_CROSS_PRODUCT_REWRITE=0 -DENABLE_DEBUG_PRINT=0 -DENABLE_MEASURE_EXE_TIME=0 -DENABLE_MERGE_BACK_PLAN=0 -DENABLE_PARALLEL_EXECUTION=0 -DENABLE_QUERY_SPLIT=1 -DENABLE_SPECIFY_EST_STAT=0 -I/home/pei/Project/duckdb-polr/src/include -I/home/pei/Project/duckdb-polr/third_party/fsst -I/home/pei/Project/duckdb-polr/third_party/fmt/include -I/home/pei/Project/duckdb-polr/third_party/hyperloglog -I/home/pei/Project/duckdb-polr/third_party/fastpforlib -I/home/pei/Project/duckdb-polr/third_party/fast_float -I/home/pei/Project/duckdb-polr/third_party/re2 -I/home/pei/Project/duckdb-polr/third_party/miniz -I/home/pei/Project/duckdb-polr/third_party/utf8proc/include -I/home/pei/Project/duckdb-polr/third_party/miniparquet -I/home/pei/Project/duckdb-polr/third_party/concurrentqueue -I/home/pei/Project/duckdb-polr/third_party/pcg -I/home/pei/Project/duckdb-polr/third_party/tdigest -I/home/pei/Project/duckdb-polr/third_party/mbedtls/include -I/home/pei/Project/duckdb-polr/third_party/jaro_winkler -I/home/pei/Project/duckdb-polr/extension/parquet/include -I/home/pei/Project/duckdb-polr/extension/parquet/../../third_party/parquet -I/home/pei/Project/duckdb-polr/extension/parquet/../../third_party/snappy -I/home/pei/Project/duckdb-polr/extension/parquet/../../third_party/miniz -I/home/pei/Project/duckdb-polr/extension/parquet/../../third_party/thrift -I/home/pei/Project/duckdb-polr/extension/parquet/../../third_party/zstd/include -O3 -DNDEBUG -O3 -DNDEBUG   -fPIC -fdiagnostics-color=always -std=c++11 -MD -MT extension/parquet/CMakeFiles/parquet_loadable_extension.dir/__/__/third_party/zstd/decompress/zstd_ddict.cpp.o -MF extension/parquet/CMakeFiles/parquet_loadable_extension.dir/__/__/third_party/zstd/decompress/zstd_ddict.cpp.o.d -o extension/parquet/CMakeFiles/parquet_loadable_extension.dir/__/__/third_party/zstd/decompress/zstd_ddict.cpp.o -c /home/pei/Project/duckdb-polr/third_party/zstd/decompress/zstd_ddict.cpp
[183/376] /usr/bin/ccache /usr/lib/ccache/c++ -DDUCKDB_BUILD_LIBRARY -DDUCKDB_BUILD_LOADABLE_EXTENSION -DENABLE_CROSS_PRODUCT_REWRITE=0 -DENABLE_DEBUG_PRINT=0 -DENABLE_MEASURE_EXE_TIME=0 -DENABLE_MERGE_BACK_PLAN=0 -DENABLE_PARALLEL_EXECUTION=0 -DENABLE_QUERY_SPLIT=1 -DENABLE_SPECIFY_EST_STAT=0 -I/home/pei/Project/duckdb-polr/src/include -I/home/pei/Project/duckdb-polr/third_party/fsst -I/home/pei/Project/duckdb-polr/third_party/fmt/include -I/home/pei/Project/duckdb-polr/third_party/hyperloglog -I/home/pei/Project/duckdb-polr/third_party/fastpforlib -I/home/pei/Project/duckdb-polr/third_party/fast_float -I/home/pei/Project/duckdb-polr/third_party/re2 -I/home/pei/Project/duckdb-polr/third_party/miniz -I/home/pei/Project/duckdb-polr/third_party/utf8proc/include -I/home/pei/Project/duckdb-polr/third_party/miniparquet -I/home/pei/Project/duckdb-polr/third_party/concurrentqueue -I/home/pei/Project/duckdb-polr/third_party/pcg -I/home/pei/Project/duckdb-polr/third_party/tdigest -I/home/pei/Project/duckdb-polr/third_party/mbedtls/include -I/home/pei/Project/duckdb-polr/third_party/jaro_winkler -I/home/pei/Project/duckdb-polr/extension/parquet/include -I/home/pei/Project/duckdb-polr/extension/parquet/../../third_party/parquet -I/home/pei/Project/duckdb-polr/extension/parquet/../../third_party/snappy -I/home/pei/Project/duckdb-polr/extension/parquet/../../third_party/miniz -I/home/pei/Project/duckdb-polr/extension/parquet/../../third_party/thrift -I/home/pei/Project/duckdb-polr/extension/parquet/../../third_party/zstd/include -O3 -DNDEBUG -O3 -DNDEBUG   -fPIC -fdiagnostics-color=always -std=c++11 -MD -MT extension/parquet/CMakeFiles/parquet_loadable_extension.dir/__/__/third_party/zstd/decompress/huf_decompress.cpp.o -MF extension/parquet/CMakeFiles/parquet_loadable_extension.dir/__/__/third_party/zstd/decompress/huf_decompress.cpp.o.d -o extension/parquet/CMakeFiles/parquet_loadable_extension.dir/__/__/third_party/zstd/decompress/huf_decompress.cpp.o -c /home/pei/Project/duckdb-polr/third_party/zstd/decompress/huf_decompress.cpp
[184/376] /usr/bin/ccache /usr/lib/ccache/c++ -DDUCKDB_BUILD_LIBRARY -DDUCKDB_BUILD_LOADABLE_EXTENSION -DENABLE_CROSS_PRODUCT_REWRITE=0 -DENABLE_DEBUG_PRINT=0 -DENABLE_MEASURE_EXE_TIME=0 -DENABLE_MERGE_BACK_PLAN=0 -DENABLE_PARALLEL_EXECUTION=0 -DENABLE_QUERY_SPLIT=1 -DENABLE_SPECIFY_EST_STAT=0 -I/home/pei/Project/duckdb-polr/src/include -I/home/pei/Project/duckdb-polr/third_party/fsst -I/home/pei/Project/duckdb-polr/third_party/fmt/include -I/home/pei/Project/duckdb-polr/third_party/hyperloglog -I/home/pei/Project/duckdb-polr/third_party/fastpforlib -I/home/pei/Project/duckdb-polr/third_party/fast_float -I/home/pei/Project/duckdb-polr/third_party/re2 -I/home/pei/Project/duckdb-polr/third_party/miniz -I/home/pei/Project/duckdb-polr/third_party/utf8proc/include -I/home/pei/Project/duckdb-polr/third_party/miniparquet -I/home/pei/Project/duckdb-polr/third_party/concurrentqueue -I/home/pei/Project/duckdb-polr/third_party/pcg -I/home/pei/Project/duckdb-polr/third_party/tdigest -I/home/pei/Project/duckdb-polr/third_party/mbedtls/include -I/home/pei/Project/duckdb-polr/third_party/jaro_winkler -I/home/pei/Project/duckdb-polr/extension/parquet/include -I/home/pei/Project/duckdb-polr/extension/parquet/../../third_party/parquet -I/home/pei/Project/duckdb-polr/extension/parquet/../../third_party/snappy -I/home/pei/Project/duckdb-polr/extension/parquet/../../third_party/miniz -I/home/pei/Project/duckdb-polr/extension/parquet/../../third_party/thrift -I/home/pei/Project/duckdb-polr/extension/parquet/../../third_party/zstd/include -O3 -DNDEBUG -O3 -DNDEBUG   -fPIC -fdiagnostics-color=always -std=c++11 -MD -MT extension/parquet/CMakeFiles/parquet_loadable_extension.dir/__/__/third_party/zstd/decompress/zstd_decompress_block.cpp.o -MF extension/parquet/CMakeFiles/parquet_loadable_extension.dir/__/__/third_party/zstd/decompress/zstd_decompress_block.cpp.o.d -o extension/parquet/CMakeFiles/parquet_loadable_extension.dir/__/__/third_party/zstd/decompress/zstd_decompress_block.cpp.o -c /home/pei/Project/duckdb-polr/third_party/zstd/decompress/zstd_decompress_block.cpp
[185/376] /usr/bin/ccache /usr/lib/ccache/c++ -DDUCKDB_BUILD_LIBRARY -DDUCKDB_BUILD_LOADABLE_EXTENSION -DENABLE_CROSS_PRODUCT_REWRITE=0 -DENABLE_DEBUG_PRINT=0 -DENABLE_MEASURE_EXE_TIME=0 -DENABLE_MERGE_BACK_PLAN=0 -DENABLE_PARALLEL_EXECUTION=0 -DENABLE_QUERY_SPLIT=1 -DENABLE_SPECIFY_EST_STAT=0 -I/home/pei/Project/duckdb-polr/src/include -I/home/pei/Project/duckdb-polr/third_party/fsst -I/home/pei/Project/duckdb-polr/third_party/fmt/include -I/home/pei/Project/duckdb-polr/third_party/hyperloglog -I/home/pei/Project/duckdb-polr/third_party/fastpforlib -I/home/pei/Project/duckdb-polr/third_party/fast_float -I/home/pei/Project/duckdb-polr/third_party/re2 -I/home/pei/Project/duckdb-polr/third_party/miniz -I/home/pei/Project/duckdb-polr/third_party/utf8proc/include -I/home/pei/Project/duckdb-polr/third_party/miniparquet -I/home/pei/Project/duckdb-polr/third_party/concurrentqueue -I/home/pei/Project/duckdb-polr/third_party/pcg -I/home/pei/Project/duckdb-polr/third_party/tdigest -I/home/pei/Project/duckdb-polr/third_party/mbedtls/include -I/home/pei/Project/duckdb-polr/third_party/jaro_winkler -I/home/pei/Project/duckdb-polr/extension/parquet/include -I/home/pei/Project/duckdb-polr/extension/parquet/../../third_party/parquet -I/home/pei/Project/duckdb-polr/extension/parquet/../../third_party/snappy -I/home/pei/Project/duckdb-polr/extension/parquet/../../third_party/miniz -I/home/pei/Project/duckdb-polr/extension/parquet/../../third_party/thrift -I/home/pei/Project/duckdb-polr/extension/parquet/../../third_party/zstd/include -O3 -DNDEBUG -O3 -DNDEBUG   -fPIC -fdiagnostics-color=always -std=c++11 -MD -MT extension/parquet/CMakeFiles/parquet_loadable_extension.dir/__/__/third_party/zstd/decompress/zstd_decompress.cpp.o -MF extension/parquet/CMakeFiles/parquet_loadable_extension.dir/__/__/third_party/zstd/decompress/zstd_decompress.cpp.o.d -o extension/parquet/CMakeFiles/parquet_loadable_extension.dir/__/__/third_party/zstd/decompress/zstd_decompress.cpp.o -c /home/pei/Project/duckdb-polr/third_party/zstd/decompress/zstd_decompress.cpp
[186/376] /usr/bin/ccache /usr/lib/ccache/c++ -DDUCKDB_BUILD_LIBRARY -DDUCKDB_BUILD_LOADABLE_EXTENSION -DENABLE_CROSS_PRODUCT_REWRITE=0 -DENABLE_DEBUG_PRINT=0 -DENABLE_MEASURE_EXE_TIME=0 -DENABLE_MERGE_BACK_PLAN=0 -DENABLE_PARALLEL_EXECUTION=0 -DENABLE_QUERY_SPLIT=1 -DENABLE_SPECIFY_EST_STAT=0 -I/home/pei/Project/duckdb-polr/src/include -I/home/pei/Project/duckdb-polr/third_party/fsst -I/home/pei/Project/duckdb-polr/third_party/fmt/include -I/home/pei/Project/duckdb-polr/third_party/hyperloglog -I/home/pei/Project/duckdb-polr/third_party/fastpforlib -I/home/pei/Project/duckdb-polr/third_party/fast_float -I/home/pei/Project/duckdb-polr/third_party/re2 -I/home/pei/Project/duckdb-polr/third_party/miniz -I/home/pei/Project/duckdb-polr/third_party/utf8proc/include -I/home/pei/Project/duckdb-polr/third_party/miniparquet -I/home/pei/Project/duckdb-polr/third_party/concurrentqueue -I/home/pei/Project/duckdb-polr/third_party/pcg -I/home/pei/Project/duckdb-polr/third_party/tdigest -I/home/pei/Project/duckdb-polr/third_party/mbedtls/include -I/home/pei/Project/duckdb-polr/third_party/jaro_winkler -I/home/pei/Project/duckdb-polr/extension/parquet/include -I/home/pei/Project/duckdb-polr/extension/parquet/../../third_party/parquet -I/home/pei/Project/duckdb-polr/extension/parquet/../../third_party/snappy -I/home/pei/Project/duckdb-polr/extension/parquet/../../third_party/miniz -I/home/pei/Project/duckdb-polr/extension/parquet/../../third_party/thrift -I/home/pei/Project/duckdb-polr/extension/parquet/../../third_party/zstd/include -O3 -DNDEBUG -O3 -DNDEBUG   -fPIC -fdiagnostics-color=always -std=c++11 -MD -MT extension/parquet/CMakeFiles/parquet_loadable_extension.dir/__/__/third_party/zstd/common/entropy_common.cpp.o -MF extension/parquet/CMakeFiles/parquet_loadable_extension.dir/__/__/third_party/zstd/common/entropy_common.cpp.o.d -o extension/parquet/CMakeFiles/parquet_loadable_extension.dir/__/__/third_party/zstd/common/entropy_common.cpp.o -c /home/pei/Project/duckdb-polr/third_party/zstd/common/entropy_common.cpp
[187/376] /usr/bin/ccache /usr/lib/ccache/c++ -DDUCKDB_BUILD_LIBRARY -DDUCKDB_BUILD_LOADABLE_EXTENSION -DENABLE_CROSS_PRODUCT_REWRITE=0 -DENABLE_DEBUG_PRINT=0 -DENABLE_MEASURE_EXE_TIME=0 -DENABLE_MERGE_BACK_PLAN=0 -DENABLE_PARALLEL_EXECUTION=0 -DENABLE_QUERY_SPLIT=1 -DENABLE_SPECIFY_EST_STAT=0 -I/home/pei/Project/duckdb-polr/src/include -I/home/pei/Project/duckdb-polr/third_party/fsst -I/home/pei/Project/duckdb-polr/third_party/fmt/include -I/home/pei/Project/duckdb-polr/third_party/hyperloglog -I/home/pei/Project/duckdb-polr/third_party/fastpforlib -I/home/pei/Project/duckdb-polr/third_party/fast_float -I/home/pei/Project/duckdb-polr/third_party/re2 -I/home/pei/Project/duckdb-polr/third_party/miniz -I/home/pei/Project/duckdb-polr/third_party/utf8proc/include -I/home/pei/Project/duckdb-polr/third_party/miniparquet -I/home/pei/Project/duckdb-polr/third_party/concurrentqueue -I/home/pei/Project/duckdb-polr/third_party/pcg -I/home/pei/Project/duckdb-polr/third_party/tdigest -I/home/pei/Project/duckdb-polr/third_party/mbedtls/include -I/home/pei/Project/duckdb-polr/third_party/jaro_winkler -I/home/pei/Project/duckdb-polr/extension/parquet/include -I/home/pei/Project/duckdb-polr/extension/parquet/../../third_party/parquet -I/home/pei/Project/duckdb-polr/extension/parquet/../../third_party/snappy -I/home/pei/Project/duckdb-polr/extension/parquet/../../third_party/miniz -I/home/pei/Project/duckdb-polr/extension/parquet/../../third_party/thrift -I/home/pei/Project/duckdb-polr/extension/parquet/../../third_party/zstd/include -O3 -DNDEBUG -O3 -DNDEBUG   -fPIC -fdiagnostics-color=always -std=c++11 -MD -MT extension/parquet/CMakeFiles/parquet_loadable_extension.dir/__/__/third_party/zstd/common/zstd_common.cpp.o -MF extension/parquet/CMakeFiles/parquet_loadable_extension.dir/__/__/third_party/zstd/common/zstd_common.cpp.o.d -o extension/parquet/CMakeFiles/parquet_loadable_extension.dir/__/__/third_party/zstd/common/zstd_common.cpp.o -c /home/pei/Project/duckdb-polr/third_party/zstd/common/zstd_common.cpp
[188/376] /usr/bin/ccache /usr/lib/ccache/c++ -DDUCKDB_BUILD_LIBRARY -DDUCKDB_BUILD_LOADABLE_EXTENSION -DENABLE_CROSS_PRODUCT_REWRITE=0 -DENABLE_DEBUG_PRINT=0 -DENABLE_MEASURE_EXE_TIME=0 -DENABLE_MERGE_BACK_PLAN=0 -DENABLE_PARALLEL_EXECUTION=0 -DENABLE_QUERY_SPLIT=1 -DENABLE_SPECIFY_EST_STAT=0 -I/home/pei/Project/duckdb-polr/src/include -I/home/pei/Project/duckdb-polr/third_party/fsst -I/home/pei/Project/duckdb-polr/third_party/fmt/include -I/home/pei/Project/duckdb-polr/third_party/hyperloglog -I/home/pei/Project/duckdb-polr/third_party/fastpforlib -I/home/pei/Project/duckdb-polr/third_party/fast_float -I/home/pei/Project/duckdb-polr/third_party/re2 -I/home/pei/Project/duckdb-polr/third_party/miniz -I/home/pei/Project/duckdb-polr/third_party/utf8proc/include -I/home/pei/Project/duckdb-polr/third_party/miniparquet -I/home/pei/Project/duckdb-polr/third_party/concurrentqueue -I/home/pei/Project/duckdb-polr/third_party/pcg -I/home/pei/Project/duckdb-polr/third_party/tdigest -I/home/pei/Project/duckdb-polr/third_party/mbedtls/include -I/home/pei/Project/duckdb-polr/third_party/jaro_winkler -I/home/pei/Project/duckdb-polr/extension/parquet/include -I/home/pei/Project/duckdb-polr/extension/parquet/../../third_party/parquet -I/home/pei/Project/duckdb-polr/extension/parquet/../../third_party/snappy -I/home/pei/Project/duckdb-polr/extension/parquet/../../third_party/miniz -I/home/pei/Project/duckdb-polr/extension/parquet/../../third_party/thrift -I/home/pei/Project/duckdb-polr/extension/parquet/../../third_party/zstd/include -O3 -DNDEBUG -O3 -DNDEBUG   -fPIC -fdiagnostics-color=always -std=c++11 -MD -MT extension/parquet/CMakeFiles/parquet_loadable_extension.dir/__/__/third_party/zstd/common/error_private.cpp.o -MF extension/parquet/CMakeFiles/parquet_loadable_extension.dir/__/__/third_party/zstd/common/error_private.cpp.o.d -o extension/parquet/CMakeFiles/parquet_loadable_extension.dir/__/__/third_party/zstd/common/error_private.cpp.o -c /home/pei/Project/duckdb-polr/third_party/zstd/common/error_private.cpp
[189/376] /usr/bin/ccache /usr/lib/ccache/c++ -DDUCKDB_BUILD_LIBRARY -DDUCKDB_BUILD_LOADABLE_EXTENSION -DENABLE_CROSS_PRODUCT_REWRITE=0 -DENABLE_DEBUG_PRINT=0 -DENABLE_MEASURE_EXE_TIME=0 -DENABLE_MERGE_BACK_PLAN=0 -DENABLE_PARALLEL_EXECUTION=0 -DENABLE_QUERY_SPLIT=1 -DENABLE_SPECIFY_EST_STAT=0 -I/home/pei/Project/duckdb-polr/src/include -I/home/pei/Project/duckdb-polr/third_party/fsst -I/home/pei/Project/duckdb-polr/third_party/fmt/include -I/home/pei/Project/duckdb-polr/third_party/hyperloglog -I/home/pei/Project/duckdb-polr/third_party/fastpforlib -I/home/pei/Project/duckdb-polr/third_party/fast_float -I/home/pei/Project/duckdb-polr/third_party/re2 -I/home/pei/Project/duckdb-polr/third_party/miniz -I/home/pei/Project/duckdb-polr/third_party/utf8proc/include -I/home/pei/Project/duckdb-polr/third_party/miniparquet -I/home/pei/Project/duckdb-polr/third_party/concurrentqueue -I/home/pei/Project/duckdb-polr/third_party/pcg -I/home/pei/Project/duckdb-polr/third_party/tdigest -I/home/pei/Project/duckdb-polr/third_party/mbedtls/include -I/home/pei/Project/duckdb-polr/third_party/jaro_winkler -I/home/pei/Project/duckdb-polr/extension/parquet/include -I/home/pei/Project/duckdb-polr/extension/parquet/../../third_party/parquet -I/home/pei/Project/duckdb-polr/extension/parquet/../../third_party/snappy -I/home/pei/Project/duckdb-polr/extension/parquet/../../third_party/miniz -I/home/pei/Project/duckdb-polr/extension/parquet/../../third_party/thrift -I/home/pei/Project/duckdb-polr/extension/parquet/../../third_party/zstd/include -O3 -DNDEBUG -O3 -DNDEBUG   -fPIC -fdiagnostics-color=always -std=c++11 -MD -MT extension/parquet/CMakeFiles/parquet_loadable_extension.dir/__/__/third_party/zstd/common/xxhash.cpp.o -MF extension/parquet/CMakeFiles/parquet_loadable_extension.dir/__/__/third_party/zstd/common/xxhash.cpp.o.d -o extension/parquet/CMakeFiles/parquet_loadable_extension.dir/__/__/third_party/zstd/common/xxhash.cpp.o -c /home/pei/Project/duckdb-polr/third_party/zstd/common/xxhash.cpp
[190/376] /usr/bin/ccache /usr/lib/ccache/c++ -DDUCKDB_BUILD_LIBRARY -DDUCKDB_BUILD_LOADABLE_EXTENSION -DENABLE_CROSS_PRODUCT_REWRITE=0 -DENABLE_DEBUG_PRINT=0 -DENABLE_MEASURE_EXE_TIME=0 -DENABLE_MERGE_BACK_PLAN=0 -DENABLE_PARALLEL_EXECUTION=0 -DENABLE_QUERY_SPLIT=1 -DENABLE_SPECIFY_EST_STAT=0 -I/home/pei/Project/duckdb-polr/src/include -I/home/pei/Project/duckdb-polr/third_party/fsst -I/home/pei/Project/duckdb-polr/third_party/fmt/include -I/home/pei/Project/duckdb-polr/third_party/hyperloglog -I/home/pei/Project/duckdb-polr/third_party/fastpforlib -I/home/pei/Project/duckdb-polr/third_party/fast_float -I/home/pei/Project/duckdb-polr/third_party/re2 -I/home/pei/Project/duckdb-polr/third_party/miniz -I/home/pei/Project/duckdb-polr/third_party/utf8proc/include -I/home/pei/Project/duckdb-polr/third_party/miniparquet -I/home/pei/Project/duckdb-polr/third_party/concurrentqueue -I/home/pei/Project/duckdb-polr/third_party/pcg -I/home/pei/Project/duckdb-polr/third_party/tdigest -I/home/pei/Project/duckdb-polr/third_party/mbedtls/include -I/home/pei/Project/duckdb-polr/third_party/jaro_winkler -I/home/pei/Project/duckdb-polr/extension/parquet/include -I/home/pei/Project/duckdb-polr/extension/parquet/../../third_party/parquet -I/home/pei/Project/duckdb-polr/extension/parquet/../../third_party/snappy -I/home/pei/Project/duckdb-polr/extension/parquet/../../third_party/miniz -I/home/pei/Project/duckdb-polr/extension/parquet/../../third_party/thrift -I/home/pei/Project/duckdb-polr/extension/parquet/../../third_party/zstd/include -O3 -DNDEBUG -O3 -DNDEBUG   -fPIC -fdiagnostics-color=always -std=c++11 -MD -MT extension/parquet/CMakeFiles/parquet_loadable_extension.dir/__/__/third_party/zstd/common/fse_decompress.cpp.o -MF extension/parquet/CMakeFiles/parquet_loadable_extension.dir/__/__/third_party/zstd/common/fse_decompress.cpp.o.d -o extension/parquet/CMakeFiles/parquet_loadable_extension.dir/__/__/third_party/zstd/common/fse_decompress.cpp.o -c /home/pei/Project/duckdb-polr/third_party/zstd/common/fse_decompress.cpp
[191/376] /usr/bin/ccache /usr/lib/ccache/c++ -DDUCKDB_BUILD_LIBRARY -DDUCKDB_BUILD_LOADABLE_EXTENSION -DENABLE_CROSS_PRODUCT_REWRITE=0 -DENABLE_DEBUG_PRINT=0 -DENABLE_MEASURE_EXE_TIME=0 -DENABLE_MERGE_BACK_PLAN=0 -DENABLE_PARALLEL_EXECUTION=0 -DENABLE_QUERY_SPLIT=1 -DENABLE_SPECIFY_EST_STAT=0 -I/home/pei/Project/duckdb-polr/src/include -I/home/pei/Project/duckdb-polr/third_party/fsst -I/home/pei/Project/duckdb-polr/third_party/fmt/include -I/home/pei/Project/duckdb-polr/third_party/hyperloglog -I/home/pei/Project/duckdb-polr/third_party/fastpforlib -I/home/pei/Project/duckdb-polr/third_party/fast_float -I/home/pei/Project/duckdb-polr/third_party/re2 -I/home/pei/Project/duckdb-polr/third_party/miniz -I/home/pei/Project/duckdb-polr/third_party/utf8proc/include -I/home/pei/Project/duckdb-polr/third_party/miniparquet -I/home/pei/Project/duckdb-polr/third_party/concurrentqueue -I/home/pei/Project/duckdb-polr/third_party/pcg -I/home/pei/Project/duckdb-polr/third_party/tdigest -I/home/pei/Project/duckdb-polr/third_party/mbedtls/include -I/home/pei/Project/duckdb-polr/third_party/jaro_winkler -I/home/pei/Project/duckdb-polr/extension/parquet/include -I/home/pei/Project/duckdb-polr/extension/parquet/../../third_party/parquet -I/home/pei/Project/duckdb-polr/extension/parquet/../../third_party/snappy -I/home/pei/Project/duckdb-polr/extension/parquet/../../third_party/miniz -I/home/pei/Project/duckdb-polr/extension/parquet/../../third_party/thrift -I/home/pei/Project/duckdb-polr/extension/parquet/../../third_party/zstd/include -O3 -DNDEBUG -O3 -DNDEBUG   -fPIC -fdiagnostics-color=always -std=c++11 -MD -MT extension/parquet/CMakeFiles/parquet_loadable_extension.dir/__/__/third_party/zstd/compress/fse_compress.cpp.o -MF extension/parquet/CMakeFiles/parquet_loadable_extension.dir/__/__/third_party/zstd/compress/fse_compress.cpp.o.d -o extension/parquet/CMakeFiles/parquet_loadable_extension.dir/__/__/third_party/zstd/compress/fse_compress.cpp.o -c /home/pei/Project/duckdb-polr/third_party/zstd/compress/fse_compress.cpp
[192/376] /usr/bin/ccache /usr/lib/ccache/c++ -DDUCKDB_BUILD_LIBRARY -DDUCKDB_BUILD_LOADABLE_EXTENSION -DENABLE_CROSS_PRODUCT_REWRITE=0 -DENABLE_DEBUG_PRINT=0 -DENABLE_MEASURE_EXE_TIME=0 -DENABLE_MERGE_BACK_PLAN=0 -DENABLE_PARALLEL_EXECUTION=0 -DENABLE_QUERY_SPLIT=1 -DENABLE_SPECIFY_EST_STAT=0 -I/home/pei/Project/duckdb-polr/src/include -I/home/pei/Project/duckdb-polr/third_party/fsst -I/home/pei/Project/duckdb-polr/third_party/fmt/include -I/home/pei/Project/duckdb-polr/third_party/hyperloglog -I/home/pei/Project/duckdb-polr/third_party/fastpforlib -I/home/pei/Project/duckdb-polr/third_party/fast_float -I/home/pei/Project/duckdb-polr/third_party/re2 -I/home/pei/Project/duckdb-polr/third_party/miniz -I/home/pei/Project/duckdb-polr/third_party/utf8proc/include -I/home/pei/Project/duckdb-polr/third_party/miniparquet -I/home/pei/Project/duckdb-polr/third_party/concurrentqueue -I/home/pei/Project/duckdb-polr/third_party/pcg -I/home/pei/Project/duckdb-polr/third_party/tdigest -I/home/pei/Project/duckdb-polr/third_party/mbedtls/include -I/home/pei/Project/duckdb-polr/third_party/jaro_winkler -I/home/pei/Project/duckdb-polr/extension/parquet/include -I/home/pei/Project/duckdb-polr/extension/parquet/../../third_party/parquet -I/home/pei/Project/duckdb-polr/extension/parquet/../../third_party/snappy -I/home/pei/Project/duckdb-polr/extension/parquet/../../third_party/miniz -I/home/pei/Project/duckdb-polr/extension/parquet/../../third_party/thrift -I/home/pei/Project/duckdb-polr/extension/parquet/../../third_party/zstd/include -O3 -DNDEBUG -O3 -DNDEBUG   -fPIC -fdiagnostics-color=always -std=c++11 -MD -MT extension/parquet/CMakeFiles/parquet_loadable_extension.dir/__/__/third_party/zstd/compress/hist.cpp.o -MF extension/parquet/CMakeFiles/parquet_loadable_extension.dir/__/__/third_party/zstd/compress/hist.cpp.o.d -o extension/parquet/CMakeFiles/parquet_loadable_extension.dir/__/__/third_party/zstd/compress/hist.cpp.o -c /home/pei/Project/duckdb-polr/third_party/zstd/compress/hist.cpp
[193/376] /usr/bin/ccache /usr/lib/ccache/c++ -DDUCKDB_BUILD_LIBRARY -DDUCKDB_BUILD_LOADABLE_EXTENSION -DENABLE_CROSS_PRODUCT_REWRITE=0 -DENABLE_DEBUG_PRINT=0 -DENABLE_MEASURE_EXE_TIME=0 -DENABLE_MERGE_BACK_PLAN=0 -DENABLE_PARALLEL_EXECUTION=0 -DENABLE_QUERY_SPLIT=1 -DENABLE_SPECIFY_EST_STAT=0 -I/home/pei/Project/duckdb-polr/src/include -I/home/pei/Project/duckdb-polr/third_party/fsst -I/home/pei/Project/duckdb-polr/third_party/fmt/include -I/home/pei/Project/duckdb-polr/third_party/hyperloglog -I/home/pei/Project/duckdb-polr/third_party/fastpforlib -I/home/pei/Project/duckdb-polr/third_party/fast_float -I/home/pei/Project/duckdb-polr/third_party/re2 -I/home/pei/Project/duckdb-polr/third_party/miniz -I/home/pei/Project/duckdb-polr/third_party/utf8proc/include -I/home/pei/Project/duckdb-polr/third_party/miniparquet -I/home/pei/Project/duckdb-polr/third_party/concurrentqueue -I/home/pei/Project/duckdb-polr/third_party/pcg -I/home/pei/Project/duckdb-polr/third_party/tdigest -I/home/pei/Project/duckdb-polr/third_party/mbedtls/include -I/home/pei/Project/duckdb-polr/third_party/jaro_winkler -I/home/pei/Project/duckdb-polr/extension/parquet/include -I/home/pei/Project/duckdb-polr/extension/parquet/../../third_party/parquet -I/home/pei/Project/duckdb-polr/extension/parquet/../../third_party/snappy -I/home/pei/Project/duckdb-polr/extension/parquet/../../third_party/miniz -I/home/pei/Project/duckdb-polr/extension/parquet/../../third_party/thrift -I/home/pei/Project/duckdb-polr/extension/parquet/../../third_party/zstd/include -O3 -DNDEBUG -O3 -DNDEBUG   -fPIC -fdiagnostics-color=always -std=c++11 -MD -MT extension/parquet/CMakeFiles/parquet_loadable_extension.dir/__/__/third_party/zstd/compress/huf_compress.cpp.o -MF extension/parquet/CMakeFiles/parquet_loadable_extension.dir/__/__/third_party/zstd/compress/huf_compress.cpp.o.d -o extension/parquet/CMakeFiles/parquet_loadable_extension.dir/__/__/third_party/zstd/compress/huf_compress.cpp.o -c /home/pei/Project/duckdb-polr/third_party/zstd/compress/huf_compress.cpp
[194/376] /usr/bin/ccache /usr/lib/ccache/c++ -DDUCKDB_BUILD_LIBRARY -DDUCKDB_BUILD_LOADABLE_EXTENSION -DENABLE_CROSS_PRODUCT_REWRITE=0 -DENABLE_DEBUG_PRINT=0 -DENABLE_MEASURE_EXE_TIME=0 -DENABLE_MERGE_BACK_PLAN=0 -DENABLE_PARALLEL_EXECUTION=0 -DENABLE_QUERY_SPLIT=1 -DENABLE_SPECIFY_EST_STAT=0 -I/home/pei/Project/duckdb-polr/src/include -I/home/pei/Project/duckdb-polr/third_party/fsst -I/home/pei/Project/duckdb-polr/third_party/fmt/include -I/home/pei/Project/duckdb-polr/third_party/hyperloglog -I/home/pei/Project/duckdb-polr/third_party/fastpforlib -I/home/pei/Project/duckdb-polr/third_party/fast_float -I/home/pei/Project/duckdb-polr/third_party/re2 -I/home/pei/Project/duckdb-polr/third_party/miniz -I/home/pei/Project/duckdb-polr/third_party/utf8proc/include -I/home/pei/Project/duckdb-polr/third_party/miniparquet -I/home/pei/Project/duckdb-polr/third_party/concurrentqueue -I/home/pei/Project/duckdb-polr/third_party/pcg -I/home/pei/Project/duckdb-polr/third_party/tdigest -I/home/pei/Project/duckdb-polr/third_party/mbedtls/include -I/home/pei/Project/duckdb-polr/third_party/jaro_winkler -I/home/pei/Project/duckdb-polr/extension/parquet/include -I/home/pei/Project/duckdb-polr/extension/parquet/../../third_party/parquet -I/home/pei/Project/duckdb-polr/extension/parquet/../../third_party/snappy -I/home/pei/Project/duckdb-polr/extension/parquet/../../third_party/miniz -I/home/pei/Project/duckdb-polr/extension/parquet/../../third_party/thrift -I/home/pei/Project/duckdb-polr/extension/parquet/../../third_party/zstd/include -O3 -DNDEBUG -O3 -DNDEBUG   -fPIC -fdiagnostics-color=always -std=c++11 -MD -MT extension/parquet/CMakeFiles/parquet_loadable_extension.dir/__/__/third_party/zstd/compress/zstd_compress.cpp.o -MF extension/parquet/CMakeFiles/parquet_loadable_extension.dir/__/__/third_party/zstd/compress/zstd_compress.cpp.o.d -o extension/parquet/CMakeFiles/parquet_loadable_extension.dir/__/__/third_party/zstd/compress/zstd_compress.cpp.o -c /home/pei/Project/duckdb-polr/third_party/zstd/compress/zstd_compress.cpp
[195/376] /usr/bin/ccache /usr/lib/ccache/c++ -DDUCKDB_BUILD_LIBRARY -DDUCKDB_BUILD_LOADABLE_EXTENSION -DENABLE_CROSS_PRODUCT_REWRITE=0 -DENABLE_DEBUG_PRINT=0 -DENABLE_MEASURE_EXE_TIME=0 -DENABLE_MERGE_BACK_PLAN=0 -DENABLE_PARALLEL_EXECUTION=0 -DENABLE_QUERY_SPLIT=1 -DENABLE_SPECIFY_EST_STAT=0 -I/home/pei/Project/duckdb-polr/src/include -I/home/pei/Project/duckdb-polr/third_party/fsst -I/home/pei/Project/duckdb-polr/third_party/fmt/include -I/home/pei/Project/duckdb-polr/third_party/hyperloglog -I/home/pei/Project/duckdb-polr/third_party/fastpforlib -I/home/pei/Project/duckdb-polr/third_party/fast_float -I/home/pei/Project/duckdb-polr/third_party/re2 -I/home/pei/Project/duckdb-polr/third_party/miniz -I/home/pei/Project/duckdb-polr/third_party/utf8proc/include -I/home/pei/Project/duckdb-polr/third_party/miniparquet -I/home/pei/Project/duckdb-polr/third_party/concurrentqueue -I/home/pei/Project/duckdb-polr/third_party/pcg -I/home/pei/Project/duckdb-polr/third_party/tdigest -I/home/pei/Project/duckdb-polr/third_party/mbedtls/include -I/home/pei/Project/duckdb-polr/third_party/jaro_winkler -I/home/pei/Project/duckdb-polr/extension/parquet/include -I/home/pei/Project/duckdb-polr/extension/parquet/../../third_party/parquet -I/home/pei/Project/duckdb-polr/extension/parquet/../../third_party/snappy -I/home/pei/Project/duckdb-polr/extension/parquet/../../third_party/miniz -I/home/pei/Project/duckdb-polr/extension/parquet/../../third_party/thrift -I/home/pei/Project/duckdb-polr/extension/parquet/../../third_party/zstd/include -O3 -DNDEBUG -O3 -DNDEBUG   -fPIC -fdiagnostics-color=always -std=c++11 -MD -MT extension/parquet/CMakeFiles/parquet_loadable_extension.dir/__/__/third_party/zstd/compress/zstd_compress_literals.cpp.o -MF extension/parquet/CMakeFiles/parquet_loadable_extension.dir/__/__/third_party/zstd/compress/zstd_compress_literals.cpp.o.d -o extension/parquet/CMakeFiles/parquet_loadable_extension.dir/__/__/third_party/zstd/compress/zstd_compress_literals.cpp.o -c /home/pei/Project/duckdb-polr/third_party/zstd/compress/zstd_compress_literals.cpp
[196/376] /usr/bin/ccache /usr/lib/ccache/c++ -DDUCKDB_BUILD_LIBRARY -DDUCKDB_BUILD_LOADABLE_EXTENSION -DENABLE_CROSS_PRODUCT_REWRITE=0 -DENABLE_DEBUG_PRINT=0 -DENABLE_MEASURE_EXE_TIME=0 -DENABLE_MERGE_BACK_PLAN=0 -DENABLE_PARALLEL_EXECUTION=0 -DENABLE_QUERY_SPLIT=1 -DENABLE_SPECIFY_EST_STAT=0 -I/home/pei/Project/duckdb-polr/src/include -I/home/pei/Project/duckdb-polr/third_party/fsst -I/home/pei/Project/duckdb-polr/third_party/fmt/include -I/home/pei/Project/duckdb-polr/third_party/hyperloglog -I/home/pei/Project/duckdb-polr/third_party/fastpforlib -I/home/pei/Project/duckdb-polr/third_party/fast_float -I/home/pei/Project/duckdb-polr/third_party/re2 -I/home/pei/Project/duckdb-polr/third_party/miniz -I/home/pei/Project/duckdb-polr/third_party/utf8proc/include -I/home/pei/Project/duckdb-polr/third_party/miniparquet -I/home/pei/Project/duckdb-polr/third_party/concurrentqueue -I/home/pei/Project/duckdb-polr/third_party/pcg -I/home/pei/Project/duckdb-polr/third_party/tdigest -I/home/pei/Project/duckdb-polr/third_party/mbedtls/include -I/home/pei/Project/duckdb-polr/third_party/jaro_winkler -I/home/pei/Project/duckdb-polr/extension/parquet/include -I/home/pei/Project/duckdb-polr/extension/parquet/../../third_party/parquet -I/home/pei/Project/duckdb-polr/extension/parquet/../../third_party/snappy -I/home/pei/Project/duckdb-polr/extension/parquet/../../third_party/miniz -I/home/pei/Project/duckdb-polr/extension/parquet/../../third_party/thrift -I/home/pei/Project/duckdb-polr/extension/parquet/../../third_party/zstd/include -O3 -DNDEBUG -O3 -DNDEBUG   -fPIC -fdiagnostics-color=always -std=c++11 -MD -MT extension/parquet/CMakeFiles/parquet_loadable_extension.dir/__/__/third_party/zstd/compress/zstd_compress_sequences.cpp.o -MF extension/parquet/CMakeFiles/parquet_loadable_extension.dir/__/__/third_party/zstd/compress/zstd_compress_sequences.cpp.o.d -o extension/parquet/CMakeFiles/parquet_loadable_extension.dir/__/__/third_party/zstd/compress/zstd_compress_sequences.cpp.o -c /home/pei/Project/duckdb-polr/third_party/zstd/compress/zstd_compress_sequences.cpp
[197/376] /usr/bin/ccache /usr/lib/ccache/c++ -DDUCKDB_BUILD_LIBRARY -DDUCKDB_BUILD_LOADABLE_EXTENSION -DENABLE_CROSS_PRODUCT_REWRITE=0 -DENABLE_DEBUG_PRINT=0 -DENABLE_MEASURE_EXE_TIME=0 -DENABLE_MERGE_BACK_PLAN=0 -DENABLE_PARALLEL_EXECUTION=0 -DENABLE_QUERY_SPLIT=1 -DENABLE_SPECIFY_EST_STAT=0 -I/home/pei/Project/duckdb-polr/src/include -I/home/pei/Project/duckdb-polr/third_party/fsst -I/home/pei/Project/duckdb-polr/third_party/fmt/include -I/home/pei/Project/duckdb-polr/third_party/hyperloglog -I/home/pei/Project/duckdb-polr/third_party/fastpforlib -I/home/pei/Project/duckdb-polr/third_party/fast_float -I/home/pei/Project/duckdb-polr/third_party/re2 -I/home/pei/Project/duckdb-polr/third_party/miniz -I/home/pei/Project/duckdb-polr/third_party/utf8proc/include -I/home/pei/Project/duckdb-polr/third_party/miniparquet -I/home/pei/Project/duckdb-polr/third_party/concurrentqueue -I/home/pei/Project/duckdb-polr/third_party/pcg -I/home/pei/Project/duckdb-polr/third_party/tdigest -I/home/pei/Project/duckdb-polr/third_party/mbedtls/include -I/home/pei/Project/duckdb-polr/third_party/jaro_winkler -I/home/pei/Project/duckdb-polr/extension/parquet/include -I/home/pei/Project/duckdb-polr/extension/parquet/../../third_party/parquet -I/home/pei/Project/duckdb-polr/extension/parquet/../../third_party/snappy -I/home/pei/Project/duckdb-polr/extension/parquet/../../third_party/miniz -I/home/pei/Project/duckdb-polr/extension/parquet/../../third_party/thrift -I/home/pei/Project/duckdb-polr/extension/parquet/../../third_party/zstd/include -O3 -DNDEBUG -O3 -DNDEBUG   -fPIC -fdiagnostics-color=always -std=c++11 -MD -MT extension/parquet/CMakeFiles/parquet_loadable_extension.dir/__/__/third_party/zstd/compress/zstd_compress_superblock.cpp.o -MF extension/parquet/CMakeFiles/parquet_loadable_extension.dir/__/__/third_party/zstd/compress/zstd_compress_superblock.cpp.o.d -o extension/parquet/CMakeFiles/parquet_loadable_extension.dir/__/__/third_party/zstd/compress/zstd_compress_superblock.cpp.o -c /home/pei/Project/duckdb-polr/third_party/zstd/compress/zstd_compress_superblock.cpp
[198/376] /usr/bin/ccache /usr/lib/ccache/c++ -DDUCKDB_BUILD_LIBRARY -DDUCKDB_BUILD_LOADABLE_EXTENSION -DENABLE_CROSS_PRODUCT_REWRITE=0 -DENABLE_DEBUG_PRINT=0 -DENABLE_MEASURE_EXE_TIME=0 -DENABLE_MERGE_BACK_PLAN=0 -DENABLE_PARALLEL_EXECUTION=0 -DENABLE_QUERY_SPLIT=1 -DENABLE_SPECIFY_EST_STAT=0 -I/home/pei/Project/duckdb-polr/src/include -I/home/pei/Project/duckdb-polr/third_party/fsst -I/home/pei/Project/duckdb-polr/third_party/fmt/include -I/home/pei/Project/duckdb-polr/third_party/hyperloglog -I/home/pei/Project/duckdb-polr/third_party/fastpforlib -I/home/pei/Project/duckdb-polr/third_party/fast_float -I/home/pei/Project/duckdb-polr/third_party/re2 -I/home/pei/Project/duckdb-polr/third_party/miniz -I/home/pei/Project/duckdb-polr/third_party/utf8proc/include -I/home/pei/Project/duckdb-polr/third_party/miniparquet -I/home/pei/Project/duckdb-polr/third_party/concurrentqueue -I/home/pei/Project/duckdb-polr/third_party/pcg -I/home/pei/Project/duckdb-polr/third_party/tdigest -I/home/pei/Project/duckdb-polr/third_party/mbedtls/include -I/home/pei/Project/duckdb-polr/third_party/jaro_winkler -I/home/pei/Project/duckdb-polr/extension/parquet/include -I/home/pei/Project/duckdb-polr/extension/parquet/../../third_party/parquet -I/home/pei/Project/duckdb-polr/extension/parquet/../../third_party/snappy -I/home/pei/Project/duckdb-polr/extension/parquet/../../third_party/miniz -I/home/pei/Project/duckdb-polr/extension/parquet/../../third_party/thrift -I/home/pei/Project/duckdb-polr/extension/parquet/../../third_party/zstd/include -O3 -DNDEBUG -O3 -DNDEBUG   -fPIC -fdiagnostics-color=always -std=c++11 -MD -MT extension/parquet/CMakeFiles/parquet_loadable_extension.dir/__/__/third_party/zstd/compress/zstd_double_fast.cpp.o -MF extension/parquet/CMakeFiles/parquet_loadable_extension.dir/__/__/third_party/zstd/compress/zstd_double_fast.cpp.o.d -o extension/parquet/CMakeFiles/parquet_loadable_extension.dir/__/__/third_party/zstd/compress/zstd_double_fast.cpp.o -c /home/pei/Project/duckdb-polr/third_party/zstd/compress/zstd_double_fast.cpp
[199/376] /usr/bin/ccache /usr/lib/ccache/c++ -DDUCKDB_BUILD_LIBRARY -DDUCKDB_BUILD_LOADABLE_EXTENSION -DENABLE_CROSS_PRODUCT_REWRITE=0 -DENABLE_DEBUG_PRINT=0 -DENABLE_MEASURE_EXE_TIME=0 -DENABLE_MERGE_BACK_PLAN=0 -DENABLE_PARALLEL_EXECUTION=0 -DENABLE_QUERY_SPLIT=1 -DENABLE_SPECIFY_EST_STAT=0 -I/home/pei/Project/duckdb-polr/src/include -I/home/pei/Project/duckdb-polr/third_party/fsst -I/home/pei/Project/duckdb-polr/third_party/fmt/include -I/home/pei/Project/duckdb-polr/third_party/hyperloglog -I/home/pei/Project/duckdb-polr/third_party/fastpforlib -I/home/pei/Project/duckdb-polr/third_party/fast_float -I/home/pei/Project/duckdb-polr/third_party/re2 -I/home/pei/Project/duckdb-polr/third_party/miniz -I/home/pei/Project/duckdb-polr/third_party/utf8proc/include -I/home/pei/Project/duckdb-polr/third_party/miniparquet -I/home/pei/Project/duckdb-polr/third_party/concurrentqueue -I/home/pei/Project/duckdb-polr/third_party/pcg -I/home/pei/Project/duckdb-polr/third_party/tdigest -I/home/pei/Project/duckdb-polr/third_party/mbedtls/include -I/home/pei/Project/duckdb-polr/third_party/jaro_winkler -I/home/pei/Project/duckdb-polr/extension/parquet/include -I/home/pei/Project/duckdb-polr/extension/parquet/../../third_party/parquet -I/home/pei/Project/duckdb-polr/extension/parquet/../../third_party/snappy -I/home/pei/Project/duckdb-polr/extension/parquet/../../third_party/miniz -I/home/pei/Project/duckdb-polr/extension/parquet/../../third_party/thrift -I/home/pei/Project/duckdb-polr/extension/parquet/../../third_party/zstd/include -O3 -DNDEBUG -O3 -DNDEBUG   -fPIC -fdiagnostics-color=always -std=c++11 -MD -MT extension/parquet/CMakeFiles/parquet_loadable_extension.dir/__/__/third_party/zstd/compress/zstd_fast.cpp.o -MF extension/parquet/CMakeFiles/parquet_loadable_extension.dir/__/__/third_party/zstd/compress/zstd_fast.cpp.o.d -o extension/parquet/CMakeFiles/parquet_loadable_extension.dir/__/__/third_party/zstd/compress/zstd_fast.cpp.o -c /home/pei/Project/duckdb-polr/third_party/zstd/compress/zstd_fast.cpp
[200/376] /usr/bin/ccache /usr/lib/ccache/c++ -DDUCKDB_BUILD_LIBRARY -DDUCKDB_BUILD_LOADABLE_EXTENSION -DENABLE_CROSS_PRODUCT_REWRITE=0 -DENABLE_DEBUG_PRINT=0 -DENABLE_MEASURE_EXE_TIME=0 -DENABLE_MERGE_BACK_PLAN=0 -DENABLE_PARALLEL_EXECUTION=0 -DENABLE_QUERY_SPLIT=1 -DENABLE_SPECIFY_EST_STAT=0 -I/home/pei/Project/duckdb-polr/src/include -I/home/pei/Project/duckdb-polr/third_party/fsst -I/home/pei/Project/duckdb-polr/third_party/fmt/include -I/home/pei/Project/duckdb-polr/third_party/hyperloglog -I/home/pei/Project/duckdb-polr/third_party/fastpforlib -I/home/pei/Project/duckdb-polr/third_party/fast_float -I/home/pei/Project/duckdb-polr/third_party/re2 -I/home/pei/Project/duckdb-polr/third_party/miniz -I/home/pei/Project/duckdb-polr/third_party/utf8proc/include -I/home/pei/Project/duckdb-polr/third_party/miniparquet -I/home/pei/Project/duckdb-polr/third_party/concurrentqueue -I/home/pei/Project/duckdb-polr/third_party/pcg -I/home/pei/Project/duckdb-polr/third_party/tdigest -I/home/pei/Project/duckdb-polr/third_party/mbedtls/include -I/home/pei/Project/duckdb-polr/third_party/jaro_winkler -I/home/pei/Project/duckdb-polr/extension/parquet/include -I/home/pei/Project/duckdb-polr/extension/parquet/../../third_party/parquet -I/home/pei/Project/duckdb-polr/extension/parquet/../../third_party/snappy -I/home/pei/Project/duckdb-polr/extension/parquet/../../third_party/miniz -I/home/pei/Project/duckdb-polr/extension/parquet/../../third_party/thrift -I/home/pei/Project/duckdb-polr/extension/parquet/../../third_party/zstd/include -O3 -DNDEBUG -O3 -DNDEBUG   -fPIC -fdiagnostics-color=always -std=c++11 -MD -MT extension/parquet/CMakeFiles/parquet_loadable_extension.dir/__/__/third_party/zstd/compress/zstd_lazy.cpp.o -MF extension/parquet/CMakeFiles/parquet_loadable_extension.dir/__/__/third_party/zstd/compress/zstd_lazy.cpp.o.d -o extension/parquet/CMakeFiles/parquet_loadable_extension.dir/__/__/third_party/zstd/compress/zstd_lazy.cpp.o -c /home/pei/Project/duckdb-polr/third_party/zstd/compress/zstd_lazy.cpp
[201/376] /usr/bin/ccache /usr/lib/ccache/c++ -DDUCKDB_BUILD_LIBRARY -DDUCKDB_BUILD_LOADABLE_EXTENSION -DENABLE_CROSS_PRODUCT_REWRITE=0 -DENABLE_DEBUG_PRINT=0 -DENABLE_MEASURE_EXE_TIME=0 -DENABLE_MERGE_BACK_PLAN=0 -DENABLE_PARALLEL_EXECUTION=0 -DENABLE_QUERY_SPLIT=1 -DENABLE_SPECIFY_EST_STAT=0 -I/home/pei/Project/duckdb-polr/src/include -I/home/pei/Project/duckdb-polr/third_party/fsst -I/home/pei/Project/duckdb-polr/third_party/fmt/include -I/home/pei/Project/duckdb-polr/third_party/hyperloglog -I/home/pei/Project/duckdb-polr/third_party/fastpforlib -I/home/pei/Project/duckdb-polr/third_party/fast_float -I/home/pei/Project/duckdb-polr/third_party/re2 -I/home/pei/Project/duckdb-polr/third_party/miniz -I/home/pei/Project/duckdb-polr/third_party/utf8proc/include -I/home/pei/Project/duckdb-polr/third_party/miniparquet -I/home/pei/Project/duckdb-polr/third_party/concurrentqueue -I/home/pei/Project/duckdb-polr/third_party/pcg -I/home/pei/Project/duckdb-polr/third_party/tdigest -I/home/pei/Project/duckdb-polr/third_party/mbedtls/include -I/home/pei/Project/duckdb-polr/third_party/jaro_winkler -I/home/pei/Project/duckdb-polr/extension/parquet/include -I/home/pei/Project/duckdb-polr/extension/parquet/../../third_party/parquet -I/home/pei/Project/duckdb-polr/extension/parquet/../../third_party/snappy -I/home/pei/Project/duckdb-polr/extension/parquet/../../third_party/miniz -I/home/pei/Project/duckdb-polr/extension/parquet/../../third_party/thrift -I/home/pei/Project/duckdb-polr/extension/parquet/../../third_party/zstd/include -O3 -DNDEBUG -O3 -DNDEBUG   -fPIC -fdiagnostics-color=always -std=c++11 -MD -MT extension/parquet/CMakeFiles/parquet_loadable_extension.dir/__/__/third_party/zstd/compress/zstd_ldm.cpp.o -MF extension/parquet/CMakeFiles/parquet_loadable_extension.dir/__/__/third_party/zstd/compress/zstd_ldm.cpp.o.d -o extension/parquet/CMakeFiles/parquet_loadable_extension.dir/__/__/third_party/zstd/compress/zstd_ldm.cpp.o -c /home/pei/Project/duckdb-polr/third_party/zstd/compress/zstd_ldm.cpp
[202/376] /usr/bin/ccache /usr/lib/ccache/c++ -DDUCKDB_BUILD_LIBRARY -DDUCKDB_BUILD_LOADABLE_EXTENSION -DENABLE_CROSS_PRODUCT_REWRITE=0 -DENABLE_DEBUG_PRINT=0 -DENABLE_MEASURE_EXE_TIME=0 -DENABLE_MERGE_BACK_PLAN=0 -DENABLE_PARALLEL_EXECUTION=0 -DENABLE_QUERY_SPLIT=1 -DENABLE_SPECIFY_EST_STAT=0 -I/home/pei/Project/duckdb-polr/src/include -I/home/pei/Project/duckdb-polr/third_party/fsst -I/home/pei/Project/duckdb-polr/third_party/fmt/include -I/home/pei/Project/duckdb-polr/third_party/hyperloglog -I/home/pei/Project/duckdb-polr/third_party/fastpforlib -I/home/pei/Project/duckdb-polr/third_party/fast_float -I/home/pei/Project/duckdb-polr/third_party/re2 -I/home/pei/Project/duckdb-polr/third_party/miniz -I/home/pei/Project/duckdb-polr/third_party/utf8proc/include -I/home/pei/Project/duckdb-polr/third_party/miniparquet -I/home/pei/Project/duckdb-polr/third_party/concurrentqueue -I/home/pei/Project/duckdb-polr/third_party/pcg -I/home/pei/Project/duckdb-polr/third_party/tdigest -I/home/pei/Project/duckdb-polr/third_party/mbedtls/include -I/home/pei/Project/duckdb-polr/third_party/jaro_winkler -I/home/pei/Project/duckdb-polr/extension/parquet/include -I/home/pei/Project/duckdb-polr/extension/parquet/../../third_party/parquet -I/home/pei/Project/duckdb-polr/extension/parquet/../../third_party/snappy -I/home/pei/Project/duckdb-polr/extension/parquet/../../third_party/miniz -I/home/pei/Project/duckdb-polr/extension/parquet/../../third_party/thrift -I/home/pei/Project/duckdb-polr/extension/parquet/../../third_party/zstd/include -O3 -DNDEBUG -O3 -DNDEBUG   -fPIC -fdiagnostics-color=always -std=c++11 -MD -MT extension/parquet/CMakeFiles/parquet_loadable_extension.dir/__/__/third_party/zstd/compress/zstd_opt.cpp.o -MF extension/parquet/CMakeFiles/parquet_loadable_extension.dir/__/__/third_party/zstd/compress/zstd_opt.cpp.o.d -o extension/parquet/CMakeFiles/parquet_loadable_extension.dir/__/__/third_party/zstd/compress/zstd_opt.cpp.o -c /home/pei/Project/duckdb-polr/third_party/zstd/compress/zstd_opt.cpp
[203/376] /usr/bin/ccache /usr/lib/ccache/c++ -DDUCKDB_BUILD_LIBRARY -DENABLE_CROSS_PRODUCT_REWRITE=0 -DENABLE_DEBUG_PRINT=0 -DENABLE_MEASURE_EXE_TIME=0 -DENABLE_MERGE_BACK_PLAN=0 -DENABLE_PARALLEL_EXECUTION=0 -DENABLE_QUERY_SPLIT=1 -DENABLE_SPECIFY_EST_STAT=0 -DJEMALLOC_NO_PRIVATE_NAMESPACE -DJEMALLOC_NO_RENAME -I/home/pei/Project/duckdb-polr/src/include -I/home/pei/Project/duckdb-polr/third_party/fsst -I/home/pei/Project/duckdb-polr/third_party/fmt/include -I/home/pei/Project/duckdb-polr/third_party/hyperloglog -I/home/pei/Project/duckdb-polr/third_party/fastpforlib -I/home/pei/Project/duckdb-polr/third_party/fast_float -I/home/pei/Project/duckdb-polr/third_party/re2 -I/home/pei/Project/duckdb-polr/third_party/miniz -I/home/pei/Project/duckdb-polr/third_party/utf8proc/include -I/home/pei/Project/duckdb-polr/third_party/miniparquet -I/home/pei/Project/duckdb-polr/third_party/concurrentqueue -I/home/pei/Project/duckdb-polr/third_party/pcg -I/home/pei/Project/duckdb-polr/third_party/tdigest -I/home/pei/Project/duckdb-polr/third_party/mbedtls/include -I/home/pei/Project/duckdb-polr/third_party/jaro_winkler -I/home/pei/Project/duckdb-polr/extension/jemalloc/include -I/home/pei/Project/duckdb-polr/extension/jemalloc/jemalloc/include -O3 -DNDEBUG -O3 -DNDEBUG   -fPIC -fdiagnostics-color=always -w -std=c++11 -MD -MT extension/jemalloc/jemalloc/CMakeFiles/jemalloc.dir/src/arena.cpp.o -MF extension/jemalloc/jemalloc/CMakeFiles/jemalloc.dir/src/arena.cpp.o.d -o extension/jemalloc/jemalloc/CMakeFiles/jemalloc.dir/src/arena.cpp.o -c /home/pei/Project/duckdb-polr/extension/jemalloc/jemalloc/src/arena.cpp
[204/376] /usr/bin/ccache /usr/lib/ccache/c++ -DDUCKDB_BUILD_LIBRARY -DENABLE_CROSS_PRODUCT_REWRITE=0 -DENABLE_DEBUG_PRINT=0 -DENABLE_MEASURE_EXE_TIME=0 -DENABLE_MERGE_BACK_PLAN=0 -DENABLE_PARALLEL_EXECUTION=0 -DENABLE_QUERY_SPLIT=1 -DENABLE_SPECIFY_EST_STAT=0 -DJEMALLOC_NO_PRIVATE_NAMESPACE -DJEMALLOC_NO_RENAME -I/home/pei/Project/duckdb-polr/src/include -I/home/pei/Project/duckdb-polr/third_party/fsst -I/home/pei/Project/duckdb-polr/third_party/fmt/include -I/home/pei/Project/duckdb-polr/third_party/hyperloglog -I/home/pei/Project/duckdb-polr/third_party/fastpforlib -I/home/pei/Project/duckdb-polr/third_party/fast_float -I/home/pei/Project/duckdb-polr/third_party/re2 -I/home/pei/Project/duckdb-polr/third_party/miniz -I/home/pei/Project/duckdb-polr/third_party/utf8proc/include -I/home/pei/Project/duckdb-polr/third_party/miniparquet -I/home/pei/Project/duckdb-polr/third_party/concurrentqueue -I/home/pei/Project/duckdb-polr/third_party/pcg -I/home/pei/Project/duckdb-polr/third_party/tdigest -I/home/pei/Project/duckdb-polr/third_party/mbedtls/include -I/home/pei/Project/duckdb-polr/third_party/jaro_winkler -I/home/pei/Project/duckdb-polr/extension/jemalloc/include -I/home/pei/Project/duckdb-polr/extension/jemalloc/jemalloc/include -O3 -DNDEBUG -O3 -DNDEBUG   -fPIC -fdiagnostics-color=always -w -std=c++11 -MD -MT extension/jemalloc/jemalloc/CMakeFiles/jemalloc.dir/src/background_thread.cpp.o -MF extension/jemalloc/jemalloc/CMakeFiles/jemalloc.dir/src/background_thread.cpp.o.d -o extension/jemalloc/jemalloc/CMakeFiles/jemalloc.dir/src/background_thread.cpp.o -c /home/pei/Project/duckdb-polr/extension/jemalloc/jemalloc/src/background_thread.cpp
[205/376] /usr/bin/ccache /usr/lib/ccache/c++ -DDUCKDB_BUILD_LIBRARY -DENABLE_CROSS_PRODUCT_REWRITE=0 -DENABLE_DEBUG_PRINT=0 -DENABLE_MEASURE_EXE_TIME=0 -DENABLE_MERGE_BACK_PLAN=0 -DENABLE_PARALLEL_EXECUTION=0 -DENABLE_QUERY_SPLIT=1 -DENABLE_SPECIFY_EST_STAT=0 -DJEMALLOC_NO_PRIVATE_NAMESPACE -DJEMALLOC_NO_RENAME -I/home/pei/Project/duckdb-polr/src/include -I/home/pei/Project/duckdb-polr/third_party/fsst -I/home/pei/Project/duckdb-polr/third_party/fmt/include -I/home/pei/Project/duckdb-polr/third_party/hyperloglog -I/home/pei/Project/duckdb-polr/third_party/fastpforlib -I/home/pei/Project/duckdb-polr/third_party/fast_float -I/home/pei/Project/duckdb-polr/third_party/re2 -I/home/pei/Project/duckdb-polr/third_party/miniz -I/home/pei/Project/duckdb-polr/third_party/utf8proc/include -I/home/pei/Project/duckdb-polr/third_party/miniparquet -I/home/pei/Project/duckdb-polr/third_party/concurrentqueue -I/home/pei/Project/duckdb-polr/third_party/pcg -I/home/pei/Project/duckdb-polr/third_party/tdigest -I/home/pei/Project/duckdb-polr/third_party/mbedtls/include -I/home/pei/Project/duckdb-polr/third_party/jaro_winkler -I/home/pei/Project/duckdb-polr/extension/jemalloc/include -I/home/pei/Project/duckdb-polr/extension/jemalloc/jemalloc/include -O3 -DNDEBUG -O3 -DNDEBUG   -fPIC -fdiagnostics-color=always -w -std=c++11 -MD -MT extension/jemalloc/jemalloc/CMakeFiles/jemalloc.dir/src/base.cpp.o -MF extension/jemalloc/jemalloc/CMakeFiles/jemalloc.dir/src/base.cpp.o.d -o extension/jemalloc/jemalloc/CMakeFiles/jemalloc.dir/src/base.cpp.o -c /home/pei/Project/duckdb-polr/extension/jemalloc/jemalloc/src/base.cpp
[206/376] /usr/bin/ccache /usr/lib/ccache/c++ -DDUCKDB_BUILD_LIBRARY -DENABLE_CROSS_PRODUCT_REWRITE=0 -DENABLE_DEBUG_PRINT=0 -DENABLE_MEASURE_EXE_TIME=0 -DENABLE_MERGE_BACK_PLAN=0 -DENABLE_PARALLEL_EXECUTION=0 -DENABLE_QUERY_SPLIT=1 -DENABLE_SPECIFY_EST_STAT=0 -DJEMALLOC_NO_PRIVATE_NAMESPACE -DJEMALLOC_NO_RENAME -I/home/pei/Project/duckdb-polr/src/include -I/home/pei/Project/duckdb-polr/third_party/fsst -I/home/pei/Project/duckdb-polr/third_party/fmt/include -I/home/pei/Project/duckdb-polr/third_party/hyperloglog -I/home/pei/Project/duckdb-polr/third_party/fastpforlib -I/home/pei/Project/duckdb-polr/third_party/fast_float -I/home/pei/Project/duckdb-polr/third_party/re2 -I/home/pei/Project/duckdb-polr/third_party/miniz -I/home/pei/Project/duckdb-polr/third_party/utf8proc/include -I/home/pei/Project/duckdb-polr/third_party/miniparquet -I/home/pei/Project/duckdb-polr/third_party/concurrentqueue -I/home/pei/Project/duckdb-polr/third_party/pcg -I/home/pei/Project/duckdb-polr/third_party/tdigest -I/home/pei/Project/duckdb-polr/third_party/mbedtls/include -I/home/pei/Project/duckdb-polr/third_party/jaro_winkler -I/home/pei/Project/duckdb-polr/extension/jemalloc/include -I/home/pei/Project/duckdb-polr/extension/jemalloc/jemalloc/include -O3 -DNDEBUG -O3 -DNDEBUG   -fPIC -fdiagnostics-color=always -w -std=c++11 -MD -MT extension/jemalloc/jemalloc/CMakeFiles/jemalloc.dir/src/bin.cpp.o -MF extension/jemalloc/jemalloc/CMakeFiles/jemalloc.dir/src/bin.cpp.o.d -o extension/jemalloc/jemalloc/CMakeFiles/jemalloc.dir/src/bin.cpp.o -c /home/pei/Project/duckdb-polr/extension/jemalloc/jemalloc/src/bin.cpp
[207/376] /usr/bin/ccache /usr/lib/ccache/c++ -DDUCKDB_BUILD_LIBRARY -DENABLE_CROSS_PRODUCT_REWRITE=0 -DENABLE_DEBUG_PRINT=0 -DENABLE_MEASURE_EXE_TIME=0 -DENABLE_MERGE_BACK_PLAN=0 -DENABLE_PARALLEL_EXECUTION=0 -DENABLE_QUERY_SPLIT=1 -DENABLE_SPECIFY_EST_STAT=0 -I/home/pei/Project/duckdb-polr/src/include -I/home/pei/Project/duckdb-polr/third_party/fsst -I/home/pei/Project/duckdb-polr/third_party/fmt/include -I/home/pei/Project/duckdb-polr/third_party/hyperloglog -I/home/pei/Project/duckdb-polr/third_party/fastpforlib -I/home/pei/Project/duckdb-polr/third_party/fast_float -I/home/pei/Project/duckdb-polr/third_party/re2 -I/home/pei/Project/duckdb-polr/third_party/miniz -I/home/pei/Project/duckdb-polr/third_party/utf8proc/include -I/home/pei/Project/duckdb-polr/third_party/miniparquet -I/home/pei/Project/duckdb-polr/third_party/concurrentqueue -I/home/pei/Project/duckdb-polr/third_party/pcg -I/home/pei/Project/duckdb-polr/third_party/tdigest -I/home/pei/Project/duckdb-polr/third_party/mbedtls/include -I/home/pei/Project/duckdb-polr/third_party/jaro_winkler -I/home/pei/Project/duckdb-polr/extension/jemalloc/include -I/home/pei/Project/duckdb-polr/extension/jemalloc/jemalloc/include -O3 -DNDEBUG -O3 -DNDEBUG   -fPIC -fdiagnostics-color=always -std=c++11 -MD -MT extension/jemalloc/CMakeFiles/jemalloc_extension.dir/jemalloc-extension.cpp.o -MF extension/jemalloc/CMakeFiles/jemalloc_extension.dir/jemalloc-extension.cpp.o.d -o extension/jemalloc/CMakeFiles/jemalloc_extension.dir/jemalloc-extension.cpp.o -c /home/pei/Project/duckdb-polr/extension/jemalloc/jemalloc-extension.cpp
[208/376] /usr/bin/ccache /usr/lib/ccache/c++ -DDUCKDB_BUILD_LIBRARY -DENABLE_CROSS_PRODUCT_REWRITE=0 -DENABLE_DEBUG_PRINT=0 -DENABLE_MEASURE_EXE_TIME=0 -DENABLE_MERGE_BACK_PLAN=0 -DENABLE_PARALLEL_EXECUTION=0 -DENABLE_QUERY_SPLIT=1 -DENABLE_SPECIFY_EST_STAT=0 -DJEMALLOC_NO_PRIVATE_NAMESPACE -DJEMALLOC_NO_RENAME -I/home/pei/Project/duckdb-polr/src/include -I/home/pei/Project/duckdb-polr/third_party/fsst -I/home/pei/Project/duckdb-polr/third_party/fmt/include -I/home/pei/Project/duckdb-polr/third_party/hyperloglog -I/home/pei/Project/duckdb-polr/third_party/fastpforlib -I/home/pei/Project/duckdb-polr/third_party/fast_float -I/home/pei/Project/duckdb-polr/third_party/re2 -I/home/pei/Project/duckdb-polr/third_party/miniz -I/home/pei/Project/duckdb-polr/third_party/utf8proc/include -I/home/pei/Project/duckdb-polr/third_party/miniparquet -I/home/pei/Project/duckdb-polr/third_party/concurrentqueue -I/home/pei/Project/duckdb-polr/third_party/pcg -I/home/pei/Project/duckdb-polr/third_party/tdigest -I/home/pei/Project/duckdb-polr/third_party/mbedtls/include -I/home/pei/Project/duckdb-polr/third_party/jaro_winkler -I/home/pei/Project/duckdb-polr/extension/jemalloc/include -I/home/pei/Project/duckdb-polr/extension/jemalloc/jemalloc/include -O3 -DNDEBUG -O3 -DNDEBUG   -fPIC -fdiagnostics-color=always -w -std=c++11 -MD -MT extension/jemalloc/jemalloc/CMakeFiles/jemalloc.dir/src/bin_info.cpp.o -MF extension/jemalloc/jemalloc/CMakeFiles/jemalloc.dir/src/bin_info.cpp.o.d -o extension/jemalloc/jemalloc/CMakeFiles/jemalloc.dir/src/bin_info.cpp.o -c /home/pei/Project/duckdb-polr/extension/jemalloc/jemalloc/src/bin_info.cpp
[209/376] /usr/bin/ccache /usr/lib/ccache/c++ -DDUCKDB_BUILD_LIBRARY -DENABLE_CROSS_PRODUCT_REWRITE=0 -DENABLE_DEBUG_PRINT=0 -DENABLE_MEASURE_EXE_TIME=0 -DENABLE_MERGE_BACK_PLAN=0 -DENABLE_PARALLEL_EXECUTION=0 -DENABLE_QUERY_SPLIT=1 -DENABLE_SPECIFY_EST_STAT=0 -I/home/pei/Project/duckdb-polr/src/include -I/home/pei/Project/duckdb-polr/third_party/fsst -I/home/pei/Project/duckdb-polr/third_party/fmt/include -I/home/pei/Project/duckdb-polr/third_party/hyperloglog -I/home/pei/Project/duckdb-polr/third_party/fastpforlib -I/home/pei/Project/duckdb-polr/third_party/fast_float -I/home/pei/Project/duckdb-polr/third_party/re2 -I/home/pei/Project/duckdb-polr/third_party/miniz -I/home/pei/Project/duckdb-polr/third_party/utf8proc/include -I/home/pei/Project/duckdb-polr/third_party/miniparquet -I/home/pei/Project/duckdb-polr/third_party/concurrentqueue -I/home/pei/Project/duckdb-polr/third_party/pcg -I/home/pei/Project/duckdb-polr/third_party/tdigest -I/home/pei/Project/duckdb-polr/third_party/mbedtls/include -I/home/pei/Project/duckdb-polr/third_party/jaro_winkler -I/home/pei/Project/duckdb-polr/extension/parquet/include -I/home/pei/Project/duckdb-polr/extension/parquet/../../third_party/parquet -I/home/pei/Project/duckdb-polr/extension/parquet/../../third_party/snappy -I/home/pei/Project/duckdb-polr/extension/parquet/../../third_party/miniz -I/home/pei/Project/duckdb-polr/extension/parquet/../../third_party/thrift -I/home/pei/Project/duckdb-polr/extension/parquet/../../third_party/zstd/include -I/home/pei/Project/duckdb-polr/third_party/libpg_query/include -O3 -DNDEBUG -O3 -DNDEBUG   -fPIE -fdiagnostics-color=always -std=c++11 -MD -MT extension/parquet/CMakeFiles/parquetcli.dir/parquetcli.cpp.o -MF extension/parquet/CMakeFiles/parquetcli.dir/parquetcli.cpp.o.d -o extension/parquet/CMakeFiles/parquetcli.dir/parquetcli.cpp.o -c /home/pei/Project/duckdb-polr/extension/parquet/parquetcli.cpp
[210/376] /usr/bin/ccache /usr/lib/ccache/c++ -DDUCKDB_BUILD_LIBRARY -DENABLE_CROSS_PRODUCT_REWRITE=0 -DENABLE_DEBUG_PRINT=0 -DENABLE_MEASURE_EXE_TIME=0 -DENABLE_MERGE_BACK_PLAN=0 -DENABLE_PARALLEL_EXECUTION=0 -DENABLE_QUERY_SPLIT=1 -DENABLE_SPECIFY_EST_STAT=0 -DJEMALLOC_NO_PRIVATE_NAMESPACE -DJEMALLOC_NO_RENAME -I/home/pei/Project/duckdb-polr/src/include -I/home/pei/Project/duckdb-polr/third_party/fsst -I/home/pei/Project/duckdb-polr/third_party/fmt/include -I/home/pei/Project/duckdb-polr/third_party/hyperloglog -I/home/pei/Project/duckdb-polr/third_party/fastpforlib -I/home/pei/Project/duckdb-polr/third_party/fast_float -I/home/pei/Project/duckdb-polr/third_party/re2 -I/home/pei/Project/duckdb-polr/third_party/miniz -I/home/pei/Project/duckdb-polr/third_party/utf8proc/include -I/home/pei/Project/duckdb-polr/third_party/miniparquet -I/home/pei/Project/duckdb-polr/third_party/concurrentqueue -I/home/pei/Project/duckdb-polr/third_party/pcg -I/home/pei/Project/duckdb-polr/third_party/tdigest -I/home/pei/Project/duckdb-polr/third_party/mbedtls/include -I/home/pei/Project/duckdb-polr/third_party/jaro_winkler -I/home/pei/Project/duckdb-polr/extension/jemalloc/include -I/home/pei/Project/duckdb-polr/extension/jemalloc/jemalloc/include -O3 -DNDEBUG -O3 -DNDEBUG   -fPIC -fdiagnostics-color=always -w -std=c++11 -MD -MT extension/jemalloc/jemalloc/CMakeFiles/jemalloc.dir/src/bitmap.cpp.o -MF extension/jemalloc/jemalloc/CMakeFiles/jemalloc.dir/src/bitmap.cpp.o.d -o extension/jemalloc/jemalloc/CMakeFiles/jemalloc.dir/src/bitmap.cpp.o -c /home/pei/Project/duckdb-polr/extension/jemalloc/jemalloc/src/bitmap.cpp
[211/376] /usr/bin/ccache /usr/lib/ccache/c++ -DDUCKDB_BUILD_LIBRARY -DENABLE_CROSS_PRODUCT_REWRITE=0 -DENABLE_DEBUG_PRINT=0 -DENABLE_MEASURE_EXE_TIME=0 -DENABLE_MERGE_BACK_PLAN=0 -DENABLE_PARALLEL_EXECUTION=0 -DENABLE_QUERY_SPLIT=1 -DENABLE_SPECIFY_EST_STAT=0 -DJEMALLOC_NO_PRIVATE_NAMESPACE -DJEMALLOC_NO_RENAME -I/home/pei/Project/duckdb-polr/src/include -I/home/pei/Project/duckdb-polr/third_party/fsst -I/home/pei/Project/duckdb-polr/third_party/fmt/include -I/home/pei/Project/duckdb-polr/third_party/hyperloglog -I/home/pei/Project/duckdb-polr/third_party/fastpforlib -I/home/pei/Project/duckdb-polr/third_party/fast_float -I/home/pei/Project/duckdb-polr/third_party/re2 -I/home/pei/Project/duckdb-polr/third_party/miniz -I/home/pei/Project/duckdb-polr/third_party/utf8proc/include -I/home/pei/Project/duckdb-polr/third_party/miniparquet -I/home/pei/Project/duckdb-polr/third_party/concurrentqueue -I/home/pei/Project/duckdb-polr/third_party/pcg -I/home/pei/Project/duckdb-polr/third_party/tdigest -I/home/pei/Project/duckdb-polr/third_party/mbedtls/include -I/home/pei/Project/duckdb-polr/third_party/jaro_winkler -I/home/pei/Project/duckdb-polr/extension/jemalloc/include -I/home/pei/Project/duckdb-polr/extension/jemalloc/jemalloc/include -O3 -DNDEBUG -O3 -DNDEBUG   -fPIC -fdiagnostics-color=always -w -std=c++11 -MD -MT extension/jemalloc/jemalloc/CMakeFiles/jemalloc.dir/src/buf_writer.cpp.o -MF extension/jemalloc/jemalloc/CMakeFiles/jemalloc.dir/src/buf_writer.cpp.o.d -o extension/jemalloc/jemalloc/CMakeFiles/jemalloc.dir/src/buf_writer.cpp.o -c /home/pei/Project/duckdb-polr/extension/jemalloc/jemalloc/src/buf_writer.cpp
[212/376] /usr/bin/ccache /usr/lib/ccache/c++ -DDUCKDB_BUILD_LIBRARY -DENABLE_CROSS_PRODUCT_REWRITE=0 -DENABLE_DEBUG_PRINT=0 -DENABLE_MEASURE_EXE_TIME=0 -DENABLE_MERGE_BACK_PLAN=0 -DENABLE_PARALLEL_EXECUTION=0 -DENABLE_QUERY_SPLIT=1 -DENABLE_SPECIFY_EST_STAT=0 -DJEMALLOC_NO_PRIVATE_NAMESPACE -DJEMALLOC_NO_RENAME -I/home/pei/Project/duckdb-polr/src/include -I/home/pei/Project/duckdb-polr/third_party/fsst -I/home/pei/Project/duckdb-polr/third_party/fmt/include -I/home/pei/Project/duckdb-polr/third_party/hyperloglog -I/home/pei/Project/duckdb-polr/third_party/fastpforlib -I/home/pei/Project/duckdb-polr/third_party/fast_float -I/home/pei/Project/duckdb-polr/third_party/re2 -I/home/pei/Project/duckdb-polr/third_party/miniz -I/home/pei/Project/duckdb-polr/third_party/utf8proc/include -I/home/pei/Project/duckdb-polr/third_party/miniparquet -I/home/pei/Project/duckdb-polr/third_party/concurrentqueue -I/home/pei/Project/duckdb-polr/third_party/pcg -I/home/pei/Project/duckdb-polr/third_party/tdigest -I/home/pei/Project/duckdb-polr/third_party/mbedtls/include -I/home/pei/Project/duckdb-polr/third_party/jaro_winkler -I/home/pei/Project/duckdb-polr/extension/jemalloc/include -I/home/pei/Project/duckdb-polr/extension/jemalloc/jemalloc/include -O3 -DNDEBUG -O3 -DNDEBUG   -fPIC -fdiagnostics-color=always -w -std=c++11 -MD -MT extension/jemalloc/jemalloc/CMakeFiles/jemalloc.dir/src/cache_bin.cpp.o -MF extension/jemalloc/jemalloc/CMakeFiles/jemalloc.dir/src/cache_bin.cpp.o.d -o extension/jemalloc/jemalloc/CMakeFiles/jemalloc.dir/src/cache_bin.cpp.o -c /home/pei/Project/duckdb-polr/extension/jemalloc/jemalloc/src/cache_bin.cpp
[213/376] /usr/bin/ccache /usr/lib/ccache/c++ -DDUCKDB_BUILD_LIBRARY -DENABLE_CROSS_PRODUCT_REWRITE=0 -DENABLE_DEBUG_PRINT=0 -DENABLE_MEASURE_EXE_TIME=0 -DENABLE_MERGE_BACK_PLAN=0 -DENABLE_PARALLEL_EXECUTION=0 -DENABLE_QUERY_SPLIT=1 -DENABLE_SPECIFY_EST_STAT=0 -DJEMALLOC_NO_PRIVATE_NAMESPACE -DJEMALLOC_NO_RENAME -I/home/pei/Project/duckdb-polr/src/include -I/home/pei/Project/duckdb-polr/third_party/fsst -I/home/pei/Project/duckdb-polr/third_party/fmt/include -I/home/pei/Project/duckdb-polr/third_party/hyperloglog -I/home/pei/Project/duckdb-polr/third_party/fastpforlib -I/home/pei/Project/duckdb-polr/third_party/fast_float -I/home/pei/Project/duckdb-polr/third_party/re2 -I/home/pei/Project/duckdb-polr/third_party/miniz -I/home/pei/Project/duckdb-polr/third_party/utf8proc/include -I/home/pei/Project/duckdb-polr/third_party/miniparquet -I/home/pei/Project/duckdb-polr/third_party/concurrentqueue -I/home/pei/Project/duckdb-polr/third_party/pcg -I/home/pei/Project/duckdb-polr/third_party/tdigest -I/home/pei/Project/duckdb-polr/third_party/mbedtls/include -I/home/pei/Project/duckdb-polr/third_party/jaro_winkler -I/home/pei/Project/duckdb-polr/extension/jemalloc/include -I/home/pei/Project/duckdb-polr/extension/jemalloc/jemalloc/include -O3 -DNDEBUG -O3 -DNDEBUG   -fPIC -fdiagnostics-color=always -w -std=c++11 -MD -MT extension/jemalloc/jemalloc/CMakeFiles/jemalloc.dir/src/ckh.cpp.o -MF extension/jemalloc/jemalloc/CMakeFiles/jemalloc.dir/src/ckh.cpp.o.d -o extension/jemalloc/jemalloc/CMakeFiles/jemalloc.dir/src/ckh.cpp.o -c /home/pei/Project/duckdb-polr/extension/jemalloc/jemalloc/src/ckh.cpp
[214/376] /usr/bin/ccache /usr/lib/ccache/c++ -DDUCKDB_BUILD_LIBRARY -DENABLE_CROSS_PRODUCT_REWRITE=0 -DENABLE_DEBUG_PRINT=0 -DENABLE_MEASURE_EXE_TIME=0 -DENABLE_MERGE_BACK_PLAN=0 -DENABLE_PARALLEL_EXECUTION=0 -DENABLE_QUERY_SPLIT=1 -DENABLE_SPECIFY_EST_STAT=0 -DJEMALLOC_NO_PRIVATE_NAMESPACE -DJEMALLOC_NO_RENAME -I/home/pei/Project/duckdb-polr/src/include -I/home/pei/Project/duckdb-polr/third_party/fsst -I/home/pei/Project/duckdb-polr/third_party/fmt/include -I/home/pei/Project/duckdb-polr/third_party/hyperloglog -I/home/pei/Project/duckdb-polr/third_party/fastpforlib -I/home/pei/Project/duckdb-polr/third_party/fast_float -I/home/pei/Project/duckdb-polr/third_party/re2 -I/home/pei/Project/duckdb-polr/third_party/miniz -I/home/pei/Project/duckdb-polr/third_party/utf8proc/include -I/home/pei/Project/duckdb-polr/third_party/miniparquet -I/home/pei/Project/duckdb-polr/third_party/concurrentqueue -I/home/pei/Project/duckdb-polr/third_party/pcg -I/home/pei/Project/duckdb-polr/third_party/tdigest -I/home/pei/Project/duckdb-polr/third_party/mbedtls/include -I/home/pei/Project/duckdb-polr/third_party/jaro_winkler -I/home/pei/Project/duckdb-polr/extension/jemalloc/include -I/home/pei/Project/duckdb-polr/extension/jemalloc/jemalloc/include -O3 -DNDEBUG -O3 -DNDEBUG   -fPIC -fdiagnostics-color=always -w -std=c++11 -MD -MT extension/jemalloc/jemalloc/CMakeFiles/jemalloc.dir/src/counter.cpp.o -MF extension/jemalloc/jemalloc/CMakeFiles/jemalloc.dir/src/counter.cpp.o.d -o extension/jemalloc/jemalloc/CMakeFiles/jemalloc.dir/src/counter.cpp.o -c /home/pei/Project/duckdb-polr/extension/jemalloc/jemalloc/src/counter.cpp
[215/376] /usr/bin/ccache /usr/lib/ccache/c++ -DDUCKDB_BUILD_LIBRARY -DENABLE_CROSS_PRODUCT_REWRITE=0 -DENABLE_DEBUG_PRINT=0 -DENABLE_MEASURE_EXE_TIME=0 -DENABLE_MERGE_BACK_PLAN=0 -DENABLE_PARALLEL_EXECUTION=0 -DENABLE_QUERY_SPLIT=1 -DENABLE_SPECIFY_EST_STAT=0 -DJEMALLOC_NO_PRIVATE_NAMESPACE -DJEMALLOC_NO_RENAME -I/home/pei/Project/duckdb-polr/src/include -I/home/pei/Project/duckdb-polr/third_party/fsst -I/home/pei/Project/duckdb-polr/third_party/fmt/include -I/home/pei/Project/duckdb-polr/third_party/hyperloglog -I/home/pei/Project/duckdb-polr/third_party/fastpforlib -I/home/pei/Project/duckdb-polr/third_party/fast_float -I/home/pei/Project/duckdb-polr/third_party/re2 -I/home/pei/Project/duckdb-polr/third_party/miniz -I/home/pei/Project/duckdb-polr/third_party/utf8proc/include -I/home/pei/Project/duckdb-polr/third_party/miniparquet -I/home/pei/Project/duckdb-polr/third_party/concurrentqueue -I/home/pei/Project/duckdb-polr/third_party/pcg -I/home/pei/Project/duckdb-polr/third_party/tdigest -I/home/pei/Project/duckdb-polr/third_party/mbedtls/include -I/home/pei/Project/duckdb-polr/third_party/jaro_winkler -I/home/pei/Project/duckdb-polr/extension/jemalloc/include -I/home/pei/Project/duckdb-polr/extension/jemalloc/jemalloc/include -O3 -DNDEBUG -O3 -DNDEBUG   -fPIC -fdiagnostics-color=always -w -std=c++11 -MD -MT extension/jemalloc/jemalloc/CMakeFiles/jemalloc.dir/src/ctl.cpp.o -MF extension/jemalloc/jemalloc/CMakeFiles/jemalloc.dir/src/ctl.cpp.o.d -o extension/jemalloc/jemalloc/CMakeFiles/jemalloc.dir/src/ctl.cpp.o -c /home/pei/Project/duckdb-polr/extension/jemalloc/jemalloc/src/ctl.cpp
[216/376] /usr/bin/ccache /usr/lib/ccache/c++ -DDUCKDB_BUILD_LIBRARY -DENABLE_CROSS_PRODUCT_REWRITE=0 -DENABLE_DEBUG_PRINT=0 -DENABLE_MEASURE_EXE_TIME=0 -DENABLE_MERGE_BACK_PLAN=0 -DENABLE_PARALLEL_EXECUTION=0 -DENABLE_QUERY_SPLIT=1 -DENABLE_SPECIFY_EST_STAT=0 -DJEMALLOC_NO_PRIVATE_NAMESPACE -DJEMALLOC_NO_RENAME -I/home/pei/Project/duckdb-polr/src/include -I/home/pei/Project/duckdb-polr/third_party/fsst -I/home/pei/Project/duckdb-polr/third_party/fmt/include -I/home/pei/Project/duckdb-polr/third_party/hyperloglog -I/home/pei/Project/duckdb-polr/third_party/fastpforlib -I/home/pei/Project/duckdb-polr/third_party/fast_float -I/home/pei/Project/duckdb-polr/third_party/re2 -I/home/pei/Project/duckdb-polr/third_party/miniz -I/home/pei/Project/duckdb-polr/third_party/utf8proc/include -I/home/pei/Project/duckdb-polr/third_party/miniparquet -I/home/pei/Project/duckdb-polr/third_party/concurrentqueue -I/home/pei/Project/duckdb-polr/third_party/pcg -I/home/pei/Project/duckdb-polr/third_party/tdigest -I/home/pei/Project/duckdb-polr/third_party/mbedtls/include -I/home/pei/Project/duckdb-polr/third_party/jaro_winkler -I/home/pei/Project/duckdb-polr/extension/jemalloc/include -I/home/pei/Project/duckdb-polr/extension/jemalloc/jemalloc/include -O3 -DNDEBUG -O3 -DNDEBUG   -fPIC -fdiagnostics-color=always -w -std=c++11 -MD -MT extension/jemalloc/jemalloc/CMakeFiles/jemalloc.dir/src/div.cpp.o -MF extension/jemalloc/jemalloc/CMakeFiles/jemalloc.dir/src/div.cpp.o.d -o extension/jemalloc/jemalloc/CMakeFiles/jemalloc.dir/src/div.cpp.o -c /home/pei/Project/duckdb-polr/extension/jemalloc/jemalloc/src/div.cpp
[217/376] /usr/bin/ccache /usr/lib/ccache/c++ -DDUCKDB_BUILD_LIBRARY -DENABLE_CROSS_PRODUCT_REWRITE=0 -DENABLE_DEBUG_PRINT=0 -DENABLE_MEASURE_EXE_TIME=0 -DENABLE_MERGE_BACK_PLAN=0 -DENABLE_PARALLEL_EXECUTION=0 -DENABLE_QUERY_SPLIT=1 -DENABLE_SPECIFY_EST_STAT=0 -DJEMALLOC_NO_PRIVATE_NAMESPACE -DJEMALLOC_NO_RENAME -I/home/pei/Project/duckdb-polr/src/include -I/home/pei/Project/duckdb-polr/third_party/fsst -I/home/pei/Project/duckdb-polr/third_party/fmt/include -I/home/pei/Project/duckdb-polr/third_party/hyperloglog -I/home/pei/Project/duckdb-polr/third_party/fastpforlib -I/home/pei/Project/duckdb-polr/third_party/fast_float -I/home/pei/Project/duckdb-polr/third_party/re2 -I/home/pei/Project/duckdb-polr/third_party/miniz -I/home/pei/Project/duckdb-polr/third_party/utf8proc/include -I/home/pei/Project/duckdb-polr/third_party/miniparquet -I/home/pei/Project/duckdb-polr/third_party/concurrentqueue -I/home/pei/Project/duckdb-polr/third_party/pcg -I/home/pei/Project/duckdb-polr/third_party/tdigest -I/home/pei/Project/duckdb-polr/third_party/mbedtls/include -I/home/pei/Project/duckdb-polr/third_party/jaro_winkler -I/home/pei/Project/duckdb-polr/extension/jemalloc/include -I/home/pei/Project/duckdb-polr/extension/jemalloc/jemalloc/include -O3 -DNDEBUG -O3 -DNDEBUG   -fPIC -fdiagnostics-color=always -w -std=c++11 -MD -MT extension/jemalloc/jemalloc/CMakeFiles/jemalloc.dir/src/decay.cpp.o -MF extension/jemalloc/jemalloc/CMakeFiles/jemalloc.dir/src/decay.cpp.o.d -o extension/jemalloc/jemalloc/CMakeFiles/jemalloc.dir/src/decay.cpp.o -c /home/pei/Project/duckdb-polr/extension/jemalloc/jemalloc/src/decay.cpp
[218/376] /usr/bin/ccache /usr/lib/ccache/c++ -DDUCKDB_BUILD_LIBRARY -DENABLE_CROSS_PRODUCT_REWRITE=0 -DENABLE_DEBUG_PRINT=0 -DENABLE_MEASURE_EXE_TIME=0 -DENABLE_MERGE_BACK_PLAN=0 -DENABLE_PARALLEL_EXECUTION=0 -DENABLE_QUERY_SPLIT=1 -DENABLE_SPECIFY_EST_STAT=0 -DJEMALLOC_NO_PRIVATE_NAMESPACE -DJEMALLOC_NO_RENAME -I/home/pei/Project/duckdb-polr/src/include -I/home/pei/Project/duckdb-polr/third_party/fsst -I/home/pei/Project/duckdb-polr/third_party/fmt/include -I/home/pei/Project/duckdb-polr/third_party/hyperloglog -I/home/pei/Project/duckdb-polr/third_party/fastpforlib -I/home/pei/Project/duckdb-polr/third_party/fast_float -I/home/pei/Project/duckdb-polr/third_party/re2 -I/home/pei/Project/duckdb-polr/third_party/miniz -I/home/pei/Project/duckdb-polr/third_party/utf8proc/include -I/home/pei/Project/duckdb-polr/third_party/miniparquet -I/home/pei/Project/duckdb-polr/third_party/concurrentqueue -I/home/pei/Project/duckdb-polr/third_party/pcg -I/home/pei/Project/duckdb-polr/third_party/tdigest -I/home/pei/Project/duckdb-polr/third_party/mbedtls/include -I/home/pei/Project/duckdb-polr/third_party/jaro_winkler -I/home/pei/Project/duckdb-polr/extension/jemalloc/include -I/home/pei/Project/duckdb-polr/extension/jemalloc/jemalloc/include -O3 -DNDEBUG -O3 -DNDEBUG   -fPIC -fdiagnostics-color=always -w -std=c++11 -MD -MT extension/jemalloc/jemalloc/CMakeFiles/jemalloc.dir/src/ecache.cpp.o -MF extension/jemalloc/jemalloc/CMakeFiles/jemalloc.dir/src/ecache.cpp.o.d -o extension/jemalloc/jemalloc/CMakeFiles/jemalloc.dir/src/ecache.cpp.o -c /home/pei/Project/duckdb-polr/extension/jemalloc/jemalloc/src/ecache.cpp
[219/376] /usr/bin/ccache /usr/lib/ccache/c++ -DDUCKDB_BUILD_LIBRARY -DENABLE_CROSS_PRODUCT_REWRITE=0 -DENABLE_DEBUG_PRINT=0 -DENABLE_MEASURE_EXE_TIME=0 -DENABLE_MERGE_BACK_PLAN=0 -DENABLE_PARALLEL_EXECUTION=0 -DENABLE_QUERY_SPLIT=1 -DENABLE_SPECIFY_EST_STAT=0 -DJEMALLOC_NO_PRIVATE_NAMESPACE -DJEMALLOC_NO_RENAME -I/home/pei/Project/duckdb-polr/src/include -I/home/pei/Project/duckdb-polr/third_party/fsst -I/home/pei/Project/duckdb-polr/third_party/fmt/include -I/home/pei/Project/duckdb-polr/third_party/hyperloglog -I/home/pei/Project/duckdb-polr/third_party/fastpforlib -I/home/pei/Project/duckdb-polr/third_party/fast_float -I/home/pei/Project/duckdb-polr/third_party/re2 -I/home/pei/Project/duckdb-polr/third_party/miniz -I/home/pei/Project/duckdb-polr/third_party/utf8proc/include -I/home/pei/Project/duckdb-polr/third_party/miniparquet -I/home/pei/Project/duckdb-polr/third_party/concurrentqueue -I/home/pei/Project/duckdb-polr/third_party/pcg -I/home/pei/Project/duckdb-polr/third_party/tdigest -I/home/pei/Project/duckdb-polr/third_party/mbedtls/include -I/home/pei/Project/duckdb-polr/third_party/jaro_winkler -I/home/pei/Project/duckdb-polr/extension/jemalloc/include -I/home/pei/Project/duckdb-polr/extension/jemalloc/jemalloc/include -O3 -DNDEBUG -O3 -DNDEBUG   -fPIC -fdiagnostics-color=always -w -std=c++11 -MD -MT extension/jemalloc/jemalloc/CMakeFiles/jemalloc.dir/src/edata.cpp.o -MF extension/jemalloc/jemalloc/CMakeFiles/jemalloc.dir/src/edata.cpp.o.d -o extension/jemalloc/jemalloc/CMakeFiles/jemalloc.dir/src/edata.cpp.o -c /home/pei/Project/duckdb-polr/extension/jemalloc/jemalloc/src/edata.cpp
[220/376] /usr/bin/ccache /usr/lib/ccache/c++ -DDUCKDB_BUILD_LIBRARY -DENABLE_CROSS_PRODUCT_REWRITE=0 -DENABLE_DEBUG_PRINT=0 -DENABLE_MEASURE_EXE_TIME=0 -DENABLE_MERGE_BACK_PLAN=0 -DENABLE_PARALLEL_EXECUTION=0 -DENABLE_QUERY_SPLIT=1 -DENABLE_SPECIFY_EST_STAT=0 -DJEMALLOC_NO_PRIVATE_NAMESPACE -DJEMALLOC_NO_RENAME -I/home/pei/Project/duckdb-polr/src/include -I/home/pei/Project/duckdb-polr/third_party/fsst -I/home/pei/Project/duckdb-polr/third_party/fmt/include -I/home/pei/Project/duckdb-polr/third_party/hyperloglog -I/home/pei/Project/duckdb-polr/third_party/fastpforlib -I/home/pei/Project/duckdb-polr/third_party/fast_float -I/home/pei/Project/duckdb-polr/third_party/re2 -I/home/pei/Project/duckdb-polr/third_party/miniz -I/home/pei/Project/duckdb-polr/third_party/utf8proc/include -I/home/pei/Project/duckdb-polr/third_party/miniparquet -I/home/pei/Project/duckdb-polr/third_party/concurrentqueue -I/home/pei/Project/duckdb-polr/third_party/pcg -I/home/pei/Project/duckdb-polr/third_party/tdigest -I/home/pei/Project/duckdb-polr/third_party/mbedtls/include -I/home/pei/Project/duckdb-polr/third_party/jaro_winkler -I/home/pei/Project/duckdb-polr/extension/jemalloc/include -I/home/pei/Project/duckdb-polr/extension/jemalloc/jemalloc/include -O3 -DNDEBUG -O3 -DNDEBUG   -fPIC -fdiagnostics-color=always -w -std=c++11 -MD -MT extension/jemalloc/jemalloc/CMakeFiles/jemalloc.dir/src/ehooks.cpp.o -MF extension/jemalloc/jemalloc/CMakeFiles/jemalloc.dir/src/ehooks.cpp.o.d -o extension/jemalloc/jemalloc/CMakeFiles/jemalloc.dir/src/ehooks.cpp.o -c /home/pei/Project/duckdb-polr/extension/jemalloc/jemalloc/src/ehooks.cpp
[221/376] /usr/bin/ccache /usr/lib/ccache/c++ -DDUCKDB_BUILD_LIBRARY -DENABLE_CROSS_PRODUCT_REWRITE=0 -DENABLE_DEBUG_PRINT=0 -DENABLE_MEASURE_EXE_TIME=0 -DENABLE_MERGE_BACK_PLAN=0 -DENABLE_PARALLEL_EXECUTION=0 -DENABLE_QUERY_SPLIT=1 -DENABLE_SPECIFY_EST_STAT=0 -DJEMALLOC_NO_PRIVATE_NAMESPACE -DJEMALLOC_NO_RENAME -I/home/pei/Project/duckdb-polr/src/include -I/home/pei/Project/duckdb-polr/third_party/fsst -I/home/pei/Project/duckdb-polr/third_party/fmt/include -I/home/pei/Project/duckdb-polr/third_party/hyperloglog -I/home/pei/Project/duckdb-polr/third_party/fastpforlib -I/home/pei/Project/duckdb-polr/third_party/fast_float -I/home/pei/Project/duckdb-polr/third_party/re2 -I/home/pei/Project/duckdb-polr/third_party/miniz -I/home/pei/Project/duckdb-polr/third_party/utf8proc/include -I/home/pei/Project/duckdb-polr/third_party/miniparquet -I/home/pei/Project/duckdb-polr/third_party/concurrentqueue -I/home/pei/Project/duckdb-polr/third_party/pcg -I/home/pei/Project/duckdb-polr/third_party/tdigest -I/home/pei/Project/duckdb-polr/third_party/mbedtls/include -I/home/pei/Project/duckdb-polr/third_party/jaro_winkler -I/home/pei/Project/duckdb-polr/extension/jemalloc/include -I/home/pei/Project/duckdb-polr/extension/jemalloc/jemalloc/include -O3 -DNDEBUG -O3 -DNDEBUG   -fPIC -fdiagnostics-color=always -w -std=c++11 -MD -MT extension/jemalloc/jemalloc/CMakeFiles/jemalloc.dir/src/edata_cache.cpp.o -MF extension/jemalloc/jemalloc/CMakeFiles/jemalloc.dir/src/edata_cache.cpp.o.d -o extension/jemalloc/jemalloc/CMakeFiles/jemalloc.dir/src/edata_cache.cpp.o -c /home/pei/Project/duckdb-polr/extension/jemalloc/jemalloc/src/edata_cache.cpp
[222/376] /usr/bin/ccache /usr/lib/ccache/c++ -DDUCKDB_BUILD_LIBRARY -DENABLE_CROSS_PRODUCT_REWRITE=0 -DENABLE_DEBUG_PRINT=0 -DENABLE_MEASURE_EXE_TIME=0 -DENABLE_MERGE_BACK_PLAN=0 -DENABLE_PARALLEL_EXECUTION=0 -DENABLE_QUERY_SPLIT=1 -DENABLE_SPECIFY_EST_STAT=0 -DJEMALLOC_NO_PRIVATE_NAMESPACE -DJEMALLOC_NO_RENAME -I/home/pei/Project/duckdb-polr/src/include -I/home/pei/Project/duckdb-polr/third_party/fsst -I/home/pei/Project/duckdb-polr/third_party/fmt/include -I/home/pei/Project/duckdb-polr/third_party/hyperloglog -I/home/pei/Project/duckdb-polr/third_party/fastpforlib -I/home/pei/Project/duckdb-polr/third_party/fast_float -I/home/pei/Project/duckdb-polr/third_party/re2 -I/home/pei/Project/duckdb-polr/third_party/miniz -I/home/pei/Project/duckdb-polr/third_party/utf8proc/include -I/home/pei/Project/duckdb-polr/third_party/miniparquet -I/home/pei/Project/duckdb-polr/third_party/concurrentqueue -I/home/pei/Project/duckdb-polr/third_party/pcg -I/home/pei/Project/duckdb-polr/third_party/tdigest -I/home/pei/Project/duckdb-polr/third_party/mbedtls/include -I/home/pei/Project/duckdb-polr/third_party/jaro_winkler -I/home/pei/Project/duckdb-polr/extension/jemalloc/include -I/home/pei/Project/duckdb-polr/extension/jemalloc/jemalloc/include -O3 -DNDEBUG -O3 -DNDEBUG   -fPIC -fdiagnostics-color=always -w -std=c++11 -MD -MT extension/jemalloc/jemalloc/CMakeFiles/jemalloc.dir/src/eset.cpp.o -MF extension/jemalloc/jemalloc/CMakeFiles/jemalloc.dir/src/eset.cpp.o.d -o extension/jemalloc/jemalloc/CMakeFiles/jemalloc.dir/src/eset.cpp.o -c /home/pei/Project/duckdb-polr/extension/jemalloc/jemalloc/src/eset.cpp
[223/376] /usr/bin/ccache /usr/lib/ccache/c++ -DDUCKDB_BUILD_LIBRARY -DENABLE_CROSS_PRODUCT_REWRITE=0 -DENABLE_DEBUG_PRINT=0 -DENABLE_MEASURE_EXE_TIME=0 -DENABLE_MERGE_BACK_PLAN=0 -DENABLE_PARALLEL_EXECUTION=0 -DENABLE_QUERY_SPLIT=1 -DENABLE_SPECIFY_EST_STAT=0 -DJEMALLOC_NO_PRIVATE_NAMESPACE -DJEMALLOC_NO_RENAME -I/home/pei/Project/duckdb-polr/src/include -I/home/pei/Project/duckdb-polr/third_party/fsst -I/home/pei/Project/duckdb-polr/third_party/fmt/include -I/home/pei/Project/duckdb-polr/third_party/hyperloglog -I/home/pei/Project/duckdb-polr/third_party/fastpforlib -I/home/pei/Project/duckdb-polr/third_party/fast_float -I/home/pei/Project/duckdb-polr/third_party/re2 -I/home/pei/Project/duckdb-polr/third_party/miniz -I/home/pei/Project/duckdb-polr/third_party/utf8proc/include -I/home/pei/Project/duckdb-polr/third_party/miniparquet -I/home/pei/Project/duckdb-polr/third_party/concurrentqueue -I/home/pei/Project/duckdb-polr/third_party/pcg -I/home/pei/Project/duckdb-polr/third_party/tdigest -I/home/pei/Project/duckdb-polr/third_party/mbedtls/include -I/home/pei/Project/duckdb-polr/third_party/jaro_winkler -I/home/pei/Project/duckdb-polr/extension/jemalloc/include -I/home/pei/Project/duckdb-polr/extension/jemalloc/jemalloc/include -O3 -DNDEBUG -O3 -DNDEBUG   -fPIC -fdiagnostics-color=always -w -std=c++11 -MD -MT extension/jemalloc/jemalloc/CMakeFiles/jemalloc.dir/src/emap.cpp.o -MF extension/jemalloc/jemalloc/CMakeFiles/jemalloc.dir/src/emap.cpp.o.d -o extension/jemalloc/jemalloc/CMakeFiles/jemalloc.dir/src/emap.cpp.o -c /home/pei/Project/duckdb-polr/extension/jemalloc/jemalloc/src/emap.cpp
[224/376] /usr/bin/ccache /usr/lib/ccache/c++ -DDUCKDB_BUILD_LIBRARY -DENABLE_CROSS_PRODUCT_REWRITE=0 -DENABLE_DEBUG_PRINT=0 -DENABLE_MEASURE_EXE_TIME=0 -DENABLE_MERGE_BACK_PLAN=0 -DENABLE_PARALLEL_EXECUTION=0 -DENABLE_QUERY_SPLIT=1 -DENABLE_SPECIFY_EST_STAT=0 -DJEMALLOC_NO_PRIVATE_NAMESPACE -DJEMALLOC_NO_RENAME -I/home/pei/Project/duckdb-polr/src/include -I/home/pei/Project/duckdb-polr/third_party/fsst -I/home/pei/Project/duckdb-polr/third_party/fmt/include -I/home/pei/Project/duckdb-polr/third_party/hyperloglog -I/home/pei/Project/duckdb-polr/third_party/fastpforlib -I/home/pei/Project/duckdb-polr/third_party/fast_float -I/home/pei/Project/duckdb-polr/third_party/re2 -I/home/pei/Project/duckdb-polr/third_party/miniz -I/home/pei/Project/duckdb-polr/third_party/utf8proc/include -I/home/pei/Project/duckdb-polr/third_party/miniparquet -I/home/pei/Project/duckdb-polr/third_party/concurrentqueue -I/home/pei/Project/duckdb-polr/third_party/pcg -I/home/pei/Project/duckdb-polr/third_party/tdigest -I/home/pei/Project/duckdb-polr/third_party/mbedtls/include -I/home/pei/Project/duckdb-polr/third_party/jaro_winkler -I/home/pei/Project/duckdb-polr/extension/jemalloc/include -I/home/pei/Project/duckdb-polr/extension/jemalloc/jemalloc/include -O3 -DNDEBUG -O3 -DNDEBUG   -fPIC -fdiagnostics-color=always -w -std=c++11 -MD -MT extension/jemalloc/jemalloc/CMakeFiles/jemalloc.dir/src/exp_grow.cpp.o -MF extension/jemalloc/jemalloc/CMakeFiles/jemalloc.dir/src/exp_grow.cpp.o.d -o extension/jemalloc/jemalloc/CMakeFiles/jemalloc.dir/src/exp_grow.cpp.o -c /home/pei/Project/duckdb-polr/extension/jemalloc/jemalloc/src/exp_grow.cpp
[225/376] /usr/bin/ccache /usr/lib/ccache/c++ -DDUCKDB_BUILD_LIBRARY -DENABLE_CROSS_PRODUCT_REWRITE=0 -DENABLE_DEBUG_PRINT=0 -DENABLE_MEASURE_EXE_TIME=0 -DENABLE_MERGE_BACK_PLAN=0 -DENABLE_PARALLEL_EXECUTION=0 -DENABLE_QUERY_SPLIT=1 -DENABLE_SPECIFY_EST_STAT=0 -DJEMALLOC_NO_PRIVATE_NAMESPACE -DJEMALLOC_NO_RENAME -I/home/pei/Project/duckdb-polr/src/include -I/home/pei/Project/duckdb-polr/third_party/fsst -I/home/pei/Project/duckdb-polr/third_party/fmt/include -I/home/pei/Project/duckdb-polr/third_party/hyperloglog -I/home/pei/Project/duckdb-polr/third_party/fastpforlib -I/home/pei/Project/duckdb-polr/third_party/fast_float -I/home/pei/Project/duckdb-polr/third_party/re2 -I/home/pei/Project/duckdb-polr/third_party/miniz -I/home/pei/Project/duckdb-polr/third_party/utf8proc/include -I/home/pei/Project/duckdb-polr/third_party/miniparquet -I/home/pei/Project/duckdb-polr/third_party/concurrentqueue -I/home/pei/Project/duckdb-polr/third_party/pcg -I/home/pei/Project/duckdb-polr/third_party/tdigest -I/home/pei/Project/duckdb-polr/third_party/mbedtls/include -I/home/pei/Project/duckdb-polr/third_party/jaro_winkler -I/home/pei/Project/duckdb-polr/extension/jemalloc/include -I/home/pei/Project/duckdb-polr/extension/jemalloc/jemalloc/include -O3 -DNDEBUG -O3 -DNDEBUG   -fPIC -fdiagnostics-color=always -w -std=c++11 -MD -MT extension/jemalloc/jemalloc/CMakeFiles/jemalloc.dir/src/extent.cpp.o -MF extension/jemalloc/jemalloc/CMakeFiles/jemalloc.dir/src/extent.cpp.o.d -o extension/jemalloc/jemalloc/CMakeFiles/jemalloc.dir/src/extent.cpp.o -c /home/pei/Project/duckdb-polr/extension/jemalloc/jemalloc/src/extent.cpp
[226/376] /usr/bin/ccache /usr/lib/ccache/c++ -DDUCKDB_BUILD_LIBRARY -DENABLE_CROSS_PRODUCT_REWRITE=0 -DENABLE_DEBUG_PRINT=0 -DENABLE_MEASURE_EXE_TIME=0 -DENABLE_MERGE_BACK_PLAN=0 -DENABLE_PARALLEL_EXECUTION=0 -DENABLE_QUERY_SPLIT=1 -DENABLE_SPECIFY_EST_STAT=0 -DJEMALLOC_NO_PRIVATE_NAMESPACE -DJEMALLOC_NO_RENAME -I/home/pei/Project/duckdb-polr/src/include -I/home/pei/Project/duckdb-polr/third_party/fsst -I/home/pei/Project/duckdb-polr/third_party/fmt/include -I/home/pei/Project/duckdb-polr/third_party/hyperloglog -I/home/pei/Project/duckdb-polr/third_party/fastpforlib -I/home/pei/Project/duckdb-polr/third_party/fast_float -I/home/pei/Project/duckdb-polr/third_party/re2 -I/home/pei/Project/duckdb-polr/third_party/miniz -I/home/pei/Project/duckdb-polr/third_party/utf8proc/include -I/home/pei/Project/duckdb-polr/third_party/miniparquet -I/home/pei/Project/duckdb-polr/third_party/concurrentqueue -I/home/pei/Project/duckdb-polr/third_party/pcg -I/home/pei/Project/duckdb-polr/third_party/tdigest -I/home/pei/Project/duckdb-polr/third_party/mbedtls/include -I/home/pei/Project/duckdb-polr/third_party/jaro_winkler -I/home/pei/Project/duckdb-polr/extension/jemalloc/include -I/home/pei/Project/duckdb-polr/extension/jemalloc/jemalloc/include -O3 -DNDEBUG -O3 -DNDEBUG   -fPIC -fdiagnostics-color=always -w -std=c++11 -MD -MT extension/jemalloc/jemalloc/CMakeFiles/jemalloc.dir/src/extent_mmap.cpp.o -MF extension/jemalloc/jemalloc/CMakeFiles/jemalloc.dir/src/extent_mmap.cpp.o.d -o extension/jemalloc/jemalloc/CMakeFiles/jemalloc.dir/src/extent_mmap.cpp.o -c /home/pei/Project/duckdb-polr/extension/jemalloc/jemalloc/src/extent_mmap.cpp
[227/376] /usr/bin/ccache /usr/lib/ccache/c++ -DDUCKDB_BUILD_LIBRARY -DENABLE_CROSS_PRODUCT_REWRITE=0 -DENABLE_DEBUG_PRINT=0 -DENABLE_MEASURE_EXE_TIME=0 -DENABLE_MERGE_BACK_PLAN=0 -DENABLE_PARALLEL_EXECUTION=0 -DENABLE_QUERY_SPLIT=1 -DENABLE_SPECIFY_EST_STAT=0 -DJEMALLOC_NO_PRIVATE_NAMESPACE -DJEMALLOC_NO_RENAME -I/home/pei/Project/duckdb-polr/src/include -I/home/pei/Project/duckdb-polr/third_party/fsst -I/home/pei/Project/duckdb-polr/third_party/fmt/include -I/home/pei/Project/duckdb-polr/third_party/hyperloglog -I/home/pei/Project/duckdb-polr/third_party/fastpforlib -I/home/pei/Project/duckdb-polr/third_party/fast_float -I/home/pei/Project/duckdb-polr/third_party/re2 -I/home/pei/Project/duckdb-polr/third_party/miniz -I/home/pei/Project/duckdb-polr/third_party/utf8proc/include -I/home/pei/Project/duckdb-polr/third_party/miniparquet -I/home/pei/Project/duckdb-polr/third_party/concurrentqueue -I/home/pei/Project/duckdb-polr/third_party/pcg -I/home/pei/Project/duckdb-polr/third_party/tdigest -I/home/pei/Project/duckdb-polr/third_party/mbedtls/include -I/home/pei/Project/duckdb-polr/third_party/jaro_winkler -I/home/pei/Project/duckdb-polr/extension/jemalloc/include -I/home/pei/Project/duckdb-polr/extension/jemalloc/jemalloc/include -O3 -DNDEBUG -O3 -DNDEBUG   -fPIC -fdiagnostics-color=always -w -std=c++11 -MD -MT extension/jemalloc/jemalloc/CMakeFiles/jemalloc.dir/src/extent_dss.cpp.o -MF extension/jemalloc/jemalloc/CMakeFiles/jemalloc.dir/src/extent_dss.cpp.o.d -o extension/jemalloc/jemalloc/CMakeFiles/jemalloc.dir/src/extent_dss.cpp.o -c /home/pei/Project/duckdb-polr/extension/jemalloc/jemalloc/src/extent_dss.cpp
[228/376] /usr/bin/ccache /usr/lib/ccache/c++ -DDUCKDB_BUILD_LIBRARY -DENABLE_CROSS_PRODUCT_REWRITE=0 -DENABLE_DEBUG_PRINT=0 -DENABLE_MEASURE_EXE_TIME=0 -DENABLE_MERGE_BACK_PLAN=0 -DENABLE_PARALLEL_EXECUTION=0 -DENABLE_QUERY_SPLIT=1 -DENABLE_SPECIFY_EST_STAT=0 -DJEMALLOC_NO_PRIVATE_NAMESPACE -DJEMALLOC_NO_RENAME -I/home/pei/Project/duckdb-polr/src/include -I/home/pei/Project/duckdb-polr/third_party/fsst -I/home/pei/Project/duckdb-polr/third_party/fmt/include -I/home/pei/Project/duckdb-polr/third_party/hyperloglog -I/home/pei/Project/duckdb-polr/third_party/fastpforlib -I/home/pei/Project/duckdb-polr/third_party/fast_float -I/home/pei/Project/duckdb-polr/third_party/re2 -I/home/pei/Project/duckdb-polr/third_party/miniz -I/home/pei/Project/duckdb-polr/third_party/utf8proc/include -I/home/pei/Project/duckdb-polr/third_party/miniparquet -I/home/pei/Project/duckdb-polr/third_party/concurrentqueue -I/home/pei/Project/duckdb-polr/third_party/pcg -I/home/pei/Project/duckdb-polr/third_party/tdigest -I/home/pei/Project/duckdb-polr/third_party/mbedtls/include -I/home/pei/Project/duckdb-polr/third_party/jaro_winkler -I/home/pei/Project/duckdb-polr/extension/jemalloc/include -I/home/pei/Project/duckdb-polr/extension/jemalloc/jemalloc/include -O3 -DNDEBUG -O3 -DNDEBUG   -fPIC -fdiagnostics-color=always -w -std=c++11 -MD -MT extension/jemalloc/jemalloc/CMakeFiles/jemalloc.dir/src/fxp.cpp.o -MF extension/jemalloc/jemalloc/CMakeFiles/jemalloc.dir/src/fxp.cpp.o.d -o extension/jemalloc/jemalloc/CMakeFiles/jemalloc.dir/src/fxp.cpp.o -c /home/pei/Project/duckdb-polr/extension/jemalloc/jemalloc/src/fxp.cpp
[229/376] /usr/bin/ccache /usr/lib/ccache/c++ -DDUCKDB_BUILD_LIBRARY -DENABLE_CROSS_PRODUCT_REWRITE=0 -DENABLE_DEBUG_PRINT=0 -DENABLE_MEASURE_EXE_TIME=0 -DENABLE_MERGE_BACK_PLAN=0 -DENABLE_PARALLEL_EXECUTION=0 -DENABLE_QUERY_SPLIT=1 -DENABLE_SPECIFY_EST_STAT=0 -DJEMALLOC_NO_PRIVATE_NAMESPACE -DJEMALLOC_NO_RENAME -I/home/pei/Project/duckdb-polr/src/include -I/home/pei/Project/duckdb-polr/third_party/fsst -I/home/pei/Project/duckdb-polr/third_party/fmt/include -I/home/pei/Project/duckdb-polr/third_party/hyperloglog -I/home/pei/Project/duckdb-polr/third_party/fastpforlib -I/home/pei/Project/duckdb-polr/third_party/fast_float -I/home/pei/Project/duckdb-polr/third_party/re2 -I/home/pei/Project/duckdb-polr/third_party/miniz -I/home/pei/Project/duckdb-polr/third_party/utf8proc/include -I/home/pei/Project/duckdb-polr/third_party/miniparquet -I/home/pei/Project/duckdb-polr/third_party/concurrentqueue -I/home/pei/Project/duckdb-polr/third_party/pcg -I/home/pei/Project/duckdb-polr/third_party/tdigest -I/home/pei/Project/duckdb-polr/third_party/mbedtls/include -I/home/pei/Project/duckdb-polr/third_party/jaro_winkler -I/home/pei/Project/duckdb-polr/extension/jemalloc/include -I/home/pei/Project/duckdb-polr/extension/jemalloc/jemalloc/include -O3 -DNDEBUG -O3 -DNDEBUG   -fPIC -fdiagnostics-color=always -w -std=c++11 -MD -MT extension/jemalloc/jemalloc/CMakeFiles/jemalloc.dir/src/hook.cpp.o -MF extension/jemalloc/jemalloc/CMakeFiles/jemalloc.dir/src/hook.cpp.o.d -o extension/jemalloc/jemalloc/CMakeFiles/jemalloc.dir/src/hook.cpp.o -c /home/pei/Project/duckdb-polr/extension/jemalloc/jemalloc/src/hook.cpp
[230/376] /usr/bin/ccache /usr/lib/ccache/c++ -DDUCKDB_BUILD_LIBRARY -DENABLE_CROSS_PRODUCT_REWRITE=0 -DENABLE_DEBUG_PRINT=0 -DENABLE_MEASURE_EXE_TIME=0 -DENABLE_MERGE_BACK_PLAN=0 -DENABLE_PARALLEL_EXECUTION=0 -DENABLE_QUERY_SPLIT=1 -DENABLE_SPECIFY_EST_STAT=0 -DJEMALLOC_NO_PRIVATE_NAMESPACE -DJEMALLOC_NO_RENAME -I/home/pei/Project/duckdb-polr/src/include -I/home/pei/Project/duckdb-polr/third_party/fsst -I/home/pei/Project/duckdb-polr/third_party/fmt/include -I/home/pei/Project/duckdb-polr/third_party/hyperloglog -I/home/pei/Project/duckdb-polr/third_party/fastpforlib -I/home/pei/Project/duckdb-polr/third_party/fast_float -I/home/pei/Project/duckdb-polr/third_party/re2 -I/home/pei/Project/duckdb-polr/third_party/miniz -I/home/pei/Project/duckdb-polr/third_party/utf8proc/include -I/home/pei/Project/duckdb-polr/third_party/miniparquet -I/home/pei/Project/duckdb-polr/third_party/concurrentqueue -I/home/pei/Project/duckdb-polr/third_party/pcg -I/home/pei/Project/duckdb-polr/third_party/tdigest -I/home/pei/Project/duckdb-polr/third_party/mbedtls/include -I/home/pei/Project/duckdb-polr/third_party/jaro_winkler -I/home/pei/Project/duckdb-polr/extension/jemalloc/include -I/home/pei/Project/duckdb-polr/extension/jemalloc/jemalloc/include -O3 -DNDEBUG -O3 -DNDEBUG   -fPIC -fdiagnostics-color=always -w -std=c++11 -MD -MT extension/jemalloc/jemalloc/CMakeFiles/jemalloc.dir/src/hpa.cpp.o -MF extension/jemalloc/jemalloc/CMakeFiles/jemalloc.dir/src/hpa.cpp.o.d -o extension/jemalloc/jemalloc/CMakeFiles/jemalloc.dir/src/hpa.cpp.o -c /home/pei/Project/duckdb-polr/extension/jemalloc/jemalloc/src/hpa.cpp
[231/376] /usr/bin/ccache /usr/lib/ccache/c++ -DDUCKDB_BUILD_LIBRARY -DENABLE_CROSS_PRODUCT_REWRITE=0 -DENABLE_DEBUG_PRINT=0 -DENABLE_MEASURE_EXE_TIME=0 -DENABLE_MERGE_BACK_PLAN=0 -DENABLE_PARALLEL_EXECUTION=0 -DENABLE_QUERY_SPLIT=1 -DENABLE_SPECIFY_EST_STAT=0 -DJEMALLOC_NO_PRIVATE_NAMESPACE -DJEMALLOC_NO_RENAME -I/home/pei/Project/duckdb-polr/src/include -I/home/pei/Project/duckdb-polr/third_party/fsst -I/home/pei/Project/duckdb-polr/third_party/fmt/include -I/home/pei/Project/duckdb-polr/third_party/hyperloglog -I/home/pei/Project/duckdb-polr/third_party/fastpforlib -I/home/pei/Project/duckdb-polr/third_party/fast_float -I/home/pei/Project/duckdb-polr/third_party/re2 -I/home/pei/Project/duckdb-polr/third_party/miniz -I/home/pei/Project/duckdb-polr/third_party/utf8proc/include -I/home/pei/Project/duckdb-polr/third_party/miniparquet -I/home/pei/Project/duckdb-polr/third_party/concurrentqueue -I/home/pei/Project/duckdb-polr/third_party/pcg -I/home/pei/Project/duckdb-polr/third_party/tdigest -I/home/pei/Project/duckdb-polr/third_party/mbedtls/include -I/home/pei/Project/duckdb-polr/third_party/jaro_winkler -I/home/pei/Project/duckdb-polr/extension/jemalloc/include -I/home/pei/Project/duckdb-polr/extension/jemalloc/jemalloc/include -O3 -DNDEBUG -O3 -DNDEBUG   -fPIC -fdiagnostics-color=always -w -std=c++11 -MD -MT extension/jemalloc/jemalloc/CMakeFiles/jemalloc.dir/src/hpa_hooks.cpp.o -MF extension/jemalloc/jemalloc/CMakeFiles/jemalloc.dir/src/hpa_hooks.cpp.o.d -o extension/jemalloc/jemalloc/CMakeFiles/jemalloc.dir/src/hpa_hooks.cpp.o -c /home/pei/Project/duckdb-polr/extension/jemalloc/jemalloc/src/hpa_hooks.cpp
[232/376] /usr/bin/ccache /usr/lib/ccache/c++ -DDUCKDB_BUILD_LIBRARY -DENABLE_CROSS_PRODUCT_REWRITE=0 -DENABLE_DEBUG_PRINT=0 -DENABLE_MEASURE_EXE_TIME=0 -DENABLE_MERGE_BACK_PLAN=0 -DENABLE_PARALLEL_EXECUTION=0 -DENABLE_QUERY_SPLIT=1 -DENABLE_SPECIFY_EST_STAT=0 -DJEMALLOC_NO_PRIVATE_NAMESPACE -DJEMALLOC_NO_RENAME -I/home/pei/Project/duckdb-polr/src/include -I/home/pei/Project/duckdb-polr/third_party/fsst -I/home/pei/Project/duckdb-polr/third_party/fmt/include -I/home/pei/Project/duckdb-polr/third_party/hyperloglog -I/home/pei/Project/duckdb-polr/third_party/fastpforlib -I/home/pei/Project/duckdb-polr/third_party/fast_float -I/home/pei/Project/duckdb-polr/third_party/re2 -I/home/pei/Project/duckdb-polr/third_party/miniz -I/home/pei/Project/duckdb-polr/third_party/utf8proc/include -I/home/pei/Project/duckdb-polr/third_party/miniparquet -I/home/pei/Project/duckdb-polr/third_party/concurrentqueue -I/home/pei/Project/duckdb-polr/third_party/pcg -I/home/pei/Project/duckdb-polr/third_party/tdigest -I/home/pei/Project/duckdb-polr/third_party/mbedtls/include -I/home/pei/Project/duckdb-polr/third_party/jaro_winkler -I/home/pei/Project/duckdb-polr/extension/jemalloc/include -I/home/pei/Project/duckdb-polr/extension/jemalloc/jemalloc/include -O3 -DNDEBUG -O3 -DNDEBUG   -fPIC -fdiagnostics-color=always -w -std=c++11 -MD -MT extension/jemalloc/jemalloc/CMakeFiles/jemalloc.dir/src/hpdata.cpp.o -MF extension/jemalloc/jemalloc/CMakeFiles/jemalloc.dir/src/hpdata.cpp.o.d -o extension/jemalloc/jemalloc/CMakeFiles/jemalloc.dir/src/hpdata.cpp.o -c /home/pei/Project/duckdb-polr/extension/jemalloc/jemalloc/src/hpdata.cpp
[233/376] /usr/bin/ccache /usr/lib/ccache/c++ -DDUCKDB_BUILD_LIBRARY -DENABLE_CROSS_PRODUCT_REWRITE=0 -DENABLE_DEBUG_PRINT=0 -DENABLE_MEASURE_EXE_TIME=0 -DENABLE_MERGE_BACK_PLAN=0 -DENABLE_PARALLEL_EXECUTION=0 -DENABLE_QUERY_SPLIT=1 -DENABLE_SPECIFY_EST_STAT=0 -DJEMALLOC_NO_PRIVATE_NAMESPACE -DJEMALLOC_NO_RENAME -I/home/pei/Project/duckdb-polr/src/include -I/home/pei/Project/duckdb-polr/third_party/fsst -I/home/pei/Project/duckdb-polr/third_party/fmt/include -I/home/pei/Project/duckdb-polr/third_party/hyperloglog -I/home/pei/Project/duckdb-polr/third_party/fastpforlib -I/home/pei/Project/duckdb-polr/third_party/fast_float -I/home/pei/Project/duckdb-polr/third_party/re2 -I/home/pei/Project/duckdb-polr/third_party/miniz -I/home/pei/Project/duckdb-polr/third_party/utf8proc/include -I/home/pei/Project/duckdb-polr/third_party/miniparquet -I/home/pei/Project/duckdb-polr/third_party/concurrentqueue -I/home/pei/Project/duckdb-polr/third_party/pcg -I/home/pei/Project/duckdb-polr/third_party/tdigest -I/home/pei/Project/duckdb-polr/third_party/mbedtls/include -I/home/pei/Project/duckdb-polr/third_party/jaro_winkler -I/home/pei/Project/duckdb-polr/extension/jemalloc/include -I/home/pei/Project/duckdb-polr/extension/jemalloc/jemalloc/include -O3 -DNDEBUG -O3 -DNDEBUG   -fPIC -fdiagnostics-color=always -w -std=c++11 -MD -MT extension/jemalloc/jemalloc/CMakeFiles/jemalloc.dir/src/inspect.cpp.o -MF extension/jemalloc/jemalloc/CMakeFiles/jemalloc.dir/src/inspect.cpp.o.d -o extension/jemalloc/jemalloc/CMakeFiles/jemalloc.dir/src/inspect.cpp.o -c /home/pei/Project/duckdb-polr/extension/jemalloc/jemalloc/src/inspect.cpp
[234/376] /usr/bin/ccache /usr/lib/ccache/c++ -DDUCKDB_BUILD_LIBRARY -DENABLE_CROSS_PRODUCT_REWRITE=0 -DENABLE_DEBUG_PRINT=0 -DENABLE_MEASURE_EXE_TIME=0 -DENABLE_MERGE_BACK_PLAN=0 -DENABLE_PARALLEL_EXECUTION=0 -DENABLE_QUERY_SPLIT=1 -DENABLE_SPECIFY_EST_STAT=0 -DJEMALLOC_NO_PRIVATE_NAMESPACE -DJEMALLOC_NO_RENAME -I/home/pei/Project/duckdb-polr/src/include -I/home/pei/Project/duckdb-polr/third_party/fsst -I/home/pei/Project/duckdb-polr/third_party/fmt/include -I/home/pei/Project/duckdb-polr/third_party/hyperloglog -I/home/pei/Project/duckdb-polr/third_party/fastpforlib -I/home/pei/Project/duckdb-polr/third_party/fast_float -I/home/pei/Project/duckdb-polr/third_party/re2 -I/home/pei/Project/duckdb-polr/third_party/miniz -I/home/pei/Project/duckdb-polr/third_party/utf8proc/include -I/home/pei/Project/duckdb-polr/third_party/miniparquet -I/home/pei/Project/duckdb-polr/third_party/concurrentqueue -I/home/pei/Project/duckdb-polr/third_party/pcg -I/home/pei/Project/duckdb-polr/third_party/tdigest -I/home/pei/Project/duckdb-polr/third_party/mbedtls/include -I/home/pei/Project/duckdb-polr/third_party/jaro_winkler -I/home/pei/Project/duckdb-polr/extension/jemalloc/include -I/home/pei/Project/duckdb-polr/extension/jemalloc/jemalloc/include -O3 -DNDEBUG -O3 -DNDEBUG   -fPIC -fdiagnostics-color=always -w -std=c++11 -MD -MT extension/jemalloc/jemalloc/CMakeFiles/jemalloc.dir/src/jemalloc.cpp.o -MF extension/jemalloc/jemalloc/CMakeFiles/jemalloc.dir/src/jemalloc.cpp.o.d -o extension/jemalloc/jemalloc/CMakeFiles/jemalloc.dir/src/jemalloc.cpp.o -c /home/pei/Project/duckdb-polr/extension/jemalloc/jemalloc/src/jemalloc.cpp
[235/376] /usr/bin/ccache /usr/lib/ccache/c++ -DDUCKDB_BUILD_LIBRARY -DENABLE_CROSS_PRODUCT_REWRITE=0 -DENABLE_DEBUG_PRINT=0 -DENABLE_MEASURE_EXE_TIME=0 -DENABLE_MERGE_BACK_PLAN=0 -DENABLE_PARALLEL_EXECUTION=0 -DENABLE_QUERY_SPLIT=1 -DENABLE_SPECIFY_EST_STAT=0 -DJEMALLOC_NO_PRIVATE_NAMESPACE -DJEMALLOC_NO_RENAME -I/home/pei/Project/duckdb-polr/src/include -I/home/pei/Project/duckdb-polr/third_party/fsst -I/home/pei/Project/duckdb-polr/third_party/fmt/include -I/home/pei/Project/duckdb-polr/third_party/hyperloglog -I/home/pei/Project/duckdb-polr/third_party/fastpforlib -I/home/pei/Project/duckdb-polr/third_party/fast_float -I/home/pei/Project/duckdb-polr/third_party/re2 -I/home/pei/Project/duckdb-polr/third_party/miniz -I/home/pei/Project/duckdb-polr/third_party/utf8proc/include -I/home/pei/Project/duckdb-polr/third_party/miniparquet -I/home/pei/Project/duckdb-polr/third_party/concurrentqueue -I/home/pei/Project/duckdb-polr/third_party/pcg -I/home/pei/Project/duckdb-polr/third_party/tdigest -I/home/pei/Project/duckdb-polr/third_party/mbedtls/include -I/home/pei/Project/duckdb-polr/third_party/jaro_winkler -I/home/pei/Project/duckdb-polr/extension/jemalloc/include -I/home/pei/Project/duckdb-polr/extension/jemalloc/jemalloc/include -O3 -DNDEBUG -O3 -DNDEBUG   -fPIC -fdiagnostics-color=always -w -std=c++11 -MD -MT extension/jemalloc/jemalloc/CMakeFiles/jemalloc.dir/src/large.cpp.o -MF extension/jemalloc/jemalloc/CMakeFiles/jemalloc.dir/src/large.cpp.o.d -o extension/jemalloc/jemalloc/CMakeFiles/jemalloc.dir/src/large.cpp.o -c /home/pei/Project/duckdb-polr/extension/jemalloc/jemalloc/src/large.cpp
[236/376] /usr/bin/ccache /usr/lib/ccache/c++ -DDUCKDB_BUILD_LIBRARY -DENABLE_CROSS_PRODUCT_REWRITE=0 -DENABLE_DEBUG_PRINT=0 -DENABLE_MEASURE_EXE_TIME=0 -DENABLE_MERGE_BACK_PLAN=0 -DENABLE_PARALLEL_EXECUTION=0 -DENABLE_QUERY_SPLIT=1 -DENABLE_SPECIFY_EST_STAT=0 -DJEMALLOC_NO_PRIVATE_NAMESPACE -DJEMALLOC_NO_RENAME -I/home/pei/Project/duckdb-polr/src/include -I/home/pei/Project/duckdb-polr/third_party/fsst -I/home/pei/Project/duckdb-polr/third_party/fmt/include -I/home/pei/Project/duckdb-polr/third_party/hyperloglog -I/home/pei/Project/duckdb-polr/third_party/fastpforlib -I/home/pei/Project/duckdb-polr/third_party/fast_float -I/home/pei/Project/duckdb-polr/third_party/re2 -I/home/pei/Project/duckdb-polr/third_party/miniz -I/home/pei/Project/duckdb-polr/third_party/utf8proc/include -I/home/pei/Project/duckdb-polr/third_party/miniparquet -I/home/pei/Project/duckdb-polr/third_party/concurrentqueue -I/home/pei/Project/duckdb-polr/third_party/pcg -I/home/pei/Project/duckdb-polr/third_party/tdigest -I/home/pei/Project/duckdb-polr/third_party/mbedtls/include -I/home/pei/Project/duckdb-polr/third_party/jaro_winkler -I/home/pei/Project/duckdb-polr/extension/jemalloc/include -I/home/pei/Project/duckdb-polr/extension/jemalloc/jemalloc/include -O3 -DNDEBUG -O3 -DNDEBUG   -fPIC -fdiagnostics-color=always -w -std=c++11 -MD -MT extension/jemalloc/jemalloc/CMakeFiles/jemalloc.dir/src/log.cpp.o -MF extension/jemalloc/jemalloc/CMakeFiles/jemalloc.dir/src/log.cpp.o.d -o extension/jemalloc/jemalloc/CMakeFiles/jemalloc.dir/src/log.cpp.o -c /home/pei/Project/duckdb-polr/extension/jemalloc/jemalloc/src/log.cpp
[237/376] /usr/bin/ccache /usr/lib/ccache/c++ -DDUCKDB_BUILD_LIBRARY -DENABLE_CROSS_PRODUCT_REWRITE=0 -DENABLE_DEBUG_PRINT=0 -DENABLE_MEASURE_EXE_TIME=0 -DENABLE_MERGE_BACK_PLAN=0 -DENABLE_PARALLEL_EXECUTION=0 -DENABLE_QUERY_SPLIT=1 -DENABLE_SPECIFY_EST_STAT=0 -DJEMALLOC_NO_PRIVATE_NAMESPACE -DJEMALLOC_NO_RENAME -I/home/pei/Project/duckdb-polr/src/include -I/home/pei/Project/duckdb-polr/third_party/fsst -I/home/pei/Project/duckdb-polr/third_party/fmt/include -I/home/pei/Project/duckdb-polr/third_party/hyperloglog -I/home/pei/Project/duckdb-polr/third_party/fastpforlib -I/home/pei/Project/duckdb-polr/third_party/fast_float -I/home/pei/Project/duckdb-polr/third_party/re2 -I/home/pei/Project/duckdb-polr/third_party/miniz -I/home/pei/Project/duckdb-polr/third_party/utf8proc/include -I/home/pei/Project/duckdb-polr/third_party/miniparquet -I/home/pei/Project/duckdb-polr/third_party/concurrentqueue -I/home/pei/Project/duckdb-polr/third_party/pcg -I/home/pei/Project/duckdb-polr/third_party/tdigest -I/home/pei/Project/duckdb-polr/third_party/mbedtls/include -I/home/pei/Project/duckdb-polr/third_party/jaro_winkler -I/home/pei/Project/duckdb-polr/extension/jemalloc/include -I/home/pei/Project/duckdb-polr/extension/jemalloc/jemalloc/include -O3 -DNDEBUG -O3 -DNDEBUG   -fPIC -fdiagnostics-color=always -w -std=c++11 -MD -MT extension/jemalloc/jemalloc/CMakeFiles/jemalloc.dir/src/malloc_io.cpp.o -MF extension/jemalloc/jemalloc/CMakeFiles/jemalloc.dir/src/malloc_io.cpp.o.d -o extension/jemalloc/jemalloc/CMakeFiles/jemalloc.dir/src/malloc_io.cpp.o -c /home/pei/Project/duckdb-polr/extension/jemalloc/jemalloc/src/malloc_io.cpp
[238/376] /usr/bin/ccache /usr/lib/ccache/c++ -DDUCKDB_BUILD_LIBRARY -DENABLE_CROSS_PRODUCT_REWRITE=0 -DENABLE_DEBUG_PRINT=0 -DENABLE_MEASURE_EXE_TIME=0 -DENABLE_MERGE_BACK_PLAN=0 -DENABLE_PARALLEL_EXECUTION=0 -DENABLE_QUERY_SPLIT=1 -DENABLE_SPECIFY_EST_STAT=0 -DJEMALLOC_NO_PRIVATE_NAMESPACE -DJEMALLOC_NO_RENAME -I/home/pei/Project/duckdb-polr/src/include -I/home/pei/Project/duckdb-polr/third_party/fsst -I/home/pei/Project/duckdb-polr/third_party/fmt/include -I/home/pei/Project/duckdb-polr/third_party/hyperloglog -I/home/pei/Project/duckdb-polr/third_party/fastpforlib -I/home/pei/Project/duckdb-polr/third_party/fast_float -I/home/pei/Project/duckdb-polr/third_party/re2 -I/home/pei/Project/duckdb-polr/third_party/miniz -I/home/pei/Project/duckdb-polr/third_party/utf8proc/include -I/home/pei/Project/duckdb-polr/third_party/miniparquet -I/home/pei/Project/duckdb-polr/third_party/concurrentqueue -I/home/pei/Project/duckdb-polr/third_party/pcg -I/home/pei/Project/duckdb-polr/third_party/tdigest -I/home/pei/Project/duckdb-polr/third_party/mbedtls/include -I/home/pei/Project/duckdb-polr/third_party/jaro_winkler -I/home/pei/Project/duckdb-polr/extension/jemalloc/include -I/home/pei/Project/duckdb-polr/extension/jemalloc/jemalloc/include -O3 -DNDEBUG -O3 -DNDEBUG   -fPIC -fdiagnostics-color=always -w -std=c++11 -MD -MT extension/jemalloc/jemalloc/CMakeFiles/jemalloc.dir/src/mutex.cpp.o -MF extension/jemalloc/jemalloc/CMakeFiles/jemalloc.dir/src/mutex.cpp.o.d -o extension/jemalloc/jemalloc/CMakeFiles/jemalloc.dir/src/mutex.cpp.o -c /home/pei/Project/duckdb-polr/extension/jemalloc/jemalloc/src/mutex.cpp
[239/376] /usr/bin/ccache /usr/lib/ccache/c++ -DDUCKDB_BUILD_LIBRARY -DENABLE_CROSS_PRODUCT_REWRITE=0 -DENABLE_DEBUG_PRINT=0 -DENABLE_MEASURE_EXE_TIME=0 -DENABLE_MERGE_BACK_PLAN=0 -DENABLE_PARALLEL_EXECUTION=0 -DENABLE_QUERY_SPLIT=1 -DENABLE_SPECIFY_EST_STAT=0 -DJEMALLOC_NO_PRIVATE_NAMESPACE -DJEMALLOC_NO_RENAME -I/home/pei/Project/duckdb-polr/src/include -I/home/pei/Project/duckdb-polr/third_party/fsst -I/home/pei/Project/duckdb-polr/third_party/fmt/include -I/home/pei/Project/duckdb-polr/third_party/hyperloglog -I/home/pei/Project/duckdb-polr/third_party/fastpforlib -I/home/pei/Project/duckdb-polr/third_party/fast_float -I/home/pei/Project/duckdb-polr/third_party/re2 -I/home/pei/Project/duckdb-polr/third_party/miniz -I/home/pei/Project/duckdb-polr/third_party/utf8proc/include -I/home/pei/Project/duckdb-polr/third_party/miniparquet -I/home/pei/Project/duckdb-polr/third_party/concurrentqueue -I/home/pei/Project/duckdb-polr/third_party/pcg -I/home/pei/Project/duckdb-polr/third_party/tdigest -I/home/pei/Project/duckdb-polr/third_party/mbedtls/include -I/home/pei/Project/duckdb-polr/third_party/jaro_winkler -I/home/pei/Project/duckdb-polr/extension/jemalloc/include -I/home/pei/Project/duckdb-polr/extension/jemalloc/jemalloc/include -O3 -DNDEBUG -O3 -DNDEBUG   -fPIC -fdiagnostics-color=always -w -std=c++11 -MD -MT extension/jemalloc/jemalloc/CMakeFiles/jemalloc.dir/src/pa.cpp.o -MF extension/jemalloc/jemalloc/CMakeFiles/jemalloc.dir/src/pa.cpp.o.d -o extension/jemalloc/jemalloc/CMakeFiles/jemalloc.dir/src/pa.cpp.o -c /home/pei/Project/duckdb-polr/extension/jemalloc/jemalloc/src/pa.cpp
[240/376] /usr/bin/ccache /usr/lib/ccache/c++ -DDUCKDB_BUILD_LIBRARY -DENABLE_CROSS_PRODUCT_REWRITE=0 -DENABLE_DEBUG_PRINT=0 -DENABLE_MEASURE_EXE_TIME=0 -DENABLE_MERGE_BACK_PLAN=0 -DENABLE_PARALLEL_EXECUTION=0 -DENABLE_QUERY_SPLIT=1 -DENABLE_SPECIFY_EST_STAT=0 -DJEMALLOC_NO_PRIVATE_NAMESPACE -DJEMALLOC_NO_RENAME -I/home/pei/Project/duckdb-polr/src/include -I/home/pei/Project/duckdb-polr/third_party/fsst -I/home/pei/Project/duckdb-polr/third_party/fmt/include -I/home/pei/Project/duckdb-polr/third_party/hyperloglog -I/home/pei/Project/duckdb-polr/third_party/fastpforlib -I/home/pei/Project/duckdb-polr/third_party/fast_float -I/home/pei/Project/duckdb-polr/third_party/re2 -I/home/pei/Project/duckdb-polr/third_party/miniz -I/home/pei/Project/duckdb-polr/third_party/utf8proc/include -I/home/pei/Project/duckdb-polr/third_party/miniparquet -I/home/pei/Project/duckdb-polr/third_party/concurrentqueue -I/home/pei/Project/duckdb-polr/third_party/pcg -I/home/pei/Project/duckdb-polr/third_party/tdigest -I/home/pei/Project/duckdb-polr/third_party/mbedtls/include -I/home/pei/Project/duckdb-polr/third_party/jaro_winkler -I/home/pei/Project/duckdb-polr/extension/jemalloc/include -I/home/pei/Project/duckdb-polr/extension/jemalloc/jemalloc/include -O3 -DNDEBUG -O3 -DNDEBUG   -fPIC -fdiagnostics-color=always -w -std=c++11 -MD -MT extension/jemalloc/jemalloc/CMakeFiles/jemalloc.dir/src/nstime.cpp.o -MF extension/jemalloc/jemalloc/CMakeFiles/jemalloc.dir/src/nstime.cpp.o.d -o extension/jemalloc/jemalloc/CMakeFiles/jemalloc.dir/src/nstime.cpp.o -c /home/pei/Project/duckdb-polr/extension/jemalloc/jemalloc/src/nstime.cpp
[241/376] /usr/bin/ccache /usr/lib/ccache/c++ -DDUCKDB_BUILD_LIBRARY -DENABLE_CROSS_PRODUCT_REWRITE=0 -DENABLE_DEBUG_PRINT=0 -DENABLE_MEASURE_EXE_TIME=0 -DENABLE_MERGE_BACK_PLAN=0 -DENABLE_PARALLEL_EXECUTION=0 -DENABLE_QUERY_SPLIT=1 -DENABLE_SPECIFY_EST_STAT=0 -DJEMALLOC_NO_PRIVATE_NAMESPACE -DJEMALLOC_NO_RENAME -I/home/pei/Project/duckdb-polr/src/include -I/home/pei/Project/duckdb-polr/third_party/fsst -I/home/pei/Project/duckdb-polr/third_party/fmt/include -I/home/pei/Project/duckdb-polr/third_party/hyperloglog -I/home/pei/Project/duckdb-polr/third_party/fastpforlib -I/home/pei/Project/duckdb-polr/third_party/fast_float -I/home/pei/Project/duckdb-polr/third_party/re2 -I/home/pei/Project/duckdb-polr/third_party/miniz -I/home/pei/Project/duckdb-polr/third_party/utf8proc/include -I/home/pei/Project/duckdb-polr/third_party/miniparquet -I/home/pei/Project/duckdb-polr/third_party/concurrentqueue -I/home/pei/Project/duckdb-polr/third_party/pcg -I/home/pei/Project/duckdb-polr/third_party/tdigest -I/home/pei/Project/duckdb-polr/third_party/mbedtls/include -I/home/pei/Project/duckdb-polr/third_party/jaro_winkler -I/home/pei/Project/duckdb-polr/extension/jemalloc/include -I/home/pei/Project/duckdb-polr/extension/jemalloc/jemalloc/include -O3 -DNDEBUG -O3 -DNDEBUG   -fPIC -fdiagnostics-color=always -w -std=c++11 -MD -MT extension/jemalloc/jemalloc/CMakeFiles/jemalloc.dir/src/pa_extra.cpp.o -MF extension/jemalloc/jemalloc/CMakeFiles/jemalloc.dir/src/pa_extra.cpp.o.d -o extension/jemalloc/jemalloc/CMakeFiles/jemalloc.dir/src/pa_extra.cpp.o -c /home/pei/Project/duckdb-polr/extension/jemalloc/jemalloc/src/pa_extra.cpp
[242/376] /usr/bin/ccache /usr/lib/ccache/c++ -DDUCKDB_BUILD_LIBRARY -DENABLE_CROSS_PRODUCT_REWRITE=0 -DENABLE_DEBUG_PRINT=0 -DENABLE_MEASURE_EXE_TIME=0 -DENABLE_MERGE_BACK_PLAN=0 -DENABLE_PARALLEL_EXECUTION=0 -DENABLE_QUERY_SPLIT=1 -DENABLE_SPECIFY_EST_STAT=0 -DJEMALLOC_NO_PRIVATE_NAMESPACE -DJEMALLOC_NO_RENAME -I/home/pei/Project/duckdb-polr/src/include -I/home/pei/Project/duckdb-polr/third_party/fsst -I/home/pei/Project/duckdb-polr/third_party/fmt/include -I/home/pei/Project/duckdb-polr/third_party/hyperloglog -I/home/pei/Project/duckdb-polr/third_party/fastpforlib -I/home/pei/Project/duckdb-polr/third_party/fast_float -I/home/pei/Project/duckdb-polr/third_party/re2 -I/home/pei/Project/duckdb-polr/third_party/miniz -I/home/pei/Project/duckdb-polr/third_party/utf8proc/include -I/home/pei/Project/duckdb-polr/third_party/miniparquet -I/home/pei/Project/duckdb-polr/third_party/concurrentqueue -I/home/pei/Project/duckdb-polr/third_party/pcg -I/home/pei/Project/duckdb-polr/third_party/tdigest -I/home/pei/Project/duckdb-polr/third_party/mbedtls/include -I/home/pei/Project/duckdb-polr/third_party/jaro_winkler -I/home/pei/Project/duckdb-polr/extension/jemalloc/include -I/home/pei/Project/duckdb-polr/extension/jemalloc/jemalloc/include -O3 -DNDEBUG -O3 -DNDEBUG   -fPIC -fdiagnostics-color=always -w -std=c++11 -MD -MT extension/jemalloc/jemalloc/CMakeFiles/jemalloc.dir/src/pac.cpp.o -MF extension/jemalloc/jemalloc/CMakeFiles/jemalloc.dir/src/pac.cpp.o.d -o extension/jemalloc/jemalloc/CMakeFiles/jemalloc.dir/src/pac.cpp.o -c /home/pei/Project/duckdb-polr/extension/jemalloc/jemalloc/src/pac.cpp
[243/376] /usr/bin/ccache /usr/lib/ccache/c++ -DDUCKDB_BUILD_LIBRARY -DENABLE_CROSS_PRODUCT_REWRITE=0 -DENABLE_DEBUG_PRINT=0 -DENABLE_MEASURE_EXE_TIME=0 -DENABLE_MERGE_BACK_PLAN=0 -DENABLE_PARALLEL_EXECUTION=0 -DENABLE_QUERY_SPLIT=1 -DENABLE_SPECIFY_EST_STAT=0 -DJEMALLOC_NO_PRIVATE_NAMESPACE -DJEMALLOC_NO_RENAME -I/home/pei/Project/duckdb-polr/src/include -I/home/pei/Project/duckdb-polr/third_party/fsst -I/home/pei/Project/duckdb-polr/third_party/fmt/include -I/home/pei/Project/duckdb-polr/third_party/hyperloglog -I/home/pei/Project/duckdb-polr/third_party/fastpforlib -I/home/pei/Project/duckdb-polr/third_party/fast_float -I/home/pei/Project/duckdb-polr/third_party/re2 -I/home/pei/Project/duckdb-polr/third_party/miniz -I/home/pei/Project/duckdb-polr/third_party/utf8proc/include -I/home/pei/Project/duckdb-polr/third_party/miniparquet -I/home/pei/Project/duckdb-polr/third_party/concurrentqueue -I/home/pei/Project/duckdb-polr/third_party/pcg -I/home/pei/Project/duckdb-polr/third_party/tdigest -I/home/pei/Project/duckdb-polr/third_party/mbedtls/include -I/home/pei/Project/duckdb-polr/third_party/jaro_winkler -I/home/pei/Project/duckdb-polr/extension/jemalloc/include -I/home/pei/Project/duckdb-polr/extension/jemalloc/jemalloc/include -O3 -DNDEBUG -O3 -DNDEBUG   -fPIC -fdiagnostics-color=always -w -std=c++11 -MD -MT extension/jemalloc/jemalloc/CMakeFiles/jemalloc.dir/src/pages.cpp.o -MF extension/jemalloc/jemalloc/CMakeFiles/jemalloc.dir/src/pages.cpp.o.d -o extension/jemalloc/jemalloc/CMakeFiles/jemalloc.dir/src/pages.cpp.o -c /home/pei/Project/duckdb-polr/extension/jemalloc/jemalloc/src/pages.cpp
[244/376] /usr/bin/ccache /usr/lib/ccache/c++ -DDUCKDB_BUILD_LIBRARY -DENABLE_CROSS_PRODUCT_REWRITE=0 -DENABLE_DEBUG_PRINT=0 -DENABLE_MEASURE_EXE_TIME=0 -DENABLE_MERGE_BACK_PLAN=0 -DENABLE_PARALLEL_EXECUTION=0 -DENABLE_QUERY_SPLIT=1 -DENABLE_SPECIFY_EST_STAT=0 -DJEMALLOC_NO_PRIVATE_NAMESPACE -DJEMALLOC_NO_RENAME -I/home/pei/Project/duckdb-polr/src/include -I/home/pei/Project/duckdb-polr/third_party/fsst -I/home/pei/Project/duckdb-polr/third_party/fmt/include -I/home/pei/Project/duckdb-polr/third_party/hyperloglog -I/home/pei/Project/duckdb-polr/third_party/fastpforlib -I/home/pei/Project/duckdb-polr/third_party/fast_float -I/home/pei/Project/duckdb-polr/third_party/re2 -I/home/pei/Project/duckdb-polr/third_party/miniz -I/home/pei/Project/duckdb-polr/third_party/utf8proc/include -I/home/pei/Project/duckdb-polr/third_party/miniparquet -I/home/pei/Project/duckdb-polr/third_party/concurrentqueue -I/home/pei/Project/duckdb-polr/third_party/pcg -I/home/pei/Project/duckdb-polr/third_party/tdigest -I/home/pei/Project/duckdb-polr/third_party/mbedtls/include -I/home/pei/Project/duckdb-polr/third_party/jaro_winkler -I/home/pei/Project/duckdb-polr/extension/jemalloc/include -I/home/pei/Project/duckdb-polr/extension/jemalloc/jemalloc/include -O3 -DNDEBUG -O3 -DNDEBUG   -fPIC -fdiagnostics-color=always -w -std=c++11 -MD -MT extension/jemalloc/jemalloc/CMakeFiles/jemalloc.dir/src/pai.cpp.o -MF extension/jemalloc/jemalloc/CMakeFiles/jemalloc.dir/src/pai.cpp.o.d -o extension/jemalloc/jemalloc/CMakeFiles/jemalloc.dir/src/pai.cpp.o -c /home/pei/Project/duckdb-polr/extension/jemalloc/jemalloc/src/pai.cpp
[245/376] /usr/bin/ccache /usr/lib/ccache/c++ -DDUCKDB_BUILD_LIBRARY -DENABLE_CROSS_PRODUCT_REWRITE=0 -DENABLE_DEBUG_PRINT=0 -DENABLE_MEASURE_EXE_TIME=0 -DENABLE_MERGE_BACK_PLAN=0 -DENABLE_PARALLEL_EXECUTION=0 -DENABLE_QUERY_SPLIT=1 -DENABLE_SPECIFY_EST_STAT=0 -DJEMALLOC_NO_PRIVATE_NAMESPACE -DJEMALLOC_NO_RENAME -I/home/pei/Project/duckdb-polr/src/include -I/home/pei/Project/duckdb-polr/third_party/fsst -I/home/pei/Project/duckdb-polr/third_party/fmt/include -I/home/pei/Project/duckdb-polr/third_party/hyperloglog -I/home/pei/Project/duckdb-polr/third_party/fastpforlib -I/home/pei/Project/duckdb-polr/third_party/fast_float -I/home/pei/Project/duckdb-polr/third_party/re2 -I/home/pei/Project/duckdb-polr/third_party/miniz -I/home/pei/Project/duckdb-polr/third_party/utf8proc/include -I/home/pei/Project/duckdb-polr/third_party/miniparquet -I/home/pei/Project/duckdb-polr/third_party/concurrentqueue -I/home/pei/Project/duckdb-polr/third_party/pcg -I/home/pei/Project/duckdb-polr/third_party/tdigest -I/home/pei/Project/duckdb-polr/third_party/mbedtls/include -I/home/pei/Project/duckdb-polr/third_party/jaro_winkler -I/home/pei/Project/duckdb-polr/extension/jemalloc/include -I/home/pei/Project/duckdb-polr/extension/jemalloc/jemalloc/include -O3 -DNDEBUG -O3 -DNDEBUG   -fPIC -fdiagnostics-color=always -w -std=c++11 -MD -MT extension/jemalloc/jemalloc/CMakeFiles/jemalloc.dir/src/prof.cpp.o -MF extension/jemalloc/jemalloc/CMakeFiles/jemalloc.dir/src/prof.cpp.o.d -o extension/jemalloc/jemalloc/CMakeFiles/jemalloc.dir/src/prof.cpp.o -c /home/pei/Project/duckdb-polr/extension/jemalloc/jemalloc/src/prof.cpp
[246/376] /usr/bin/ccache /usr/lib/ccache/c++ -DDUCKDB_BUILD_LIBRARY -DENABLE_CROSS_PRODUCT_REWRITE=0 -DENABLE_DEBUG_PRINT=0 -DENABLE_MEASURE_EXE_TIME=0 -DENABLE_MERGE_BACK_PLAN=0 -DENABLE_PARALLEL_EXECUTION=0 -DENABLE_QUERY_SPLIT=1 -DENABLE_SPECIFY_EST_STAT=0 -DJEMALLOC_NO_PRIVATE_NAMESPACE -DJEMALLOC_NO_RENAME -I/home/pei/Project/duckdb-polr/src/include -I/home/pei/Project/duckdb-polr/third_party/fsst -I/home/pei/Project/duckdb-polr/third_party/fmt/include -I/home/pei/Project/duckdb-polr/third_party/hyperloglog -I/home/pei/Project/duckdb-polr/third_party/fastpforlib -I/home/pei/Project/duckdb-polr/third_party/fast_float -I/home/pei/Project/duckdb-polr/third_party/re2 -I/home/pei/Project/duckdb-polr/third_party/miniz -I/home/pei/Project/duckdb-polr/third_party/utf8proc/include -I/home/pei/Project/duckdb-polr/third_party/miniparquet -I/home/pei/Project/duckdb-polr/third_party/concurrentqueue -I/home/pei/Project/duckdb-polr/third_party/pcg -I/home/pei/Project/duckdb-polr/third_party/tdigest -I/home/pei/Project/duckdb-polr/third_party/mbedtls/include -I/home/pei/Project/duckdb-polr/third_party/jaro_winkler -I/home/pei/Project/duckdb-polr/extension/jemalloc/include -I/home/pei/Project/duckdb-polr/extension/jemalloc/jemalloc/include -O3 -DNDEBUG -O3 -DNDEBUG   -fPIC -fdiagnostics-color=always -w -std=c++11 -MD -MT extension/jemalloc/jemalloc/CMakeFiles/jemalloc.dir/src/prof_data.cpp.o -MF extension/jemalloc/jemalloc/CMakeFiles/jemalloc.dir/src/prof_data.cpp.o.d -o extension/jemalloc/jemalloc/CMakeFiles/jemalloc.dir/src/prof_data.cpp.o -c /home/pei/Project/duckdb-polr/extension/jemalloc/jemalloc/src/prof_data.cpp
[247/376] /usr/bin/ccache /usr/lib/ccache/c++ -DDUCKDB_BUILD_LIBRARY -DENABLE_CROSS_PRODUCT_REWRITE=0 -DENABLE_DEBUG_PRINT=0 -DENABLE_MEASURE_EXE_TIME=0 -DENABLE_MERGE_BACK_PLAN=0 -DENABLE_PARALLEL_EXECUTION=0 -DENABLE_QUERY_SPLIT=1 -DENABLE_SPECIFY_EST_STAT=0 -DJEMALLOC_NO_PRIVATE_NAMESPACE -DJEMALLOC_NO_RENAME -I/home/pei/Project/duckdb-polr/src/include -I/home/pei/Project/duckdb-polr/third_party/fsst -I/home/pei/Project/duckdb-polr/third_party/fmt/include -I/home/pei/Project/duckdb-polr/third_party/hyperloglog -I/home/pei/Project/duckdb-polr/third_party/fastpforlib -I/home/pei/Project/duckdb-polr/third_party/fast_float -I/home/pei/Project/duckdb-polr/third_party/re2 -I/home/pei/Project/duckdb-polr/third_party/miniz -I/home/pei/Project/duckdb-polr/third_party/utf8proc/include -I/home/pei/Project/duckdb-polr/third_party/miniparquet -I/home/pei/Project/duckdb-polr/third_party/concurrentqueue -I/home/pei/Project/duckdb-polr/third_party/pcg -I/home/pei/Project/duckdb-polr/third_party/tdigest -I/home/pei/Project/duckdb-polr/third_party/mbedtls/include -I/home/pei/Project/duckdb-polr/third_party/jaro_winkler -I/home/pei/Project/duckdb-polr/extension/jemalloc/include -I/home/pei/Project/duckdb-polr/extension/jemalloc/jemalloc/include -O3 -DNDEBUG -O3 -DNDEBUG   -fPIC -fdiagnostics-color=always -w -std=c++11 -MD -MT extension/jemalloc/jemalloc/CMakeFiles/jemalloc.dir/src/peak_event.cpp.o -MF extension/jemalloc/jemalloc/CMakeFiles/jemalloc.dir/src/peak_event.cpp.o.d -o extension/jemalloc/jemalloc/CMakeFiles/jemalloc.dir/src/peak_event.cpp.o -c /home/pei/Project/duckdb-polr/extension/jemalloc/jemalloc/src/peak_event.cpp
[248/376] /usr/bin/ccache /usr/lib/ccache/c++ -DDUCKDB_BUILD_LIBRARY -DENABLE_CROSS_PRODUCT_REWRITE=0 -DENABLE_DEBUG_PRINT=0 -DENABLE_MEASURE_EXE_TIME=0 -DENABLE_MERGE_BACK_PLAN=0 -DENABLE_PARALLEL_EXECUTION=0 -DENABLE_QUERY_SPLIT=1 -DENABLE_SPECIFY_EST_STAT=0 -DJEMALLOC_NO_PRIVATE_NAMESPACE -DJEMALLOC_NO_RENAME -I/home/pei/Project/duckdb-polr/src/include -I/home/pei/Project/duckdb-polr/third_party/fsst -I/home/pei/Project/duckdb-polr/third_party/fmt/include -I/home/pei/Project/duckdb-polr/third_party/hyperloglog -I/home/pei/Project/duckdb-polr/third_party/fastpforlib -I/home/pei/Project/duckdb-polr/third_party/fast_float -I/home/pei/Project/duckdb-polr/third_party/re2 -I/home/pei/Project/duckdb-polr/third_party/miniz -I/home/pei/Project/duckdb-polr/third_party/utf8proc/include -I/home/pei/Project/duckdb-polr/third_party/miniparquet -I/home/pei/Project/duckdb-polr/third_party/concurrentqueue -I/home/pei/Project/duckdb-polr/third_party/pcg -I/home/pei/Project/duckdb-polr/third_party/tdigest -I/home/pei/Project/duckdb-polr/third_party/mbedtls/include -I/home/pei/Project/duckdb-polr/third_party/jaro_winkler -I/home/pei/Project/duckdb-polr/extension/jemalloc/include -I/home/pei/Project/duckdb-polr/extension/jemalloc/jemalloc/include -O3 -DNDEBUG -O3 -DNDEBUG   -fPIC -fdiagnostics-color=always -w -std=c++11 -MD -MT extension/jemalloc/jemalloc/CMakeFiles/jemalloc.dir/src/prof_log.cpp.o -MF extension/jemalloc/jemalloc/CMakeFiles/jemalloc.dir/src/prof_log.cpp.o.d -o extension/jemalloc/jemalloc/CMakeFiles/jemalloc.dir/src/prof_log.cpp.o -c /home/pei/Project/duckdb-polr/extension/jemalloc/jemalloc/src/prof_log.cpp
[249/376] /usr/bin/ccache /usr/lib/ccache/c++ -DDUCKDB_BUILD_LIBRARY -DENABLE_CROSS_PRODUCT_REWRITE=0 -DENABLE_DEBUG_PRINT=0 -DENABLE_MEASURE_EXE_TIME=0 -DENABLE_MERGE_BACK_PLAN=0 -DENABLE_PARALLEL_EXECUTION=0 -DENABLE_QUERY_SPLIT=1 -DENABLE_SPECIFY_EST_STAT=0 -DJEMALLOC_NO_PRIVATE_NAMESPACE -DJEMALLOC_NO_RENAME -I/home/pei/Project/duckdb-polr/src/include -I/home/pei/Project/duckdb-polr/third_party/fsst -I/home/pei/Project/duckdb-polr/third_party/fmt/include -I/home/pei/Project/duckdb-polr/third_party/hyperloglog -I/home/pei/Project/duckdb-polr/third_party/fastpforlib -I/home/pei/Project/duckdb-polr/third_party/fast_float -I/home/pei/Project/duckdb-polr/third_party/re2 -I/home/pei/Project/duckdb-polr/third_party/miniz -I/home/pei/Project/duckdb-polr/third_party/utf8proc/include -I/home/pei/Project/duckdb-polr/third_party/miniparquet -I/home/pei/Project/duckdb-polr/third_party/concurrentqueue -I/home/pei/Project/duckdb-polr/third_party/pcg -I/home/pei/Project/duckdb-polr/third_party/tdigest -I/home/pei/Project/duckdb-polr/third_party/mbedtls/include -I/home/pei/Project/duckdb-polr/third_party/jaro_winkler -I/home/pei/Project/duckdb-polr/extension/jemalloc/include -I/home/pei/Project/duckdb-polr/extension/jemalloc/jemalloc/include -O3 -DNDEBUG -O3 -DNDEBUG   -fPIC -fdiagnostics-color=always -w -std=c++11 -MD -MT extension/jemalloc/jemalloc/CMakeFiles/jemalloc.dir/src/prof_recent.cpp.o -MF extension/jemalloc/jemalloc/CMakeFiles/jemalloc.dir/src/prof_recent.cpp.o.d -o extension/jemalloc/jemalloc/CMakeFiles/jemalloc.dir/src/prof_recent.cpp.o -c /home/pei/Project/duckdb-polr/extension/jemalloc/jemalloc/src/prof_recent.cpp
[250/376] /usr/bin/ccache /usr/lib/ccache/c++ -DDUCKDB_BUILD_LIBRARY -DENABLE_CROSS_PRODUCT_REWRITE=0 -DENABLE_DEBUG_PRINT=0 -DENABLE_MEASURE_EXE_TIME=0 -DENABLE_MERGE_BACK_PLAN=0 -DENABLE_PARALLEL_EXECUTION=0 -DENABLE_QUERY_SPLIT=1 -DENABLE_SPECIFY_EST_STAT=0 -DJEMALLOC_NO_PRIVATE_NAMESPACE -DJEMALLOC_NO_RENAME -I/home/pei/Project/duckdb-polr/src/include -I/home/pei/Project/duckdb-polr/third_party/fsst -I/home/pei/Project/duckdb-polr/third_party/fmt/include -I/home/pei/Project/duckdb-polr/third_party/hyperloglog -I/home/pei/Project/duckdb-polr/third_party/fastpforlib -I/home/pei/Project/duckdb-polr/third_party/fast_float -I/home/pei/Project/duckdb-polr/third_party/re2 -I/home/pei/Project/duckdb-polr/third_party/miniz -I/home/pei/Project/duckdb-polr/third_party/utf8proc/include -I/home/pei/Project/duckdb-polr/third_party/miniparquet -I/home/pei/Project/duckdb-polr/third_party/concurrentqueue -I/home/pei/Project/duckdb-polr/third_party/pcg -I/home/pei/Project/duckdb-polr/third_party/tdigest -I/home/pei/Project/duckdb-polr/third_party/mbedtls/include -I/home/pei/Project/duckdb-polr/third_party/jaro_winkler -I/home/pei/Project/duckdb-polr/extension/jemalloc/include -I/home/pei/Project/duckdb-polr/extension/jemalloc/jemalloc/include -O3 -DNDEBUG -O3 -DNDEBUG   -fPIC -fdiagnostics-color=always -w -std=c++11 -MD -MT extension/jemalloc/jemalloc/CMakeFiles/jemalloc.dir/src/prof_stats.cpp.o -MF extension/jemalloc/jemalloc/CMakeFiles/jemalloc.dir/src/prof_stats.cpp.o.d -o extension/jemalloc/jemalloc/CMakeFiles/jemalloc.dir/src/prof_stats.cpp.o -c /home/pei/Project/duckdb-polr/extension/jemalloc/jemalloc/src/prof_stats.cpp
[251/376] : && /usr/bin/cmake -E rm -f extension/parquet/libparquet_extension.a && /usr/bin/ar qc extension/parquet/libparquet_extension.a  extension/parquet/CMakeFiles/parquet_extension.dir/column_writer.cpp.o extension/parquet/CMakeFiles/parquet_extension.dir/parquet-extension.cpp.o extension/parquet/CMakeFiles/parquet_extension.dir/parquet_metadata.cpp.o extension/parquet/CMakeFiles/parquet_extension.dir/parquet_reader.cpp.o extension/parquet/CMakeFiles/parquet_extension.dir/parquet_timestamp.cpp.o extension/parquet/CMakeFiles/parquet_extension.dir/parquet_writer.cpp.o extension/parquet/CMakeFiles/parquet_extension.dir/parquet_statistics.cpp.o extension/parquet/CMakeFiles/parquet_extension.dir/zstd_file_system.cpp.o extension/parquet/CMakeFiles/parquet_extension.dir/column_reader.cpp.o extension/parquet/CMakeFiles/parquet_extension.dir/__/__/third_party/parquet/parquet_constants.cpp.o extension/parquet/CMakeFiles/parquet_extension.dir/__/__/third_party/parquet/parquet_types.cpp.o extension/parquet/CMakeFiles/parquet_extension.dir/__/__/third_party/thrift/thrift/protocol/TProtocol.cpp.o extension/parquet/CMakeFiles/parquet_extension.dir/__/__/third_party/thrift/thrift/transport/TTransportException.cpp.o extension/parquet/CMakeFiles/parquet_extension.dir/__/__/third_party/thrift/thrift/transport/TBufferTransports.cpp.o extension/parquet/CMakeFiles/parquet_extension.dir/__/__/third_party/snappy/snappy.cc.o extension/parquet/CMakeFiles/parquet_extension.dir/__/__/third_party/snappy/snappy-sinksource.cc.o extension/parquet/CMakeFiles/parquet_extension.dir/__/__/third_party/zstd/decompress/zstd_ddict.cpp.o extension/parquet/CMakeFiles/parquet_extension.dir/__/__/third_party/zstd/decompress/huf_decompress.cpp.o extension/parquet/CMakeFiles/parquet_extension.dir/__/__/third_party/zstd/decompress/zstd_decompress.cpp.o extension/parquet/CMakeFiles/parquet_extension.dir/__/__/third_party/zstd/decompress/zstd_decompress_block.cpp.o extension/parquet/CMakeFiles/parquet_extension.dir/__/__/third_party/zstd/common/entropy_common.cpp.o extension/parquet/CMakeFiles/parquet_extension.dir/__/__/third_party/zstd/common/fse_decompress.cpp.o extension/parquet/CMakeFiles/parquet_extension.dir/__/__/third_party/zstd/common/zstd_common.cpp.o extension/parquet/CMakeFiles/parquet_extension.dir/__/__/third_party/zstd/common/error_private.cpp.o extension/parquet/CMakeFiles/parquet_extension.dir/__/__/third_party/zstd/common/xxhash.cpp.o extension/parquet/CMakeFiles/parquet_extension.dir/__/__/third_party/zstd/compress/fse_compress.cpp.o extension/parquet/CMakeFiles/parquet_extension.dir/__/__/third_party/zstd/compress/hist.cpp.o extension/parquet/CMakeFiles/parquet_extension.dir/__/__/third_party/zstd/compress/huf_compress.cpp.o extension/parquet/CMakeFiles/parquet_extension.dir/__/__/third_party/zstd/compress/zstd_compress.cpp.o extension/parquet/CMakeFiles/parquet_extension.dir/__/__/third_party/zstd/compress/zstd_compress_literals.cpp.o extension/parquet/CMakeFiles/parquet_extension.dir/__/__/third_party/zstd/compress/zstd_compress_sequences.cpp.o extension/parquet/CMakeFiles/parquet_extension.dir/__/__/third_party/zstd/compress/zstd_compress_superblock.cpp.o extension/parquet/CMakeFiles/parquet_extension.dir/__/__/third_party/zstd/compress/zstd_double_fast.cpp.o extension/parquet/CMakeFiles/parquet_extension.dir/__/__/third_party/zstd/compress/zstd_fast.cpp.o extension/parquet/CMakeFiles/parquet_extension.dir/__/__/third_party/zstd/compress/zstd_lazy.cpp.o extension/parquet/CMakeFiles/parquet_extension.dir/__/__/third_party/zstd/compress/zstd_ldm.cpp.o extension/parquet/CMakeFiles/parquet_extension.dir/__/__/third_party/zstd/compress/zstd_opt.cpp.o && /usr/bin/ranlib extension/parquet/libparquet_extension.a && :
[252/376] /usr/bin/ccache /usr/lib/ccache/c++ -DDUCKDB_BUILD_LIBRARY -DENABLE_CROSS_PRODUCT_REWRITE=0 -DENABLE_DEBUG_PRINT=0 -DENABLE_MEASURE_EXE_TIME=0 -DENABLE_MERGE_BACK_PLAN=0 -DENABLE_PARALLEL_EXECUTION=0 -DENABLE_QUERY_SPLIT=1 -DENABLE_SPECIFY_EST_STAT=0 -DJEMALLOC_NO_PRIVATE_NAMESPACE -DJEMALLOC_NO_RENAME -I/home/pei/Project/duckdb-polr/src/include -I/home/pei/Project/duckdb-polr/third_party/fsst -I/home/pei/Project/duckdb-polr/third_party/fmt/include -I/home/pei/Project/duckdb-polr/third_party/hyperloglog -I/home/pei/Project/duckdb-polr/third_party/fastpforlib -I/home/pei/Project/duckdb-polr/third_party/fast_float -I/home/pei/Project/duckdb-polr/third_party/re2 -I/home/pei/Project/duckdb-polr/third_party/miniz -I/home/pei/Project/duckdb-polr/third_party/utf8proc/include -I/home/pei/Project/duckdb-polr/third_party/miniparquet -I/home/pei/Project/duckdb-polr/third_party/concurrentqueue -I/home/pei/Project/duckdb-polr/third_party/pcg -I/home/pei/Project/duckdb-polr/third_party/tdigest -I/home/pei/Project/duckdb-polr/third_party/mbedtls/include -I/home/pei/Project/duckdb-polr/third_party/jaro_winkler -I/home/pei/Project/duckdb-polr/extension/jemalloc/include -I/home/pei/Project/duckdb-polr/extension/jemalloc/jemalloc/include -O3 -DNDEBUG -O3 -DNDEBUG   -fPIC -fdiagnostics-color=always -w -std=c++11 -MD -MT extension/jemalloc/jemalloc/CMakeFiles/jemalloc.dir/src/prof_sys.cpp.o -MF extension/jemalloc/jemalloc/CMakeFiles/jemalloc.dir/src/prof_sys.cpp.o.d -o extension/jemalloc/jemalloc/CMakeFiles/jemalloc.dir/src/prof_sys.cpp.o -c /home/pei/Project/duckdb-polr/extension/jemalloc/jemalloc/src/prof_sys.cpp
[253/376] /usr/bin/ccache /usr/lib/ccache/c++ -DDUCKDB_BUILD_LIBRARY -DENABLE_CROSS_PRODUCT_REWRITE=0 -DENABLE_DEBUG_PRINT=0 -DENABLE_MEASURE_EXE_TIME=0 -DENABLE_MERGE_BACK_PLAN=0 -DENABLE_PARALLEL_EXECUTION=0 -DENABLE_QUERY_SPLIT=1 -DENABLE_SPECIFY_EST_STAT=0 -DJEMALLOC_NO_PRIVATE_NAMESPACE -DJEMALLOC_NO_RENAME -I/home/pei/Project/duckdb-polr/src/include -I/home/pei/Project/duckdb-polr/third_party/fsst -I/home/pei/Project/duckdb-polr/third_party/fmt/include -I/home/pei/Project/duckdb-polr/third_party/hyperloglog -I/home/pei/Project/duckdb-polr/third_party/fastpforlib -I/home/pei/Project/duckdb-polr/third_party/fast_float -I/home/pei/Project/duckdb-polr/third_party/re2 -I/home/pei/Project/duckdb-polr/third_party/miniz -I/home/pei/Project/duckdb-polr/third_party/utf8proc/include -I/home/pei/Project/duckdb-polr/third_party/miniparquet -I/home/pei/Project/duckdb-polr/third_party/concurrentqueue -I/home/pei/Project/duckdb-polr/third_party/pcg -I/home/pei/Project/duckdb-polr/third_party/tdigest -I/home/pei/Project/duckdb-polr/third_party/mbedtls/include -I/home/pei/Project/duckdb-polr/third_party/jaro_winkler -I/home/pei/Project/duckdb-polr/extension/jemalloc/include -I/home/pei/Project/duckdb-polr/extension/jemalloc/jemalloc/include -O3 -DNDEBUG -O3 -DNDEBUG   -fPIC -fdiagnostics-color=always -w -std=c++11 -MD -MT extension/jemalloc/jemalloc/CMakeFiles/jemalloc.dir/src/psset.cpp.o -MF extension/jemalloc/jemalloc/CMakeFiles/jemalloc.dir/src/psset.cpp.o.d -o extension/jemalloc/jemalloc/CMakeFiles/jemalloc.dir/src/psset.cpp.o -c /home/pei/Project/duckdb-polr/extension/jemalloc/jemalloc/src/psset.cpp
[254/376] /usr/bin/ccache /usr/lib/ccache/c++ -DDUCKDB_BUILD_LIBRARY -DENABLE_CROSS_PRODUCT_REWRITE=0 -DENABLE_DEBUG_PRINT=0 -DENABLE_MEASURE_EXE_TIME=0 -DENABLE_MERGE_BACK_PLAN=0 -DENABLE_PARALLEL_EXECUTION=0 -DENABLE_QUERY_SPLIT=1 -DENABLE_SPECIFY_EST_STAT=0 -DJEMALLOC_NO_PRIVATE_NAMESPACE -DJEMALLOC_NO_RENAME -I/home/pei/Project/duckdb-polr/src/include -I/home/pei/Project/duckdb-polr/third_party/fsst -I/home/pei/Project/duckdb-polr/third_party/fmt/include -I/home/pei/Project/duckdb-polr/third_party/hyperloglog -I/home/pei/Project/duckdb-polr/third_party/fastpforlib -I/home/pei/Project/duckdb-polr/third_party/fast_float -I/home/pei/Project/duckdb-polr/third_party/re2 -I/home/pei/Project/duckdb-polr/third_party/miniz -I/home/pei/Project/duckdb-polr/third_party/utf8proc/include -I/home/pei/Project/duckdb-polr/third_party/miniparquet -I/home/pei/Project/duckdb-polr/third_party/concurrentqueue -I/home/pei/Project/duckdb-polr/third_party/pcg -I/home/pei/Project/duckdb-polr/third_party/tdigest -I/home/pei/Project/duckdb-polr/third_party/mbedtls/include -I/home/pei/Project/duckdb-polr/third_party/jaro_winkler -I/home/pei/Project/duckdb-polr/extension/jemalloc/include -I/home/pei/Project/duckdb-polr/extension/jemalloc/jemalloc/include -O3 -DNDEBUG -O3 -DNDEBUG   -fPIC -fdiagnostics-color=always -w -std=c++11 -MD -MT extension/jemalloc/jemalloc/CMakeFiles/jemalloc.dir/src/rtree.cpp.o -MF extension/jemalloc/jemalloc/CMakeFiles/jemalloc.dir/src/rtree.cpp.o.d -o extension/jemalloc/jemalloc/CMakeFiles/jemalloc.dir/src/rtree.cpp.o -c /home/pei/Project/duckdb-polr/extension/jemalloc/jemalloc/src/rtree.cpp
[255/376] /usr/bin/ccache /usr/lib/ccache/c++ -DDUCKDB_BUILD_LIBRARY -DENABLE_CROSS_PRODUCT_REWRITE=0 -DENABLE_DEBUG_PRINT=0 -DENABLE_MEASURE_EXE_TIME=0 -DENABLE_MERGE_BACK_PLAN=0 -DENABLE_PARALLEL_EXECUTION=0 -DENABLE_QUERY_SPLIT=1 -DENABLE_SPECIFY_EST_STAT=0 -DJEMALLOC_NO_PRIVATE_NAMESPACE -DJEMALLOC_NO_RENAME -I/home/pei/Project/duckdb-polr/src/include -I/home/pei/Project/duckdb-polr/third_party/fsst -I/home/pei/Project/duckdb-polr/third_party/fmt/include -I/home/pei/Project/duckdb-polr/third_party/hyperloglog -I/home/pei/Project/duckdb-polr/third_party/fastpforlib -I/home/pei/Project/duckdb-polr/third_party/fast_float -I/home/pei/Project/duckdb-polr/third_party/re2 -I/home/pei/Project/duckdb-polr/third_party/miniz -I/home/pei/Project/duckdb-polr/third_party/utf8proc/include -I/home/pei/Project/duckdb-polr/third_party/miniparquet -I/home/pei/Project/duckdb-polr/third_party/concurrentqueue -I/home/pei/Project/duckdb-polr/third_party/pcg -I/home/pei/Project/duckdb-polr/third_party/tdigest -I/home/pei/Project/duckdb-polr/third_party/mbedtls/include -I/home/pei/Project/duckdb-polr/third_party/jaro_winkler -I/home/pei/Project/duckdb-polr/extension/jemalloc/include -I/home/pei/Project/duckdb-polr/extension/jemalloc/jemalloc/include -O3 -DNDEBUG -O3 -DNDEBUG   -fPIC -fdiagnostics-color=always -w -std=c++11 -MD -MT extension/jemalloc/jemalloc/CMakeFiles/jemalloc.dir/src/safety_check.cpp.o -MF extension/jemalloc/jemalloc/CMakeFiles/jemalloc.dir/src/safety_check.cpp.o.d -o extension/jemalloc/jemalloc/CMakeFiles/jemalloc.dir/src/safety_check.cpp.o -c /home/pei/Project/duckdb-polr/extension/jemalloc/jemalloc/src/safety_check.cpp
[256/376] /usr/bin/ccache /usr/lib/ccache/c++ -DDUCKDB_BUILD_LIBRARY -DENABLE_CROSS_PRODUCT_REWRITE=0 -DENABLE_DEBUG_PRINT=0 -DENABLE_MEASURE_EXE_TIME=0 -DENABLE_MERGE_BACK_PLAN=0 -DENABLE_PARALLEL_EXECUTION=0 -DENABLE_QUERY_SPLIT=1 -DENABLE_SPECIFY_EST_STAT=0 -DJEMALLOC_NO_PRIVATE_NAMESPACE -DJEMALLOC_NO_RENAME -I/home/pei/Project/duckdb-polr/src/include -I/home/pei/Project/duckdb-polr/third_party/fsst -I/home/pei/Project/duckdb-polr/third_party/fmt/include -I/home/pei/Project/duckdb-polr/third_party/hyperloglog -I/home/pei/Project/duckdb-polr/third_party/fastpforlib -I/home/pei/Project/duckdb-polr/third_party/fast_float -I/home/pei/Project/duckdb-polr/third_party/re2 -I/home/pei/Project/duckdb-polr/third_party/miniz -I/home/pei/Project/duckdb-polr/third_party/utf8proc/include -I/home/pei/Project/duckdb-polr/third_party/miniparquet -I/home/pei/Project/duckdb-polr/third_party/concurrentqueue -I/home/pei/Project/duckdb-polr/third_party/pcg -I/home/pei/Project/duckdb-polr/third_party/tdigest -I/home/pei/Project/duckdb-polr/third_party/mbedtls/include -I/home/pei/Project/duckdb-polr/third_party/jaro_winkler -I/home/pei/Project/duckdb-polr/extension/jemalloc/include -I/home/pei/Project/duckdb-polr/extension/jemalloc/jemalloc/include -O3 -DNDEBUG -O3 -DNDEBUG   -fPIC -fdiagnostics-color=always -w -std=c++11 -MD -MT extension/jemalloc/jemalloc/CMakeFiles/jemalloc.dir/src/san.cpp.o -MF extension/jemalloc/jemalloc/CMakeFiles/jemalloc.dir/src/san.cpp.o.d -o extension/jemalloc/jemalloc/CMakeFiles/jemalloc.dir/src/san.cpp.o -c /home/pei/Project/duckdb-polr/extension/jemalloc/jemalloc/src/san.cpp
[257/376] /usr/bin/ccache /usr/lib/ccache/c++ -DDUCKDB_BUILD_LIBRARY -DENABLE_CROSS_PRODUCT_REWRITE=0 -DENABLE_DEBUG_PRINT=0 -DENABLE_MEASURE_EXE_TIME=0 -DENABLE_MERGE_BACK_PLAN=0 -DENABLE_PARALLEL_EXECUTION=0 -DENABLE_QUERY_SPLIT=1 -DENABLE_SPECIFY_EST_STAT=0 -DJEMALLOC_NO_PRIVATE_NAMESPACE -DJEMALLOC_NO_RENAME -I/home/pei/Project/duckdb-polr/src/include -I/home/pei/Project/duckdb-polr/third_party/fsst -I/home/pei/Project/duckdb-polr/third_party/fmt/include -I/home/pei/Project/duckdb-polr/third_party/hyperloglog -I/home/pei/Project/duckdb-polr/third_party/fastpforlib -I/home/pei/Project/duckdb-polr/third_party/fast_float -I/home/pei/Project/duckdb-polr/third_party/re2 -I/home/pei/Project/duckdb-polr/third_party/miniz -I/home/pei/Project/duckdb-polr/third_party/utf8proc/include -I/home/pei/Project/duckdb-polr/third_party/miniparquet -I/home/pei/Project/duckdb-polr/third_party/concurrentqueue -I/home/pei/Project/duckdb-polr/third_party/pcg -I/home/pei/Project/duckdb-polr/third_party/tdigest -I/home/pei/Project/duckdb-polr/third_party/mbedtls/include -I/home/pei/Project/duckdb-polr/third_party/jaro_winkler -I/home/pei/Project/duckdb-polr/extension/jemalloc/include -I/home/pei/Project/duckdb-polr/extension/jemalloc/jemalloc/include -O3 -DNDEBUG -O3 -DNDEBUG   -fPIC -fdiagnostics-color=always -w -std=c++11 -MD -MT extension/jemalloc/jemalloc/CMakeFiles/jemalloc.dir/src/san_bump.cpp.o -MF extension/jemalloc/jemalloc/CMakeFiles/jemalloc.dir/src/san_bump.cpp.o.d -o extension/jemalloc/jemalloc/CMakeFiles/jemalloc.dir/src/san_bump.cpp.o -c /home/pei/Project/duckdb-polr/extension/jemalloc/jemalloc/src/san_bump.cpp
[258/376] /usr/bin/ccache /usr/lib/ccache/c++ -DDUCKDB_BUILD_LIBRARY -DENABLE_CROSS_PRODUCT_REWRITE=0 -DENABLE_DEBUG_PRINT=0 -DENABLE_MEASURE_EXE_TIME=0 -DENABLE_MERGE_BACK_PLAN=0 -DENABLE_PARALLEL_EXECUTION=0 -DENABLE_QUERY_SPLIT=1 -DENABLE_SPECIFY_EST_STAT=0 -DJEMALLOC_NO_PRIVATE_NAMESPACE -DJEMALLOC_NO_RENAME -I/home/pei/Project/duckdb-polr/src/include -I/home/pei/Project/duckdb-polr/third_party/fsst -I/home/pei/Project/duckdb-polr/third_party/fmt/include -I/home/pei/Project/duckdb-polr/third_party/hyperloglog -I/home/pei/Project/duckdb-polr/third_party/fastpforlib -I/home/pei/Project/duckdb-polr/third_party/fast_float -I/home/pei/Project/duckdb-polr/third_party/re2 -I/home/pei/Project/duckdb-polr/third_party/miniz -I/home/pei/Project/duckdb-polr/third_party/utf8proc/include -I/home/pei/Project/duckdb-polr/third_party/miniparquet -I/home/pei/Project/duckdb-polr/third_party/concurrentqueue -I/home/pei/Project/duckdb-polr/third_party/pcg -I/home/pei/Project/duckdb-polr/third_party/tdigest -I/home/pei/Project/duckdb-polr/third_party/mbedtls/include -I/home/pei/Project/duckdb-polr/third_party/jaro_winkler -I/home/pei/Project/duckdb-polr/extension/jemalloc/include -I/home/pei/Project/duckdb-polr/extension/jemalloc/jemalloc/include -O3 -DNDEBUG -O3 -DNDEBUG   -fPIC -fdiagnostics-color=always -w -std=c++11 -MD -MT extension/jemalloc/jemalloc/CMakeFiles/jemalloc.dir/src/sc.cpp.o -MF extension/jemalloc/jemalloc/CMakeFiles/jemalloc.dir/src/sc.cpp.o.d -o extension/jemalloc/jemalloc/CMakeFiles/jemalloc.dir/src/sc.cpp.o -c /home/pei/Project/duckdb-polr/extension/jemalloc/jemalloc/src/sc.cpp
[259/376] /usr/bin/ccache /usr/lib/ccache/c++ -DDUCKDB_BUILD_LIBRARY -DENABLE_CROSS_PRODUCT_REWRITE=0 -DENABLE_DEBUG_PRINT=0 -DENABLE_MEASURE_EXE_TIME=0 -DENABLE_MERGE_BACK_PLAN=0 -DENABLE_PARALLEL_EXECUTION=0 -DENABLE_QUERY_SPLIT=1 -DENABLE_SPECIFY_EST_STAT=0 -DJEMALLOC_NO_PRIVATE_NAMESPACE -DJEMALLOC_NO_RENAME -I/home/pei/Project/duckdb-polr/src/include -I/home/pei/Project/duckdb-polr/third_party/fsst -I/home/pei/Project/duckdb-polr/third_party/fmt/include -I/home/pei/Project/duckdb-polr/third_party/hyperloglog -I/home/pei/Project/duckdb-polr/third_party/fastpforlib -I/home/pei/Project/duckdb-polr/third_party/fast_float -I/home/pei/Project/duckdb-polr/third_party/re2 -I/home/pei/Project/duckdb-polr/third_party/miniz -I/home/pei/Project/duckdb-polr/third_party/utf8proc/include -I/home/pei/Project/duckdb-polr/third_party/miniparquet -I/home/pei/Project/duckdb-polr/third_party/concurrentqueue -I/home/pei/Project/duckdb-polr/third_party/pcg -I/home/pei/Project/duckdb-polr/third_party/tdigest -I/home/pei/Project/duckdb-polr/third_party/mbedtls/include -I/home/pei/Project/duckdb-polr/third_party/jaro_winkler -I/home/pei/Project/duckdb-polr/extension/jemalloc/include -I/home/pei/Project/duckdb-polr/extension/jemalloc/jemalloc/include -O3 -DNDEBUG -O3 -DNDEBUG   -fPIC -fdiagnostics-color=always -w -std=c++11 -MD -MT extension/jemalloc/jemalloc/CMakeFiles/jemalloc.dir/src/sec.cpp.o -MF extension/jemalloc/jemalloc/CMakeFiles/jemalloc.dir/src/sec.cpp.o.d -o extension/jemalloc/jemalloc/CMakeFiles/jemalloc.dir/src/sec.cpp.o -c /home/pei/Project/duckdb-polr/extension/jemalloc/jemalloc/src/sec.cpp
[260/376] /usr/bin/ccache /usr/lib/ccache/c++ -DDUCKDB_BUILD_LIBRARY -DENABLE_CROSS_PRODUCT_REWRITE=0 -DENABLE_DEBUG_PRINT=0 -DENABLE_MEASURE_EXE_TIME=0 -DENABLE_MERGE_BACK_PLAN=0 -DENABLE_PARALLEL_EXECUTION=0 -DENABLE_QUERY_SPLIT=1 -DENABLE_SPECIFY_EST_STAT=0 -DJEMALLOC_NO_PRIVATE_NAMESPACE -DJEMALLOC_NO_RENAME -I/home/pei/Project/duckdb-polr/src/include -I/home/pei/Project/duckdb-polr/third_party/fsst -I/home/pei/Project/duckdb-polr/third_party/fmt/include -I/home/pei/Project/duckdb-polr/third_party/hyperloglog -I/home/pei/Project/duckdb-polr/third_party/fastpforlib -I/home/pei/Project/duckdb-polr/third_party/fast_float -I/home/pei/Project/duckdb-polr/third_party/re2 -I/home/pei/Project/duckdb-polr/third_party/miniz -I/home/pei/Project/duckdb-polr/third_party/utf8proc/include -I/home/pei/Project/duckdb-polr/third_party/miniparquet -I/home/pei/Project/duckdb-polr/third_party/concurrentqueue -I/home/pei/Project/duckdb-polr/third_party/pcg -I/home/pei/Project/duckdb-polr/third_party/tdigest -I/home/pei/Project/duckdb-polr/third_party/mbedtls/include -I/home/pei/Project/duckdb-polr/third_party/jaro_winkler -I/home/pei/Project/duckdb-polr/extension/jemalloc/include -I/home/pei/Project/duckdb-polr/extension/jemalloc/jemalloc/include -O3 -DNDEBUG -O3 -DNDEBUG   -fPIC -fdiagnostics-color=always -w -std=c++11 -MD -MT extension/jemalloc/jemalloc/CMakeFiles/jemalloc.dir/src/stats.cpp.o -MF extension/jemalloc/jemalloc/CMakeFiles/jemalloc.dir/src/stats.cpp.o.d -o extension/jemalloc/jemalloc/CMakeFiles/jemalloc.dir/src/stats.cpp.o -c /home/pei/Project/duckdb-polr/extension/jemalloc/jemalloc/src/stats.cpp
[261/376] /usr/bin/ccache /usr/lib/ccache/c++ -DDUCKDB_BUILD_LIBRARY -DENABLE_CROSS_PRODUCT_REWRITE=0 -DENABLE_DEBUG_PRINT=0 -DENABLE_MEASURE_EXE_TIME=0 -DENABLE_MERGE_BACK_PLAN=0 -DENABLE_PARALLEL_EXECUTION=0 -DENABLE_QUERY_SPLIT=1 -DENABLE_SPECIFY_EST_STAT=0 -DJEMALLOC_NO_PRIVATE_NAMESPACE -DJEMALLOC_NO_RENAME -I/home/pei/Project/duckdb-polr/src/include -I/home/pei/Project/duckdb-polr/third_party/fsst -I/home/pei/Project/duckdb-polr/third_party/fmt/include -I/home/pei/Project/duckdb-polr/third_party/hyperloglog -I/home/pei/Project/duckdb-polr/third_party/fastpforlib -I/home/pei/Project/duckdb-polr/third_party/fast_float -I/home/pei/Project/duckdb-polr/third_party/re2 -I/home/pei/Project/duckdb-polr/third_party/miniz -I/home/pei/Project/duckdb-polr/third_party/utf8proc/include -I/home/pei/Project/duckdb-polr/third_party/miniparquet -I/home/pei/Project/duckdb-polr/third_party/concurrentqueue -I/home/pei/Project/duckdb-polr/third_party/pcg -I/home/pei/Project/duckdb-polr/third_party/tdigest -I/home/pei/Project/duckdb-polr/third_party/mbedtls/include -I/home/pei/Project/duckdb-polr/third_party/jaro_winkler -I/home/pei/Project/duckdb-polr/extension/jemalloc/include -I/home/pei/Project/duckdb-polr/extension/jemalloc/jemalloc/include -O3 -DNDEBUG -O3 -DNDEBUG   -fPIC -fdiagnostics-color=always -w -std=c++11 -MD -MT extension/jemalloc/jemalloc/CMakeFiles/jemalloc.dir/src/sz.cpp.o -MF extension/jemalloc/jemalloc/CMakeFiles/jemalloc.dir/src/sz.cpp.o.d -o extension/jemalloc/jemalloc/CMakeFiles/jemalloc.dir/src/sz.cpp.o -c /home/pei/Project/duckdb-polr/extension/jemalloc/jemalloc/src/sz.cpp
[262/376] /usr/bin/ccache /usr/lib/ccache/c++ -DDUCKDB_BUILD_LIBRARY -DENABLE_CROSS_PRODUCT_REWRITE=0 -DENABLE_DEBUG_PRINT=0 -DENABLE_MEASURE_EXE_TIME=0 -DENABLE_MERGE_BACK_PLAN=0 -DENABLE_PARALLEL_EXECUTION=0 -DENABLE_QUERY_SPLIT=1 -DENABLE_SPECIFY_EST_STAT=0 -DJEMALLOC_NO_PRIVATE_NAMESPACE -DJEMALLOC_NO_RENAME -I/home/pei/Project/duckdb-polr/src/include -I/home/pei/Project/duckdb-polr/third_party/fsst -I/home/pei/Project/duckdb-polr/third_party/fmt/include -I/home/pei/Project/duckdb-polr/third_party/hyperloglog -I/home/pei/Project/duckdb-polr/third_party/fastpforlib -I/home/pei/Project/duckdb-polr/third_party/fast_float -I/home/pei/Project/duckdb-polr/third_party/re2 -I/home/pei/Project/duckdb-polr/third_party/miniz -I/home/pei/Project/duckdb-polr/third_party/utf8proc/include -I/home/pei/Project/duckdb-polr/third_party/miniparquet -I/home/pei/Project/duckdb-polr/third_party/concurrentqueue -I/home/pei/Project/duckdb-polr/third_party/pcg -I/home/pei/Project/duckdb-polr/third_party/tdigest -I/home/pei/Project/duckdb-polr/third_party/mbedtls/include -I/home/pei/Project/duckdb-polr/third_party/jaro_winkler -I/home/pei/Project/duckdb-polr/extension/jemalloc/include -I/home/pei/Project/duckdb-polr/extension/jemalloc/jemalloc/include -O3 -DNDEBUG -O3 -DNDEBUG   -fPIC -fdiagnostics-color=always -w -std=c++11 -MD -MT extension/jemalloc/jemalloc/CMakeFiles/jemalloc.dir/src/tcache.cpp.o -MF extension/jemalloc/jemalloc/CMakeFiles/jemalloc.dir/src/tcache.cpp.o.d -o extension/jemalloc/jemalloc/CMakeFiles/jemalloc.dir/src/tcache.cpp.o -c /home/pei/Project/duckdb-polr/extension/jemalloc/jemalloc/src/tcache.cpp
[263/376] /usr/bin/ccache /usr/lib/ccache/c++ -DDUCKDB_BUILD_LIBRARY -DENABLE_CROSS_PRODUCT_REWRITE=0 -DENABLE_DEBUG_PRINT=0 -DENABLE_MEASURE_EXE_TIME=0 -DENABLE_MERGE_BACK_PLAN=0 -DENABLE_PARALLEL_EXECUTION=0 -DENABLE_QUERY_SPLIT=1 -DENABLE_SPECIFY_EST_STAT=0 -DJEMALLOC_NO_PRIVATE_NAMESPACE -DJEMALLOC_NO_RENAME -I/home/pei/Project/duckdb-polr/src/include -I/home/pei/Project/duckdb-polr/third_party/fsst -I/home/pei/Project/duckdb-polr/third_party/fmt/include -I/home/pei/Project/duckdb-polr/third_party/hyperloglog -I/home/pei/Project/duckdb-polr/third_party/fastpforlib -I/home/pei/Project/duckdb-polr/third_party/fast_float -I/home/pei/Project/duckdb-polr/third_party/re2 -I/home/pei/Project/duckdb-polr/third_party/miniz -I/home/pei/Project/duckdb-polr/third_party/utf8proc/include -I/home/pei/Project/duckdb-polr/third_party/miniparquet -I/home/pei/Project/duckdb-polr/third_party/concurrentqueue -I/home/pei/Project/duckdb-polr/third_party/pcg -I/home/pei/Project/duckdb-polr/third_party/tdigest -I/home/pei/Project/duckdb-polr/third_party/mbedtls/include -I/home/pei/Project/duckdb-polr/third_party/jaro_winkler -I/home/pei/Project/duckdb-polr/extension/jemalloc/include -I/home/pei/Project/duckdb-polr/extension/jemalloc/jemalloc/include -O3 -DNDEBUG -O3 -DNDEBUG   -fPIC -fdiagnostics-color=always -w -std=c++11 -MD -MT extension/jemalloc/jemalloc/CMakeFiles/jemalloc.dir/src/thread_event.cpp.o -MF extension/jemalloc/jemalloc/CMakeFiles/jemalloc.dir/src/thread_event.cpp.o.d -o extension/jemalloc/jemalloc/CMakeFiles/jemalloc.dir/src/thread_event.cpp.o -c /home/pei/Project/duckdb-polr/extension/jemalloc/jemalloc/src/thread_event.cpp
[264/376] /usr/bin/ccache /usr/lib/ccache/c++ -DDUCKDB_BUILD_LIBRARY -DENABLE_CROSS_PRODUCT_REWRITE=0 -DENABLE_DEBUG_PRINT=0 -DENABLE_MEASURE_EXE_TIME=0 -DENABLE_MERGE_BACK_PLAN=0 -DENABLE_PARALLEL_EXECUTION=0 -DENABLE_QUERY_SPLIT=1 -DENABLE_SPECIFY_EST_STAT=0 -DJEMALLOC_NO_PRIVATE_NAMESPACE -DJEMALLOC_NO_RENAME -I/home/pei/Project/duckdb-polr/src/include -I/home/pei/Project/duckdb-polr/third_party/fsst -I/home/pei/Project/duckdb-polr/third_party/fmt/include -I/home/pei/Project/duckdb-polr/third_party/hyperloglog -I/home/pei/Project/duckdb-polr/third_party/fastpforlib -I/home/pei/Project/duckdb-polr/third_party/fast_float -I/home/pei/Project/duckdb-polr/third_party/re2 -I/home/pei/Project/duckdb-polr/third_party/miniz -I/home/pei/Project/duckdb-polr/third_party/utf8proc/include -I/home/pei/Project/duckdb-polr/third_party/miniparquet -I/home/pei/Project/duckdb-polr/third_party/concurrentqueue -I/home/pei/Project/duckdb-polr/third_party/pcg -I/home/pei/Project/duckdb-polr/third_party/tdigest -I/home/pei/Project/duckdb-polr/third_party/mbedtls/include -I/home/pei/Project/duckdb-polr/third_party/jaro_winkler -I/home/pei/Project/duckdb-polr/extension/jemalloc/include -I/home/pei/Project/duckdb-polr/extension/jemalloc/jemalloc/include -O3 -DNDEBUG -O3 -DNDEBUG   -fPIC -fdiagnostics-color=always -w -std=c++11 -MD -MT extension/jemalloc/jemalloc/CMakeFiles/jemalloc.dir/src/ticker.cpp.o -MF extension/jemalloc/jemalloc/CMakeFiles/jemalloc.dir/src/ticker.cpp.o.d -o extension/jemalloc/jemalloc/CMakeFiles/jemalloc.dir/src/ticker.cpp.o -c /home/pei/Project/duckdb-polr/extension/jemalloc/jemalloc/src/ticker.cpp
[265/376] /usr/bin/ccache /usr/lib/ccache/c++ -DDUCKDB_BUILD_LIBRARY -DENABLE_CROSS_PRODUCT_REWRITE=0 -DENABLE_DEBUG_PRINT=0 -DENABLE_MEASURE_EXE_TIME=0 -DENABLE_MERGE_BACK_PLAN=0 -DENABLE_PARALLEL_EXECUTION=0 -DENABLE_QUERY_SPLIT=1 -DENABLE_SPECIFY_EST_STAT=0 -DJEMALLOC_NO_PRIVATE_NAMESPACE -DJEMALLOC_NO_RENAME -I/home/pei/Project/duckdb-polr/src/include -I/home/pei/Project/duckdb-polr/third_party/fsst -I/home/pei/Project/duckdb-polr/third_party/fmt/include -I/home/pei/Project/duckdb-polr/third_party/hyperloglog -I/home/pei/Project/duckdb-polr/third_party/fastpforlib -I/home/pei/Project/duckdb-polr/third_party/fast_float -I/home/pei/Project/duckdb-polr/third_party/re2 -I/home/pei/Project/duckdb-polr/third_party/miniz -I/home/pei/Project/duckdb-polr/third_party/utf8proc/include -I/home/pei/Project/duckdb-polr/third_party/miniparquet -I/home/pei/Project/duckdb-polr/third_party/concurrentqueue -I/home/pei/Project/duckdb-polr/third_party/pcg -I/home/pei/Project/duckdb-polr/third_party/tdigest -I/home/pei/Project/duckdb-polr/third_party/mbedtls/include -I/home/pei/Project/duckdb-polr/third_party/jaro_winkler -I/home/pei/Project/duckdb-polr/extension/jemalloc/include -I/home/pei/Project/duckdb-polr/extension/jemalloc/jemalloc/include -O3 -DNDEBUG -O3 -DNDEBUG   -fPIC -fdiagnostics-color=always -w -std=c++11 -MD -MT extension/jemalloc/jemalloc/CMakeFiles/jemalloc.dir/src/test_hooks.cpp.o -MF extension/jemalloc/jemalloc/CMakeFiles/jemalloc.dir/src/test_hooks.cpp.o.d -o extension/jemalloc/jemalloc/CMakeFiles/jemalloc.dir/src/test_hooks.cpp.o -c /home/pei/Project/duckdb-polr/extension/jemalloc/jemalloc/src/test_hooks.cpp
[266/376] /usr/bin/ccache /usr/lib/ccache/c++ -DDUCKDB_BUILD_LIBRARY -DENABLE_CROSS_PRODUCT_REWRITE=0 -DENABLE_DEBUG_PRINT=0 -DENABLE_MEASURE_EXE_TIME=0 -DENABLE_MERGE_BACK_PLAN=0 -DENABLE_PARALLEL_EXECUTION=0 -DENABLE_QUERY_SPLIT=1 -DENABLE_SPECIFY_EST_STAT=0 -DJEMALLOC_NO_PRIVATE_NAMESPACE -DJEMALLOC_NO_RENAME -I/home/pei/Project/duckdb-polr/src/include -I/home/pei/Project/duckdb-polr/third_party/fsst -I/home/pei/Project/duckdb-polr/third_party/fmt/include -I/home/pei/Project/duckdb-polr/third_party/hyperloglog -I/home/pei/Project/duckdb-polr/third_party/fastpforlib -I/home/pei/Project/duckdb-polr/third_party/fast_float -I/home/pei/Project/duckdb-polr/third_party/re2 -I/home/pei/Project/duckdb-polr/third_party/miniz -I/home/pei/Project/duckdb-polr/third_party/utf8proc/include -I/home/pei/Project/duckdb-polr/third_party/miniparquet -I/home/pei/Project/duckdb-polr/third_party/concurrentqueue -I/home/pei/Project/duckdb-polr/third_party/pcg -I/home/pei/Project/duckdb-polr/third_party/tdigest -I/home/pei/Project/duckdb-polr/third_party/mbedtls/include -I/home/pei/Project/duckdb-polr/third_party/jaro_winkler -I/home/pei/Project/duckdb-polr/extension/jemalloc/include -I/home/pei/Project/duckdb-polr/extension/jemalloc/jemalloc/include -O3 -DNDEBUG -O3 -DNDEBUG   -fPIC -fdiagnostics-color=always -w -std=c++11 -MD -MT extension/jemalloc/jemalloc/CMakeFiles/jemalloc.dir/src/tsd.cpp.o -MF extension/jemalloc/jemalloc/CMakeFiles/jemalloc.dir/src/tsd.cpp.o.d -o extension/jemalloc/jemalloc/CMakeFiles/jemalloc.dir/src/tsd.cpp.o -c /home/pei/Project/duckdb-polr/extension/jemalloc/jemalloc/src/tsd.cpp
[267/376] /usr/bin/ccache /usr/lib/ccache/c++ -DDUCKDB_BUILD_LIBRARY -DENABLE_CROSS_PRODUCT_REWRITE=0 -DENABLE_DEBUG_PRINT=0 -DENABLE_MEASURE_EXE_TIME=0 -DENABLE_MERGE_BACK_PLAN=0 -DENABLE_PARALLEL_EXECUTION=0 -DENABLE_QUERY_SPLIT=1 -DENABLE_SPECIFY_EST_STAT=0 -DJEMALLOC_NO_PRIVATE_NAMESPACE -DJEMALLOC_NO_RENAME -I/home/pei/Project/duckdb-polr/src/include -I/home/pei/Project/duckdb-polr/third_party/fsst -I/home/pei/Project/duckdb-polr/third_party/fmt/include -I/home/pei/Project/duckdb-polr/third_party/hyperloglog -I/home/pei/Project/duckdb-polr/third_party/fastpforlib -I/home/pei/Project/duckdb-polr/third_party/fast_float -I/home/pei/Project/duckdb-polr/third_party/re2 -I/home/pei/Project/duckdb-polr/third_party/miniz -I/home/pei/Project/duckdb-polr/third_party/utf8proc/include -I/home/pei/Project/duckdb-polr/third_party/miniparquet -I/home/pei/Project/duckdb-polr/third_party/concurrentqueue -I/home/pei/Project/duckdb-polr/third_party/pcg -I/home/pei/Project/duckdb-polr/third_party/tdigest -I/home/pei/Project/duckdb-polr/third_party/mbedtls/include -I/home/pei/Project/duckdb-polr/third_party/jaro_winkler -I/home/pei/Project/duckdb-polr/extension/jemalloc/include -I/home/pei/Project/duckdb-polr/extension/jemalloc/jemalloc/include -O3 -DNDEBUG -O3 -DNDEBUG   -fPIC -fdiagnostics-color=always -w -std=c++11 -MD -MT extension/jemalloc/jemalloc/CMakeFiles/jemalloc.dir/src/witness.cpp.o -MF extension/jemalloc/jemalloc/CMakeFiles/jemalloc.dir/src/witness.cpp.o.d -o extension/jemalloc/jemalloc/CMakeFiles/jemalloc.dir/src/witness.cpp.o -c /home/pei/Project/duckdb-polr/extension/jemalloc/jemalloc/src/witness.cpp
[268/376] /usr/bin/ccache /usr/lib/ccache/c++ -DDUCKDB_BUILD_LIBRARY -DENABLE_CROSS_PRODUCT_REWRITE=0 -DENABLE_DEBUG_PRINT=0 -DENABLE_MEASURE_EXE_TIME=0 -DENABLE_MERGE_BACK_PLAN=0 -DENABLE_PARALLEL_EXECUTION=0 -DENABLE_QUERY_SPLIT=1 -DENABLE_SPECIFY_EST_STAT=0 -I/home/pei/Project/duckdb-polr/src/include -I/home/pei/Project/duckdb-polr/third_party/fsst -I/home/pei/Project/duckdb-polr/third_party/fmt/include -I/home/pei/Project/duckdb-polr/third_party/hyperloglog -I/home/pei/Project/duckdb-polr/third_party/fastpforlib -I/home/pei/Project/duckdb-polr/third_party/fast_float -I/home/pei/Project/duckdb-polr/third_party/re2 -I/home/pei/Project/duckdb-polr/third_party/miniz -I/home/pei/Project/duckdb-polr/third_party/utf8proc/include -I/home/pei/Project/duckdb-polr/third_party/miniparquet -I/home/pei/Project/duckdb-polr/third_party/concurrentqueue -I/home/pei/Project/duckdb-polr/third_party/pcg -I/home/pei/Project/duckdb-polr/third_party/tdigest -I/home/pei/Project/duckdb-polr/third_party/mbedtls/include -I/home/pei/Project/duckdb-polr/third_party/jaro_winkler -I/home/pei/Project/duckdb-polr/test/../third_party/catch -I/home/pei/Project/duckdb-polr/test/../third_party/tpce-tool/include -I/home/pei/Project/duckdb-polr/test/../third_party/sqlite/include -I/home/pei/Project/duckdb-polr/test/include -O3 -DNDEBUG -O3 -DNDEBUG   -fPIC -fdiagnostics-color=always -std=c++11 -MD -MT test/api/capi/CMakeFiles/test_sql_capi.dir/ub_test_sql_capi.cpp.o -MF test/api/capi/CMakeFiles/test_sql_capi.dir/ub_test_sql_capi.cpp.o.d -o test/api/capi/CMakeFiles/test_sql_capi.dir/ub_test_sql_capi.cpp.o -c /home/pei/Project/duckdb-polr/build/release/test/api/capi/ub_test_sql_capi.cpp
[269/376] /usr/bin/ccache /usr/lib/ccache/c++ -DDUCKDB_BUILD_LIBRARY -DDUCKDB_ROOT_DIRECTORY=\"/home/pei/Project/duckdb-polr\" -DENABLE_CROSS_PRODUCT_REWRITE=0 -DENABLE_DEBUG_PRINT=0 -DENABLE_MEASURE_EXE_TIME=0 -DENABLE_MERGE_BACK_PLAN=0 -DENABLE_PARALLEL_EXECUTION=0 -DENABLE_QUERY_SPLIT=1 -DENABLE_SPECIFY_EST_STAT=0 -I/home/pei/Project/duckdb-polr/src/include -I/home/pei/Project/duckdb-polr/third_party/fsst -I/home/pei/Project/duckdb-polr/third_party/fmt/include -I/home/pei/Project/duckdb-polr/third_party/hyperloglog -I/home/pei/Project/duckdb-polr/third_party/fastpforlib -I/home/pei/Project/duckdb-polr/third_party/fast_float -I/home/pei/Project/duckdb-polr/third_party/re2 -I/home/pei/Project/duckdb-polr/third_party/miniz -I/home/pei/Project/duckdb-polr/third_party/utf8proc/include -I/home/pei/Project/duckdb-polr/third_party/miniparquet -I/home/pei/Project/duckdb-polr/third_party/concurrentqueue -I/home/pei/Project/duckdb-polr/third_party/pcg -I/home/pei/Project/duckdb-polr/third_party/tdigest -I/home/pei/Project/duckdb-polr/third_party/mbedtls/include -I/home/pei/Project/duckdb-polr/third_party/jaro_winkler -I/home/pei/Project/duckdb-polr/test/../third_party/catch -I/home/pei/Project/duckdb-polr/test/../third_party/tpce-tool/include -I/home/pei/Project/duckdb-polr/test/../third_party/sqlite/include -I/home/pei/Project/duckdb-polr/test/include -I/home/pei/Project/duckdb-polr/third_party/libpg_query/include -O3 -DNDEBUG -O3 -DNDEBUG   -fPIE -fdiagnostics-color=always -std=c++11 -MD -MT test/CMakeFiles/unittest.dir/unittest.cpp.o -MF test/CMakeFiles/unittest.dir/unittest.cpp.o.d -o test/CMakeFiles/unittest.dir/unittest.cpp.o -c /home/pei/Project/duckdb-polr/test/unittest.cpp
[270/376] /usr/bin/ccache /usr/lib/ccache/c++ -DDUCKDB_BUILD_LIBRARY -DENABLE_CROSS_PRODUCT_REWRITE=0 -DENABLE_DEBUG_PRINT=0 -DENABLE_MEASURE_EXE_TIME=0 -DENABLE_MERGE_BACK_PLAN=0 -DENABLE_PARALLEL_EXECUTION=0 -DENABLE_QUERY_SPLIT=1 -DENABLE_SPECIFY_EST_STAT=0 -I/home/pei/Project/duckdb-polr/src/include -I/home/pei/Project/duckdb-polr/third_party/fsst -I/home/pei/Project/duckdb-polr/third_party/fmt/include -I/home/pei/Project/duckdb-polr/third_party/hyperloglog -I/home/pei/Project/duckdb-polr/third_party/fastpforlib -I/home/pei/Project/duckdb-polr/third_party/fast_float -I/home/pei/Project/duckdb-polr/third_party/re2 -I/home/pei/Project/duckdb-polr/third_party/miniz -I/home/pei/Project/duckdb-polr/third_party/utf8proc/include -I/home/pei/Project/duckdb-polr/third_party/miniparquet -I/home/pei/Project/duckdb-polr/third_party/concurrentqueue -I/home/pei/Project/duckdb-polr/third_party/pcg -I/home/pei/Project/duckdb-polr/third_party/tdigest -I/home/pei/Project/duckdb-polr/third_party/mbedtls/include -I/home/pei/Project/duckdb-polr/third_party/jaro_winkler -I/home/pei/Project/duckdb-polr/test/../third_party/catch -I/home/pei/Project/duckdb-polr/test/../third_party/tpce-tool/include -I/home/pei/Project/duckdb-polr/test/../third_party/sqlite/include -I/home/pei/Project/duckdb-polr/test/include -O3 -DNDEBUG -O3 -DNDEBUG   -fPIC -fdiagnostics-color=always -std=c++11 -MD -MT test/api/udf_function/CMakeFiles/test_api_udf_function.dir/ub_test_api_udf_function.cpp.o -MF test/api/udf_function/CMakeFiles/test_api_udf_function.dir/ub_test_api_udf_function.cpp.o.d -o test/api/udf_function/CMakeFiles/test_api_udf_function.dir/ub_test_api_udf_function.cpp.o -c /home/pei/Project/duckdb-polr/build/release/test/api/udf_function/ub_test_api_udf_function.cpp
[271/376] /usr/bin/ccache /usr/lib/ccache/c++ -DDUCKDB_BUILD_LIBRARY -DENABLE_CROSS_PRODUCT_REWRITE=0 -DENABLE_DEBUG_PRINT=0 -DENABLE_MEASURE_EXE_TIME=0 -DENABLE_MERGE_BACK_PLAN=0 -DENABLE_PARALLEL_EXECUTION=0 -DENABLE_QUERY_SPLIT=1 -DENABLE_SPECIFY_EST_STAT=0 -I/home/pei/Project/duckdb-polr/src/include -I/home/pei/Project/duckdb-polr/third_party/fsst -I/home/pei/Project/duckdb-polr/third_party/fmt/include -I/home/pei/Project/duckdb-polr/third_party/hyperloglog -I/home/pei/Project/duckdb-polr/third_party/fastpforlib -I/home/pei/Project/duckdb-polr/third_party/fast_float -I/home/pei/Project/duckdb-polr/third_party/re2 -I/home/pei/Project/duckdb-polr/third_party/miniz -I/home/pei/Project/duckdb-polr/third_party/utf8proc/include -I/home/pei/Project/duckdb-polr/third_party/miniparquet -I/home/pei/Project/duckdb-polr/third_party/concurrentqueue -I/home/pei/Project/duckdb-polr/third_party/pcg -I/home/pei/Project/duckdb-polr/third_party/tdigest -I/home/pei/Project/duckdb-polr/third_party/mbedtls/include -I/home/pei/Project/duckdb-polr/third_party/jaro_winkler -I/home/pei/Project/duckdb-polr/test/../third_party/catch -I/home/pei/Project/duckdb-polr/test/../third_party/tpce-tool/include -I/home/pei/Project/duckdb-polr/test/../third_party/sqlite/include -I/home/pei/Project/duckdb-polr/test/include -O3 -DNDEBUG -O3 -DNDEBUG   -fPIC -fdiagnostics-color=always -std=c++11 -MD -MT test/appender/CMakeFiles/test_appender.dir/ub_test_appender.cpp.o -MF test/appender/CMakeFiles/test_appender.dir/ub_test_appender.cpp.o.d -o test/appender/CMakeFiles/test_appender.dir/ub_test_appender.cpp.o -c /home/pei/Project/duckdb-polr/build/release/test/appender/ub_test_appender.cpp
[272/376] /usr/bin/ccache /usr/lib/ccache/c++ -DDUCKDB_BUILD_LIBRARY -DENABLE_CROSS_PRODUCT_REWRITE=0 -DENABLE_DEBUG_PRINT=0 -DENABLE_MEASURE_EXE_TIME=0 -DENABLE_MERGE_BACK_PLAN=0 -DENABLE_PARALLEL_EXECUTION=0 -DENABLE_QUERY_SPLIT=1 -DENABLE_SPECIFY_EST_STAT=0 -I/home/pei/Project/duckdb-polr/src/include -I/home/pei/Project/duckdb-polr/third_party/fsst -I/home/pei/Project/duckdb-polr/third_party/fmt/include -I/home/pei/Project/duckdb-polr/third_party/hyperloglog -I/home/pei/Project/duckdb-polr/third_party/fastpforlib -I/home/pei/Project/duckdb-polr/third_party/fast_float -I/home/pei/Project/duckdb-polr/third_party/re2 -I/home/pei/Project/duckdb-polr/third_party/miniz -I/home/pei/Project/duckdb-polr/third_party/utf8proc/include -I/home/pei/Project/duckdb-polr/third_party/miniparquet -I/home/pei/Project/duckdb-polr/third_party/concurrentqueue -I/home/pei/Project/duckdb-polr/third_party/pcg -I/home/pei/Project/duckdb-polr/third_party/tdigest -I/home/pei/Project/duckdb-polr/third_party/mbedtls/include -I/home/pei/Project/duckdb-polr/third_party/jaro_winkler -I/home/pei/Project/duckdb-polr/test/../third_party/catch -I/home/pei/Project/duckdb-polr/test/../third_party/tpce-tool/include -I/home/pei/Project/duckdb-polr/test/../third_party/sqlite/include -I/home/pei/Project/duckdb-polr/test/include -O3 -DNDEBUG -O3 -DNDEBUG   -fPIC -fdiagnostics-color=always -std=c++11 -MD -MT test/api/CMakeFiles/test_api.dir/ub_test_api.cpp.o -MF test/api/CMakeFiles/test_api.dir/ub_test_api.cpp.o.d -o test/api/CMakeFiles/test_api.dir/ub_test_api.cpp.o -c /home/pei/Project/duckdb-polr/build/release/test/api/ub_test_api.cpp
In file included from /home/pei/Project/duckdb-polr/src/include/duckdb/optimizer/optimizer.hpp:15,
                 from /home/pei/Project/duckdb-polr/test/api/test_plan_serialization.cpp:6,
                 from /home/pei/Project/duckdb-polr/build/release/test/api/ub_test_api.cpp:12:
/home/pei/Project/duckdb-polr/src/include/duckdb/optimizer/query_split/query_split.hpp:23:1: warning: inline variables are only available with ‘-std=c++17’ or ‘-std=gnu++17’ [-Wc++17-extensions]
   23 | inline bool execute_plan = false;
      | ^~~~~~
[273/376] /usr/bin/ccache /usr/lib/ccache/c++ -DDUCKDB_BUILD_LIBRARY -DENABLE_CROSS_PRODUCT_REWRITE=0 -DENABLE_DEBUG_PRINT=0 -DENABLE_MEASURE_EXE_TIME=0 -DENABLE_MERGE_BACK_PLAN=0 -DENABLE_PARALLEL_EXECUTION=0 -DENABLE_QUERY_SPLIT=1 -DENABLE_SPECIFY_EST_STAT=0 -I/home/pei/Project/duckdb-polr/src/include -I/home/pei/Project/duckdb-polr/third_party/fsst -I/home/pei/Project/duckdb-polr/third_party/fmt/include -I/home/pei/Project/duckdb-polr/third_party/hyperloglog -I/home/pei/Project/duckdb-polr/third_party/fastpforlib -I/home/pei/Project/duckdb-polr/third_party/fast_float -I/home/pei/Project/duckdb-polr/third_party/re2 -I/home/pei/Project/duckdb-polr/third_party/miniz -I/home/pei/Project/duckdb-polr/third_party/utf8proc/include -I/home/pei/Project/duckdb-polr/third_party/miniparquet -I/home/pei/Project/duckdb-polr/third_party/concurrentqueue -I/home/pei/Project/duckdb-polr/third_party/pcg -I/home/pei/Project/duckdb-polr/third_party/tdigest -I/home/pei/Project/duckdb-polr/third_party/mbedtls/include -I/home/pei/Project/duckdb-polr/third_party/jaro_winkler -I/home/pei/Project/duckdb-polr/test/../third_party/catch -I/home/pei/Project/duckdb-polr/test/../third_party/tpce-tool/include -I/home/pei/Project/duckdb-polr/test/../third_party/sqlite/include -I/home/pei/Project/duckdb-polr/test/include -O3 -DNDEBUG -O3 -DNDEBUG   -fPIC -fdiagnostics-color=always -std=c++11 -MD -MT test/common/CMakeFiles/test_common.dir/ub_test_common.cpp.o -MF test/common/CMakeFiles/test_common.dir/ub_test_common.cpp.o.d -o test/common/CMakeFiles/test_common.dir/ub_test_common.cpp.o -c /home/pei/Project/duckdb-polr/build/release/test/common/ub_test_common.cpp
[274/376] /usr/bin/ccache /usr/lib/ccache/c++ -DDUCKDB_BUILD_DIRECTORY=\"/home/pei/Project/duckdb-polr/build/release\" -DDUCKDB_BUILD_LIBRARY -DDUCKDB_BUILD_LOADABLE_EXTENSION -DENABLE_CROSS_PRODUCT_REWRITE=0 -DENABLE_DEBUG_PRINT=0 -DENABLE_MEASURE_EXE_TIME=0 -DENABLE_MERGE_BACK_PLAN=0 -DENABLE_PARALLEL_EXECUTION=0 -DENABLE_QUERY_SPLIT=1 -DENABLE_SPECIFY_EST_STAT=0 -I/home/pei/Project/duckdb-polr/src/include -I/home/pei/Project/duckdb-polr/third_party/fsst -I/home/pei/Project/duckdb-polr/third_party/fmt/include -I/home/pei/Project/duckdb-polr/third_party/hyperloglog -I/home/pei/Project/duckdb-polr/third_party/fastpforlib -I/home/pei/Project/duckdb-polr/third_party/fast_float -I/home/pei/Project/duckdb-polr/third_party/re2 -I/home/pei/Project/duckdb-polr/third_party/miniz -I/home/pei/Project/duckdb-polr/third_party/utf8proc/include -I/home/pei/Project/duckdb-polr/third_party/miniparquet -I/home/pei/Project/duckdb-polr/third_party/concurrentqueue -I/home/pei/Project/duckdb-polr/third_party/pcg -I/home/pei/Project/duckdb-polr/third_party/tdigest -I/home/pei/Project/duckdb-polr/third_party/mbedtls/include -I/home/pei/Project/duckdb-polr/third_party/jaro_winkler -I/home/pei/Project/duckdb-polr/test/../third_party/catch -I/home/pei/Project/duckdb-polr/test/../third_party/tpce-tool/include -I/home/pei/Project/duckdb-polr/test/../third_party/sqlite/include -I/home/pei/Project/duckdb-polr/test/include -O3 -DNDEBUG -O3 -DNDEBUG   -fPIC -fdiagnostics-color=always -std=c++11 -MD -MT test/extension/CMakeFiles/loadable_extension_optimizer_demo_loadable_extension.dir/loadable_extension_optimizer_demo.cpp.o -MF test/extension/CMakeFiles/loadable_extension_optimizer_demo_loadable_extension.dir/loadable_extension_optimizer_demo.cpp.o.d -o test/extension/CMakeFiles/loadable_extension_optimizer_demo_loadable_extension.dir/loadable_extension_optimizer_demo.cpp.o -c /home/pei/Project/duckdb-polr/test/extension/loadable_extension_optimizer_demo.cpp
[275/376] /usr/bin/ccache /usr/lib/ccache/c++ -DDUCKDB_BUILD_LIBRARY -DENABLE_CROSS_PRODUCT_REWRITE=0 -DENABLE_DEBUG_PRINT=0 -DENABLE_MEASURE_EXE_TIME=0 -DENABLE_MERGE_BACK_PLAN=0 -DENABLE_PARALLEL_EXECUTION=0 -DENABLE_QUERY_SPLIT=1 -DENABLE_SPECIFY_EST_STAT=0 -I/home/pei/Project/duckdb-polr/src/include -I/home/pei/Project/duckdb-polr/third_party/fsst -I/home/pei/Project/duckdb-polr/third_party/fmt/include -I/home/pei/Project/duckdb-polr/third_party/hyperloglog -I/home/pei/Project/duckdb-polr/third_party/fastpforlib -I/home/pei/Project/duckdb-polr/third_party/fast_float -I/home/pei/Project/duckdb-polr/third_party/re2 -I/home/pei/Project/duckdb-polr/third_party/miniz -I/home/pei/Project/duckdb-polr/third_party/utf8proc/include -I/home/pei/Project/duckdb-polr/third_party/miniparquet -I/home/pei/Project/duckdb-polr/third_party/concurrentqueue -I/home/pei/Project/duckdb-polr/third_party/pcg -I/home/pei/Project/duckdb-polr/third_party/tdigest -I/home/pei/Project/duckdb-polr/third_party/mbedtls/include -I/home/pei/Project/duckdb-polr/third_party/jaro_winkler -I/home/pei/Project/duckdb-polr/test/../third_party/catch -I/home/pei/Project/duckdb-polr/test/../third_party/tpce-tool/include -I/home/pei/Project/duckdb-polr/test/../third_party/sqlite/include -I/home/pei/Project/duckdb-polr/test/include -O3 -DNDEBUG -O3 -DNDEBUG   -fPIC -fdiagnostics-color=always -std=c++11 -MD -MT test/arrow_roundtrip/CMakeFiles/test_arrow_roundtrip.dir/ub_test_arrow_roundtrip.cpp.o -MF test/arrow_roundtrip/CMakeFiles/test_arrow_roundtrip.dir/ub_test_arrow_roundtrip.cpp.o.d -o test/arrow_roundtrip/CMakeFiles/test_arrow_roundtrip.dir/ub_test_arrow_roundtrip.cpp.o -c /home/pei/Project/duckdb-polr/build/release/test/arrow_roundtrip/ub_test_arrow_roundtrip.cpp
[276/376] /usr/bin/ccache /usr/lib/ccache/c++ -DDUCKDB_BUILD_DIRECTORY=\"/home/pei/Project/duckdb-polr/build/release\" -DDUCKDB_BUILD_LIBRARY -DENABLE_CROSS_PRODUCT_REWRITE=0 -DENABLE_DEBUG_PRINT=0 -DENABLE_MEASURE_EXE_TIME=0 -DENABLE_MERGE_BACK_PLAN=0 -DENABLE_PARALLEL_EXECUTION=0 -DENABLE_QUERY_SPLIT=1 -DENABLE_SPECIFY_EST_STAT=0 -I/home/pei/Project/duckdb-polr/src/include -I/home/pei/Project/duckdb-polr/third_party/fsst -I/home/pei/Project/duckdb-polr/third_party/fmt/include -I/home/pei/Project/duckdb-polr/third_party/hyperloglog -I/home/pei/Project/duckdb-polr/third_party/fastpforlib -I/home/pei/Project/duckdb-polr/third_party/fast_float -I/home/pei/Project/duckdb-polr/third_party/re2 -I/home/pei/Project/duckdb-polr/third_party/miniz -I/home/pei/Project/duckdb-polr/third_party/utf8proc/include -I/home/pei/Project/duckdb-polr/third_party/miniparquet -I/home/pei/Project/duckdb-polr/third_party/concurrentqueue -I/home/pei/Project/duckdb-polr/third_party/pcg -I/home/pei/Project/duckdb-polr/third_party/tdigest -I/home/pei/Project/duckdb-polr/third_party/mbedtls/include -I/home/pei/Project/duckdb-polr/third_party/jaro_winkler -I/home/pei/Project/duckdb-polr/test/../third_party/catch -I/home/pei/Project/duckdb-polr/test/../third_party/tpce-tool/include -I/home/pei/Project/duckdb-polr/test/../third_party/sqlite/include -I/home/pei/Project/duckdb-polr/test/include -O3 -DNDEBUG -O3 -DNDEBUG   -fPIC -fdiagnostics-color=always -std=c++11 -MD -MT test/extension/CMakeFiles/test_extensions.dir/ub_test_extensions.cpp.o -MF test/extension/CMakeFiles/test_extensions.dir/ub_test_extensions.cpp.o.d -o test/extension/CMakeFiles/test_extensions.dir/ub_test_extensions.cpp.o -c /home/pei/Project/duckdb-polr/build/release/test/extension/ub_test_extensions.cpp
[277/376] /usr/bin/ccache /usr/lib/ccache/c++ -DDUCKDB_BUILD_LIBRARY -DENABLE_CROSS_PRODUCT_REWRITE=0 -DENABLE_DEBUG_PRINT=0 -DENABLE_MEASURE_EXE_TIME=0 -DENABLE_MERGE_BACK_PLAN=0 -DENABLE_PARALLEL_EXECUTION=0 -DENABLE_QUERY_SPLIT=1 -DENABLE_SPECIFY_EST_STAT=0 -I/home/pei/Project/duckdb-polr/src/include -I/home/pei/Project/duckdb-polr/third_party/fsst -I/home/pei/Project/duckdb-polr/third_party/fmt/include -I/home/pei/Project/duckdb-polr/third_party/hyperloglog -I/home/pei/Project/duckdb-polr/third_party/fastpforlib -I/home/pei/Project/duckdb-polr/third_party/fast_float -I/home/pei/Project/duckdb-polr/third_party/re2 -I/home/pei/Project/duckdb-polr/third_party/miniz -I/home/pei/Project/duckdb-polr/third_party/utf8proc/include -I/home/pei/Project/duckdb-polr/third_party/miniparquet -I/home/pei/Project/duckdb-polr/third_party/concurrentqueue -I/home/pei/Project/duckdb-polr/third_party/pcg -I/home/pei/Project/duckdb-polr/third_party/tdigest -I/home/pei/Project/duckdb-polr/third_party/mbedtls/include -I/home/pei/Project/duckdb-polr/third_party/jaro_winkler -I/home/pei/Project/duckdb-polr/test/../third_party/catch -I/home/pei/Project/duckdb-polr/test/../third_party/tpce-tool/include -I/home/pei/Project/duckdb-polr/test/../third_party/sqlite/include -I/home/pei/Project/duckdb-polr/test/include -I/home/pei/Project/duckdb-polr/third_party/libpg_query/include -O3 -DNDEBUG -O3 -DNDEBUG   -fPIC -fdiagnostics-color=always -std=c++11 -MD -MT test/helpers/CMakeFiles/test_helpers.dir/pid.cpp.o -MF test/helpers/CMakeFiles/test_helpers.dir/pid.cpp.o.d -o test/helpers/CMakeFiles/test_helpers.dir/pid.cpp.o -c /home/pei/Project/duckdb-polr/test/helpers/pid.cpp
[278/376] /usr/bin/ccache /usr/lib/ccache/c++ -DDUCKDB_BUILD_DIRECTORY=\"/home/pei/Project/duckdb-polr/build/release\" -DDUCKDB_BUILD_LIBRARY -DDUCKDB_BUILD_LOADABLE_EXTENSION -DENABLE_CROSS_PRODUCT_REWRITE=0 -DENABLE_DEBUG_PRINT=0 -DENABLE_MEASURE_EXE_TIME=0 -DENABLE_MERGE_BACK_PLAN=0 -DENABLE_PARALLEL_EXECUTION=0 -DENABLE_QUERY_SPLIT=1 -DENABLE_SPECIFY_EST_STAT=0 -I/home/pei/Project/duckdb-polr/src/include -I/home/pei/Project/duckdb-polr/third_party/fsst -I/home/pei/Project/duckdb-polr/third_party/fmt/include -I/home/pei/Project/duckdb-polr/third_party/hyperloglog -I/home/pei/Project/duckdb-polr/third_party/fastpforlib -I/home/pei/Project/duckdb-polr/third_party/fast_float -I/home/pei/Project/duckdb-polr/third_party/re2 -I/home/pei/Project/duckdb-polr/third_party/miniz -I/home/pei/Project/duckdb-polr/third_party/utf8proc/include -I/home/pei/Project/duckdb-polr/third_party/miniparquet -I/home/pei/Project/duckdb-polr/third_party/concurrentqueue -I/home/pei/Project/duckdb-polr/third_party/pcg -I/home/pei/Project/duckdb-polr/third_party/tdigest -I/home/pei/Project/duckdb-polr/third_party/mbedtls/include -I/home/pei/Project/duckdb-polr/third_party/jaro_winkler -I/home/pei/Project/duckdb-polr/test/../third_party/catch -I/home/pei/Project/duckdb-polr/test/../third_party/tpce-tool/include -I/home/pei/Project/duckdb-polr/test/../third_party/sqlite/include -I/home/pei/Project/duckdb-polr/test/include -O3 -DNDEBUG -O3 -DNDEBUG   -fPIC -fdiagnostics-color=always -std=c++11 -MD -MT test/extension/CMakeFiles/loadable_extension_demo_loadable_extension.dir/loadable_extension_demo.cpp.o -MF test/extension/CMakeFiles/loadable_extension_demo_loadable_extension.dir/loadable_extension_demo.cpp.o.d -o test/extension/CMakeFiles/loadable_extension_demo_loadable_extension.dir/loadable_extension_demo.cpp.o -c /home/pei/Project/duckdb-polr/test/extension/loadable_extension_demo.cpp
[279/376] /usr/bin/ccache /usr/lib/ccache/c++ -DDUCKDB_BUILD_LIBRARY -DENABLE_CROSS_PRODUCT_REWRITE=0 -DENABLE_DEBUG_PRINT=0 -DENABLE_MEASURE_EXE_TIME=0 -DENABLE_MERGE_BACK_PLAN=0 -DENABLE_PARALLEL_EXECUTION=0 -DENABLE_QUERY_SPLIT=1 -DENABLE_SPECIFY_EST_STAT=0 -I/home/pei/Project/duckdb-polr/src/include -I/home/pei/Project/duckdb-polr/third_party/fsst -I/home/pei/Project/duckdb-polr/third_party/fmt/include -I/home/pei/Project/duckdb-polr/third_party/hyperloglog -I/home/pei/Project/duckdb-polr/third_party/fastpforlib -I/home/pei/Project/duckdb-polr/third_party/fast_float -I/home/pei/Project/duckdb-polr/third_party/re2 -I/home/pei/Project/duckdb-polr/third_party/miniz -I/home/pei/Project/duckdb-polr/third_party/utf8proc/include -I/home/pei/Project/duckdb-polr/third_party/miniparquet -I/home/pei/Project/duckdb-polr/third_party/concurrentqueue -I/home/pei/Project/duckdb-polr/third_party/pcg -I/home/pei/Project/duckdb-polr/third_party/tdigest -I/home/pei/Project/duckdb-polr/third_party/mbedtls/include -I/home/pei/Project/duckdb-polr/third_party/jaro_winkler -I/home/pei/Project/duckdb-polr/test/../third_party/catch -I/home/pei/Project/duckdb-polr/test/../third_party/tpce-tool/include -I/home/pei/Project/duckdb-polr/test/../third_party/sqlite/include -I/home/pei/Project/duckdb-polr/test/include -I/home/pei/Project/duckdb-polr/third_party/libpg_query/include -O3 -DNDEBUG -O3 -DNDEBUG   -fPIC -fdiagnostics-color=always -std=c++11 -MD -MT test/helpers/CMakeFiles/test_helpers.dir/test_helpers.cpp.o -MF test/helpers/CMakeFiles/test_helpers.dir/test_helpers.cpp.o.d -o test/helpers/CMakeFiles/test_helpers.dir/test_helpers.cpp.o -c /home/pei/Project/duckdb-polr/test/helpers/test_helpers.cpp
[280/376] /usr/bin/ccache /usr/lib/ccache/c++ -DDUCKDB_BUILD_LIBRARY -DENABLE_CROSS_PRODUCT_REWRITE=0 -DENABLE_DEBUG_PRINT=0 -DENABLE_MEASURE_EXE_TIME=0 -DENABLE_MERGE_BACK_PLAN=0 -DENABLE_PARALLEL_EXECUTION=0 -DENABLE_QUERY_SPLIT=1 -DENABLE_SPECIFY_EST_STAT=0 -I/home/pei/Project/duckdb-polr/src/include -I/home/pei/Project/duckdb-polr/third_party/fsst -I/home/pei/Project/duckdb-polr/third_party/fmt/include -I/home/pei/Project/duckdb-polr/third_party/hyperloglog -I/home/pei/Project/duckdb-polr/third_party/fastpforlib -I/home/pei/Project/duckdb-polr/third_party/fast_float -I/home/pei/Project/duckdb-polr/third_party/re2 -I/home/pei/Project/duckdb-polr/third_party/miniz -I/home/pei/Project/duckdb-polr/third_party/utf8proc/include -I/home/pei/Project/duckdb-polr/third_party/miniparquet -I/home/pei/Project/duckdb-polr/third_party/concurrentqueue -I/home/pei/Project/duckdb-polr/third_party/pcg -I/home/pei/Project/duckdb-polr/third_party/tdigest -I/home/pei/Project/duckdb-polr/third_party/mbedtls/include -I/home/pei/Project/duckdb-polr/third_party/jaro_winkler -I/home/pei/Project/duckdb-polr/test/../third_party/catch -I/home/pei/Project/duckdb-polr/test/../third_party/tpce-tool/include -I/home/pei/Project/duckdb-polr/test/../third_party/sqlite/include -I/home/pei/Project/duckdb-polr/test/include -I/home/pei/Project/duckdb-polr/third_party/libpg_query/include -O3 -DNDEBUG -O3 -DNDEBUG   -fPIC -fdiagnostics-color=always -std=c++11 -MD -MT test/helpers/CMakeFiles/test_helpers.dir/capi_tester.cpp.o -MF test/helpers/CMakeFiles/test_helpers.dir/capi_tester.cpp.o.d -o test/helpers/CMakeFiles/test_helpers.dir/capi_tester.cpp.o -c /home/pei/Project/duckdb-polr/test/helpers/capi_tester.cpp
[281/376] /usr/bin/ccache /usr/lib/ccache/c++ -DDUCKDB_BUILD_LIBRARY -DENABLE_CROSS_PRODUCT_REWRITE=0 -DENABLE_DEBUG_PRINT=0 -DENABLE_MEASURE_EXE_TIME=0 -DENABLE_MERGE_BACK_PLAN=0 -DENABLE_PARALLEL_EXECUTION=0 -DENABLE_QUERY_SPLIT=1 -DENABLE_SPECIFY_EST_STAT=0 -I/home/pei/Project/duckdb-polr/src/include -I/home/pei/Project/duckdb-polr/third_party/fsst -I/home/pei/Project/duckdb-polr/third_party/fmt/include -I/home/pei/Project/duckdb-polr/third_party/hyperloglog -I/home/pei/Project/duckdb-polr/third_party/fastpforlib -I/home/pei/Project/duckdb-polr/third_party/fast_float -I/home/pei/Project/duckdb-polr/third_party/re2 -I/home/pei/Project/duckdb-polr/third_party/miniz -I/home/pei/Project/duckdb-polr/third_party/utf8proc/include -I/home/pei/Project/duckdb-polr/third_party/miniparquet -I/home/pei/Project/duckdb-polr/third_party/concurrentqueue -I/home/pei/Project/duckdb-polr/third_party/pcg -I/home/pei/Project/duckdb-polr/third_party/tdigest -I/home/pei/Project/duckdb-polr/third_party/mbedtls/include -I/home/pei/Project/duckdb-polr/third_party/jaro_winkler -I/home/pei/Project/duckdb-polr/test/../third_party/catch -I/home/pei/Project/duckdb-polr/test/../third_party/tpce-tool/include -I/home/pei/Project/duckdb-polr/test/../third_party/sqlite/include -I/home/pei/Project/duckdb-polr/test/include -O3 -DNDEBUG -O3 -DNDEBUG   -fPIC -fdiagnostics-color=always -std=c++11 -MD -MT test/memoryleak/CMakeFiles/test_memory_leak.dir/ub_test_memory_leak.cpp.o -MF test/memoryleak/CMakeFiles/test_memory_leak.dir/ub_test_memory_leak.cpp.o.d -o test/memoryleak/CMakeFiles/test_memory_leak.dir/ub_test_memory_leak.cpp.o -c /home/pei/Project/duckdb-polr/build/release/test/memoryleak/ub_test_memory_leak.cpp
[282/376] /usr/bin/ccache /usr/lib/ccache/c++ -DDUCKDB_BUILD_LIBRARY -DENABLE_CROSS_PRODUCT_REWRITE=0 -DENABLE_DEBUG_PRINT=0 -DENABLE_MEASURE_EXE_TIME=0 -DENABLE_MERGE_BACK_PLAN=0 -DENABLE_PARALLEL_EXECUTION=0 -DENABLE_QUERY_SPLIT=1 -DENABLE_SPECIFY_EST_STAT=0 -I/home/pei/Project/duckdb-polr/src/include -I/home/pei/Project/duckdb-polr/third_party/fsst -I/home/pei/Project/duckdb-polr/third_party/fmt/include -I/home/pei/Project/duckdb-polr/third_party/hyperloglog -I/home/pei/Project/duckdb-polr/third_party/fastpforlib -I/home/pei/Project/duckdb-polr/third_party/fast_float -I/home/pei/Project/duckdb-polr/third_party/re2 -I/home/pei/Project/duckdb-polr/third_party/miniz -I/home/pei/Project/duckdb-polr/third_party/utf8proc/include -I/home/pei/Project/duckdb-polr/third_party/miniparquet -I/home/pei/Project/duckdb-polr/third_party/concurrentqueue -I/home/pei/Project/duckdb-polr/third_party/pcg -I/home/pei/Project/duckdb-polr/third_party/tdigest -I/home/pei/Project/duckdb-polr/third_party/mbedtls/include -I/home/pei/Project/duckdb-polr/third_party/jaro_winkler -I/home/pei/Project/duckdb-polr/test/../third_party/catch -I/home/pei/Project/duckdb-polr/test/../third_party/tpce-tool/include -I/home/pei/Project/duckdb-polr/test/../third_party/sqlite/include -I/home/pei/Project/duckdb-polr/test/include -O3 -DNDEBUG -O3 -DNDEBUG   -fPIC -fdiagnostics-color=always -std=c++11 -MD -MT test/sql/filter/CMakeFiles/test_filter.dir/ub_test_filter.cpp.o -MF test/sql/filter/CMakeFiles/test_filter.dir/ub_test_filter.cpp.o.d -o test/sql/filter/CMakeFiles/test_filter.dir/ub_test_filter.cpp.o -c /home/pei/Project/duckdb-polr/build/release/test/sql/filter/ub_test_filter.cpp
[283/376] /usr/bin/ccache /usr/lib/ccache/c++ -DDUCKDB_BUILD_LIBRARY -DENABLE_CROSS_PRODUCT_REWRITE=0 -DENABLE_DEBUG_PRINT=0 -DENABLE_MEASURE_EXE_TIME=0 -DENABLE_MERGE_BACK_PLAN=0 -DENABLE_PARALLEL_EXECUTION=0 -DENABLE_QUERY_SPLIT=1 -DENABLE_SPECIFY_EST_STAT=0 -I/home/pei/Project/duckdb-polr/src/include -I/home/pei/Project/duckdb-polr/third_party/fsst -I/home/pei/Project/duckdb-polr/third_party/fmt/include -I/home/pei/Project/duckdb-polr/third_party/hyperloglog -I/home/pei/Project/duckdb-polr/third_party/fastpforlib -I/home/pei/Project/duckdb-polr/third_party/fast_float -I/home/pei/Project/duckdb-polr/third_party/re2 -I/home/pei/Project/duckdb-polr/third_party/miniz -I/home/pei/Project/duckdb-polr/third_party/utf8proc/include -I/home/pei/Project/duckdb-polr/third_party/miniparquet -I/home/pei/Project/duckdb-polr/third_party/concurrentqueue -I/home/pei/Project/duckdb-polr/third_party/pcg -I/home/pei/Project/duckdb-polr/third_party/tdigest -I/home/pei/Project/duckdb-polr/third_party/mbedtls/include -I/home/pei/Project/duckdb-polr/third_party/jaro_winkler -I/home/pei/Project/duckdb-polr/test/../third_party/catch -I/home/pei/Project/duckdb-polr/test/../third_party/tpce-tool/include -I/home/pei/Project/duckdb-polr/test/../third_party/sqlite/include -I/home/pei/Project/duckdb-polr/test/include -O3 -DNDEBUG -O3 -DNDEBUG   -fPIC -fdiagnostics-color=always -std=c++11 -MD -MT test/sql/function/table/CMakeFiles/test_table_function.dir/ub_test_table_function.cpp.o -MF test/sql/function/table/CMakeFiles/test_table_function.dir/ub_test_table_function.cpp.o.d -o test/sql/function/table/CMakeFiles/test_table_function.dir/ub_test_table_function.cpp.o -c /home/pei/Project/duckdb-polr/build/release/test/sql/function/table/ub_test_table_function.cpp
[284/376] /usr/bin/ccache /usr/lib/ccache/c++ -DDUCKDB_BUILD_LIBRARY -DENABLE_CROSS_PRODUCT_REWRITE=0 -DENABLE_DEBUG_PRINT=0 -DENABLE_MEASURE_EXE_TIME=0 -DENABLE_MERGE_BACK_PLAN=0 -DENABLE_PARALLEL_EXECUTION=0 -DENABLE_QUERY_SPLIT=1 -DENABLE_SPECIFY_EST_STAT=0 -I/home/pei/Project/duckdb-polr/src/include -I/home/pei/Project/duckdb-polr/third_party/fsst -I/home/pei/Project/duckdb-polr/third_party/fmt/include -I/home/pei/Project/duckdb-polr/third_party/hyperloglog -I/home/pei/Project/duckdb-polr/third_party/fastpforlib -I/home/pei/Project/duckdb-polr/third_party/fast_float -I/home/pei/Project/duckdb-polr/third_party/re2 -I/home/pei/Project/duckdb-polr/third_party/miniz -I/home/pei/Project/duckdb-polr/third_party/utf8proc/include -I/home/pei/Project/duckdb-polr/third_party/miniparquet -I/home/pei/Project/duckdb-polr/third_party/concurrentqueue -I/home/pei/Project/duckdb-polr/third_party/pcg -I/home/pei/Project/duckdb-polr/third_party/tdigest -I/home/pei/Project/duckdb-polr/third_party/mbedtls/include -I/home/pei/Project/duckdb-polr/third_party/jaro_winkler -I/home/pei/Project/duckdb-polr/test/../third_party/catch -I/home/pei/Project/duckdb-polr/test/../third_party/tpce-tool/include -I/home/pei/Project/duckdb-polr/test/../third_party/sqlite/include -I/home/pei/Project/duckdb-polr/test/include -O3 -DNDEBUG -O3 -DNDEBUG   -fPIC -fdiagnostics-color=always -std=c++11 -MD -MT test/sql/index/CMakeFiles/test_index.dir/ub_test_index.cpp.o -MF test/sql/index/CMakeFiles/test_index.dir/ub_test_index.cpp.o.d -o test/sql/index/CMakeFiles/test_index.dir/ub_test_index.cpp.o -c /home/pei/Project/duckdb-polr/build/release/test/sql/index/ub_test_index.cpp
[285/376] /usr/bin/ccache /usr/lib/ccache/c++ -DDUCKDB_BUILD_LIBRARY -DENABLE_CROSS_PRODUCT_REWRITE=0 -DENABLE_DEBUG_PRINT=0 -DENABLE_MEASURE_EXE_TIME=0 -DENABLE_MERGE_BACK_PLAN=0 -DENABLE_PARALLEL_EXECUTION=0 -DENABLE_QUERY_SPLIT=1 -DENABLE_SPECIFY_EST_STAT=0 -I/home/pei/Project/duckdb-polr/src/include -I/home/pei/Project/duckdb-polr/third_party/fsst -I/home/pei/Project/duckdb-polr/third_party/fmt/include -I/home/pei/Project/duckdb-polr/third_party/hyperloglog -I/home/pei/Project/duckdb-polr/third_party/fastpforlib -I/home/pei/Project/duckdb-polr/third_party/fast_float -I/home/pei/Project/duckdb-polr/third_party/re2 -I/home/pei/Project/duckdb-polr/third_party/miniz -I/home/pei/Project/duckdb-polr/third_party/utf8proc/include -I/home/pei/Project/duckdb-polr/third_party/miniparquet -I/home/pei/Project/duckdb-polr/third_party/concurrentqueue -I/home/pei/Project/duckdb-polr/third_party/pcg -I/home/pei/Project/duckdb-polr/third_party/tdigest -I/home/pei/Project/duckdb-polr/third_party/mbedtls/include -I/home/pei/Project/duckdb-polr/third_party/jaro_winkler -I/home/pei/Project/duckdb-polr/test/../third_party/catch -I/home/pei/Project/duckdb-polr/test/../third_party/tpce-tool/include -I/home/pei/Project/duckdb-polr/test/../third_party/sqlite/include -I/home/pei/Project/duckdb-polr/test/include -O3 -DNDEBUG -O3 -DNDEBUG   -fPIC -fdiagnostics-color=always -std=c++11 -MD -MT test/sql/parallelism/interquery/CMakeFiles/test_sql_interquery_parallelism.dir/ub_test_sql_interquery_parallelism.cpp.o -MF test/sql/parallelism/interquery/CMakeFiles/test_sql_interquery_parallelism.dir/ub_test_sql_interquery_parallelism.cpp.o.d -o test/sql/parallelism/interquery/CMakeFiles/test_sql_interquery_parallelism.dir/ub_test_sql_interquery_parallelism.cpp.o -c /home/pei/Project/duckdb-polr/build/release/test/sql/parallelism/interquery/ub_test_sql_interquery_parallelism.cpp
[286/376] /usr/bin/ccache /usr/lib/ccache/c++ -DDUCKDB_BUILD_LIBRARY -DENABLE_CROSS_PRODUCT_REWRITE=0 -DENABLE_DEBUG_PRINT=0 -DENABLE_MEASURE_EXE_TIME=0 -DENABLE_MERGE_BACK_PLAN=0 -DENABLE_PARALLEL_EXECUTION=0 -DENABLE_QUERY_SPLIT=1 -DENABLE_SPECIFY_EST_STAT=0 -I/home/pei/Project/duckdb-polr/src/include -I/home/pei/Project/duckdb-polr/third_party/fsst -I/home/pei/Project/duckdb-polr/third_party/fmt/include -I/home/pei/Project/duckdb-polr/third_party/hyperloglog -I/home/pei/Project/duckdb-polr/third_party/fastpforlib -I/home/pei/Project/duckdb-polr/third_party/fast_float -I/home/pei/Project/duckdb-polr/third_party/re2 -I/home/pei/Project/duckdb-polr/third_party/miniz -I/home/pei/Project/duckdb-polr/third_party/utf8proc/include -I/home/pei/Project/duckdb-polr/third_party/miniparquet -I/home/pei/Project/duckdb-polr/third_party/concurrentqueue -I/home/pei/Project/duckdb-polr/third_party/pcg -I/home/pei/Project/duckdb-polr/third_party/tdigest -I/home/pei/Project/duckdb-polr/third_party/mbedtls/include -I/home/pei/Project/duckdb-polr/third_party/jaro_winkler -I/home/pei/Project/duckdb-polr/test/../third_party/catch -I/home/pei/Project/duckdb-polr/test/../third_party/tpce-tool/include -I/home/pei/Project/duckdb-polr/test/../third_party/sqlite/include -I/home/pei/Project/duckdb-polr/test/include -O3 -DNDEBUG -O3 -DNDEBUG   -fPIC -fdiagnostics-color=always -std=c++11 -MD -MT test/sql/storage/CMakeFiles/test_sql_storage.dir/ub_test_sql_storage.cpp.o -MF test/sql/storage/CMakeFiles/test_sql_storage.dir/ub_test_sql_storage.cpp.o.d -o test/sql/storage/CMakeFiles/test_sql_storage.dir/ub_test_sql_storage.cpp.o -c /home/pei/Project/duckdb-polr/build/release/test/sql/storage/ub_test_sql_storage.cpp
[287/376] /usr/bin/ccache /usr/lib/ccache/c++ -DDUCKDB_BUILD_LIBRARY -DENABLE_CROSS_PRODUCT_REWRITE=0 -DENABLE_DEBUG_PRINT=0 -DENABLE_MEASURE_EXE_TIME=0 -DENABLE_MERGE_BACK_PLAN=0 -DENABLE_PARALLEL_EXECUTION=0 -DENABLE_QUERY_SPLIT=1 -DENABLE_SPECIFY_EST_STAT=0 -I/home/pei/Project/duckdb-polr/src/include -I/home/pei/Project/duckdb-polr/third_party/fsst -I/home/pei/Project/duckdb-polr/third_party/fmt/include -I/home/pei/Project/duckdb-polr/third_party/hyperloglog -I/home/pei/Project/duckdb-polr/third_party/fastpforlib -I/home/pei/Project/duckdb-polr/third_party/fast_float -I/home/pei/Project/duckdb-polr/third_party/re2 -I/home/pei/Project/duckdb-polr/third_party/miniz -I/home/pei/Project/duckdb-polr/third_party/utf8proc/include -I/home/pei/Project/duckdb-polr/third_party/miniparquet -I/home/pei/Project/duckdb-polr/third_party/concurrentqueue -I/home/pei/Project/duckdb-polr/third_party/pcg -I/home/pei/Project/duckdb-polr/third_party/tdigest -I/home/pei/Project/duckdb-polr/third_party/mbedtls/include -I/home/pei/Project/duckdb-polr/third_party/jaro_winkler -I/home/pei/Project/duckdb-polr/test/../third_party/catch -I/home/pei/Project/duckdb-polr/test/../third_party/tpce-tool/include -I/home/pei/Project/duckdb-polr/test/../third_party/sqlite/include -I/home/pei/Project/duckdb-polr/test/include -O3 -DNDEBUG -O3 -DNDEBUG   -fPIC -fdiagnostics-color=always -std=c++11 -MD -MT test/sql/storage/catalog/CMakeFiles/test_sql_storage_catalog.dir/ub_test_sql_storage_catalog.cpp.o -MF test/sql/storage/catalog/CMakeFiles/test_sql_storage_catalog.dir/ub_test_sql_storage_catalog.cpp.o.d -o test/sql/storage/catalog/CMakeFiles/test_sql_storage_catalog.dir/ub_test_sql_storage_catalog.cpp.o -c /home/pei/Project/duckdb-polr/build/release/test/sql/storage/catalog/ub_test_sql_storage_catalog.cpp
[288/376] /usr/bin/ccache /usr/lib/ccache/c++ -DBUILD_JEMALLOC_EXTENSION=ON -DBUILD_PARQUET_EXTENSION=TRUE -DDUCKDB_BUILD_DIRECTORY=\"/home/pei/Project/duckdb-polr/build/release\" -DDUCKDB_BUILD_LIBRARY -DDUCKDB_ROOT_DIRECTORY=\"/home/pei/Project/duckdb-polr\" -DENABLE_CROSS_PRODUCT_REWRITE=0 -DENABLE_DEBUG_PRINT=0 -DENABLE_MEASURE_EXE_TIME=0 -DENABLE_MERGE_BACK_PLAN=0 -DENABLE_PARALLEL_EXECUTION=0 -DENABLE_QUERY_SPLIT=1 -DENABLE_SPECIFY_EST_STAT=0 -I/home/pei/Project/duckdb-polr/src/include -I/home/pei/Project/duckdb-polr/third_party/fsst -I/home/pei/Project/duckdb-polr/third_party/fmt/include -I/home/pei/Project/duckdb-polr/third_party/hyperloglog -I/home/pei/Project/duckdb-polr/third_party/fastpforlib -I/home/pei/Project/duckdb-polr/third_party/fast_float -I/home/pei/Project/duckdb-polr/third_party/re2 -I/home/pei/Project/duckdb-polr/third_party/miniz -I/home/pei/Project/duckdb-polr/third_party/utf8proc/include -I/home/pei/Project/duckdb-polr/third_party/miniparquet -I/home/pei/Project/duckdb-polr/third_party/concurrentqueue -I/home/pei/Project/duckdb-polr/third_party/pcg -I/home/pei/Project/duckdb-polr/third_party/tdigest -I/home/pei/Project/duckdb-polr/third_party/mbedtls/include -I/home/pei/Project/duckdb-polr/third_party/jaro_winkler -I/home/pei/Project/duckdb-polr/test/../third_party/catch -I/home/pei/Project/duckdb-polr/test/../third_party/tpce-tool/include -I/home/pei/Project/duckdb-polr/test/../third_party/sqlite/include -I/home/pei/Project/duckdb-polr/test/include -I/home/pei/Project/duckdb-polr/extension -I/home/pei/Project/duckdb-polr/extension/parquet/include -I/home/pei/Project/duckdb-polr/extension/jemalloc/include -O3 -DNDEBUG -O3 -DNDEBUG   -fPIC -fdiagnostics-color=always -std=c++11 -MD -MT test/sqlite/CMakeFiles/test_sqlite.dir/ub_test_sqlite.cpp.o -MF test/sqlite/CMakeFiles/test_sqlite.dir/ub_test_sqlite.cpp.o.d -o test/sqlite/CMakeFiles/test_sqlite.dir/ub_test_sqlite.cpp.o -c /home/pei/Project/duckdb-polr/build/release/test/sqlite/ub_test_sqlite.cpp
[289/376] /usr/bin/ccache /usr/lib/ccache/c++ -DDUCKDB_BUILD_LIBRARY -DENABLE_CROSS_PRODUCT_REWRITE=0 -DENABLE_DEBUG_PRINT=0 -DENABLE_MEASURE_EXE_TIME=0 -DENABLE_MERGE_BACK_PLAN=0 -DENABLE_PARALLEL_EXECUTION=0 -DENABLE_QUERY_SPLIT=1 -DENABLE_SPECIFY_EST_STAT=0 -I/home/pei/Project/duckdb-polr/src/include -I/home/pei/Project/duckdb-polr/third_party/fsst -I/home/pei/Project/duckdb-polr/third_party/fmt/include -I/home/pei/Project/duckdb-polr/third_party/hyperloglog -I/home/pei/Project/duckdb-polr/third_party/fastpforlib -I/home/pei/Project/duckdb-polr/third_party/fast_float -I/home/pei/Project/duckdb-polr/third_party/re2 -I/home/pei/Project/duckdb-polr/third_party/miniz -I/home/pei/Project/duckdb-polr/third_party/utf8proc/include -I/home/pei/Project/duckdb-polr/third_party/miniparquet -I/home/pei/Project/duckdb-polr/third_party/concurrentqueue -I/home/pei/Project/duckdb-polr/third_party/pcg -I/home/pei/Project/duckdb-polr/third_party/tdigest -I/home/pei/Project/duckdb-polr/third_party/mbedtls/include -I/home/pei/Project/duckdb-polr/third_party/jaro_winkler -I/home/pei/Project/duckdb-polr/test/../third_party/catch -I/home/pei/Project/duckdb-polr/test/../third_party/tpce-tool/include -I/home/pei/Project/duckdb-polr/test/../third_party/sqlite/include -I/home/pei/Project/duckdb-polr/test/include -O3 -DNDEBUG -O3 -DNDEBUG   -fPIC -fdiagnostics-color=always -std=c++11 -MD -MT test/mbedtls/CMakeFiles/test_mbedtls.dir/ub_test_mbedtls.cpp.o -MF test/mbedtls/CMakeFiles/test_mbedtls.dir/ub_test_mbedtls.cpp.o.d -o test/mbedtls/CMakeFiles/test_mbedtls.dir/ub_test_mbedtls.cpp.o -c /home/pei/Project/duckdb-polr/build/release/test/mbedtls/ub_test_mbedtls.cpp
[290/376] /usr/bin/ccache /usr/lib/ccache/c++ -DDUCKDB_BUILD_LIBRARY -DENABLE_CROSS_PRODUCT_REWRITE=0 -DENABLE_DEBUG_PRINT=0 -DENABLE_MEASURE_EXE_TIME=0 -DENABLE_MERGE_BACK_PLAN=0 -DENABLE_PARALLEL_EXECUTION=0 -DENABLE_QUERY_SPLIT=1 -DENABLE_SPECIFY_EST_STAT=0 -I/home/pei/Project/duckdb-polr/src/include -I/home/pei/Project/duckdb-polr/third_party/fsst -I/home/pei/Project/duckdb-polr/third_party/fmt/include -I/home/pei/Project/duckdb-polr/third_party/hyperloglog -I/home/pei/Project/duckdb-polr/third_party/fastpforlib -I/home/pei/Project/duckdb-polr/third_party/fast_float -I/home/pei/Project/duckdb-polr/third_party/re2 -I/home/pei/Project/duckdb-polr/third_party/miniz -I/home/pei/Project/duckdb-polr/third_party/utf8proc/include -I/home/pei/Project/duckdb-polr/third_party/miniparquet -I/home/pei/Project/duckdb-polr/third_party/concurrentqueue -I/home/pei/Project/duckdb-polr/third_party/pcg -I/home/pei/Project/duckdb-polr/third_party/tdigest -I/home/pei/Project/duckdb-polr/third_party/mbedtls/include -I/home/pei/Project/duckdb-polr/third_party/jaro_winkler -I/home/pei/Project/duckdb-polr/test/../third_party/catch -I/home/pei/Project/duckdb-polr/test/../third_party/tpce-tool/include -I/home/pei/Project/duckdb-polr/test/../third_party/sqlite/include -I/home/pei/Project/duckdb-polr/test/include -O3 -DNDEBUG -O3 -DNDEBUG   -fPIC -fdiagnostics-color=always -std=c++11 -MD -MT test/persistence/CMakeFiles/test_persistence.dir/ub_test_persistence.cpp.o -MF test/persistence/CMakeFiles/test_persistence.dir/ub_test_persistence.cpp.o.d -o test/persistence/CMakeFiles/test_persistence.dir/ub_test_persistence.cpp.o -c /home/pei/Project/duckdb-polr/build/release/test/persistence/ub_test_persistence.cpp
[291/376] /usr/bin/ccache /usr/lib/ccache/c++ -DDUCKDB_BUILD_LIBRARY -DENABLE_CROSS_PRODUCT_REWRITE=0 -DENABLE_DEBUG_PRINT=0 -DENABLE_MEASURE_EXE_TIME=0 -DENABLE_MERGE_BACK_PLAN=0 -DENABLE_PARALLEL_EXECUTION=0 -DENABLE_QUERY_SPLIT=1 -DENABLE_SPECIFY_EST_STAT=0 -I/home/pei/Project/duckdb-polr/src/include -I/home/pei/Project/duckdb-polr/third_party/fsst -I/home/pei/Project/duckdb-polr/third_party/fmt/include -I/home/pei/Project/duckdb-polr/third_party/hyperloglog -I/home/pei/Project/duckdb-polr/third_party/fastpforlib -I/home/pei/Project/duckdb-polr/third_party/fast_float -I/home/pei/Project/duckdb-polr/third_party/re2 -I/home/pei/Project/duckdb-polr/third_party/miniz -I/home/pei/Project/duckdb-polr/third_party/utf8proc/include -I/home/pei/Project/duckdb-polr/third_party/miniparquet -I/home/pei/Project/duckdb-polr/third_party/concurrentqueue -I/home/pei/Project/duckdb-polr/third_party/pcg -I/home/pei/Project/duckdb-polr/third_party/tdigest -I/home/pei/Project/duckdb-polr/third_party/mbedtls/include -I/home/pei/Project/duckdb-polr/third_party/jaro_winkler -I/home/pei/Project/duckdb-polr/third_party/libpg_query/include -O3 -DNDEBUG -O3 -DNDEBUG   -fPIC -fvisibility=hidden -fdiagnostics-color=always -w -std=c++11 -MD -MT third_party/libpg_query/CMakeFiles/duckdb_pg_query.dir/postgres_parser.cpp.o -MF third_party/libpg_query/CMakeFiles/duckdb_pg_query.dir/postgres_parser.cpp.o.d -o third_party/libpg_query/CMakeFiles/duckdb_pg_query.dir/postgres_parser.cpp.o -c /home/pei/Project/duckdb-polr/third_party/libpg_query/postgres_parser.cpp
[292/376] /usr/bin/ccache /usr/lib/ccache/c++ -DDUCKDB_BUILD_LIBRARY -DENABLE_CROSS_PRODUCT_REWRITE=0 -DENABLE_DEBUG_PRINT=0 -DENABLE_MEASURE_EXE_TIME=0 -DENABLE_MERGE_BACK_PLAN=0 -DENABLE_PARALLEL_EXECUTION=0 -DENABLE_QUERY_SPLIT=1 -DENABLE_SPECIFY_EST_STAT=0 -I/home/pei/Project/duckdb-polr/src/include -I/home/pei/Project/duckdb-polr/third_party/fsst -I/home/pei/Project/duckdb-polr/third_party/fmt/include -I/home/pei/Project/duckdb-polr/third_party/hyperloglog -I/home/pei/Project/duckdb-polr/third_party/fastpforlib -I/home/pei/Project/duckdb-polr/third_party/fast_float -I/home/pei/Project/duckdb-polr/third_party/re2 -I/home/pei/Project/duckdb-polr/third_party/miniz -I/home/pei/Project/duckdb-polr/third_party/utf8proc/include -I/home/pei/Project/duckdb-polr/third_party/miniparquet -I/home/pei/Project/duckdb-polr/third_party/concurrentqueue -I/home/pei/Project/duckdb-polr/third_party/pcg -I/home/pei/Project/duckdb-polr/third_party/tdigest -I/home/pei/Project/duckdb-polr/third_party/mbedtls/include -I/home/pei/Project/duckdb-polr/third_party/jaro_winkler -O3 -DNDEBUG -O3 -DNDEBUG   -fPIC -fdiagnostics-color=always -w -std=c++11 -MD -MT third_party/fmt/CMakeFiles/duckdb_fmt.dir/format.cc.o -MF third_party/fmt/CMakeFiles/duckdb_fmt.dir/format.cc.o.d -o third_party/fmt/CMakeFiles/duckdb_fmt.dir/format.cc.o -c /home/pei/Project/duckdb-polr/third_party/fmt/format.cc
[293/376] /usr/bin/ccache /usr/lib/ccache/c++ -DDUCKDB_BUILD_LIBRARY -DENABLE_CROSS_PRODUCT_REWRITE=0 -DENABLE_DEBUG_PRINT=0 -DENABLE_MEASURE_EXE_TIME=0 -DENABLE_MERGE_BACK_PLAN=0 -DENABLE_PARALLEL_EXECUTION=0 -DENABLE_QUERY_SPLIT=1 -DENABLE_SPECIFY_EST_STAT=0 -I/home/pei/Project/duckdb-polr/src/include -I/home/pei/Project/duckdb-polr/third_party/fsst -I/home/pei/Project/duckdb-polr/third_party/fmt/include -I/home/pei/Project/duckdb-polr/third_party/hyperloglog -I/home/pei/Project/duckdb-polr/third_party/fastpforlib -I/home/pei/Project/duckdb-polr/third_party/fast_float -I/home/pei/Project/duckdb-polr/third_party/re2 -I/home/pei/Project/duckdb-polr/third_party/miniz -I/home/pei/Project/duckdb-polr/third_party/utf8proc/include -I/home/pei/Project/duckdb-polr/third_party/miniparquet -I/home/pei/Project/duckdb-polr/third_party/concurrentqueue -I/home/pei/Project/duckdb-polr/third_party/pcg -I/home/pei/Project/duckdb-polr/third_party/tdigest -I/home/pei/Project/duckdb-polr/third_party/mbedtls/include -I/home/pei/Project/duckdb-polr/third_party/jaro_winkler -I/home/pei/Project/duckdb-polr/test/../third_party/catch -I/home/pei/Project/duckdb-polr/test/../third_party/tpce-tool/include -I/home/pei/Project/duckdb-polr/test/../third_party/sqlite/include -I/home/pei/Project/duckdb-polr/test/include -O3 -DNDEBUG -O3 -DNDEBUG   -fPIC -fdiagnostics-color=always -std=c++11 -MD -MT test/ossfuzz/CMakeFiles/test_ossfuzz.dir/ub_test_ossfuzz.cpp.o -MF test/ossfuzz/CMakeFiles/test_ossfuzz.dir/ub_test_ossfuzz.cpp.o.d -o test/ossfuzz/CMakeFiles/test_ossfuzz.dir/ub_test_ossfuzz.cpp.o -c /home/pei/Project/duckdb-polr/build/release/test/ossfuzz/ub_test_ossfuzz.cpp
[294/376] /usr/bin/ccache /usr/lib/ccache/c++ -DDUCKDB_BUILD_LIBRARY -DENABLE_CROSS_PRODUCT_REWRITE=0 -DENABLE_DEBUG_PRINT=0 -DENABLE_MEASURE_EXE_TIME=0 -DENABLE_MERGE_BACK_PLAN=0 -DENABLE_PARALLEL_EXECUTION=0 -DENABLE_QUERY_SPLIT=1 -DENABLE_SPECIFY_EST_STAT=0 -I/home/pei/Project/duckdb-polr/src/include -I/home/pei/Project/duckdb-polr/third_party/fsst -I/home/pei/Project/duckdb-polr/third_party/fmt/include -I/home/pei/Project/duckdb-polr/third_party/hyperloglog -I/home/pei/Project/duckdb-polr/third_party/fastpforlib -I/home/pei/Project/duckdb-polr/third_party/fast_float -I/home/pei/Project/duckdb-polr/third_party/re2 -I/home/pei/Project/duckdb-polr/third_party/miniz -I/home/pei/Project/duckdb-polr/third_party/utf8proc/include -I/home/pei/Project/duckdb-polr/third_party/miniparquet -I/home/pei/Project/duckdb-polr/third_party/concurrentqueue -I/home/pei/Project/duckdb-polr/third_party/pcg -I/home/pei/Project/duckdb-polr/third_party/tdigest -I/home/pei/Project/duckdb-polr/third_party/mbedtls/include -I/home/pei/Project/duckdb-polr/third_party/jaro_winkler -I/home/pei/Project/duckdb-polr/third_party/libpg_query/include -O3 -DNDEBUG -O3 -DNDEBUG   -fPIC -fvisibility=hidden -fdiagnostics-color=always -w -std=c++11 -MD -MT third_party/libpg_query/CMakeFiles/duckdb_pg_query.dir/pg_functions.cpp.o -MF third_party/libpg_query/CMakeFiles/duckdb_pg_query.dir/pg_functions.cpp.o.d -o third_party/libpg_query/CMakeFiles/duckdb_pg_query.dir/pg_functions.cpp.o -c /home/pei/Project/duckdb-polr/third_party/libpg_query/pg_functions.cpp
[295/376] /usr/bin/ccache /usr/lib/ccache/c++ -DDUCKDB_BUILD_LIBRARY -DENABLE_CROSS_PRODUCT_REWRITE=0 -DENABLE_DEBUG_PRINT=0 -DENABLE_MEASURE_EXE_TIME=0 -DENABLE_MERGE_BACK_PLAN=0 -DENABLE_PARALLEL_EXECUTION=0 -DENABLE_QUERY_SPLIT=1 -DENABLE_SPECIFY_EST_STAT=0 -I/home/pei/Project/duckdb-polr/src/include -I/home/pei/Project/duckdb-polr/third_party/fsst -I/home/pei/Project/duckdb-polr/third_party/fmt/include -I/home/pei/Project/duckdb-polr/third_party/hyperloglog -I/home/pei/Project/duckdb-polr/third_party/fastpforlib -I/home/pei/Project/duckdb-polr/third_party/fast_float -I/home/pei/Project/duckdb-polr/third_party/re2 -I/home/pei/Project/duckdb-polr/third_party/miniz -I/home/pei/Project/duckdb-polr/third_party/utf8proc/include -I/home/pei/Project/duckdb-polr/third_party/miniparquet -I/home/pei/Project/duckdb-polr/third_party/concurrentqueue -I/home/pei/Project/duckdb-polr/third_party/pcg -I/home/pei/Project/duckdb-polr/third_party/tdigest -I/home/pei/Project/duckdb-polr/third_party/mbedtls/include -I/home/pei/Project/duckdb-polr/third_party/jaro_winkler -I/home/pei/Project/duckdb-polr/third_party/libpg_query/include -O3 -DNDEBUG -O3 -DNDEBUG   -fPIC -fvisibility=hidden -fdiagnostics-color=always -w -std=c++11 -MD -MT third_party/libpg_query/CMakeFiles/duckdb_pg_query.dir/src_backend_nodes_list.cpp.o -MF third_party/libpg_query/CMakeFiles/duckdb_pg_query.dir/src_backend_nodes_list.cpp.o.d -o third_party/libpg_query/CMakeFiles/duckdb_pg_query.dir/src_backend_nodes_list.cpp.o -c /home/pei/Project/duckdb-polr/third_party/libpg_query/src_backend_nodes_list.cpp
[296/376] /usr/bin/ccache /usr/lib/ccache/c++ -DDUCKDB_BUILD_LIBRARY -DENABLE_CROSS_PRODUCT_REWRITE=0 -DENABLE_DEBUG_PRINT=0 -DENABLE_MEASURE_EXE_TIME=0 -DENABLE_MERGE_BACK_PLAN=0 -DENABLE_PARALLEL_EXECUTION=0 -DENABLE_QUERY_SPLIT=1 -DENABLE_SPECIFY_EST_STAT=0 -I/home/pei/Project/duckdb-polr/src/include -I/home/pei/Project/duckdb-polr/third_party/fsst -I/home/pei/Project/duckdb-polr/third_party/fmt/include -I/home/pei/Project/duckdb-polr/third_party/hyperloglog -I/home/pei/Project/duckdb-polr/third_party/fastpforlib -I/home/pei/Project/duckdb-polr/third_party/fast_float -I/home/pei/Project/duckdb-polr/third_party/re2 -I/home/pei/Project/duckdb-polr/third_party/miniz -I/home/pei/Project/duckdb-polr/third_party/utf8proc/include -I/home/pei/Project/duckdb-polr/third_party/miniparquet -I/home/pei/Project/duckdb-polr/third_party/concurrentqueue -I/home/pei/Project/duckdb-polr/third_party/pcg -I/home/pei/Project/duckdb-polr/third_party/tdigest -I/home/pei/Project/duckdb-polr/third_party/mbedtls/include -I/home/pei/Project/duckdb-polr/third_party/jaro_winkler -I/home/pei/Project/duckdb-polr/third_party/libpg_query/include -O3 -DNDEBUG -O3 -DNDEBUG   -fPIC -fvisibility=hidden -fdiagnostics-color=always -w -std=c++11 -MD -MT third_party/libpg_query/CMakeFiles/duckdb_pg_query.dir/src_backend_parser_scansup.cpp.o -MF third_party/libpg_query/CMakeFiles/duckdb_pg_query.dir/src_backend_parser_scansup.cpp.o.d -o third_party/libpg_query/CMakeFiles/duckdb_pg_query.dir/src_backend_parser_scansup.cpp.o -c /home/pei/Project/duckdb-polr/third_party/libpg_query/src_backend_parser_scansup.cpp
[297/376] /usr/bin/ccache /usr/lib/ccache/c++ -DDUCKDB_BUILD_LIBRARY -DENABLE_CROSS_PRODUCT_REWRITE=0 -DENABLE_DEBUG_PRINT=0 -DENABLE_MEASURE_EXE_TIME=0 -DENABLE_MERGE_BACK_PLAN=0 -DENABLE_PARALLEL_EXECUTION=0 -DENABLE_QUERY_SPLIT=1 -DENABLE_SPECIFY_EST_STAT=0 -I/home/pei/Project/duckdb-polr/src/include -I/home/pei/Project/duckdb-polr/third_party/fsst -I/home/pei/Project/duckdb-polr/third_party/fmt/include -I/home/pei/Project/duckdb-polr/third_party/hyperloglog -I/home/pei/Project/duckdb-polr/third_party/fastpforlib -I/home/pei/Project/duckdb-polr/third_party/fast_float -I/home/pei/Project/duckdb-polr/third_party/re2 -I/home/pei/Project/duckdb-polr/third_party/miniz -I/home/pei/Project/duckdb-polr/third_party/utf8proc/include -I/home/pei/Project/duckdb-polr/third_party/miniparquet -I/home/pei/Project/duckdb-polr/third_party/concurrentqueue -I/home/pei/Project/duckdb-polr/third_party/pcg -I/home/pei/Project/duckdb-polr/third_party/tdigest -I/home/pei/Project/duckdb-polr/third_party/mbedtls/include -I/home/pei/Project/duckdb-polr/third_party/jaro_winkler -I/home/pei/Project/duckdb-polr/third_party/libpg_query/include -O3 -DNDEBUG -O3 -DNDEBUG   -fPIC -fvisibility=hidden -fdiagnostics-color=always -w -std=c++11 -MD -MT third_party/libpg_query/CMakeFiles/duckdb_pg_query.dir/src_backend_nodes_makefuncs.cpp.o -MF third_party/libpg_query/CMakeFiles/duckdb_pg_query.dir/src_backend_nodes_makefuncs.cpp.o.d -o third_party/libpg_query/CMakeFiles/duckdb_pg_query.dir/src_backend_nodes_makefuncs.cpp.o -c /home/pei/Project/duckdb-polr/third_party/libpg_query/src_backend_nodes_makefuncs.cpp
[298/376] /usr/bin/ccache /usr/lib/ccache/c++ -DDUCKDB_BUILD_LIBRARY -DENABLE_CROSS_PRODUCT_REWRITE=0 -DENABLE_DEBUG_PRINT=0 -DENABLE_MEASURE_EXE_TIME=0 -DENABLE_MERGE_BACK_PLAN=0 -DENABLE_PARALLEL_EXECUTION=0 -DENABLE_QUERY_SPLIT=1 -DENABLE_SPECIFY_EST_STAT=0 -I/home/pei/Project/duckdb-polr/src/include -I/home/pei/Project/duckdb-polr/third_party/fsst -I/home/pei/Project/duckdb-polr/third_party/fmt/include -I/home/pei/Project/duckdb-polr/third_party/hyperloglog -I/home/pei/Project/duckdb-polr/third_party/fastpforlib -I/home/pei/Project/duckdb-polr/third_party/fast_float -I/home/pei/Project/duckdb-polr/third_party/re2 -I/home/pei/Project/duckdb-polr/third_party/miniz -I/home/pei/Project/duckdb-polr/third_party/utf8proc/include -I/home/pei/Project/duckdb-polr/third_party/miniparquet -I/home/pei/Project/duckdb-polr/third_party/concurrentqueue -I/home/pei/Project/duckdb-polr/third_party/pcg -I/home/pei/Project/duckdb-polr/third_party/tdigest -I/home/pei/Project/duckdb-polr/third_party/mbedtls/include -I/home/pei/Project/duckdb-polr/third_party/jaro_winkler -I/home/pei/Project/duckdb-polr/third_party/libpg_query/include -O3 -DNDEBUG -O3 -DNDEBUG   -fPIC -fvisibility=hidden -fdiagnostics-color=always -w -std=c++11 -MD -MT third_party/libpg_query/CMakeFiles/duckdb_pg_query.dir/src_backend_nodes_value.cpp.o -MF third_party/libpg_query/CMakeFiles/duckdb_pg_query.dir/src_backend_nodes_value.cpp.o.d -o third_party/libpg_query/CMakeFiles/duckdb_pg_query.dir/src_backend_nodes_value.cpp.o -c /home/pei/Project/duckdb-polr/third_party/libpg_query/src_backend_nodes_value.cpp
[299/376] : && /usr/lib/ccache/c++ -fPIC -O3 -DNDEBUG -O3 -DNDEBUG   -shared -Wl,-soname,parquet.duckdb_extension -o extension/parquet/parquet.duckdb_extension extension/parquet/CMakeFiles/parquet_loadable_extension.dir/column_writer.cpp.o extension/parquet/CMakeFiles/parquet_loadable_extension.dir/parquet-extension.cpp.o extension/parquet/CMakeFiles/parquet_loadable_extension.dir/parquet_metadata.cpp.o extension/parquet/CMakeFiles/parquet_loadable_extension.dir/parquet_reader.cpp.o extension/parquet/CMakeFiles/parquet_loadable_extension.dir/parquet_timestamp.cpp.o extension/parquet/CMakeFiles/parquet_loadable_extension.dir/parquet_writer.cpp.o extension/parquet/CMakeFiles/parquet_loadable_extension.dir/parquet_statistics.cpp.o extension/parquet/CMakeFiles/parquet_loadable_extension.dir/zstd_file_system.cpp.o extension/parquet/CMakeFiles/parquet_loadable_extension.dir/column_reader.cpp.o extension/parquet/CMakeFiles/parquet_loadable_extension.dir/__/__/third_party/parquet/parquet_constants.cpp.o extension/parquet/CMakeFiles/parquet_loadable_extension.dir/__/__/third_party/parquet/parquet_types.cpp.o extension/parquet/CMakeFiles/parquet_loadable_extension.dir/__/__/third_party/thrift/thrift/protocol/TProtocol.cpp.o extension/parquet/CMakeFiles/parquet_loadable_extension.dir/__/__/third_party/thrift/thrift/transport/TTransportException.cpp.o extension/parquet/CMakeFiles/parquet_loadable_extension.dir/__/__/third_party/thrift/thrift/transport/TBufferTransports.cpp.o extension/parquet/CMakeFiles/parquet_loadable_extension.dir/__/__/third_party/snappy/snappy.cc.o extension/parquet/CMakeFiles/parquet_loadable_extension.dir/__/__/third_party/snappy/snappy-sinksource.cc.o extension/parquet/CMakeFiles/parquet_loadable_extension.dir/__/__/third_party/zstd/decompress/zstd_ddict.cpp.o extension/parquet/CMakeFiles/parquet_loadable_extension.dir/__/__/third_party/zstd/decompress/huf_decompress.cpp.o extension/parquet/CMakeFiles/parquet_loadable_extension.dir/__/__/third_party/zstd/decompress/zstd_decompress.cpp.o extension/parquet/CMakeFiles/parquet_loadable_extension.dir/__/__/third_party/zstd/decompress/zstd_decompress_block.cpp.o extension/parquet/CMakeFiles/parquet_loadable_extension.dir/__/__/third_party/zstd/common/entropy_common.cpp.o extension/parquet/CMakeFiles/parquet_loadable_extension.dir/__/__/third_party/zstd/common/fse_decompress.cpp.o extension/parquet/CMakeFiles/parquet_loadable_extension.dir/__/__/third_party/zstd/common/zstd_common.cpp.o extension/parquet/CMakeFiles/parquet_loadable_extension.dir/__/__/third_party/zstd/common/error_private.cpp.o extension/parquet/CMakeFiles/parquet_loadable_extension.dir/__/__/third_party/zstd/common/xxhash.cpp.o extension/parquet/CMakeFiles/parquet_loadable_extension.dir/__/__/third_party/zstd/compress/fse_compress.cpp.o extension/parquet/CMakeFiles/parquet_loadable_extension.dir/__/__/third_party/zstd/compress/hist.cpp.o extension/parquet/CMakeFiles/parquet_loadable_extension.dir/__/__/third_party/zstd/compress/huf_compress.cpp.o extension/parquet/CMakeFiles/parquet_loadable_extension.dir/__/__/third_party/zstd/compress/zstd_compress.cpp.o extension/parquet/CMakeFiles/parquet_loadable_extension.dir/__/__/third_party/zstd/compress/zstd_compress_literals.cpp.o extension/parquet/CMakeFiles/parquet_loadable_extension.dir/__/__/third_party/zstd/compress/zstd_compress_sequences.cpp.o extension/parquet/CMakeFiles/parquet_loadable_extension.dir/__/__/third_party/zstd/compress/zstd_compress_superblock.cpp.o extension/parquet/CMakeFiles/parquet_loadable_extension.dir/__/__/third_party/zstd/compress/zstd_double_fast.cpp.o extension/parquet/CMakeFiles/parquet_loadable_extension.dir/__/__/third_party/zstd/compress/zstd_fast.cpp.o extension/parquet/CMakeFiles/parquet_loadable_extension.dir/__/__/third_party/zstd/compress/zstd_lazy.cpp.o extension/parquet/CMakeFiles/parquet_loadable_extension.dir/__/__/third_party/zstd/compress/zstd_ldm.cpp.o extension/parquet/CMakeFiles/parquet_loadable_extension.dir/__/__/third_party/zstd/compress/zstd_opt.cpp.o   && :
[300/376] : && /usr/lib/ccache/c++ -fPIC -O3 -DNDEBUG -O3 -DNDEBUG   -shared -Wl,-soname,loadable_extension_optimizer_demo.duckdb_extension -o test/extension/loadable_extension_optimizer_demo.duckdb_extension test/extension/CMakeFiles/loadable_extension_optimizer_demo_loadable_extension.dir/loadable_extension_optimizer_demo.cpp.o   && :
[301/376] /usr/bin/ccache /usr/lib/ccache/c++ -DDUCKDB_BUILD_LIBRARY -DENABLE_CROSS_PRODUCT_REWRITE=0 -DENABLE_DEBUG_PRINT=0 -DENABLE_MEASURE_EXE_TIME=0 -DENABLE_MERGE_BACK_PLAN=0 -DENABLE_PARALLEL_EXECUTION=0 -DENABLE_QUERY_SPLIT=1 -DENABLE_SPECIFY_EST_STAT=0 -I/home/pei/Project/duckdb-polr/src/include -I/home/pei/Project/duckdb-polr/third_party/fsst -I/home/pei/Project/duckdb-polr/third_party/fmt/include -I/home/pei/Project/duckdb-polr/third_party/hyperloglog -I/home/pei/Project/duckdb-polr/third_party/fastpforlib -I/home/pei/Project/duckdb-polr/third_party/fast_float -I/home/pei/Project/duckdb-polr/third_party/re2 -I/home/pei/Project/duckdb-polr/third_party/miniz -I/home/pei/Project/duckdb-polr/third_party/utf8proc/include -I/home/pei/Project/duckdb-polr/third_party/miniparquet -I/home/pei/Project/duckdb-polr/third_party/concurrentqueue -I/home/pei/Project/duckdb-polr/third_party/pcg -I/home/pei/Project/duckdb-polr/third_party/tdigest -I/home/pei/Project/duckdb-polr/third_party/mbedtls/include -I/home/pei/Project/duckdb-polr/third_party/jaro_winkler -O3 -DNDEBUG -O3 -DNDEBUG   -fPIC -fvisibility=hidden -fdiagnostics-color=always -std=c++11 -w -std=c++11 -MD -MT third_party/re2/CMakeFiles/duckdb_re2.dir/re2/bitstate.cc.o -MF third_party/re2/CMakeFiles/duckdb_re2.dir/re2/bitstate.cc.o.d -o third_party/re2/CMakeFiles/duckdb_re2.dir/re2/bitstate.cc.o -c /home/pei/Project/duckdb-polr/third_party/re2/re2/bitstate.cc
[302/376] : && /usr/lib/ccache/c++ -fPIC -O3 -DNDEBUG -O3 -DNDEBUG   -shared -Wl,-soname,loadable_extension_demo.duckdb_extension -o test/extension/loadable_extension_demo.duckdb_extension test/extension/CMakeFiles/loadable_extension_demo_loadable_extension.dir/loadable_extension_demo.cpp.o   && :
[303/376] /usr/bin/ccache /usr/lib/ccache/c++ -DDUCKDB_BUILD_LIBRARY -DENABLE_CROSS_PRODUCT_REWRITE=0 -DENABLE_DEBUG_PRINT=0 -DENABLE_MEASURE_EXE_TIME=0 -DENABLE_MERGE_BACK_PLAN=0 -DENABLE_PARALLEL_EXECUTION=0 -DENABLE_QUERY_SPLIT=1 -DENABLE_SPECIFY_EST_STAT=0 -I/home/pei/Project/duckdb-polr/src/include -I/home/pei/Project/duckdb-polr/third_party/fsst -I/home/pei/Project/duckdb-polr/third_party/fmt/include -I/home/pei/Project/duckdb-polr/third_party/hyperloglog -I/home/pei/Project/duckdb-polr/third_party/fastpforlib -I/home/pei/Project/duckdb-polr/third_party/fast_float -I/home/pei/Project/duckdb-polr/third_party/re2 -I/home/pei/Project/duckdb-polr/third_party/miniz -I/home/pei/Project/duckdb-polr/third_party/utf8proc/include -I/home/pei/Project/duckdb-polr/third_party/miniparquet -I/home/pei/Project/duckdb-polr/third_party/concurrentqueue -I/home/pei/Project/duckdb-polr/third_party/pcg -I/home/pei/Project/duckdb-polr/third_party/tdigest -I/home/pei/Project/duckdb-polr/third_party/mbedtls/include -I/home/pei/Project/duckdb-polr/third_party/jaro_winkler -O3 -DNDEBUG -O3 -DNDEBUG   -fPIC -fvisibility=hidden -fdiagnostics-color=always -std=c++11 -w -std=c++11 -MD -MT third_party/re2/CMakeFiles/duckdb_re2.dir/re2/filtered_re2.cc.o -MF third_party/re2/CMakeFiles/duckdb_re2.dir/re2/filtered_re2.cc.o.d -o third_party/re2/CMakeFiles/duckdb_re2.dir/re2/filtered_re2.cc.o -c /home/pei/Project/duckdb-polr/third_party/re2/re2/filtered_re2.cc
[304/376] /usr/bin/ccache /usr/lib/ccache/c++ -DDUCKDB_BUILD_LIBRARY -DENABLE_CROSS_PRODUCT_REWRITE=0 -DENABLE_DEBUG_PRINT=0 -DENABLE_MEASURE_EXE_TIME=0 -DENABLE_MERGE_BACK_PLAN=0 -DENABLE_PARALLEL_EXECUTION=0 -DENABLE_QUERY_SPLIT=1 -DENABLE_SPECIFY_EST_STAT=0 -I/home/pei/Project/duckdb-polr/src/include -I/home/pei/Project/duckdb-polr/third_party/fsst -I/home/pei/Project/duckdb-polr/third_party/fmt/include -I/home/pei/Project/duckdb-polr/third_party/hyperloglog -I/home/pei/Project/duckdb-polr/third_party/fastpforlib -I/home/pei/Project/duckdb-polr/third_party/fast_float -I/home/pei/Project/duckdb-polr/third_party/re2 -I/home/pei/Project/duckdb-polr/third_party/miniz -I/home/pei/Project/duckdb-polr/third_party/utf8proc/include -I/home/pei/Project/duckdb-polr/third_party/miniparquet -I/home/pei/Project/duckdb-polr/third_party/concurrentqueue -I/home/pei/Project/duckdb-polr/third_party/pcg -I/home/pei/Project/duckdb-polr/third_party/tdigest -I/home/pei/Project/duckdb-polr/third_party/mbedtls/include -I/home/pei/Project/duckdb-polr/third_party/jaro_winkler -O3 -DNDEBUG -O3 -DNDEBUG   -fPIC -fvisibility=hidden -fdiagnostics-color=always -std=c++11 -w -std=c++11 -MD -MT third_party/re2/CMakeFiles/duckdb_re2.dir/re2/nfa.cc.o -MF third_party/re2/CMakeFiles/duckdb_re2.dir/re2/nfa.cc.o.d -o third_party/re2/CMakeFiles/duckdb_re2.dir/re2/nfa.cc.o -c /home/pei/Project/duckdb-polr/third_party/re2/re2/nfa.cc
[305/376] /usr/bin/ccache /usr/lib/ccache/c++ -DDUCKDB_BUILD_LIBRARY -DENABLE_CROSS_PRODUCT_REWRITE=0 -DENABLE_DEBUG_PRINT=0 -DENABLE_MEASURE_EXE_TIME=0 -DENABLE_MERGE_BACK_PLAN=0 -DENABLE_PARALLEL_EXECUTION=0 -DENABLE_QUERY_SPLIT=1 -DENABLE_SPECIFY_EST_STAT=0 -I/home/pei/Project/duckdb-polr/src/include -I/home/pei/Project/duckdb-polr/third_party/fsst -I/home/pei/Project/duckdb-polr/third_party/fmt/include -I/home/pei/Project/duckdb-polr/third_party/hyperloglog -I/home/pei/Project/duckdb-polr/third_party/fastpforlib -I/home/pei/Project/duckdb-polr/third_party/fast_float -I/home/pei/Project/duckdb-polr/third_party/re2 -I/home/pei/Project/duckdb-polr/third_party/miniz -I/home/pei/Project/duckdb-polr/third_party/utf8proc/include -I/home/pei/Project/duckdb-polr/third_party/miniparquet -I/home/pei/Project/duckdb-polr/third_party/concurrentqueue -I/home/pei/Project/duckdb-polr/third_party/pcg -I/home/pei/Project/duckdb-polr/third_party/tdigest -I/home/pei/Project/duckdb-polr/third_party/mbedtls/include -I/home/pei/Project/duckdb-polr/third_party/jaro_winkler -O3 -DNDEBUG -O3 -DNDEBUG   -fPIC -fvisibility=hidden -fdiagnostics-color=always -std=c++11 -w -std=c++11 -MD -MT third_party/re2/CMakeFiles/duckdb_re2.dir/re2/compile.cc.o -MF third_party/re2/CMakeFiles/duckdb_re2.dir/re2/compile.cc.o.d -o third_party/re2/CMakeFiles/duckdb_re2.dir/re2/compile.cc.o -c /home/pei/Project/duckdb-polr/third_party/re2/re2/compile.cc
[306/376] /usr/bin/ccache /usr/lib/ccache/c++ -DDUCKDB_BUILD_LIBRARY -DENABLE_CROSS_PRODUCT_REWRITE=0 -DENABLE_DEBUG_PRINT=0 -DENABLE_MEASURE_EXE_TIME=0 -DENABLE_MERGE_BACK_PLAN=0 -DENABLE_PARALLEL_EXECUTION=0 -DENABLE_QUERY_SPLIT=1 -DENABLE_SPECIFY_EST_STAT=0 -I/home/pei/Project/duckdb-polr/src/include -I/home/pei/Project/duckdb-polr/third_party/fsst -I/home/pei/Project/duckdb-polr/third_party/fmt/include -I/home/pei/Project/duckdb-polr/third_party/hyperloglog -I/home/pei/Project/duckdb-polr/third_party/fastpforlib -I/home/pei/Project/duckdb-polr/third_party/fast_float -I/home/pei/Project/duckdb-polr/third_party/re2 -I/home/pei/Project/duckdb-polr/third_party/miniz -I/home/pei/Project/duckdb-polr/third_party/utf8proc/include -I/home/pei/Project/duckdb-polr/third_party/miniparquet -I/home/pei/Project/duckdb-polr/third_party/concurrentqueue -I/home/pei/Project/duckdb-polr/third_party/pcg -I/home/pei/Project/duckdb-polr/third_party/tdigest -I/home/pei/Project/duckdb-polr/third_party/mbedtls/include -I/home/pei/Project/duckdb-polr/third_party/jaro_winkler -O3 -DNDEBUG -O3 -DNDEBUG   -fPIC -fvisibility=hidden -fdiagnostics-color=always -std=c++11 -w -std=c++11 -MD -MT third_party/re2/CMakeFiles/duckdb_re2.dir/re2/dfa.cc.o -MF third_party/re2/CMakeFiles/duckdb_re2.dir/re2/dfa.cc.o.d -o third_party/re2/CMakeFiles/duckdb_re2.dir/re2/dfa.cc.o -c /home/pei/Project/duckdb-polr/third_party/re2/re2/dfa.cc
[307/376] /usr/bin/ccache /usr/lib/ccache/c++ -DDUCKDB_BUILD_LIBRARY -DENABLE_CROSS_PRODUCT_REWRITE=0 -DENABLE_DEBUG_PRINT=0 -DENABLE_MEASURE_EXE_TIME=0 -DENABLE_MERGE_BACK_PLAN=0 -DENABLE_PARALLEL_EXECUTION=0 -DENABLE_QUERY_SPLIT=1 -DENABLE_SPECIFY_EST_STAT=0 -I/home/pei/Project/duckdb-polr/src/include -I/home/pei/Project/duckdb-polr/third_party/fsst -I/home/pei/Project/duckdb-polr/third_party/fmt/include -I/home/pei/Project/duckdb-polr/third_party/hyperloglog -I/home/pei/Project/duckdb-polr/third_party/fastpforlib -I/home/pei/Project/duckdb-polr/third_party/fast_float -I/home/pei/Project/duckdb-polr/third_party/re2 -I/home/pei/Project/duckdb-polr/third_party/miniz -I/home/pei/Project/duckdb-polr/third_party/utf8proc/include -I/home/pei/Project/duckdb-polr/third_party/miniparquet -I/home/pei/Project/duckdb-polr/third_party/concurrentqueue -I/home/pei/Project/duckdb-polr/third_party/pcg -I/home/pei/Project/duckdb-polr/third_party/tdigest -I/home/pei/Project/duckdb-polr/third_party/mbedtls/include -I/home/pei/Project/duckdb-polr/third_party/jaro_winkler -O3 -DNDEBUG -O3 -DNDEBUG   -fPIC -fvisibility=hidden -fdiagnostics-color=always -std=c++11 -w -std=c++11 -MD -MT third_party/re2/CMakeFiles/duckdb_re2.dir/re2/perl_groups.cc.o -MF third_party/re2/CMakeFiles/duckdb_re2.dir/re2/perl_groups.cc.o.d -o third_party/re2/CMakeFiles/duckdb_re2.dir/re2/perl_groups.cc.o -c /home/pei/Project/duckdb-polr/third_party/re2/re2/perl_groups.cc
[308/376] /usr/bin/ccache /usr/lib/ccache/c++ -DDUCKDB_BUILD_LIBRARY -DENABLE_CROSS_PRODUCT_REWRITE=0 -DENABLE_DEBUG_PRINT=0 -DENABLE_MEASURE_EXE_TIME=0 -DENABLE_MERGE_BACK_PLAN=0 -DENABLE_PARALLEL_EXECUTION=0 -DENABLE_QUERY_SPLIT=1 -DENABLE_SPECIFY_EST_STAT=0 -I/home/pei/Project/duckdb-polr/src/include -I/home/pei/Project/duckdb-polr/third_party/fsst -I/home/pei/Project/duckdb-polr/third_party/fmt/include -I/home/pei/Project/duckdb-polr/third_party/hyperloglog -I/home/pei/Project/duckdb-polr/third_party/fastpforlib -I/home/pei/Project/duckdb-polr/third_party/fast_float -I/home/pei/Project/duckdb-polr/third_party/re2 -I/home/pei/Project/duckdb-polr/third_party/miniz -I/home/pei/Project/duckdb-polr/third_party/utf8proc/include -I/home/pei/Project/duckdb-polr/third_party/miniparquet -I/home/pei/Project/duckdb-polr/third_party/concurrentqueue -I/home/pei/Project/duckdb-polr/third_party/pcg -I/home/pei/Project/duckdb-polr/third_party/tdigest -I/home/pei/Project/duckdb-polr/third_party/mbedtls/include -I/home/pei/Project/duckdb-polr/third_party/jaro_winkler -O3 -DNDEBUG -O3 -DNDEBUG   -fPIC -fvisibility=hidden -fdiagnostics-color=always -std=c++11 -w -std=c++11 -MD -MT third_party/re2/CMakeFiles/duckdb_re2.dir/re2/parse.cc.o -MF third_party/re2/CMakeFiles/duckdb_re2.dir/re2/parse.cc.o.d -o third_party/re2/CMakeFiles/duckdb_re2.dir/re2/parse.cc.o -c /home/pei/Project/duckdb-polr/third_party/re2/re2/parse.cc
[309/376] /usr/bin/ccache /usr/lib/ccache/c++ -DDUCKDB_BUILD_LIBRARY -DENABLE_CROSS_PRODUCT_REWRITE=0 -DENABLE_DEBUG_PRINT=0 -DENABLE_MEASURE_EXE_TIME=0 -DENABLE_MERGE_BACK_PLAN=0 -DENABLE_PARALLEL_EXECUTION=0 -DENABLE_QUERY_SPLIT=1 -DENABLE_SPECIFY_EST_STAT=0 -I/home/pei/Project/duckdb-polr/src/include -I/home/pei/Project/duckdb-polr/third_party/fsst -I/home/pei/Project/duckdb-polr/third_party/fmt/include -I/home/pei/Project/duckdb-polr/third_party/hyperloglog -I/home/pei/Project/duckdb-polr/third_party/fastpforlib -I/home/pei/Project/duckdb-polr/third_party/fast_float -I/home/pei/Project/duckdb-polr/third_party/re2 -I/home/pei/Project/duckdb-polr/third_party/miniz -I/home/pei/Project/duckdb-polr/third_party/utf8proc/include -I/home/pei/Project/duckdb-polr/third_party/miniparquet -I/home/pei/Project/duckdb-polr/third_party/concurrentqueue -I/home/pei/Project/duckdb-polr/third_party/pcg -I/home/pei/Project/duckdb-polr/third_party/tdigest -I/home/pei/Project/duckdb-polr/third_party/mbedtls/include -I/home/pei/Project/duckdb-polr/third_party/jaro_winkler -O3 -DNDEBUG -O3 -DNDEBUG   -fPIC -fvisibility=hidden -fdiagnostics-color=always -std=c++11 -w -std=c++11 -MD -MT third_party/re2/CMakeFiles/duckdb_re2.dir/re2/prefilter.cc.o -MF third_party/re2/CMakeFiles/duckdb_re2.dir/re2/prefilter.cc.o.d -o third_party/re2/CMakeFiles/duckdb_re2.dir/re2/prefilter.cc.o -c /home/pei/Project/duckdb-polr/third_party/re2/re2/prefilter.cc
[310/376] /usr/bin/ccache /usr/lib/ccache/c++ -DDUCKDB_BUILD_LIBRARY -DENABLE_CROSS_PRODUCT_REWRITE=0 -DENABLE_DEBUG_PRINT=0 -DENABLE_MEASURE_EXE_TIME=0 -DENABLE_MERGE_BACK_PLAN=0 -DENABLE_PARALLEL_EXECUTION=0 -DENABLE_QUERY_SPLIT=1 -DENABLE_SPECIFY_EST_STAT=0 -I/home/pei/Project/duckdb-polr/src/include -I/home/pei/Project/duckdb-polr/third_party/fsst -I/home/pei/Project/duckdb-polr/third_party/fmt/include -I/home/pei/Project/duckdb-polr/third_party/hyperloglog -I/home/pei/Project/duckdb-polr/third_party/fastpforlib -I/home/pei/Project/duckdb-polr/third_party/fast_float -I/home/pei/Project/duckdb-polr/third_party/re2 -I/home/pei/Project/duckdb-polr/third_party/miniz -I/home/pei/Project/duckdb-polr/third_party/utf8proc/include -I/home/pei/Project/duckdb-polr/third_party/miniparquet -I/home/pei/Project/duckdb-polr/third_party/concurrentqueue -I/home/pei/Project/duckdb-polr/third_party/pcg -I/home/pei/Project/duckdb-polr/third_party/tdigest -I/home/pei/Project/duckdb-polr/third_party/mbedtls/include -I/home/pei/Project/duckdb-polr/third_party/jaro_winkler -O3 -DNDEBUG -O3 -DNDEBUG   -fPIC -fvisibility=hidden -fdiagnostics-color=always -std=c++11 -w -std=c++11 -MD -MT third_party/re2/CMakeFiles/duckdb_re2.dir/re2/onepass.cc.o -MF third_party/re2/CMakeFiles/duckdb_re2.dir/re2/onepass.cc.o.d -o third_party/re2/CMakeFiles/duckdb_re2.dir/re2/onepass.cc.o -c /home/pei/Project/duckdb-polr/third_party/re2/re2/onepass.cc
[311/376] /usr/bin/ccache /usr/lib/ccache/c++ -DDUCKDB_BUILD_LIBRARY -DENABLE_CROSS_PRODUCT_REWRITE=0 -DENABLE_DEBUG_PRINT=0 -DENABLE_MEASURE_EXE_TIME=0 -DENABLE_MERGE_BACK_PLAN=0 -DENABLE_PARALLEL_EXECUTION=0 -DENABLE_QUERY_SPLIT=1 -DENABLE_SPECIFY_EST_STAT=0 -I/home/pei/Project/duckdb-polr/src/include -I/home/pei/Project/duckdb-polr/third_party/fsst -I/home/pei/Project/duckdb-polr/third_party/fmt/include -I/home/pei/Project/duckdb-polr/third_party/hyperloglog -I/home/pei/Project/duckdb-polr/third_party/fastpforlib -I/home/pei/Project/duckdb-polr/third_party/fast_float -I/home/pei/Project/duckdb-polr/third_party/re2 -I/home/pei/Project/duckdb-polr/third_party/miniz -I/home/pei/Project/duckdb-polr/third_party/utf8proc/include -I/home/pei/Project/duckdb-polr/third_party/miniparquet -I/home/pei/Project/duckdb-polr/third_party/concurrentqueue -I/home/pei/Project/duckdb-polr/third_party/pcg -I/home/pei/Project/duckdb-polr/third_party/tdigest -I/home/pei/Project/duckdb-polr/third_party/mbedtls/include -I/home/pei/Project/duckdb-polr/third_party/jaro_winkler -O3 -DNDEBUG -O3 -DNDEBUG   -fPIC -fvisibility=hidden -fdiagnostics-color=always -std=c++11 -w -std=c++11 -MD -MT third_party/re2/CMakeFiles/duckdb_re2.dir/re2/prefilter_tree.cc.o -MF third_party/re2/CMakeFiles/duckdb_re2.dir/re2/prefilter_tree.cc.o.d -o third_party/re2/CMakeFiles/duckdb_re2.dir/re2/prefilter_tree.cc.o -c /home/pei/Project/duckdb-polr/third_party/re2/re2/prefilter_tree.cc
[312/376] /usr/bin/ccache /usr/lib/ccache/c++ -DDUCKDB_BUILD_LIBRARY -DENABLE_CROSS_PRODUCT_REWRITE=0 -DENABLE_DEBUG_PRINT=0 -DENABLE_MEASURE_EXE_TIME=0 -DENABLE_MERGE_BACK_PLAN=0 -DENABLE_PARALLEL_EXECUTION=0 -DENABLE_QUERY_SPLIT=1 -DENABLE_SPECIFY_EST_STAT=0 -I/home/pei/Project/duckdb-polr/src/include -I/home/pei/Project/duckdb-polr/third_party/fsst -I/home/pei/Project/duckdb-polr/third_party/fmt/include -I/home/pei/Project/duckdb-polr/third_party/hyperloglog -I/home/pei/Project/duckdb-polr/third_party/fastpforlib -I/home/pei/Project/duckdb-polr/third_party/fast_float -I/home/pei/Project/duckdb-polr/third_party/re2 -I/home/pei/Project/duckdb-polr/third_party/miniz -I/home/pei/Project/duckdb-polr/third_party/utf8proc/include -I/home/pei/Project/duckdb-polr/third_party/miniparquet -I/home/pei/Project/duckdb-polr/third_party/concurrentqueue -I/home/pei/Project/duckdb-polr/third_party/pcg -I/home/pei/Project/duckdb-polr/third_party/tdigest -I/home/pei/Project/duckdb-polr/third_party/mbedtls/include -I/home/pei/Project/duckdb-polr/third_party/jaro_winkler -O3 -DNDEBUG -O3 -DNDEBUG   -fPIC -fvisibility=hidden -fdiagnostics-color=always -std=c++11 -w -std=c++11 -MD -MT third_party/re2/CMakeFiles/duckdb_re2.dir/re2/mimics_pcre.cc.o -MF third_party/re2/CMakeFiles/duckdb_re2.dir/re2/mimics_pcre.cc.o.d -o third_party/re2/CMakeFiles/duckdb_re2.dir/re2/mimics_pcre.cc.o -c /home/pei/Project/duckdb-polr/third_party/re2/re2/mimics_pcre.cc
[313/376] /usr/bin/ccache /usr/lib/ccache/c++ -DDUCKDB_BUILD_LIBRARY -DENABLE_CROSS_PRODUCT_REWRITE=0 -DENABLE_DEBUG_PRINT=0 -DENABLE_MEASURE_EXE_TIME=0 -DENABLE_MERGE_BACK_PLAN=0 -DENABLE_PARALLEL_EXECUTION=0 -DENABLE_QUERY_SPLIT=1 -DENABLE_SPECIFY_EST_STAT=0 -I/home/pei/Project/duckdb-polr/src/include -I/home/pei/Project/duckdb-polr/third_party/fsst -I/home/pei/Project/duckdb-polr/third_party/fmt/include -I/home/pei/Project/duckdb-polr/third_party/hyperloglog -I/home/pei/Project/duckdb-polr/third_party/fastpforlib -I/home/pei/Project/duckdb-polr/third_party/fast_float -I/home/pei/Project/duckdb-polr/third_party/re2 -I/home/pei/Project/duckdb-polr/third_party/miniz -I/home/pei/Project/duckdb-polr/third_party/utf8proc/include -I/home/pei/Project/duckdb-polr/third_party/miniparquet -I/home/pei/Project/duckdb-polr/third_party/concurrentqueue -I/home/pei/Project/duckdb-polr/third_party/pcg -I/home/pei/Project/duckdb-polr/third_party/tdigest -I/home/pei/Project/duckdb-polr/third_party/mbedtls/include -I/home/pei/Project/duckdb-polr/third_party/jaro_winkler -O3 -DNDEBUG -O3 -DNDEBUG   -fPIC -fvisibility=hidden -fdiagnostics-color=always -std=c++11 -w -std=c++11 -MD -MT third_party/re2/CMakeFiles/duckdb_re2.dir/re2/prog.cc.o -MF third_party/re2/CMakeFiles/duckdb_re2.dir/re2/prog.cc.o.d -o third_party/re2/CMakeFiles/duckdb_re2.dir/re2/prog.cc.o -c /home/pei/Project/duckdb-polr/third_party/re2/re2/prog.cc
[314/376] /usr/bin/ccache /usr/lib/ccache/c++ -DDUCKDB_BUILD_LIBRARY -DENABLE_CROSS_PRODUCT_REWRITE=0 -DENABLE_DEBUG_PRINT=0 -DENABLE_MEASURE_EXE_TIME=0 -DENABLE_MERGE_BACK_PLAN=0 -DENABLE_PARALLEL_EXECUTION=0 -DENABLE_QUERY_SPLIT=1 -DENABLE_SPECIFY_EST_STAT=0 -I/home/pei/Project/duckdb-polr/src/include -I/home/pei/Project/duckdb-polr/third_party/fsst -I/home/pei/Project/duckdb-polr/third_party/fmt/include -I/home/pei/Project/duckdb-polr/third_party/hyperloglog -I/home/pei/Project/duckdb-polr/third_party/fastpforlib -I/home/pei/Project/duckdb-polr/third_party/fast_float -I/home/pei/Project/duckdb-polr/third_party/re2 -I/home/pei/Project/duckdb-polr/third_party/miniz -I/home/pei/Project/duckdb-polr/third_party/utf8proc/include -I/home/pei/Project/duckdb-polr/third_party/miniparquet -I/home/pei/Project/duckdb-polr/third_party/concurrentqueue -I/home/pei/Project/duckdb-polr/third_party/pcg -I/home/pei/Project/duckdb-polr/third_party/tdigest -I/home/pei/Project/duckdb-polr/third_party/mbedtls/include -I/home/pei/Project/duckdb-polr/third_party/jaro_winkler -O3 -DNDEBUG -O3 -DNDEBUG   -fPIC -fvisibility=hidden -fdiagnostics-color=always -std=c++11 -w -std=c++11 -MD -MT third_party/re2/CMakeFiles/duckdb_re2.dir/re2/re2.cc.o -MF third_party/re2/CMakeFiles/duckdb_re2.dir/re2/re2.cc.o.d -o third_party/re2/CMakeFiles/duckdb_re2.dir/re2/re2.cc.o -c /home/pei/Project/duckdb-polr/third_party/re2/re2/re2.cc
[315/376] /usr/bin/ccache /usr/lib/ccache/c++ -DDUCKDB_BUILD_LIBRARY -DENABLE_CROSS_PRODUCT_REWRITE=0 -DENABLE_DEBUG_PRINT=0 -DENABLE_MEASURE_EXE_TIME=0 -DENABLE_MERGE_BACK_PLAN=0 -DENABLE_PARALLEL_EXECUTION=0 -DENABLE_QUERY_SPLIT=1 -DENABLE_SPECIFY_EST_STAT=0 -I/home/pei/Project/duckdb-polr/src/include -I/home/pei/Project/duckdb-polr/third_party/fsst -I/home/pei/Project/duckdb-polr/third_party/fmt/include -I/home/pei/Project/duckdb-polr/third_party/hyperloglog -I/home/pei/Project/duckdb-polr/third_party/fastpforlib -I/home/pei/Project/duckdb-polr/third_party/fast_float -I/home/pei/Project/duckdb-polr/third_party/re2 -I/home/pei/Project/duckdb-polr/third_party/miniz -I/home/pei/Project/duckdb-polr/third_party/utf8proc/include -I/home/pei/Project/duckdb-polr/third_party/miniparquet -I/home/pei/Project/duckdb-polr/third_party/concurrentqueue -I/home/pei/Project/duckdb-polr/third_party/pcg -I/home/pei/Project/duckdb-polr/third_party/tdigest -I/home/pei/Project/duckdb-polr/third_party/mbedtls/include -I/home/pei/Project/duckdb-polr/third_party/jaro_winkler -O3 -DNDEBUG -O3 -DNDEBUG   -fPIC -fvisibility=hidden -fdiagnostics-color=always -std=c++11 -w -std=c++11 -MD -MT third_party/re2/CMakeFiles/duckdb_re2.dir/re2/regexp.cc.o -MF third_party/re2/CMakeFiles/duckdb_re2.dir/re2/regexp.cc.o.d -o third_party/re2/CMakeFiles/duckdb_re2.dir/re2/regexp.cc.o -c /home/pei/Project/duckdb-polr/third_party/re2/re2/regexp.cc
[316/376] /usr/bin/ccache /usr/lib/ccache/c++ -DDUCKDB_BUILD_LIBRARY -DENABLE_CROSS_PRODUCT_REWRITE=0 -DENABLE_DEBUG_PRINT=0 -DENABLE_MEASURE_EXE_TIME=0 -DENABLE_MERGE_BACK_PLAN=0 -DENABLE_PARALLEL_EXECUTION=0 -DENABLE_QUERY_SPLIT=1 -DENABLE_SPECIFY_EST_STAT=0 -I/home/pei/Project/duckdb-polr/src/include -I/home/pei/Project/duckdb-polr/third_party/fsst -I/home/pei/Project/duckdb-polr/third_party/fmt/include -I/home/pei/Project/duckdb-polr/third_party/hyperloglog -I/home/pei/Project/duckdb-polr/third_party/fastpforlib -I/home/pei/Project/duckdb-polr/third_party/fast_float -I/home/pei/Project/duckdb-polr/third_party/re2 -I/home/pei/Project/duckdb-polr/third_party/miniz -I/home/pei/Project/duckdb-polr/third_party/utf8proc/include -I/home/pei/Project/duckdb-polr/third_party/miniparquet -I/home/pei/Project/duckdb-polr/third_party/concurrentqueue -I/home/pei/Project/duckdb-polr/third_party/pcg -I/home/pei/Project/duckdb-polr/third_party/tdigest -I/home/pei/Project/duckdb-polr/third_party/mbedtls/include -I/home/pei/Project/duckdb-polr/third_party/jaro_winkler -O3 -DNDEBUG -O3 -DNDEBUG   -fPIC -fvisibility=hidden -fdiagnostics-color=always -std=c++11 -w -std=c++11 -MD -MT third_party/re2/CMakeFiles/duckdb_re2.dir/re2/simplify.cc.o -MF third_party/re2/CMakeFiles/duckdb_re2.dir/re2/simplify.cc.o.d -o third_party/re2/CMakeFiles/duckdb_re2.dir/re2/simplify.cc.o -c /home/pei/Project/duckdb-polr/third_party/re2/re2/simplify.cc
[317/376] /usr/bin/ccache /usr/lib/ccache/c++ -DDUCKDB_BUILD_LIBRARY -DENABLE_CROSS_PRODUCT_REWRITE=0 -DENABLE_DEBUG_PRINT=0 -DENABLE_MEASURE_EXE_TIME=0 -DENABLE_MERGE_BACK_PLAN=0 -DENABLE_PARALLEL_EXECUTION=0 -DENABLE_QUERY_SPLIT=1 -DENABLE_SPECIFY_EST_STAT=0 -I/home/pei/Project/duckdb-polr/src/include -I/home/pei/Project/duckdb-polr/third_party/fsst -I/home/pei/Project/duckdb-polr/third_party/fmt/include -I/home/pei/Project/duckdb-polr/third_party/hyperloglog -I/home/pei/Project/duckdb-polr/third_party/fastpforlib -I/home/pei/Project/duckdb-polr/third_party/fast_float -I/home/pei/Project/duckdb-polr/third_party/re2 -I/home/pei/Project/duckdb-polr/third_party/miniz -I/home/pei/Project/duckdb-polr/third_party/utf8proc/include -I/home/pei/Project/duckdb-polr/third_party/miniparquet -I/home/pei/Project/duckdb-polr/third_party/concurrentqueue -I/home/pei/Project/duckdb-polr/third_party/pcg -I/home/pei/Project/duckdb-polr/third_party/tdigest -I/home/pei/Project/duckdb-polr/third_party/mbedtls/include -I/home/pei/Project/duckdb-polr/third_party/jaro_winkler -O3 -DNDEBUG -O3 -DNDEBUG   -fPIC -fvisibility=hidden -fdiagnostics-color=always -std=c++11 -w -std=c++11 -MD -MT third_party/re2/CMakeFiles/duckdb_re2.dir/re2/set.cc.o -MF third_party/re2/CMakeFiles/duckdb_re2.dir/re2/set.cc.o.d -o third_party/re2/CMakeFiles/duckdb_re2.dir/re2/set.cc.o -c /home/pei/Project/duckdb-polr/third_party/re2/re2/set.cc
[318/376] /usr/bin/ccache /usr/lib/ccache/c++ -DDUCKDB_BUILD_LIBRARY -DENABLE_CROSS_PRODUCT_REWRITE=0 -DENABLE_DEBUG_PRINT=0 -DENABLE_MEASURE_EXE_TIME=0 -DENABLE_MERGE_BACK_PLAN=0 -DENABLE_PARALLEL_EXECUTION=0 -DENABLE_QUERY_SPLIT=1 -DENABLE_SPECIFY_EST_STAT=0 -I/home/pei/Project/duckdb-polr/src/include -I/home/pei/Project/duckdb-polr/third_party/fsst -I/home/pei/Project/duckdb-polr/third_party/fmt/include -I/home/pei/Project/duckdb-polr/third_party/hyperloglog -I/home/pei/Project/duckdb-polr/third_party/fastpforlib -I/home/pei/Project/duckdb-polr/third_party/fast_float -I/home/pei/Project/duckdb-polr/third_party/re2 -I/home/pei/Project/duckdb-polr/third_party/miniz -I/home/pei/Project/duckdb-polr/third_party/utf8proc/include -I/home/pei/Project/duckdb-polr/third_party/miniparquet -I/home/pei/Project/duckdb-polr/third_party/concurrentqueue -I/home/pei/Project/duckdb-polr/third_party/pcg -I/home/pei/Project/duckdb-polr/third_party/tdigest -I/home/pei/Project/duckdb-polr/third_party/mbedtls/include -I/home/pei/Project/duckdb-polr/third_party/jaro_winkler -O3 -DNDEBUG -O3 -DNDEBUG   -fPIC -fvisibility=hidden -fdiagnostics-color=always -std=c++11 -w -std=c++11 -MD -MT third_party/re2/CMakeFiles/duckdb_re2.dir/re2/stringpiece.cc.o -MF third_party/re2/CMakeFiles/duckdb_re2.dir/re2/stringpiece.cc.o.d -o third_party/re2/CMakeFiles/duckdb_re2.dir/re2/stringpiece.cc.o -c /home/pei/Project/duckdb-polr/third_party/re2/re2/stringpiece.cc
[319/376] /usr/bin/ccache /usr/lib/ccache/c++ -DDUCKDB_BUILD_LIBRARY -DENABLE_CROSS_PRODUCT_REWRITE=0 -DENABLE_DEBUG_PRINT=0 -DENABLE_MEASURE_EXE_TIME=0 -DENABLE_MERGE_BACK_PLAN=0 -DENABLE_PARALLEL_EXECUTION=0 -DENABLE_QUERY_SPLIT=1 -DENABLE_SPECIFY_EST_STAT=0 -I/home/pei/Project/duckdb-polr/src/include -I/home/pei/Project/duckdb-polr/third_party/fsst -I/home/pei/Project/duckdb-polr/third_party/fmt/include -I/home/pei/Project/duckdb-polr/third_party/hyperloglog -I/home/pei/Project/duckdb-polr/third_party/fastpforlib -I/home/pei/Project/duckdb-polr/third_party/fast_float -I/home/pei/Project/duckdb-polr/third_party/re2 -I/home/pei/Project/duckdb-polr/third_party/miniz -I/home/pei/Project/duckdb-polr/third_party/utf8proc/include -I/home/pei/Project/duckdb-polr/third_party/miniparquet -I/home/pei/Project/duckdb-polr/third_party/concurrentqueue -I/home/pei/Project/duckdb-polr/third_party/pcg -I/home/pei/Project/duckdb-polr/third_party/tdigest -I/home/pei/Project/duckdb-polr/third_party/mbedtls/include -I/home/pei/Project/duckdb-polr/third_party/jaro_winkler -O3 -DNDEBUG -O3 -DNDEBUG   -fPIC -fvisibility=hidden -fdiagnostics-color=always -std=c++11 -w -std=c++11 -MD -MT third_party/re2/CMakeFiles/duckdb_re2.dir/re2/unicode_casefold.cc.o -MF third_party/re2/CMakeFiles/duckdb_re2.dir/re2/unicode_casefold.cc.o.d -o third_party/re2/CMakeFiles/duckdb_re2.dir/re2/unicode_casefold.cc.o -c /home/pei/Project/duckdb-polr/third_party/re2/re2/unicode_casefold.cc
[320/376] /usr/bin/ccache /usr/lib/ccache/c++ -DDUCKDB_BUILD_LIBRARY -DENABLE_CROSS_PRODUCT_REWRITE=0 -DENABLE_DEBUG_PRINT=0 -DENABLE_MEASURE_EXE_TIME=0 -DENABLE_MERGE_BACK_PLAN=0 -DENABLE_PARALLEL_EXECUTION=0 -DENABLE_QUERY_SPLIT=1 -DENABLE_SPECIFY_EST_STAT=0 -I/home/pei/Project/duckdb-polr/src/include -I/home/pei/Project/duckdb-polr/third_party/fsst -I/home/pei/Project/duckdb-polr/third_party/fmt/include -I/home/pei/Project/duckdb-polr/third_party/hyperloglog -I/home/pei/Project/duckdb-polr/third_party/fastpforlib -I/home/pei/Project/duckdb-polr/third_party/fast_float -I/home/pei/Project/duckdb-polr/third_party/re2 -I/home/pei/Project/duckdb-polr/third_party/miniz -I/home/pei/Project/duckdb-polr/third_party/utf8proc/include -I/home/pei/Project/duckdb-polr/third_party/miniparquet -I/home/pei/Project/duckdb-polr/third_party/concurrentqueue -I/home/pei/Project/duckdb-polr/third_party/pcg -I/home/pei/Project/duckdb-polr/third_party/tdigest -I/home/pei/Project/duckdb-polr/third_party/mbedtls/include -I/home/pei/Project/duckdb-polr/third_party/jaro_winkler -O3 -DNDEBUG -O3 -DNDEBUG   -fPIC -fvisibility=hidden -fdiagnostics-color=always -std=c++11 -w -std=c++11 -MD -MT third_party/re2/CMakeFiles/duckdb_re2.dir/re2/tostring.cc.o -MF third_party/re2/CMakeFiles/duckdb_re2.dir/re2/tostring.cc.o.d -o third_party/re2/CMakeFiles/duckdb_re2.dir/re2/tostring.cc.o -c /home/pei/Project/duckdb-polr/third_party/re2/re2/tostring.cc
[321/376] /usr/bin/ccache /usr/lib/ccache/c++ -DDUCKDB_BUILD_LIBRARY -DENABLE_CROSS_PRODUCT_REWRITE=0 -DENABLE_DEBUG_PRINT=0 -DENABLE_MEASURE_EXE_TIME=0 -DENABLE_MERGE_BACK_PLAN=0 -DENABLE_PARALLEL_EXECUTION=0 -DENABLE_QUERY_SPLIT=1 -DENABLE_SPECIFY_EST_STAT=0 -I/home/pei/Project/duckdb-polr/src/include -I/home/pei/Project/duckdb-polr/third_party/fsst -I/home/pei/Project/duckdb-polr/third_party/fmt/include -I/home/pei/Project/duckdb-polr/third_party/hyperloglog -I/home/pei/Project/duckdb-polr/third_party/fastpforlib -I/home/pei/Project/duckdb-polr/third_party/fast_float -I/home/pei/Project/duckdb-polr/third_party/re2 -I/home/pei/Project/duckdb-polr/third_party/miniz -I/home/pei/Project/duckdb-polr/third_party/utf8proc/include -I/home/pei/Project/duckdb-polr/third_party/miniparquet -I/home/pei/Project/duckdb-polr/third_party/concurrentqueue -I/home/pei/Project/duckdb-polr/third_party/pcg -I/home/pei/Project/duckdb-polr/third_party/tdigest -I/home/pei/Project/duckdb-polr/third_party/mbedtls/include -I/home/pei/Project/duckdb-polr/third_party/jaro_winkler -O3 -DNDEBUG -O3 -DNDEBUG   -fPIC -fvisibility=hidden -fdiagnostics-color=always -std=c++11 -w -std=c++11 -MD -MT third_party/re2/CMakeFiles/duckdb_re2.dir/re2/unicode_groups.cc.o -MF third_party/re2/CMakeFiles/duckdb_re2.dir/re2/unicode_groups.cc.o.d -o third_party/re2/CMakeFiles/duckdb_re2.dir/re2/unicode_groups.cc.o -c /home/pei/Project/duckdb-polr/third_party/re2/re2/unicode_groups.cc
[322/376] /usr/bin/ccache /usr/lib/ccache/c++ -DDUCKDB_BUILD_LIBRARY -DENABLE_CROSS_PRODUCT_REWRITE=0 -DENABLE_DEBUG_PRINT=0 -DENABLE_MEASURE_EXE_TIME=0 -DENABLE_MERGE_BACK_PLAN=0 -DENABLE_PARALLEL_EXECUTION=0 -DENABLE_QUERY_SPLIT=1 -DENABLE_SPECIFY_EST_STAT=0 -I/home/pei/Project/duckdb-polr/src/include -I/home/pei/Project/duckdb-polr/third_party/fsst -I/home/pei/Project/duckdb-polr/third_party/fmt/include -I/home/pei/Project/duckdb-polr/third_party/hyperloglog -I/home/pei/Project/duckdb-polr/third_party/fastpforlib -I/home/pei/Project/duckdb-polr/third_party/fast_float -I/home/pei/Project/duckdb-polr/third_party/re2 -I/home/pei/Project/duckdb-polr/third_party/miniz -I/home/pei/Project/duckdb-polr/third_party/utf8proc/include -I/home/pei/Project/duckdb-polr/third_party/miniparquet -I/home/pei/Project/duckdb-polr/third_party/concurrentqueue -I/home/pei/Project/duckdb-polr/third_party/pcg -I/home/pei/Project/duckdb-polr/third_party/tdigest -I/home/pei/Project/duckdb-polr/third_party/mbedtls/include -I/home/pei/Project/duckdb-polr/third_party/jaro_winkler -O3 -DNDEBUG -O3 -DNDEBUG   -fPIC -fvisibility=hidden -fdiagnostics-color=always -std=c++11 -w -std=c++11 -MD -MT third_party/re2/CMakeFiles/duckdb_re2.dir/util/rune.cc.o -MF third_party/re2/CMakeFiles/duckdb_re2.dir/util/rune.cc.o.d -o third_party/re2/CMakeFiles/duckdb_re2.dir/util/rune.cc.o -c /home/pei/Project/duckdb-polr/third_party/re2/util/rune.cc
[323/376] /usr/bin/ccache /usr/lib/ccache/c++ -DDUCKDB_BUILD_LIBRARY -DENABLE_CROSS_PRODUCT_REWRITE=0 -DENABLE_DEBUG_PRINT=0 -DENABLE_MEASURE_EXE_TIME=0 -DENABLE_MERGE_BACK_PLAN=0 -DENABLE_PARALLEL_EXECUTION=0 -DENABLE_QUERY_SPLIT=1 -DENABLE_SPECIFY_EST_STAT=0 -I/home/pei/Project/duckdb-polr/src/include -I/home/pei/Project/duckdb-polr/third_party/fsst -I/home/pei/Project/duckdb-polr/third_party/fmt/include -I/home/pei/Project/duckdb-polr/third_party/hyperloglog -I/home/pei/Project/duckdb-polr/third_party/fastpforlib -I/home/pei/Project/duckdb-polr/third_party/fast_float -I/home/pei/Project/duckdb-polr/third_party/re2 -I/home/pei/Project/duckdb-polr/third_party/miniz -I/home/pei/Project/duckdb-polr/third_party/utf8proc/include -I/home/pei/Project/duckdb-polr/third_party/miniparquet -I/home/pei/Project/duckdb-polr/third_party/concurrentqueue -I/home/pei/Project/duckdb-polr/third_party/pcg -I/home/pei/Project/duckdb-polr/third_party/tdigest -I/home/pei/Project/duckdb-polr/third_party/mbedtls/include -I/home/pei/Project/duckdb-polr/third_party/jaro_winkler -O3 -DNDEBUG -O3 -DNDEBUG   -fPIC -fvisibility=hidden -fdiagnostics-color=always -std=c++11 -w -std=c++11 -MD -MT third_party/re2/CMakeFiles/duckdb_re2.dir/util/strutil.cc.o -MF third_party/re2/CMakeFiles/duckdb_re2.dir/util/strutil.cc.o.d -o third_party/re2/CMakeFiles/duckdb_re2.dir/util/strutil.cc.o -c /home/pei/Project/duckdb-polr/third_party/re2/util/strutil.cc
[324/376] /usr/bin/ccache /usr/lib/ccache/c++ -DDUCKDB_BUILD_LIBRARY -DENABLE_CROSS_PRODUCT_REWRITE=0 -DENABLE_DEBUG_PRINT=0 -DENABLE_MEASURE_EXE_TIME=0 -DENABLE_MERGE_BACK_PLAN=0 -DENABLE_PARALLEL_EXECUTION=0 -DENABLE_QUERY_SPLIT=1 -DENABLE_SPECIFY_EST_STAT=0 -I/home/pei/Project/duckdb-polr/src/include -I/home/pei/Project/duckdb-polr/third_party/fsst -I/home/pei/Project/duckdb-polr/third_party/fmt/include -I/home/pei/Project/duckdb-polr/third_party/hyperloglog -I/home/pei/Project/duckdb-polr/third_party/fastpforlib -I/home/pei/Project/duckdb-polr/third_party/fast_float -I/home/pei/Project/duckdb-polr/third_party/re2 -I/home/pei/Project/duckdb-polr/third_party/miniz -I/home/pei/Project/duckdb-polr/third_party/utf8proc/include -I/home/pei/Project/duckdb-polr/third_party/miniparquet -I/home/pei/Project/duckdb-polr/third_party/concurrentqueue -I/home/pei/Project/duckdb-polr/third_party/pcg -I/home/pei/Project/duckdb-polr/third_party/tdigest -I/home/pei/Project/duckdb-polr/third_party/mbedtls/include -I/home/pei/Project/duckdb-polr/third_party/jaro_winkler -O3 -DNDEBUG -O3 -DNDEBUG   -fPIC -fdiagnostics-color=always -w -std=c++11 -MD -MT third_party/miniz/CMakeFiles/duckdb_miniz.dir/miniz.cpp.o -MF third_party/miniz/CMakeFiles/duckdb_miniz.dir/miniz.cpp.o.d -o third_party/miniz/CMakeFiles/duckdb_miniz.dir/miniz.cpp.o -c /home/pei/Project/duckdb-polr/third_party/miniz/miniz.cpp
[325/376] /usr/bin/ccache /usr/lib/ccache/c++ -DDUCKDB_BUILD_LIBRARY -DENABLE_CROSS_PRODUCT_REWRITE=0 -DENABLE_DEBUG_PRINT=0 -DENABLE_MEASURE_EXE_TIME=0 -DENABLE_MERGE_BACK_PLAN=0 -DENABLE_PARALLEL_EXECUTION=0 -DENABLE_QUERY_SPLIT=1 -DENABLE_SPECIFY_EST_STAT=0 -I/home/pei/Project/duckdb-polr/src/include -I/home/pei/Project/duckdb-polr/third_party/fsst -I/home/pei/Project/duckdb-polr/third_party/fmt/include -I/home/pei/Project/duckdb-polr/third_party/hyperloglog -I/home/pei/Project/duckdb-polr/third_party/fastpforlib -I/home/pei/Project/duckdb-polr/third_party/fast_float -I/home/pei/Project/duckdb-polr/third_party/re2 -I/home/pei/Project/duckdb-polr/third_party/miniz -I/home/pei/Project/duckdb-polr/third_party/utf8proc/include -I/home/pei/Project/duckdb-polr/third_party/miniparquet -I/home/pei/Project/duckdb-polr/third_party/concurrentqueue -I/home/pei/Project/duckdb-polr/third_party/pcg -I/home/pei/Project/duckdb-polr/third_party/tdigest -I/home/pei/Project/duckdb-polr/third_party/mbedtls/include -I/home/pei/Project/duckdb-polr/third_party/jaro_winkler -O3 -DNDEBUG -O3 -DNDEBUG   -fPIC -fdiagnostics-color=always -std=c++11 -MD -MT third_party/utf8proc/CMakeFiles/duckdb_utf8proc.dir/utf8proc_wrapper.cpp.o -MF third_party/utf8proc/CMakeFiles/duckdb_utf8proc.dir/utf8proc_wrapper.cpp.o.d -o third_party/utf8proc/CMakeFiles/duckdb_utf8proc.dir/utf8proc_wrapper.cpp.o -c /home/pei/Project/duckdb-polr/third_party/utf8proc/utf8proc_wrapper.cpp
[326/376] /usr/bin/ccache /usr/lib/ccache/c++ -DDUCKDB_BUILD_LIBRARY -DENABLE_CROSS_PRODUCT_REWRITE=0 -DENABLE_DEBUG_PRINT=0 -DENABLE_MEASURE_EXE_TIME=0 -DENABLE_MERGE_BACK_PLAN=0 -DENABLE_PARALLEL_EXECUTION=0 -DENABLE_QUERY_SPLIT=1 -DENABLE_SPECIFY_EST_STAT=0 -I/home/pei/Project/duckdb-polr/src/include -I/home/pei/Project/duckdb-polr/third_party/fsst -I/home/pei/Project/duckdb-polr/third_party/fmt/include -I/home/pei/Project/duckdb-polr/third_party/hyperloglog -I/home/pei/Project/duckdb-polr/third_party/fastpforlib -I/home/pei/Project/duckdb-polr/third_party/fast_float -I/home/pei/Project/duckdb-polr/third_party/re2 -I/home/pei/Project/duckdb-polr/third_party/miniz -I/home/pei/Project/duckdb-polr/third_party/utf8proc/include -I/home/pei/Project/duckdb-polr/third_party/miniparquet -I/home/pei/Project/duckdb-polr/third_party/concurrentqueue -I/home/pei/Project/duckdb-polr/third_party/pcg -I/home/pei/Project/duckdb-polr/third_party/tdigest -I/home/pei/Project/duckdb-polr/third_party/mbedtls/include -I/home/pei/Project/duckdb-polr/third_party/jaro_winkler -O3 -DNDEBUG -O3 -DNDEBUG   -fPIC -fdiagnostics-color=always -std=c++11 -MD -MT third_party/utf8proc/CMakeFiles/duckdb_utf8proc.dir/utf8proc.cpp.o -MF third_party/utf8proc/CMakeFiles/duckdb_utf8proc.dir/utf8proc.cpp.o.d -o third_party/utf8proc/CMakeFiles/duckdb_utf8proc.dir/utf8proc.cpp.o -c /home/pei/Project/duckdb-polr/third_party/utf8proc/utf8proc.cpp
[327/376] /usr/bin/ccache /usr/lib/ccache/c++ -DDUCKDB_BUILD_LIBRARY -DENABLE_CROSS_PRODUCT_REWRITE=0 -DENABLE_DEBUG_PRINT=0 -DENABLE_MEASURE_EXE_TIME=0 -DENABLE_MERGE_BACK_PLAN=0 -DENABLE_PARALLEL_EXECUTION=0 -DENABLE_QUERY_SPLIT=1 -DENABLE_SPECIFY_EST_STAT=0 -I/home/pei/Project/duckdb-polr/src/include -I/home/pei/Project/duckdb-polr/third_party/fsst -I/home/pei/Project/duckdb-polr/third_party/fmt/include -I/home/pei/Project/duckdb-polr/third_party/hyperloglog -I/home/pei/Project/duckdb-polr/third_party/fastpforlib -I/home/pei/Project/duckdb-polr/third_party/fast_float -I/home/pei/Project/duckdb-polr/third_party/re2 -I/home/pei/Project/duckdb-polr/third_party/miniz -I/home/pei/Project/duckdb-polr/third_party/utf8proc/include -I/home/pei/Project/duckdb-polr/third_party/miniparquet -I/home/pei/Project/duckdb-polr/third_party/concurrentqueue -I/home/pei/Project/duckdb-polr/third_party/pcg -I/home/pei/Project/duckdb-polr/third_party/tdigest -I/home/pei/Project/duckdb-polr/third_party/mbedtls/include -I/home/pei/Project/duckdb-polr/third_party/jaro_winkler -O3 -DNDEBUG -O3 -DNDEBUG   -fPIC -fdiagnostics-color=always -w -std=c++11 -MD -MT third_party/hyperloglog/CMakeFiles/duckdb_hyperloglog.dir/hyperloglog.cpp.o -MF third_party/hyperloglog/CMakeFiles/duckdb_hyperloglog.dir/hyperloglog.cpp.o.d -o third_party/hyperloglog/CMakeFiles/duckdb_hyperloglog.dir/hyperloglog.cpp.o -c /home/pei/Project/duckdb-polr/third_party/hyperloglog/hyperloglog.cpp
[328/376] /usr/bin/ccache /usr/lib/ccache/c++ -DDUCKDB_BUILD_LIBRARY -DENABLE_CROSS_PRODUCT_REWRITE=0 -DENABLE_DEBUG_PRINT=0 -DENABLE_MEASURE_EXE_TIME=0 -DENABLE_MERGE_BACK_PLAN=0 -DENABLE_PARALLEL_EXECUTION=0 -DENABLE_QUERY_SPLIT=1 -DENABLE_SPECIFY_EST_STAT=0 -I/home/pei/Project/duckdb-polr/src/include -I/home/pei/Project/duckdb-polr/third_party/fsst -I/home/pei/Project/duckdb-polr/third_party/fmt/include -I/home/pei/Project/duckdb-polr/third_party/hyperloglog -I/home/pei/Project/duckdb-polr/third_party/fastpforlib -I/home/pei/Project/duckdb-polr/third_party/fast_float -I/home/pei/Project/duckdb-polr/third_party/re2 -I/home/pei/Project/duckdb-polr/third_party/miniz -I/home/pei/Project/duckdb-polr/third_party/utf8proc/include -I/home/pei/Project/duckdb-polr/third_party/miniparquet -I/home/pei/Project/duckdb-polr/third_party/concurrentqueue -I/home/pei/Project/duckdb-polr/third_party/pcg -I/home/pei/Project/duckdb-polr/third_party/tdigest -I/home/pei/Project/duckdb-polr/third_party/mbedtls/include -I/home/pei/Project/duckdb-polr/third_party/jaro_winkler -O3 -DNDEBUG -O3 -DNDEBUG   -fPIC -fdiagnostics-color=always -w -std=c++11 -MD -MT third_party/hyperloglog/CMakeFiles/duckdb_hyperloglog.dir/sds.cpp.o -MF third_party/hyperloglog/CMakeFiles/duckdb_hyperloglog.dir/sds.cpp.o.d -o third_party/hyperloglog/CMakeFiles/duckdb_hyperloglog.dir/sds.cpp.o -c /home/pei/Project/duckdb-polr/third_party/hyperloglog/sds.cpp
[329/376] /usr/bin/ccache /usr/lib/ccache/c++ -DDUCKDB_BUILD_LIBRARY -DENABLE_CROSS_PRODUCT_REWRITE=0 -DENABLE_DEBUG_PRINT=0 -DENABLE_MEASURE_EXE_TIME=0 -DENABLE_MERGE_BACK_PLAN=0 -DENABLE_PARALLEL_EXECUTION=0 -DENABLE_QUERY_SPLIT=1 -DENABLE_SPECIFY_EST_STAT=0 -I/home/pei/Project/duckdb-polr/src/include -I/home/pei/Project/duckdb-polr/third_party/fsst -I/home/pei/Project/duckdb-polr/third_party/fmt/include -I/home/pei/Project/duckdb-polr/third_party/hyperloglog -I/home/pei/Project/duckdb-polr/third_party/fastpforlib -I/home/pei/Project/duckdb-polr/third_party/fast_float -I/home/pei/Project/duckdb-polr/third_party/re2 -I/home/pei/Project/duckdb-polr/third_party/miniz -I/home/pei/Project/duckdb-polr/third_party/utf8proc/include -I/home/pei/Project/duckdb-polr/third_party/miniparquet -I/home/pei/Project/duckdb-polr/third_party/concurrentqueue -I/home/pei/Project/duckdb-polr/third_party/pcg -I/home/pei/Project/duckdb-polr/third_party/tdigest -I/home/pei/Project/duckdb-polr/third_party/mbedtls/include -I/home/pei/Project/duckdb-polr/third_party/jaro_winkler -O3 -DNDEBUG -O3 -DNDEBUG   -fPIC -fdiagnostics-color=always -w -std=c++11 -MD -MT third_party/fastpforlib/CMakeFiles/duckdb_fastpforlib.dir/bitpacking.cpp.o -MF third_party/fastpforlib/CMakeFiles/duckdb_fastpforlib.dir/bitpacking.cpp.o.d -o third_party/fastpforlib/CMakeFiles/duckdb_fastpforlib.dir/bitpacking.cpp.o -c /home/pei/Project/duckdb-polr/third_party/fastpforlib/bitpacking.cpp
[330/376] /usr/bin/ccache /usr/lib/ccache/c++ -DDUCKDB_BUILD_LIBRARY -DENABLE_CROSS_PRODUCT_REWRITE=0 -DENABLE_DEBUG_PRINT=0 -DENABLE_MEASURE_EXE_TIME=0 -DENABLE_MERGE_BACK_PLAN=0 -DENABLE_PARALLEL_EXECUTION=0 -DENABLE_QUERY_SPLIT=1 -DENABLE_SPECIFY_EST_STAT=0 -I/home/pei/Project/duckdb-polr/src/include -I/home/pei/Project/duckdb-polr/third_party/fsst -I/home/pei/Project/duckdb-polr/third_party/fmt/include -I/home/pei/Project/duckdb-polr/third_party/hyperloglog -I/home/pei/Project/duckdb-polr/third_party/fastpforlib -I/home/pei/Project/duckdb-polr/third_party/fast_float -I/home/pei/Project/duckdb-polr/third_party/re2 -I/home/pei/Project/duckdb-polr/third_party/miniz -I/home/pei/Project/duckdb-polr/third_party/utf8proc/include -I/home/pei/Project/duckdb-polr/third_party/miniparquet -I/home/pei/Project/duckdb-polr/third_party/concurrentqueue -I/home/pei/Project/duckdb-polr/third_party/pcg -I/home/pei/Project/duckdb-polr/third_party/tdigest -I/home/pei/Project/duckdb-polr/third_party/mbedtls/include -I/home/pei/Project/duckdb-polr/third_party/jaro_winkler -I/home/pei/Project/duckdb-polr/third_party/libpg_query/include -O3 -DNDEBUG -O3 -DNDEBUG   -fPIC -fvisibility=hidden -fdiagnostics-color=always -w -std=c++11 -MD -MT third_party/libpg_query/CMakeFiles/duckdb_pg_query.dir/src_backend_parser_parser.cpp.o -MF third_party/libpg_query/CMakeFiles/duckdb_pg_query.dir/src_backend_parser_parser.cpp.o.d -o third_party/libpg_query/CMakeFiles/duckdb_pg_query.dir/src_backend_parser_parser.cpp.o -c /home/pei/Project/duckdb-polr/third_party/libpg_query/src_backend_parser_parser.cpp
[331/376] /usr/bin/ccache /usr/lib/ccache/c++ -DDUCKDB_BUILD_LIBRARY -DENABLE_CROSS_PRODUCT_REWRITE=0 -DENABLE_DEBUG_PRINT=0 -DENABLE_MEASURE_EXE_TIME=0 -DENABLE_MERGE_BACK_PLAN=0 -DENABLE_PARALLEL_EXECUTION=0 -DENABLE_QUERY_SPLIT=1 -DENABLE_SPECIFY_EST_STAT=0 -I/home/pei/Project/duckdb-polr/src/include -I/home/pei/Project/duckdb-polr/third_party/fsst -I/home/pei/Project/duckdb-polr/third_party/fmt/include -I/home/pei/Project/duckdb-polr/third_party/hyperloglog -I/home/pei/Project/duckdb-polr/third_party/fastpforlib -I/home/pei/Project/duckdb-polr/third_party/fast_float -I/home/pei/Project/duckdb-polr/third_party/re2 -I/home/pei/Project/duckdb-polr/third_party/miniz -I/home/pei/Project/duckdb-polr/third_party/utf8proc/include -I/home/pei/Project/duckdb-polr/third_party/miniparquet -I/home/pei/Project/duckdb-polr/third_party/concurrentqueue -I/home/pei/Project/duckdb-polr/third_party/pcg -I/home/pei/Project/duckdb-polr/third_party/tdigest -I/home/pei/Project/duckdb-polr/third_party/mbedtls/include -I/home/pei/Project/duckdb-polr/third_party/jaro_winkler -I/home/pei/Project/duckdb-polr/third_party/libpg_query/include -O3 -DNDEBUG -O3 -DNDEBUG   -fPIC -fvisibility=hidden -fdiagnostics-color=always -w -std=c++11 -MD -MT third_party/libpg_query/CMakeFiles/duckdb_pg_query.dir/src_backend_parser_scan.cpp.o -MF third_party/libpg_query/CMakeFiles/duckdb_pg_query.dir/src_backend_parser_scan.cpp.o.d -o third_party/libpg_query/CMakeFiles/duckdb_pg_query.dir/src_backend_parser_scan.cpp.o -c /home/pei/Project/duckdb-polr/third_party/libpg_query/src_backend_parser_scan.cpp
[332/376] : && /usr/bin/cmake -E rm -f third_party/fmt/libduckdb_fmt.a && /usr/bin/ar qc third_party/fmt/libduckdb_fmt.a  third_party/fmt/CMakeFiles/duckdb_fmt.dir/format.cc.o && /usr/bin/ranlib third_party/fmt/libduckdb_fmt.a && :
[333/376] : && /usr/bin/cmake -E rm -f third_party/miniz/libduckdb_miniz.a && /usr/bin/ar qc third_party/miniz/libduckdb_miniz.a  third_party/miniz/CMakeFiles/duckdb_miniz.dir/miniz.cpp.o && /usr/bin/ranlib third_party/miniz/libduckdb_miniz.a && :
[334/376] /usr/bin/ccache /usr/lib/ccache/c++ -DDUCKDB_BUILD_LIBRARY -DENABLE_CROSS_PRODUCT_REWRITE=0 -DENABLE_DEBUG_PRINT=0 -DENABLE_MEASURE_EXE_TIME=0 -DENABLE_MERGE_BACK_PLAN=0 -DENABLE_PARALLEL_EXECUTION=0 -DENABLE_QUERY_SPLIT=1 -DENABLE_SPECIFY_EST_STAT=0 -I/home/pei/Project/duckdb-polr/src/include -I/home/pei/Project/duckdb-polr/third_party/fsst -I/home/pei/Project/duckdb-polr/third_party/fmt/include -I/home/pei/Project/duckdb-polr/third_party/hyperloglog -I/home/pei/Project/duckdb-polr/third_party/fastpforlib -I/home/pei/Project/duckdb-polr/third_party/fast_float -I/home/pei/Project/duckdb-polr/third_party/re2 -I/home/pei/Project/duckdb-polr/third_party/miniz -I/home/pei/Project/duckdb-polr/third_party/utf8proc/include -I/home/pei/Project/duckdb-polr/third_party/miniparquet -I/home/pei/Project/duckdb-polr/third_party/concurrentqueue -I/home/pei/Project/duckdb-polr/third_party/pcg -I/home/pei/Project/duckdb-polr/third_party/tdigest -I/home/pei/Project/duckdb-polr/third_party/mbedtls/include -I/home/pei/Project/duckdb-polr/third_party/jaro_winkler -O3 -DNDEBUG -O3 -DNDEBUG   -fPIC -fvisibility=hidden -fdiagnostics-color=always -std=c++11 -MD -MT third_party/mbedtls/CMakeFiles/duckdb_mbedtls.dir/library/sha256.cpp.o -MF third_party/mbedtls/CMakeFiles/duckdb_mbedtls.dir/library/sha256.cpp.o.d -o third_party/mbedtls/CMakeFiles/duckdb_mbedtls.dir/library/sha256.cpp.o -c /home/pei/Project/duckdb-polr/third_party/mbedtls/library/sha256.cpp
[335/376] /usr/bin/ccache /usr/lib/ccache/c++ -DDUCKDB_BUILD_LIBRARY -DENABLE_CROSS_PRODUCT_REWRITE=0 -DENABLE_DEBUG_PRINT=0 -DENABLE_MEASURE_EXE_TIME=0 -DENABLE_MERGE_BACK_PLAN=0 -DENABLE_PARALLEL_EXECUTION=0 -DENABLE_QUERY_SPLIT=1 -DENABLE_SPECIFY_EST_STAT=0 -I/home/pei/Project/duckdb-polr/src/include -I/home/pei/Project/duckdb-polr/third_party/fsst -I/home/pei/Project/duckdb-polr/third_party/fmt/include -I/home/pei/Project/duckdb-polr/third_party/hyperloglog -I/home/pei/Project/duckdb-polr/third_party/fastpforlib -I/home/pei/Project/duckdb-polr/third_party/fast_float -I/home/pei/Project/duckdb-polr/third_party/re2 -I/home/pei/Project/duckdb-polr/third_party/miniz -I/home/pei/Project/duckdb-polr/third_party/utf8proc/include -I/home/pei/Project/duckdb-polr/third_party/miniparquet -I/home/pei/Project/duckdb-polr/third_party/concurrentqueue -I/home/pei/Project/duckdb-polr/third_party/pcg -I/home/pei/Project/duckdb-polr/third_party/tdigest -I/home/pei/Project/duckdb-polr/third_party/mbedtls/include -I/home/pei/Project/duckdb-polr/third_party/jaro_winkler -O3 -DNDEBUG -O3 -DNDEBUG   -fPIC -fvisibility=hidden -fdiagnostics-color=always -std=c++11 -MD -MT third_party/mbedtls/CMakeFiles/duckdb_mbedtls.dir/mbedtls_wrapper.cpp.o -MF third_party/mbedtls/CMakeFiles/duckdb_mbedtls.dir/mbedtls_wrapper.cpp.o.d -o third_party/mbedtls/CMakeFiles/duckdb_mbedtls.dir/mbedtls_wrapper.cpp.o -c /home/pei/Project/duckdb-polr/third_party/mbedtls/mbedtls_wrapper.cpp
[336/376] /usr/bin/ccache /usr/lib/ccache/c++ -DDUCKDB_BUILD_LIBRARY -DENABLE_CROSS_PRODUCT_REWRITE=0 -DENABLE_DEBUG_PRINT=0 -DENABLE_MEASURE_EXE_TIME=0 -DENABLE_MERGE_BACK_PLAN=0 -DENABLE_PARALLEL_EXECUTION=0 -DENABLE_QUERY_SPLIT=1 -DENABLE_SPECIFY_EST_STAT=0 -I/home/pei/Project/duckdb-polr/src/include -I/home/pei/Project/duckdb-polr/third_party/fsst -I/home/pei/Project/duckdb-polr/third_party/fmt/include -I/home/pei/Project/duckdb-polr/third_party/hyperloglog -I/home/pei/Project/duckdb-polr/third_party/fastpforlib -I/home/pei/Project/duckdb-polr/third_party/fast_float -I/home/pei/Project/duckdb-polr/third_party/re2 -I/home/pei/Project/duckdb-polr/third_party/miniz -I/home/pei/Project/duckdb-polr/third_party/utf8proc/include -I/home/pei/Project/duckdb-polr/third_party/miniparquet -I/home/pei/Project/duckdb-polr/third_party/concurrentqueue -I/home/pei/Project/duckdb-polr/third_party/pcg -I/home/pei/Project/duckdb-polr/third_party/tdigest -I/home/pei/Project/duckdb-polr/third_party/mbedtls/include -I/home/pei/Project/duckdb-polr/third_party/jaro_winkler -O3 -DNDEBUG -O3 -DNDEBUG   -fPIC -fvisibility=hidden -fdiagnostics-color=always -std=c++11 -MD -MT third_party/mbedtls/CMakeFiles/duckdb_mbedtls.dir/library/rsa_alt_helpers.cpp.o -MF third_party/mbedtls/CMakeFiles/duckdb_mbedtls.dir/library/rsa_alt_helpers.cpp.o.d -o third_party/mbedtls/CMakeFiles/duckdb_mbedtls.dir/library/rsa_alt_helpers.cpp.o -c /home/pei/Project/duckdb-polr/third_party/mbedtls/library/rsa_alt_helpers.cpp
[337/376] /usr/bin/ccache /usr/lib/ccache/c++ -DDUCKDB_BUILD_LIBRARY -DENABLE_CROSS_PRODUCT_REWRITE=0 -DENABLE_DEBUG_PRINT=0 -DENABLE_MEASURE_EXE_TIME=0 -DENABLE_MERGE_BACK_PLAN=0 -DENABLE_PARALLEL_EXECUTION=0 -DENABLE_QUERY_SPLIT=1 -DENABLE_SPECIFY_EST_STAT=0 -I/home/pei/Project/duckdb-polr/src/include -I/home/pei/Project/duckdb-polr/third_party/fsst -I/home/pei/Project/duckdb-polr/third_party/fmt/include -I/home/pei/Project/duckdb-polr/third_party/hyperloglog -I/home/pei/Project/duckdb-polr/third_party/fastpforlib -I/home/pei/Project/duckdb-polr/third_party/fast_float -I/home/pei/Project/duckdb-polr/third_party/re2 -I/home/pei/Project/duckdb-polr/third_party/miniz -I/home/pei/Project/duckdb-polr/third_party/utf8proc/include -I/home/pei/Project/duckdb-polr/third_party/miniparquet -I/home/pei/Project/duckdb-polr/third_party/concurrentqueue -I/home/pei/Project/duckdb-polr/third_party/pcg -I/home/pei/Project/duckdb-polr/third_party/tdigest -I/home/pei/Project/duckdb-polr/third_party/mbedtls/include -I/home/pei/Project/duckdb-polr/third_party/jaro_winkler -O3 -DNDEBUG -O3 -DNDEBUG   -fPIC -fvisibility=hidden -fdiagnostics-color=always -std=c++11 -MD -MT third_party/mbedtls/CMakeFiles/duckdb_mbedtls.dir/library/rsa.cpp.o -MF third_party/mbedtls/CMakeFiles/duckdb_mbedtls.dir/library/rsa.cpp.o.d -o third_party/mbedtls/CMakeFiles/duckdb_mbedtls.dir/library/rsa.cpp.o -c /home/pei/Project/duckdb-polr/third_party/mbedtls/library/rsa.cpp
[338/376] /usr/bin/ccache /usr/lib/ccache/c++ -DDUCKDB_BUILD_LIBRARY -DENABLE_CROSS_PRODUCT_REWRITE=0 -DENABLE_DEBUG_PRINT=0 -DENABLE_MEASURE_EXE_TIME=0 -DENABLE_MERGE_BACK_PLAN=0 -DENABLE_PARALLEL_EXECUTION=0 -DENABLE_QUERY_SPLIT=1 -DENABLE_SPECIFY_EST_STAT=0 -I/home/pei/Project/duckdb-polr/src/include -I/home/pei/Project/duckdb-polr/third_party/fsst -I/home/pei/Project/duckdb-polr/third_party/fmt/include -I/home/pei/Project/duckdb-polr/third_party/hyperloglog -I/home/pei/Project/duckdb-polr/third_party/fastpforlib -I/home/pei/Project/duckdb-polr/third_party/fast_float -I/home/pei/Project/duckdb-polr/third_party/re2 -I/home/pei/Project/duckdb-polr/third_party/miniz -I/home/pei/Project/duckdb-polr/third_party/utf8proc/include -I/home/pei/Project/duckdb-polr/third_party/miniparquet -I/home/pei/Project/duckdb-polr/third_party/concurrentqueue -I/home/pei/Project/duckdb-polr/third_party/pcg -I/home/pei/Project/duckdb-polr/third_party/tdigest -I/home/pei/Project/duckdb-polr/third_party/mbedtls/include -I/home/pei/Project/duckdb-polr/third_party/jaro_winkler -O3 -DNDEBUG -O3 -DNDEBUG   -fPIC -fvisibility=hidden -fdiagnostics-color=always -std=c++11 -MD -MT third_party/mbedtls/CMakeFiles/duckdb_mbedtls.dir/library/md.cpp.o -MF third_party/mbedtls/CMakeFiles/duckdb_mbedtls.dir/library/md.cpp.o.d -o third_party/mbedtls/CMakeFiles/duckdb_mbedtls.dir/library/md.cpp.o -c /home/pei/Project/duckdb-polr/third_party/mbedtls/library/md.cpp
[339/376] /usr/bin/ccache /usr/lib/ccache/c++ -DDUCKDB_BUILD_LIBRARY -DENABLE_CROSS_PRODUCT_REWRITE=0 -DENABLE_DEBUG_PRINT=0 -DENABLE_MEASURE_EXE_TIME=0 -DENABLE_MERGE_BACK_PLAN=0 -DENABLE_PARALLEL_EXECUTION=0 -DENABLE_QUERY_SPLIT=1 -DENABLE_SPECIFY_EST_STAT=0 -I/home/pei/Project/duckdb-polr/src/include -I/home/pei/Project/duckdb-polr/third_party/fsst -I/home/pei/Project/duckdb-polr/third_party/fmt/include -I/home/pei/Project/duckdb-polr/third_party/hyperloglog -I/home/pei/Project/duckdb-polr/third_party/fastpforlib -I/home/pei/Project/duckdb-polr/third_party/fast_float -I/home/pei/Project/duckdb-polr/third_party/re2 -I/home/pei/Project/duckdb-polr/third_party/miniz -I/home/pei/Project/duckdb-polr/third_party/utf8proc/include -I/home/pei/Project/duckdb-polr/third_party/miniparquet -I/home/pei/Project/duckdb-polr/third_party/concurrentqueue -I/home/pei/Project/duckdb-polr/third_party/pcg -I/home/pei/Project/duckdb-polr/third_party/tdigest -I/home/pei/Project/duckdb-polr/third_party/mbedtls/include -I/home/pei/Project/duckdb-polr/third_party/jaro_winkler -O3 -DNDEBUG -O3 -DNDEBUG   -fPIC -fvisibility=hidden -fdiagnostics-color=always -std=c++11 -MD -MT third_party/mbedtls/CMakeFiles/duckdb_mbedtls.dir/library/bignum.cpp.o -MF third_party/mbedtls/CMakeFiles/duckdb_mbedtls.dir/library/bignum.cpp.o.d -o third_party/mbedtls/CMakeFiles/duckdb_mbedtls.dir/library/bignum.cpp.o -c /home/pei/Project/duckdb-polr/third_party/mbedtls/library/bignum.cpp
[340/376] /usr/bin/ccache /usr/lib/ccache/c++ -DDUCKDB_BUILD_LIBRARY -DENABLE_CROSS_PRODUCT_REWRITE=0 -DENABLE_DEBUG_PRINT=0 -DENABLE_MEASURE_EXE_TIME=0 -DENABLE_MERGE_BACK_PLAN=0 -DENABLE_PARALLEL_EXECUTION=0 -DENABLE_QUERY_SPLIT=1 -DENABLE_SPECIFY_EST_STAT=0 -I/home/pei/Project/duckdb-polr/src/include -I/home/pei/Project/duckdb-polr/third_party/fsst -I/home/pei/Project/duckdb-polr/third_party/fmt/include -I/home/pei/Project/duckdb-polr/third_party/hyperloglog -I/home/pei/Project/duckdb-polr/third_party/fastpforlib -I/home/pei/Project/duckdb-polr/third_party/fast_float -I/home/pei/Project/duckdb-polr/third_party/re2 -I/home/pei/Project/duckdb-polr/third_party/miniz -I/home/pei/Project/duckdb-polr/third_party/utf8proc/include -I/home/pei/Project/duckdb-polr/third_party/miniparquet -I/home/pei/Project/duckdb-polr/third_party/concurrentqueue -I/home/pei/Project/duckdb-polr/third_party/pcg -I/home/pei/Project/duckdb-polr/third_party/tdigest -I/home/pei/Project/duckdb-polr/third_party/mbedtls/include -I/home/pei/Project/duckdb-polr/third_party/jaro_winkler -O3 -DNDEBUG -O3 -DNDEBUG   -fPIC -fvisibility=hidden -fdiagnostics-color=always -std=c++11 -MD -MT third_party/mbedtls/CMakeFiles/duckdb_mbedtls.dir/library/constant_time.cpp.o -MF third_party/mbedtls/CMakeFiles/duckdb_mbedtls.dir/library/constant_time.cpp.o.d -o third_party/mbedtls/CMakeFiles/duckdb_mbedtls.dir/library/constant_time.cpp.o -c /home/pei/Project/duckdb-polr/third_party/mbedtls/library/constant_time.cpp
[341/376] /usr/bin/ccache /usr/lib/ccache/c++ -DDUCKDB_BUILD_LIBRARY -DENABLE_CROSS_PRODUCT_REWRITE=0 -DENABLE_DEBUG_PRINT=0 -DENABLE_MEASURE_EXE_TIME=0 -DENABLE_MERGE_BACK_PLAN=0 -DENABLE_PARALLEL_EXECUTION=0 -DENABLE_QUERY_SPLIT=1 -DENABLE_SPECIFY_EST_STAT=0 -I/home/pei/Project/duckdb-polr/src/include -I/home/pei/Project/duckdb-polr/third_party/fsst -I/home/pei/Project/duckdb-polr/third_party/fmt/include -I/home/pei/Project/duckdb-polr/third_party/hyperloglog -I/home/pei/Project/duckdb-polr/third_party/fastpforlib -I/home/pei/Project/duckdb-polr/third_party/fast_float -I/home/pei/Project/duckdb-polr/third_party/re2 -I/home/pei/Project/duckdb-polr/third_party/miniz -I/home/pei/Project/duckdb-polr/third_party/utf8proc/include -I/home/pei/Project/duckdb-polr/third_party/miniparquet -I/home/pei/Project/duckdb-polr/third_party/concurrentqueue -I/home/pei/Project/duckdb-polr/third_party/pcg -I/home/pei/Project/duckdb-polr/third_party/tdigest -I/home/pei/Project/duckdb-polr/third_party/mbedtls/include -I/home/pei/Project/duckdb-polr/third_party/jaro_winkler -O3 -DNDEBUG -O3 -DNDEBUG   -fPIC -fvisibility=hidden -fdiagnostics-color=always -std=c++11 -MD -MT third_party/mbedtls/CMakeFiles/duckdb_mbedtls.dir/library/oid.cpp.o -MF third_party/mbedtls/CMakeFiles/duckdb_mbedtls.dir/library/oid.cpp.o.d -o third_party/mbedtls/CMakeFiles/duckdb_mbedtls.dir/library/oid.cpp.o -c /home/pei/Project/duckdb-polr/third_party/mbedtls/library/oid.cpp
[342/376] /usr/bin/ccache /usr/lib/ccache/c++ -DDUCKDB_BUILD_LIBRARY -DENABLE_CROSS_PRODUCT_REWRITE=0 -DENABLE_DEBUG_PRINT=0 -DENABLE_MEASURE_EXE_TIME=0 -DENABLE_MERGE_BACK_PLAN=0 -DENABLE_PARALLEL_EXECUTION=0 -DENABLE_QUERY_SPLIT=1 -DENABLE_SPECIFY_EST_STAT=0 -I/home/pei/Project/duckdb-polr/src/include -I/home/pei/Project/duckdb-polr/third_party/fsst -I/home/pei/Project/duckdb-polr/third_party/fmt/include -I/home/pei/Project/duckdb-polr/third_party/hyperloglog -I/home/pei/Project/duckdb-polr/third_party/fastpforlib -I/home/pei/Project/duckdb-polr/third_party/fast_float -I/home/pei/Project/duckdb-polr/third_party/re2 -I/home/pei/Project/duckdb-polr/third_party/miniz -I/home/pei/Project/duckdb-polr/third_party/utf8proc/include -I/home/pei/Project/duckdb-polr/third_party/miniparquet -I/home/pei/Project/duckdb-polr/third_party/concurrentqueue -I/home/pei/Project/duckdb-polr/third_party/pcg -I/home/pei/Project/duckdb-polr/third_party/tdigest -I/home/pei/Project/duckdb-polr/third_party/mbedtls/include -I/home/pei/Project/duckdb-polr/third_party/jaro_winkler -O3 -DNDEBUG -O3 -DNDEBUG   -fPIC -fvisibility=hidden -fdiagnostics-color=always -std=c++11 -MD -MT third_party/mbedtls/CMakeFiles/duckdb_mbedtls.dir/library/platform_util.cpp.o -MF third_party/mbedtls/CMakeFiles/duckdb_mbedtls.dir/library/platform_util.cpp.o.d -o third_party/mbedtls/CMakeFiles/duckdb_mbedtls.dir/library/platform_util.cpp.o -c /home/pei/Project/duckdb-polr/third_party/mbedtls/library/platform_util.cpp
[343/376] /usr/bin/ccache /usr/lib/ccache/c++ -DDUCKDB_BUILD_LIBRARY -DENABLE_CROSS_PRODUCT_REWRITE=0 -DENABLE_DEBUG_PRINT=0 -DENABLE_MEASURE_EXE_TIME=0 -DENABLE_MERGE_BACK_PLAN=0 -DENABLE_PARALLEL_EXECUTION=0 -DENABLE_QUERY_SPLIT=1 -DENABLE_SPECIFY_EST_STAT=0 -I/home/pei/Project/duckdb-polr/src/include -I/home/pei/Project/duckdb-polr/third_party/fsst -I/home/pei/Project/duckdb-polr/third_party/fmt/include -I/home/pei/Project/duckdb-polr/third_party/hyperloglog -I/home/pei/Project/duckdb-polr/third_party/fastpforlib -I/home/pei/Project/duckdb-polr/third_party/fast_float -I/home/pei/Project/duckdb-polr/third_party/re2 -I/home/pei/Project/duckdb-polr/third_party/miniz -I/home/pei/Project/duckdb-polr/third_party/utf8proc/include -I/home/pei/Project/duckdb-polr/third_party/miniparquet -I/home/pei/Project/duckdb-polr/third_party/concurrentqueue -I/home/pei/Project/duckdb-polr/third_party/pcg -I/home/pei/Project/duckdb-polr/third_party/tdigest -I/home/pei/Project/duckdb-polr/third_party/mbedtls/include -I/home/pei/Project/duckdb-polr/third_party/jaro_winkler -O3 -DNDEBUG -O3 -DNDEBUG   -fPIC -fvisibility=hidden -fdiagnostics-color=always -std=c++11 -MD -MT third_party/mbedtls/CMakeFiles/duckdb_mbedtls.dir/library/base64.cpp.o -MF third_party/mbedtls/CMakeFiles/duckdb_mbedtls.dir/library/base64.cpp.o.d -o third_party/mbedtls/CMakeFiles/duckdb_mbedtls.dir/library/base64.cpp.o -c /home/pei/Project/duckdb-polr/third_party/mbedtls/library/base64.cpp
[344/376] /usr/bin/ccache /usr/lib/ccache/c++ -DDUCKDB_BUILD_LIBRARY -DENABLE_CROSS_PRODUCT_REWRITE=0 -DENABLE_DEBUG_PRINT=0 -DENABLE_MEASURE_EXE_TIME=0 -DENABLE_MERGE_BACK_PLAN=0 -DENABLE_PARALLEL_EXECUTION=0 -DENABLE_QUERY_SPLIT=1 -DENABLE_SPECIFY_EST_STAT=0 -I/home/pei/Project/duckdb-polr/src/include -I/home/pei/Project/duckdb-polr/third_party/fsst -I/home/pei/Project/duckdb-polr/third_party/fmt/include -I/home/pei/Project/duckdb-polr/third_party/hyperloglog -I/home/pei/Project/duckdb-polr/third_party/fastpforlib -I/home/pei/Project/duckdb-polr/third_party/fast_float -I/home/pei/Project/duckdb-polr/third_party/re2 -I/home/pei/Project/duckdb-polr/third_party/miniz -I/home/pei/Project/duckdb-polr/third_party/utf8proc/include -I/home/pei/Project/duckdb-polr/third_party/miniparquet -I/home/pei/Project/duckdb-polr/third_party/concurrentqueue -I/home/pei/Project/duckdb-polr/third_party/pcg -I/home/pei/Project/duckdb-polr/third_party/tdigest -I/home/pei/Project/duckdb-polr/third_party/mbedtls/include -I/home/pei/Project/duckdb-polr/third_party/jaro_winkler -O3 -DNDEBUG -O3 -DNDEBUG   -fPIC -fvisibility=hidden -fdiagnostics-color=always -std=c++11 -MD -MT third_party/mbedtls/CMakeFiles/duckdb_mbedtls.dir/library/pk.cpp.o -MF third_party/mbedtls/CMakeFiles/duckdb_mbedtls.dir/library/pk.cpp.o.d -o third_party/mbedtls/CMakeFiles/duckdb_mbedtls.dir/library/pk.cpp.o -c /home/pei/Project/duckdb-polr/third_party/mbedtls/library/pk.cpp
[345/376] /usr/bin/ccache /usr/lib/ccache/c++ -DDUCKDB_BUILD_LIBRARY -DENABLE_CROSS_PRODUCT_REWRITE=0 -DENABLE_DEBUG_PRINT=0 -DENABLE_MEASURE_EXE_TIME=0 -DENABLE_MERGE_BACK_PLAN=0 -DENABLE_PARALLEL_EXECUTION=0 -DENABLE_QUERY_SPLIT=1 -DENABLE_SPECIFY_EST_STAT=0 -I/home/pei/Project/duckdb-polr/src/include -I/home/pei/Project/duckdb-polr/third_party/fsst -I/home/pei/Project/duckdb-polr/third_party/fmt/include -I/home/pei/Project/duckdb-polr/third_party/hyperloglog -I/home/pei/Project/duckdb-polr/third_party/fastpforlib -I/home/pei/Project/duckdb-polr/third_party/fast_float -I/home/pei/Project/duckdb-polr/third_party/re2 -I/home/pei/Project/duckdb-polr/third_party/miniz -I/home/pei/Project/duckdb-polr/third_party/utf8proc/include -I/home/pei/Project/duckdb-polr/third_party/miniparquet -I/home/pei/Project/duckdb-polr/third_party/concurrentqueue -I/home/pei/Project/duckdb-polr/third_party/pcg -I/home/pei/Project/duckdb-polr/third_party/tdigest -I/home/pei/Project/duckdb-polr/third_party/mbedtls/include -I/home/pei/Project/duckdb-polr/third_party/jaro_winkler -O3 -DNDEBUG -O3 -DNDEBUG   -fPIC -fvisibility=hidden -fdiagnostics-color=always -std=c++11 -MD -MT third_party/mbedtls/CMakeFiles/duckdb_mbedtls.dir/library/pkparse.cpp.o -MF third_party/mbedtls/CMakeFiles/duckdb_mbedtls.dir/library/pkparse.cpp.o.d -o third_party/mbedtls/CMakeFiles/duckdb_mbedtls.dir/library/pkparse.cpp.o -c /home/pei/Project/duckdb-polr/third_party/mbedtls/library/pkparse.cpp
[346/376] /usr/bin/ccache /usr/lib/ccache/c++ -DDUCKDB_BUILD_LIBRARY -DENABLE_CROSS_PRODUCT_REWRITE=0 -DENABLE_DEBUG_PRINT=0 -DENABLE_MEASURE_EXE_TIME=0 -DENABLE_MERGE_BACK_PLAN=0 -DENABLE_PARALLEL_EXECUTION=0 -DENABLE_QUERY_SPLIT=1 -DENABLE_SPECIFY_EST_STAT=0 -I/home/pei/Project/duckdb-polr/src/include -I/home/pei/Project/duckdb-polr/third_party/fsst -I/home/pei/Project/duckdb-polr/third_party/fmt/include -I/home/pei/Project/duckdb-polr/third_party/hyperloglog -I/home/pei/Project/duckdb-polr/third_party/fastpforlib -I/home/pei/Project/duckdb-polr/third_party/fast_float -I/home/pei/Project/duckdb-polr/third_party/re2 -I/home/pei/Project/duckdb-polr/third_party/miniz -I/home/pei/Project/duckdb-polr/third_party/utf8proc/include -I/home/pei/Project/duckdb-polr/third_party/miniparquet -I/home/pei/Project/duckdb-polr/third_party/concurrentqueue -I/home/pei/Project/duckdb-polr/third_party/pcg -I/home/pei/Project/duckdb-polr/third_party/tdigest -I/home/pei/Project/duckdb-polr/third_party/mbedtls/include -I/home/pei/Project/duckdb-polr/third_party/jaro_winkler -O3 -DNDEBUG -O3 -DNDEBUG   -fPIC -fvisibility=hidden -fdiagnostics-color=always -std=c++11 -MD -MT third_party/mbedtls/CMakeFiles/duckdb_mbedtls.dir/library/pk_wrap.cpp.o -MF third_party/mbedtls/CMakeFiles/duckdb_mbedtls.dir/library/pk_wrap.cpp.o.d -o third_party/mbedtls/CMakeFiles/duckdb_mbedtls.dir/library/pk_wrap.cpp.o -c /home/pei/Project/duckdb-polr/third_party/mbedtls/library/pk_wrap.cpp
[347/376] /usr/bin/ccache /usr/lib/ccache/c++ -DDUCKDB_BUILD_LIBRARY -DENABLE_CROSS_PRODUCT_REWRITE=0 -DENABLE_DEBUG_PRINT=0 -DENABLE_MEASURE_EXE_TIME=0 -DENABLE_MERGE_BACK_PLAN=0 -DENABLE_PARALLEL_EXECUTION=0 -DENABLE_QUERY_SPLIT=1 -DENABLE_SPECIFY_EST_STAT=0 -I/home/pei/Project/duckdb-polr/src/include -I/home/pei/Project/duckdb-polr/third_party/fsst -I/home/pei/Project/duckdb-polr/third_party/fmt/include -I/home/pei/Project/duckdb-polr/third_party/hyperloglog -I/home/pei/Project/duckdb-polr/third_party/fastpforlib -I/home/pei/Project/duckdb-polr/third_party/fast_float -I/home/pei/Project/duckdb-polr/third_party/re2 -I/home/pei/Project/duckdb-polr/third_party/miniz -I/home/pei/Project/duckdb-polr/third_party/utf8proc/include -I/home/pei/Project/duckdb-polr/third_party/miniparquet -I/home/pei/Project/duckdb-polr/third_party/concurrentqueue -I/home/pei/Project/duckdb-polr/third_party/pcg -I/home/pei/Project/duckdb-polr/third_party/tdigest -I/home/pei/Project/duckdb-polr/third_party/mbedtls/include -I/home/pei/Project/duckdb-polr/third_party/jaro_winkler -O3 -DNDEBUG -O3 -DNDEBUG   -fPIC -fvisibility=hidden -fdiagnostics-color=always -std=c++11 -MD -MT third_party/mbedtls/CMakeFiles/duckdb_mbedtls.dir/library/asn1parse.cpp.o -MF third_party/mbedtls/CMakeFiles/duckdb_mbedtls.dir/library/asn1parse.cpp.o.d -o third_party/mbedtls/CMakeFiles/duckdb_mbedtls.dir/library/asn1parse.cpp.o -c /home/pei/Project/duckdb-polr/third_party/mbedtls/library/asn1parse.cpp
[348/376] : && /usr/bin/cmake -E rm -f third_party/hyperloglog/libduckdb_hyperloglog.a && /usr/bin/ar qc third_party/hyperloglog/libduckdb_hyperloglog.a  third_party/hyperloglog/CMakeFiles/duckdb_hyperloglog.dir/hyperloglog.cpp.o third_party/hyperloglog/CMakeFiles/duckdb_hyperloglog.dir/sds.cpp.o && /usr/bin/ranlib third_party/hyperloglog/libduckdb_hyperloglog.a && :
[349/376] /usr/bin/ccache /usr/lib/ccache/c++ -DDUCKDB_BUILD_LIBRARY -DENABLE_CROSS_PRODUCT_REWRITE=0 -DENABLE_DEBUG_PRINT=0 -DENABLE_MEASURE_EXE_TIME=0 -DENABLE_MERGE_BACK_PLAN=0 -DENABLE_PARALLEL_EXECUTION=0 -DENABLE_QUERY_SPLIT=1 -DENABLE_SPECIFY_EST_STAT=0 -I/home/pei/Project/duckdb-polr/src/include -I/home/pei/Project/duckdb-polr/third_party/fsst -I/home/pei/Project/duckdb-polr/third_party/fmt/include -I/home/pei/Project/duckdb-polr/third_party/hyperloglog -I/home/pei/Project/duckdb-polr/third_party/fastpforlib -I/home/pei/Project/duckdb-polr/third_party/fast_float -I/home/pei/Project/duckdb-polr/third_party/re2 -I/home/pei/Project/duckdb-polr/third_party/miniz -I/home/pei/Project/duckdb-polr/third_party/utf8proc/include -I/home/pei/Project/duckdb-polr/third_party/miniparquet -I/home/pei/Project/duckdb-polr/third_party/concurrentqueue -I/home/pei/Project/duckdb-polr/third_party/pcg -I/home/pei/Project/duckdb-polr/third_party/tdigest -I/home/pei/Project/duckdb-polr/third_party/mbedtls/include -I/home/pei/Project/duckdb-polr/third_party/jaro_winkler -O3 -DNDEBUG -O3 -DNDEBUG   -fPIC -fvisibility=hidden -fdiagnostics-color=always -std=c++11 -MD -MT third_party/mbedtls/CMakeFiles/duckdb_mbedtls.dir/library/pem.cpp.o -MF third_party/mbedtls/CMakeFiles/duckdb_mbedtls.dir/library/pem.cpp.o.d -o third_party/mbedtls/CMakeFiles/duckdb_mbedtls.dir/library/pem.cpp.o -c /home/pei/Project/duckdb-polr/third_party/mbedtls/library/pem.cpp
[350/376] /usr/bin/ccache /usr/lib/ccache/c++ -DDUCKDB_BUILD_LIBRARY -DENABLE_CROSS_PRODUCT_REWRITE=0 -DENABLE_DEBUG_PRINT=0 -DENABLE_MEASURE_EXE_TIME=0 -DENABLE_MERGE_BACK_PLAN=0 -DENABLE_PARALLEL_EXECUTION=0 -DENABLE_QUERY_SPLIT=1 -DENABLE_SPECIFY_EST_STAT=0 -I/home/pei/Project/duckdb-polr/src/include -I/home/pei/Project/duckdb-polr/third_party/fsst -I/home/pei/Project/duckdb-polr/third_party/fmt/include -I/home/pei/Project/duckdb-polr/third_party/hyperloglog -I/home/pei/Project/duckdb-polr/third_party/fastpforlib -I/home/pei/Project/duckdb-polr/third_party/fast_float -I/home/pei/Project/duckdb-polr/third_party/re2 -I/home/pei/Project/duckdb-polr/third_party/miniz -I/home/pei/Project/duckdb-polr/third_party/utf8proc/include -I/home/pei/Project/duckdb-polr/third_party/miniparquet -I/home/pei/Project/duckdb-polr/third_party/concurrentqueue -I/home/pei/Project/duckdb-polr/third_party/pcg -I/home/pei/Project/duckdb-polr/third_party/tdigest -I/home/pei/Project/duckdb-polr/third_party/mbedtls/include -I/home/pei/Project/duckdb-polr/third_party/jaro_winkler -I/home/pei/Project/duckdb-polr/third_party/libpg_query/include -O3 -DNDEBUG -O3 -DNDEBUG   -fPIC -fvisibility=hidden -fdiagnostics-color=always -w -std=c++11 -MD -MT third_party/libpg_query/CMakeFiles/duckdb_pg_query.dir/src_common_keywords.cpp.o -MF third_party/libpg_query/CMakeFiles/duckdb_pg_query.dir/src_common_keywords.cpp.o.d -o third_party/libpg_query/CMakeFiles/duckdb_pg_query.dir/src_common_keywords.cpp.o -c /home/pei/Project/duckdb-polr/third_party/libpg_query/src_common_keywords.cpp
[351/376] : && /usr/bin/cmake -E rm -f third_party/utf8proc/libduckdb_utf8proc.a && /usr/bin/ar qc third_party/utf8proc/libduckdb_utf8proc.a  third_party/utf8proc/CMakeFiles/duckdb_utf8proc.dir/utf8proc.cpp.o third_party/utf8proc/CMakeFiles/duckdb_utf8proc.dir/utf8proc_wrapper.cpp.o && /usr/bin/ranlib third_party/utf8proc/libduckdb_utf8proc.a && :
[352/376] /usr/bin/ccache /usr/lib/ccache/c++ -DDUCKDB_BUILD_LIBRARY -DENABLE_CROSS_PRODUCT_REWRITE=0 -DENABLE_DEBUG_PRINT=0 -DENABLE_MEASURE_EXE_TIME=0 -DENABLE_MERGE_BACK_PLAN=0 -DENABLE_PARALLEL_EXECUTION=0 -DENABLE_QUERY_SPLIT=1 -DENABLE_SPECIFY_EST_STAT=0 -I/home/pei/Project/duckdb-polr/src/include -I/home/pei/Project/duckdb-polr/third_party/fsst -I/home/pei/Project/duckdb-polr/third_party/fmt/include -I/home/pei/Project/duckdb-polr/third_party/hyperloglog -I/home/pei/Project/duckdb-polr/third_party/fastpforlib -I/home/pei/Project/duckdb-polr/third_party/fast_float -I/home/pei/Project/duckdb-polr/third_party/re2 -I/home/pei/Project/duckdb-polr/third_party/miniz -I/home/pei/Project/duckdb-polr/third_party/utf8proc/include -I/home/pei/Project/duckdb-polr/third_party/miniparquet -I/home/pei/Project/duckdb-polr/third_party/concurrentqueue -I/home/pei/Project/duckdb-polr/third_party/pcg -I/home/pei/Project/duckdb-polr/third_party/tdigest -I/home/pei/Project/duckdb-polr/third_party/mbedtls/include -I/home/pei/Project/duckdb-polr/third_party/jaro_winkler -O3 -DNDEBUG -O3 -DNDEBUG   -fPIC -fvisibility=hidden -fdiagnostics-color=always -w -std=c++11 -MD -MT third_party/fsst/CMakeFiles/duckdb_fsst.dir/libfsst.cpp.o -MF third_party/fsst/CMakeFiles/duckdb_fsst.dir/libfsst.cpp.o.d -o third_party/fsst/CMakeFiles/duckdb_fsst.dir/libfsst.cpp.o -c /home/pei/Project/duckdb-polr/third_party/fsst/libfsst.cpp
[353/376] /usr/bin/ccache /usr/lib/ccache/c++ -DDUCKDB_BUILD_LIBRARY -DENABLE_CROSS_PRODUCT_REWRITE=0 -DENABLE_DEBUG_PRINT=0 -DENABLE_MEASURE_EXE_TIME=0 -DENABLE_MERGE_BACK_PLAN=0 -DENABLE_PARALLEL_EXECUTION=0 -DENABLE_QUERY_SPLIT=1 -DENABLE_SPECIFY_EST_STAT=0 -I/home/pei/Project/duckdb-polr/src/include -I/home/pei/Project/duckdb-polr/third_party/fsst -I/home/pei/Project/duckdb-polr/third_party/fmt/include -I/home/pei/Project/duckdb-polr/third_party/hyperloglog -I/home/pei/Project/duckdb-polr/third_party/fastpforlib -I/home/pei/Project/duckdb-polr/third_party/fast_float -I/home/pei/Project/duckdb-polr/third_party/re2 -I/home/pei/Project/duckdb-polr/third_party/miniz -I/home/pei/Project/duckdb-polr/third_party/utf8proc/include -I/home/pei/Project/duckdb-polr/third_party/miniparquet -I/home/pei/Project/duckdb-polr/third_party/concurrentqueue -I/home/pei/Project/duckdb-polr/third_party/pcg -I/home/pei/Project/duckdb-polr/third_party/tdigest -I/home/pei/Project/duckdb-polr/third_party/mbedtls/include -I/home/pei/Project/duckdb-polr/third_party/jaro_winkler -O3 -DNDEBUG -O3 -DNDEBUG   -fPIC -fvisibility=hidden -fdiagnostics-color=always -w -std=c++11 -O1 -MD -MT third_party/fsst/CMakeFiles/duckdb_fsst.dir/fsst_avx512.cpp.o -MF third_party/fsst/CMakeFiles/duckdb_fsst.dir/fsst_avx512.cpp.o.d -o third_party/fsst/CMakeFiles/duckdb_fsst.dir/fsst_avx512.cpp.o -c /home/pei/Project/duckdb-polr/third_party/fsst/fsst_avx512.cpp
[354/376] /usr/bin/ccache /usr/lib/ccache/c++ -DDUCKDB_BUILD_LIBRARY -DENABLE_CROSS_PRODUCT_REWRITE=0 -DENABLE_DEBUG_PRINT=0 -DENABLE_MEASURE_EXE_TIME=0 -DENABLE_MERGE_BACK_PLAN=0 -DENABLE_PARALLEL_EXECUTION=0 -DENABLE_QUERY_SPLIT=1 -DENABLE_SPECIFY_EST_STAT=0 -I/home/pei/Project/duckdb-polr/src/include -I/home/pei/Project/duckdb-polr/third_party/fsst -I/home/pei/Project/duckdb-polr/third_party/fmt/include -I/home/pei/Project/duckdb-polr/third_party/hyperloglog -I/home/pei/Project/duckdb-polr/third_party/fastpforlib -I/home/pei/Project/duckdb-polr/third_party/fast_float -I/home/pei/Project/duckdb-polr/third_party/re2 -I/home/pei/Project/duckdb-polr/third_party/miniz -I/home/pei/Project/duckdb-polr/third_party/utf8proc/include -I/home/pei/Project/duckdb-polr/third_party/miniparquet -I/home/pei/Project/duckdb-polr/third_party/concurrentqueue -I/home/pei/Project/duckdb-polr/third_party/pcg -I/home/pei/Project/duckdb-polr/third_party/tdigest -I/home/pei/Project/duckdb-polr/third_party/mbedtls/include -I/home/pei/Project/duckdb-polr/third_party/jaro_winkler -I/home/pei/Project/duckdb-polr/third_party/imdb/include -O3 -DNDEBUG -O3 -DNDEBUG   -fPIC -fdiagnostics-color=always -w -std=c++11 -MD -MT third_party/imdb/CMakeFiles/imdb.dir/imdb.cpp.o -MF third_party/imdb/CMakeFiles/imdb.dir/imdb.cpp.o.d -o third_party/imdb/CMakeFiles/imdb.dir/imdb.cpp.o -c /home/pei/Project/duckdb-polr/third_party/imdb/imdb.cpp
[355/376] /usr/bin/ccache /usr/lib/ccache/cc -DDUCKDB_BUILD_LIBRARY -DENABLE_CROSS_PRODUCT_REWRITE=0 -DENABLE_DEBUG_PRINT=0 -DENABLE_MEASURE_EXE_TIME=0 -DENABLE_MERGE_BACK_PLAN=0 -DENABLE_PARALLEL_EXECUTION=0 -DENABLE_QUERY_SPLIT=1 -DENABLE_SPECIFY_EST_STAT=0 -I/home/pei/Project/duckdb-polr/src/include -I/home/pei/Project/duckdb-polr/third_party/fsst -I/home/pei/Project/duckdb-polr/third_party/fmt/include -I/home/pei/Project/duckdb-polr/third_party/hyperloglog -I/home/pei/Project/duckdb-polr/third_party/fastpforlib -I/home/pei/Project/duckdb-polr/third_party/fast_float -I/home/pei/Project/duckdb-polr/third_party/re2 -I/home/pei/Project/duckdb-polr/third_party/miniz -I/home/pei/Project/duckdb-polr/third_party/utf8proc/include -I/home/pei/Project/duckdb-polr/third_party/miniparquet -I/home/pei/Project/duckdb-polr/third_party/concurrentqueue -I/home/pei/Project/duckdb-polr/third_party/pcg -I/home/pei/Project/duckdb-polr/third_party/tdigest -I/home/pei/Project/duckdb-polr/third_party/mbedtls/include -I/home/pei/Project/duckdb-polr/third_party/jaro_winkler -I/home/pei/Project/duckdb-polr/third_party/sqlite/include -O3 -DNDEBUG -O3 -DNDEBUG   -fPIC -fvisibility=hidden -fdiagnostics-color=always -MD -MT third_party/sqlite/CMakeFiles/duckdb_sqlite3.dir/sqlite3.c.o -MF third_party/sqlite/CMakeFiles/duckdb_sqlite3.dir/sqlite3.c.o.d -o third_party/sqlite/CMakeFiles/duckdb_sqlite3.dir/sqlite3.c.o -c /home/pei/Project/duckdb-polr/third_party/sqlite/sqlite3.c
[356/376] : && /usr/bin/cmake -E rm -f third_party/re2/libduckdb_re2.a && /usr/bin/ar qc third_party/re2/libduckdb_re2.a  third_party/re2/CMakeFiles/duckdb_re2.dir/re2/bitstate.cc.o third_party/re2/CMakeFiles/duckdb_re2.dir/re2/compile.cc.o third_party/re2/CMakeFiles/duckdb_re2.dir/re2/dfa.cc.o third_party/re2/CMakeFiles/duckdb_re2.dir/re2/filtered_re2.cc.o third_party/re2/CMakeFiles/duckdb_re2.dir/re2/mimics_pcre.cc.o third_party/re2/CMakeFiles/duckdb_re2.dir/re2/nfa.cc.o third_party/re2/CMakeFiles/duckdb_re2.dir/re2/onepass.cc.o third_party/re2/CMakeFiles/duckdb_re2.dir/re2/parse.cc.o third_party/re2/CMakeFiles/duckdb_re2.dir/re2/perl_groups.cc.o third_party/re2/CMakeFiles/duckdb_re2.dir/re2/prefilter.cc.o third_party/re2/CMakeFiles/duckdb_re2.dir/re2/prefilter_tree.cc.o third_party/re2/CMakeFiles/duckdb_re2.dir/re2/prog.cc.o third_party/re2/CMakeFiles/duckdb_re2.dir/re2/re2.cc.o third_party/re2/CMakeFiles/duckdb_re2.dir/re2/regexp.cc.o third_party/re2/CMakeFiles/duckdb_re2.dir/re2/set.cc.o third_party/re2/CMakeFiles/duckdb_re2.dir/re2/simplify.cc.o third_party/re2/CMakeFiles/duckdb_re2.dir/re2/stringpiece.cc.o third_party/re2/CMakeFiles/duckdb_re2.dir/re2/tostring.cc.o third_party/re2/CMakeFiles/duckdb_re2.dir/re2/unicode_casefold.cc.o third_party/re2/CMakeFiles/duckdb_re2.dir/re2/unicode_groups.cc.o third_party/re2/CMakeFiles/duckdb_re2.dir/util/rune.cc.o third_party/re2/CMakeFiles/duckdb_re2.dir/util/strutil.cc.o && /usr/bin/ranlib third_party/re2/libduckdb_re2.a && :
[357/376] /usr/bin/ccache /usr/lib/ccache/c++ -DDUCKDB_BUILD_LIBRARY -DENABLE_CROSS_PRODUCT_REWRITE=0 -DENABLE_DEBUG_PRINT=0 -DENABLE_MEASURE_EXE_TIME=0 -DENABLE_MERGE_BACK_PLAN=0 -DENABLE_PARALLEL_EXECUTION=0 -DENABLE_QUERY_SPLIT=1 -DENABLE_SPECIFY_EST_STAT=0 -I/home/pei/Project/duckdb-polr/src/include -I/home/pei/Project/duckdb-polr/third_party/fsst -I/home/pei/Project/duckdb-polr/third_party/fmt/include -I/home/pei/Project/duckdb-polr/third_party/hyperloglog -I/home/pei/Project/duckdb-polr/third_party/fastpforlib -I/home/pei/Project/duckdb-polr/third_party/fast_float -I/home/pei/Project/duckdb-polr/third_party/re2 -I/home/pei/Project/duckdb-polr/third_party/miniz -I/home/pei/Project/duckdb-polr/third_party/utf8proc/include -I/home/pei/Project/duckdb-polr/third_party/miniparquet -I/home/pei/Project/duckdb-polr/third_party/concurrentqueue -I/home/pei/Project/duckdb-polr/third_party/pcg -I/home/pei/Project/duckdb-polr/third_party/tdigest -I/home/pei/Project/duckdb-polr/third_party/mbedtls/include -I/home/pei/Project/duckdb-polr/third_party/jaro_winkler -I/home/pei/Project/duckdb-polr/third_party/libpg_query/include -O3 -DNDEBUG -O3 -DNDEBUG   -fPIC -fvisibility=hidden -fdiagnostics-color=always -w -std=c++11 -MD -MT third_party/libpg_query/CMakeFiles/duckdb_pg_query.dir/src_backend_parser_gram.cpp.o -MF third_party/libpg_query/CMakeFiles/duckdb_pg_query.dir/src_backend_parser_gram.cpp.o.d -o third_party/libpg_query/CMakeFiles/duckdb_pg_query.dir/src_backend_parser_gram.cpp.o -c /home/pei/Project/duckdb-polr/third_party/libpg_query/src_backend_parser_gram.cpp
[358/376] : && /usr/bin/cmake -E rm -f third_party/fsst/libduckdb_fsst.a && /usr/bin/ar qc third_party/fsst/libduckdb_fsst.a  third_party/fsst/CMakeFiles/duckdb_fsst.dir/libfsst.cpp.o third_party/fsst/CMakeFiles/duckdb_fsst.dir/fsst_avx512.cpp.o && /usr/bin/ranlib third_party/fsst/libduckdb_fsst.a && :
[359/376] : && /usr/bin/cmake -E rm -f third_party/mbedtls/libduckdb_mbedtls.a && /usr/bin/ar qc third_party/mbedtls/libduckdb_mbedtls.a  third_party/mbedtls/CMakeFiles/duckdb_mbedtls.dir/mbedtls_wrapper.cpp.o third_party/mbedtls/CMakeFiles/duckdb_mbedtls.dir/library/sha256.cpp.o third_party/mbedtls/CMakeFiles/duckdb_mbedtls.dir/library/rsa.cpp.o third_party/mbedtls/CMakeFiles/duckdb_mbedtls.dir/library/rsa_alt_helpers.cpp.o third_party/mbedtls/CMakeFiles/duckdb_mbedtls.dir/library/md.cpp.o third_party/mbedtls/CMakeFiles/duckdb_mbedtls.dir/library/bignum.cpp.o third_party/mbedtls/CMakeFiles/duckdb_mbedtls.dir/library/oid.cpp.o third_party/mbedtls/CMakeFiles/duckdb_mbedtls.dir/library/constant_time.cpp.o third_party/mbedtls/CMakeFiles/duckdb_mbedtls.dir/library/platform_util.cpp.o third_party/mbedtls/CMakeFiles/duckdb_mbedtls.dir/library/base64.cpp.o third_party/mbedtls/CMakeFiles/duckdb_mbedtls.dir/library/pkparse.cpp.o third_party/mbedtls/CMakeFiles/duckdb_mbedtls.dir/library/pk.cpp.o third_party/mbedtls/CMakeFiles/duckdb_mbedtls.dir/library/pk_wrap.cpp.o third_party/mbedtls/CMakeFiles/duckdb_mbedtls.dir/library/asn1parse.cpp.o third_party/mbedtls/CMakeFiles/duckdb_mbedtls.dir/library/pem.cpp.o && /usr/bin/ranlib third_party/mbedtls/libduckdb_mbedtls.a && :
[360/376] : && /usr/bin/cmake -E rm -f extension/jemalloc/libjemalloc_extension.a && /usr/bin/ar qc extension/jemalloc/libjemalloc_extension.a  extension/jemalloc/jemalloc/CMakeFiles/jemalloc.dir/src/arena.cpp.o extension/jemalloc/jemalloc/CMakeFiles/jemalloc.dir/src/background_thread.cpp.o extension/jemalloc/jemalloc/CMakeFiles/jemalloc.dir/src/base.cpp.o extension/jemalloc/jemalloc/CMakeFiles/jemalloc.dir/src/bin.cpp.o extension/jemalloc/jemalloc/CMakeFiles/jemalloc.dir/src/bin_info.cpp.o extension/jemalloc/jemalloc/CMakeFiles/jemalloc.dir/src/bitmap.cpp.o extension/jemalloc/jemalloc/CMakeFiles/jemalloc.dir/src/buf_writer.cpp.o extension/jemalloc/jemalloc/CMakeFiles/jemalloc.dir/src/cache_bin.cpp.o extension/jemalloc/jemalloc/CMakeFiles/jemalloc.dir/src/ckh.cpp.o extension/jemalloc/jemalloc/CMakeFiles/jemalloc.dir/src/counter.cpp.o extension/jemalloc/jemalloc/CMakeFiles/jemalloc.dir/src/ctl.cpp.o extension/jemalloc/jemalloc/CMakeFiles/jemalloc.dir/src/decay.cpp.o extension/jemalloc/jemalloc/CMakeFiles/jemalloc.dir/src/div.cpp.o extension/jemalloc/jemalloc/CMakeFiles/jemalloc.dir/src/ecache.cpp.o extension/jemalloc/jemalloc/CMakeFiles/jemalloc.dir/src/edata.cpp.o extension/jemalloc/jemalloc/CMakeFiles/jemalloc.dir/src/edata_cache.cpp.o extension/jemalloc/jemalloc/CMakeFiles/jemalloc.dir/src/ehooks.cpp.o extension/jemalloc/jemalloc/CMakeFiles/jemalloc.dir/src/emap.cpp.o extension/jemalloc/jemalloc/CMakeFiles/jemalloc.dir/src/eset.cpp.o extension/jemalloc/jemalloc/CMakeFiles/jemalloc.dir/src/exp_grow.cpp.o extension/jemalloc/jemalloc/CMakeFiles/jemalloc.dir/src/extent.cpp.o extension/jemalloc/jemalloc/CMakeFiles/jemalloc.dir/src/extent_dss.cpp.o extension/jemalloc/jemalloc/CMakeFiles/jemalloc.dir/src/extent_mmap.cpp.o extension/jemalloc/jemalloc/CMakeFiles/jemalloc.dir/src/fxp.cpp.o extension/jemalloc/jemalloc/CMakeFiles/jemalloc.dir/src/hook.cpp.o extension/jemalloc/jemalloc/CMakeFiles/jemalloc.dir/src/hpa.cpp.o extension/jemalloc/jemalloc/CMakeFiles/jemalloc.dir/src/hpa_hooks.cpp.o extension/jemalloc/jemalloc/CMakeFiles/jemalloc.dir/src/hpdata.cpp.o extension/jemalloc/jemalloc/CMakeFiles/jemalloc.dir/src/inspect.cpp.o extension/jemalloc/jemalloc/CMakeFiles/jemalloc.dir/src/jemalloc.cpp.o extension/jemalloc/jemalloc/CMakeFiles/jemalloc.dir/src/large.cpp.o extension/jemalloc/jemalloc/CMakeFiles/jemalloc.dir/src/log.cpp.o extension/jemalloc/jemalloc/CMakeFiles/jemalloc.dir/src/malloc_io.cpp.o extension/jemalloc/jemalloc/CMakeFiles/jemalloc.dir/src/mutex.cpp.o extension/jemalloc/jemalloc/CMakeFiles/jemalloc.dir/src/nstime.cpp.o extension/jemalloc/jemalloc/CMakeFiles/jemalloc.dir/src/pa.cpp.o extension/jemalloc/jemalloc/CMakeFiles/jemalloc.dir/src/pa_extra.cpp.o extension/jemalloc/jemalloc/CMakeFiles/jemalloc.dir/src/pac.cpp.o extension/jemalloc/jemalloc/CMakeFiles/jemalloc.dir/src/pages.cpp.o extension/jemalloc/jemalloc/CMakeFiles/jemalloc.dir/src/pai.cpp.o extension/jemalloc/jemalloc/CMakeFiles/jemalloc.dir/src/peak_event.cpp.o extension/jemalloc/jemalloc/CMakeFiles/jemalloc.dir/src/prof.cpp.o extension/jemalloc/jemalloc/CMakeFiles/jemalloc.dir/src/prof_data.cpp.o extension/jemalloc/jemalloc/CMakeFiles/jemalloc.dir/src/prof_log.cpp.o extension/jemalloc/jemalloc/CMakeFiles/jemalloc.dir/src/prof_recent.cpp.o extension/jemalloc/jemalloc/CMakeFiles/jemalloc.dir/src/prof_stats.cpp.o extension/jemalloc/jemalloc/CMakeFiles/jemalloc.dir/src/prof_sys.cpp.o extension/jemalloc/jemalloc/CMakeFiles/jemalloc.dir/src/psset.cpp.o extension/jemalloc/jemalloc/CMakeFiles/jemalloc.dir/src/rtree.cpp.o extension/jemalloc/jemalloc/CMakeFiles/jemalloc.dir/src/safety_check.cpp.o extension/jemalloc/jemalloc/CMakeFiles/jemalloc.dir/src/san.cpp.o extension/jemalloc/jemalloc/CMakeFiles/jemalloc.dir/src/san_bump.cpp.o extension/jemalloc/jemalloc/CMakeFiles/jemalloc.dir/src/sc.cpp.o extension/jemalloc/jemalloc/CMakeFiles/jemalloc.dir/src/sec.cpp.o extension/jemalloc/jemalloc/CMakeFiles/jemalloc.dir/src/stats.cpp.o extension/jemalloc/jemalloc/CMakeFiles/jemalloc.dir/src/sz.cpp.o extension/jemalloc/jemalloc/CMakeFiles/jemalloc.dir/src/tcache.cpp.o extension/jemalloc/jemalloc/CMakeFiles/jemalloc.dir/src/test_hooks.cpp.o extension/jemalloc/jemalloc/CMakeFiles/jemalloc.dir/src/thread_event.cpp.o extension/jemalloc/jemalloc/CMakeFiles/jemalloc.dir/src/ticker.cpp.o extension/jemalloc/jemalloc/CMakeFiles/jemalloc.dir/src/tsd.cpp.o extension/jemalloc/jemalloc/CMakeFiles/jemalloc.dir/src/witness.cpp.o extension/jemalloc/CMakeFiles/jemalloc_extension.dir/jemalloc-extension.cpp.o && /usr/bin/ranlib extension/jemalloc/libjemalloc_extension.a && :
[361/376] : && /usr/bin/cmake -E rm -f third_party/imdb/libimdb.a && /usr/bin/ar qc third_party/imdb/libimdb.a  third_party/imdb/CMakeFiles/imdb.dir/imdb.cpp.o && /usr/bin/ranlib third_party/imdb/libimdb.a && :
[362/376] : && /usr/bin/cmake -E rm -f third_party/libpg_query/libduckdb_pg_query.a && /usr/bin/ar qc third_party/libpg_query/libduckdb_pg_query.a  third_party/libpg_query/CMakeFiles/duckdb_pg_query.dir/postgres_parser.cpp.o third_party/libpg_query/CMakeFiles/duckdb_pg_query.dir/pg_functions.cpp.o third_party/libpg_query/CMakeFiles/duckdb_pg_query.dir/src_backend_parser_parser.cpp.o third_party/libpg_query/CMakeFiles/duckdb_pg_query.dir/src_backend_parser_gram.cpp.o third_party/libpg_query/CMakeFiles/duckdb_pg_query.dir/src_backend_nodes_list.cpp.o third_party/libpg_query/CMakeFiles/duckdb_pg_query.dir/src_backend_parser_scansup.cpp.o third_party/libpg_query/CMakeFiles/duckdb_pg_query.dir/src_backend_nodes_makefuncs.cpp.o third_party/libpg_query/CMakeFiles/duckdb_pg_query.dir/src_backend_nodes_value.cpp.o third_party/libpg_query/CMakeFiles/duckdb_pg_query.dir/src_backend_parser_scan.cpp.o third_party/libpg_query/CMakeFiles/duckdb_pg_query.dir/src_common_keywords.cpp.o && /usr/bin/ranlib third_party/libpg_query/libduckdb_pg_query.a && :
[363/376] : && /usr/bin/cmake -E rm -f third_party/sqlite/libduckdb_sqlite3.a && /usr/bin/ar qc third_party/sqlite/libduckdb_sqlite3.a  third_party/sqlite/CMakeFiles/duckdb_sqlite3.dir/sqlite3.c.o && /usr/bin/ranlib third_party/sqlite/libduckdb_sqlite3.a && :
[364/376] : && /usr/bin/cmake -E rm -f third_party/fastpforlib/libduckdb_fastpforlib.a && /usr/bin/ar qc third_party/fastpforlib/libduckdb_fastpforlib.a  third_party/fastpforlib/CMakeFiles/duckdb_fastpforlib.dir/bitpacking.cpp.o && /usr/bin/ranlib third_party/fastpforlib/libduckdb_fastpforlib.a && :
ninja: build stopped: interrupted by user.
make: *** [Makefile:217: release] Interrupt
mkdir -p build/release && \
cd build/release && \
cmake -G "Ninja" -DFORCE_COLORED_OUTPUT=1        -DBUILD_PARQUET_EXTENSION=TRUE -DDEFINE_QUERY_SPLIT=1 -DDEFINE_PARALLEL_EXECUTION=0 -DDEFINE_DEBUG_PRINT=0 -DDEFINE_CROSS_PRODUCT_REWRITE=1 -DDEFINE_MERGE_BACK_PLAN=0 -DDEFINE_SPECIFY_EST_STAT=0 -DDEFINE_MEASURE_EXE_TIME=0 -DCMAKE_BUILD_TYPE=Release ../.. && \
cmake --build . --config Release
Re-run cmake no build system arguments
-- The C compiler identification is GNU 12.2.0
-- The CXX compiler identification is GNU 12.2.0
-- Detecting C compiler ABI info
-- Detecting C compiler ABI info - done
-- Check for working C compiler: /usr/lib/ccache/cc - skipped
-- Detecting C compile features
-- Detecting C compile features - done
-- Detecting CXX compiler ABI info
-- Detecting CXX compiler ABI info - done
-- Check for working CXX compiler: /usr/lib/ccache/c++ - skipped
-- Detecting CXX compile features
-- Detecting CXX compile features - done
-- Performing Test CMAKE_HAVE_LIBC_PTHREAD
-- Performing Test CMAKE_HAVE_LIBC_PTHREAD - Success
-- Found Threads: TRUE  
-- Found Git: /usr/bin/git (found version "2.39.5") 
fatal: No names found, cannot describe anything.
fatal: No names found, cannot describe anything.
-- git hash cd7a58694b, version v..1-dev
-- Configuring done
-- Generating done
-- Build files have been written to: /home/pei/Project/duckdb-polr/build/release
[1/376] /usr/bin/ccache /usr/lib/ccache/c++ -DDUCKDB -DDUCKDB_BUILD_LIBRARY -DDUCKDB_MAIN_LIBRARY -DENABLE_CROSS_PRODUCT_REWRITE=1 -DENABLE_DEBUG_PRINT=0 -DENABLE_MEASURE_EXE_TIME=0 -DENABLE_MERGE_BACK_PLAN=0 -DENABLE_PARALLEL_EXECUTION=0 -DENABLE_QUERY_SPLIT=1 -DENABLE_SPECIFY_EST_STAT=0 -I/home/pei/Project/duckdb-polr/src/include -I/home/pei/Project/duckdb-polr/third_party/fsst -I/home/pei/Project/duckdb-polr/third_party/fmt/include -I/home/pei/Project/duckdb-polr/third_party/hyperloglog -I/home/pei/Project/duckdb-polr/third_party/fastpforlib -I/home/pei/Project/duckdb-polr/third_party/fast_float -I/home/pei/Project/duckdb-polr/third_party/re2 -I/home/pei/Project/duckdb-polr/third_party/miniz -I/home/pei/Project/duckdb-polr/third_party/utf8proc/include -I/home/pei/Project/duckdb-polr/third_party/miniparquet -I/home/pei/Project/duckdb-polr/third_party/concurrentqueue -I/home/pei/Project/duckdb-polr/third_party/pcg -I/home/pei/Project/duckdb-polr/third_party/tdigest -I/home/pei/Project/duckdb-polr/third_party/mbedtls/include -I/home/pei/Project/duckdb-polr/third_party/jaro_winkler -O3 -DNDEBUG -O3 -DNDEBUG   -fPIC -fdiagnostics-color=always -std=c++11 -MD -MT src/optimizer/matcher/CMakeFiles/duckdb_optimizer_matcher.dir/ub_duckdb_optimizer_matcher.cpp.o -MF src/optimizer/matcher/CMakeFiles/duckdb_optimizer_matcher.dir/ub_duckdb_optimizer_matcher.cpp.o.d -o src/optimizer/matcher/CMakeFiles/duckdb_optimizer_matcher.dir/ub_duckdb_optimizer_matcher.cpp.o -c /home/pei/Project/duckdb-polr/build/release/src/optimizer/matcher/ub_duckdb_optimizer_matcher.cpp
[2/376] /usr/bin/ccache /usr/lib/ccache/c++ -DDUCKDB -DDUCKDB_BUILD_LIBRARY -DDUCKDB_MAIN_LIBRARY -DENABLE_CROSS_PRODUCT_REWRITE=1 -DENABLE_DEBUG_PRINT=0 -DENABLE_MEASURE_EXE_TIME=0 -DENABLE_MERGE_BACK_PLAN=0 -DENABLE_PARALLEL_EXECUTION=0 -DENABLE_QUERY_SPLIT=1 -DENABLE_SPECIFY_EST_STAT=0 -I/home/pei/Project/duckdb-polr/src/include -I/home/pei/Project/duckdb-polr/third_party/fsst -I/home/pei/Project/duckdb-polr/third_party/fmt/include -I/home/pei/Project/duckdb-polr/third_party/hyperloglog -I/home/pei/Project/duckdb-polr/third_party/fastpforlib -I/home/pei/Project/duckdb-polr/third_party/fast_float -I/home/pei/Project/duckdb-polr/third_party/re2 -I/home/pei/Project/duckdb-polr/third_party/miniz -I/home/pei/Project/duckdb-polr/third_party/utf8proc/include -I/home/pei/Project/duckdb-polr/third_party/miniparquet -I/home/pei/Project/duckdb-polr/third_party/concurrentqueue -I/home/pei/Project/duckdb-polr/third_party/pcg -I/home/pei/Project/duckdb-polr/third_party/tdigest -I/home/pei/Project/duckdb-polr/third_party/mbedtls/include -I/home/pei/Project/duckdb-polr/third_party/jaro_winkler -O3 -DNDEBUG -O3 -DNDEBUG   -fPIC -fdiagnostics-color=always -std=c++11 -MD -MT src/optimizer/pullup/CMakeFiles/duckdb_optimizer_pullup.dir/ub_duckdb_optimizer_pullup.cpp.o -MF src/optimizer/pullup/CMakeFiles/duckdb_optimizer_pullup.dir/ub_duckdb_optimizer_pullup.cpp.o.d -o src/optimizer/pullup/CMakeFiles/duckdb_optimizer_pullup.dir/ub_duckdb_optimizer_pullup.cpp.o -c /home/pei/Project/duckdb-polr/build/release/src/optimizer/pullup/ub_duckdb_optimizer_pullup.cpp
[3/376] /usr/bin/ccache /usr/lib/ccache/c++ -DDUCKDB -DDUCKDB_BUILD_LIBRARY -DDUCKDB_MAIN_LIBRARY -DENABLE_CROSS_PRODUCT_REWRITE=1 -DENABLE_DEBUG_PRINT=0 -DENABLE_MEASURE_EXE_TIME=0 -DENABLE_MERGE_BACK_PLAN=0 -DENABLE_PARALLEL_EXECUTION=0 -DENABLE_QUERY_SPLIT=1 -DENABLE_SPECIFY_EST_STAT=0 -I/home/pei/Project/duckdb-polr/src/include -I/home/pei/Project/duckdb-polr/third_party/fsst -I/home/pei/Project/duckdb-polr/third_party/fmt/include -I/home/pei/Project/duckdb-polr/third_party/hyperloglog -I/home/pei/Project/duckdb-polr/third_party/fastpforlib -I/home/pei/Project/duckdb-polr/third_party/fast_float -I/home/pei/Project/duckdb-polr/third_party/re2 -I/home/pei/Project/duckdb-polr/third_party/miniz -I/home/pei/Project/duckdb-polr/third_party/utf8proc/include -I/home/pei/Project/duckdb-polr/third_party/miniparquet -I/home/pei/Project/duckdb-polr/third_party/concurrentqueue -I/home/pei/Project/duckdb-polr/third_party/pcg -I/home/pei/Project/duckdb-polr/third_party/tdigest -I/home/pei/Project/duckdb-polr/third_party/mbedtls/include -I/home/pei/Project/duckdb-polr/third_party/jaro_winkler -O3 -DNDEBUG -O3 -DNDEBUG   -fPIC -fdiagnostics-color=always -std=c++11 -MD -MT src/optimizer/statistics/operator/CMakeFiles/duckdb_optimizer_statistics_op.dir/ub_duckdb_optimizer_statistics_op.cpp.o -MF src/optimizer/statistics/operator/CMakeFiles/duckdb_optimizer_statistics_op.dir/ub_duckdb_optimizer_statistics_op.cpp.o.d -o src/optimizer/statistics/operator/CMakeFiles/duckdb_optimizer_statistics_op.dir/ub_duckdb_optimizer_statistics_op.cpp.o -c /home/pei/Project/duckdb-polr/build/release/src/optimizer/statistics/operator/ub_duckdb_optimizer_statistics_op.cpp
[4/376] /usr/bin/ccache /usr/lib/ccache/c++ -DDUCKDB -DDUCKDB_BUILD_LIBRARY -DDUCKDB_MAIN_LIBRARY -DENABLE_CROSS_PRODUCT_REWRITE=1 -DENABLE_DEBUG_PRINT=0 -DENABLE_MEASURE_EXE_TIME=0 -DENABLE_MERGE_BACK_PLAN=0 -DENABLE_PARALLEL_EXECUTION=0 -DENABLE_QUERY_SPLIT=1 -DENABLE_SPECIFY_EST_STAT=0 -I/home/pei/Project/duckdb-polr/src/include -I/home/pei/Project/duckdb-polr/third_party/fsst -I/home/pei/Project/duckdb-polr/third_party/fmt/include -I/home/pei/Project/duckdb-polr/third_party/hyperloglog -I/home/pei/Project/duckdb-polr/third_party/fastpforlib -I/home/pei/Project/duckdb-polr/third_party/fast_float -I/home/pei/Project/duckdb-polr/third_party/re2 -I/home/pei/Project/duckdb-polr/third_party/miniz -I/home/pei/Project/duckdb-polr/third_party/utf8proc/include -I/home/pei/Project/duckdb-polr/third_party/miniparquet -I/home/pei/Project/duckdb-polr/third_party/concurrentqueue -I/home/pei/Project/duckdb-polr/third_party/pcg -I/home/pei/Project/duckdb-polr/third_party/tdigest -I/home/pei/Project/duckdb-polr/third_party/mbedtls/include -I/home/pei/Project/duckdb-polr/third_party/jaro_winkler -O3 -DNDEBUG -O3 -DNDEBUG   -fPIC -fdiagnostics-color=always -std=c++11 -MD -MT src/optimizer/rule/CMakeFiles/duckdb_optimizer_rules.dir/ub_duckdb_optimizer_rules.cpp.o -MF src/optimizer/rule/CMakeFiles/duckdb_optimizer_rules.dir/ub_duckdb_optimizer_rules.cpp.o.d -o src/optimizer/rule/CMakeFiles/duckdb_optimizer_rules.dir/ub_duckdb_optimizer_rules.cpp.o -c /home/pei/Project/duckdb-polr/build/release/src/optimizer/rule/ub_duckdb_optimizer_rules.cpp
[5/376] /usr/bin/ccache /usr/lib/ccache/c++ -DDUCKDB -DDUCKDB_BUILD_LIBRARY -DDUCKDB_MAIN_LIBRARY -DENABLE_CROSS_PRODUCT_REWRITE=1 -DENABLE_DEBUG_PRINT=0 -DENABLE_MEASURE_EXE_TIME=0 -DENABLE_MERGE_BACK_PLAN=0 -DENABLE_PARALLEL_EXECUTION=0 -DENABLE_QUERY_SPLIT=1 -DENABLE_SPECIFY_EST_STAT=0 -I/home/pei/Project/duckdb-polr/src/include -I/home/pei/Project/duckdb-polr/third_party/fsst -I/home/pei/Project/duckdb-polr/third_party/fmt/include -I/home/pei/Project/duckdb-polr/third_party/hyperloglog -I/home/pei/Project/duckdb-polr/third_party/fastpforlib -I/home/pei/Project/duckdb-polr/third_party/fast_float -I/home/pei/Project/duckdb-polr/third_party/re2 -I/home/pei/Project/duckdb-polr/third_party/miniz -I/home/pei/Project/duckdb-polr/third_party/utf8proc/include -I/home/pei/Project/duckdb-polr/third_party/miniparquet -I/home/pei/Project/duckdb-polr/third_party/concurrentqueue -I/home/pei/Project/duckdb-polr/third_party/pcg -I/home/pei/Project/duckdb-polr/third_party/tdigest -I/home/pei/Project/duckdb-polr/third_party/mbedtls/include -I/home/pei/Project/duckdb-polr/third_party/jaro_winkler -O3 -DNDEBUG -O3 -DNDEBUG   -fPIC -fdiagnostics-color=always -std=c++11 -MD -MT src/planner/expression_binder/CMakeFiles/duckdb_expression_binders.dir/ub_duckdb_expression_binders.cpp.o -MF src/planner/expression_binder/CMakeFiles/duckdb_expression_binders.dir/ub_duckdb_expression_binders.cpp.o.d -o src/planner/expression_binder/CMakeFiles/duckdb_expression_binders.dir/ub_duckdb_expression_binders.cpp.o -c /home/pei/Project/duckdb-polr/build/release/src/planner/expression_binder/ub_duckdb_expression_binders.cpp
[6/376] /usr/bin/ccache /usr/lib/ccache/c++ -DDUCKDB -DDUCKDB_BUILD_LIBRARY -DDUCKDB_MAIN_LIBRARY -DENABLE_CROSS_PRODUCT_REWRITE=1 -DENABLE_DEBUG_PRINT=0 -DENABLE_MEASURE_EXE_TIME=0 -DENABLE_MERGE_BACK_PLAN=0 -DENABLE_PARALLEL_EXECUTION=0 -DENABLE_QUERY_SPLIT=1 -DENABLE_SPECIFY_EST_STAT=0 -I/home/pei/Project/duckdb-polr/src/include -I/home/pei/Project/duckdb-polr/third_party/fsst -I/home/pei/Project/duckdb-polr/third_party/fmt/include -I/home/pei/Project/duckdb-polr/third_party/hyperloglog -I/home/pei/Project/duckdb-polr/third_party/fastpforlib -I/home/pei/Project/duckdb-polr/third_party/fast_float -I/home/pei/Project/duckdb-polr/third_party/re2 -I/home/pei/Project/duckdb-polr/third_party/miniz -I/home/pei/Project/duckdb-polr/third_party/utf8proc/include -I/home/pei/Project/duckdb-polr/third_party/miniparquet -I/home/pei/Project/duckdb-polr/third_party/concurrentqueue -I/home/pei/Project/duckdb-polr/third_party/pcg -I/home/pei/Project/duckdb-polr/third_party/tdigest -I/home/pei/Project/duckdb-polr/third_party/mbedtls/include -I/home/pei/Project/duckdb-polr/third_party/jaro_winkler -O3 -DNDEBUG -O3 -DNDEBUG   -fPIC -fdiagnostics-color=always -std=c++11 -MD -MT src/planner/CMakeFiles/duckdb_planner.dir/ub_duckdb_planner.cpp.o -MF src/planner/CMakeFiles/duckdb_planner.dir/ub_duckdb_planner.cpp.o.d -o src/planner/CMakeFiles/duckdb_planner.dir/ub_duckdb_planner.cpp.o -c /home/pei/Project/duckdb-polr/build/release/src/planner/ub_duckdb_planner.cpp
[7/376] /usr/bin/ccache /usr/lib/ccache/c++ -DDUCKDB -DDUCKDB_BUILD_LIBRARY -DDUCKDB_MAIN_LIBRARY -DENABLE_CROSS_PRODUCT_REWRITE=1 -DENABLE_DEBUG_PRINT=0 -DENABLE_MEASURE_EXE_TIME=0 -DENABLE_MERGE_BACK_PLAN=0 -DENABLE_PARALLEL_EXECUTION=0 -DENABLE_QUERY_SPLIT=1 -DENABLE_SPECIFY_EST_STAT=0 -I/home/pei/Project/duckdb-polr/src/include -I/home/pei/Project/duckdb-polr/third_party/fsst -I/home/pei/Project/duckdb-polr/third_party/fmt/include -I/home/pei/Project/duckdb-polr/third_party/hyperloglog -I/home/pei/Project/duckdb-polr/third_party/fastpforlib -I/home/pei/Project/duckdb-polr/third_party/fast_float -I/home/pei/Project/duckdb-polr/third_party/re2 -I/home/pei/Project/duckdb-polr/third_party/miniz -I/home/pei/Project/duckdb-polr/third_party/utf8proc/include -I/home/pei/Project/duckdb-polr/third_party/miniparquet -I/home/pei/Project/duckdb-polr/third_party/concurrentqueue -I/home/pei/Project/duckdb-polr/third_party/pcg -I/home/pei/Project/duckdb-polr/third_party/tdigest -I/home/pei/Project/duckdb-polr/third_party/mbedtls/include -I/home/pei/Project/duckdb-polr/third_party/jaro_winkler -O3 -DNDEBUG -O3 -DNDEBUG   -fPIC -fdiagnostics-color=always -std=c++11 -MD -MT src/planner/filter/CMakeFiles/duckdb_planner_filter.dir/ub_duckdb_planner_filter.cpp.o -MF src/planner/filter/CMakeFiles/duckdb_planner_filter.dir/ub_duckdb_planner_filter.cpp.o.d -o src/planner/filter/CMakeFiles/duckdb_planner_filter.dir/ub_duckdb_planner_filter.cpp.o -c /home/pei/Project/duckdb-polr/build/release/src/planner/filter/ub_duckdb_planner_filter.cpp
[8/376] /usr/bin/ccache /usr/lib/ccache/c++ -DDUCKDB -DDUCKDB_BUILD_LIBRARY -DDUCKDB_MAIN_LIBRARY -DENABLE_CROSS_PRODUCT_REWRITE=1 -DENABLE_DEBUG_PRINT=0 -DENABLE_MEASURE_EXE_TIME=0 -DENABLE_MERGE_BACK_PLAN=0 -DENABLE_PARALLEL_EXECUTION=0 -DENABLE_QUERY_SPLIT=1 -DENABLE_SPECIFY_EST_STAT=0 -I/home/pei/Project/duckdb-polr/src/include -I/home/pei/Project/duckdb-polr/third_party/fsst -I/home/pei/Project/duckdb-polr/third_party/fmt/include -I/home/pei/Project/duckdb-polr/third_party/hyperloglog -I/home/pei/Project/duckdb-polr/third_party/fastpforlib -I/home/pei/Project/duckdb-polr/third_party/fast_float -I/home/pei/Project/duckdb-polr/third_party/re2 -I/home/pei/Project/duckdb-polr/third_party/miniz -I/home/pei/Project/duckdb-polr/third_party/utf8proc/include -I/home/pei/Project/duckdb-polr/third_party/miniparquet -I/home/pei/Project/duckdb-polr/third_party/concurrentqueue -I/home/pei/Project/duckdb-polr/third_party/pcg -I/home/pei/Project/duckdb-polr/third_party/tdigest -I/home/pei/Project/duckdb-polr/third_party/mbedtls/include -I/home/pei/Project/duckdb-polr/third_party/jaro_winkler -O3 -DNDEBUG -O3 -DNDEBUG   -fPIC -fdiagnostics-color=always -std=c++11 -MD -MT src/planner/binder/query_node/CMakeFiles/duckdb_bind_query_node.dir/ub_duckdb_bind_query_node.cpp.o -MF src/planner/binder/query_node/CMakeFiles/duckdb_bind_query_node.dir/ub_duckdb_bind_query_node.cpp.o.d -o src/planner/binder/query_node/CMakeFiles/duckdb_bind_query_node.dir/ub_duckdb_bind_query_node.cpp.o -c /home/pei/Project/duckdb-polr/build/release/src/planner/binder/query_node/ub_duckdb_bind_query_node.cpp
[9/376] /usr/bin/ccache /usr/lib/ccache/c++ -DDUCKDB -DDUCKDB_BUILD_LIBRARY -DDUCKDB_MAIN_LIBRARY -DENABLE_CROSS_PRODUCT_REWRITE=1 -DENABLE_DEBUG_PRINT=0 -DENABLE_MEASURE_EXE_TIME=0 -DENABLE_MERGE_BACK_PLAN=0 -DENABLE_PARALLEL_EXECUTION=0 -DENABLE_QUERY_SPLIT=1 -DENABLE_SPECIFY_EST_STAT=0 -I/home/pei/Project/duckdb-polr/src/include -I/home/pei/Project/duckdb-polr/third_party/fsst -I/home/pei/Project/duckdb-polr/third_party/fmt/include -I/home/pei/Project/duckdb-polr/third_party/hyperloglog -I/home/pei/Project/duckdb-polr/third_party/fastpforlib -I/home/pei/Project/duckdb-polr/third_party/fast_float -I/home/pei/Project/duckdb-polr/third_party/re2 -I/home/pei/Project/duckdb-polr/third_party/miniz -I/home/pei/Project/duckdb-polr/third_party/utf8proc/include -I/home/pei/Project/duckdb-polr/third_party/miniparquet -I/home/pei/Project/duckdb-polr/third_party/concurrentqueue -I/home/pei/Project/duckdb-polr/third_party/pcg -I/home/pei/Project/duckdb-polr/third_party/tdigest -I/home/pei/Project/duckdb-polr/third_party/mbedtls/include -I/home/pei/Project/duckdb-polr/third_party/jaro_winkler -O3 -DNDEBUG -O3 -DNDEBUG   -fPIC -fdiagnostics-color=always -std=c++11 -MD -MT src/planner/expression/CMakeFiles/duckdb_planner_expression.dir/ub_duckdb_planner_expression.cpp.o -MF src/planner/expression/CMakeFiles/duckdb_planner_expression.dir/ub_duckdb_planner_expression.cpp.o.d -o src/planner/expression/CMakeFiles/duckdb_planner_expression.dir/ub_duckdb_planner_expression.cpp.o -c /home/pei/Project/duckdb-polr/build/release/src/planner/expression/ub_duckdb_planner_expression.cpp
[10/376] /usr/bin/ccache /usr/lib/ccache/c++ -DDUCKDB -DDUCKDB_BUILD_LIBRARY -DDUCKDB_MAIN_LIBRARY -DENABLE_CROSS_PRODUCT_REWRITE=1 -DENABLE_DEBUG_PRINT=0 -DENABLE_MEASURE_EXE_TIME=0 -DENABLE_MERGE_BACK_PLAN=0 -DENABLE_PARALLEL_EXECUTION=0 -DENABLE_QUERY_SPLIT=1 -DENABLE_SPECIFY_EST_STAT=0 -I/home/pei/Project/duckdb-polr/src/include -I/home/pei/Project/duckdb-polr/third_party/fsst -I/home/pei/Project/duckdb-polr/third_party/fmt/include -I/home/pei/Project/duckdb-polr/third_party/hyperloglog -I/home/pei/Project/duckdb-polr/third_party/fastpforlib -I/home/pei/Project/duckdb-polr/third_party/fast_float -I/home/pei/Project/duckdb-polr/third_party/re2 -I/home/pei/Project/duckdb-polr/third_party/miniz -I/home/pei/Project/duckdb-polr/third_party/utf8proc/include -I/home/pei/Project/duckdb-polr/third_party/miniparquet -I/home/pei/Project/duckdb-polr/third_party/concurrentqueue -I/home/pei/Project/duckdb-polr/third_party/pcg -I/home/pei/Project/duckdb-polr/third_party/tdigest -I/home/pei/Project/duckdb-polr/third_party/mbedtls/include -I/home/pei/Project/duckdb-polr/third_party/jaro_winkler -O3 -DNDEBUG -O3 -DNDEBUG   -fPIC -fdiagnostics-color=always -std=c++11 -MD -MT src/optimizer/statistics/expression/CMakeFiles/duckdb_optimizer_statistics_expr.dir/ub_duckdb_optimizer_statistics_expr.cpp.o -MF src/optimizer/statistics/expression/CMakeFiles/duckdb_optimizer_statistics_expr.dir/ub_duckdb_optimizer_statistics_expr.cpp.o.d -o src/optimizer/statistics/expression/CMakeFiles/duckdb_optimizer_statistics_expr.dir/ub_duckdb_optimizer_statistics_expr.cpp.o -c /home/pei/Project/duckdb-polr/build/release/src/optimizer/statistics/expression/ub_duckdb_optimizer_statistics_expr.cpp
[11/376] /usr/bin/ccache /usr/lib/ccache/c++ -DDUCKDB -DDUCKDB_BUILD_LIBRARY -DDUCKDB_MAIN_LIBRARY -DENABLE_CROSS_PRODUCT_REWRITE=1 -DENABLE_DEBUG_PRINT=0 -DENABLE_MEASURE_EXE_TIME=0 -DENABLE_MERGE_BACK_PLAN=0 -DENABLE_PARALLEL_EXECUTION=0 -DENABLE_QUERY_SPLIT=1 -DENABLE_SPECIFY_EST_STAT=0 -I/home/pei/Project/duckdb-polr/src/include -I/home/pei/Project/duckdb-polr/third_party/fsst -I/home/pei/Project/duckdb-polr/third_party/fmt/include -I/home/pei/Project/duckdb-polr/third_party/hyperloglog -I/home/pei/Project/duckdb-polr/third_party/fastpforlib -I/home/pei/Project/duckdb-polr/third_party/fast_float -I/home/pei/Project/duckdb-polr/third_party/re2 -I/home/pei/Project/duckdb-polr/third_party/miniz -I/home/pei/Project/duckdb-polr/third_party/utf8proc/include -I/home/pei/Project/duckdb-polr/third_party/miniparquet -I/home/pei/Project/duckdb-polr/third_party/concurrentqueue -I/home/pei/Project/duckdb-polr/third_party/pcg -I/home/pei/Project/duckdb-polr/third_party/tdigest -I/home/pei/Project/duckdb-polr/third_party/mbedtls/include -I/home/pei/Project/duckdb-polr/third_party/jaro_winkler -O3 -DNDEBUG -O3 -DNDEBUG   -fPIC -fdiagnostics-color=always -std=c++11 -MD -MT src/optimizer/pushdown/CMakeFiles/duckdb_optimizer_pushdown.dir/ub_duckdb_optimizer_pushdown.cpp.o -MF src/optimizer/pushdown/CMakeFiles/duckdb_optimizer_pushdown.dir/ub_duckdb_optimizer_pushdown.cpp.o.d -o src/optimizer/pushdown/CMakeFiles/duckdb_optimizer_pushdown.dir/ub_duckdb_optimizer_pushdown.cpp.o -c /home/pei/Project/duckdb-polr/build/release/src/optimizer/pushdown/ub_duckdb_optimizer_pushdown.cpp
In file included from /home/pei/Project/duckdb-polr/src/include/duckdb/optimizer/optimizer.hpp:15,
                 from /home/pei/Project/duckdb-polr/src/optimizer/pushdown/pushdown_get.cpp:2,
                 from /home/pei/Project/duckdb-polr/build/release/src/optimizer/pushdown/ub_duckdb_optimizer_pushdown.cpp:5:
/home/pei/Project/duckdb-polr/src/include/duckdb/optimizer/query_split/query_split.hpp:23:1: warning: inline variables are only available with ‘-std=c++17’ or ‘-std=gnu++17’ [-Wc++17-extensions]
   23 | inline bool execute_plan = false;
      | ^~~~~~
[12/376] /usr/bin/ccache /usr/lib/ccache/c++ -DDUCKDB -DDUCKDB_BUILD_LIBRARY -DDUCKDB_MAIN_LIBRARY -DENABLE_CROSS_PRODUCT_REWRITE=1 -DENABLE_DEBUG_PRINT=0 -DENABLE_MEASURE_EXE_TIME=0 -DENABLE_MERGE_BACK_PLAN=0 -DENABLE_PARALLEL_EXECUTION=0 -DENABLE_QUERY_SPLIT=1 -DENABLE_SPECIFY_EST_STAT=0 -I/home/pei/Project/duckdb-polr/src/include -I/home/pei/Project/duckdb-polr/third_party/fsst -I/home/pei/Project/duckdb-polr/third_party/fmt/include -I/home/pei/Project/duckdb-polr/third_party/hyperloglog -I/home/pei/Project/duckdb-polr/third_party/fastpforlib -I/home/pei/Project/duckdb-polr/third_party/fast_float -I/home/pei/Project/duckdb-polr/third_party/re2 -I/home/pei/Project/duckdb-polr/third_party/miniz -I/home/pei/Project/duckdb-polr/third_party/utf8proc/include -I/home/pei/Project/duckdb-polr/third_party/miniparquet -I/home/pei/Project/duckdb-polr/third_party/concurrentqueue -I/home/pei/Project/duckdb-polr/third_party/pcg -I/home/pei/Project/duckdb-polr/third_party/tdigest -I/home/pei/Project/duckdb-polr/third_party/mbedtls/include -I/home/pei/Project/duckdb-polr/third_party/jaro_winkler -O3 -DNDEBUG -O3 -DNDEBUG   -fPIC -fdiagnostics-color=always -std=c++11 -MD -MT src/optimizer/query_split/CMakeFiles/duckdb_optimizer_query_split.dir/ub_duckdb_optimizer_query_split.cpp.o -MF src/optimizer/query_split/CMakeFiles/duckdb_optimizer_query_split.dir/ub_duckdb_optimizer_query_split.cpp.o.d -o src/optimizer/query_split/CMakeFiles/duckdb_optimizer_query_split.dir/ub_duckdb_optimizer_query_split.cpp.o -c /home/pei/Project/duckdb-polr/build/release/src/optimizer/query_split/ub_duckdb_optimizer_query_split.cpp
In file included from /home/pei/Project/duckdb-polr/src/optimizer/query_split/query_split.cpp:1,
                 from /home/pei/Project/duckdb-polr/build/release/src/optimizer/query_split/ub_duckdb_optimizer_query_split.cpp:2:
/home/pei/Project/duckdb-polr/src/include/duckdb/optimizer/query_split/query_split.hpp:23:1: warning: inline variables are only available with ‘-std=c++17’ or ‘-std=gnu++17’ [-Wc++17-extensions]
   23 | inline bool execute_plan = false;
      | ^~~~~~
In file included from /home/pei/Project/duckdb-polr/build/release/src/optimizer/query_split/ub_duckdb_optimizer_query_split.cpp:4:
/home/pei/Project/duckdb-polr/src/optimizer/query_split/foreign_key_center.cpp: In lambda function:
/home/pei/Project/duckdb-polr/src/optimizer/query_split/foreign_key_center.cpp:205:61: warning: init-statement in selection statements only available with ‘-std=c++17’ or ‘-std=gnu++17’ [-Wc++17-extensions]
  205 |                                                         if (auto find_left = std::find_if(
      |                                                             ^~~~
In file included from /home/pei/Project/duckdb-polr/build/release/src/optimizer/query_split/ub_duckdb_optimizer_query_split.cpp:3:
/home/pei/Project/duckdb-polr/src/optimizer/query_split/query_split_util.cpp: In function ‘duckdb::ColumnBinding& duckdb::GetRefColumnBinding(std::unique_ptr<Expression>&)’:
/home/pei/Project/duckdb-polr/src/optimizer/query_split/query_split_util.cpp:152:88: warning: control reaches end of non-void function [-Wreturn-type]
  152 |                 Printer::Print("Doesn't support " + ExpressionTypeToString(expr->type) + " in GetColumnBinding yet!");
      |                                ~~~~~~~~~~~~~~~~~~~~~~~~~~~~~~~~~~~~~~~~~~~~~~~~~~~~~~~~^~~~~~~~~~~~~~~~~~~~~~~~~~~~~
[13/376] /usr/bin/ccache /usr/lib/ccache/c++ -DDUCKDB -DDUCKDB_BUILD_LIBRARY -DDUCKDB_MAIN_LIBRARY -DENABLE_CROSS_PRODUCT_REWRITE=1 -DENABLE_DEBUG_PRINT=0 -DENABLE_MEASURE_EXE_TIME=0 -DENABLE_MERGE_BACK_PLAN=0 -DENABLE_PARALLEL_EXECUTION=0 -DENABLE_QUERY_SPLIT=1 -DENABLE_SPECIFY_EST_STAT=0 -I/home/pei/Project/duckdb-polr/src/include -I/home/pei/Project/duckdb-polr/third_party/fsst -I/home/pei/Project/duckdb-polr/third_party/fmt/include -I/home/pei/Project/duckdb-polr/third_party/hyperloglog -I/home/pei/Project/duckdb-polr/third_party/fastpforlib -I/home/pei/Project/duckdb-polr/third_party/fast_float -I/home/pei/Project/duckdb-polr/third_party/re2 -I/home/pei/Project/duckdb-polr/third_party/miniz -I/home/pei/Project/duckdb-polr/third_party/utf8proc/include -I/home/pei/Project/duckdb-polr/third_party/miniparquet -I/home/pei/Project/duckdb-polr/third_party/concurrentqueue -I/home/pei/Project/duckdb-polr/third_party/pcg -I/home/pei/Project/duckdb-polr/third_party/tdigest -I/home/pei/Project/duckdb-polr/third_party/mbedtls/include -I/home/pei/Project/duckdb-polr/third_party/jaro_winkler -I/home/pei/Project/duckdb-polr/src/parser/../../third_party/libpg_query/include -I/home/pei/Project/duckdb-polr/src/parser/../../third_party/libpg_query -O3 -DNDEBUG -O3 -DNDEBUG   -fPIC -fdiagnostics-color=always -std=c++11 -MD -MT src/parser/query_node/CMakeFiles/duckdb_query_node.dir/ub_duckdb_query_node.cpp.o -MF src/parser/query_node/CMakeFiles/duckdb_query_node.dir/ub_duckdb_query_node.cpp.o.d -o src/parser/query_node/CMakeFiles/duckdb_query_node.dir/ub_duckdb_query_node.cpp.o -c /home/pei/Project/duckdb-polr/build/release/src/parser/query_node/ub_duckdb_query_node.cpp
[14/376] /usr/bin/ccache /usr/lib/ccache/c++ -DDUCKDB -DDUCKDB_BUILD_LIBRARY -DDUCKDB_MAIN_LIBRARY -DENABLE_CROSS_PRODUCT_REWRITE=1 -DENABLE_DEBUG_PRINT=0 -DENABLE_MEASURE_EXE_TIME=0 -DENABLE_MERGE_BACK_PLAN=0 -DENABLE_PARALLEL_EXECUTION=0 -DENABLE_QUERY_SPLIT=1 -DENABLE_SPECIFY_EST_STAT=0 -I/home/pei/Project/duckdb-polr/src/include -I/home/pei/Project/duckdb-polr/third_party/fsst -I/home/pei/Project/duckdb-polr/third_party/fmt/include -I/home/pei/Project/duckdb-polr/third_party/hyperloglog -I/home/pei/Project/duckdb-polr/third_party/fastpforlib -I/home/pei/Project/duckdb-polr/third_party/fast_float -I/home/pei/Project/duckdb-polr/third_party/re2 -I/home/pei/Project/duckdb-polr/third_party/miniz -I/home/pei/Project/duckdb-polr/third_party/utf8proc/include -I/home/pei/Project/duckdb-polr/third_party/miniparquet -I/home/pei/Project/duckdb-polr/third_party/concurrentqueue -I/home/pei/Project/duckdb-polr/third_party/pcg -I/home/pei/Project/duckdb-polr/third_party/tdigest -I/home/pei/Project/duckdb-polr/third_party/mbedtls/include -I/home/pei/Project/duckdb-polr/third_party/jaro_winkler -I/home/pei/Project/duckdb-polr/src/parser/../../third_party/libpg_query/include -I/home/pei/Project/duckdb-polr/src/parser/../../third_party/libpg_query -O3 -DNDEBUG -O3 -DNDEBUG   -fPIC -fdiagnostics-color=always -std=c++11 -MD -MT src/parser/constraints/CMakeFiles/duckdb_constraints.dir/ub_duckdb_constraints.cpp.o -MF src/parser/constraints/CMakeFiles/duckdb_constraints.dir/ub_duckdb_constraints.cpp.o.d -o src/parser/constraints/CMakeFiles/duckdb_constraints.dir/ub_duckdb_constraints.cpp.o -c /home/pei/Project/duckdb-polr/build/release/src/parser/constraints/ub_duckdb_constraints.cpp
[15/376] /usr/bin/ccache /usr/lib/ccache/c++ -DDUCKDB -DDUCKDB_BUILD_LIBRARY -DDUCKDB_MAIN_LIBRARY -DENABLE_CROSS_PRODUCT_REWRITE=1 -DENABLE_DEBUG_PRINT=0 -DENABLE_MEASURE_EXE_TIME=0 -DENABLE_MERGE_BACK_PLAN=0 -DENABLE_PARALLEL_EXECUTION=0 -DENABLE_QUERY_SPLIT=1 -DENABLE_SPECIFY_EST_STAT=0 -I/home/pei/Project/duckdb-polr/src/include -I/home/pei/Project/duckdb-polr/third_party/fsst -I/home/pei/Project/duckdb-polr/third_party/fmt/include -I/home/pei/Project/duckdb-polr/third_party/hyperloglog -I/home/pei/Project/duckdb-polr/third_party/fastpforlib -I/home/pei/Project/duckdb-polr/third_party/fast_float -I/home/pei/Project/duckdb-polr/third_party/re2 -I/home/pei/Project/duckdb-polr/third_party/miniz -I/home/pei/Project/duckdb-polr/third_party/utf8proc/include -I/home/pei/Project/duckdb-polr/third_party/miniparquet -I/home/pei/Project/duckdb-polr/third_party/concurrentqueue -I/home/pei/Project/duckdb-polr/third_party/pcg -I/home/pei/Project/duckdb-polr/third_party/tdigest -I/home/pei/Project/duckdb-polr/third_party/mbedtls/include -I/home/pei/Project/duckdb-polr/third_party/jaro_winkler -O3 -DNDEBUG -O3 -DNDEBUG   -fPIC -fdiagnostics-color=always -std=c++11 -MD -MT src/planner/parsed_data/CMakeFiles/duckdb_planner_parsed_data.dir/ub_duckdb_planner_parsed_data.cpp.o -MF src/planner/parsed_data/CMakeFiles/duckdb_planner_parsed_data.dir/ub_duckdb_planner_parsed_data.cpp.o.d -o src/planner/parsed_data/CMakeFiles/duckdb_planner_parsed_data.dir/ub_duckdb_planner_parsed_data.cpp.o -c /home/pei/Project/duckdb-polr/build/release/src/planner/parsed_data/ub_duckdb_planner_parsed_data.cpp
[16/376] /usr/bin/ccache /usr/lib/ccache/c++ -DDUCKDB -DDUCKDB_BUILD_LIBRARY -DDUCKDB_MAIN_LIBRARY -DENABLE_CROSS_PRODUCT_REWRITE=1 -DENABLE_DEBUG_PRINT=0 -DENABLE_MEASURE_EXE_TIME=0 -DENABLE_MERGE_BACK_PLAN=0 -DENABLE_PARALLEL_EXECUTION=0 -DENABLE_QUERY_SPLIT=1 -DENABLE_SPECIFY_EST_STAT=0 -I/home/pei/Project/duckdb-polr/src/include -I/home/pei/Project/duckdb-polr/third_party/fsst -I/home/pei/Project/duckdb-polr/third_party/fmt/include -I/home/pei/Project/duckdb-polr/third_party/hyperloglog -I/home/pei/Project/duckdb-polr/third_party/fastpforlib -I/home/pei/Project/duckdb-polr/third_party/fast_float -I/home/pei/Project/duckdb-polr/third_party/re2 -I/home/pei/Project/duckdb-polr/third_party/miniz -I/home/pei/Project/duckdb-polr/third_party/utf8proc/include -I/home/pei/Project/duckdb-polr/third_party/miniparquet -I/home/pei/Project/duckdb-polr/third_party/concurrentqueue -I/home/pei/Project/duckdb-polr/third_party/pcg -I/home/pei/Project/duckdb-polr/third_party/tdigest -I/home/pei/Project/duckdb-polr/third_party/mbedtls/include -I/home/pei/Project/duckdb-polr/third_party/jaro_winkler -I/home/pei/Project/duckdb-polr/src/parser/../../third_party/libpg_query/include -I/home/pei/Project/duckdb-polr/src/parser/../../third_party/libpg_query -O3 -DNDEBUG -O3 -DNDEBUG   -fPIC -fdiagnostics-color=always -std=c++11 -MD -MT src/parser/tableref/CMakeFiles/duckdb_parser_tableref.dir/ub_duckdb_parser_tableref.cpp.o -MF src/parser/tableref/CMakeFiles/duckdb_parser_tableref.dir/ub_duckdb_parser_tableref.cpp.o.d -o src/parser/tableref/CMakeFiles/duckdb_parser_tableref.dir/ub_duckdb_parser_tableref.cpp.o -c /home/pei/Project/duckdb-polr/build/release/src/parser/tableref/ub_duckdb_parser_tableref.cpp
[17/376] /usr/bin/ccache /usr/lib/ccache/c++ -DDUCKDB -DDUCKDB_BUILD_LIBRARY -DDUCKDB_MAIN_LIBRARY -DENABLE_CROSS_PRODUCT_REWRITE=1 -DENABLE_DEBUG_PRINT=0 -DENABLE_MEASURE_EXE_TIME=0 -DENABLE_MERGE_BACK_PLAN=0 -DENABLE_PARALLEL_EXECUTION=0 -DENABLE_QUERY_SPLIT=1 -DENABLE_SPECIFY_EST_STAT=0 -I/home/pei/Project/duckdb-polr/src/include -I/home/pei/Project/duckdb-polr/third_party/fsst -I/home/pei/Project/duckdb-polr/third_party/fmt/include -I/home/pei/Project/duckdb-polr/third_party/hyperloglog -I/home/pei/Project/duckdb-polr/third_party/fastpforlib -I/home/pei/Project/duckdb-polr/third_party/fast_float -I/home/pei/Project/duckdb-polr/third_party/re2 -I/home/pei/Project/duckdb-polr/third_party/miniz -I/home/pei/Project/duckdb-polr/third_party/utf8proc/include -I/home/pei/Project/duckdb-polr/third_party/miniparquet -I/home/pei/Project/duckdb-polr/third_party/concurrentqueue -I/home/pei/Project/duckdb-polr/third_party/pcg -I/home/pei/Project/duckdb-polr/third_party/tdigest -I/home/pei/Project/duckdb-polr/third_party/mbedtls/include -I/home/pei/Project/duckdb-polr/third_party/jaro_winkler -I/home/pei/Project/duckdb-polr/src/parser/../../third_party/libpg_query/include -I/home/pei/Project/duckdb-polr/src/parser/../../third_party/libpg_query -O3 -DNDEBUG -O3 -DNDEBUG   -fPIC -fdiagnostics-color=always -std=c++11 -MD -MT src/parser/expression/CMakeFiles/duckdb_expression.dir/ub_duckdb_expression.cpp.o -MF src/parser/expression/CMakeFiles/duckdb_expression.dir/ub_duckdb_expression.cpp.o.d -o src/parser/expression/CMakeFiles/duckdb_expression.dir/ub_duckdb_expression.cpp.o -c /home/pei/Project/duckdb-polr/build/release/src/parser/expression/ub_duckdb_expression.cpp
[18/376] /usr/bin/ccache /usr/lib/ccache/c++ -DDUCKDB -DDUCKDB_BUILD_LIBRARY -DDUCKDB_MAIN_LIBRARY -DENABLE_CROSS_PRODUCT_REWRITE=1 -DENABLE_DEBUG_PRINT=0 -DENABLE_MEASURE_EXE_TIME=0 -DENABLE_MERGE_BACK_PLAN=0 -DENABLE_PARALLEL_EXECUTION=0 -DENABLE_QUERY_SPLIT=1 -DENABLE_SPECIFY_EST_STAT=0 -I/home/pei/Project/duckdb-polr/src/include -I/home/pei/Project/duckdb-polr/third_party/fsst -I/home/pei/Project/duckdb-polr/third_party/fmt/include -I/home/pei/Project/duckdb-polr/third_party/hyperloglog -I/home/pei/Project/duckdb-polr/third_party/fastpforlib -I/home/pei/Project/duckdb-polr/third_party/fast_float -I/home/pei/Project/duckdb-polr/third_party/re2 -I/home/pei/Project/duckdb-polr/third_party/miniz -I/home/pei/Project/duckdb-polr/third_party/utf8proc/include -I/home/pei/Project/duckdb-polr/third_party/miniparquet -I/home/pei/Project/duckdb-polr/third_party/concurrentqueue -I/home/pei/Project/duckdb-polr/third_party/pcg -I/home/pei/Project/duckdb-polr/third_party/tdigest -I/home/pei/Project/duckdb-polr/third_party/mbedtls/include -I/home/pei/Project/duckdb-polr/third_party/jaro_winkler -I/home/pei/Project/duckdb-polr/src/parser/../../third_party/libpg_query/include -I/home/pei/Project/duckdb-polr/src/parser/../../third_party/libpg_query -O3 -DNDEBUG -O3 -DNDEBUG   -fPIC -fdiagnostics-color=always -std=c++11 -MD -MT src/parser/CMakeFiles/duckdb_parser.dir/ub_duckdb_parser.cpp.o -MF src/parser/CMakeFiles/duckdb_parser.dir/ub_duckdb_parser.cpp.o.d -o src/parser/CMakeFiles/duckdb_parser.dir/ub_duckdb_parser.cpp.o -c /home/pei/Project/duckdb-polr/build/release/src/parser/ub_duckdb_parser.cpp
[19/376] /usr/bin/ccache /usr/lib/ccache/c++ -DDUCKDB -DDUCKDB_BUILD_LIBRARY -DDUCKDB_MAIN_LIBRARY -DENABLE_CROSS_PRODUCT_REWRITE=1 -DENABLE_DEBUG_PRINT=0 -DENABLE_MEASURE_EXE_TIME=0 -DENABLE_MERGE_BACK_PLAN=0 -DENABLE_PARALLEL_EXECUTION=0 -DENABLE_QUERY_SPLIT=1 -DENABLE_SPECIFY_EST_STAT=0 -I/home/pei/Project/duckdb-polr/src/include -I/home/pei/Project/duckdb-polr/third_party/fsst -I/home/pei/Project/duckdb-polr/third_party/fmt/include -I/home/pei/Project/duckdb-polr/third_party/hyperloglog -I/home/pei/Project/duckdb-polr/third_party/fastpforlib -I/home/pei/Project/duckdb-polr/third_party/fast_float -I/home/pei/Project/duckdb-polr/third_party/re2 -I/home/pei/Project/duckdb-polr/third_party/miniz -I/home/pei/Project/duckdb-polr/third_party/utf8proc/include -I/home/pei/Project/duckdb-polr/third_party/miniparquet -I/home/pei/Project/duckdb-polr/third_party/concurrentqueue -I/home/pei/Project/duckdb-polr/third_party/pcg -I/home/pei/Project/duckdb-polr/third_party/tdigest -I/home/pei/Project/duckdb-polr/third_party/mbedtls/include -I/home/pei/Project/duckdb-polr/third_party/jaro_winkler -O3 -DNDEBUG -O3 -DNDEBUG   -fPIC -fdiagnostics-color=always -std=c++11 -MD -MT src/planner/operator/CMakeFiles/duckdb_planner_operator.dir/ub_duckdb_planner_operator.cpp.o -MF src/planner/operator/CMakeFiles/duckdb_planner_operator.dir/ub_duckdb_planner_operator.cpp.o.d -o src/planner/operator/CMakeFiles/duckdb_planner_operator.dir/ub_duckdb_planner_operator.cpp.o -c /home/pei/Project/duckdb-polr/build/release/src/planner/operator/ub_duckdb_planner_operator.cpp
[20/376] /usr/bin/ccache /usr/lib/ccache/c++ -DDUCKDB -DDUCKDB_BUILD_LIBRARY -DDUCKDB_MAIN_LIBRARY -DENABLE_CROSS_PRODUCT_REWRITE=1 -DENABLE_DEBUG_PRINT=0 -DENABLE_MEASURE_EXE_TIME=0 -DENABLE_MERGE_BACK_PLAN=0 -DENABLE_PARALLEL_EXECUTION=0 -DENABLE_QUERY_SPLIT=1 -DENABLE_SPECIFY_EST_STAT=0 -I/home/pei/Project/duckdb-polr/src/include -I/home/pei/Project/duckdb-polr/third_party/fsst -I/home/pei/Project/duckdb-polr/third_party/fmt/include -I/home/pei/Project/duckdb-polr/third_party/hyperloglog -I/home/pei/Project/duckdb-polr/third_party/fastpforlib -I/home/pei/Project/duckdb-polr/third_party/fast_float -I/home/pei/Project/duckdb-polr/third_party/re2 -I/home/pei/Project/duckdb-polr/third_party/miniz -I/home/pei/Project/duckdb-polr/third_party/utf8proc/include -I/home/pei/Project/duckdb-polr/third_party/miniparquet -I/home/pei/Project/duckdb-polr/third_party/concurrentqueue -I/home/pei/Project/duckdb-polr/third_party/pcg -I/home/pei/Project/duckdb-polr/third_party/tdigest -I/home/pei/Project/duckdb-polr/third_party/mbedtls/include -I/home/pei/Project/duckdb-polr/third_party/jaro_winkler -O3 -DNDEBUG -O3 -DNDEBUG   -fPIC -fdiagnostics-color=always -std=c++11 -MD -MT src/planner/binder/tableref/CMakeFiles/duckdb_bind_tableref.dir/ub_duckdb_bind_tableref.cpp.o -MF src/planner/binder/tableref/CMakeFiles/duckdb_bind_tableref.dir/ub_duckdb_bind_tableref.cpp.o.d -o src/planner/binder/tableref/CMakeFiles/duckdb_bind_tableref.dir/ub_duckdb_bind_tableref.cpp.o -c /home/pei/Project/duckdb-polr/build/release/src/planner/binder/tableref/ub_duckdb_bind_tableref.cpp
[21/376] /usr/bin/ccache /usr/lib/ccache/c++ -DDUCKDB -DDUCKDB_BUILD_LIBRARY -DDUCKDB_MAIN_LIBRARY -DENABLE_CROSS_PRODUCT_REWRITE=1 -DENABLE_DEBUG_PRINT=0 -DENABLE_MEASURE_EXE_TIME=0 -DENABLE_MERGE_BACK_PLAN=0 -DENABLE_PARALLEL_EXECUTION=0 -DENABLE_QUERY_SPLIT=1 -DENABLE_SPECIFY_EST_STAT=0 -I/home/pei/Project/duckdb-polr/src/include -I/home/pei/Project/duckdb-polr/third_party/fsst -I/home/pei/Project/duckdb-polr/third_party/fmt/include -I/home/pei/Project/duckdb-polr/third_party/hyperloglog -I/home/pei/Project/duckdb-polr/third_party/fastpforlib -I/home/pei/Project/duckdb-polr/third_party/fast_float -I/home/pei/Project/duckdb-polr/third_party/re2 -I/home/pei/Project/duckdb-polr/third_party/miniz -I/home/pei/Project/duckdb-polr/third_party/utf8proc/include -I/home/pei/Project/duckdb-polr/third_party/miniparquet -I/home/pei/Project/duckdb-polr/third_party/concurrentqueue -I/home/pei/Project/duckdb-polr/third_party/pcg -I/home/pei/Project/duckdb-polr/third_party/tdigest -I/home/pei/Project/duckdb-polr/third_party/mbedtls/include -I/home/pei/Project/duckdb-polr/third_party/jaro_winkler -O3 -DNDEBUG -O3 -DNDEBUG   -fPIC -fdiagnostics-color=always -std=c++11 -MD -MT src/planner/binder/statement/CMakeFiles/duckdb_bind_statement.dir/ub_duckdb_bind_statement.cpp.o -MF src/planner/binder/statement/CMakeFiles/duckdb_bind_statement.dir/ub_duckdb_bind_statement.cpp.o.d -o src/planner/binder/statement/CMakeFiles/duckdb_bind_statement.dir/ub_duckdb_bind_statement.cpp.o -c /home/pei/Project/duckdb-polr/build/release/src/planner/binder/statement/ub_duckdb_bind_statement.cpp
[22/376] /usr/bin/ccache /usr/lib/ccache/c++ -DDUCKDB -DDUCKDB_BUILD_LIBRARY -DDUCKDB_MAIN_LIBRARY -DENABLE_CROSS_PRODUCT_REWRITE=1 -DENABLE_DEBUG_PRINT=0 -DENABLE_MEASURE_EXE_TIME=0 -DENABLE_MERGE_BACK_PLAN=0 -DENABLE_PARALLEL_EXECUTION=0 -DENABLE_QUERY_SPLIT=1 -DENABLE_SPECIFY_EST_STAT=0 -I/home/pei/Project/duckdb-polr/src/include -I/home/pei/Project/duckdb-polr/third_party/fsst -I/home/pei/Project/duckdb-polr/third_party/fmt/include -I/home/pei/Project/duckdb-polr/third_party/hyperloglog -I/home/pei/Project/duckdb-polr/third_party/fastpforlib -I/home/pei/Project/duckdb-polr/third_party/fast_float -I/home/pei/Project/duckdb-polr/third_party/re2 -I/home/pei/Project/duckdb-polr/third_party/miniz -I/home/pei/Project/duckdb-polr/third_party/utf8proc/include -I/home/pei/Project/duckdb-polr/third_party/miniparquet -I/home/pei/Project/duckdb-polr/third_party/concurrentqueue -I/home/pei/Project/duckdb-polr/third_party/pcg -I/home/pei/Project/duckdb-polr/third_party/tdigest -I/home/pei/Project/duckdb-polr/third_party/mbedtls/include -I/home/pei/Project/duckdb-polr/third_party/jaro_winkler -O3 -DNDEBUG -O3 -DNDEBUG   -fPIC -fdiagnostics-color=always -std=c++11 -MD -MT src/planner/binder/expression/CMakeFiles/duckdb_bind_expression.dir/ub_duckdb_bind_expression.cpp.o -MF src/planner/binder/expression/CMakeFiles/duckdb_bind_expression.dir/ub_duckdb_bind_expression.cpp.o.d -o src/planner/binder/expression/CMakeFiles/duckdb_bind_expression.dir/ub_duckdb_bind_expression.cpp.o -c /home/pei/Project/duckdb-polr/build/release/src/planner/binder/expression/ub_duckdb_bind_expression.cpp
[23/376] /usr/bin/ccache /usr/lib/ccache/c++ -DDUCKDB -DDUCKDB_BUILD_LIBRARY -DDUCKDB_MAIN_LIBRARY -DENABLE_CROSS_PRODUCT_REWRITE=1 -DENABLE_DEBUG_PRINT=0 -DENABLE_MEASURE_EXE_TIME=0 -DENABLE_MERGE_BACK_PLAN=0 -DENABLE_PARALLEL_EXECUTION=0 -DENABLE_QUERY_SPLIT=1 -DENABLE_SPECIFY_EST_STAT=0 -I/home/pei/Project/duckdb-polr/src/include -I/home/pei/Project/duckdb-polr/third_party/fsst -I/home/pei/Project/duckdb-polr/third_party/fmt/include -I/home/pei/Project/duckdb-polr/third_party/hyperloglog -I/home/pei/Project/duckdb-polr/third_party/fastpforlib -I/home/pei/Project/duckdb-polr/third_party/fast_float -I/home/pei/Project/duckdb-polr/third_party/re2 -I/home/pei/Project/duckdb-polr/third_party/miniz -I/home/pei/Project/duckdb-polr/third_party/utf8proc/include -I/home/pei/Project/duckdb-polr/third_party/miniparquet -I/home/pei/Project/duckdb-polr/third_party/concurrentqueue -I/home/pei/Project/duckdb-polr/third_party/pcg -I/home/pei/Project/duckdb-polr/third_party/tdigest -I/home/pei/Project/duckdb-polr/third_party/mbedtls/include -I/home/pei/Project/duckdb-polr/third_party/jaro_winkler -I/home/pei/Project/duckdb-polr/src/parser/../../third_party/libpg_query/include -I/home/pei/Project/duckdb-polr/src/parser/../../third_party/libpg_query -O3 -DNDEBUG -O3 -DNDEBUG   -fPIC -fdiagnostics-color=always -std=c++11 -MD -MT src/parser/transform/tableref/CMakeFiles/duckdb_transformer_tableref.dir/ub_duckdb_transformer_tableref.cpp.o -MF src/parser/transform/tableref/CMakeFiles/duckdb_transformer_tableref.dir/ub_duckdb_transformer_tableref.cpp.o.d -o src/parser/transform/tableref/CMakeFiles/duckdb_transformer_tableref.dir/ub_duckdb_transformer_tableref.cpp.o -c /home/pei/Project/duckdb-polr/build/release/src/parser/transform/tableref/ub_duckdb_transformer_tableref.cpp
[24/376] /usr/bin/ccache /usr/lib/ccache/c++ -DDUCKDB -DDUCKDB_BUILD_LIBRARY -DDUCKDB_MAIN_LIBRARY -DENABLE_CROSS_PRODUCT_REWRITE=1 -DENABLE_DEBUG_PRINT=0 -DENABLE_MEASURE_EXE_TIME=0 -DENABLE_MERGE_BACK_PLAN=0 -DENABLE_PARALLEL_EXECUTION=0 -DENABLE_QUERY_SPLIT=1 -DENABLE_SPECIFY_EST_STAT=0 -I/home/pei/Project/duckdb-polr/src/include -I/home/pei/Project/duckdb-polr/third_party/fsst -I/home/pei/Project/duckdb-polr/third_party/fmt/include -I/home/pei/Project/duckdb-polr/third_party/hyperloglog -I/home/pei/Project/duckdb-polr/third_party/fastpforlib -I/home/pei/Project/duckdb-polr/third_party/fast_float -I/home/pei/Project/duckdb-polr/third_party/re2 -I/home/pei/Project/duckdb-polr/third_party/miniz -I/home/pei/Project/duckdb-polr/third_party/utf8proc/include -I/home/pei/Project/duckdb-polr/third_party/miniparquet -I/home/pei/Project/duckdb-polr/third_party/concurrentqueue -I/home/pei/Project/duckdb-polr/third_party/pcg -I/home/pei/Project/duckdb-polr/third_party/tdigest -I/home/pei/Project/duckdb-polr/third_party/mbedtls/include -I/home/pei/Project/duckdb-polr/third_party/jaro_winkler -I/home/pei/Project/duckdb-polr/src/parser/../../third_party/libpg_query/include -I/home/pei/Project/duckdb-polr/src/parser/../../third_party/libpg_query -O3 -DNDEBUG -O3 -DNDEBUG   -fPIC -fdiagnostics-color=always -std=c++11 -MD -MT src/parser/transform/helpers/CMakeFiles/duckdb_transformer_helpers.dir/ub_duckdb_transformer_helpers.cpp.o -MF src/parser/transform/helpers/CMakeFiles/duckdb_transformer_helpers.dir/ub_duckdb_transformer_helpers.cpp.o.d -o src/parser/transform/helpers/CMakeFiles/duckdb_transformer_helpers.dir/ub_duckdb_transformer_helpers.cpp.o -c /home/pei/Project/duckdb-polr/build/release/src/parser/transform/helpers/ub_duckdb_transformer_helpers.cpp
[25/376] /usr/bin/ccache /usr/lib/ccache/c++ -DDUCKDB -DDUCKDB_BUILD_LIBRARY -DDUCKDB_MAIN_LIBRARY -DENABLE_CROSS_PRODUCT_REWRITE=1 -DENABLE_DEBUG_PRINT=0 -DENABLE_MEASURE_EXE_TIME=0 -DENABLE_MERGE_BACK_PLAN=0 -DENABLE_PARALLEL_EXECUTION=0 -DENABLE_QUERY_SPLIT=1 -DENABLE_SPECIFY_EST_STAT=0 -I/home/pei/Project/duckdb-polr/src/include -I/home/pei/Project/duckdb-polr/third_party/fsst -I/home/pei/Project/duckdb-polr/third_party/fmt/include -I/home/pei/Project/duckdb-polr/third_party/hyperloglog -I/home/pei/Project/duckdb-polr/third_party/fastpforlib -I/home/pei/Project/duckdb-polr/third_party/fast_float -I/home/pei/Project/duckdb-polr/third_party/re2 -I/home/pei/Project/duckdb-polr/third_party/miniz -I/home/pei/Project/duckdb-polr/third_party/utf8proc/include -I/home/pei/Project/duckdb-polr/third_party/miniparquet -I/home/pei/Project/duckdb-polr/third_party/concurrentqueue -I/home/pei/Project/duckdb-polr/third_party/pcg -I/home/pei/Project/duckdb-polr/third_party/tdigest -I/home/pei/Project/duckdb-polr/third_party/mbedtls/include -I/home/pei/Project/duckdb-polr/third_party/jaro_winkler -O3 -DNDEBUG -O3 -DNDEBUG   -fPIC -fdiagnostics-color=always -std=c++11 -MD -MT src/function/aggregate/CMakeFiles/duckdb_func_aggr.dir/ub_duckdb_func_aggr.cpp.o -MF src/function/aggregate/CMakeFiles/duckdb_func_aggr.dir/ub_duckdb_func_aggr.cpp.o.d -o src/function/aggregate/CMakeFiles/duckdb_func_aggr.dir/ub_duckdb_func_aggr.cpp.o -c /home/pei/Project/duckdb-polr/build/release/src/function/aggregate/ub_duckdb_func_aggr.cpp
[26/376] /usr/bin/ccache /usr/lib/ccache/c++ -DDUCKDB -DDUCKDB_BUILD_LIBRARY -DDUCKDB_MAIN_LIBRARY -DENABLE_CROSS_PRODUCT_REWRITE=1 -DENABLE_DEBUG_PRINT=0 -DENABLE_MEASURE_EXE_TIME=0 -DENABLE_MERGE_BACK_PLAN=0 -DENABLE_PARALLEL_EXECUTION=0 -DENABLE_QUERY_SPLIT=1 -DENABLE_SPECIFY_EST_STAT=0 -I/home/pei/Project/duckdb-polr/src/include -I/home/pei/Project/duckdb-polr/third_party/fsst -I/home/pei/Project/duckdb-polr/third_party/fmt/include -I/home/pei/Project/duckdb-polr/third_party/hyperloglog -I/home/pei/Project/duckdb-polr/third_party/fastpforlib -I/home/pei/Project/duckdb-polr/third_party/fast_float -I/home/pei/Project/duckdb-polr/third_party/re2 -I/home/pei/Project/duckdb-polr/third_party/miniz -I/home/pei/Project/duckdb-polr/third_party/utf8proc/include -I/home/pei/Project/duckdb-polr/third_party/miniparquet -I/home/pei/Project/duckdb-polr/third_party/concurrentqueue -I/home/pei/Project/duckdb-polr/third_party/pcg -I/home/pei/Project/duckdb-polr/third_party/tdigest -I/home/pei/Project/duckdb-polr/third_party/mbedtls/include -I/home/pei/Project/duckdb-polr/third_party/jaro_winkler -I/home/pei/Project/duckdb-polr/src/parser/../../third_party/libpg_query/include -I/home/pei/Project/duckdb-polr/src/parser/../../third_party/libpg_query -O3 -DNDEBUG -O3 -DNDEBUG   -fPIC -fdiagnostics-color=always -std=c++11 -MD -MT src/parser/transform/constraint/CMakeFiles/duckdb_transformer_constraint.dir/ub_duckdb_transformer_constraint.cpp.o -MF src/parser/transform/constraint/CMakeFiles/duckdb_transformer_constraint.dir/ub_duckdb_transformer_constraint.cpp.o.d -o src/parser/transform/constraint/CMakeFiles/duckdb_transformer_constraint.dir/ub_duckdb_transformer_constraint.cpp.o -c /home/pei/Project/duckdb-polr/build/release/src/parser/transform/constraint/ub_duckdb_transformer_constraint.cpp
[27/376] /usr/bin/ccache /usr/lib/ccache/c++ -DDUCKDB -DDUCKDB_BUILD_LIBRARY -DDUCKDB_MAIN_LIBRARY -DENABLE_CROSS_PRODUCT_REWRITE=1 -DENABLE_DEBUG_PRINT=0 -DENABLE_MEASURE_EXE_TIME=0 -DENABLE_MERGE_BACK_PLAN=0 -DENABLE_PARALLEL_EXECUTION=0 -DENABLE_QUERY_SPLIT=1 -DENABLE_SPECIFY_EST_STAT=0 -I/home/pei/Project/duckdb-polr/src/include -I/home/pei/Project/duckdb-polr/third_party/fsst -I/home/pei/Project/duckdb-polr/third_party/fmt/include -I/home/pei/Project/duckdb-polr/third_party/hyperloglog -I/home/pei/Project/duckdb-polr/third_party/fastpforlib -I/home/pei/Project/duckdb-polr/third_party/fast_float -I/home/pei/Project/duckdb-polr/third_party/re2 -I/home/pei/Project/duckdb-polr/third_party/miniz -I/home/pei/Project/duckdb-polr/third_party/utf8proc/include -I/home/pei/Project/duckdb-polr/third_party/miniparquet -I/home/pei/Project/duckdb-polr/third_party/concurrentqueue -I/home/pei/Project/duckdb-polr/third_party/pcg -I/home/pei/Project/duckdb-polr/third_party/tdigest -I/home/pei/Project/duckdb-polr/third_party/mbedtls/include -I/home/pei/Project/duckdb-polr/third_party/jaro_winkler -I/home/pei/Project/duckdb-polr/src/parser/../../third_party/libpg_query/include -I/home/pei/Project/duckdb-polr/src/parser/../../third_party/libpg_query -O3 -DNDEBUG -O3 -DNDEBUG   -fPIC -fdiagnostics-color=always -std=c++11 -MD -MT src/parser/parsed_data/CMakeFiles/duckdb_parsed_data.dir/ub_duckdb_parsed_data.cpp.o -MF src/parser/parsed_data/CMakeFiles/duckdb_parsed_data.dir/ub_duckdb_parsed_data.cpp.o.d -o src/parser/parsed_data/CMakeFiles/duckdb_parsed_data.dir/ub_duckdb_parsed_data.cpp.o -c /home/pei/Project/duckdb-polr/build/release/src/parser/parsed_data/ub_duckdb_parsed_data.cpp
[28/376] /usr/bin/ccache /usr/lib/ccache/c++ -DDUCKDB -DDUCKDB_BUILD_LIBRARY -DDUCKDB_MAIN_LIBRARY -DENABLE_CROSS_PRODUCT_REWRITE=1 -DENABLE_DEBUG_PRINT=0 -DENABLE_MEASURE_EXE_TIME=0 -DENABLE_MERGE_BACK_PLAN=0 -DENABLE_PARALLEL_EXECUTION=0 -DENABLE_QUERY_SPLIT=1 -DENABLE_SPECIFY_EST_STAT=0 -I/home/pei/Project/duckdb-polr/src/include -I/home/pei/Project/duckdb-polr/third_party/fsst -I/home/pei/Project/duckdb-polr/third_party/fmt/include -I/home/pei/Project/duckdb-polr/third_party/hyperloglog -I/home/pei/Project/duckdb-polr/third_party/fastpforlib -I/home/pei/Project/duckdb-polr/third_party/fast_float -I/home/pei/Project/duckdb-polr/third_party/re2 -I/home/pei/Project/duckdb-polr/third_party/miniz -I/home/pei/Project/duckdb-polr/third_party/utf8proc/include -I/home/pei/Project/duckdb-polr/third_party/miniparquet -I/home/pei/Project/duckdb-polr/third_party/concurrentqueue -I/home/pei/Project/duckdb-polr/third_party/pcg -I/home/pei/Project/duckdb-polr/third_party/tdigest -I/home/pei/Project/duckdb-polr/third_party/mbedtls/include -I/home/pei/Project/duckdb-polr/third_party/jaro_winkler -I/home/pei/Project/duckdb-polr/src/parser/../../third_party/libpg_query/include -I/home/pei/Project/duckdb-polr/src/parser/../../third_party/libpg_query -O3 -DNDEBUG -O3 -DNDEBUG   -fPIC -fdiagnostics-color=always -std=c++11 -MD -MT src/parser/transform/statement/CMakeFiles/duckdb_transformer_statement.dir/ub_duckdb_transformer_statement.cpp.o -MF src/parser/transform/statement/CMakeFiles/duckdb_transformer_statement.dir/ub_duckdb_transformer_statement.cpp.o.d -o src/parser/transform/statement/CMakeFiles/duckdb_transformer_statement.dir/ub_duckdb_transformer_statement.cpp.o -c /home/pei/Project/duckdb-polr/build/release/src/parser/transform/statement/ub_duckdb_transformer_statement.cpp
[29/376] /usr/bin/ccache /usr/lib/ccache/c++ -DDUCKDB -DDUCKDB_BUILD_LIBRARY -DDUCKDB_MAIN_LIBRARY -DENABLE_CROSS_PRODUCT_REWRITE=1 -DENABLE_DEBUG_PRINT=0 -DENABLE_MEASURE_EXE_TIME=0 -DENABLE_MERGE_BACK_PLAN=0 -DENABLE_PARALLEL_EXECUTION=0 -DENABLE_QUERY_SPLIT=1 -DENABLE_SPECIFY_EST_STAT=0 -I/home/pei/Project/duckdb-polr/src/include -I/home/pei/Project/duckdb-polr/third_party/fsst -I/home/pei/Project/duckdb-polr/third_party/fmt/include -I/home/pei/Project/duckdb-polr/third_party/hyperloglog -I/home/pei/Project/duckdb-polr/third_party/fastpforlib -I/home/pei/Project/duckdb-polr/third_party/fast_float -I/home/pei/Project/duckdb-polr/third_party/re2 -I/home/pei/Project/duckdb-polr/third_party/miniz -I/home/pei/Project/duckdb-polr/third_party/utf8proc/include -I/home/pei/Project/duckdb-polr/third_party/miniparquet -I/home/pei/Project/duckdb-polr/third_party/concurrentqueue -I/home/pei/Project/duckdb-polr/third_party/pcg -I/home/pei/Project/duckdb-polr/third_party/tdigest -I/home/pei/Project/duckdb-polr/third_party/mbedtls/include -I/home/pei/Project/duckdb-polr/third_party/jaro_winkler -O3 -DNDEBUG -O3 -DNDEBUG   -fPIC -fdiagnostics-color=always -std=c++11 -MD -MT src/function/aggregate/regression/CMakeFiles/duckdb_aggr_regr.dir/ub_duckdb_aggr_regr.cpp.o -MF src/function/aggregate/regression/CMakeFiles/duckdb_aggr_regr.dir/ub_duckdb_aggr_regr.cpp.o.d -o src/function/aggregate/regression/CMakeFiles/duckdb_aggr_regr.dir/ub_duckdb_aggr_regr.cpp.o -c /home/pei/Project/duckdb-polr/build/release/src/function/aggregate/regression/ub_duckdb_aggr_regr.cpp
[30/376] /usr/bin/ccache /usr/lib/ccache/c++ -DDUCKDB -DDUCKDB_BUILD_LIBRARY -DDUCKDB_MAIN_LIBRARY -DENABLE_CROSS_PRODUCT_REWRITE=1 -DENABLE_DEBUG_PRINT=0 -DENABLE_MEASURE_EXE_TIME=0 -DENABLE_MERGE_BACK_PLAN=0 -DENABLE_PARALLEL_EXECUTION=0 -DENABLE_QUERY_SPLIT=1 -DENABLE_SPECIFY_EST_STAT=0 -I/home/pei/Project/duckdb-polr/src/include -I/home/pei/Project/duckdb-polr/third_party/fsst -I/home/pei/Project/duckdb-polr/third_party/fmt/include -I/home/pei/Project/duckdb-polr/third_party/hyperloglog -I/home/pei/Project/duckdb-polr/third_party/fastpforlib -I/home/pei/Project/duckdb-polr/third_party/fast_float -I/home/pei/Project/duckdb-polr/third_party/re2 -I/home/pei/Project/duckdb-polr/third_party/miniz -I/home/pei/Project/duckdb-polr/third_party/utf8proc/include -I/home/pei/Project/duckdb-polr/third_party/miniparquet -I/home/pei/Project/duckdb-polr/third_party/concurrentqueue -I/home/pei/Project/duckdb-polr/third_party/pcg -I/home/pei/Project/duckdb-polr/third_party/tdigest -I/home/pei/Project/duckdb-polr/third_party/mbedtls/include -I/home/pei/Project/duckdb-polr/third_party/jaro_winkler -I/home/pei/Project/duckdb-polr/src/parser/../../third_party/libpg_query/include -I/home/pei/Project/duckdb-polr/src/parser/../../third_party/libpg_query -O3 -DNDEBUG -O3 -DNDEBUG   -fPIC -fdiagnostics-color=always -std=c++11 -MD -MT src/parser/transform/expression/CMakeFiles/duckdb_transformer_expression.dir/ub_duckdb_transformer_expression.cpp.o -MF src/parser/transform/expression/CMakeFiles/duckdb_transformer_expression.dir/ub_duckdb_transformer_expression.cpp.o.d -o src/parser/transform/expression/CMakeFiles/duckdb_transformer_expression.dir/ub_duckdb_transformer_expression.cpp.o -c /home/pei/Project/duckdb-polr/build/release/src/parser/transform/expression/ub_duckdb_transformer_expression.cpp
[31/376] /usr/bin/ccache /usr/lib/ccache/c++ -DDUCKDB -DDUCKDB_BUILD_LIBRARY -DDUCKDB_MAIN_LIBRARY -DENABLE_CROSS_PRODUCT_REWRITE=1 -DENABLE_DEBUG_PRINT=0 -DENABLE_MEASURE_EXE_TIME=0 -DENABLE_MERGE_BACK_PLAN=0 -DENABLE_PARALLEL_EXECUTION=0 -DENABLE_QUERY_SPLIT=1 -DENABLE_SPECIFY_EST_STAT=0 -I/home/pei/Project/duckdb-polr/src/include -I/home/pei/Project/duckdb-polr/third_party/fsst -I/home/pei/Project/duckdb-polr/third_party/fmt/include -I/home/pei/Project/duckdb-polr/third_party/hyperloglog -I/home/pei/Project/duckdb-polr/third_party/fastpforlib -I/home/pei/Project/duckdb-polr/third_party/fast_float -I/home/pei/Project/duckdb-polr/third_party/re2 -I/home/pei/Project/duckdb-polr/third_party/miniz -I/home/pei/Project/duckdb-polr/third_party/utf8proc/include -I/home/pei/Project/duckdb-polr/third_party/miniparquet -I/home/pei/Project/duckdb-polr/third_party/concurrentqueue -I/home/pei/Project/duckdb-polr/third_party/pcg -I/home/pei/Project/duckdb-polr/third_party/tdigest -I/home/pei/Project/duckdb-polr/third_party/mbedtls/include -I/home/pei/Project/duckdb-polr/third_party/jaro_winkler -O3 -DNDEBUG -O3 -DNDEBUG   -fPIC -fdiagnostics-color=always -std=c++11 -MD -MT src/planner/subquery/CMakeFiles/duckdb_planner_subquery.dir/ub_duckdb_planner_subquery.cpp.o -MF src/planner/subquery/CMakeFiles/duckdb_planner_subquery.dir/ub_duckdb_planner_subquery.cpp.o.d -o src/planner/subquery/CMakeFiles/duckdb_planner_subquery.dir/ub_duckdb_planner_subquery.cpp.o -c /home/pei/Project/duckdb-polr/build/release/src/planner/subquery/ub_duckdb_planner_subquery.cpp
[32/376] /usr/bin/ccache /usr/lib/ccache/c++ -DDUCKDB -DDUCKDB_BUILD_LIBRARY -DDUCKDB_MAIN_LIBRARY -DENABLE_CROSS_PRODUCT_REWRITE=1 -DENABLE_DEBUG_PRINT=0 -DENABLE_MEASURE_EXE_TIME=0 -DENABLE_MERGE_BACK_PLAN=0 -DENABLE_PARALLEL_EXECUTION=0 -DENABLE_QUERY_SPLIT=1 -DENABLE_SPECIFY_EST_STAT=0 -I/home/pei/Project/duckdb-polr/src/include -I/home/pei/Project/duckdb-polr/third_party/fsst -I/home/pei/Project/duckdb-polr/third_party/fmt/include -I/home/pei/Project/duckdb-polr/third_party/hyperloglog -I/home/pei/Project/duckdb-polr/third_party/fastpforlib -I/home/pei/Project/duckdb-polr/third_party/fast_float -I/home/pei/Project/duckdb-polr/third_party/re2 -I/home/pei/Project/duckdb-polr/third_party/miniz -I/home/pei/Project/duckdb-polr/third_party/utf8proc/include -I/home/pei/Project/duckdb-polr/third_party/miniparquet -I/home/pei/Project/duckdb-polr/third_party/concurrentqueue -I/home/pei/Project/duckdb-polr/third_party/pcg -I/home/pei/Project/duckdb-polr/third_party/tdigest -I/home/pei/Project/duckdb-polr/third_party/mbedtls/include -I/home/pei/Project/duckdb-polr/third_party/jaro_winkler -O3 -DNDEBUG -O3 -DNDEBUG   -fPIC -fdiagnostics-color=always -std=c++11 -MD -MT src/function/scalar/CMakeFiles/duckdb_func_scalar.dir/ub_duckdb_func_scalar.cpp.o -MF src/function/scalar/CMakeFiles/duckdb_func_scalar.dir/ub_duckdb_func_scalar.cpp.o.d -o src/function/scalar/CMakeFiles/duckdb_func_scalar.dir/ub_duckdb_func_scalar.cpp.o -c /home/pei/Project/duckdb-polr/build/release/src/function/scalar/ub_duckdb_func_scalar.cpp
[33/376] /usr/bin/ccache /usr/lib/ccache/c++ -DDUCKDB -DDUCKDB_BUILD_LIBRARY -DDUCKDB_MAIN_LIBRARY -DENABLE_CROSS_PRODUCT_REWRITE=1 -DENABLE_DEBUG_PRINT=0 -DENABLE_MEASURE_EXE_TIME=0 -DENABLE_MERGE_BACK_PLAN=0 -DENABLE_PARALLEL_EXECUTION=0 -DENABLE_QUERY_SPLIT=1 -DENABLE_SPECIFY_EST_STAT=0 -I/home/pei/Project/duckdb-polr/src/include -I/home/pei/Project/duckdb-polr/third_party/fsst -I/home/pei/Project/duckdb-polr/third_party/fmt/include -I/home/pei/Project/duckdb-polr/third_party/hyperloglog -I/home/pei/Project/duckdb-polr/third_party/fastpforlib -I/home/pei/Project/duckdb-polr/third_party/fast_float -I/home/pei/Project/duckdb-polr/third_party/re2 -I/home/pei/Project/duckdb-polr/third_party/miniz -I/home/pei/Project/duckdb-polr/third_party/utf8proc/include -I/home/pei/Project/duckdb-polr/third_party/miniparquet -I/home/pei/Project/duckdb-polr/third_party/concurrentqueue -I/home/pei/Project/duckdb-polr/third_party/pcg -I/home/pei/Project/duckdb-polr/third_party/tdigest -I/home/pei/Project/duckdb-polr/third_party/mbedtls/include -I/home/pei/Project/duckdb-polr/third_party/jaro_winkler -O3 -DNDEBUG -O3 -DNDEBUG   -fPIC -fdiagnostics-color=always -std=c++11 -MD -MT src/function/cast/CMakeFiles/duckdb_func_cast.dir/ub_duckdb_func_cast.cpp.o -MF src/function/cast/CMakeFiles/duckdb_func_cast.dir/ub_duckdb_func_cast.cpp.o.d -o src/function/cast/CMakeFiles/duckdb_func_cast.dir/ub_duckdb_func_cast.cpp.o -c /home/pei/Project/duckdb-polr/build/release/src/function/cast/ub_duckdb_func_cast.cpp
[34/376] /usr/bin/ccache /usr/lib/ccache/c++ -DDUCKDB -DDUCKDB_BUILD_LIBRARY -DDUCKDB_MAIN_LIBRARY -DENABLE_CROSS_PRODUCT_REWRITE=1 -DENABLE_DEBUG_PRINT=0 -DENABLE_MEASURE_EXE_TIME=0 -DENABLE_MERGE_BACK_PLAN=0 -DENABLE_PARALLEL_EXECUTION=0 -DENABLE_QUERY_SPLIT=1 -DENABLE_SPECIFY_EST_STAT=0 -I/home/pei/Project/duckdb-polr/src/include -I/home/pei/Project/duckdb-polr/third_party/fsst -I/home/pei/Project/duckdb-polr/third_party/fmt/include -I/home/pei/Project/duckdb-polr/third_party/hyperloglog -I/home/pei/Project/duckdb-polr/third_party/fastpforlib -I/home/pei/Project/duckdb-polr/third_party/fast_float -I/home/pei/Project/duckdb-polr/third_party/re2 -I/home/pei/Project/duckdb-polr/third_party/miniz -I/home/pei/Project/duckdb-polr/third_party/utf8proc/include -I/home/pei/Project/duckdb-polr/third_party/miniparquet -I/home/pei/Project/duckdb-polr/third_party/concurrentqueue -I/home/pei/Project/duckdb-polr/third_party/pcg -I/home/pei/Project/duckdb-polr/third_party/tdigest -I/home/pei/Project/duckdb-polr/third_party/mbedtls/include -I/home/pei/Project/duckdb-polr/third_party/jaro_winkler -O3 -DNDEBUG -O3 -DNDEBUG   -fPIC -fdiagnostics-color=always -std=c++11 -MD -MT src/function/pragma/CMakeFiles/duckdb_func_pragma.dir/ub_duckdb_func_pragma.cpp.o -MF src/function/pragma/CMakeFiles/duckdb_func_pragma.dir/ub_duckdb_func_pragma.cpp.o.d -o src/function/pragma/CMakeFiles/duckdb_func_pragma.dir/ub_duckdb_func_pragma.cpp.o -c /home/pei/Project/duckdb-polr/build/release/src/function/pragma/ub_duckdb_func_pragma.cpp
[35/376] /usr/bin/ccache /usr/lib/ccache/c++ -DDUCKDB -DDUCKDB_BUILD_LIBRARY -DDUCKDB_MAIN_LIBRARY -DENABLE_CROSS_PRODUCT_REWRITE=1 -DENABLE_DEBUG_PRINT=0 -DENABLE_MEASURE_EXE_TIME=0 -DENABLE_MERGE_BACK_PLAN=0 -DENABLE_PARALLEL_EXECUTION=0 -DENABLE_QUERY_SPLIT=1 -DENABLE_SPECIFY_EST_STAT=0 -I/home/pei/Project/duckdb-polr/src/include -I/home/pei/Project/duckdb-polr/third_party/fsst -I/home/pei/Project/duckdb-polr/third_party/fmt/include -I/home/pei/Project/duckdb-polr/third_party/hyperloglog -I/home/pei/Project/duckdb-polr/third_party/fastpforlib -I/home/pei/Project/duckdb-polr/third_party/fast_float -I/home/pei/Project/duckdb-polr/third_party/re2 -I/home/pei/Project/duckdb-polr/third_party/miniz -I/home/pei/Project/duckdb-polr/third_party/utf8proc/include -I/home/pei/Project/duckdb-polr/third_party/miniparquet -I/home/pei/Project/duckdb-polr/third_party/concurrentqueue -I/home/pei/Project/duckdb-polr/third_party/pcg -I/home/pei/Project/duckdb-polr/third_party/tdigest -I/home/pei/Project/duckdb-polr/third_party/mbedtls/include -I/home/pei/Project/duckdb-polr/third_party/jaro_winkler -O3 -DNDEBUG -O3 -DNDEBUG   -fPIC -fdiagnostics-color=always -std=c++11 -MD -MT src/function/scalar/blob/CMakeFiles/duckdb_func_blob.dir/ub_duckdb_func_blob.cpp.o -MF src/function/scalar/blob/CMakeFiles/duckdb_func_blob.dir/ub_duckdb_func_blob.cpp.o.d -o src/function/scalar/blob/CMakeFiles/duckdb_func_blob.dir/ub_duckdb_func_blob.cpp.o -c /home/pei/Project/duckdb-polr/build/release/src/function/scalar/blob/ub_duckdb_func_blob.cpp
[36/376] /usr/bin/ccache /usr/lib/ccache/c++ -DDUCKDB -DDUCKDB_BUILD_LIBRARY -DDUCKDB_MAIN_LIBRARY -DENABLE_CROSS_PRODUCT_REWRITE=1 -DENABLE_DEBUG_PRINT=0 -DENABLE_MEASURE_EXE_TIME=0 -DENABLE_MERGE_BACK_PLAN=0 -DENABLE_PARALLEL_EXECUTION=0 -DENABLE_QUERY_SPLIT=1 -DENABLE_SPECIFY_EST_STAT=0 -I/home/pei/Project/duckdb-polr/src/include -I/home/pei/Project/duckdb-polr/third_party/fsst -I/home/pei/Project/duckdb-polr/third_party/fmt/include -I/home/pei/Project/duckdb-polr/third_party/hyperloglog -I/home/pei/Project/duckdb-polr/third_party/fastpforlib -I/home/pei/Project/duckdb-polr/third_party/fast_float -I/home/pei/Project/duckdb-polr/third_party/re2 -I/home/pei/Project/duckdb-polr/third_party/miniz -I/home/pei/Project/duckdb-polr/third_party/utf8proc/include -I/home/pei/Project/duckdb-polr/third_party/miniparquet -I/home/pei/Project/duckdb-polr/third_party/concurrentqueue -I/home/pei/Project/duckdb-polr/third_party/pcg -I/home/pei/Project/duckdb-polr/third_party/tdigest -I/home/pei/Project/duckdb-polr/third_party/mbedtls/include -I/home/pei/Project/duckdb-polr/third_party/jaro_winkler -O3 -DNDEBUG -O3 -DNDEBUG   -fPIC -fdiagnostics-color=always -std=c++11 -MD -MT src/function/scalar/map/CMakeFiles/duckdb_func_map_nested.dir/ub_duckdb_func_map_nested.cpp.o -MF src/function/scalar/map/CMakeFiles/duckdb_func_map_nested.dir/ub_duckdb_func_map_nested.cpp.o.d -o src/function/scalar/map/CMakeFiles/duckdb_func_map_nested.dir/ub_duckdb_func_map_nested.cpp.o -c /home/pei/Project/duckdb-polr/build/release/src/function/scalar/map/ub_duckdb_func_map_nested.cpp
[37/376] /usr/bin/ccache /usr/lib/ccache/c++ -DDUCKDB -DDUCKDB_BUILD_LIBRARY -DDUCKDB_MAIN_LIBRARY -DENABLE_CROSS_PRODUCT_REWRITE=1 -DENABLE_DEBUG_PRINT=0 -DENABLE_MEASURE_EXE_TIME=0 -DENABLE_MERGE_BACK_PLAN=0 -DENABLE_PARALLEL_EXECUTION=0 -DENABLE_QUERY_SPLIT=1 -DENABLE_SPECIFY_EST_STAT=0 -I/home/pei/Project/duckdb-polr/src/include -I/home/pei/Project/duckdb-polr/third_party/fsst -I/home/pei/Project/duckdb-polr/third_party/fmt/include -I/home/pei/Project/duckdb-polr/third_party/hyperloglog -I/home/pei/Project/duckdb-polr/third_party/fastpforlib -I/home/pei/Project/duckdb-polr/third_party/fast_float -I/home/pei/Project/duckdb-polr/third_party/re2 -I/home/pei/Project/duckdb-polr/third_party/miniz -I/home/pei/Project/duckdb-polr/third_party/utf8proc/include -I/home/pei/Project/duckdb-polr/third_party/miniparquet -I/home/pei/Project/duckdb-polr/third_party/concurrentqueue -I/home/pei/Project/duckdb-polr/third_party/pcg -I/home/pei/Project/duckdb-polr/third_party/tdigest -I/home/pei/Project/duckdb-polr/third_party/mbedtls/include -I/home/pei/Project/duckdb-polr/third_party/jaro_winkler -O3 -DNDEBUG -O3 -DNDEBUG   -fPIC -fdiagnostics-color=always -std=c++11 -MD -MT src/function/scalar/generic/CMakeFiles/duckdb_func_generic.dir/ub_duckdb_func_generic.cpp.o -MF src/function/scalar/generic/CMakeFiles/duckdb_func_generic.dir/ub_duckdb_func_generic.cpp.o.d -o src/function/scalar/generic/CMakeFiles/duckdb_func_generic.dir/ub_duckdb_func_generic.cpp.o -c /home/pei/Project/duckdb-polr/build/release/src/function/scalar/generic/ub_duckdb_func_generic.cpp
[38/376] /usr/bin/ccache /usr/lib/ccache/c++ -DDUCKDB -DDUCKDB_BUILD_LIBRARY -DDUCKDB_MAIN_LIBRARY -DENABLE_CROSS_PRODUCT_REWRITE=1 -DENABLE_DEBUG_PRINT=0 -DENABLE_MEASURE_EXE_TIME=0 -DENABLE_MERGE_BACK_PLAN=0 -DENABLE_PARALLEL_EXECUTION=0 -DENABLE_QUERY_SPLIT=1 -DENABLE_SPECIFY_EST_STAT=0 -I/home/pei/Project/duckdb-polr/src/include -I/home/pei/Project/duckdb-polr/third_party/fsst -I/home/pei/Project/duckdb-polr/third_party/fmt/include -I/home/pei/Project/duckdb-polr/third_party/hyperloglog -I/home/pei/Project/duckdb-polr/third_party/fastpforlib -I/home/pei/Project/duckdb-polr/third_party/fast_float -I/home/pei/Project/duckdb-polr/third_party/re2 -I/home/pei/Project/duckdb-polr/third_party/miniz -I/home/pei/Project/duckdb-polr/third_party/utf8proc/include -I/home/pei/Project/duckdb-polr/third_party/miniparquet -I/home/pei/Project/duckdb-polr/third_party/concurrentqueue -I/home/pei/Project/duckdb-polr/third_party/pcg -I/home/pei/Project/duckdb-polr/third_party/tdigest -I/home/pei/Project/duckdb-polr/third_party/mbedtls/include -I/home/pei/Project/duckdb-polr/third_party/jaro_winkler -O3 -DNDEBUG -O3 -DNDEBUG   -fPIC -fdiagnostics-color=always -std=c++11 -MD -MT src/function/scalar/operators/CMakeFiles/duckdb_func_ops.dir/ub_duckdb_func_ops.cpp.o -MF src/function/scalar/operators/CMakeFiles/duckdb_func_ops.dir/ub_duckdb_func_ops.cpp.o.d -o src/function/scalar/operators/CMakeFiles/duckdb_func_ops.dir/ub_duckdb_func_ops.cpp.o -c /home/pei/Project/duckdb-polr/build/release/src/function/scalar/operators/ub_duckdb_func_ops.cpp
[39/376] /usr/bin/ccache /usr/lib/ccache/c++ -DDUCKDB -DDUCKDB_BUILD_LIBRARY -DDUCKDB_MAIN_LIBRARY -DENABLE_CROSS_PRODUCT_REWRITE=1 -DENABLE_DEBUG_PRINT=0 -DENABLE_MEASURE_EXE_TIME=0 -DENABLE_MERGE_BACK_PLAN=0 -DENABLE_PARALLEL_EXECUTION=0 -DENABLE_QUERY_SPLIT=1 -DENABLE_SPECIFY_EST_STAT=0 -I/home/pei/Project/duckdb-polr/src/include -I/home/pei/Project/duckdb-polr/third_party/fsst -I/home/pei/Project/duckdb-polr/third_party/fmt/include -I/home/pei/Project/duckdb-polr/third_party/hyperloglog -I/home/pei/Project/duckdb-polr/third_party/fastpforlib -I/home/pei/Project/duckdb-polr/third_party/fast_float -I/home/pei/Project/duckdb-polr/third_party/re2 -I/home/pei/Project/duckdb-polr/third_party/miniz -I/home/pei/Project/duckdb-polr/third_party/utf8proc/include -I/home/pei/Project/duckdb-polr/third_party/miniparquet -I/home/pei/Project/duckdb-polr/third_party/concurrentqueue -I/home/pei/Project/duckdb-polr/third_party/pcg -I/home/pei/Project/duckdb-polr/third_party/tdigest -I/home/pei/Project/duckdb-polr/third_party/mbedtls/include -I/home/pei/Project/duckdb-polr/third_party/jaro_winkler -O3 -DNDEBUG -O3 -DNDEBUG   -fPIC -fdiagnostics-color=always -std=c++11 -MD -MT src/function/CMakeFiles/duckdb_function.dir/ub_duckdb_function.cpp.o -MF src/function/CMakeFiles/duckdb_function.dir/ub_duckdb_function.cpp.o.d -o src/function/CMakeFiles/duckdb_function.dir/ub_duckdb_function.cpp.o -c /home/pei/Project/duckdb-polr/build/release/src/function/ub_duckdb_function.cpp
[40/376] /usr/bin/ccache /usr/lib/ccache/c++ -DDUCKDB -DDUCKDB_BUILD_LIBRARY -DDUCKDB_MAIN_LIBRARY -DENABLE_CROSS_PRODUCT_REWRITE=1 -DENABLE_DEBUG_PRINT=0 -DENABLE_MEASURE_EXE_TIME=0 -DENABLE_MERGE_BACK_PLAN=0 -DENABLE_PARALLEL_EXECUTION=0 -DENABLE_QUERY_SPLIT=1 -DENABLE_SPECIFY_EST_STAT=0 -I/home/pei/Project/duckdb-polr/src/include -I/home/pei/Project/duckdb-polr/third_party/fsst -I/home/pei/Project/duckdb-polr/third_party/fmt/include -I/home/pei/Project/duckdb-polr/third_party/hyperloglog -I/home/pei/Project/duckdb-polr/third_party/fastpforlib -I/home/pei/Project/duckdb-polr/third_party/fast_float -I/home/pei/Project/duckdb-polr/third_party/re2 -I/home/pei/Project/duckdb-polr/third_party/miniz -I/home/pei/Project/duckdb-polr/third_party/utf8proc/include -I/home/pei/Project/duckdb-polr/third_party/miniparquet -I/home/pei/Project/duckdb-polr/third_party/concurrentqueue -I/home/pei/Project/duckdb-polr/third_party/pcg -I/home/pei/Project/duckdb-polr/third_party/tdigest -I/home/pei/Project/duckdb-polr/third_party/mbedtls/include -I/home/pei/Project/duckdb-polr/third_party/jaro_winkler -I/home/pei/Project/duckdb-polr/src/parser/../../third_party/libpg_query/include -I/home/pei/Project/duckdb-polr/src/parser/../../third_party/libpg_query -O3 -DNDEBUG -O3 -DNDEBUG   -fPIC -fdiagnostics-color=always -std=c++11 -MD -MT src/parser/statement/CMakeFiles/duckdb_statement.dir/ub_duckdb_statement.cpp.o -MF src/parser/statement/CMakeFiles/duckdb_statement.dir/ub_duckdb_statement.cpp.o.d -o src/parser/statement/CMakeFiles/duckdb_statement.dir/ub_duckdb_statement.cpp.o -c /home/pei/Project/duckdb-polr/build/release/src/parser/statement/ub_duckdb_statement.cpp
[41/376] /usr/bin/ccache /usr/lib/ccache/c++ -DDUCKDB -DDUCKDB_BUILD_LIBRARY -DDUCKDB_MAIN_LIBRARY -DENABLE_CROSS_PRODUCT_REWRITE=1 -DENABLE_DEBUG_PRINT=0 -DENABLE_MEASURE_EXE_TIME=0 -DENABLE_MERGE_BACK_PLAN=0 -DENABLE_PARALLEL_EXECUTION=0 -DENABLE_QUERY_SPLIT=1 -DENABLE_SPECIFY_EST_STAT=0 -I/home/pei/Project/duckdb-polr/src/include -I/home/pei/Project/duckdb-polr/third_party/fsst -I/home/pei/Project/duckdb-polr/third_party/fmt/include -I/home/pei/Project/duckdb-polr/third_party/hyperloglog -I/home/pei/Project/duckdb-polr/third_party/fastpforlib -I/home/pei/Project/duckdb-polr/third_party/fast_float -I/home/pei/Project/duckdb-polr/third_party/re2 -I/home/pei/Project/duckdb-polr/third_party/miniz -I/home/pei/Project/duckdb-polr/third_party/utf8proc/include -I/home/pei/Project/duckdb-polr/third_party/miniparquet -I/home/pei/Project/duckdb-polr/third_party/concurrentqueue -I/home/pei/Project/duckdb-polr/third_party/pcg -I/home/pei/Project/duckdb-polr/third_party/tdigest -I/home/pei/Project/duckdb-polr/third_party/mbedtls/include -I/home/pei/Project/duckdb-polr/third_party/jaro_winkler -O3 -DNDEBUG -O3 -DNDEBUG   -fPIC -fdiagnostics-color=always -std=c++11 -MD -MT src/function/scalar/system/CMakeFiles/duckdb_func_system.dir/ub_duckdb_func_system.cpp.o -MF src/function/scalar/system/CMakeFiles/duckdb_func_system.dir/ub_duckdb_func_system.cpp.o.d -o src/function/scalar/system/CMakeFiles/duckdb_func_system.dir/ub_duckdb_func_system.cpp.o -c /home/pei/Project/duckdb-polr/build/release/src/function/scalar/system/ub_duckdb_func_system.cpp
[42/376] /usr/bin/ccache /usr/lib/ccache/c++ -DDUCKDB -DDUCKDB_BUILD_LIBRARY -DDUCKDB_MAIN_LIBRARY -DENABLE_CROSS_PRODUCT_REWRITE=1 -DENABLE_DEBUG_PRINT=0 -DENABLE_MEASURE_EXE_TIME=0 -DENABLE_MERGE_BACK_PLAN=0 -DENABLE_PARALLEL_EXECUTION=0 -DENABLE_QUERY_SPLIT=1 -DENABLE_SPECIFY_EST_STAT=0 -I/home/pei/Project/duckdb-polr/src/include -I/home/pei/Project/duckdb-polr/third_party/fsst -I/home/pei/Project/duckdb-polr/third_party/fmt/include -I/home/pei/Project/duckdb-polr/third_party/hyperloglog -I/home/pei/Project/duckdb-polr/third_party/fastpforlib -I/home/pei/Project/duckdb-polr/third_party/fast_float -I/home/pei/Project/duckdb-polr/third_party/re2 -I/home/pei/Project/duckdb-polr/third_party/miniz -I/home/pei/Project/duckdb-polr/third_party/utf8proc/include -I/home/pei/Project/duckdb-polr/third_party/miniparquet -I/home/pei/Project/duckdb-polr/third_party/concurrentqueue -I/home/pei/Project/duckdb-polr/third_party/pcg -I/home/pei/Project/duckdb-polr/third_party/tdigest -I/home/pei/Project/duckdb-polr/third_party/mbedtls/include -I/home/pei/Project/duckdb-polr/third_party/jaro_winkler -O3 -DNDEBUG -O3 -DNDEBUG   -fPIC -fdiagnostics-color=always -std=c++11 -MD -MT src/function/scalar/list/CMakeFiles/duckdb_func_list.dir/ub_duckdb_func_list.cpp.o -MF src/function/scalar/list/CMakeFiles/duckdb_func_list.dir/ub_duckdb_func_list.cpp.o.d -o src/function/scalar/list/CMakeFiles/duckdb_func_list.dir/ub_duckdb_func_list.cpp.o -c /home/pei/Project/duckdb-polr/build/release/src/function/scalar/list/ub_duckdb_func_list.cpp
[43/376] /usr/bin/ccache /usr/lib/ccache/c++ -DDUCKDB -DDUCKDB_BUILD_LIBRARY -DDUCKDB_MAIN_LIBRARY -DENABLE_CROSS_PRODUCT_REWRITE=1 -DENABLE_DEBUG_PRINT=0 -DENABLE_MEASURE_EXE_TIME=0 -DENABLE_MERGE_BACK_PLAN=0 -DENABLE_PARALLEL_EXECUTION=0 -DENABLE_QUERY_SPLIT=1 -DENABLE_SPECIFY_EST_STAT=0 -I/home/pei/Project/duckdb-polr/src/include -I/home/pei/Project/duckdb-polr/third_party/fsst -I/home/pei/Project/duckdb-polr/third_party/fmt/include -I/home/pei/Project/duckdb-polr/third_party/hyperloglog -I/home/pei/Project/duckdb-polr/third_party/fastpforlib -I/home/pei/Project/duckdb-polr/third_party/fast_float -I/home/pei/Project/duckdb-polr/third_party/re2 -I/home/pei/Project/duckdb-polr/third_party/miniz -I/home/pei/Project/duckdb-polr/third_party/utf8proc/include -I/home/pei/Project/duckdb-polr/third_party/miniparquet -I/home/pei/Project/duckdb-polr/third_party/concurrentqueue -I/home/pei/Project/duckdb-polr/third_party/pcg -I/home/pei/Project/duckdb-polr/third_party/tdigest -I/home/pei/Project/duckdb-polr/third_party/mbedtls/include -I/home/pei/Project/duckdb-polr/third_party/jaro_winkler -O3 -DNDEBUG -O3 -DNDEBUG   -fPIC -fdiagnostics-color=always -std=c++11 -MD -MT src/function/scalar/union/CMakeFiles/duckdb_func_union.dir/ub_duckdb_func_union.cpp.o -MF src/function/scalar/union/CMakeFiles/duckdb_func_union.dir/ub_duckdb_func_union.cpp.o.d -o src/function/scalar/union/CMakeFiles/duckdb_func_union.dir/ub_duckdb_func_union.cpp.o -c /home/pei/Project/duckdb-polr/build/release/src/function/scalar/union/ub_duckdb_func_union.cpp
[44/376] /usr/bin/ccache /usr/lib/ccache/c++ -DDUCKDB -DDUCKDB_BUILD_LIBRARY -DDUCKDB_MAIN_LIBRARY -DENABLE_CROSS_PRODUCT_REWRITE=1 -DENABLE_DEBUG_PRINT=0 -DENABLE_MEASURE_EXE_TIME=0 -DENABLE_MERGE_BACK_PLAN=0 -DENABLE_PARALLEL_EXECUTION=0 -DENABLE_QUERY_SPLIT=1 -DENABLE_SPECIFY_EST_STAT=0 -I/home/pei/Project/duckdb-polr/src/include -I/home/pei/Project/duckdb-polr/third_party/fsst -I/home/pei/Project/duckdb-polr/third_party/fmt/include -I/home/pei/Project/duckdb-polr/third_party/hyperloglog -I/home/pei/Project/duckdb-polr/third_party/fastpforlib -I/home/pei/Project/duckdb-polr/third_party/fast_float -I/home/pei/Project/duckdb-polr/third_party/re2 -I/home/pei/Project/duckdb-polr/third_party/miniz -I/home/pei/Project/duckdb-polr/third_party/utf8proc/include -I/home/pei/Project/duckdb-polr/third_party/miniparquet -I/home/pei/Project/duckdb-polr/third_party/concurrentqueue -I/home/pei/Project/duckdb-polr/third_party/pcg -I/home/pei/Project/duckdb-polr/third_party/tdigest -I/home/pei/Project/duckdb-polr/third_party/mbedtls/include -I/home/pei/Project/duckdb-polr/third_party/jaro_winkler -O3 -DNDEBUG -O3 -DNDEBUG   -fPIC -fdiagnostics-color=always -std=c++11 -MD -MT src/function/scalar/struct/CMakeFiles/duckdb_func_struct.dir/ub_duckdb_func_struct.cpp.o -MF src/function/scalar/struct/CMakeFiles/duckdb_func_struct.dir/ub_duckdb_func_struct.cpp.o.d -o src/function/scalar/struct/CMakeFiles/duckdb_func_struct.dir/ub_duckdb_func_struct.cpp.o -c /home/pei/Project/duckdb-polr/build/release/src/function/scalar/struct/ub_duckdb_func_struct.cpp
[45/376] /usr/bin/ccache /usr/lib/ccache/c++ -DDUCKDB -DDUCKDB_BUILD_LIBRARY -DDUCKDB_MAIN_LIBRARY -DENABLE_CROSS_PRODUCT_REWRITE=1 -DENABLE_DEBUG_PRINT=0 -DENABLE_MEASURE_EXE_TIME=0 -DENABLE_MERGE_BACK_PLAN=0 -DENABLE_PARALLEL_EXECUTION=0 -DENABLE_QUERY_SPLIT=1 -DENABLE_SPECIFY_EST_STAT=0 -I/home/pei/Project/duckdb-polr/src/include -I/home/pei/Project/duckdb-polr/third_party/fsst -I/home/pei/Project/duckdb-polr/third_party/fmt/include -I/home/pei/Project/duckdb-polr/third_party/hyperloglog -I/home/pei/Project/duckdb-polr/third_party/fastpforlib -I/home/pei/Project/duckdb-polr/third_party/fast_float -I/home/pei/Project/duckdb-polr/third_party/re2 -I/home/pei/Project/duckdb-polr/third_party/miniz -I/home/pei/Project/duckdb-polr/third_party/utf8proc/include -I/home/pei/Project/duckdb-polr/third_party/miniparquet -I/home/pei/Project/duckdb-polr/third_party/concurrentqueue -I/home/pei/Project/duckdb-polr/third_party/pcg -I/home/pei/Project/duckdb-polr/third_party/tdigest -I/home/pei/Project/duckdb-polr/third_party/mbedtls/include -I/home/pei/Project/duckdb-polr/third_party/jaro_winkler -O3 -DNDEBUG -O3 -DNDEBUG   -fPIC -fdiagnostics-color=always -std=c++11 -MD -MT src/function/scalar/date/CMakeFiles/duckdb_func_date.dir/ub_duckdb_func_date.cpp.o -MF src/function/scalar/date/CMakeFiles/duckdb_func_date.dir/ub_duckdb_func_date.cpp.o.d -o src/function/scalar/date/CMakeFiles/duckdb_func_date.dir/ub_duckdb_func_date.cpp.o -c /home/pei/Project/duckdb-polr/build/release/src/function/scalar/date/ub_duckdb_func_date.cpp
[46/376] /usr/bin/ccache /usr/lib/ccache/c++ -DDUCKDB -DDUCKDB_BUILD_LIBRARY -DDUCKDB_MAIN_LIBRARY -DENABLE_CROSS_PRODUCT_REWRITE=1 -DENABLE_DEBUG_PRINT=0 -DENABLE_MEASURE_EXE_TIME=0 -DENABLE_MERGE_BACK_PLAN=0 -DENABLE_PARALLEL_EXECUTION=0 -DENABLE_QUERY_SPLIT=1 -DENABLE_SPECIFY_EST_STAT=0 -I/home/pei/Project/duckdb-polr/src/include -I/home/pei/Project/duckdb-polr/third_party/fsst -I/home/pei/Project/duckdb-polr/third_party/fmt/include -I/home/pei/Project/duckdb-polr/third_party/hyperloglog -I/home/pei/Project/duckdb-polr/third_party/fastpforlib -I/home/pei/Project/duckdb-polr/third_party/fast_float -I/home/pei/Project/duckdb-polr/third_party/re2 -I/home/pei/Project/duckdb-polr/third_party/miniz -I/home/pei/Project/duckdb-polr/third_party/utf8proc/include -I/home/pei/Project/duckdb-polr/third_party/miniparquet -I/home/pei/Project/duckdb-polr/third_party/concurrentqueue -I/home/pei/Project/duckdb-polr/third_party/pcg -I/home/pei/Project/duckdb-polr/third_party/tdigest -I/home/pei/Project/duckdb-polr/third_party/mbedtls/include -I/home/pei/Project/duckdb-polr/third_party/jaro_winkler -O3 -DNDEBUG -O3 -DNDEBUG   -fPIC -fdiagnostics-color=always -std=c++11 -MD -MT src/function/scalar/sequence/CMakeFiles/duckdb_func_seq.dir/ub_duckdb_func_seq.cpp.o -MF src/function/scalar/sequence/CMakeFiles/duckdb_func_seq.dir/ub_duckdb_func_seq.cpp.o.d -o src/function/scalar/sequence/CMakeFiles/duckdb_func_seq.dir/ub_duckdb_func_seq.cpp.o -c /home/pei/Project/duckdb-polr/build/release/src/function/scalar/sequence/ub_duckdb_func_seq.cpp
[47/376] /usr/bin/ccache /usr/lib/ccache/c++ -DDUCKDB -DDUCKDB_BUILD_LIBRARY -DDUCKDB_MAIN_LIBRARY -DENABLE_CROSS_PRODUCT_REWRITE=1 -DENABLE_DEBUG_PRINT=0 -DENABLE_MEASURE_EXE_TIME=0 -DENABLE_MERGE_BACK_PLAN=0 -DENABLE_PARALLEL_EXECUTION=0 -DENABLE_QUERY_SPLIT=1 -DENABLE_SPECIFY_EST_STAT=0 -I/home/pei/Project/duckdb-polr/src/include -I/home/pei/Project/duckdb-polr/third_party/fsst -I/home/pei/Project/duckdb-polr/third_party/fmt/include -I/home/pei/Project/duckdb-polr/third_party/hyperloglog -I/home/pei/Project/duckdb-polr/third_party/fastpforlib -I/home/pei/Project/duckdb-polr/third_party/fast_float -I/home/pei/Project/duckdb-polr/third_party/re2 -I/home/pei/Project/duckdb-polr/third_party/miniz -I/home/pei/Project/duckdb-polr/third_party/utf8proc/include -I/home/pei/Project/duckdb-polr/third_party/miniparquet -I/home/pei/Project/duckdb-polr/third_party/concurrentqueue -I/home/pei/Project/duckdb-polr/third_party/pcg -I/home/pei/Project/duckdb-polr/third_party/tdigest -I/home/pei/Project/duckdb-polr/third_party/mbedtls/include -I/home/pei/Project/duckdb-polr/third_party/jaro_winkler -O3 -DNDEBUG -O3 -DNDEBUG   -fPIC -fdiagnostics-color=always -std=c++11 -MD -MT src/function/scalar/math/CMakeFiles/duckdb_func_math.dir/ub_duckdb_func_math.cpp.o -MF src/function/scalar/math/CMakeFiles/duckdb_func_math.dir/ub_duckdb_func_math.cpp.o.d -o src/function/scalar/math/CMakeFiles/duckdb_func_math.dir/ub_duckdb_func_math.cpp.o -c /home/pei/Project/duckdb-polr/build/release/src/function/scalar/math/ub_duckdb_func_math.cpp
[48/376] /usr/bin/ccache /usr/lib/ccache/c++ -DDUCKDB -DDUCKDB_BUILD_LIBRARY -DDUCKDB_MAIN_LIBRARY -DENABLE_CROSS_PRODUCT_REWRITE=1 -DENABLE_DEBUG_PRINT=0 -DENABLE_MEASURE_EXE_TIME=0 -DENABLE_MERGE_BACK_PLAN=0 -DENABLE_PARALLEL_EXECUTION=0 -DENABLE_QUERY_SPLIT=1 -DENABLE_SPECIFY_EST_STAT=0 -I/home/pei/Project/duckdb-polr/src/include -I/home/pei/Project/duckdb-polr/third_party/fsst -I/home/pei/Project/duckdb-polr/third_party/fmt/include -I/home/pei/Project/duckdb-polr/third_party/hyperloglog -I/home/pei/Project/duckdb-polr/third_party/fastpforlib -I/home/pei/Project/duckdb-polr/third_party/fast_float -I/home/pei/Project/duckdb-polr/third_party/re2 -I/home/pei/Project/duckdb-polr/third_party/miniz -I/home/pei/Project/duckdb-polr/third_party/utf8proc/include -I/home/pei/Project/duckdb-polr/third_party/miniparquet -I/home/pei/Project/duckdb-polr/third_party/concurrentqueue -I/home/pei/Project/duckdb-polr/third_party/pcg -I/home/pei/Project/duckdb-polr/third_party/tdigest -I/home/pei/Project/duckdb-polr/third_party/mbedtls/include -I/home/pei/Project/duckdb-polr/third_party/jaro_winkler -O3 -DNDEBUG -O3 -DNDEBUG   -fPIC -fdiagnostics-color=always -std=c++11 -MD -MT src/function/aggregate/algebraic/CMakeFiles/duckdb_aggr_algebraic.dir/ub_duckdb_aggr_algebraic.cpp.o -MF src/function/aggregate/algebraic/CMakeFiles/duckdb_aggr_algebraic.dir/ub_duckdb_aggr_algebraic.cpp.o.d -o src/function/aggregate/algebraic/CMakeFiles/duckdb_aggr_algebraic.dir/ub_duckdb_aggr_algebraic.cpp.o -c /home/pei/Project/duckdb-polr/build/release/src/function/aggregate/algebraic/ub_duckdb_aggr_algebraic.cpp
[49/376] /usr/bin/ccache /usr/lib/ccache/c++ -DDUCKDB -DDUCKDB_BUILD_LIBRARY -DDUCKDB_MAIN_LIBRARY -DENABLE_CROSS_PRODUCT_REWRITE=1 -DENABLE_DEBUG_PRINT=0 -DENABLE_MEASURE_EXE_TIME=0 -DENABLE_MERGE_BACK_PLAN=0 -DENABLE_PARALLEL_EXECUTION=0 -DENABLE_QUERY_SPLIT=1 -DENABLE_SPECIFY_EST_STAT=0 -I/home/pei/Project/duckdb-polr/src/include -I/home/pei/Project/duckdb-polr/third_party/fsst -I/home/pei/Project/duckdb-polr/third_party/fmt/include -I/home/pei/Project/duckdb-polr/third_party/hyperloglog -I/home/pei/Project/duckdb-polr/third_party/fastpforlib -I/home/pei/Project/duckdb-polr/third_party/fast_float -I/home/pei/Project/duckdb-polr/third_party/re2 -I/home/pei/Project/duckdb-polr/third_party/miniz -I/home/pei/Project/duckdb-polr/third_party/utf8proc/include -I/home/pei/Project/duckdb-polr/third_party/miniparquet -I/home/pei/Project/duckdb-polr/third_party/concurrentqueue -I/home/pei/Project/duckdb-polr/third_party/pcg -I/home/pei/Project/duckdb-polr/third_party/tdigest -I/home/pei/Project/duckdb-polr/third_party/mbedtls/include -I/home/pei/Project/duckdb-polr/third_party/jaro_winkler -O3 -DNDEBUG -O3 -DNDEBUG   -fPIC -fdiagnostics-color=always -std=c++11 -MD -MT src/function/scalar/enum/CMakeFiles/duckdb_func_enum.dir/ub_duckdb_func_enum.cpp.o -MF src/function/scalar/enum/CMakeFiles/duckdb_func_enum.dir/ub_duckdb_func_enum.cpp.o.d -o src/function/scalar/enum/CMakeFiles/duckdb_func_enum.dir/ub_duckdb_func_enum.cpp.o -c /home/pei/Project/duckdb-polr/build/release/src/function/scalar/enum/ub_duckdb_func_enum.cpp
[50/376] /usr/bin/ccache /usr/lib/ccache/c++ -DDUCKDB -DDUCKDB_BUILD_LIBRARY -DDUCKDB_MAIN_LIBRARY -DENABLE_CROSS_PRODUCT_REWRITE=1 -DENABLE_DEBUG_PRINT=0 -DENABLE_MEASURE_EXE_TIME=0 -DENABLE_MERGE_BACK_PLAN=0 -DENABLE_PARALLEL_EXECUTION=0 -DENABLE_QUERY_SPLIT=1 -DENABLE_SPECIFY_EST_STAT=0 -I/home/pei/Project/duckdb-polr/src/include -I/home/pei/Project/duckdb-polr/third_party/fsst -I/home/pei/Project/duckdb-polr/third_party/fmt/include -I/home/pei/Project/duckdb-polr/third_party/hyperloglog -I/home/pei/Project/duckdb-polr/third_party/fastpforlib -I/home/pei/Project/duckdb-polr/third_party/fast_float -I/home/pei/Project/duckdb-polr/third_party/re2 -I/home/pei/Project/duckdb-polr/third_party/miniz -I/home/pei/Project/duckdb-polr/third_party/utf8proc/include -I/home/pei/Project/duckdb-polr/third_party/miniparquet -I/home/pei/Project/duckdb-polr/third_party/concurrentqueue -I/home/pei/Project/duckdb-polr/third_party/pcg -I/home/pei/Project/duckdb-polr/third_party/tdigest -I/home/pei/Project/duckdb-polr/third_party/mbedtls/include -I/home/pei/Project/duckdb-polr/third_party/jaro_winkler -O3 -DNDEBUG -O3 -DNDEBUG   -fPIC -fdiagnostics-color=always -std=c++11 -MD -MT src/catalog/default/CMakeFiles/duckdb_catalog_default_entries.dir/ub_duckdb_catalog_default_entries.cpp.o -MF src/catalog/default/CMakeFiles/duckdb_catalog_default_entries.dir/ub_duckdb_catalog_default_entries.cpp.o.d -o src/catalog/default/CMakeFiles/duckdb_catalog_default_entries.dir/ub_duckdb_catalog_default_entries.cpp.o -c /home/pei/Project/duckdb-polr/build/release/src/catalog/default/ub_duckdb_catalog_default_entries.cpp
[51/376] /usr/bin/ccache /usr/lib/ccache/c++ -DDUCKDB -DDUCKDB_BUILD_LIBRARY -DDUCKDB_MAIN_LIBRARY -DDUCKDB_SOURCE_ID=\"\"\"cd7a58694b\"\"\" -DDUCKDB_VERSION=\"\"\"v..1-dev\"\"\" -DENABLE_CROSS_PRODUCT_REWRITE=1 -DENABLE_DEBUG_PRINT=0 -DENABLE_MEASURE_EXE_TIME=0 -DENABLE_MERGE_BACK_PLAN=0 -DENABLE_PARALLEL_EXECUTION=0 -DENABLE_QUERY_SPLIT=1 -DENABLE_SPECIFY_EST_STAT=0 -I/home/pei/Project/duckdb-polr/src/include -I/home/pei/Project/duckdb-polr/third_party/fsst -I/home/pei/Project/duckdb-polr/third_party/fmt/include -I/home/pei/Project/duckdb-polr/third_party/hyperloglog -I/home/pei/Project/duckdb-polr/third_party/fastpforlib -I/home/pei/Project/duckdb-polr/third_party/fast_float -I/home/pei/Project/duckdb-polr/third_party/re2 -I/home/pei/Project/duckdb-polr/third_party/miniz -I/home/pei/Project/duckdb-polr/third_party/utf8proc/include -I/home/pei/Project/duckdb-polr/third_party/miniparquet -I/home/pei/Project/duckdb-polr/third_party/concurrentqueue -I/home/pei/Project/duckdb-polr/third_party/pcg -I/home/pei/Project/duckdb-polr/third_party/tdigest -I/home/pei/Project/duckdb-polr/third_party/mbedtls/include -I/home/pei/Project/duckdb-polr/third_party/jaro_winkler -O3 -DNDEBUG -O3 -DNDEBUG   -fPIC -fdiagnostics-color=always -std=c++11 -MD -MT src/function/table/version/CMakeFiles/duckdb_func_table_version.dir/ub_duckdb_func_table_version.cpp.o -MF src/function/table/version/CMakeFiles/duckdb_func_table_version.dir/ub_duckdb_func_table_version.cpp.o.d -o src/function/table/version/CMakeFiles/duckdb_func_table_version.dir/ub_duckdb_func_table_version.cpp.o -c /home/pei/Project/duckdb-polr/build/release/src/function/table/version/ub_duckdb_func_table_version.cpp
[52/376] /usr/bin/ccache /usr/lib/ccache/c++ -DDUCKDB -DDUCKDB_BUILD_LIBRARY -DDUCKDB_MAIN_LIBRARY -DENABLE_CROSS_PRODUCT_REWRITE=1 -DENABLE_DEBUG_PRINT=0 -DENABLE_MEASURE_EXE_TIME=0 -DENABLE_MERGE_BACK_PLAN=0 -DENABLE_PARALLEL_EXECUTION=0 -DENABLE_QUERY_SPLIT=1 -DENABLE_SPECIFY_EST_STAT=0 -I/home/pei/Project/duckdb-polr/src/include -I/home/pei/Project/duckdb-polr/third_party/fsst -I/home/pei/Project/duckdb-polr/third_party/fmt/include -I/home/pei/Project/duckdb-polr/third_party/hyperloglog -I/home/pei/Project/duckdb-polr/third_party/fastpforlib -I/home/pei/Project/duckdb-polr/third_party/fast_float -I/home/pei/Project/duckdb-polr/third_party/re2 -I/home/pei/Project/duckdb-polr/third_party/miniz -I/home/pei/Project/duckdb-polr/third_party/utf8proc/include -I/home/pei/Project/duckdb-polr/third_party/miniparquet -I/home/pei/Project/duckdb-polr/third_party/concurrentqueue -I/home/pei/Project/duckdb-polr/third_party/pcg -I/home/pei/Project/duckdb-polr/third_party/tdigest -I/home/pei/Project/duckdb-polr/third_party/mbedtls/include -I/home/pei/Project/duckdb-polr/third_party/jaro_winkler -O3 -DNDEBUG -O3 -DNDEBUG   -fPIC -fdiagnostics-color=always -std=c++11 -MD -MT src/common/arrow/CMakeFiles/duckdb_common_arrow.dir/ub_duckdb_common_arrow.cpp.o -MF src/common/arrow/CMakeFiles/duckdb_common_arrow.dir/ub_duckdb_common_arrow.cpp.o.d -o src/common/arrow/CMakeFiles/duckdb_common_arrow.dir/ub_duckdb_common_arrow.cpp.o -c /home/pei/Project/duckdb-polr/build/release/src/common/arrow/ub_duckdb_common_arrow.cpp
[53/376] /usr/bin/ccache /usr/lib/ccache/c++ -DDUCKDB -DDUCKDB_BUILD_LIBRARY -DDUCKDB_MAIN_LIBRARY -DENABLE_CROSS_PRODUCT_REWRITE=1 -DENABLE_DEBUG_PRINT=0 -DENABLE_MEASURE_EXE_TIME=0 -DENABLE_MERGE_BACK_PLAN=0 -DENABLE_PARALLEL_EXECUTION=0 -DENABLE_QUERY_SPLIT=1 -DENABLE_SPECIFY_EST_STAT=0 -I/home/pei/Project/duckdb-polr/src/include -I/home/pei/Project/duckdb-polr/third_party/fsst -I/home/pei/Project/duckdb-polr/third_party/fmt/include -I/home/pei/Project/duckdb-polr/third_party/hyperloglog -I/home/pei/Project/duckdb-polr/third_party/fastpforlib -I/home/pei/Project/duckdb-polr/third_party/fast_float -I/home/pei/Project/duckdb-polr/third_party/re2 -I/home/pei/Project/duckdb-polr/third_party/miniz -I/home/pei/Project/duckdb-polr/third_party/utf8proc/include -I/home/pei/Project/duckdb-polr/third_party/miniparquet -I/home/pei/Project/duckdb-polr/third_party/concurrentqueue -I/home/pei/Project/duckdb-polr/third_party/pcg -I/home/pei/Project/duckdb-polr/third_party/tdigest -I/home/pei/Project/duckdb-polr/third_party/mbedtls/include -I/home/pei/Project/duckdb-polr/third_party/jaro_winkler -O3 -DNDEBUG -O3 -DNDEBUG   -fPIC -fdiagnostics-color=always -std=c++11 -MD -MT src/function/aggregate/holistic/CMakeFiles/duckdb_aggr_holistic.dir/ub_duckdb_aggr_holistic.cpp.o -MF src/function/aggregate/holistic/CMakeFiles/duckdb_aggr_holistic.dir/ub_duckdb_aggr_holistic.cpp.o.d -o src/function/aggregate/holistic/CMakeFiles/duckdb_aggr_holistic.dir/ub_duckdb_aggr_holistic.cpp.o -c /home/pei/Project/duckdb-polr/build/release/src/function/aggregate/holistic/ub_duckdb_aggr_holistic.cpp
[54/376] /usr/bin/ccache /usr/lib/ccache/c++ -DDUCKDB -DDUCKDB_BUILD_LIBRARY -DDUCKDB_MAIN_LIBRARY -DENABLE_CROSS_PRODUCT_REWRITE=1 -DENABLE_DEBUG_PRINT=0 -DENABLE_MEASURE_EXE_TIME=0 -DENABLE_MERGE_BACK_PLAN=0 -DENABLE_PARALLEL_EXECUTION=0 -DENABLE_QUERY_SPLIT=1 -DENABLE_SPECIFY_EST_STAT=0 -I/home/pei/Project/duckdb-polr/src/include -I/home/pei/Project/duckdb-polr/third_party/fsst -I/home/pei/Project/duckdb-polr/third_party/fmt/include -I/home/pei/Project/duckdb-polr/third_party/hyperloglog -I/home/pei/Project/duckdb-polr/third_party/fastpforlib -I/home/pei/Project/duckdb-polr/third_party/fast_float -I/home/pei/Project/duckdb-polr/third_party/re2 -I/home/pei/Project/duckdb-polr/third_party/miniz -I/home/pei/Project/duckdb-polr/third_party/utf8proc/include -I/home/pei/Project/duckdb-polr/third_party/miniparquet -I/home/pei/Project/duckdb-polr/third_party/concurrentqueue -I/home/pei/Project/duckdb-polr/third_party/pcg -I/home/pei/Project/duckdb-polr/third_party/tdigest -I/home/pei/Project/duckdb-polr/third_party/mbedtls/include -I/home/pei/Project/duckdb-polr/third_party/jaro_winkler -O3 -DNDEBUG -O3 -DNDEBUG   -fPIC -fdiagnostics-color=always -std=c++11 -MD -MT src/function/table/CMakeFiles/duckdb_func_table.dir/ub_duckdb_func_table.cpp.o -MF src/function/table/CMakeFiles/duckdb_func_table.dir/ub_duckdb_func_table.cpp.o.d -o src/function/table/CMakeFiles/duckdb_func_table.dir/ub_duckdb_func_table.cpp.o -c /home/pei/Project/duckdb-polr/build/release/src/function/table/ub_duckdb_func_table.cpp
[55/376] /usr/bin/ccache /usr/lib/ccache/c++ -DDUCKDB -DDUCKDB_BUILD_LIBRARY -DDUCKDB_MAIN_LIBRARY -DENABLE_CROSS_PRODUCT_REWRITE=1 -DENABLE_DEBUG_PRINT=0 -DENABLE_MEASURE_EXE_TIME=0 -DENABLE_MERGE_BACK_PLAN=0 -DENABLE_PARALLEL_EXECUTION=0 -DENABLE_QUERY_SPLIT=1 -DENABLE_SPECIFY_EST_STAT=0 -I/home/pei/Project/duckdb-polr/src/include -I/home/pei/Project/duckdb-polr/third_party/fsst -I/home/pei/Project/duckdb-polr/third_party/fmt/include -I/home/pei/Project/duckdb-polr/third_party/hyperloglog -I/home/pei/Project/duckdb-polr/third_party/fastpforlib -I/home/pei/Project/duckdb-polr/third_party/fast_float -I/home/pei/Project/duckdb-polr/third_party/re2 -I/home/pei/Project/duckdb-polr/third_party/miniz -I/home/pei/Project/duckdb-polr/third_party/utf8proc/include -I/home/pei/Project/duckdb-polr/third_party/miniparquet -I/home/pei/Project/duckdb-polr/third_party/concurrentqueue -I/home/pei/Project/duckdb-polr/third_party/pcg -I/home/pei/Project/duckdb-polr/third_party/tdigest -I/home/pei/Project/duckdb-polr/third_party/mbedtls/include -I/home/pei/Project/duckdb-polr/third_party/jaro_winkler -O3 -DNDEBUG -O3 -DNDEBUG   -fPIC -fdiagnostics-color=always -std=c++11 -MD -MT src/common/operator/CMakeFiles/duckdb_common_operators.dir/ub_duckdb_common_operators.cpp.o -MF src/common/operator/CMakeFiles/duckdb_common_operators.dir/ub_duckdb_common_operators.cpp.o.d -o src/common/operator/CMakeFiles/duckdb_common_operators.dir/ub_duckdb_common_operators.cpp.o -c /home/pei/Project/duckdb-polr/build/release/src/common/operator/ub_duckdb_common_operators.cpp
[56/376] /usr/bin/ccache /usr/lib/ccache/c++ -DDUCKDB -DDUCKDB_BUILD_LIBRARY -DDUCKDB_MAIN_LIBRARY -DENABLE_CROSS_PRODUCT_REWRITE=1 -DENABLE_DEBUG_PRINT=0 -DENABLE_MEASURE_EXE_TIME=0 -DENABLE_MERGE_BACK_PLAN=0 -DENABLE_PARALLEL_EXECUTION=0 -DENABLE_QUERY_SPLIT=1 -DENABLE_SPECIFY_EST_STAT=0 -I/home/pei/Project/duckdb-polr/src/include -I/home/pei/Project/duckdb-polr/third_party/fsst -I/home/pei/Project/duckdb-polr/third_party/fmt/include -I/home/pei/Project/duckdb-polr/third_party/hyperloglog -I/home/pei/Project/duckdb-polr/third_party/fastpforlib -I/home/pei/Project/duckdb-polr/third_party/fast_float -I/home/pei/Project/duckdb-polr/third_party/re2 -I/home/pei/Project/duckdb-polr/third_party/miniz -I/home/pei/Project/duckdb-polr/third_party/utf8proc/include -I/home/pei/Project/duckdb-polr/third_party/miniparquet -I/home/pei/Project/duckdb-polr/third_party/concurrentqueue -I/home/pei/Project/duckdb-polr/third_party/pcg -I/home/pei/Project/duckdb-polr/third_party/tdigest -I/home/pei/Project/duckdb-polr/third_party/mbedtls/include -I/home/pei/Project/duckdb-polr/third_party/jaro_winkler -O3 -DNDEBUG -O3 -DNDEBUG   -fPIC -fdiagnostics-color=always -std=c++11 -MD -MT src/common/crypto/CMakeFiles/duckdb_common_crypto.dir/ub_duckdb_common_crypto.cpp.o -MF src/common/crypto/CMakeFiles/duckdb_common_crypto.dir/ub_duckdb_common_crypto.cpp.o.d -o src/common/crypto/CMakeFiles/duckdb_common_crypto.dir/ub_duckdb_common_crypto.cpp.o -c /home/pei/Project/duckdb-polr/build/release/src/common/crypto/ub_duckdb_common_crypto.cpp
[57/376] /usr/bin/ccache /usr/lib/ccache/c++ -DDUCKDB -DDUCKDB_BUILD_LIBRARY -DDUCKDB_MAIN_LIBRARY -DENABLE_CROSS_PRODUCT_REWRITE=1 -DENABLE_DEBUG_PRINT=0 -DENABLE_MEASURE_EXE_TIME=0 -DENABLE_MERGE_BACK_PLAN=0 -DENABLE_PARALLEL_EXECUTION=0 -DENABLE_QUERY_SPLIT=1 -DENABLE_SPECIFY_EST_STAT=0 -I/home/pei/Project/duckdb-polr/src/include -I/home/pei/Project/duckdb-polr/third_party/fsst -I/home/pei/Project/duckdb-polr/third_party/fmt/include -I/home/pei/Project/duckdb-polr/third_party/hyperloglog -I/home/pei/Project/duckdb-polr/third_party/fastpforlib -I/home/pei/Project/duckdb-polr/third_party/fast_float -I/home/pei/Project/duckdb-polr/third_party/re2 -I/home/pei/Project/duckdb-polr/third_party/miniz -I/home/pei/Project/duckdb-polr/third_party/utf8proc/include -I/home/pei/Project/duckdb-polr/third_party/miniparquet -I/home/pei/Project/duckdb-polr/third_party/concurrentqueue -I/home/pei/Project/duckdb-polr/third_party/pcg -I/home/pei/Project/duckdb-polr/third_party/tdigest -I/home/pei/Project/duckdb-polr/third_party/mbedtls/include -I/home/pei/Project/duckdb-polr/third_party/jaro_winkler -O3 -DNDEBUG -O3 -DNDEBUG   -fPIC -fdiagnostics-color=always -std=c++11 -MD -MT src/function/aggregate/distributive/CMakeFiles/duckdb_aggr_distr.dir/ub_duckdb_aggr_distr.cpp.o -MF src/function/aggregate/distributive/CMakeFiles/duckdb_aggr_distr.dir/ub_duckdb_aggr_distr.cpp.o.d -o src/function/aggregate/distributive/CMakeFiles/duckdb_aggr_distr.dir/ub_duckdb_aggr_distr.cpp.o -c /home/pei/Project/duckdb-polr/build/release/src/function/aggregate/distributive/ub_duckdb_aggr_distr.cpp
[58/376] /usr/bin/ccache /usr/lib/ccache/c++ -DDUCKDB -DDUCKDB_BUILD_LIBRARY -DDUCKDB_MAIN_LIBRARY -DENABLE_CROSS_PRODUCT_REWRITE=1 -DENABLE_DEBUG_PRINT=0 -DENABLE_MEASURE_EXE_TIME=0 -DENABLE_MERGE_BACK_PLAN=0 -DENABLE_PARALLEL_EXECUTION=0 -DENABLE_QUERY_SPLIT=1 -DENABLE_SPECIFY_EST_STAT=0 -I/home/pei/Project/duckdb-polr/src/include -I/home/pei/Project/duckdb-polr/third_party/fsst -I/home/pei/Project/duckdb-polr/third_party/fmt/include -I/home/pei/Project/duckdb-polr/third_party/hyperloglog -I/home/pei/Project/duckdb-polr/third_party/fastpforlib -I/home/pei/Project/duckdb-polr/third_party/fast_float -I/home/pei/Project/duckdb-polr/third_party/re2 -I/home/pei/Project/duckdb-polr/third_party/miniz -I/home/pei/Project/duckdb-polr/third_party/utf8proc/include -I/home/pei/Project/duckdb-polr/third_party/miniparquet -I/home/pei/Project/duckdb-polr/third_party/concurrentqueue -I/home/pei/Project/duckdb-polr/third_party/pcg -I/home/pei/Project/duckdb-polr/third_party/tdigest -I/home/pei/Project/duckdb-polr/third_party/mbedtls/include -I/home/pei/Project/duckdb-polr/third_party/jaro_winkler -O3 -DNDEBUG -O3 -DNDEBUG   -fPIC -fdiagnostics-color=always -std=c++11 -MD -MT src/common/serializer/CMakeFiles/duckdb_common_serializer.dir/ub_duckdb_common_serializer.cpp.o -MF src/common/serializer/CMakeFiles/duckdb_common_serializer.dir/ub_duckdb_common_serializer.cpp.o.d -o src/common/serializer/CMakeFiles/duckdb_common_serializer.dir/ub_duckdb_common_serializer.cpp.o -c /home/pei/Project/duckdb-polr/build/release/src/common/serializer/ub_duckdb_common_serializer.cpp
[59/376] /usr/bin/ccache /usr/lib/ccache/c++ -DDUCKDB -DDUCKDB_BUILD_LIBRARY -DDUCKDB_MAIN_LIBRARY -DENABLE_CROSS_PRODUCT_REWRITE=1 -DENABLE_DEBUG_PRINT=0 -DENABLE_MEASURE_EXE_TIME=0 -DENABLE_MERGE_BACK_PLAN=0 -DENABLE_PARALLEL_EXECUTION=0 -DENABLE_QUERY_SPLIT=1 -DENABLE_SPECIFY_EST_STAT=0 -I/home/pei/Project/duckdb-polr/src/include -I/home/pei/Project/duckdb-polr/third_party/fsst -I/home/pei/Project/duckdb-polr/third_party/fmt/include -I/home/pei/Project/duckdb-polr/third_party/hyperloglog -I/home/pei/Project/duckdb-polr/third_party/fastpforlib -I/home/pei/Project/duckdb-polr/third_party/fast_float -I/home/pei/Project/duckdb-polr/third_party/re2 -I/home/pei/Project/duckdb-polr/third_party/miniz -I/home/pei/Project/duckdb-polr/third_party/utf8proc/include -I/home/pei/Project/duckdb-polr/third_party/miniparquet -I/home/pei/Project/duckdb-polr/third_party/concurrentqueue -I/home/pei/Project/duckdb-polr/third_party/pcg -I/home/pei/Project/duckdb-polr/third_party/tdigest -I/home/pei/Project/duckdb-polr/third_party/mbedtls/include -I/home/pei/Project/duckdb-polr/third_party/jaro_winkler -O3 -DNDEBUG -O3 -DNDEBUG   -fPIC -fdiagnostics-color=always -std=c++11 -MD -MT src/function/aggregate/nested/CMakeFiles/duckdb_aggr_nested.dir/ub_duckdb_aggr_nested.cpp.o -MF src/function/aggregate/nested/CMakeFiles/duckdb_aggr_nested.dir/ub_duckdb_aggr_nested.cpp.o.d -o src/function/aggregate/nested/CMakeFiles/duckdb_aggr_nested.dir/ub_duckdb_aggr_nested.cpp.o -c /home/pei/Project/duckdb-polr/build/release/src/function/aggregate/nested/ub_duckdb_aggr_nested.cpp
[60/376] /usr/bin/ccache /usr/lib/ccache/c++ -DDUCKDB -DDUCKDB_BUILD_LIBRARY -DDUCKDB_MAIN_LIBRARY -DENABLE_CROSS_PRODUCT_REWRITE=1 -DENABLE_DEBUG_PRINT=0 -DENABLE_MEASURE_EXE_TIME=0 -DENABLE_MERGE_BACK_PLAN=0 -DENABLE_PARALLEL_EXECUTION=0 -DENABLE_QUERY_SPLIT=1 -DENABLE_SPECIFY_EST_STAT=0 -I/home/pei/Project/duckdb-polr/src/include -I/home/pei/Project/duckdb-polr/third_party/fsst -I/home/pei/Project/duckdb-polr/third_party/fmt/include -I/home/pei/Project/duckdb-polr/third_party/hyperloglog -I/home/pei/Project/duckdb-polr/third_party/fastpforlib -I/home/pei/Project/duckdb-polr/third_party/fast_float -I/home/pei/Project/duckdb-polr/third_party/re2 -I/home/pei/Project/duckdb-polr/third_party/miniz -I/home/pei/Project/duckdb-polr/third_party/utf8proc/include -I/home/pei/Project/duckdb-polr/third_party/miniparquet -I/home/pei/Project/duckdb-polr/third_party/concurrentqueue -I/home/pei/Project/duckdb-polr/third_party/pcg -I/home/pei/Project/duckdb-polr/third_party/tdigest -I/home/pei/Project/duckdb-polr/third_party/mbedtls/include -I/home/pei/Project/duckdb-polr/third_party/jaro_winkler -O3 -DNDEBUG -O3 -DNDEBUG   -fPIC -fdiagnostics-color=always -std=c++11 -MD -MT src/common/enums/CMakeFiles/duckdb_common_enums.dir/ub_duckdb_common_enums.cpp.o -MF src/common/enums/CMakeFiles/duckdb_common_enums.dir/ub_duckdb_common_enums.cpp.o.d -o src/common/enums/CMakeFiles/duckdb_common_enums.dir/ub_duckdb_common_enums.cpp.o -c /home/pei/Project/duckdb-polr/build/release/src/common/enums/ub_duckdb_common_enums.cpp
[61/376] /usr/bin/ccache /usr/lib/ccache/c++ -DDUCKDB -DDUCKDB_BUILD_LIBRARY -DDUCKDB_MAIN_LIBRARY -DENABLE_CROSS_PRODUCT_REWRITE=1 -DENABLE_DEBUG_PRINT=0 -DENABLE_MEASURE_EXE_TIME=0 -DENABLE_MERGE_BACK_PLAN=0 -DENABLE_PARALLEL_EXECUTION=0 -DENABLE_QUERY_SPLIT=1 -DENABLE_SPECIFY_EST_STAT=0 -I/home/pei/Project/duckdb-polr/src/include -I/home/pei/Project/duckdb-polr/third_party/fsst -I/home/pei/Project/duckdb-polr/third_party/fmt/include -I/home/pei/Project/duckdb-polr/third_party/hyperloglog -I/home/pei/Project/duckdb-polr/third_party/fastpforlib -I/home/pei/Project/duckdb-polr/third_party/fast_float -I/home/pei/Project/duckdb-polr/third_party/re2 -I/home/pei/Project/duckdb-polr/third_party/miniz -I/home/pei/Project/duckdb-polr/third_party/utf8proc/include -I/home/pei/Project/duckdb-polr/third_party/miniparquet -I/home/pei/Project/duckdb-polr/third_party/concurrentqueue -I/home/pei/Project/duckdb-polr/third_party/pcg -I/home/pei/Project/duckdb-polr/third_party/tdigest -I/home/pei/Project/duckdb-polr/third_party/mbedtls/include -I/home/pei/Project/duckdb-polr/third_party/jaro_winkler -O3 -DNDEBUG -O3 -DNDEBUG   -fPIC -fdiagnostics-color=always -std=c++11 -MD -MT src/common/value_operations/CMakeFiles/duckdb_value_operations.dir/ub_duckdb_value_operations.cpp.o -MF src/common/value_operations/CMakeFiles/duckdb_value_operations.dir/ub_duckdb_value_operations.cpp.o.d -o src/common/value_operations/CMakeFiles/duckdb_value_operations.dir/ub_duckdb_value_operations.cpp.o -c /home/pei/Project/duckdb-polr/build/release/src/common/value_operations/ub_duckdb_value_operations.cpp
[62/376] /usr/bin/ccache /usr/lib/ccache/c++ -DDUCKDB -DDUCKDB_BUILD_LIBRARY -DDUCKDB_MAIN_LIBRARY -DENABLE_CROSS_PRODUCT_REWRITE=1 -DENABLE_DEBUG_PRINT=0 -DENABLE_MEASURE_EXE_TIME=0 -DENABLE_MERGE_BACK_PLAN=0 -DENABLE_PARALLEL_EXECUTION=0 -DENABLE_QUERY_SPLIT=1 -DENABLE_SPECIFY_EST_STAT=0 -I/home/pei/Project/duckdb-polr/src/include -I/home/pei/Project/duckdb-polr/third_party/fsst -I/home/pei/Project/duckdb-polr/third_party/fmt/include -I/home/pei/Project/duckdb-polr/third_party/hyperloglog -I/home/pei/Project/duckdb-polr/third_party/fastpforlib -I/home/pei/Project/duckdb-polr/third_party/fast_float -I/home/pei/Project/duckdb-polr/third_party/re2 -I/home/pei/Project/duckdb-polr/third_party/miniz -I/home/pei/Project/duckdb-polr/third_party/utf8proc/include -I/home/pei/Project/duckdb-polr/third_party/miniparquet -I/home/pei/Project/duckdb-polr/third_party/concurrentqueue -I/home/pei/Project/duckdb-polr/third_party/pcg -I/home/pei/Project/duckdb-polr/third_party/tdigest -I/home/pei/Project/duckdb-polr/third_party/mbedtls/include -I/home/pei/Project/duckdb-polr/third_party/jaro_winkler -O3 -DNDEBUG -O3 -DNDEBUG   -fPIC -fdiagnostics-color=always -std=c++11 -MD -MT src/catalog/catalog_entry/CMakeFiles/duckdb_catalog_entries.dir/ub_duckdb_catalog_entries.cpp.o -MF src/catalog/catalog_entry/CMakeFiles/duckdb_catalog_entries.dir/ub_duckdb_catalog_entries.cpp.o.d -o src/catalog/catalog_entry/CMakeFiles/duckdb_catalog_entries.dir/ub_duckdb_catalog_entries.cpp.o -c /home/pei/Project/duckdb-polr/build/release/src/catalog/catalog_entry/ub_duckdb_catalog_entries.cpp
[63/376] /usr/bin/ccache /usr/lib/ccache/c++ -DDUCKDB -DDUCKDB_BUILD_LIBRARY -DDUCKDB_MAIN_LIBRARY -DENABLE_CROSS_PRODUCT_REWRITE=1 -DENABLE_DEBUG_PRINT=0 -DENABLE_MEASURE_EXE_TIME=0 -DENABLE_MERGE_BACK_PLAN=0 -DENABLE_PARALLEL_EXECUTION=0 -DENABLE_QUERY_SPLIT=1 -DENABLE_SPECIFY_EST_STAT=0 -I/home/pei/Project/duckdb-polr/src/include -I/home/pei/Project/duckdb-polr/third_party/fsst -I/home/pei/Project/duckdb-polr/third_party/fmt/include -I/home/pei/Project/duckdb-polr/third_party/hyperloglog -I/home/pei/Project/duckdb-polr/third_party/fastpforlib -I/home/pei/Project/duckdb-polr/third_party/fast_float -I/home/pei/Project/duckdb-polr/third_party/re2 -I/home/pei/Project/duckdb-polr/third_party/miniz -I/home/pei/Project/duckdb-polr/third_party/utf8proc/include -I/home/pei/Project/duckdb-polr/third_party/miniparquet -I/home/pei/Project/duckdb-polr/third_party/concurrentqueue -I/home/pei/Project/duckdb-polr/third_party/pcg -I/home/pei/Project/duckdb-polr/third_party/tdigest -I/home/pei/Project/duckdb-polr/third_party/mbedtls/include -I/home/pei/Project/duckdb-polr/third_party/jaro_winkler -O3 -DNDEBUG -O3 -DNDEBUG   -fPIC -fdiagnostics-color=always -std=c++11 -MD -MT src/common/vector_operations/CMakeFiles/duckdb_vector_operations.dir/vector_cast.cpp.o -MF src/common/vector_operations/CMakeFiles/duckdb_vector_operations.dir/vector_cast.cpp.o.d -o src/common/vector_operations/CMakeFiles/duckdb_vector_operations.dir/vector_cast.cpp.o -c /home/pei/Project/duckdb-polr/src/common/vector_operations/vector_cast.cpp
[64/376] /usr/bin/ccache /usr/lib/ccache/c++ -DDUCKDB -DDUCKDB_BUILD_LIBRARY -DDUCKDB_MAIN_LIBRARY -DENABLE_CROSS_PRODUCT_REWRITE=1 -DENABLE_DEBUG_PRINT=0 -DENABLE_MEASURE_EXE_TIME=0 -DENABLE_MERGE_BACK_PLAN=0 -DENABLE_PARALLEL_EXECUTION=0 -DENABLE_QUERY_SPLIT=1 -DENABLE_SPECIFY_EST_STAT=0 -I/home/pei/Project/duckdb-polr/src/include -I/home/pei/Project/duckdb-polr/third_party/fsst -I/home/pei/Project/duckdb-polr/third_party/fmt/include -I/home/pei/Project/duckdb-polr/third_party/hyperloglog -I/home/pei/Project/duckdb-polr/third_party/fastpforlib -I/home/pei/Project/duckdb-polr/third_party/fast_float -I/home/pei/Project/duckdb-polr/third_party/re2 -I/home/pei/Project/duckdb-polr/third_party/miniz -I/home/pei/Project/duckdb-polr/third_party/utf8proc/include -I/home/pei/Project/duckdb-polr/third_party/miniparquet -I/home/pei/Project/duckdb-polr/third_party/concurrentqueue -I/home/pei/Project/duckdb-polr/third_party/pcg -I/home/pei/Project/duckdb-polr/third_party/tdigest -I/home/pei/Project/duckdb-polr/third_party/mbedtls/include -I/home/pei/Project/duckdb-polr/third_party/jaro_winkler -O3 -DNDEBUG -O3 -DNDEBUG   -fPIC -fdiagnostics-color=always -std=c++11 -MD -MT src/common/vector_operations/CMakeFiles/duckdb_vector_operations.dir/boolean_operators.cpp.o -MF src/common/vector_operations/CMakeFiles/duckdb_vector_operations.dir/boolean_operators.cpp.o.d -o src/common/vector_operations/CMakeFiles/duckdb_vector_operations.dir/boolean_operators.cpp.o -c /home/pei/Project/duckdb-polr/src/common/vector_operations/boolean_operators.cpp
[65/376] /usr/bin/ccache /usr/lib/ccache/c++ -DDUCKDB -DDUCKDB_BUILD_LIBRARY -DDUCKDB_MAIN_LIBRARY -DENABLE_CROSS_PRODUCT_REWRITE=1 -DENABLE_DEBUG_PRINT=0 -DENABLE_MEASURE_EXE_TIME=0 -DENABLE_MERGE_BACK_PLAN=0 -DENABLE_PARALLEL_EXECUTION=0 -DENABLE_QUERY_SPLIT=1 -DENABLE_SPECIFY_EST_STAT=0 -I/home/pei/Project/duckdb-polr/src/include -I/home/pei/Project/duckdb-polr/third_party/fsst -I/home/pei/Project/duckdb-polr/third_party/fmt/include -I/home/pei/Project/duckdb-polr/third_party/hyperloglog -I/home/pei/Project/duckdb-polr/third_party/fastpforlib -I/home/pei/Project/duckdb-polr/third_party/fast_float -I/home/pei/Project/duckdb-polr/third_party/re2 -I/home/pei/Project/duckdb-polr/third_party/miniz -I/home/pei/Project/duckdb-polr/third_party/utf8proc/include -I/home/pei/Project/duckdb-polr/third_party/miniparquet -I/home/pei/Project/duckdb-polr/third_party/concurrentqueue -I/home/pei/Project/duckdb-polr/third_party/pcg -I/home/pei/Project/duckdb-polr/third_party/tdigest -I/home/pei/Project/duckdb-polr/third_party/mbedtls/include -I/home/pei/Project/duckdb-polr/third_party/jaro_winkler -O3 -DNDEBUG -O3 -DNDEBUG   -fPIC -fdiagnostics-color=always -std=c++11 -MD -MT src/common/vector_operations/CMakeFiles/duckdb_vector_operations.dir/vector_hash.cpp.o -MF src/common/vector_operations/CMakeFiles/duckdb_vector_operations.dir/vector_hash.cpp.o.d -o src/common/vector_operations/CMakeFiles/duckdb_vector_operations.dir/vector_hash.cpp.o -c /home/pei/Project/duckdb-polr/src/common/vector_operations/vector_hash.cpp
[66/376] /usr/bin/ccache /usr/lib/ccache/c++ -DDUCKDB -DDUCKDB_BUILD_LIBRARY -DDUCKDB_MAIN_LIBRARY -DENABLE_CROSS_PRODUCT_REWRITE=1 -DENABLE_DEBUG_PRINT=0 -DENABLE_MEASURE_EXE_TIME=0 -DENABLE_MERGE_BACK_PLAN=0 -DENABLE_PARALLEL_EXECUTION=0 -DENABLE_QUERY_SPLIT=1 -DENABLE_SPECIFY_EST_STAT=0 -I/home/pei/Project/duckdb-polr/src/include -I/home/pei/Project/duckdb-polr/third_party/fsst -I/home/pei/Project/duckdb-polr/third_party/fmt/include -I/home/pei/Project/duckdb-polr/third_party/hyperloglog -I/home/pei/Project/duckdb-polr/third_party/fastpforlib -I/home/pei/Project/duckdb-polr/third_party/fast_float -I/home/pei/Project/duckdb-polr/third_party/re2 -I/home/pei/Project/duckdb-polr/third_party/miniz -I/home/pei/Project/duckdb-polr/third_party/utf8proc/include -I/home/pei/Project/duckdb-polr/third_party/miniparquet -I/home/pei/Project/duckdb-polr/third_party/concurrentqueue -I/home/pei/Project/duckdb-polr/third_party/pcg -I/home/pei/Project/duckdb-polr/third_party/tdigest -I/home/pei/Project/duckdb-polr/third_party/mbedtls/include -I/home/pei/Project/duckdb-polr/third_party/jaro_winkler -O3 -DNDEBUG -O3 -DNDEBUG   -fPIC -fdiagnostics-color=always -std=c++11 -MD -MT src/common/vector_operations/CMakeFiles/duckdb_vector_operations.dir/generators.cpp.o -MF src/common/vector_operations/CMakeFiles/duckdb_vector_operations.dir/generators.cpp.o.d -o src/common/vector_operations/CMakeFiles/duckdb_vector_operations.dir/generators.cpp.o -c /home/pei/Project/duckdb-polr/src/common/vector_operations/generators.cpp
[67/376] /usr/bin/ccache /usr/lib/ccache/c++ -DDUCKDB -DDUCKDB_BUILD_LIBRARY -DDUCKDB_MAIN_LIBRARY -DENABLE_CROSS_PRODUCT_REWRITE=1 -DENABLE_DEBUG_PRINT=0 -DENABLE_MEASURE_EXE_TIME=0 -DENABLE_MERGE_BACK_PLAN=0 -DENABLE_PARALLEL_EXECUTION=0 -DENABLE_QUERY_SPLIT=1 -DENABLE_SPECIFY_EST_STAT=0 -I/home/pei/Project/duckdb-polr/src/include -I/home/pei/Project/duckdb-polr/third_party/fsst -I/home/pei/Project/duckdb-polr/third_party/fmt/include -I/home/pei/Project/duckdb-polr/third_party/hyperloglog -I/home/pei/Project/duckdb-polr/third_party/fastpforlib -I/home/pei/Project/duckdb-polr/third_party/fast_float -I/home/pei/Project/duckdb-polr/third_party/re2 -I/home/pei/Project/duckdb-polr/third_party/miniz -I/home/pei/Project/duckdb-polr/third_party/utf8proc/include -I/home/pei/Project/duckdb-polr/third_party/miniparquet -I/home/pei/Project/duckdb-polr/third_party/concurrentqueue -I/home/pei/Project/duckdb-polr/third_party/pcg -I/home/pei/Project/duckdb-polr/third_party/tdigest -I/home/pei/Project/duckdb-polr/third_party/mbedtls/include -I/home/pei/Project/duckdb-polr/third_party/jaro_winkler -O3 -DNDEBUG -O3 -DNDEBUG   -fPIC -fdiagnostics-color=always -std=c++11 -MD -MT src/common/vector_operations/CMakeFiles/duckdb_vector_operations.dir/comparison_operators.cpp.o -MF src/common/vector_operations/CMakeFiles/duckdb_vector_operations.dir/comparison_operators.cpp.o.d -o src/common/vector_operations/CMakeFiles/duckdb_vector_operations.dir/comparison_operators.cpp.o -c /home/pei/Project/duckdb-polr/src/common/vector_operations/comparison_operators.cpp
[68/376] /usr/bin/ccache /usr/lib/ccache/c++ -DDUCKDB -DDUCKDB_BUILD_LIBRARY -DDUCKDB_MAIN_LIBRARY -DENABLE_CROSS_PRODUCT_REWRITE=1 -DENABLE_DEBUG_PRINT=0 -DENABLE_MEASURE_EXE_TIME=0 -DENABLE_MERGE_BACK_PLAN=0 -DENABLE_PARALLEL_EXECUTION=0 -DENABLE_QUERY_SPLIT=1 -DENABLE_SPECIFY_EST_STAT=0 -I/home/pei/Project/duckdb-polr/src/include -I/home/pei/Project/duckdb-polr/third_party/fsst -I/home/pei/Project/duckdb-polr/third_party/fmt/include -I/home/pei/Project/duckdb-polr/third_party/hyperloglog -I/home/pei/Project/duckdb-polr/third_party/fastpforlib -I/home/pei/Project/duckdb-polr/third_party/fast_float -I/home/pei/Project/duckdb-polr/third_party/re2 -I/home/pei/Project/duckdb-polr/third_party/miniz -I/home/pei/Project/duckdb-polr/third_party/utf8proc/include -I/home/pei/Project/duckdb-polr/third_party/miniparquet -I/home/pei/Project/duckdb-polr/third_party/concurrentqueue -I/home/pei/Project/duckdb-polr/third_party/pcg -I/home/pei/Project/duckdb-polr/third_party/tdigest -I/home/pei/Project/duckdb-polr/third_party/mbedtls/include -I/home/pei/Project/duckdb-polr/third_party/jaro_winkler -O3 -DNDEBUG -O3 -DNDEBUG   -fPIC -fdiagnostics-color=always -std=c++11 -MD -MT src/common/progress_bar/CMakeFiles/duckdb_progress_bar.dir/ub_duckdb_progress_bar.cpp.o -MF src/common/progress_bar/CMakeFiles/duckdb_progress_bar.dir/ub_duckdb_progress_bar.cpp.o.d -o src/common/progress_bar/CMakeFiles/duckdb_progress_bar.dir/ub_duckdb_progress_bar.cpp.o -c /home/pei/Project/duckdb-polr/build/release/src/common/progress_bar/ub_duckdb_progress_bar.cpp
[69/376] /usr/bin/ccache /usr/lib/ccache/c++ -DDUCKDB -DDUCKDB_BUILD_LIBRARY -DDUCKDB_MAIN_LIBRARY -DENABLE_CROSS_PRODUCT_REWRITE=1 -DENABLE_DEBUG_PRINT=0 -DENABLE_MEASURE_EXE_TIME=0 -DENABLE_MERGE_BACK_PLAN=0 -DENABLE_PARALLEL_EXECUTION=0 -DENABLE_QUERY_SPLIT=1 -DENABLE_SPECIFY_EST_STAT=0 -I/home/pei/Project/duckdb-polr/src/include -I/home/pei/Project/duckdb-polr/third_party/fsst -I/home/pei/Project/duckdb-polr/third_party/fmt/include -I/home/pei/Project/duckdb-polr/third_party/hyperloglog -I/home/pei/Project/duckdb-polr/third_party/fastpforlib -I/home/pei/Project/duckdb-polr/third_party/fast_float -I/home/pei/Project/duckdb-polr/third_party/re2 -I/home/pei/Project/duckdb-polr/third_party/miniz -I/home/pei/Project/duckdb-polr/third_party/utf8proc/include -I/home/pei/Project/duckdb-polr/third_party/miniparquet -I/home/pei/Project/duckdb-polr/third_party/concurrentqueue -I/home/pei/Project/duckdb-polr/third_party/pcg -I/home/pei/Project/duckdb-polr/third_party/tdigest -I/home/pei/Project/duckdb-polr/third_party/mbedtls/include -I/home/pei/Project/duckdb-polr/third_party/jaro_winkler -O3 -DNDEBUG -O3 -DNDEBUG   -fPIC -fdiagnostics-color=always -std=c++11 -MD -MT src/function/table/system/CMakeFiles/duckdb_table_func_system.dir/ub_duckdb_table_func_system.cpp.o -MF src/function/table/system/CMakeFiles/duckdb_table_func_system.dir/ub_duckdb_table_func_system.cpp.o.d -o src/function/table/system/CMakeFiles/duckdb_table_func_system.dir/ub_duckdb_table_func_system.cpp.o -c /home/pei/Project/duckdb-polr/build/release/src/function/table/system/ub_duckdb_table_func_system.cpp
[70/376] /usr/bin/ccache /usr/lib/ccache/c++ -DDUCKDB -DDUCKDB_BUILD_LIBRARY -DDUCKDB_MAIN_LIBRARY -DENABLE_CROSS_PRODUCT_REWRITE=1 -DENABLE_DEBUG_PRINT=0 -DENABLE_MEASURE_EXE_TIME=0 -DENABLE_MERGE_BACK_PLAN=0 -DENABLE_PARALLEL_EXECUTION=0 -DENABLE_QUERY_SPLIT=1 -DENABLE_SPECIFY_EST_STAT=0 -I/home/pei/Project/duckdb-polr/src/include -I/home/pei/Project/duckdb-polr/third_party/fsst -I/home/pei/Project/duckdb-polr/third_party/fmt/include -I/home/pei/Project/duckdb-polr/third_party/hyperloglog -I/home/pei/Project/duckdb-polr/third_party/fastpforlib -I/home/pei/Project/duckdb-polr/third_party/fast_float -I/home/pei/Project/duckdb-polr/third_party/re2 -I/home/pei/Project/duckdb-polr/third_party/miniz -I/home/pei/Project/duckdb-polr/third_party/utf8proc/include -I/home/pei/Project/duckdb-polr/third_party/miniparquet -I/home/pei/Project/duckdb-polr/third_party/concurrentqueue -I/home/pei/Project/duckdb-polr/third_party/pcg -I/home/pei/Project/duckdb-polr/third_party/tdigest -I/home/pei/Project/duckdb-polr/third_party/mbedtls/include -I/home/pei/Project/duckdb-polr/third_party/jaro_winkler -O3 -DNDEBUG -O3 -DNDEBUG   -fPIC -fdiagnostics-color=always -std=c++11 -MD -MT src/common/vector_operations/CMakeFiles/duckdb_vector_operations.dir/vector_copy.cpp.o -MF src/common/vector_operations/CMakeFiles/duckdb_vector_operations.dir/vector_copy.cpp.o.d -o src/common/vector_operations/CMakeFiles/duckdb_vector_operations.dir/vector_copy.cpp.o -c /home/pei/Project/duckdb-polr/src/common/vector_operations/vector_copy.cpp
[71/376] /usr/bin/ccache /usr/lib/ccache/c++ -DDUCKDB -DDUCKDB_BUILD_LIBRARY -DDUCKDB_MAIN_LIBRARY -DENABLE_CROSS_PRODUCT_REWRITE=1 -DENABLE_DEBUG_PRINT=0 -DENABLE_MEASURE_EXE_TIME=0 -DENABLE_MERGE_BACK_PLAN=0 -DENABLE_PARALLEL_EXECUTION=0 -DENABLE_QUERY_SPLIT=1 -DENABLE_SPECIFY_EST_STAT=0 -I/home/pei/Project/duckdb-polr/src/include -I/home/pei/Project/duckdb-polr/third_party/fsst -I/home/pei/Project/duckdb-polr/third_party/fmt/include -I/home/pei/Project/duckdb-polr/third_party/hyperloglog -I/home/pei/Project/duckdb-polr/third_party/fastpforlib -I/home/pei/Project/duckdb-polr/third_party/fast_float -I/home/pei/Project/duckdb-polr/third_party/re2 -I/home/pei/Project/duckdb-polr/third_party/miniz -I/home/pei/Project/duckdb-polr/third_party/utf8proc/include -I/home/pei/Project/duckdb-polr/third_party/miniparquet -I/home/pei/Project/duckdb-polr/third_party/concurrentqueue -I/home/pei/Project/duckdb-polr/third_party/pcg -I/home/pei/Project/duckdb-polr/third_party/tdigest -I/home/pei/Project/duckdb-polr/third_party/mbedtls/include -I/home/pei/Project/duckdb-polr/third_party/jaro_winkler -O3 -DNDEBUG -O3 -DNDEBUG   -fPIC -fdiagnostics-color=always -std=c++11 -MD -MT src/function/scalar/string/CMakeFiles/duckdb_func_string.dir/ub_duckdb_func_string.cpp.o -MF src/function/scalar/string/CMakeFiles/duckdb_func_string.dir/ub_duckdb_func_string.cpp.o.d -o src/function/scalar/string/CMakeFiles/duckdb_func_string.dir/ub_duckdb_func_string.cpp.o -c /home/pei/Project/duckdb-polr/build/release/src/function/scalar/string/ub_duckdb_func_string.cpp
[72/376] /usr/bin/ccache /usr/lib/ccache/c++ -DDUCKDB -DDUCKDB_BUILD_LIBRARY -DDUCKDB_MAIN_LIBRARY -DENABLE_CROSS_PRODUCT_REWRITE=1 -DENABLE_DEBUG_PRINT=0 -DENABLE_MEASURE_EXE_TIME=0 -DENABLE_MERGE_BACK_PLAN=0 -DENABLE_PARALLEL_EXECUTION=0 -DENABLE_QUERY_SPLIT=1 -DENABLE_SPECIFY_EST_STAT=0 -I/home/pei/Project/duckdb-polr/src/include -I/home/pei/Project/duckdb-polr/third_party/fsst -I/home/pei/Project/duckdb-polr/third_party/fmt/include -I/home/pei/Project/duckdb-polr/third_party/hyperloglog -I/home/pei/Project/duckdb-polr/third_party/fastpforlib -I/home/pei/Project/duckdb-polr/third_party/fast_float -I/home/pei/Project/duckdb-polr/third_party/re2 -I/home/pei/Project/duckdb-polr/third_party/miniz -I/home/pei/Project/duckdb-polr/third_party/utf8proc/include -I/home/pei/Project/duckdb-polr/third_party/miniparquet -I/home/pei/Project/duckdb-polr/third_party/concurrentqueue -I/home/pei/Project/duckdb-polr/third_party/pcg -I/home/pei/Project/duckdb-polr/third_party/tdigest -I/home/pei/Project/duckdb-polr/third_party/mbedtls/include -I/home/pei/Project/duckdb-polr/third_party/jaro_winkler -O3 -DNDEBUG -O3 -DNDEBUG   -fPIC -fdiagnostics-color=always -std=c++11 -MD -MT src/common/sort/CMakeFiles/duckdb_sort.dir/ub_duckdb_sort.cpp.o -MF src/common/sort/CMakeFiles/duckdb_sort.dir/ub_duckdb_sort.cpp.o.d -o src/common/sort/CMakeFiles/duckdb_sort.dir/ub_duckdb_sort.cpp.o -c /home/pei/Project/duckdb-polr/build/release/src/common/sort/ub_duckdb_sort.cpp
[73/376] /usr/bin/ccache /usr/lib/ccache/c++ -DDUCKDB -DDUCKDB_BUILD_LIBRARY -DDUCKDB_MAIN_LIBRARY -DENABLE_CROSS_PRODUCT_REWRITE=1 -DENABLE_DEBUG_PRINT=0 -DENABLE_MEASURE_EXE_TIME=0 -DENABLE_MERGE_BACK_PLAN=0 -DENABLE_PARALLEL_EXECUTION=0 -DENABLE_QUERY_SPLIT=1 -DENABLE_SPECIFY_EST_STAT=0 -I/home/pei/Project/duckdb-polr/src/include -I/home/pei/Project/duckdb-polr/third_party/fsst -I/home/pei/Project/duckdb-polr/third_party/fmt/include -I/home/pei/Project/duckdb-polr/third_party/hyperloglog -I/home/pei/Project/duckdb-polr/third_party/fastpforlib -I/home/pei/Project/duckdb-polr/third_party/fast_float -I/home/pei/Project/duckdb-polr/third_party/re2 -I/home/pei/Project/duckdb-polr/third_party/miniz -I/home/pei/Project/duckdb-polr/third_party/utf8proc/include -I/home/pei/Project/duckdb-polr/third_party/miniparquet -I/home/pei/Project/duckdb-polr/third_party/concurrentqueue -I/home/pei/Project/duckdb-polr/third_party/pcg -I/home/pei/Project/duckdb-polr/third_party/tdigest -I/home/pei/Project/duckdb-polr/third_party/mbedtls/include -I/home/pei/Project/duckdb-polr/third_party/jaro_winkler -O3 -DNDEBUG -O3 -DNDEBUG   -fPIC -fdiagnostics-color=always -std=c++11 -MD -MT src/common/vector_operations/CMakeFiles/duckdb_vector_operations.dir/is_distinct_from.cpp.o -MF src/common/vector_operations/CMakeFiles/duckdb_vector_operations.dir/is_distinct_from.cpp.o.d -o src/common/vector_operations/CMakeFiles/duckdb_vector_operations.dir/is_distinct_from.cpp.o -c /home/pei/Project/duckdb-polr/src/common/vector_operations/is_distinct_from.cpp
[74/376] /usr/bin/ccache /usr/lib/ccache/c++ -DDUCKDB -DDUCKDB_BUILD_LIBRARY -DDUCKDB_MAIN_LIBRARY -DENABLE_CROSS_PRODUCT_REWRITE=1 -DENABLE_DEBUG_PRINT=0 -DENABLE_MEASURE_EXE_TIME=0 -DENABLE_MERGE_BACK_PLAN=0 -DENABLE_PARALLEL_EXECUTION=0 -DENABLE_QUERY_SPLIT=1 -DENABLE_SPECIFY_EST_STAT=0 -I/home/pei/Project/duckdb-polr/src/include -I/home/pei/Project/duckdb-polr/third_party/fsst -I/home/pei/Project/duckdb-polr/third_party/fmt/include -I/home/pei/Project/duckdb-polr/third_party/hyperloglog -I/home/pei/Project/duckdb-polr/third_party/fastpforlib -I/home/pei/Project/duckdb-polr/third_party/fast_float -I/home/pei/Project/duckdb-polr/third_party/re2 -I/home/pei/Project/duckdb-polr/third_party/miniz -I/home/pei/Project/duckdb-polr/third_party/utf8proc/include -I/home/pei/Project/duckdb-polr/third_party/miniparquet -I/home/pei/Project/duckdb-polr/third_party/concurrentqueue -I/home/pei/Project/duckdb-polr/third_party/pcg -I/home/pei/Project/duckdb-polr/third_party/tdigest -I/home/pei/Project/duckdb-polr/third_party/mbedtls/include -I/home/pei/Project/duckdb-polr/third_party/jaro_winkler -O3 -DNDEBUG -O3 -DNDEBUG   -fPIC -fdiagnostics-color=always -std=c++11 -MD -MT src/common/vector_operations/CMakeFiles/duckdb_vector_operations.dir/null_operations.cpp.o -MF src/common/vector_operations/CMakeFiles/duckdb_vector_operations.dir/null_operations.cpp.o.d -o src/common/vector_operations/CMakeFiles/duckdb_vector_operations.dir/null_operations.cpp.o -c /home/pei/Project/duckdb-polr/src/common/vector_operations/null_operations.cpp
[75/376] /usr/bin/ccache /usr/lib/ccache/c++ -DDUCKDB -DDUCKDB_BUILD_LIBRARY -DDUCKDB_MAIN_LIBRARY -DENABLE_CROSS_PRODUCT_REWRITE=1 -DENABLE_DEBUG_PRINT=0 -DENABLE_MEASURE_EXE_TIME=0 -DENABLE_MERGE_BACK_PLAN=0 -DENABLE_PARALLEL_EXECUTION=0 -DENABLE_QUERY_SPLIT=1 -DENABLE_SPECIFY_EST_STAT=0 -I/home/pei/Project/duckdb-polr/src/include -I/home/pei/Project/duckdb-polr/third_party/fsst -I/home/pei/Project/duckdb-polr/third_party/fmt/include -I/home/pei/Project/duckdb-polr/third_party/hyperloglog -I/home/pei/Project/duckdb-polr/third_party/fastpforlib -I/home/pei/Project/duckdb-polr/third_party/fast_float -I/home/pei/Project/duckdb-polr/third_party/re2 -I/home/pei/Project/duckdb-polr/third_party/miniz -I/home/pei/Project/duckdb-polr/third_party/utf8proc/include -I/home/pei/Project/duckdb-polr/third_party/miniparquet -I/home/pei/Project/duckdb-polr/third_party/concurrentqueue -I/home/pei/Project/duckdb-polr/third_party/pcg -I/home/pei/Project/duckdb-polr/third_party/tdigest -I/home/pei/Project/duckdb-polr/third_party/mbedtls/include -I/home/pei/Project/duckdb-polr/third_party/jaro_winkler -O3 -DNDEBUG -O3 -DNDEBUG   -fPIC -fdiagnostics-color=always -std=c++11 -MD -MT src/catalog/CMakeFiles/duckdb_catalog.dir/ub_duckdb_catalog.cpp.o -MF src/catalog/CMakeFiles/duckdb_catalog.dir/ub_duckdb_catalog.cpp.o.d -o src/catalog/CMakeFiles/duckdb_catalog.dir/ub_duckdb_catalog.cpp.o -c /home/pei/Project/duckdb-polr/build/release/src/catalog/ub_duckdb_catalog.cpp
[76/376] /usr/bin/ccache /usr/lib/ccache/c++ -DDUCKDB -DDUCKDB_BUILD_LIBRARY -DDUCKDB_MAIN_LIBRARY -DENABLE_CROSS_PRODUCT_REWRITE=1 -DENABLE_DEBUG_PRINT=0 -DENABLE_MEASURE_EXE_TIME=0 -DENABLE_MERGE_BACK_PLAN=0 -DENABLE_PARALLEL_EXECUTION=0 -DENABLE_QUERY_SPLIT=1 -DENABLE_SPECIFY_EST_STAT=0 -I/home/pei/Project/duckdb-polr/src/include -I/home/pei/Project/duckdb-polr/third_party/fsst -I/home/pei/Project/duckdb-polr/third_party/fmt/include -I/home/pei/Project/duckdb-polr/third_party/hyperloglog -I/home/pei/Project/duckdb-polr/third_party/fastpforlib -I/home/pei/Project/duckdb-polr/third_party/fast_float -I/home/pei/Project/duckdb-polr/third_party/re2 -I/home/pei/Project/duckdb-polr/third_party/miniz -I/home/pei/Project/duckdb-polr/third_party/utf8proc/include -I/home/pei/Project/duckdb-polr/third_party/miniparquet -I/home/pei/Project/duckdb-polr/third_party/concurrentqueue -I/home/pei/Project/duckdb-polr/third_party/pcg -I/home/pei/Project/duckdb-polr/third_party/tdigest -I/home/pei/Project/duckdb-polr/third_party/mbedtls/include -I/home/pei/Project/duckdb-polr/third_party/jaro_winkler -O3 -DNDEBUG -O3 -DNDEBUG   -fPIC -fdiagnostics-color=always -std=c++11 -MD -MT src/common/vector_operations/CMakeFiles/duckdb_vector_operations.dir/numeric_inplace_operators.cpp.o -MF src/common/vector_operations/CMakeFiles/duckdb_vector_operations.dir/numeric_inplace_operators.cpp.o.d -o src/common/vector_operations/CMakeFiles/duckdb_vector_operations.dir/numeric_inplace_operators.cpp.o -c /home/pei/Project/duckdb-polr/src/common/vector_operations/numeric_inplace_operators.cpp
[77/376] /usr/bin/ccache /usr/lib/ccache/c++ -DDUCKDB -DDUCKDB_BUILD_LIBRARY -DDUCKDB_MAIN_LIBRARY -DENABLE_CROSS_PRODUCT_REWRITE=1 -DENABLE_DEBUG_PRINT=0 -DENABLE_MEASURE_EXE_TIME=0 -DENABLE_MERGE_BACK_PLAN=0 -DENABLE_PARALLEL_EXECUTION=0 -DENABLE_QUERY_SPLIT=1 -DENABLE_SPECIFY_EST_STAT=0 -I/home/pei/Project/duckdb-polr/src/include -I/home/pei/Project/duckdb-polr/third_party/fsst -I/home/pei/Project/duckdb-polr/third_party/fmt/include -I/home/pei/Project/duckdb-polr/third_party/hyperloglog -I/home/pei/Project/duckdb-polr/third_party/fastpforlib -I/home/pei/Project/duckdb-polr/third_party/fast_float -I/home/pei/Project/duckdb-polr/third_party/re2 -I/home/pei/Project/duckdb-polr/third_party/miniz -I/home/pei/Project/duckdb-polr/third_party/utf8proc/include -I/home/pei/Project/duckdb-polr/third_party/miniparquet -I/home/pei/Project/duckdb-polr/third_party/concurrentqueue -I/home/pei/Project/duckdb-polr/third_party/pcg -I/home/pei/Project/duckdb-polr/third_party/tdigest -I/home/pei/Project/duckdb-polr/third_party/mbedtls/include -I/home/pei/Project/duckdb-polr/third_party/jaro_winkler -O3 -DNDEBUG -O3 -DNDEBUG   -fPIC -fdiagnostics-color=always -std=c++11 -MD -MT src/common/row_operations/CMakeFiles/duckdb_row_operations.dir/ub_duckdb_row_operations.cpp.o -MF src/common/row_operations/CMakeFiles/duckdb_row_operations.dir/ub_duckdb_row_operations.cpp.o.d -o src/common/row_operations/CMakeFiles/duckdb_row_operations.dir/ub_duckdb_row_operations.cpp.o -c /home/pei/Project/duckdb-polr/build/release/src/common/row_operations/ub_duckdb_row_operations.cpp
[78/376] /usr/bin/ccache /usr/lib/ccache/c++ -DDUCKDB -DDUCKDB_BUILD_LIBRARY -DDUCKDB_MAIN_LIBRARY -DENABLE_CROSS_PRODUCT_REWRITE=1 -DENABLE_DEBUG_PRINT=0 -DENABLE_MEASURE_EXE_TIME=0 -DENABLE_MERGE_BACK_PLAN=0 -DENABLE_PARALLEL_EXECUTION=0 -DENABLE_QUERY_SPLIT=1 -DENABLE_SPECIFY_EST_STAT=0 -I/home/pei/Project/duckdb-polr/src/include -I/home/pei/Project/duckdb-polr/third_party/fsst -I/home/pei/Project/duckdb-polr/third_party/fmt/include -I/home/pei/Project/duckdb-polr/third_party/hyperloglog -I/home/pei/Project/duckdb-polr/third_party/fastpforlib -I/home/pei/Project/duckdb-polr/third_party/fast_float -I/home/pei/Project/duckdb-polr/third_party/re2 -I/home/pei/Project/duckdb-polr/third_party/miniz -I/home/pei/Project/duckdb-polr/third_party/utf8proc/include -I/home/pei/Project/duckdb-polr/third_party/miniparquet -I/home/pei/Project/duckdb-polr/third_party/concurrentqueue -I/home/pei/Project/duckdb-polr/third_party/pcg -I/home/pei/Project/duckdb-polr/third_party/tdigest -I/home/pei/Project/duckdb-polr/third_party/mbedtls/include -I/home/pei/Project/duckdb-polr/third_party/jaro_winkler -O3 -DNDEBUG -O3 -DNDEBUG   -fPIC -fdiagnostics-color=always -std=c++11 -MD -MT src/execution/CMakeFiles/duckdb_execution.dir/ub_duckdb_execution.cpp.o -MF src/execution/CMakeFiles/duckdb_execution.dir/ub_duckdb_execution.cpp.o.d -o src/execution/CMakeFiles/duckdb_execution.dir/ub_duckdb_execution.cpp.o -c /home/pei/Project/duckdb-polr/build/release/src/execution/ub_duckdb_execution.cpp
[79/376] /usr/bin/ccache /usr/lib/ccache/c++ -DDUCKDB -DDUCKDB_BUILD_LIBRARY -DDUCKDB_MAIN_LIBRARY -DENABLE_CROSS_PRODUCT_REWRITE=1 -DENABLE_DEBUG_PRINT=0 -DENABLE_MEASURE_EXE_TIME=0 -DENABLE_MERGE_BACK_PLAN=0 -DENABLE_PARALLEL_EXECUTION=0 -DENABLE_QUERY_SPLIT=1 -DENABLE_SPECIFY_EST_STAT=0 -I/home/pei/Project/duckdb-polr/src/include -I/home/pei/Project/duckdb-polr/third_party/fsst -I/home/pei/Project/duckdb-polr/third_party/fmt/include -I/home/pei/Project/duckdb-polr/third_party/hyperloglog -I/home/pei/Project/duckdb-polr/third_party/fastpforlib -I/home/pei/Project/duckdb-polr/third_party/fast_float -I/home/pei/Project/duckdb-polr/third_party/re2 -I/home/pei/Project/duckdb-polr/third_party/miniz -I/home/pei/Project/duckdb-polr/third_party/utf8proc/include -I/home/pei/Project/duckdb-polr/third_party/miniparquet -I/home/pei/Project/duckdb-polr/third_party/concurrentqueue -I/home/pei/Project/duckdb-polr/third_party/pcg -I/home/pei/Project/duckdb-polr/third_party/tdigest -I/home/pei/Project/duckdb-polr/third_party/mbedtls/include -I/home/pei/Project/duckdb-polr/third_party/jaro_winkler -O3 -DNDEBUG -O3 -DNDEBUG   -fPIC -fdiagnostics-color=always -std=c++11 -MD -MT src/execution/operator/helper/CMakeFiles/duckdb_operator_helper.dir/ub_duckdb_operator_helper.cpp.o -MF src/execution/operator/helper/CMakeFiles/duckdb_operator_helper.dir/ub_duckdb_operator_helper.cpp.o.d -o src/execution/operator/helper/CMakeFiles/duckdb_operator_helper.dir/ub_duckdb_operator_helper.cpp.o -c /home/pei/Project/duckdb-polr/build/release/src/execution/operator/helper/ub_duckdb_operator_helper.cpp
[80/376] /usr/bin/ccache /usr/lib/ccache/c++ -DDUCKDB -DDUCKDB_BUILD_LIBRARY -DDUCKDB_MAIN_LIBRARY -DENABLE_CROSS_PRODUCT_REWRITE=1 -DENABLE_DEBUG_PRINT=0 -DENABLE_MEASURE_EXE_TIME=0 -DENABLE_MERGE_BACK_PLAN=0 -DENABLE_PARALLEL_EXECUTION=0 -DENABLE_QUERY_SPLIT=1 -DENABLE_SPECIFY_EST_STAT=0 -I/home/pei/Project/duckdb-polr/src/include -I/home/pei/Project/duckdb-polr/third_party/fsst -I/home/pei/Project/duckdb-polr/third_party/fmt/include -I/home/pei/Project/duckdb-polr/third_party/hyperloglog -I/home/pei/Project/duckdb-polr/third_party/fastpforlib -I/home/pei/Project/duckdb-polr/third_party/fast_float -I/home/pei/Project/duckdb-polr/third_party/re2 -I/home/pei/Project/duckdb-polr/third_party/miniz -I/home/pei/Project/duckdb-polr/third_party/utf8proc/include -I/home/pei/Project/duckdb-polr/third_party/miniparquet -I/home/pei/Project/duckdb-polr/third_party/concurrentqueue -I/home/pei/Project/duckdb-polr/third_party/pcg -I/home/pei/Project/duckdb-polr/third_party/tdigest -I/home/pei/Project/duckdb-polr/third_party/mbedtls/include -I/home/pei/Project/duckdb-polr/third_party/jaro_winkler -O3 -DNDEBUG -O3 -DNDEBUG   -fPIC -fdiagnostics-color=always -std=c++11 -MD -MT src/execution/operator/filter/CMakeFiles/duckdb_operator_filter.dir/ub_duckdb_operator_filter.cpp.o -MF src/execution/operator/filter/CMakeFiles/duckdb_operator_filter.dir/ub_duckdb_operator_filter.cpp.o.d -o src/execution/operator/filter/CMakeFiles/duckdb_operator_filter.dir/ub_duckdb_operator_filter.cpp.o -c /home/pei/Project/duckdb-polr/build/release/src/execution/operator/filter/ub_duckdb_operator_filter.cpp
[81/376] /usr/bin/ccache /usr/lib/ccache/c++ -DDUCKDB -DDUCKDB_BUILD_LIBRARY -DDUCKDB_MAIN_LIBRARY -DENABLE_CROSS_PRODUCT_REWRITE=1 -DENABLE_DEBUG_PRINT=0 -DENABLE_MEASURE_EXE_TIME=0 -DENABLE_MERGE_BACK_PLAN=0 -DENABLE_PARALLEL_EXECUTION=0 -DENABLE_QUERY_SPLIT=1 -DENABLE_SPECIFY_EST_STAT=0 -I/home/pei/Project/duckdb-polr/src/include -I/home/pei/Project/duckdb-polr/third_party/fsst -I/home/pei/Project/duckdb-polr/third_party/fmt/include -I/home/pei/Project/duckdb-polr/third_party/hyperloglog -I/home/pei/Project/duckdb-polr/third_party/fastpforlib -I/home/pei/Project/duckdb-polr/third_party/fast_float -I/home/pei/Project/duckdb-polr/third_party/re2 -I/home/pei/Project/duckdb-polr/third_party/miniz -I/home/pei/Project/duckdb-polr/third_party/utf8proc/include -I/home/pei/Project/duckdb-polr/third_party/miniparquet -I/home/pei/Project/duckdb-polr/third_party/concurrentqueue -I/home/pei/Project/duckdb-polr/third_party/pcg -I/home/pei/Project/duckdb-polr/third_party/tdigest -I/home/pei/Project/duckdb-polr/third_party/mbedtls/include -I/home/pei/Project/duckdb-polr/third_party/jaro_winkler -O3 -DNDEBUG -O3 -DNDEBUG   -fPIC -fdiagnostics-color=always -std=c++11 -MD -MT src/execution/nested_loop_join/CMakeFiles/duckdb_nested_loop_join.dir/ub_duckdb_nested_loop_join.cpp.o -MF src/execution/nested_loop_join/CMakeFiles/duckdb_nested_loop_join.dir/ub_duckdb_nested_loop_join.cpp.o.d -o src/execution/nested_loop_join/CMakeFiles/duckdb_nested_loop_join.dir/ub_duckdb_nested_loop_join.cpp.o -c /home/pei/Project/duckdb-polr/build/release/src/execution/nested_loop_join/ub_duckdb_nested_loop_join.cpp
[82/376] /usr/bin/ccache /usr/lib/ccache/c++ -DDUCKDB -DDUCKDB_BUILD_LIBRARY -DDUCKDB_MAIN_LIBRARY -DENABLE_CROSS_PRODUCT_REWRITE=1 -DENABLE_DEBUG_PRINT=0 -DENABLE_MEASURE_EXE_TIME=0 -DENABLE_MERGE_BACK_PLAN=0 -DENABLE_PARALLEL_EXECUTION=0 -DENABLE_QUERY_SPLIT=1 -DENABLE_SPECIFY_EST_STAT=0 -I/home/pei/Project/duckdb-polr/src/include -I/home/pei/Project/duckdb-polr/third_party/fsst -I/home/pei/Project/duckdb-polr/third_party/fmt/include -I/home/pei/Project/duckdb-polr/third_party/hyperloglog -I/home/pei/Project/duckdb-polr/third_party/fastpforlib -I/home/pei/Project/duckdb-polr/third_party/fast_float -I/home/pei/Project/duckdb-polr/third_party/re2 -I/home/pei/Project/duckdb-polr/third_party/miniz -I/home/pei/Project/duckdb-polr/third_party/utf8proc/include -I/home/pei/Project/duckdb-polr/third_party/miniparquet -I/home/pei/Project/duckdb-polr/third_party/concurrentqueue -I/home/pei/Project/duckdb-polr/third_party/pcg -I/home/pei/Project/duckdb-polr/third_party/tdigest -I/home/pei/Project/duckdb-polr/third_party/mbedtls/include -I/home/pei/Project/duckdb-polr/third_party/jaro_winkler -O3 -DNDEBUG -O3 -DNDEBUG   -fPIC -fdiagnostics-color=always -std=c++11 -MD -MT src/execution/operator/order/CMakeFiles/duckdb_operator_order.dir/ub_duckdb_operator_order.cpp.o -MF src/execution/operator/order/CMakeFiles/duckdb_operator_order.dir/ub_duckdb_operator_order.cpp.o.d -o src/execution/operator/order/CMakeFiles/duckdb_operator_order.dir/ub_duckdb_operator_order.cpp.o -c /home/pei/Project/duckdb-polr/build/release/src/execution/operator/order/ub_duckdb_operator_order.cpp
[83/376] /usr/bin/ccache /usr/lib/ccache/c++ -DDUCKDB -DDUCKDB_BUILD_LIBRARY -DDUCKDB_MAIN_LIBRARY -DENABLE_CROSS_PRODUCT_REWRITE=1 -DENABLE_DEBUG_PRINT=0 -DENABLE_MEASURE_EXE_TIME=0 -DENABLE_MERGE_BACK_PLAN=0 -DENABLE_PARALLEL_EXECUTION=0 -DENABLE_QUERY_SPLIT=1 -DENABLE_SPECIFY_EST_STAT=0 -I/home/pei/Project/duckdb-polr/src/include -I/home/pei/Project/duckdb-polr/third_party/fsst -I/home/pei/Project/duckdb-polr/third_party/fmt/include -I/home/pei/Project/duckdb-polr/third_party/hyperloglog -I/home/pei/Project/duckdb-polr/third_party/fastpforlib -I/home/pei/Project/duckdb-polr/third_party/fast_float -I/home/pei/Project/duckdb-polr/third_party/re2 -I/home/pei/Project/duckdb-polr/third_party/miniz -I/home/pei/Project/duckdb-polr/third_party/utf8proc/include -I/home/pei/Project/duckdb-polr/third_party/miniparquet -I/home/pei/Project/duckdb-polr/third_party/concurrentqueue -I/home/pei/Project/duckdb-polr/third_party/pcg -I/home/pei/Project/duckdb-polr/third_party/tdigest -I/home/pei/Project/duckdb-polr/third_party/mbedtls/include -I/home/pei/Project/duckdb-polr/third_party/jaro_winkler -O3 -DNDEBUG -O3 -DNDEBUG   -fPIC -fdiagnostics-color=always -std=c++11 -MD -MT src/execution/expression_executor/CMakeFiles/duckdb_expression_executor.dir/ub_duckdb_expression_executor.cpp.o -MF src/execution/expression_executor/CMakeFiles/duckdb_expression_executor.dir/ub_duckdb_expression_executor.cpp.o.d -o src/execution/expression_executor/CMakeFiles/duckdb_expression_executor.dir/ub_duckdb_expression_executor.cpp.o -c /home/pei/Project/duckdb-polr/build/release/src/execution/expression_executor/ub_duckdb_expression_executor.cpp
[84/376] /usr/bin/ccache /usr/lib/ccache/c++ -DDUCKDB -DDUCKDB_BUILD_LIBRARY -DDUCKDB_MAIN_LIBRARY -DENABLE_CROSS_PRODUCT_REWRITE=1 -DENABLE_DEBUG_PRINT=0 -DENABLE_MEASURE_EXE_TIME=0 -DENABLE_MERGE_BACK_PLAN=0 -DENABLE_PARALLEL_EXECUTION=0 -DENABLE_QUERY_SPLIT=1 -DENABLE_SPECIFY_EST_STAT=0 -I/home/pei/Project/duckdb-polr/src/include -I/home/pei/Project/duckdb-polr/third_party/fsst -I/home/pei/Project/duckdb-polr/third_party/fmt/include -I/home/pei/Project/duckdb-polr/third_party/hyperloglog -I/home/pei/Project/duckdb-polr/third_party/fastpforlib -I/home/pei/Project/duckdb-polr/third_party/fast_float -I/home/pei/Project/duckdb-polr/third_party/re2 -I/home/pei/Project/duckdb-polr/third_party/miniz -I/home/pei/Project/duckdb-polr/third_party/utf8proc/include -I/home/pei/Project/duckdb-polr/third_party/miniparquet -I/home/pei/Project/duckdb-polr/third_party/concurrentqueue -I/home/pei/Project/duckdb-polr/third_party/pcg -I/home/pei/Project/duckdb-polr/third_party/tdigest -I/home/pei/Project/duckdb-polr/third_party/mbedtls/include -I/home/pei/Project/duckdb-polr/third_party/jaro_winkler -O3 -DNDEBUG -O3 -DNDEBUG   -fPIC -fdiagnostics-color=always -std=c++11 -MD -MT src/common/types/CMakeFiles/duckdb_common_types.dir/ub_duckdb_common_types.cpp.o -MF src/common/types/CMakeFiles/duckdb_common_types.dir/ub_duckdb_common_types.cpp.o.d -o src/common/types/CMakeFiles/duckdb_common_types.dir/ub_duckdb_common_types.cpp.o -c /home/pei/Project/duckdb-polr/build/release/src/common/types/ub_duckdb_common_types.cpp
[85/376] /usr/bin/ccache /usr/lib/ccache/c++ -DDUCKDB -DDUCKDB_BUILD_LIBRARY -DDUCKDB_MAIN_LIBRARY -DENABLE_CROSS_PRODUCT_REWRITE=1 -DENABLE_DEBUG_PRINT=0 -DENABLE_MEASURE_EXE_TIME=0 -DENABLE_MERGE_BACK_PLAN=0 -DENABLE_PARALLEL_EXECUTION=0 -DENABLE_QUERY_SPLIT=1 -DENABLE_SPECIFY_EST_STAT=0 -I/home/pei/Project/duckdb-polr/src/include -I/home/pei/Project/duckdb-polr/third_party/fsst -I/home/pei/Project/duckdb-polr/third_party/fmt/include -I/home/pei/Project/duckdb-polr/third_party/hyperloglog -I/home/pei/Project/duckdb-polr/third_party/fastpforlib -I/home/pei/Project/duckdb-polr/third_party/fast_float -I/home/pei/Project/duckdb-polr/third_party/re2 -I/home/pei/Project/duckdb-polr/third_party/miniz -I/home/pei/Project/duckdb-polr/third_party/utf8proc/include -I/home/pei/Project/duckdb-polr/third_party/miniparquet -I/home/pei/Project/duckdb-polr/third_party/concurrentqueue -I/home/pei/Project/duckdb-polr/third_party/pcg -I/home/pei/Project/duckdb-polr/third_party/tdigest -I/home/pei/Project/duckdb-polr/third_party/mbedtls/include -I/home/pei/Project/duckdb-polr/third_party/jaro_winkler -O3 -DNDEBUG -O3 -DNDEBUG   -fPIC -fdiagnostics-color=always -std=c++11 -MD -MT src/common/vector_operations/CMakeFiles/duckdb_vector_operations.dir/vector_storage.cpp.o -MF src/common/vector_operations/CMakeFiles/duckdb_vector_operations.dir/vector_storage.cpp.o.d -o src/common/vector_operations/CMakeFiles/duckdb_vector_operations.dir/vector_storage.cpp.o -c /home/pei/Project/duckdb-polr/src/common/vector_operations/vector_storage.cpp
[86/376] /usr/bin/ccache /usr/lib/ccache/c++ -DDUCKDB -DDUCKDB_BUILD_LIBRARY -DDUCKDB_MAIN_LIBRARY -DENABLE_CROSS_PRODUCT_REWRITE=1 -DENABLE_DEBUG_PRINT=0 -DENABLE_MEASURE_EXE_TIME=0 -DENABLE_MERGE_BACK_PLAN=0 -DENABLE_PARALLEL_EXECUTION=0 -DENABLE_QUERY_SPLIT=1 -DENABLE_SPECIFY_EST_STAT=0 -I/home/pei/Project/duckdb-polr/src/include -I/home/pei/Project/duckdb-polr/third_party/fsst -I/home/pei/Project/duckdb-polr/third_party/fmt/include -I/home/pei/Project/duckdb-polr/third_party/hyperloglog -I/home/pei/Project/duckdb-polr/third_party/fastpforlib -I/home/pei/Project/duckdb-polr/third_party/fast_float -I/home/pei/Project/duckdb-polr/third_party/re2 -I/home/pei/Project/duckdb-polr/third_party/miniz -I/home/pei/Project/duckdb-polr/third_party/utf8proc/include -I/home/pei/Project/duckdb-polr/third_party/miniparquet -I/home/pei/Project/duckdb-polr/third_party/concurrentqueue -I/home/pei/Project/duckdb-polr/third_party/pcg -I/home/pei/Project/duckdb-polr/third_party/tdigest -I/home/pei/Project/duckdb-polr/third_party/mbedtls/include -I/home/pei/Project/duckdb-polr/third_party/jaro_winkler -O3 -DNDEBUG -O3 -DNDEBUG   -fPIC -fdiagnostics-color=always -std=c++11 -MD -MT src/execution/operator/join/CMakeFiles/duckdb_operator_join.dir/ub_duckdb_operator_join.cpp.o -MF src/execution/operator/join/CMakeFiles/duckdb_operator_join.dir/ub_duckdb_operator_join.cpp.o.d -o src/execution/operator/join/CMakeFiles/duckdb_operator_join.dir/ub_duckdb_operator_join.cpp.o -c /home/pei/Project/duckdb-polr/build/release/src/execution/operator/join/ub_duckdb_operator_join.cpp
[87/376] /usr/bin/ccache /usr/lib/ccache/c++ -DDUCKDB -DDUCKDB_BUILD_LIBRARY -DDUCKDB_MAIN_LIBRARY -DENABLE_CROSS_PRODUCT_REWRITE=1 -DENABLE_DEBUG_PRINT=0 -DENABLE_MEASURE_EXE_TIME=0 -DENABLE_MERGE_BACK_PLAN=0 -DENABLE_PARALLEL_EXECUTION=0 -DENABLE_QUERY_SPLIT=1 -DENABLE_SPECIFY_EST_STAT=0 -I/home/pei/Project/duckdb-polr/src/include -I/home/pei/Project/duckdb-polr/third_party/fsst -I/home/pei/Project/duckdb-polr/third_party/fmt/include -I/home/pei/Project/duckdb-polr/third_party/hyperloglog -I/home/pei/Project/duckdb-polr/third_party/fastpforlib -I/home/pei/Project/duckdb-polr/third_party/fast_float -I/home/pei/Project/duckdb-polr/third_party/re2 -I/home/pei/Project/duckdb-polr/third_party/miniz -I/home/pei/Project/duckdb-polr/third_party/utf8proc/include -I/home/pei/Project/duckdb-polr/third_party/miniparquet -I/home/pei/Project/duckdb-polr/third_party/concurrentqueue -I/home/pei/Project/duckdb-polr/third_party/pcg -I/home/pei/Project/duckdb-polr/third_party/tdigest -I/home/pei/Project/duckdb-polr/third_party/mbedtls/include -I/home/pei/Project/duckdb-polr/third_party/jaro_winkler -O3 -DNDEBUG -O3 -DNDEBUG   -fPIC -fdiagnostics-color=always -std=c++11 -MD -MT src/execution/operator/schema/CMakeFiles/duckdb_operator_schema.dir/ub_duckdb_operator_schema.cpp.o -MF src/execution/operator/schema/CMakeFiles/duckdb_operator_schema.dir/ub_duckdb_operator_schema.cpp.o.d -o src/execution/operator/schema/CMakeFiles/duckdb_operator_schema.dir/ub_duckdb_operator_schema.cpp.o -c /home/pei/Project/duckdb-polr/build/release/src/execution/operator/schema/ub_duckdb_operator_schema.cpp
[88/376] /usr/bin/ccache /usr/lib/ccache/c++ -DDUCKDB -DDUCKDB_BUILD_LIBRARY -DDUCKDB_MAIN_LIBRARY -DENABLE_CROSS_PRODUCT_REWRITE=1 -DENABLE_DEBUG_PRINT=0 -DENABLE_MEASURE_EXE_TIME=0 -DENABLE_MERGE_BACK_PLAN=0 -DENABLE_PARALLEL_EXECUTION=0 -DENABLE_QUERY_SPLIT=1 -DENABLE_SPECIFY_EST_STAT=0 -I/home/pei/Project/duckdb-polr/src/include -I/home/pei/Project/duckdb-polr/third_party/fsst -I/home/pei/Project/duckdb-polr/third_party/fmt/include -I/home/pei/Project/duckdb-polr/third_party/hyperloglog -I/home/pei/Project/duckdb-polr/third_party/fastpforlib -I/home/pei/Project/duckdb-polr/third_party/fast_float -I/home/pei/Project/duckdb-polr/third_party/re2 -I/home/pei/Project/duckdb-polr/third_party/miniz -I/home/pei/Project/duckdb-polr/third_party/utf8proc/include -I/home/pei/Project/duckdb-polr/third_party/miniparquet -I/home/pei/Project/duckdb-polr/third_party/concurrentqueue -I/home/pei/Project/duckdb-polr/third_party/pcg -I/home/pei/Project/duckdb-polr/third_party/tdigest -I/home/pei/Project/duckdb-polr/third_party/mbedtls/include -I/home/pei/Project/duckdb-polr/third_party/jaro_winkler -O3 -DNDEBUG -O3 -DNDEBUG   -fPIC -fdiagnostics-color=always -std=c++11 -MD -MT src/execution/operator/scan/CMakeFiles/duckdb_operator_scan.dir/ub_duckdb_operator_scan.cpp.o -MF src/execution/operator/scan/CMakeFiles/duckdb_operator_scan.dir/ub_duckdb_operator_scan.cpp.o.d -o src/execution/operator/scan/CMakeFiles/duckdb_operator_scan.dir/ub_duckdb_operator_scan.cpp.o -c /home/pei/Project/duckdb-polr/build/release/src/execution/operator/scan/ub_duckdb_operator_scan.cpp
[89/376] /usr/bin/ccache /usr/lib/ccache/c++ -DDUCKDB -DDUCKDB_BUILD_LIBRARY -DDUCKDB_MAIN_LIBRARY -DENABLE_CROSS_PRODUCT_REWRITE=1 -DENABLE_DEBUG_PRINT=0 -DENABLE_MEASURE_EXE_TIME=0 -DENABLE_MERGE_BACK_PLAN=0 -DENABLE_PARALLEL_EXECUTION=0 -DENABLE_QUERY_SPLIT=1 -DENABLE_SPECIFY_EST_STAT=0 -I/home/pei/Project/duckdb-polr/src/include -I/home/pei/Project/duckdb-polr/third_party/fsst -I/home/pei/Project/duckdb-polr/third_party/fmt/include -I/home/pei/Project/duckdb-polr/third_party/hyperloglog -I/home/pei/Project/duckdb-polr/third_party/fastpforlib -I/home/pei/Project/duckdb-polr/third_party/fast_float -I/home/pei/Project/duckdb-polr/third_party/re2 -I/home/pei/Project/duckdb-polr/third_party/miniz -I/home/pei/Project/duckdb-polr/third_party/utf8proc/include -I/home/pei/Project/duckdb-polr/third_party/miniparquet -I/home/pei/Project/duckdb-polr/third_party/concurrentqueue -I/home/pei/Project/duckdb-polr/third_party/pcg -I/home/pei/Project/duckdb-polr/third_party/tdigest -I/home/pei/Project/duckdb-polr/third_party/mbedtls/include -I/home/pei/Project/duckdb-polr/third_party/jaro_winkler -O3 -DNDEBUG -O3 -DNDEBUG   -fPIC -fdiagnostics-color=always -std=c++11 -MD -MT src/execution/operator/aggregate/CMakeFiles/duckdb_operator_aggregate.dir/ub_duckdb_operator_aggregate.cpp.o -MF src/execution/operator/aggregate/CMakeFiles/duckdb_operator_aggregate.dir/ub_duckdb_operator_aggregate.cpp.o.d -o src/execution/operator/aggregate/CMakeFiles/duckdb_operator_aggregate.dir/ub_duckdb_operator_aggregate.cpp.o -c /home/pei/Project/duckdb-polr/build/release/src/execution/operator/aggregate/ub_duckdb_operator_aggregate.cpp
[90/376] /usr/bin/ccache /usr/lib/ccache/c++ -DDUCKDB -DDUCKDB_BUILD_LIBRARY -DDUCKDB_MAIN_LIBRARY -DENABLE_CROSS_PRODUCT_REWRITE=1 -DENABLE_DEBUG_PRINT=0 -DENABLE_MEASURE_EXE_TIME=0 -DENABLE_MERGE_BACK_PLAN=0 -DENABLE_PARALLEL_EXECUTION=0 -DENABLE_QUERY_SPLIT=1 -DENABLE_SPECIFY_EST_STAT=0 -I/home/pei/Project/duckdb-polr/src/include -I/home/pei/Project/duckdb-polr/third_party/fsst -I/home/pei/Project/duckdb-polr/third_party/fmt/include -I/home/pei/Project/duckdb-polr/third_party/hyperloglog -I/home/pei/Project/duckdb-polr/third_party/fastpforlib -I/home/pei/Project/duckdb-polr/third_party/fast_float -I/home/pei/Project/duckdb-polr/third_party/re2 -I/home/pei/Project/duckdb-polr/third_party/miniz -I/home/pei/Project/duckdb-polr/third_party/utf8proc/include -I/home/pei/Project/duckdb-polr/third_party/miniparquet -I/home/pei/Project/duckdb-polr/third_party/concurrentqueue -I/home/pei/Project/duckdb-polr/third_party/pcg -I/home/pei/Project/duckdb-polr/third_party/tdigest -I/home/pei/Project/duckdb-polr/third_party/mbedtls/include -I/home/pei/Project/duckdb-polr/third_party/jaro_winkler -O3 -DNDEBUG -O3 -DNDEBUG   -fPIC -fdiagnostics-color=always -std=c++11 -MD -MT src/execution/operator/projection/CMakeFiles/duckdb_operator_projection.dir/ub_duckdb_operator_projection.cpp.o -MF src/execution/operator/projection/CMakeFiles/duckdb_operator_projection.dir/ub_duckdb_operator_projection.cpp.o.d -o src/execution/operator/projection/CMakeFiles/duckdb_operator_projection.dir/ub_duckdb_operator_projection.cpp.o -c /home/pei/Project/duckdb-polr/build/release/src/execution/operator/projection/ub_duckdb_operator_projection.cpp
[91/376] /usr/bin/ccache /usr/lib/ccache/c++ -DDUCKDB -DDUCKDB_BUILD_LIBRARY -DDUCKDB_MAIN_LIBRARY -DENABLE_CROSS_PRODUCT_REWRITE=1 -DENABLE_DEBUG_PRINT=0 -DENABLE_MEASURE_EXE_TIME=0 -DENABLE_MERGE_BACK_PLAN=0 -DENABLE_PARALLEL_EXECUTION=0 -DENABLE_QUERY_SPLIT=1 -DENABLE_SPECIFY_EST_STAT=0 -I/home/pei/Project/duckdb-polr/src/include -I/home/pei/Project/duckdb-polr/third_party/fsst -I/home/pei/Project/duckdb-polr/third_party/fmt/include -I/home/pei/Project/duckdb-polr/third_party/hyperloglog -I/home/pei/Project/duckdb-polr/third_party/fastpforlib -I/home/pei/Project/duckdb-polr/third_party/fast_float -I/home/pei/Project/duckdb-polr/third_party/re2 -I/home/pei/Project/duckdb-polr/third_party/miniz -I/home/pei/Project/duckdb-polr/third_party/utf8proc/include -I/home/pei/Project/duckdb-polr/third_party/miniparquet -I/home/pei/Project/duckdb-polr/third_party/concurrentqueue -I/home/pei/Project/duckdb-polr/third_party/pcg -I/home/pei/Project/duckdb-polr/third_party/tdigest -I/home/pei/Project/duckdb-polr/third_party/mbedtls/include -I/home/pei/Project/duckdb-polr/third_party/jaro_winkler -O3 -DNDEBUG -O3 -DNDEBUG   -fPIC -fdiagnostics-color=always -std=c++11 -MD -MT src/execution/index/art/CMakeFiles/duckdb_art_index_execution.dir/ub_duckdb_art_index_execution.cpp.o -MF src/execution/index/art/CMakeFiles/duckdb_art_index_execution.dir/ub_duckdb_art_index_execution.cpp.o.d -o src/execution/index/art/CMakeFiles/duckdb_art_index_execution.dir/ub_duckdb_art_index_execution.cpp.o -c /home/pei/Project/duckdb-polr/build/release/src/execution/index/art/ub_duckdb_art_index_execution.cpp
[92/376] /usr/bin/ccache /usr/lib/ccache/c++ -DDUCKDB -DDUCKDB_BUILD_LIBRARY -DDUCKDB_MAIN_LIBRARY -DENABLE_CROSS_PRODUCT_REWRITE=1 -DENABLE_DEBUG_PRINT=0 -DENABLE_MEASURE_EXE_TIME=0 -DENABLE_MERGE_BACK_PLAN=0 -DENABLE_PARALLEL_EXECUTION=0 -DENABLE_QUERY_SPLIT=1 -DENABLE_SPECIFY_EST_STAT=0 -I/home/pei/Project/duckdb-polr/src/include -I/home/pei/Project/duckdb-polr/third_party/fsst -I/home/pei/Project/duckdb-polr/third_party/fmt/include -I/home/pei/Project/duckdb-polr/third_party/hyperloglog -I/home/pei/Project/duckdb-polr/third_party/fastpforlib -I/home/pei/Project/duckdb-polr/third_party/fast_float -I/home/pei/Project/duckdb-polr/third_party/re2 -I/home/pei/Project/duckdb-polr/third_party/miniz -I/home/pei/Project/duckdb-polr/third_party/utf8proc/include -I/home/pei/Project/duckdb-polr/third_party/miniparquet -I/home/pei/Project/duckdb-polr/third_party/concurrentqueue -I/home/pei/Project/duckdb-polr/third_party/pcg -I/home/pei/Project/duckdb-polr/third_party/tdigest -I/home/pei/Project/duckdb-polr/third_party/mbedtls/include -I/home/pei/Project/duckdb-polr/third_party/jaro_winkler -O3 -DNDEBUG -O3 -DNDEBUG   -fPIC -fdiagnostics-color=always -std=c++11 -MD -MT src/main/capi/cast/CMakeFiles/duckdb_main_capi_cast.dir/ub_duckdb_main_capi_cast.cpp.o -MF src/main/capi/cast/CMakeFiles/duckdb_main_capi_cast.dir/ub_duckdb_main_capi_cast.cpp.o.d -o src/main/capi/cast/CMakeFiles/duckdb_main_capi_cast.dir/ub_duckdb_main_capi_cast.cpp.o -c /home/pei/Project/duckdb-polr/build/release/src/main/capi/cast/ub_duckdb_main_capi_cast.cpp
[93/376] /usr/bin/ccache /usr/lib/ccache/c++ -DDUCKDB -DDUCKDB_BUILD_LIBRARY -DDUCKDB_MAIN_LIBRARY -DENABLE_CROSS_PRODUCT_REWRITE=1 -DENABLE_DEBUG_PRINT=0 -DENABLE_MEASURE_EXE_TIME=0 -DENABLE_MERGE_BACK_PLAN=0 -DENABLE_PARALLEL_EXECUTION=0 -DENABLE_QUERY_SPLIT=1 -DENABLE_SPECIFY_EST_STAT=0 -I/home/pei/Project/duckdb-polr/src/include -I/home/pei/Project/duckdb-polr/third_party/fsst -I/home/pei/Project/duckdb-polr/third_party/fmt/include -I/home/pei/Project/duckdb-polr/third_party/hyperloglog -I/home/pei/Project/duckdb-polr/third_party/fastpforlib -I/home/pei/Project/duckdb-polr/third_party/fast_float -I/home/pei/Project/duckdb-polr/third_party/re2 -I/home/pei/Project/duckdb-polr/third_party/miniz -I/home/pei/Project/duckdb-polr/third_party/utf8proc/include -I/home/pei/Project/duckdb-polr/third_party/miniparquet -I/home/pei/Project/duckdb-polr/third_party/concurrentqueue -I/home/pei/Project/duckdb-polr/third_party/pcg -I/home/pei/Project/duckdb-polr/third_party/tdigest -I/home/pei/Project/duckdb-polr/third_party/mbedtls/include -I/home/pei/Project/duckdb-polr/third_party/jaro_winkler -O3 -DNDEBUG -O3 -DNDEBUG   -fPIC -fdiagnostics-color=always -std=c++11 -MD -MT src/main/relation/CMakeFiles/duckdb_main_relation.dir/ub_duckdb_main_relation.cpp.o -MF src/main/relation/CMakeFiles/duckdb_main_relation.dir/ub_duckdb_main_relation.cpp.o.d -o src/main/relation/CMakeFiles/duckdb_main_relation.dir/ub_duckdb_main_relation.cpp.o -c /home/pei/Project/duckdb-polr/build/release/src/main/relation/ub_duckdb_main_relation.cpp
[94/376] /usr/bin/ccache /usr/lib/ccache/c++ -DDUCKDB -DDUCKDB_BUILD_LIBRARY -DDUCKDB_MAIN_LIBRARY -DENABLE_CROSS_PRODUCT_REWRITE=1 -DENABLE_DEBUG_PRINT=0 -DENABLE_MEASURE_EXE_TIME=0 -DENABLE_MERGE_BACK_PLAN=0 -DENABLE_PARALLEL_EXECUTION=0 -DENABLE_QUERY_SPLIT=1 -DENABLE_SPECIFY_EST_STAT=0 -I/home/pei/Project/duckdb-polr/src/include -I/home/pei/Project/duckdb-polr/third_party/fsst -I/home/pei/Project/duckdb-polr/third_party/fmt/include -I/home/pei/Project/duckdb-polr/third_party/hyperloglog -I/home/pei/Project/duckdb-polr/third_party/fastpforlib -I/home/pei/Project/duckdb-polr/third_party/fast_float -I/home/pei/Project/duckdb-polr/third_party/re2 -I/home/pei/Project/duckdb-polr/third_party/miniz -I/home/pei/Project/duckdb-polr/third_party/utf8proc/include -I/home/pei/Project/duckdb-polr/third_party/miniparquet -I/home/pei/Project/duckdb-polr/third_party/concurrentqueue -I/home/pei/Project/duckdb-polr/third_party/pcg -I/home/pei/Project/duckdb-polr/third_party/tdigest -I/home/pei/Project/duckdb-polr/third_party/mbedtls/include -I/home/pei/Project/duckdb-polr/third_party/jaro_winkler -O3 -DNDEBUG -O3 -DNDEBUG   -fPIC -fdiagnostics-color=always -std=c++11 -MD -MT src/execution/operator/persistent/CMakeFiles/duckdb_operator_persistent.dir/ub_duckdb_operator_persistent.cpp.o -MF src/execution/operator/persistent/CMakeFiles/duckdb_operator_persistent.dir/ub_duckdb_operator_persistent.cpp.o.d -o src/execution/operator/persistent/CMakeFiles/duckdb_operator_persistent.dir/ub_duckdb_operator_persistent.cpp.o -c /home/pei/Project/duckdb-polr/build/release/src/execution/operator/persistent/ub_duckdb_operator_persistent.cpp
[95/376] /usr/bin/ccache /usr/lib/ccache/c++ -DDUCKDB -DDUCKDB_BUILD_LIBRARY -DDUCKDB_MAIN_LIBRARY -DENABLE_CROSS_PRODUCT_REWRITE=1 -DENABLE_DEBUG_PRINT=0 -DENABLE_MEASURE_EXE_TIME=0 -DENABLE_MERGE_BACK_PLAN=0 -DENABLE_PARALLEL_EXECUTION=0 -DENABLE_QUERY_SPLIT=1 -DENABLE_SPECIFY_EST_STAT=0 -I/home/pei/Project/duckdb-polr/src/include -I/home/pei/Project/duckdb-polr/third_party/fsst -I/home/pei/Project/duckdb-polr/third_party/fmt/include -I/home/pei/Project/duckdb-polr/third_party/hyperloglog -I/home/pei/Project/duckdb-polr/third_party/fastpforlib -I/home/pei/Project/duckdb-polr/third_party/fast_float -I/home/pei/Project/duckdb-polr/third_party/re2 -I/home/pei/Project/duckdb-polr/third_party/miniz -I/home/pei/Project/duckdb-polr/third_party/utf8proc/include -I/home/pei/Project/duckdb-polr/third_party/miniparquet -I/home/pei/Project/duckdb-polr/third_party/concurrentqueue -I/home/pei/Project/duckdb-polr/third_party/pcg -I/home/pei/Project/duckdb-polr/third_party/tdigest -I/home/pei/Project/duckdb-polr/third_party/mbedtls/include -I/home/pei/Project/duckdb-polr/third_party/jaro_winkler -O3 -DNDEBUG -O3 -DNDEBUG   -fPIC -fdiagnostics-color=always -std=c++11 -MD -MT src/main/capi/CMakeFiles/duckdb_main_capi.dir/ub_duckdb_main_capi.cpp.o -MF src/main/capi/CMakeFiles/duckdb_main_capi.dir/ub_duckdb_main_capi.cpp.o.d -o src/main/capi/CMakeFiles/duckdb_main_capi.dir/ub_duckdb_main_capi.cpp.o -c /home/pei/Project/duckdb-polr/build/release/src/main/capi/ub_duckdb_main_capi.cpp
[96/376] /usr/bin/ccache /usr/lib/ccache/c++ -DDUCKDB -DDUCKDB_BUILD_LIBRARY -DDUCKDB_MAIN_LIBRARY -DENABLE_CROSS_PRODUCT_REWRITE=1 -DENABLE_DEBUG_PRINT=0 -DENABLE_MEASURE_EXE_TIME=0 -DENABLE_MERGE_BACK_PLAN=0 -DENABLE_PARALLEL_EXECUTION=0 -DENABLE_QUERY_SPLIT=1 -DENABLE_SPECIFY_EST_STAT=0 -I/home/pei/Project/duckdb-polr/src/include -I/home/pei/Project/duckdb-polr/third_party/fsst -I/home/pei/Project/duckdb-polr/third_party/fmt/include -I/home/pei/Project/duckdb-polr/third_party/hyperloglog -I/home/pei/Project/duckdb-polr/third_party/fastpforlib -I/home/pei/Project/duckdb-polr/third_party/fast_float -I/home/pei/Project/duckdb-polr/third_party/re2 -I/home/pei/Project/duckdb-polr/third_party/miniz -I/home/pei/Project/duckdb-polr/third_party/utf8proc/include -I/home/pei/Project/duckdb-polr/third_party/miniparquet -I/home/pei/Project/duckdb-polr/third_party/concurrentqueue -I/home/pei/Project/duckdb-polr/third_party/pcg -I/home/pei/Project/duckdb-polr/third_party/tdigest -I/home/pei/Project/duckdb-polr/third_party/mbedtls/include -I/home/pei/Project/duckdb-polr/third_party/jaro_winkler -O3 -DNDEBUG -O3 -DNDEBUG   -fPIC -fdiagnostics-color=always -std=c++11 -MD -MT src/execution/operator/set/CMakeFiles/duckdb_operator_set.dir/ub_duckdb_operator_set.cpp.o -MF src/execution/operator/set/CMakeFiles/duckdb_operator_set.dir/ub_duckdb_operator_set.cpp.o.d -o src/execution/operator/set/CMakeFiles/duckdb_operator_set.dir/ub_duckdb_operator_set.cpp.o -c /home/pei/Project/duckdb-polr/build/release/src/execution/operator/set/ub_duckdb_operator_set.cpp
[97/376] /usr/bin/ccache /usr/lib/ccache/c++ -DDUCKDB -DDUCKDB_BUILD_LIBRARY -DDUCKDB_MAIN_LIBRARY -DENABLE_CROSS_PRODUCT_REWRITE=1 -DENABLE_DEBUG_PRINT=0 -DENABLE_MEASURE_EXE_TIME=0 -DENABLE_MERGE_BACK_PLAN=0 -DENABLE_PARALLEL_EXECUTION=0 -DENABLE_QUERY_SPLIT=1 -DENABLE_SPECIFY_EST_STAT=0 -I/home/pei/Project/duckdb-polr/src/include -I/home/pei/Project/duckdb-polr/third_party/fsst -I/home/pei/Project/duckdb-polr/third_party/fmt/include -I/home/pei/Project/duckdb-polr/third_party/hyperloglog -I/home/pei/Project/duckdb-polr/third_party/fastpforlib -I/home/pei/Project/duckdb-polr/third_party/fast_float -I/home/pei/Project/duckdb-polr/third_party/re2 -I/home/pei/Project/duckdb-polr/third_party/miniz -I/home/pei/Project/duckdb-polr/third_party/utf8proc/include -I/home/pei/Project/duckdb-polr/third_party/miniparquet -I/home/pei/Project/duckdb-polr/third_party/concurrentqueue -I/home/pei/Project/duckdb-polr/third_party/pcg -I/home/pei/Project/duckdb-polr/third_party/tdigest -I/home/pei/Project/duckdb-polr/third_party/mbedtls/include -I/home/pei/Project/duckdb-polr/third_party/jaro_winkler -O3 -DNDEBUG -O3 -DNDEBUG   -fPIC -fdiagnostics-color=always -std=c++11 -MD -MT src/storage/compression/chimp/CMakeFiles/duckdb_storage_compression_chimp.dir/ub_duckdb_storage_compression_chimp.cpp.o -MF src/storage/compression/chimp/CMakeFiles/duckdb_storage_compression_chimp.dir/ub_duckdb_storage_compression_chimp.cpp.o.d -o src/storage/compression/chimp/CMakeFiles/duckdb_storage_compression_chimp.dir/ub_duckdb_storage_compression_chimp.cpp.o -c /home/pei/Project/duckdb-polr/build/release/src/storage/compression/chimp/ub_duckdb_storage_compression_chimp.cpp
[98/376] /usr/bin/ccache /usr/lib/ccache/c++ -DDUCKDB -DDUCKDB_BUILD_LIBRARY -DDUCKDB_MAIN_LIBRARY -DENABLE_CROSS_PRODUCT_REWRITE=1 -DENABLE_DEBUG_PRINT=0 -DENABLE_MEASURE_EXE_TIME=0 -DENABLE_MERGE_BACK_PLAN=0 -DENABLE_PARALLEL_EXECUTION=0 -DENABLE_QUERY_SPLIT=1 -DENABLE_SPECIFY_EST_STAT=0 -I/home/pei/Project/duckdb-polr/src/include -I/home/pei/Project/duckdb-polr/third_party/fsst -I/home/pei/Project/duckdb-polr/third_party/fmt/include -I/home/pei/Project/duckdb-polr/third_party/hyperloglog -I/home/pei/Project/duckdb-polr/third_party/fastpforlib -I/home/pei/Project/duckdb-polr/third_party/fast_float -I/home/pei/Project/duckdb-polr/third_party/re2 -I/home/pei/Project/duckdb-polr/third_party/miniz -I/home/pei/Project/duckdb-polr/third_party/utf8proc/include -I/home/pei/Project/duckdb-polr/third_party/miniparquet -I/home/pei/Project/duckdb-polr/third_party/concurrentqueue -I/home/pei/Project/duckdb-polr/third_party/pcg -I/home/pei/Project/duckdb-polr/third_party/tdigest -I/home/pei/Project/duckdb-polr/third_party/mbedtls/include -I/home/pei/Project/duckdb-polr/third_party/jaro_winkler -O3 -DNDEBUG -O3 -DNDEBUG   -fPIC -fdiagnostics-color=always -std=c++11 -MD -MT src/parallel/CMakeFiles/duckdb_parallel.dir/ub_duckdb_parallel.cpp.o -MF src/parallel/CMakeFiles/duckdb_parallel.dir/ub_duckdb_parallel.cpp.o.d -o src/parallel/CMakeFiles/duckdb_parallel.dir/ub_duckdb_parallel.cpp.o -c /home/pei/Project/duckdb-polr/build/release/src/parallel/ub_duckdb_parallel.cpp
[99/376] /usr/bin/ccache /usr/lib/ccache/c++ -DDUCKDB -DDUCKDB_BUILD_LIBRARY -DDUCKDB_MAIN_LIBRARY -DENABLE_CROSS_PRODUCT_REWRITE=1 -DENABLE_DEBUG_PRINT=0 -DENABLE_MEASURE_EXE_TIME=0 -DENABLE_MERGE_BACK_PLAN=0 -DENABLE_PARALLEL_EXECUTION=0 -DENABLE_QUERY_SPLIT=1 -DENABLE_SPECIFY_EST_STAT=0 -I/home/pei/Project/duckdb-polr/src/include -I/home/pei/Project/duckdb-polr/third_party/fsst -I/home/pei/Project/duckdb-polr/third_party/fmt/include -I/home/pei/Project/duckdb-polr/third_party/hyperloglog -I/home/pei/Project/duckdb-polr/third_party/fastpforlib -I/home/pei/Project/duckdb-polr/third_party/fast_float -I/home/pei/Project/duckdb-polr/third_party/re2 -I/home/pei/Project/duckdb-polr/third_party/miniz -I/home/pei/Project/duckdb-polr/third_party/utf8proc/include -I/home/pei/Project/duckdb-polr/third_party/miniparquet -I/home/pei/Project/duckdb-polr/third_party/concurrentqueue -I/home/pei/Project/duckdb-polr/third_party/pcg -I/home/pei/Project/duckdb-polr/third_party/tdigest -I/home/pei/Project/duckdb-polr/third_party/mbedtls/include -I/home/pei/Project/duckdb-polr/third_party/jaro_winkler -O3 -DNDEBUG -O3 -DNDEBUG   -fPIC -fdiagnostics-color=always -std=c++11 -MD -MT src/storage/buffer/CMakeFiles/duckdb_storage_buffer.dir/ub_duckdb_storage_buffer.cpp.o -MF src/storage/buffer/CMakeFiles/duckdb_storage_buffer.dir/ub_duckdb_storage_buffer.cpp.o.d -o src/storage/buffer/CMakeFiles/duckdb_storage_buffer.dir/ub_duckdb_storage_buffer.cpp.o -c /home/pei/Project/duckdb-polr/build/release/src/storage/buffer/ub_duckdb_storage_buffer.cpp
[100/376] /usr/bin/ccache /usr/lib/ccache/c++ -DDUCKDB -DDUCKDB_BUILD_LIBRARY -DDUCKDB_MAIN_LIBRARY -DENABLE_CROSS_PRODUCT_REWRITE=1 -DENABLE_DEBUG_PRINT=0 -DENABLE_MEASURE_EXE_TIME=0 -DENABLE_MERGE_BACK_PLAN=0 -DENABLE_PARALLEL_EXECUTION=0 -DENABLE_QUERY_SPLIT=1 -DENABLE_SPECIFY_EST_STAT=0 -I/home/pei/Project/duckdb-polr/src/include -I/home/pei/Project/duckdb-polr/third_party/fsst -I/home/pei/Project/duckdb-polr/third_party/fmt/include -I/home/pei/Project/duckdb-polr/third_party/hyperloglog -I/home/pei/Project/duckdb-polr/third_party/fastpforlib -I/home/pei/Project/duckdb-polr/third_party/fast_float -I/home/pei/Project/duckdb-polr/third_party/re2 -I/home/pei/Project/duckdb-polr/third_party/miniz -I/home/pei/Project/duckdb-polr/third_party/utf8proc/include -I/home/pei/Project/duckdb-polr/third_party/miniparquet -I/home/pei/Project/duckdb-polr/third_party/concurrentqueue -I/home/pei/Project/duckdb-polr/third_party/pcg -I/home/pei/Project/duckdb-polr/third_party/tdigest -I/home/pei/Project/duckdb-polr/third_party/mbedtls/include -I/home/pei/Project/duckdb-polr/third_party/jaro_winkler -O3 -DNDEBUG -O3 -DNDEBUG   -fPIC -fdiagnostics-color=always -std=c++11 -MD -MT src/storage/checkpoint/CMakeFiles/duckdb_storage_checkpoint.dir/ub_duckdb_storage_checkpoint.cpp.o -MF src/storage/checkpoint/CMakeFiles/duckdb_storage_checkpoint.dir/ub_duckdb_storage_checkpoint.cpp.o.d -o src/storage/checkpoint/CMakeFiles/duckdb_storage_checkpoint.dir/ub_duckdb_storage_checkpoint.cpp.o -c /home/pei/Project/duckdb-polr/build/release/src/storage/checkpoint/ub_duckdb_storage_checkpoint.cpp
[101/376] /usr/bin/ccache /usr/lib/ccache/c++ -DDUCKDB -DDUCKDB_BUILD_LIBRARY -DDUCKDB_MAIN_LIBRARY -DENABLE_CROSS_PRODUCT_REWRITE=1 -DENABLE_DEBUG_PRINT=0 -DENABLE_MEASURE_EXE_TIME=0 -DENABLE_MERGE_BACK_PLAN=0 -DENABLE_PARALLEL_EXECUTION=0 -DENABLE_QUERY_SPLIT=1 -DENABLE_SPECIFY_EST_STAT=0 -I/home/pei/Project/duckdb-polr/src/include -I/home/pei/Project/duckdb-polr/third_party/fsst -I/home/pei/Project/duckdb-polr/third_party/fmt/include -I/home/pei/Project/duckdb-polr/third_party/hyperloglog -I/home/pei/Project/duckdb-polr/third_party/fastpforlib -I/home/pei/Project/duckdb-polr/third_party/fast_float -I/home/pei/Project/duckdb-polr/third_party/re2 -I/home/pei/Project/duckdb-polr/third_party/miniz -I/home/pei/Project/duckdb-polr/third_party/utf8proc/include -I/home/pei/Project/duckdb-polr/third_party/miniparquet -I/home/pei/Project/duckdb-polr/third_party/concurrentqueue -I/home/pei/Project/duckdb-polr/third_party/pcg -I/home/pei/Project/duckdb-polr/third_party/tdigest -I/home/pei/Project/duckdb-polr/third_party/mbedtls/include -I/home/pei/Project/duckdb-polr/third_party/jaro_winkler -O3 -DNDEBUG -O3 -DNDEBUG   -fPIC -fdiagnostics-color=always -std=c++11 -MD -MT src/storage/compression/CMakeFiles/duckdb_storage_compression.dir/ub_duckdb_storage_compression.cpp.o -MF src/storage/compression/CMakeFiles/duckdb_storage_compression.dir/ub_duckdb_storage_compression.cpp.o.d -o src/storage/compression/CMakeFiles/duckdb_storage_compression.dir/ub_duckdb_storage_compression.cpp.o -c /home/pei/Project/duckdb-polr/build/release/src/storage/compression/ub_duckdb_storage_compression.cpp
[102/376] /usr/bin/ccache /usr/lib/ccache/c++ -DBUILD_JEMALLOC_EXTENSION=ON -DBUILD_PARQUET_EXTENSION=TRUE -DDUCKDB -DDUCKDB_BUILD_LIBRARY -DDUCKDB_MAIN_LIBRARY -DENABLE_CROSS_PRODUCT_REWRITE=1 -DENABLE_DEBUG_PRINT=0 -DENABLE_MEASURE_EXE_TIME=0 -DENABLE_MERGE_BACK_PLAN=0 -DENABLE_PARALLEL_EXECUTION=0 -DENABLE_QUERY_SPLIT=1 -DENABLE_SPECIFY_EST_STAT=0 -I/home/pei/Project/duckdb-polr/src/include -I/home/pei/Project/duckdb-polr/third_party/fsst -I/home/pei/Project/duckdb-polr/third_party/fmt/include -I/home/pei/Project/duckdb-polr/third_party/hyperloglog -I/home/pei/Project/duckdb-polr/third_party/fastpforlib -I/home/pei/Project/duckdb-polr/third_party/fast_float -I/home/pei/Project/duckdb-polr/third_party/re2 -I/home/pei/Project/duckdb-polr/third_party/miniz -I/home/pei/Project/duckdb-polr/third_party/utf8proc/include -I/home/pei/Project/duckdb-polr/third_party/miniparquet -I/home/pei/Project/duckdb-polr/third_party/concurrentqueue -I/home/pei/Project/duckdb-polr/third_party/pcg -I/home/pei/Project/duckdb-polr/third_party/tdigest -I/home/pei/Project/duckdb-polr/third_party/mbedtls/include -I/home/pei/Project/duckdb-polr/third_party/jaro_winkler -I/home/pei/Project/duckdb-polr/src/main/extension/../../../third_party/httplib -I/home/pei/Project/duckdb-polr/extension -I/home/pei/Project/duckdb-polr/extension/parquet/include -I/home/pei/Project/duckdb-polr/extension/jemalloc/include -O3 -DNDEBUG -O3 -DNDEBUG   -fPIC -fdiagnostics-color=always -std=c++11 -MD -MT src/main/extension/CMakeFiles/duckdb_main_extension.dir/ub_duckdb_main_extension.cpp.o -MF src/main/extension/CMakeFiles/duckdb_main_extension.dir/ub_duckdb_main_extension.cpp.o.d -o src/main/extension/CMakeFiles/duckdb_main_extension.dir/ub_duckdb_main_extension.cpp.o -c /home/pei/Project/duckdb-polr/build/release/src/main/extension/ub_duckdb_main_extension.cpp
[103/376] /usr/bin/ccache /usr/lib/ccache/c++ -DDUCKDB -DDUCKDB_BUILD_LIBRARY -DDUCKDB_MAIN_LIBRARY -DENABLE_CROSS_PRODUCT_REWRITE=1 -DENABLE_DEBUG_PRINT=0 -DENABLE_MEASURE_EXE_TIME=0 -DENABLE_MERGE_BACK_PLAN=0 -DENABLE_PARALLEL_EXECUTION=0 -DENABLE_QUERY_SPLIT=1 -DENABLE_SPECIFY_EST_STAT=0 -I/home/pei/Project/duckdb-polr/src/include -I/home/pei/Project/duckdb-polr/third_party/fsst -I/home/pei/Project/duckdb-polr/third_party/fmt/include -I/home/pei/Project/duckdb-polr/third_party/hyperloglog -I/home/pei/Project/duckdb-polr/third_party/fastpforlib -I/home/pei/Project/duckdb-polr/third_party/fast_float -I/home/pei/Project/duckdb-polr/third_party/re2 -I/home/pei/Project/duckdb-polr/third_party/miniz -I/home/pei/Project/duckdb-polr/third_party/utf8proc/include -I/home/pei/Project/duckdb-polr/third_party/miniparquet -I/home/pei/Project/duckdb-polr/third_party/concurrentqueue -I/home/pei/Project/duckdb-polr/third_party/pcg -I/home/pei/Project/duckdb-polr/third_party/tdigest -I/home/pei/Project/duckdb-polr/third_party/mbedtls/include -I/home/pei/Project/duckdb-polr/third_party/jaro_winkler -O3 -DNDEBUG -O3 -DNDEBUG   -fPIC -fdiagnostics-color=always -std=c++11 -MD -MT src/storage/CMakeFiles/duckdb_storage.dir/ub_duckdb_storage.cpp.o -MF src/storage/CMakeFiles/duckdb_storage.dir/ub_duckdb_storage.cpp.o.d -o src/storage/CMakeFiles/duckdb_storage.dir/ub_duckdb_storage.cpp.o -c /home/pei/Project/duckdb-polr/build/release/src/storage/ub_duckdb_storage.cpp
[104/376] /usr/bin/ccache /usr/lib/ccache/c++ -DDUCKDB -DDUCKDB_BUILD_LIBRARY -DDUCKDB_MAIN_LIBRARY -DENABLE_CROSS_PRODUCT_REWRITE=1 -DENABLE_DEBUG_PRINT=0 -DENABLE_MEASURE_EXE_TIME=0 -DENABLE_MERGE_BACK_PLAN=0 -DENABLE_PARALLEL_EXECUTION=0 -DENABLE_QUERY_SPLIT=1 -DENABLE_SPECIFY_EST_STAT=0 -I/home/pei/Project/duckdb-polr/src/include -I/home/pei/Project/duckdb-polr/third_party/fsst -I/home/pei/Project/duckdb-polr/third_party/fmt/include -I/home/pei/Project/duckdb-polr/third_party/hyperloglog -I/home/pei/Project/duckdb-polr/third_party/fastpforlib -I/home/pei/Project/duckdb-polr/third_party/fast_float -I/home/pei/Project/duckdb-polr/third_party/re2 -I/home/pei/Project/duckdb-polr/third_party/miniz -I/home/pei/Project/duckdb-polr/third_party/utf8proc/include -I/home/pei/Project/duckdb-polr/third_party/miniparquet -I/home/pei/Project/duckdb-polr/third_party/concurrentqueue -I/home/pei/Project/duckdb-polr/third_party/pcg -I/home/pei/Project/duckdb-polr/third_party/tdigest -I/home/pei/Project/duckdb-polr/third_party/mbedtls/include -I/home/pei/Project/duckdb-polr/third_party/jaro_winkler -O3 -DNDEBUG -O3 -DNDEBUG   -fPIC -fdiagnostics-color=always -std=c++11 -MD -MT src/storage/statistics/CMakeFiles/duckdb_storage_statistics.dir/ub_duckdb_storage_statistics.cpp.o -MF src/storage/statistics/CMakeFiles/duckdb_storage_statistics.dir/ub_duckdb_storage_statistics.cpp.o.d -o src/storage/statistics/CMakeFiles/duckdb_storage_statistics.dir/ub_duckdb_storage_statistics.cpp.o -c /home/pei/Project/duckdb-polr/build/release/src/storage/statistics/ub_duckdb_storage_statistics.cpp
[105/376] /usr/bin/ccache /usr/lib/ccache/c++ -DDUCKDB -DDUCKDB_BUILD_LIBRARY -DDUCKDB_MAIN_LIBRARY -DENABLE_CROSS_PRODUCT_REWRITE=1 -DENABLE_DEBUG_PRINT=0 -DENABLE_MEASURE_EXE_TIME=0 -DENABLE_MERGE_BACK_PLAN=0 -DENABLE_PARALLEL_EXECUTION=0 -DENABLE_QUERY_SPLIT=1 -DENABLE_SPECIFY_EST_STAT=0 -I/home/pei/Project/duckdb-polr/src/include -I/home/pei/Project/duckdb-polr/third_party/fsst -I/home/pei/Project/duckdb-polr/third_party/fmt/include -I/home/pei/Project/duckdb-polr/third_party/hyperloglog -I/home/pei/Project/duckdb-polr/third_party/fastpforlib -I/home/pei/Project/duckdb-polr/third_party/fast_float -I/home/pei/Project/duckdb-polr/third_party/re2 -I/home/pei/Project/duckdb-polr/third_party/miniz -I/home/pei/Project/duckdb-polr/third_party/utf8proc/include -I/home/pei/Project/duckdb-polr/third_party/miniparquet -I/home/pei/Project/duckdb-polr/third_party/concurrentqueue -I/home/pei/Project/duckdb-polr/third_party/pcg -I/home/pei/Project/duckdb-polr/third_party/tdigest -I/home/pei/Project/duckdb-polr/third_party/mbedtls/include -I/home/pei/Project/duckdb-polr/third_party/jaro_winkler -O3 -DNDEBUG -O3 -DNDEBUG   -fPIC -fdiagnostics-color=always -std=c++11 -MD -MT src/main/settings/CMakeFiles/duckdb_main_settings.dir/ub_duckdb_main_settings.cpp.o -MF src/main/settings/CMakeFiles/duckdb_main_settings.dir/ub_duckdb_main_settings.cpp.o.d -o src/main/settings/CMakeFiles/duckdb_main_settings.dir/ub_duckdb_main_settings.cpp.o -c /home/pei/Project/duckdb-polr/build/release/src/main/settings/ub_duckdb_main_settings.cpp
[106/376] /usr/bin/ccache /usr/lib/ccache/c++ -DDUCKDB -DDUCKDB_BUILD_LIBRARY -DDUCKDB_MAIN_LIBRARY -DENABLE_CROSS_PRODUCT_REWRITE=1 -DENABLE_DEBUG_PRINT=0 -DENABLE_MEASURE_EXE_TIME=0 -DENABLE_MERGE_BACK_PLAN=0 -DENABLE_PARALLEL_EXECUTION=0 -DENABLE_QUERY_SPLIT=1 -DENABLE_SPECIFY_EST_STAT=0 -I/home/pei/Project/duckdb-polr/src/include -I/home/pei/Project/duckdb-polr/third_party/fsst -I/home/pei/Project/duckdb-polr/third_party/fmt/include -I/home/pei/Project/duckdb-polr/third_party/hyperloglog -I/home/pei/Project/duckdb-polr/third_party/fastpforlib -I/home/pei/Project/duckdb-polr/third_party/fast_float -I/home/pei/Project/duckdb-polr/third_party/re2 -I/home/pei/Project/duckdb-polr/third_party/miniz -I/home/pei/Project/duckdb-polr/third_party/utf8proc/include -I/home/pei/Project/duckdb-polr/third_party/miniparquet -I/home/pei/Project/duckdb-polr/third_party/concurrentqueue -I/home/pei/Project/duckdb-polr/third_party/pcg -I/home/pei/Project/duckdb-polr/third_party/tdigest -I/home/pei/Project/duckdb-polr/third_party/mbedtls/include -I/home/pei/Project/duckdb-polr/third_party/jaro_winkler -O3 -DNDEBUG -O3 -DNDEBUG   -fPIC -fdiagnostics-color=always -std=c++11 -MD -MT src/verification/CMakeFiles/duckdb_verification.dir/external_statement_verifier.cpp.o -MF src/verification/CMakeFiles/duckdb_verification.dir/external_statement_verifier.cpp.o.d -o src/verification/CMakeFiles/duckdb_verification.dir/external_statement_verifier.cpp.o -c /home/pei/Project/duckdb-polr/src/verification/external_statement_verifier.cpp
[107/376] /usr/bin/ccache /usr/lib/ccache/c++ -DDUCKDB -DDUCKDB_BUILD_LIBRARY -DDUCKDB_MAIN_LIBRARY -DENABLE_CROSS_PRODUCT_REWRITE=1 -DENABLE_DEBUG_PRINT=0 -DENABLE_MEASURE_EXE_TIME=0 -DENABLE_MERGE_BACK_PLAN=0 -DENABLE_PARALLEL_EXECUTION=0 -DENABLE_QUERY_SPLIT=1 -DENABLE_SPECIFY_EST_STAT=0 -I/home/pei/Project/duckdb-polr/src/include -I/home/pei/Project/duckdb-polr/third_party/fsst -I/home/pei/Project/duckdb-polr/third_party/fmt/include -I/home/pei/Project/duckdb-polr/third_party/hyperloglog -I/home/pei/Project/duckdb-polr/third_party/fastpforlib -I/home/pei/Project/duckdb-polr/third_party/fast_float -I/home/pei/Project/duckdb-polr/third_party/re2 -I/home/pei/Project/duckdb-polr/third_party/miniz -I/home/pei/Project/duckdb-polr/third_party/utf8proc/include -I/home/pei/Project/duckdb-polr/third_party/miniparquet -I/home/pei/Project/duckdb-polr/third_party/concurrentqueue -I/home/pei/Project/duckdb-polr/third_party/pcg -I/home/pei/Project/duckdb-polr/third_party/tdigest -I/home/pei/Project/duckdb-polr/third_party/mbedtls/include -I/home/pei/Project/duckdb-polr/third_party/jaro_winkler -O3 -DNDEBUG -O3 -DNDEBUG   -fPIC -fdiagnostics-color=always -std=c++11 -MD -MT src/transaction/CMakeFiles/duckdb_transaction.dir/ub_duckdb_transaction.cpp.o -MF src/transaction/CMakeFiles/duckdb_transaction.dir/ub_duckdb_transaction.cpp.o.d -o src/transaction/CMakeFiles/duckdb_transaction.dir/ub_duckdb_transaction.cpp.o -c /home/pei/Project/duckdb-polr/build/release/src/transaction/ub_duckdb_transaction.cpp
[108/376] /usr/bin/ccache /usr/lib/ccache/c++ -DDUCKDB -DDUCKDB_BUILD_LIBRARY -DDUCKDB_MAIN_LIBRARY -DENABLE_CROSS_PRODUCT_REWRITE=1 -DENABLE_DEBUG_PRINT=0 -DENABLE_MEASURE_EXE_TIME=0 -DENABLE_MERGE_BACK_PLAN=0 -DENABLE_PARALLEL_EXECUTION=0 -DENABLE_QUERY_SPLIT=1 -DENABLE_SPECIFY_EST_STAT=0 -I/home/pei/Project/duckdb-polr/src/include -I/home/pei/Project/duckdb-polr/third_party/fsst -I/home/pei/Project/duckdb-polr/third_party/fmt/include -I/home/pei/Project/duckdb-polr/third_party/hyperloglog -I/home/pei/Project/duckdb-polr/third_party/fastpforlib -I/home/pei/Project/duckdb-polr/third_party/fast_float -I/home/pei/Project/duckdb-polr/third_party/re2 -I/home/pei/Project/duckdb-polr/third_party/miniz -I/home/pei/Project/duckdb-polr/third_party/utf8proc/include -I/home/pei/Project/duckdb-polr/third_party/miniparquet -I/home/pei/Project/duckdb-polr/third_party/concurrentqueue -I/home/pei/Project/duckdb-polr/third_party/pcg -I/home/pei/Project/duckdb-polr/third_party/tdigest -I/home/pei/Project/duckdb-polr/third_party/mbedtls/include -I/home/pei/Project/duckdb-polr/third_party/jaro_winkler -O3 -DNDEBUG -O3 -DNDEBUG   -fPIC -fdiagnostics-color=always -std=c++11 -MD -MT src/verification/CMakeFiles/duckdb_verification.dir/parsed_statement_verifier.cpp.o -MF src/verification/CMakeFiles/duckdb_verification.dir/parsed_statement_verifier.cpp.o.d -o src/verification/CMakeFiles/duckdb_verification.dir/parsed_statement_verifier.cpp.o -c /home/pei/Project/duckdb-polr/src/verification/parsed_statement_verifier.cpp
[109/376] /usr/bin/ccache /usr/lib/ccache/c++ -DDUCKDB -DDUCKDB_BUILD_LIBRARY -DDUCKDB_MAIN_LIBRARY -DENABLE_CROSS_PRODUCT_REWRITE=1 -DENABLE_DEBUG_PRINT=0 -DENABLE_MEASURE_EXE_TIME=0 -DENABLE_MERGE_BACK_PLAN=0 -DENABLE_PARALLEL_EXECUTION=0 -DENABLE_QUERY_SPLIT=1 -DENABLE_SPECIFY_EST_STAT=0 -I/home/pei/Project/duckdb-polr/src/include -I/home/pei/Project/duckdb-polr/third_party/fsst -I/home/pei/Project/duckdb-polr/third_party/fmt/include -I/home/pei/Project/duckdb-polr/third_party/hyperloglog -I/home/pei/Project/duckdb-polr/third_party/fastpforlib -I/home/pei/Project/duckdb-polr/third_party/fast_float -I/home/pei/Project/duckdb-polr/third_party/re2 -I/home/pei/Project/duckdb-polr/third_party/miniz -I/home/pei/Project/duckdb-polr/third_party/utf8proc/include -I/home/pei/Project/duckdb-polr/third_party/miniparquet -I/home/pei/Project/duckdb-polr/third_party/concurrentqueue -I/home/pei/Project/duckdb-polr/third_party/pcg -I/home/pei/Project/duckdb-polr/third_party/tdigest -I/home/pei/Project/duckdb-polr/third_party/mbedtls/include -I/home/pei/Project/duckdb-polr/third_party/jaro_winkler -O3 -DNDEBUG -O3 -DNDEBUG   -fPIC -fdiagnostics-color=always -std=c++11 -MD -MT src/execution/physical_plan/CMakeFiles/duckdb_physical_plan.dir/ub_duckdb_physical_plan.cpp.o -MF src/execution/physical_plan/CMakeFiles/duckdb_physical_plan.dir/ub_duckdb_physical_plan.cpp.o.d -o src/execution/physical_plan/CMakeFiles/duckdb_physical_plan.dir/ub_duckdb_physical_plan.cpp.o -c /home/pei/Project/duckdb-polr/build/release/src/execution/physical_plan/ub_duckdb_physical_plan.cpp
[110/376] /usr/bin/ccache /usr/lib/ccache/c++ -DDUCKDB -DDUCKDB_BUILD_LIBRARY -DDUCKDB_MAIN_LIBRARY -DENABLE_CROSS_PRODUCT_REWRITE=1 -DENABLE_DEBUG_PRINT=0 -DENABLE_MEASURE_EXE_TIME=0 -DENABLE_MERGE_BACK_PLAN=0 -DENABLE_PARALLEL_EXECUTION=0 -DENABLE_QUERY_SPLIT=1 -DENABLE_SPECIFY_EST_STAT=0 -I/home/pei/Project/duckdb-polr/src/include -I/home/pei/Project/duckdb-polr/third_party/fsst -I/home/pei/Project/duckdb-polr/third_party/fmt/include -I/home/pei/Project/duckdb-polr/third_party/hyperloglog -I/home/pei/Project/duckdb-polr/third_party/fastpforlib -I/home/pei/Project/duckdb-polr/third_party/fast_float -I/home/pei/Project/duckdb-polr/third_party/re2 -I/home/pei/Project/duckdb-polr/third_party/miniz -I/home/pei/Project/duckdb-polr/third_party/utf8proc/include -I/home/pei/Project/duckdb-polr/third_party/miniparquet -I/home/pei/Project/duckdb-polr/third_party/concurrentqueue -I/home/pei/Project/duckdb-polr/third_party/pcg -I/home/pei/Project/duckdb-polr/third_party/tdigest -I/home/pei/Project/duckdb-polr/third_party/mbedtls/include -I/home/pei/Project/duckdb-polr/third_party/jaro_winkler -O3 -DNDEBUG -O3 -DNDEBUG   -fPIC -fdiagnostics-color=always -std=c++11 -MD -MT src/verification/CMakeFiles/duckdb_verification.dir/statement_verifier.cpp.o -MF src/verification/CMakeFiles/duckdb_verification.dir/statement_verifier.cpp.o.d -o src/verification/CMakeFiles/duckdb_verification.dir/statement_verifier.cpp.o -c /home/pei/Project/duckdb-polr/src/verification/statement_verifier.cpp
[111/376] /usr/bin/ccache /usr/lib/ccache/c++ -DDUCKDB -DDUCKDB_BUILD_LIBRARY -DDUCKDB_MAIN_LIBRARY -DENABLE_CROSS_PRODUCT_REWRITE=1 -DENABLE_DEBUG_PRINT=0 -DENABLE_MEASURE_EXE_TIME=0 -DENABLE_MERGE_BACK_PLAN=0 -DENABLE_PARALLEL_EXECUTION=0 -DENABLE_QUERY_SPLIT=1 -DENABLE_SPECIFY_EST_STAT=0 -I/home/pei/Project/duckdb-polr/src/include -I/home/pei/Project/duckdb-polr/third_party/fsst -I/home/pei/Project/duckdb-polr/third_party/fmt/include -I/home/pei/Project/duckdb-polr/third_party/hyperloglog -I/home/pei/Project/duckdb-polr/third_party/fastpforlib -I/home/pei/Project/duckdb-polr/third_party/fast_float -I/home/pei/Project/duckdb-polr/third_party/re2 -I/home/pei/Project/duckdb-polr/third_party/miniz -I/home/pei/Project/duckdb-polr/third_party/utf8proc/include -I/home/pei/Project/duckdb-polr/third_party/miniparquet -I/home/pei/Project/duckdb-polr/third_party/concurrentqueue -I/home/pei/Project/duckdb-polr/third_party/pcg -I/home/pei/Project/duckdb-polr/third_party/tdigest -I/home/pei/Project/duckdb-polr/third_party/mbedtls/include -I/home/pei/Project/duckdb-polr/third_party/jaro_winkler -O3 -DNDEBUG -O3 -DNDEBUG   -fPIC -fdiagnostics-color=always -std=c++11 -MD -MT src/verification/CMakeFiles/duckdb_verification.dir/prepared_statement_verifier.cpp.o -MF src/verification/CMakeFiles/duckdb_verification.dir/prepared_statement_verifier.cpp.o.d -o src/verification/CMakeFiles/duckdb_verification.dir/prepared_statement_verifier.cpp.o -c /home/pei/Project/duckdb-polr/src/verification/prepared_statement_verifier.cpp
[112/376] /usr/bin/ccache /usr/lib/ccache/c++ -DDUCKDB -DDUCKDB_BUILD_LIBRARY -DDUCKDB_MAIN_LIBRARY -DENABLE_CROSS_PRODUCT_REWRITE=1 -DENABLE_DEBUG_PRINT=0 -DENABLE_MEASURE_EXE_TIME=0 -DENABLE_MERGE_BACK_PLAN=0 -DENABLE_PARALLEL_EXECUTION=0 -DENABLE_QUERY_SPLIT=1 -DENABLE_SPECIFY_EST_STAT=0 -I/home/pei/Project/duckdb-polr/src/include -I/home/pei/Project/duckdb-polr/third_party/fsst -I/home/pei/Project/duckdb-polr/third_party/fmt/include -I/home/pei/Project/duckdb-polr/third_party/hyperloglog -I/home/pei/Project/duckdb-polr/third_party/fastpforlib -I/home/pei/Project/duckdb-polr/third_party/fast_float -I/home/pei/Project/duckdb-polr/third_party/re2 -I/home/pei/Project/duckdb-polr/third_party/miniz -I/home/pei/Project/duckdb-polr/third_party/utf8proc/include -I/home/pei/Project/duckdb-polr/third_party/miniparquet -I/home/pei/Project/duckdb-polr/third_party/concurrentqueue -I/home/pei/Project/duckdb-polr/third_party/pcg -I/home/pei/Project/duckdb-polr/third_party/tdigest -I/home/pei/Project/duckdb-polr/third_party/mbedtls/include -I/home/pei/Project/duckdb-polr/third_party/jaro_winkler -O3 -DNDEBUG -O3 -DNDEBUG   -fPIC -fdiagnostics-color=always -std=c++11 -MD -MT src/verification/CMakeFiles/duckdb_verification.dir/unoptimized_statement_verifier.cpp.o -MF src/verification/CMakeFiles/duckdb_verification.dir/unoptimized_statement_verifier.cpp.o.d -o src/verification/CMakeFiles/duckdb_verification.dir/unoptimized_statement_verifier.cpp.o -c /home/pei/Project/duckdb-polr/src/verification/unoptimized_statement_verifier.cpp
[113/376] /usr/bin/ccache /usr/lib/ccache/c++ -DDUCKDB -DDUCKDB_BUILD_LIBRARY -DDUCKDB_MAIN_LIBRARY -DENABLE_CROSS_PRODUCT_REWRITE=1 -DENABLE_DEBUG_PRINT=0 -DENABLE_MEASURE_EXE_TIME=0 -DENABLE_MERGE_BACK_PLAN=0 -DENABLE_PARALLEL_EXECUTION=0 -DENABLE_QUERY_SPLIT=1 -DENABLE_SPECIFY_EST_STAT=0 -I/home/pei/Project/duckdb-polr/src/include -I/home/pei/Project/duckdb-polr/third_party/fsst -I/home/pei/Project/duckdb-polr/third_party/fmt/include -I/home/pei/Project/duckdb-polr/third_party/hyperloglog -I/home/pei/Project/duckdb-polr/third_party/fastpforlib -I/home/pei/Project/duckdb-polr/third_party/fast_float -I/home/pei/Project/duckdb-polr/third_party/re2 -I/home/pei/Project/duckdb-polr/third_party/miniz -I/home/pei/Project/duckdb-polr/third_party/utf8proc/include -I/home/pei/Project/duckdb-polr/third_party/miniparquet -I/home/pei/Project/duckdb-polr/third_party/concurrentqueue -I/home/pei/Project/duckdb-polr/third_party/pcg -I/home/pei/Project/duckdb-polr/third_party/tdigest -I/home/pei/Project/duckdb-polr/third_party/mbedtls/include -I/home/pei/Project/duckdb-polr/third_party/jaro_winkler -O3 -DNDEBUG -O3 -DNDEBUG   -fPIC -fdiagnostics-color=always -std=c++11 -MD -MT src/storage/table/CMakeFiles/duckdb_storage_table.dir/ub_duckdb_storage_table.cpp.o -MF src/storage/table/CMakeFiles/duckdb_storage_table.dir/ub_duckdb_storage_table.cpp.o.d -o src/storage/table/CMakeFiles/duckdb_storage_table.dir/ub_duckdb_storage_table.cpp.o -c /home/pei/Project/duckdb-polr/build/release/src/storage/table/ub_duckdb_storage_table.cpp
[114/376] /usr/bin/ccache /usr/lib/ccache/cc -DDUCKDB_BUILD_LIBRARY -DENABLE_CROSS_PRODUCT_REWRITE=1 -DENABLE_DEBUG_PRINT=0 -DENABLE_MEASURE_EXE_TIME=0 -DENABLE_MERGE_BACK_PLAN=0 -DENABLE_PARALLEL_EXECUTION=0 -DENABLE_QUERY_SPLIT=1 -DENABLE_SPECIFY_EST_STAT=0 -DUSE_DUCKDB_SHELL_WRAPPER -I/home/pei/Project/duckdb-polr/src/include -I/home/pei/Project/duckdb-polr/third_party/fsst -I/home/pei/Project/duckdb-polr/third_party/fmt/include -I/home/pei/Project/duckdb-polr/third_party/hyperloglog -I/home/pei/Project/duckdb-polr/third_party/fastpforlib -I/home/pei/Project/duckdb-polr/third_party/fast_float -I/home/pei/Project/duckdb-polr/third_party/re2 -I/home/pei/Project/duckdb-polr/third_party/miniz -I/home/pei/Project/duckdb-polr/third_party/utf8proc/include -I/home/pei/Project/duckdb-polr/third_party/miniparquet -I/home/pei/Project/duckdb-polr/third_party/concurrentqueue -I/home/pei/Project/duckdb-polr/third_party/pcg -I/home/pei/Project/duckdb-polr/third_party/tdigest -I/home/pei/Project/duckdb-polr/third_party/mbedtls/include -I/home/pei/Project/duckdb-polr/third_party/jaro_winkler -I/home/pei/Project/duckdb-polr/tools/sqlite3_api_wrapper/include -O3 -DNDEBUG -O3 -DNDEBUG   -fPIC -fdiagnostics-color=always -MD -MT tools/sqlite3_api_wrapper/sqlite3/CMakeFiles/sqlite3_api_wrapper_sqlite3.dir/strglob.c.o -MF tools/sqlite3_api_wrapper/sqlite3/CMakeFiles/sqlite3_api_wrapper_sqlite3.dir/strglob.c.o.d -o tools/sqlite3_api_wrapper/sqlite3/CMakeFiles/sqlite3_api_wrapper_sqlite3.dir/strglob.c.o -c /home/pei/Project/duckdb-polr/tools/sqlite3_api_wrapper/sqlite3/strglob.c
[115/376] /usr/bin/ccache /usr/lib/ccache/c++ -DDUCKDB -DDUCKDB_BUILD_LIBRARY -DDUCKDB_MAIN_LIBRARY -DENABLE_CROSS_PRODUCT_REWRITE=1 -DENABLE_DEBUG_PRINT=0 -DENABLE_MEASURE_EXE_TIME=0 -DENABLE_MERGE_BACK_PLAN=0 -DENABLE_PARALLEL_EXECUTION=0 -DENABLE_QUERY_SPLIT=1 -DENABLE_SPECIFY_EST_STAT=0 -I/home/pei/Project/duckdb-polr/src/include -I/home/pei/Project/duckdb-polr/third_party/fsst -I/home/pei/Project/duckdb-polr/third_party/fmt/include -I/home/pei/Project/duckdb-polr/third_party/hyperloglog -I/home/pei/Project/duckdb-polr/third_party/fastpforlib -I/home/pei/Project/duckdb-polr/third_party/fast_float -I/home/pei/Project/duckdb-polr/third_party/re2 -I/home/pei/Project/duckdb-polr/third_party/miniz -I/home/pei/Project/duckdb-polr/third_party/utf8proc/include -I/home/pei/Project/duckdb-polr/third_party/miniparquet -I/home/pei/Project/duckdb-polr/third_party/concurrentqueue -I/home/pei/Project/duckdb-polr/third_party/pcg -I/home/pei/Project/duckdb-polr/third_party/tdigest -I/home/pei/Project/duckdb-polr/third_party/mbedtls/include -I/home/pei/Project/duckdb-polr/third_party/jaro_winkler -O3 -DNDEBUG -O3 -DNDEBUG   -fPIC -fdiagnostics-color=always -std=c++11 -MD -MT src/verification/CMakeFiles/duckdb_verification.dir/deserialized_statement_verifier.cpp.o -MF src/verification/CMakeFiles/duckdb_verification.dir/deserialized_statement_verifier.cpp.o.d -o src/verification/CMakeFiles/duckdb_verification.dir/deserialized_statement_verifier.cpp.o -c /home/pei/Project/duckdb-polr/src/verification/deserialized_statement_verifier.cpp
[116/376] /usr/bin/ccache /usr/lib/ccache/c++ -DDUCKDB -DDUCKDB_BUILD_LIBRARY -DDUCKDB_MAIN_LIBRARY -DENABLE_CROSS_PRODUCT_REWRITE=1 -DENABLE_DEBUG_PRINT=0 -DENABLE_MEASURE_EXE_TIME=0 -DENABLE_MERGE_BACK_PLAN=0 -DENABLE_PARALLEL_EXECUTION=0 -DENABLE_QUERY_SPLIT=1 -DENABLE_SPECIFY_EST_STAT=0 -I/home/pei/Project/duckdb-polr/src/include -I/home/pei/Project/duckdb-polr/third_party/fsst -I/home/pei/Project/duckdb-polr/third_party/fmt/include -I/home/pei/Project/duckdb-polr/third_party/hyperloglog -I/home/pei/Project/duckdb-polr/third_party/fastpforlib -I/home/pei/Project/duckdb-polr/third_party/fast_float -I/home/pei/Project/duckdb-polr/third_party/re2 -I/home/pei/Project/duckdb-polr/third_party/miniz -I/home/pei/Project/duckdb-polr/third_party/utf8proc/include -I/home/pei/Project/duckdb-polr/third_party/miniparquet -I/home/pei/Project/duckdb-polr/third_party/concurrentqueue -I/home/pei/Project/duckdb-polr/third_party/pcg -I/home/pei/Project/duckdb-polr/third_party/tdigest -I/home/pei/Project/duckdb-polr/third_party/mbedtls/include -I/home/pei/Project/duckdb-polr/third_party/jaro_winkler -O3 -DNDEBUG -O3 -DNDEBUG   -fPIC -fdiagnostics-color=always -std=c++11 -MD -MT src/verification/CMakeFiles/duckdb_verification.dir/copied_statement_verifier.cpp.o -MF src/verification/CMakeFiles/duckdb_verification.dir/copied_statement_verifier.cpp.o.d -o src/verification/CMakeFiles/duckdb_verification.dir/copied_statement_verifier.cpp.o -c /home/pei/Project/duckdb-polr/src/verification/copied_statement_verifier.cpp
[117/376] /usr/bin/ccache /usr/lib/ccache/c++ -DBUILD_JEMALLOC_EXTENSION=ON -DBUILD_PARQUET_EXTENSION=TRUE -DDUCKDB_BUILD_LIBRARY -DENABLE_CROSS_PRODUCT_REWRITE=1 -DENABLE_DEBUG_PRINT=0 -DENABLE_MEASURE_EXE_TIME=0 -DENABLE_MERGE_BACK_PLAN=0 -DENABLE_PARALLEL_EXECUTION=0 -DENABLE_QUERY_SPLIT=1 -DENABLE_SPECIFY_EST_STAT=0 -DSQLITE_SHELL_IS_UTF8 -DUSE_DUCKDB_SHELL_WRAPPER -I/home/pei/Project/duckdb-polr/src/include -I/home/pei/Project/duckdb-polr/third_party/fsst -I/home/pei/Project/duckdb-polr/third_party/fmt/include -I/home/pei/Project/duckdb-polr/third_party/hyperloglog -I/home/pei/Project/duckdb-polr/third_party/fastpforlib -I/home/pei/Project/duckdb-polr/third_party/fast_float -I/home/pei/Project/duckdb-polr/third_party/re2 -I/home/pei/Project/duckdb-polr/third_party/miniz -I/home/pei/Project/duckdb-polr/third_party/utf8proc/include -I/home/pei/Project/duckdb-polr/third_party/miniparquet -I/home/pei/Project/duckdb-polr/third_party/concurrentqueue -I/home/pei/Project/duckdb-polr/third_party/pcg -I/home/pei/Project/duckdb-polr/third_party/tdigest -I/home/pei/Project/duckdb-polr/third_party/mbedtls/include -I/home/pei/Project/duckdb-polr/third_party/jaro_winkler -I/home/pei/Project/duckdb-polr/tools/sqlite3_api_wrapper/include -I/home/pei/Project/duckdb-polr/tools/sqlite3_api_wrapper/sqlite3_udf_api/include -I/home/pei/Project/duckdb-polr/extension -I/home/pei/Project/duckdb-polr/extension/parquet/include -I/home/pei/Project/duckdb-polr/extension/jemalloc/include -I/home/pei/Project/duckdb-polr/tools/sqlite3_api_wrapper/../../third_party/utf8proc/include -I/home/pei/Project/duckdb-polr/tools/sqlite3_api_wrapper/../../third_party/catch -I/home/pei/Project/duckdb-polr/tools/sqlite3_api_wrapper/test/include -I/home/pei/Project/duckdb-polr/third_party/libpg_query/include -O3 -DNDEBUG -O3 -DNDEBUG   -fPIC -fdiagnostics-color=always -std=c++11 -MD -MT tools/sqlite3_api_wrapper/CMakeFiles/sqlite3_api_wrapper_static.dir/sql_auto_complete_extension.cpp.o -MF tools/sqlite3_api_wrapper/CMakeFiles/sqlite3_api_wrapper_static.dir/sql_auto_complete_extension.cpp.o.d -o tools/sqlite3_api_wrapper/CMakeFiles/sqlite3_api_wrapper_static.dir/sql_auto_complete_extension.cpp.o -c /home/pei/Project/duckdb-polr/tools/sqlite3_api_wrapper/sql_auto_complete_extension.cpp
[118/376] /usr/bin/ccache /usr/lib/ccache/c++ -DBUILD_JEMALLOC_EXTENSION=ON -DBUILD_PARQUET_EXTENSION=TRUE -DDUCKDB_BUILD_LIBRARY -DENABLE_CROSS_PRODUCT_REWRITE=1 -DENABLE_DEBUG_PRINT=0 -DENABLE_MEASURE_EXE_TIME=0 -DENABLE_MERGE_BACK_PLAN=0 -DENABLE_PARALLEL_EXECUTION=0 -DENABLE_QUERY_SPLIT=1 -DENABLE_SPECIFY_EST_STAT=0 -DSQLITE_SHELL_IS_UTF8 -DUSE_DUCKDB_SHELL_WRAPPER -Dsqlite3_api_wrapper_EXPORTS -I/home/pei/Project/duckdb-polr/src/include -I/home/pei/Project/duckdb-polr/third_party/fsst -I/home/pei/Project/duckdb-polr/third_party/fmt/include -I/home/pei/Project/duckdb-polr/third_party/hyperloglog -I/home/pei/Project/duckdb-polr/third_party/fastpforlib -I/home/pei/Project/duckdb-polr/third_party/fast_float -I/home/pei/Project/duckdb-polr/third_party/re2 -I/home/pei/Project/duckdb-polr/third_party/miniz -I/home/pei/Project/duckdb-polr/third_party/utf8proc/include -I/home/pei/Project/duckdb-polr/third_party/miniparquet -I/home/pei/Project/duckdb-polr/third_party/concurrentqueue -I/home/pei/Project/duckdb-polr/third_party/pcg -I/home/pei/Project/duckdb-polr/third_party/tdigest -I/home/pei/Project/duckdb-polr/third_party/mbedtls/include -I/home/pei/Project/duckdb-polr/third_party/jaro_winkler -I/home/pei/Project/duckdb-polr/tools/sqlite3_api_wrapper/include -I/home/pei/Project/duckdb-polr/tools/sqlite3_api_wrapper/sqlite3_udf_api/include -I/home/pei/Project/duckdb-polr/extension -I/home/pei/Project/duckdb-polr/extension/parquet/include -I/home/pei/Project/duckdb-polr/extension/jemalloc/include -I/home/pei/Project/duckdb-polr/tools/sqlite3_api_wrapper/../../third_party/utf8proc/include -I/home/pei/Project/duckdb-polr/tools/sqlite3_api_wrapper/../../third_party/catch -I/home/pei/Project/duckdb-polr/tools/sqlite3_api_wrapper/test/include -I/home/pei/Project/duckdb-polr/third_party/libpg_query/include -O3 -DNDEBUG -O3 -DNDEBUG   -fPIC -fdiagnostics-color=always -std=c++11 -MD -MT tools/sqlite3_api_wrapper/CMakeFiles/sqlite3_api_wrapper.dir/sql_auto_complete_extension.cpp.o -MF tools/sqlite3_api_wrapper/CMakeFiles/sqlite3_api_wrapper.dir/sql_auto_complete_extension.cpp.o.d -o tools/sqlite3_api_wrapper/CMakeFiles/sqlite3_api_wrapper.dir/sql_auto_complete_extension.cpp.o -c /home/pei/Project/duckdb-polr/tools/sqlite3_api_wrapper/sql_auto_complete_extension.cpp
[119/376] /usr/bin/ccache /usr/lib/ccache/c++ -DDUCKDB_BUILD_LIBRARY -DENABLE_CROSS_PRODUCT_REWRITE=1 -DENABLE_DEBUG_PRINT=0 -DENABLE_MEASURE_EXE_TIME=0 -DENABLE_MERGE_BACK_PLAN=0 -DENABLE_PARALLEL_EXECUTION=0 -DENABLE_QUERY_SPLIT=1 -DENABLE_SPECIFY_EST_STAT=0 -I/home/pei/Project/duckdb-polr/src/include -I/home/pei/Project/duckdb-polr/third_party/fsst -I/home/pei/Project/duckdb-polr/third_party/fmt/include -I/home/pei/Project/duckdb-polr/third_party/hyperloglog -I/home/pei/Project/duckdb-polr/third_party/fastpforlib -I/home/pei/Project/duckdb-polr/third_party/fast_float -I/home/pei/Project/duckdb-polr/third_party/re2 -I/home/pei/Project/duckdb-polr/third_party/miniz -I/home/pei/Project/duckdb-polr/third_party/utf8proc/include -I/home/pei/Project/duckdb-polr/third_party/miniparquet -I/home/pei/Project/duckdb-polr/third_party/concurrentqueue -I/home/pei/Project/duckdb-polr/third_party/pcg -I/home/pei/Project/duckdb-polr/third_party/tdigest -I/home/pei/Project/duckdb-polr/third_party/mbedtls/include -I/home/pei/Project/duckdb-polr/third_party/jaro_winkler -I/home/pei/Project/duckdb-polr/tools/sqlite3_api_wrapper/include -I/home/pei/Project/duckdb-polr/tools/sqlite3_api_wrapper/sqlite3_udf_api/include -O3 -DNDEBUG -O3 -DNDEBUG   -fPIC -fdiagnostics-color=always -std=c++11 -MD -MT tools/sqlite3_api_wrapper/sqlite3_udf_api/CMakeFiles/sqlite3_udf_api.dir/cast_sqlite.cpp.o -MF tools/sqlite3_api_wrapper/sqlite3_udf_api/CMakeFiles/sqlite3_udf_api.dir/cast_sqlite.cpp.o.d -o tools/sqlite3_api_wrapper/sqlite3_udf_api/CMakeFiles/sqlite3_udf_api.dir/cast_sqlite.cpp.o -c /home/pei/Project/duckdb-polr/tools/sqlite3_api_wrapper/sqlite3_udf_api/cast_sqlite.cpp
[120/376] /usr/bin/ccache /usr/lib/ccache/c++ -DDUCKDB_BUILD_LIBRARY -DENABLE_CROSS_PRODUCT_REWRITE=1 -DENABLE_DEBUG_PRINT=0 -DENABLE_MEASURE_EXE_TIME=0 -DENABLE_MERGE_BACK_PLAN=0 -DENABLE_PARALLEL_EXECUTION=0 -DENABLE_QUERY_SPLIT=1 -DENABLE_SPECIFY_EST_STAT=0 -I/home/pei/Project/duckdb-polr/src/include -I/home/pei/Project/duckdb-polr/third_party/fsst -I/home/pei/Project/duckdb-polr/third_party/fmt/include -I/home/pei/Project/duckdb-polr/third_party/hyperloglog -I/home/pei/Project/duckdb-polr/third_party/fastpforlib -I/home/pei/Project/duckdb-polr/third_party/fast_float -I/home/pei/Project/duckdb-polr/third_party/re2 -I/home/pei/Project/duckdb-polr/third_party/miniz -I/home/pei/Project/duckdb-polr/third_party/utf8proc/include -I/home/pei/Project/duckdb-polr/third_party/miniparquet -I/home/pei/Project/duckdb-polr/third_party/concurrentqueue -I/home/pei/Project/duckdb-polr/third_party/pcg -I/home/pei/Project/duckdb-polr/third_party/tdigest -I/home/pei/Project/duckdb-polr/third_party/mbedtls/include -I/home/pei/Project/duckdb-polr/third_party/jaro_winkler -I/home/pei/Project/duckdb-polr/tools/sqlite3_api_wrapper/include -I/home/pei/Project/duckdb-polr/tools/sqlite3_api_wrapper/sqlite3_udf_api/include -O3 -DNDEBUG -O3 -DNDEBUG   -fPIC -fdiagnostics-color=always -std=c++11 -MD -MT tools/sqlite3_api_wrapper/sqlite3_udf_api/CMakeFiles/sqlite3_udf_api.dir/sqlite3_udf_wrapper.cpp.o -MF tools/sqlite3_api_wrapper/sqlite3_udf_api/CMakeFiles/sqlite3_udf_api.dir/sqlite3_udf_wrapper.cpp.o.d -o tools/sqlite3_api_wrapper/sqlite3_udf_api/CMakeFiles/sqlite3_udf_api.dir/sqlite3_udf_wrapper.cpp.o -c /home/pei/Project/duckdb-polr/tools/sqlite3_api_wrapper/sqlite3_udf_api/sqlite3_udf_wrapper.cpp
[121/376] /usr/bin/ccache /usr/lib/ccache/c++ -DDUCKDB_BUILD_LIBRARY -DENABLE_CROSS_PRODUCT_REWRITE=1 -DENABLE_DEBUG_PRINT=0 -DENABLE_MEASURE_EXE_TIME=0 -DENABLE_MERGE_BACK_PLAN=0 -DENABLE_PARALLEL_EXECUTION=0 -DENABLE_QUERY_SPLIT=1 -DENABLE_SPECIFY_EST_STAT=0 -DHAVE_LINENOISE=1 -DSQLITE_OMIT_LOAD_EXTENSION=1 -I/home/pei/Project/duckdb-polr/src/include -I/home/pei/Project/duckdb-polr/third_party/fsst -I/home/pei/Project/duckdb-polr/third_party/fmt/include -I/home/pei/Project/duckdb-polr/third_party/hyperloglog -I/home/pei/Project/duckdb-polr/third_party/fastpforlib -I/home/pei/Project/duckdb-polr/third_party/fast_float -I/home/pei/Project/duckdb-polr/third_party/re2 -I/home/pei/Project/duckdb-polr/third_party/miniz -I/home/pei/Project/duckdb-polr/third_party/utf8proc/include -I/home/pei/Project/duckdb-polr/third_party/miniparquet -I/home/pei/Project/duckdb-polr/third_party/concurrentqueue -I/home/pei/Project/duckdb-polr/third_party/pcg -I/home/pei/Project/duckdb-polr/third_party/tdigest -I/home/pei/Project/duckdb-polr/third_party/mbedtls/include -I/home/pei/Project/duckdb-polr/third_party/jaro_winkler -I/home/pei/Project/duckdb-polr/tools/shell/../../third_party/utf8proc/include -I/home/pei/Project/duckdb-polr/tools/shell/include -I/home/pei/Project/duckdb-polr/tools/shell/../sqlite3_api_wrapper/include -I/home/pei/Project/duckdb-polr/third_party/libpg_query/include -O3 -DNDEBUG -O3 -DNDEBUG   -fPIE -fdiagnostics-color=always -std=c++11 -MD -MT tools/shell/CMakeFiles/shell.dir/linenoise.cpp.o -MF tools/shell/CMakeFiles/shell.dir/linenoise.cpp.o.d -o tools/shell/CMakeFiles/shell.dir/linenoise.cpp.o -c /home/pei/Project/duckdb-polr/tools/shell/linenoise.cpp
[122/376] /usr/bin/ccache /usr/lib/ccache/c++ -DBUILD_JEMALLOC_EXTENSION=ON -DBUILD_PARQUET_EXTENSION=TRUE -DDUCKDB_BUILD_LIBRARY -DENABLE_CROSS_PRODUCT_REWRITE=1 -DENABLE_DEBUG_PRINT=0 -DENABLE_MEASURE_EXE_TIME=0 -DENABLE_MERGE_BACK_PLAN=0 -DENABLE_PARALLEL_EXECUTION=0 -DENABLE_QUERY_SPLIT=1 -DENABLE_SPECIFY_EST_STAT=0 -DSQLITE_SHELL_IS_UTF8 -DUSE_DUCKDB_SHELL_WRAPPER -I/home/pei/Project/duckdb-polr/src/include -I/home/pei/Project/duckdb-polr/third_party/fsst -I/home/pei/Project/duckdb-polr/third_party/fmt/include -I/home/pei/Project/duckdb-polr/third_party/hyperloglog -I/home/pei/Project/duckdb-polr/third_party/fastpforlib -I/home/pei/Project/duckdb-polr/third_party/fast_float -I/home/pei/Project/duckdb-polr/third_party/re2 -I/home/pei/Project/duckdb-polr/third_party/miniz -I/home/pei/Project/duckdb-polr/third_party/utf8proc/include -I/home/pei/Project/duckdb-polr/third_party/miniparquet -I/home/pei/Project/duckdb-polr/third_party/concurrentqueue -I/home/pei/Project/duckdb-polr/third_party/pcg -I/home/pei/Project/duckdb-polr/third_party/tdigest -I/home/pei/Project/duckdb-polr/third_party/mbedtls/include -I/home/pei/Project/duckdb-polr/third_party/jaro_winkler -I/home/pei/Project/duckdb-polr/tools/sqlite3_api_wrapper/include -I/home/pei/Project/duckdb-polr/tools/sqlite3_api_wrapper/sqlite3_udf_api/include -I/home/pei/Project/duckdb-polr/extension -I/home/pei/Project/duckdb-polr/extension/parquet/include -I/home/pei/Project/duckdb-polr/extension/jemalloc/include -I/home/pei/Project/duckdb-polr/tools/sqlite3_api_wrapper/../../third_party/utf8proc/include -I/home/pei/Project/duckdb-polr/tools/sqlite3_api_wrapper/../../third_party/catch -I/home/pei/Project/duckdb-polr/tools/sqlite3_api_wrapper/test/include -I/home/pei/Project/duckdb-polr/third_party/libpg_query/include -O3 -DNDEBUG -O3 -DNDEBUG   -fPIE -fdiagnostics-color=always -std=c++11 -MD -MT tools/sqlite3_api_wrapper/CMakeFiles/test_sqlite3_api_wrapper.dir/test/test_sqlite3_api_wrapper.cpp.o -MF tools/sqlite3_api_wrapper/CMakeFiles/test_sqlite3_api_wrapper.dir/test/test_sqlite3_api_wrapper.cpp.o.d -o tools/sqlite3_api_wrapper/CMakeFiles/test_sqlite3_api_wrapper.dir/test/test_sqlite3_api_wrapper.cpp.o -c /home/pei/Project/duckdb-polr/tools/sqlite3_api_wrapper/test/test_sqlite3_api_wrapper.cpp
[123/376] /usr/bin/ccache /usr/lib/ccache/cc -DDUCKDB_BUILD_LIBRARY -DENABLE_CROSS_PRODUCT_REWRITE=1 -DENABLE_DEBUG_PRINT=0 -DENABLE_MEASURE_EXE_TIME=0 -DENABLE_MERGE_BACK_PLAN=0 -DENABLE_PARALLEL_EXECUTION=0 -DENABLE_QUERY_SPLIT=1 -DENABLE_SPECIFY_EST_STAT=0 -DUSE_DUCKDB_SHELL_WRAPPER -I/home/pei/Project/duckdb-polr/src/include -I/home/pei/Project/duckdb-polr/third_party/fsst -I/home/pei/Project/duckdb-polr/third_party/fmt/include -I/home/pei/Project/duckdb-polr/third_party/hyperloglog -I/home/pei/Project/duckdb-polr/third_party/fastpforlib -I/home/pei/Project/duckdb-polr/third_party/fast_float -I/home/pei/Project/duckdb-polr/third_party/re2 -I/home/pei/Project/duckdb-polr/third_party/miniz -I/home/pei/Project/duckdb-polr/third_party/utf8proc/include -I/home/pei/Project/duckdb-polr/third_party/miniparquet -I/home/pei/Project/duckdb-polr/third_party/concurrentqueue -I/home/pei/Project/duckdb-polr/third_party/pcg -I/home/pei/Project/duckdb-polr/third_party/tdigest -I/home/pei/Project/duckdb-polr/third_party/mbedtls/include -I/home/pei/Project/duckdb-polr/third_party/jaro_winkler -I/home/pei/Project/duckdb-polr/tools/sqlite3_api_wrapper/include -O3 -DNDEBUG -O3 -DNDEBUG   -fPIC -fdiagnostics-color=always -MD -MT tools/sqlite3_api_wrapper/sqlite3/CMakeFiles/sqlite3_api_wrapper_sqlite3.dir/printf.c.o -MF tools/sqlite3_api_wrapper/sqlite3/CMakeFiles/sqlite3_api_wrapper_sqlite3.dir/printf.c.o.d -o tools/sqlite3_api_wrapper/sqlite3/CMakeFiles/sqlite3_api_wrapper_sqlite3.dir/printf.c.o -c /home/pei/Project/duckdb-polr/tools/sqlite3_api_wrapper/sqlite3/printf.c
[124/376] /usr/bin/ccache /usr/lib/ccache/cc -DDUCKDB_BUILD_LIBRARY -DENABLE_CROSS_PRODUCT_REWRITE=1 -DENABLE_DEBUG_PRINT=0 -DENABLE_MEASURE_EXE_TIME=0 -DENABLE_MERGE_BACK_PLAN=0 -DENABLE_PARALLEL_EXECUTION=0 -DENABLE_QUERY_SPLIT=1 -DENABLE_SPECIFY_EST_STAT=0 -DHAVE_LINENOISE=1 -DSQLITE_OMIT_LOAD_EXTENSION=1 -I/home/pei/Project/duckdb-polr/src/include -I/home/pei/Project/duckdb-polr/third_party/fsst -I/home/pei/Project/duckdb-polr/third_party/fmt/include -I/home/pei/Project/duckdb-polr/third_party/hyperloglog -I/home/pei/Project/duckdb-polr/third_party/fastpforlib -I/home/pei/Project/duckdb-polr/third_party/fast_float -I/home/pei/Project/duckdb-polr/third_party/re2 -I/home/pei/Project/duckdb-polr/third_party/miniz -I/home/pei/Project/duckdb-polr/third_party/utf8proc/include -I/home/pei/Project/duckdb-polr/third_party/miniparquet -I/home/pei/Project/duckdb-polr/third_party/concurrentqueue -I/home/pei/Project/duckdb-polr/third_party/pcg -I/home/pei/Project/duckdb-polr/third_party/tdigest -I/home/pei/Project/duckdb-polr/third_party/mbedtls/include -I/home/pei/Project/duckdb-polr/third_party/jaro_winkler -I/home/pei/Project/duckdb-polr/tools/shell/../../third_party/utf8proc/include -I/home/pei/Project/duckdb-polr/tools/shell/include -I/home/pei/Project/duckdb-polr/tools/shell/../sqlite3_api_wrapper/include -I/home/pei/Project/duckdb-polr/third_party/libpg_query/include -O3 -DNDEBUG -O3 -DNDEBUG   -fPIE -fdiagnostics-color=always -MD -MT tools/shell/CMakeFiles/shell.dir/shell.c.o -MF tools/shell/CMakeFiles/shell.dir/shell.c.o.d -o tools/shell/CMakeFiles/shell.dir/shell.c.o -c /home/pei/Project/duckdb-polr/tools/shell/shell.c
[125/376] /usr/bin/ccache /usr/lib/ccache/c++ -DDUCKDB -DDUCKDB_BUILD_LIBRARY -DDUCKDB_MAIN_LIBRARY -DENABLE_CROSS_PRODUCT_REWRITE=1 -DENABLE_DEBUG_PRINT=0 -DENABLE_MEASURE_EXE_TIME=0 -DENABLE_MERGE_BACK_PLAN=0 -DENABLE_PARALLEL_EXECUTION=0 -DENABLE_QUERY_SPLIT=1 -DENABLE_SPECIFY_EST_STAT=0 -I/home/pei/Project/duckdb-polr/src/include -I/home/pei/Project/duckdb-polr/third_party/fsst -I/home/pei/Project/duckdb-polr/third_party/fmt/include -I/home/pei/Project/duckdb-polr/third_party/hyperloglog -I/home/pei/Project/duckdb-polr/third_party/fastpforlib -I/home/pei/Project/duckdb-polr/third_party/fast_float -I/home/pei/Project/duckdb-polr/third_party/re2 -I/home/pei/Project/duckdb-polr/third_party/miniz -I/home/pei/Project/duckdb-polr/third_party/utf8proc/include -I/home/pei/Project/duckdb-polr/third_party/miniparquet -I/home/pei/Project/duckdb-polr/third_party/concurrentqueue -I/home/pei/Project/duckdb-polr/third_party/pcg -I/home/pei/Project/duckdb-polr/third_party/tdigest -I/home/pei/Project/duckdb-polr/third_party/mbedtls/include -I/home/pei/Project/duckdb-polr/third_party/jaro_winkler -O3 -DNDEBUG -O3 -DNDEBUG   -fPIC -fdiagnostics-color=always -std=c++11 -MD -MT src/main/CMakeFiles/duckdb_main.dir/ub_duckdb_main.cpp.o -MF src/main/CMakeFiles/duckdb_main.dir/ub_duckdb_main.cpp.o.d -o src/main/CMakeFiles/duckdb_main.dir/ub_duckdb_main.cpp.o -c /home/pei/Project/duckdb-polr/build/release/src/main/ub_duckdb_main.cpp
In file included from /home/pei/Project/duckdb-polr/src/include/duckdb/optimizer/optimizer.hpp:15,
                 from /home/pei/Project/duckdb-polr/src/main/client_context.cpp:31,
                 from /home/pei/Project/duckdb-polr/build/release/src/main/ub_duckdb_main.cpp:5:
/home/pei/Project/duckdb-polr/src/include/duckdb/optimizer/query_split/query_split.hpp:23:1: warning: inline variables are only available with ‘-std=c++17’ or ‘-std=gnu++17’ [-Wc++17-extensions]
   23 | inline bool execute_plan = false;
      | ^~~~~~
[126/376] /usr/bin/ccache /usr/lib/ccache/c++ -DDUCKDB_BUILD_LIBRARY -DENABLE_CROSS_PRODUCT_REWRITE=1 -DENABLE_DEBUG_PRINT=0 -DENABLE_MEASURE_EXE_TIME=0 -DENABLE_MERGE_BACK_PLAN=0 -DENABLE_PARALLEL_EXECUTION=0 -DENABLE_QUERY_SPLIT=1 -DENABLE_SPECIFY_EST_STAT=0 -I/home/pei/Project/duckdb-polr/src/include -I/home/pei/Project/duckdb-polr/third_party/fsst -I/home/pei/Project/duckdb-polr/third_party/fmt/include -I/home/pei/Project/duckdb-polr/third_party/hyperloglog -I/home/pei/Project/duckdb-polr/third_party/fastpforlib -I/home/pei/Project/duckdb-polr/third_party/fast_float -I/home/pei/Project/duckdb-polr/third_party/re2 -I/home/pei/Project/duckdb-polr/third_party/miniz -I/home/pei/Project/duckdb-polr/third_party/utf8proc/include -I/home/pei/Project/duckdb-polr/third_party/miniparquet -I/home/pei/Project/duckdb-polr/third_party/concurrentqueue -I/home/pei/Project/duckdb-polr/third_party/pcg -I/home/pei/Project/duckdb-polr/third_party/tdigest -I/home/pei/Project/duckdb-polr/third_party/mbedtls/include -I/home/pei/Project/duckdb-polr/third_party/jaro_winkler -I/home/pei/Project/duckdb-polr/extension/parquet/include -I/home/pei/Project/duckdb-polr/extension/parquet/../../third_party/parquet -I/home/pei/Project/duckdb-polr/extension/parquet/../../third_party/snappy -I/home/pei/Project/duckdb-polr/extension/parquet/../../third_party/miniz -I/home/pei/Project/duckdb-polr/extension/parquet/../../third_party/thrift -I/home/pei/Project/duckdb-polr/extension/parquet/../../third_party/zstd/include -O3 -DNDEBUG -O3 -DNDEBUG   -fPIC -fdiagnostics-color=always -std=c++11 -MD -MT extension/parquet/CMakeFiles/parquet_extension.dir/parquet_timestamp.cpp.o -MF extension/parquet/CMakeFiles/parquet_extension.dir/parquet_timestamp.cpp.o.d -o extension/parquet/CMakeFiles/parquet_extension.dir/parquet_timestamp.cpp.o -c /home/pei/Project/duckdb-polr/extension/parquet/parquet_timestamp.cpp
[127/376] /usr/bin/ccache /usr/lib/ccache/c++ -DBUILD_JEMALLOC_EXTENSION=ON -DBUILD_PARQUET_EXTENSION=TRUE -DDUCKDB_BUILD_LIBRARY -DENABLE_CROSS_PRODUCT_REWRITE=1 -DENABLE_DEBUG_PRINT=0 -DENABLE_MEASURE_EXE_TIME=0 -DENABLE_MERGE_BACK_PLAN=0 -DENABLE_PARALLEL_EXECUTION=0 -DENABLE_QUERY_SPLIT=1 -DENABLE_SPECIFY_EST_STAT=0 -DSQLITE_SHELL_IS_UTF8 -DUSE_DUCKDB_SHELL_WRAPPER -I/home/pei/Project/duckdb-polr/src/include -I/home/pei/Project/duckdb-polr/third_party/fsst -I/home/pei/Project/duckdb-polr/third_party/fmt/include -I/home/pei/Project/duckdb-polr/third_party/hyperloglog -I/home/pei/Project/duckdb-polr/third_party/fastpforlib -I/home/pei/Project/duckdb-polr/third_party/fast_float -I/home/pei/Project/duckdb-polr/third_party/re2 -I/home/pei/Project/duckdb-polr/third_party/miniz -I/home/pei/Project/duckdb-polr/third_party/utf8proc/include -I/home/pei/Project/duckdb-polr/third_party/miniparquet -I/home/pei/Project/duckdb-polr/third_party/concurrentqueue -I/home/pei/Project/duckdb-polr/third_party/pcg -I/home/pei/Project/duckdb-polr/third_party/tdigest -I/home/pei/Project/duckdb-polr/third_party/mbedtls/include -I/home/pei/Project/duckdb-polr/third_party/jaro_winkler -I/home/pei/Project/duckdb-polr/tools/sqlite3_api_wrapper/include -I/home/pei/Project/duckdb-polr/tools/sqlite3_api_wrapper/sqlite3_udf_api/include -I/home/pei/Project/duckdb-polr/extension -I/home/pei/Project/duckdb-polr/extension/parquet/include -I/home/pei/Project/duckdb-polr/extension/jemalloc/include -I/home/pei/Project/duckdb-polr/tools/sqlite3_api_wrapper/../../third_party/utf8proc/include -I/home/pei/Project/duckdb-polr/tools/sqlite3_api_wrapper/../../third_party/catch -I/home/pei/Project/duckdb-polr/tools/sqlite3_api_wrapper/test/include -I/home/pei/Project/duckdb-polr/third_party/libpg_query/include -O3 -DNDEBUG -O3 -DNDEBUG   -fPIE -fdiagnostics-color=always -std=c++11 -MD -MT tools/sqlite3_api_wrapper/CMakeFiles/test_sqlite3_api_wrapper.dir/test/test_sqlite3_udf_api_wrapper.cpp.o -MF tools/sqlite3_api_wrapper/CMakeFiles/test_sqlite3_api_wrapper.dir/test/test_sqlite3_udf_api_wrapper.cpp.o.d -o tools/sqlite3_api_wrapper/CMakeFiles/test_sqlite3_api_wrapper.dir/test/test_sqlite3_udf_api_wrapper.cpp.o -c /home/pei/Project/duckdb-polr/tools/sqlite3_api_wrapper/test/test_sqlite3_udf_api_wrapper.cpp
[128/376] /usr/bin/ccache /usr/lib/ccache/c++ -DDUCKDB_BUILD_LIBRARY -DENABLE_CROSS_PRODUCT_REWRITE=1 -DENABLE_DEBUG_PRINT=0 -DENABLE_MEASURE_EXE_TIME=0 -DENABLE_MERGE_BACK_PLAN=0 -DENABLE_PARALLEL_EXECUTION=0 -DENABLE_QUERY_SPLIT=1 -DENABLE_SPECIFY_EST_STAT=0 -I/home/pei/Project/duckdb-polr/src/include -I/home/pei/Project/duckdb-polr/third_party/fsst -I/home/pei/Project/duckdb-polr/third_party/fmt/include -I/home/pei/Project/duckdb-polr/third_party/hyperloglog -I/home/pei/Project/duckdb-polr/third_party/fastpforlib -I/home/pei/Project/duckdb-polr/third_party/fast_float -I/home/pei/Project/duckdb-polr/third_party/re2 -I/home/pei/Project/duckdb-polr/third_party/miniz -I/home/pei/Project/duckdb-polr/third_party/utf8proc/include -I/home/pei/Project/duckdb-polr/third_party/miniparquet -I/home/pei/Project/duckdb-polr/third_party/concurrentqueue -I/home/pei/Project/duckdb-polr/third_party/pcg -I/home/pei/Project/duckdb-polr/third_party/tdigest -I/home/pei/Project/duckdb-polr/third_party/mbedtls/include -I/home/pei/Project/duckdb-polr/third_party/jaro_winkler -I/home/pei/Project/duckdb-polr/extension/parquet/include -I/home/pei/Project/duckdb-polr/extension/parquet/../../third_party/parquet -I/home/pei/Project/duckdb-polr/extension/parquet/../../third_party/snappy -I/home/pei/Project/duckdb-polr/extension/parquet/../../third_party/miniz -I/home/pei/Project/duckdb-polr/extension/parquet/../../third_party/thrift -I/home/pei/Project/duckdb-polr/extension/parquet/../../third_party/zstd/include -O3 -DNDEBUG -O3 -DNDEBUG   -fPIC -fdiagnostics-color=always -std=c++11 -MD -MT extension/parquet/CMakeFiles/parquet_extension.dir/column_writer.cpp.o -MF extension/parquet/CMakeFiles/parquet_extension.dir/column_writer.cpp.o.d -o extension/parquet/CMakeFiles/parquet_extension.dir/column_writer.cpp.o -c /home/pei/Project/duckdb-polr/extension/parquet/column_writer.cpp
[129/376] /usr/bin/ccache /usr/lib/ccache/c++ -DBUILD_JEMALLOC_EXTENSION=ON -DBUILD_PARQUET_EXTENSION=TRUE -DDUCKDB_BUILD_LIBRARY -DENABLE_CROSS_PRODUCT_REWRITE=1 -DENABLE_DEBUG_PRINT=0 -DENABLE_MEASURE_EXE_TIME=0 -DENABLE_MERGE_BACK_PLAN=0 -DENABLE_PARALLEL_EXECUTION=0 -DENABLE_QUERY_SPLIT=1 -DENABLE_SPECIFY_EST_STAT=0 -DSQLITE_SHELL_IS_UTF8 -DUSE_DUCKDB_SHELL_WRAPPER -I/home/pei/Project/duckdb-polr/src/include -I/home/pei/Project/duckdb-polr/third_party/fsst -I/home/pei/Project/duckdb-polr/third_party/fmt/include -I/home/pei/Project/duckdb-polr/third_party/hyperloglog -I/home/pei/Project/duckdb-polr/third_party/fastpforlib -I/home/pei/Project/duckdb-polr/third_party/fast_float -I/home/pei/Project/duckdb-polr/third_party/re2 -I/home/pei/Project/duckdb-polr/third_party/miniz -I/home/pei/Project/duckdb-polr/third_party/utf8proc/include -I/home/pei/Project/duckdb-polr/third_party/miniparquet -I/home/pei/Project/duckdb-polr/third_party/concurrentqueue -I/home/pei/Project/duckdb-polr/third_party/pcg -I/home/pei/Project/duckdb-polr/third_party/tdigest -I/home/pei/Project/duckdb-polr/third_party/mbedtls/include -I/home/pei/Project/duckdb-polr/third_party/jaro_winkler -I/home/pei/Project/duckdb-polr/tools/sqlite3_api_wrapper/include -I/home/pei/Project/duckdb-polr/tools/sqlite3_api_wrapper/sqlite3_udf_api/include -I/home/pei/Project/duckdb-polr/extension -I/home/pei/Project/duckdb-polr/extension/parquet/include -I/home/pei/Project/duckdb-polr/extension/jemalloc/include -I/home/pei/Project/duckdb-polr/tools/sqlite3_api_wrapper/../../third_party/utf8proc/include -I/home/pei/Project/duckdb-polr/tools/sqlite3_api_wrapper/../../third_party/catch -I/home/pei/Project/duckdb-polr/tools/sqlite3_api_wrapper/test/include -I/home/pei/Project/duckdb-polr/third_party/libpg_query/include -O3 -DNDEBUG -O3 -DNDEBUG   -fPIC -fdiagnostics-color=always -std=c++11 -MD -MT tools/sqlite3_api_wrapper/CMakeFiles/sqlite3_api_wrapper_static.dir/sqlite3_api_wrapper.cpp.o -MF tools/sqlite3_api_wrapper/CMakeFiles/sqlite3_api_wrapper_static.dir/sqlite3_api_wrapper.cpp.o.d -o tools/sqlite3_api_wrapper/CMakeFiles/sqlite3_api_wrapper_static.dir/sqlite3_api_wrapper.cpp.o -c /home/pei/Project/duckdb-polr/tools/sqlite3_api_wrapper/sqlite3_api_wrapper.cpp
[130/376] /usr/bin/ccache /usr/lib/ccache/c++ -DBUILD_JEMALLOC_EXTENSION=ON -DBUILD_PARQUET_EXTENSION=TRUE -DDUCKDB_BUILD_LIBRARY -DENABLE_CROSS_PRODUCT_REWRITE=1 -DENABLE_DEBUG_PRINT=0 -DENABLE_MEASURE_EXE_TIME=0 -DENABLE_MERGE_BACK_PLAN=0 -DENABLE_PARALLEL_EXECUTION=0 -DENABLE_QUERY_SPLIT=1 -DENABLE_SPECIFY_EST_STAT=0 -DSQLITE_SHELL_IS_UTF8 -DUSE_DUCKDB_SHELL_WRAPPER -Dsqlite3_api_wrapper_EXPORTS -I/home/pei/Project/duckdb-polr/src/include -I/home/pei/Project/duckdb-polr/third_party/fsst -I/home/pei/Project/duckdb-polr/third_party/fmt/include -I/home/pei/Project/duckdb-polr/third_party/hyperloglog -I/home/pei/Project/duckdb-polr/third_party/fastpforlib -I/home/pei/Project/duckdb-polr/third_party/fast_float -I/home/pei/Project/duckdb-polr/third_party/re2 -I/home/pei/Project/duckdb-polr/third_party/miniz -I/home/pei/Project/duckdb-polr/third_party/utf8proc/include -I/home/pei/Project/duckdb-polr/third_party/miniparquet -I/home/pei/Project/duckdb-polr/third_party/concurrentqueue -I/home/pei/Project/duckdb-polr/third_party/pcg -I/home/pei/Project/duckdb-polr/third_party/tdigest -I/home/pei/Project/duckdb-polr/third_party/mbedtls/include -I/home/pei/Project/duckdb-polr/third_party/jaro_winkler -I/home/pei/Project/duckdb-polr/tools/sqlite3_api_wrapper/include -I/home/pei/Project/duckdb-polr/tools/sqlite3_api_wrapper/sqlite3_udf_api/include -I/home/pei/Project/duckdb-polr/extension -I/home/pei/Project/duckdb-polr/extension/parquet/include -I/home/pei/Project/duckdb-polr/extension/jemalloc/include -I/home/pei/Project/duckdb-polr/tools/sqlite3_api_wrapper/../../third_party/utf8proc/include -I/home/pei/Project/duckdb-polr/tools/sqlite3_api_wrapper/../../third_party/catch -I/home/pei/Project/duckdb-polr/tools/sqlite3_api_wrapper/test/include -I/home/pei/Project/duckdb-polr/third_party/libpg_query/include -O3 -DNDEBUG -O3 -DNDEBUG   -fPIC -fdiagnostics-color=always -std=c++11 -MD -MT tools/sqlite3_api_wrapper/CMakeFiles/sqlite3_api_wrapper.dir/sqlite3_api_wrapper.cpp.o -MF tools/sqlite3_api_wrapper/CMakeFiles/sqlite3_api_wrapper.dir/sqlite3_api_wrapper.cpp.o.d -o tools/sqlite3_api_wrapper/CMakeFiles/sqlite3_api_wrapper.dir/sqlite3_api_wrapper.cpp.o -c /home/pei/Project/duckdb-polr/tools/sqlite3_api_wrapper/sqlite3_api_wrapper.cpp
[131/376] /usr/bin/ccache /usr/lib/ccache/c++ -DDUCKDB_BUILD_LIBRARY -DENABLE_CROSS_PRODUCT_REWRITE=1 -DENABLE_DEBUG_PRINT=0 -DENABLE_MEASURE_EXE_TIME=0 -DENABLE_MERGE_BACK_PLAN=0 -DENABLE_PARALLEL_EXECUTION=0 -DENABLE_QUERY_SPLIT=1 -DENABLE_SPECIFY_EST_STAT=0 -I/home/pei/Project/duckdb-polr/src/include -I/home/pei/Project/duckdb-polr/third_party/fsst -I/home/pei/Project/duckdb-polr/third_party/fmt/include -I/home/pei/Project/duckdb-polr/third_party/hyperloglog -I/home/pei/Project/duckdb-polr/third_party/fastpforlib -I/home/pei/Project/duckdb-polr/third_party/fast_float -I/home/pei/Project/duckdb-polr/third_party/re2 -I/home/pei/Project/duckdb-polr/third_party/miniz -I/home/pei/Project/duckdb-polr/third_party/utf8proc/include -I/home/pei/Project/duckdb-polr/third_party/miniparquet -I/home/pei/Project/duckdb-polr/third_party/concurrentqueue -I/home/pei/Project/duckdb-polr/third_party/pcg -I/home/pei/Project/duckdb-polr/third_party/tdigest -I/home/pei/Project/duckdb-polr/third_party/mbedtls/include -I/home/pei/Project/duckdb-polr/third_party/jaro_winkler -I/home/pei/Project/duckdb-polr/extension/parquet/include -I/home/pei/Project/duckdb-polr/extension/parquet/../../third_party/parquet -I/home/pei/Project/duckdb-polr/extension/parquet/../../third_party/snappy -I/home/pei/Project/duckdb-polr/extension/parquet/../../third_party/miniz -I/home/pei/Project/duckdb-polr/extension/parquet/../../third_party/thrift -I/home/pei/Project/duckdb-polr/extension/parquet/../../third_party/zstd/include -O3 -DNDEBUG -O3 -DNDEBUG   -fPIC -fdiagnostics-color=always -std=c++11 -MD -MT extension/parquet/CMakeFiles/parquet_extension.dir/__/__/third_party/thrift/thrift/transport/TTransportException.cpp.o -MF extension/parquet/CMakeFiles/parquet_extension.dir/__/__/third_party/thrift/thrift/transport/TTransportException.cpp.o.d -o extension/parquet/CMakeFiles/parquet_extension.dir/__/__/third_party/thrift/thrift/transport/TTransportException.cpp.o -c /home/pei/Project/duckdb-polr/third_party/thrift/thrift/transport/TTransportException.cpp
[132/376] /usr/bin/ccache /usr/lib/ccache/c++ -DDUCKDB_BUILD_LIBRARY -DENABLE_CROSS_PRODUCT_REWRITE=1 -DENABLE_DEBUG_PRINT=0 -DENABLE_MEASURE_EXE_TIME=0 -DENABLE_MERGE_BACK_PLAN=0 -DENABLE_PARALLEL_EXECUTION=0 -DENABLE_QUERY_SPLIT=1 -DENABLE_SPECIFY_EST_STAT=0 -I/home/pei/Project/duckdb-polr/src/include -I/home/pei/Project/duckdb-polr/third_party/fsst -I/home/pei/Project/duckdb-polr/third_party/fmt/include -I/home/pei/Project/duckdb-polr/third_party/hyperloglog -I/home/pei/Project/duckdb-polr/third_party/fastpforlib -I/home/pei/Project/duckdb-polr/third_party/fast_float -I/home/pei/Project/duckdb-polr/third_party/re2 -I/home/pei/Project/duckdb-polr/third_party/miniz -I/home/pei/Project/duckdb-polr/third_party/utf8proc/include -I/home/pei/Project/duckdb-polr/third_party/miniparquet -I/home/pei/Project/duckdb-polr/third_party/concurrentqueue -I/home/pei/Project/duckdb-polr/third_party/pcg -I/home/pei/Project/duckdb-polr/third_party/tdigest -I/home/pei/Project/duckdb-polr/third_party/mbedtls/include -I/home/pei/Project/duckdb-polr/third_party/jaro_winkler -I/home/pei/Project/duckdb-polr/extension/parquet/include -I/home/pei/Project/duckdb-polr/extension/parquet/../../third_party/parquet -I/home/pei/Project/duckdb-polr/extension/parquet/../../third_party/snappy -I/home/pei/Project/duckdb-polr/extension/parquet/../../third_party/miniz -I/home/pei/Project/duckdb-polr/extension/parquet/../../third_party/thrift -I/home/pei/Project/duckdb-polr/extension/parquet/../../third_party/zstd/include -O3 -DNDEBUG -O3 -DNDEBUG   -fPIC -fdiagnostics-color=always -std=c++11 -MD -MT extension/parquet/CMakeFiles/parquet_extension.dir/__/__/third_party/thrift/thrift/protocol/TProtocol.cpp.o -MF extension/parquet/CMakeFiles/parquet_extension.dir/__/__/third_party/thrift/thrift/protocol/TProtocol.cpp.o.d -o extension/parquet/CMakeFiles/parquet_extension.dir/__/__/third_party/thrift/thrift/protocol/TProtocol.cpp.o -c /home/pei/Project/duckdb-polr/third_party/thrift/thrift/protocol/TProtocol.cpp
[133/376] /usr/bin/ccache /usr/lib/ccache/c++ -DDUCKDB_BUILD_LIBRARY -DENABLE_CROSS_PRODUCT_REWRITE=1 -DENABLE_DEBUG_PRINT=0 -DENABLE_MEASURE_EXE_TIME=0 -DENABLE_MERGE_BACK_PLAN=0 -DENABLE_PARALLEL_EXECUTION=0 -DENABLE_QUERY_SPLIT=1 -DENABLE_SPECIFY_EST_STAT=0 -I/home/pei/Project/duckdb-polr/src/include -I/home/pei/Project/duckdb-polr/third_party/fsst -I/home/pei/Project/duckdb-polr/third_party/fmt/include -I/home/pei/Project/duckdb-polr/third_party/hyperloglog -I/home/pei/Project/duckdb-polr/third_party/fastpforlib -I/home/pei/Project/duckdb-polr/third_party/fast_float -I/home/pei/Project/duckdb-polr/third_party/re2 -I/home/pei/Project/duckdb-polr/third_party/miniz -I/home/pei/Project/duckdb-polr/third_party/utf8proc/include -I/home/pei/Project/duckdb-polr/third_party/miniparquet -I/home/pei/Project/duckdb-polr/third_party/concurrentqueue -I/home/pei/Project/duckdb-polr/third_party/pcg -I/home/pei/Project/duckdb-polr/third_party/tdigest -I/home/pei/Project/duckdb-polr/third_party/mbedtls/include -I/home/pei/Project/duckdb-polr/third_party/jaro_winkler -I/home/pei/Project/duckdb-polr/extension/parquet/include -I/home/pei/Project/duckdb-polr/extension/parquet/../../third_party/parquet -I/home/pei/Project/duckdb-polr/extension/parquet/../../third_party/snappy -I/home/pei/Project/duckdb-polr/extension/parquet/../../third_party/miniz -I/home/pei/Project/duckdb-polr/extension/parquet/../../third_party/thrift -I/home/pei/Project/duckdb-polr/extension/parquet/../../third_party/zstd/include -O3 -DNDEBUG -O3 -DNDEBUG   -fPIC -fdiagnostics-color=always -std=c++11 -MD -MT extension/parquet/CMakeFiles/parquet_extension.dir/column_reader.cpp.o -MF extension/parquet/CMakeFiles/parquet_extension.dir/column_reader.cpp.o.d -o extension/parquet/CMakeFiles/parquet_extension.dir/column_reader.cpp.o -c /home/pei/Project/duckdb-polr/extension/parquet/column_reader.cpp
[134/376] /usr/bin/ccache /usr/lib/ccache/c++ -DDUCKDB_BUILD_LIBRARY -DENABLE_CROSS_PRODUCT_REWRITE=1 -DENABLE_DEBUG_PRINT=0 -DENABLE_MEASURE_EXE_TIME=0 -DENABLE_MERGE_BACK_PLAN=0 -DENABLE_PARALLEL_EXECUTION=0 -DENABLE_QUERY_SPLIT=1 -DENABLE_SPECIFY_EST_STAT=0 -I/home/pei/Project/duckdb-polr/src/include -I/home/pei/Project/duckdb-polr/third_party/fsst -I/home/pei/Project/duckdb-polr/third_party/fmt/include -I/home/pei/Project/duckdb-polr/third_party/hyperloglog -I/home/pei/Project/duckdb-polr/third_party/fastpforlib -I/home/pei/Project/duckdb-polr/third_party/fast_float -I/home/pei/Project/duckdb-polr/third_party/re2 -I/home/pei/Project/duckdb-polr/third_party/miniz -I/home/pei/Project/duckdb-polr/third_party/utf8proc/include -I/home/pei/Project/duckdb-polr/third_party/miniparquet -I/home/pei/Project/duckdb-polr/third_party/concurrentqueue -I/home/pei/Project/duckdb-polr/third_party/pcg -I/home/pei/Project/duckdb-polr/third_party/tdigest -I/home/pei/Project/duckdb-polr/third_party/mbedtls/include -I/home/pei/Project/duckdb-polr/third_party/jaro_winkler -I/home/pei/Project/duckdb-polr/extension/parquet/include -I/home/pei/Project/duckdb-polr/extension/parquet/../../third_party/parquet -I/home/pei/Project/duckdb-polr/extension/parquet/../../third_party/snappy -I/home/pei/Project/duckdb-polr/extension/parquet/../../third_party/miniz -I/home/pei/Project/duckdb-polr/extension/parquet/../../third_party/thrift -I/home/pei/Project/duckdb-polr/extension/parquet/../../third_party/zstd/include -O3 -DNDEBUG -O3 -DNDEBUG   -fPIC -fdiagnostics-color=always -std=c++11 -MD -MT extension/parquet/CMakeFiles/parquet_extension.dir/__/__/third_party/parquet/parquet_types.cpp.o -MF extension/parquet/CMakeFiles/parquet_extension.dir/__/__/third_party/parquet/parquet_types.cpp.o.d -o extension/parquet/CMakeFiles/parquet_extension.dir/__/__/third_party/parquet/parquet_types.cpp.o -c /home/pei/Project/duckdb-polr/third_party/parquet/parquet_types.cpp
[135/376] /usr/bin/ccache /usr/lib/ccache/c++ -DDUCKDB_BUILD_LIBRARY -DENABLE_CROSS_PRODUCT_REWRITE=1 -DENABLE_DEBUG_PRINT=0 -DENABLE_MEASURE_EXE_TIME=0 -DENABLE_MERGE_BACK_PLAN=0 -DENABLE_PARALLEL_EXECUTION=0 -DENABLE_QUERY_SPLIT=1 -DENABLE_SPECIFY_EST_STAT=0 -I/home/pei/Project/duckdb-polr/src/include -I/home/pei/Project/duckdb-polr/third_party/fsst -I/home/pei/Project/duckdb-polr/third_party/fmt/include -I/home/pei/Project/duckdb-polr/third_party/hyperloglog -I/home/pei/Project/duckdb-polr/third_party/fastpforlib -I/home/pei/Project/duckdb-polr/third_party/fast_float -I/home/pei/Project/duckdb-polr/third_party/re2 -I/home/pei/Project/duckdb-polr/third_party/miniz -I/home/pei/Project/duckdb-polr/third_party/utf8proc/include -I/home/pei/Project/duckdb-polr/third_party/miniparquet -I/home/pei/Project/duckdb-polr/third_party/concurrentqueue -I/home/pei/Project/duckdb-polr/third_party/pcg -I/home/pei/Project/duckdb-polr/third_party/tdigest -I/home/pei/Project/duckdb-polr/third_party/mbedtls/include -I/home/pei/Project/duckdb-polr/third_party/jaro_winkler -I/home/pei/Project/duckdb-polr/extension/parquet/include -I/home/pei/Project/duckdb-polr/extension/parquet/../../third_party/parquet -I/home/pei/Project/duckdb-polr/extension/parquet/../../third_party/snappy -I/home/pei/Project/duckdb-polr/extension/parquet/../../third_party/miniz -I/home/pei/Project/duckdb-polr/extension/parquet/../../third_party/thrift -I/home/pei/Project/duckdb-polr/extension/parquet/../../third_party/zstd/include -O3 -DNDEBUG -O3 -DNDEBUG   -fPIC -fdiagnostics-color=always -std=c++11 -MD -MT extension/parquet/CMakeFiles/parquet_extension.dir/__/__/third_party/snappy/snappy-sinksource.cc.o -MF extension/parquet/CMakeFiles/parquet_extension.dir/__/__/third_party/snappy/snappy-sinksource.cc.o.d -o extension/parquet/CMakeFiles/parquet_extension.dir/__/__/third_party/snappy/snappy-sinksource.cc.o -c /home/pei/Project/duckdb-polr/third_party/snappy/snappy-sinksource.cc
[136/376] /usr/bin/ccache /usr/lib/ccache/c++ -DDUCKDB_BUILD_LIBRARY -DENABLE_CROSS_PRODUCT_REWRITE=1 -DENABLE_DEBUG_PRINT=0 -DENABLE_MEASURE_EXE_TIME=0 -DENABLE_MERGE_BACK_PLAN=0 -DENABLE_PARALLEL_EXECUTION=0 -DENABLE_QUERY_SPLIT=1 -DENABLE_SPECIFY_EST_STAT=0 -I/home/pei/Project/duckdb-polr/src/include -I/home/pei/Project/duckdb-polr/third_party/fsst -I/home/pei/Project/duckdb-polr/third_party/fmt/include -I/home/pei/Project/duckdb-polr/third_party/hyperloglog -I/home/pei/Project/duckdb-polr/third_party/fastpforlib -I/home/pei/Project/duckdb-polr/third_party/fast_float -I/home/pei/Project/duckdb-polr/third_party/re2 -I/home/pei/Project/duckdb-polr/third_party/miniz -I/home/pei/Project/duckdb-polr/third_party/utf8proc/include -I/home/pei/Project/duckdb-polr/third_party/miniparquet -I/home/pei/Project/duckdb-polr/third_party/concurrentqueue -I/home/pei/Project/duckdb-polr/third_party/pcg -I/home/pei/Project/duckdb-polr/third_party/tdigest -I/home/pei/Project/duckdb-polr/third_party/mbedtls/include -I/home/pei/Project/duckdb-polr/third_party/jaro_winkler -I/home/pei/Project/duckdb-polr/extension/parquet/include -I/home/pei/Project/duckdb-polr/extension/parquet/../../third_party/parquet -I/home/pei/Project/duckdb-polr/extension/parquet/../../third_party/snappy -I/home/pei/Project/duckdb-polr/extension/parquet/../../third_party/miniz -I/home/pei/Project/duckdb-polr/extension/parquet/../../third_party/thrift -I/home/pei/Project/duckdb-polr/extension/parquet/../../third_party/zstd/include -O3 -DNDEBUG -O3 -DNDEBUG   -fPIC -fdiagnostics-color=always -std=c++11 -MD -MT extension/parquet/CMakeFiles/parquet_extension.dir/__/__/third_party/zstd/decompress/huf_decompress.cpp.o -MF extension/parquet/CMakeFiles/parquet_extension.dir/__/__/third_party/zstd/decompress/huf_decompress.cpp.o.d -o extension/parquet/CMakeFiles/parquet_extension.dir/__/__/third_party/zstd/decompress/huf_decompress.cpp.o -c /home/pei/Project/duckdb-polr/third_party/zstd/decompress/huf_decompress.cpp
[137/376] /usr/bin/ccache /usr/lib/ccache/c++ -DDUCKDB_BUILD_LIBRARY -DENABLE_CROSS_PRODUCT_REWRITE=1 -DENABLE_DEBUG_PRINT=0 -DENABLE_MEASURE_EXE_TIME=0 -DENABLE_MERGE_BACK_PLAN=0 -DENABLE_PARALLEL_EXECUTION=0 -DENABLE_QUERY_SPLIT=1 -DENABLE_SPECIFY_EST_STAT=0 -I/home/pei/Project/duckdb-polr/src/include -I/home/pei/Project/duckdb-polr/third_party/fsst -I/home/pei/Project/duckdb-polr/third_party/fmt/include -I/home/pei/Project/duckdb-polr/third_party/hyperloglog -I/home/pei/Project/duckdb-polr/third_party/fastpforlib -I/home/pei/Project/duckdb-polr/third_party/fast_float -I/home/pei/Project/duckdb-polr/third_party/re2 -I/home/pei/Project/duckdb-polr/third_party/miniz -I/home/pei/Project/duckdb-polr/third_party/utf8proc/include -I/home/pei/Project/duckdb-polr/third_party/miniparquet -I/home/pei/Project/duckdb-polr/third_party/concurrentqueue -I/home/pei/Project/duckdb-polr/third_party/pcg -I/home/pei/Project/duckdb-polr/third_party/tdigest -I/home/pei/Project/duckdb-polr/third_party/mbedtls/include -I/home/pei/Project/duckdb-polr/third_party/jaro_winkler -I/home/pei/Project/duckdb-polr/extension/parquet/include -I/home/pei/Project/duckdb-polr/extension/parquet/../../third_party/parquet -I/home/pei/Project/duckdb-polr/extension/parquet/../../third_party/snappy -I/home/pei/Project/duckdb-polr/extension/parquet/../../third_party/miniz -I/home/pei/Project/duckdb-polr/extension/parquet/../../third_party/thrift -I/home/pei/Project/duckdb-polr/extension/parquet/../../third_party/zstd/include -O3 -DNDEBUG -O3 -DNDEBUG   -fPIC -fdiagnostics-color=always -std=c++11 -MD -MT extension/parquet/CMakeFiles/parquet_extension.dir/__/__/third_party/parquet/parquet_constants.cpp.o -MF extension/parquet/CMakeFiles/parquet_extension.dir/__/__/third_party/parquet/parquet_constants.cpp.o.d -o extension/parquet/CMakeFiles/parquet_extension.dir/__/__/third_party/parquet/parquet_constants.cpp.o -c /home/pei/Project/duckdb-polr/third_party/parquet/parquet_constants.cpp
[138/376] /usr/bin/ccache /usr/lib/ccache/c++ -DDUCKDB_BUILD_LIBRARY -DENABLE_CROSS_PRODUCT_REWRITE=1 -DENABLE_DEBUG_PRINT=0 -DENABLE_MEASURE_EXE_TIME=0 -DENABLE_MERGE_BACK_PLAN=0 -DENABLE_PARALLEL_EXECUTION=0 -DENABLE_QUERY_SPLIT=1 -DENABLE_SPECIFY_EST_STAT=0 -I/home/pei/Project/duckdb-polr/src/include -I/home/pei/Project/duckdb-polr/third_party/fsst -I/home/pei/Project/duckdb-polr/third_party/fmt/include -I/home/pei/Project/duckdb-polr/third_party/hyperloglog -I/home/pei/Project/duckdb-polr/third_party/fastpforlib -I/home/pei/Project/duckdb-polr/third_party/fast_float -I/home/pei/Project/duckdb-polr/third_party/re2 -I/home/pei/Project/duckdb-polr/third_party/miniz -I/home/pei/Project/duckdb-polr/third_party/utf8proc/include -I/home/pei/Project/duckdb-polr/third_party/miniparquet -I/home/pei/Project/duckdb-polr/third_party/concurrentqueue -I/home/pei/Project/duckdb-polr/third_party/pcg -I/home/pei/Project/duckdb-polr/third_party/tdigest -I/home/pei/Project/duckdb-polr/third_party/mbedtls/include -I/home/pei/Project/duckdb-polr/third_party/jaro_winkler -I/home/pei/Project/duckdb-polr/extension/parquet/include -I/home/pei/Project/duckdb-polr/extension/parquet/../../third_party/parquet -I/home/pei/Project/duckdb-polr/extension/parquet/../../third_party/snappy -I/home/pei/Project/duckdb-polr/extension/parquet/../../third_party/miniz -I/home/pei/Project/duckdb-polr/extension/parquet/../../third_party/thrift -I/home/pei/Project/duckdb-polr/extension/parquet/../../third_party/zstd/include -O3 -DNDEBUG -O3 -DNDEBUG   -fPIC -fdiagnostics-color=always -std=c++11 -MD -MT extension/parquet/CMakeFiles/parquet_extension.dir/parquet_reader.cpp.o -MF extension/parquet/CMakeFiles/parquet_extension.dir/parquet_reader.cpp.o.d -o extension/parquet/CMakeFiles/parquet_extension.dir/parquet_reader.cpp.o -c /home/pei/Project/duckdb-polr/extension/parquet/parquet_reader.cpp
[139/376] /usr/bin/ccache /usr/lib/ccache/c++ -DDUCKDB_BUILD_LIBRARY -DENABLE_CROSS_PRODUCT_REWRITE=1 -DENABLE_DEBUG_PRINT=0 -DENABLE_MEASURE_EXE_TIME=0 -DENABLE_MERGE_BACK_PLAN=0 -DENABLE_PARALLEL_EXECUTION=0 -DENABLE_QUERY_SPLIT=1 -DENABLE_SPECIFY_EST_STAT=0 -I/home/pei/Project/duckdb-polr/src/include -I/home/pei/Project/duckdb-polr/third_party/fsst -I/home/pei/Project/duckdb-polr/third_party/fmt/include -I/home/pei/Project/duckdb-polr/third_party/hyperloglog -I/home/pei/Project/duckdb-polr/third_party/fastpforlib -I/home/pei/Project/duckdb-polr/third_party/fast_float -I/home/pei/Project/duckdb-polr/third_party/re2 -I/home/pei/Project/duckdb-polr/third_party/miniz -I/home/pei/Project/duckdb-polr/third_party/utf8proc/include -I/home/pei/Project/duckdb-polr/third_party/miniparquet -I/home/pei/Project/duckdb-polr/third_party/concurrentqueue -I/home/pei/Project/duckdb-polr/third_party/pcg -I/home/pei/Project/duckdb-polr/third_party/tdigest -I/home/pei/Project/duckdb-polr/third_party/mbedtls/include -I/home/pei/Project/duckdb-polr/third_party/jaro_winkler -I/home/pei/Project/duckdb-polr/extension/parquet/include -I/home/pei/Project/duckdb-polr/extension/parquet/../../third_party/parquet -I/home/pei/Project/duckdb-polr/extension/parquet/../../third_party/snappy -I/home/pei/Project/duckdb-polr/extension/parquet/../../third_party/miniz -I/home/pei/Project/duckdb-polr/extension/parquet/../../third_party/thrift -I/home/pei/Project/duckdb-polr/extension/parquet/../../third_party/zstd/include -O3 -DNDEBUG -O3 -DNDEBUG   -fPIC -fdiagnostics-color=always -std=c++11 -MD -MT extension/parquet/CMakeFiles/parquet_extension.dir/__/__/third_party/zstd/common/entropy_common.cpp.o -MF extension/parquet/CMakeFiles/parquet_extension.dir/__/__/third_party/zstd/common/entropy_common.cpp.o.d -o extension/parquet/CMakeFiles/parquet_extension.dir/__/__/third_party/zstd/common/entropy_common.cpp.o -c /home/pei/Project/duckdb-polr/third_party/zstd/common/entropy_common.cpp
[140/376] /usr/bin/ccache /usr/lib/ccache/c++ -DDUCKDB_BUILD_LIBRARY -DENABLE_CROSS_PRODUCT_REWRITE=1 -DENABLE_DEBUG_PRINT=0 -DENABLE_MEASURE_EXE_TIME=0 -DENABLE_MERGE_BACK_PLAN=0 -DENABLE_PARALLEL_EXECUTION=0 -DENABLE_QUERY_SPLIT=1 -DENABLE_SPECIFY_EST_STAT=0 -I/home/pei/Project/duckdb-polr/src/include -I/home/pei/Project/duckdb-polr/third_party/fsst -I/home/pei/Project/duckdb-polr/third_party/fmt/include -I/home/pei/Project/duckdb-polr/third_party/hyperloglog -I/home/pei/Project/duckdb-polr/third_party/fastpforlib -I/home/pei/Project/duckdb-polr/third_party/fast_float -I/home/pei/Project/duckdb-polr/third_party/re2 -I/home/pei/Project/duckdb-polr/third_party/miniz -I/home/pei/Project/duckdb-polr/third_party/utf8proc/include -I/home/pei/Project/duckdb-polr/third_party/miniparquet -I/home/pei/Project/duckdb-polr/third_party/concurrentqueue -I/home/pei/Project/duckdb-polr/third_party/pcg -I/home/pei/Project/duckdb-polr/third_party/tdigest -I/home/pei/Project/duckdb-polr/third_party/mbedtls/include -I/home/pei/Project/duckdb-polr/third_party/jaro_winkler -I/home/pei/Project/duckdb-polr/extension/parquet/include -I/home/pei/Project/duckdb-polr/extension/parquet/../../third_party/parquet -I/home/pei/Project/duckdb-polr/extension/parquet/../../third_party/snappy -I/home/pei/Project/duckdb-polr/extension/parquet/../../third_party/miniz -I/home/pei/Project/duckdb-polr/extension/parquet/../../third_party/thrift -I/home/pei/Project/duckdb-polr/extension/parquet/../../third_party/zstd/include -O3 -DNDEBUG -O3 -DNDEBUG   -fPIC -fdiagnostics-color=always -std=c++11 -MD -MT extension/parquet/CMakeFiles/parquet_extension.dir/__/__/third_party/zstd/decompress/zstd_ddict.cpp.o -MF extension/parquet/CMakeFiles/parquet_extension.dir/__/__/third_party/zstd/decompress/zstd_ddict.cpp.o.d -o extension/parquet/CMakeFiles/parquet_extension.dir/__/__/third_party/zstd/decompress/zstd_ddict.cpp.o -c /home/pei/Project/duckdb-polr/third_party/zstd/decompress/zstd_ddict.cpp
[141/376] /usr/bin/ccache /usr/lib/ccache/c++ -DDUCKDB_BUILD_LIBRARY -DENABLE_CROSS_PRODUCT_REWRITE=1 -DENABLE_DEBUG_PRINT=0 -DENABLE_MEASURE_EXE_TIME=0 -DENABLE_MERGE_BACK_PLAN=0 -DENABLE_PARALLEL_EXECUTION=0 -DENABLE_QUERY_SPLIT=1 -DENABLE_SPECIFY_EST_STAT=0 -I/home/pei/Project/duckdb-polr/src/include -I/home/pei/Project/duckdb-polr/third_party/fsst -I/home/pei/Project/duckdb-polr/third_party/fmt/include -I/home/pei/Project/duckdb-polr/third_party/hyperloglog -I/home/pei/Project/duckdb-polr/third_party/fastpforlib -I/home/pei/Project/duckdb-polr/third_party/fast_float -I/home/pei/Project/duckdb-polr/third_party/re2 -I/home/pei/Project/duckdb-polr/third_party/miniz -I/home/pei/Project/duckdb-polr/third_party/utf8proc/include -I/home/pei/Project/duckdb-polr/third_party/miniparquet -I/home/pei/Project/duckdb-polr/third_party/concurrentqueue -I/home/pei/Project/duckdb-polr/third_party/pcg -I/home/pei/Project/duckdb-polr/third_party/tdigest -I/home/pei/Project/duckdb-polr/third_party/mbedtls/include -I/home/pei/Project/duckdb-polr/third_party/jaro_winkler -I/home/pei/Project/duckdb-polr/extension/parquet/include -I/home/pei/Project/duckdb-polr/extension/parquet/../../third_party/parquet -I/home/pei/Project/duckdb-polr/extension/parquet/../../third_party/snappy -I/home/pei/Project/duckdb-polr/extension/parquet/../../third_party/miniz -I/home/pei/Project/duckdb-polr/extension/parquet/../../third_party/thrift -I/home/pei/Project/duckdb-polr/extension/parquet/../../third_party/zstd/include -O3 -DNDEBUG -O3 -DNDEBUG   -fPIC -fdiagnostics-color=always -std=c++11 -MD -MT extension/parquet/CMakeFiles/parquet_extension.dir/__/__/third_party/thrift/thrift/transport/TBufferTransports.cpp.o -MF extension/parquet/CMakeFiles/parquet_extension.dir/__/__/third_party/thrift/thrift/transport/TBufferTransports.cpp.o.d -o extension/parquet/CMakeFiles/parquet_extension.dir/__/__/third_party/thrift/thrift/transport/TBufferTransports.cpp.o -c /home/pei/Project/duckdb-polr/third_party/thrift/thrift/transport/TBufferTransports.cpp
[142/376] /usr/bin/ccache /usr/lib/ccache/c++ -DDUCKDB_BUILD_LIBRARY -DENABLE_CROSS_PRODUCT_REWRITE=1 -DENABLE_DEBUG_PRINT=0 -DENABLE_MEASURE_EXE_TIME=0 -DENABLE_MERGE_BACK_PLAN=0 -DENABLE_PARALLEL_EXECUTION=0 -DENABLE_QUERY_SPLIT=1 -DENABLE_SPECIFY_EST_STAT=0 -I/home/pei/Project/duckdb-polr/src/include -I/home/pei/Project/duckdb-polr/third_party/fsst -I/home/pei/Project/duckdb-polr/third_party/fmt/include -I/home/pei/Project/duckdb-polr/third_party/hyperloglog -I/home/pei/Project/duckdb-polr/third_party/fastpforlib -I/home/pei/Project/duckdb-polr/third_party/fast_float -I/home/pei/Project/duckdb-polr/third_party/re2 -I/home/pei/Project/duckdb-polr/third_party/miniz -I/home/pei/Project/duckdb-polr/third_party/utf8proc/include -I/home/pei/Project/duckdb-polr/third_party/miniparquet -I/home/pei/Project/duckdb-polr/third_party/concurrentqueue -I/home/pei/Project/duckdb-polr/third_party/pcg -I/home/pei/Project/duckdb-polr/third_party/tdigest -I/home/pei/Project/duckdb-polr/third_party/mbedtls/include -I/home/pei/Project/duckdb-polr/third_party/jaro_winkler -I/home/pei/Project/duckdb-polr/extension/parquet/include -I/home/pei/Project/duckdb-polr/extension/parquet/../../third_party/parquet -I/home/pei/Project/duckdb-polr/extension/parquet/../../third_party/snappy -I/home/pei/Project/duckdb-polr/extension/parquet/../../third_party/miniz -I/home/pei/Project/duckdb-polr/extension/parquet/../../third_party/thrift -I/home/pei/Project/duckdb-polr/extension/parquet/../../third_party/zstd/include -O3 -DNDEBUG -O3 -DNDEBUG   -fPIC -fdiagnostics-color=always -std=c++11 -MD -MT extension/parquet/CMakeFiles/parquet_extension.dir/__/__/third_party/zstd/common/zstd_common.cpp.o -MF extension/parquet/CMakeFiles/parquet_extension.dir/__/__/third_party/zstd/common/zstd_common.cpp.o.d -o extension/parquet/CMakeFiles/parquet_extension.dir/__/__/third_party/zstd/common/zstd_common.cpp.o -c /home/pei/Project/duckdb-polr/third_party/zstd/common/zstd_common.cpp
[143/376] /usr/bin/ccache /usr/lib/ccache/c++ -DDUCKDB_BUILD_LIBRARY -DENABLE_CROSS_PRODUCT_REWRITE=1 -DENABLE_DEBUG_PRINT=0 -DENABLE_MEASURE_EXE_TIME=0 -DENABLE_MERGE_BACK_PLAN=0 -DENABLE_PARALLEL_EXECUTION=0 -DENABLE_QUERY_SPLIT=1 -DENABLE_SPECIFY_EST_STAT=0 -I/home/pei/Project/duckdb-polr/src/include -I/home/pei/Project/duckdb-polr/third_party/fsst -I/home/pei/Project/duckdb-polr/third_party/fmt/include -I/home/pei/Project/duckdb-polr/third_party/hyperloglog -I/home/pei/Project/duckdb-polr/third_party/fastpforlib -I/home/pei/Project/duckdb-polr/third_party/fast_float -I/home/pei/Project/duckdb-polr/third_party/re2 -I/home/pei/Project/duckdb-polr/third_party/miniz -I/home/pei/Project/duckdb-polr/third_party/utf8proc/include -I/home/pei/Project/duckdb-polr/third_party/miniparquet -I/home/pei/Project/duckdb-polr/third_party/concurrentqueue -I/home/pei/Project/duckdb-polr/third_party/pcg -I/home/pei/Project/duckdb-polr/third_party/tdigest -I/home/pei/Project/duckdb-polr/third_party/mbedtls/include -I/home/pei/Project/duckdb-polr/third_party/jaro_winkler -I/home/pei/Project/duckdb-polr/extension/parquet/include -I/home/pei/Project/duckdb-polr/extension/parquet/../../third_party/parquet -I/home/pei/Project/duckdb-polr/extension/parquet/../../third_party/snappy -I/home/pei/Project/duckdb-polr/extension/parquet/../../third_party/miniz -I/home/pei/Project/duckdb-polr/extension/parquet/../../third_party/thrift -I/home/pei/Project/duckdb-polr/extension/parquet/../../third_party/zstd/include -O3 -DNDEBUG -O3 -DNDEBUG   -fPIC -fdiagnostics-color=always -std=c++11 -MD -MT extension/parquet/CMakeFiles/parquet_extension.dir/__/__/third_party/zstd/common/error_private.cpp.o -MF extension/parquet/CMakeFiles/parquet_extension.dir/__/__/third_party/zstd/common/error_private.cpp.o.d -o extension/parquet/CMakeFiles/parquet_extension.dir/__/__/third_party/zstd/common/error_private.cpp.o -c /home/pei/Project/duckdb-polr/third_party/zstd/common/error_private.cpp
[144/376] /usr/bin/ccache /usr/lib/ccache/c++ -DDUCKDB_BUILD_LIBRARY -DENABLE_CROSS_PRODUCT_REWRITE=1 -DENABLE_DEBUG_PRINT=0 -DENABLE_MEASURE_EXE_TIME=0 -DENABLE_MERGE_BACK_PLAN=0 -DENABLE_PARALLEL_EXECUTION=0 -DENABLE_QUERY_SPLIT=1 -DENABLE_SPECIFY_EST_STAT=0 -I/home/pei/Project/duckdb-polr/src/include -I/home/pei/Project/duckdb-polr/third_party/fsst -I/home/pei/Project/duckdb-polr/third_party/fmt/include -I/home/pei/Project/duckdb-polr/third_party/hyperloglog -I/home/pei/Project/duckdb-polr/third_party/fastpforlib -I/home/pei/Project/duckdb-polr/third_party/fast_float -I/home/pei/Project/duckdb-polr/third_party/re2 -I/home/pei/Project/duckdb-polr/third_party/miniz -I/home/pei/Project/duckdb-polr/third_party/utf8proc/include -I/home/pei/Project/duckdb-polr/third_party/miniparquet -I/home/pei/Project/duckdb-polr/third_party/concurrentqueue -I/home/pei/Project/duckdb-polr/third_party/pcg -I/home/pei/Project/duckdb-polr/third_party/tdigest -I/home/pei/Project/duckdb-polr/third_party/mbedtls/include -I/home/pei/Project/duckdb-polr/third_party/jaro_winkler -I/home/pei/Project/duckdb-polr/extension/parquet/include -I/home/pei/Project/duckdb-polr/extension/parquet/../../third_party/parquet -I/home/pei/Project/duckdb-polr/extension/parquet/../../third_party/snappy -I/home/pei/Project/duckdb-polr/extension/parquet/../../third_party/miniz -I/home/pei/Project/duckdb-polr/extension/parquet/../../third_party/thrift -I/home/pei/Project/duckdb-polr/extension/parquet/../../third_party/zstd/include -O3 -DNDEBUG -O3 -DNDEBUG   -fPIC -fdiagnostics-color=always -std=c++11 -MD -MT extension/parquet/CMakeFiles/parquet_extension.dir/__/__/third_party/zstd/decompress/zstd_decompress.cpp.o -MF extension/parquet/CMakeFiles/parquet_extension.dir/__/__/third_party/zstd/decompress/zstd_decompress.cpp.o.d -o extension/parquet/CMakeFiles/parquet_extension.dir/__/__/third_party/zstd/decompress/zstd_decompress.cpp.o -c /home/pei/Project/duckdb-polr/third_party/zstd/decompress/zstd_decompress.cpp
[145/376] /usr/bin/ccache /usr/lib/ccache/c++ -DDUCKDB_BUILD_LIBRARY -DENABLE_CROSS_PRODUCT_REWRITE=1 -DENABLE_DEBUG_PRINT=0 -DENABLE_MEASURE_EXE_TIME=0 -DENABLE_MERGE_BACK_PLAN=0 -DENABLE_PARALLEL_EXECUTION=0 -DENABLE_QUERY_SPLIT=1 -DENABLE_SPECIFY_EST_STAT=0 -I/home/pei/Project/duckdb-polr/src/include -I/home/pei/Project/duckdb-polr/third_party/fsst -I/home/pei/Project/duckdb-polr/third_party/fmt/include -I/home/pei/Project/duckdb-polr/third_party/hyperloglog -I/home/pei/Project/duckdb-polr/third_party/fastpforlib -I/home/pei/Project/duckdb-polr/third_party/fast_float -I/home/pei/Project/duckdb-polr/third_party/re2 -I/home/pei/Project/duckdb-polr/third_party/miniz -I/home/pei/Project/duckdb-polr/third_party/utf8proc/include -I/home/pei/Project/duckdb-polr/third_party/miniparquet -I/home/pei/Project/duckdb-polr/third_party/concurrentqueue -I/home/pei/Project/duckdb-polr/third_party/pcg -I/home/pei/Project/duckdb-polr/third_party/tdigest -I/home/pei/Project/duckdb-polr/third_party/mbedtls/include -I/home/pei/Project/duckdb-polr/third_party/jaro_winkler -I/home/pei/Project/duckdb-polr/extension/parquet/include -I/home/pei/Project/duckdb-polr/extension/parquet/../../third_party/parquet -I/home/pei/Project/duckdb-polr/extension/parquet/../../third_party/snappy -I/home/pei/Project/duckdb-polr/extension/parquet/../../third_party/miniz -I/home/pei/Project/duckdb-polr/extension/parquet/../../third_party/thrift -I/home/pei/Project/duckdb-polr/extension/parquet/../../third_party/zstd/include -O3 -DNDEBUG -O3 -DNDEBUG   -fPIC -fdiagnostics-color=always -std=c++11 -MD -MT extension/parquet/CMakeFiles/parquet_extension.dir/__/__/third_party/zstd/common/fse_decompress.cpp.o -MF extension/parquet/CMakeFiles/parquet_extension.dir/__/__/third_party/zstd/common/fse_decompress.cpp.o.d -o extension/parquet/CMakeFiles/parquet_extension.dir/__/__/third_party/zstd/common/fse_decompress.cpp.o -c /home/pei/Project/duckdb-polr/third_party/zstd/common/fse_decompress.cpp
[146/376] /usr/bin/ccache /usr/lib/ccache/c++ -DDUCKDB_BUILD_LIBRARY -DENABLE_CROSS_PRODUCT_REWRITE=1 -DENABLE_DEBUG_PRINT=0 -DENABLE_MEASURE_EXE_TIME=0 -DENABLE_MERGE_BACK_PLAN=0 -DENABLE_PARALLEL_EXECUTION=0 -DENABLE_QUERY_SPLIT=1 -DENABLE_SPECIFY_EST_STAT=0 -I/home/pei/Project/duckdb-polr/src/include -I/home/pei/Project/duckdb-polr/third_party/fsst -I/home/pei/Project/duckdb-polr/third_party/fmt/include -I/home/pei/Project/duckdb-polr/third_party/hyperloglog -I/home/pei/Project/duckdb-polr/third_party/fastpforlib -I/home/pei/Project/duckdb-polr/third_party/fast_float -I/home/pei/Project/duckdb-polr/third_party/re2 -I/home/pei/Project/duckdb-polr/third_party/miniz -I/home/pei/Project/duckdb-polr/third_party/utf8proc/include -I/home/pei/Project/duckdb-polr/third_party/miniparquet -I/home/pei/Project/duckdb-polr/third_party/concurrentqueue -I/home/pei/Project/duckdb-polr/third_party/pcg -I/home/pei/Project/duckdb-polr/third_party/tdigest -I/home/pei/Project/duckdb-polr/third_party/mbedtls/include -I/home/pei/Project/duckdb-polr/third_party/jaro_winkler -I/home/pei/Project/duckdb-polr/extension/parquet/include -I/home/pei/Project/duckdb-polr/extension/parquet/../../third_party/parquet -I/home/pei/Project/duckdb-polr/extension/parquet/../../third_party/snappy -I/home/pei/Project/duckdb-polr/extension/parquet/../../third_party/miniz -I/home/pei/Project/duckdb-polr/extension/parquet/../../third_party/thrift -I/home/pei/Project/duckdb-polr/extension/parquet/../../third_party/zstd/include -O3 -DNDEBUG -O3 -DNDEBUG   -fPIC -fdiagnostics-color=always -std=c++11 -MD -MT extension/parquet/CMakeFiles/parquet_extension.dir/__/__/third_party/zstd/compress/fse_compress.cpp.o -MF extension/parquet/CMakeFiles/parquet_extension.dir/__/__/third_party/zstd/compress/fse_compress.cpp.o.d -o extension/parquet/CMakeFiles/parquet_extension.dir/__/__/third_party/zstd/compress/fse_compress.cpp.o -c /home/pei/Project/duckdb-polr/third_party/zstd/compress/fse_compress.cpp
[147/376] /usr/bin/ccache /usr/lib/ccache/c++ -DDUCKDB_BUILD_LIBRARY -DENABLE_CROSS_PRODUCT_REWRITE=1 -DENABLE_DEBUG_PRINT=0 -DENABLE_MEASURE_EXE_TIME=0 -DENABLE_MERGE_BACK_PLAN=0 -DENABLE_PARALLEL_EXECUTION=0 -DENABLE_QUERY_SPLIT=1 -DENABLE_SPECIFY_EST_STAT=0 -I/home/pei/Project/duckdb-polr/src/include -I/home/pei/Project/duckdb-polr/third_party/fsst -I/home/pei/Project/duckdb-polr/third_party/fmt/include -I/home/pei/Project/duckdb-polr/third_party/hyperloglog -I/home/pei/Project/duckdb-polr/third_party/fastpforlib -I/home/pei/Project/duckdb-polr/third_party/fast_float -I/home/pei/Project/duckdb-polr/third_party/re2 -I/home/pei/Project/duckdb-polr/third_party/miniz -I/home/pei/Project/duckdb-polr/third_party/utf8proc/include -I/home/pei/Project/duckdb-polr/third_party/miniparquet -I/home/pei/Project/duckdb-polr/third_party/concurrentqueue -I/home/pei/Project/duckdb-polr/third_party/pcg -I/home/pei/Project/duckdb-polr/third_party/tdigest -I/home/pei/Project/duckdb-polr/third_party/mbedtls/include -I/home/pei/Project/duckdb-polr/third_party/jaro_winkler -I/home/pei/Project/duckdb-polr/extension/parquet/include -I/home/pei/Project/duckdb-polr/extension/parquet/../../third_party/parquet -I/home/pei/Project/duckdb-polr/extension/parquet/../../third_party/snappy -I/home/pei/Project/duckdb-polr/extension/parquet/../../third_party/miniz -I/home/pei/Project/duckdb-polr/extension/parquet/../../third_party/thrift -I/home/pei/Project/duckdb-polr/extension/parquet/../../third_party/zstd/include -O3 -DNDEBUG -O3 -DNDEBUG   -fPIC -fdiagnostics-color=always -std=c++11 -MD -MT extension/parquet/CMakeFiles/parquet_extension.dir/__/__/third_party/zstd/compress/hist.cpp.o -MF extension/parquet/CMakeFiles/parquet_extension.dir/__/__/third_party/zstd/compress/hist.cpp.o.d -o extension/parquet/CMakeFiles/parquet_extension.dir/__/__/third_party/zstd/compress/hist.cpp.o -c /home/pei/Project/duckdb-polr/third_party/zstd/compress/hist.cpp
[148/376] /usr/bin/ccache /usr/lib/ccache/c++ -DDUCKDB_BUILD_LIBRARY -DENABLE_CROSS_PRODUCT_REWRITE=1 -DENABLE_DEBUG_PRINT=0 -DENABLE_MEASURE_EXE_TIME=0 -DENABLE_MERGE_BACK_PLAN=0 -DENABLE_PARALLEL_EXECUTION=0 -DENABLE_QUERY_SPLIT=1 -DENABLE_SPECIFY_EST_STAT=0 -I/home/pei/Project/duckdb-polr/src/include -I/home/pei/Project/duckdb-polr/third_party/fsst -I/home/pei/Project/duckdb-polr/third_party/fmt/include -I/home/pei/Project/duckdb-polr/third_party/hyperloglog -I/home/pei/Project/duckdb-polr/third_party/fastpforlib -I/home/pei/Project/duckdb-polr/third_party/fast_float -I/home/pei/Project/duckdb-polr/third_party/re2 -I/home/pei/Project/duckdb-polr/third_party/miniz -I/home/pei/Project/duckdb-polr/third_party/utf8proc/include -I/home/pei/Project/duckdb-polr/third_party/miniparquet -I/home/pei/Project/duckdb-polr/third_party/concurrentqueue -I/home/pei/Project/duckdb-polr/third_party/pcg -I/home/pei/Project/duckdb-polr/third_party/tdigest -I/home/pei/Project/duckdb-polr/third_party/mbedtls/include -I/home/pei/Project/duckdb-polr/third_party/jaro_winkler -I/home/pei/Project/duckdb-polr/extension/parquet/include -I/home/pei/Project/duckdb-polr/extension/parquet/../../third_party/parquet -I/home/pei/Project/duckdb-polr/extension/parquet/../../third_party/snappy -I/home/pei/Project/duckdb-polr/extension/parquet/../../third_party/miniz -I/home/pei/Project/duckdb-polr/extension/parquet/../../third_party/thrift -I/home/pei/Project/duckdb-polr/extension/parquet/../../third_party/zstd/include -O3 -DNDEBUG -O3 -DNDEBUG   -fPIC -fdiagnostics-color=always -std=c++11 -MD -MT extension/parquet/CMakeFiles/parquet_extension.dir/__/__/third_party/zstd/common/xxhash.cpp.o -MF extension/parquet/CMakeFiles/parquet_extension.dir/__/__/third_party/zstd/common/xxhash.cpp.o.d -o extension/parquet/CMakeFiles/parquet_extension.dir/__/__/third_party/zstd/common/xxhash.cpp.o -c /home/pei/Project/duckdb-polr/third_party/zstd/common/xxhash.cpp
[149/376] /usr/bin/ccache /usr/lib/ccache/c++ -DDUCKDB_BUILD_LIBRARY -DENABLE_CROSS_PRODUCT_REWRITE=1 -DENABLE_DEBUG_PRINT=0 -DENABLE_MEASURE_EXE_TIME=0 -DENABLE_MERGE_BACK_PLAN=0 -DENABLE_PARALLEL_EXECUTION=0 -DENABLE_QUERY_SPLIT=1 -DENABLE_SPECIFY_EST_STAT=0 -I/home/pei/Project/duckdb-polr/src/include -I/home/pei/Project/duckdb-polr/third_party/fsst -I/home/pei/Project/duckdb-polr/third_party/fmt/include -I/home/pei/Project/duckdb-polr/third_party/hyperloglog -I/home/pei/Project/duckdb-polr/third_party/fastpforlib -I/home/pei/Project/duckdb-polr/third_party/fast_float -I/home/pei/Project/duckdb-polr/third_party/re2 -I/home/pei/Project/duckdb-polr/third_party/miniz -I/home/pei/Project/duckdb-polr/third_party/utf8proc/include -I/home/pei/Project/duckdb-polr/third_party/miniparquet -I/home/pei/Project/duckdb-polr/third_party/concurrentqueue -I/home/pei/Project/duckdb-polr/third_party/pcg -I/home/pei/Project/duckdb-polr/third_party/tdigest -I/home/pei/Project/duckdb-polr/third_party/mbedtls/include -I/home/pei/Project/duckdb-polr/third_party/jaro_winkler -I/home/pei/Project/duckdb-polr/extension/parquet/include -I/home/pei/Project/duckdb-polr/extension/parquet/../../third_party/parquet -I/home/pei/Project/duckdb-polr/extension/parquet/../../third_party/snappy -I/home/pei/Project/duckdb-polr/extension/parquet/../../third_party/miniz -I/home/pei/Project/duckdb-polr/extension/parquet/../../third_party/thrift -I/home/pei/Project/duckdb-polr/extension/parquet/../../third_party/zstd/include -O3 -DNDEBUG -O3 -DNDEBUG   -fPIC -fdiagnostics-color=always -std=c++11 -MD -MT extension/parquet/CMakeFiles/parquet_extension.dir/parquet_statistics.cpp.o -MF extension/parquet/CMakeFiles/parquet_extension.dir/parquet_statistics.cpp.o.d -o extension/parquet/CMakeFiles/parquet_extension.dir/parquet_statistics.cpp.o -c /home/pei/Project/duckdb-polr/extension/parquet/parquet_statistics.cpp
[150/376] /usr/bin/ccache /usr/lib/ccache/c++ -DDUCKDB_BUILD_LIBRARY -DENABLE_CROSS_PRODUCT_REWRITE=1 -DENABLE_DEBUG_PRINT=0 -DENABLE_MEASURE_EXE_TIME=0 -DENABLE_MERGE_BACK_PLAN=0 -DENABLE_PARALLEL_EXECUTION=0 -DENABLE_QUERY_SPLIT=1 -DENABLE_SPECIFY_EST_STAT=0 -I/home/pei/Project/duckdb-polr/src/include -I/home/pei/Project/duckdb-polr/third_party/fsst -I/home/pei/Project/duckdb-polr/third_party/fmt/include -I/home/pei/Project/duckdb-polr/third_party/hyperloglog -I/home/pei/Project/duckdb-polr/third_party/fastpforlib -I/home/pei/Project/duckdb-polr/third_party/fast_float -I/home/pei/Project/duckdb-polr/third_party/re2 -I/home/pei/Project/duckdb-polr/third_party/miniz -I/home/pei/Project/duckdb-polr/third_party/utf8proc/include -I/home/pei/Project/duckdb-polr/third_party/miniparquet -I/home/pei/Project/duckdb-polr/third_party/concurrentqueue -I/home/pei/Project/duckdb-polr/third_party/pcg -I/home/pei/Project/duckdb-polr/third_party/tdigest -I/home/pei/Project/duckdb-polr/third_party/mbedtls/include -I/home/pei/Project/duckdb-polr/third_party/jaro_winkler -I/home/pei/Project/duckdb-polr/extension/parquet/include -I/home/pei/Project/duckdb-polr/extension/parquet/../../third_party/parquet -I/home/pei/Project/duckdb-polr/extension/parquet/../../third_party/snappy -I/home/pei/Project/duckdb-polr/extension/parquet/../../third_party/miniz -I/home/pei/Project/duckdb-polr/extension/parquet/../../third_party/thrift -I/home/pei/Project/duckdb-polr/extension/parquet/../../third_party/zstd/include -O3 -DNDEBUG -O3 -DNDEBUG   -fPIC -fdiagnostics-color=always -std=c++11 -MD -MT extension/parquet/CMakeFiles/parquet_extension.dir/__/__/third_party/zstd/compress/huf_compress.cpp.o -MF extension/parquet/CMakeFiles/parquet_extension.dir/__/__/third_party/zstd/compress/huf_compress.cpp.o.d -o extension/parquet/CMakeFiles/parquet_extension.dir/__/__/third_party/zstd/compress/huf_compress.cpp.o -c /home/pei/Project/duckdb-polr/third_party/zstd/compress/huf_compress.cpp
[151/376] /usr/bin/ccache /usr/lib/ccache/c++ -DDUCKDB_BUILD_LIBRARY -DENABLE_CROSS_PRODUCT_REWRITE=1 -DENABLE_DEBUG_PRINT=0 -DENABLE_MEASURE_EXE_TIME=0 -DENABLE_MERGE_BACK_PLAN=0 -DENABLE_PARALLEL_EXECUTION=0 -DENABLE_QUERY_SPLIT=1 -DENABLE_SPECIFY_EST_STAT=0 -I/home/pei/Project/duckdb-polr/src/include -I/home/pei/Project/duckdb-polr/third_party/fsst -I/home/pei/Project/duckdb-polr/third_party/fmt/include -I/home/pei/Project/duckdb-polr/third_party/hyperloglog -I/home/pei/Project/duckdb-polr/third_party/fastpforlib -I/home/pei/Project/duckdb-polr/third_party/fast_float -I/home/pei/Project/duckdb-polr/third_party/re2 -I/home/pei/Project/duckdb-polr/third_party/miniz -I/home/pei/Project/duckdb-polr/third_party/utf8proc/include -I/home/pei/Project/duckdb-polr/third_party/miniparquet -I/home/pei/Project/duckdb-polr/third_party/concurrentqueue -I/home/pei/Project/duckdb-polr/third_party/pcg -I/home/pei/Project/duckdb-polr/third_party/tdigest -I/home/pei/Project/duckdb-polr/third_party/mbedtls/include -I/home/pei/Project/duckdb-polr/third_party/jaro_winkler -I/home/pei/Project/duckdb-polr/extension/parquet/include -I/home/pei/Project/duckdb-polr/extension/parquet/../../third_party/parquet -I/home/pei/Project/duckdb-polr/extension/parquet/../../third_party/snappy -I/home/pei/Project/duckdb-polr/extension/parquet/../../third_party/miniz -I/home/pei/Project/duckdb-polr/extension/parquet/../../third_party/thrift -I/home/pei/Project/duckdb-polr/extension/parquet/../../third_party/zstd/include -O3 -DNDEBUG -O3 -DNDEBUG   -fPIC -fdiagnostics-color=always -std=c++11 -MD -MT extension/parquet/CMakeFiles/parquet_extension.dir/__/__/third_party/zstd/compress/zstd_compress.cpp.o -MF extension/parquet/CMakeFiles/parquet_extension.dir/__/__/third_party/zstd/compress/zstd_compress.cpp.o.d -o extension/parquet/CMakeFiles/parquet_extension.dir/__/__/third_party/zstd/compress/zstd_compress.cpp.o -c /home/pei/Project/duckdb-polr/third_party/zstd/compress/zstd_compress.cpp
[152/376] /usr/bin/ccache /usr/lib/ccache/c++ -DDUCKDB_BUILD_LIBRARY -DENABLE_CROSS_PRODUCT_REWRITE=1 -DENABLE_DEBUG_PRINT=0 -DENABLE_MEASURE_EXE_TIME=0 -DENABLE_MERGE_BACK_PLAN=0 -DENABLE_PARALLEL_EXECUTION=0 -DENABLE_QUERY_SPLIT=1 -DENABLE_SPECIFY_EST_STAT=0 -I/home/pei/Project/duckdb-polr/src/include -I/home/pei/Project/duckdb-polr/third_party/fsst -I/home/pei/Project/duckdb-polr/third_party/fmt/include -I/home/pei/Project/duckdb-polr/third_party/hyperloglog -I/home/pei/Project/duckdb-polr/third_party/fastpforlib -I/home/pei/Project/duckdb-polr/third_party/fast_float -I/home/pei/Project/duckdb-polr/third_party/re2 -I/home/pei/Project/duckdb-polr/third_party/miniz -I/home/pei/Project/duckdb-polr/third_party/utf8proc/include -I/home/pei/Project/duckdb-polr/third_party/miniparquet -I/home/pei/Project/duckdb-polr/third_party/concurrentqueue -I/home/pei/Project/duckdb-polr/third_party/pcg -I/home/pei/Project/duckdb-polr/third_party/tdigest -I/home/pei/Project/duckdb-polr/third_party/mbedtls/include -I/home/pei/Project/duckdb-polr/third_party/jaro_winkler -I/home/pei/Project/duckdb-polr/extension/parquet/include -I/home/pei/Project/duckdb-polr/extension/parquet/../../third_party/parquet -I/home/pei/Project/duckdb-polr/extension/parquet/../../third_party/snappy -I/home/pei/Project/duckdb-polr/extension/parquet/../../third_party/miniz -I/home/pei/Project/duckdb-polr/extension/parquet/../../third_party/thrift -I/home/pei/Project/duckdb-polr/extension/parquet/../../third_party/zstd/include -O3 -DNDEBUG -O3 -DNDEBUG   -fPIC -fdiagnostics-color=always -std=c++11 -MD -MT extension/parquet/CMakeFiles/parquet_extension.dir/parquet_writer.cpp.o -MF extension/parquet/CMakeFiles/parquet_extension.dir/parquet_writer.cpp.o.d -o extension/parquet/CMakeFiles/parquet_extension.dir/parquet_writer.cpp.o -c /home/pei/Project/duckdb-polr/extension/parquet/parquet_writer.cpp
[153/376] /usr/bin/ccache /usr/lib/ccache/c++ -DDUCKDB_BUILD_LIBRARY -DENABLE_CROSS_PRODUCT_REWRITE=1 -DENABLE_DEBUG_PRINT=0 -DENABLE_MEASURE_EXE_TIME=0 -DENABLE_MERGE_BACK_PLAN=0 -DENABLE_PARALLEL_EXECUTION=0 -DENABLE_QUERY_SPLIT=1 -DENABLE_SPECIFY_EST_STAT=0 -I/home/pei/Project/duckdb-polr/src/include -I/home/pei/Project/duckdb-polr/third_party/fsst -I/home/pei/Project/duckdb-polr/third_party/fmt/include -I/home/pei/Project/duckdb-polr/third_party/hyperloglog -I/home/pei/Project/duckdb-polr/third_party/fastpforlib -I/home/pei/Project/duckdb-polr/third_party/fast_float -I/home/pei/Project/duckdb-polr/third_party/re2 -I/home/pei/Project/duckdb-polr/third_party/miniz -I/home/pei/Project/duckdb-polr/third_party/utf8proc/include -I/home/pei/Project/duckdb-polr/third_party/miniparquet -I/home/pei/Project/duckdb-polr/third_party/concurrentqueue -I/home/pei/Project/duckdb-polr/third_party/pcg -I/home/pei/Project/duckdb-polr/third_party/tdigest -I/home/pei/Project/duckdb-polr/third_party/mbedtls/include -I/home/pei/Project/duckdb-polr/third_party/jaro_winkler -I/home/pei/Project/duckdb-polr/extension/parquet/include -I/home/pei/Project/duckdb-polr/extension/parquet/../../third_party/parquet -I/home/pei/Project/duckdb-polr/extension/parquet/../../third_party/snappy -I/home/pei/Project/duckdb-polr/extension/parquet/../../third_party/miniz -I/home/pei/Project/duckdb-polr/extension/parquet/../../third_party/thrift -I/home/pei/Project/duckdb-polr/extension/parquet/../../third_party/zstd/include -O3 -DNDEBUG -O3 -DNDEBUG   -fPIC -fdiagnostics-color=always -std=c++11 -MD -MT extension/parquet/CMakeFiles/parquet_extension.dir/parquet_metadata.cpp.o -MF extension/parquet/CMakeFiles/parquet_extension.dir/parquet_metadata.cpp.o.d -o extension/parquet/CMakeFiles/parquet_extension.dir/parquet_metadata.cpp.o -c /home/pei/Project/duckdb-polr/extension/parquet/parquet_metadata.cpp
[154/376] /usr/bin/ccache /usr/lib/ccache/c++ -DDUCKDB_BUILD_LIBRARY -DENABLE_CROSS_PRODUCT_REWRITE=1 -DENABLE_DEBUG_PRINT=0 -DENABLE_MEASURE_EXE_TIME=0 -DENABLE_MERGE_BACK_PLAN=0 -DENABLE_PARALLEL_EXECUTION=0 -DENABLE_QUERY_SPLIT=1 -DENABLE_SPECIFY_EST_STAT=0 -I/home/pei/Project/duckdb-polr/src/include -I/home/pei/Project/duckdb-polr/third_party/fsst -I/home/pei/Project/duckdb-polr/third_party/fmt/include -I/home/pei/Project/duckdb-polr/third_party/hyperloglog -I/home/pei/Project/duckdb-polr/third_party/fastpforlib -I/home/pei/Project/duckdb-polr/third_party/fast_float -I/home/pei/Project/duckdb-polr/third_party/re2 -I/home/pei/Project/duckdb-polr/third_party/miniz -I/home/pei/Project/duckdb-polr/third_party/utf8proc/include -I/home/pei/Project/duckdb-polr/third_party/miniparquet -I/home/pei/Project/duckdb-polr/third_party/concurrentqueue -I/home/pei/Project/duckdb-polr/third_party/pcg -I/home/pei/Project/duckdb-polr/third_party/tdigest -I/home/pei/Project/duckdb-polr/third_party/mbedtls/include -I/home/pei/Project/duckdb-polr/third_party/jaro_winkler -I/home/pei/Project/duckdb-polr/extension/parquet/include -I/home/pei/Project/duckdb-polr/extension/parquet/../../third_party/parquet -I/home/pei/Project/duckdb-polr/extension/parquet/../../third_party/snappy -I/home/pei/Project/duckdb-polr/extension/parquet/../../third_party/miniz -I/home/pei/Project/duckdb-polr/extension/parquet/../../third_party/thrift -I/home/pei/Project/duckdb-polr/extension/parquet/../../third_party/zstd/include -O3 -DNDEBUG -O3 -DNDEBUG   -fPIC -fdiagnostics-color=always -std=c++11 -MD -MT extension/parquet/CMakeFiles/parquet_extension.dir/__/__/third_party/zstd/compress/zstd_double_fast.cpp.o -MF extension/parquet/CMakeFiles/parquet_extension.dir/__/__/third_party/zstd/compress/zstd_double_fast.cpp.o.d -o extension/parquet/CMakeFiles/parquet_extension.dir/__/__/third_party/zstd/compress/zstd_double_fast.cpp.o -c /home/pei/Project/duckdb-polr/third_party/zstd/compress/zstd_double_fast.cpp
[155/376] /usr/bin/ccache /usr/lib/ccache/c++ -DDUCKDB_BUILD_LIBRARY -DENABLE_CROSS_PRODUCT_REWRITE=1 -DENABLE_DEBUG_PRINT=0 -DENABLE_MEASURE_EXE_TIME=0 -DENABLE_MERGE_BACK_PLAN=0 -DENABLE_PARALLEL_EXECUTION=0 -DENABLE_QUERY_SPLIT=1 -DENABLE_SPECIFY_EST_STAT=0 -I/home/pei/Project/duckdb-polr/src/include -I/home/pei/Project/duckdb-polr/third_party/fsst -I/home/pei/Project/duckdb-polr/third_party/fmt/include -I/home/pei/Project/duckdb-polr/third_party/hyperloglog -I/home/pei/Project/duckdb-polr/third_party/fastpforlib -I/home/pei/Project/duckdb-polr/third_party/fast_float -I/home/pei/Project/duckdb-polr/third_party/re2 -I/home/pei/Project/duckdb-polr/third_party/miniz -I/home/pei/Project/duckdb-polr/third_party/utf8proc/include -I/home/pei/Project/duckdb-polr/third_party/miniparquet -I/home/pei/Project/duckdb-polr/third_party/concurrentqueue -I/home/pei/Project/duckdb-polr/third_party/pcg -I/home/pei/Project/duckdb-polr/third_party/tdigest -I/home/pei/Project/duckdb-polr/third_party/mbedtls/include -I/home/pei/Project/duckdb-polr/third_party/jaro_winkler -I/home/pei/Project/duckdb-polr/extension/parquet/include -I/home/pei/Project/duckdb-polr/extension/parquet/../../third_party/parquet -I/home/pei/Project/duckdb-polr/extension/parquet/../../third_party/snappy -I/home/pei/Project/duckdb-polr/extension/parquet/../../third_party/miniz -I/home/pei/Project/duckdb-polr/extension/parquet/../../third_party/thrift -I/home/pei/Project/duckdb-polr/extension/parquet/../../third_party/zstd/include -O3 -DNDEBUG -O3 -DNDEBUG   -fPIC -fdiagnostics-color=always -std=c++11 -MD -MT extension/parquet/CMakeFiles/parquet_extension.dir/__/__/third_party/zstd/compress/zstd_lazy.cpp.o -MF extension/parquet/CMakeFiles/parquet_extension.dir/__/__/third_party/zstd/compress/zstd_lazy.cpp.o.d -o extension/parquet/CMakeFiles/parquet_extension.dir/__/__/third_party/zstd/compress/zstd_lazy.cpp.o -c /home/pei/Project/duckdb-polr/third_party/zstd/compress/zstd_lazy.cpp
[156/376] /usr/bin/ccache /usr/lib/ccache/c++ -DDUCKDB_BUILD_LIBRARY -DENABLE_CROSS_PRODUCT_REWRITE=1 -DENABLE_DEBUG_PRINT=0 -DENABLE_MEASURE_EXE_TIME=0 -DENABLE_MERGE_BACK_PLAN=0 -DENABLE_PARALLEL_EXECUTION=0 -DENABLE_QUERY_SPLIT=1 -DENABLE_SPECIFY_EST_STAT=0 -I/home/pei/Project/duckdb-polr/src/include -I/home/pei/Project/duckdb-polr/third_party/fsst -I/home/pei/Project/duckdb-polr/third_party/fmt/include -I/home/pei/Project/duckdb-polr/third_party/hyperloglog -I/home/pei/Project/duckdb-polr/third_party/fastpforlib -I/home/pei/Project/duckdb-polr/third_party/fast_float -I/home/pei/Project/duckdb-polr/third_party/re2 -I/home/pei/Project/duckdb-polr/third_party/miniz -I/home/pei/Project/duckdb-polr/third_party/utf8proc/include -I/home/pei/Project/duckdb-polr/third_party/miniparquet -I/home/pei/Project/duckdb-polr/third_party/concurrentqueue -I/home/pei/Project/duckdb-polr/third_party/pcg -I/home/pei/Project/duckdb-polr/third_party/tdigest -I/home/pei/Project/duckdb-polr/third_party/mbedtls/include -I/home/pei/Project/duckdb-polr/third_party/jaro_winkler -I/home/pei/Project/duckdb-polr/extension/parquet/include -I/home/pei/Project/duckdb-polr/extension/parquet/../../third_party/parquet -I/home/pei/Project/duckdb-polr/extension/parquet/../../third_party/snappy -I/home/pei/Project/duckdb-polr/extension/parquet/../../third_party/miniz -I/home/pei/Project/duckdb-polr/extension/parquet/../../third_party/thrift -I/home/pei/Project/duckdb-polr/extension/parquet/../../third_party/zstd/include -O3 -DNDEBUG -O3 -DNDEBUG   -fPIC -fdiagnostics-color=always -std=c++11 -MD -MT extension/parquet/CMakeFiles/parquet_extension.dir/zstd_file_system.cpp.o -MF extension/parquet/CMakeFiles/parquet_extension.dir/zstd_file_system.cpp.o.d -o extension/parquet/CMakeFiles/parquet_extension.dir/zstd_file_system.cpp.o -c /home/pei/Project/duckdb-polr/extension/parquet/zstd_file_system.cpp
[157/376] /usr/bin/ccache /usr/lib/ccache/c++ -DDUCKDB_BUILD_LIBRARY -DENABLE_CROSS_PRODUCT_REWRITE=1 -DENABLE_DEBUG_PRINT=0 -DENABLE_MEASURE_EXE_TIME=0 -DENABLE_MERGE_BACK_PLAN=0 -DENABLE_PARALLEL_EXECUTION=0 -DENABLE_QUERY_SPLIT=1 -DENABLE_SPECIFY_EST_STAT=0 -I/home/pei/Project/duckdb-polr/src/include -I/home/pei/Project/duckdb-polr/third_party/fsst -I/home/pei/Project/duckdb-polr/third_party/fmt/include -I/home/pei/Project/duckdb-polr/third_party/hyperloglog -I/home/pei/Project/duckdb-polr/third_party/fastpforlib -I/home/pei/Project/duckdb-polr/third_party/fast_float -I/home/pei/Project/duckdb-polr/third_party/re2 -I/home/pei/Project/duckdb-polr/third_party/miniz -I/home/pei/Project/duckdb-polr/third_party/utf8proc/include -I/home/pei/Project/duckdb-polr/third_party/miniparquet -I/home/pei/Project/duckdb-polr/third_party/concurrentqueue -I/home/pei/Project/duckdb-polr/third_party/pcg -I/home/pei/Project/duckdb-polr/third_party/tdigest -I/home/pei/Project/duckdb-polr/third_party/mbedtls/include -I/home/pei/Project/duckdb-polr/third_party/jaro_winkler -I/home/pei/Project/duckdb-polr/extension/parquet/include -I/home/pei/Project/duckdb-polr/extension/parquet/../../third_party/parquet -I/home/pei/Project/duckdb-polr/extension/parquet/../../third_party/snappy -I/home/pei/Project/duckdb-polr/extension/parquet/../../third_party/miniz -I/home/pei/Project/duckdb-polr/extension/parquet/../../third_party/thrift -I/home/pei/Project/duckdb-polr/extension/parquet/../../third_party/zstd/include -O3 -DNDEBUG -O3 -DNDEBUG   -fPIC -fdiagnostics-color=always -std=c++11 -MD -MT extension/parquet/CMakeFiles/parquet_extension.dir/__/__/third_party/zstd/compress/zstd_ldm.cpp.o -MF extension/parquet/CMakeFiles/parquet_extension.dir/__/__/third_party/zstd/compress/zstd_ldm.cpp.o.d -o extension/parquet/CMakeFiles/parquet_extension.dir/__/__/third_party/zstd/compress/zstd_ldm.cpp.o -c /home/pei/Project/duckdb-polr/third_party/zstd/compress/zstd_ldm.cpp
[158/376] /usr/bin/ccache /usr/lib/ccache/c++ -DDUCKDB_BUILD_LIBRARY -DDUCKDB_BUILD_LOADABLE_EXTENSION -DENABLE_CROSS_PRODUCT_REWRITE=1 -DENABLE_DEBUG_PRINT=0 -DENABLE_MEASURE_EXE_TIME=0 -DENABLE_MERGE_BACK_PLAN=0 -DENABLE_PARALLEL_EXECUTION=0 -DENABLE_QUERY_SPLIT=1 -DENABLE_SPECIFY_EST_STAT=0 -I/home/pei/Project/duckdb-polr/src/include -I/home/pei/Project/duckdb-polr/third_party/fsst -I/home/pei/Project/duckdb-polr/third_party/fmt/include -I/home/pei/Project/duckdb-polr/third_party/hyperloglog -I/home/pei/Project/duckdb-polr/third_party/fastpforlib -I/home/pei/Project/duckdb-polr/third_party/fast_float -I/home/pei/Project/duckdb-polr/third_party/re2 -I/home/pei/Project/duckdb-polr/third_party/miniz -I/home/pei/Project/duckdb-polr/third_party/utf8proc/include -I/home/pei/Project/duckdb-polr/third_party/miniparquet -I/home/pei/Project/duckdb-polr/third_party/concurrentqueue -I/home/pei/Project/duckdb-polr/third_party/pcg -I/home/pei/Project/duckdb-polr/third_party/tdigest -I/home/pei/Project/duckdb-polr/third_party/mbedtls/include -I/home/pei/Project/duckdb-polr/third_party/jaro_winkler -I/home/pei/Project/duckdb-polr/extension/parquet/include -I/home/pei/Project/duckdb-polr/extension/parquet/../../third_party/parquet -I/home/pei/Project/duckdb-polr/extension/parquet/../../third_party/snappy -I/home/pei/Project/duckdb-polr/extension/parquet/../../third_party/miniz -I/home/pei/Project/duckdb-polr/extension/parquet/../../third_party/thrift -I/home/pei/Project/duckdb-polr/extension/parquet/../../third_party/zstd/include -O3 -DNDEBUG -O3 -DNDEBUG   -fPIC -fdiagnostics-color=always -std=c++11 -MD -MT extension/parquet/CMakeFiles/parquet_loadable_extension.dir/column_writer.cpp.o -MF extension/parquet/CMakeFiles/parquet_loadable_extension.dir/column_writer.cpp.o.d -o extension/parquet/CMakeFiles/parquet_loadable_extension.dir/column_writer.cpp.o -c /home/pei/Project/duckdb-polr/extension/parquet/column_writer.cpp
[159/376] /usr/bin/ccache /usr/lib/ccache/c++ -DDUCKDB_BUILD_LIBRARY -DENABLE_CROSS_PRODUCT_REWRITE=1 -DENABLE_DEBUG_PRINT=0 -DENABLE_MEASURE_EXE_TIME=0 -DENABLE_MERGE_BACK_PLAN=0 -DENABLE_PARALLEL_EXECUTION=0 -DENABLE_QUERY_SPLIT=1 -DENABLE_SPECIFY_EST_STAT=0 -I/home/pei/Project/duckdb-polr/src/include -I/home/pei/Project/duckdb-polr/third_party/fsst -I/home/pei/Project/duckdb-polr/third_party/fmt/include -I/home/pei/Project/duckdb-polr/third_party/hyperloglog -I/home/pei/Project/duckdb-polr/third_party/fastpforlib -I/home/pei/Project/duckdb-polr/third_party/fast_float -I/home/pei/Project/duckdb-polr/third_party/re2 -I/home/pei/Project/duckdb-polr/third_party/miniz -I/home/pei/Project/duckdb-polr/third_party/utf8proc/include -I/home/pei/Project/duckdb-polr/third_party/miniparquet -I/home/pei/Project/duckdb-polr/third_party/concurrentqueue -I/home/pei/Project/duckdb-polr/third_party/pcg -I/home/pei/Project/duckdb-polr/third_party/tdigest -I/home/pei/Project/duckdb-polr/third_party/mbedtls/include -I/home/pei/Project/duckdb-polr/third_party/jaro_winkler -I/home/pei/Project/duckdb-polr/extension/parquet/include -I/home/pei/Project/duckdb-polr/extension/parquet/../../third_party/parquet -I/home/pei/Project/duckdb-polr/extension/parquet/../../third_party/snappy -I/home/pei/Project/duckdb-polr/extension/parquet/../../third_party/miniz -I/home/pei/Project/duckdb-polr/extension/parquet/../../third_party/thrift -I/home/pei/Project/duckdb-polr/extension/parquet/../../third_party/zstd/include -O3 -DNDEBUG -O3 -DNDEBUG   -fPIC -fdiagnostics-color=always -std=c++11 -MD -MT extension/parquet/CMakeFiles/parquet_extension.dir/parquet-extension.cpp.o -MF extension/parquet/CMakeFiles/parquet_extension.dir/parquet-extension.cpp.o.d -o extension/parquet/CMakeFiles/parquet_extension.dir/parquet-extension.cpp.o -c /home/pei/Project/duckdb-polr/extension/parquet/parquet-extension.cpp
[160/376] /usr/bin/ccache /usr/lib/ccache/c++ -DDUCKDB_BUILD_LIBRARY -DENABLE_CROSS_PRODUCT_REWRITE=1 -DENABLE_DEBUG_PRINT=0 -DENABLE_MEASURE_EXE_TIME=0 -DENABLE_MERGE_BACK_PLAN=0 -DENABLE_PARALLEL_EXECUTION=0 -DENABLE_QUERY_SPLIT=1 -DENABLE_SPECIFY_EST_STAT=0 -I/home/pei/Project/duckdb-polr/src/include -I/home/pei/Project/duckdb-polr/third_party/fsst -I/home/pei/Project/duckdb-polr/third_party/fmt/include -I/home/pei/Project/duckdb-polr/third_party/hyperloglog -I/home/pei/Project/duckdb-polr/third_party/fastpforlib -I/home/pei/Project/duckdb-polr/third_party/fast_float -I/home/pei/Project/duckdb-polr/third_party/re2 -I/home/pei/Project/duckdb-polr/third_party/miniz -I/home/pei/Project/duckdb-polr/third_party/utf8proc/include -I/home/pei/Project/duckdb-polr/third_party/miniparquet -I/home/pei/Project/duckdb-polr/third_party/concurrentqueue -I/home/pei/Project/duckdb-polr/third_party/pcg -I/home/pei/Project/duckdb-polr/third_party/tdigest -I/home/pei/Project/duckdb-polr/third_party/mbedtls/include -I/home/pei/Project/duckdb-polr/third_party/jaro_winkler -I/home/pei/Project/duckdb-polr/extension/parquet/include -I/home/pei/Project/duckdb-polr/extension/parquet/../../third_party/parquet -I/home/pei/Project/duckdb-polr/extension/parquet/../../third_party/snappy -I/home/pei/Project/duckdb-polr/extension/parquet/../../third_party/miniz -I/home/pei/Project/duckdb-polr/extension/parquet/../../third_party/thrift -I/home/pei/Project/duckdb-polr/extension/parquet/../../third_party/zstd/include -O3 -DNDEBUG -O3 -DNDEBUG   -fPIC -fdiagnostics-color=always -std=c++11 -MD -MT extension/parquet/CMakeFiles/parquet_extension.dir/__/__/third_party/zstd/compress/zstd_compress_sequences.cpp.o -MF extension/parquet/CMakeFiles/parquet_extension.dir/__/__/third_party/zstd/compress/zstd_compress_sequences.cpp.o.d -o extension/parquet/CMakeFiles/parquet_extension.dir/__/__/third_party/zstd/compress/zstd_compress_sequences.cpp.o -c /home/pei/Project/duckdb-polr/third_party/zstd/compress/zstd_compress_sequences.cpp
[161/376] /usr/bin/ccache /usr/lib/ccache/c++ -DDUCKDB_BUILD_LIBRARY -DENABLE_CROSS_PRODUCT_REWRITE=1 -DENABLE_DEBUG_PRINT=0 -DENABLE_MEASURE_EXE_TIME=0 -DENABLE_MERGE_BACK_PLAN=0 -DENABLE_PARALLEL_EXECUTION=0 -DENABLE_QUERY_SPLIT=1 -DENABLE_SPECIFY_EST_STAT=0 -I/home/pei/Project/duckdb-polr/src/include -I/home/pei/Project/duckdb-polr/third_party/fsst -I/home/pei/Project/duckdb-polr/third_party/fmt/include -I/home/pei/Project/duckdb-polr/third_party/hyperloglog -I/home/pei/Project/duckdb-polr/third_party/fastpforlib -I/home/pei/Project/duckdb-polr/third_party/fast_float -I/home/pei/Project/duckdb-polr/third_party/re2 -I/home/pei/Project/duckdb-polr/third_party/miniz -I/home/pei/Project/duckdb-polr/third_party/utf8proc/include -I/home/pei/Project/duckdb-polr/third_party/miniparquet -I/home/pei/Project/duckdb-polr/third_party/concurrentqueue -I/home/pei/Project/duckdb-polr/third_party/pcg -I/home/pei/Project/duckdb-polr/third_party/tdigest -I/home/pei/Project/duckdb-polr/third_party/mbedtls/include -I/home/pei/Project/duckdb-polr/third_party/jaro_winkler -I/home/pei/Project/duckdb-polr/extension/parquet/include -I/home/pei/Project/duckdb-polr/extension/parquet/../../third_party/parquet -I/home/pei/Project/duckdb-polr/extension/parquet/../../third_party/snappy -I/home/pei/Project/duckdb-polr/extension/parquet/../../third_party/miniz -I/home/pei/Project/duckdb-polr/extension/parquet/../../third_party/thrift -I/home/pei/Project/duckdb-polr/extension/parquet/../../third_party/zstd/include -O3 -DNDEBUG -O3 -DNDEBUG   -fPIC -fdiagnostics-color=always -std=c++11 -MD -MT extension/parquet/CMakeFiles/parquet_extension.dir/__/__/third_party/zstd/compress/zstd_compress_literals.cpp.o -MF extension/parquet/CMakeFiles/parquet_extension.dir/__/__/third_party/zstd/compress/zstd_compress_literals.cpp.o.d -o extension/parquet/CMakeFiles/parquet_extension.dir/__/__/third_party/zstd/compress/zstd_compress_literals.cpp.o -c /home/pei/Project/duckdb-polr/third_party/zstd/compress/zstd_compress_literals.cpp
[162/376] /usr/bin/ccache /usr/lib/ccache/c++ -DDUCKDB_BUILD_LIBRARY -DDUCKDB_BUILD_LOADABLE_EXTENSION -DENABLE_CROSS_PRODUCT_REWRITE=1 -DENABLE_DEBUG_PRINT=0 -DENABLE_MEASURE_EXE_TIME=0 -DENABLE_MERGE_BACK_PLAN=0 -DENABLE_PARALLEL_EXECUTION=0 -DENABLE_QUERY_SPLIT=1 -DENABLE_SPECIFY_EST_STAT=0 -I/home/pei/Project/duckdb-polr/src/include -I/home/pei/Project/duckdb-polr/third_party/fsst -I/home/pei/Project/duckdb-polr/third_party/fmt/include -I/home/pei/Project/duckdb-polr/third_party/hyperloglog -I/home/pei/Project/duckdb-polr/third_party/fastpforlib -I/home/pei/Project/duckdb-polr/third_party/fast_float -I/home/pei/Project/duckdb-polr/third_party/re2 -I/home/pei/Project/duckdb-polr/third_party/miniz -I/home/pei/Project/duckdb-polr/third_party/utf8proc/include -I/home/pei/Project/duckdb-polr/third_party/miniparquet -I/home/pei/Project/duckdb-polr/third_party/concurrentqueue -I/home/pei/Project/duckdb-polr/third_party/pcg -I/home/pei/Project/duckdb-polr/third_party/tdigest -I/home/pei/Project/duckdb-polr/third_party/mbedtls/include -I/home/pei/Project/duckdb-polr/third_party/jaro_winkler -I/home/pei/Project/duckdb-polr/extension/parquet/include -I/home/pei/Project/duckdb-polr/extension/parquet/../../third_party/parquet -I/home/pei/Project/duckdb-polr/extension/parquet/../../third_party/snappy -I/home/pei/Project/duckdb-polr/extension/parquet/../../third_party/miniz -I/home/pei/Project/duckdb-polr/extension/parquet/../../third_party/thrift -I/home/pei/Project/duckdb-polr/extension/parquet/../../third_party/zstd/include -O3 -DNDEBUG -O3 -DNDEBUG   -fPIC -fdiagnostics-color=always -std=c++11 -MD -MT extension/parquet/CMakeFiles/parquet_loadable_extension.dir/parquet_metadata.cpp.o -MF extension/parquet/CMakeFiles/parquet_loadable_extension.dir/parquet_metadata.cpp.o.d -o extension/parquet/CMakeFiles/parquet_loadable_extension.dir/parquet_metadata.cpp.o -c /home/pei/Project/duckdb-polr/extension/parquet/parquet_metadata.cpp
[163/376] /usr/bin/ccache /usr/lib/ccache/c++ -DDUCKDB_BUILD_LIBRARY -DENABLE_CROSS_PRODUCT_REWRITE=1 -DENABLE_DEBUG_PRINT=0 -DENABLE_MEASURE_EXE_TIME=0 -DENABLE_MERGE_BACK_PLAN=0 -DENABLE_PARALLEL_EXECUTION=0 -DENABLE_QUERY_SPLIT=1 -DENABLE_SPECIFY_EST_STAT=0 -I/home/pei/Project/duckdb-polr/src/include -I/home/pei/Project/duckdb-polr/third_party/fsst -I/home/pei/Project/duckdb-polr/third_party/fmt/include -I/home/pei/Project/duckdb-polr/third_party/hyperloglog -I/home/pei/Project/duckdb-polr/third_party/fastpforlib -I/home/pei/Project/duckdb-polr/third_party/fast_float -I/home/pei/Project/duckdb-polr/third_party/re2 -I/home/pei/Project/duckdb-polr/third_party/miniz -I/home/pei/Project/duckdb-polr/third_party/utf8proc/include -I/home/pei/Project/duckdb-polr/third_party/miniparquet -I/home/pei/Project/duckdb-polr/third_party/concurrentqueue -I/home/pei/Project/duckdb-polr/third_party/pcg -I/home/pei/Project/duckdb-polr/third_party/tdigest -I/home/pei/Project/duckdb-polr/third_party/mbedtls/include -I/home/pei/Project/duckdb-polr/third_party/jaro_winkler -I/home/pei/Project/duckdb-polr/extension/parquet/include -I/home/pei/Project/duckdb-polr/extension/parquet/../../third_party/parquet -I/home/pei/Project/duckdb-polr/extension/parquet/../../third_party/snappy -I/home/pei/Project/duckdb-polr/extension/parquet/../../third_party/miniz -I/home/pei/Project/duckdb-polr/extension/parquet/../../third_party/thrift -I/home/pei/Project/duckdb-polr/extension/parquet/../../third_party/zstd/include -O3 -DNDEBUG -O3 -DNDEBUG   -fPIC -fdiagnostics-color=always -std=c++11 -MD -MT extension/parquet/CMakeFiles/parquet_extension.dir/__/__/third_party/zstd/decompress/zstd_decompress_block.cpp.o -MF extension/parquet/CMakeFiles/parquet_extension.dir/__/__/third_party/zstd/decompress/zstd_decompress_block.cpp.o.d -o extension/parquet/CMakeFiles/parquet_extension.dir/__/__/third_party/zstd/decompress/zstd_decompress_block.cpp.o -c /home/pei/Project/duckdb-polr/third_party/zstd/decompress/zstd_decompress_block.cpp
[164/376] /usr/bin/ccache /usr/lib/ccache/c++ -DDUCKDB_BUILD_LIBRARY -DDUCKDB_BUILD_LOADABLE_EXTENSION -DENABLE_CROSS_PRODUCT_REWRITE=1 -DENABLE_DEBUG_PRINT=0 -DENABLE_MEASURE_EXE_TIME=0 -DENABLE_MERGE_BACK_PLAN=0 -DENABLE_PARALLEL_EXECUTION=0 -DENABLE_QUERY_SPLIT=1 -DENABLE_SPECIFY_EST_STAT=0 -I/home/pei/Project/duckdb-polr/src/include -I/home/pei/Project/duckdb-polr/third_party/fsst -I/home/pei/Project/duckdb-polr/third_party/fmt/include -I/home/pei/Project/duckdb-polr/third_party/hyperloglog -I/home/pei/Project/duckdb-polr/third_party/fastpforlib -I/home/pei/Project/duckdb-polr/third_party/fast_float -I/home/pei/Project/duckdb-polr/third_party/re2 -I/home/pei/Project/duckdb-polr/third_party/miniz -I/home/pei/Project/duckdb-polr/third_party/utf8proc/include -I/home/pei/Project/duckdb-polr/third_party/miniparquet -I/home/pei/Project/duckdb-polr/third_party/concurrentqueue -I/home/pei/Project/duckdb-polr/third_party/pcg -I/home/pei/Project/duckdb-polr/third_party/tdigest -I/home/pei/Project/duckdb-polr/third_party/mbedtls/include -I/home/pei/Project/duckdb-polr/third_party/jaro_winkler -I/home/pei/Project/duckdb-polr/extension/parquet/include -I/home/pei/Project/duckdb-polr/extension/parquet/../../third_party/parquet -I/home/pei/Project/duckdb-polr/extension/parquet/../../third_party/snappy -I/home/pei/Project/duckdb-polr/extension/parquet/../../third_party/miniz -I/home/pei/Project/duckdb-polr/extension/parquet/../../third_party/thrift -I/home/pei/Project/duckdb-polr/extension/parquet/../../third_party/zstd/include -O3 -DNDEBUG -O3 -DNDEBUG   -fPIC -fdiagnostics-color=always -std=c++11 -MD -MT extension/parquet/CMakeFiles/parquet_loadable_extension.dir/parquet_statistics.cpp.o -MF extension/parquet/CMakeFiles/parquet_loadable_extension.dir/parquet_statistics.cpp.o.d -o extension/parquet/CMakeFiles/parquet_loadable_extension.dir/parquet_statistics.cpp.o -c /home/pei/Project/duckdb-polr/extension/parquet/parquet_statistics.cpp
[165/376] /usr/bin/ccache /usr/lib/ccache/c++ -DDUCKDB_BUILD_LIBRARY -DDUCKDB_BUILD_LOADABLE_EXTENSION -DENABLE_CROSS_PRODUCT_REWRITE=1 -DENABLE_DEBUG_PRINT=0 -DENABLE_MEASURE_EXE_TIME=0 -DENABLE_MERGE_BACK_PLAN=0 -DENABLE_PARALLEL_EXECUTION=0 -DENABLE_QUERY_SPLIT=1 -DENABLE_SPECIFY_EST_STAT=0 -I/home/pei/Project/duckdb-polr/src/include -I/home/pei/Project/duckdb-polr/third_party/fsst -I/home/pei/Project/duckdb-polr/third_party/fmt/include -I/home/pei/Project/duckdb-polr/third_party/hyperloglog -I/home/pei/Project/duckdb-polr/third_party/fastpforlib -I/home/pei/Project/duckdb-polr/third_party/fast_float -I/home/pei/Project/duckdb-polr/third_party/re2 -I/home/pei/Project/duckdb-polr/third_party/miniz -I/home/pei/Project/duckdb-polr/third_party/utf8proc/include -I/home/pei/Project/duckdb-polr/third_party/miniparquet -I/home/pei/Project/duckdb-polr/third_party/concurrentqueue -I/home/pei/Project/duckdb-polr/third_party/pcg -I/home/pei/Project/duckdb-polr/third_party/tdigest -I/home/pei/Project/duckdb-polr/third_party/mbedtls/include -I/home/pei/Project/duckdb-polr/third_party/jaro_winkler -I/home/pei/Project/duckdb-polr/extension/parquet/include -I/home/pei/Project/duckdb-polr/extension/parquet/../../third_party/parquet -I/home/pei/Project/duckdb-polr/extension/parquet/../../third_party/snappy -I/home/pei/Project/duckdb-polr/extension/parquet/../../third_party/miniz -I/home/pei/Project/duckdb-polr/extension/parquet/../../third_party/thrift -I/home/pei/Project/duckdb-polr/extension/parquet/../../third_party/zstd/include -O3 -DNDEBUG -O3 -DNDEBUG   -fPIC -fdiagnostics-color=always -std=c++11 -MD -MT extension/parquet/CMakeFiles/parquet_loadable_extension.dir/parquet_reader.cpp.o -MF extension/parquet/CMakeFiles/parquet_loadable_extension.dir/parquet_reader.cpp.o.d -o extension/parquet/CMakeFiles/parquet_loadable_extension.dir/parquet_reader.cpp.o -c /home/pei/Project/duckdb-polr/extension/parquet/parquet_reader.cpp
[166/376] /usr/bin/ccache /usr/lib/ccache/c++ -DDUCKDB_BUILD_LIBRARY -DENABLE_CROSS_PRODUCT_REWRITE=1 -DENABLE_DEBUG_PRINT=0 -DENABLE_MEASURE_EXE_TIME=0 -DENABLE_MERGE_BACK_PLAN=0 -DENABLE_PARALLEL_EXECUTION=0 -DENABLE_QUERY_SPLIT=1 -DENABLE_SPECIFY_EST_STAT=0 -I/home/pei/Project/duckdb-polr/src/include -I/home/pei/Project/duckdb-polr/third_party/fsst -I/home/pei/Project/duckdb-polr/third_party/fmt/include -I/home/pei/Project/duckdb-polr/third_party/hyperloglog -I/home/pei/Project/duckdb-polr/third_party/fastpforlib -I/home/pei/Project/duckdb-polr/third_party/fast_float -I/home/pei/Project/duckdb-polr/third_party/re2 -I/home/pei/Project/duckdb-polr/third_party/miniz -I/home/pei/Project/duckdb-polr/third_party/utf8proc/include -I/home/pei/Project/duckdb-polr/third_party/miniparquet -I/home/pei/Project/duckdb-polr/third_party/concurrentqueue -I/home/pei/Project/duckdb-polr/third_party/pcg -I/home/pei/Project/duckdb-polr/third_party/tdigest -I/home/pei/Project/duckdb-polr/third_party/mbedtls/include -I/home/pei/Project/duckdb-polr/third_party/jaro_winkler -I/home/pei/Project/duckdb-polr/extension/parquet/include -I/home/pei/Project/duckdb-polr/extension/parquet/../../third_party/parquet -I/home/pei/Project/duckdb-polr/extension/parquet/../../third_party/snappy -I/home/pei/Project/duckdb-polr/extension/parquet/../../third_party/miniz -I/home/pei/Project/duckdb-polr/extension/parquet/../../third_party/thrift -I/home/pei/Project/duckdb-polr/extension/parquet/../../third_party/zstd/include -O3 -DNDEBUG -O3 -DNDEBUG   -fPIC -fdiagnostics-color=always -std=c++11 -MD -MT extension/parquet/CMakeFiles/parquet_extension.dir/__/__/third_party/snappy/snappy.cc.o -MF extension/parquet/CMakeFiles/parquet_extension.dir/__/__/third_party/snappy/snappy.cc.o.d -o extension/parquet/CMakeFiles/parquet_extension.dir/__/__/third_party/snappy/snappy.cc.o -c /home/pei/Project/duckdb-polr/third_party/snappy/snappy.cc
[167/376] /usr/bin/ccache /usr/lib/ccache/c++ -DDUCKDB_BUILD_LIBRARY -DDUCKDB_BUILD_LOADABLE_EXTENSION -DENABLE_CROSS_PRODUCT_REWRITE=1 -DENABLE_DEBUG_PRINT=0 -DENABLE_MEASURE_EXE_TIME=0 -DENABLE_MERGE_BACK_PLAN=0 -DENABLE_PARALLEL_EXECUTION=0 -DENABLE_QUERY_SPLIT=1 -DENABLE_SPECIFY_EST_STAT=0 -I/home/pei/Project/duckdb-polr/src/include -I/home/pei/Project/duckdb-polr/third_party/fsst -I/home/pei/Project/duckdb-polr/third_party/fmt/include -I/home/pei/Project/duckdb-polr/third_party/hyperloglog -I/home/pei/Project/duckdb-polr/third_party/fastpforlib -I/home/pei/Project/duckdb-polr/third_party/fast_float -I/home/pei/Project/duckdb-polr/third_party/re2 -I/home/pei/Project/duckdb-polr/third_party/miniz -I/home/pei/Project/duckdb-polr/third_party/utf8proc/include -I/home/pei/Project/duckdb-polr/third_party/miniparquet -I/home/pei/Project/duckdb-polr/third_party/concurrentqueue -I/home/pei/Project/duckdb-polr/third_party/pcg -I/home/pei/Project/duckdb-polr/third_party/tdigest -I/home/pei/Project/duckdb-polr/third_party/mbedtls/include -I/home/pei/Project/duckdb-polr/third_party/jaro_winkler -I/home/pei/Project/duckdb-polr/extension/parquet/include -I/home/pei/Project/duckdb-polr/extension/parquet/../../third_party/parquet -I/home/pei/Project/duckdb-polr/extension/parquet/../../third_party/snappy -I/home/pei/Project/duckdb-polr/extension/parquet/../../third_party/miniz -I/home/pei/Project/duckdb-polr/extension/parquet/../../third_party/thrift -I/home/pei/Project/duckdb-polr/extension/parquet/../../third_party/zstd/include -O3 -DNDEBUG -O3 -DNDEBUG   -fPIC -fdiagnostics-color=always -std=c++11 -MD -MT extension/parquet/CMakeFiles/parquet_loadable_extension.dir/parquet_writer.cpp.o -MF extension/parquet/CMakeFiles/parquet_loadable_extension.dir/parquet_writer.cpp.o.d -o extension/parquet/CMakeFiles/parquet_loadable_extension.dir/parquet_writer.cpp.o -c /home/pei/Project/duckdb-polr/extension/parquet/parquet_writer.cpp
[168/376] /usr/bin/ccache /usr/lib/ccache/c++ -DDUCKDB_BUILD_LIBRARY -DDUCKDB_BUILD_LOADABLE_EXTENSION -DENABLE_CROSS_PRODUCT_REWRITE=1 -DENABLE_DEBUG_PRINT=0 -DENABLE_MEASURE_EXE_TIME=0 -DENABLE_MERGE_BACK_PLAN=0 -DENABLE_PARALLEL_EXECUTION=0 -DENABLE_QUERY_SPLIT=1 -DENABLE_SPECIFY_EST_STAT=0 -I/home/pei/Project/duckdb-polr/src/include -I/home/pei/Project/duckdb-polr/third_party/fsst -I/home/pei/Project/duckdb-polr/third_party/fmt/include -I/home/pei/Project/duckdb-polr/third_party/hyperloglog -I/home/pei/Project/duckdb-polr/third_party/fastpforlib -I/home/pei/Project/duckdb-polr/third_party/fast_float -I/home/pei/Project/duckdb-polr/third_party/re2 -I/home/pei/Project/duckdb-polr/third_party/miniz -I/home/pei/Project/duckdb-polr/third_party/utf8proc/include -I/home/pei/Project/duckdb-polr/third_party/miniparquet -I/home/pei/Project/duckdb-polr/third_party/concurrentqueue -I/home/pei/Project/duckdb-polr/third_party/pcg -I/home/pei/Project/duckdb-polr/third_party/tdigest -I/home/pei/Project/duckdb-polr/third_party/mbedtls/include -I/home/pei/Project/duckdb-polr/third_party/jaro_winkler -I/home/pei/Project/duckdb-polr/extension/parquet/include -I/home/pei/Project/duckdb-polr/extension/parquet/../../third_party/parquet -I/home/pei/Project/duckdb-polr/extension/parquet/../../third_party/snappy -I/home/pei/Project/duckdb-polr/extension/parquet/../../third_party/miniz -I/home/pei/Project/duckdb-polr/extension/parquet/../../third_party/thrift -I/home/pei/Project/duckdb-polr/extension/parquet/../../third_party/zstd/include -O3 -DNDEBUG -O3 -DNDEBUG   -fPIC -fdiagnostics-color=always -std=c++11 -MD -MT extension/parquet/CMakeFiles/parquet_loadable_extension.dir/zstd_file_system.cpp.o -MF extension/parquet/CMakeFiles/parquet_loadable_extension.dir/zstd_file_system.cpp.o.d -o extension/parquet/CMakeFiles/parquet_loadable_extension.dir/zstd_file_system.cpp.o -c /home/pei/Project/duckdb-polr/extension/parquet/zstd_file_system.cpp
[169/376] /usr/bin/ccache /usr/lib/ccache/c++ -DDUCKDB_BUILD_LIBRARY -DENABLE_CROSS_PRODUCT_REWRITE=1 -DENABLE_DEBUG_PRINT=0 -DENABLE_MEASURE_EXE_TIME=0 -DENABLE_MERGE_BACK_PLAN=0 -DENABLE_PARALLEL_EXECUTION=0 -DENABLE_QUERY_SPLIT=1 -DENABLE_SPECIFY_EST_STAT=0 -I/home/pei/Project/duckdb-polr/src/include -I/home/pei/Project/duckdb-polr/third_party/fsst -I/home/pei/Project/duckdb-polr/third_party/fmt/include -I/home/pei/Project/duckdb-polr/third_party/hyperloglog -I/home/pei/Project/duckdb-polr/third_party/fastpforlib -I/home/pei/Project/duckdb-polr/third_party/fast_float -I/home/pei/Project/duckdb-polr/third_party/re2 -I/home/pei/Project/duckdb-polr/third_party/miniz -I/home/pei/Project/duckdb-polr/third_party/utf8proc/include -I/home/pei/Project/duckdb-polr/third_party/miniparquet -I/home/pei/Project/duckdb-polr/third_party/concurrentqueue -I/home/pei/Project/duckdb-polr/third_party/pcg -I/home/pei/Project/duckdb-polr/third_party/tdigest -I/home/pei/Project/duckdb-polr/third_party/mbedtls/include -I/home/pei/Project/duckdb-polr/third_party/jaro_winkler -I/home/pei/Project/duckdb-polr/extension/parquet/include -I/home/pei/Project/duckdb-polr/extension/parquet/../../third_party/parquet -I/home/pei/Project/duckdb-polr/extension/parquet/../../third_party/snappy -I/home/pei/Project/duckdb-polr/extension/parquet/../../third_party/miniz -I/home/pei/Project/duckdb-polr/extension/parquet/../../third_party/thrift -I/home/pei/Project/duckdb-polr/extension/parquet/../../third_party/zstd/include -O3 -DNDEBUG -O3 -DNDEBUG   -fPIC -fdiagnostics-color=always -std=c++11 -MD -MT extension/parquet/CMakeFiles/parquet_extension.dir/__/__/third_party/zstd/compress/zstd_fast.cpp.o -MF extension/parquet/CMakeFiles/parquet_extension.dir/__/__/third_party/zstd/compress/zstd_fast.cpp.o.d -o extension/parquet/CMakeFiles/parquet_extension.dir/__/__/third_party/zstd/compress/zstd_fast.cpp.o -c /home/pei/Project/duckdb-polr/third_party/zstd/compress/zstd_fast.cpp
[170/376] /usr/bin/ccache /usr/lib/ccache/c++ -DDUCKDB_BUILD_LIBRARY -DENABLE_CROSS_PRODUCT_REWRITE=1 -DENABLE_DEBUG_PRINT=0 -DENABLE_MEASURE_EXE_TIME=0 -DENABLE_MERGE_BACK_PLAN=0 -DENABLE_PARALLEL_EXECUTION=0 -DENABLE_QUERY_SPLIT=1 -DENABLE_SPECIFY_EST_STAT=0 -I/home/pei/Project/duckdb-polr/src/include -I/home/pei/Project/duckdb-polr/third_party/fsst -I/home/pei/Project/duckdb-polr/third_party/fmt/include -I/home/pei/Project/duckdb-polr/third_party/hyperloglog -I/home/pei/Project/duckdb-polr/third_party/fastpforlib -I/home/pei/Project/duckdb-polr/third_party/fast_float -I/home/pei/Project/duckdb-polr/third_party/re2 -I/home/pei/Project/duckdb-polr/third_party/miniz -I/home/pei/Project/duckdb-polr/third_party/utf8proc/include -I/home/pei/Project/duckdb-polr/third_party/miniparquet -I/home/pei/Project/duckdb-polr/third_party/concurrentqueue -I/home/pei/Project/duckdb-polr/third_party/pcg -I/home/pei/Project/duckdb-polr/third_party/tdigest -I/home/pei/Project/duckdb-polr/third_party/mbedtls/include -I/home/pei/Project/duckdb-polr/third_party/jaro_winkler -I/home/pei/Project/duckdb-polr/extension/parquet/include -I/home/pei/Project/duckdb-polr/extension/parquet/../../third_party/parquet -I/home/pei/Project/duckdb-polr/extension/parquet/../../third_party/snappy -I/home/pei/Project/duckdb-polr/extension/parquet/../../third_party/miniz -I/home/pei/Project/duckdb-polr/extension/parquet/../../third_party/thrift -I/home/pei/Project/duckdb-polr/extension/parquet/../../third_party/zstd/include -O3 -DNDEBUG -O3 -DNDEBUG   -fPIC -fdiagnostics-color=always -std=c++11 -MD -MT extension/parquet/CMakeFiles/parquet_extension.dir/__/__/third_party/zstd/compress/zstd_compress_superblock.cpp.o -MF extension/parquet/CMakeFiles/parquet_extension.dir/__/__/third_party/zstd/compress/zstd_compress_superblock.cpp.o.d -o extension/parquet/CMakeFiles/parquet_extension.dir/__/__/third_party/zstd/compress/zstd_compress_superblock.cpp.o -c /home/pei/Project/duckdb-polr/third_party/zstd/compress/zstd_compress_superblock.cpp
[171/376] /usr/bin/ccache /usr/lib/ccache/c++ -DDUCKDB_BUILD_LIBRARY -DDUCKDB_BUILD_LOADABLE_EXTENSION -DENABLE_CROSS_PRODUCT_REWRITE=1 -DENABLE_DEBUG_PRINT=0 -DENABLE_MEASURE_EXE_TIME=0 -DENABLE_MERGE_BACK_PLAN=0 -DENABLE_PARALLEL_EXECUTION=0 -DENABLE_QUERY_SPLIT=1 -DENABLE_SPECIFY_EST_STAT=0 -I/home/pei/Project/duckdb-polr/src/include -I/home/pei/Project/duckdb-polr/third_party/fsst -I/home/pei/Project/duckdb-polr/third_party/fmt/include -I/home/pei/Project/duckdb-polr/third_party/hyperloglog -I/home/pei/Project/duckdb-polr/third_party/fastpforlib -I/home/pei/Project/duckdb-polr/third_party/fast_float -I/home/pei/Project/duckdb-polr/third_party/re2 -I/home/pei/Project/duckdb-polr/third_party/miniz -I/home/pei/Project/duckdb-polr/third_party/utf8proc/include -I/home/pei/Project/duckdb-polr/third_party/miniparquet -I/home/pei/Project/duckdb-polr/third_party/concurrentqueue -I/home/pei/Project/duckdb-polr/third_party/pcg -I/home/pei/Project/duckdb-polr/third_party/tdigest -I/home/pei/Project/duckdb-polr/third_party/mbedtls/include -I/home/pei/Project/duckdb-polr/third_party/jaro_winkler -I/home/pei/Project/duckdb-polr/extension/parquet/include -I/home/pei/Project/duckdb-polr/extension/parquet/../../third_party/parquet -I/home/pei/Project/duckdb-polr/extension/parquet/../../third_party/snappy -I/home/pei/Project/duckdb-polr/extension/parquet/../../third_party/miniz -I/home/pei/Project/duckdb-polr/extension/parquet/../../third_party/thrift -I/home/pei/Project/duckdb-polr/extension/parquet/../../third_party/zstd/include -O3 -DNDEBUG -O3 -DNDEBUG   -fPIC -fdiagnostics-color=always -std=c++11 -MD -MT extension/parquet/CMakeFiles/parquet_loadable_extension.dir/__/__/third_party/snappy/snappy-sinksource.cc.o -MF extension/parquet/CMakeFiles/parquet_loadable_extension.dir/__/__/third_party/snappy/snappy-sinksource.cc.o.d -o extension/parquet/CMakeFiles/parquet_loadable_extension.dir/__/__/third_party/snappy/snappy-sinksource.cc.o -c /home/pei/Project/duckdb-polr/third_party/snappy/snappy-sinksource.cc
[172/376] /usr/bin/ccache /usr/lib/ccache/c++ -DDUCKDB_BUILD_LIBRARY -DDUCKDB_BUILD_LOADABLE_EXTENSION -DENABLE_CROSS_PRODUCT_REWRITE=1 -DENABLE_DEBUG_PRINT=0 -DENABLE_MEASURE_EXE_TIME=0 -DENABLE_MERGE_BACK_PLAN=0 -DENABLE_PARALLEL_EXECUTION=0 -DENABLE_QUERY_SPLIT=1 -DENABLE_SPECIFY_EST_STAT=0 -I/home/pei/Project/duckdb-polr/src/include -I/home/pei/Project/duckdb-polr/third_party/fsst -I/home/pei/Project/duckdb-polr/third_party/fmt/include -I/home/pei/Project/duckdb-polr/third_party/hyperloglog -I/home/pei/Project/duckdb-polr/third_party/fastpforlib -I/home/pei/Project/duckdb-polr/third_party/fast_float -I/home/pei/Project/duckdb-polr/third_party/re2 -I/home/pei/Project/duckdb-polr/third_party/miniz -I/home/pei/Project/duckdb-polr/third_party/utf8proc/include -I/home/pei/Project/duckdb-polr/third_party/miniparquet -I/home/pei/Project/duckdb-polr/third_party/concurrentqueue -I/home/pei/Project/duckdb-polr/third_party/pcg -I/home/pei/Project/duckdb-polr/third_party/tdigest -I/home/pei/Project/duckdb-polr/third_party/mbedtls/include -I/home/pei/Project/duckdb-polr/third_party/jaro_winkler -I/home/pei/Project/duckdb-polr/extension/parquet/include -I/home/pei/Project/duckdb-polr/extension/parquet/../../third_party/parquet -I/home/pei/Project/duckdb-polr/extension/parquet/../../third_party/snappy -I/home/pei/Project/duckdb-polr/extension/parquet/../../third_party/miniz -I/home/pei/Project/duckdb-polr/extension/parquet/../../third_party/thrift -I/home/pei/Project/duckdb-polr/extension/parquet/../../third_party/zstd/include -O3 -DNDEBUG -O3 -DNDEBUG   -fPIC -fdiagnostics-color=always -std=c++11 -MD -MT extension/parquet/CMakeFiles/parquet_loadable_extension.dir/__/__/third_party/parquet/parquet_types.cpp.o -MF extension/parquet/CMakeFiles/parquet_loadable_extension.dir/__/__/third_party/parquet/parquet_types.cpp.o.d -o extension/parquet/CMakeFiles/parquet_loadable_extension.dir/__/__/third_party/parquet/parquet_types.cpp.o -c /home/pei/Project/duckdb-polr/third_party/parquet/parquet_types.cpp
[173/376] /usr/bin/ccache /usr/lib/ccache/c++ -DDUCKDB_BUILD_LIBRARY -DDUCKDB_BUILD_LOADABLE_EXTENSION -DENABLE_CROSS_PRODUCT_REWRITE=1 -DENABLE_DEBUG_PRINT=0 -DENABLE_MEASURE_EXE_TIME=0 -DENABLE_MERGE_BACK_PLAN=0 -DENABLE_PARALLEL_EXECUTION=0 -DENABLE_QUERY_SPLIT=1 -DENABLE_SPECIFY_EST_STAT=0 -I/home/pei/Project/duckdb-polr/src/include -I/home/pei/Project/duckdb-polr/third_party/fsst -I/home/pei/Project/duckdb-polr/third_party/fmt/include -I/home/pei/Project/duckdb-polr/third_party/hyperloglog -I/home/pei/Project/duckdb-polr/third_party/fastpforlib -I/home/pei/Project/duckdb-polr/third_party/fast_float -I/home/pei/Project/duckdb-polr/third_party/re2 -I/home/pei/Project/duckdb-polr/third_party/miniz -I/home/pei/Project/duckdb-polr/third_party/utf8proc/include -I/home/pei/Project/duckdb-polr/third_party/miniparquet -I/home/pei/Project/duckdb-polr/third_party/concurrentqueue -I/home/pei/Project/duckdb-polr/third_party/pcg -I/home/pei/Project/duckdb-polr/third_party/tdigest -I/home/pei/Project/duckdb-polr/third_party/mbedtls/include -I/home/pei/Project/duckdb-polr/third_party/jaro_winkler -I/home/pei/Project/duckdb-polr/extension/parquet/include -I/home/pei/Project/duckdb-polr/extension/parquet/../../third_party/parquet -I/home/pei/Project/duckdb-polr/extension/parquet/../../third_party/snappy -I/home/pei/Project/duckdb-polr/extension/parquet/../../third_party/miniz -I/home/pei/Project/duckdb-polr/extension/parquet/../../third_party/thrift -I/home/pei/Project/duckdb-polr/extension/parquet/../../third_party/zstd/include -O3 -DNDEBUG -O3 -DNDEBUG   -fPIC -fdiagnostics-color=always -std=c++11 -MD -MT extension/parquet/CMakeFiles/parquet_loadable_extension.dir/__/__/third_party/parquet/parquet_constants.cpp.o -MF extension/parquet/CMakeFiles/parquet_loadable_extension.dir/__/__/third_party/parquet/parquet_constants.cpp.o.d -o extension/parquet/CMakeFiles/parquet_loadable_extension.dir/__/__/third_party/parquet/parquet_constants.cpp.o -c /home/pei/Project/duckdb-polr/third_party/parquet/parquet_constants.cpp
[174/376] /usr/bin/ccache /usr/lib/ccache/c++ -DDUCKDB_BUILD_LIBRARY -DENABLE_CROSS_PRODUCT_REWRITE=1 -DENABLE_DEBUG_PRINT=0 -DENABLE_MEASURE_EXE_TIME=0 -DENABLE_MERGE_BACK_PLAN=0 -DENABLE_PARALLEL_EXECUTION=0 -DENABLE_QUERY_SPLIT=1 -DENABLE_SPECIFY_EST_STAT=0 -I/home/pei/Project/duckdb-polr/src/include -I/home/pei/Project/duckdb-polr/third_party/fsst -I/home/pei/Project/duckdb-polr/third_party/fmt/include -I/home/pei/Project/duckdb-polr/third_party/hyperloglog -I/home/pei/Project/duckdb-polr/third_party/fastpforlib -I/home/pei/Project/duckdb-polr/third_party/fast_float -I/home/pei/Project/duckdb-polr/third_party/re2 -I/home/pei/Project/duckdb-polr/third_party/miniz -I/home/pei/Project/duckdb-polr/third_party/utf8proc/include -I/home/pei/Project/duckdb-polr/third_party/miniparquet -I/home/pei/Project/duckdb-polr/third_party/concurrentqueue -I/home/pei/Project/duckdb-polr/third_party/pcg -I/home/pei/Project/duckdb-polr/third_party/tdigest -I/home/pei/Project/duckdb-polr/third_party/mbedtls/include -I/home/pei/Project/duckdb-polr/third_party/jaro_winkler -I/home/pei/Project/duckdb-polr/extension/parquet/include -I/home/pei/Project/duckdb-polr/extension/parquet/../../third_party/parquet -I/home/pei/Project/duckdb-polr/extension/parquet/../../third_party/snappy -I/home/pei/Project/duckdb-polr/extension/parquet/../../third_party/miniz -I/home/pei/Project/duckdb-polr/extension/parquet/../../third_party/thrift -I/home/pei/Project/duckdb-polr/extension/parquet/../../third_party/zstd/include -O3 -DNDEBUG -O3 -DNDEBUG   -fPIC -fdiagnostics-color=always -std=c++11 -MD -MT extension/parquet/CMakeFiles/parquet_extension.dir/__/__/third_party/zstd/compress/zstd_opt.cpp.o -MF extension/parquet/CMakeFiles/parquet_extension.dir/__/__/third_party/zstd/compress/zstd_opt.cpp.o.d -o extension/parquet/CMakeFiles/parquet_extension.dir/__/__/third_party/zstd/compress/zstd_opt.cpp.o -c /home/pei/Project/duckdb-polr/third_party/zstd/compress/zstd_opt.cpp
[175/376] /usr/bin/ccache /usr/lib/ccache/c++ -DDUCKDB_BUILD_LIBRARY -DDUCKDB_BUILD_LOADABLE_EXTENSION -DENABLE_CROSS_PRODUCT_REWRITE=1 -DENABLE_DEBUG_PRINT=0 -DENABLE_MEASURE_EXE_TIME=0 -DENABLE_MERGE_BACK_PLAN=0 -DENABLE_PARALLEL_EXECUTION=0 -DENABLE_QUERY_SPLIT=1 -DENABLE_SPECIFY_EST_STAT=0 -I/home/pei/Project/duckdb-polr/src/include -I/home/pei/Project/duckdb-polr/third_party/fsst -I/home/pei/Project/duckdb-polr/third_party/fmt/include -I/home/pei/Project/duckdb-polr/third_party/hyperloglog -I/home/pei/Project/duckdb-polr/third_party/fastpforlib -I/home/pei/Project/duckdb-polr/third_party/fast_float -I/home/pei/Project/duckdb-polr/third_party/re2 -I/home/pei/Project/duckdb-polr/third_party/miniz -I/home/pei/Project/duckdb-polr/third_party/utf8proc/include -I/home/pei/Project/duckdb-polr/third_party/miniparquet -I/home/pei/Project/duckdb-polr/third_party/concurrentqueue -I/home/pei/Project/duckdb-polr/third_party/pcg -I/home/pei/Project/duckdb-polr/third_party/tdigest -I/home/pei/Project/duckdb-polr/third_party/mbedtls/include -I/home/pei/Project/duckdb-polr/third_party/jaro_winkler -I/home/pei/Project/duckdb-polr/extension/parquet/include -I/home/pei/Project/duckdb-polr/extension/parquet/../../third_party/parquet -I/home/pei/Project/duckdb-polr/extension/parquet/../../third_party/snappy -I/home/pei/Project/duckdb-polr/extension/parquet/../../third_party/miniz -I/home/pei/Project/duckdb-polr/extension/parquet/../../third_party/thrift -I/home/pei/Project/duckdb-polr/extension/parquet/../../third_party/zstd/include -O3 -DNDEBUG -O3 -DNDEBUG   -fPIC -fdiagnostics-color=always -std=c++11 -MD -MT extension/parquet/CMakeFiles/parquet_loadable_extension.dir/parquet_timestamp.cpp.o -MF extension/parquet/CMakeFiles/parquet_loadable_extension.dir/parquet_timestamp.cpp.o.d -o extension/parquet/CMakeFiles/parquet_loadable_extension.dir/parquet_timestamp.cpp.o -c /home/pei/Project/duckdb-polr/extension/parquet/parquet_timestamp.cpp
[176/376] /usr/bin/ccache /usr/lib/ccache/c++ -DDUCKDB_BUILD_LIBRARY -DDUCKDB_BUILD_LOADABLE_EXTENSION -DENABLE_CROSS_PRODUCT_REWRITE=1 -DENABLE_DEBUG_PRINT=0 -DENABLE_MEASURE_EXE_TIME=0 -DENABLE_MERGE_BACK_PLAN=0 -DENABLE_PARALLEL_EXECUTION=0 -DENABLE_QUERY_SPLIT=1 -DENABLE_SPECIFY_EST_STAT=0 -I/home/pei/Project/duckdb-polr/src/include -I/home/pei/Project/duckdb-polr/third_party/fsst -I/home/pei/Project/duckdb-polr/third_party/fmt/include -I/home/pei/Project/duckdb-polr/third_party/hyperloglog -I/home/pei/Project/duckdb-polr/third_party/fastpforlib -I/home/pei/Project/duckdb-polr/third_party/fast_float -I/home/pei/Project/duckdb-polr/third_party/re2 -I/home/pei/Project/duckdb-polr/third_party/miniz -I/home/pei/Project/duckdb-polr/third_party/utf8proc/include -I/home/pei/Project/duckdb-polr/third_party/miniparquet -I/home/pei/Project/duckdb-polr/third_party/concurrentqueue -I/home/pei/Project/duckdb-polr/third_party/pcg -I/home/pei/Project/duckdb-polr/third_party/tdigest -I/home/pei/Project/duckdb-polr/third_party/mbedtls/include -I/home/pei/Project/duckdb-polr/third_party/jaro_winkler -I/home/pei/Project/duckdb-polr/extension/parquet/include -I/home/pei/Project/duckdb-polr/extension/parquet/../../third_party/parquet -I/home/pei/Project/duckdb-polr/extension/parquet/../../third_party/snappy -I/home/pei/Project/duckdb-polr/extension/parquet/../../third_party/miniz -I/home/pei/Project/duckdb-polr/extension/parquet/../../third_party/thrift -I/home/pei/Project/duckdb-polr/extension/parquet/../../third_party/zstd/include -O3 -DNDEBUG -O3 -DNDEBUG   -fPIC -fdiagnostics-color=always -std=c++11 -MD -MT extension/parquet/CMakeFiles/parquet_loadable_extension.dir/__/__/third_party/zstd/decompress/huf_decompress.cpp.o -MF extension/parquet/CMakeFiles/parquet_loadable_extension.dir/__/__/third_party/zstd/decompress/huf_decompress.cpp.o.d -o extension/parquet/CMakeFiles/parquet_loadable_extension.dir/__/__/third_party/zstd/decompress/huf_decompress.cpp.o -c /home/pei/Project/duckdb-polr/third_party/zstd/decompress/huf_decompress.cpp
[177/376] /usr/bin/ccache /usr/lib/ccache/c++ -DDUCKDB_BUILD_LIBRARY -DDUCKDB_BUILD_LOADABLE_EXTENSION -DENABLE_CROSS_PRODUCT_REWRITE=1 -DENABLE_DEBUG_PRINT=0 -DENABLE_MEASURE_EXE_TIME=0 -DENABLE_MERGE_BACK_PLAN=0 -DENABLE_PARALLEL_EXECUTION=0 -DENABLE_QUERY_SPLIT=1 -DENABLE_SPECIFY_EST_STAT=0 -I/home/pei/Project/duckdb-polr/src/include -I/home/pei/Project/duckdb-polr/third_party/fsst -I/home/pei/Project/duckdb-polr/third_party/fmt/include -I/home/pei/Project/duckdb-polr/third_party/hyperloglog -I/home/pei/Project/duckdb-polr/third_party/fastpforlib -I/home/pei/Project/duckdb-polr/third_party/fast_float -I/home/pei/Project/duckdb-polr/third_party/re2 -I/home/pei/Project/duckdb-polr/third_party/miniz -I/home/pei/Project/duckdb-polr/third_party/utf8proc/include -I/home/pei/Project/duckdb-polr/third_party/miniparquet -I/home/pei/Project/duckdb-polr/third_party/concurrentqueue -I/home/pei/Project/duckdb-polr/third_party/pcg -I/home/pei/Project/duckdb-polr/third_party/tdigest -I/home/pei/Project/duckdb-polr/third_party/mbedtls/include -I/home/pei/Project/duckdb-polr/third_party/jaro_winkler -I/home/pei/Project/duckdb-polr/extension/parquet/include -I/home/pei/Project/duckdb-polr/extension/parquet/../../third_party/parquet -I/home/pei/Project/duckdb-polr/extension/parquet/../../third_party/snappy -I/home/pei/Project/duckdb-polr/extension/parquet/../../third_party/miniz -I/home/pei/Project/duckdb-polr/extension/parquet/../../third_party/thrift -I/home/pei/Project/duckdb-polr/extension/parquet/../../third_party/zstd/include -O3 -DNDEBUG -O3 -DNDEBUG   -fPIC -fdiagnostics-color=always -std=c++11 -MD -MT extension/parquet/CMakeFiles/parquet_loadable_extension.dir/__/__/third_party/snappy/snappy.cc.o -MF extension/parquet/CMakeFiles/parquet_loadable_extension.dir/__/__/third_party/snappy/snappy.cc.o.d -o extension/parquet/CMakeFiles/parquet_loadable_extension.dir/__/__/third_party/snappy/snappy.cc.o -c /home/pei/Project/duckdb-polr/third_party/snappy/snappy.cc
[178/376] /usr/bin/ccache /usr/lib/ccache/c++ -DDUCKDB_BUILD_LIBRARY -DDUCKDB_BUILD_LOADABLE_EXTENSION -DENABLE_CROSS_PRODUCT_REWRITE=1 -DENABLE_DEBUG_PRINT=0 -DENABLE_MEASURE_EXE_TIME=0 -DENABLE_MERGE_BACK_PLAN=0 -DENABLE_PARALLEL_EXECUTION=0 -DENABLE_QUERY_SPLIT=1 -DENABLE_SPECIFY_EST_STAT=0 -I/home/pei/Project/duckdb-polr/src/include -I/home/pei/Project/duckdb-polr/third_party/fsst -I/home/pei/Project/duckdb-polr/third_party/fmt/include -I/home/pei/Project/duckdb-polr/third_party/hyperloglog -I/home/pei/Project/duckdb-polr/third_party/fastpforlib -I/home/pei/Project/duckdb-polr/third_party/fast_float -I/home/pei/Project/duckdb-polr/third_party/re2 -I/home/pei/Project/duckdb-polr/third_party/miniz -I/home/pei/Project/duckdb-polr/third_party/utf8proc/include -I/home/pei/Project/duckdb-polr/third_party/miniparquet -I/home/pei/Project/duckdb-polr/third_party/concurrentqueue -I/home/pei/Project/duckdb-polr/third_party/pcg -I/home/pei/Project/duckdb-polr/third_party/tdigest -I/home/pei/Project/duckdb-polr/third_party/mbedtls/include -I/home/pei/Project/duckdb-polr/third_party/jaro_winkler -I/home/pei/Project/duckdb-polr/extension/parquet/include -I/home/pei/Project/duckdb-polr/extension/parquet/../../third_party/parquet -I/home/pei/Project/duckdb-polr/extension/parquet/../../third_party/snappy -I/home/pei/Project/duckdb-polr/extension/parquet/../../third_party/miniz -I/home/pei/Project/duckdb-polr/extension/parquet/../../third_party/thrift -I/home/pei/Project/duckdb-polr/extension/parquet/../../third_party/zstd/include -O3 -DNDEBUG -O3 -DNDEBUG   -fPIC -fdiagnostics-color=always -std=c++11 -MD -MT extension/parquet/CMakeFiles/parquet_loadable_extension.dir/__/__/third_party/zstd/common/entropy_common.cpp.o -MF extension/parquet/CMakeFiles/parquet_loadable_extension.dir/__/__/third_party/zstd/common/entropy_common.cpp.o.d -o extension/parquet/CMakeFiles/parquet_loadable_extension.dir/__/__/third_party/zstd/common/entropy_common.cpp.o -c /home/pei/Project/duckdb-polr/third_party/zstd/common/entropy_common.cpp
[179/376] /usr/bin/ccache /usr/lib/ccache/c++ -DDUCKDB_BUILD_LIBRARY -DDUCKDB_BUILD_LOADABLE_EXTENSION -DENABLE_CROSS_PRODUCT_REWRITE=1 -DENABLE_DEBUG_PRINT=0 -DENABLE_MEASURE_EXE_TIME=0 -DENABLE_MERGE_BACK_PLAN=0 -DENABLE_PARALLEL_EXECUTION=0 -DENABLE_QUERY_SPLIT=1 -DENABLE_SPECIFY_EST_STAT=0 -I/home/pei/Project/duckdb-polr/src/include -I/home/pei/Project/duckdb-polr/third_party/fsst -I/home/pei/Project/duckdb-polr/third_party/fmt/include -I/home/pei/Project/duckdb-polr/third_party/hyperloglog -I/home/pei/Project/duckdb-polr/third_party/fastpforlib -I/home/pei/Project/duckdb-polr/third_party/fast_float -I/home/pei/Project/duckdb-polr/third_party/re2 -I/home/pei/Project/duckdb-polr/third_party/miniz -I/home/pei/Project/duckdb-polr/third_party/utf8proc/include -I/home/pei/Project/duckdb-polr/third_party/miniparquet -I/home/pei/Project/duckdb-polr/third_party/concurrentqueue -I/home/pei/Project/duckdb-polr/third_party/pcg -I/home/pei/Project/duckdb-polr/third_party/tdigest -I/home/pei/Project/duckdb-polr/third_party/mbedtls/include -I/home/pei/Project/duckdb-polr/third_party/jaro_winkler -I/home/pei/Project/duckdb-polr/extension/parquet/include -I/home/pei/Project/duckdb-polr/extension/parquet/../../third_party/parquet -I/home/pei/Project/duckdb-polr/extension/parquet/../../third_party/snappy -I/home/pei/Project/duckdb-polr/extension/parquet/../../third_party/miniz -I/home/pei/Project/duckdb-polr/extension/parquet/../../third_party/thrift -I/home/pei/Project/duckdb-polr/extension/parquet/../../third_party/zstd/include -O3 -DNDEBUG -O3 -DNDEBUG   -fPIC -fdiagnostics-color=always -std=c++11 -MD -MT extension/parquet/CMakeFiles/parquet_loadable_extension.dir/__/__/third_party/thrift/thrift/protocol/TProtocol.cpp.o -MF extension/parquet/CMakeFiles/parquet_loadable_extension.dir/__/__/third_party/thrift/thrift/protocol/TProtocol.cpp.o.d -o extension/parquet/CMakeFiles/parquet_loadable_extension.dir/__/__/third_party/thrift/thrift/protocol/TProtocol.cpp.o -c /home/pei/Project/duckdb-polr/third_party/thrift/thrift/protocol/TProtocol.cpp
[180/376] /usr/bin/ccache /usr/lib/ccache/c++ -DDUCKDB_BUILD_LIBRARY -DDUCKDB_BUILD_LOADABLE_EXTENSION -DENABLE_CROSS_PRODUCT_REWRITE=1 -DENABLE_DEBUG_PRINT=0 -DENABLE_MEASURE_EXE_TIME=0 -DENABLE_MERGE_BACK_PLAN=0 -DENABLE_PARALLEL_EXECUTION=0 -DENABLE_QUERY_SPLIT=1 -DENABLE_SPECIFY_EST_STAT=0 -I/home/pei/Project/duckdb-polr/src/include -I/home/pei/Project/duckdb-polr/third_party/fsst -I/home/pei/Project/duckdb-polr/third_party/fmt/include -I/home/pei/Project/duckdb-polr/third_party/hyperloglog -I/home/pei/Project/duckdb-polr/third_party/fastpforlib -I/home/pei/Project/duckdb-polr/third_party/fast_float -I/home/pei/Project/duckdb-polr/third_party/re2 -I/home/pei/Project/duckdb-polr/third_party/miniz -I/home/pei/Project/duckdb-polr/third_party/utf8proc/include -I/home/pei/Project/duckdb-polr/third_party/miniparquet -I/home/pei/Project/duckdb-polr/third_party/concurrentqueue -I/home/pei/Project/duckdb-polr/third_party/pcg -I/home/pei/Project/duckdb-polr/third_party/tdigest -I/home/pei/Project/duckdb-polr/third_party/mbedtls/include -I/home/pei/Project/duckdb-polr/third_party/jaro_winkler -I/home/pei/Project/duckdb-polr/extension/parquet/include -I/home/pei/Project/duckdb-polr/extension/parquet/../../third_party/parquet -I/home/pei/Project/duckdb-polr/extension/parquet/../../third_party/snappy -I/home/pei/Project/duckdb-polr/extension/parquet/../../third_party/miniz -I/home/pei/Project/duckdb-polr/extension/parquet/../../third_party/thrift -I/home/pei/Project/duckdb-polr/extension/parquet/../../third_party/zstd/include -O3 -DNDEBUG -O3 -DNDEBUG   -fPIC -fdiagnostics-color=always -std=c++11 -MD -MT extension/parquet/CMakeFiles/parquet_loadable_extension.dir/__/__/third_party/zstd/decompress/zstd_decompress_block.cpp.o -MF extension/parquet/CMakeFiles/parquet_loadable_extension.dir/__/__/third_party/zstd/decompress/zstd_decompress_block.cpp.o.d -o extension/parquet/CMakeFiles/parquet_loadable_extension.dir/__/__/third_party/zstd/decompress/zstd_decompress_block.cpp.o -c /home/pei/Project/duckdb-polr/third_party/zstd/decompress/zstd_decompress_block.cpp
[181/376] /usr/bin/ccache /usr/lib/ccache/c++ -DDUCKDB_BUILD_LIBRARY -DDUCKDB_BUILD_LOADABLE_EXTENSION -DENABLE_CROSS_PRODUCT_REWRITE=1 -DENABLE_DEBUG_PRINT=0 -DENABLE_MEASURE_EXE_TIME=0 -DENABLE_MERGE_BACK_PLAN=0 -DENABLE_PARALLEL_EXECUTION=0 -DENABLE_QUERY_SPLIT=1 -DENABLE_SPECIFY_EST_STAT=0 -I/home/pei/Project/duckdb-polr/src/include -I/home/pei/Project/duckdb-polr/third_party/fsst -I/home/pei/Project/duckdb-polr/third_party/fmt/include -I/home/pei/Project/duckdb-polr/third_party/hyperloglog -I/home/pei/Project/duckdb-polr/third_party/fastpforlib -I/home/pei/Project/duckdb-polr/third_party/fast_float -I/home/pei/Project/duckdb-polr/third_party/re2 -I/home/pei/Project/duckdb-polr/third_party/miniz -I/home/pei/Project/duckdb-polr/third_party/utf8proc/include -I/home/pei/Project/duckdb-polr/third_party/miniparquet -I/home/pei/Project/duckdb-polr/third_party/concurrentqueue -I/home/pei/Project/duckdb-polr/third_party/pcg -I/home/pei/Project/duckdb-polr/third_party/tdigest -I/home/pei/Project/duckdb-polr/third_party/mbedtls/include -I/home/pei/Project/duckdb-polr/third_party/jaro_winkler -I/home/pei/Project/duckdb-polr/extension/parquet/include -I/home/pei/Project/duckdb-polr/extension/parquet/../../third_party/parquet -I/home/pei/Project/duckdb-polr/extension/parquet/../../third_party/snappy -I/home/pei/Project/duckdb-polr/extension/parquet/../../third_party/miniz -I/home/pei/Project/duckdb-polr/extension/parquet/../../third_party/thrift -I/home/pei/Project/duckdb-polr/extension/parquet/../../third_party/zstd/include -O3 -DNDEBUG -O3 -DNDEBUG   -fPIC -fdiagnostics-color=always -std=c++11 -MD -MT extension/parquet/CMakeFiles/parquet_loadable_extension.dir/__/__/third_party/zstd/common/error_private.cpp.o -MF extension/parquet/CMakeFiles/parquet_loadable_extension.dir/__/__/third_party/zstd/common/error_private.cpp.o.d -o extension/parquet/CMakeFiles/parquet_loadable_extension.dir/__/__/third_party/zstd/common/error_private.cpp.o -c /home/pei/Project/duckdb-polr/third_party/zstd/common/error_private.cpp
[182/376] /usr/bin/ccache /usr/lib/ccache/c++ -DDUCKDB_BUILD_LIBRARY -DDUCKDB_BUILD_LOADABLE_EXTENSION -DENABLE_CROSS_PRODUCT_REWRITE=1 -DENABLE_DEBUG_PRINT=0 -DENABLE_MEASURE_EXE_TIME=0 -DENABLE_MERGE_BACK_PLAN=0 -DENABLE_PARALLEL_EXECUTION=0 -DENABLE_QUERY_SPLIT=1 -DENABLE_SPECIFY_EST_STAT=0 -I/home/pei/Project/duckdb-polr/src/include -I/home/pei/Project/duckdb-polr/third_party/fsst -I/home/pei/Project/duckdb-polr/third_party/fmt/include -I/home/pei/Project/duckdb-polr/third_party/hyperloglog -I/home/pei/Project/duckdb-polr/third_party/fastpforlib -I/home/pei/Project/duckdb-polr/third_party/fast_float -I/home/pei/Project/duckdb-polr/third_party/re2 -I/home/pei/Project/duckdb-polr/third_party/miniz -I/home/pei/Project/duckdb-polr/third_party/utf8proc/include -I/home/pei/Project/duckdb-polr/third_party/miniparquet -I/home/pei/Project/duckdb-polr/third_party/concurrentqueue -I/home/pei/Project/duckdb-polr/third_party/pcg -I/home/pei/Project/duckdb-polr/third_party/tdigest -I/home/pei/Project/duckdb-polr/third_party/mbedtls/include -I/home/pei/Project/duckdb-polr/third_party/jaro_winkler -I/home/pei/Project/duckdb-polr/extension/parquet/include -I/home/pei/Project/duckdb-polr/extension/parquet/../../third_party/parquet -I/home/pei/Project/duckdb-polr/extension/parquet/../../third_party/snappy -I/home/pei/Project/duckdb-polr/extension/parquet/../../third_party/miniz -I/home/pei/Project/duckdb-polr/extension/parquet/../../third_party/thrift -I/home/pei/Project/duckdb-polr/extension/parquet/../../third_party/zstd/include -O3 -DNDEBUG -O3 -DNDEBUG   -fPIC -fdiagnostics-color=always -std=c++11 -MD -MT extension/parquet/CMakeFiles/parquet_loadable_extension.dir/__/__/third_party/zstd/decompress/zstd_ddict.cpp.o -MF extension/parquet/CMakeFiles/parquet_loadable_extension.dir/__/__/third_party/zstd/decompress/zstd_ddict.cpp.o.d -o extension/parquet/CMakeFiles/parquet_loadable_extension.dir/__/__/third_party/zstd/decompress/zstd_ddict.cpp.o -c /home/pei/Project/duckdb-polr/third_party/zstd/decompress/zstd_ddict.cpp
[183/376] /usr/bin/ccache /usr/lib/ccache/c++ -DDUCKDB_BUILD_LIBRARY -DDUCKDB_BUILD_LOADABLE_EXTENSION -DENABLE_CROSS_PRODUCT_REWRITE=1 -DENABLE_DEBUG_PRINT=0 -DENABLE_MEASURE_EXE_TIME=0 -DENABLE_MERGE_BACK_PLAN=0 -DENABLE_PARALLEL_EXECUTION=0 -DENABLE_QUERY_SPLIT=1 -DENABLE_SPECIFY_EST_STAT=0 -I/home/pei/Project/duckdb-polr/src/include -I/home/pei/Project/duckdb-polr/third_party/fsst -I/home/pei/Project/duckdb-polr/third_party/fmt/include -I/home/pei/Project/duckdb-polr/third_party/hyperloglog -I/home/pei/Project/duckdb-polr/third_party/fastpforlib -I/home/pei/Project/duckdb-polr/third_party/fast_float -I/home/pei/Project/duckdb-polr/third_party/re2 -I/home/pei/Project/duckdb-polr/third_party/miniz -I/home/pei/Project/duckdb-polr/third_party/utf8proc/include -I/home/pei/Project/duckdb-polr/third_party/miniparquet -I/home/pei/Project/duckdb-polr/third_party/concurrentqueue -I/home/pei/Project/duckdb-polr/third_party/pcg -I/home/pei/Project/duckdb-polr/third_party/tdigest -I/home/pei/Project/duckdb-polr/third_party/mbedtls/include -I/home/pei/Project/duckdb-polr/third_party/jaro_winkler -I/home/pei/Project/duckdb-polr/extension/parquet/include -I/home/pei/Project/duckdb-polr/extension/parquet/../../third_party/parquet -I/home/pei/Project/duckdb-polr/extension/parquet/../../third_party/snappy -I/home/pei/Project/duckdb-polr/extension/parquet/../../third_party/miniz -I/home/pei/Project/duckdb-polr/extension/parquet/../../third_party/thrift -I/home/pei/Project/duckdb-polr/extension/parquet/../../third_party/zstd/include -O3 -DNDEBUG -O3 -DNDEBUG   -fPIC -fdiagnostics-color=always -std=c++11 -MD -MT extension/parquet/CMakeFiles/parquet_loadable_extension.dir/__/__/third_party/zstd/common/zstd_common.cpp.o -MF extension/parquet/CMakeFiles/parquet_loadable_extension.dir/__/__/third_party/zstd/common/zstd_common.cpp.o.d -o extension/parquet/CMakeFiles/parquet_loadable_extension.dir/__/__/third_party/zstd/common/zstd_common.cpp.o -c /home/pei/Project/duckdb-polr/third_party/zstd/common/zstd_common.cpp
[184/376] /usr/bin/ccache /usr/lib/ccache/c++ -DDUCKDB_BUILD_LIBRARY -DDUCKDB_BUILD_LOADABLE_EXTENSION -DENABLE_CROSS_PRODUCT_REWRITE=1 -DENABLE_DEBUG_PRINT=0 -DENABLE_MEASURE_EXE_TIME=0 -DENABLE_MERGE_BACK_PLAN=0 -DENABLE_PARALLEL_EXECUTION=0 -DENABLE_QUERY_SPLIT=1 -DENABLE_SPECIFY_EST_STAT=0 -I/home/pei/Project/duckdb-polr/src/include -I/home/pei/Project/duckdb-polr/third_party/fsst -I/home/pei/Project/duckdb-polr/third_party/fmt/include -I/home/pei/Project/duckdb-polr/third_party/hyperloglog -I/home/pei/Project/duckdb-polr/third_party/fastpforlib -I/home/pei/Project/duckdb-polr/third_party/fast_float -I/home/pei/Project/duckdb-polr/third_party/re2 -I/home/pei/Project/duckdb-polr/third_party/miniz -I/home/pei/Project/duckdb-polr/third_party/utf8proc/include -I/home/pei/Project/duckdb-polr/third_party/miniparquet -I/home/pei/Project/duckdb-polr/third_party/concurrentqueue -I/home/pei/Project/duckdb-polr/third_party/pcg -I/home/pei/Project/duckdb-polr/third_party/tdigest -I/home/pei/Project/duckdb-polr/third_party/mbedtls/include -I/home/pei/Project/duckdb-polr/third_party/jaro_winkler -I/home/pei/Project/duckdb-polr/extension/parquet/include -I/home/pei/Project/duckdb-polr/extension/parquet/../../third_party/parquet -I/home/pei/Project/duckdb-polr/extension/parquet/../../third_party/snappy -I/home/pei/Project/duckdb-polr/extension/parquet/../../third_party/miniz -I/home/pei/Project/duckdb-polr/extension/parquet/../../third_party/thrift -I/home/pei/Project/duckdb-polr/extension/parquet/../../third_party/zstd/include -O3 -DNDEBUG -O3 -DNDEBUG   -fPIC -fdiagnostics-color=always -std=c++11 -MD -MT extension/parquet/CMakeFiles/parquet_loadable_extension.dir/__/__/third_party/zstd/compress/hist.cpp.o -MF extension/parquet/CMakeFiles/parquet_loadable_extension.dir/__/__/third_party/zstd/compress/hist.cpp.o.d -o extension/parquet/CMakeFiles/parquet_loadable_extension.dir/__/__/third_party/zstd/compress/hist.cpp.o -c /home/pei/Project/duckdb-polr/third_party/zstd/compress/hist.cpp
[185/376] /usr/bin/ccache /usr/lib/ccache/c++ -DDUCKDB_BUILD_LIBRARY -DDUCKDB_BUILD_LOADABLE_EXTENSION -DENABLE_CROSS_PRODUCT_REWRITE=1 -DENABLE_DEBUG_PRINT=0 -DENABLE_MEASURE_EXE_TIME=0 -DENABLE_MERGE_BACK_PLAN=0 -DENABLE_PARALLEL_EXECUTION=0 -DENABLE_QUERY_SPLIT=1 -DENABLE_SPECIFY_EST_STAT=0 -I/home/pei/Project/duckdb-polr/src/include -I/home/pei/Project/duckdb-polr/third_party/fsst -I/home/pei/Project/duckdb-polr/third_party/fmt/include -I/home/pei/Project/duckdb-polr/third_party/hyperloglog -I/home/pei/Project/duckdb-polr/third_party/fastpforlib -I/home/pei/Project/duckdb-polr/third_party/fast_float -I/home/pei/Project/duckdb-polr/third_party/re2 -I/home/pei/Project/duckdb-polr/third_party/miniz -I/home/pei/Project/duckdb-polr/third_party/utf8proc/include -I/home/pei/Project/duckdb-polr/third_party/miniparquet -I/home/pei/Project/duckdb-polr/third_party/concurrentqueue -I/home/pei/Project/duckdb-polr/third_party/pcg -I/home/pei/Project/duckdb-polr/third_party/tdigest -I/home/pei/Project/duckdb-polr/third_party/mbedtls/include -I/home/pei/Project/duckdb-polr/third_party/jaro_winkler -I/home/pei/Project/duckdb-polr/extension/parquet/include -I/home/pei/Project/duckdb-polr/extension/parquet/../../third_party/parquet -I/home/pei/Project/duckdb-polr/extension/parquet/../../third_party/snappy -I/home/pei/Project/duckdb-polr/extension/parquet/../../third_party/miniz -I/home/pei/Project/duckdb-polr/extension/parquet/../../third_party/thrift -I/home/pei/Project/duckdb-polr/extension/parquet/../../third_party/zstd/include -O3 -DNDEBUG -O3 -DNDEBUG   -fPIC -fdiagnostics-color=always -std=c++11 -MD -MT extension/parquet/CMakeFiles/parquet_loadable_extension.dir/column_reader.cpp.o -MF extension/parquet/CMakeFiles/parquet_loadable_extension.dir/column_reader.cpp.o.d -o extension/parquet/CMakeFiles/parquet_loadable_extension.dir/column_reader.cpp.o -c /home/pei/Project/duckdb-polr/extension/parquet/column_reader.cpp
[186/376] /usr/bin/ccache /usr/lib/ccache/c++ -DDUCKDB_BUILD_LIBRARY -DDUCKDB_BUILD_LOADABLE_EXTENSION -DENABLE_CROSS_PRODUCT_REWRITE=1 -DENABLE_DEBUG_PRINT=0 -DENABLE_MEASURE_EXE_TIME=0 -DENABLE_MERGE_BACK_PLAN=0 -DENABLE_PARALLEL_EXECUTION=0 -DENABLE_QUERY_SPLIT=1 -DENABLE_SPECIFY_EST_STAT=0 -I/home/pei/Project/duckdb-polr/src/include -I/home/pei/Project/duckdb-polr/third_party/fsst -I/home/pei/Project/duckdb-polr/third_party/fmt/include -I/home/pei/Project/duckdb-polr/third_party/hyperloglog -I/home/pei/Project/duckdb-polr/third_party/fastpforlib -I/home/pei/Project/duckdb-polr/third_party/fast_float -I/home/pei/Project/duckdb-polr/third_party/re2 -I/home/pei/Project/duckdb-polr/third_party/miniz -I/home/pei/Project/duckdb-polr/third_party/utf8proc/include -I/home/pei/Project/duckdb-polr/third_party/miniparquet -I/home/pei/Project/duckdb-polr/third_party/concurrentqueue -I/home/pei/Project/duckdb-polr/third_party/pcg -I/home/pei/Project/duckdb-polr/third_party/tdigest -I/home/pei/Project/duckdb-polr/third_party/mbedtls/include -I/home/pei/Project/duckdb-polr/third_party/jaro_winkler -I/home/pei/Project/duckdb-polr/extension/parquet/include -I/home/pei/Project/duckdb-polr/extension/parquet/../../third_party/parquet -I/home/pei/Project/duckdb-polr/extension/parquet/../../third_party/snappy -I/home/pei/Project/duckdb-polr/extension/parquet/../../third_party/miniz -I/home/pei/Project/duckdb-polr/extension/parquet/../../third_party/thrift -I/home/pei/Project/duckdb-polr/extension/parquet/../../third_party/zstd/include -O3 -DNDEBUG -O3 -DNDEBUG   -fPIC -fdiagnostics-color=always -std=c++11 -MD -MT extension/parquet/CMakeFiles/parquet_loadable_extension.dir/__/__/third_party/zstd/common/fse_decompress.cpp.o -MF extension/parquet/CMakeFiles/parquet_loadable_extension.dir/__/__/third_party/zstd/common/fse_decompress.cpp.o.d -o extension/parquet/CMakeFiles/parquet_loadable_extension.dir/__/__/third_party/zstd/common/fse_decompress.cpp.o -c /home/pei/Project/duckdb-polr/third_party/zstd/common/fse_decompress.cpp
[187/376] /usr/bin/ccache /usr/lib/ccache/c++ -DDUCKDB_BUILD_LIBRARY -DDUCKDB_BUILD_LOADABLE_EXTENSION -DENABLE_CROSS_PRODUCT_REWRITE=1 -DENABLE_DEBUG_PRINT=0 -DENABLE_MEASURE_EXE_TIME=0 -DENABLE_MERGE_BACK_PLAN=0 -DENABLE_PARALLEL_EXECUTION=0 -DENABLE_QUERY_SPLIT=1 -DENABLE_SPECIFY_EST_STAT=0 -I/home/pei/Project/duckdb-polr/src/include -I/home/pei/Project/duckdb-polr/third_party/fsst -I/home/pei/Project/duckdb-polr/third_party/fmt/include -I/home/pei/Project/duckdb-polr/third_party/hyperloglog -I/home/pei/Project/duckdb-polr/third_party/fastpforlib -I/home/pei/Project/duckdb-polr/third_party/fast_float -I/home/pei/Project/duckdb-polr/third_party/re2 -I/home/pei/Project/duckdb-polr/third_party/miniz -I/home/pei/Project/duckdb-polr/third_party/utf8proc/include -I/home/pei/Project/duckdb-polr/third_party/miniparquet -I/home/pei/Project/duckdb-polr/third_party/concurrentqueue -I/home/pei/Project/duckdb-polr/third_party/pcg -I/home/pei/Project/duckdb-polr/third_party/tdigest -I/home/pei/Project/duckdb-polr/third_party/mbedtls/include -I/home/pei/Project/duckdb-polr/third_party/jaro_winkler -I/home/pei/Project/duckdb-polr/extension/parquet/include -I/home/pei/Project/duckdb-polr/extension/parquet/../../third_party/parquet -I/home/pei/Project/duckdb-polr/extension/parquet/../../third_party/snappy -I/home/pei/Project/duckdb-polr/extension/parquet/../../third_party/miniz -I/home/pei/Project/duckdb-polr/extension/parquet/../../third_party/thrift -I/home/pei/Project/duckdb-polr/extension/parquet/../../third_party/zstd/include -O3 -DNDEBUG -O3 -DNDEBUG   -fPIC -fdiagnostics-color=always -std=c++11 -MD -MT extension/parquet/CMakeFiles/parquet_loadable_extension.dir/__/__/third_party/zstd/compress/huf_compress.cpp.o -MF extension/parquet/CMakeFiles/parquet_loadable_extension.dir/__/__/third_party/zstd/compress/huf_compress.cpp.o.d -o extension/parquet/CMakeFiles/parquet_loadable_extension.dir/__/__/third_party/zstd/compress/huf_compress.cpp.o -c /home/pei/Project/duckdb-polr/third_party/zstd/compress/huf_compress.cpp
[188/376] /usr/bin/ccache /usr/lib/ccache/c++ -DDUCKDB_BUILD_LIBRARY -DDUCKDB_BUILD_LOADABLE_EXTENSION -DENABLE_CROSS_PRODUCT_REWRITE=1 -DENABLE_DEBUG_PRINT=0 -DENABLE_MEASURE_EXE_TIME=0 -DENABLE_MERGE_BACK_PLAN=0 -DENABLE_PARALLEL_EXECUTION=0 -DENABLE_QUERY_SPLIT=1 -DENABLE_SPECIFY_EST_STAT=0 -I/home/pei/Project/duckdb-polr/src/include -I/home/pei/Project/duckdb-polr/third_party/fsst -I/home/pei/Project/duckdb-polr/third_party/fmt/include -I/home/pei/Project/duckdb-polr/third_party/hyperloglog -I/home/pei/Project/duckdb-polr/third_party/fastpforlib -I/home/pei/Project/duckdb-polr/third_party/fast_float -I/home/pei/Project/duckdb-polr/third_party/re2 -I/home/pei/Project/duckdb-polr/third_party/miniz -I/home/pei/Project/duckdb-polr/third_party/utf8proc/include -I/home/pei/Project/duckdb-polr/third_party/miniparquet -I/home/pei/Project/duckdb-polr/third_party/concurrentqueue -I/home/pei/Project/duckdb-polr/third_party/pcg -I/home/pei/Project/duckdb-polr/third_party/tdigest -I/home/pei/Project/duckdb-polr/third_party/mbedtls/include -I/home/pei/Project/duckdb-polr/third_party/jaro_winkler -I/home/pei/Project/duckdb-polr/extension/parquet/include -I/home/pei/Project/duckdb-polr/extension/parquet/../../third_party/parquet -I/home/pei/Project/duckdb-polr/extension/parquet/../../third_party/snappy -I/home/pei/Project/duckdb-polr/extension/parquet/../../third_party/miniz -I/home/pei/Project/duckdb-polr/extension/parquet/../../third_party/thrift -I/home/pei/Project/duckdb-polr/extension/parquet/../../third_party/zstd/include -O3 -DNDEBUG -O3 -DNDEBUG   -fPIC -fdiagnostics-color=always -std=c++11 -MD -MT extension/parquet/CMakeFiles/parquet_loadable_extension.dir/__/__/third_party/thrift/thrift/transport/TTransportException.cpp.o -MF extension/parquet/CMakeFiles/parquet_loadable_extension.dir/__/__/third_party/thrift/thrift/transport/TTransportException.cpp.o.d -o extension/parquet/CMakeFiles/parquet_loadable_extension.dir/__/__/third_party/thrift/thrift/transport/TTransportException.cpp.o -c /home/pei/Project/duckdb-polr/third_party/thrift/thrift/transport/TTransportException.cpp
[189/376] /usr/bin/ccache /usr/lib/ccache/c++ -DDUCKDB_BUILD_LIBRARY -DDUCKDB_BUILD_LOADABLE_EXTENSION -DENABLE_CROSS_PRODUCT_REWRITE=1 -DENABLE_DEBUG_PRINT=0 -DENABLE_MEASURE_EXE_TIME=0 -DENABLE_MERGE_BACK_PLAN=0 -DENABLE_PARALLEL_EXECUTION=0 -DENABLE_QUERY_SPLIT=1 -DENABLE_SPECIFY_EST_STAT=0 -I/home/pei/Project/duckdb-polr/src/include -I/home/pei/Project/duckdb-polr/third_party/fsst -I/home/pei/Project/duckdb-polr/third_party/fmt/include -I/home/pei/Project/duckdb-polr/third_party/hyperloglog -I/home/pei/Project/duckdb-polr/third_party/fastpforlib -I/home/pei/Project/duckdb-polr/third_party/fast_float -I/home/pei/Project/duckdb-polr/third_party/re2 -I/home/pei/Project/duckdb-polr/third_party/miniz -I/home/pei/Project/duckdb-polr/third_party/utf8proc/include -I/home/pei/Project/duckdb-polr/third_party/miniparquet -I/home/pei/Project/duckdb-polr/third_party/concurrentqueue -I/home/pei/Project/duckdb-polr/third_party/pcg -I/home/pei/Project/duckdb-polr/third_party/tdigest -I/home/pei/Project/duckdb-polr/third_party/mbedtls/include -I/home/pei/Project/duckdb-polr/third_party/jaro_winkler -I/home/pei/Project/duckdb-polr/extension/parquet/include -I/home/pei/Project/duckdb-polr/extension/parquet/../../third_party/parquet -I/home/pei/Project/duckdb-polr/extension/parquet/../../third_party/snappy -I/home/pei/Project/duckdb-polr/extension/parquet/../../third_party/miniz -I/home/pei/Project/duckdb-polr/extension/parquet/../../third_party/thrift -I/home/pei/Project/duckdb-polr/extension/parquet/../../third_party/zstd/include -O3 -DNDEBUG -O3 -DNDEBUG   -fPIC -fdiagnostics-color=always -std=c++11 -MD -MT extension/parquet/CMakeFiles/parquet_loadable_extension.dir/__/__/third_party/zstd/common/xxhash.cpp.o -MF extension/parquet/CMakeFiles/parquet_loadable_extension.dir/__/__/third_party/zstd/common/xxhash.cpp.o.d -o extension/parquet/CMakeFiles/parquet_loadable_extension.dir/__/__/third_party/zstd/common/xxhash.cpp.o -c /home/pei/Project/duckdb-polr/third_party/zstd/common/xxhash.cpp
[190/376] /usr/bin/ccache /usr/lib/ccache/c++ -DDUCKDB_BUILD_LIBRARY -DDUCKDB_BUILD_LOADABLE_EXTENSION -DENABLE_CROSS_PRODUCT_REWRITE=1 -DENABLE_DEBUG_PRINT=0 -DENABLE_MEASURE_EXE_TIME=0 -DENABLE_MERGE_BACK_PLAN=0 -DENABLE_PARALLEL_EXECUTION=0 -DENABLE_QUERY_SPLIT=1 -DENABLE_SPECIFY_EST_STAT=0 -I/home/pei/Project/duckdb-polr/src/include -I/home/pei/Project/duckdb-polr/third_party/fsst -I/home/pei/Project/duckdb-polr/third_party/fmt/include -I/home/pei/Project/duckdb-polr/third_party/hyperloglog -I/home/pei/Project/duckdb-polr/third_party/fastpforlib -I/home/pei/Project/duckdb-polr/third_party/fast_float -I/home/pei/Project/duckdb-polr/third_party/re2 -I/home/pei/Project/duckdb-polr/third_party/miniz -I/home/pei/Project/duckdb-polr/third_party/utf8proc/include -I/home/pei/Project/duckdb-polr/third_party/miniparquet -I/home/pei/Project/duckdb-polr/third_party/concurrentqueue -I/home/pei/Project/duckdb-polr/third_party/pcg -I/home/pei/Project/duckdb-polr/third_party/tdigest -I/home/pei/Project/duckdb-polr/third_party/mbedtls/include -I/home/pei/Project/duckdb-polr/third_party/jaro_winkler -I/home/pei/Project/duckdb-polr/extension/parquet/include -I/home/pei/Project/duckdb-polr/extension/parquet/../../third_party/parquet -I/home/pei/Project/duckdb-polr/extension/parquet/../../third_party/snappy -I/home/pei/Project/duckdb-polr/extension/parquet/../../third_party/miniz -I/home/pei/Project/duckdb-polr/extension/parquet/../../third_party/thrift -I/home/pei/Project/duckdb-polr/extension/parquet/../../third_party/zstd/include -O3 -DNDEBUG -O3 -DNDEBUG   -fPIC -fdiagnostics-color=always -std=c++11 -MD -MT extension/parquet/CMakeFiles/parquet_loadable_extension.dir/__/__/third_party/zstd/compress/fse_compress.cpp.o -MF extension/parquet/CMakeFiles/parquet_loadable_extension.dir/__/__/third_party/zstd/compress/fse_compress.cpp.o.d -o extension/parquet/CMakeFiles/parquet_loadable_extension.dir/__/__/third_party/zstd/compress/fse_compress.cpp.o -c /home/pei/Project/duckdb-polr/third_party/zstd/compress/fse_compress.cpp
[191/376] /usr/bin/ccache /usr/lib/ccache/c++ -DDUCKDB_BUILD_LIBRARY -DDUCKDB_BUILD_LOADABLE_EXTENSION -DENABLE_CROSS_PRODUCT_REWRITE=1 -DENABLE_DEBUG_PRINT=0 -DENABLE_MEASURE_EXE_TIME=0 -DENABLE_MERGE_BACK_PLAN=0 -DENABLE_PARALLEL_EXECUTION=0 -DENABLE_QUERY_SPLIT=1 -DENABLE_SPECIFY_EST_STAT=0 -I/home/pei/Project/duckdb-polr/src/include -I/home/pei/Project/duckdb-polr/third_party/fsst -I/home/pei/Project/duckdb-polr/third_party/fmt/include -I/home/pei/Project/duckdb-polr/third_party/hyperloglog -I/home/pei/Project/duckdb-polr/third_party/fastpforlib -I/home/pei/Project/duckdb-polr/third_party/fast_float -I/home/pei/Project/duckdb-polr/third_party/re2 -I/home/pei/Project/duckdb-polr/third_party/miniz -I/home/pei/Project/duckdb-polr/third_party/utf8proc/include -I/home/pei/Project/duckdb-polr/third_party/miniparquet -I/home/pei/Project/duckdb-polr/third_party/concurrentqueue -I/home/pei/Project/duckdb-polr/third_party/pcg -I/home/pei/Project/duckdb-polr/third_party/tdigest -I/home/pei/Project/duckdb-polr/third_party/mbedtls/include -I/home/pei/Project/duckdb-polr/third_party/jaro_winkler -I/home/pei/Project/duckdb-polr/extension/parquet/include -I/home/pei/Project/duckdb-polr/extension/parquet/../../third_party/parquet -I/home/pei/Project/duckdb-polr/extension/parquet/../../third_party/snappy -I/home/pei/Project/duckdb-polr/extension/parquet/../../third_party/miniz -I/home/pei/Project/duckdb-polr/extension/parquet/../../third_party/thrift -I/home/pei/Project/duckdb-polr/extension/parquet/../../third_party/zstd/include -O3 -DNDEBUG -O3 -DNDEBUG   -fPIC -fdiagnostics-color=always -std=c++11 -MD -MT extension/parquet/CMakeFiles/parquet_loadable_extension.dir/__/__/third_party/zstd/compress/zstd_compress_superblock.cpp.o -MF extension/parquet/CMakeFiles/parquet_loadable_extension.dir/__/__/third_party/zstd/compress/zstd_compress_superblock.cpp.o.d -o extension/parquet/CMakeFiles/parquet_loadable_extension.dir/__/__/third_party/zstd/compress/zstd_compress_superblock.cpp.o -c /home/pei/Project/duckdb-polr/third_party/zstd/compress/zstd_compress_superblock.cpp
[192/376] /usr/bin/ccache /usr/lib/ccache/c++ -DDUCKDB_BUILD_LIBRARY -DDUCKDB_BUILD_LOADABLE_EXTENSION -DENABLE_CROSS_PRODUCT_REWRITE=1 -DENABLE_DEBUG_PRINT=0 -DENABLE_MEASURE_EXE_TIME=0 -DENABLE_MERGE_BACK_PLAN=0 -DENABLE_PARALLEL_EXECUTION=0 -DENABLE_QUERY_SPLIT=1 -DENABLE_SPECIFY_EST_STAT=0 -I/home/pei/Project/duckdb-polr/src/include -I/home/pei/Project/duckdb-polr/third_party/fsst -I/home/pei/Project/duckdb-polr/third_party/fmt/include -I/home/pei/Project/duckdb-polr/third_party/hyperloglog -I/home/pei/Project/duckdb-polr/third_party/fastpforlib -I/home/pei/Project/duckdb-polr/third_party/fast_float -I/home/pei/Project/duckdb-polr/third_party/re2 -I/home/pei/Project/duckdb-polr/third_party/miniz -I/home/pei/Project/duckdb-polr/third_party/utf8proc/include -I/home/pei/Project/duckdb-polr/third_party/miniparquet -I/home/pei/Project/duckdb-polr/third_party/concurrentqueue -I/home/pei/Project/duckdb-polr/third_party/pcg -I/home/pei/Project/duckdb-polr/third_party/tdigest -I/home/pei/Project/duckdb-polr/third_party/mbedtls/include -I/home/pei/Project/duckdb-polr/third_party/jaro_winkler -I/home/pei/Project/duckdb-polr/extension/parquet/include -I/home/pei/Project/duckdb-polr/extension/parquet/../../third_party/parquet -I/home/pei/Project/duckdb-polr/extension/parquet/../../third_party/snappy -I/home/pei/Project/duckdb-polr/extension/parquet/../../third_party/miniz -I/home/pei/Project/duckdb-polr/extension/parquet/../../third_party/thrift -I/home/pei/Project/duckdb-polr/extension/parquet/../../third_party/zstd/include -O3 -DNDEBUG -O3 -DNDEBUG   -fPIC -fdiagnostics-color=always -std=c++11 -MD -MT extension/parquet/CMakeFiles/parquet_loadable_extension.dir/__/__/third_party/zstd/decompress/zstd_decompress.cpp.o -MF extension/parquet/CMakeFiles/parquet_loadable_extension.dir/__/__/third_party/zstd/decompress/zstd_decompress.cpp.o.d -o extension/parquet/CMakeFiles/parquet_loadable_extension.dir/__/__/third_party/zstd/decompress/zstd_decompress.cpp.o -c /home/pei/Project/duckdb-polr/third_party/zstd/decompress/zstd_decompress.cpp
[193/376] /usr/bin/ccache /usr/lib/ccache/c++ -DDUCKDB_BUILD_LIBRARY -DDUCKDB_BUILD_LOADABLE_EXTENSION -DENABLE_CROSS_PRODUCT_REWRITE=1 -DENABLE_DEBUG_PRINT=0 -DENABLE_MEASURE_EXE_TIME=0 -DENABLE_MERGE_BACK_PLAN=0 -DENABLE_PARALLEL_EXECUTION=0 -DENABLE_QUERY_SPLIT=1 -DENABLE_SPECIFY_EST_STAT=0 -I/home/pei/Project/duckdb-polr/src/include -I/home/pei/Project/duckdb-polr/third_party/fsst -I/home/pei/Project/duckdb-polr/third_party/fmt/include -I/home/pei/Project/duckdb-polr/third_party/hyperloglog -I/home/pei/Project/duckdb-polr/third_party/fastpforlib -I/home/pei/Project/duckdb-polr/third_party/fast_float -I/home/pei/Project/duckdb-polr/third_party/re2 -I/home/pei/Project/duckdb-polr/third_party/miniz -I/home/pei/Project/duckdb-polr/third_party/utf8proc/include -I/home/pei/Project/duckdb-polr/third_party/miniparquet -I/home/pei/Project/duckdb-polr/third_party/concurrentqueue -I/home/pei/Project/duckdb-polr/third_party/pcg -I/home/pei/Project/duckdb-polr/third_party/tdigest -I/home/pei/Project/duckdb-polr/third_party/mbedtls/include -I/home/pei/Project/duckdb-polr/third_party/jaro_winkler -I/home/pei/Project/duckdb-polr/extension/parquet/include -I/home/pei/Project/duckdb-polr/extension/parquet/../../third_party/parquet -I/home/pei/Project/duckdb-polr/extension/parquet/../../third_party/snappy -I/home/pei/Project/duckdb-polr/extension/parquet/../../third_party/miniz -I/home/pei/Project/duckdb-polr/extension/parquet/../../third_party/thrift -I/home/pei/Project/duckdb-polr/extension/parquet/../../third_party/zstd/include -O3 -DNDEBUG -O3 -DNDEBUG   -fPIC -fdiagnostics-color=always -std=c++11 -MD -MT extension/parquet/CMakeFiles/parquet_loadable_extension.dir/__/__/third_party/zstd/compress/zstd_opt.cpp.o -MF extension/parquet/CMakeFiles/parquet_loadable_extension.dir/__/__/third_party/zstd/compress/zstd_opt.cpp.o.d -o extension/parquet/CMakeFiles/parquet_loadable_extension.dir/__/__/third_party/zstd/compress/zstd_opt.cpp.o -c /home/pei/Project/duckdb-polr/third_party/zstd/compress/zstd_opt.cpp
[194/376] /usr/bin/ccache /usr/lib/ccache/c++ -DDUCKDB_BUILD_LIBRARY -DDUCKDB_BUILD_LOADABLE_EXTENSION -DENABLE_CROSS_PRODUCT_REWRITE=1 -DENABLE_DEBUG_PRINT=0 -DENABLE_MEASURE_EXE_TIME=0 -DENABLE_MERGE_BACK_PLAN=0 -DENABLE_PARALLEL_EXECUTION=0 -DENABLE_QUERY_SPLIT=1 -DENABLE_SPECIFY_EST_STAT=0 -I/home/pei/Project/duckdb-polr/src/include -I/home/pei/Project/duckdb-polr/third_party/fsst -I/home/pei/Project/duckdb-polr/third_party/fmt/include -I/home/pei/Project/duckdb-polr/third_party/hyperloglog -I/home/pei/Project/duckdb-polr/third_party/fastpforlib -I/home/pei/Project/duckdb-polr/third_party/fast_float -I/home/pei/Project/duckdb-polr/third_party/re2 -I/home/pei/Project/duckdb-polr/third_party/miniz -I/home/pei/Project/duckdb-polr/third_party/utf8proc/include -I/home/pei/Project/duckdb-polr/third_party/miniparquet -I/home/pei/Project/duckdb-polr/third_party/concurrentqueue -I/home/pei/Project/duckdb-polr/third_party/pcg -I/home/pei/Project/duckdb-polr/third_party/tdigest -I/home/pei/Project/duckdb-polr/third_party/mbedtls/include -I/home/pei/Project/duckdb-polr/third_party/jaro_winkler -I/home/pei/Project/duckdb-polr/extension/parquet/include -I/home/pei/Project/duckdb-polr/extension/parquet/../../third_party/parquet -I/home/pei/Project/duckdb-polr/extension/parquet/../../third_party/snappy -I/home/pei/Project/duckdb-polr/extension/parquet/../../third_party/miniz -I/home/pei/Project/duckdb-polr/extension/parquet/../../third_party/thrift -I/home/pei/Project/duckdb-polr/extension/parquet/../../third_party/zstd/include -O3 -DNDEBUG -O3 -DNDEBUG   -fPIC -fdiagnostics-color=always -std=c++11 -MD -MT extension/parquet/CMakeFiles/parquet_loadable_extension.dir/__/__/third_party/thrift/thrift/transport/TBufferTransports.cpp.o -MF extension/parquet/CMakeFiles/parquet_loadable_extension.dir/__/__/third_party/thrift/thrift/transport/TBufferTransports.cpp.o.d -o extension/parquet/CMakeFiles/parquet_loadable_extension.dir/__/__/third_party/thrift/thrift/transport/TBufferTransports.cpp.o -c /home/pei/Project/duckdb-polr/third_party/thrift/thrift/transport/TBufferTransports.cpp
[195/376] /usr/bin/ccache /usr/lib/ccache/c++ -DDUCKDB_BUILD_LIBRARY -DDUCKDB_BUILD_LOADABLE_EXTENSION -DENABLE_CROSS_PRODUCT_REWRITE=1 -DENABLE_DEBUG_PRINT=0 -DENABLE_MEASURE_EXE_TIME=0 -DENABLE_MERGE_BACK_PLAN=0 -DENABLE_PARALLEL_EXECUTION=0 -DENABLE_QUERY_SPLIT=1 -DENABLE_SPECIFY_EST_STAT=0 -I/home/pei/Project/duckdb-polr/src/include -I/home/pei/Project/duckdb-polr/third_party/fsst -I/home/pei/Project/duckdb-polr/third_party/fmt/include -I/home/pei/Project/duckdb-polr/third_party/hyperloglog -I/home/pei/Project/duckdb-polr/third_party/fastpforlib -I/home/pei/Project/duckdb-polr/third_party/fast_float -I/home/pei/Project/duckdb-polr/third_party/re2 -I/home/pei/Project/duckdb-polr/third_party/miniz -I/home/pei/Project/duckdb-polr/third_party/utf8proc/include -I/home/pei/Project/duckdb-polr/third_party/miniparquet -I/home/pei/Project/duckdb-polr/third_party/concurrentqueue -I/home/pei/Project/duckdb-polr/third_party/pcg -I/home/pei/Project/duckdb-polr/third_party/tdigest -I/home/pei/Project/duckdb-polr/third_party/mbedtls/include -I/home/pei/Project/duckdb-polr/third_party/jaro_winkler -I/home/pei/Project/duckdb-polr/extension/parquet/include -I/home/pei/Project/duckdb-polr/extension/parquet/../../third_party/parquet -I/home/pei/Project/duckdb-polr/extension/parquet/../../third_party/snappy -I/home/pei/Project/duckdb-polr/extension/parquet/../../third_party/miniz -I/home/pei/Project/duckdb-polr/extension/parquet/../../third_party/thrift -I/home/pei/Project/duckdb-polr/extension/parquet/../../third_party/zstd/include -O3 -DNDEBUG -O3 -DNDEBUG   -fPIC -fdiagnostics-color=always -std=c++11 -MD -MT extension/parquet/CMakeFiles/parquet_loadable_extension.dir/__/__/third_party/zstd/compress/zstd_ldm.cpp.o -MF extension/parquet/CMakeFiles/parquet_loadable_extension.dir/__/__/third_party/zstd/compress/zstd_ldm.cpp.o.d -o extension/parquet/CMakeFiles/parquet_loadable_extension.dir/__/__/third_party/zstd/compress/zstd_ldm.cpp.o -c /home/pei/Project/duckdb-polr/third_party/zstd/compress/zstd_ldm.cpp
[196/376] /usr/bin/ccache /usr/lib/ccache/c++ -DDUCKDB_BUILD_LIBRARY -DDUCKDB_BUILD_LOADABLE_EXTENSION -DENABLE_CROSS_PRODUCT_REWRITE=1 -DENABLE_DEBUG_PRINT=0 -DENABLE_MEASURE_EXE_TIME=0 -DENABLE_MERGE_BACK_PLAN=0 -DENABLE_PARALLEL_EXECUTION=0 -DENABLE_QUERY_SPLIT=1 -DENABLE_SPECIFY_EST_STAT=0 -I/home/pei/Project/duckdb-polr/src/include -I/home/pei/Project/duckdb-polr/third_party/fsst -I/home/pei/Project/duckdb-polr/third_party/fmt/include -I/home/pei/Project/duckdb-polr/third_party/hyperloglog -I/home/pei/Project/duckdb-polr/third_party/fastpforlib -I/home/pei/Project/duckdb-polr/third_party/fast_float -I/home/pei/Project/duckdb-polr/third_party/re2 -I/home/pei/Project/duckdb-polr/third_party/miniz -I/home/pei/Project/duckdb-polr/third_party/utf8proc/include -I/home/pei/Project/duckdb-polr/third_party/miniparquet -I/home/pei/Project/duckdb-polr/third_party/concurrentqueue -I/home/pei/Project/duckdb-polr/third_party/pcg -I/home/pei/Project/duckdb-polr/third_party/tdigest -I/home/pei/Project/duckdb-polr/third_party/mbedtls/include -I/home/pei/Project/duckdb-polr/third_party/jaro_winkler -I/home/pei/Project/duckdb-polr/extension/parquet/include -I/home/pei/Project/duckdb-polr/extension/parquet/../../third_party/parquet -I/home/pei/Project/duckdb-polr/extension/parquet/../../third_party/snappy -I/home/pei/Project/duckdb-polr/extension/parquet/../../third_party/miniz -I/home/pei/Project/duckdb-polr/extension/parquet/../../third_party/thrift -I/home/pei/Project/duckdb-polr/extension/parquet/../../third_party/zstd/include -O3 -DNDEBUG -O3 -DNDEBUG   -fPIC -fdiagnostics-color=always -std=c++11 -MD -MT extension/parquet/CMakeFiles/parquet_loadable_extension.dir/__/__/third_party/zstd/compress/zstd_compress_literals.cpp.o -MF extension/parquet/CMakeFiles/parquet_loadable_extension.dir/__/__/third_party/zstd/compress/zstd_compress_literals.cpp.o.d -o extension/parquet/CMakeFiles/parquet_loadable_extension.dir/__/__/third_party/zstd/compress/zstd_compress_literals.cpp.o -c /home/pei/Project/duckdb-polr/third_party/zstd/compress/zstd_compress_literals.cpp
[197/376] /usr/bin/ccache /usr/lib/ccache/c++ -DDUCKDB_BUILD_LIBRARY -DDUCKDB_BUILD_LOADABLE_EXTENSION -DENABLE_CROSS_PRODUCT_REWRITE=1 -DENABLE_DEBUG_PRINT=0 -DENABLE_MEASURE_EXE_TIME=0 -DENABLE_MERGE_BACK_PLAN=0 -DENABLE_PARALLEL_EXECUTION=0 -DENABLE_QUERY_SPLIT=1 -DENABLE_SPECIFY_EST_STAT=0 -I/home/pei/Project/duckdb-polr/src/include -I/home/pei/Project/duckdb-polr/third_party/fsst -I/home/pei/Project/duckdb-polr/third_party/fmt/include -I/home/pei/Project/duckdb-polr/third_party/hyperloglog -I/home/pei/Project/duckdb-polr/third_party/fastpforlib -I/home/pei/Project/duckdb-polr/third_party/fast_float -I/home/pei/Project/duckdb-polr/third_party/re2 -I/home/pei/Project/duckdb-polr/third_party/miniz -I/home/pei/Project/duckdb-polr/third_party/utf8proc/include -I/home/pei/Project/duckdb-polr/third_party/miniparquet -I/home/pei/Project/duckdb-polr/third_party/concurrentqueue -I/home/pei/Project/duckdb-polr/third_party/pcg -I/home/pei/Project/duckdb-polr/third_party/tdigest -I/home/pei/Project/duckdb-polr/third_party/mbedtls/include -I/home/pei/Project/duckdb-polr/third_party/jaro_winkler -I/home/pei/Project/duckdb-polr/extension/parquet/include -I/home/pei/Project/duckdb-polr/extension/parquet/../../third_party/parquet -I/home/pei/Project/duckdb-polr/extension/parquet/../../third_party/snappy -I/home/pei/Project/duckdb-polr/extension/parquet/../../third_party/miniz -I/home/pei/Project/duckdb-polr/extension/parquet/../../third_party/thrift -I/home/pei/Project/duckdb-polr/extension/parquet/../../third_party/zstd/include -O3 -DNDEBUG -O3 -DNDEBUG   -fPIC -fdiagnostics-color=always -std=c++11 -MD -MT extension/parquet/CMakeFiles/parquet_loadable_extension.dir/__/__/third_party/zstd/compress/zstd_double_fast.cpp.o -MF extension/parquet/CMakeFiles/parquet_loadable_extension.dir/__/__/third_party/zstd/compress/zstd_double_fast.cpp.o.d -o extension/parquet/CMakeFiles/parquet_loadable_extension.dir/__/__/third_party/zstd/compress/zstd_double_fast.cpp.o -c /home/pei/Project/duckdb-polr/third_party/zstd/compress/zstd_double_fast.cpp
[198/376] /usr/bin/ccache /usr/lib/ccache/c++ -DDUCKDB_BUILD_LIBRARY -DDUCKDB_BUILD_LOADABLE_EXTENSION -DENABLE_CROSS_PRODUCT_REWRITE=1 -DENABLE_DEBUG_PRINT=0 -DENABLE_MEASURE_EXE_TIME=0 -DENABLE_MERGE_BACK_PLAN=0 -DENABLE_PARALLEL_EXECUTION=0 -DENABLE_QUERY_SPLIT=1 -DENABLE_SPECIFY_EST_STAT=0 -I/home/pei/Project/duckdb-polr/src/include -I/home/pei/Project/duckdb-polr/third_party/fsst -I/home/pei/Project/duckdb-polr/third_party/fmt/include -I/home/pei/Project/duckdb-polr/third_party/hyperloglog -I/home/pei/Project/duckdb-polr/third_party/fastpforlib -I/home/pei/Project/duckdb-polr/third_party/fast_float -I/home/pei/Project/duckdb-polr/third_party/re2 -I/home/pei/Project/duckdb-polr/third_party/miniz -I/home/pei/Project/duckdb-polr/third_party/utf8proc/include -I/home/pei/Project/duckdb-polr/third_party/miniparquet -I/home/pei/Project/duckdb-polr/third_party/concurrentqueue -I/home/pei/Project/duckdb-polr/third_party/pcg -I/home/pei/Project/duckdb-polr/third_party/tdigest -I/home/pei/Project/duckdb-polr/third_party/mbedtls/include -I/home/pei/Project/duckdb-polr/third_party/jaro_winkler -I/home/pei/Project/duckdb-polr/extension/parquet/include -I/home/pei/Project/duckdb-polr/extension/parquet/../../third_party/parquet -I/home/pei/Project/duckdb-polr/extension/parquet/../../third_party/snappy -I/home/pei/Project/duckdb-polr/extension/parquet/../../third_party/miniz -I/home/pei/Project/duckdb-polr/extension/parquet/../../third_party/thrift -I/home/pei/Project/duckdb-polr/extension/parquet/../../third_party/zstd/include -O3 -DNDEBUG -O3 -DNDEBUG   -fPIC -fdiagnostics-color=always -std=c++11 -MD -MT extension/parquet/CMakeFiles/parquet_loadable_extension.dir/__/__/third_party/zstd/compress/zstd_fast.cpp.o -MF extension/parquet/CMakeFiles/parquet_loadable_extension.dir/__/__/third_party/zstd/compress/zstd_fast.cpp.o.d -o extension/parquet/CMakeFiles/parquet_loadable_extension.dir/__/__/third_party/zstd/compress/zstd_fast.cpp.o -c /home/pei/Project/duckdb-polr/third_party/zstd/compress/zstd_fast.cpp
[199/376] /usr/bin/ccache /usr/lib/ccache/c++ -DDUCKDB_BUILD_LIBRARY -DDUCKDB_BUILD_LOADABLE_EXTENSION -DENABLE_CROSS_PRODUCT_REWRITE=1 -DENABLE_DEBUG_PRINT=0 -DENABLE_MEASURE_EXE_TIME=0 -DENABLE_MERGE_BACK_PLAN=0 -DENABLE_PARALLEL_EXECUTION=0 -DENABLE_QUERY_SPLIT=1 -DENABLE_SPECIFY_EST_STAT=0 -I/home/pei/Project/duckdb-polr/src/include -I/home/pei/Project/duckdb-polr/third_party/fsst -I/home/pei/Project/duckdb-polr/third_party/fmt/include -I/home/pei/Project/duckdb-polr/third_party/hyperloglog -I/home/pei/Project/duckdb-polr/third_party/fastpforlib -I/home/pei/Project/duckdb-polr/third_party/fast_float -I/home/pei/Project/duckdb-polr/third_party/re2 -I/home/pei/Project/duckdb-polr/third_party/miniz -I/home/pei/Project/duckdb-polr/third_party/utf8proc/include -I/home/pei/Project/duckdb-polr/third_party/miniparquet -I/home/pei/Project/duckdb-polr/third_party/concurrentqueue -I/home/pei/Project/duckdb-polr/third_party/pcg -I/home/pei/Project/duckdb-polr/third_party/tdigest -I/home/pei/Project/duckdb-polr/third_party/mbedtls/include -I/home/pei/Project/duckdb-polr/third_party/jaro_winkler -I/home/pei/Project/duckdb-polr/extension/parquet/include -I/home/pei/Project/duckdb-polr/extension/parquet/../../third_party/parquet -I/home/pei/Project/duckdb-polr/extension/parquet/../../third_party/snappy -I/home/pei/Project/duckdb-polr/extension/parquet/../../third_party/miniz -I/home/pei/Project/duckdb-polr/extension/parquet/../../third_party/thrift -I/home/pei/Project/duckdb-polr/extension/parquet/../../third_party/zstd/include -O3 -DNDEBUG -O3 -DNDEBUG   -fPIC -fdiagnostics-color=always -std=c++11 -MD -MT extension/parquet/CMakeFiles/parquet_loadable_extension.dir/__/__/third_party/zstd/compress/zstd_compress.cpp.o -MF extension/parquet/CMakeFiles/parquet_loadable_extension.dir/__/__/third_party/zstd/compress/zstd_compress.cpp.o.d -o extension/parquet/CMakeFiles/parquet_loadable_extension.dir/__/__/third_party/zstd/compress/zstd_compress.cpp.o -c /home/pei/Project/duckdb-polr/third_party/zstd/compress/zstd_compress.cpp
[200/376] /usr/bin/ccache /usr/lib/ccache/c++ -DDUCKDB_BUILD_LIBRARY -DDUCKDB_BUILD_LOADABLE_EXTENSION -DENABLE_CROSS_PRODUCT_REWRITE=1 -DENABLE_DEBUG_PRINT=0 -DENABLE_MEASURE_EXE_TIME=0 -DENABLE_MERGE_BACK_PLAN=0 -DENABLE_PARALLEL_EXECUTION=0 -DENABLE_QUERY_SPLIT=1 -DENABLE_SPECIFY_EST_STAT=0 -I/home/pei/Project/duckdb-polr/src/include -I/home/pei/Project/duckdb-polr/third_party/fsst -I/home/pei/Project/duckdb-polr/third_party/fmt/include -I/home/pei/Project/duckdb-polr/third_party/hyperloglog -I/home/pei/Project/duckdb-polr/third_party/fastpforlib -I/home/pei/Project/duckdb-polr/third_party/fast_float -I/home/pei/Project/duckdb-polr/third_party/re2 -I/home/pei/Project/duckdb-polr/third_party/miniz -I/home/pei/Project/duckdb-polr/third_party/utf8proc/include -I/home/pei/Project/duckdb-polr/third_party/miniparquet -I/home/pei/Project/duckdb-polr/third_party/concurrentqueue -I/home/pei/Project/duckdb-polr/third_party/pcg -I/home/pei/Project/duckdb-polr/third_party/tdigest -I/home/pei/Project/duckdb-polr/third_party/mbedtls/include -I/home/pei/Project/duckdb-polr/third_party/jaro_winkler -I/home/pei/Project/duckdb-polr/extension/parquet/include -I/home/pei/Project/duckdb-polr/extension/parquet/../../third_party/parquet -I/home/pei/Project/duckdb-polr/extension/parquet/../../third_party/snappy -I/home/pei/Project/duckdb-polr/extension/parquet/../../third_party/miniz -I/home/pei/Project/duckdb-polr/extension/parquet/../../third_party/thrift -I/home/pei/Project/duckdb-polr/extension/parquet/../../third_party/zstd/include -O3 -DNDEBUG -O3 -DNDEBUG   -fPIC -fdiagnostics-color=always -std=c++11 -MD -MT extension/parquet/CMakeFiles/parquet_loadable_extension.dir/__/__/third_party/zstd/compress/zstd_lazy.cpp.o -MF extension/parquet/CMakeFiles/parquet_loadable_extension.dir/__/__/third_party/zstd/compress/zstd_lazy.cpp.o.d -o extension/parquet/CMakeFiles/parquet_loadable_extension.dir/__/__/third_party/zstd/compress/zstd_lazy.cpp.o -c /home/pei/Project/duckdb-polr/third_party/zstd/compress/zstd_lazy.cpp
[201/376] /usr/bin/ccache /usr/lib/ccache/c++ -DDUCKDB_BUILD_LIBRARY -DDUCKDB_BUILD_LOADABLE_EXTENSION -DENABLE_CROSS_PRODUCT_REWRITE=1 -DENABLE_DEBUG_PRINT=0 -DENABLE_MEASURE_EXE_TIME=0 -DENABLE_MERGE_BACK_PLAN=0 -DENABLE_PARALLEL_EXECUTION=0 -DENABLE_QUERY_SPLIT=1 -DENABLE_SPECIFY_EST_STAT=0 -I/home/pei/Project/duckdb-polr/src/include -I/home/pei/Project/duckdb-polr/third_party/fsst -I/home/pei/Project/duckdb-polr/third_party/fmt/include -I/home/pei/Project/duckdb-polr/third_party/hyperloglog -I/home/pei/Project/duckdb-polr/third_party/fastpforlib -I/home/pei/Project/duckdb-polr/third_party/fast_float -I/home/pei/Project/duckdb-polr/third_party/re2 -I/home/pei/Project/duckdb-polr/third_party/miniz -I/home/pei/Project/duckdb-polr/third_party/utf8proc/include -I/home/pei/Project/duckdb-polr/third_party/miniparquet -I/home/pei/Project/duckdb-polr/third_party/concurrentqueue -I/home/pei/Project/duckdb-polr/third_party/pcg -I/home/pei/Project/duckdb-polr/third_party/tdigest -I/home/pei/Project/duckdb-polr/third_party/mbedtls/include -I/home/pei/Project/duckdb-polr/third_party/jaro_winkler -I/home/pei/Project/duckdb-polr/extension/parquet/include -I/home/pei/Project/duckdb-polr/extension/parquet/../../third_party/parquet -I/home/pei/Project/duckdb-polr/extension/parquet/../../third_party/snappy -I/home/pei/Project/duckdb-polr/extension/parquet/../../third_party/miniz -I/home/pei/Project/duckdb-polr/extension/parquet/../../third_party/thrift -I/home/pei/Project/duckdb-polr/extension/parquet/../../third_party/zstd/include -O3 -DNDEBUG -O3 -DNDEBUG   -fPIC -fdiagnostics-color=always -std=c++11 -MD -MT extension/parquet/CMakeFiles/parquet_loadable_extension.dir/parquet-extension.cpp.o -MF extension/parquet/CMakeFiles/parquet_loadable_extension.dir/parquet-extension.cpp.o.d -o extension/parquet/CMakeFiles/parquet_loadable_extension.dir/parquet-extension.cpp.o -c /home/pei/Project/duckdb-polr/extension/parquet/parquet-extension.cpp
[202/376] /usr/bin/ccache /usr/lib/ccache/c++ -DDUCKDB_BUILD_LIBRARY -DDUCKDB_BUILD_LOADABLE_EXTENSION -DENABLE_CROSS_PRODUCT_REWRITE=1 -DENABLE_DEBUG_PRINT=0 -DENABLE_MEASURE_EXE_TIME=0 -DENABLE_MERGE_BACK_PLAN=0 -DENABLE_PARALLEL_EXECUTION=0 -DENABLE_QUERY_SPLIT=1 -DENABLE_SPECIFY_EST_STAT=0 -I/home/pei/Project/duckdb-polr/src/include -I/home/pei/Project/duckdb-polr/third_party/fsst -I/home/pei/Project/duckdb-polr/third_party/fmt/include -I/home/pei/Project/duckdb-polr/third_party/hyperloglog -I/home/pei/Project/duckdb-polr/third_party/fastpforlib -I/home/pei/Project/duckdb-polr/third_party/fast_float -I/home/pei/Project/duckdb-polr/third_party/re2 -I/home/pei/Project/duckdb-polr/third_party/miniz -I/home/pei/Project/duckdb-polr/third_party/utf8proc/include -I/home/pei/Project/duckdb-polr/third_party/miniparquet -I/home/pei/Project/duckdb-polr/third_party/concurrentqueue -I/home/pei/Project/duckdb-polr/third_party/pcg -I/home/pei/Project/duckdb-polr/third_party/tdigest -I/home/pei/Project/duckdb-polr/third_party/mbedtls/include -I/home/pei/Project/duckdb-polr/third_party/jaro_winkler -I/home/pei/Project/duckdb-polr/extension/parquet/include -I/home/pei/Project/duckdb-polr/extension/parquet/../../third_party/parquet -I/home/pei/Project/duckdb-polr/extension/parquet/../../third_party/snappy -I/home/pei/Project/duckdb-polr/extension/parquet/../../third_party/miniz -I/home/pei/Project/duckdb-polr/extension/parquet/../../third_party/thrift -I/home/pei/Project/duckdb-polr/extension/parquet/../../third_party/zstd/include -O3 -DNDEBUG -O3 -DNDEBUG   -fPIC -fdiagnostics-color=always -std=c++11 -MD -MT extension/parquet/CMakeFiles/parquet_loadable_extension.dir/__/__/third_party/zstd/compress/zstd_compress_sequences.cpp.o -MF extension/parquet/CMakeFiles/parquet_loadable_extension.dir/__/__/third_party/zstd/compress/zstd_compress_sequences.cpp.o.d -o extension/parquet/CMakeFiles/parquet_loadable_extension.dir/__/__/third_party/zstd/compress/zstd_compress_sequences.cpp.o -c /home/pei/Project/duckdb-polr/third_party/zstd/compress/zstd_compress_sequences.cpp
[203/376] /usr/bin/ccache /usr/lib/ccache/c++ -DDUCKDB_BUILD_LIBRARY -DENABLE_CROSS_PRODUCT_REWRITE=1 -DENABLE_DEBUG_PRINT=0 -DENABLE_MEASURE_EXE_TIME=0 -DENABLE_MERGE_BACK_PLAN=0 -DENABLE_PARALLEL_EXECUTION=0 -DENABLE_QUERY_SPLIT=1 -DENABLE_SPECIFY_EST_STAT=0 -DJEMALLOC_NO_PRIVATE_NAMESPACE -DJEMALLOC_NO_RENAME -I/home/pei/Project/duckdb-polr/src/include -I/home/pei/Project/duckdb-polr/third_party/fsst -I/home/pei/Project/duckdb-polr/third_party/fmt/include -I/home/pei/Project/duckdb-polr/third_party/hyperloglog -I/home/pei/Project/duckdb-polr/third_party/fastpforlib -I/home/pei/Project/duckdb-polr/third_party/fast_float -I/home/pei/Project/duckdb-polr/third_party/re2 -I/home/pei/Project/duckdb-polr/third_party/miniz -I/home/pei/Project/duckdb-polr/third_party/utf8proc/include -I/home/pei/Project/duckdb-polr/third_party/miniparquet -I/home/pei/Project/duckdb-polr/third_party/concurrentqueue -I/home/pei/Project/duckdb-polr/third_party/pcg -I/home/pei/Project/duckdb-polr/third_party/tdigest -I/home/pei/Project/duckdb-polr/third_party/mbedtls/include -I/home/pei/Project/duckdb-polr/third_party/jaro_winkler -I/home/pei/Project/duckdb-polr/extension/jemalloc/include -I/home/pei/Project/duckdb-polr/extension/jemalloc/jemalloc/include -O3 -DNDEBUG -O3 -DNDEBUG   -fPIC -fdiagnostics-color=always -w -std=c++11 -MD -MT extension/jemalloc/jemalloc/CMakeFiles/jemalloc.dir/src/bin.cpp.o -MF extension/jemalloc/jemalloc/CMakeFiles/jemalloc.dir/src/bin.cpp.o.d -o extension/jemalloc/jemalloc/CMakeFiles/jemalloc.dir/src/bin.cpp.o -c /home/pei/Project/duckdb-polr/extension/jemalloc/jemalloc/src/bin.cpp
[204/376] /usr/bin/ccache /usr/lib/ccache/c++ -DDUCKDB_BUILD_LIBRARY -DENABLE_CROSS_PRODUCT_REWRITE=1 -DENABLE_DEBUG_PRINT=0 -DENABLE_MEASURE_EXE_TIME=0 -DENABLE_MERGE_BACK_PLAN=0 -DENABLE_PARALLEL_EXECUTION=0 -DENABLE_QUERY_SPLIT=1 -DENABLE_SPECIFY_EST_STAT=0 -DJEMALLOC_NO_PRIVATE_NAMESPACE -DJEMALLOC_NO_RENAME -I/home/pei/Project/duckdb-polr/src/include -I/home/pei/Project/duckdb-polr/third_party/fsst -I/home/pei/Project/duckdb-polr/third_party/fmt/include -I/home/pei/Project/duckdb-polr/third_party/hyperloglog -I/home/pei/Project/duckdb-polr/third_party/fastpforlib -I/home/pei/Project/duckdb-polr/third_party/fast_float -I/home/pei/Project/duckdb-polr/third_party/re2 -I/home/pei/Project/duckdb-polr/third_party/miniz -I/home/pei/Project/duckdb-polr/third_party/utf8proc/include -I/home/pei/Project/duckdb-polr/third_party/miniparquet -I/home/pei/Project/duckdb-polr/third_party/concurrentqueue -I/home/pei/Project/duckdb-polr/third_party/pcg -I/home/pei/Project/duckdb-polr/third_party/tdigest -I/home/pei/Project/duckdb-polr/third_party/mbedtls/include -I/home/pei/Project/duckdb-polr/third_party/jaro_winkler -I/home/pei/Project/duckdb-polr/extension/jemalloc/include -I/home/pei/Project/duckdb-polr/extension/jemalloc/jemalloc/include -O3 -DNDEBUG -O3 -DNDEBUG   -fPIC -fdiagnostics-color=always -w -std=c++11 -MD -MT extension/jemalloc/jemalloc/CMakeFiles/jemalloc.dir/src/buf_writer.cpp.o -MF extension/jemalloc/jemalloc/CMakeFiles/jemalloc.dir/src/buf_writer.cpp.o.d -o extension/jemalloc/jemalloc/CMakeFiles/jemalloc.dir/src/buf_writer.cpp.o -c /home/pei/Project/duckdb-polr/extension/jemalloc/jemalloc/src/buf_writer.cpp
[205/376] /usr/bin/ccache /usr/lib/ccache/c++ -DDUCKDB_BUILD_LIBRARY -DENABLE_CROSS_PRODUCT_REWRITE=1 -DENABLE_DEBUG_PRINT=0 -DENABLE_MEASURE_EXE_TIME=0 -DENABLE_MERGE_BACK_PLAN=0 -DENABLE_PARALLEL_EXECUTION=0 -DENABLE_QUERY_SPLIT=1 -DENABLE_SPECIFY_EST_STAT=0 -DJEMALLOC_NO_PRIVATE_NAMESPACE -DJEMALLOC_NO_RENAME -I/home/pei/Project/duckdb-polr/src/include -I/home/pei/Project/duckdb-polr/third_party/fsst -I/home/pei/Project/duckdb-polr/third_party/fmt/include -I/home/pei/Project/duckdb-polr/third_party/hyperloglog -I/home/pei/Project/duckdb-polr/third_party/fastpforlib -I/home/pei/Project/duckdb-polr/third_party/fast_float -I/home/pei/Project/duckdb-polr/third_party/re2 -I/home/pei/Project/duckdb-polr/third_party/miniz -I/home/pei/Project/duckdb-polr/third_party/utf8proc/include -I/home/pei/Project/duckdb-polr/third_party/miniparquet -I/home/pei/Project/duckdb-polr/third_party/concurrentqueue -I/home/pei/Project/duckdb-polr/third_party/pcg -I/home/pei/Project/duckdb-polr/third_party/tdigest -I/home/pei/Project/duckdb-polr/third_party/mbedtls/include -I/home/pei/Project/duckdb-polr/third_party/jaro_winkler -I/home/pei/Project/duckdb-polr/extension/jemalloc/include -I/home/pei/Project/duckdb-polr/extension/jemalloc/jemalloc/include -O3 -DNDEBUG -O3 -DNDEBUG   -fPIC -fdiagnostics-color=always -w -std=c++11 -MD -MT extension/jemalloc/jemalloc/CMakeFiles/jemalloc.dir/src/background_thread.cpp.o -MF extension/jemalloc/jemalloc/CMakeFiles/jemalloc.dir/src/background_thread.cpp.o.d -o extension/jemalloc/jemalloc/CMakeFiles/jemalloc.dir/src/background_thread.cpp.o -c /home/pei/Project/duckdb-polr/extension/jemalloc/jemalloc/src/background_thread.cpp
[206/376] /usr/bin/ccache /usr/lib/ccache/c++ -DDUCKDB_BUILD_LIBRARY -DENABLE_CROSS_PRODUCT_REWRITE=1 -DENABLE_DEBUG_PRINT=0 -DENABLE_MEASURE_EXE_TIME=0 -DENABLE_MERGE_BACK_PLAN=0 -DENABLE_PARALLEL_EXECUTION=0 -DENABLE_QUERY_SPLIT=1 -DENABLE_SPECIFY_EST_STAT=0 -DJEMALLOC_NO_PRIVATE_NAMESPACE -DJEMALLOC_NO_RENAME -I/home/pei/Project/duckdb-polr/src/include -I/home/pei/Project/duckdb-polr/third_party/fsst -I/home/pei/Project/duckdb-polr/third_party/fmt/include -I/home/pei/Project/duckdb-polr/third_party/hyperloglog -I/home/pei/Project/duckdb-polr/third_party/fastpforlib -I/home/pei/Project/duckdb-polr/third_party/fast_float -I/home/pei/Project/duckdb-polr/third_party/re2 -I/home/pei/Project/duckdb-polr/third_party/miniz -I/home/pei/Project/duckdb-polr/third_party/utf8proc/include -I/home/pei/Project/duckdb-polr/third_party/miniparquet -I/home/pei/Project/duckdb-polr/third_party/concurrentqueue -I/home/pei/Project/duckdb-polr/third_party/pcg -I/home/pei/Project/duckdb-polr/third_party/tdigest -I/home/pei/Project/duckdb-polr/third_party/mbedtls/include -I/home/pei/Project/duckdb-polr/third_party/jaro_winkler -I/home/pei/Project/duckdb-polr/extension/jemalloc/include -I/home/pei/Project/duckdb-polr/extension/jemalloc/jemalloc/include -O3 -DNDEBUG -O3 -DNDEBUG   -fPIC -fdiagnostics-color=always -w -std=c++11 -MD -MT extension/jemalloc/jemalloc/CMakeFiles/jemalloc.dir/src/arena.cpp.o -MF extension/jemalloc/jemalloc/CMakeFiles/jemalloc.dir/src/arena.cpp.o.d -o extension/jemalloc/jemalloc/CMakeFiles/jemalloc.dir/src/arena.cpp.o -c /home/pei/Project/duckdb-polr/extension/jemalloc/jemalloc/src/arena.cpp
[207/376] /usr/bin/ccache /usr/lib/ccache/c++ -DDUCKDB_BUILD_LIBRARY -DENABLE_CROSS_PRODUCT_REWRITE=1 -DENABLE_DEBUG_PRINT=0 -DENABLE_MEASURE_EXE_TIME=0 -DENABLE_MERGE_BACK_PLAN=0 -DENABLE_PARALLEL_EXECUTION=0 -DENABLE_QUERY_SPLIT=1 -DENABLE_SPECIFY_EST_STAT=0 -DJEMALLOC_NO_PRIVATE_NAMESPACE -DJEMALLOC_NO_RENAME -I/home/pei/Project/duckdb-polr/src/include -I/home/pei/Project/duckdb-polr/third_party/fsst -I/home/pei/Project/duckdb-polr/third_party/fmt/include -I/home/pei/Project/duckdb-polr/third_party/hyperloglog -I/home/pei/Project/duckdb-polr/third_party/fastpforlib -I/home/pei/Project/duckdb-polr/third_party/fast_float -I/home/pei/Project/duckdb-polr/third_party/re2 -I/home/pei/Project/duckdb-polr/third_party/miniz -I/home/pei/Project/duckdb-polr/third_party/utf8proc/include -I/home/pei/Project/duckdb-polr/third_party/miniparquet -I/home/pei/Project/duckdb-polr/third_party/concurrentqueue -I/home/pei/Project/duckdb-polr/third_party/pcg -I/home/pei/Project/duckdb-polr/third_party/tdigest -I/home/pei/Project/duckdb-polr/third_party/mbedtls/include -I/home/pei/Project/duckdb-polr/third_party/jaro_winkler -I/home/pei/Project/duckdb-polr/extension/jemalloc/include -I/home/pei/Project/duckdb-polr/extension/jemalloc/jemalloc/include -O3 -DNDEBUG -O3 -DNDEBUG   -fPIC -fdiagnostics-color=always -w -std=c++11 -MD -MT extension/jemalloc/jemalloc/CMakeFiles/jemalloc.dir/src/cache_bin.cpp.o -MF extension/jemalloc/jemalloc/CMakeFiles/jemalloc.dir/src/cache_bin.cpp.o.d -o extension/jemalloc/jemalloc/CMakeFiles/jemalloc.dir/src/cache_bin.cpp.o -c /home/pei/Project/duckdb-polr/extension/jemalloc/jemalloc/src/cache_bin.cpp
[208/376] /usr/bin/ccache /usr/lib/ccache/c++ -DDUCKDB_BUILD_LIBRARY -DENABLE_CROSS_PRODUCT_REWRITE=1 -DENABLE_DEBUG_PRINT=0 -DENABLE_MEASURE_EXE_TIME=0 -DENABLE_MERGE_BACK_PLAN=0 -DENABLE_PARALLEL_EXECUTION=0 -DENABLE_QUERY_SPLIT=1 -DENABLE_SPECIFY_EST_STAT=0 -DJEMALLOC_NO_PRIVATE_NAMESPACE -DJEMALLOC_NO_RENAME -I/home/pei/Project/duckdb-polr/src/include -I/home/pei/Project/duckdb-polr/third_party/fsst -I/home/pei/Project/duckdb-polr/third_party/fmt/include -I/home/pei/Project/duckdb-polr/third_party/hyperloglog -I/home/pei/Project/duckdb-polr/third_party/fastpforlib -I/home/pei/Project/duckdb-polr/third_party/fast_float -I/home/pei/Project/duckdb-polr/third_party/re2 -I/home/pei/Project/duckdb-polr/third_party/miniz -I/home/pei/Project/duckdb-polr/third_party/utf8proc/include -I/home/pei/Project/duckdb-polr/third_party/miniparquet -I/home/pei/Project/duckdb-polr/third_party/concurrentqueue -I/home/pei/Project/duckdb-polr/third_party/pcg -I/home/pei/Project/duckdb-polr/third_party/tdigest -I/home/pei/Project/duckdb-polr/third_party/mbedtls/include -I/home/pei/Project/duckdb-polr/third_party/jaro_winkler -I/home/pei/Project/duckdb-polr/extension/jemalloc/include -I/home/pei/Project/duckdb-polr/extension/jemalloc/jemalloc/include -O3 -DNDEBUG -O3 -DNDEBUG   -fPIC -fdiagnostics-color=always -w -std=c++11 -MD -MT extension/jemalloc/jemalloc/CMakeFiles/jemalloc.dir/src/ckh.cpp.o -MF extension/jemalloc/jemalloc/CMakeFiles/jemalloc.dir/src/ckh.cpp.o.d -o extension/jemalloc/jemalloc/CMakeFiles/jemalloc.dir/src/ckh.cpp.o -c /home/pei/Project/duckdb-polr/extension/jemalloc/jemalloc/src/ckh.cpp
[209/376] /usr/bin/ccache /usr/lib/ccache/c++ -DDUCKDB_BUILD_LIBRARY -DENABLE_CROSS_PRODUCT_REWRITE=1 -DENABLE_DEBUG_PRINT=0 -DENABLE_MEASURE_EXE_TIME=0 -DENABLE_MERGE_BACK_PLAN=0 -DENABLE_PARALLEL_EXECUTION=0 -DENABLE_QUERY_SPLIT=1 -DENABLE_SPECIFY_EST_STAT=0 -DJEMALLOC_NO_PRIVATE_NAMESPACE -DJEMALLOC_NO_RENAME -I/home/pei/Project/duckdb-polr/src/include -I/home/pei/Project/duckdb-polr/third_party/fsst -I/home/pei/Project/duckdb-polr/third_party/fmt/include -I/home/pei/Project/duckdb-polr/third_party/hyperloglog -I/home/pei/Project/duckdb-polr/third_party/fastpforlib -I/home/pei/Project/duckdb-polr/third_party/fast_float -I/home/pei/Project/duckdb-polr/third_party/re2 -I/home/pei/Project/duckdb-polr/third_party/miniz -I/home/pei/Project/duckdb-polr/third_party/utf8proc/include -I/home/pei/Project/duckdb-polr/third_party/miniparquet -I/home/pei/Project/duckdb-polr/third_party/concurrentqueue -I/home/pei/Project/duckdb-polr/third_party/pcg -I/home/pei/Project/duckdb-polr/third_party/tdigest -I/home/pei/Project/duckdb-polr/third_party/mbedtls/include -I/home/pei/Project/duckdb-polr/third_party/jaro_winkler -I/home/pei/Project/duckdb-polr/extension/jemalloc/include -I/home/pei/Project/duckdb-polr/extension/jemalloc/jemalloc/include -O3 -DNDEBUG -O3 -DNDEBUG   -fPIC -fdiagnostics-color=always -w -std=c++11 -MD -MT extension/jemalloc/jemalloc/CMakeFiles/jemalloc.dir/src/bin_info.cpp.o -MF extension/jemalloc/jemalloc/CMakeFiles/jemalloc.dir/src/bin_info.cpp.o.d -o extension/jemalloc/jemalloc/CMakeFiles/jemalloc.dir/src/bin_info.cpp.o -c /home/pei/Project/duckdb-polr/extension/jemalloc/jemalloc/src/bin_info.cpp
[210/376] /usr/bin/ccache /usr/lib/ccache/c++ -DDUCKDB_BUILD_LIBRARY -DENABLE_CROSS_PRODUCT_REWRITE=1 -DENABLE_DEBUG_PRINT=0 -DENABLE_MEASURE_EXE_TIME=0 -DENABLE_MERGE_BACK_PLAN=0 -DENABLE_PARALLEL_EXECUTION=0 -DENABLE_QUERY_SPLIT=1 -DENABLE_SPECIFY_EST_STAT=0 -DJEMALLOC_NO_PRIVATE_NAMESPACE -DJEMALLOC_NO_RENAME -I/home/pei/Project/duckdb-polr/src/include -I/home/pei/Project/duckdb-polr/third_party/fsst -I/home/pei/Project/duckdb-polr/third_party/fmt/include -I/home/pei/Project/duckdb-polr/third_party/hyperloglog -I/home/pei/Project/duckdb-polr/third_party/fastpforlib -I/home/pei/Project/duckdb-polr/third_party/fast_float -I/home/pei/Project/duckdb-polr/third_party/re2 -I/home/pei/Project/duckdb-polr/third_party/miniz -I/home/pei/Project/duckdb-polr/third_party/utf8proc/include -I/home/pei/Project/duckdb-polr/third_party/miniparquet -I/home/pei/Project/duckdb-polr/third_party/concurrentqueue -I/home/pei/Project/duckdb-polr/third_party/pcg -I/home/pei/Project/duckdb-polr/third_party/tdigest -I/home/pei/Project/duckdb-polr/third_party/mbedtls/include -I/home/pei/Project/duckdb-polr/third_party/jaro_winkler -I/home/pei/Project/duckdb-polr/extension/jemalloc/include -I/home/pei/Project/duckdb-polr/extension/jemalloc/jemalloc/include -O3 -DNDEBUG -O3 -DNDEBUG   -fPIC -fdiagnostics-color=always -w -std=c++11 -MD -MT extension/jemalloc/jemalloc/CMakeFiles/jemalloc.dir/src/decay.cpp.o -MF extension/jemalloc/jemalloc/CMakeFiles/jemalloc.dir/src/decay.cpp.o.d -o extension/jemalloc/jemalloc/CMakeFiles/jemalloc.dir/src/decay.cpp.o -c /home/pei/Project/duckdb-polr/extension/jemalloc/jemalloc/src/decay.cpp
[211/376] /usr/bin/ccache /usr/lib/ccache/c++ -DDUCKDB_BUILD_LIBRARY -DENABLE_CROSS_PRODUCT_REWRITE=1 -DENABLE_DEBUG_PRINT=0 -DENABLE_MEASURE_EXE_TIME=0 -DENABLE_MERGE_BACK_PLAN=0 -DENABLE_PARALLEL_EXECUTION=0 -DENABLE_QUERY_SPLIT=1 -DENABLE_SPECIFY_EST_STAT=0 -DJEMALLOC_NO_PRIVATE_NAMESPACE -DJEMALLOC_NO_RENAME -I/home/pei/Project/duckdb-polr/src/include -I/home/pei/Project/duckdb-polr/third_party/fsst -I/home/pei/Project/duckdb-polr/third_party/fmt/include -I/home/pei/Project/duckdb-polr/third_party/hyperloglog -I/home/pei/Project/duckdb-polr/third_party/fastpforlib -I/home/pei/Project/duckdb-polr/third_party/fast_float -I/home/pei/Project/duckdb-polr/third_party/re2 -I/home/pei/Project/duckdb-polr/third_party/miniz -I/home/pei/Project/duckdb-polr/third_party/utf8proc/include -I/home/pei/Project/duckdb-polr/third_party/miniparquet -I/home/pei/Project/duckdb-polr/third_party/concurrentqueue -I/home/pei/Project/duckdb-polr/third_party/pcg -I/home/pei/Project/duckdb-polr/third_party/tdigest -I/home/pei/Project/duckdb-polr/third_party/mbedtls/include -I/home/pei/Project/duckdb-polr/third_party/jaro_winkler -I/home/pei/Project/duckdb-polr/extension/jemalloc/include -I/home/pei/Project/duckdb-polr/extension/jemalloc/jemalloc/include -O3 -DNDEBUG -O3 -DNDEBUG   -fPIC -fdiagnostics-color=always -w -std=c++11 -MD -MT extension/jemalloc/jemalloc/CMakeFiles/jemalloc.dir/src/base.cpp.o -MF extension/jemalloc/jemalloc/CMakeFiles/jemalloc.dir/src/base.cpp.o.d -o extension/jemalloc/jemalloc/CMakeFiles/jemalloc.dir/src/base.cpp.o -c /home/pei/Project/duckdb-polr/extension/jemalloc/jemalloc/src/base.cpp
[212/376] /usr/bin/ccache /usr/lib/ccache/c++ -DDUCKDB_BUILD_LIBRARY -DENABLE_CROSS_PRODUCT_REWRITE=1 -DENABLE_DEBUG_PRINT=0 -DENABLE_MEASURE_EXE_TIME=0 -DENABLE_MERGE_BACK_PLAN=0 -DENABLE_PARALLEL_EXECUTION=0 -DENABLE_QUERY_SPLIT=1 -DENABLE_SPECIFY_EST_STAT=0 -DJEMALLOC_NO_PRIVATE_NAMESPACE -DJEMALLOC_NO_RENAME -I/home/pei/Project/duckdb-polr/src/include -I/home/pei/Project/duckdb-polr/third_party/fsst -I/home/pei/Project/duckdb-polr/third_party/fmt/include -I/home/pei/Project/duckdb-polr/third_party/hyperloglog -I/home/pei/Project/duckdb-polr/third_party/fastpforlib -I/home/pei/Project/duckdb-polr/third_party/fast_float -I/home/pei/Project/duckdb-polr/third_party/re2 -I/home/pei/Project/duckdb-polr/third_party/miniz -I/home/pei/Project/duckdb-polr/third_party/utf8proc/include -I/home/pei/Project/duckdb-polr/third_party/miniparquet -I/home/pei/Project/duckdb-polr/third_party/concurrentqueue -I/home/pei/Project/duckdb-polr/third_party/pcg -I/home/pei/Project/duckdb-polr/third_party/tdigest -I/home/pei/Project/duckdb-polr/third_party/mbedtls/include -I/home/pei/Project/duckdb-polr/third_party/jaro_winkler -I/home/pei/Project/duckdb-polr/extension/jemalloc/include -I/home/pei/Project/duckdb-polr/extension/jemalloc/jemalloc/include -O3 -DNDEBUG -O3 -DNDEBUG   -fPIC -fdiagnostics-color=always -w -std=c++11 -MD -MT extension/jemalloc/jemalloc/CMakeFiles/jemalloc.dir/src/ctl.cpp.o -MF extension/jemalloc/jemalloc/CMakeFiles/jemalloc.dir/src/ctl.cpp.o.d -o extension/jemalloc/jemalloc/CMakeFiles/jemalloc.dir/src/ctl.cpp.o -c /home/pei/Project/duckdb-polr/extension/jemalloc/jemalloc/src/ctl.cpp
[213/376] /usr/bin/ccache /usr/lib/ccache/c++ -DDUCKDB_BUILD_LIBRARY -DENABLE_CROSS_PRODUCT_REWRITE=1 -DENABLE_DEBUG_PRINT=0 -DENABLE_MEASURE_EXE_TIME=0 -DENABLE_MERGE_BACK_PLAN=0 -DENABLE_PARALLEL_EXECUTION=0 -DENABLE_QUERY_SPLIT=1 -DENABLE_SPECIFY_EST_STAT=0 -DJEMALLOC_NO_PRIVATE_NAMESPACE -DJEMALLOC_NO_RENAME -I/home/pei/Project/duckdb-polr/src/include -I/home/pei/Project/duckdb-polr/third_party/fsst -I/home/pei/Project/duckdb-polr/third_party/fmt/include -I/home/pei/Project/duckdb-polr/third_party/hyperloglog -I/home/pei/Project/duckdb-polr/third_party/fastpforlib -I/home/pei/Project/duckdb-polr/third_party/fast_float -I/home/pei/Project/duckdb-polr/third_party/re2 -I/home/pei/Project/duckdb-polr/third_party/miniz -I/home/pei/Project/duckdb-polr/third_party/utf8proc/include -I/home/pei/Project/duckdb-polr/third_party/miniparquet -I/home/pei/Project/duckdb-polr/third_party/concurrentqueue -I/home/pei/Project/duckdb-polr/third_party/pcg -I/home/pei/Project/duckdb-polr/third_party/tdigest -I/home/pei/Project/duckdb-polr/third_party/mbedtls/include -I/home/pei/Project/duckdb-polr/third_party/jaro_winkler -I/home/pei/Project/duckdb-polr/extension/jemalloc/include -I/home/pei/Project/duckdb-polr/extension/jemalloc/jemalloc/include -O3 -DNDEBUG -O3 -DNDEBUG   -fPIC -fdiagnostics-color=always -w -std=c++11 -MD -MT extension/jemalloc/jemalloc/CMakeFiles/jemalloc.dir/src/bitmap.cpp.o -MF extension/jemalloc/jemalloc/CMakeFiles/jemalloc.dir/src/bitmap.cpp.o.d -o extension/jemalloc/jemalloc/CMakeFiles/jemalloc.dir/src/bitmap.cpp.o -c /home/pei/Project/duckdb-polr/extension/jemalloc/jemalloc/src/bitmap.cpp
[214/376] /usr/bin/ccache /usr/lib/ccache/c++ -DDUCKDB_BUILD_LIBRARY -DENABLE_CROSS_PRODUCT_REWRITE=1 -DENABLE_DEBUG_PRINT=0 -DENABLE_MEASURE_EXE_TIME=0 -DENABLE_MERGE_BACK_PLAN=0 -DENABLE_PARALLEL_EXECUTION=0 -DENABLE_QUERY_SPLIT=1 -DENABLE_SPECIFY_EST_STAT=0 -DJEMALLOC_NO_PRIVATE_NAMESPACE -DJEMALLOC_NO_RENAME -I/home/pei/Project/duckdb-polr/src/include -I/home/pei/Project/duckdb-polr/third_party/fsst -I/home/pei/Project/duckdb-polr/third_party/fmt/include -I/home/pei/Project/duckdb-polr/third_party/hyperloglog -I/home/pei/Project/duckdb-polr/third_party/fastpforlib -I/home/pei/Project/duckdb-polr/third_party/fast_float -I/home/pei/Project/duckdb-polr/third_party/re2 -I/home/pei/Project/duckdb-polr/third_party/miniz -I/home/pei/Project/duckdb-polr/third_party/utf8proc/include -I/home/pei/Project/duckdb-polr/third_party/miniparquet -I/home/pei/Project/duckdb-polr/third_party/concurrentqueue -I/home/pei/Project/duckdb-polr/third_party/pcg -I/home/pei/Project/duckdb-polr/third_party/tdigest -I/home/pei/Project/duckdb-polr/third_party/mbedtls/include -I/home/pei/Project/duckdb-polr/third_party/jaro_winkler -I/home/pei/Project/duckdb-polr/extension/jemalloc/include -I/home/pei/Project/duckdb-polr/extension/jemalloc/jemalloc/include -O3 -DNDEBUG -O3 -DNDEBUG   -fPIC -fdiagnostics-color=always -w -std=c++11 -MD -MT extension/jemalloc/jemalloc/CMakeFiles/jemalloc.dir/src/div.cpp.o -MF extension/jemalloc/jemalloc/CMakeFiles/jemalloc.dir/src/div.cpp.o.d -o extension/jemalloc/jemalloc/CMakeFiles/jemalloc.dir/src/div.cpp.o -c /home/pei/Project/duckdb-polr/extension/jemalloc/jemalloc/src/div.cpp
[215/376] /usr/bin/ccache /usr/lib/ccache/c++ -DDUCKDB_BUILD_LIBRARY -DENABLE_CROSS_PRODUCT_REWRITE=1 -DENABLE_DEBUG_PRINT=0 -DENABLE_MEASURE_EXE_TIME=0 -DENABLE_MERGE_BACK_PLAN=0 -DENABLE_PARALLEL_EXECUTION=0 -DENABLE_QUERY_SPLIT=1 -DENABLE_SPECIFY_EST_STAT=0 -I/home/pei/Project/duckdb-polr/src/include -I/home/pei/Project/duckdb-polr/third_party/fsst -I/home/pei/Project/duckdb-polr/third_party/fmt/include -I/home/pei/Project/duckdb-polr/third_party/hyperloglog -I/home/pei/Project/duckdb-polr/third_party/fastpforlib -I/home/pei/Project/duckdb-polr/third_party/fast_float -I/home/pei/Project/duckdb-polr/third_party/re2 -I/home/pei/Project/duckdb-polr/third_party/miniz -I/home/pei/Project/duckdb-polr/third_party/utf8proc/include -I/home/pei/Project/duckdb-polr/third_party/miniparquet -I/home/pei/Project/duckdb-polr/third_party/concurrentqueue -I/home/pei/Project/duckdb-polr/third_party/pcg -I/home/pei/Project/duckdb-polr/third_party/tdigest -I/home/pei/Project/duckdb-polr/third_party/mbedtls/include -I/home/pei/Project/duckdb-polr/third_party/jaro_winkler -I/home/pei/Project/duckdb-polr/extension/jemalloc/include -I/home/pei/Project/duckdb-polr/extension/jemalloc/jemalloc/include -O3 -DNDEBUG -O3 -DNDEBUG   -fPIC -fdiagnostics-color=always -std=c++11 -MD -MT extension/jemalloc/CMakeFiles/jemalloc_extension.dir/jemalloc-extension.cpp.o -MF extension/jemalloc/CMakeFiles/jemalloc_extension.dir/jemalloc-extension.cpp.o.d -o extension/jemalloc/CMakeFiles/jemalloc_extension.dir/jemalloc-extension.cpp.o -c /home/pei/Project/duckdb-polr/extension/jemalloc/jemalloc-extension.cpp
[216/376] /usr/bin/ccache /usr/lib/ccache/c++ -DDUCKDB_BUILD_LIBRARY -DENABLE_CROSS_PRODUCT_REWRITE=1 -DENABLE_DEBUG_PRINT=0 -DENABLE_MEASURE_EXE_TIME=0 -DENABLE_MERGE_BACK_PLAN=0 -DENABLE_PARALLEL_EXECUTION=0 -DENABLE_QUERY_SPLIT=1 -DENABLE_SPECIFY_EST_STAT=0 -DJEMALLOC_NO_PRIVATE_NAMESPACE -DJEMALLOC_NO_RENAME -I/home/pei/Project/duckdb-polr/src/include -I/home/pei/Project/duckdb-polr/third_party/fsst -I/home/pei/Project/duckdb-polr/third_party/fmt/include -I/home/pei/Project/duckdb-polr/third_party/hyperloglog -I/home/pei/Project/duckdb-polr/third_party/fastpforlib -I/home/pei/Project/duckdb-polr/third_party/fast_float -I/home/pei/Project/duckdb-polr/third_party/re2 -I/home/pei/Project/duckdb-polr/third_party/miniz -I/home/pei/Project/duckdb-polr/third_party/utf8proc/include -I/home/pei/Project/duckdb-polr/third_party/miniparquet -I/home/pei/Project/duckdb-polr/third_party/concurrentqueue -I/home/pei/Project/duckdb-polr/third_party/pcg -I/home/pei/Project/duckdb-polr/third_party/tdigest -I/home/pei/Project/duckdb-polr/third_party/mbedtls/include -I/home/pei/Project/duckdb-polr/third_party/jaro_winkler -I/home/pei/Project/duckdb-polr/extension/jemalloc/include -I/home/pei/Project/duckdb-polr/extension/jemalloc/jemalloc/include -O3 -DNDEBUG -O3 -DNDEBUG   -fPIC -fdiagnostics-color=always -w -std=c++11 -MD -MT extension/jemalloc/jemalloc/CMakeFiles/jemalloc.dir/src/eset.cpp.o -MF extension/jemalloc/jemalloc/CMakeFiles/jemalloc.dir/src/eset.cpp.o.d -o extension/jemalloc/jemalloc/CMakeFiles/jemalloc.dir/src/eset.cpp.o -c /home/pei/Project/duckdb-polr/extension/jemalloc/jemalloc/src/eset.cpp
[217/376] /usr/bin/ccache /usr/lib/ccache/c++ -DDUCKDB_BUILD_LIBRARY -DENABLE_CROSS_PRODUCT_REWRITE=1 -DENABLE_DEBUG_PRINT=0 -DENABLE_MEASURE_EXE_TIME=0 -DENABLE_MERGE_BACK_PLAN=0 -DENABLE_PARALLEL_EXECUTION=0 -DENABLE_QUERY_SPLIT=1 -DENABLE_SPECIFY_EST_STAT=0 -DJEMALLOC_NO_PRIVATE_NAMESPACE -DJEMALLOC_NO_RENAME -I/home/pei/Project/duckdb-polr/src/include -I/home/pei/Project/duckdb-polr/third_party/fsst -I/home/pei/Project/duckdb-polr/third_party/fmt/include -I/home/pei/Project/duckdb-polr/third_party/hyperloglog -I/home/pei/Project/duckdb-polr/third_party/fastpforlib -I/home/pei/Project/duckdb-polr/third_party/fast_float -I/home/pei/Project/duckdb-polr/third_party/re2 -I/home/pei/Project/duckdb-polr/third_party/miniz -I/home/pei/Project/duckdb-polr/third_party/utf8proc/include -I/home/pei/Project/duckdb-polr/third_party/miniparquet -I/home/pei/Project/duckdb-polr/third_party/concurrentqueue -I/home/pei/Project/duckdb-polr/third_party/pcg -I/home/pei/Project/duckdb-polr/third_party/tdigest -I/home/pei/Project/duckdb-polr/third_party/mbedtls/include -I/home/pei/Project/duckdb-polr/third_party/jaro_winkler -I/home/pei/Project/duckdb-polr/extension/jemalloc/include -I/home/pei/Project/duckdb-polr/extension/jemalloc/jemalloc/include -O3 -DNDEBUG -O3 -DNDEBUG   -fPIC -fdiagnostics-color=always -w -std=c++11 -MD -MT extension/jemalloc/jemalloc/CMakeFiles/jemalloc.dir/src/ehooks.cpp.o -MF extension/jemalloc/jemalloc/CMakeFiles/jemalloc.dir/src/ehooks.cpp.o.d -o extension/jemalloc/jemalloc/CMakeFiles/jemalloc.dir/src/ehooks.cpp.o -c /home/pei/Project/duckdb-polr/extension/jemalloc/jemalloc/src/ehooks.cpp
[218/376] /usr/bin/ccache /usr/lib/ccache/c++ -DDUCKDB_BUILD_LIBRARY -DENABLE_CROSS_PRODUCT_REWRITE=1 -DENABLE_DEBUG_PRINT=0 -DENABLE_MEASURE_EXE_TIME=0 -DENABLE_MERGE_BACK_PLAN=0 -DENABLE_PARALLEL_EXECUTION=0 -DENABLE_QUERY_SPLIT=1 -DENABLE_SPECIFY_EST_STAT=0 -DJEMALLOC_NO_PRIVATE_NAMESPACE -DJEMALLOC_NO_RENAME -I/home/pei/Project/duckdb-polr/src/include -I/home/pei/Project/duckdb-polr/third_party/fsst -I/home/pei/Project/duckdb-polr/third_party/fmt/include -I/home/pei/Project/duckdb-polr/third_party/hyperloglog -I/home/pei/Project/duckdb-polr/third_party/fastpforlib -I/home/pei/Project/duckdb-polr/third_party/fast_float -I/home/pei/Project/duckdb-polr/third_party/re2 -I/home/pei/Project/duckdb-polr/third_party/miniz -I/home/pei/Project/duckdb-polr/third_party/utf8proc/include -I/home/pei/Project/duckdb-polr/third_party/miniparquet -I/home/pei/Project/duckdb-polr/third_party/concurrentqueue -I/home/pei/Project/duckdb-polr/third_party/pcg -I/home/pei/Project/duckdb-polr/third_party/tdigest -I/home/pei/Project/duckdb-polr/third_party/mbedtls/include -I/home/pei/Project/duckdb-polr/third_party/jaro_winkler -I/home/pei/Project/duckdb-polr/extension/jemalloc/include -I/home/pei/Project/duckdb-polr/extension/jemalloc/jemalloc/include -O3 -DNDEBUG -O3 -DNDEBUG   -fPIC -fdiagnostics-color=always -w -std=c++11 -MD -MT extension/jemalloc/jemalloc/CMakeFiles/jemalloc.dir/src/counter.cpp.o -MF extension/jemalloc/jemalloc/CMakeFiles/jemalloc.dir/src/counter.cpp.o.d -o extension/jemalloc/jemalloc/CMakeFiles/jemalloc.dir/src/counter.cpp.o -c /home/pei/Project/duckdb-polr/extension/jemalloc/jemalloc/src/counter.cpp
[219/376] /usr/bin/ccache /usr/lib/ccache/c++ -DDUCKDB_BUILD_LIBRARY -DENABLE_CROSS_PRODUCT_REWRITE=1 -DENABLE_DEBUG_PRINT=0 -DENABLE_MEASURE_EXE_TIME=0 -DENABLE_MERGE_BACK_PLAN=0 -DENABLE_PARALLEL_EXECUTION=0 -DENABLE_QUERY_SPLIT=1 -DENABLE_SPECIFY_EST_STAT=0 -DJEMALLOC_NO_PRIVATE_NAMESPACE -DJEMALLOC_NO_RENAME -I/home/pei/Project/duckdb-polr/src/include -I/home/pei/Project/duckdb-polr/third_party/fsst -I/home/pei/Project/duckdb-polr/third_party/fmt/include -I/home/pei/Project/duckdb-polr/third_party/hyperloglog -I/home/pei/Project/duckdb-polr/third_party/fastpforlib -I/home/pei/Project/duckdb-polr/third_party/fast_float -I/home/pei/Project/duckdb-polr/third_party/re2 -I/home/pei/Project/duckdb-polr/third_party/miniz -I/home/pei/Project/duckdb-polr/third_party/utf8proc/include -I/home/pei/Project/duckdb-polr/third_party/miniparquet -I/home/pei/Project/duckdb-polr/third_party/concurrentqueue -I/home/pei/Project/duckdb-polr/third_party/pcg -I/home/pei/Project/duckdb-polr/third_party/tdigest -I/home/pei/Project/duckdb-polr/third_party/mbedtls/include -I/home/pei/Project/duckdb-polr/third_party/jaro_winkler -I/home/pei/Project/duckdb-polr/extension/jemalloc/include -I/home/pei/Project/duckdb-polr/extension/jemalloc/jemalloc/include -O3 -DNDEBUG -O3 -DNDEBUG   -fPIC -fdiagnostics-color=always -w -std=c++11 -MD -MT extension/jemalloc/jemalloc/CMakeFiles/jemalloc.dir/src/extent.cpp.o -MF extension/jemalloc/jemalloc/CMakeFiles/jemalloc.dir/src/extent.cpp.o.d -o extension/jemalloc/jemalloc/CMakeFiles/jemalloc.dir/src/extent.cpp.o -c /home/pei/Project/duckdb-polr/extension/jemalloc/jemalloc/src/extent.cpp
[220/376] /usr/bin/ccache /usr/lib/ccache/c++ -DDUCKDB_BUILD_LIBRARY -DENABLE_CROSS_PRODUCT_REWRITE=1 -DENABLE_DEBUG_PRINT=0 -DENABLE_MEASURE_EXE_TIME=0 -DENABLE_MERGE_BACK_PLAN=0 -DENABLE_PARALLEL_EXECUTION=0 -DENABLE_QUERY_SPLIT=1 -DENABLE_SPECIFY_EST_STAT=0 -DJEMALLOC_NO_PRIVATE_NAMESPACE -DJEMALLOC_NO_RENAME -I/home/pei/Project/duckdb-polr/src/include -I/home/pei/Project/duckdb-polr/third_party/fsst -I/home/pei/Project/duckdb-polr/third_party/fmt/include -I/home/pei/Project/duckdb-polr/third_party/hyperloglog -I/home/pei/Project/duckdb-polr/third_party/fastpforlib -I/home/pei/Project/duckdb-polr/third_party/fast_float -I/home/pei/Project/duckdb-polr/third_party/re2 -I/home/pei/Project/duckdb-polr/third_party/miniz -I/home/pei/Project/duckdb-polr/third_party/utf8proc/include -I/home/pei/Project/duckdb-polr/third_party/miniparquet -I/home/pei/Project/duckdb-polr/third_party/concurrentqueue -I/home/pei/Project/duckdb-polr/third_party/pcg -I/home/pei/Project/duckdb-polr/third_party/tdigest -I/home/pei/Project/duckdb-polr/third_party/mbedtls/include -I/home/pei/Project/duckdb-polr/third_party/jaro_winkler -I/home/pei/Project/duckdb-polr/extension/jemalloc/include -I/home/pei/Project/duckdb-polr/extension/jemalloc/jemalloc/include -O3 -DNDEBUG -O3 -DNDEBUG   -fPIC -fdiagnostics-color=always -w -std=c++11 -MD -MT extension/jemalloc/jemalloc/CMakeFiles/jemalloc.dir/src/exp_grow.cpp.o -MF extension/jemalloc/jemalloc/CMakeFiles/jemalloc.dir/src/exp_grow.cpp.o.d -o extension/jemalloc/jemalloc/CMakeFiles/jemalloc.dir/src/exp_grow.cpp.o -c /home/pei/Project/duckdb-polr/extension/jemalloc/jemalloc/src/exp_grow.cpp
[221/376] /usr/bin/ccache /usr/lib/ccache/c++ -DDUCKDB_BUILD_LIBRARY -DENABLE_CROSS_PRODUCT_REWRITE=1 -DENABLE_DEBUG_PRINT=0 -DENABLE_MEASURE_EXE_TIME=0 -DENABLE_MERGE_BACK_PLAN=0 -DENABLE_PARALLEL_EXECUTION=0 -DENABLE_QUERY_SPLIT=1 -DENABLE_SPECIFY_EST_STAT=0 -DJEMALLOC_NO_PRIVATE_NAMESPACE -DJEMALLOC_NO_RENAME -I/home/pei/Project/duckdb-polr/src/include -I/home/pei/Project/duckdb-polr/third_party/fsst -I/home/pei/Project/duckdb-polr/third_party/fmt/include -I/home/pei/Project/duckdb-polr/third_party/hyperloglog -I/home/pei/Project/duckdb-polr/third_party/fastpforlib -I/home/pei/Project/duckdb-polr/third_party/fast_float -I/home/pei/Project/duckdb-polr/third_party/re2 -I/home/pei/Project/duckdb-polr/third_party/miniz -I/home/pei/Project/duckdb-polr/third_party/utf8proc/include -I/home/pei/Project/duckdb-polr/third_party/miniparquet -I/home/pei/Project/duckdb-polr/third_party/concurrentqueue -I/home/pei/Project/duckdb-polr/third_party/pcg -I/home/pei/Project/duckdb-polr/third_party/tdigest -I/home/pei/Project/duckdb-polr/third_party/mbedtls/include -I/home/pei/Project/duckdb-polr/third_party/jaro_winkler -I/home/pei/Project/duckdb-polr/extension/jemalloc/include -I/home/pei/Project/duckdb-polr/extension/jemalloc/jemalloc/include -O3 -DNDEBUG -O3 -DNDEBUG   -fPIC -fdiagnostics-color=always -w -std=c++11 -MD -MT extension/jemalloc/jemalloc/CMakeFiles/jemalloc.dir/src/edata_cache.cpp.o -MF extension/jemalloc/jemalloc/CMakeFiles/jemalloc.dir/src/edata_cache.cpp.o.d -o extension/jemalloc/jemalloc/CMakeFiles/jemalloc.dir/src/edata_cache.cpp.o -c /home/pei/Project/duckdb-polr/extension/jemalloc/jemalloc/src/edata_cache.cpp
[222/376] /usr/bin/ccache /usr/lib/ccache/c++ -DDUCKDB_BUILD_LIBRARY -DENABLE_CROSS_PRODUCT_REWRITE=1 -DENABLE_DEBUG_PRINT=0 -DENABLE_MEASURE_EXE_TIME=0 -DENABLE_MERGE_BACK_PLAN=0 -DENABLE_PARALLEL_EXECUTION=0 -DENABLE_QUERY_SPLIT=1 -DENABLE_SPECIFY_EST_STAT=0 -DJEMALLOC_NO_PRIVATE_NAMESPACE -DJEMALLOC_NO_RENAME -I/home/pei/Project/duckdb-polr/src/include -I/home/pei/Project/duckdb-polr/third_party/fsst -I/home/pei/Project/duckdb-polr/third_party/fmt/include -I/home/pei/Project/duckdb-polr/third_party/hyperloglog -I/home/pei/Project/duckdb-polr/third_party/fastpforlib -I/home/pei/Project/duckdb-polr/third_party/fast_float -I/home/pei/Project/duckdb-polr/third_party/re2 -I/home/pei/Project/duckdb-polr/third_party/miniz -I/home/pei/Project/duckdb-polr/third_party/utf8proc/include -I/home/pei/Project/duckdb-polr/third_party/miniparquet -I/home/pei/Project/duckdb-polr/third_party/concurrentqueue -I/home/pei/Project/duckdb-polr/third_party/pcg -I/home/pei/Project/duckdb-polr/third_party/tdigest -I/home/pei/Project/duckdb-polr/third_party/mbedtls/include -I/home/pei/Project/duckdb-polr/third_party/jaro_winkler -I/home/pei/Project/duckdb-polr/extension/jemalloc/include -I/home/pei/Project/duckdb-polr/extension/jemalloc/jemalloc/include -O3 -DNDEBUG -O3 -DNDEBUG   -fPIC -fdiagnostics-color=always -w -std=c++11 -MD -MT extension/jemalloc/jemalloc/CMakeFiles/jemalloc.dir/src/edata.cpp.o -MF extension/jemalloc/jemalloc/CMakeFiles/jemalloc.dir/src/edata.cpp.o.d -o extension/jemalloc/jemalloc/CMakeFiles/jemalloc.dir/src/edata.cpp.o -c /home/pei/Project/duckdb-polr/extension/jemalloc/jemalloc/src/edata.cpp
[223/376] /usr/bin/ccache /usr/lib/ccache/c++ -DDUCKDB_BUILD_LIBRARY -DENABLE_CROSS_PRODUCT_REWRITE=1 -DENABLE_DEBUG_PRINT=0 -DENABLE_MEASURE_EXE_TIME=0 -DENABLE_MERGE_BACK_PLAN=0 -DENABLE_PARALLEL_EXECUTION=0 -DENABLE_QUERY_SPLIT=1 -DENABLE_SPECIFY_EST_STAT=0 -DJEMALLOC_NO_PRIVATE_NAMESPACE -DJEMALLOC_NO_RENAME -I/home/pei/Project/duckdb-polr/src/include -I/home/pei/Project/duckdb-polr/third_party/fsst -I/home/pei/Project/duckdb-polr/third_party/fmt/include -I/home/pei/Project/duckdb-polr/third_party/hyperloglog -I/home/pei/Project/duckdb-polr/third_party/fastpforlib -I/home/pei/Project/duckdb-polr/third_party/fast_float -I/home/pei/Project/duckdb-polr/third_party/re2 -I/home/pei/Project/duckdb-polr/third_party/miniz -I/home/pei/Project/duckdb-polr/third_party/utf8proc/include -I/home/pei/Project/duckdb-polr/third_party/miniparquet -I/home/pei/Project/duckdb-polr/third_party/concurrentqueue -I/home/pei/Project/duckdb-polr/third_party/pcg -I/home/pei/Project/duckdb-polr/third_party/tdigest -I/home/pei/Project/duckdb-polr/third_party/mbedtls/include -I/home/pei/Project/duckdb-polr/third_party/jaro_winkler -I/home/pei/Project/duckdb-polr/extension/jemalloc/include -I/home/pei/Project/duckdb-polr/extension/jemalloc/jemalloc/include -O3 -DNDEBUG -O3 -DNDEBUG   -fPIC -fdiagnostics-color=always -w -std=c++11 -MD -MT extension/jemalloc/jemalloc/CMakeFiles/jemalloc.dir/src/emap.cpp.o -MF extension/jemalloc/jemalloc/CMakeFiles/jemalloc.dir/src/emap.cpp.o.d -o extension/jemalloc/jemalloc/CMakeFiles/jemalloc.dir/src/emap.cpp.o -c /home/pei/Project/duckdb-polr/extension/jemalloc/jemalloc/src/emap.cpp
[224/376] /usr/bin/ccache /usr/lib/ccache/c++ -DDUCKDB_BUILD_LIBRARY -DENABLE_CROSS_PRODUCT_REWRITE=1 -DENABLE_DEBUG_PRINT=0 -DENABLE_MEASURE_EXE_TIME=0 -DENABLE_MERGE_BACK_PLAN=0 -DENABLE_PARALLEL_EXECUTION=0 -DENABLE_QUERY_SPLIT=1 -DENABLE_SPECIFY_EST_STAT=0 -DJEMALLOC_NO_PRIVATE_NAMESPACE -DJEMALLOC_NO_RENAME -I/home/pei/Project/duckdb-polr/src/include -I/home/pei/Project/duckdb-polr/third_party/fsst -I/home/pei/Project/duckdb-polr/third_party/fmt/include -I/home/pei/Project/duckdb-polr/third_party/hyperloglog -I/home/pei/Project/duckdb-polr/third_party/fastpforlib -I/home/pei/Project/duckdb-polr/third_party/fast_float -I/home/pei/Project/duckdb-polr/third_party/re2 -I/home/pei/Project/duckdb-polr/third_party/miniz -I/home/pei/Project/duckdb-polr/third_party/utf8proc/include -I/home/pei/Project/duckdb-polr/third_party/miniparquet -I/home/pei/Project/duckdb-polr/third_party/concurrentqueue -I/home/pei/Project/duckdb-polr/third_party/pcg -I/home/pei/Project/duckdb-polr/third_party/tdigest -I/home/pei/Project/duckdb-polr/third_party/mbedtls/include -I/home/pei/Project/duckdb-polr/third_party/jaro_winkler -I/home/pei/Project/duckdb-polr/extension/jemalloc/include -I/home/pei/Project/duckdb-polr/extension/jemalloc/jemalloc/include -O3 -DNDEBUG -O3 -DNDEBUG   -fPIC -fdiagnostics-color=always -w -std=c++11 -MD -MT extension/jemalloc/jemalloc/CMakeFiles/jemalloc.dir/src/extent_dss.cpp.o -MF extension/jemalloc/jemalloc/CMakeFiles/jemalloc.dir/src/extent_dss.cpp.o.d -o extension/jemalloc/jemalloc/CMakeFiles/jemalloc.dir/src/extent_dss.cpp.o -c /home/pei/Project/duckdb-polr/extension/jemalloc/jemalloc/src/extent_dss.cpp
[225/376] /usr/bin/ccache /usr/lib/ccache/c++ -DDUCKDB_BUILD_LIBRARY -DENABLE_CROSS_PRODUCT_REWRITE=1 -DENABLE_DEBUG_PRINT=0 -DENABLE_MEASURE_EXE_TIME=0 -DENABLE_MERGE_BACK_PLAN=0 -DENABLE_PARALLEL_EXECUTION=0 -DENABLE_QUERY_SPLIT=1 -DENABLE_SPECIFY_EST_STAT=0 -I/home/pei/Project/duckdb-polr/src/include -I/home/pei/Project/duckdb-polr/third_party/fsst -I/home/pei/Project/duckdb-polr/third_party/fmt/include -I/home/pei/Project/duckdb-polr/third_party/hyperloglog -I/home/pei/Project/duckdb-polr/third_party/fastpforlib -I/home/pei/Project/duckdb-polr/third_party/fast_float -I/home/pei/Project/duckdb-polr/third_party/re2 -I/home/pei/Project/duckdb-polr/third_party/miniz -I/home/pei/Project/duckdb-polr/third_party/utf8proc/include -I/home/pei/Project/duckdb-polr/third_party/miniparquet -I/home/pei/Project/duckdb-polr/third_party/concurrentqueue -I/home/pei/Project/duckdb-polr/third_party/pcg -I/home/pei/Project/duckdb-polr/third_party/tdigest -I/home/pei/Project/duckdb-polr/third_party/mbedtls/include -I/home/pei/Project/duckdb-polr/third_party/jaro_winkler -I/home/pei/Project/duckdb-polr/extension/parquet/include -I/home/pei/Project/duckdb-polr/extension/parquet/../../third_party/parquet -I/home/pei/Project/duckdb-polr/extension/parquet/../../third_party/snappy -I/home/pei/Project/duckdb-polr/extension/parquet/../../third_party/miniz -I/home/pei/Project/duckdb-polr/extension/parquet/../../third_party/thrift -I/home/pei/Project/duckdb-polr/extension/parquet/../../third_party/zstd/include -I/home/pei/Project/duckdb-polr/third_party/libpg_query/include -O3 -DNDEBUG -O3 -DNDEBUG   -fPIE -fdiagnostics-color=always -std=c++11 -MD -MT extension/parquet/CMakeFiles/parquetcli.dir/parquetcli.cpp.o -MF extension/parquet/CMakeFiles/parquetcli.dir/parquetcli.cpp.o.d -o extension/parquet/CMakeFiles/parquetcli.dir/parquetcli.cpp.o -c /home/pei/Project/duckdb-polr/extension/parquet/parquetcli.cpp
[226/376] /usr/bin/ccache /usr/lib/ccache/c++ -DDUCKDB_BUILD_LIBRARY -DENABLE_CROSS_PRODUCT_REWRITE=1 -DENABLE_DEBUG_PRINT=0 -DENABLE_MEASURE_EXE_TIME=0 -DENABLE_MERGE_BACK_PLAN=0 -DENABLE_PARALLEL_EXECUTION=0 -DENABLE_QUERY_SPLIT=1 -DENABLE_SPECIFY_EST_STAT=0 -DJEMALLOC_NO_PRIVATE_NAMESPACE -DJEMALLOC_NO_RENAME -I/home/pei/Project/duckdb-polr/src/include -I/home/pei/Project/duckdb-polr/third_party/fsst -I/home/pei/Project/duckdb-polr/third_party/fmt/include -I/home/pei/Project/duckdb-polr/third_party/hyperloglog -I/home/pei/Project/duckdb-polr/third_party/fastpforlib -I/home/pei/Project/duckdb-polr/third_party/fast_float -I/home/pei/Project/duckdb-polr/third_party/re2 -I/home/pei/Project/duckdb-polr/third_party/miniz -I/home/pei/Project/duckdb-polr/third_party/utf8proc/include -I/home/pei/Project/duckdb-polr/third_party/miniparquet -I/home/pei/Project/duckdb-polr/third_party/concurrentqueue -I/home/pei/Project/duckdb-polr/third_party/pcg -I/home/pei/Project/duckdb-polr/third_party/tdigest -I/home/pei/Project/duckdb-polr/third_party/mbedtls/include -I/home/pei/Project/duckdb-polr/third_party/jaro_winkler -I/home/pei/Project/duckdb-polr/extension/jemalloc/include -I/home/pei/Project/duckdb-polr/extension/jemalloc/jemalloc/include -O3 -DNDEBUG -O3 -DNDEBUG   -fPIC -fdiagnostics-color=always -w -std=c++11 -MD -MT extension/jemalloc/jemalloc/CMakeFiles/jemalloc.dir/src/hook.cpp.o -MF extension/jemalloc/jemalloc/CMakeFiles/jemalloc.dir/src/hook.cpp.o.d -o extension/jemalloc/jemalloc/CMakeFiles/jemalloc.dir/src/hook.cpp.o -c /home/pei/Project/duckdb-polr/extension/jemalloc/jemalloc/src/hook.cpp
[227/376] /usr/bin/ccache /usr/lib/ccache/c++ -DDUCKDB_BUILD_LIBRARY -DENABLE_CROSS_PRODUCT_REWRITE=1 -DENABLE_DEBUG_PRINT=0 -DENABLE_MEASURE_EXE_TIME=0 -DENABLE_MERGE_BACK_PLAN=0 -DENABLE_PARALLEL_EXECUTION=0 -DENABLE_QUERY_SPLIT=1 -DENABLE_SPECIFY_EST_STAT=0 -DJEMALLOC_NO_PRIVATE_NAMESPACE -DJEMALLOC_NO_RENAME -I/home/pei/Project/duckdb-polr/src/include -I/home/pei/Project/duckdb-polr/third_party/fsst -I/home/pei/Project/duckdb-polr/third_party/fmt/include -I/home/pei/Project/duckdb-polr/third_party/hyperloglog -I/home/pei/Project/duckdb-polr/third_party/fastpforlib -I/home/pei/Project/duckdb-polr/third_party/fast_float -I/home/pei/Project/duckdb-polr/third_party/re2 -I/home/pei/Project/duckdb-polr/third_party/miniz -I/home/pei/Project/duckdb-polr/third_party/utf8proc/include -I/home/pei/Project/duckdb-polr/third_party/miniparquet -I/home/pei/Project/duckdb-polr/third_party/concurrentqueue -I/home/pei/Project/duckdb-polr/third_party/pcg -I/home/pei/Project/duckdb-polr/third_party/tdigest -I/home/pei/Project/duckdb-polr/third_party/mbedtls/include -I/home/pei/Project/duckdb-polr/third_party/jaro_winkler -I/home/pei/Project/duckdb-polr/extension/jemalloc/include -I/home/pei/Project/duckdb-polr/extension/jemalloc/jemalloc/include -O3 -DNDEBUG -O3 -DNDEBUG   -fPIC -fdiagnostics-color=always -w -std=c++11 -MD -MT extension/jemalloc/jemalloc/CMakeFiles/jemalloc.dir/src/hpa.cpp.o -MF extension/jemalloc/jemalloc/CMakeFiles/jemalloc.dir/src/hpa.cpp.o.d -o extension/jemalloc/jemalloc/CMakeFiles/jemalloc.dir/src/hpa.cpp.o -c /home/pei/Project/duckdb-polr/extension/jemalloc/jemalloc/src/hpa.cpp
[228/376] /usr/bin/ccache /usr/lib/ccache/c++ -DDUCKDB_BUILD_LIBRARY -DENABLE_CROSS_PRODUCT_REWRITE=1 -DENABLE_DEBUG_PRINT=0 -DENABLE_MEASURE_EXE_TIME=0 -DENABLE_MERGE_BACK_PLAN=0 -DENABLE_PARALLEL_EXECUTION=0 -DENABLE_QUERY_SPLIT=1 -DENABLE_SPECIFY_EST_STAT=0 -DJEMALLOC_NO_PRIVATE_NAMESPACE -DJEMALLOC_NO_RENAME -I/home/pei/Project/duckdb-polr/src/include -I/home/pei/Project/duckdb-polr/third_party/fsst -I/home/pei/Project/duckdb-polr/third_party/fmt/include -I/home/pei/Project/duckdb-polr/third_party/hyperloglog -I/home/pei/Project/duckdb-polr/third_party/fastpforlib -I/home/pei/Project/duckdb-polr/third_party/fast_float -I/home/pei/Project/duckdb-polr/third_party/re2 -I/home/pei/Project/duckdb-polr/third_party/miniz -I/home/pei/Project/duckdb-polr/third_party/utf8proc/include -I/home/pei/Project/duckdb-polr/third_party/miniparquet -I/home/pei/Project/duckdb-polr/third_party/concurrentqueue -I/home/pei/Project/duckdb-polr/third_party/pcg -I/home/pei/Project/duckdb-polr/third_party/tdigest -I/home/pei/Project/duckdb-polr/third_party/mbedtls/include -I/home/pei/Project/duckdb-polr/third_party/jaro_winkler -I/home/pei/Project/duckdb-polr/extension/jemalloc/include -I/home/pei/Project/duckdb-polr/extension/jemalloc/jemalloc/include -O3 -DNDEBUG -O3 -DNDEBUG   -fPIC -fdiagnostics-color=always -w -std=c++11 -MD -MT extension/jemalloc/jemalloc/CMakeFiles/jemalloc.dir/src/hpa_hooks.cpp.o -MF extension/jemalloc/jemalloc/CMakeFiles/jemalloc.dir/src/hpa_hooks.cpp.o.d -o extension/jemalloc/jemalloc/CMakeFiles/jemalloc.dir/src/hpa_hooks.cpp.o -c /home/pei/Project/duckdb-polr/extension/jemalloc/jemalloc/src/hpa_hooks.cpp
[229/376] /usr/bin/ccache /usr/lib/ccache/c++ -DDUCKDB_BUILD_LIBRARY -DENABLE_CROSS_PRODUCT_REWRITE=1 -DENABLE_DEBUG_PRINT=0 -DENABLE_MEASURE_EXE_TIME=0 -DENABLE_MERGE_BACK_PLAN=0 -DENABLE_PARALLEL_EXECUTION=0 -DENABLE_QUERY_SPLIT=1 -DENABLE_SPECIFY_EST_STAT=0 -DJEMALLOC_NO_PRIVATE_NAMESPACE -DJEMALLOC_NO_RENAME -I/home/pei/Project/duckdb-polr/src/include -I/home/pei/Project/duckdb-polr/third_party/fsst -I/home/pei/Project/duckdb-polr/third_party/fmt/include -I/home/pei/Project/duckdb-polr/third_party/hyperloglog -I/home/pei/Project/duckdb-polr/third_party/fastpforlib -I/home/pei/Project/duckdb-polr/third_party/fast_float -I/home/pei/Project/duckdb-polr/third_party/re2 -I/home/pei/Project/duckdb-polr/third_party/miniz -I/home/pei/Project/duckdb-polr/third_party/utf8proc/include -I/home/pei/Project/duckdb-polr/third_party/miniparquet -I/home/pei/Project/duckdb-polr/third_party/concurrentqueue -I/home/pei/Project/duckdb-polr/third_party/pcg -I/home/pei/Project/duckdb-polr/third_party/tdigest -I/home/pei/Project/duckdb-polr/third_party/mbedtls/include -I/home/pei/Project/duckdb-polr/third_party/jaro_winkler -I/home/pei/Project/duckdb-polr/extension/jemalloc/include -I/home/pei/Project/duckdb-polr/extension/jemalloc/jemalloc/include -O3 -DNDEBUG -O3 -DNDEBUG   -fPIC -fdiagnostics-color=always -w -std=c++11 -MD -MT extension/jemalloc/jemalloc/CMakeFiles/jemalloc.dir/src/hpdata.cpp.o -MF extension/jemalloc/jemalloc/CMakeFiles/jemalloc.dir/src/hpdata.cpp.o.d -o extension/jemalloc/jemalloc/CMakeFiles/jemalloc.dir/src/hpdata.cpp.o -c /home/pei/Project/duckdb-polr/extension/jemalloc/jemalloc/src/hpdata.cpp
[230/376] /usr/bin/ccache /usr/lib/ccache/c++ -DDUCKDB_BUILD_LIBRARY -DENABLE_CROSS_PRODUCT_REWRITE=1 -DENABLE_DEBUG_PRINT=0 -DENABLE_MEASURE_EXE_TIME=0 -DENABLE_MERGE_BACK_PLAN=0 -DENABLE_PARALLEL_EXECUTION=0 -DENABLE_QUERY_SPLIT=1 -DENABLE_SPECIFY_EST_STAT=0 -DJEMALLOC_NO_PRIVATE_NAMESPACE -DJEMALLOC_NO_RENAME -I/home/pei/Project/duckdb-polr/src/include -I/home/pei/Project/duckdb-polr/third_party/fsst -I/home/pei/Project/duckdb-polr/third_party/fmt/include -I/home/pei/Project/duckdb-polr/third_party/hyperloglog -I/home/pei/Project/duckdb-polr/third_party/fastpforlib -I/home/pei/Project/duckdb-polr/third_party/fast_float -I/home/pei/Project/duckdb-polr/third_party/re2 -I/home/pei/Project/duckdb-polr/third_party/miniz -I/home/pei/Project/duckdb-polr/third_party/utf8proc/include -I/home/pei/Project/duckdb-polr/third_party/miniparquet -I/home/pei/Project/duckdb-polr/third_party/concurrentqueue -I/home/pei/Project/duckdb-polr/third_party/pcg -I/home/pei/Project/duckdb-polr/third_party/tdigest -I/home/pei/Project/duckdb-polr/third_party/mbedtls/include -I/home/pei/Project/duckdb-polr/third_party/jaro_winkler -I/home/pei/Project/duckdb-polr/extension/jemalloc/include -I/home/pei/Project/duckdb-polr/extension/jemalloc/jemalloc/include -O3 -DNDEBUG -O3 -DNDEBUG   -fPIC -fdiagnostics-color=always -w -std=c++11 -MD -MT extension/jemalloc/jemalloc/CMakeFiles/jemalloc.dir/src/fxp.cpp.o -MF extension/jemalloc/jemalloc/CMakeFiles/jemalloc.dir/src/fxp.cpp.o.d -o extension/jemalloc/jemalloc/CMakeFiles/jemalloc.dir/src/fxp.cpp.o -c /home/pei/Project/duckdb-polr/extension/jemalloc/jemalloc/src/fxp.cpp
[231/376] /usr/bin/ccache /usr/lib/ccache/c++ -DDUCKDB_BUILD_LIBRARY -DENABLE_CROSS_PRODUCT_REWRITE=1 -DENABLE_DEBUG_PRINT=0 -DENABLE_MEASURE_EXE_TIME=0 -DENABLE_MERGE_BACK_PLAN=0 -DENABLE_PARALLEL_EXECUTION=0 -DENABLE_QUERY_SPLIT=1 -DENABLE_SPECIFY_EST_STAT=0 -DJEMALLOC_NO_PRIVATE_NAMESPACE -DJEMALLOC_NO_RENAME -I/home/pei/Project/duckdb-polr/src/include -I/home/pei/Project/duckdb-polr/third_party/fsst -I/home/pei/Project/duckdb-polr/third_party/fmt/include -I/home/pei/Project/duckdb-polr/third_party/hyperloglog -I/home/pei/Project/duckdb-polr/third_party/fastpforlib -I/home/pei/Project/duckdb-polr/third_party/fast_float -I/home/pei/Project/duckdb-polr/third_party/re2 -I/home/pei/Project/duckdb-polr/third_party/miniz -I/home/pei/Project/duckdb-polr/third_party/utf8proc/include -I/home/pei/Project/duckdb-polr/third_party/miniparquet -I/home/pei/Project/duckdb-polr/third_party/concurrentqueue -I/home/pei/Project/duckdb-polr/third_party/pcg -I/home/pei/Project/duckdb-polr/third_party/tdigest -I/home/pei/Project/duckdb-polr/third_party/mbedtls/include -I/home/pei/Project/duckdb-polr/third_party/jaro_winkler -I/home/pei/Project/duckdb-polr/extension/jemalloc/include -I/home/pei/Project/duckdb-polr/extension/jemalloc/jemalloc/include -O3 -DNDEBUG -O3 -DNDEBUG   -fPIC -fdiagnostics-color=always -w -std=c++11 -MD -MT extension/jemalloc/jemalloc/CMakeFiles/jemalloc.dir/src/large.cpp.o -MF extension/jemalloc/jemalloc/CMakeFiles/jemalloc.dir/src/large.cpp.o.d -o extension/jemalloc/jemalloc/CMakeFiles/jemalloc.dir/src/large.cpp.o -c /home/pei/Project/duckdb-polr/extension/jemalloc/jemalloc/src/large.cpp
[232/376] /usr/bin/ccache /usr/lib/ccache/c++ -DDUCKDB_BUILD_LIBRARY -DENABLE_CROSS_PRODUCT_REWRITE=1 -DENABLE_DEBUG_PRINT=0 -DENABLE_MEASURE_EXE_TIME=0 -DENABLE_MERGE_BACK_PLAN=0 -DENABLE_PARALLEL_EXECUTION=0 -DENABLE_QUERY_SPLIT=1 -DENABLE_SPECIFY_EST_STAT=0 -DJEMALLOC_NO_PRIVATE_NAMESPACE -DJEMALLOC_NO_RENAME -I/home/pei/Project/duckdb-polr/src/include -I/home/pei/Project/duckdb-polr/third_party/fsst -I/home/pei/Project/duckdb-polr/third_party/fmt/include -I/home/pei/Project/duckdb-polr/third_party/hyperloglog -I/home/pei/Project/duckdb-polr/third_party/fastpforlib -I/home/pei/Project/duckdb-polr/third_party/fast_float -I/home/pei/Project/duckdb-polr/third_party/re2 -I/home/pei/Project/duckdb-polr/third_party/miniz -I/home/pei/Project/duckdb-polr/third_party/utf8proc/include -I/home/pei/Project/duckdb-polr/third_party/miniparquet -I/home/pei/Project/duckdb-polr/third_party/concurrentqueue -I/home/pei/Project/duckdb-polr/third_party/pcg -I/home/pei/Project/duckdb-polr/third_party/tdigest -I/home/pei/Project/duckdb-polr/third_party/mbedtls/include -I/home/pei/Project/duckdb-polr/third_party/jaro_winkler -I/home/pei/Project/duckdb-polr/extension/jemalloc/include -I/home/pei/Project/duckdb-polr/extension/jemalloc/jemalloc/include -O3 -DNDEBUG -O3 -DNDEBUG   -fPIC -fdiagnostics-color=always -w -std=c++11 -MD -MT extension/jemalloc/jemalloc/CMakeFiles/jemalloc.dir/src/malloc_io.cpp.o -MF extension/jemalloc/jemalloc/CMakeFiles/jemalloc.dir/src/malloc_io.cpp.o.d -o extension/jemalloc/jemalloc/CMakeFiles/jemalloc.dir/src/malloc_io.cpp.o -c /home/pei/Project/duckdb-polr/extension/jemalloc/jemalloc/src/malloc_io.cpp
[233/376] /usr/bin/ccache /usr/lib/ccache/c++ -DDUCKDB_BUILD_LIBRARY -DENABLE_CROSS_PRODUCT_REWRITE=1 -DENABLE_DEBUG_PRINT=0 -DENABLE_MEASURE_EXE_TIME=0 -DENABLE_MERGE_BACK_PLAN=0 -DENABLE_PARALLEL_EXECUTION=0 -DENABLE_QUERY_SPLIT=1 -DENABLE_SPECIFY_EST_STAT=0 -DJEMALLOC_NO_PRIVATE_NAMESPACE -DJEMALLOC_NO_RENAME -I/home/pei/Project/duckdb-polr/src/include -I/home/pei/Project/duckdb-polr/third_party/fsst -I/home/pei/Project/duckdb-polr/third_party/fmt/include -I/home/pei/Project/duckdb-polr/third_party/hyperloglog -I/home/pei/Project/duckdb-polr/third_party/fastpforlib -I/home/pei/Project/duckdb-polr/third_party/fast_float -I/home/pei/Project/duckdb-polr/third_party/re2 -I/home/pei/Project/duckdb-polr/third_party/miniz -I/home/pei/Project/duckdb-polr/third_party/utf8proc/include -I/home/pei/Project/duckdb-polr/third_party/miniparquet -I/home/pei/Project/duckdb-polr/third_party/concurrentqueue -I/home/pei/Project/duckdb-polr/third_party/pcg -I/home/pei/Project/duckdb-polr/third_party/tdigest -I/home/pei/Project/duckdb-polr/third_party/mbedtls/include -I/home/pei/Project/duckdb-polr/third_party/jaro_winkler -I/home/pei/Project/duckdb-polr/extension/jemalloc/include -I/home/pei/Project/duckdb-polr/extension/jemalloc/jemalloc/include -O3 -DNDEBUG -O3 -DNDEBUG   -fPIC -fdiagnostics-color=always -w -std=c++11 -MD -MT extension/jemalloc/jemalloc/CMakeFiles/jemalloc.dir/src/extent_mmap.cpp.o -MF extension/jemalloc/jemalloc/CMakeFiles/jemalloc.dir/src/extent_mmap.cpp.o.d -o extension/jemalloc/jemalloc/CMakeFiles/jemalloc.dir/src/extent_mmap.cpp.o -c /home/pei/Project/duckdb-polr/extension/jemalloc/jemalloc/src/extent_mmap.cpp
[234/376] /usr/bin/ccache /usr/lib/ccache/c++ -DDUCKDB_BUILD_LIBRARY -DENABLE_CROSS_PRODUCT_REWRITE=1 -DENABLE_DEBUG_PRINT=0 -DENABLE_MEASURE_EXE_TIME=0 -DENABLE_MERGE_BACK_PLAN=0 -DENABLE_PARALLEL_EXECUTION=0 -DENABLE_QUERY_SPLIT=1 -DENABLE_SPECIFY_EST_STAT=0 -DJEMALLOC_NO_PRIVATE_NAMESPACE -DJEMALLOC_NO_RENAME -I/home/pei/Project/duckdb-polr/src/include -I/home/pei/Project/duckdb-polr/third_party/fsst -I/home/pei/Project/duckdb-polr/third_party/fmt/include -I/home/pei/Project/duckdb-polr/third_party/hyperloglog -I/home/pei/Project/duckdb-polr/third_party/fastpforlib -I/home/pei/Project/duckdb-polr/third_party/fast_float -I/home/pei/Project/duckdb-polr/third_party/re2 -I/home/pei/Project/duckdb-polr/third_party/miniz -I/home/pei/Project/duckdb-polr/third_party/utf8proc/include -I/home/pei/Project/duckdb-polr/third_party/miniparquet -I/home/pei/Project/duckdb-polr/third_party/concurrentqueue -I/home/pei/Project/duckdb-polr/third_party/pcg -I/home/pei/Project/duckdb-polr/third_party/tdigest -I/home/pei/Project/duckdb-polr/third_party/mbedtls/include -I/home/pei/Project/duckdb-polr/third_party/jaro_winkler -I/home/pei/Project/duckdb-polr/extension/jemalloc/include -I/home/pei/Project/duckdb-polr/extension/jemalloc/jemalloc/include -O3 -DNDEBUG -O3 -DNDEBUG   -fPIC -fdiagnostics-color=always -w -std=c++11 -MD -MT extension/jemalloc/jemalloc/CMakeFiles/jemalloc.dir/src/jemalloc.cpp.o -MF extension/jemalloc/jemalloc/CMakeFiles/jemalloc.dir/src/jemalloc.cpp.o.d -o extension/jemalloc/jemalloc/CMakeFiles/jemalloc.dir/src/jemalloc.cpp.o -c /home/pei/Project/duckdb-polr/extension/jemalloc/jemalloc/src/jemalloc.cpp
[235/376] /usr/bin/ccache /usr/lib/ccache/c++ -DDUCKDB_BUILD_LIBRARY -DENABLE_CROSS_PRODUCT_REWRITE=1 -DENABLE_DEBUG_PRINT=0 -DENABLE_MEASURE_EXE_TIME=0 -DENABLE_MERGE_BACK_PLAN=0 -DENABLE_PARALLEL_EXECUTION=0 -DENABLE_QUERY_SPLIT=1 -DENABLE_SPECIFY_EST_STAT=0 -DJEMALLOC_NO_PRIVATE_NAMESPACE -DJEMALLOC_NO_RENAME -I/home/pei/Project/duckdb-polr/src/include -I/home/pei/Project/duckdb-polr/third_party/fsst -I/home/pei/Project/duckdb-polr/third_party/fmt/include -I/home/pei/Project/duckdb-polr/third_party/hyperloglog -I/home/pei/Project/duckdb-polr/third_party/fastpforlib -I/home/pei/Project/duckdb-polr/third_party/fast_float -I/home/pei/Project/duckdb-polr/third_party/re2 -I/home/pei/Project/duckdb-polr/third_party/miniz -I/home/pei/Project/duckdb-polr/third_party/utf8proc/include -I/home/pei/Project/duckdb-polr/third_party/miniparquet -I/home/pei/Project/duckdb-polr/third_party/concurrentqueue -I/home/pei/Project/duckdb-polr/third_party/pcg -I/home/pei/Project/duckdb-polr/third_party/tdigest -I/home/pei/Project/duckdb-polr/third_party/mbedtls/include -I/home/pei/Project/duckdb-polr/third_party/jaro_winkler -I/home/pei/Project/duckdb-polr/extension/jemalloc/include -I/home/pei/Project/duckdb-polr/extension/jemalloc/jemalloc/include -O3 -DNDEBUG -O3 -DNDEBUG   -fPIC -fdiagnostics-color=always -w -std=c++11 -MD -MT extension/jemalloc/jemalloc/CMakeFiles/jemalloc.dir/src/log.cpp.o -MF extension/jemalloc/jemalloc/CMakeFiles/jemalloc.dir/src/log.cpp.o.d -o extension/jemalloc/jemalloc/CMakeFiles/jemalloc.dir/src/log.cpp.o -c /home/pei/Project/duckdb-polr/extension/jemalloc/jemalloc/src/log.cpp
[236/376] /usr/bin/ccache /usr/lib/ccache/c++ -DDUCKDB_BUILD_LIBRARY -DENABLE_CROSS_PRODUCT_REWRITE=1 -DENABLE_DEBUG_PRINT=0 -DENABLE_MEASURE_EXE_TIME=0 -DENABLE_MERGE_BACK_PLAN=0 -DENABLE_PARALLEL_EXECUTION=0 -DENABLE_QUERY_SPLIT=1 -DENABLE_SPECIFY_EST_STAT=0 -DJEMALLOC_NO_PRIVATE_NAMESPACE -DJEMALLOC_NO_RENAME -I/home/pei/Project/duckdb-polr/src/include -I/home/pei/Project/duckdb-polr/third_party/fsst -I/home/pei/Project/duckdb-polr/third_party/fmt/include -I/home/pei/Project/duckdb-polr/third_party/hyperloglog -I/home/pei/Project/duckdb-polr/third_party/fastpforlib -I/home/pei/Project/duckdb-polr/third_party/fast_float -I/home/pei/Project/duckdb-polr/third_party/re2 -I/home/pei/Project/duckdb-polr/third_party/miniz -I/home/pei/Project/duckdb-polr/third_party/utf8proc/include -I/home/pei/Project/duckdb-polr/third_party/miniparquet -I/home/pei/Project/duckdb-polr/third_party/concurrentqueue -I/home/pei/Project/duckdb-polr/third_party/pcg -I/home/pei/Project/duckdb-polr/third_party/tdigest -I/home/pei/Project/duckdb-polr/third_party/mbedtls/include -I/home/pei/Project/duckdb-polr/third_party/jaro_winkler -I/home/pei/Project/duckdb-polr/extension/jemalloc/include -I/home/pei/Project/duckdb-polr/extension/jemalloc/jemalloc/include -O3 -DNDEBUG -O3 -DNDEBUG   -fPIC -fdiagnostics-color=always -w -std=c++11 -MD -MT extension/jemalloc/jemalloc/CMakeFiles/jemalloc.dir/src/pa.cpp.o -MF extension/jemalloc/jemalloc/CMakeFiles/jemalloc.dir/src/pa.cpp.o.d -o extension/jemalloc/jemalloc/CMakeFiles/jemalloc.dir/src/pa.cpp.o -c /home/pei/Project/duckdb-polr/extension/jemalloc/jemalloc/src/pa.cpp
[237/376] /usr/bin/ccache /usr/lib/ccache/c++ -DDUCKDB_BUILD_LIBRARY -DENABLE_CROSS_PRODUCT_REWRITE=1 -DENABLE_DEBUG_PRINT=0 -DENABLE_MEASURE_EXE_TIME=0 -DENABLE_MERGE_BACK_PLAN=0 -DENABLE_PARALLEL_EXECUTION=0 -DENABLE_QUERY_SPLIT=1 -DENABLE_SPECIFY_EST_STAT=0 -DJEMALLOC_NO_PRIVATE_NAMESPACE -DJEMALLOC_NO_RENAME -I/home/pei/Project/duckdb-polr/src/include -I/home/pei/Project/duckdb-polr/third_party/fsst -I/home/pei/Project/duckdb-polr/third_party/fmt/include -I/home/pei/Project/duckdb-polr/third_party/hyperloglog -I/home/pei/Project/duckdb-polr/third_party/fastpforlib -I/home/pei/Project/duckdb-polr/third_party/fast_float -I/home/pei/Project/duckdb-polr/third_party/re2 -I/home/pei/Project/duckdb-polr/third_party/miniz -I/home/pei/Project/duckdb-polr/third_party/utf8proc/include -I/home/pei/Project/duckdb-polr/third_party/miniparquet -I/home/pei/Project/duckdb-polr/third_party/concurrentqueue -I/home/pei/Project/duckdb-polr/third_party/pcg -I/home/pei/Project/duckdb-polr/third_party/tdigest -I/home/pei/Project/duckdb-polr/third_party/mbedtls/include -I/home/pei/Project/duckdb-polr/third_party/jaro_winkler -I/home/pei/Project/duckdb-polr/extension/jemalloc/include -I/home/pei/Project/duckdb-polr/extension/jemalloc/jemalloc/include -O3 -DNDEBUG -O3 -DNDEBUG   -fPIC -fdiagnostics-color=always -w -std=c++11 -MD -MT extension/jemalloc/jemalloc/CMakeFiles/jemalloc.dir/src/inspect.cpp.o -MF extension/jemalloc/jemalloc/CMakeFiles/jemalloc.dir/src/inspect.cpp.o.d -o extension/jemalloc/jemalloc/CMakeFiles/jemalloc.dir/src/inspect.cpp.o -c /home/pei/Project/duckdb-polr/extension/jemalloc/jemalloc/src/inspect.cpp
[238/376] /usr/bin/ccache /usr/lib/ccache/c++ -DDUCKDB_BUILD_LIBRARY -DENABLE_CROSS_PRODUCT_REWRITE=1 -DENABLE_DEBUG_PRINT=0 -DENABLE_MEASURE_EXE_TIME=0 -DENABLE_MERGE_BACK_PLAN=0 -DENABLE_PARALLEL_EXECUTION=0 -DENABLE_QUERY_SPLIT=1 -DENABLE_SPECIFY_EST_STAT=0 -DJEMALLOC_NO_PRIVATE_NAMESPACE -DJEMALLOC_NO_RENAME -I/home/pei/Project/duckdb-polr/src/include -I/home/pei/Project/duckdb-polr/third_party/fsst -I/home/pei/Project/duckdb-polr/third_party/fmt/include -I/home/pei/Project/duckdb-polr/third_party/hyperloglog -I/home/pei/Project/duckdb-polr/third_party/fastpforlib -I/home/pei/Project/duckdb-polr/third_party/fast_float -I/home/pei/Project/duckdb-polr/third_party/re2 -I/home/pei/Project/duckdb-polr/third_party/miniz -I/home/pei/Project/duckdb-polr/third_party/utf8proc/include -I/home/pei/Project/duckdb-polr/third_party/miniparquet -I/home/pei/Project/duckdb-polr/third_party/concurrentqueue -I/home/pei/Project/duckdb-polr/third_party/pcg -I/home/pei/Project/duckdb-polr/third_party/tdigest -I/home/pei/Project/duckdb-polr/third_party/mbedtls/include -I/home/pei/Project/duckdb-polr/third_party/jaro_winkler -I/home/pei/Project/duckdb-polr/extension/jemalloc/include -I/home/pei/Project/duckdb-polr/extension/jemalloc/jemalloc/include -O3 -DNDEBUG -O3 -DNDEBUG   -fPIC -fdiagnostics-color=always -w -std=c++11 -MD -MT extension/jemalloc/jemalloc/CMakeFiles/jemalloc.dir/src/nstime.cpp.o -MF extension/jemalloc/jemalloc/CMakeFiles/jemalloc.dir/src/nstime.cpp.o.d -o extension/jemalloc/jemalloc/CMakeFiles/jemalloc.dir/src/nstime.cpp.o -c /home/pei/Project/duckdb-polr/extension/jemalloc/jemalloc/src/nstime.cpp
[239/376] /usr/bin/ccache /usr/lib/ccache/c++ -DDUCKDB_BUILD_LIBRARY -DENABLE_CROSS_PRODUCT_REWRITE=1 -DENABLE_DEBUG_PRINT=0 -DENABLE_MEASURE_EXE_TIME=0 -DENABLE_MERGE_BACK_PLAN=0 -DENABLE_PARALLEL_EXECUTION=0 -DENABLE_QUERY_SPLIT=1 -DENABLE_SPECIFY_EST_STAT=0 -DJEMALLOC_NO_PRIVATE_NAMESPACE -DJEMALLOC_NO_RENAME -I/home/pei/Project/duckdb-polr/src/include -I/home/pei/Project/duckdb-polr/third_party/fsst -I/home/pei/Project/duckdb-polr/third_party/fmt/include -I/home/pei/Project/duckdb-polr/third_party/hyperloglog -I/home/pei/Project/duckdb-polr/third_party/fastpforlib -I/home/pei/Project/duckdb-polr/third_party/fast_float -I/home/pei/Project/duckdb-polr/third_party/re2 -I/home/pei/Project/duckdb-polr/third_party/miniz -I/home/pei/Project/duckdb-polr/third_party/utf8proc/include -I/home/pei/Project/duckdb-polr/third_party/miniparquet -I/home/pei/Project/duckdb-polr/third_party/concurrentqueue -I/home/pei/Project/duckdb-polr/third_party/pcg -I/home/pei/Project/duckdb-polr/third_party/tdigest -I/home/pei/Project/duckdb-polr/third_party/mbedtls/include -I/home/pei/Project/duckdb-polr/third_party/jaro_winkler -I/home/pei/Project/duckdb-polr/extension/jemalloc/include -I/home/pei/Project/duckdb-polr/extension/jemalloc/jemalloc/include -O3 -DNDEBUG -O3 -DNDEBUG   -fPIC -fdiagnostics-color=always -w -std=c++11 -MD -MT extension/jemalloc/jemalloc/CMakeFiles/jemalloc.dir/src/pages.cpp.o -MF extension/jemalloc/jemalloc/CMakeFiles/jemalloc.dir/src/pages.cpp.o.d -o extension/jemalloc/jemalloc/CMakeFiles/jemalloc.dir/src/pages.cpp.o -c /home/pei/Project/duckdb-polr/extension/jemalloc/jemalloc/src/pages.cpp
[240/376] /usr/bin/ccache /usr/lib/ccache/c++ -DDUCKDB_BUILD_LIBRARY -DENABLE_CROSS_PRODUCT_REWRITE=1 -DENABLE_DEBUG_PRINT=0 -DENABLE_MEASURE_EXE_TIME=0 -DENABLE_MERGE_BACK_PLAN=0 -DENABLE_PARALLEL_EXECUTION=0 -DENABLE_QUERY_SPLIT=1 -DENABLE_SPECIFY_EST_STAT=0 -DJEMALLOC_NO_PRIVATE_NAMESPACE -DJEMALLOC_NO_RENAME -I/home/pei/Project/duckdb-polr/src/include -I/home/pei/Project/duckdb-polr/third_party/fsst -I/home/pei/Project/duckdb-polr/third_party/fmt/include -I/home/pei/Project/duckdb-polr/third_party/hyperloglog -I/home/pei/Project/duckdb-polr/third_party/fastpforlib -I/home/pei/Project/duckdb-polr/third_party/fast_float -I/home/pei/Project/duckdb-polr/third_party/re2 -I/home/pei/Project/duckdb-polr/third_party/miniz -I/home/pei/Project/duckdb-polr/third_party/utf8proc/include -I/home/pei/Project/duckdb-polr/third_party/miniparquet -I/home/pei/Project/duckdb-polr/third_party/concurrentqueue -I/home/pei/Project/duckdb-polr/third_party/pcg -I/home/pei/Project/duckdb-polr/third_party/tdigest -I/home/pei/Project/duckdb-polr/third_party/mbedtls/include -I/home/pei/Project/duckdb-polr/third_party/jaro_winkler -I/home/pei/Project/duckdb-polr/extension/jemalloc/include -I/home/pei/Project/duckdb-polr/extension/jemalloc/jemalloc/include -O3 -DNDEBUG -O3 -DNDEBUG   -fPIC -fdiagnostics-color=always -w -std=c++11 -MD -MT extension/jemalloc/jemalloc/CMakeFiles/jemalloc.dir/src/pa_extra.cpp.o -MF extension/jemalloc/jemalloc/CMakeFiles/jemalloc.dir/src/pa_extra.cpp.o.d -o extension/jemalloc/jemalloc/CMakeFiles/jemalloc.dir/src/pa_extra.cpp.o -c /home/pei/Project/duckdb-polr/extension/jemalloc/jemalloc/src/pa_extra.cpp
[241/376] /usr/bin/ccache /usr/lib/ccache/c++ -DDUCKDB_BUILD_LIBRARY -DENABLE_CROSS_PRODUCT_REWRITE=1 -DENABLE_DEBUG_PRINT=0 -DENABLE_MEASURE_EXE_TIME=0 -DENABLE_MERGE_BACK_PLAN=0 -DENABLE_PARALLEL_EXECUTION=0 -DENABLE_QUERY_SPLIT=1 -DENABLE_SPECIFY_EST_STAT=0 -DJEMALLOC_NO_PRIVATE_NAMESPACE -DJEMALLOC_NO_RENAME -I/home/pei/Project/duckdb-polr/src/include -I/home/pei/Project/duckdb-polr/third_party/fsst -I/home/pei/Project/duckdb-polr/third_party/fmt/include -I/home/pei/Project/duckdb-polr/third_party/hyperloglog -I/home/pei/Project/duckdb-polr/third_party/fastpforlib -I/home/pei/Project/duckdb-polr/third_party/fast_float -I/home/pei/Project/duckdb-polr/third_party/re2 -I/home/pei/Project/duckdb-polr/third_party/miniz -I/home/pei/Project/duckdb-polr/third_party/utf8proc/include -I/home/pei/Project/duckdb-polr/third_party/miniparquet -I/home/pei/Project/duckdb-polr/third_party/concurrentqueue -I/home/pei/Project/duckdb-polr/third_party/pcg -I/home/pei/Project/duckdb-polr/third_party/tdigest -I/home/pei/Project/duckdb-polr/third_party/mbedtls/include -I/home/pei/Project/duckdb-polr/third_party/jaro_winkler -I/home/pei/Project/duckdb-polr/extension/jemalloc/include -I/home/pei/Project/duckdb-polr/extension/jemalloc/jemalloc/include -O3 -DNDEBUG -O3 -DNDEBUG   -fPIC -fdiagnostics-color=always -w -std=c++11 -MD -MT extension/jemalloc/jemalloc/CMakeFiles/jemalloc.dir/src/pac.cpp.o -MF extension/jemalloc/jemalloc/CMakeFiles/jemalloc.dir/src/pac.cpp.o.d -o extension/jemalloc/jemalloc/CMakeFiles/jemalloc.dir/src/pac.cpp.o -c /home/pei/Project/duckdb-polr/extension/jemalloc/jemalloc/src/pac.cpp
[242/376] /usr/bin/ccache /usr/lib/ccache/c++ -DDUCKDB_BUILD_LIBRARY -DENABLE_CROSS_PRODUCT_REWRITE=1 -DENABLE_DEBUG_PRINT=0 -DENABLE_MEASURE_EXE_TIME=0 -DENABLE_MERGE_BACK_PLAN=0 -DENABLE_PARALLEL_EXECUTION=0 -DENABLE_QUERY_SPLIT=1 -DENABLE_SPECIFY_EST_STAT=0 -DJEMALLOC_NO_PRIVATE_NAMESPACE -DJEMALLOC_NO_RENAME -I/home/pei/Project/duckdb-polr/src/include -I/home/pei/Project/duckdb-polr/third_party/fsst -I/home/pei/Project/duckdb-polr/third_party/fmt/include -I/home/pei/Project/duckdb-polr/third_party/hyperloglog -I/home/pei/Project/duckdb-polr/third_party/fastpforlib -I/home/pei/Project/duckdb-polr/third_party/fast_float -I/home/pei/Project/duckdb-polr/third_party/re2 -I/home/pei/Project/duckdb-polr/third_party/miniz -I/home/pei/Project/duckdb-polr/third_party/utf8proc/include -I/home/pei/Project/duckdb-polr/third_party/miniparquet -I/home/pei/Project/duckdb-polr/third_party/concurrentqueue -I/home/pei/Project/duckdb-polr/third_party/pcg -I/home/pei/Project/duckdb-polr/third_party/tdigest -I/home/pei/Project/duckdb-polr/third_party/mbedtls/include -I/home/pei/Project/duckdb-polr/third_party/jaro_winkler -I/home/pei/Project/duckdb-polr/extension/jemalloc/include -I/home/pei/Project/duckdb-polr/extension/jemalloc/jemalloc/include -O3 -DNDEBUG -O3 -DNDEBUG   -fPIC -fdiagnostics-color=always -w -std=c++11 -MD -MT extension/jemalloc/jemalloc/CMakeFiles/jemalloc.dir/src/pai.cpp.o -MF extension/jemalloc/jemalloc/CMakeFiles/jemalloc.dir/src/pai.cpp.o.d -o extension/jemalloc/jemalloc/CMakeFiles/jemalloc.dir/src/pai.cpp.o -c /home/pei/Project/duckdb-polr/extension/jemalloc/jemalloc/src/pai.cpp
[243/376] /usr/bin/ccache /usr/lib/ccache/c++ -DDUCKDB_BUILD_LIBRARY -DENABLE_CROSS_PRODUCT_REWRITE=1 -DENABLE_DEBUG_PRINT=0 -DENABLE_MEASURE_EXE_TIME=0 -DENABLE_MERGE_BACK_PLAN=0 -DENABLE_PARALLEL_EXECUTION=0 -DENABLE_QUERY_SPLIT=1 -DENABLE_SPECIFY_EST_STAT=0 -DJEMALLOC_NO_PRIVATE_NAMESPACE -DJEMALLOC_NO_RENAME -I/home/pei/Project/duckdb-polr/src/include -I/home/pei/Project/duckdb-polr/third_party/fsst -I/home/pei/Project/duckdb-polr/third_party/fmt/include -I/home/pei/Project/duckdb-polr/third_party/hyperloglog -I/home/pei/Project/duckdb-polr/third_party/fastpforlib -I/home/pei/Project/duckdb-polr/third_party/fast_float -I/home/pei/Project/duckdb-polr/third_party/re2 -I/home/pei/Project/duckdb-polr/third_party/miniz -I/home/pei/Project/duckdb-polr/third_party/utf8proc/include -I/home/pei/Project/duckdb-polr/third_party/miniparquet -I/home/pei/Project/duckdb-polr/third_party/concurrentqueue -I/home/pei/Project/duckdb-polr/third_party/pcg -I/home/pei/Project/duckdb-polr/third_party/tdigest -I/home/pei/Project/duckdb-polr/third_party/mbedtls/include -I/home/pei/Project/duckdb-polr/third_party/jaro_winkler -I/home/pei/Project/duckdb-polr/extension/jemalloc/include -I/home/pei/Project/duckdb-polr/extension/jemalloc/jemalloc/include -O3 -DNDEBUG -O3 -DNDEBUG   -fPIC -fdiagnostics-color=always -w -std=c++11 -MD -MT extension/jemalloc/jemalloc/CMakeFiles/jemalloc.dir/src/prof.cpp.o -MF extension/jemalloc/jemalloc/CMakeFiles/jemalloc.dir/src/prof.cpp.o.d -o extension/jemalloc/jemalloc/CMakeFiles/jemalloc.dir/src/prof.cpp.o -c /home/pei/Project/duckdb-polr/extension/jemalloc/jemalloc/src/prof.cpp
[244/376] /usr/bin/ccache /usr/lib/ccache/c++ -DDUCKDB_BUILD_LIBRARY -DENABLE_CROSS_PRODUCT_REWRITE=1 -DENABLE_DEBUG_PRINT=0 -DENABLE_MEASURE_EXE_TIME=0 -DENABLE_MERGE_BACK_PLAN=0 -DENABLE_PARALLEL_EXECUTION=0 -DENABLE_QUERY_SPLIT=1 -DENABLE_SPECIFY_EST_STAT=0 -DJEMALLOC_NO_PRIVATE_NAMESPACE -DJEMALLOC_NO_RENAME -I/home/pei/Project/duckdb-polr/src/include -I/home/pei/Project/duckdb-polr/third_party/fsst -I/home/pei/Project/duckdb-polr/third_party/fmt/include -I/home/pei/Project/duckdb-polr/third_party/hyperloglog -I/home/pei/Project/duckdb-polr/third_party/fastpforlib -I/home/pei/Project/duckdb-polr/third_party/fast_float -I/home/pei/Project/duckdb-polr/third_party/re2 -I/home/pei/Project/duckdb-polr/third_party/miniz -I/home/pei/Project/duckdb-polr/third_party/utf8proc/include -I/home/pei/Project/duckdb-polr/third_party/miniparquet -I/home/pei/Project/duckdb-polr/third_party/concurrentqueue -I/home/pei/Project/duckdb-polr/third_party/pcg -I/home/pei/Project/duckdb-polr/third_party/tdigest -I/home/pei/Project/duckdb-polr/third_party/mbedtls/include -I/home/pei/Project/duckdb-polr/third_party/jaro_winkler -I/home/pei/Project/duckdb-polr/extension/jemalloc/include -I/home/pei/Project/duckdb-polr/extension/jemalloc/jemalloc/include -O3 -DNDEBUG -O3 -DNDEBUG   -fPIC -fdiagnostics-color=always -w -std=c++11 -MD -MT extension/jemalloc/jemalloc/CMakeFiles/jemalloc.dir/src/peak_event.cpp.o -MF extension/jemalloc/jemalloc/CMakeFiles/jemalloc.dir/src/peak_event.cpp.o.d -o extension/jemalloc/jemalloc/CMakeFiles/jemalloc.dir/src/peak_event.cpp.o -c /home/pei/Project/duckdb-polr/extension/jemalloc/jemalloc/src/peak_event.cpp
[245/376] /usr/bin/ccache /usr/lib/ccache/c++ -DDUCKDB_BUILD_LIBRARY -DENABLE_CROSS_PRODUCT_REWRITE=1 -DENABLE_DEBUG_PRINT=0 -DENABLE_MEASURE_EXE_TIME=0 -DENABLE_MERGE_BACK_PLAN=0 -DENABLE_PARALLEL_EXECUTION=0 -DENABLE_QUERY_SPLIT=1 -DENABLE_SPECIFY_EST_STAT=0 -DJEMALLOC_NO_PRIVATE_NAMESPACE -DJEMALLOC_NO_RENAME -I/home/pei/Project/duckdb-polr/src/include -I/home/pei/Project/duckdb-polr/third_party/fsst -I/home/pei/Project/duckdb-polr/third_party/fmt/include -I/home/pei/Project/duckdb-polr/third_party/hyperloglog -I/home/pei/Project/duckdb-polr/third_party/fastpforlib -I/home/pei/Project/duckdb-polr/third_party/fast_float -I/home/pei/Project/duckdb-polr/third_party/re2 -I/home/pei/Project/duckdb-polr/third_party/miniz -I/home/pei/Project/duckdb-polr/third_party/utf8proc/include -I/home/pei/Project/duckdb-polr/third_party/miniparquet -I/home/pei/Project/duckdb-polr/third_party/concurrentqueue -I/home/pei/Project/duckdb-polr/third_party/pcg -I/home/pei/Project/duckdb-polr/third_party/tdigest -I/home/pei/Project/duckdb-polr/third_party/mbedtls/include -I/home/pei/Project/duckdb-polr/third_party/jaro_winkler -I/home/pei/Project/duckdb-polr/extension/jemalloc/include -I/home/pei/Project/duckdb-polr/extension/jemalloc/jemalloc/include -O3 -DNDEBUG -O3 -DNDEBUG   -fPIC -fdiagnostics-color=always -w -std=c++11 -MD -MT extension/jemalloc/jemalloc/CMakeFiles/jemalloc.dir/src/ecache.cpp.o -MF extension/jemalloc/jemalloc/CMakeFiles/jemalloc.dir/src/ecache.cpp.o.d -o extension/jemalloc/jemalloc/CMakeFiles/jemalloc.dir/src/ecache.cpp.o -c /home/pei/Project/duckdb-polr/extension/jemalloc/jemalloc/src/ecache.cpp
[246/376] /usr/bin/ccache /usr/lib/ccache/c++ -DDUCKDB_BUILD_LIBRARY -DENABLE_CROSS_PRODUCT_REWRITE=1 -DENABLE_DEBUG_PRINT=0 -DENABLE_MEASURE_EXE_TIME=0 -DENABLE_MERGE_BACK_PLAN=0 -DENABLE_PARALLEL_EXECUTION=0 -DENABLE_QUERY_SPLIT=1 -DENABLE_SPECIFY_EST_STAT=0 -DJEMALLOC_NO_PRIVATE_NAMESPACE -DJEMALLOC_NO_RENAME -I/home/pei/Project/duckdb-polr/src/include -I/home/pei/Project/duckdb-polr/third_party/fsst -I/home/pei/Project/duckdb-polr/third_party/fmt/include -I/home/pei/Project/duckdb-polr/third_party/hyperloglog -I/home/pei/Project/duckdb-polr/third_party/fastpforlib -I/home/pei/Project/duckdb-polr/third_party/fast_float -I/home/pei/Project/duckdb-polr/third_party/re2 -I/home/pei/Project/duckdb-polr/third_party/miniz -I/home/pei/Project/duckdb-polr/third_party/utf8proc/include -I/home/pei/Project/duckdb-polr/third_party/miniparquet -I/home/pei/Project/duckdb-polr/third_party/concurrentqueue -I/home/pei/Project/duckdb-polr/third_party/pcg -I/home/pei/Project/duckdb-polr/third_party/tdigest -I/home/pei/Project/duckdb-polr/third_party/mbedtls/include -I/home/pei/Project/duckdb-polr/third_party/jaro_winkler -I/home/pei/Project/duckdb-polr/extension/jemalloc/include -I/home/pei/Project/duckdb-polr/extension/jemalloc/jemalloc/include -O3 -DNDEBUG -O3 -DNDEBUG   -fPIC -fdiagnostics-color=always -w -std=c++11 -MD -MT extension/jemalloc/jemalloc/CMakeFiles/jemalloc.dir/src/mutex.cpp.o -MF extension/jemalloc/jemalloc/CMakeFiles/jemalloc.dir/src/mutex.cpp.o.d -o extension/jemalloc/jemalloc/CMakeFiles/jemalloc.dir/src/mutex.cpp.o -c /home/pei/Project/duckdb-polr/extension/jemalloc/jemalloc/src/mutex.cpp
[247/376] /usr/bin/ccache /usr/lib/ccache/c++ -DDUCKDB_BUILD_LIBRARY -DENABLE_CROSS_PRODUCT_REWRITE=1 -DENABLE_DEBUG_PRINT=0 -DENABLE_MEASURE_EXE_TIME=0 -DENABLE_MERGE_BACK_PLAN=0 -DENABLE_PARALLEL_EXECUTION=0 -DENABLE_QUERY_SPLIT=1 -DENABLE_SPECIFY_EST_STAT=0 -DJEMALLOC_NO_PRIVATE_NAMESPACE -DJEMALLOC_NO_RENAME -I/home/pei/Project/duckdb-polr/src/include -I/home/pei/Project/duckdb-polr/third_party/fsst -I/home/pei/Project/duckdb-polr/third_party/fmt/include -I/home/pei/Project/duckdb-polr/third_party/hyperloglog -I/home/pei/Project/duckdb-polr/third_party/fastpforlib -I/home/pei/Project/duckdb-polr/third_party/fast_float -I/home/pei/Project/duckdb-polr/third_party/re2 -I/home/pei/Project/duckdb-polr/third_party/miniz -I/home/pei/Project/duckdb-polr/third_party/utf8proc/include -I/home/pei/Project/duckdb-polr/third_party/miniparquet -I/home/pei/Project/duckdb-polr/third_party/concurrentqueue -I/home/pei/Project/duckdb-polr/third_party/pcg -I/home/pei/Project/duckdb-polr/third_party/tdigest -I/home/pei/Project/duckdb-polr/third_party/mbedtls/include -I/home/pei/Project/duckdb-polr/third_party/jaro_winkler -I/home/pei/Project/duckdb-polr/extension/jemalloc/include -I/home/pei/Project/duckdb-polr/extension/jemalloc/jemalloc/include -O3 -DNDEBUG -O3 -DNDEBUG   -fPIC -fdiagnostics-color=always -w -std=c++11 -MD -MT extension/jemalloc/jemalloc/CMakeFiles/jemalloc.dir/src/prof_data.cpp.o -MF extension/jemalloc/jemalloc/CMakeFiles/jemalloc.dir/src/prof_data.cpp.o.d -o extension/jemalloc/jemalloc/CMakeFiles/jemalloc.dir/src/prof_data.cpp.o -c /home/pei/Project/duckdb-polr/extension/jemalloc/jemalloc/src/prof_data.cpp
[248/376] /usr/bin/ccache /usr/lib/ccache/c++ -DDUCKDB_BUILD_LIBRARY -DENABLE_CROSS_PRODUCT_REWRITE=1 -DENABLE_DEBUG_PRINT=0 -DENABLE_MEASURE_EXE_TIME=0 -DENABLE_MERGE_BACK_PLAN=0 -DENABLE_PARALLEL_EXECUTION=0 -DENABLE_QUERY_SPLIT=1 -DENABLE_SPECIFY_EST_STAT=0 -DJEMALLOC_NO_PRIVATE_NAMESPACE -DJEMALLOC_NO_RENAME -I/home/pei/Project/duckdb-polr/src/include -I/home/pei/Project/duckdb-polr/third_party/fsst -I/home/pei/Project/duckdb-polr/third_party/fmt/include -I/home/pei/Project/duckdb-polr/third_party/hyperloglog -I/home/pei/Project/duckdb-polr/third_party/fastpforlib -I/home/pei/Project/duckdb-polr/third_party/fast_float -I/home/pei/Project/duckdb-polr/third_party/re2 -I/home/pei/Project/duckdb-polr/third_party/miniz -I/home/pei/Project/duckdb-polr/third_party/utf8proc/include -I/home/pei/Project/duckdb-polr/third_party/miniparquet -I/home/pei/Project/duckdb-polr/third_party/concurrentqueue -I/home/pei/Project/duckdb-polr/third_party/pcg -I/home/pei/Project/duckdb-polr/third_party/tdigest -I/home/pei/Project/duckdb-polr/third_party/mbedtls/include -I/home/pei/Project/duckdb-polr/third_party/jaro_winkler -I/home/pei/Project/duckdb-polr/extension/jemalloc/include -I/home/pei/Project/duckdb-polr/extension/jemalloc/jemalloc/include -O3 -DNDEBUG -O3 -DNDEBUG   -fPIC -fdiagnostics-color=always -w -std=c++11 -MD -MT extension/jemalloc/jemalloc/CMakeFiles/jemalloc.dir/src/prof_recent.cpp.o -MF extension/jemalloc/jemalloc/CMakeFiles/jemalloc.dir/src/prof_recent.cpp.o.d -o extension/jemalloc/jemalloc/CMakeFiles/jemalloc.dir/src/prof_recent.cpp.o -c /home/pei/Project/duckdb-polr/extension/jemalloc/jemalloc/src/prof_recent.cpp
[249/376] /usr/bin/ccache /usr/lib/ccache/c++ -DDUCKDB_BUILD_LIBRARY -DENABLE_CROSS_PRODUCT_REWRITE=1 -DENABLE_DEBUG_PRINT=0 -DENABLE_MEASURE_EXE_TIME=0 -DENABLE_MERGE_BACK_PLAN=0 -DENABLE_PARALLEL_EXECUTION=0 -DENABLE_QUERY_SPLIT=1 -DENABLE_SPECIFY_EST_STAT=0 -DJEMALLOC_NO_PRIVATE_NAMESPACE -DJEMALLOC_NO_RENAME -I/home/pei/Project/duckdb-polr/src/include -I/home/pei/Project/duckdb-polr/third_party/fsst -I/home/pei/Project/duckdb-polr/third_party/fmt/include -I/home/pei/Project/duckdb-polr/third_party/hyperloglog -I/home/pei/Project/duckdb-polr/third_party/fastpforlib -I/home/pei/Project/duckdb-polr/third_party/fast_float -I/home/pei/Project/duckdb-polr/third_party/re2 -I/home/pei/Project/duckdb-polr/third_party/miniz -I/home/pei/Project/duckdb-polr/third_party/utf8proc/include -I/home/pei/Project/duckdb-polr/third_party/miniparquet -I/home/pei/Project/duckdb-polr/third_party/concurrentqueue -I/home/pei/Project/duckdb-polr/third_party/pcg -I/home/pei/Project/duckdb-polr/third_party/tdigest -I/home/pei/Project/duckdb-polr/third_party/mbedtls/include -I/home/pei/Project/duckdb-polr/third_party/jaro_winkler -I/home/pei/Project/duckdb-polr/extension/jemalloc/include -I/home/pei/Project/duckdb-polr/extension/jemalloc/jemalloc/include -O3 -DNDEBUG -O3 -DNDEBUG   -fPIC -fdiagnostics-color=always -w -std=c++11 -MD -MT extension/jemalloc/jemalloc/CMakeFiles/jemalloc.dir/src/prof_log.cpp.o -MF extension/jemalloc/jemalloc/CMakeFiles/jemalloc.dir/src/prof_log.cpp.o.d -o extension/jemalloc/jemalloc/CMakeFiles/jemalloc.dir/src/prof_log.cpp.o -c /home/pei/Project/duckdb-polr/extension/jemalloc/jemalloc/src/prof_log.cpp
[250/376] /usr/bin/ccache /usr/lib/ccache/c++ -DDUCKDB_BUILD_LIBRARY -DENABLE_CROSS_PRODUCT_REWRITE=1 -DENABLE_DEBUG_PRINT=0 -DENABLE_MEASURE_EXE_TIME=0 -DENABLE_MERGE_BACK_PLAN=0 -DENABLE_PARALLEL_EXECUTION=0 -DENABLE_QUERY_SPLIT=1 -DENABLE_SPECIFY_EST_STAT=0 -DJEMALLOC_NO_PRIVATE_NAMESPACE -DJEMALLOC_NO_RENAME -I/home/pei/Project/duckdb-polr/src/include -I/home/pei/Project/duckdb-polr/third_party/fsst -I/home/pei/Project/duckdb-polr/third_party/fmt/include -I/home/pei/Project/duckdb-polr/third_party/hyperloglog -I/home/pei/Project/duckdb-polr/third_party/fastpforlib -I/home/pei/Project/duckdb-polr/third_party/fast_float -I/home/pei/Project/duckdb-polr/third_party/re2 -I/home/pei/Project/duckdb-polr/third_party/miniz -I/home/pei/Project/duckdb-polr/third_party/utf8proc/include -I/home/pei/Project/duckdb-polr/third_party/miniparquet -I/home/pei/Project/duckdb-polr/third_party/concurrentqueue -I/home/pei/Project/duckdb-polr/third_party/pcg -I/home/pei/Project/duckdb-polr/third_party/tdigest -I/home/pei/Project/duckdb-polr/third_party/mbedtls/include -I/home/pei/Project/duckdb-polr/third_party/jaro_winkler -I/home/pei/Project/duckdb-polr/extension/jemalloc/include -I/home/pei/Project/duckdb-polr/extension/jemalloc/jemalloc/include -O3 -DNDEBUG -O3 -DNDEBUG   -fPIC -fdiagnostics-color=always -w -std=c++11 -MD -MT extension/jemalloc/jemalloc/CMakeFiles/jemalloc.dir/src/psset.cpp.o -MF extension/jemalloc/jemalloc/CMakeFiles/jemalloc.dir/src/psset.cpp.o.d -o extension/jemalloc/jemalloc/CMakeFiles/jemalloc.dir/src/psset.cpp.o -c /home/pei/Project/duckdb-polr/extension/jemalloc/jemalloc/src/psset.cpp
[251/376] /usr/bin/ccache /usr/lib/ccache/c++ -DDUCKDB_BUILD_LIBRARY -DENABLE_CROSS_PRODUCT_REWRITE=1 -DENABLE_DEBUG_PRINT=0 -DENABLE_MEASURE_EXE_TIME=0 -DENABLE_MERGE_BACK_PLAN=0 -DENABLE_PARALLEL_EXECUTION=0 -DENABLE_QUERY_SPLIT=1 -DENABLE_SPECIFY_EST_STAT=0 -DJEMALLOC_NO_PRIVATE_NAMESPACE -DJEMALLOC_NO_RENAME -I/home/pei/Project/duckdb-polr/src/include -I/home/pei/Project/duckdb-polr/third_party/fsst -I/home/pei/Project/duckdb-polr/third_party/fmt/include -I/home/pei/Project/duckdb-polr/third_party/hyperloglog -I/home/pei/Project/duckdb-polr/third_party/fastpforlib -I/home/pei/Project/duckdb-polr/third_party/fast_float -I/home/pei/Project/duckdb-polr/third_party/re2 -I/home/pei/Project/duckdb-polr/third_party/miniz -I/home/pei/Project/duckdb-polr/third_party/utf8proc/include -I/home/pei/Project/duckdb-polr/third_party/miniparquet -I/home/pei/Project/duckdb-polr/third_party/concurrentqueue -I/home/pei/Project/duckdb-polr/third_party/pcg -I/home/pei/Project/duckdb-polr/third_party/tdigest -I/home/pei/Project/duckdb-polr/third_party/mbedtls/include -I/home/pei/Project/duckdb-polr/third_party/jaro_winkler -I/home/pei/Project/duckdb-polr/extension/jemalloc/include -I/home/pei/Project/duckdb-polr/extension/jemalloc/jemalloc/include -O3 -DNDEBUG -O3 -DNDEBUG   -fPIC -fdiagnostics-color=always -w -std=c++11 -MD -MT extension/jemalloc/jemalloc/CMakeFiles/jemalloc.dir/src/prof_stats.cpp.o -MF extension/jemalloc/jemalloc/CMakeFiles/jemalloc.dir/src/prof_stats.cpp.o.d -o extension/jemalloc/jemalloc/CMakeFiles/jemalloc.dir/src/prof_stats.cpp.o -c /home/pei/Project/duckdb-polr/extension/jemalloc/jemalloc/src/prof_stats.cpp
[252/376] /usr/bin/ccache /usr/lib/ccache/c++ -DDUCKDB_BUILD_LIBRARY -DENABLE_CROSS_PRODUCT_REWRITE=1 -DENABLE_DEBUG_PRINT=0 -DENABLE_MEASURE_EXE_TIME=0 -DENABLE_MERGE_BACK_PLAN=0 -DENABLE_PARALLEL_EXECUTION=0 -DENABLE_QUERY_SPLIT=1 -DENABLE_SPECIFY_EST_STAT=0 -DJEMALLOC_NO_PRIVATE_NAMESPACE -DJEMALLOC_NO_RENAME -I/home/pei/Project/duckdb-polr/src/include -I/home/pei/Project/duckdb-polr/third_party/fsst -I/home/pei/Project/duckdb-polr/third_party/fmt/include -I/home/pei/Project/duckdb-polr/third_party/hyperloglog -I/home/pei/Project/duckdb-polr/third_party/fastpforlib -I/home/pei/Project/duckdb-polr/third_party/fast_float -I/home/pei/Project/duckdb-polr/third_party/re2 -I/home/pei/Project/duckdb-polr/third_party/miniz -I/home/pei/Project/duckdb-polr/third_party/utf8proc/include -I/home/pei/Project/duckdb-polr/third_party/miniparquet -I/home/pei/Project/duckdb-polr/third_party/concurrentqueue -I/home/pei/Project/duckdb-polr/third_party/pcg -I/home/pei/Project/duckdb-polr/third_party/tdigest -I/home/pei/Project/duckdb-polr/third_party/mbedtls/include -I/home/pei/Project/duckdb-polr/third_party/jaro_winkler -I/home/pei/Project/duckdb-polr/extension/jemalloc/include -I/home/pei/Project/duckdb-polr/extension/jemalloc/jemalloc/include -O3 -DNDEBUG -O3 -DNDEBUG   -fPIC -fdiagnostics-color=always -w -std=c++11 -MD -MT extension/jemalloc/jemalloc/CMakeFiles/jemalloc.dir/src/prof_sys.cpp.o -MF extension/jemalloc/jemalloc/CMakeFiles/jemalloc.dir/src/prof_sys.cpp.o.d -o extension/jemalloc/jemalloc/CMakeFiles/jemalloc.dir/src/prof_sys.cpp.o -c /home/pei/Project/duckdb-polr/extension/jemalloc/jemalloc/src/prof_sys.cpp
[253/376] /usr/bin/ccache /usr/lib/ccache/c++ -DDUCKDB_BUILD_LIBRARY -DENABLE_CROSS_PRODUCT_REWRITE=1 -DENABLE_DEBUG_PRINT=0 -DENABLE_MEASURE_EXE_TIME=0 -DENABLE_MERGE_BACK_PLAN=0 -DENABLE_PARALLEL_EXECUTION=0 -DENABLE_QUERY_SPLIT=1 -DENABLE_SPECIFY_EST_STAT=0 -DJEMALLOC_NO_PRIVATE_NAMESPACE -DJEMALLOC_NO_RENAME -I/home/pei/Project/duckdb-polr/src/include -I/home/pei/Project/duckdb-polr/third_party/fsst -I/home/pei/Project/duckdb-polr/third_party/fmt/include -I/home/pei/Project/duckdb-polr/third_party/hyperloglog -I/home/pei/Project/duckdb-polr/third_party/fastpforlib -I/home/pei/Project/duckdb-polr/third_party/fast_float -I/home/pei/Project/duckdb-polr/third_party/re2 -I/home/pei/Project/duckdb-polr/third_party/miniz -I/home/pei/Project/duckdb-polr/third_party/utf8proc/include -I/home/pei/Project/duckdb-polr/third_party/miniparquet -I/home/pei/Project/duckdb-polr/third_party/concurrentqueue -I/home/pei/Project/duckdb-polr/third_party/pcg -I/home/pei/Project/duckdb-polr/third_party/tdigest -I/home/pei/Project/duckdb-polr/third_party/mbedtls/include -I/home/pei/Project/duckdb-polr/third_party/jaro_winkler -I/home/pei/Project/duckdb-polr/extension/jemalloc/include -I/home/pei/Project/duckdb-polr/extension/jemalloc/jemalloc/include -O3 -DNDEBUG -O3 -DNDEBUG   -fPIC -fdiagnostics-color=always -w -std=c++11 -MD -MT extension/jemalloc/jemalloc/CMakeFiles/jemalloc.dir/src/rtree.cpp.o -MF extension/jemalloc/jemalloc/CMakeFiles/jemalloc.dir/src/rtree.cpp.o.d -o extension/jemalloc/jemalloc/CMakeFiles/jemalloc.dir/src/rtree.cpp.o -c /home/pei/Project/duckdb-polr/extension/jemalloc/jemalloc/src/rtree.cpp
[254/376] /usr/bin/ccache /usr/lib/ccache/c++ -DDUCKDB_BUILD_LIBRARY -DENABLE_CROSS_PRODUCT_REWRITE=1 -DENABLE_DEBUG_PRINT=0 -DENABLE_MEASURE_EXE_TIME=0 -DENABLE_MERGE_BACK_PLAN=0 -DENABLE_PARALLEL_EXECUTION=0 -DENABLE_QUERY_SPLIT=1 -DENABLE_SPECIFY_EST_STAT=0 -DJEMALLOC_NO_PRIVATE_NAMESPACE -DJEMALLOC_NO_RENAME -I/home/pei/Project/duckdb-polr/src/include -I/home/pei/Project/duckdb-polr/third_party/fsst -I/home/pei/Project/duckdb-polr/third_party/fmt/include -I/home/pei/Project/duckdb-polr/third_party/hyperloglog -I/home/pei/Project/duckdb-polr/third_party/fastpforlib -I/home/pei/Project/duckdb-polr/third_party/fast_float -I/home/pei/Project/duckdb-polr/third_party/re2 -I/home/pei/Project/duckdb-polr/third_party/miniz -I/home/pei/Project/duckdb-polr/third_party/utf8proc/include -I/home/pei/Project/duckdb-polr/third_party/miniparquet -I/home/pei/Project/duckdb-polr/third_party/concurrentqueue -I/home/pei/Project/duckdb-polr/third_party/pcg -I/home/pei/Project/duckdb-polr/third_party/tdigest -I/home/pei/Project/duckdb-polr/third_party/mbedtls/include -I/home/pei/Project/duckdb-polr/third_party/jaro_winkler -I/home/pei/Project/duckdb-polr/extension/jemalloc/include -I/home/pei/Project/duckdb-polr/extension/jemalloc/jemalloc/include -O3 -DNDEBUG -O3 -DNDEBUG   -fPIC -fdiagnostics-color=always -w -std=c++11 -MD -MT extension/jemalloc/jemalloc/CMakeFiles/jemalloc.dir/src/san.cpp.o -MF extension/jemalloc/jemalloc/CMakeFiles/jemalloc.dir/src/san.cpp.o.d -o extension/jemalloc/jemalloc/CMakeFiles/jemalloc.dir/src/san.cpp.o -c /home/pei/Project/duckdb-polr/extension/jemalloc/jemalloc/src/san.cpp
[255/376] /usr/bin/ccache /usr/lib/ccache/c++ -DDUCKDB_BUILD_LIBRARY -DENABLE_CROSS_PRODUCT_REWRITE=1 -DENABLE_DEBUG_PRINT=0 -DENABLE_MEASURE_EXE_TIME=0 -DENABLE_MERGE_BACK_PLAN=0 -DENABLE_PARALLEL_EXECUTION=0 -DENABLE_QUERY_SPLIT=1 -DENABLE_SPECIFY_EST_STAT=0 -DJEMALLOC_NO_PRIVATE_NAMESPACE -DJEMALLOC_NO_RENAME -I/home/pei/Project/duckdb-polr/src/include -I/home/pei/Project/duckdb-polr/third_party/fsst -I/home/pei/Project/duckdb-polr/third_party/fmt/include -I/home/pei/Project/duckdb-polr/third_party/hyperloglog -I/home/pei/Project/duckdb-polr/third_party/fastpforlib -I/home/pei/Project/duckdb-polr/third_party/fast_float -I/home/pei/Project/duckdb-polr/third_party/re2 -I/home/pei/Project/duckdb-polr/third_party/miniz -I/home/pei/Project/duckdb-polr/third_party/utf8proc/include -I/home/pei/Project/duckdb-polr/third_party/miniparquet -I/home/pei/Project/duckdb-polr/third_party/concurrentqueue -I/home/pei/Project/duckdb-polr/third_party/pcg -I/home/pei/Project/duckdb-polr/third_party/tdigest -I/home/pei/Project/duckdb-polr/third_party/mbedtls/include -I/home/pei/Project/duckdb-polr/third_party/jaro_winkler -I/home/pei/Project/duckdb-polr/extension/jemalloc/include -I/home/pei/Project/duckdb-polr/extension/jemalloc/jemalloc/include -O3 -DNDEBUG -O3 -DNDEBUG   -fPIC -fdiagnostics-color=always -w -std=c++11 -MD -MT extension/jemalloc/jemalloc/CMakeFiles/jemalloc.dir/src/safety_check.cpp.o -MF extension/jemalloc/jemalloc/CMakeFiles/jemalloc.dir/src/safety_check.cpp.o.d -o extension/jemalloc/jemalloc/CMakeFiles/jemalloc.dir/src/safety_check.cpp.o -c /home/pei/Project/duckdb-polr/extension/jemalloc/jemalloc/src/safety_check.cpp
[256/376] /usr/bin/ccache /usr/lib/ccache/c++ -DDUCKDB_BUILD_LIBRARY -DENABLE_CROSS_PRODUCT_REWRITE=1 -DENABLE_DEBUG_PRINT=0 -DENABLE_MEASURE_EXE_TIME=0 -DENABLE_MERGE_BACK_PLAN=0 -DENABLE_PARALLEL_EXECUTION=0 -DENABLE_QUERY_SPLIT=1 -DENABLE_SPECIFY_EST_STAT=0 -DJEMALLOC_NO_PRIVATE_NAMESPACE -DJEMALLOC_NO_RENAME -I/home/pei/Project/duckdb-polr/src/include -I/home/pei/Project/duckdb-polr/third_party/fsst -I/home/pei/Project/duckdb-polr/third_party/fmt/include -I/home/pei/Project/duckdb-polr/third_party/hyperloglog -I/home/pei/Project/duckdb-polr/third_party/fastpforlib -I/home/pei/Project/duckdb-polr/third_party/fast_float -I/home/pei/Project/duckdb-polr/third_party/re2 -I/home/pei/Project/duckdb-polr/third_party/miniz -I/home/pei/Project/duckdb-polr/third_party/utf8proc/include -I/home/pei/Project/duckdb-polr/third_party/miniparquet -I/home/pei/Project/duckdb-polr/third_party/concurrentqueue -I/home/pei/Project/duckdb-polr/third_party/pcg -I/home/pei/Project/duckdb-polr/third_party/tdigest -I/home/pei/Project/duckdb-polr/third_party/mbedtls/include -I/home/pei/Project/duckdb-polr/third_party/jaro_winkler -I/home/pei/Project/duckdb-polr/extension/jemalloc/include -I/home/pei/Project/duckdb-polr/extension/jemalloc/jemalloc/include -O3 -DNDEBUG -O3 -DNDEBUG   -fPIC -fdiagnostics-color=always -w -std=c++11 -MD -MT extension/jemalloc/jemalloc/CMakeFiles/jemalloc.dir/src/san_bump.cpp.o -MF extension/jemalloc/jemalloc/CMakeFiles/jemalloc.dir/src/san_bump.cpp.o.d -o extension/jemalloc/jemalloc/CMakeFiles/jemalloc.dir/src/san_bump.cpp.o -c /home/pei/Project/duckdb-polr/extension/jemalloc/jemalloc/src/san_bump.cpp
[257/376] /usr/bin/ccache /usr/lib/ccache/c++ -DDUCKDB_BUILD_LIBRARY -DENABLE_CROSS_PRODUCT_REWRITE=1 -DENABLE_DEBUG_PRINT=0 -DENABLE_MEASURE_EXE_TIME=0 -DENABLE_MERGE_BACK_PLAN=0 -DENABLE_PARALLEL_EXECUTION=0 -DENABLE_QUERY_SPLIT=1 -DENABLE_SPECIFY_EST_STAT=0 -DJEMALLOC_NO_PRIVATE_NAMESPACE -DJEMALLOC_NO_RENAME -I/home/pei/Project/duckdb-polr/src/include -I/home/pei/Project/duckdb-polr/third_party/fsst -I/home/pei/Project/duckdb-polr/third_party/fmt/include -I/home/pei/Project/duckdb-polr/third_party/hyperloglog -I/home/pei/Project/duckdb-polr/third_party/fastpforlib -I/home/pei/Project/duckdb-polr/third_party/fast_float -I/home/pei/Project/duckdb-polr/third_party/re2 -I/home/pei/Project/duckdb-polr/third_party/miniz -I/home/pei/Project/duckdb-polr/third_party/utf8proc/include -I/home/pei/Project/duckdb-polr/third_party/miniparquet -I/home/pei/Project/duckdb-polr/third_party/concurrentqueue -I/home/pei/Project/duckdb-polr/third_party/pcg -I/home/pei/Project/duckdb-polr/third_party/tdigest -I/home/pei/Project/duckdb-polr/third_party/mbedtls/include -I/home/pei/Project/duckdb-polr/third_party/jaro_winkler -I/home/pei/Project/duckdb-polr/extension/jemalloc/include -I/home/pei/Project/duckdb-polr/extension/jemalloc/jemalloc/include -O3 -DNDEBUG -O3 -DNDEBUG   -fPIC -fdiagnostics-color=always -w -std=c++11 -MD -MT extension/jemalloc/jemalloc/CMakeFiles/jemalloc.dir/src/sec.cpp.o -MF extension/jemalloc/jemalloc/CMakeFiles/jemalloc.dir/src/sec.cpp.o.d -o extension/jemalloc/jemalloc/CMakeFiles/jemalloc.dir/src/sec.cpp.o -c /home/pei/Project/duckdb-polr/extension/jemalloc/jemalloc/src/sec.cpp
[258/376] /usr/bin/ccache /usr/lib/ccache/c++ -DDUCKDB_BUILD_LIBRARY -DENABLE_CROSS_PRODUCT_REWRITE=1 -DENABLE_DEBUG_PRINT=0 -DENABLE_MEASURE_EXE_TIME=0 -DENABLE_MERGE_BACK_PLAN=0 -DENABLE_PARALLEL_EXECUTION=0 -DENABLE_QUERY_SPLIT=1 -DENABLE_SPECIFY_EST_STAT=0 -DJEMALLOC_NO_PRIVATE_NAMESPACE -DJEMALLOC_NO_RENAME -I/home/pei/Project/duckdb-polr/src/include -I/home/pei/Project/duckdb-polr/third_party/fsst -I/home/pei/Project/duckdb-polr/third_party/fmt/include -I/home/pei/Project/duckdb-polr/third_party/hyperloglog -I/home/pei/Project/duckdb-polr/third_party/fastpforlib -I/home/pei/Project/duckdb-polr/third_party/fast_float -I/home/pei/Project/duckdb-polr/third_party/re2 -I/home/pei/Project/duckdb-polr/third_party/miniz -I/home/pei/Project/duckdb-polr/third_party/utf8proc/include -I/home/pei/Project/duckdb-polr/third_party/miniparquet -I/home/pei/Project/duckdb-polr/third_party/concurrentqueue -I/home/pei/Project/duckdb-polr/third_party/pcg -I/home/pei/Project/duckdb-polr/third_party/tdigest -I/home/pei/Project/duckdb-polr/third_party/mbedtls/include -I/home/pei/Project/duckdb-polr/third_party/jaro_winkler -I/home/pei/Project/duckdb-polr/extension/jemalloc/include -I/home/pei/Project/duckdb-polr/extension/jemalloc/jemalloc/include -O3 -DNDEBUG -O3 -DNDEBUG   -fPIC -fdiagnostics-color=always -w -std=c++11 -MD -MT extension/jemalloc/jemalloc/CMakeFiles/jemalloc.dir/src/test_hooks.cpp.o -MF extension/jemalloc/jemalloc/CMakeFiles/jemalloc.dir/src/test_hooks.cpp.o.d -o extension/jemalloc/jemalloc/CMakeFiles/jemalloc.dir/src/test_hooks.cpp.o -c /home/pei/Project/duckdb-polr/extension/jemalloc/jemalloc/src/test_hooks.cpp
[259/376] /usr/bin/ccache /usr/lib/ccache/c++ -DDUCKDB_BUILD_LIBRARY -DENABLE_CROSS_PRODUCT_REWRITE=1 -DENABLE_DEBUG_PRINT=0 -DENABLE_MEASURE_EXE_TIME=0 -DENABLE_MERGE_BACK_PLAN=0 -DENABLE_PARALLEL_EXECUTION=0 -DENABLE_QUERY_SPLIT=1 -DENABLE_SPECIFY_EST_STAT=0 -DJEMALLOC_NO_PRIVATE_NAMESPACE -DJEMALLOC_NO_RENAME -I/home/pei/Project/duckdb-polr/src/include -I/home/pei/Project/duckdb-polr/third_party/fsst -I/home/pei/Project/duckdb-polr/third_party/fmt/include -I/home/pei/Project/duckdb-polr/third_party/hyperloglog -I/home/pei/Project/duckdb-polr/third_party/fastpforlib -I/home/pei/Project/duckdb-polr/third_party/fast_float -I/home/pei/Project/duckdb-polr/third_party/re2 -I/home/pei/Project/duckdb-polr/third_party/miniz -I/home/pei/Project/duckdb-polr/third_party/utf8proc/include -I/home/pei/Project/duckdb-polr/third_party/miniparquet -I/home/pei/Project/duckdb-polr/third_party/concurrentqueue -I/home/pei/Project/duckdb-polr/third_party/pcg -I/home/pei/Project/duckdb-polr/third_party/tdigest -I/home/pei/Project/duckdb-polr/third_party/mbedtls/include -I/home/pei/Project/duckdb-polr/third_party/jaro_winkler -I/home/pei/Project/duckdb-polr/extension/jemalloc/include -I/home/pei/Project/duckdb-polr/extension/jemalloc/jemalloc/include -O3 -DNDEBUG -O3 -DNDEBUG   -fPIC -fdiagnostics-color=always -w -std=c++11 -MD -MT extension/jemalloc/jemalloc/CMakeFiles/jemalloc.dir/src/stats.cpp.o -MF extension/jemalloc/jemalloc/CMakeFiles/jemalloc.dir/src/stats.cpp.o.d -o extension/jemalloc/jemalloc/CMakeFiles/jemalloc.dir/src/stats.cpp.o -c /home/pei/Project/duckdb-polr/extension/jemalloc/jemalloc/src/stats.cpp
[260/376] /usr/bin/ccache /usr/lib/ccache/c++ -DDUCKDB_BUILD_LIBRARY -DENABLE_CROSS_PRODUCT_REWRITE=1 -DENABLE_DEBUG_PRINT=0 -DENABLE_MEASURE_EXE_TIME=0 -DENABLE_MERGE_BACK_PLAN=0 -DENABLE_PARALLEL_EXECUTION=0 -DENABLE_QUERY_SPLIT=1 -DENABLE_SPECIFY_EST_STAT=0 -DJEMALLOC_NO_PRIVATE_NAMESPACE -DJEMALLOC_NO_RENAME -I/home/pei/Project/duckdb-polr/src/include -I/home/pei/Project/duckdb-polr/third_party/fsst -I/home/pei/Project/duckdb-polr/third_party/fmt/include -I/home/pei/Project/duckdb-polr/third_party/hyperloglog -I/home/pei/Project/duckdb-polr/third_party/fastpforlib -I/home/pei/Project/duckdb-polr/third_party/fast_float -I/home/pei/Project/duckdb-polr/third_party/re2 -I/home/pei/Project/duckdb-polr/third_party/miniz -I/home/pei/Project/duckdb-polr/third_party/utf8proc/include -I/home/pei/Project/duckdb-polr/third_party/miniparquet -I/home/pei/Project/duckdb-polr/third_party/concurrentqueue -I/home/pei/Project/duckdb-polr/third_party/pcg -I/home/pei/Project/duckdb-polr/third_party/tdigest -I/home/pei/Project/duckdb-polr/third_party/mbedtls/include -I/home/pei/Project/duckdb-polr/third_party/jaro_winkler -I/home/pei/Project/duckdb-polr/extension/jemalloc/include -I/home/pei/Project/duckdb-polr/extension/jemalloc/jemalloc/include -O3 -DNDEBUG -O3 -DNDEBUG   -fPIC -fdiagnostics-color=always -w -std=c++11 -MD -MT extension/jemalloc/jemalloc/CMakeFiles/jemalloc.dir/src/tcache.cpp.o -MF extension/jemalloc/jemalloc/CMakeFiles/jemalloc.dir/src/tcache.cpp.o.d -o extension/jemalloc/jemalloc/CMakeFiles/jemalloc.dir/src/tcache.cpp.o -c /home/pei/Project/duckdb-polr/extension/jemalloc/jemalloc/src/tcache.cpp
[261/376] /usr/bin/ccache /usr/lib/ccache/c++ -DDUCKDB_BUILD_LIBRARY -DENABLE_CROSS_PRODUCT_REWRITE=1 -DENABLE_DEBUG_PRINT=0 -DENABLE_MEASURE_EXE_TIME=0 -DENABLE_MERGE_BACK_PLAN=0 -DENABLE_PARALLEL_EXECUTION=0 -DENABLE_QUERY_SPLIT=1 -DENABLE_SPECIFY_EST_STAT=0 -DJEMALLOC_NO_PRIVATE_NAMESPACE -DJEMALLOC_NO_RENAME -I/home/pei/Project/duckdb-polr/src/include -I/home/pei/Project/duckdb-polr/third_party/fsst -I/home/pei/Project/duckdb-polr/third_party/fmt/include -I/home/pei/Project/duckdb-polr/third_party/hyperloglog -I/home/pei/Project/duckdb-polr/third_party/fastpforlib -I/home/pei/Project/duckdb-polr/third_party/fast_float -I/home/pei/Project/duckdb-polr/third_party/re2 -I/home/pei/Project/duckdb-polr/third_party/miniz -I/home/pei/Project/duckdb-polr/third_party/utf8proc/include -I/home/pei/Project/duckdb-polr/third_party/miniparquet -I/home/pei/Project/duckdb-polr/third_party/concurrentqueue -I/home/pei/Project/duckdb-polr/third_party/pcg -I/home/pei/Project/duckdb-polr/third_party/tdigest -I/home/pei/Project/duckdb-polr/third_party/mbedtls/include -I/home/pei/Project/duckdb-polr/third_party/jaro_winkler -I/home/pei/Project/duckdb-polr/extension/jemalloc/include -I/home/pei/Project/duckdb-polr/extension/jemalloc/jemalloc/include -O3 -DNDEBUG -O3 -DNDEBUG   -fPIC -fdiagnostics-color=always -w -std=c++11 -MD -MT extension/jemalloc/jemalloc/CMakeFiles/jemalloc.dir/src/sz.cpp.o -MF extension/jemalloc/jemalloc/CMakeFiles/jemalloc.dir/src/sz.cpp.o.d -o extension/jemalloc/jemalloc/CMakeFiles/jemalloc.dir/src/sz.cpp.o -c /home/pei/Project/duckdb-polr/extension/jemalloc/jemalloc/src/sz.cpp
[262/376] : && /usr/lib/ccache/c++ -fPIC -O3 -DNDEBUG -O3 -DNDEBUG   -shared -Wl,-soname,parquet.duckdb_extension -o extension/parquet/parquet.duckdb_extension extension/parquet/CMakeFiles/parquet_loadable_extension.dir/column_writer.cpp.o extension/parquet/CMakeFiles/parquet_loadable_extension.dir/parquet-extension.cpp.o extension/parquet/CMakeFiles/parquet_loadable_extension.dir/parquet_metadata.cpp.o extension/parquet/CMakeFiles/parquet_loadable_extension.dir/parquet_reader.cpp.o extension/parquet/CMakeFiles/parquet_loadable_extension.dir/parquet_timestamp.cpp.o extension/parquet/CMakeFiles/parquet_loadable_extension.dir/parquet_writer.cpp.o extension/parquet/CMakeFiles/parquet_loadable_extension.dir/parquet_statistics.cpp.o extension/parquet/CMakeFiles/parquet_loadable_extension.dir/zstd_file_system.cpp.o extension/parquet/CMakeFiles/parquet_loadable_extension.dir/column_reader.cpp.o extension/parquet/CMakeFiles/parquet_loadable_extension.dir/__/__/third_party/parquet/parquet_constants.cpp.o extension/parquet/CMakeFiles/parquet_loadable_extension.dir/__/__/third_party/parquet/parquet_types.cpp.o extension/parquet/CMakeFiles/parquet_loadable_extension.dir/__/__/third_party/thrift/thrift/protocol/TProtocol.cpp.o extension/parquet/CMakeFiles/parquet_loadable_extension.dir/__/__/third_party/thrift/thrift/transport/TTransportException.cpp.o extension/parquet/CMakeFiles/parquet_loadable_extension.dir/__/__/third_party/thrift/thrift/transport/TBufferTransports.cpp.o extension/parquet/CMakeFiles/parquet_loadable_extension.dir/__/__/third_party/snappy/snappy.cc.o extension/parquet/CMakeFiles/parquet_loadable_extension.dir/__/__/third_party/snappy/snappy-sinksource.cc.o extension/parquet/CMakeFiles/parquet_loadable_extension.dir/__/__/third_party/zstd/decompress/zstd_ddict.cpp.o extension/parquet/CMakeFiles/parquet_loadable_extension.dir/__/__/third_party/zstd/decompress/huf_decompress.cpp.o extension/parquet/CMakeFiles/parquet_loadable_extension.dir/__/__/third_party/zstd/decompress/zstd_decompress.cpp.o extension/parquet/CMakeFiles/parquet_loadable_extension.dir/__/__/third_party/zstd/decompress/zstd_decompress_block.cpp.o extension/parquet/CMakeFiles/parquet_loadable_extension.dir/__/__/third_party/zstd/common/entropy_common.cpp.o extension/parquet/CMakeFiles/parquet_loadable_extension.dir/__/__/third_party/zstd/common/fse_decompress.cpp.o extension/parquet/CMakeFiles/parquet_loadable_extension.dir/__/__/third_party/zstd/common/zstd_common.cpp.o extension/parquet/CMakeFiles/parquet_loadable_extension.dir/__/__/third_party/zstd/common/error_private.cpp.o extension/parquet/CMakeFiles/parquet_loadable_extension.dir/__/__/third_party/zstd/common/xxhash.cpp.o extension/parquet/CMakeFiles/parquet_loadable_extension.dir/__/__/third_party/zstd/compress/fse_compress.cpp.o extension/parquet/CMakeFiles/parquet_loadable_extension.dir/__/__/third_party/zstd/compress/hist.cpp.o extension/parquet/CMakeFiles/parquet_loadable_extension.dir/__/__/third_party/zstd/compress/huf_compress.cpp.o extension/parquet/CMakeFiles/parquet_loadable_extension.dir/__/__/third_party/zstd/compress/zstd_compress.cpp.o extension/parquet/CMakeFiles/parquet_loadable_extension.dir/__/__/third_party/zstd/compress/zstd_compress_literals.cpp.o extension/parquet/CMakeFiles/parquet_loadable_extension.dir/__/__/third_party/zstd/compress/zstd_compress_sequences.cpp.o extension/parquet/CMakeFiles/parquet_loadable_extension.dir/__/__/third_party/zstd/compress/zstd_compress_superblock.cpp.o extension/parquet/CMakeFiles/parquet_loadable_extension.dir/__/__/third_party/zstd/compress/zstd_double_fast.cpp.o extension/parquet/CMakeFiles/parquet_loadable_extension.dir/__/__/third_party/zstd/compress/zstd_fast.cpp.o extension/parquet/CMakeFiles/parquet_loadable_extension.dir/__/__/third_party/zstd/compress/zstd_lazy.cpp.o extension/parquet/CMakeFiles/parquet_loadable_extension.dir/__/__/third_party/zstd/compress/zstd_ldm.cpp.o extension/parquet/CMakeFiles/parquet_loadable_extension.dir/__/__/third_party/zstd/compress/zstd_opt.cpp.o   && :
[263/376] /usr/bin/ccache /usr/lib/ccache/c++ -DDUCKDB_BUILD_LIBRARY -DENABLE_CROSS_PRODUCT_REWRITE=1 -DENABLE_DEBUG_PRINT=0 -DENABLE_MEASURE_EXE_TIME=0 -DENABLE_MERGE_BACK_PLAN=0 -DENABLE_PARALLEL_EXECUTION=0 -DENABLE_QUERY_SPLIT=1 -DENABLE_SPECIFY_EST_STAT=0 -DJEMALLOC_NO_PRIVATE_NAMESPACE -DJEMALLOC_NO_RENAME -I/home/pei/Project/duckdb-polr/src/include -I/home/pei/Project/duckdb-polr/third_party/fsst -I/home/pei/Project/duckdb-polr/third_party/fmt/include -I/home/pei/Project/duckdb-polr/third_party/hyperloglog -I/home/pei/Project/duckdb-polr/third_party/fastpforlib -I/home/pei/Project/duckdb-polr/third_party/fast_float -I/home/pei/Project/duckdb-polr/third_party/re2 -I/home/pei/Project/duckdb-polr/third_party/miniz -I/home/pei/Project/duckdb-polr/third_party/utf8proc/include -I/home/pei/Project/duckdb-polr/third_party/miniparquet -I/home/pei/Project/duckdb-polr/third_party/concurrentqueue -I/home/pei/Project/duckdb-polr/third_party/pcg -I/home/pei/Project/duckdb-polr/third_party/tdigest -I/home/pei/Project/duckdb-polr/third_party/mbedtls/include -I/home/pei/Project/duckdb-polr/third_party/jaro_winkler -I/home/pei/Project/duckdb-polr/extension/jemalloc/include -I/home/pei/Project/duckdb-polr/extension/jemalloc/jemalloc/include -O3 -DNDEBUG -O3 -DNDEBUG   -fPIC -fdiagnostics-color=always -w -std=c++11 -MD -MT extension/jemalloc/jemalloc/CMakeFiles/jemalloc.dir/src/tsd.cpp.o -MF extension/jemalloc/jemalloc/CMakeFiles/jemalloc.dir/src/tsd.cpp.o.d -o extension/jemalloc/jemalloc/CMakeFiles/jemalloc.dir/src/tsd.cpp.o -c /home/pei/Project/duckdb-polr/extension/jemalloc/jemalloc/src/tsd.cpp
[264/376] /usr/bin/ccache /usr/lib/ccache/c++ -DDUCKDB_BUILD_LIBRARY -DENABLE_CROSS_PRODUCT_REWRITE=1 -DENABLE_DEBUG_PRINT=0 -DENABLE_MEASURE_EXE_TIME=0 -DENABLE_MERGE_BACK_PLAN=0 -DENABLE_PARALLEL_EXECUTION=0 -DENABLE_QUERY_SPLIT=1 -DENABLE_SPECIFY_EST_STAT=0 -DJEMALLOC_NO_PRIVATE_NAMESPACE -DJEMALLOC_NO_RENAME -I/home/pei/Project/duckdb-polr/src/include -I/home/pei/Project/duckdb-polr/third_party/fsst -I/home/pei/Project/duckdb-polr/third_party/fmt/include -I/home/pei/Project/duckdb-polr/third_party/hyperloglog -I/home/pei/Project/duckdb-polr/third_party/fastpforlib -I/home/pei/Project/duckdb-polr/third_party/fast_float -I/home/pei/Project/duckdb-polr/third_party/re2 -I/home/pei/Project/duckdb-polr/third_party/miniz -I/home/pei/Project/duckdb-polr/third_party/utf8proc/include -I/home/pei/Project/duckdb-polr/third_party/miniparquet -I/home/pei/Project/duckdb-polr/third_party/concurrentqueue -I/home/pei/Project/duckdb-polr/third_party/pcg -I/home/pei/Project/duckdb-polr/third_party/tdigest -I/home/pei/Project/duckdb-polr/third_party/mbedtls/include -I/home/pei/Project/duckdb-polr/third_party/jaro_winkler -I/home/pei/Project/duckdb-polr/extension/jemalloc/include -I/home/pei/Project/duckdb-polr/extension/jemalloc/jemalloc/include -O3 -DNDEBUG -O3 -DNDEBUG   -fPIC -fdiagnostics-color=always -w -std=c++11 -MD -MT extension/jemalloc/jemalloc/CMakeFiles/jemalloc.dir/src/thread_event.cpp.o -MF extension/jemalloc/jemalloc/CMakeFiles/jemalloc.dir/src/thread_event.cpp.o.d -o extension/jemalloc/jemalloc/CMakeFiles/jemalloc.dir/src/thread_event.cpp.o -c /home/pei/Project/duckdb-polr/extension/jemalloc/jemalloc/src/thread_event.cpp
[265/376] /usr/bin/ccache /usr/lib/ccache/c++ -DDUCKDB_BUILD_LIBRARY -DENABLE_CROSS_PRODUCT_REWRITE=1 -DENABLE_DEBUG_PRINT=0 -DENABLE_MEASURE_EXE_TIME=0 -DENABLE_MERGE_BACK_PLAN=0 -DENABLE_PARALLEL_EXECUTION=0 -DENABLE_QUERY_SPLIT=1 -DENABLE_SPECIFY_EST_STAT=0 -DJEMALLOC_NO_PRIVATE_NAMESPACE -DJEMALLOC_NO_RENAME -I/home/pei/Project/duckdb-polr/src/include -I/home/pei/Project/duckdb-polr/third_party/fsst -I/home/pei/Project/duckdb-polr/third_party/fmt/include -I/home/pei/Project/duckdb-polr/third_party/hyperloglog -I/home/pei/Project/duckdb-polr/third_party/fastpforlib -I/home/pei/Project/duckdb-polr/third_party/fast_float -I/home/pei/Project/duckdb-polr/third_party/re2 -I/home/pei/Project/duckdb-polr/third_party/miniz -I/home/pei/Project/duckdb-polr/third_party/utf8proc/include -I/home/pei/Project/duckdb-polr/third_party/miniparquet -I/home/pei/Project/duckdb-polr/third_party/concurrentqueue -I/home/pei/Project/duckdb-polr/third_party/pcg -I/home/pei/Project/duckdb-polr/third_party/tdigest -I/home/pei/Project/duckdb-polr/third_party/mbedtls/include -I/home/pei/Project/duckdb-polr/third_party/jaro_winkler -I/home/pei/Project/duckdb-polr/extension/jemalloc/include -I/home/pei/Project/duckdb-polr/extension/jemalloc/jemalloc/include -O3 -DNDEBUG -O3 -DNDEBUG   -fPIC -fdiagnostics-color=always -w -std=c++11 -MD -MT extension/jemalloc/jemalloc/CMakeFiles/jemalloc.dir/src/ticker.cpp.o -MF extension/jemalloc/jemalloc/CMakeFiles/jemalloc.dir/src/ticker.cpp.o.d -o extension/jemalloc/jemalloc/CMakeFiles/jemalloc.dir/src/ticker.cpp.o -c /home/pei/Project/duckdb-polr/extension/jemalloc/jemalloc/src/ticker.cpp
[266/376] /usr/bin/ccache /usr/lib/ccache/c++ -DDUCKDB_BUILD_LIBRARY -DENABLE_CROSS_PRODUCT_REWRITE=1 -DENABLE_DEBUG_PRINT=0 -DENABLE_MEASURE_EXE_TIME=0 -DENABLE_MERGE_BACK_PLAN=0 -DENABLE_PARALLEL_EXECUTION=0 -DENABLE_QUERY_SPLIT=1 -DENABLE_SPECIFY_EST_STAT=0 -DJEMALLOC_NO_PRIVATE_NAMESPACE -DJEMALLOC_NO_RENAME -I/home/pei/Project/duckdb-polr/src/include -I/home/pei/Project/duckdb-polr/third_party/fsst -I/home/pei/Project/duckdb-polr/third_party/fmt/include -I/home/pei/Project/duckdb-polr/third_party/hyperloglog -I/home/pei/Project/duckdb-polr/third_party/fastpforlib -I/home/pei/Project/duckdb-polr/third_party/fast_float -I/home/pei/Project/duckdb-polr/third_party/re2 -I/home/pei/Project/duckdb-polr/third_party/miniz -I/home/pei/Project/duckdb-polr/third_party/utf8proc/include -I/home/pei/Project/duckdb-polr/third_party/miniparquet -I/home/pei/Project/duckdb-polr/third_party/concurrentqueue -I/home/pei/Project/duckdb-polr/third_party/pcg -I/home/pei/Project/duckdb-polr/third_party/tdigest -I/home/pei/Project/duckdb-polr/third_party/mbedtls/include -I/home/pei/Project/duckdb-polr/third_party/jaro_winkler -I/home/pei/Project/duckdb-polr/extension/jemalloc/include -I/home/pei/Project/duckdb-polr/extension/jemalloc/jemalloc/include -O3 -DNDEBUG -O3 -DNDEBUG   -fPIC -fdiagnostics-color=always -w -std=c++11 -MD -MT extension/jemalloc/jemalloc/CMakeFiles/jemalloc.dir/src/witness.cpp.o -MF extension/jemalloc/jemalloc/CMakeFiles/jemalloc.dir/src/witness.cpp.o.d -o extension/jemalloc/jemalloc/CMakeFiles/jemalloc.dir/src/witness.cpp.o -c /home/pei/Project/duckdb-polr/extension/jemalloc/jemalloc/src/witness.cpp
[267/376] /usr/bin/ccache /usr/lib/ccache/c++ -DDUCKDB_BUILD_LIBRARY -DDUCKDB_ROOT_DIRECTORY=\"/home/pei/Project/duckdb-polr\" -DENABLE_CROSS_PRODUCT_REWRITE=1 -DENABLE_DEBUG_PRINT=0 -DENABLE_MEASURE_EXE_TIME=0 -DENABLE_MERGE_BACK_PLAN=0 -DENABLE_PARALLEL_EXECUTION=0 -DENABLE_QUERY_SPLIT=1 -DENABLE_SPECIFY_EST_STAT=0 -I/home/pei/Project/duckdb-polr/src/include -I/home/pei/Project/duckdb-polr/third_party/fsst -I/home/pei/Project/duckdb-polr/third_party/fmt/include -I/home/pei/Project/duckdb-polr/third_party/hyperloglog -I/home/pei/Project/duckdb-polr/third_party/fastpforlib -I/home/pei/Project/duckdb-polr/third_party/fast_float -I/home/pei/Project/duckdb-polr/third_party/re2 -I/home/pei/Project/duckdb-polr/third_party/miniz -I/home/pei/Project/duckdb-polr/third_party/utf8proc/include -I/home/pei/Project/duckdb-polr/third_party/miniparquet -I/home/pei/Project/duckdb-polr/third_party/concurrentqueue -I/home/pei/Project/duckdb-polr/third_party/pcg -I/home/pei/Project/duckdb-polr/third_party/tdigest -I/home/pei/Project/duckdb-polr/third_party/mbedtls/include -I/home/pei/Project/duckdb-polr/third_party/jaro_winkler -I/home/pei/Project/duckdb-polr/test/../third_party/catch -I/home/pei/Project/duckdb-polr/test/../third_party/tpce-tool/include -I/home/pei/Project/duckdb-polr/test/../third_party/sqlite/include -I/home/pei/Project/duckdb-polr/test/include -I/home/pei/Project/duckdb-polr/third_party/libpg_query/include -O3 -DNDEBUG -O3 -DNDEBUG   -fPIE -fdiagnostics-color=always -std=c++11 -MD -MT test/CMakeFiles/unittest.dir/unittest.cpp.o -MF test/CMakeFiles/unittest.dir/unittest.cpp.o.d -o test/CMakeFiles/unittest.dir/unittest.cpp.o -c /home/pei/Project/duckdb-polr/test/unittest.cpp
[268/376] /usr/bin/ccache /usr/lib/ccache/c++ -DDUCKDB_BUILD_LIBRARY -DENABLE_CROSS_PRODUCT_REWRITE=1 -DENABLE_DEBUG_PRINT=0 -DENABLE_MEASURE_EXE_TIME=0 -DENABLE_MERGE_BACK_PLAN=0 -DENABLE_PARALLEL_EXECUTION=0 -DENABLE_QUERY_SPLIT=1 -DENABLE_SPECIFY_EST_STAT=0 -I/home/pei/Project/duckdb-polr/src/include -I/home/pei/Project/duckdb-polr/third_party/fsst -I/home/pei/Project/duckdb-polr/third_party/fmt/include -I/home/pei/Project/duckdb-polr/third_party/hyperloglog -I/home/pei/Project/duckdb-polr/third_party/fastpforlib -I/home/pei/Project/duckdb-polr/third_party/fast_float -I/home/pei/Project/duckdb-polr/third_party/re2 -I/home/pei/Project/duckdb-polr/third_party/miniz -I/home/pei/Project/duckdb-polr/third_party/utf8proc/include -I/home/pei/Project/duckdb-polr/third_party/miniparquet -I/home/pei/Project/duckdb-polr/third_party/concurrentqueue -I/home/pei/Project/duckdb-polr/third_party/pcg -I/home/pei/Project/duckdb-polr/third_party/tdigest -I/home/pei/Project/duckdb-polr/third_party/mbedtls/include -I/home/pei/Project/duckdb-polr/third_party/jaro_winkler -I/home/pei/Project/duckdb-polr/test/../third_party/catch -I/home/pei/Project/duckdb-polr/test/../third_party/tpce-tool/include -I/home/pei/Project/duckdb-polr/test/../third_party/sqlite/include -I/home/pei/Project/duckdb-polr/test/include -O3 -DNDEBUG -O3 -DNDEBUG   -fPIC -fdiagnostics-color=always -std=c++11 -MD -MT test/api/CMakeFiles/test_api.dir/ub_test_api.cpp.o -MF test/api/CMakeFiles/test_api.dir/ub_test_api.cpp.o.d -o test/api/CMakeFiles/test_api.dir/ub_test_api.cpp.o -c /home/pei/Project/duckdb-polr/build/release/test/api/ub_test_api.cpp
In file included from /home/pei/Project/duckdb-polr/src/include/duckdb/optimizer/optimizer.hpp:15,
                 from /home/pei/Project/duckdb-polr/test/api/test_plan_serialization.cpp:6,
                 from /home/pei/Project/duckdb-polr/build/release/test/api/ub_test_api.cpp:12:
/home/pei/Project/duckdb-polr/src/include/duckdb/optimizer/query_split/query_split.hpp:23:1: warning: inline variables are only available with ‘-std=c++17’ or ‘-std=gnu++17’ [-Wc++17-extensions]
   23 | inline bool execute_plan = false;
      | ^~~~~~
[269/376] /usr/bin/ccache /usr/lib/ccache/c++ -DDUCKDB_BUILD_DIRECTORY=\"/home/pei/Project/duckdb-polr/build/release\" -DDUCKDB_BUILD_LIBRARY -DENABLE_CROSS_PRODUCT_REWRITE=1 -DENABLE_DEBUG_PRINT=0 -DENABLE_MEASURE_EXE_TIME=0 -DENABLE_MERGE_BACK_PLAN=0 -DENABLE_PARALLEL_EXECUTION=0 -DENABLE_QUERY_SPLIT=1 -DENABLE_SPECIFY_EST_STAT=0 -I/home/pei/Project/duckdb-polr/src/include -I/home/pei/Project/duckdb-polr/third_party/fsst -I/home/pei/Project/duckdb-polr/third_party/fmt/include -I/home/pei/Project/duckdb-polr/third_party/hyperloglog -I/home/pei/Project/duckdb-polr/third_party/fastpforlib -I/home/pei/Project/duckdb-polr/third_party/fast_float -I/home/pei/Project/duckdb-polr/third_party/re2 -I/home/pei/Project/duckdb-polr/third_party/miniz -I/home/pei/Project/duckdb-polr/third_party/utf8proc/include -I/home/pei/Project/duckdb-polr/third_party/miniparquet -I/home/pei/Project/duckdb-polr/third_party/concurrentqueue -I/home/pei/Project/duckdb-polr/third_party/pcg -I/home/pei/Project/duckdb-polr/third_party/tdigest -I/home/pei/Project/duckdb-polr/third_party/mbedtls/include -I/home/pei/Project/duckdb-polr/third_party/jaro_winkler -I/home/pei/Project/duckdb-polr/test/../third_party/catch -I/home/pei/Project/duckdb-polr/test/../third_party/tpce-tool/include -I/home/pei/Project/duckdb-polr/test/../third_party/sqlite/include -I/home/pei/Project/duckdb-polr/test/include -O3 -DNDEBUG -O3 -DNDEBUG   -fPIC -fdiagnostics-color=always -std=c++11 -MD -MT test/extension/CMakeFiles/test_extensions.dir/ub_test_extensions.cpp.o -MF test/extension/CMakeFiles/test_extensions.dir/ub_test_extensions.cpp.o.d -o test/extension/CMakeFiles/test_extensions.dir/ub_test_extensions.cpp.o -c /home/pei/Project/duckdb-polr/build/release/test/extension/ub_test_extensions.cpp
[270/376] /usr/bin/ccache /usr/lib/ccache/c++ -DDUCKDB_BUILD_LIBRARY -DENABLE_CROSS_PRODUCT_REWRITE=1 -DENABLE_DEBUG_PRINT=0 -DENABLE_MEASURE_EXE_TIME=0 -DENABLE_MERGE_BACK_PLAN=0 -DENABLE_PARALLEL_EXECUTION=0 -DENABLE_QUERY_SPLIT=1 -DENABLE_SPECIFY_EST_STAT=0 -I/home/pei/Project/duckdb-polr/src/include -I/home/pei/Project/duckdb-polr/third_party/fsst -I/home/pei/Project/duckdb-polr/third_party/fmt/include -I/home/pei/Project/duckdb-polr/third_party/hyperloglog -I/home/pei/Project/duckdb-polr/third_party/fastpforlib -I/home/pei/Project/duckdb-polr/third_party/fast_float -I/home/pei/Project/duckdb-polr/third_party/re2 -I/home/pei/Project/duckdb-polr/third_party/miniz -I/home/pei/Project/duckdb-polr/third_party/utf8proc/include -I/home/pei/Project/duckdb-polr/third_party/miniparquet -I/home/pei/Project/duckdb-polr/third_party/concurrentqueue -I/home/pei/Project/duckdb-polr/third_party/pcg -I/home/pei/Project/duckdb-polr/third_party/tdigest -I/home/pei/Project/duckdb-polr/third_party/mbedtls/include -I/home/pei/Project/duckdb-polr/third_party/jaro_winkler -I/home/pei/Project/duckdb-polr/test/../third_party/catch -I/home/pei/Project/duckdb-polr/test/../third_party/tpce-tool/include -I/home/pei/Project/duckdb-polr/test/../third_party/sqlite/include -I/home/pei/Project/duckdb-polr/test/include -O3 -DNDEBUG -O3 -DNDEBUG   -fPIC -fdiagnostics-color=always -std=c++11 -MD -MT test/api/capi/CMakeFiles/test_sql_capi.dir/ub_test_sql_capi.cpp.o -MF test/api/capi/CMakeFiles/test_sql_capi.dir/ub_test_sql_capi.cpp.o.d -o test/api/capi/CMakeFiles/test_sql_capi.dir/ub_test_sql_capi.cpp.o -c /home/pei/Project/duckdb-polr/build/release/test/api/capi/ub_test_sql_capi.cpp
[271/376] /usr/bin/ccache /usr/lib/ccache/c++ -DDUCKDB_BUILD_LIBRARY -DENABLE_CROSS_PRODUCT_REWRITE=1 -DENABLE_DEBUG_PRINT=0 -DENABLE_MEASURE_EXE_TIME=0 -DENABLE_MERGE_BACK_PLAN=0 -DENABLE_PARALLEL_EXECUTION=0 -DENABLE_QUERY_SPLIT=1 -DENABLE_SPECIFY_EST_STAT=0 -I/home/pei/Project/duckdb-polr/src/include -I/home/pei/Project/duckdb-polr/third_party/fsst -I/home/pei/Project/duckdb-polr/third_party/fmt/include -I/home/pei/Project/duckdb-polr/third_party/hyperloglog -I/home/pei/Project/duckdb-polr/third_party/fastpforlib -I/home/pei/Project/duckdb-polr/third_party/fast_float -I/home/pei/Project/duckdb-polr/third_party/re2 -I/home/pei/Project/duckdb-polr/third_party/miniz -I/home/pei/Project/duckdb-polr/third_party/utf8proc/include -I/home/pei/Project/duckdb-polr/third_party/miniparquet -I/home/pei/Project/duckdb-polr/third_party/concurrentqueue -I/home/pei/Project/duckdb-polr/third_party/pcg -I/home/pei/Project/duckdb-polr/third_party/tdigest -I/home/pei/Project/duckdb-polr/third_party/mbedtls/include -I/home/pei/Project/duckdb-polr/third_party/jaro_winkler -I/home/pei/Project/duckdb-polr/test/../third_party/catch -I/home/pei/Project/duckdb-polr/test/../third_party/tpce-tool/include -I/home/pei/Project/duckdb-polr/test/../third_party/sqlite/include -I/home/pei/Project/duckdb-polr/test/include -O3 -DNDEBUG -O3 -DNDEBUG   -fPIC -fdiagnostics-color=always -std=c++11 -MD -MT test/arrow_roundtrip/CMakeFiles/test_arrow_roundtrip.dir/ub_test_arrow_roundtrip.cpp.o -MF test/arrow_roundtrip/CMakeFiles/test_arrow_roundtrip.dir/ub_test_arrow_roundtrip.cpp.o.d -o test/arrow_roundtrip/CMakeFiles/test_arrow_roundtrip.dir/ub_test_arrow_roundtrip.cpp.o -c /home/pei/Project/duckdb-polr/build/release/test/arrow_roundtrip/ub_test_arrow_roundtrip.cpp
[272/376] /usr/bin/ccache /usr/lib/ccache/c++ -DDUCKDB_BUILD_LIBRARY -DENABLE_CROSS_PRODUCT_REWRITE=1 -DENABLE_DEBUG_PRINT=0 -DENABLE_MEASURE_EXE_TIME=0 -DENABLE_MERGE_BACK_PLAN=0 -DENABLE_PARALLEL_EXECUTION=0 -DENABLE_QUERY_SPLIT=1 -DENABLE_SPECIFY_EST_STAT=0 -I/home/pei/Project/duckdb-polr/src/include -I/home/pei/Project/duckdb-polr/third_party/fsst -I/home/pei/Project/duckdb-polr/third_party/fmt/include -I/home/pei/Project/duckdb-polr/third_party/hyperloglog -I/home/pei/Project/duckdb-polr/third_party/fastpforlib -I/home/pei/Project/duckdb-polr/third_party/fast_float -I/home/pei/Project/duckdb-polr/third_party/re2 -I/home/pei/Project/duckdb-polr/third_party/miniz -I/home/pei/Project/duckdb-polr/third_party/utf8proc/include -I/home/pei/Project/duckdb-polr/third_party/miniparquet -I/home/pei/Project/duckdb-polr/third_party/concurrentqueue -I/home/pei/Project/duckdb-polr/third_party/pcg -I/home/pei/Project/duckdb-polr/third_party/tdigest -I/home/pei/Project/duckdb-polr/third_party/mbedtls/include -I/home/pei/Project/duckdb-polr/third_party/jaro_winkler -I/home/pei/Project/duckdb-polr/test/../third_party/catch -I/home/pei/Project/duckdb-polr/test/../third_party/tpce-tool/include -I/home/pei/Project/duckdb-polr/test/../third_party/sqlite/include -I/home/pei/Project/duckdb-polr/test/include -I/home/pei/Project/duckdb-polr/third_party/libpg_query/include -O3 -DNDEBUG -O3 -DNDEBUG   -fPIC -fdiagnostics-color=always -std=c++11 -MD -MT test/helpers/CMakeFiles/test_helpers.dir/pid.cpp.o -MF test/helpers/CMakeFiles/test_helpers.dir/pid.cpp.o.d -o test/helpers/CMakeFiles/test_helpers.dir/pid.cpp.o -c /home/pei/Project/duckdb-polr/test/helpers/pid.cpp
[273/376] /usr/bin/ccache /usr/lib/ccache/c++ -DDUCKDB_BUILD_DIRECTORY=\"/home/pei/Project/duckdb-polr/build/release\" -DDUCKDB_BUILD_LIBRARY -DDUCKDB_BUILD_LOADABLE_EXTENSION -DENABLE_CROSS_PRODUCT_REWRITE=1 -DENABLE_DEBUG_PRINT=0 -DENABLE_MEASURE_EXE_TIME=0 -DENABLE_MERGE_BACK_PLAN=0 -DENABLE_PARALLEL_EXECUTION=0 -DENABLE_QUERY_SPLIT=1 -DENABLE_SPECIFY_EST_STAT=0 -I/home/pei/Project/duckdb-polr/src/include -I/home/pei/Project/duckdb-polr/third_party/fsst -I/home/pei/Project/duckdb-polr/third_party/fmt/include -I/home/pei/Project/duckdb-polr/third_party/hyperloglog -I/home/pei/Project/duckdb-polr/third_party/fastpforlib -I/home/pei/Project/duckdb-polr/third_party/fast_float -I/home/pei/Project/duckdb-polr/third_party/re2 -I/home/pei/Project/duckdb-polr/third_party/miniz -I/home/pei/Project/duckdb-polr/third_party/utf8proc/include -I/home/pei/Project/duckdb-polr/third_party/miniparquet -I/home/pei/Project/duckdb-polr/third_party/concurrentqueue -I/home/pei/Project/duckdb-polr/third_party/pcg -I/home/pei/Project/duckdb-polr/third_party/tdigest -I/home/pei/Project/duckdb-polr/third_party/mbedtls/include -I/home/pei/Project/duckdb-polr/third_party/jaro_winkler -I/home/pei/Project/duckdb-polr/test/../third_party/catch -I/home/pei/Project/duckdb-polr/test/../third_party/tpce-tool/include -I/home/pei/Project/duckdb-polr/test/../third_party/sqlite/include -I/home/pei/Project/duckdb-polr/test/include -O3 -DNDEBUG -O3 -DNDEBUG   -fPIC -fdiagnostics-color=always -std=c++11 -MD -MT test/extension/CMakeFiles/loadable_extension_optimizer_demo_loadable_extension.dir/loadable_extension_optimizer_demo.cpp.o -MF test/extension/CMakeFiles/loadable_extension_optimizer_demo_loadable_extension.dir/loadable_extension_optimizer_demo.cpp.o.d -o test/extension/CMakeFiles/loadable_extension_optimizer_demo_loadable_extension.dir/loadable_extension_optimizer_demo.cpp.o -c /home/pei/Project/duckdb-polr/test/extension/loadable_extension_optimizer_demo.cpp
[274/376] /usr/bin/ccache /usr/lib/ccache/c++ -DDUCKDB_BUILD_DIRECTORY=\"/home/pei/Project/duckdb-polr/build/release\" -DDUCKDB_BUILD_LIBRARY -DDUCKDB_BUILD_LOADABLE_EXTENSION -DENABLE_CROSS_PRODUCT_REWRITE=1 -DENABLE_DEBUG_PRINT=0 -DENABLE_MEASURE_EXE_TIME=0 -DENABLE_MERGE_BACK_PLAN=0 -DENABLE_PARALLEL_EXECUTION=0 -DENABLE_QUERY_SPLIT=1 -DENABLE_SPECIFY_EST_STAT=0 -I/home/pei/Project/duckdb-polr/src/include -I/home/pei/Project/duckdb-polr/third_party/fsst -I/home/pei/Project/duckdb-polr/third_party/fmt/include -I/home/pei/Project/duckdb-polr/third_party/hyperloglog -I/home/pei/Project/duckdb-polr/third_party/fastpforlib -I/home/pei/Project/duckdb-polr/third_party/fast_float -I/home/pei/Project/duckdb-polr/third_party/re2 -I/home/pei/Project/duckdb-polr/third_party/miniz -I/home/pei/Project/duckdb-polr/third_party/utf8proc/include -I/home/pei/Project/duckdb-polr/third_party/miniparquet -I/home/pei/Project/duckdb-polr/third_party/concurrentqueue -I/home/pei/Project/duckdb-polr/third_party/pcg -I/home/pei/Project/duckdb-polr/third_party/tdigest -I/home/pei/Project/duckdb-polr/third_party/mbedtls/include -I/home/pei/Project/duckdb-polr/third_party/jaro_winkler -I/home/pei/Project/duckdb-polr/test/../third_party/catch -I/home/pei/Project/duckdb-polr/test/../third_party/tpce-tool/include -I/home/pei/Project/duckdb-polr/test/../third_party/sqlite/include -I/home/pei/Project/duckdb-polr/test/include -O3 -DNDEBUG -O3 -DNDEBUG   -fPIC -fdiagnostics-color=always -std=c++11 -MD -MT test/extension/CMakeFiles/loadable_extension_demo_loadable_extension.dir/loadable_extension_demo.cpp.o -MF test/extension/CMakeFiles/loadable_extension_demo_loadable_extension.dir/loadable_extension_demo.cpp.o.d -o test/extension/CMakeFiles/loadable_extension_demo_loadable_extension.dir/loadable_extension_demo.cpp.o -c /home/pei/Project/duckdb-polr/test/extension/loadable_extension_demo.cpp
[275/376] /usr/bin/ccache /usr/lib/ccache/c++ -DDUCKDB_BUILD_LIBRARY -DENABLE_CROSS_PRODUCT_REWRITE=1 -DENABLE_DEBUG_PRINT=0 -DENABLE_MEASURE_EXE_TIME=0 -DENABLE_MERGE_BACK_PLAN=0 -DENABLE_PARALLEL_EXECUTION=0 -DENABLE_QUERY_SPLIT=1 -DENABLE_SPECIFY_EST_STAT=0 -I/home/pei/Project/duckdb-polr/src/include -I/home/pei/Project/duckdb-polr/third_party/fsst -I/home/pei/Project/duckdb-polr/third_party/fmt/include -I/home/pei/Project/duckdb-polr/third_party/hyperloglog -I/home/pei/Project/duckdb-polr/third_party/fastpforlib -I/home/pei/Project/duckdb-polr/third_party/fast_float -I/home/pei/Project/duckdb-polr/third_party/re2 -I/home/pei/Project/duckdb-polr/third_party/miniz -I/home/pei/Project/duckdb-polr/third_party/utf8proc/include -I/home/pei/Project/duckdb-polr/third_party/miniparquet -I/home/pei/Project/duckdb-polr/third_party/concurrentqueue -I/home/pei/Project/duckdb-polr/third_party/pcg -I/home/pei/Project/duckdb-polr/third_party/tdigest -I/home/pei/Project/duckdb-polr/third_party/mbedtls/include -I/home/pei/Project/duckdb-polr/third_party/jaro_winkler -I/home/pei/Project/duckdb-polr/test/../third_party/catch -I/home/pei/Project/duckdb-polr/test/../third_party/tpce-tool/include -I/home/pei/Project/duckdb-polr/test/../third_party/sqlite/include -I/home/pei/Project/duckdb-polr/test/include -O3 -DNDEBUG -O3 -DNDEBUG   -fPIC -fdiagnostics-color=always -std=c++11 -MD -MT test/appender/CMakeFiles/test_appender.dir/ub_test_appender.cpp.o -MF test/appender/CMakeFiles/test_appender.dir/ub_test_appender.cpp.o.d -o test/appender/CMakeFiles/test_appender.dir/ub_test_appender.cpp.o -c /home/pei/Project/duckdb-polr/build/release/test/appender/ub_test_appender.cpp
[276/376] /usr/bin/ccache /usr/lib/ccache/c++ -DDUCKDB_BUILD_LIBRARY -DENABLE_CROSS_PRODUCT_REWRITE=1 -DENABLE_DEBUG_PRINT=0 -DENABLE_MEASURE_EXE_TIME=0 -DENABLE_MERGE_BACK_PLAN=0 -DENABLE_PARALLEL_EXECUTION=0 -DENABLE_QUERY_SPLIT=1 -DENABLE_SPECIFY_EST_STAT=0 -DJEMALLOC_NO_PRIVATE_NAMESPACE -DJEMALLOC_NO_RENAME -I/home/pei/Project/duckdb-polr/src/include -I/home/pei/Project/duckdb-polr/third_party/fsst -I/home/pei/Project/duckdb-polr/third_party/fmt/include -I/home/pei/Project/duckdb-polr/third_party/hyperloglog -I/home/pei/Project/duckdb-polr/third_party/fastpforlib -I/home/pei/Project/duckdb-polr/third_party/fast_float -I/home/pei/Project/duckdb-polr/third_party/re2 -I/home/pei/Project/duckdb-polr/third_party/miniz -I/home/pei/Project/duckdb-polr/third_party/utf8proc/include -I/home/pei/Project/duckdb-polr/third_party/miniparquet -I/home/pei/Project/duckdb-polr/third_party/concurrentqueue -I/home/pei/Project/duckdb-polr/third_party/pcg -I/home/pei/Project/duckdb-polr/third_party/tdigest -I/home/pei/Project/duckdb-polr/third_party/mbedtls/include -I/home/pei/Project/duckdb-polr/third_party/jaro_winkler -I/home/pei/Project/duckdb-polr/extension/jemalloc/include -I/home/pei/Project/duckdb-polr/extension/jemalloc/jemalloc/include -O3 -DNDEBUG -O3 -DNDEBUG   -fPIC -fdiagnostics-color=always -w -std=c++11 -MD -MT extension/jemalloc/jemalloc/CMakeFiles/jemalloc.dir/src/sc.cpp.o -MF extension/jemalloc/jemalloc/CMakeFiles/jemalloc.dir/src/sc.cpp.o.d -o extension/jemalloc/jemalloc/CMakeFiles/jemalloc.dir/src/sc.cpp.o -c /home/pei/Project/duckdb-polr/extension/jemalloc/jemalloc/src/sc.cpp
[277/376] /usr/bin/ccache /usr/lib/ccache/c++ -DDUCKDB_BUILD_LIBRARY -DENABLE_CROSS_PRODUCT_REWRITE=1 -DENABLE_DEBUG_PRINT=0 -DENABLE_MEASURE_EXE_TIME=0 -DENABLE_MERGE_BACK_PLAN=0 -DENABLE_PARALLEL_EXECUTION=0 -DENABLE_QUERY_SPLIT=1 -DENABLE_SPECIFY_EST_STAT=0 -I/home/pei/Project/duckdb-polr/src/include -I/home/pei/Project/duckdb-polr/third_party/fsst -I/home/pei/Project/duckdb-polr/third_party/fmt/include -I/home/pei/Project/duckdb-polr/third_party/hyperloglog -I/home/pei/Project/duckdb-polr/third_party/fastpforlib -I/home/pei/Project/duckdb-polr/third_party/fast_float -I/home/pei/Project/duckdb-polr/third_party/re2 -I/home/pei/Project/duckdb-polr/third_party/miniz -I/home/pei/Project/duckdb-polr/third_party/utf8proc/include -I/home/pei/Project/duckdb-polr/third_party/miniparquet -I/home/pei/Project/duckdb-polr/third_party/concurrentqueue -I/home/pei/Project/duckdb-polr/third_party/pcg -I/home/pei/Project/duckdb-polr/third_party/tdigest -I/home/pei/Project/duckdb-polr/third_party/mbedtls/include -I/home/pei/Project/duckdb-polr/third_party/jaro_winkler -I/home/pei/Project/duckdb-polr/test/../third_party/catch -I/home/pei/Project/duckdb-polr/test/../third_party/tpce-tool/include -I/home/pei/Project/duckdb-polr/test/../third_party/sqlite/include -I/home/pei/Project/duckdb-polr/test/include -O3 -DNDEBUG -O3 -DNDEBUG   -fPIC -fdiagnostics-color=always -std=c++11 -MD -MT test/sql/filter/CMakeFiles/test_filter.dir/ub_test_filter.cpp.o -MF test/sql/filter/CMakeFiles/test_filter.dir/ub_test_filter.cpp.o.d -o test/sql/filter/CMakeFiles/test_filter.dir/ub_test_filter.cpp.o -c /home/pei/Project/duckdb-polr/build/release/test/sql/filter/ub_test_filter.cpp
[278/376] /usr/bin/ccache /usr/lib/ccache/c++ -DDUCKDB_BUILD_LIBRARY -DENABLE_CROSS_PRODUCT_REWRITE=1 -DENABLE_DEBUG_PRINT=0 -DENABLE_MEASURE_EXE_TIME=0 -DENABLE_MERGE_BACK_PLAN=0 -DENABLE_PARALLEL_EXECUTION=0 -DENABLE_QUERY_SPLIT=1 -DENABLE_SPECIFY_EST_STAT=0 -I/home/pei/Project/duckdb-polr/src/include -I/home/pei/Project/duckdb-polr/third_party/fsst -I/home/pei/Project/duckdb-polr/third_party/fmt/include -I/home/pei/Project/duckdb-polr/third_party/hyperloglog -I/home/pei/Project/duckdb-polr/third_party/fastpforlib -I/home/pei/Project/duckdb-polr/third_party/fast_float -I/home/pei/Project/duckdb-polr/third_party/re2 -I/home/pei/Project/duckdb-polr/third_party/miniz -I/home/pei/Project/duckdb-polr/third_party/utf8proc/include -I/home/pei/Project/duckdb-polr/third_party/miniparquet -I/home/pei/Project/duckdb-polr/third_party/concurrentqueue -I/home/pei/Project/duckdb-polr/third_party/pcg -I/home/pei/Project/duckdb-polr/third_party/tdigest -I/home/pei/Project/duckdb-polr/third_party/mbedtls/include -I/home/pei/Project/duckdb-polr/third_party/jaro_winkler -I/home/pei/Project/duckdb-polr/test/../third_party/catch -I/home/pei/Project/duckdb-polr/test/../third_party/tpce-tool/include -I/home/pei/Project/duckdb-polr/test/../third_party/sqlite/include -I/home/pei/Project/duckdb-polr/test/include -I/home/pei/Project/duckdb-polr/third_party/libpg_query/include -O3 -DNDEBUG -O3 -DNDEBUG   -fPIC -fdiagnostics-color=always -std=c++11 -MD -MT test/helpers/CMakeFiles/test_helpers.dir/test_helpers.cpp.o -MF test/helpers/CMakeFiles/test_helpers.dir/test_helpers.cpp.o.d -o test/helpers/CMakeFiles/test_helpers.dir/test_helpers.cpp.o -c /home/pei/Project/duckdb-polr/test/helpers/test_helpers.cpp
[279/376] /usr/bin/ccache /usr/lib/ccache/c++ -DDUCKDB_BUILD_LIBRARY -DENABLE_CROSS_PRODUCT_REWRITE=1 -DENABLE_DEBUG_PRINT=0 -DENABLE_MEASURE_EXE_TIME=0 -DENABLE_MERGE_BACK_PLAN=0 -DENABLE_PARALLEL_EXECUTION=0 -DENABLE_QUERY_SPLIT=1 -DENABLE_SPECIFY_EST_STAT=0 -I/home/pei/Project/duckdb-polr/src/include -I/home/pei/Project/duckdb-polr/third_party/fsst -I/home/pei/Project/duckdb-polr/third_party/fmt/include -I/home/pei/Project/duckdb-polr/third_party/hyperloglog -I/home/pei/Project/duckdb-polr/third_party/fastpforlib -I/home/pei/Project/duckdb-polr/third_party/fast_float -I/home/pei/Project/duckdb-polr/third_party/re2 -I/home/pei/Project/duckdb-polr/third_party/miniz -I/home/pei/Project/duckdb-polr/third_party/utf8proc/include -I/home/pei/Project/duckdb-polr/third_party/miniparquet -I/home/pei/Project/duckdb-polr/third_party/concurrentqueue -I/home/pei/Project/duckdb-polr/third_party/pcg -I/home/pei/Project/duckdb-polr/third_party/tdigest -I/home/pei/Project/duckdb-polr/third_party/mbedtls/include -I/home/pei/Project/duckdb-polr/third_party/jaro_winkler -I/home/pei/Project/duckdb-polr/test/../third_party/catch -I/home/pei/Project/duckdb-polr/test/../third_party/tpce-tool/include -I/home/pei/Project/duckdb-polr/test/../third_party/sqlite/include -I/home/pei/Project/duckdb-polr/test/include -O3 -DNDEBUG -O3 -DNDEBUG   -fPIC -fdiagnostics-color=always -std=c++11 -MD -MT test/memoryleak/CMakeFiles/test_memory_leak.dir/ub_test_memory_leak.cpp.o -MF test/memoryleak/CMakeFiles/test_memory_leak.dir/ub_test_memory_leak.cpp.o.d -o test/memoryleak/CMakeFiles/test_memory_leak.dir/ub_test_memory_leak.cpp.o -c /home/pei/Project/duckdb-polr/build/release/test/memoryleak/ub_test_memory_leak.cpp
[280/376] /usr/bin/ccache /usr/lib/ccache/c++ -DDUCKDB_BUILD_LIBRARY -DENABLE_CROSS_PRODUCT_REWRITE=1 -DENABLE_DEBUG_PRINT=0 -DENABLE_MEASURE_EXE_TIME=0 -DENABLE_MERGE_BACK_PLAN=0 -DENABLE_PARALLEL_EXECUTION=0 -DENABLE_QUERY_SPLIT=1 -DENABLE_SPECIFY_EST_STAT=0 -I/home/pei/Project/duckdb-polr/src/include -I/home/pei/Project/duckdb-polr/third_party/fsst -I/home/pei/Project/duckdb-polr/third_party/fmt/include -I/home/pei/Project/duckdb-polr/third_party/hyperloglog -I/home/pei/Project/duckdb-polr/third_party/fastpforlib -I/home/pei/Project/duckdb-polr/third_party/fast_float -I/home/pei/Project/duckdb-polr/third_party/re2 -I/home/pei/Project/duckdb-polr/third_party/miniz -I/home/pei/Project/duckdb-polr/third_party/utf8proc/include -I/home/pei/Project/duckdb-polr/third_party/miniparquet -I/home/pei/Project/duckdb-polr/third_party/concurrentqueue -I/home/pei/Project/duckdb-polr/third_party/pcg -I/home/pei/Project/duckdb-polr/third_party/tdigest -I/home/pei/Project/duckdb-polr/third_party/mbedtls/include -I/home/pei/Project/duckdb-polr/third_party/jaro_winkler -I/home/pei/Project/duckdb-polr/test/../third_party/catch -I/home/pei/Project/duckdb-polr/test/../third_party/tpce-tool/include -I/home/pei/Project/duckdb-polr/test/../third_party/sqlite/include -I/home/pei/Project/duckdb-polr/test/include -I/home/pei/Project/duckdb-polr/third_party/libpg_query/include -O3 -DNDEBUG -O3 -DNDEBUG   -fPIC -fdiagnostics-color=always -std=c++11 -MD -MT test/helpers/CMakeFiles/test_helpers.dir/capi_tester.cpp.o -MF test/helpers/CMakeFiles/test_helpers.dir/capi_tester.cpp.o.d -o test/helpers/CMakeFiles/test_helpers.dir/capi_tester.cpp.o -c /home/pei/Project/duckdb-polr/test/helpers/capi_tester.cpp
[281/376] /usr/bin/ccache /usr/lib/ccache/c++ -DDUCKDB_BUILD_LIBRARY -DENABLE_CROSS_PRODUCT_REWRITE=1 -DENABLE_DEBUG_PRINT=0 -DENABLE_MEASURE_EXE_TIME=0 -DENABLE_MERGE_BACK_PLAN=0 -DENABLE_PARALLEL_EXECUTION=0 -DENABLE_QUERY_SPLIT=1 -DENABLE_SPECIFY_EST_STAT=0 -I/home/pei/Project/duckdb-polr/src/include -I/home/pei/Project/duckdb-polr/third_party/fsst -I/home/pei/Project/duckdb-polr/third_party/fmt/include -I/home/pei/Project/duckdb-polr/third_party/hyperloglog -I/home/pei/Project/duckdb-polr/third_party/fastpforlib -I/home/pei/Project/duckdb-polr/third_party/fast_float -I/home/pei/Project/duckdb-polr/third_party/re2 -I/home/pei/Project/duckdb-polr/third_party/miniz -I/home/pei/Project/duckdb-polr/third_party/utf8proc/include -I/home/pei/Project/duckdb-polr/third_party/miniparquet -I/home/pei/Project/duckdb-polr/third_party/concurrentqueue -I/home/pei/Project/duckdb-polr/third_party/pcg -I/home/pei/Project/duckdb-polr/third_party/tdigest -I/home/pei/Project/duckdb-polr/third_party/mbedtls/include -I/home/pei/Project/duckdb-polr/third_party/jaro_winkler -I/home/pei/Project/duckdb-polr/test/../third_party/catch -I/home/pei/Project/duckdb-polr/test/../third_party/tpce-tool/include -I/home/pei/Project/duckdb-polr/test/../third_party/sqlite/include -I/home/pei/Project/duckdb-polr/test/include -O3 -DNDEBUG -O3 -DNDEBUG   -fPIC -fdiagnostics-color=always -std=c++11 -MD -MT test/sql/function/table/CMakeFiles/test_table_function.dir/ub_test_table_function.cpp.o -MF test/sql/function/table/CMakeFiles/test_table_function.dir/ub_test_table_function.cpp.o.d -o test/sql/function/table/CMakeFiles/test_table_function.dir/ub_test_table_function.cpp.o -c /home/pei/Project/duckdb-polr/build/release/test/sql/function/table/ub_test_table_function.cpp
[282/376] /usr/bin/ccache /usr/lib/ccache/c++ -DDUCKDB_BUILD_LIBRARY -DENABLE_CROSS_PRODUCT_REWRITE=1 -DENABLE_DEBUG_PRINT=0 -DENABLE_MEASURE_EXE_TIME=0 -DENABLE_MERGE_BACK_PLAN=0 -DENABLE_PARALLEL_EXECUTION=0 -DENABLE_QUERY_SPLIT=1 -DENABLE_SPECIFY_EST_STAT=0 -I/home/pei/Project/duckdb-polr/src/include -I/home/pei/Project/duckdb-polr/third_party/fsst -I/home/pei/Project/duckdb-polr/third_party/fmt/include -I/home/pei/Project/duckdb-polr/third_party/hyperloglog -I/home/pei/Project/duckdb-polr/third_party/fastpforlib -I/home/pei/Project/duckdb-polr/third_party/fast_float -I/home/pei/Project/duckdb-polr/third_party/re2 -I/home/pei/Project/duckdb-polr/third_party/miniz -I/home/pei/Project/duckdb-polr/third_party/utf8proc/include -I/home/pei/Project/duckdb-polr/third_party/miniparquet -I/home/pei/Project/duckdb-polr/third_party/concurrentqueue -I/home/pei/Project/duckdb-polr/third_party/pcg -I/home/pei/Project/duckdb-polr/third_party/tdigest -I/home/pei/Project/duckdb-polr/third_party/mbedtls/include -I/home/pei/Project/duckdb-polr/third_party/jaro_winkler -I/home/pei/Project/duckdb-polr/test/../third_party/catch -I/home/pei/Project/duckdb-polr/test/../third_party/tpce-tool/include -I/home/pei/Project/duckdb-polr/test/../third_party/sqlite/include -I/home/pei/Project/duckdb-polr/test/include -O3 -DNDEBUG -O3 -DNDEBUG   -fPIC -fdiagnostics-color=always -std=c++11 -MD -MT test/sql/parallelism/interquery/CMakeFiles/test_sql_interquery_parallelism.dir/ub_test_sql_interquery_parallelism.cpp.o -MF test/sql/parallelism/interquery/CMakeFiles/test_sql_interquery_parallelism.dir/ub_test_sql_interquery_parallelism.cpp.o.d -o test/sql/parallelism/interquery/CMakeFiles/test_sql_interquery_parallelism.dir/ub_test_sql_interquery_parallelism.cpp.o -c /home/pei/Project/duckdb-polr/build/release/test/sql/parallelism/interquery/ub_test_sql_interquery_parallelism.cpp
[283/376] /usr/bin/ccache /usr/lib/ccache/c++ -DDUCKDB_BUILD_LIBRARY -DENABLE_CROSS_PRODUCT_REWRITE=1 -DENABLE_DEBUG_PRINT=0 -DENABLE_MEASURE_EXE_TIME=0 -DENABLE_MERGE_BACK_PLAN=0 -DENABLE_PARALLEL_EXECUTION=0 -DENABLE_QUERY_SPLIT=1 -DENABLE_SPECIFY_EST_STAT=0 -I/home/pei/Project/duckdb-polr/src/include -I/home/pei/Project/duckdb-polr/third_party/fsst -I/home/pei/Project/duckdb-polr/third_party/fmt/include -I/home/pei/Project/duckdb-polr/third_party/hyperloglog -I/home/pei/Project/duckdb-polr/third_party/fastpforlib -I/home/pei/Project/duckdb-polr/third_party/fast_float -I/home/pei/Project/duckdb-polr/third_party/re2 -I/home/pei/Project/duckdb-polr/third_party/miniz -I/home/pei/Project/duckdb-polr/third_party/utf8proc/include -I/home/pei/Project/duckdb-polr/third_party/miniparquet -I/home/pei/Project/duckdb-polr/third_party/concurrentqueue -I/home/pei/Project/duckdb-polr/third_party/pcg -I/home/pei/Project/duckdb-polr/third_party/tdigest -I/home/pei/Project/duckdb-polr/third_party/mbedtls/include -I/home/pei/Project/duckdb-polr/third_party/jaro_winkler -I/home/pei/Project/duckdb-polr/test/../third_party/catch -I/home/pei/Project/duckdb-polr/test/../third_party/tpce-tool/include -I/home/pei/Project/duckdb-polr/test/../third_party/sqlite/include -I/home/pei/Project/duckdb-polr/test/include -O3 -DNDEBUG -O3 -DNDEBUG   -fPIC -fdiagnostics-color=always -std=c++11 -MD -MT test/sql/index/CMakeFiles/test_index.dir/ub_test_index.cpp.o -MF test/sql/index/CMakeFiles/test_index.dir/ub_test_index.cpp.o.d -o test/sql/index/CMakeFiles/test_index.dir/ub_test_index.cpp.o -c /home/pei/Project/duckdb-polr/build/release/test/sql/index/ub_test_index.cpp
[284/376] /usr/bin/ccache /usr/lib/ccache/c++ -DDUCKDB_BUILD_LIBRARY -DENABLE_CROSS_PRODUCT_REWRITE=1 -DENABLE_DEBUG_PRINT=0 -DENABLE_MEASURE_EXE_TIME=0 -DENABLE_MERGE_BACK_PLAN=0 -DENABLE_PARALLEL_EXECUTION=0 -DENABLE_QUERY_SPLIT=1 -DENABLE_SPECIFY_EST_STAT=0 -I/home/pei/Project/duckdb-polr/src/include -I/home/pei/Project/duckdb-polr/third_party/fsst -I/home/pei/Project/duckdb-polr/third_party/fmt/include -I/home/pei/Project/duckdb-polr/third_party/hyperloglog -I/home/pei/Project/duckdb-polr/third_party/fastpforlib -I/home/pei/Project/duckdb-polr/third_party/fast_float -I/home/pei/Project/duckdb-polr/third_party/re2 -I/home/pei/Project/duckdb-polr/third_party/miniz -I/home/pei/Project/duckdb-polr/third_party/utf8proc/include -I/home/pei/Project/duckdb-polr/third_party/miniparquet -I/home/pei/Project/duckdb-polr/third_party/concurrentqueue -I/home/pei/Project/duckdb-polr/third_party/pcg -I/home/pei/Project/duckdb-polr/third_party/tdigest -I/home/pei/Project/duckdb-polr/third_party/mbedtls/include -I/home/pei/Project/duckdb-polr/third_party/jaro_winkler -I/home/pei/Project/duckdb-polr/test/../third_party/catch -I/home/pei/Project/duckdb-polr/test/../third_party/tpce-tool/include -I/home/pei/Project/duckdb-polr/test/../third_party/sqlite/include -I/home/pei/Project/duckdb-polr/test/include -O3 -DNDEBUG -O3 -DNDEBUG   -fPIC -fdiagnostics-color=always -std=c++11 -MD -MT test/common/CMakeFiles/test_common.dir/ub_test_common.cpp.o -MF test/common/CMakeFiles/test_common.dir/ub_test_common.cpp.o.d -o test/common/CMakeFiles/test_common.dir/ub_test_common.cpp.o -c /home/pei/Project/duckdb-polr/build/release/test/common/ub_test_common.cpp
[285/376] /usr/bin/ccache /usr/lib/ccache/c++ -DDUCKDB_BUILD_LIBRARY -DENABLE_CROSS_PRODUCT_REWRITE=1 -DENABLE_DEBUG_PRINT=0 -DENABLE_MEASURE_EXE_TIME=0 -DENABLE_MERGE_BACK_PLAN=0 -DENABLE_PARALLEL_EXECUTION=0 -DENABLE_QUERY_SPLIT=1 -DENABLE_SPECIFY_EST_STAT=0 -I/home/pei/Project/duckdb-polr/src/include -I/home/pei/Project/duckdb-polr/third_party/fsst -I/home/pei/Project/duckdb-polr/third_party/fmt/include -I/home/pei/Project/duckdb-polr/third_party/hyperloglog -I/home/pei/Project/duckdb-polr/third_party/fastpforlib -I/home/pei/Project/duckdb-polr/third_party/fast_float -I/home/pei/Project/duckdb-polr/third_party/re2 -I/home/pei/Project/duckdb-polr/third_party/miniz -I/home/pei/Project/duckdb-polr/third_party/utf8proc/include -I/home/pei/Project/duckdb-polr/third_party/miniparquet -I/home/pei/Project/duckdb-polr/third_party/concurrentqueue -I/home/pei/Project/duckdb-polr/third_party/pcg -I/home/pei/Project/duckdb-polr/third_party/tdigest -I/home/pei/Project/duckdb-polr/third_party/mbedtls/include -I/home/pei/Project/duckdb-polr/third_party/jaro_winkler -I/home/pei/Project/duckdb-polr/test/../third_party/catch -I/home/pei/Project/duckdb-polr/test/../third_party/tpce-tool/include -I/home/pei/Project/duckdb-polr/test/../third_party/sqlite/include -I/home/pei/Project/duckdb-polr/test/include -O3 -DNDEBUG -O3 -DNDEBUG   -fPIC -fdiagnostics-color=always -std=c++11 -MD -MT test/sql/storage/catalog/CMakeFiles/test_sql_storage_catalog.dir/ub_test_sql_storage_catalog.cpp.o -MF test/sql/storage/catalog/CMakeFiles/test_sql_storage_catalog.dir/ub_test_sql_storage_catalog.cpp.o.d -o test/sql/storage/catalog/CMakeFiles/test_sql_storage_catalog.dir/ub_test_sql_storage_catalog.cpp.o -c /home/pei/Project/duckdb-polr/build/release/test/sql/storage/catalog/ub_test_sql_storage_catalog.cpp
[286/376] /usr/bin/ccache /usr/lib/ccache/c++ -DDUCKDB_BUILD_LIBRARY -DENABLE_CROSS_PRODUCT_REWRITE=1 -DENABLE_DEBUG_PRINT=0 -DENABLE_MEASURE_EXE_TIME=0 -DENABLE_MERGE_BACK_PLAN=0 -DENABLE_PARALLEL_EXECUTION=0 -DENABLE_QUERY_SPLIT=1 -DENABLE_SPECIFY_EST_STAT=0 -I/home/pei/Project/duckdb-polr/src/include -I/home/pei/Project/duckdb-polr/third_party/fsst -I/home/pei/Project/duckdb-polr/third_party/fmt/include -I/home/pei/Project/duckdb-polr/third_party/hyperloglog -I/home/pei/Project/duckdb-polr/third_party/fastpforlib -I/home/pei/Project/duckdb-polr/third_party/fast_float -I/home/pei/Project/duckdb-polr/third_party/re2 -I/home/pei/Project/duckdb-polr/third_party/miniz -I/home/pei/Project/duckdb-polr/third_party/utf8proc/include -I/home/pei/Project/duckdb-polr/third_party/miniparquet -I/home/pei/Project/duckdb-polr/third_party/concurrentqueue -I/home/pei/Project/duckdb-polr/third_party/pcg -I/home/pei/Project/duckdb-polr/third_party/tdigest -I/home/pei/Project/duckdb-polr/third_party/mbedtls/include -I/home/pei/Project/duckdb-polr/third_party/jaro_winkler -I/home/pei/Project/duckdb-polr/test/../third_party/catch -I/home/pei/Project/duckdb-polr/test/../third_party/tpce-tool/include -I/home/pei/Project/duckdb-polr/test/../third_party/sqlite/include -I/home/pei/Project/duckdb-polr/test/include -O3 -DNDEBUG -O3 -DNDEBUG   -fPIC -fdiagnostics-color=always -std=c++11 -MD -MT test/mbedtls/CMakeFiles/test_mbedtls.dir/ub_test_mbedtls.cpp.o -MF test/mbedtls/CMakeFiles/test_mbedtls.dir/ub_test_mbedtls.cpp.o.d -o test/mbedtls/CMakeFiles/test_mbedtls.dir/ub_test_mbedtls.cpp.o -c /home/pei/Project/duckdb-polr/build/release/test/mbedtls/ub_test_mbedtls.cpp
[287/376] : && /usr/lib/ccache/c++ -fPIC -O3 -DNDEBUG -O3 -DNDEBUG   -shared -Wl,-soname,loadable_extension_optimizer_demo.duckdb_extension -o test/extension/loadable_extension_optimizer_demo.duckdb_extension test/extension/CMakeFiles/loadable_extension_optimizer_demo_loadable_extension.dir/loadable_extension_optimizer_demo.cpp.o   && :
[288/376] /usr/bin/ccache /usr/lib/ccache/c++ -DDUCKDB_BUILD_LIBRARY -DENABLE_CROSS_PRODUCT_REWRITE=1 -DENABLE_DEBUG_PRINT=0 -DENABLE_MEASURE_EXE_TIME=0 -DENABLE_MERGE_BACK_PLAN=0 -DENABLE_PARALLEL_EXECUTION=0 -DENABLE_QUERY_SPLIT=1 -DENABLE_SPECIFY_EST_STAT=0 -I/home/pei/Project/duckdb-polr/src/include -I/home/pei/Project/duckdb-polr/third_party/fsst -I/home/pei/Project/duckdb-polr/third_party/fmt/include -I/home/pei/Project/duckdb-polr/third_party/hyperloglog -I/home/pei/Project/duckdb-polr/third_party/fastpforlib -I/home/pei/Project/duckdb-polr/third_party/fast_float -I/home/pei/Project/duckdb-polr/third_party/re2 -I/home/pei/Project/duckdb-polr/third_party/miniz -I/home/pei/Project/duckdb-polr/third_party/utf8proc/include -I/home/pei/Project/duckdb-polr/third_party/miniparquet -I/home/pei/Project/duckdb-polr/third_party/concurrentqueue -I/home/pei/Project/duckdb-polr/third_party/pcg -I/home/pei/Project/duckdb-polr/third_party/tdigest -I/home/pei/Project/duckdb-polr/third_party/mbedtls/include -I/home/pei/Project/duckdb-polr/third_party/jaro_winkler -O3 -DNDEBUG -O3 -DNDEBUG   -fPIC -fdiagnostics-color=always -w -std=c++11 -MD -MT third_party/fmt/CMakeFiles/duckdb_fmt.dir/format.cc.o -MF third_party/fmt/CMakeFiles/duckdb_fmt.dir/format.cc.o.d -o third_party/fmt/CMakeFiles/duckdb_fmt.dir/format.cc.o -c /home/pei/Project/duckdb-polr/third_party/fmt/format.cc
[289/376] /usr/bin/ccache /usr/lib/ccache/c++ -DDUCKDB_BUILD_LIBRARY -DENABLE_CROSS_PRODUCT_REWRITE=1 -DENABLE_DEBUG_PRINT=0 -DENABLE_MEASURE_EXE_TIME=0 -DENABLE_MERGE_BACK_PLAN=0 -DENABLE_PARALLEL_EXECUTION=0 -DENABLE_QUERY_SPLIT=1 -DENABLE_SPECIFY_EST_STAT=0 -I/home/pei/Project/duckdb-polr/src/include -I/home/pei/Project/duckdb-polr/third_party/fsst -I/home/pei/Project/duckdb-polr/third_party/fmt/include -I/home/pei/Project/duckdb-polr/third_party/hyperloglog -I/home/pei/Project/duckdb-polr/third_party/fastpforlib -I/home/pei/Project/duckdb-polr/third_party/fast_float -I/home/pei/Project/duckdb-polr/third_party/re2 -I/home/pei/Project/duckdb-polr/third_party/miniz -I/home/pei/Project/duckdb-polr/third_party/utf8proc/include -I/home/pei/Project/duckdb-polr/third_party/miniparquet -I/home/pei/Project/duckdb-polr/third_party/concurrentqueue -I/home/pei/Project/duckdb-polr/third_party/pcg -I/home/pei/Project/duckdb-polr/third_party/tdigest -I/home/pei/Project/duckdb-polr/third_party/mbedtls/include -I/home/pei/Project/duckdb-polr/third_party/jaro_winkler -I/home/pei/Project/duckdb-polr/third_party/libpg_query/include -O3 -DNDEBUG -O3 -DNDEBUG   -fPIC -fvisibility=hidden -fdiagnostics-color=always -w -std=c++11 -MD -MT third_party/libpg_query/CMakeFiles/duckdb_pg_query.dir/pg_functions.cpp.o -MF third_party/libpg_query/CMakeFiles/duckdb_pg_query.dir/pg_functions.cpp.o.d -o third_party/libpg_query/CMakeFiles/duckdb_pg_query.dir/pg_functions.cpp.o -c /home/pei/Project/duckdb-polr/third_party/libpg_query/pg_functions.cpp
[290/376] /usr/bin/ccache /usr/lib/ccache/c++ -DDUCKDB_BUILD_LIBRARY -DENABLE_CROSS_PRODUCT_REWRITE=1 -DENABLE_DEBUG_PRINT=0 -DENABLE_MEASURE_EXE_TIME=0 -DENABLE_MERGE_BACK_PLAN=0 -DENABLE_PARALLEL_EXECUTION=0 -DENABLE_QUERY_SPLIT=1 -DENABLE_SPECIFY_EST_STAT=0 -I/home/pei/Project/duckdb-polr/src/include -I/home/pei/Project/duckdb-polr/third_party/fsst -I/home/pei/Project/duckdb-polr/third_party/fmt/include -I/home/pei/Project/duckdb-polr/third_party/hyperloglog -I/home/pei/Project/duckdb-polr/third_party/fastpforlib -I/home/pei/Project/duckdb-polr/third_party/fast_float -I/home/pei/Project/duckdb-polr/third_party/re2 -I/home/pei/Project/duckdb-polr/third_party/miniz -I/home/pei/Project/duckdb-polr/third_party/utf8proc/include -I/home/pei/Project/duckdb-polr/third_party/miniparquet -I/home/pei/Project/duckdb-polr/third_party/concurrentqueue -I/home/pei/Project/duckdb-polr/third_party/pcg -I/home/pei/Project/duckdb-polr/third_party/tdigest -I/home/pei/Project/duckdb-polr/third_party/mbedtls/include -I/home/pei/Project/duckdb-polr/third_party/jaro_winkler -I/home/pei/Project/duckdb-polr/test/../third_party/catch -I/home/pei/Project/duckdb-polr/test/../third_party/tpce-tool/include -I/home/pei/Project/duckdb-polr/test/../third_party/sqlite/include -I/home/pei/Project/duckdb-polr/test/include -O3 -DNDEBUG -O3 -DNDEBUG   -fPIC -fdiagnostics-color=always -std=c++11 -MD -MT test/ossfuzz/CMakeFiles/test_ossfuzz.dir/ub_test_ossfuzz.cpp.o -MF test/ossfuzz/CMakeFiles/test_ossfuzz.dir/ub_test_ossfuzz.cpp.o.d -o test/ossfuzz/CMakeFiles/test_ossfuzz.dir/ub_test_ossfuzz.cpp.o -c /home/pei/Project/duckdb-polr/build/release/test/ossfuzz/ub_test_ossfuzz.cpp
[291/376] : && /usr/lib/ccache/c++ -fPIC -O3 -DNDEBUG -O3 -DNDEBUG   -shared -Wl,-soname,loadable_extension_demo.duckdb_extension -o test/extension/loadable_extension_demo.duckdb_extension test/extension/CMakeFiles/loadable_extension_demo_loadable_extension.dir/loadable_extension_demo.cpp.o   && :
[292/376] /usr/bin/ccache /usr/lib/ccache/c++ -DDUCKDB_BUILD_LIBRARY -DENABLE_CROSS_PRODUCT_REWRITE=1 -DENABLE_DEBUG_PRINT=0 -DENABLE_MEASURE_EXE_TIME=0 -DENABLE_MERGE_BACK_PLAN=0 -DENABLE_PARALLEL_EXECUTION=0 -DENABLE_QUERY_SPLIT=1 -DENABLE_SPECIFY_EST_STAT=0 -I/home/pei/Project/duckdb-polr/src/include -I/home/pei/Project/duckdb-polr/third_party/fsst -I/home/pei/Project/duckdb-polr/third_party/fmt/include -I/home/pei/Project/duckdb-polr/third_party/hyperloglog -I/home/pei/Project/duckdb-polr/third_party/fastpforlib -I/home/pei/Project/duckdb-polr/third_party/fast_float -I/home/pei/Project/duckdb-polr/third_party/re2 -I/home/pei/Project/duckdb-polr/third_party/miniz -I/home/pei/Project/duckdb-polr/third_party/utf8proc/include -I/home/pei/Project/duckdb-polr/third_party/miniparquet -I/home/pei/Project/duckdb-polr/third_party/concurrentqueue -I/home/pei/Project/duckdb-polr/third_party/pcg -I/home/pei/Project/duckdb-polr/third_party/tdigest -I/home/pei/Project/duckdb-polr/third_party/mbedtls/include -I/home/pei/Project/duckdb-polr/third_party/jaro_winkler -I/home/pei/Project/duckdb-polr/test/../third_party/catch -I/home/pei/Project/duckdb-polr/test/../third_party/tpce-tool/include -I/home/pei/Project/duckdb-polr/test/../third_party/sqlite/include -I/home/pei/Project/duckdb-polr/test/include -O3 -DNDEBUG -O3 -DNDEBUG   -fPIC -fdiagnostics-color=always -std=c++11 -MD -MT test/persistence/CMakeFiles/test_persistence.dir/ub_test_persistence.cpp.o -MF test/persistence/CMakeFiles/test_persistence.dir/ub_test_persistence.cpp.o.d -o test/persistence/CMakeFiles/test_persistence.dir/ub_test_persistence.cpp.o -c /home/pei/Project/duckdb-polr/build/release/test/persistence/ub_test_persistence.cpp
[293/376] /usr/bin/ccache /usr/lib/ccache/c++ -DDUCKDB_BUILD_LIBRARY -DENABLE_CROSS_PRODUCT_REWRITE=1 -DENABLE_DEBUG_PRINT=0 -DENABLE_MEASURE_EXE_TIME=0 -DENABLE_MERGE_BACK_PLAN=0 -DENABLE_PARALLEL_EXECUTION=0 -DENABLE_QUERY_SPLIT=1 -DENABLE_SPECIFY_EST_STAT=0 -I/home/pei/Project/duckdb-polr/src/include -I/home/pei/Project/duckdb-polr/third_party/fsst -I/home/pei/Project/duckdb-polr/third_party/fmt/include -I/home/pei/Project/duckdb-polr/third_party/hyperloglog -I/home/pei/Project/duckdb-polr/third_party/fastpforlib -I/home/pei/Project/duckdb-polr/third_party/fast_float -I/home/pei/Project/duckdb-polr/third_party/re2 -I/home/pei/Project/duckdb-polr/third_party/miniz -I/home/pei/Project/duckdb-polr/third_party/utf8proc/include -I/home/pei/Project/duckdb-polr/third_party/miniparquet -I/home/pei/Project/duckdb-polr/third_party/concurrentqueue -I/home/pei/Project/duckdb-polr/third_party/pcg -I/home/pei/Project/duckdb-polr/third_party/tdigest -I/home/pei/Project/duckdb-polr/third_party/mbedtls/include -I/home/pei/Project/duckdb-polr/third_party/jaro_winkler -I/home/pei/Project/duckdb-polr/third_party/libpg_query/include -O3 -DNDEBUG -O3 -DNDEBUG   -fPIC -fvisibility=hidden -fdiagnostics-color=always -w -std=c++11 -MD -MT third_party/libpg_query/CMakeFiles/duckdb_pg_query.dir/src_backend_nodes_list.cpp.o -MF third_party/libpg_query/CMakeFiles/duckdb_pg_query.dir/src_backend_nodes_list.cpp.o.d -o third_party/libpg_query/CMakeFiles/duckdb_pg_query.dir/src_backend_nodes_list.cpp.o -c /home/pei/Project/duckdb-polr/third_party/libpg_query/src_backend_nodes_list.cpp
[294/376] /usr/bin/ccache /usr/lib/ccache/c++ -DDUCKDB_BUILD_LIBRARY -DENABLE_CROSS_PRODUCT_REWRITE=1 -DENABLE_DEBUG_PRINT=0 -DENABLE_MEASURE_EXE_TIME=0 -DENABLE_MERGE_BACK_PLAN=0 -DENABLE_PARALLEL_EXECUTION=0 -DENABLE_QUERY_SPLIT=1 -DENABLE_SPECIFY_EST_STAT=0 -I/home/pei/Project/duckdb-polr/src/include -I/home/pei/Project/duckdb-polr/third_party/fsst -I/home/pei/Project/duckdb-polr/third_party/fmt/include -I/home/pei/Project/duckdb-polr/third_party/hyperloglog -I/home/pei/Project/duckdb-polr/third_party/fastpforlib -I/home/pei/Project/duckdb-polr/third_party/fast_float -I/home/pei/Project/duckdb-polr/third_party/re2 -I/home/pei/Project/duckdb-polr/third_party/miniz -I/home/pei/Project/duckdb-polr/third_party/utf8proc/include -I/home/pei/Project/duckdb-polr/third_party/miniparquet -I/home/pei/Project/duckdb-polr/third_party/concurrentqueue -I/home/pei/Project/duckdb-polr/third_party/pcg -I/home/pei/Project/duckdb-polr/third_party/tdigest -I/home/pei/Project/duckdb-polr/third_party/mbedtls/include -I/home/pei/Project/duckdb-polr/third_party/jaro_winkler -I/home/pei/Project/duckdb-polr/third_party/libpg_query/include -O3 -DNDEBUG -O3 -DNDEBUG   -fPIC -fvisibility=hidden -fdiagnostics-color=always -w -std=c++11 -MD -MT third_party/libpg_query/CMakeFiles/duckdb_pg_query.dir/src_backend_parser_scansup.cpp.o -MF third_party/libpg_query/CMakeFiles/duckdb_pg_query.dir/src_backend_parser_scansup.cpp.o.d -o third_party/libpg_query/CMakeFiles/duckdb_pg_query.dir/src_backend_parser_scansup.cpp.o -c /home/pei/Project/duckdb-polr/third_party/libpg_query/src_backend_parser_scansup.cpp
[295/376] /usr/bin/ccache /usr/lib/ccache/c++ -DDUCKDB_BUILD_LIBRARY -DENABLE_CROSS_PRODUCT_REWRITE=1 -DENABLE_DEBUG_PRINT=0 -DENABLE_MEASURE_EXE_TIME=0 -DENABLE_MERGE_BACK_PLAN=0 -DENABLE_PARALLEL_EXECUTION=0 -DENABLE_QUERY_SPLIT=1 -DENABLE_SPECIFY_EST_STAT=0 -I/home/pei/Project/duckdb-polr/src/include -I/home/pei/Project/duckdb-polr/third_party/fsst -I/home/pei/Project/duckdb-polr/third_party/fmt/include -I/home/pei/Project/duckdb-polr/third_party/hyperloglog -I/home/pei/Project/duckdb-polr/third_party/fastpforlib -I/home/pei/Project/duckdb-polr/third_party/fast_float -I/home/pei/Project/duckdb-polr/third_party/re2 -I/home/pei/Project/duckdb-polr/third_party/miniz -I/home/pei/Project/duckdb-polr/third_party/utf8proc/include -I/home/pei/Project/duckdb-polr/third_party/miniparquet -I/home/pei/Project/duckdb-polr/third_party/concurrentqueue -I/home/pei/Project/duckdb-polr/third_party/pcg -I/home/pei/Project/duckdb-polr/third_party/tdigest -I/home/pei/Project/duckdb-polr/third_party/mbedtls/include -I/home/pei/Project/duckdb-polr/third_party/jaro_winkler -I/home/pei/Project/duckdb-polr/third_party/libpg_query/include -O3 -DNDEBUG -O3 -DNDEBUG   -fPIC -fvisibility=hidden -fdiagnostics-color=always -w -std=c++11 -MD -MT third_party/libpg_query/CMakeFiles/duckdb_pg_query.dir/src_backend_nodes_makefuncs.cpp.o -MF third_party/libpg_query/CMakeFiles/duckdb_pg_query.dir/src_backend_nodes_makefuncs.cpp.o.d -o third_party/libpg_query/CMakeFiles/duckdb_pg_query.dir/src_backend_nodes_makefuncs.cpp.o -c /home/pei/Project/duckdb-polr/third_party/libpg_query/src_backend_nodes_makefuncs.cpp
[296/376] /usr/bin/ccache /usr/lib/ccache/c++ -DBUILD_JEMALLOC_EXTENSION=ON -DBUILD_PARQUET_EXTENSION=TRUE -DDUCKDB_BUILD_DIRECTORY=\"/home/pei/Project/duckdb-polr/build/release\" -DDUCKDB_BUILD_LIBRARY -DDUCKDB_ROOT_DIRECTORY=\"/home/pei/Project/duckdb-polr\" -DENABLE_CROSS_PRODUCT_REWRITE=1 -DENABLE_DEBUG_PRINT=0 -DENABLE_MEASURE_EXE_TIME=0 -DENABLE_MERGE_BACK_PLAN=0 -DENABLE_PARALLEL_EXECUTION=0 -DENABLE_QUERY_SPLIT=1 -DENABLE_SPECIFY_EST_STAT=0 -I/home/pei/Project/duckdb-polr/src/include -I/home/pei/Project/duckdb-polr/third_party/fsst -I/home/pei/Project/duckdb-polr/third_party/fmt/include -I/home/pei/Project/duckdb-polr/third_party/hyperloglog -I/home/pei/Project/duckdb-polr/third_party/fastpforlib -I/home/pei/Project/duckdb-polr/third_party/fast_float -I/home/pei/Project/duckdb-polr/third_party/re2 -I/home/pei/Project/duckdb-polr/third_party/miniz -I/home/pei/Project/duckdb-polr/third_party/utf8proc/include -I/home/pei/Project/duckdb-polr/third_party/miniparquet -I/home/pei/Project/duckdb-polr/third_party/concurrentqueue -I/home/pei/Project/duckdb-polr/third_party/pcg -I/home/pei/Project/duckdb-polr/third_party/tdigest -I/home/pei/Project/duckdb-polr/third_party/mbedtls/include -I/home/pei/Project/duckdb-polr/third_party/jaro_winkler -I/home/pei/Project/duckdb-polr/test/../third_party/catch -I/home/pei/Project/duckdb-polr/test/../third_party/tpce-tool/include -I/home/pei/Project/duckdb-polr/test/../third_party/sqlite/include -I/home/pei/Project/duckdb-polr/test/include -I/home/pei/Project/duckdb-polr/extension -I/home/pei/Project/duckdb-polr/extension/parquet/include -I/home/pei/Project/duckdb-polr/extension/jemalloc/include -O3 -DNDEBUG -O3 -DNDEBUG   -fPIC -fdiagnostics-color=always -std=c++11 -MD -MT test/sqlite/CMakeFiles/test_sqlite.dir/ub_test_sqlite.cpp.o -MF test/sqlite/CMakeFiles/test_sqlite.dir/ub_test_sqlite.cpp.o.d -o test/sqlite/CMakeFiles/test_sqlite.dir/ub_test_sqlite.cpp.o -c /home/pei/Project/duckdb-polr/build/release/test/sqlite/ub_test_sqlite.cpp
[297/376] /usr/bin/ccache /usr/lib/ccache/c++ -DDUCKDB_BUILD_LIBRARY -DENABLE_CROSS_PRODUCT_REWRITE=1 -DENABLE_DEBUG_PRINT=0 -DENABLE_MEASURE_EXE_TIME=0 -DENABLE_MERGE_BACK_PLAN=0 -DENABLE_PARALLEL_EXECUTION=0 -DENABLE_QUERY_SPLIT=1 -DENABLE_SPECIFY_EST_STAT=0 -I/home/pei/Project/duckdb-polr/src/include -I/home/pei/Project/duckdb-polr/third_party/fsst -I/home/pei/Project/duckdb-polr/third_party/fmt/include -I/home/pei/Project/duckdb-polr/third_party/hyperloglog -I/home/pei/Project/duckdb-polr/third_party/fastpforlib -I/home/pei/Project/duckdb-polr/third_party/fast_float -I/home/pei/Project/duckdb-polr/third_party/re2 -I/home/pei/Project/duckdb-polr/third_party/miniz -I/home/pei/Project/duckdb-polr/third_party/utf8proc/include -I/home/pei/Project/duckdb-polr/third_party/miniparquet -I/home/pei/Project/duckdb-polr/third_party/concurrentqueue -I/home/pei/Project/duckdb-polr/third_party/pcg -I/home/pei/Project/duckdb-polr/third_party/tdigest -I/home/pei/Project/duckdb-polr/third_party/mbedtls/include -I/home/pei/Project/duckdb-polr/third_party/jaro_winkler -I/home/pei/Project/duckdb-polr/third_party/libpg_query/include -O3 -DNDEBUG -O3 -DNDEBUG   -fPIC -fvisibility=hidden -fdiagnostics-color=always -w -std=c++11 -MD -MT third_party/libpg_query/CMakeFiles/duckdb_pg_query.dir/src_backend_nodes_value.cpp.o -MF third_party/libpg_query/CMakeFiles/duckdb_pg_query.dir/src_backend_nodes_value.cpp.o.d -o third_party/libpg_query/CMakeFiles/duckdb_pg_query.dir/src_backend_nodes_value.cpp.o -c /home/pei/Project/duckdb-polr/third_party/libpg_query/src_backend_nodes_value.cpp
[298/376] /usr/bin/ccache /usr/lib/ccache/c++ -DDUCKDB_BUILD_LIBRARY -DENABLE_CROSS_PRODUCT_REWRITE=1 -DENABLE_DEBUG_PRINT=0 -DENABLE_MEASURE_EXE_TIME=0 -DENABLE_MERGE_BACK_PLAN=0 -DENABLE_PARALLEL_EXECUTION=0 -DENABLE_QUERY_SPLIT=1 -DENABLE_SPECIFY_EST_STAT=0 -I/home/pei/Project/duckdb-polr/src/include -I/home/pei/Project/duckdb-polr/third_party/fsst -I/home/pei/Project/duckdb-polr/third_party/fmt/include -I/home/pei/Project/duckdb-polr/third_party/hyperloglog -I/home/pei/Project/duckdb-polr/third_party/fastpforlib -I/home/pei/Project/duckdb-polr/third_party/fast_float -I/home/pei/Project/duckdb-polr/third_party/re2 -I/home/pei/Project/duckdb-polr/third_party/miniz -I/home/pei/Project/duckdb-polr/third_party/utf8proc/include -I/home/pei/Project/duckdb-polr/third_party/miniparquet -I/home/pei/Project/duckdb-polr/third_party/concurrentqueue -I/home/pei/Project/duckdb-polr/third_party/pcg -I/home/pei/Project/duckdb-polr/third_party/tdigest -I/home/pei/Project/duckdb-polr/third_party/mbedtls/include -I/home/pei/Project/duckdb-polr/third_party/jaro_winkler -I/home/pei/Project/duckdb-polr/third_party/libpg_query/include -O3 -DNDEBUG -O3 -DNDEBUG   -fPIC -fvisibility=hidden -fdiagnostics-color=always -w -std=c++11 -MD -MT third_party/libpg_query/CMakeFiles/duckdb_pg_query.dir/postgres_parser.cpp.o -MF third_party/libpg_query/CMakeFiles/duckdb_pg_query.dir/postgres_parser.cpp.o.d -o third_party/libpg_query/CMakeFiles/duckdb_pg_query.dir/postgres_parser.cpp.o -c /home/pei/Project/duckdb-polr/third_party/libpg_query/postgres_parser.cpp
[299/376] /usr/bin/ccache /usr/lib/ccache/c++ -DDUCKDB_BUILD_LIBRARY -DENABLE_CROSS_PRODUCT_REWRITE=1 -DENABLE_DEBUG_PRINT=0 -DENABLE_MEASURE_EXE_TIME=0 -DENABLE_MERGE_BACK_PLAN=0 -DENABLE_PARALLEL_EXECUTION=0 -DENABLE_QUERY_SPLIT=1 -DENABLE_SPECIFY_EST_STAT=0 -I/home/pei/Project/duckdb-polr/src/include -I/home/pei/Project/duckdb-polr/third_party/fsst -I/home/pei/Project/duckdb-polr/third_party/fmt/include -I/home/pei/Project/duckdb-polr/third_party/hyperloglog -I/home/pei/Project/duckdb-polr/third_party/fastpforlib -I/home/pei/Project/duckdb-polr/third_party/fast_float -I/home/pei/Project/duckdb-polr/third_party/re2 -I/home/pei/Project/duckdb-polr/third_party/miniz -I/home/pei/Project/duckdb-polr/third_party/utf8proc/include -I/home/pei/Project/duckdb-polr/third_party/miniparquet -I/home/pei/Project/duckdb-polr/third_party/concurrentqueue -I/home/pei/Project/duckdb-polr/third_party/pcg -I/home/pei/Project/duckdb-polr/third_party/tdigest -I/home/pei/Project/duckdb-polr/third_party/mbedtls/include -I/home/pei/Project/duckdb-polr/third_party/jaro_winkler -I/home/pei/Project/duckdb-polr/test/../third_party/catch -I/home/pei/Project/duckdb-polr/test/../third_party/tpce-tool/include -I/home/pei/Project/duckdb-polr/test/../third_party/sqlite/include -I/home/pei/Project/duckdb-polr/test/include -O3 -DNDEBUG -O3 -DNDEBUG   -fPIC -fdiagnostics-color=always -std=c++11 -MD -MT test/api/udf_function/CMakeFiles/test_api_udf_function.dir/ub_test_api_udf_function.cpp.o -MF test/api/udf_function/CMakeFiles/test_api_udf_function.dir/ub_test_api_udf_function.cpp.o.d -o test/api/udf_function/CMakeFiles/test_api_udf_function.dir/ub_test_api_udf_function.cpp.o -c /home/pei/Project/duckdb-polr/build/release/test/api/udf_function/ub_test_api_udf_function.cpp
[300/376] /usr/bin/ccache /usr/lib/ccache/c++ -DDUCKDB_BUILD_LIBRARY -DENABLE_CROSS_PRODUCT_REWRITE=1 -DENABLE_DEBUG_PRINT=0 -DENABLE_MEASURE_EXE_TIME=0 -DENABLE_MERGE_BACK_PLAN=0 -DENABLE_PARALLEL_EXECUTION=0 -DENABLE_QUERY_SPLIT=1 -DENABLE_SPECIFY_EST_STAT=0 -I/home/pei/Project/duckdb-polr/src/include -I/home/pei/Project/duckdb-polr/third_party/fsst -I/home/pei/Project/duckdb-polr/third_party/fmt/include -I/home/pei/Project/duckdb-polr/third_party/hyperloglog -I/home/pei/Project/duckdb-polr/third_party/fastpforlib -I/home/pei/Project/duckdb-polr/third_party/fast_float -I/home/pei/Project/duckdb-polr/third_party/re2 -I/home/pei/Project/duckdb-polr/third_party/miniz -I/home/pei/Project/duckdb-polr/third_party/utf8proc/include -I/home/pei/Project/duckdb-polr/third_party/miniparquet -I/home/pei/Project/duckdb-polr/third_party/concurrentqueue -I/home/pei/Project/duckdb-polr/third_party/pcg -I/home/pei/Project/duckdb-polr/third_party/tdigest -I/home/pei/Project/duckdb-polr/third_party/mbedtls/include -I/home/pei/Project/duckdb-polr/third_party/jaro_winkler -O3 -DNDEBUG -O3 -DNDEBUG   -fPIC -fvisibility=hidden -fdiagnostics-color=always -std=c++11 -w -std=c++11 -MD -MT third_party/re2/CMakeFiles/duckdb_re2.dir/re2/bitstate.cc.o -MF third_party/re2/CMakeFiles/duckdb_re2.dir/re2/bitstate.cc.o.d -o third_party/re2/CMakeFiles/duckdb_re2.dir/re2/bitstate.cc.o -c /home/pei/Project/duckdb-polr/third_party/re2/re2/bitstate.cc
[301/376] /usr/bin/ccache /usr/lib/ccache/c++ -DDUCKDB_BUILD_LIBRARY -DENABLE_CROSS_PRODUCT_REWRITE=1 -DENABLE_DEBUG_PRINT=0 -DENABLE_MEASURE_EXE_TIME=0 -DENABLE_MERGE_BACK_PLAN=0 -DENABLE_PARALLEL_EXECUTION=0 -DENABLE_QUERY_SPLIT=1 -DENABLE_SPECIFY_EST_STAT=0 -I/home/pei/Project/duckdb-polr/src/include -I/home/pei/Project/duckdb-polr/third_party/fsst -I/home/pei/Project/duckdb-polr/third_party/fmt/include -I/home/pei/Project/duckdb-polr/third_party/hyperloglog -I/home/pei/Project/duckdb-polr/third_party/fastpforlib -I/home/pei/Project/duckdb-polr/third_party/fast_float -I/home/pei/Project/duckdb-polr/third_party/re2 -I/home/pei/Project/duckdb-polr/third_party/miniz -I/home/pei/Project/duckdb-polr/third_party/utf8proc/include -I/home/pei/Project/duckdb-polr/third_party/miniparquet -I/home/pei/Project/duckdb-polr/third_party/concurrentqueue -I/home/pei/Project/duckdb-polr/third_party/pcg -I/home/pei/Project/duckdb-polr/third_party/tdigest -I/home/pei/Project/duckdb-polr/third_party/mbedtls/include -I/home/pei/Project/duckdb-polr/third_party/jaro_winkler -I/home/pei/Project/duckdb-polr/test/../third_party/catch -I/home/pei/Project/duckdb-polr/test/../third_party/tpce-tool/include -I/home/pei/Project/duckdb-polr/test/../third_party/sqlite/include -I/home/pei/Project/duckdb-polr/test/include -O3 -DNDEBUG -O3 -DNDEBUG   -fPIC -fdiagnostics-color=always -std=c++11 -MD -MT test/sql/storage/CMakeFiles/test_sql_storage.dir/ub_test_sql_storage.cpp.o -MF test/sql/storage/CMakeFiles/test_sql_storage.dir/ub_test_sql_storage.cpp.o.d -o test/sql/storage/CMakeFiles/test_sql_storage.dir/ub_test_sql_storage.cpp.o -c /home/pei/Project/duckdb-polr/build/release/test/sql/storage/ub_test_sql_storage.cpp
[302/376] /usr/bin/ccache /usr/lib/ccache/c++ -DDUCKDB_BUILD_LIBRARY -DENABLE_CROSS_PRODUCT_REWRITE=1 -DENABLE_DEBUG_PRINT=0 -DENABLE_MEASURE_EXE_TIME=0 -DENABLE_MERGE_BACK_PLAN=0 -DENABLE_PARALLEL_EXECUTION=0 -DENABLE_QUERY_SPLIT=1 -DENABLE_SPECIFY_EST_STAT=0 -I/home/pei/Project/duckdb-polr/src/include -I/home/pei/Project/duckdb-polr/third_party/fsst -I/home/pei/Project/duckdb-polr/third_party/fmt/include -I/home/pei/Project/duckdb-polr/third_party/hyperloglog -I/home/pei/Project/duckdb-polr/third_party/fastpforlib -I/home/pei/Project/duckdb-polr/third_party/fast_float -I/home/pei/Project/duckdb-polr/third_party/re2 -I/home/pei/Project/duckdb-polr/third_party/miniz -I/home/pei/Project/duckdb-polr/third_party/utf8proc/include -I/home/pei/Project/duckdb-polr/third_party/miniparquet -I/home/pei/Project/duckdb-polr/third_party/concurrentqueue -I/home/pei/Project/duckdb-polr/third_party/pcg -I/home/pei/Project/duckdb-polr/third_party/tdigest -I/home/pei/Project/duckdb-polr/third_party/mbedtls/include -I/home/pei/Project/duckdb-polr/third_party/jaro_winkler -O3 -DNDEBUG -O3 -DNDEBUG   -fPIC -fvisibility=hidden -fdiagnostics-color=always -std=c++11 -w -std=c++11 -MD -MT third_party/re2/CMakeFiles/duckdb_re2.dir/re2/compile.cc.o -MF third_party/re2/CMakeFiles/duckdb_re2.dir/re2/compile.cc.o.d -o third_party/re2/CMakeFiles/duckdb_re2.dir/re2/compile.cc.o -c /home/pei/Project/duckdb-polr/third_party/re2/re2/compile.cc
[303/376] /usr/bin/ccache /usr/lib/ccache/c++ -DDUCKDB_BUILD_LIBRARY -DENABLE_CROSS_PRODUCT_REWRITE=1 -DENABLE_DEBUG_PRINT=0 -DENABLE_MEASURE_EXE_TIME=0 -DENABLE_MERGE_BACK_PLAN=0 -DENABLE_PARALLEL_EXECUTION=0 -DENABLE_QUERY_SPLIT=1 -DENABLE_SPECIFY_EST_STAT=0 -I/home/pei/Project/duckdb-polr/src/include -I/home/pei/Project/duckdb-polr/third_party/fsst -I/home/pei/Project/duckdb-polr/third_party/fmt/include -I/home/pei/Project/duckdb-polr/third_party/hyperloglog -I/home/pei/Project/duckdb-polr/third_party/fastpforlib -I/home/pei/Project/duckdb-polr/third_party/fast_float -I/home/pei/Project/duckdb-polr/third_party/re2 -I/home/pei/Project/duckdb-polr/third_party/miniz -I/home/pei/Project/duckdb-polr/third_party/utf8proc/include -I/home/pei/Project/duckdb-polr/third_party/miniparquet -I/home/pei/Project/duckdb-polr/third_party/concurrentqueue -I/home/pei/Project/duckdb-polr/third_party/pcg -I/home/pei/Project/duckdb-polr/third_party/tdigest -I/home/pei/Project/duckdb-polr/third_party/mbedtls/include -I/home/pei/Project/duckdb-polr/third_party/jaro_winkler -O3 -DNDEBUG -O3 -DNDEBUG   -fPIC -fvisibility=hidden -fdiagnostics-color=always -std=c++11 -w -std=c++11 -MD -MT third_party/re2/CMakeFiles/duckdb_re2.dir/re2/dfa.cc.o -MF third_party/re2/CMakeFiles/duckdb_re2.dir/re2/dfa.cc.o.d -o third_party/re2/CMakeFiles/duckdb_re2.dir/re2/dfa.cc.o -c /home/pei/Project/duckdb-polr/third_party/re2/re2/dfa.cc
[304/376] /usr/bin/ccache /usr/lib/ccache/c++ -DDUCKDB_BUILD_LIBRARY -DENABLE_CROSS_PRODUCT_REWRITE=1 -DENABLE_DEBUG_PRINT=0 -DENABLE_MEASURE_EXE_TIME=0 -DENABLE_MERGE_BACK_PLAN=0 -DENABLE_PARALLEL_EXECUTION=0 -DENABLE_QUERY_SPLIT=1 -DENABLE_SPECIFY_EST_STAT=0 -I/home/pei/Project/duckdb-polr/src/include -I/home/pei/Project/duckdb-polr/third_party/fsst -I/home/pei/Project/duckdb-polr/third_party/fmt/include -I/home/pei/Project/duckdb-polr/third_party/hyperloglog -I/home/pei/Project/duckdb-polr/third_party/fastpforlib -I/home/pei/Project/duckdb-polr/third_party/fast_float -I/home/pei/Project/duckdb-polr/third_party/re2 -I/home/pei/Project/duckdb-polr/third_party/miniz -I/home/pei/Project/duckdb-polr/third_party/utf8proc/include -I/home/pei/Project/duckdb-polr/third_party/miniparquet -I/home/pei/Project/duckdb-polr/third_party/concurrentqueue -I/home/pei/Project/duckdb-polr/third_party/pcg -I/home/pei/Project/duckdb-polr/third_party/tdigest -I/home/pei/Project/duckdb-polr/third_party/mbedtls/include -I/home/pei/Project/duckdb-polr/third_party/jaro_winkler -O3 -DNDEBUG -O3 -DNDEBUG   -fPIC -fvisibility=hidden -fdiagnostics-color=always -std=c++11 -w -std=c++11 -MD -MT third_party/re2/CMakeFiles/duckdb_re2.dir/re2/filtered_re2.cc.o -MF third_party/re2/CMakeFiles/duckdb_re2.dir/re2/filtered_re2.cc.o.d -o third_party/re2/CMakeFiles/duckdb_re2.dir/re2/filtered_re2.cc.o -c /home/pei/Project/duckdb-polr/third_party/re2/re2/filtered_re2.cc
[305/376] /usr/bin/ccache /usr/lib/ccache/c++ -DDUCKDB_BUILD_LIBRARY -DENABLE_CROSS_PRODUCT_REWRITE=1 -DENABLE_DEBUG_PRINT=0 -DENABLE_MEASURE_EXE_TIME=0 -DENABLE_MERGE_BACK_PLAN=0 -DENABLE_PARALLEL_EXECUTION=0 -DENABLE_QUERY_SPLIT=1 -DENABLE_SPECIFY_EST_STAT=0 -I/home/pei/Project/duckdb-polr/src/include -I/home/pei/Project/duckdb-polr/third_party/fsst -I/home/pei/Project/duckdb-polr/third_party/fmt/include -I/home/pei/Project/duckdb-polr/third_party/hyperloglog -I/home/pei/Project/duckdb-polr/third_party/fastpforlib -I/home/pei/Project/duckdb-polr/third_party/fast_float -I/home/pei/Project/duckdb-polr/third_party/re2 -I/home/pei/Project/duckdb-polr/third_party/miniz -I/home/pei/Project/duckdb-polr/third_party/utf8proc/include -I/home/pei/Project/duckdb-polr/third_party/miniparquet -I/home/pei/Project/duckdb-polr/third_party/concurrentqueue -I/home/pei/Project/duckdb-polr/third_party/pcg -I/home/pei/Project/duckdb-polr/third_party/tdigest -I/home/pei/Project/duckdb-polr/third_party/mbedtls/include -I/home/pei/Project/duckdb-polr/third_party/jaro_winkler -O3 -DNDEBUG -O3 -DNDEBUG   -fPIC -fvisibility=hidden -fdiagnostics-color=always -std=c++11 -w -std=c++11 -MD -MT third_party/re2/CMakeFiles/duckdb_re2.dir/re2/nfa.cc.o -MF third_party/re2/CMakeFiles/duckdb_re2.dir/re2/nfa.cc.o.d -o third_party/re2/CMakeFiles/duckdb_re2.dir/re2/nfa.cc.o -c /home/pei/Project/duckdb-polr/third_party/re2/re2/nfa.cc
[306/376] /usr/bin/ccache /usr/lib/ccache/c++ -DDUCKDB_BUILD_LIBRARY -DENABLE_CROSS_PRODUCT_REWRITE=1 -DENABLE_DEBUG_PRINT=0 -DENABLE_MEASURE_EXE_TIME=0 -DENABLE_MERGE_BACK_PLAN=0 -DENABLE_PARALLEL_EXECUTION=0 -DENABLE_QUERY_SPLIT=1 -DENABLE_SPECIFY_EST_STAT=0 -I/home/pei/Project/duckdb-polr/src/include -I/home/pei/Project/duckdb-polr/third_party/fsst -I/home/pei/Project/duckdb-polr/third_party/fmt/include -I/home/pei/Project/duckdb-polr/third_party/hyperloglog -I/home/pei/Project/duckdb-polr/third_party/fastpforlib -I/home/pei/Project/duckdb-polr/third_party/fast_float -I/home/pei/Project/duckdb-polr/third_party/re2 -I/home/pei/Project/duckdb-polr/third_party/miniz -I/home/pei/Project/duckdb-polr/third_party/utf8proc/include -I/home/pei/Project/duckdb-polr/third_party/miniparquet -I/home/pei/Project/duckdb-polr/third_party/concurrentqueue -I/home/pei/Project/duckdb-polr/third_party/pcg -I/home/pei/Project/duckdb-polr/third_party/tdigest -I/home/pei/Project/duckdb-polr/third_party/mbedtls/include -I/home/pei/Project/duckdb-polr/third_party/jaro_winkler -O3 -DNDEBUG -O3 -DNDEBUG   -fPIC -fvisibility=hidden -fdiagnostics-color=always -std=c++11 -w -std=c++11 -MD -MT third_party/re2/CMakeFiles/duckdb_re2.dir/re2/perl_groups.cc.o -MF third_party/re2/CMakeFiles/duckdb_re2.dir/re2/perl_groups.cc.o.d -o third_party/re2/CMakeFiles/duckdb_re2.dir/re2/perl_groups.cc.o -c /home/pei/Project/duckdb-polr/third_party/re2/re2/perl_groups.cc
[307/376] /usr/bin/ccache /usr/lib/ccache/c++ -DDUCKDB_BUILD_LIBRARY -DENABLE_CROSS_PRODUCT_REWRITE=1 -DENABLE_DEBUG_PRINT=0 -DENABLE_MEASURE_EXE_TIME=0 -DENABLE_MERGE_BACK_PLAN=0 -DENABLE_PARALLEL_EXECUTION=0 -DENABLE_QUERY_SPLIT=1 -DENABLE_SPECIFY_EST_STAT=0 -I/home/pei/Project/duckdb-polr/src/include -I/home/pei/Project/duckdb-polr/third_party/fsst -I/home/pei/Project/duckdb-polr/third_party/fmt/include -I/home/pei/Project/duckdb-polr/third_party/hyperloglog -I/home/pei/Project/duckdb-polr/third_party/fastpforlib -I/home/pei/Project/duckdb-polr/third_party/fast_float -I/home/pei/Project/duckdb-polr/third_party/re2 -I/home/pei/Project/duckdb-polr/third_party/miniz -I/home/pei/Project/duckdb-polr/third_party/utf8proc/include -I/home/pei/Project/duckdb-polr/third_party/miniparquet -I/home/pei/Project/duckdb-polr/third_party/concurrentqueue -I/home/pei/Project/duckdb-polr/third_party/pcg -I/home/pei/Project/duckdb-polr/third_party/tdigest -I/home/pei/Project/duckdb-polr/third_party/mbedtls/include -I/home/pei/Project/duckdb-polr/third_party/jaro_winkler -O3 -DNDEBUG -O3 -DNDEBUG   -fPIC -fvisibility=hidden -fdiagnostics-color=always -std=c++11 -w -std=c++11 -MD -MT third_party/re2/CMakeFiles/duckdb_re2.dir/re2/onepass.cc.o -MF third_party/re2/CMakeFiles/duckdb_re2.dir/re2/onepass.cc.o.d -o third_party/re2/CMakeFiles/duckdb_re2.dir/re2/onepass.cc.o -c /home/pei/Project/duckdb-polr/third_party/re2/re2/onepass.cc
[308/376] /usr/bin/ccache /usr/lib/ccache/c++ -DDUCKDB_BUILD_LIBRARY -DENABLE_CROSS_PRODUCT_REWRITE=1 -DENABLE_DEBUG_PRINT=0 -DENABLE_MEASURE_EXE_TIME=0 -DENABLE_MERGE_BACK_PLAN=0 -DENABLE_PARALLEL_EXECUTION=0 -DENABLE_QUERY_SPLIT=1 -DENABLE_SPECIFY_EST_STAT=0 -I/home/pei/Project/duckdb-polr/src/include -I/home/pei/Project/duckdb-polr/third_party/fsst -I/home/pei/Project/duckdb-polr/third_party/fmt/include -I/home/pei/Project/duckdb-polr/third_party/hyperloglog -I/home/pei/Project/duckdb-polr/third_party/fastpforlib -I/home/pei/Project/duckdb-polr/third_party/fast_float -I/home/pei/Project/duckdb-polr/third_party/re2 -I/home/pei/Project/duckdb-polr/third_party/miniz -I/home/pei/Project/duckdb-polr/third_party/utf8proc/include -I/home/pei/Project/duckdb-polr/third_party/miniparquet -I/home/pei/Project/duckdb-polr/third_party/concurrentqueue -I/home/pei/Project/duckdb-polr/third_party/pcg -I/home/pei/Project/duckdb-polr/third_party/tdigest -I/home/pei/Project/duckdb-polr/third_party/mbedtls/include -I/home/pei/Project/duckdb-polr/third_party/jaro_winkler -I/home/pei/Project/duckdb-polr/third_party/libpg_query/include -O3 -DNDEBUG -O3 -DNDEBUG   -fPIC -fvisibility=hidden -fdiagnostics-color=always -w -std=c++11 -MD -MT third_party/libpg_query/CMakeFiles/duckdb_pg_query.dir/src_backend_parser_parser.cpp.o -MF third_party/libpg_query/CMakeFiles/duckdb_pg_query.dir/src_backend_parser_parser.cpp.o.d -o third_party/libpg_query/CMakeFiles/duckdb_pg_query.dir/src_backend_parser_parser.cpp.o -c /home/pei/Project/duckdb-polr/third_party/libpg_query/src_backend_parser_parser.cpp
[309/376] /usr/bin/ccache /usr/lib/ccache/c++ -DDUCKDB_BUILD_LIBRARY -DENABLE_CROSS_PRODUCT_REWRITE=1 -DENABLE_DEBUG_PRINT=0 -DENABLE_MEASURE_EXE_TIME=0 -DENABLE_MERGE_BACK_PLAN=0 -DENABLE_PARALLEL_EXECUTION=0 -DENABLE_QUERY_SPLIT=1 -DENABLE_SPECIFY_EST_STAT=0 -I/home/pei/Project/duckdb-polr/src/include -I/home/pei/Project/duckdb-polr/third_party/fsst -I/home/pei/Project/duckdb-polr/third_party/fmt/include -I/home/pei/Project/duckdb-polr/third_party/hyperloglog -I/home/pei/Project/duckdb-polr/third_party/fastpforlib -I/home/pei/Project/duckdb-polr/third_party/fast_float -I/home/pei/Project/duckdb-polr/third_party/re2 -I/home/pei/Project/duckdb-polr/third_party/miniz -I/home/pei/Project/duckdb-polr/third_party/utf8proc/include -I/home/pei/Project/duckdb-polr/third_party/miniparquet -I/home/pei/Project/duckdb-polr/third_party/concurrentqueue -I/home/pei/Project/duckdb-polr/third_party/pcg -I/home/pei/Project/duckdb-polr/third_party/tdigest -I/home/pei/Project/duckdb-polr/third_party/mbedtls/include -I/home/pei/Project/duckdb-polr/third_party/jaro_winkler -O3 -DNDEBUG -O3 -DNDEBUG   -fPIC -fvisibility=hidden -fdiagnostics-color=always -std=c++11 -w -std=c++11 -MD -MT third_party/re2/CMakeFiles/duckdb_re2.dir/re2/parse.cc.o -MF third_party/re2/CMakeFiles/duckdb_re2.dir/re2/parse.cc.o.d -o third_party/re2/CMakeFiles/duckdb_re2.dir/re2/parse.cc.o -c /home/pei/Project/duckdb-polr/third_party/re2/re2/parse.cc
[310/376] /usr/bin/ccache /usr/lib/ccache/c++ -DDUCKDB_BUILD_LIBRARY -DENABLE_CROSS_PRODUCT_REWRITE=1 -DENABLE_DEBUG_PRINT=0 -DENABLE_MEASURE_EXE_TIME=0 -DENABLE_MERGE_BACK_PLAN=0 -DENABLE_PARALLEL_EXECUTION=0 -DENABLE_QUERY_SPLIT=1 -DENABLE_SPECIFY_EST_STAT=0 -I/home/pei/Project/duckdb-polr/src/include -I/home/pei/Project/duckdb-polr/third_party/fsst -I/home/pei/Project/duckdb-polr/third_party/fmt/include -I/home/pei/Project/duckdb-polr/third_party/hyperloglog -I/home/pei/Project/duckdb-polr/third_party/fastpforlib -I/home/pei/Project/duckdb-polr/third_party/fast_float -I/home/pei/Project/duckdb-polr/third_party/re2 -I/home/pei/Project/duckdb-polr/third_party/miniz -I/home/pei/Project/duckdb-polr/third_party/utf8proc/include -I/home/pei/Project/duckdb-polr/third_party/miniparquet -I/home/pei/Project/duckdb-polr/third_party/concurrentqueue -I/home/pei/Project/duckdb-polr/third_party/pcg -I/home/pei/Project/duckdb-polr/third_party/tdigest -I/home/pei/Project/duckdb-polr/third_party/mbedtls/include -I/home/pei/Project/duckdb-polr/third_party/jaro_winkler -O3 -DNDEBUG -O3 -DNDEBUG   -fPIC -fvisibility=hidden -fdiagnostics-color=always -std=c++11 -w -std=c++11 -MD -MT third_party/re2/CMakeFiles/duckdb_re2.dir/re2/prefilter_tree.cc.o -MF third_party/re2/CMakeFiles/duckdb_re2.dir/re2/prefilter_tree.cc.o.d -o third_party/re2/CMakeFiles/duckdb_re2.dir/re2/prefilter_tree.cc.o -c /home/pei/Project/duckdb-polr/third_party/re2/re2/prefilter_tree.cc
[311/376] : && /usr/bin/cmake -E rm -f extension/jemalloc/libjemalloc_extension.a && /usr/bin/ar qc extension/jemalloc/libjemalloc_extension.a  extension/jemalloc/jemalloc/CMakeFiles/jemalloc.dir/src/arena.cpp.o extension/jemalloc/jemalloc/CMakeFiles/jemalloc.dir/src/background_thread.cpp.o extension/jemalloc/jemalloc/CMakeFiles/jemalloc.dir/src/base.cpp.o extension/jemalloc/jemalloc/CMakeFiles/jemalloc.dir/src/bin.cpp.o extension/jemalloc/jemalloc/CMakeFiles/jemalloc.dir/src/bin_info.cpp.o extension/jemalloc/jemalloc/CMakeFiles/jemalloc.dir/src/bitmap.cpp.o extension/jemalloc/jemalloc/CMakeFiles/jemalloc.dir/src/buf_writer.cpp.o extension/jemalloc/jemalloc/CMakeFiles/jemalloc.dir/src/cache_bin.cpp.o extension/jemalloc/jemalloc/CMakeFiles/jemalloc.dir/src/ckh.cpp.o extension/jemalloc/jemalloc/CMakeFiles/jemalloc.dir/src/counter.cpp.o extension/jemalloc/jemalloc/CMakeFiles/jemalloc.dir/src/ctl.cpp.o extension/jemalloc/jemalloc/CMakeFiles/jemalloc.dir/src/decay.cpp.o extension/jemalloc/jemalloc/CMakeFiles/jemalloc.dir/src/div.cpp.o extension/jemalloc/jemalloc/CMakeFiles/jemalloc.dir/src/ecache.cpp.o extension/jemalloc/jemalloc/CMakeFiles/jemalloc.dir/src/edata.cpp.o extension/jemalloc/jemalloc/CMakeFiles/jemalloc.dir/src/edata_cache.cpp.o extension/jemalloc/jemalloc/CMakeFiles/jemalloc.dir/src/ehooks.cpp.o extension/jemalloc/jemalloc/CMakeFiles/jemalloc.dir/src/emap.cpp.o extension/jemalloc/jemalloc/CMakeFiles/jemalloc.dir/src/eset.cpp.o extension/jemalloc/jemalloc/CMakeFiles/jemalloc.dir/src/exp_grow.cpp.o extension/jemalloc/jemalloc/CMakeFiles/jemalloc.dir/src/extent.cpp.o extension/jemalloc/jemalloc/CMakeFiles/jemalloc.dir/src/extent_dss.cpp.o extension/jemalloc/jemalloc/CMakeFiles/jemalloc.dir/src/extent_mmap.cpp.o extension/jemalloc/jemalloc/CMakeFiles/jemalloc.dir/src/fxp.cpp.o extension/jemalloc/jemalloc/CMakeFiles/jemalloc.dir/src/hook.cpp.o extension/jemalloc/jemalloc/CMakeFiles/jemalloc.dir/src/hpa.cpp.o extension/jemalloc/jemalloc/CMakeFiles/jemalloc.dir/src/hpa_hooks.cpp.o extension/jemalloc/jemalloc/CMakeFiles/jemalloc.dir/src/hpdata.cpp.o extension/jemalloc/jemalloc/CMakeFiles/jemalloc.dir/src/inspect.cpp.o extension/jemalloc/jemalloc/CMakeFiles/jemalloc.dir/src/jemalloc.cpp.o extension/jemalloc/jemalloc/CMakeFiles/jemalloc.dir/src/large.cpp.o extension/jemalloc/jemalloc/CMakeFiles/jemalloc.dir/src/log.cpp.o extension/jemalloc/jemalloc/CMakeFiles/jemalloc.dir/src/malloc_io.cpp.o extension/jemalloc/jemalloc/CMakeFiles/jemalloc.dir/src/mutex.cpp.o extension/jemalloc/jemalloc/CMakeFiles/jemalloc.dir/src/nstime.cpp.o extension/jemalloc/jemalloc/CMakeFiles/jemalloc.dir/src/pa.cpp.o extension/jemalloc/jemalloc/CMakeFiles/jemalloc.dir/src/pa_extra.cpp.o extension/jemalloc/jemalloc/CMakeFiles/jemalloc.dir/src/pac.cpp.o extension/jemalloc/jemalloc/CMakeFiles/jemalloc.dir/src/pages.cpp.o extension/jemalloc/jemalloc/CMakeFiles/jemalloc.dir/src/pai.cpp.o extension/jemalloc/jemalloc/CMakeFiles/jemalloc.dir/src/peak_event.cpp.o extension/jemalloc/jemalloc/CMakeFiles/jemalloc.dir/src/prof.cpp.o extension/jemalloc/jemalloc/CMakeFiles/jemalloc.dir/src/prof_data.cpp.o extension/jemalloc/jemalloc/CMakeFiles/jemalloc.dir/src/prof_log.cpp.o extension/jemalloc/jemalloc/CMakeFiles/jemalloc.dir/src/prof_recent.cpp.o extension/jemalloc/jemalloc/CMakeFiles/jemalloc.dir/src/prof_stats.cpp.o extension/jemalloc/jemalloc/CMakeFiles/jemalloc.dir/src/prof_sys.cpp.o extension/jemalloc/jemalloc/CMakeFiles/jemalloc.dir/src/psset.cpp.o extension/jemalloc/jemalloc/CMakeFiles/jemalloc.dir/src/rtree.cpp.o extension/jemalloc/jemalloc/CMakeFiles/jemalloc.dir/src/safety_check.cpp.o extension/jemalloc/jemalloc/CMakeFiles/jemalloc.dir/src/san.cpp.o extension/jemalloc/jemalloc/CMakeFiles/jemalloc.dir/src/san_bump.cpp.o extension/jemalloc/jemalloc/CMakeFiles/jemalloc.dir/src/sc.cpp.o extension/jemalloc/jemalloc/CMakeFiles/jemalloc.dir/src/sec.cpp.o extension/jemalloc/jemalloc/CMakeFiles/jemalloc.dir/src/stats.cpp.o extension/jemalloc/jemalloc/CMakeFiles/jemalloc.dir/src/sz.cpp.o extension/jemalloc/jemalloc/CMakeFiles/jemalloc.dir/src/tcache.cpp.o extension/jemalloc/jemalloc/CMakeFiles/jemalloc.dir/src/test_hooks.cpp.o extension/jemalloc/jemalloc/CMakeFiles/jemalloc.dir/src/thread_event.cpp.o extension/jemalloc/jemalloc/CMakeFiles/jemalloc.dir/src/ticker.cpp.o extension/jemalloc/jemalloc/CMakeFiles/jemalloc.dir/src/tsd.cpp.o extension/jemalloc/jemalloc/CMakeFiles/jemalloc.dir/src/witness.cpp.o extension/jemalloc/CMakeFiles/jemalloc_extension.dir/jemalloc-extension.cpp.o && /usr/bin/ranlib extension/jemalloc/libjemalloc_extension.a && :
[312/376] : && /usr/bin/cmake -E rm -f extension/parquet/libparquet_extension.a && /usr/bin/ar qc extension/parquet/libparquet_extension.a  extension/parquet/CMakeFiles/parquet_extension.dir/column_writer.cpp.o extension/parquet/CMakeFiles/parquet_extension.dir/parquet-extension.cpp.o extension/parquet/CMakeFiles/parquet_extension.dir/parquet_metadata.cpp.o extension/parquet/CMakeFiles/parquet_extension.dir/parquet_reader.cpp.o extension/parquet/CMakeFiles/parquet_extension.dir/parquet_timestamp.cpp.o extension/parquet/CMakeFiles/parquet_extension.dir/parquet_writer.cpp.o extension/parquet/CMakeFiles/parquet_extension.dir/parquet_statistics.cpp.o extension/parquet/CMakeFiles/parquet_extension.dir/zstd_file_system.cpp.o extension/parquet/CMakeFiles/parquet_extension.dir/column_reader.cpp.o extension/parquet/CMakeFiles/parquet_extension.dir/__/__/third_party/parquet/parquet_constants.cpp.o extension/parquet/CMakeFiles/parquet_extension.dir/__/__/third_party/parquet/parquet_types.cpp.o extension/parquet/CMakeFiles/parquet_extension.dir/__/__/third_party/thrift/thrift/protocol/TProtocol.cpp.o extension/parquet/CMakeFiles/parquet_extension.dir/__/__/third_party/thrift/thrift/transport/TTransportException.cpp.o extension/parquet/CMakeFiles/parquet_extension.dir/__/__/third_party/thrift/thrift/transport/TBufferTransports.cpp.o extension/parquet/CMakeFiles/parquet_extension.dir/__/__/third_party/snappy/snappy.cc.o extension/parquet/CMakeFiles/parquet_extension.dir/__/__/third_party/snappy/snappy-sinksource.cc.o extension/parquet/CMakeFiles/parquet_extension.dir/__/__/third_party/zstd/decompress/zstd_ddict.cpp.o extension/parquet/CMakeFiles/parquet_extension.dir/__/__/third_party/zstd/decompress/huf_decompress.cpp.o extension/parquet/CMakeFiles/parquet_extension.dir/__/__/third_party/zstd/decompress/zstd_decompress.cpp.o extension/parquet/CMakeFiles/parquet_extension.dir/__/__/third_party/zstd/decompress/zstd_decompress_block.cpp.o extension/parquet/CMakeFiles/parquet_extension.dir/__/__/third_party/zstd/common/entropy_common.cpp.o extension/parquet/CMakeFiles/parquet_extension.dir/__/__/third_party/zstd/common/fse_decompress.cpp.o extension/parquet/CMakeFiles/parquet_extension.dir/__/__/third_party/zstd/common/zstd_common.cpp.o extension/parquet/CMakeFiles/parquet_extension.dir/__/__/third_party/zstd/common/error_private.cpp.o extension/parquet/CMakeFiles/parquet_extension.dir/__/__/third_party/zstd/common/xxhash.cpp.o extension/parquet/CMakeFiles/parquet_extension.dir/__/__/third_party/zstd/compress/fse_compress.cpp.o extension/parquet/CMakeFiles/parquet_extension.dir/__/__/third_party/zstd/compress/hist.cpp.o extension/parquet/CMakeFiles/parquet_extension.dir/__/__/third_party/zstd/compress/huf_compress.cpp.o extension/parquet/CMakeFiles/parquet_extension.dir/__/__/third_party/zstd/compress/zstd_compress.cpp.o extension/parquet/CMakeFiles/parquet_extension.dir/__/__/third_party/zstd/compress/zstd_compress_literals.cpp.o extension/parquet/CMakeFiles/parquet_extension.dir/__/__/third_party/zstd/compress/zstd_compress_sequences.cpp.o extension/parquet/CMakeFiles/parquet_extension.dir/__/__/third_party/zstd/compress/zstd_compress_superblock.cpp.o extension/parquet/CMakeFiles/parquet_extension.dir/__/__/third_party/zstd/compress/zstd_double_fast.cpp.o extension/parquet/CMakeFiles/parquet_extension.dir/__/__/third_party/zstd/compress/zstd_fast.cpp.o extension/parquet/CMakeFiles/parquet_extension.dir/__/__/third_party/zstd/compress/zstd_lazy.cpp.o extension/parquet/CMakeFiles/parquet_extension.dir/__/__/third_party/zstd/compress/zstd_ldm.cpp.o extension/parquet/CMakeFiles/parquet_extension.dir/__/__/third_party/zstd/compress/zstd_opt.cpp.o && /usr/bin/ranlib extension/parquet/libparquet_extension.a && :
[313/376] /usr/bin/ccache /usr/lib/ccache/c++ -DDUCKDB_BUILD_LIBRARY -DENABLE_CROSS_PRODUCT_REWRITE=1 -DENABLE_DEBUG_PRINT=0 -DENABLE_MEASURE_EXE_TIME=0 -DENABLE_MERGE_BACK_PLAN=0 -DENABLE_PARALLEL_EXECUTION=0 -DENABLE_QUERY_SPLIT=1 -DENABLE_SPECIFY_EST_STAT=0 -I/home/pei/Project/duckdb-polr/src/include -I/home/pei/Project/duckdb-polr/third_party/fsst -I/home/pei/Project/duckdb-polr/third_party/fmt/include -I/home/pei/Project/duckdb-polr/third_party/hyperloglog -I/home/pei/Project/duckdb-polr/third_party/fastpforlib -I/home/pei/Project/duckdb-polr/third_party/fast_float -I/home/pei/Project/duckdb-polr/third_party/re2 -I/home/pei/Project/duckdb-polr/third_party/miniz -I/home/pei/Project/duckdb-polr/third_party/utf8proc/include -I/home/pei/Project/duckdb-polr/third_party/miniparquet -I/home/pei/Project/duckdb-polr/third_party/concurrentqueue -I/home/pei/Project/duckdb-polr/third_party/pcg -I/home/pei/Project/duckdb-polr/third_party/tdigest -I/home/pei/Project/duckdb-polr/third_party/mbedtls/include -I/home/pei/Project/duckdb-polr/third_party/jaro_winkler -O3 -DNDEBUG -O3 -DNDEBUG   -fPIC -fvisibility=hidden -fdiagnostics-color=always -std=c++11 -w -std=c++11 -MD -MT third_party/re2/CMakeFiles/duckdb_re2.dir/re2/mimics_pcre.cc.o -MF third_party/re2/CMakeFiles/duckdb_re2.dir/re2/mimics_pcre.cc.o.d -o third_party/re2/CMakeFiles/duckdb_re2.dir/re2/mimics_pcre.cc.o -c /home/pei/Project/duckdb-polr/third_party/re2/re2/mimics_pcre.cc
[314/376] /usr/bin/ccache /usr/lib/ccache/c++ -DDUCKDB_BUILD_LIBRARY -DENABLE_CROSS_PRODUCT_REWRITE=1 -DENABLE_DEBUG_PRINT=0 -DENABLE_MEASURE_EXE_TIME=0 -DENABLE_MERGE_BACK_PLAN=0 -DENABLE_PARALLEL_EXECUTION=0 -DENABLE_QUERY_SPLIT=1 -DENABLE_SPECIFY_EST_STAT=0 -I/home/pei/Project/duckdb-polr/src/include -I/home/pei/Project/duckdb-polr/third_party/fsst -I/home/pei/Project/duckdb-polr/third_party/fmt/include -I/home/pei/Project/duckdb-polr/third_party/hyperloglog -I/home/pei/Project/duckdb-polr/third_party/fastpforlib -I/home/pei/Project/duckdb-polr/third_party/fast_float -I/home/pei/Project/duckdb-polr/third_party/re2 -I/home/pei/Project/duckdb-polr/third_party/miniz -I/home/pei/Project/duckdb-polr/third_party/utf8proc/include -I/home/pei/Project/duckdb-polr/third_party/miniparquet -I/home/pei/Project/duckdb-polr/third_party/concurrentqueue -I/home/pei/Project/duckdb-polr/third_party/pcg -I/home/pei/Project/duckdb-polr/third_party/tdigest -I/home/pei/Project/duckdb-polr/third_party/mbedtls/include -I/home/pei/Project/duckdb-polr/third_party/jaro_winkler -O3 -DNDEBUG -O3 -DNDEBUG   -fPIC -fvisibility=hidden -fdiagnostics-color=always -std=c++11 -w -std=c++11 -MD -MT third_party/re2/CMakeFiles/duckdb_re2.dir/re2/re2.cc.o -MF third_party/re2/CMakeFiles/duckdb_re2.dir/re2/re2.cc.o.d -o third_party/re2/CMakeFiles/duckdb_re2.dir/re2/re2.cc.o -c /home/pei/Project/duckdb-polr/third_party/re2/re2/re2.cc
[315/376] /usr/bin/ccache /usr/lib/ccache/c++ -DDUCKDB_BUILD_LIBRARY -DENABLE_CROSS_PRODUCT_REWRITE=1 -DENABLE_DEBUG_PRINT=0 -DENABLE_MEASURE_EXE_TIME=0 -DENABLE_MERGE_BACK_PLAN=0 -DENABLE_PARALLEL_EXECUTION=0 -DENABLE_QUERY_SPLIT=1 -DENABLE_SPECIFY_EST_STAT=0 -I/home/pei/Project/duckdb-polr/src/include -I/home/pei/Project/duckdb-polr/third_party/fsst -I/home/pei/Project/duckdb-polr/third_party/fmt/include -I/home/pei/Project/duckdb-polr/third_party/hyperloglog -I/home/pei/Project/duckdb-polr/third_party/fastpforlib -I/home/pei/Project/duckdb-polr/third_party/fast_float -I/home/pei/Project/duckdb-polr/third_party/re2 -I/home/pei/Project/duckdb-polr/third_party/miniz -I/home/pei/Project/duckdb-polr/third_party/utf8proc/include -I/home/pei/Project/duckdb-polr/third_party/miniparquet -I/home/pei/Project/duckdb-polr/third_party/concurrentqueue -I/home/pei/Project/duckdb-polr/third_party/pcg -I/home/pei/Project/duckdb-polr/third_party/tdigest -I/home/pei/Project/duckdb-polr/third_party/mbedtls/include -I/home/pei/Project/duckdb-polr/third_party/jaro_winkler -O3 -DNDEBUG -O3 -DNDEBUG   -fPIC -fvisibility=hidden -fdiagnostics-color=always -std=c++11 -w -std=c++11 -MD -MT third_party/re2/CMakeFiles/duckdb_re2.dir/re2/simplify.cc.o -MF third_party/re2/CMakeFiles/duckdb_re2.dir/re2/simplify.cc.o.d -o third_party/re2/CMakeFiles/duckdb_re2.dir/re2/simplify.cc.o -c /home/pei/Project/duckdb-polr/third_party/re2/re2/simplify.cc
[316/376] /usr/bin/ccache /usr/lib/ccache/c++ -DDUCKDB_BUILD_LIBRARY -DENABLE_CROSS_PRODUCT_REWRITE=1 -DENABLE_DEBUG_PRINT=0 -DENABLE_MEASURE_EXE_TIME=0 -DENABLE_MERGE_BACK_PLAN=0 -DENABLE_PARALLEL_EXECUTION=0 -DENABLE_QUERY_SPLIT=1 -DENABLE_SPECIFY_EST_STAT=0 -I/home/pei/Project/duckdb-polr/src/include -I/home/pei/Project/duckdb-polr/third_party/fsst -I/home/pei/Project/duckdb-polr/third_party/fmt/include -I/home/pei/Project/duckdb-polr/third_party/hyperloglog -I/home/pei/Project/duckdb-polr/third_party/fastpforlib -I/home/pei/Project/duckdb-polr/third_party/fast_float -I/home/pei/Project/duckdb-polr/third_party/re2 -I/home/pei/Project/duckdb-polr/third_party/miniz -I/home/pei/Project/duckdb-polr/third_party/utf8proc/include -I/home/pei/Project/duckdb-polr/third_party/miniparquet -I/home/pei/Project/duckdb-polr/third_party/concurrentqueue -I/home/pei/Project/duckdb-polr/third_party/pcg -I/home/pei/Project/duckdb-polr/third_party/tdigest -I/home/pei/Project/duckdb-polr/third_party/mbedtls/include -I/home/pei/Project/duckdb-polr/third_party/jaro_winkler -O3 -DNDEBUG -O3 -DNDEBUG   -fPIC -fvisibility=hidden -fdiagnostics-color=always -std=c++11 -w -std=c++11 -MD -MT third_party/re2/CMakeFiles/duckdb_re2.dir/re2/set.cc.o -MF third_party/re2/CMakeFiles/duckdb_re2.dir/re2/set.cc.o.d -o third_party/re2/CMakeFiles/duckdb_re2.dir/re2/set.cc.o -c /home/pei/Project/duckdb-polr/third_party/re2/re2/set.cc
[317/376] /usr/bin/ccache /usr/lib/ccache/c++ -DDUCKDB_BUILD_LIBRARY -DENABLE_CROSS_PRODUCT_REWRITE=1 -DENABLE_DEBUG_PRINT=0 -DENABLE_MEASURE_EXE_TIME=0 -DENABLE_MERGE_BACK_PLAN=0 -DENABLE_PARALLEL_EXECUTION=0 -DENABLE_QUERY_SPLIT=1 -DENABLE_SPECIFY_EST_STAT=0 -I/home/pei/Project/duckdb-polr/src/include -I/home/pei/Project/duckdb-polr/third_party/fsst -I/home/pei/Project/duckdb-polr/third_party/fmt/include -I/home/pei/Project/duckdb-polr/third_party/hyperloglog -I/home/pei/Project/duckdb-polr/third_party/fastpforlib -I/home/pei/Project/duckdb-polr/third_party/fast_float -I/home/pei/Project/duckdb-polr/third_party/re2 -I/home/pei/Project/duckdb-polr/third_party/miniz -I/home/pei/Project/duckdb-polr/third_party/utf8proc/include -I/home/pei/Project/duckdb-polr/third_party/miniparquet -I/home/pei/Project/duckdb-polr/third_party/concurrentqueue -I/home/pei/Project/duckdb-polr/third_party/pcg -I/home/pei/Project/duckdb-polr/third_party/tdigest -I/home/pei/Project/duckdb-polr/third_party/mbedtls/include -I/home/pei/Project/duckdb-polr/third_party/jaro_winkler -O3 -DNDEBUG -O3 -DNDEBUG   -fPIC -fvisibility=hidden -fdiagnostics-color=always -std=c++11 -w -std=c++11 -MD -MT third_party/re2/CMakeFiles/duckdb_re2.dir/re2/prog.cc.o -MF third_party/re2/CMakeFiles/duckdb_re2.dir/re2/prog.cc.o.d -o third_party/re2/CMakeFiles/duckdb_re2.dir/re2/prog.cc.o -c /home/pei/Project/duckdb-polr/third_party/re2/re2/prog.cc
[318/376] /usr/bin/ccache /usr/lib/ccache/c++ -DDUCKDB_BUILD_LIBRARY -DENABLE_CROSS_PRODUCT_REWRITE=1 -DENABLE_DEBUG_PRINT=0 -DENABLE_MEASURE_EXE_TIME=0 -DENABLE_MERGE_BACK_PLAN=0 -DENABLE_PARALLEL_EXECUTION=0 -DENABLE_QUERY_SPLIT=1 -DENABLE_SPECIFY_EST_STAT=0 -I/home/pei/Project/duckdb-polr/src/include -I/home/pei/Project/duckdb-polr/third_party/fsst -I/home/pei/Project/duckdb-polr/third_party/fmt/include -I/home/pei/Project/duckdb-polr/third_party/hyperloglog -I/home/pei/Project/duckdb-polr/third_party/fastpforlib -I/home/pei/Project/duckdb-polr/third_party/fast_float -I/home/pei/Project/duckdb-polr/third_party/re2 -I/home/pei/Project/duckdb-polr/third_party/miniz -I/home/pei/Project/duckdb-polr/third_party/utf8proc/include -I/home/pei/Project/duckdb-polr/third_party/miniparquet -I/home/pei/Project/duckdb-polr/third_party/concurrentqueue -I/home/pei/Project/duckdb-polr/third_party/pcg -I/home/pei/Project/duckdb-polr/third_party/tdigest -I/home/pei/Project/duckdb-polr/third_party/mbedtls/include -I/home/pei/Project/duckdb-polr/third_party/jaro_winkler -O3 -DNDEBUG -O3 -DNDEBUG   -fPIC -fvisibility=hidden -fdiagnostics-color=always -std=c++11 -w -std=c++11 -MD -MT third_party/re2/CMakeFiles/duckdb_re2.dir/re2/stringpiece.cc.o -MF third_party/re2/CMakeFiles/duckdb_re2.dir/re2/stringpiece.cc.o.d -o third_party/re2/CMakeFiles/duckdb_re2.dir/re2/stringpiece.cc.o -c /home/pei/Project/duckdb-polr/third_party/re2/re2/stringpiece.cc
[319/376] /usr/bin/ccache /usr/lib/ccache/c++ -DDUCKDB_BUILD_LIBRARY -DENABLE_CROSS_PRODUCT_REWRITE=1 -DENABLE_DEBUG_PRINT=0 -DENABLE_MEASURE_EXE_TIME=0 -DENABLE_MERGE_BACK_PLAN=0 -DENABLE_PARALLEL_EXECUTION=0 -DENABLE_QUERY_SPLIT=1 -DENABLE_SPECIFY_EST_STAT=0 -I/home/pei/Project/duckdb-polr/src/include -I/home/pei/Project/duckdb-polr/third_party/fsst -I/home/pei/Project/duckdb-polr/third_party/fmt/include -I/home/pei/Project/duckdb-polr/third_party/hyperloglog -I/home/pei/Project/duckdb-polr/third_party/fastpforlib -I/home/pei/Project/duckdb-polr/third_party/fast_float -I/home/pei/Project/duckdb-polr/third_party/re2 -I/home/pei/Project/duckdb-polr/third_party/miniz -I/home/pei/Project/duckdb-polr/third_party/utf8proc/include -I/home/pei/Project/duckdb-polr/third_party/miniparquet -I/home/pei/Project/duckdb-polr/third_party/concurrentqueue -I/home/pei/Project/duckdb-polr/third_party/pcg -I/home/pei/Project/duckdb-polr/third_party/tdigest -I/home/pei/Project/duckdb-polr/third_party/mbedtls/include -I/home/pei/Project/duckdb-polr/third_party/jaro_winkler -O3 -DNDEBUG -O3 -DNDEBUG   -fPIC -fvisibility=hidden -fdiagnostics-color=always -std=c++11 -w -std=c++11 -MD -MT third_party/re2/CMakeFiles/duckdb_re2.dir/re2/unicode_casefold.cc.o -MF third_party/re2/CMakeFiles/duckdb_re2.dir/re2/unicode_casefold.cc.o.d -o third_party/re2/CMakeFiles/duckdb_re2.dir/re2/unicode_casefold.cc.o -c /home/pei/Project/duckdb-polr/third_party/re2/re2/unicode_casefold.cc
[320/376] /usr/bin/ccache /usr/lib/ccache/c++ -DDUCKDB_BUILD_LIBRARY -DENABLE_CROSS_PRODUCT_REWRITE=1 -DENABLE_DEBUG_PRINT=0 -DENABLE_MEASURE_EXE_TIME=0 -DENABLE_MERGE_BACK_PLAN=0 -DENABLE_PARALLEL_EXECUTION=0 -DENABLE_QUERY_SPLIT=1 -DENABLE_SPECIFY_EST_STAT=0 -I/home/pei/Project/duckdb-polr/src/include -I/home/pei/Project/duckdb-polr/third_party/fsst -I/home/pei/Project/duckdb-polr/third_party/fmt/include -I/home/pei/Project/duckdb-polr/third_party/hyperloglog -I/home/pei/Project/duckdb-polr/third_party/fastpforlib -I/home/pei/Project/duckdb-polr/third_party/fast_float -I/home/pei/Project/duckdb-polr/third_party/re2 -I/home/pei/Project/duckdb-polr/third_party/miniz -I/home/pei/Project/duckdb-polr/third_party/utf8proc/include -I/home/pei/Project/duckdb-polr/third_party/miniparquet -I/home/pei/Project/duckdb-polr/third_party/concurrentqueue -I/home/pei/Project/duckdb-polr/third_party/pcg -I/home/pei/Project/duckdb-polr/third_party/tdigest -I/home/pei/Project/duckdb-polr/third_party/mbedtls/include -I/home/pei/Project/duckdb-polr/third_party/jaro_winkler -O3 -DNDEBUG -O3 -DNDEBUG   -fPIC -fvisibility=hidden -fdiagnostics-color=always -std=c++11 -w -std=c++11 -MD -MT third_party/re2/CMakeFiles/duckdb_re2.dir/re2/unicode_groups.cc.o -MF third_party/re2/CMakeFiles/duckdb_re2.dir/re2/unicode_groups.cc.o.d -o third_party/re2/CMakeFiles/duckdb_re2.dir/re2/unicode_groups.cc.o -c /home/pei/Project/duckdb-polr/third_party/re2/re2/unicode_groups.cc
[321/376] /usr/bin/ccache /usr/lib/ccache/c++ -DDUCKDB_BUILD_LIBRARY -DENABLE_CROSS_PRODUCT_REWRITE=1 -DENABLE_DEBUG_PRINT=0 -DENABLE_MEASURE_EXE_TIME=0 -DENABLE_MERGE_BACK_PLAN=0 -DENABLE_PARALLEL_EXECUTION=0 -DENABLE_QUERY_SPLIT=1 -DENABLE_SPECIFY_EST_STAT=0 -I/home/pei/Project/duckdb-polr/src/include -I/home/pei/Project/duckdb-polr/third_party/fsst -I/home/pei/Project/duckdb-polr/third_party/fmt/include -I/home/pei/Project/duckdb-polr/third_party/hyperloglog -I/home/pei/Project/duckdb-polr/third_party/fastpforlib -I/home/pei/Project/duckdb-polr/third_party/fast_float -I/home/pei/Project/duckdb-polr/third_party/re2 -I/home/pei/Project/duckdb-polr/third_party/miniz -I/home/pei/Project/duckdb-polr/third_party/utf8proc/include -I/home/pei/Project/duckdb-polr/third_party/miniparquet -I/home/pei/Project/duckdb-polr/third_party/concurrentqueue -I/home/pei/Project/duckdb-polr/third_party/pcg -I/home/pei/Project/duckdb-polr/third_party/tdigest -I/home/pei/Project/duckdb-polr/third_party/mbedtls/include -I/home/pei/Project/duckdb-polr/third_party/jaro_winkler -O3 -DNDEBUG -O3 -DNDEBUG   -fPIC -fvisibility=hidden -fdiagnostics-color=always -std=c++11 -w -std=c++11 -MD -MT third_party/re2/CMakeFiles/duckdb_re2.dir/re2/regexp.cc.o -MF third_party/re2/CMakeFiles/duckdb_re2.dir/re2/regexp.cc.o.d -o third_party/re2/CMakeFiles/duckdb_re2.dir/re2/regexp.cc.o -c /home/pei/Project/duckdb-polr/third_party/re2/re2/regexp.cc
[322/376] /usr/bin/ccache /usr/lib/ccache/c++ -DDUCKDB_BUILD_LIBRARY -DENABLE_CROSS_PRODUCT_REWRITE=1 -DENABLE_DEBUG_PRINT=0 -DENABLE_MEASURE_EXE_TIME=0 -DENABLE_MERGE_BACK_PLAN=0 -DENABLE_PARALLEL_EXECUTION=0 -DENABLE_QUERY_SPLIT=1 -DENABLE_SPECIFY_EST_STAT=0 -I/home/pei/Project/duckdb-polr/src/include -I/home/pei/Project/duckdb-polr/third_party/fsst -I/home/pei/Project/duckdb-polr/third_party/fmt/include -I/home/pei/Project/duckdb-polr/third_party/hyperloglog -I/home/pei/Project/duckdb-polr/third_party/fastpforlib -I/home/pei/Project/duckdb-polr/third_party/fast_float -I/home/pei/Project/duckdb-polr/third_party/re2 -I/home/pei/Project/duckdb-polr/third_party/miniz -I/home/pei/Project/duckdb-polr/third_party/utf8proc/include -I/home/pei/Project/duckdb-polr/third_party/miniparquet -I/home/pei/Project/duckdb-polr/third_party/concurrentqueue -I/home/pei/Project/duckdb-polr/third_party/pcg -I/home/pei/Project/duckdb-polr/third_party/tdigest -I/home/pei/Project/duckdb-polr/third_party/mbedtls/include -I/home/pei/Project/duckdb-polr/third_party/jaro_winkler -O3 -DNDEBUG -O3 -DNDEBUG   -fPIC -fvisibility=hidden -fdiagnostics-color=always -std=c++11 -w -std=c++11 -MD -MT third_party/re2/CMakeFiles/duckdb_re2.dir/re2/prefilter.cc.o -MF third_party/re2/CMakeFiles/duckdb_re2.dir/re2/prefilter.cc.o.d -o third_party/re2/CMakeFiles/duckdb_re2.dir/re2/prefilter.cc.o -c /home/pei/Project/duckdb-polr/third_party/re2/re2/prefilter.cc
[323/376] /usr/bin/ccache /usr/lib/ccache/c++ -DDUCKDB_BUILD_LIBRARY -DENABLE_CROSS_PRODUCT_REWRITE=1 -DENABLE_DEBUG_PRINT=0 -DENABLE_MEASURE_EXE_TIME=0 -DENABLE_MERGE_BACK_PLAN=0 -DENABLE_PARALLEL_EXECUTION=0 -DENABLE_QUERY_SPLIT=1 -DENABLE_SPECIFY_EST_STAT=0 -I/home/pei/Project/duckdb-polr/src/include -I/home/pei/Project/duckdb-polr/third_party/fsst -I/home/pei/Project/duckdb-polr/third_party/fmt/include -I/home/pei/Project/duckdb-polr/third_party/hyperloglog -I/home/pei/Project/duckdb-polr/third_party/fastpforlib -I/home/pei/Project/duckdb-polr/third_party/fast_float -I/home/pei/Project/duckdb-polr/third_party/re2 -I/home/pei/Project/duckdb-polr/third_party/miniz -I/home/pei/Project/duckdb-polr/third_party/utf8proc/include -I/home/pei/Project/duckdb-polr/third_party/miniparquet -I/home/pei/Project/duckdb-polr/third_party/concurrentqueue -I/home/pei/Project/duckdb-polr/third_party/pcg -I/home/pei/Project/duckdb-polr/third_party/tdigest -I/home/pei/Project/duckdb-polr/third_party/mbedtls/include -I/home/pei/Project/duckdb-polr/third_party/jaro_winkler -O3 -DNDEBUG -O3 -DNDEBUG   -fPIC -fvisibility=hidden -fdiagnostics-color=always -std=c++11 -w -std=c++11 -MD -MT third_party/re2/CMakeFiles/duckdb_re2.dir/util/strutil.cc.o -MF third_party/re2/CMakeFiles/duckdb_re2.dir/util/strutil.cc.o.d -o third_party/re2/CMakeFiles/duckdb_re2.dir/util/strutil.cc.o -c /home/pei/Project/duckdb-polr/third_party/re2/util/strutil.cc
[324/376] /usr/bin/ccache /usr/lib/ccache/c++ -DDUCKDB_BUILD_LIBRARY -DENABLE_CROSS_PRODUCT_REWRITE=1 -DENABLE_DEBUG_PRINT=0 -DENABLE_MEASURE_EXE_TIME=0 -DENABLE_MERGE_BACK_PLAN=0 -DENABLE_PARALLEL_EXECUTION=0 -DENABLE_QUERY_SPLIT=1 -DENABLE_SPECIFY_EST_STAT=0 -I/home/pei/Project/duckdb-polr/src/include -I/home/pei/Project/duckdb-polr/third_party/fsst -I/home/pei/Project/duckdb-polr/third_party/fmt/include -I/home/pei/Project/duckdb-polr/third_party/hyperloglog -I/home/pei/Project/duckdb-polr/third_party/fastpforlib -I/home/pei/Project/duckdb-polr/third_party/fast_float -I/home/pei/Project/duckdb-polr/third_party/re2 -I/home/pei/Project/duckdb-polr/third_party/miniz -I/home/pei/Project/duckdb-polr/third_party/utf8proc/include -I/home/pei/Project/duckdb-polr/third_party/miniparquet -I/home/pei/Project/duckdb-polr/third_party/concurrentqueue -I/home/pei/Project/duckdb-polr/third_party/pcg -I/home/pei/Project/duckdb-polr/third_party/tdigest -I/home/pei/Project/duckdb-polr/third_party/mbedtls/include -I/home/pei/Project/duckdb-polr/third_party/jaro_winkler -O3 -DNDEBUG -O3 -DNDEBUG   -fPIC -fvisibility=hidden -fdiagnostics-color=always -std=c++11 -w -std=c++11 -MD -MT third_party/re2/CMakeFiles/duckdb_re2.dir/util/rune.cc.o -MF third_party/re2/CMakeFiles/duckdb_re2.dir/util/rune.cc.o.d -o third_party/re2/CMakeFiles/duckdb_re2.dir/util/rune.cc.o -c /home/pei/Project/duckdb-polr/third_party/re2/util/rune.cc
[325/376] /usr/bin/ccache /usr/lib/ccache/c++ -DDUCKDB_BUILD_LIBRARY -DENABLE_CROSS_PRODUCT_REWRITE=1 -DENABLE_DEBUG_PRINT=0 -DENABLE_MEASURE_EXE_TIME=0 -DENABLE_MERGE_BACK_PLAN=0 -DENABLE_PARALLEL_EXECUTION=0 -DENABLE_QUERY_SPLIT=1 -DENABLE_SPECIFY_EST_STAT=0 -I/home/pei/Project/duckdb-polr/src/include -I/home/pei/Project/duckdb-polr/third_party/fsst -I/home/pei/Project/duckdb-polr/third_party/fmt/include -I/home/pei/Project/duckdb-polr/third_party/hyperloglog -I/home/pei/Project/duckdb-polr/third_party/fastpforlib -I/home/pei/Project/duckdb-polr/third_party/fast_float -I/home/pei/Project/duckdb-polr/third_party/re2 -I/home/pei/Project/duckdb-polr/third_party/miniz -I/home/pei/Project/duckdb-polr/third_party/utf8proc/include -I/home/pei/Project/duckdb-polr/third_party/miniparquet -I/home/pei/Project/duckdb-polr/third_party/concurrentqueue -I/home/pei/Project/duckdb-polr/third_party/pcg -I/home/pei/Project/duckdb-polr/third_party/tdigest -I/home/pei/Project/duckdb-polr/third_party/mbedtls/include -I/home/pei/Project/duckdb-polr/third_party/jaro_winkler -O3 -DNDEBUG -O3 -DNDEBUG   -fPIC -fvisibility=hidden -fdiagnostics-color=always -std=c++11 -w -std=c++11 -MD -MT third_party/re2/CMakeFiles/duckdb_re2.dir/re2/tostring.cc.o -MF third_party/re2/CMakeFiles/duckdb_re2.dir/re2/tostring.cc.o.d -o third_party/re2/CMakeFiles/duckdb_re2.dir/re2/tostring.cc.o -c /home/pei/Project/duckdb-polr/third_party/re2/re2/tostring.cc
[326/376] /usr/bin/ccache /usr/lib/ccache/c++ -DDUCKDB_BUILD_LIBRARY -DENABLE_CROSS_PRODUCT_REWRITE=1 -DENABLE_DEBUG_PRINT=0 -DENABLE_MEASURE_EXE_TIME=0 -DENABLE_MERGE_BACK_PLAN=0 -DENABLE_PARALLEL_EXECUTION=0 -DENABLE_QUERY_SPLIT=1 -DENABLE_SPECIFY_EST_STAT=0 -I/home/pei/Project/duckdb-polr/src/include -I/home/pei/Project/duckdb-polr/third_party/fsst -I/home/pei/Project/duckdb-polr/third_party/fmt/include -I/home/pei/Project/duckdb-polr/third_party/hyperloglog -I/home/pei/Project/duckdb-polr/third_party/fastpforlib -I/home/pei/Project/duckdb-polr/third_party/fast_float -I/home/pei/Project/duckdb-polr/third_party/re2 -I/home/pei/Project/duckdb-polr/third_party/miniz -I/home/pei/Project/duckdb-polr/third_party/utf8proc/include -I/home/pei/Project/duckdb-polr/third_party/miniparquet -I/home/pei/Project/duckdb-polr/third_party/concurrentqueue -I/home/pei/Project/duckdb-polr/third_party/pcg -I/home/pei/Project/duckdb-polr/third_party/tdigest -I/home/pei/Project/duckdb-polr/third_party/mbedtls/include -I/home/pei/Project/duckdb-polr/third_party/jaro_winkler -O3 -DNDEBUG -O3 -DNDEBUG   -fPIC -fdiagnostics-color=always -std=c++11 -MD -MT third_party/utf8proc/CMakeFiles/duckdb_utf8proc.dir/utf8proc_wrapper.cpp.o -MF third_party/utf8proc/CMakeFiles/duckdb_utf8proc.dir/utf8proc_wrapper.cpp.o.d -o third_party/utf8proc/CMakeFiles/duckdb_utf8proc.dir/utf8proc_wrapper.cpp.o -c /home/pei/Project/duckdb-polr/third_party/utf8proc/utf8proc_wrapper.cpp
[327/376] /usr/bin/ccache /usr/lib/ccache/c++ -DDUCKDB_BUILD_LIBRARY -DENABLE_CROSS_PRODUCT_REWRITE=1 -DENABLE_DEBUG_PRINT=0 -DENABLE_MEASURE_EXE_TIME=0 -DENABLE_MERGE_BACK_PLAN=0 -DENABLE_PARALLEL_EXECUTION=0 -DENABLE_QUERY_SPLIT=1 -DENABLE_SPECIFY_EST_STAT=0 -I/home/pei/Project/duckdb-polr/src/include -I/home/pei/Project/duckdb-polr/third_party/fsst -I/home/pei/Project/duckdb-polr/third_party/fmt/include -I/home/pei/Project/duckdb-polr/third_party/hyperloglog -I/home/pei/Project/duckdb-polr/third_party/fastpforlib -I/home/pei/Project/duckdb-polr/third_party/fast_float -I/home/pei/Project/duckdb-polr/third_party/re2 -I/home/pei/Project/duckdb-polr/third_party/miniz -I/home/pei/Project/duckdb-polr/third_party/utf8proc/include -I/home/pei/Project/duckdb-polr/third_party/miniparquet -I/home/pei/Project/duckdb-polr/third_party/concurrentqueue -I/home/pei/Project/duckdb-polr/third_party/pcg -I/home/pei/Project/duckdb-polr/third_party/tdigest -I/home/pei/Project/duckdb-polr/third_party/mbedtls/include -I/home/pei/Project/duckdb-polr/third_party/jaro_winkler -I/home/pei/Project/duckdb-polr/third_party/libpg_query/include -O3 -DNDEBUG -O3 -DNDEBUG   -fPIC -fvisibility=hidden -fdiagnostics-color=always -w -std=c++11 -MD -MT third_party/libpg_query/CMakeFiles/duckdb_pg_query.dir/src_common_keywords.cpp.o -MF third_party/libpg_query/CMakeFiles/duckdb_pg_query.dir/src_common_keywords.cpp.o.d -o third_party/libpg_query/CMakeFiles/duckdb_pg_query.dir/src_common_keywords.cpp.o -c /home/pei/Project/duckdb-polr/third_party/libpg_query/src_common_keywords.cpp
[328/376] : && /usr/bin/cmake -E rm -f third_party/fmt/libduckdb_fmt.a && /usr/bin/ar qc third_party/fmt/libduckdb_fmt.a  third_party/fmt/CMakeFiles/duckdb_fmt.dir/format.cc.o && /usr/bin/ranlib third_party/fmt/libduckdb_fmt.a && :
[329/376] /usr/bin/ccache /usr/lib/ccache/c++ -DDUCKDB_BUILD_LIBRARY -DENABLE_CROSS_PRODUCT_REWRITE=1 -DENABLE_DEBUG_PRINT=0 -DENABLE_MEASURE_EXE_TIME=0 -DENABLE_MERGE_BACK_PLAN=0 -DENABLE_PARALLEL_EXECUTION=0 -DENABLE_QUERY_SPLIT=1 -DENABLE_SPECIFY_EST_STAT=0 -I/home/pei/Project/duckdb-polr/src/include -I/home/pei/Project/duckdb-polr/third_party/fsst -I/home/pei/Project/duckdb-polr/third_party/fmt/include -I/home/pei/Project/duckdb-polr/third_party/hyperloglog -I/home/pei/Project/duckdb-polr/third_party/fastpforlib -I/home/pei/Project/duckdb-polr/third_party/fast_float -I/home/pei/Project/duckdb-polr/third_party/re2 -I/home/pei/Project/duckdb-polr/third_party/miniz -I/home/pei/Project/duckdb-polr/third_party/utf8proc/include -I/home/pei/Project/duckdb-polr/third_party/miniparquet -I/home/pei/Project/duckdb-polr/third_party/concurrentqueue -I/home/pei/Project/duckdb-polr/third_party/pcg -I/home/pei/Project/duckdb-polr/third_party/tdigest -I/home/pei/Project/duckdb-polr/third_party/mbedtls/include -I/home/pei/Project/duckdb-polr/third_party/jaro_winkler -I/home/pei/Project/duckdb-polr/third_party/libpg_query/include -O3 -DNDEBUG -O3 -DNDEBUG   -fPIC -fvisibility=hidden -fdiagnostics-color=always -w -std=c++11 -MD -MT third_party/libpg_query/CMakeFiles/duckdb_pg_query.dir/src_backend_parser_scan.cpp.o -MF third_party/libpg_query/CMakeFiles/duckdb_pg_query.dir/src_backend_parser_scan.cpp.o.d -o third_party/libpg_query/CMakeFiles/duckdb_pg_query.dir/src_backend_parser_scan.cpp.o -c /home/pei/Project/duckdb-polr/third_party/libpg_query/src_backend_parser_scan.cpp
[330/376] /usr/bin/ccache /usr/lib/ccache/c++ -DDUCKDB_BUILD_LIBRARY -DENABLE_CROSS_PRODUCT_REWRITE=1 -DENABLE_DEBUG_PRINT=0 -DENABLE_MEASURE_EXE_TIME=0 -DENABLE_MERGE_BACK_PLAN=0 -DENABLE_PARALLEL_EXECUTION=0 -DENABLE_QUERY_SPLIT=1 -DENABLE_SPECIFY_EST_STAT=0 -I/home/pei/Project/duckdb-polr/src/include -I/home/pei/Project/duckdb-polr/third_party/fsst -I/home/pei/Project/duckdb-polr/third_party/fmt/include -I/home/pei/Project/duckdb-polr/third_party/hyperloglog -I/home/pei/Project/duckdb-polr/third_party/fastpforlib -I/home/pei/Project/duckdb-polr/third_party/fast_float -I/home/pei/Project/duckdb-polr/third_party/re2 -I/home/pei/Project/duckdb-polr/third_party/miniz -I/home/pei/Project/duckdb-polr/third_party/utf8proc/include -I/home/pei/Project/duckdb-polr/third_party/miniparquet -I/home/pei/Project/duckdb-polr/third_party/concurrentqueue -I/home/pei/Project/duckdb-polr/third_party/pcg -I/home/pei/Project/duckdb-polr/third_party/tdigest -I/home/pei/Project/duckdb-polr/third_party/mbedtls/include -I/home/pei/Project/duckdb-polr/third_party/jaro_winkler -O3 -DNDEBUG -O3 -DNDEBUG   -fPIC -fvisibility=hidden -fdiagnostics-color=always -std=c++11 -MD -MT third_party/mbedtls/CMakeFiles/duckdb_mbedtls.dir/library/sha256.cpp.o -MF third_party/mbedtls/CMakeFiles/duckdb_mbedtls.dir/library/sha256.cpp.o.d -o third_party/mbedtls/CMakeFiles/duckdb_mbedtls.dir/library/sha256.cpp.o -c /home/pei/Project/duckdb-polr/third_party/mbedtls/library/sha256.cpp
[331/376] /usr/bin/ccache /usr/lib/ccache/c++ -DDUCKDB_BUILD_LIBRARY -DENABLE_CROSS_PRODUCT_REWRITE=1 -DENABLE_DEBUG_PRINT=0 -DENABLE_MEASURE_EXE_TIME=0 -DENABLE_MERGE_BACK_PLAN=0 -DENABLE_PARALLEL_EXECUTION=0 -DENABLE_QUERY_SPLIT=1 -DENABLE_SPECIFY_EST_STAT=0 -I/home/pei/Project/duckdb-polr/src/include -I/home/pei/Project/duckdb-polr/third_party/fsst -I/home/pei/Project/duckdb-polr/third_party/fmt/include -I/home/pei/Project/duckdb-polr/third_party/hyperloglog -I/home/pei/Project/duckdb-polr/third_party/fastpforlib -I/home/pei/Project/duckdb-polr/third_party/fast_float -I/home/pei/Project/duckdb-polr/third_party/re2 -I/home/pei/Project/duckdb-polr/third_party/miniz -I/home/pei/Project/duckdb-polr/third_party/utf8proc/include -I/home/pei/Project/duckdb-polr/third_party/miniparquet -I/home/pei/Project/duckdb-polr/third_party/concurrentqueue -I/home/pei/Project/duckdb-polr/third_party/pcg -I/home/pei/Project/duckdb-polr/third_party/tdigest -I/home/pei/Project/duckdb-polr/third_party/mbedtls/include -I/home/pei/Project/duckdb-polr/third_party/jaro_winkler -O3 -DNDEBUG -O3 -DNDEBUG   -fPIC -fvisibility=hidden -fdiagnostics-color=always -std=c++11 -MD -MT third_party/mbedtls/CMakeFiles/duckdb_mbedtls.dir/library/rsa_alt_helpers.cpp.o -MF third_party/mbedtls/CMakeFiles/duckdb_mbedtls.dir/library/rsa_alt_helpers.cpp.o.d -o third_party/mbedtls/CMakeFiles/duckdb_mbedtls.dir/library/rsa_alt_helpers.cpp.o -c /home/pei/Project/duckdb-polr/third_party/mbedtls/library/rsa_alt_helpers.cpp
[332/376] /usr/bin/ccache /usr/lib/ccache/c++ -DDUCKDB_BUILD_LIBRARY -DENABLE_CROSS_PRODUCT_REWRITE=1 -DENABLE_DEBUG_PRINT=0 -DENABLE_MEASURE_EXE_TIME=0 -DENABLE_MERGE_BACK_PLAN=0 -DENABLE_PARALLEL_EXECUTION=0 -DENABLE_QUERY_SPLIT=1 -DENABLE_SPECIFY_EST_STAT=0 -I/home/pei/Project/duckdb-polr/src/include -I/home/pei/Project/duckdb-polr/third_party/fsst -I/home/pei/Project/duckdb-polr/third_party/fmt/include -I/home/pei/Project/duckdb-polr/third_party/hyperloglog -I/home/pei/Project/duckdb-polr/third_party/fastpforlib -I/home/pei/Project/duckdb-polr/third_party/fast_float -I/home/pei/Project/duckdb-polr/third_party/re2 -I/home/pei/Project/duckdb-polr/third_party/miniz -I/home/pei/Project/duckdb-polr/third_party/utf8proc/include -I/home/pei/Project/duckdb-polr/third_party/miniparquet -I/home/pei/Project/duckdb-polr/third_party/concurrentqueue -I/home/pei/Project/duckdb-polr/third_party/pcg -I/home/pei/Project/duckdb-polr/third_party/tdigest -I/home/pei/Project/duckdb-polr/third_party/mbedtls/include -I/home/pei/Project/duckdb-polr/third_party/jaro_winkler -O3 -DNDEBUG -O3 -DNDEBUG   -fPIC -fvisibility=hidden -fdiagnostics-color=always -std=c++11 -MD -MT third_party/mbedtls/CMakeFiles/duckdb_mbedtls.dir/library/bignum.cpp.o -MF third_party/mbedtls/CMakeFiles/duckdb_mbedtls.dir/library/bignum.cpp.o.d -o third_party/mbedtls/CMakeFiles/duckdb_mbedtls.dir/library/bignum.cpp.o -c /home/pei/Project/duckdb-polr/third_party/mbedtls/library/bignum.cpp
[333/376] /usr/bin/ccache /usr/lib/ccache/c++ -DDUCKDB_BUILD_LIBRARY -DENABLE_CROSS_PRODUCT_REWRITE=1 -DENABLE_DEBUG_PRINT=0 -DENABLE_MEASURE_EXE_TIME=0 -DENABLE_MERGE_BACK_PLAN=0 -DENABLE_PARALLEL_EXECUTION=0 -DENABLE_QUERY_SPLIT=1 -DENABLE_SPECIFY_EST_STAT=0 -I/home/pei/Project/duckdb-polr/src/include -I/home/pei/Project/duckdb-polr/third_party/fsst -I/home/pei/Project/duckdb-polr/third_party/fmt/include -I/home/pei/Project/duckdb-polr/third_party/hyperloglog -I/home/pei/Project/duckdb-polr/third_party/fastpforlib -I/home/pei/Project/duckdb-polr/third_party/fast_float -I/home/pei/Project/duckdb-polr/third_party/re2 -I/home/pei/Project/duckdb-polr/third_party/miniz -I/home/pei/Project/duckdb-polr/third_party/utf8proc/include -I/home/pei/Project/duckdb-polr/third_party/miniparquet -I/home/pei/Project/duckdb-polr/third_party/concurrentqueue -I/home/pei/Project/duckdb-polr/third_party/pcg -I/home/pei/Project/duckdb-polr/third_party/tdigest -I/home/pei/Project/duckdb-polr/third_party/mbedtls/include -I/home/pei/Project/duckdb-polr/third_party/jaro_winkler -O3 -DNDEBUG -O3 -DNDEBUG   -fPIC -fdiagnostics-color=always -w -std=c++11 -MD -MT third_party/fastpforlib/CMakeFiles/duckdb_fastpforlib.dir/bitpacking.cpp.o -MF third_party/fastpforlib/CMakeFiles/duckdb_fastpforlib.dir/bitpacking.cpp.o.d -o third_party/fastpforlib/CMakeFiles/duckdb_fastpforlib.dir/bitpacking.cpp.o -c /home/pei/Project/duckdb-polr/third_party/fastpforlib/bitpacking.cpp
[334/376] /usr/bin/ccache /usr/lib/ccache/c++ -DDUCKDB_BUILD_LIBRARY -DENABLE_CROSS_PRODUCT_REWRITE=1 -DENABLE_DEBUG_PRINT=0 -DENABLE_MEASURE_EXE_TIME=0 -DENABLE_MERGE_BACK_PLAN=0 -DENABLE_PARALLEL_EXECUTION=0 -DENABLE_QUERY_SPLIT=1 -DENABLE_SPECIFY_EST_STAT=0 -I/home/pei/Project/duckdb-polr/src/include -I/home/pei/Project/duckdb-polr/third_party/fsst -I/home/pei/Project/duckdb-polr/third_party/fmt/include -I/home/pei/Project/duckdb-polr/third_party/hyperloglog -I/home/pei/Project/duckdb-polr/third_party/fastpforlib -I/home/pei/Project/duckdb-polr/third_party/fast_float -I/home/pei/Project/duckdb-polr/third_party/re2 -I/home/pei/Project/duckdb-polr/third_party/miniz -I/home/pei/Project/duckdb-polr/third_party/utf8proc/include -I/home/pei/Project/duckdb-polr/third_party/miniparquet -I/home/pei/Project/duckdb-polr/third_party/concurrentqueue -I/home/pei/Project/duckdb-polr/third_party/pcg -I/home/pei/Project/duckdb-polr/third_party/tdigest -I/home/pei/Project/duckdb-polr/third_party/mbedtls/include -I/home/pei/Project/duckdb-polr/third_party/jaro_winkler -O3 -DNDEBUG -O3 -DNDEBUG   -fPIC -fdiagnostics-color=always -w -std=c++11 -MD -MT third_party/miniz/CMakeFiles/duckdb_miniz.dir/miniz.cpp.o -MF third_party/miniz/CMakeFiles/duckdb_miniz.dir/miniz.cpp.o.d -o third_party/miniz/CMakeFiles/duckdb_miniz.dir/miniz.cpp.o -c /home/pei/Project/duckdb-polr/third_party/miniz/miniz.cpp
[335/376] /usr/bin/ccache /usr/lib/ccache/c++ -DDUCKDB_BUILD_LIBRARY -DENABLE_CROSS_PRODUCT_REWRITE=1 -DENABLE_DEBUG_PRINT=0 -DENABLE_MEASURE_EXE_TIME=0 -DENABLE_MERGE_BACK_PLAN=0 -DENABLE_PARALLEL_EXECUTION=0 -DENABLE_QUERY_SPLIT=1 -DENABLE_SPECIFY_EST_STAT=0 -I/home/pei/Project/duckdb-polr/src/include -I/home/pei/Project/duckdb-polr/third_party/fsst -I/home/pei/Project/duckdb-polr/third_party/fmt/include -I/home/pei/Project/duckdb-polr/third_party/hyperloglog -I/home/pei/Project/duckdb-polr/third_party/fastpforlib -I/home/pei/Project/duckdb-polr/third_party/fast_float -I/home/pei/Project/duckdb-polr/third_party/re2 -I/home/pei/Project/duckdb-polr/third_party/miniz -I/home/pei/Project/duckdb-polr/third_party/utf8proc/include -I/home/pei/Project/duckdb-polr/third_party/miniparquet -I/home/pei/Project/duckdb-polr/third_party/concurrentqueue -I/home/pei/Project/duckdb-polr/third_party/pcg -I/home/pei/Project/duckdb-polr/third_party/tdigest -I/home/pei/Project/duckdb-polr/third_party/mbedtls/include -I/home/pei/Project/duckdb-polr/third_party/jaro_winkler -O3 -DNDEBUG -O3 -DNDEBUG   -fPIC -fdiagnostics-color=always -w -std=c++11 -MD -MT third_party/hyperloglog/CMakeFiles/duckdb_hyperloglog.dir/sds.cpp.o -MF third_party/hyperloglog/CMakeFiles/duckdb_hyperloglog.dir/sds.cpp.o.d -o third_party/hyperloglog/CMakeFiles/duckdb_hyperloglog.dir/sds.cpp.o -c /home/pei/Project/duckdb-polr/third_party/hyperloglog/sds.cpp
[336/376] /usr/bin/ccache /usr/lib/ccache/c++ -DDUCKDB_BUILD_LIBRARY -DENABLE_CROSS_PRODUCT_REWRITE=1 -DENABLE_DEBUG_PRINT=0 -DENABLE_MEASURE_EXE_TIME=0 -DENABLE_MERGE_BACK_PLAN=0 -DENABLE_PARALLEL_EXECUTION=0 -DENABLE_QUERY_SPLIT=1 -DENABLE_SPECIFY_EST_STAT=0 -I/home/pei/Project/duckdb-polr/src/include -I/home/pei/Project/duckdb-polr/third_party/fsst -I/home/pei/Project/duckdb-polr/third_party/fmt/include -I/home/pei/Project/duckdb-polr/third_party/hyperloglog -I/home/pei/Project/duckdb-polr/third_party/fastpforlib -I/home/pei/Project/duckdb-polr/third_party/fast_float -I/home/pei/Project/duckdb-polr/third_party/re2 -I/home/pei/Project/duckdb-polr/third_party/miniz -I/home/pei/Project/duckdb-polr/third_party/utf8proc/include -I/home/pei/Project/duckdb-polr/third_party/miniparquet -I/home/pei/Project/duckdb-polr/third_party/concurrentqueue -I/home/pei/Project/duckdb-polr/third_party/pcg -I/home/pei/Project/duckdb-polr/third_party/tdigest -I/home/pei/Project/duckdb-polr/third_party/mbedtls/include -I/home/pei/Project/duckdb-polr/third_party/jaro_winkler -O3 -DNDEBUG -O3 -DNDEBUG   -fPIC -fvisibility=hidden -fdiagnostics-color=always -std=c++11 -MD -MT third_party/mbedtls/CMakeFiles/duckdb_mbedtls.dir/library/md.cpp.o -MF third_party/mbedtls/CMakeFiles/duckdb_mbedtls.dir/library/md.cpp.o.d -o third_party/mbedtls/CMakeFiles/duckdb_mbedtls.dir/library/md.cpp.o -c /home/pei/Project/duckdb-polr/third_party/mbedtls/library/md.cpp
[337/376] /usr/bin/ccache /usr/lib/ccache/c++ -DDUCKDB_BUILD_LIBRARY -DENABLE_CROSS_PRODUCT_REWRITE=1 -DENABLE_DEBUG_PRINT=0 -DENABLE_MEASURE_EXE_TIME=0 -DENABLE_MERGE_BACK_PLAN=0 -DENABLE_PARALLEL_EXECUTION=0 -DENABLE_QUERY_SPLIT=1 -DENABLE_SPECIFY_EST_STAT=0 -I/home/pei/Project/duckdb-polr/src/include -I/home/pei/Project/duckdb-polr/third_party/fsst -I/home/pei/Project/duckdb-polr/third_party/fmt/include -I/home/pei/Project/duckdb-polr/third_party/hyperloglog -I/home/pei/Project/duckdb-polr/third_party/fastpforlib -I/home/pei/Project/duckdb-polr/third_party/fast_float -I/home/pei/Project/duckdb-polr/third_party/re2 -I/home/pei/Project/duckdb-polr/third_party/miniz -I/home/pei/Project/duckdb-polr/third_party/utf8proc/include -I/home/pei/Project/duckdb-polr/third_party/miniparquet -I/home/pei/Project/duckdb-polr/third_party/concurrentqueue -I/home/pei/Project/duckdb-polr/third_party/pcg -I/home/pei/Project/duckdb-polr/third_party/tdigest -I/home/pei/Project/duckdb-polr/third_party/mbedtls/include -I/home/pei/Project/duckdb-polr/third_party/jaro_winkler -O3 -DNDEBUG -O3 -DNDEBUG   -fPIC -fvisibility=hidden -fdiagnostics-color=always -std=c++11 -MD -MT third_party/mbedtls/CMakeFiles/duckdb_mbedtls.dir/library/platform_util.cpp.o -MF third_party/mbedtls/CMakeFiles/duckdb_mbedtls.dir/library/platform_util.cpp.o.d -o third_party/mbedtls/CMakeFiles/duckdb_mbedtls.dir/library/platform_util.cpp.o -c /home/pei/Project/duckdb-polr/third_party/mbedtls/library/platform_util.cpp
[338/376] /usr/bin/ccache /usr/lib/ccache/c++ -DDUCKDB_BUILD_LIBRARY -DENABLE_CROSS_PRODUCT_REWRITE=1 -DENABLE_DEBUG_PRINT=0 -DENABLE_MEASURE_EXE_TIME=0 -DENABLE_MERGE_BACK_PLAN=0 -DENABLE_PARALLEL_EXECUTION=0 -DENABLE_QUERY_SPLIT=1 -DENABLE_SPECIFY_EST_STAT=0 -I/home/pei/Project/duckdb-polr/src/include -I/home/pei/Project/duckdb-polr/third_party/fsst -I/home/pei/Project/duckdb-polr/third_party/fmt/include -I/home/pei/Project/duckdb-polr/third_party/hyperloglog -I/home/pei/Project/duckdb-polr/third_party/fastpforlib -I/home/pei/Project/duckdb-polr/third_party/fast_float -I/home/pei/Project/duckdb-polr/third_party/re2 -I/home/pei/Project/duckdb-polr/third_party/miniz -I/home/pei/Project/duckdb-polr/third_party/utf8proc/include -I/home/pei/Project/duckdb-polr/third_party/miniparquet -I/home/pei/Project/duckdb-polr/third_party/concurrentqueue -I/home/pei/Project/duckdb-polr/third_party/pcg -I/home/pei/Project/duckdb-polr/third_party/tdigest -I/home/pei/Project/duckdb-polr/third_party/mbedtls/include -I/home/pei/Project/duckdb-polr/third_party/jaro_winkler -O3 -DNDEBUG -O3 -DNDEBUG   -fPIC -fvisibility=hidden -fdiagnostics-color=always -std=c++11 -MD -MT third_party/mbedtls/CMakeFiles/duckdb_mbedtls.dir/library/constant_time.cpp.o -MF third_party/mbedtls/CMakeFiles/duckdb_mbedtls.dir/library/constant_time.cpp.o.d -o third_party/mbedtls/CMakeFiles/duckdb_mbedtls.dir/library/constant_time.cpp.o -c /home/pei/Project/duckdb-polr/third_party/mbedtls/library/constant_time.cpp
[339/376] /usr/bin/ccache /usr/lib/ccache/c++ -DDUCKDB_BUILD_LIBRARY -DENABLE_CROSS_PRODUCT_REWRITE=1 -DENABLE_DEBUG_PRINT=0 -DENABLE_MEASURE_EXE_TIME=0 -DENABLE_MERGE_BACK_PLAN=0 -DENABLE_PARALLEL_EXECUTION=0 -DENABLE_QUERY_SPLIT=1 -DENABLE_SPECIFY_EST_STAT=0 -I/home/pei/Project/duckdb-polr/src/include -I/home/pei/Project/duckdb-polr/third_party/fsst -I/home/pei/Project/duckdb-polr/third_party/fmt/include -I/home/pei/Project/duckdb-polr/third_party/hyperloglog -I/home/pei/Project/duckdb-polr/third_party/fastpforlib -I/home/pei/Project/duckdb-polr/third_party/fast_float -I/home/pei/Project/duckdb-polr/third_party/re2 -I/home/pei/Project/duckdb-polr/third_party/miniz -I/home/pei/Project/duckdb-polr/third_party/utf8proc/include -I/home/pei/Project/duckdb-polr/third_party/miniparquet -I/home/pei/Project/duckdb-polr/third_party/concurrentqueue -I/home/pei/Project/duckdb-polr/third_party/pcg -I/home/pei/Project/duckdb-polr/third_party/tdigest -I/home/pei/Project/duckdb-polr/third_party/mbedtls/include -I/home/pei/Project/duckdb-polr/third_party/jaro_winkler -O3 -DNDEBUG -O3 -DNDEBUG   -fPIC -fdiagnostics-color=always -std=c++11 -MD -MT third_party/utf8proc/CMakeFiles/duckdb_utf8proc.dir/utf8proc.cpp.o -MF third_party/utf8proc/CMakeFiles/duckdb_utf8proc.dir/utf8proc.cpp.o.d -o third_party/utf8proc/CMakeFiles/duckdb_utf8proc.dir/utf8proc.cpp.o -c /home/pei/Project/duckdb-polr/third_party/utf8proc/utf8proc.cpp
[340/376] /usr/bin/ccache /usr/lib/ccache/c++ -DDUCKDB_BUILD_LIBRARY -DENABLE_CROSS_PRODUCT_REWRITE=1 -DENABLE_DEBUG_PRINT=0 -DENABLE_MEASURE_EXE_TIME=0 -DENABLE_MERGE_BACK_PLAN=0 -DENABLE_PARALLEL_EXECUTION=0 -DENABLE_QUERY_SPLIT=1 -DENABLE_SPECIFY_EST_STAT=0 -I/home/pei/Project/duckdb-polr/src/include -I/home/pei/Project/duckdb-polr/third_party/fsst -I/home/pei/Project/duckdb-polr/third_party/fmt/include -I/home/pei/Project/duckdb-polr/third_party/hyperloglog -I/home/pei/Project/duckdb-polr/third_party/fastpforlib -I/home/pei/Project/duckdb-polr/third_party/fast_float -I/home/pei/Project/duckdb-polr/third_party/re2 -I/home/pei/Project/duckdb-polr/third_party/miniz -I/home/pei/Project/duckdb-polr/third_party/utf8proc/include -I/home/pei/Project/duckdb-polr/third_party/miniparquet -I/home/pei/Project/duckdb-polr/third_party/concurrentqueue -I/home/pei/Project/duckdb-polr/third_party/pcg -I/home/pei/Project/duckdb-polr/third_party/tdigest -I/home/pei/Project/duckdb-polr/third_party/mbedtls/include -I/home/pei/Project/duckdb-polr/third_party/jaro_winkler -O3 -DNDEBUG -O3 -DNDEBUG   -fPIC -fvisibility=hidden -fdiagnostics-color=always -std=c++11 -MD -MT third_party/mbedtls/CMakeFiles/duckdb_mbedtls.dir/library/oid.cpp.o -MF third_party/mbedtls/CMakeFiles/duckdb_mbedtls.dir/library/oid.cpp.o.d -o third_party/mbedtls/CMakeFiles/duckdb_mbedtls.dir/library/oid.cpp.o -c /home/pei/Project/duckdb-polr/third_party/mbedtls/library/oid.cpp
[341/376] /usr/bin/ccache /usr/lib/ccache/c++ -DDUCKDB_BUILD_LIBRARY -DENABLE_CROSS_PRODUCT_REWRITE=1 -DENABLE_DEBUG_PRINT=0 -DENABLE_MEASURE_EXE_TIME=0 -DENABLE_MERGE_BACK_PLAN=0 -DENABLE_PARALLEL_EXECUTION=0 -DENABLE_QUERY_SPLIT=1 -DENABLE_SPECIFY_EST_STAT=0 -I/home/pei/Project/duckdb-polr/src/include -I/home/pei/Project/duckdb-polr/third_party/fsst -I/home/pei/Project/duckdb-polr/third_party/fmt/include -I/home/pei/Project/duckdb-polr/third_party/hyperloglog -I/home/pei/Project/duckdb-polr/third_party/fastpforlib -I/home/pei/Project/duckdb-polr/third_party/fast_float -I/home/pei/Project/duckdb-polr/third_party/re2 -I/home/pei/Project/duckdb-polr/third_party/miniz -I/home/pei/Project/duckdb-polr/third_party/utf8proc/include -I/home/pei/Project/duckdb-polr/third_party/miniparquet -I/home/pei/Project/duckdb-polr/third_party/concurrentqueue -I/home/pei/Project/duckdb-polr/third_party/pcg -I/home/pei/Project/duckdb-polr/third_party/tdigest -I/home/pei/Project/duckdb-polr/third_party/mbedtls/include -I/home/pei/Project/duckdb-polr/third_party/jaro_winkler -O3 -DNDEBUG -O3 -DNDEBUG   -fPIC -fvisibility=hidden -fdiagnostics-color=always -std=c++11 -MD -MT third_party/mbedtls/CMakeFiles/duckdb_mbedtls.dir/library/base64.cpp.o -MF third_party/mbedtls/CMakeFiles/duckdb_mbedtls.dir/library/base64.cpp.o.d -o third_party/mbedtls/CMakeFiles/duckdb_mbedtls.dir/library/base64.cpp.o -c /home/pei/Project/duckdb-polr/third_party/mbedtls/library/base64.cpp
[342/376] /usr/bin/ccache /usr/lib/ccache/c++ -DDUCKDB_BUILD_LIBRARY -DENABLE_CROSS_PRODUCT_REWRITE=1 -DENABLE_DEBUG_PRINT=0 -DENABLE_MEASURE_EXE_TIME=0 -DENABLE_MERGE_BACK_PLAN=0 -DENABLE_PARALLEL_EXECUTION=0 -DENABLE_QUERY_SPLIT=1 -DENABLE_SPECIFY_EST_STAT=0 -I/home/pei/Project/duckdb-polr/src/include -I/home/pei/Project/duckdb-polr/third_party/fsst -I/home/pei/Project/duckdb-polr/third_party/fmt/include -I/home/pei/Project/duckdb-polr/third_party/hyperloglog -I/home/pei/Project/duckdb-polr/third_party/fastpforlib -I/home/pei/Project/duckdb-polr/third_party/fast_float -I/home/pei/Project/duckdb-polr/third_party/re2 -I/home/pei/Project/duckdb-polr/third_party/miniz -I/home/pei/Project/duckdb-polr/third_party/utf8proc/include -I/home/pei/Project/duckdb-polr/third_party/miniparquet -I/home/pei/Project/duckdb-polr/third_party/concurrentqueue -I/home/pei/Project/duckdb-polr/third_party/pcg -I/home/pei/Project/duckdb-polr/third_party/tdigest -I/home/pei/Project/duckdb-polr/third_party/mbedtls/include -I/home/pei/Project/duckdb-polr/third_party/jaro_winkler -O3 -DNDEBUG -O3 -DNDEBUG   -fPIC -fvisibility=hidden -fdiagnostics-color=always -std=c++11 -MD -MT third_party/mbedtls/CMakeFiles/duckdb_mbedtls.dir/library/pk.cpp.o -MF third_party/mbedtls/CMakeFiles/duckdb_mbedtls.dir/library/pk.cpp.o.d -o third_party/mbedtls/CMakeFiles/duckdb_mbedtls.dir/library/pk.cpp.o -c /home/pei/Project/duckdb-polr/third_party/mbedtls/library/pk.cpp
[343/376] /usr/bin/ccache /usr/lib/ccache/c++ -DDUCKDB_BUILD_LIBRARY -DENABLE_CROSS_PRODUCT_REWRITE=1 -DENABLE_DEBUG_PRINT=0 -DENABLE_MEASURE_EXE_TIME=0 -DENABLE_MERGE_BACK_PLAN=0 -DENABLE_PARALLEL_EXECUTION=0 -DENABLE_QUERY_SPLIT=1 -DENABLE_SPECIFY_EST_STAT=0 -I/home/pei/Project/duckdb-polr/src/include -I/home/pei/Project/duckdb-polr/third_party/fsst -I/home/pei/Project/duckdb-polr/third_party/fmt/include -I/home/pei/Project/duckdb-polr/third_party/hyperloglog -I/home/pei/Project/duckdb-polr/third_party/fastpforlib -I/home/pei/Project/duckdb-polr/third_party/fast_float -I/home/pei/Project/duckdb-polr/third_party/re2 -I/home/pei/Project/duckdb-polr/third_party/miniz -I/home/pei/Project/duckdb-polr/third_party/utf8proc/include -I/home/pei/Project/duckdb-polr/third_party/miniparquet -I/home/pei/Project/duckdb-polr/third_party/concurrentqueue -I/home/pei/Project/duckdb-polr/third_party/pcg -I/home/pei/Project/duckdb-polr/third_party/tdigest -I/home/pei/Project/duckdb-polr/third_party/mbedtls/include -I/home/pei/Project/duckdb-polr/third_party/jaro_winkler -O3 -DNDEBUG -O3 -DNDEBUG   -fPIC -fdiagnostics-color=always -w -std=c++11 -MD -MT third_party/hyperloglog/CMakeFiles/duckdb_hyperloglog.dir/hyperloglog.cpp.o -MF third_party/hyperloglog/CMakeFiles/duckdb_hyperloglog.dir/hyperloglog.cpp.o.d -o third_party/hyperloglog/CMakeFiles/duckdb_hyperloglog.dir/hyperloglog.cpp.o -c /home/pei/Project/duckdb-polr/third_party/hyperloglog/hyperloglog.cpp
[344/376] /usr/bin/ccache /usr/lib/ccache/c++ -DDUCKDB_BUILD_LIBRARY -DENABLE_CROSS_PRODUCT_REWRITE=1 -DENABLE_DEBUG_PRINT=0 -DENABLE_MEASURE_EXE_TIME=0 -DENABLE_MERGE_BACK_PLAN=0 -DENABLE_PARALLEL_EXECUTION=0 -DENABLE_QUERY_SPLIT=1 -DENABLE_SPECIFY_EST_STAT=0 -I/home/pei/Project/duckdb-polr/src/include -I/home/pei/Project/duckdb-polr/third_party/fsst -I/home/pei/Project/duckdb-polr/third_party/fmt/include -I/home/pei/Project/duckdb-polr/third_party/hyperloglog -I/home/pei/Project/duckdb-polr/third_party/fastpforlib -I/home/pei/Project/duckdb-polr/third_party/fast_float -I/home/pei/Project/duckdb-polr/third_party/re2 -I/home/pei/Project/duckdb-polr/third_party/miniz -I/home/pei/Project/duckdb-polr/third_party/utf8proc/include -I/home/pei/Project/duckdb-polr/third_party/miniparquet -I/home/pei/Project/duckdb-polr/third_party/concurrentqueue -I/home/pei/Project/duckdb-polr/third_party/pcg -I/home/pei/Project/duckdb-polr/third_party/tdigest -I/home/pei/Project/duckdb-polr/third_party/mbedtls/include -I/home/pei/Project/duckdb-polr/third_party/jaro_winkler -O3 -DNDEBUG -O3 -DNDEBUG   -fPIC -fvisibility=hidden -fdiagnostics-color=always -std=c++11 -MD -MT third_party/mbedtls/CMakeFiles/duckdb_mbedtls.dir/library/rsa.cpp.o -MF third_party/mbedtls/CMakeFiles/duckdb_mbedtls.dir/library/rsa.cpp.o.d -o third_party/mbedtls/CMakeFiles/duckdb_mbedtls.dir/library/rsa.cpp.o -c /home/pei/Project/duckdb-polr/third_party/mbedtls/library/rsa.cpp
[345/376] /usr/bin/ccache /usr/lib/ccache/c++ -DDUCKDB_BUILD_LIBRARY -DENABLE_CROSS_PRODUCT_REWRITE=1 -DENABLE_DEBUG_PRINT=0 -DENABLE_MEASURE_EXE_TIME=0 -DENABLE_MERGE_BACK_PLAN=0 -DENABLE_PARALLEL_EXECUTION=0 -DENABLE_QUERY_SPLIT=1 -DENABLE_SPECIFY_EST_STAT=0 -I/home/pei/Project/duckdb-polr/src/include -I/home/pei/Project/duckdb-polr/third_party/fsst -I/home/pei/Project/duckdb-polr/third_party/fmt/include -I/home/pei/Project/duckdb-polr/third_party/hyperloglog -I/home/pei/Project/duckdb-polr/third_party/fastpforlib -I/home/pei/Project/duckdb-polr/third_party/fast_float -I/home/pei/Project/duckdb-polr/third_party/re2 -I/home/pei/Project/duckdb-polr/third_party/miniz -I/home/pei/Project/duckdb-polr/third_party/utf8proc/include -I/home/pei/Project/duckdb-polr/third_party/miniparquet -I/home/pei/Project/duckdb-polr/third_party/concurrentqueue -I/home/pei/Project/duckdb-polr/third_party/pcg -I/home/pei/Project/duckdb-polr/third_party/tdigest -I/home/pei/Project/duckdb-polr/third_party/mbedtls/include -I/home/pei/Project/duckdb-polr/third_party/jaro_winkler -I/home/pei/Project/duckdb-polr/third_party/libpg_query/include -O3 -DNDEBUG -O3 -DNDEBUG   -fPIC -fvisibility=hidden -fdiagnostics-color=always -w -std=c++11 -MD -MT third_party/libpg_query/CMakeFiles/duckdb_pg_query.dir/src_backend_parser_gram.cpp.o -MF third_party/libpg_query/CMakeFiles/duckdb_pg_query.dir/src_backend_parser_gram.cpp.o.d -o third_party/libpg_query/CMakeFiles/duckdb_pg_query.dir/src_backend_parser_gram.cpp.o -c /home/pei/Project/duckdb-polr/third_party/libpg_query/src_backend_parser_gram.cpp
[346/376] /usr/bin/ccache /usr/lib/ccache/c++ -DDUCKDB_BUILD_LIBRARY -DENABLE_CROSS_PRODUCT_REWRITE=1 -DENABLE_DEBUG_PRINT=0 -DENABLE_MEASURE_EXE_TIME=0 -DENABLE_MERGE_BACK_PLAN=0 -DENABLE_PARALLEL_EXECUTION=0 -DENABLE_QUERY_SPLIT=1 -DENABLE_SPECIFY_EST_STAT=0 -I/home/pei/Project/duckdb-polr/src/include -I/home/pei/Project/duckdb-polr/third_party/fsst -I/home/pei/Project/duckdb-polr/third_party/fmt/include -I/home/pei/Project/duckdb-polr/third_party/hyperloglog -I/home/pei/Project/duckdb-polr/third_party/fastpforlib -I/home/pei/Project/duckdb-polr/third_party/fast_float -I/home/pei/Project/duckdb-polr/third_party/re2 -I/home/pei/Project/duckdb-polr/third_party/miniz -I/home/pei/Project/duckdb-polr/third_party/utf8proc/include -I/home/pei/Project/duckdb-polr/third_party/miniparquet -I/home/pei/Project/duckdb-polr/third_party/concurrentqueue -I/home/pei/Project/duckdb-polr/third_party/pcg -I/home/pei/Project/duckdb-polr/third_party/tdigest -I/home/pei/Project/duckdb-polr/third_party/mbedtls/include -I/home/pei/Project/duckdb-polr/third_party/jaro_winkler -O3 -DNDEBUG -O3 -DNDEBUG   -fPIC -fvisibility=hidden -fdiagnostics-color=always -std=c++11 -MD -MT third_party/mbedtls/CMakeFiles/duckdb_mbedtls.dir/mbedtls_wrapper.cpp.o -MF third_party/mbedtls/CMakeFiles/duckdb_mbedtls.dir/mbedtls_wrapper.cpp.o.d -o third_party/mbedtls/CMakeFiles/duckdb_mbedtls.dir/mbedtls_wrapper.cpp.o -c /home/pei/Project/duckdb-polr/third_party/mbedtls/mbedtls_wrapper.cpp
[347/376] /usr/bin/ccache /usr/lib/ccache/c++ -DDUCKDB_BUILD_LIBRARY -DENABLE_CROSS_PRODUCT_REWRITE=1 -DENABLE_DEBUG_PRINT=0 -DENABLE_MEASURE_EXE_TIME=0 -DENABLE_MERGE_BACK_PLAN=0 -DENABLE_PARALLEL_EXECUTION=0 -DENABLE_QUERY_SPLIT=1 -DENABLE_SPECIFY_EST_STAT=0 -I/home/pei/Project/duckdb-polr/src/include -I/home/pei/Project/duckdb-polr/third_party/fsst -I/home/pei/Project/duckdb-polr/third_party/fmt/include -I/home/pei/Project/duckdb-polr/third_party/hyperloglog -I/home/pei/Project/duckdb-polr/third_party/fastpforlib -I/home/pei/Project/duckdb-polr/third_party/fast_float -I/home/pei/Project/duckdb-polr/third_party/re2 -I/home/pei/Project/duckdb-polr/third_party/miniz -I/home/pei/Project/duckdb-polr/third_party/utf8proc/include -I/home/pei/Project/duckdb-polr/third_party/miniparquet -I/home/pei/Project/duckdb-polr/third_party/concurrentqueue -I/home/pei/Project/duckdb-polr/third_party/pcg -I/home/pei/Project/duckdb-polr/third_party/tdigest -I/home/pei/Project/duckdb-polr/third_party/mbedtls/include -I/home/pei/Project/duckdb-polr/third_party/jaro_winkler -O3 -DNDEBUG -O3 -DNDEBUG   -fPIC -fvisibility=hidden -fdiagnostics-color=always -std=c++11 -MD -MT third_party/mbedtls/CMakeFiles/duckdb_mbedtls.dir/library/pem.cpp.o -MF third_party/mbedtls/CMakeFiles/duckdb_mbedtls.dir/library/pem.cpp.o.d -o third_party/mbedtls/CMakeFiles/duckdb_mbedtls.dir/library/pem.cpp.o -c /home/pei/Project/duckdb-polr/third_party/mbedtls/library/pem.cpp
[348/376] /usr/bin/ccache /usr/lib/ccache/c++ -DDUCKDB_BUILD_LIBRARY -DENABLE_CROSS_PRODUCT_REWRITE=1 -DENABLE_DEBUG_PRINT=0 -DENABLE_MEASURE_EXE_TIME=0 -DENABLE_MERGE_BACK_PLAN=0 -DENABLE_PARALLEL_EXECUTION=0 -DENABLE_QUERY_SPLIT=1 -DENABLE_SPECIFY_EST_STAT=0 -I/home/pei/Project/duckdb-polr/src/include -I/home/pei/Project/duckdb-polr/third_party/fsst -I/home/pei/Project/duckdb-polr/third_party/fmt/include -I/home/pei/Project/duckdb-polr/third_party/hyperloglog -I/home/pei/Project/duckdb-polr/third_party/fastpforlib -I/home/pei/Project/duckdb-polr/third_party/fast_float -I/home/pei/Project/duckdb-polr/third_party/re2 -I/home/pei/Project/duckdb-polr/third_party/miniz -I/home/pei/Project/duckdb-polr/third_party/utf8proc/include -I/home/pei/Project/duckdb-polr/third_party/miniparquet -I/home/pei/Project/duckdb-polr/third_party/concurrentqueue -I/home/pei/Project/duckdb-polr/third_party/pcg -I/home/pei/Project/duckdb-polr/third_party/tdigest -I/home/pei/Project/duckdb-polr/third_party/mbedtls/include -I/home/pei/Project/duckdb-polr/third_party/jaro_winkler -O3 -DNDEBUG -O3 -DNDEBUG   -fPIC -fvisibility=hidden -fdiagnostics-color=always -std=c++11 -MD -MT third_party/mbedtls/CMakeFiles/duckdb_mbedtls.dir/library/pkparse.cpp.o -MF third_party/mbedtls/CMakeFiles/duckdb_mbedtls.dir/library/pkparse.cpp.o.d -o third_party/mbedtls/CMakeFiles/duckdb_mbedtls.dir/library/pkparse.cpp.o -c /home/pei/Project/duckdb-polr/third_party/mbedtls/library/pkparse.cpp
[349/376] /usr/bin/ccache /usr/lib/ccache/c++ -DDUCKDB_BUILD_LIBRARY -DENABLE_CROSS_PRODUCT_REWRITE=1 -DENABLE_DEBUG_PRINT=0 -DENABLE_MEASURE_EXE_TIME=0 -DENABLE_MERGE_BACK_PLAN=0 -DENABLE_PARALLEL_EXECUTION=0 -DENABLE_QUERY_SPLIT=1 -DENABLE_SPECIFY_EST_STAT=0 -I/home/pei/Project/duckdb-polr/src/include -I/home/pei/Project/duckdb-polr/third_party/fsst -I/home/pei/Project/duckdb-polr/third_party/fmt/include -I/home/pei/Project/duckdb-polr/third_party/hyperloglog -I/home/pei/Project/duckdb-polr/third_party/fastpforlib -I/home/pei/Project/duckdb-polr/third_party/fast_float -I/home/pei/Project/duckdb-polr/third_party/re2 -I/home/pei/Project/duckdb-polr/third_party/miniz -I/home/pei/Project/duckdb-polr/third_party/utf8proc/include -I/home/pei/Project/duckdb-polr/third_party/miniparquet -I/home/pei/Project/duckdb-polr/third_party/concurrentqueue -I/home/pei/Project/duckdb-polr/third_party/pcg -I/home/pei/Project/duckdb-polr/third_party/tdigest -I/home/pei/Project/duckdb-polr/third_party/mbedtls/include -I/home/pei/Project/duckdb-polr/third_party/jaro_winkler -O3 -DNDEBUG -O3 -DNDEBUG   -fPIC -fvisibility=hidden -fdiagnostics-color=always -w -std=c++11 -MD -MT third_party/fsst/CMakeFiles/duckdb_fsst.dir/libfsst.cpp.o -MF third_party/fsst/CMakeFiles/duckdb_fsst.dir/libfsst.cpp.o.d -o third_party/fsst/CMakeFiles/duckdb_fsst.dir/libfsst.cpp.o -c /home/pei/Project/duckdb-polr/third_party/fsst/libfsst.cpp
[350/376] /usr/bin/ccache /usr/lib/ccache/c++ -DDUCKDB_BUILD_LIBRARY -DENABLE_CROSS_PRODUCT_REWRITE=1 -DENABLE_DEBUG_PRINT=0 -DENABLE_MEASURE_EXE_TIME=0 -DENABLE_MERGE_BACK_PLAN=0 -DENABLE_PARALLEL_EXECUTION=0 -DENABLE_QUERY_SPLIT=1 -DENABLE_SPECIFY_EST_STAT=0 -I/home/pei/Project/duckdb-polr/src/include -I/home/pei/Project/duckdb-polr/third_party/fsst -I/home/pei/Project/duckdb-polr/third_party/fmt/include -I/home/pei/Project/duckdb-polr/third_party/hyperloglog -I/home/pei/Project/duckdb-polr/third_party/fastpforlib -I/home/pei/Project/duckdb-polr/third_party/fast_float -I/home/pei/Project/duckdb-polr/third_party/re2 -I/home/pei/Project/duckdb-polr/third_party/miniz -I/home/pei/Project/duckdb-polr/third_party/utf8proc/include -I/home/pei/Project/duckdb-polr/third_party/miniparquet -I/home/pei/Project/duckdb-polr/third_party/concurrentqueue -I/home/pei/Project/duckdb-polr/third_party/pcg -I/home/pei/Project/duckdb-polr/third_party/tdigest -I/home/pei/Project/duckdb-polr/third_party/mbedtls/include -I/home/pei/Project/duckdb-polr/third_party/jaro_winkler -O3 -DNDEBUG -O3 -DNDEBUG   -fPIC -fvisibility=hidden -fdiagnostics-color=always -std=c++11 -MD -MT third_party/mbedtls/CMakeFiles/duckdb_mbedtls.dir/library/pk_wrap.cpp.o -MF third_party/mbedtls/CMakeFiles/duckdb_mbedtls.dir/library/pk_wrap.cpp.o.d -o third_party/mbedtls/CMakeFiles/duckdb_mbedtls.dir/library/pk_wrap.cpp.o -c /home/pei/Project/duckdb-polr/third_party/mbedtls/library/pk_wrap.cpp
[351/376] /usr/bin/ccache /usr/lib/ccache/c++ -DDUCKDB_BUILD_LIBRARY -DENABLE_CROSS_PRODUCT_REWRITE=1 -DENABLE_DEBUG_PRINT=0 -DENABLE_MEASURE_EXE_TIME=0 -DENABLE_MERGE_BACK_PLAN=0 -DENABLE_PARALLEL_EXECUTION=0 -DENABLE_QUERY_SPLIT=1 -DENABLE_SPECIFY_EST_STAT=0 -I/home/pei/Project/duckdb-polr/src/include -I/home/pei/Project/duckdb-polr/third_party/fsst -I/home/pei/Project/duckdb-polr/third_party/fmt/include -I/home/pei/Project/duckdb-polr/third_party/hyperloglog -I/home/pei/Project/duckdb-polr/third_party/fastpforlib -I/home/pei/Project/duckdb-polr/third_party/fast_float -I/home/pei/Project/duckdb-polr/third_party/re2 -I/home/pei/Project/duckdb-polr/third_party/miniz -I/home/pei/Project/duckdb-polr/third_party/utf8proc/include -I/home/pei/Project/duckdb-polr/third_party/miniparquet -I/home/pei/Project/duckdb-polr/third_party/concurrentqueue -I/home/pei/Project/duckdb-polr/third_party/pcg -I/home/pei/Project/duckdb-polr/third_party/tdigest -I/home/pei/Project/duckdb-polr/third_party/mbedtls/include -I/home/pei/Project/duckdb-polr/third_party/jaro_winkler -O3 -DNDEBUG -O3 -DNDEBUG   -fPIC -fvisibility=hidden -fdiagnostics-color=always -std=c++11 -MD -MT third_party/mbedtls/CMakeFiles/duckdb_mbedtls.dir/library/asn1parse.cpp.o -MF third_party/mbedtls/CMakeFiles/duckdb_mbedtls.dir/library/asn1parse.cpp.o.d -o third_party/mbedtls/CMakeFiles/duckdb_mbedtls.dir/library/asn1parse.cpp.o -c /home/pei/Project/duckdb-polr/third_party/mbedtls/library/asn1parse.cpp
[352/376] /usr/bin/ccache /usr/lib/ccache/cc -DDUCKDB_BUILD_LIBRARY -DENABLE_CROSS_PRODUCT_REWRITE=1 -DENABLE_DEBUG_PRINT=0 -DENABLE_MEASURE_EXE_TIME=0 -DENABLE_MERGE_BACK_PLAN=0 -DENABLE_PARALLEL_EXECUTION=0 -DENABLE_QUERY_SPLIT=1 -DENABLE_SPECIFY_EST_STAT=0 -I/home/pei/Project/duckdb-polr/src/include -I/home/pei/Project/duckdb-polr/third_party/fsst -I/home/pei/Project/duckdb-polr/third_party/fmt/include -I/home/pei/Project/duckdb-polr/third_party/hyperloglog -I/home/pei/Project/duckdb-polr/third_party/fastpforlib -I/home/pei/Project/duckdb-polr/third_party/fast_float -I/home/pei/Project/duckdb-polr/third_party/re2 -I/home/pei/Project/duckdb-polr/third_party/miniz -I/home/pei/Project/duckdb-polr/third_party/utf8proc/include -I/home/pei/Project/duckdb-polr/third_party/miniparquet -I/home/pei/Project/duckdb-polr/third_party/concurrentqueue -I/home/pei/Project/duckdb-polr/third_party/pcg -I/home/pei/Project/duckdb-polr/third_party/tdigest -I/home/pei/Project/duckdb-polr/third_party/mbedtls/include -I/home/pei/Project/duckdb-polr/third_party/jaro_winkler -I/home/pei/Project/duckdb-polr/third_party/sqlite/include -O3 -DNDEBUG -O3 -DNDEBUG   -fPIC -fvisibility=hidden -fdiagnostics-color=always -MD -MT third_party/sqlite/CMakeFiles/duckdb_sqlite3.dir/sqlite3.c.o -MF third_party/sqlite/CMakeFiles/duckdb_sqlite3.dir/sqlite3.c.o.d -o third_party/sqlite/CMakeFiles/duckdb_sqlite3.dir/sqlite3.c.o -c /home/pei/Project/duckdb-polr/third_party/sqlite/sqlite3.c
[353/376] /usr/bin/ccache /usr/lib/ccache/c++ -DDUCKDB_BUILD_LIBRARY -DENABLE_CROSS_PRODUCT_REWRITE=1 -DENABLE_DEBUG_PRINT=0 -DENABLE_MEASURE_EXE_TIME=0 -DENABLE_MERGE_BACK_PLAN=0 -DENABLE_PARALLEL_EXECUTION=0 -DENABLE_QUERY_SPLIT=1 -DENABLE_SPECIFY_EST_STAT=0 -I/home/pei/Project/duckdb-polr/src/include -I/home/pei/Project/duckdb-polr/third_party/fsst -I/home/pei/Project/duckdb-polr/third_party/fmt/include -I/home/pei/Project/duckdb-polr/third_party/hyperloglog -I/home/pei/Project/duckdb-polr/third_party/fastpforlib -I/home/pei/Project/duckdb-polr/third_party/fast_float -I/home/pei/Project/duckdb-polr/third_party/re2 -I/home/pei/Project/duckdb-polr/third_party/miniz -I/home/pei/Project/duckdb-polr/third_party/utf8proc/include -I/home/pei/Project/duckdb-polr/third_party/miniparquet -I/home/pei/Project/duckdb-polr/third_party/concurrentqueue -I/home/pei/Project/duckdb-polr/third_party/pcg -I/home/pei/Project/duckdb-polr/third_party/tdigest -I/home/pei/Project/duckdb-polr/third_party/mbedtls/include -I/home/pei/Project/duckdb-polr/third_party/jaro_winkler -O3 -DNDEBUG -O3 -DNDEBUG   -fPIC -fvisibility=hidden -fdiagnostics-color=always -w -std=c++11 -O1 -MD -MT third_party/fsst/CMakeFiles/duckdb_fsst.dir/fsst_avx512.cpp.o -MF third_party/fsst/CMakeFiles/duckdb_fsst.dir/fsst_avx512.cpp.o.d -o third_party/fsst/CMakeFiles/duckdb_fsst.dir/fsst_avx512.cpp.o -c /home/pei/Project/duckdb-polr/third_party/fsst/fsst_avx512.cpp
[354/376] /usr/bin/ccache /usr/lib/ccache/c++ -DDUCKDB_BUILD_LIBRARY -DENABLE_CROSS_PRODUCT_REWRITE=1 -DENABLE_DEBUG_PRINT=0 -DENABLE_MEASURE_EXE_TIME=0 -DENABLE_MERGE_BACK_PLAN=0 -DENABLE_PARALLEL_EXECUTION=0 -DENABLE_QUERY_SPLIT=1 -DENABLE_SPECIFY_EST_STAT=0 -I/home/pei/Project/duckdb-polr/src/include -I/home/pei/Project/duckdb-polr/third_party/fsst -I/home/pei/Project/duckdb-polr/third_party/fmt/include -I/home/pei/Project/duckdb-polr/third_party/hyperloglog -I/home/pei/Project/duckdb-polr/third_party/fastpforlib -I/home/pei/Project/duckdb-polr/third_party/fast_float -I/home/pei/Project/duckdb-polr/third_party/re2 -I/home/pei/Project/duckdb-polr/third_party/miniz -I/home/pei/Project/duckdb-polr/third_party/utf8proc/include -I/home/pei/Project/duckdb-polr/third_party/miniparquet -I/home/pei/Project/duckdb-polr/third_party/concurrentqueue -I/home/pei/Project/duckdb-polr/third_party/pcg -I/home/pei/Project/duckdb-polr/third_party/tdigest -I/home/pei/Project/duckdb-polr/third_party/mbedtls/include -I/home/pei/Project/duckdb-polr/third_party/jaro_winkler -I/home/pei/Project/duckdb-polr/third_party/imdb/include -O3 -DNDEBUG -O3 -DNDEBUG   -fPIC -fdiagnostics-color=always -w -std=c++11 -MD -MT third_party/imdb/CMakeFiles/imdb.dir/imdb.cpp.o -MF third_party/imdb/CMakeFiles/imdb.dir/imdb.cpp.o.d -o third_party/imdb/CMakeFiles/imdb.dir/imdb.cpp.o -c /home/pei/Project/duckdb-polr/third_party/imdb/imdb.cpp
[355/376] : && /usr/bin/cmake -E rm -f third_party/miniz/libduckdb_miniz.a && /usr/bin/ar qc third_party/miniz/libduckdb_miniz.a  third_party/miniz/CMakeFiles/duckdb_miniz.dir/miniz.cpp.o && /usr/bin/ranlib third_party/miniz/libduckdb_miniz.a && :
[356/376] : && /usr/bin/cmake -E rm -f third_party/hyperloglog/libduckdb_hyperloglog.a && /usr/bin/ar qc third_party/hyperloglog/libduckdb_hyperloglog.a  third_party/hyperloglog/CMakeFiles/duckdb_hyperloglog.dir/hyperloglog.cpp.o third_party/hyperloglog/CMakeFiles/duckdb_hyperloglog.dir/sds.cpp.o && /usr/bin/ranlib third_party/hyperloglog/libduckdb_hyperloglog.a && :
[357/376] : && /usr/bin/cmake -E rm -f third_party/fastpforlib/libduckdb_fastpforlib.a && /usr/bin/ar qc third_party/fastpforlib/libduckdb_fastpforlib.a  third_party/fastpforlib/CMakeFiles/duckdb_fastpforlib.dir/bitpacking.cpp.o && /usr/bin/ranlib third_party/fastpforlib/libduckdb_fastpforlib.a && :
[358/376] : && /usr/bin/cmake -E rm -f third_party/mbedtls/libduckdb_mbedtls.a && /usr/bin/ar qc third_party/mbedtls/libduckdb_mbedtls.a  third_party/mbedtls/CMakeFiles/duckdb_mbedtls.dir/mbedtls_wrapper.cpp.o third_party/mbedtls/CMakeFiles/duckdb_mbedtls.dir/library/sha256.cpp.o third_party/mbedtls/CMakeFiles/duckdb_mbedtls.dir/library/rsa.cpp.o third_party/mbedtls/CMakeFiles/duckdb_mbedtls.dir/library/rsa_alt_helpers.cpp.o third_party/mbedtls/CMakeFiles/duckdb_mbedtls.dir/library/md.cpp.o third_party/mbedtls/CMakeFiles/duckdb_mbedtls.dir/library/bignum.cpp.o third_party/mbedtls/CMakeFiles/duckdb_mbedtls.dir/library/oid.cpp.o third_party/mbedtls/CMakeFiles/duckdb_mbedtls.dir/library/constant_time.cpp.o third_party/mbedtls/CMakeFiles/duckdb_mbedtls.dir/library/platform_util.cpp.o third_party/mbedtls/CMakeFiles/duckdb_mbedtls.dir/library/base64.cpp.o third_party/mbedtls/CMakeFiles/duckdb_mbedtls.dir/library/pkparse.cpp.o third_party/mbedtls/CMakeFiles/duckdb_mbedtls.dir/library/pk.cpp.o third_party/mbedtls/CMakeFiles/duckdb_mbedtls.dir/library/pk_wrap.cpp.o third_party/mbedtls/CMakeFiles/duckdb_mbedtls.dir/library/asn1parse.cpp.o third_party/mbedtls/CMakeFiles/duckdb_mbedtls.dir/library/pem.cpp.o && /usr/bin/ranlib third_party/mbedtls/libduckdb_mbedtls.a && :
[359/376] : && /usr/bin/cmake -E rm -f third_party/libpg_query/libduckdb_pg_query.a && /usr/bin/ar qc third_party/libpg_query/libduckdb_pg_query.a  third_party/libpg_query/CMakeFiles/duckdb_pg_query.dir/postgres_parser.cpp.o third_party/libpg_query/CMakeFiles/duckdb_pg_query.dir/pg_functions.cpp.o third_party/libpg_query/CMakeFiles/duckdb_pg_query.dir/src_backend_parser_parser.cpp.o third_party/libpg_query/CMakeFiles/duckdb_pg_query.dir/src_backend_parser_gram.cpp.o third_party/libpg_query/CMakeFiles/duckdb_pg_query.dir/src_backend_nodes_list.cpp.o third_party/libpg_query/CMakeFiles/duckdb_pg_query.dir/src_backend_parser_scansup.cpp.o third_party/libpg_query/CMakeFiles/duckdb_pg_query.dir/src_backend_nodes_makefuncs.cpp.o third_party/libpg_query/CMakeFiles/duckdb_pg_query.dir/src_backend_nodes_value.cpp.o third_party/libpg_query/CMakeFiles/duckdb_pg_query.dir/src_backend_parser_scan.cpp.o third_party/libpg_query/CMakeFiles/duckdb_pg_query.dir/src_common_keywords.cpp.o && /usr/bin/ranlib third_party/libpg_query/libduckdb_pg_query.a && :
[360/376] : && /usr/bin/cmake -E rm -f third_party/utf8proc/libduckdb_utf8proc.a && /usr/bin/ar qc third_party/utf8proc/libduckdb_utf8proc.a  third_party/utf8proc/CMakeFiles/duckdb_utf8proc.dir/utf8proc.cpp.o third_party/utf8proc/CMakeFiles/duckdb_utf8proc.dir/utf8proc_wrapper.cpp.o && /usr/bin/ranlib third_party/utf8proc/libduckdb_utf8proc.a && :
[361/376] : && /usr/bin/cmake -E rm -f third_party/fsst/libduckdb_fsst.a && /usr/bin/ar qc third_party/fsst/libduckdb_fsst.a  third_party/fsst/CMakeFiles/duckdb_fsst.dir/libfsst.cpp.o third_party/fsst/CMakeFiles/duckdb_fsst.dir/fsst_avx512.cpp.o && /usr/bin/ranlib third_party/fsst/libduckdb_fsst.a && :
[362/376] : && /usr/bin/cmake -E rm -f third_party/imdb/libimdb.a && /usr/bin/ar qc third_party/imdb/libimdb.a  third_party/imdb/CMakeFiles/imdb.dir/imdb.cpp.o && /usr/bin/ranlib third_party/imdb/libimdb.a && :
[363/376] : && /usr/bin/cmake -E rm -f third_party/re2/libduckdb_re2.a && /usr/bin/ar qc third_party/re2/libduckdb_re2.a  third_party/re2/CMakeFiles/duckdb_re2.dir/re2/bitstate.cc.o third_party/re2/CMakeFiles/duckdb_re2.dir/re2/compile.cc.o third_party/re2/CMakeFiles/duckdb_re2.dir/re2/dfa.cc.o third_party/re2/CMakeFiles/duckdb_re2.dir/re2/filtered_re2.cc.o third_party/re2/CMakeFiles/duckdb_re2.dir/re2/mimics_pcre.cc.o third_party/re2/CMakeFiles/duckdb_re2.dir/re2/nfa.cc.o third_party/re2/CMakeFiles/duckdb_re2.dir/re2/onepass.cc.o third_party/re2/CMakeFiles/duckdb_re2.dir/re2/parse.cc.o third_party/re2/CMakeFiles/duckdb_re2.dir/re2/perl_groups.cc.o third_party/re2/CMakeFiles/duckdb_re2.dir/re2/prefilter.cc.o third_party/re2/CMakeFiles/duckdb_re2.dir/re2/prefilter_tree.cc.o third_party/re2/CMakeFiles/duckdb_re2.dir/re2/prog.cc.o third_party/re2/CMakeFiles/duckdb_re2.dir/re2/re2.cc.o third_party/re2/CMakeFiles/duckdb_re2.dir/re2/regexp.cc.o third_party/re2/CMakeFiles/duckdb_re2.dir/re2/set.cc.o third_party/re2/CMakeFiles/duckdb_re2.dir/re2/simplify.cc.o third_party/re2/CMakeFiles/duckdb_re2.dir/re2/stringpiece.cc.o third_party/re2/CMakeFiles/duckdb_re2.dir/re2/tostring.cc.o third_party/re2/CMakeFiles/duckdb_re2.dir/re2/unicode_casefold.cc.o third_party/re2/CMakeFiles/duckdb_re2.dir/re2/unicode_groups.cc.o third_party/re2/CMakeFiles/duckdb_re2.dir/util/rune.cc.o third_party/re2/CMakeFiles/duckdb_re2.dir/util/strutil.cc.o && /usr/bin/ranlib third_party/re2/libduckdb_re2.a && :
[364/376] : && /usr/bin/cmake -E rm -f third_party/sqlite/libduckdb_sqlite3.a && /usr/bin/ar qc third_party/sqlite/libduckdb_sqlite3.a  third_party/sqlite/CMakeFiles/duckdb_sqlite3.dir/sqlite3.c.o && /usr/bin/ranlib third_party/sqlite/libduckdb_sqlite3.a && :
[365/376] /usr/bin/ccache /usr/lib/ccache/c++ -DDUCKDB -DDUCKDB_BUILD_LIBRARY -DDUCKDB_MAIN_LIBRARY -DENABLE_CROSS_PRODUCT_REWRITE=1 -DENABLE_DEBUG_PRINT=0 -DENABLE_MEASURE_EXE_TIME=0 -DENABLE_MERGE_BACK_PLAN=0 -DENABLE_PARALLEL_EXECUTION=0 -DENABLE_QUERY_SPLIT=1 -DENABLE_SPECIFY_EST_STAT=0 -I/home/pei/Project/duckdb-polr/src/include -I/home/pei/Project/duckdb-polr/third_party/fsst -I/home/pei/Project/duckdb-polr/third_party/fmt/include -I/home/pei/Project/duckdb-polr/third_party/hyperloglog -I/home/pei/Project/duckdb-polr/third_party/fastpforlib -I/home/pei/Project/duckdb-polr/third_party/fast_float -I/home/pei/Project/duckdb-polr/third_party/re2 -I/home/pei/Project/duckdb-polr/third_party/miniz -I/home/pei/Project/duckdb-polr/third_party/utf8proc/include -I/home/pei/Project/duckdb-polr/third_party/miniparquet -I/home/pei/Project/duckdb-polr/third_party/concurrentqueue -I/home/pei/Project/duckdb-polr/third_party/pcg -I/home/pei/Project/duckdb-polr/third_party/tdigest -I/home/pei/Project/duckdb-polr/third_party/mbedtls/include -I/home/pei/Project/duckdb-polr/third_party/jaro_winkler -O3 -DNDEBUG -O3 -DNDEBUG   -fPIC -fdiagnostics-color=always -std=c++11 -MD -MT src/optimizer/join_order/CMakeFiles/duckdb_optimizer_join_order.dir/ub_duckdb_optimizer_join_order.cpp.o -MF src/optimizer/join_order/CMakeFiles/duckdb_optimizer_join_order.dir/ub_duckdb_optimizer_join_order.cpp.o.d -o src/optimizer/join_order/CMakeFiles/duckdb_optimizer_join_order.dir/ub_duckdb_optimizer_join_order.cpp.o -c /home/pei/Project/duckdb-polr/build/release/src/optimizer/join_order/ub_duckdb_optimizer_join_order.cpp
[366/376] /usr/bin/ccache /usr/lib/ccache/c++ -DDUCKDB -DDUCKDB_BUILD_LIBRARY -DDUCKDB_MAIN_LIBRARY -DENABLE_CROSS_PRODUCT_REWRITE=1 -DENABLE_DEBUG_PRINT=0 -DENABLE_MEASURE_EXE_TIME=0 -DENABLE_MERGE_BACK_PLAN=0 -DENABLE_PARALLEL_EXECUTION=0 -DENABLE_QUERY_SPLIT=1 -DENABLE_SPECIFY_EST_STAT=0 -I/home/pei/Project/duckdb-polr/src/include -I/home/pei/Project/duckdb-polr/third_party/fsst -I/home/pei/Project/duckdb-polr/third_party/fmt/include -I/home/pei/Project/duckdb-polr/third_party/hyperloglog -I/home/pei/Project/duckdb-polr/third_party/fastpforlib -I/home/pei/Project/duckdb-polr/third_party/fast_float -I/home/pei/Project/duckdb-polr/third_party/re2 -I/home/pei/Project/duckdb-polr/third_party/miniz -I/home/pei/Project/duckdb-polr/third_party/utf8proc/include -I/home/pei/Project/duckdb-polr/third_party/miniparquet -I/home/pei/Project/duckdb-polr/third_party/concurrentqueue -I/home/pei/Project/duckdb-polr/third_party/pcg -I/home/pei/Project/duckdb-polr/third_party/tdigest -I/home/pei/Project/duckdb-polr/third_party/mbedtls/include -I/home/pei/Project/duckdb-polr/third_party/jaro_winkler -O3 -DNDEBUG -O3 -DNDEBUG   -fPIC -fdiagnostics-color=always -std=c++11 -MD -MT src/optimizer/CMakeFiles/duckdb_optimizer.dir/ub_duckdb_optimizer.cpp.o -MF src/optimizer/CMakeFiles/duckdb_optimizer.dir/ub_duckdb_optimizer.cpp.o.d -o src/optimizer/CMakeFiles/duckdb_optimizer.dir/ub_duckdb_optimizer.cpp.o -c /home/pei/Project/duckdb-polr/build/release/src/optimizer/ub_duckdb_optimizer.cpp
In file included from /home/pei/Project/duckdb-polr/src/include/duckdb/optimizer/optimizer.hpp:15,
                 from /home/pei/Project/duckdb-polr/src/include/duckdb/optimizer/expression_heuristics.hpp:11,
                 from /home/pei/Project/duckdb-polr/src/optimizer/expression_heuristics.cpp:1,
                 from /home/pei/Project/duckdb-polr/build/release/src/optimizer/ub_duckdb_optimizer.cpp:6:
/home/pei/Project/duckdb-polr/src/include/duckdb/optimizer/query_split/query_split.hpp:23:1: warning: inline variables are only available with ‘-std=c++17’ or ‘-std=gnu++17’ [-Wc++17-extensions]
   23 | inline bool execute_plan = false;
      | ^~~~~~
[367/376] /usr/bin/ccache /usr/lib/ccache/c++ -DBUILD_JEMALLOC_EXTENSION=ON -DDUCKDB -DDUCKDB_BUILD_LIBRARY -DDUCKDB_MAIN_LIBRARY -DENABLE_CROSS_PRODUCT_REWRITE=1 -DENABLE_DEBUG_PRINT=0 -DENABLE_MEASURE_EXE_TIME=0 -DENABLE_MERGE_BACK_PLAN=0 -DENABLE_PARALLEL_EXECUTION=0 -DENABLE_QUERY_SPLIT=1 -DENABLE_SPECIFY_EST_STAT=0 -I/home/pei/Project/duckdb-polr/src/include -I/home/pei/Project/duckdb-polr/third_party/fsst -I/home/pei/Project/duckdb-polr/third_party/fmt/include -I/home/pei/Project/duckdb-polr/third_party/hyperloglog -I/home/pei/Project/duckdb-polr/third_party/fastpforlib -I/home/pei/Project/duckdb-polr/third_party/fast_float -I/home/pei/Project/duckdb-polr/third_party/re2 -I/home/pei/Project/duckdb-polr/third_party/miniz -I/home/pei/Project/duckdb-polr/third_party/utf8proc/include -I/home/pei/Project/duckdb-polr/third_party/miniparquet -I/home/pei/Project/duckdb-polr/third_party/concurrentqueue -I/home/pei/Project/duckdb-polr/third_party/pcg -I/home/pei/Project/duckdb-polr/third_party/tdigest -I/home/pei/Project/duckdb-polr/third_party/mbedtls/include -I/home/pei/Project/duckdb-polr/third_party/jaro_winkler -I/home/pei/Project/duckdb-polr/extension/jemalloc/include -O3 -DNDEBUG -O3 -DNDEBUG   -fPIC -fdiagnostics-color=always -std=c++11 -MD -MT src/common/CMakeFiles/duckdb_common.dir/ub_duckdb_common.cpp.o -MF src/common/CMakeFiles/duckdb_common.dir/ub_duckdb_common.cpp.o.d -o src/common/CMakeFiles/duckdb_common.dir/ub_duckdb_common.cpp.o -c /home/pei/Project/duckdb-polr/build/release/src/common/ub_duckdb_common.cpp
[368/376] : && /usr/bin/cmake -E rm -f src/libduckdb_static.a && /usr/bin/ar qc src/libduckdb_static.a  src/optimizer/matcher/CMakeFiles/duckdb_optimizer_matcher.dir/ub_duckdb_optimizer_matcher.cpp.o src/optimizer/join_order/CMakeFiles/duckdb_optimizer_join_order.dir/ub_duckdb_optimizer_join_order.cpp.o src/optimizer/pushdown/CMakeFiles/duckdb_optimizer_pushdown.dir/ub_duckdb_optimizer_pushdown.cpp.o src/optimizer/pullup/CMakeFiles/duckdb_optimizer_pullup.dir/ub_duckdb_optimizer_pullup.cpp.o src/optimizer/rule/CMakeFiles/duckdb_optimizer_rules.dir/ub_duckdb_optimizer_rules.cpp.o src/optimizer/statistics/expression/CMakeFiles/duckdb_optimizer_statistics_expr.dir/ub_duckdb_optimizer_statistics_expr.cpp.o src/optimizer/statistics/operator/CMakeFiles/duckdb_optimizer_statistics_op.dir/ub_duckdb_optimizer_statistics_op.cpp.o src/optimizer/query_split/CMakeFiles/duckdb_optimizer_query_split.dir/ub_duckdb_optimizer_query_split.cpp.o src/optimizer/CMakeFiles/duckdb_optimizer.dir/ub_duckdb_optimizer.cpp.o src/planner/expression/CMakeFiles/duckdb_planner_expression.dir/ub_duckdb_planner_expression.cpp.o src/planner/binder/expression/CMakeFiles/duckdb_bind_expression.dir/ub_duckdb_bind_expression.cpp.o src/planner/binder/query_node/CMakeFiles/duckdb_bind_query_node.dir/ub_duckdb_bind_query_node.cpp.o src/planner/binder/statement/CMakeFiles/duckdb_bind_statement.dir/ub_duckdb_bind_statement.cpp.o src/planner/binder/tableref/CMakeFiles/duckdb_bind_tableref.dir/ub_duckdb_bind_tableref.cpp.o src/planner/expression_binder/CMakeFiles/duckdb_expression_binders.dir/ub_duckdb_expression_binders.cpp.o src/planner/filter/CMakeFiles/duckdb_planner_filter.dir/ub_duckdb_planner_filter.cpp.o src/planner/parsed_data/CMakeFiles/duckdb_planner_parsed_data.dir/ub_duckdb_planner_parsed_data.cpp.o src/planner/operator/CMakeFiles/duckdb_planner_operator.dir/ub_duckdb_planner_operator.cpp.o src/planner/subquery/CMakeFiles/duckdb_planner_subquery.dir/ub_duckdb_planner_subquery.cpp.o src/planner/CMakeFiles/duckdb_planner.dir/ub_duckdb_planner.cpp.o src/parser/constraints/CMakeFiles/duckdb_constraints.dir/ub_duckdb_constraints.cpp.o src/parser/expression/CMakeFiles/duckdb_expression.dir/ub_duckdb_expression.cpp.o src/parser/parsed_data/CMakeFiles/duckdb_parsed_data.dir/ub_duckdb_parsed_data.cpp.o src/parser/query_node/CMakeFiles/duckdb_query_node.dir/ub_duckdb_query_node.cpp.o src/parser/statement/CMakeFiles/duckdb_statement.dir/ub_duckdb_statement.cpp.o src/parser/tableref/CMakeFiles/duckdb_parser_tableref.dir/ub_duckdb_parser_tableref.cpp.o src/parser/transform/constraint/CMakeFiles/duckdb_transformer_constraint.dir/ub_duckdb_transformer_constraint.cpp.o src/parser/transform/expression/CMakeFiles/duckdb_transformer_expression.dir/ub_duckdb_transformer_expression.cpp.o src/parser/transform/helpers/CMakeFiles/duckdb_transformer_helpers.dir/ub_duckdb_transformer_helpers.cpp.o src/parser/transform/statement/CMakeFiles/duckdb_transformer_statement.dir/ub_duckdb_transformer_statement.cpp.o src/parser/transform/tableref/CMakeFiles/duckdb_transformer_tableref.dir/ub_duckdb_transformer_tableref.cpp.o src/parser/CMakeFiles/duckdb_parser.dir/ub_duckdb_parser.cpp.o src/function/aggregate/algebraic/CMakeFiles/duckdb_aggr_algebraic.dir/ub_duckdb_aggr_algebraic.cpp.o src/function/aggregate/distributive/CMakeFiles/duckdb_aggr_distr.dir/ub_duckdb_aggr_distr.cpp.o src/function/aggregate/holistic/CMakeFiles/duckdb_aggr_holistic.dir/ub_duckdb_aggr_holistic.cpp.o src/function/aggregate/nested/CMakeFiles/duckdb_aggr_nested.dir/ub_duckdb_aggr_nested.cpp.o src/function/aggregate/regression/CMakeFiles/duckdb_aggr_regr.dir/ub_duckdb_aggr_regr.cpp.o src/function/aggregate/CMakeFiles/duckdb_func_aggr.dir/ub_duckdb_func_aggr.cpp.o src/function/cast/CMakeFiles/duckdb_func_cast.dir/ub_duckdb_func_cast.cpp.o src/function/pragma/CMakeFiles/duckdb_func_pragma.dir/ub_duckdb_func_pragma.cpp.o src/function/scalar/blob/CMakeFiles/duckdb_func_blob.dir/ub_duckdb_func_blob.cpp.o src/function/scalar/date/CMakeFiles/duckdb_func_date.dir/ub_duckdb_func_date.cpp.o src/function/scalar/generic/CMakeFiles/duckdb_func_generic.dir/ub_duckdb_func_generic.cpp.o src/function/scalar/list/CMakeFiles/duckdb_func_list.dir/ub_duckdb_func_list.cpp.o src/function/scalar/map/CMakeFiles/duckdb_func_map_nested.dir/ub_duckdb_func_map_nested.cpp.o src/function/scalar/math/CMakeFiles/duckdb_func_math.dir/ub_duckdb_func_math.cpp.o src/function/scalar/operators/CMakeFiles/duckdb_func_ops.dir/ub_duckdb_func_ops.cpp.o src/function/scalar/sequence/CMakeFiles/duckdb_func_seq.dir/ub_duckdb_func_seq.cpp.o src/function/scalar/string/CMakeFiles/duckdb_func_string.dir/ub_duckdb_func_string.cpp.o src/function/scalar/struct/CMakeFiles/duckdb_func_struct.dir/ub_duckdb_func_struct.cpp.o src/function/scalar/system/CMakeFiles/duckdb_func_system.dir/ub_duckdb_func_system.cpp.o src/function/scalar/union/CMakeFiles/duckdb_func_union.dir/ub_duckdb_func_union.cpp.o src/function/scalar/enum/CMakeFiles/duckdb_func_enum.dir/ub_duckdb_func_enum.cpp.o src/function/scalar/CMakeFiles/duckdb_func_scalar.dir/ub_duckdb_func_scalar.cpp.o src/function/table/system/CMakeFiles/duckdb_table_func_system.dir/ub_duckdb_table_func_system.cpp.o src/function/table/version/CMakeFiles/duckdb_func_table_version.dir/ub_duckdb_func_table_version.cpp.o src/function/table/CMakeFiles/duckdb_func_table.dir/ub_duckdb_func_table.cpp.o src/function/CMakeFiles/duckdb_function.dir/ub_duckdb_function.cpp.o src/catalog/catalog_entry/CMakeFiles/duckdb_catalog_entries.dir/ub_duckdb_catalog_entries.cpp.o src/catalog/default/CMakeFiles/duckdb_catalog_default_entries.dir/ub_duckdb_catalog_default_entries.cpp.o src/catalog/CMakeFiles/duckdb_catalog.dir/ub_duckdb_catalog.cpp.o src/common/arrow/CMakeFiles/duckdb_common_arrow.dir/ub_duckdb_common_arrow.cpp.o src/common/crypto/CMakeFiles/duckdb_common_crypto.dir/ub_duckdb_common_crypto.cpp.o src/common/enums/CMakeFiles/duckdb_common_enums.dir/ub_duckdb_common_enums.cpp.o src/common/operator/CMakeFiles/duckdb_common_operators.dir/ub_duckdb_common_operators.cpp.o src/common/progress_bar/CMakeFiles/duckdb_progress_bar.dir/ub_duckdb_progress_bar.cpp.o src/common/row_operations/CMakeFiles/duckdb_row_operations.dir/ub_duckdb_row_operations.cpp.o src/common/serializer/CMakeFiles/duckdb_common_serializer.dir/ub_duckdb_common_serializer.cpp.o src/common/sort/CMakeFiles/duckdb_sort.dir/ub_duckdb_sort.cpp.o src/common/types/CMakeFiles/duckdb_common_types.dir/ub_duckdb_common_types.cpp.o src/common/value_operations/CMakeFiles/duckdb_value_operations.dir/ub_duckdb_value_operations.cpp.o src/common/vector_operations/CMakeFiles/duckdb_vector_operations.dir/boolean_operators.cpp.o src/common/vector_operations/CMakeFiles/duckdb_vector_operations.dir/vector_cast.cpp.o src/common/vector_operations/CMakeFiles/duckdb_vector_operations.dir/comparison_operators.cpp.o src/common/vector_operations/CMakeFiles/duckdb_vector_operations.dir/vector_copy.cpp.o src/common/vector_operations/CMakeFiles/duckdb_vector_operations.dir/generators.cpp.o src/common/vector_operations/CMakeFiles/duckdb_vector_operations.dir/vector_hash.cpp.o src/common/vector_operations/CMakeFiles/duckdb_vector_operations.dir/vector_storage.cpp.o src/common/vector_operations/CMakeFiles/duckdb_vector_operations.dir/null_operations.cpp.o src/common/vector_operations/CMakeFiles/duckdb_vector_operations.dir/numeric_inplace_operators.cpp.o src/common/vector_operations/CMakeFiles/duckdb_vector_operations.dir/is_distinct_from.cpp.o src/common/CMakeFiles/duckdb_common.dir/ub_duckdb_common.cpp.o src/execution/expression_executor/CMakeFiles/duckdb_expression_executor.dir/ub_duckdb_expression_executor.cpp.o src/execution/nested_loop_join/CMakeFiles/duckdb_nested_loop_join.dir/ub_duckdb_nested_loop_join.cpp.o src/execution/operator/aggregate/CMakeFiles/duckdb_operator_aggregate.dir/ub_duckdb_operator_aggregate.cpp.o src/execution/operator/filter/CMakeFiles/duckdb_operator_filter.dir/ub_duckdb_operator_filter.cpp.o src/execution/operator/helper/CMakeFiles/duckdb_operator_helper.dir/ub_duckdb_operator_helper.cpp.o src/execution/operator/join/CMakeFiles/duckdb_operator_join.dir/ub_duckdb_operator_join.cpp.o src/execution/operator/order/CMakeFiles/duckdb_operator_order.dir/ub_duckdb_operator_order.cpp.o src/execution/operator/persistent/CMakeFiles/duckdb_operator_persistent.dir/ub_duckdb_operator_persistent.cpp.o src/execution/operator/projection/CMakeFiles/duckdb_operator_projection.dir/ub_duckdb_operator_projection.cpp.o src/execution/operator/scan/CMakeFiles/duckdb_operator_scan.dir/ub_duckdb_operator_scan.cpp.o src/execution/operator/schema/CMakeFiles/duckdb_operator_schema.dir/ub_duckdb_operator_schema.cpp.o src/execution/operator/set/CMakeFiles/duckdb_operator_set.dir/ub_duckdb_operator_set.cpp.o src/execution/physical_plan/CMakeFiles/duckdb_physical_plan.dir/ub_duckdb_physical_plan.cpp.o src/execution/index/art/CMakeFiles/duckdb_art_index_execution.dir/ub_duckdb_art_index_execution.cpp.o src/execution/CMakeFiles/duckdb_execution.dir/ub_duckdb_execution.cpp.o src/main/capi/cast/CMakeFiles/duckdb_main_capi_cast.dir/ub_duckdb_main_capi_cast.cpp.o src/main/capi/CMakeFiles/duckdb_main_capi.dir/ub_duckdb_main_capi.cpp.o src/main/extension/CMakeFiles/duckdb_main_extension.dir/ub_duckdb_main_extension.cpp.o src/main/relation/CMakeFiles/duckdb_main_relation.dir/ub_duckdb_main_relation.cpp.o src/main/settings/CMakeFiles/duckdb_main_settings.dir/ub_duckdb_main_settings.cpp.o src/main/CMakeFiles/duckdb_main.dir/ub_duckdb_main.cpp.o src/parallel/CMakeFiles/duckdb_parallel.dir/ub_duckdb_parallel.cpp.o src/storage/buffer/CMakeFiles/duckdb_storage_buffer.dir/ub_duckdb_storage_buffer.cpp.o src/storage/checkpoint/CMakeFiles/duckdb_storage_checkpoint.dir/ub_duckdb_storage_checkpoint.cpp.o src/storage/compression/chimp/CMakeFiles/duckdb_storage_compression_chimp.dir/ub_duckdb_storage_compression_chimp.cpp.o src/storage/compression/CMakeFiles/duckdb_storage_compression.dir/ub_duckdb_storage_compression.cpp.o src/storage/statistics/CMakeFiles/duckdb_storage_statistics.dir/ub_duckdb_storage_statistics.cpp.o src/storage/table/CMakeFiles/duckdb_storage_table.dir/ub_duckdb_storage_table.cpp.o src/storage/CMakeFiles/duckdb_storage.dir/ub_duckdb_storage.cpp.o src/transaction/CMakeFiles/duckdb_transaction.dir/ub_duckdb_transaction.cpp.o src/verification/CMakeFiles/duckdb_verification.dir/copied_statement_verifier.cpp.o src/verification/CMakeFiles/duckdb_verification.dir/external_statement_verifier.cpp.o src/verification/CMakeFiles/duckdb_verification.dir/prepared_statement_verifier.cpp.o src/verification/CMakeFiles/duckdb_verification.dir/deserialized_statement_verifier.cpp.o src/verification/CMakeFiles/duckdb_verification.dir/statement_verifier.cpp.o src/verification/CMakeFiles/duckdb_verification.dir/parsed_statement_verifier.cpp.o src/verification/CMakeFiles/duckdb_verification.dir/unoptimized_statement_verifier.cpp.o && /usr/bin/ranlib src/libduckdb_static.a && :
[369/376] : && /usr/lib/ccache/c++ -fPIC -O3 -DNDEBUG -O3 -DNDEBUG   -shared -Wl,-soname,libduckdb.so -o src/libduckdb.so src/optimizer/matcher/CMakeFiles/duckdb_optimizer_matcher.dir/ub_duckdb_optimizer_matcher.cpp.o src/optimizer/join_order/CMakeFiles/duckdb_optimizer_join_order.dir/ub_duckdb_optimizer_join_order.cpp.o src/optimizer/pushdown/CMakeFiles/duckdb_optimizer_pushdown.dir/ub_duckdb_optimizer_pushdown.cpp.o src/optimizer/pullup/CMakeFiles/duckdb_optimizer_pullup.dir/ub_duckdb_optimizer_pullup.cpp.o src/optimizer/rule/CMakeFiles/duckdb_optimizer_rules.dir/ub_duckdb_optimizer_rules.cpp.o src/optimizer/statistics/expression/CMakeFiles/duckdb_optimizer_statistics_expr.dir/ub_duckdb_optimizer_statistics_expr.cpp.o src/optimizer/statistics/operator/CMakeFiles/duckdb_optimizer_statistics_op.dir/ub_duckdb_optimizer_statistics_op.cpp.o src/optimizer/query_split/CMakeFiles/duckdb_optimizer_query_split.dir/ub_duckdb_optimizer_query_split.cpp.o src/optimizer/CMakeFiles/duckdb_optimizer.dir/ub_duckdb_optimizer.cpp.o src/planner/expression/CMakeFiles/duckdb_planner_expression.dir/ub_duckdb_planner_expression.cpp.o src/planner/binder/expression/CMakeFiles/duckdb_bind_expression.dir/ub_duckdb_bind_expression.cpp.o src/planner/binder/query_node/CMakeFiles/duckdb_bind_query_node.dir/ub_duckdb_bind_query_node.cpp.o src/planner/binder/statement/CMakeFiles/duckdb_bind_statement.dir/ub_duckdb_bind_statement.cpp.o src/planner/binder/tableref/CMakeFiles/duckdb_bind_tableref.dir/ub_duckdb_bind_tableref.cpp.o src/planner/expression_binder/CMakeFiles/duckdb_expression_binders.dir/ub_duckdb_expression_binders.cpp.o src/planner/filter/CMakeFiles/duckdb_planner_filter.dir/ub_duckdb_planner_filter.cpp.o src/planner/parsed_data/CMakeFiles/duckdb_planner_parsed_data.dir/ub_duckdb_planner_parsed_data.cpp.o src/planner/operator/CMakeFiles/duckdb_planner_operator.dir/ub_duckdb_planner_operator.cpp.o src/planner/subquery/CMakeFiles/duckdb_planner_subquery.dir/ub_duckdb_planner_subquery.cpp.o src/planner/CMakeFiles/duckdb_planner.dir/ub_duckdb_planner.cpp.o src/parser/constraints/CMakeFiles/duckdb_constraints.dir/ub_duckdb_constraints.cpp.o src/parser/expression/CMakeFiles/duckdb_expression.dir/ub_duckdb_expression.cpp.o src/parser/parsed_data/CMakeFiles/duckdb_parsed_data.dir/ub_duckdb_parsed_data.cpp.o src/parser/query_node/CMakeFiles/duckdb_query_node.dir/ub_duckdb_query_node.cpp.o src/parser/statement/CMakeFiles/duckdb_statement.dir/ub_duckdb_statement.cpp.o src/parser/tableref/CMakeFiles/duckdb_parser_tableref.dir/ub_duckdb_parser_tableref.cpp.o src/parser/transform/constraint/CMakeFiles/duckdb_transformer_constraint.dir/ub_duckdb_transformer_constraint.cpp.o src/parser/transform/expression/CMakeFiles/duckdb_transformer_expression.dir/ub_duckdb_transformer_expression.cpp.o src/parser/transform/helpers/CMakeFiles/duckdb_transformer_helpers.dir/ub_duckdb_transformer_helpers.cpp.o src/parser/transform/statement/CMakeFiles/duckdb_transformer_statement.dir/ub_duckdb_transformer_statement.cpp.o src/parser/transform/tableref/CMakeFiles/duckdb_transformer_tableref.dir/ub_duckdb_transformer_tableref.cpp.o src/parser/CMakeFiles/duckdb_parser.dir/ub_duckdb_parser.cpp.o src/function/aggregate/algebraic/CMakeFiles/duckdb_aggr_algebraic.dir/ub_duckdb_aggr_algebraic.cpp.o src/function/aggregate/distributive/CMakeFiles/duckdb_aggr_distr.dir/ub_duckdb_aggr_distr.cpp.o src/function/aggregate/holistic/CMakeFiles/duckdb_aggr_holistic.dir/ub_duckdb_aggr_holistic.cpp.o src/function/aggregate/nested/CMakeFiles/duckdb_aggr_nested.dir/ub_duckdb_aggr_nested.cpp.o src/function/aggregate/regression/CMakeFiles/duckdb_aggr_regr.dir/ub_duckdb_aggr_regr.cpp.o src/function/aggregate/CMakeFiles/duckdb_func_aggr.dir/ub_duckdb_func_aggr.cpp.o src/function/cast/CMakeFiles/duckdb_func_cast.dir/ub_duckdb_func_cast.cpp.o src/function/pragma/CMakeFiles/duckdb_func_pragma.dir/ub_duckdb_func_pragma.cpp.o src/function/scalar/blob/CMakeFiles/duckdb_func_blob.dir/ub_duckdb_func_blob.cpp.o src/function/scalar/date/CMakeFiles/duckdb_func_date.dir/ub_duckdb_func_date.cpp.o src/function/scalar/generic/CMakeFiles/duckdb_func_generic.dir/ub_duckdb_func_generic.cpp.o src/function/scalar/list/CMakeFiles/duckdb_func_list.dir/ub_duckdb_func_list.cpp.o src/function/scalar/map/CMakeFiles/duckdb_func_map_nested.dir/ub_duckdb_func_map_nested.cpp.o src/function/scalar/math/CMakeFiles/duckdb_func_math.dir/ub_duckdb_func_math.cpp.o src/function/scalar/operators/CMakeFiles/duckdb_func_ops.dir/ub_duckdb_func_ops.cpp.o src/function/scalar/sequence/CMakeFiles/duckdb_func_seq.dir/ub_duckdb_func_seq.cpp.o src/function/scalar/string/CMakeFiles/duckdb_func_string.dir/ub_duckdb_func_string.cpp.o src/function/scalar/struct/CMakeFiles/duckdb_func_struct.dir/ub_duckdb_func_struct.cpp.o src/function/scalar/system/CMakeFiles/duckdb_func_system.dir/ub_duckdb_func_system.cpp.o src/function/scalar/union/CMakeFiles/duckdb_func_union.dir/ub_duckdb_func_union.cpp.o src/function/scalar/enum/CMakeFiles/duckdb_func_enum.dir/ub_duckdb_func_enum.cpp.o src/function/scalar/CMakeFiles/duckdb_func_scalar.dir/ub_duckdb_func_scalar.cpp.o src/function/table/system/CMakeFiles/duckdb_table_func_system.dir/ub_duckdb_table_func_system.cpp.o src/function/table/version/CMakeFiles/duckdb_func_table_version.dir/ub_duckdb_func_table_version.cpp.o src/function/table/CMakeFiles/duckdb_func_table.dir/ub_duckdb_func_table.cpp.o src/function/CMakeFiles/duckdb_function.dir/ub_duckdb_function.cpp.o src/catalog/catalog_entry/CMakeFiles/duckdb_catalog_entries.dir/ub_duckdb_catalog_entries.cpp.o src/catalog/default/CMakeFiles/duckdb_catalog_default_entries.dir/ub_duckdb_catalog_default_entries.cpp.o src/catalog/CMakeFiles/duckdb_catalog.dir/ub_duckdb_catalog.cpp.o src/common/arrow/CMakeFiles/duckdb_common_arrow.dir/ub_duckdb_common_arrow.cpp.o src/common/crypto/CMakeFiles/duckdb_common_crypto.dir/ub_duckdb_common_crypto.cpp.o src/common/enums/CMakeFiles/duckdb_common_enums.dir/ub_duckdb_common_enums.cpp.o src/common/operator/CMakeFiles/duckdb_common_operators.dir/ub_duckdb_common_operators.cpp.o src/common/progress_bar/CMakeFiles/duckdb_progress_bar.dir/ub_duckdb_progress_bar.cpp.o src/common/row_operations/CMakeFiles/duckdb_row_operations.dir/ub_duckdb_row_operations.cpp.o src/common/serializer/CMakeFiles/duckdb_common_serializer.dir/ub_duckdb_common_serializer.cpp.o src/common/sort/CMakeFiles/duckdb_sort.dir/ub_duckdb_sort.cpp.o src/common/types/CMakeFiles/duckdb_common_types.dir/ub_duckdb_common_types.cpp.o src/common/value_operations/CMakeFiles/duckdb_value_operations.dir/ub_duckdb_value_operations.cpp.o src/common/vector_operations/CMakeFiles/duckdb_vector_operations.dir/boolean_operators.cpp.o src/common/vector_operations/CMakeFiles/duckdb_vector_operations.dir/vector_cast.cpp.o src/common/vector_operations/CMakeFiles/duckdb_vector_operations.dir/comparison_operators.cpp.o src/common/vector_operations/CMakeFiles/duckdb_vector_operations.dir/vector_copy.cpp.o src/common/vector_operations/CMakeFiles/duckdb_vector_operations.dir/generators.cpp.o src/common/vector_operations/CMakeFiles/duckdb_vector_operations.dir/vector_hash.cpp.o src/common/vector_operations/CMakeFiles/duckdb_vector_operations.dir/vector_storage.cpp.o src/common/vector_operations/CMakeFiles/duckdb_vector_operations.dir/null_operations.cpp.o src/common/vector_operations/CMakeFiles/duckdb_vector_operations.dir/numeric_inplace_operators.cpp.o src/common/vector_operations/CMakeFiles/duckdb_vector_operations.dir/is_distinct_from.cpp.o src/common/CMakeFiles/duckdb_common.dir/ub_duckdb_common.cpp.o src/execution/expression_executor/CMakeFiles/duckdb_expression_executor.dir/ub_duckdb_expression_executor.cpp.o src/execution/nested_loop_join/CMakeFiles/duckdb_nested_loop_join.dir/ub_duckdb_nested_loop_join.cpp.o src/execution/operator/aggregate/CMakeFiles/duckdb_operator_aggregate.dir/ub_duckdb_operator_aggregate.cpp.o src/execution/operator/filter/CMakeFiles/duckdb_operator_filter.dir/ub_duckdb_operator_filter.cpp.o src/execution/operator/helper/CMakeFiles/duckdb_operator_helper.dir/ub_duckdb_operator_helper.cpp.o src/execution/operator/join/CMakeFiles/duckdb_operator_join.dir/ub_duckdb_operator_join.cpp.o src/execution/operator/order/CMakeFiles/duckdb_operator_order.dir/ub_duckdb_operator_order.cpp.o src/execution/operator/persistent/CMakeFiles/duckdb_operator_persistent.dir/ub_duckdb_operator_persistent.cpp.o src/execution/operator/projection/CMakeFiles/duckdb_operator_projection.dir/ub_duckdb_operator_projection.cpp.o src/execution/operator/scan/CMakeFiles/duckdb_operator_scan.dir/ub_duckdb_operator_scan.cpp.o src/execution/operator/schema/CMakeFiles/duckdb_operator_schema.dir/ub_duckdb_operator_schema.cpp.o src/execution/operator/set/CMakeFiles/duckdb_operator_set.dir/ub_duckdb_operator_set.cpp.o src/execution/physical_plan/CMakeFiles/duckdb_physical_plan.dir/ub_duckdb_physical_plan.cpp.o src/execution/index/art/CMakeFiles/duckdb_art_index_execution.dir/ub_duckdb_art_index_execution.cpp.o src/execution/CMakeFiles/duckdb_execution.dir/ub_duckdb_execution.cpp.o src/main/capi/cast/CMakeFiles/duckdb_main_capi_cast.dir/ub_duckdb_main_capi_cast.cpp.o src/main/capi/CMakeFiles/duckdb_main_capi.dir/ub_duckdb_main_capi.cpp.o src/main/extension/CMakeFiles/duckdb_main_extension.dir/ub_duckdb_main_extension.cpp.o src/main/relation/CMakeFiles/duckdb_main_relation.dir/ub_duckdb_main_relation.cpp.o src/main/settings/CMakeFiles/duckdb_main_settings.dir/ub_duckdb_main_settings.cpp.o src/main/CMakeFiles/duckdb_main.dir/ub_duckdb_main.cpp.o src/parallel/CMakeFiles/duckdb_parallel.dir/ub_duckdb_parallel.cpp.o src/storage/buffer/CMakeFiles/duckdb_storage_buffer.dir/ub_duckdb_storage_buffer.cpp.o src/storage/checkpoint/CMakeFiles/duckdb_storage_checkpoint.dir/ub_duckdb_storage_checkpoint.cpp.o src/storage/compression/chimp/CMakeFiles/duckdb_storage_compression_chimp.dir/ub_duckdb_storage_compression_chimp.cpp.o src/storage/compression/CMakeFiles/duckdb_storage_compression.dir/ub_duckdb_storage_compression.cpp.o src/storage/statistics/CMakeFiles/duckdb_storage_statistics.dir/ub_duckdb_storage_statistics.cpp.o src/storage/table/CMakeFiles/duckdb_storage_table.dir/ub_duckdb_storage_table.cpp.o src/storage/CMakeFiles/duckdb_storage.dir/ub_duckdb_storage.cpp.o src/transaction/CMakeFiles/duckdb_transaction.dir/ub_duckdb_transaction.cpp.o src/verification/CMakeFiles/duckdb_verification.dir/copied_statement_verifier.cpp.o src/verification/CMakeFiles/duckdb_verification.dir/external_statement_verifier.cpp.o src/verification/CMakeFiles/duckdb_verification.dir/prepared_statement_verifier.cpp.o src/verification/CMakeFiles/duckdb_verification.dir/deserialized_statement_verifier.cpp.o src/verification/CMakeFiles/duckdb_verification.dir/statement_verifier.cpp.o src/verification/CMakeFiles/duckdb_verification.dir/parsed_statement_verifier.cpp.o src/verification/CMakeFiles/duckdb_verification.dir/unoptimized_statement_verifier.cpp.o  -ldl  third_party/fsst/libduckdb_fsst.a  third_party/fmt/libduckdb_fmt.a  third_party/libpg_query/libduckdb_pg_query.a  third_party/re2/libduckdb_re2.a  third_party/miniz/libduckdb_miniz.a  third_party/utf8proc/libduckdb_utf8proc.a  third_party/hyperloglog/libduckdb_hyperloglog.a  third_party/fastpforlib/libduckdb_fastpforlib.a  third_party/mbedtls/libduckdb_mbedtls.a  extension/jemalloc/libjemalloc_extension.a  extension/parquet/libparquet_extension.a && :
[370/376] : && /usr/lib/ccache/c++ -fPIC -O3 -DNDEBUG -O3 -DNDEBUG   -shared -Wl,-soname,libsqlite3_api_wrapper.so -o tools/sqlite3_api_wrapper/libsqlite3_api_wrapper.so tools/sqlite3_api_wrapper/sqlite3/CMakeFiles/sqlite3_api_wrapper_sqlite3.dir/printf.c.o tools/sqlite3_api_wrapper/sqlite3/CMakeFiles/sqlite3_api_wrapper_sqlite3.dir/strglob.c.o tools/sqlite3_api_wrapper/sqlite3_udf_api/CMakeFiles/sqlite3_udf_api.dir/sqlite3_udf_wrapper.cpp.o tools/sqlite3_api_wrapper/sqlite3_udf_api/CMakeFiles/sqlite3_udf_api.dir/cast_sqlite.cpp.o tools/sqlite3_api_wrapper/CMakeFiles/sqlite3_api_wrapper.dir/sqlite3_api_wrapper.cpp.o tools/sqlite3_api_wrapper/CMakeFiles/sqlite3_api_wrapper.dir/sql_auto_complete_extension.cpp.o  -Wl,-rpath,/home/pei/Project/duckdb-polr/build/release/src  src/libduckdb.so  -ldl  third_party/fsst/libduckdb_fsst.a  third_party/fmt/libduckdb_fmt.a  third_party/libpg_query/libduckdb_pg_query.a  third_party/re2/libduckdb_re2.a  third_party/miniz/libduckdb_miniz.a  third_party/utf8proc/libduckdb_utf8proc.a  third_party/hyperloglog/libduckdb_hyperloglog.a  third_party/fastpforlib/libduckdb_fastpforlib.a  third_party/mbedtls/libduckdb_mbedtls.a  extension/jemalloc/libjemalloc_extension.a  extension/parquet/libparquet_extension.a && :
[371/376] : && /usr/bin/cmake -E rm -f test/helpers/libtest_helpers.a && /usr/bin/ar qc test/helpers/libtest_helpers.a  test/helpers/CMakeFiles/test_helpers.dir/test_helpers.cpp.o test/helpers/CMakeFiles/test_helpers.dir/capi_tester.cpp.o test/helpers/CMakeFiles/test_helpers.dir/pid.cpp.o && /usr/bin/ranlib test/helpers/libtest_helpers.a && :
[372/376] : && /usr/bin/cmake -E rm -f tools/sqlite3_api_wrapper/libsqlite3_api_wrapper_static.a && /usr/bin/ar qc tools/sqlite3_api_wrapper/libsqlite3_api_wrapper_static.a  tools/sqlite3_api_wrapper/sqlite3/CMakeFiles/sqlite3_api_wrapper_sqlite3.dir/printf.c.o tools/sqlite3_api_wrapper/sqlite3/CMakeFiles/sqlite3_api_wrapper_sqlite3.dir/strglob.c.o tools/sqlite3_api_wrapper/sqlite3_udf_api/CMakeFiles/sqlite3_udf_api.dir/sqlite3_udf_wrapper.cpp.o tools/sqlite3_api_wrapper/sqlite3_udf_api/CMakeFiles/sqlite3_udf_api.dir/cast_sqlite.cpp.o tools/sqlite3_api_wrapper/CMakeFiles/sqlite3_api_wrapper_static.dir/sqlite3_api_wrapper.cpp.o tools/sqlite3_api_wrapper/CMakeFiles/sqlite3_api_wrapper_static.dir/sql_auto_complete_extension.cpp.o && /usr/bin/ranlib tools/sqlite3_api_wrapper/libsqlite3_api_wrapper_static.a && :
[373/376] : && /usr/lib/ccache/c++ -O3 -DNDEBUG -O3 -DNDEBUG -rdynamic tools/sqlite3_api_wrapper/CMakeFiles/test_sqlite3_api_wrapper.dir/test/test_sqlite3_api_wrapper.cpp.o tools/sqlite3_api_wrapper/CMakeFiles/test_sqlite3_api_wrapper.dir/test/test_sqlite3_udf_api_wrapper.cpp.o -o tools/sqlite3_api_wrapper/test_sqlite3_api_wrapper  -Wl,-rpath,/home/pei/Project/duckdb-polr/build/release/tools/sqlite3_api_wrapper:/home/pei/Project/duckdb-polr/build/release/src  tools/sqlite3_api_wrapper/libsqlite3_api_wrapper.so  src/libduckdb.so  -ldl  third_party/fsst/libduckdb_fsst.a  third_party/fmt/libduckdb_fmt.a  third_party/libpg_query/libduckdb_pg_query.a  third_party/re2/libduckdb_re2.a  third_party/miniz/libduckdb_miniz.a  third_party/utf8proc/libduckdb_utf8proc.a  third_party/hyperloglog/libduckdb_hyperloglog.a  third_party/fastpforlib/libduckdb_fastpforlib.a  third_party/mbedtls/libduckdb_mbedtls.a  extension/jemalloc/libjemalloc_extension.a  extension/parquet/libparquet_extension.a && :
[374/376] : && /usr/lib/ccache/c++ -O3 -DNDEBUG -O3 -DNDEBUG -rdynamic test/api/capi/CMakeFiles/test_sql_capi.dir/ub_test_sql_capi.cpp.o test/api/udf_function/CMakeFiles/test_api_udf_function.dir/ub_test_api_udf_function.cpp.o test/api/CMakeFiles/test_api.dir/ub_test_api.cpp.o test/appender/CMakeFiles/test_appender.dir/ub_test_appender.cpp.o test/arrow_roundtrip/CMakeFiles/test_arrow_roundtrip.dir/ub_test_arrow_roundtrip.cpp.o test/common/CMakeFiles/test_common.dir/ub_test_common.cpp.o test/extension/CMakeFiles/test_extensions.dir/ub_test_extensions.cpp.o test/memoryleak/CMakeFiles/test_memory_leak.dir/ub_test_memory_leak.cpp.o test/sql/filter/CMakeFiles/test_filter.dir/ub_test_filter.cpp.o test/sql/function/table/CMakeFiles/test_table_function.dir/ub_test_table_function.cpp.o test/sql/index/CMakeFiles/test_index.dir/ub_test_index.cpp.o test/sql/parallelism/interquery/CMakeFiles/test_sql_interquery_parallelism.dir/ub_test_sql_interquery_parallelism.cpp.o test/sql/storage/catalog/CMakeFiles/test_sql_storage_catalog.dir/ub_test_sql_storage_catalog.cpp.o test/sql/storage/CMakeFiles/test_sql_storage.dir/ub_test_sql_storage.cpp.o test/sqlite/CMakeFiles/test_sqlite.dir/ub_test_sqlite.cpp.o test/ossfuzz/CMakeFiles/test_ossfuzz.dir/ub_test_ossfuzz.cpp.o test/mbedtls/CMakeFiles/test_mbedtls.dir/ub_test_mbedtls.cpp.o test/persistence/CMakeFiles/test_persistence.dir/ub_test_persistence.cpp.o test/CMakeFiles/unittest.dir/unittest.cpp.o -o test/unittest  -Wl,-rpath,/home/pei/Project/duckdb-polr/build/release/src  test/helpers/libtest_helpers.a  src/libduckdb.so  -ldl  third_party/fsst/libduckdb_fsst.a  third_party/fmt/libduckdb_fmt.a  third_party/libpg_query/libduckdb_pg_query.a  third_party/re2/libduckdb_re2.a  third_party/miniz/libduckdb_miniz.a  third_party/utf8proc/libduckdb_utf8proc.a  third_party/hyperloglog/libduckdb_hyperloglog.a  third_party/fastpforlib/libduckdb_fastpforlib.a  third_party/mbedtls/libduckdb_mbedtls.a  extension/jemalloc/libjemalloc_extension.a  extension/parquet/libparquet_extension.a && :
[375/376] : && /usr/lib/ccache/c++ -O3 -DNDEBUG -O3 -DNDEBUG -rdynamic extension/parquet/CMakeFiles/parquetcli.dir/parquetcli.cpp.o -o extension/parquet/parquetcli  extension/parquet/libparquet_extension.a  src/libduckdb_static.a  extension/parquet/libparquet_extension.a  -ldl  third_party/fsst/libduckdb_fsst.a  third_party/fmt/libduckdb_fmt.a  third_party/libpg_query/libduckdb_pg_query.a  third_party/re2/libduckdb_re2.a  third_party/miniz/libduckdb_miniz.a  third_party/utf8proc/libduckdb_utf8proc.a  third_party/hyperloglog/libduckdb_hyperloglog.a  third_party/fastpforlib/libduckdb_fastpforlib.a  third_party/mbedtls/libduckdb_mbedtls.a  extension/jemalloc/libjemalloc_extension.a && :
[376/376] : && /usr/lib/ccache/c++ -O3 -DNDEBUG -O3 -DNDEBUG -rdynamic tools/shell/CMakeFiles/shell.dir/shell.c.o tools/shell/CMakeFiles/shell.dir/linenoise.cpp.o -o duckdb  tools/sqlite3_api_wrapper/libsqlite3_api_wrapper_static.a  third_party/utf8proc/libduckdb_utf8proc.a  src/libduckdb_static.a  third_party/utf8proc/libduckdb_utf8proc.a  -ldl  third_party/fsst/libduckdb_fsst.a  third_party/fmt/libduckdb_fmt.a  third_party/libpg_query/libduckdb_pg_query.a  third_party/re2/libduckdb_re2.a  third_party/miniz/libduckdb_miniz.a  third_party/hyperloglog/libduckdb_hyperloglog.a  third_party/fastpforlib/libduckdb_fastpforlib.a  third_party/mbedtls/libduckdb_mbedtls.a  extension/jemalloc/libjemalloc_extension.a  extension/parquet/libparquet_extension.a && :
